[2025-04-25T12:39:16.518+0000][0.004s][info][gc] Using G1
[2025-04-25T12:39:16.521+0000][0.007s][info][gc,init] Version: 17.0.14+7-Debian-1deb12u1 (release)
[2025-04-25T12:39:16.522+0000][0.008s][info][gc,init] CPUs: 4 total, 4 available
[2025-04-25T12:39:16.522+0000][0.008s][info][gc,init] Memory: 7823M
[2025-04-25T12:39:16.522+0000][0.008s][info][gc,init] Large Page Support: Disabled
[2025-04-25T12:39:16.522+0000][0.008s][info][gc,init] NUMA Support: Disabled
[2025-04-25T12:39:16.522+0000][0.008s][info][gc,init] Compressed Oops: Enabled (32-bit)
[2025-04-25T12:39:16.522+0000][0.008s][info][gc,init] Heap Region Size: 1M
[2025-04-25T12:39:16.522+0000][0.008s][info][gc,init] Heap Min Capacity: 8M
[2025-04-25T12:39:16.522+0000][0.008s][info][gc,init] Heap Initial Capacity: 124M
[2025-04-25T12:39:16.522+0000][0.008s][info][gc,init] Heap Max Capacity: 1956M
[2025-04-25T12:39:16.522+0000][0.008s][info][gc,init] Pre-touch: Disabled
[2025-04-25T12:39:16.522+0000][0.008s][info][gc,init] Parallel Workers: 4
[2025-04-25T12:39:16.522+0000][0.008s][info][gc,init] Concurrent Workers: 1
[2025-04-25T12:39:16.522+0000][0.008s][info][gc,init] Concurrent Refinement Workers: 4
[2025-04-25T12:39:16.522+0000][0.008s][info][gc,init] Periodic GC: Disabled
[2025-04-25T12:39:16.537+0000][0.023s][info][gc,metaspace] CDS archive(s) mapped at: [0x000070b30b000000-0x000070b30bbc9000-0x000070b30bbc9000), size 12357632, SharedBaseAddress: 0x000070b30b000000, ArchiveRelocationMode: 1.
[2025-04-25T12:39:16.537+0000][0.023s][info][gc,metaspace] Compressed class space mapped at: 0x000070b30c000000-0x000070b34c000000, reserved size: 1073741824
[2025-04-25T12:39:16.537+0000][0.023s][info][gc,metaspace] Narrow klass base: 0x000070b30b000000, Narrow klass shift: 0, Narrow klass range: 0x100000000
[2025-04-25T12:39:16.543+0000][0.029s][info][cds,heap    ] initialize_from_archived_subgraph java.lang.Module$ArchivedData 0x000070b30b183798 (early)
[2025-04-25T12:39:16.544+0000][0.030s][info][cds,heap    ] initialize_from_archived_subgraph java.util.ImmutableCollections 0x000070b30b072308 (early)
[2025-04-25T12:39:16.552+0000][0.038s][info][cds,heap    ] initialize_from_archived_subgraph java.lang.Integer$IntegerCache 0x000070b30b037660 (early)
[2025-04-25T12:39:16.559+0000][0.045s][info][cds,heap    ] initialize_from_archived_subgraph java.lang.module.Configuration 0x000070b30b171718 (early)
[2025-04-25T12:39:16.559+0000][0.045s][info][cds,heap    ] initialize_from_archived_subgraph java.lang.ModuleLayer 0x000070b30b145b50 (early)
[2025-04-25T12:39:16.559+0000][0.045s][info][cds,heap    ] initialize_from_archived_subgraph jdk.internal.loader.ArchivedClassLoaders 0x000070b30b1a7e00 (early)
[2025-04-25T12:39:16.560+0000][0.045s][info][cds,heap    ] initialize_from_archived_subgraph jdk.internal.module.ArchivedBootLayer 0x000070b30b178358 (early)
[2025-04-25T12:39:16.567+0000][0.053s][info][cds,heap    ] initialize_from_archived_subgraph sun.util.locale.BaseLocale 0x000070b30b26eb88
[2025-04-25T12:39:16.589+0000][0.075s][info][cds,heap    ] initialize_from_archived_subgraph java.util.jar.Attributes$Name 0x000070b30b199878
[2025-04-25T12:39:16.639+0000][0.125s][info][cds,heap    ] initialize_from_archived_subgraph java.lang.Long$LongCache 0x000070b30b020f98
[2025-04-25T12:39:16.777+0000][0.263s][info][cds,heap    ] initialize_from_archived_subgraph java.lang.Character$CharacterCache 0x000070b30b03a9e8
[2025-04-25T12:39:17.531+0000][1.017s][debug][safepoint   ] Safepoint synchronization initiated using futex wait barrier. (13 threads)
[2025-04-25T12:39:17.532+0000][1.017s][info ][gc,start    ] GC(0) Pause Young (Normal) (G1 Evacuation Pause)
[2025-04-25T12:39:17.536+0000][1.022s][info ][gc,task     ] GC(0) Using 3 workers of 4 for evacuation
[2025-04-25T12:39:17.547+0000][1.033s][info ][gc,phases   ] GC(0)   Pre Evacuate Collection Set: 0.1ms
[2025-04-25T12:39:17.547+0000][1.033s][info ][gc,phases   ] GC(0)   Merge Heap Roots: 0.1ms
[2025-04-25T12:39:17.547+0000][1.033s][info ][gc,phases   ] GC(0)   Evacuate Collection Set: 10.0ms
[2025-04-25T12:39:17.547+0000][1.033s][info ][gc,phases   ] GC(0)   Post Evacuate Collection Set: 1.4ms
[2025-04-25T12:39:17.547+0000][1.033s][info ][gc,phases   ] GC(0)   Other: 4.3ms
[2025-04-25T12:39:17.547+0000][1.033s][info ][gc,heap     ] GC(0) Eden regions: 37->0(52)
[2025-04-25T12:39:17.547+0000][1.033s][info ][gc,heap     ] GC(0) Survivor regions: 0->5(5)
[2025-04-25T12:39:17.547+0000][1.033s][info ][gc,heap     ] GC(0) Old regions: 0->2
[2025-04-25T12:39:17.547+0000][1.033s][info ][gc,heap     ] GC(0) Archive regions: 2->2
[2025-04-25T12:39:17.547+0000][1.033s][info ][gc,heap     ] GC(0) Humongous regions: 0->0
[2025-04-25T12:39:17.548+0000][1.033s][info ][gc,metaspace] GC(0) Metaspace: 2031K(2240K)->2031K(2240K) NonClass: 1825K(1920K)->1825K(1920K) Class: 205K(320K)->205K(320K)
[2025-04-25T12:39:17.548+0000][1.033s][info ][gc          ] GC(0) Pause Young (Normal) (G1 Evacuation Pause) 37M->7M(126M) 16.018ms
[2025-04-25T12:39:17.548+0000][1.033s][info ][gc,cpu      ] GC(0) User=0.02s Sys=0.00s Real=0.02s
[2025-04-25T12:39:17.551+0000][1.036s][info ][safepoint   ] Safepoint "G1CollectForAllocation", Time since last: 989131712 ns, Reaching safepoint: 150183 ns, Cleanup: 102112 ns, At safepoint: 19067955 ns, Total: 19320250 ns
[2025-04-25T12:39:18.439+0000][1.925s][debug][safepoint   ] Safepoint synchronization initiated using futex wait barrier. (13 threads)
[2025-04-25T12:39:18.439+0000][1.925s][info ][gc,start    ] GC(1) Pause Young (Normal) (G1 Evacuation Pause)
[2025-04-25T12:39:18.439+0000][1.925s][info ][gc,task     ] GC(1) Using 3 workers of 4 for evacuation
[2025-04-25T12:39:18.453+0000][1.939s][info ][gc,phases   ] GC(1)   Pre Evacuate Collection Set: 0.8ms
[2025-04-25T12:39:18.453+0000][1.939s][info ][gc,phases   ] GC(1)   Merge Heap Roots: 0.1ms
[2025-04-25T12:39:18.453+0000][1.939s][info ][gc,phases   ] GC(1)   Evacuate Collection Set: 11.6ms
[2025-04-25T12:39:18.453+0000][1.939s][info ][gc,phases   ] GC(1)   Post Evacuate Collection Set: 0.9ms
[2025-04-25T12:39:18.453+0000][1.939s][info ][gc,phases   ] GC(1)   Other: 0.1ms
[2025-04-25T12:39:18.453+0000][1.939s][info ][gc,heap     ] GC(1) Eden regions: 52->0(70)
[2025-04-25T12:39:18.453+0000][1.939s][info ][gc,heap     ] GC(1) Survivor regions: 5->4(8)
[2025-04-25T12:39:18.453+0000][1.939s][info ][gc,heap     ] GC(1) Old regions: 2->7
[2025-04-25T12:39:18.453+0000][1.939s][info ][gc,heap     ] GC(1) Archive regions: 2->2
[2025-04-25T12:39:18.453+0000][1.939s][info ][gc,heap     ] GC(1) Humongous regions: 0->0
[2025-04-25T12:39:18.453+0000][1.939s][info ][gc,metaspace] GC(1) Metaspace: 4302K(4544K)->4302K(4544K) NonClass: 3838K(3968K)->3838K(3968K) Class: 463K(576K)->463K(576K)
[2025-04-25T12:39:18.453+0000][1.939s][info ][gc          ] GC(1) Pause Young (Normal) (G1 Evacuation Pause) 59M->10M(126M) 13.729ms
[2025-04-25T12:39:18.453+0000][1.939s][info ][gc,cpu      ] GC(1) User=0.03s Sys=0.01s Real=0.01s
[2025-04-25T12:39:18.453+0000][1.939s][info ][safepoint   ] Safepoint "G1CollectForAllocation", Time since last: 888625441 ns, Reaching safepoint: 48888 ns, Cleanup: 77914 ns, At safepoint: 13797447 ns, Total: 13924249 ns
[2025-04-25T12:39:19.479+0000][2.965s][debug][safepoint   ] Safepoint synchronization initiated using futex wait barrier. (14 threads)
[2025-04-25T12:39:19.480+0000][2.966s][info ][safepoint   ] Safepoint "Cleanup", Time since last: 1026398972 ns, Reaching safepoint: 423389 ns, Cleanup: 190442 ns, At safepoint: 5663 ns, Total: 619494 ns
[2025-04-25T12:39:19.620+0000][3.106s][debug][safepoint   ] Safepoint synchronization initiated using futex wait barrier. (14 threads)
[2025-04-25T12:39:19.621+0000][3.107s][info ][gc,start    ] GC(2) Pause Young (Normal) (G1 Evacuation Pause)
[2025-04-25T12:39:19.622+0000][3.108s][info ][gc,task     ] GC(2) Using 3 workers of 4 for evacuation
[2025-04-25T12:39:19.642+0000][3.128s][info ][gc,phases   ] GC(2)   Pre Evacuate Collection Set: 0.1ms
[2025-04-25T12:39:19.642+0000][3.128s][info ][gc,phases   ] GC(2)   Merge Heap Roots: 0.1ms
[2025-04-25T12:39:19.642+0000][3.128s][info ][gc,phases   ] GC(2)   Evacuate Collection Set: 17.8ms
[2025-04-25T12:39:19.642+0000][3.128s][info ][gc,phases   ] GC(2)   Post Evacuate Collection Set: 1.3ms
[2025-04-25T12:39:19.642+0000][3.128s][info ][gc,phases   ] GC(2)   Other: 1.7ms
[2025-04-25T12:39:19.642+0000][3.128s][info ][gc,heap     ] GC(2) Eden regions: 70->0(69)
[2025-04-25T12:39:19.642+0000][3.128s][info ][gc,heap     ] GC(2) Survivor regions: 4->5(10)
[2025-04-25T12:39:19.642+0000][3.128s][info ][gc,heap     ] GC(2) Old regions: 7->7
[2025-04-25T12:39:19.642+0000][3.128s][info ][gc,heap     ] GC(2) Archive regions: 2->2
[2025-04-25T12:39:19.642+0000][3.128s][info ][gc,heap     ] GC(2) Humongous regions: 0->0
[2025-04-25T12:39:19.642+0000][3.128s][info ][gc,metaspace] GC(2) Metaspace: 6571K(6912K)->6571K(6912K) NonClass: 5736K(5888K)->5736K(5888K) Class: 835K(1024K)->835K(1024K)
[2025-04-25T12:39:19.642+0000][3.128s][info ][gc          ] GC(2) Pause Young (Normal) (G1 Evacuation Pause) 80M->12M(126M) 21.194ms
[2025-04-25T12:39:19.642+0000][3.128s][info ][gc,cpu      ] GC(2) User=0.04s Sys=0.00s Real=0.02s
[2025-04-25T12:39:19.642+0000][3.128s][info ][safepoint   ] Safepoint "G1CollectForAllocation", Time since last: 140094935 ns, Reaching safepoint: 690606 ns, Cleanup: 25994 ns, At safepoint: 21252825 ns, Total: 21969425 ns
[2025-04-25T12:39:20.456+0000][3.942s][debug][safepoint   ] Safepoint synchronization initiated using futex wait barrier. (14 threads)
[2025-04-25T12:39:20.457+0000][3.942s][info ][gc,start    ] GC(3) Pause Young (Normal) (G1 Evacuation Pause)
[2025-04-25T12:39:20.457+0000][3.942s][info ][gc,task     ] GC(3) Using 3 workers of 4 for evacuation
[2025-04-25T12:39:20.466+0000][3.952s][info ][gc,phases   ] GC(3)   Pre Evacuate Collection Set: 0.1ms
[2025-04-25T12:39:20.466+0000][3.952s][info ][gc,phases   ] GC(3)   Merge Heap Roots: 0.0ms
[2025-04-25T12:39:20.466+0000][3.952s][info ][gc,phases   ] GC(3)   Evacuate Collection Set: 6.9ms
[2025-04-25T12:39:20.466+0000][3.952s][info ][gc,phases   ] GC(3)   Post Evacuate Collection Set: 2.2ms
[2025-04-25T12:39:20.466+0000][3.952s][info ][gc,phases   ] GC(3)   Other: 0.1ms
[2025-04-25T12:39:20.466+0000][3.952s][info ][gc,heap     ] GC(3) Eden regions: 69->0(68)
[2025-04-25T12:39:20.466+0000][3.952s][info ][gc,heap     ] GC(3) Survivor regions: 5->6(10)
[2025-04-25T12:39:20.466+0000][3.952s][info ][gc,heap     ] GC(3) Old regions: 7->7
[2025-04-25T12:39:20.466+0000][3.952s][info ][gc,heap     ] GC(3) Archive regions: 2->2
[2025-04-25T12:39:20.466+0000][3.952s][info ][gc,heap     ] GC(3) Humongous regions: 0->0
[2025-04-25T12:39:20.466+0000][3.952s][info ][gc,metaspace] GC(3) Metaspace: 10572K(10880K)->10572K(10880K) NonClass: 9188K(9344K)->9188K(9344K) Class: 1383K(1536K)->1383K(1536K)
[2025-04-25T12:39:20.466+0000][3.952s][info ][gc          ] GC(3) Pause Young (Normal) (G1 Evacuation Pause) 81M->13M(126M) 9.454ms
[2025-04-25T12:39:20.466+0000][3.952s][info ][gc,cpu      ] GC(3) User=0.02s Sys=0.01s Real=0.01s
[2025-04-25T12:39:20.466+0000][3.952s][info ][safepoint   ] Safepoint "G1CollectForAllocation", Time since last: 814209706 ns, Reaching safepoint: 55565 ns, Cleanup: 94528 ns, At safepoint: 9519250 ns, Total: 9669343 ns
[2025-04-25T12:39:21.036+0000][4.522s][debug][safepoint   ] Safepoint synchronization initiated using futex wait barrier. (14 threads)
[2025-04-25T12:39:21.036+0000][4.522s][info ][safepoint   ] Safepoint "ICBufferFull", Time since last: 569840499 ns, Reaching safepoint: 185074 ns, Cleanup: 114957 ns, At safepoint: 24243 ns, Total: 324274 ns
[2025-04-25T12:39:21.327+0000][4.813s][debug][safepoint   ] Safepoint synchronization initiated using futex wait barrier. (15 threads)
[2025-04-25T12:39:21.327+0000][4.813s][info ][gc,start    ] GC(4) Pause Young (Normal) (G1 Evacuation Pause)
[2025-04-25T12:39:21.327+0000][4.813s][info ][gc,task     ] GC(4) Using 4 workers of 4 for evacuation
[2025-04-25T12:39:21.355+0000][4.841s][info ][gc,phases   ] GC(4)   Pre Evacuate Collection Set: 3.1ms
[2025-04-25T12:39:21.355+0000][4.841s][info ][gc,phases   ] GC(4)   Merge Heap Roots: 0.1ms
[2025-04-25T12:39:21.355+0000][4.841s][info ][gc,phases   ] GC(4)   Evacuate Collection Set: 23.3ms
[2025-04-25T12:39:21.355+0000][4.841s][info ][gc,phases   ] GC(4)   Post Evacuate Collection Set: 1.6ms
[2025-04-25T12:39:21.355+0000][4.841s][info ][gc,phases   ] GC(4)   Other: 0.1ms
[2025-04-25T12:39:21.355+0000][4.841s][info ][gc,heap     ] GC(4) Eden regions: 68->0(86)
[2025-04-25T12:39:21.356+0000][4.841s][info ][gc,heap     ] GC(4) Survivor regions: 6->5(10)
[2025-04-25T12:39:21.356+0000][4.841s][info ][gc,heap     ] GC(4) Old regions: 7->10
[2025-04-25T12:39:21.356+0000][4.841s][info ][gc,heap     ] GC(4) Archive regions: 2->2
[2025-04-25T12:39:21.356+0000][4.841s][info ][gc,heap     ] GC(4) Humongous regions: 0->0
[2025-04-25T12:39:21.356+0000][4.841s][info ][gc,metaspace] GC(4) Metaspace: 12294K(12544K)->12294K(12544K) NonClass: 10693K(10816K)->10693K(10816K) Class: 1600K(1728K)->1600K(1728K)
[2025-04-25T12:39:21.356+0000][4.841s][info ][gc          ] GC(4) Pause Young (Normal) (G1 Evacuation Pause) 81M->15M(152M) 28.272ms
[2025-04-25T12:39:21.356+0000][4.841s][info ][gc,cpu      ] GC(4) User=0.05s Sys=0.00s Real=0.03s
[2025-04-25T12:39:21.356+0000][4.841s][info ][safepoint   ] Safepoint "G1CollectForAllocation", Time since last: 290872099 ns, Reaching safepoint: 127330 ns, Cleanup: 63982 ns, At safepoint: 28318681 ns, Total: 28509993 ns
[2025-04-25T12:39:21.985+0000][5.471s][debug][safepoint   ] Safepoint synchronization initiated using futex wait barrier. (15 threads)
[2025-04-25T12:39:21.986+0000][5.472s][info ][gc,start    ] GC(5) Pause Young (Normal) (G1 Evacuation Pause)
[2025-04-25T12:39:21.986+0000][5.472s][info ][gc,task     ] GC(5) Using 4 workers of 4 for evacuation
[2025-04-25T12:39:22.000+0000][5.486s][info ][gc,phases   ] GC(5)   Pre Evacuate Collection Set: 0.7ms
[2025-04-25T12:39:22.000+0000][5.486s][info ][gc,phases   ] GC(5)   Merge Heap Roots: 0.1ms
[2025-04-25T12:39:22.000+0000][5.486s][info ][gc,phases   ] GC(5)   Evacuate Collection Set: 10.5ms
[2025-04-25T12:39:22.000+0000][5.486s][info ][gc,phases   ] GC(5)   Post Evacuate Collection Set: 2.5ms
[2025-04-25T12:39:22.000+0000][5.486s][info ][gc,phases   ] GC(5)   Other: 0.1ms
[2025-04-25T12:39:22.000+0000][5.486s][info ][gc,heap     ] GC(5) Eden regions: 86->0(85)
[2025-04-25T12:39:22.000+0000][5.486s][info ][gc,heap     ] GC(5) Survivor regions: 5->6(12)
[2025-04-25T12:39:22.000+0000][5.486s][info ][gc,heap     ] GC(5) Old regions: 10->10
[2025-04-25T12:39:22.000+0000][5.486s][info ][gc,heap     ] GC(5) Archive regions: 2->2
[2025-04-25T12:39:22.000+0000][5.486s][info ][gc,heap     ] GC(5) Humongous regions: 0->0
[2025-04-25T12:39:22.000+0000][5.486s][info ][gc,metaspace] GC(5) Metaspace: 15395K(15744K)->15395K(15744K) NonClass: 13340K(13504K)->13340K(13504K) Class: 2055K(2240K)->2055K(2240K)
[2025-04-25T12:39:22.000+0000][5.486s][info ][gc          ] GC(5) Pause Young (Normal) (G1 Evacuation Pause) 101M->16M(152M) 14.110ms
[2025-04-25T12:39:22.000+0000][5.486s][info ][gc,cpu      ] GC(5) User=0.02s Sys=0.00s Real=0.01s
[2025-04-25T12:39:22.000+0000][5.486s][info ][safepoint   ] Safepoint "G1CollectForAllocation", Time since last: 629502115 ns, Reaching safepoint: 549997 ns, Cleanup: 76522 ns, At safepoint: 14170906 ns, Total: 14797425 ns
[2025-04-25T12:39:22.079+0000][5.564s][info ][cds,heap    ] initialize_from_archived_subgraph java.lang.Byte$ByteCache 0x000070b30b03abf8
[2025-04-25T12:39:22.079+0000][5.565s][info ][cds,heap    ] initialize_from_archived_subgraph java.lang.Short$ShortCache 0x000070b30b0412e8
[2025-04-25T12:39:22.451+0000][5.937s][debug][safepoint   ] Safepoint synchronization initiated using futex wait barrier. (15 threads)
[2025-04-25T12:39:22.453+0000][5.939s][info ][gc,start    ] GC(6) Pause Young (Normal) (G1 Evacuation Pause)
[2025-04-25T12:39:22.453+0000][5.939s][info ][gc,task     ] GC(6) Using 4 workers of 4 for evacuation
[2025-04-25T12:39:22.468+0000][5.954s][info ][gc,phases   ] GC(6)   Pre Evacuate Collection Set: 0.2ms
[2025-04-25T12:39:22.468+0000][5.954s][info ][gc,phases   ] GC(6)   Merge Heap Roots: 0.6ms
[2025-04-25T12:39:22.468+0000][5.954s][info ][gc,phases   ] GC(6)   Evacuate Collection Set: 12.2ms
[2025-04-25T12:39:22.468+0000][5.954s][info ][gc,phases   ] GC(6)   Post Evacuate Collection Set: 1.7ms
[2025-04-25T12:39:22.468+0000][5.954s][info ][gc,phases   ] GC(6)   Other: 0.2ms
[2025-04-25T12:39:22.468+0000][5.954s][info ][gc,heap     ] GC(6) Eden regions: 85->0(82)
[2025-04-25T12:39:22.468+0000][5.954s][info ][gc,heap     ] GC(6) Survivor regions: 6->9(12)
[2025-04-25T12:39:22.468+0000][5.954s][info ][gc,heap     ] GC(6) Old regions: 10->10
[2025-04-25T12:39:22.468+0000][5.954s][info ][gc,heap     ] GC(6) Archive regions: 2->2
[2025-04-25T12:39:22.468+0000][5.954s][info ][gc,heap     ] GC(6) Humongous regions: 0->0
[2025-04-25T12:39:22.468+0000][5.954s][info ][gc,metaspace] GC(6) Metaspace: 17209K(17536K)->17209K(17536K) NonClass: 14862K(15040K)->14862K(15040K) Class: 2346K(2496K)->2346K(2496K)
[2025-04-25T12:39:22.468+0000][5.954s][info ][gc          ] GC(6) Pause Young (Normal) (G1 Evacuation Pause) 101M->19M(152M) 14.998ms
[2025-04-25T12:39:22.468+0000][5.954s][info ][gc,cpu      ] GC(6) User=0.03s Sys=0.00s Real=0.02s
[2025-04-25T12:39:22.468+0000][5.954s][info ][safepoint   ] Safepoint "G1CollectForAllocation", Time since last: 451094657 ns, Reaching safepoint: 2156539 ns, Cleanup: 44740 ns, At safepoint: 15098251 ns, Total: 17299530 ns
[2025-04-25T12:39:23.227+0000][6.713s][debug][safepoint   ] Safepoint synchronization initiated using futex wait barrier. (15 threads)
[2025-04-25T12:39:23.227+0000][6.713s][info ][gc,start    ] GC(7) Pause Young (Concurrent Start) (Metadata GC Threshold)
[2025-04-25T12:39:23.227+0000][6.713s][info ][gc,task     ] GC(7) Using 4 workers of 4 for evacuation
[2025-04-25T12:39:23.250+0000][6.736s][info ][gc,phases   ] GC(7)   Pre Evacuate Collection Set: 0.2ms
[2025-04-25T12:39:23.250+0000][6.736s][info ][gc,phases   ] GC(7)   Merge Heap Roots: 0.1ms
[2025-04-25T12:39:23.250+0000][6.736s][info ][gc,phases   ] GC(7)   Evacuate Collection Set: 20.6ms
[2025-04-25T12:39:23.250+0000][6.736s][info ][gc,phases   ] GC(7)   Post Evacuate Collection Set: 1.8ms
[2025-04-25T12:39:23.250+0000][6.736s][info ][gc,phases   ] GC(7)   Other: 0.4ms
[2025-04-25T12:39:23.250+0000][6.736s][info ][gc,heap     ] GC(7) Eden regions: 67->0(84)
[2025-04-25T12:39:23.250+0000][6.736s][info ][gc,heap     ] GC(7) Survivor regions: 9->7(12)
[2025-04-25T12:39:23.250+0000][6.736s][info ][gc,heap     ] GC(7) Old regions: 10->14
[2025-04-25T12:39:23.250+0000][6.736s][info ][gc,heap     ] GC(7) Archive regions: 2->2
[2025-04-25T12:39:23.250+0000][6.736s][info ][gc,heap     ] GC(7) Humongous regions: 0->0
[2025-04-25T12:39:23.250+0000][6.736s][info ][gc,metaspace] GC(7) Metaspace: 21156K(21504K)->21156K(21504K) NonClass: 18388K(18560K)->18388K(18560K) Class: 2767K(2944K)->2767K(2944K)
[2025-04-25T12:39:23.250+0000][6.736s][info ][gc          ] GC(7) Pause Young (Concurrent Start) (Metadata GC Threshold) 86M->21M(152M) 23.115ms
[2025-04-25T12:39:23.250+0000][6.736s][info ][gc,cpu      ] GC(7) User=0.06s Sys=0.00s Real=0.02s
[2025-04-25T12:39:23.251+0000][6.737s][info ][safepoint   ] Safepoint "CollectForMetadataAllocation", Time since last: 758523732 ns, Reaching safepoint: 266880 ns, Cleanup: 81833 ns, At safepoint: 23527421 ns, Total: 23876134 ns
[2025-04-25T12:39:23.253+0000][6.739s][debug][safepoint   ] Safepoint synchronization initiated using futex wait barrier. (15 threads)
[2025-04-25T12:39:23.256+0000][6.742s][info ][gc          ] GC(8) Concurrent Mark Cycle
[2025-04-25T12:39:23.256+0000][6.742s][info ][gc,marking  ] GC(8) Concurrent Clear Claimed Marks
[2025-04-25T12:39:23.256+0000][6.742s][info ][gc,marking  ] GC(8) Concurrent Clear Claimed Marks 0.030ms
[2025-04-25T12:39:23.256+0000][6.742s][info ][gc,marking  ] GC(8) Concurrent Scan Root Regions
[2025-04-25T12:39:23.259+0000][6.745s][info ][safepoint   ] Safepoint "CollectForMetadataAllocation", Time since last: 2028608 ns, Reaching safepoint: 4799626 ns, Cleanup: 4709 ns, At safepoint: 1756871 ns, Total: 6561206 ns
[2025-04-25T12:39:23.291+0000][6.777s][info ][gc,marking  ] GC(8) Concurrent Scan Root Regions 34.887ms
[2025-04-25T12:39:23.292+0000][6.778s][info ][gc,marking  ] GC(8) Concurrent Mark
[2025-04-25T12:39:23.292+0000][6.778s][info ][gc,marking  ] GC(8) Concurrent Mark From Roots
[2025-04-25T12:39:23.292+0000][6.778s][info ][gc,task     ] GC(8) Using 1 workers of 1 for marking
[2025-04-25T12:39:23.333+0000][6.819s][debug][safepoint   ] Safepoint synchronization initiated using futex wait barrier. (15 threads)
[2025-04-25T12:39:23.334+0000][6.820s][info ][safepoint   ] Safepoint "CollectForMetadataAllocation", Time since last: 74150259 ns, Reaching safepoint: 173366 ns, Cleanup: 22821 ns, At safepoint: 54940 ns, Total: 251127 ns
[2025-04-25T12:39:23.336+0000][6.822s][debug][safepoint   ] Safepoint synchronization initiated using futex wait barrier. (15 threads)
[2025-04-25T12:39:23.337+0000][6.823s][info ][safepoint   ] Safepoint "CollectForMetadataAllocation", Time since last: 2697061 ns, Reaching safepoint: 445832 ns, Cleanup: 4106 ns, At safepoint: 14844 ns, Total: 464782 ns
[2025-04-25T12:39:23.342+0000][6.828s][info ][gc,marking  ] GC(8) Concurrent Mark From Roots 50.487ms
[2025-04-25T12:39:23.342+0000][6.828s][info ][gc,marking  ] GC(8) Concurrent Preclean
[2025-04-25T12:39:23.343+0000][6.829s][info ][gc,marking  ] GC(8) Concurrent Preclean 0.250ms
[2025-04-25T12:39:23.343+0000][6.829s][debug][safepoint   ] Safepoint synchronization initiated using futex wait barrier. (15 threads)
[2025-04-25T12:39:23.343+0000][6.829s][info ][gc,start    ] GC(8) Pause Remark
[2025-04-25T12:39:23.350+0000][6.836s][info ][gc          ] GC(8) Pause Remark 26M->26M(97M) 7.267ms
[2025-04-25T12:39:23.350+0000][6.836s][info ][gc,cpu      ] GC(8) User=0.01s Sys=0.00s Real=0.01s
[2025-04-25T12:39:23.353+0000][6.839s][info ][safepoint   ] Safepoint "G1PauseRemark", Time since last: 5832857 ns, Reaching safepoint: 151494 ns, Cleanup: 3261 ns, At safepoint: 10515100 ns, Total: 10669855 ns
[2025-04-25T12:39:23.359+0000][6.845s][info ][gc,marking  ] GC(8) Concurrent Mark 67.658ms
[2025-04-25T12:39:23.359+0000][6.845s][info ][gc,marking  ] GC(8) Concurrent Rebuild Remembered Sets
[2025-04-25T12:39:23.389+0000][6.875s][info ][gc,marking  ] GC(8) Concurrent Rebuild Remembered Sets 30.059ms
[2025-04-25T12:39:23.390+0000][6.876s][debug][safepoint   ] Safepoint synchronization initiated using futex wait barrier. (15 threads)
[2025-04-25T12:39:23.390+0000][6.876s][info ][gc,start    ] GC(8) Pause Cleanup
[2025-04-25T12:39:23.390+0000][6.876s][info ][gc          ] GC(8) Pause Cleanup 29M->29M(97M) 0.097ms
[2025-04-25T12:39:23.390+0000][6.876s][info ][gc,cpu      ] GC(8) User=0.00s Sys=0.00s Real=0.00s
[2025-04-25T12:39:23.390+0000][6.876s][info ][safepoint   ] Safepoint "G1PauseCleanup", Time since last: 36378827 ns, Reaching safepoint: 114102 ns, Cleanup: 20727 ns, At safepoint: 145463 ns, Total: 280292 ns
[2025-04-25T12:39:23.390+0000][6.876s][info ][gc,marking  ] GC(8) Concurrent Cleanup for Next Mark
[2025-04-25T12:39:23.397+0000][6.883s][info ][gc,marking  ] GC(8) Concurrent Cleanup for Next Mark 6.692ms
[2025-04-25T12:39:23.397+0000][6.883s][info ][gc          ] GC(8) Concurrent Mark Cycle 140.640ms
[2025-04-25T12:39:23.773+0000][7.259s][debug][safepoint   ] Safepoint synchronization initiated using futex wait barrier. (15 threads)
[2025-04-25T12:39:23.773+0000][7.259s][info ][gc,start    ] GC(9) Pause Young (Concurrent Start) (G1 Evacuation Pause)
[2025-04-25T12:39:23.774+0000][7.260s][info ][gc,task     ] GC(9) Using 4 workers of 4 for evacuation
[2025-04-25T12:39:23.797+0000][7.283s][info ][gc,phases   ] GC(9)   Pre Evacuate Collection Set: 0.1ms
[2025-04-25T12:39:23.797+0000][7.283s][info ][gc,phases   ] GC(9)   Merge Heap Roots: 0.1ms
[2025-04-25T12:39:23.797+0000][7.283s][info ][gc,phases   ] GC(9)   Evacuate Collection Set: 21.9ms
[2025-04-25T12:39:23.797+0000][7.283s][info ][gc,phases   ] GC(9)   Post Evacuate Collection Set: 1.4ms
[2025-04-25T12:39:23.797+0000][7.283s][info ][gc,phases   ] GC(9)   Other: 0.4ms
[2025-04-25T12:39:23.798+0000][7.283s][info ][gc,heap     ] GC(9) Eden regions: 51->0(52)
[2025-04-25T12:39:23.798+0000][7.283s][info ][gc,heap     ] GC(9) Survivor regions: 7->5(8)
[2025-04-25T12:39:23.798+0000][7.283s][info ][gc,heap     ] GC(9) Old regions: 14->19
[2025-04-25T12:39:23.798+0000][7.283s][info ][gc,heap     ] GC(9) Archive regions: 2->2
[2025-04-25T12:39:23.798+0000][7.283s][info ][gc,heap     ] GC(9) Humongous regions: 0->0
[2025-04-25T12:39:23.798+0000][7.284s][info ][gc,metaspace] GC(9) Metaspace: 23095K(23424K)->23095K(23424K) NonClass: 20056K(20224K)->20056K(20224K) Class: 3038K(3200K)->3038K(3200K)
[2025-04-25T12:39:23.798+0000][7.284s][info ][gc          ] GC(9) Pause Young (Concurrent Start) (G1 Evacuation Pause) 72M->23M(97M) 24.165ms
[2025-04-25T12:39:23.798+0000][7.284s][info ][gc,cpu      ] GC(9) User=0.04s Sys=0.01s Real=0.03s
[2025-04-25T12:39:23.798+0000][7.284s][info ][safepoint   ] Safepoint "G1CollectForAllocation", Time since last: 383148930 ns, Reaching safepoint: 200403 ns, Cleanup: 95731 ns, At safepoint: 24249177 ns, Total: 24545311 ns
[2025-04-25T12:39:23.798+0000][7.284s][info ][gc          ] GC(10) Concurrent Mark Cycle
[2025-04-25T12:39:23.798+0000][7.284s][info ][gc,marking  ] GC(10) Concurrent Clear Claimed Marks
[2025-04-25T12:39:23.798+0000][7.284s][info ][gc,marking  ] GC(10) Concurrent Clear Claimed Marks 0.030ms
[2025-04-25T12:39:23.798+0000][7.284s][info ][gc,marking  ] GC(10) Concurrent Scan Root Regions
[2025-04-25T12:39:23.820+0000][7.306s][info ][gc,marking  ] GC(10) Concurrent Scan Root Regions 21.964ms
[2025-04-25T12:39:23.820+0000][7.306s][info ][gc,marking  ] GC(10) Concurrent Mark
[2025-04-25T12:39:23.820+0000][7.306s][info ][gc,marking  ] GC(10) Concurrent Mark From Roots
[2025-04-25T12:39:23.820+0000][7.306s][info ][gc,task     ] GC(10) Using 1 workers of 1 for marking
[2025-04-25T12:39:23.933+0000][7.419s][info ][gc,marking  ] GC(10) Concurrent Mark From Roots 112.748ms
[2025-04-25T12:39:23.933+0000][7.419s][info ][gc,marking  ] GC(10) Concurrent Preclean
[2025-04-25T12:39:23.933+0000][7.419s][info ][gc,marking  ] GC(10) Concurrent Preclean 0.324ms
[2025-04-25T12:39:23.935+0000][7.421s][debug][safepoint   ] Safepoint synchronization initiated using futex wait barrier. (15 threads)
[2025-04-25T12:39:23.935+0000][7.421s][info ][gc,start    ] GC(10) Pause Remark
[2025-04-25T12:39:23.946+0000][7.432s][info ][gc          ] GC(10) Pause Remark 39M->39M(97M) 10.900ms
[2025-04-25T12:39:23.946+0000][7.432s][info ][gc,cpu      ] GC(10) User=0.03s Sys=0.00s Real=0.01s
[2025-04-25T12:39:23.948+0000][7.434s][info ][safepoint   ] Safepoint "G1PauseRemark", Time since last: 137664806 ns, Reaching safepoint: 116815 ns, Cleanup: 19128 ns, At safepoint: 12124657 ns, Total: 12260600 ns
[2025-04-25T12:39:23.948+0000][7.434s][info ][gc,marking  ] GC(10) Concurrent Mark 127.508ms
[2025-04-25T12:39:23.948+0000][7.434s][info ][gc,marking  ] GC(10) Concurrent Rebuild Remembered Sets
[2025-04-25T12:39:24.009+0000][7.495s][info ][gc,marking  ] GC(10) Concurrent Rebuild Remembered Sets 61.179ms
[2025-04-25T12:39:24.009+0000][7.495s][debug][safepoint   ] Safepoint synchronization initiated using futex wait barrier. (15 threads)
[2025-04-25T12:39:24.012+0000][7.498s][info ][gc,start    ] GC(10) Pause Cleanup
[2025-04-25T12:39:24.012+0000][7.498s][info ][gc          ] GC(10) Pause Cleanup 45M->45M(97M) 0.148ms
[2025-04-25T12:39:24.012+0000][7.498s][info ][gc,cpu      ] GC(10) User=0.00s Sys=0.00s Real=0.00s
[2025-04-25T12:39:24.012+0000][7.498s][info ][safepoint   ] Safepoint "G1PauseCleanup", Time since last: 61360505 ns, Reaching safepoint: 3284093 ns, Cleanup: 23760 ns, At safepoint: 198677 ns, Total: 3506530 ns
[2025-04-25T12:39:24.012+0000][7.498s][info ][gc,marking  ] GC(10) Concurrent Cleanup for Next Mark
[2025-04-25T12:39:24.016+0000][7.502s][info ][gc,marking  ] GC(10) Concurrent Cleanup for Next Mark 3.947ms
[2025-04-25T12:39:24.017+0000][7.503s][info ][gc          ] GC(10) Concurrent Mark Cycle 219.517ms
[2025-04-25T12:39:24.288+0000][7.774s][debug][safepoint   ] Safepoint synchronization initiated using futex wait barrier. (15 threads)
[2025-04-25T12:39:24.290+0000][7.776s][info ][gc,start    ] GC(11) Pause Young (Normal) (G1 Evacuation Pause)
[2025-04-25T12:39:24.290+0000][7.776s][info ][gc,task     ] GC(11) Using 4 workers of 4 for evacuation
[2025-04-25T12:39:24.340+0000][7.826s][info ][gc,phases   ] GC(11)   Pre Evacuate Collection Set: 5.1ms
[2025-04-25T12:39:24.341+0000][7.826s][info ][gc,phases   ] GC(11)   Merge Heap Roots: 0.3ms
[2025-04-25T12:39:24.341+0000][7.826s][info ][gc,phases   ] GC(11)   Evacuate Collection Set: 41.7ms
[2025-04-25T12:39:24.341+0000][7.826s][info ][gc,phases   ] GC(11)   Post Evacuate Collection Set: 3.1ms
[2025-04-25T12:39:24.341+0000][7.826s][info ][gc,phases   ] GC(11)   Other: 0.2ms
[2025-04-25T12:39:24.341+0000][7.826s][info ][gc,heap     ] GC(11) Eden regions: 52->0(48)
[2025-04-25T12:39:24.341+0000][7.827s][info ][gc,heap     ] GC(11) Survivor regions: 5->7(8)
[2025-04-25T12:39:24.341+0000][7.827s][info ][gc,heap     ] GC(11) Old regions: 19->21
[2025-04-25T12:39:24.341+0000][7.827s][info ][gc,heap     ] GC(11) Archive regions: 2->2
[2025-04-25T12:39:24.341+0000][7.827s][info ][gc,heap     ] GC(11) Humongous regions: 0->0
[2025-04-25T12:39:24.341+0000][7.827s][info ][gc,metaspace] GC(11) Metaspace: 24354K(24704K)->24354K(24704K) NonClass: 21166K(21312K)->21166K(21312K) Class: 3188K(3392K)->3188K(3392K)
[2025-04-25T12:39:24.341+0000][7.827s][info ][gc          ] GC(11) Pause Young (Normal) (G1 Evacuation Pause) 75M->27M(97M) 50.450ms
[2025-04-25T12:39:24.341+0000][7.827s][info ][gc,cpu      ] GC(11) User=0.06s Sys=0.01s Real=0.05s
[2025-04-25T12:39:24.341+0000][7.827s][info ][safepoint   ] Safepoint "G1CollectForAllocation", Time since last: 275472319 ns, Reaching safepoint: 2176401 ns, Cleanup: 39505 ns, At safepoint: 50518539 ns, Total: 52734445 ns
[2025-04-25T12:39:24.588+0000][8.074s][debug][safepoint   ] Safepoint synchronization initiated using futex wait barrier. (14 threads)
[2025-04-25T12:39:24.588+0000][8.074s][info ][gc,start    ] GC(12) Pause Young (Normal) (G1 Evacuation Pause)
[2025-04-25T12:39:24.588+0000][8.074s][info ][gc,task     ] GC(12) Using 3 workers of 4 for evacuation
[2025-04-25T12:39:24.639+0000][8.125s][info ][gc,phases   ] GC(12)   Pre Evacuate Collection Set: 0.1ms
[2025-04-25T12:39:24.639+0000][8.125s][info ][gc,phases   ] GC(12)   Merge Heap Roots: 0.4ms
[2025-04-25T12:39:24.639+0000][8.125s][info ][gc,phases   ] GC(12)   Evacuate Collection Set: 48.1ms
[2025-04-25T12:39:24.639+0000][8.125s][info ][gc,phases   ] GC(12)   Post Evacuate Collection Set: 2.0ms
[2025-04-25T12:39:24.639+0000][8.125s][info ][gc,phases   ] GC(12)   Other: 0.1ms
[2025-04-25T12:39:24.639+0000][8.125s][info ][gc,heap     ] GC(12) Eden regions: 48->0(88)
[2025-04-25T12:39:24.639+0000][8.125s][info ][gc,heap     ] GC(12) Survivor regions: 7->7(7)
[2025-04-25T12:39:24.639+0000][8.125s][info ][gc,heap     ] GC(12) Old regions: 21->27
[2025-04-25T12:39:24.639+0000][8.125s][info ][gc,heap     ] GC(12) Archive regions: 2->2
[2025-04-25T12:39:24.639+0000][8.125s][info ][gc,heap     ] GC(12) Humongous regions: 0->0
[2025-04-25T12:39:24.639+0000][8.125s][info ][gc,metaspace] GC(12) Metaspace: 24394K(24768K)->24394K(24768K) NonClass: 21196K(21376K)->21196K(21376K) Class: 3198K(3392K)->3198K(3392K)
[2025-04-25T12:39:24.639+0000][8.125s][info ][gc          ] GC(12) Pause Young (Normal) (G1 Evacuation Pause) 75M->33M(160M) 50.799ms
[2025-04-25T12:39:24.639+0000][8.125s][info ][gc,cpu      ] GC(12) User=0.08s Sys=0.00s Real=0.05s
[2025-04-25T12:39:24.639+0000][8.125s][info ][safepoint   ] Safepoint "G1CollectForAllocation", Time since last: 247659528 ns, Reaching safepoint: 93239 ns, Cleanup: 15398 ns, At safepoint: 50880588 ns, Total: 50989225 ns
[2025-04-25T12:39:25.315+0000][8.801s][debug][safepoint   ] Safepoint synchronization initiated using futex wait barrier. (14 threads)
[2025-04-25T12:39:25.315+0000][8.801s][info ][gc,start    ] GC(13) Pause Young (Normal) (G1 Evacuation Pause)
[2025-04-25T12:39:25.315+0000][8.801s][info ][gc,task     ] GC(13) Using 3 workers of 4 for evacuation
[2025-04-25T12:39:25.351+0000][8.837s][info ][gc,phases   ] GC(13)   Pre Evacuate Collection Set: 6.1ms
[2025-04-25T12:39:25.351+0000][8.837s][info ][gc,phases   ] GC(13)   Merge Heap Roots: 0.2ms
[2025-04-25T12:39:25.351+0000][8.837s][info ][gc,phases   ] GC(13)   Evacuate Collection Set: 25.8ms
[2025-04-25T12:39:25.351+0000][8.837s][info ][gc,phases   ] GC(13)   Post Evacuate Collection Set: 3.6ms
[2025-04-25T12:39:25.351+0000][8.837s][info ][gc,phases   ] GC(13)   Other: 0.1ms
[2025-04-25T12:39:25.351+0000][8.837s][info ][gc,heap     ] GC(13) Eden regions: 88->0(80)
[2025-04-25T12:39:25.351+0000][8.837s][info ][gc,heap     ] GC(13) Survivor regions: 7->12(12)
[2025-04-25T12:39:25.351+0000][8.837s][info ][gc,heap     ] GC(13) Old regions: 27->30
[2025-04-25T12:39:25.351+0000][8.837s][info ][gc,heap     ] GC(13) Archive regions: 2->2
[2025-04-25T12:39:25.351+0000][8.837s][info ][gc,heap     ] GC(13) Humongous regions: 0->0
[2025-04-25T12:39:25.351+0000][8.837s][info ][gc,metaspace] GC(13) Metaspace: 24617K(24960K)->24617K(24960K) NonClass: 21388K(21568K)->21388K(21568K) Class: 3229K(3392K)->3229K(3392K)
[2025-04-25T12:39:25.351+0000][8.837s][info ][gc          ] GC(13) Pause Young (Normal) (G1 Evacuation Pause) 121M->42M(160M) 35.958ms
[2025-04-25T12:39:25.351+0000][8.837s][info ][gc,cpu      ] GC(13) User=0.05s Sys=0.01s Real=0.04s
[2025-04-25T12:39:25.353+0000][8.839s][info ][safepoint   ] Safepoint "G1CollectForAllocation", Time since last: 675381714 ns, Reaching safepoint: 51727 ns, Cleanup: 64235 ns, At safepoint: 38516668 ns, Total: 38632630 ns
[2025-04-25T12:39:26.270+0000][9.756s][debug][safepoint   ] Safepoint synchronization initiated using futex wait barrier. (14 threads)
[2025-04-25T12:39:26.270+0000][9.756s][info ][gc,start    ] GC(14) Pause Young (Normal) (G1 Evacuation Pause)
[2025-04-25T12:39:26.270+0000][9.756s][info ][gc,task     ] GC(14) Using 3 workers of 4 for evacuation
[2025-04-25T12:39:26.312+0000][9.798s][info ][gc,phases   ] GC(14)   Pre Evacuate Collection Set: 0.2ms
[2025-04-25T12:39:26.312+0000][9.798s][info ][gc,phases   ] GC(14)   Merge Heap Roots: 0.2ms
[2025-04-25T12:39:26.312+0000][9.798s][info ][gc,phases   ] GC(14)   Evacuate Collection Set: 30.2ms
[2025-04-25T12:39:26.312+0000][9.798s][info ][gc,phases   ] GC(14)   Post Evacuate Collection Set: 10.9ms
[2025-04-25T12:39:26.312+0000][9.798s][info ][gc,phases   ] GC(14)   Other: 0.2ms
[2025-04-25T12:39:26.312+0000][9.798s][info ][gc,heap     ] GC(14) Eden regions: 80->0(75)
[2025-04-25T12:39:26.312+0000][9.798s][info ][gc,heap     ] GC(14) Survivor regions: 12->7(12)
[2025-04-25T12:39:26.312+0000][9.798s][info ][gc,heap     ] GC(14) Old regions: 30->42
[2025-04-25T12:39:26.312+0000][9.798s][info ][gc,heap     ] GC(14) Archive regions: 2->2
[2025-04-25T12:39:26.312+0000][9.798s][info ][gc,heap     ] GC(14) Humongous regions: 0->0
[2025-04-25T12:39:26.312+0000][9.798s][info ][gc,metaspace] GC(14) Metaspace: 25016K(25408K)->25016K(25408K) NonClass: 21750K(21952K)->21750K(21952K) Class: 3266K(3456K)->3266K(3456K)
[2025-04-25T12:39:26.312+0000][9.798s][info ][gc          ] GC(14) Pause Young (Normal) (G1 Evacuation Pause) 122M->49M(160M) 41.981ms
[2025-04-25T12:39:26.312+0000][9.798s][info ][gc,cpu      ] GC(14) User=0.09s Sys=0.00s Real=0.04s
[2025-04-25T12:39:26.313+0000][9.799s][info ][safepoint   ] Safepoint "G1CollectForAllocation", Time since last: 916440398 ns, Reaching safepoint: 165317 ns, Cleanup: 136737 ns, At safepoint: 42930213 ns, Total: 43232267 ns
