[2025-04-25T12:39:28.629+0000][0.004s][info][gc] Using G1
[2025-04-25T12:39:28.637+0000][0.012s][info][gc,init] Version: 17.0.14+7-Debian-1deb12u1 (release)
[2025-04-25T12:39:28.637+0000][0.012s][info][gc,init] CPUs: 4 total, 4 available
[2025-04-25T12:39:28.637+0000][0.012s][info][gc,init] Memory: 7823M
[2025-04-25T12:39:28.637+0000][0.012s][info][gc,init] Large Page Support: Disabled
[2025-04-25T12:39:28.637+0000][0.012s][info][gc,init] NUMA Support: Disabled
[2025-04-25T12:39:28.637+0000][0.012s][info][gc,init] Compressed Oops: Enabled (32-bit)
[2025-04-25T12:39:28.637+0000][0.012s][info][gc,init] Heap Region Size: 1M
[2025-04-25T12:39:28.637+0000][0.012s][info][gc,init] Heap Min Capacity: 8M
[2025-04-25T12:39:28.637+0000][0.012s][info][gc,init] Heap Initial Capacity: 124M
[2025-04-25T12:39:28.637+0000][0.012s][info][gc,init] Heap Max Capacity: 1956M
[2025-04-25T12:39:28.637+0000][0.012s][info][gc,init] Pre-touch: Disabled
[2025-04-25T12:39:28.637+0000][0.012s][info][gc,init] Parallel Workers: 4
[2025-04-25T12:39:28.637+0000][0.012s][info][gc,init] Concurrent Workers: 1
[2025-04-25T12:39:28.637+0000][0.012s][info][gc,init] Concurrent Refinement Workers: 4
[2025-04-25T12:39:28.637+0000][0.012s][info][gc,init] Periodic GC: Disabled
[2025-04-25T12:39:28.646+0000][0.021s][info][gc,metaspace] CDS archive(s) mapped at: [0x0000702423000000-0x0000702423bc9000-0x0000702423bc9000), size 12357632, SharedBaseAddress: 0x0000702423000000, ArchiveRelocationMode: 1.
[2025-04-25T12:39:28.646+0000][0.021s][info][gc,metaspace] Compressed class space mapped at: 0x0000702424000000-0x0000702464000000, reserved size: 1073741824
[2025-04-25T12:39:28.646+0000][0.021s][info][gc,metaspace] Narrow klass base: 0x0000702423000000, Narrow klass shift: 0, Narrow klass range: 0x100000000
[2025-04-25T12:39:28.651+0000][0.026s][info][cds,heap    ] initialize_from_archived_subgraph java.lang.Module$ArchivedData 0x0000702423183798 (early)
[2025-04-25T12:39:28.651+0000][0.026s][info][cds,heap    ] initialize_from_archived_subgraph java.util.ImmutableCollections 0x0000702423072308 (early)
[2025-04-25T12:39:28.653+0000][0.028s][info][cds,heap    ] initialize_from_archived_subgraph java.lang.Integer$IntegerCache 0x0000702423037660 (early)
[2025-04-25T12:39:28.656+0000][0.031s][info][cds,heap    ] initialize_from_archived_subgraph java.lang.module.Configuration 0x0000702423171718 (early)
[2025-04-25T12:39:28.656+0000][0.031s][info][cds,heap    ] initialize_from_archived_subgraph java.lang.ModuleLayer 0x0000702423145b50 (early)
[2025-04-25T12:39:28.657+0000][0.032s][info][cds,heap    ] initialize_from_archived_subgraph jdk.internal.loader.ArchivedClassLoaders 0x00007024231a7e00 (early)
[2025-04-25T12:39:28.657+0000][0.032s][info][cds,heap    ] initialize_from_archived_subgraph jdk.internal.module.ArchivedBootLayer 0x0000702423178358 (early)
[2025-04-25T12:39:28.658+0000][0.033s][info][cds,heap    ] initialize_from_archived_subgraph sun.util.locale.BaseLocale 0x000070242326eb88
[2025-04-25T12:39:28.667+0000][0.042s][info][cds,heap    ] initialize_from_archived_subgraph java.util.jar.Attributes$Name 0x0000702423199878
[2025-04-25T12:39:28.695+0000][0.070s][info][cds,heap    ] initialize_from_archived_subgraph java.lang.Long$LongCache 0x0000702423020f98
[2025-04-25T12:39:28.783+0000][0.158s][info][cds,heap    ] initialize_from_archived_subgraph java.lang.Character$CharacterCache 0x000070242303a9e8
[2025-04-25T12:39:29.161+0000][0.536s][debug][safepoint   ] Safepoint synchronization initiated using futex wait barrier. (13 threads)
[2025-04-25T12:39:29.162+0000][0.537s][info ][gc,start    ] GC(0) Pause Young (Normal) (G1 Evacuation Pause)
[2025-04-25T12:39:29.162+0000][0.537s][info ][gc,task     ] GC(0) Using 3 workers of 4 for evacuation
[2025-04-25T12:39:29.174+0000][0.549s][info ][gc,phases   ] GC(0)   Pre Evacuate Collection Set: 0.1ms
[2025-04-25T12:39:29.174+0000][0.549s][info ][gc,phases   ] GC(0)   Merge Heap Roots: 0.1ms
[2025-04-25T12:39:29.174+0000][0.549s][info ][gc,phases   ] GC(0)   Evacuate Collection Set: 10.6ms
[2025-04-25T12:39:29.174+0000][0.549s][info ][gc,phases   ] GC(0)   Post Evacuate Collection Set: 0.9ms
[2025-04-25T12:39:29.174+0000][0.549s][info ][gc,phases   ] GC(0)   Other: 0.6ms
[2025-04-25T12:39:29.174+0000][0.549s][info ][gc,heap     ] GC(0) Eden regions: 37->0(52)
[2025-04-25T12:39:29.174+0000][0.550s][info ][gc,heap     ] GC(0) Survivor regions: 0->5(5)
[2025-04-25T12:39:29.175+0000][0.550s][info ][gc,heap     ] GC(0) Old regions: 0->2
[2025-04-25T12:39:29.175+0000][0.550s][info ][gc,heap     ] GC(0) Archive regions: 2->2
[2025-04-25T12:39:29.175+0000][0.550s][info ][gc,heap     ] GC(0) Humongous regions: 0->0
[2025-04-25T12:39:29.175+0000][0.550s][info ][gc,metaspace] GC(0) Metaspace: 2035K(2240K)->2035K(2240K) NonClass: 1829K(1920K)->1829K(1920K) Class: 205K(320K)->205K(320K)
[2025-04-25T12:39:29.175+0000][0.550s][info ][gc          ] GC(0) Pause Young (Normal) (G1 Evacuation Pause) 37M->7M(126M) 13.258ms
[2025-04-25T12:39:29.175+0000][0.550s][info ][gc,cpu      ] GC(0) User=0.02s Sys=0.01s Real=0.01s
[2025-04-25T12:39:29.175+0000][0.550s][info ][safepoint   ] Safepoint "G1CollectForAllocation", Time since last: 510851065 ns, Reaching safepoint: 129511 ns, Cleanup: 85620 ns, At safepoint: 13489267 ns, Total: 13704398 ns
[2025-04-25T12:39:29.740+0000][1.116s][debug][safepoint   ] Safepoint synchronization initiated using futex wait barrier. (13 threads)
[2025-04-25T12:39:29.741+0000][1.116s][info ][gc,start    ] GC(1) Pause Young (Normal) (G1 Evacuation Pause)
[2025-04-25T12:39:29.741+0000][1.116s][info ][gc,task     ] GC(1) Using 3 workers of 4 for evacuation
[2025-04-25T12:39:29.749+0000][1.124s][info ][gc,phases   ] GC(1)   Pre Evacuate Collection Set: 0.1ms
[2025-04-25T12:39:29.749+0000][1.124s][info ][gc,phases   ] GC(1)   Merge Heap Roots: 0.0ms
[2025-04-25T12:39:29.749+0000][1.124s][info ][gc,phases   ] GC(1)   Evacuate Collection Set: 7.6ms
[2025-04-25T12:39:29.749+0000][1.124s][info ][gc,phases   ] GC(1)   Post Evacuate Collection Set: 0.8ms
[2025-04-25T12:39:29.749+0000][1.124s][info ][gc,phases   ] GC(1)   Other: 0.1ms
[2025-04-25T12:39:29.749+0000][1.124s][info ][gc,heap     ] GC(1) Eden regions: 52->0(70)
[2025-04-25T12:39:29.749+0000][1.124s][info ][gc,heap     ] GC(1) Survivor regions: 5->4(8)
[2025-04-25T12:39:29.749+0000][1.124s][info ][gc,heap     ] GC(1) Old regions: 2->7
[2025-04-25T12:39:29.749+0000][1.124s][info ][gc,heap     ] GC(1) Archive regions: 2->2
[2025-04-25T12:39:29.749+0000][1.124s][info ][gc,heap     ] GC(1) Humongous regions: 0->0
[2025-04-25T12:39:29.749+0000][1.124s][info ][gc,metaspace] GC(1) Metaspace: 4326K(4544K)->4326K(4544K) NonClass: 3861K(3968K)->3861K(3968K) Class: 464K(576K)->464K(576K)
[2025-04-25T12:39:29.749+0000][1.124s][info ][gc          ] GC(1) Pause Young (Normal) (G1 Evacuation Pause) 59M->10M(126M) 8.743ms
[2025-04-25T12:39:29.749+0000][1.124s][info ][gc,cpu      ] GC(1) User=0.02s Sys=0.00s Real=0.01s
[2025-04-25T12:39:29.749+0000][1.124s][info ][safepoint   ] Safepoint "G1CollectForAllocation", Time since last: 565422328 ns, Reaching safepoint: 48738 ns, Cleanup: 79399 ns, At safepoint: 8803419 ns, Total: 8931556 ns
[2025-04-25T12:39:30.468+0000][1.843s][debug][safepoint   ] Safepoint synchronization initiated using futex wait barrier. (14 threads)
[2025-04-25T12:39:30.468+0000][1.843s][info ][gc,start    ] GC(2) Pause Young (Normal) (G1 Evacuation Pause)
[2025-04-25T12:39:30.468+0000][1.843s][info ][gc,task     ] GC(2) Using 3 workers of 4 for evacuation
[2025-04-25T12:39:30.474+0000][1.849s][info ][gc,phases   ] GC(2)   Pre Evacuate Collection Set: 0.1ms
[2025-04-25T12:39:30.474+0000][1.849s][info ][gc,phases   ] GC(2)   Merge Heap Roots: 0.0ms
[2025-04-25T12:39:30.474+0000][1.849s][info ][gc,phases   ] GC(2)   Evacuate Collection Set: 5.5ms
[2025-04-25T12:39:30.474+0000][1.850s][info ][gc,phases   ] GC(2)   Post Evacuate Collection Set: 0.6ms
[2025-04-25T12:39:30.474+0000][1.850s][info ][gc,phases   ] GC(2)   Other: 0.1ms
[2025-04-25T12:39:30.474+0000][1.850s][info ][gc,heap     ] GC(2) Eden regions: 70->0(69)
[2025-04-25T12:39:30.474+0000][1.850s][info ][gc,heap     ] GC(2) Survivor regions: 4->5(10)
[2025-04-25T12:39:30.474+0000][1.850s][info ][gc,heap     ] GC(2) Old regions: 7->7
[2025-04-25T12:39:30.474+0000][1.850s][info ][gc,heap     ] GC(2) Archive regions: 2->2
[2025-04-25T12:39:30.474+0000][1.850s][info ][gc,heap     ] GC(2) Humongous regions: 0->0
[2025-04-25T12:39:30.474+0000][1.850s][info ][gc,metaspace] GC(2) Metaspace: 6582K(6912K)->6582K(6912K) NonClass: 5747K(5888K)->5747K(5888K) Class: 834K(1024K)->834K(1024K)
[2025-04-25T12:39:30.475+0000][1.850s][info ][gc          ] GC(2) Pause Young (Normal) (G1 Evacuation Pause) 80M->12M(126M) 6.510ms
[2025-04-25T12:39:30.475+0000][1.850s][info ][gc,cpu      ] GC(2) User=0.02s Sys=0.00s Real=0.00s
[2025-04-25T12:39:30.475+0000][1.850s][info ][safepoint   ] Safepoint "G1CollectForAllocation", Time since last: 718427314 ns, Reaching safepoint: 63686 ns, Cleanup: 136910 ns, At safepoint: 6571751 ns, Total: 6772347 ns
[2025-04-25T12:39:31.110+0000][2.485s][debug][safepoint   ] Safepoint synchronization initiated using futex wait barrier. (14 threads)
[2025-04-25T12:39:31.110+0000][2.485s][info ][gc,start    ] GC(3) Pause Young (Normal) (G1 Evacuation Pause)
[2025-04-25T12:39:31.110+0000][2.485s][info ][gc,task     ] GC(3) Using 3 workers of 4 for evacuation
[2025-04-25T12:39:31.116+0000][2.491s][info ][gc,phases   ] GC(3)   Pre Evacuate Collection Set: 0.1ms
[2025-04-25T12:39:31.116+0000][2.491s][info ][gc,phases   ] GC(3)   Merge Heap Roots: 0.1ms
[2025-04-25T12:39:31.116+0000][2.491s][info ][gc,phases   ] GC(3)   Evacuate Collection Set: 5.1ms
[2025-04-25T12:39:31.116+0000][2.491s][info ][gc,phases   ] GC(3)   Post Evacuate Collection Set: 0.8ms
[2025-04-25T12:39:31.116+0000][2.491s][info ][gc,phases   ] GC(3)   Other: 0.1ms
[2025-04-25T12:39:31.116+0000][2.491s][info ][gc,heap     ] GC(3) Eden regions: 69->0(68)
[2025-04-25T12:39:31.116+0000][2.491s][info ][gc,heap     ] GC(3) Survivor regions: 5->6(10)
[2025-04-25T12:39:31.116+0000][2.491s][info ][gc,heap     ] GC(3) Old regions: 7->7
[2025-04-25T12:39:31.116+0000][2.491s][info ][gc,heap     ] GC(3) Archive regions: 2->2
[2025-04-25T12:39:31.116+0000][2.491s][info ][gc,heap     ] GC(3) Humongous regions: 0->0
[2025-04-25T12:39:31.116+0000][2.491s][info ][gc,metaspace] GC(3) Metaspace: 10589K(10944K)->10589K(10944K) NonClass: 9205K(9408K)->9205K(9408K) Class: 1383K(1536K)->1383K(1536K)
[2025-04-25T12:39:31.116+0000][2.491s][info ][gc          ] GC(3) Pause Young (Normal) (G1 Evacuation Pause) 81M->13M(126M) 6.333ms
[2025-04-25T12:39:31.116+0000][2.491s][info ][gc,cpu      ] GC(3) User=0.02s Sys=0.00s Real=0.01s
[2025-04-25T12:39:31.116+0000][2.491s][info ][safepoint   ] Safepoint "G1CollectForAllocation", Time since last: 635135285 ns, Reaching safepoint: 121748 ns, Cleanup: 101761 ns, At safepoint: 6416658 ns, Total: 6640167 ns
[2025-04-25T12:39:31.547+0000][2.922s][debug][safepoint   ] Safepoint synchronization initiated using futex wait barrier. (14 threads)
[2025-04-25T12:39:31.547+0000][2.922s][info ][safepoint   ] Safepoint "ICBufferFull", Time since last: 430521106 ns, Reaching safepoint: 51567 ns, Cleanup: 96631 ns, At safepoint: 7730 ns, Total: 155928 ns
[2025-04-25T12:39:31.697+0000][3.072s][debug][safepoint   ] Safepoint synchronization initiated using futex wait barrier. (15 threads)
[2025-04-25T12:39:31.697+0000][3.072s][info ][gc,start    ] GC(4) Pause Young (Normal) (G1 Evacuation Pause)
[2025-04-25T12:39:31.697+0000][3.072s][info ][gc,task     ] GC(4) Using 4 workers of 4 for evacuation
[2025-04-25T12:39:31.705+0000][3.080s][info ][gc,phases   ] GC(4)   Pre Evacuate Collection Set: 0.2ms
[2025-04-25T12:39:31.705+0000][3.080s][info ][gc,phases   ] GC(4)   Merge Heap Roots: 0.1ms
[2025-04-25T12:39:31.705+0000][3.080s][info ][gc,phases   ] GC(4)   Evacuate Collection Set: 6.5ms
[2025-04-25T12:39:31.705+0000][3.080s][info ][gc,phases   ] GC(4)   Post Evacuate Collection Set: 0.7ms
[2025-04-25T12:39:31.705+0000][3.080s][info ][gc,phases   ] GC(4)   Other: 0.1ms
[2025-04-25T12:39:31.705+0000][3.080s][info ][gc,heap     ] GC(4) Eden regions: 68->0(68)
[2025-04-25T12:39:31.705+0000][3.080s][info ][gc,heap     ] GC(4) Survivor regions: 6->6(10)
[2025-04-25T12:39:31.705+0000][3.080s][info ][gc,heap     ] GC(4) Old regions: 7->10
[2025-04-25T12:39:31.705+0000][3.080s][info ][gc,heap     ] GC(4) Archive regions: 2->2
[2025-04-25T12:39:31.705+0000][3.080s][info ][gc,heap     ] GC(4) Humongous regions: 0->0
[2025-04-25T12:39:31.705+0000][3.080s][info ][gc,metaspace] GC(4) Metaspace: 12319K(12608K)->12319K(12608K) NonClass: 10718K(10880K)->10718K(10880K) Class: 1600K(1728K)->1600K(1728K)
[2025-04-25T12:39:31.705+0000][3.080s][info ][gc          ] GC(4) Pause Young (Normal) (G1 Evacuation Pause) 81M->15M(126M) 7.658ms
[2025-04-25T12:39:31.705+0000][3.080s][info ][gc,cpu      ] GC(4) User=0.03s Sys=0.00s Real=0.00s
[2025-04-25T12:39:31.705+0000][3.080s][info ][safepoint   ] Safepoint "G1CollectForAllocation", Time since last: 149857252 ns, Reaching safepoint: 130405 ns, Cleanup: 101842 ns, At safepoint: 7717860 ns, Total: 7950107 ns
[2025-04-25T12:39:32.057+0000][3.432s][debug][safepoint   ] Safepoint synchronization initiated using futex wait barrier. (15 threads)
[2025-04-25T12:39:32.058+0000][3.433s][info ][gc,start    ] GC(5) Pause Young (Normal) (G1 Evacuation Pause)
[2025-04-25T12:39:32.058+0000][3.433s][info ][gc,task     ] GC(5) Using 4 workers of 4 for evacuation
[2025-04-25T12:39:32.067+0000][3.442s][info ][gc,phases   ] GC(5)   Pre Evacuate Collection Set: 0.1ms
[2025-04-25T12:39:32.067+0000][3.442s][info ][gc,phases   ] GC(5)   Merge Heap Roots: 0.1ms
[2025-04-25T12:39:32.067+0000][3.442s][info ][gc,phases   ] GC(5)   Evacuate Collection Set: 8.7ms
[2025-04-25T12:39:32.067+0000][3.442s][info ][gc,phases   ] GC(5)   Post Evacuate Collection Set: 0.8ms
[2025-04-25T12:39:32.067+0000][3.442s][info ][gc,phases   ] GC(5)   Other: 0.1ms
[2025-04-25T12:39:32.067+0000][3.442s][info ][gc,heap     ] GC(5) Eden regions: 68->0(68)
[2025-04-25T12:39:32.067+0000][3.442s][info ][gc,heap     ] GC(5) Survivor regions: 6->6(10)
[2025-04-25T12:39:32.067+0000][3.442s][info ][gc,heap     ] GC(5) Old regions: 10->10
[2025-04-25T12:39:32.067+0000][3.442s][info ][gc,heap     ] GC(5) Archive regions: 2->2
[2025-04-25T12:39:32.067+0000][3.442s][info ][gc,heap     ] GC(5) Humongous regions: 0->0
[2025-04-25T12:39:32.067+0000][3.442s][info ][gc,metaspace] GC(5) Metaspace: 14834K(15168K)->14834K(15168K) NonClass: 12894K(13056K)->12894K(13056K) Class: 1940K(2112K)->1940K(2112K)
[2025-04-25T12:39:32.067+0000][3.442s][info ][gc          ] GC(5) Pause Young (Normal) (G1 Evacuation Pause) 83M->15M(126M) 9.867ms
[2025-04-25T12:39:32.067+0000][3.442s][info ][gc,cpu      ] GC(5) User=0.02s Sys=0.00s Real=0.01s
[2025-04-25T12:39:32.067+0000][3.443s][info ][safepoint   ] Safepoint "G1CollectForAllocation", Time since last: 352452586 ns, Reaching safepoint: 138902 ns, Cleanup: 93614 ns, At safepoint: 9922367 ns, Total: 10154883 ns
[2025-04-25T12:39:32.219+0000][3.594s][info ][cds,heap    ] initialize_from_archived_subgraph java.lang.Byte$ByteCache 0x000070242303abf8
[2025-04-25T12:39:32.219+0000][3.594s][info ][cds,heap    ] initialize_from_archived_subgraph java.lang.Short$ShortCache 0x00007024230412e8
[2025-04-25T12:39:32.334+0000][3.709s][debug][safepoint   ] Safepoint synchronization initiated using futex wait barrier. (15 threads)
[2025-04-25T12:39:32.334+0000][3.710s][info ][gc,start    ] GC(6) Pause Young (Normal) (G1 Evacuation Pause)
[2025-04-25T12:39:32.334+0000][3.710s][info ][gc,task     ] GC(6) Using 4 workers of 4 for evacuation
[2025-04-25T12:39:32.341+0000][3.716s][info ][gc,phases   ] GC(6)   Pre Evacuate Collection Set: 0.1ms
[2025-04-25T12:39:32.341+0000][3.716s][info ][gc,phases   ] GC(6)   Merge Heap Roots: 0.0ms
[2025-04-25T12:39:32.341+0000][3.716s][info ][gc,phases   ] GC(6)   Evacuate Collection Set: 5.5ms
[2025-04-25T12:39:32.341+0000][3.716s][info ][gc,phases   ] GC(6)   Post Evacuate Collection Set: 1.1ms
[2025-04-25T12:39:32.341+0000][3.716s][info ][gc,phases   ] GC(6)   Other: 0.1ms
[2025-04-25T12:39:32.341+0000][3.716s][info ][gc,heap     ] GC(6) Eden regions: 68->0(85)
[2025-04-25T12:39:32.341+0000][3.716s][info ][gc,heap     ] GC(6) Survivor regions: 6->6(10)
[2025-04-25T12:39:32.341+0000][3.716s][info ][gc,heap     ] GC(6) Old regions: 10->11
[2025-04-25T12:39:32.341+0000][3.716s][info ][gc,heap     ] GC(6) Archive regions: 2->2
[2025-04-25T12:39:32.341+0000][3.716s][info ][gc,heap     ] GC(6) Humongous regions: 0->0
[2025-04-25T12:39:32.341+0000][3.716s][info ][gc,metaspace] GC(6) Metaspace: 16800K(17088K)->16800K(17088K) NonClass: 14501K(14656K)->14501K(14656K) Class: 2299K(2432K)->2299K(2432K)
[2025-04-25T12:39:32.341+0000][3.716s][info ][gc          ] GC(6) Pause Young (Normal) (G1 Evacuation Pause) 83M->16M(152M) 6.981ms
[2025-04-25T12:39:32.341+0000][3.717s][info ][gc,cpu      ] GC(6) User=0.02s Sys=0.01s Real=0.01s
[2025-04-25T12:39:32.341+0000][3.717s][info ][safepoint   ] Safepoint "G1CollectForAllocation", Time since last: 266635702 ns, Reaching safepoint: 257376 ns, Cleanup: 90678 ns, At safepoint: 7096250 ns, Total: 7444304 ns
[2025-04-25T12:39:32.789+0000][4.164s][debug][safepoint   ] Safepoint synchronization initiated using futex wait barrier. (15 threads)
[2025-04-25T12:39:32.789+0000][4.164s][info ][gc,start    ] GC(7) Pause Young (Normal) (G1 Evacuation Pause)
[2025-04-25T12:39:32.789+0000][4.164s][info ][gc,task     ] GC(7) Using 4 workers of 4 for evacuation
[2025-04-25T12:39:32.800+0000][4.175s][info ][gc,phases   ] GC(7)   Pre Evacuate Collection Set: 0.1ms
[2025-04-25T12:39:32.800+0000][4.175s][info ][gc,phases   ] GC(7)   Merge Heap Roots: 0.1ms
[2025-04-25T12:39:32.800+0000][4.175s][info ][gc,phases   ] GC(7)   Evacuate Collection Set: 9.1ms
[2025-04-25T12:39:32.800+0000][4.175s][info ][gc,phases   ] GC(7)   Post Evacuate Collection Set: 1.2ms
[2025-04-25T12:39:32.800+0000][4.175s][info ][gc,phases   ] GC(7)   Other: 0.1ms
[2025-04-25T12:39:32.800+0000][4.175s][info ][gc,heap     ] GC(7) Eden regions: 85->0(82)
[2025-04-25T12:39:32.800+0000][4.175s][info ][gc,heap     ] GC(7) Survivor regions: 6->9(12)
[2025-04-25T12:39:32.800+0000][4.175s][info ][gc,heap     ] GC(7) Old regions: 11->11
[2025-04-25T12:39:32.800+0000][4.175s][info ][gc,heap     ] GC(7) Archive regions: 2->2
[2025-04-25T12:39:32.800+0000][4.175s][info ][gc,heap     ] GC(7) Humongous regions: 0->0
[2025-04-25T12:39:32.800+0000][4.175s][info ][gc,metaspace] GC(7) Metaspace: 20550K(20928K)->20550K(20928K) NonClass: 17880K(18048K)->17880K(18048K) Class: 2670K(2880K)->2670K(2880K)
[2025-04-25T12:39:32.800+0000][4.175s][info ][gc          ] GC(7) Pause Young (Normal) (G1 Evacuation Pause) 101M->20M(152M) 10.714ms
[2025-04-25T12:39:32.800+0000][4.175s][info ][gc,cpu      ] GC(7) User=0.03s Sys=0.00s Real=0.01s
[2025-04-25T12:39:32.800+0000][4.175s][info ][safepoint   ] Safepoint "G1CollectForAllocation", Time since last: 447389538 ns, Reaching safepoint: 136540 ns, Cleanup: 42734 ns, At safepoint: 10762321 ns, Total: 10941595 ns
[2025-04-25T12:39:32.903+0000][4.278s][debug][safepoint   ] Safepoint synchronization initiated using futex wait barrier. (15 threads)
[2025-04-25T12:39:32.903+0000][4.279s][info ][gc,start    ] GC(8) Pause Young (Concurrent Start) (Metadata GC Threshold)
[2025-04-25T12:39:32.903+0000][4.279s][info ][gc,task     ] GC(8) Using 4 workers of 4 for evacuation
[2025-04-25T12:39:32.911+0000][4.286s][info ][gc,phases   ] GC(8)   Pre Evacuate Collection Set: 0.1ms
[2025-04-25T12:39:32.911+0000][4.286s][info ][gc,phases   ] GC(8)   Merge Heap Roots: 0.1ms
[2025-04-25T12:39:32.911+0000][4.286s][info ][gc,phases   ] GC(8)   Evacuate Collection Set: 6.9ms
[2025-04-25T12:39:32.911+0000][4.287s][info ][gc,phases   ] GC(8)   Post Evacuate Collection Set: 0.7ms
[2025-04-25T12:39:32.911+0000][4.287s][info ][gc,phases   ] GC(8)   Other: 0.2ms
[2025-04-25T12:39:32.911+0000][4.287s][info ][gc,heap     ] GC(8) Eden regions: 16->0(85)
[2025-04-25T12:39:32.911+0000][4.287s][info ][gc,heap     ] GC(8) Survivor regions: 9->6(12)
[2025-04-25T12:39:32.911+0000][4.287s][info ][gc,heap     ] GC(8) Old regions: 11->14
[2025-04-25T12:39:32.911+0000][4.287s][info ][gc,heap     ] GC(8) Archive regions: 2->2
[2025-04-25T12:39:32.911+0000][4.287s][info ][gc,heap     ] GC(8) Humongous regions: 0->0
[2025-04-25T12:39:32.911+0000][4.287s][info ][gc,metaspace] GC(8) Metaspace: 21197K(21504K)->21197K(21504K) NonClass: 18438K(18560K)->18438K(18560K) Class: 2759K(2944K)->2759K(2944K)
[2025-04-25T12:39:32.912+0000][4.287s][info ][gc          ] GC(8) Pause Young (Concurrent Start) (Metadata GC Threshold) 35M->20M(152M) 8.060ms
[2025-04-25T12:39:32.912+0000][4.287s][info ][gc,cpu      ] GC(8) User=0.03s Sys=0.00s Real=0.01s
[2025-04-25T12:39:32.912+0000][4.287s][info ][gc          ] GC(9) Concurrent Mark Cycle
[2025-04-25T12:39:32.912+0000][4.287s][info ][gc,marking  ] GC(9) Concurrent Clear Claimed Marks
[2025-04-25T12:39:32.912+0000][4.287s][info ][gc,marking  ] GC(9) Concurrent Clear Claimed Marks 0.059ms
[2025-04-25T12:39:32.912+0000][4.287s][info ][gc,marking  ] GC(9) Concurrent Scan Root Regions
[2025-04-25T12:39:32.912+0000][4.287s][info ][safepoint   ] Safepoint "CollectForMetadataAllocation", Time since last: 103415893 ns, Reaching safepoint: 148879 ns, Cleanup: 39967 ns, At safepoint: 8147894 ns, Total: 8336740 ns
[2025-04-25T12:39:32.927+0000][4.302s][info ][gc,marking  ] GC(9) Concurrent Scan Root Regions 15.669ms
[2025-04-25T12:39:32.927+0000][4.302s][info ][gc,marking  ] GC(9) Concurrent Mark
[2025-04-25T12:39:32.927+0000][4.302s][info ][gc,marking  ] GC(9) Concurrent Mark From Roots
[2025-04-25T12:39:32.927+0000][4.302s][info ][gc,task     ] GC(9) Using 1 workers of 1 for marking
[2025-04-25T12:39:32.942+0000][4.317s][debug][safepoint   ] Safepoint synchronization initiated using futex wait barrier. (15 threads)
[2025-04-25T12:39:32.942+0000][4.317s][info ][safepoint   ] Safepoint "CollectForMetadataAllocation", Time since last: 30215134 ns, Reaching safepoint: 212896 ns, Cleanup: 10325 ns, At safepoint: 38647 ns, Total: 261868 ns
[2025-04-25T12:39:32.945+0000][4.320s][debug][safepoint   ] Safepoint synchronization initiated using futex wait barrier. (15 threads)
[2025-04-25T12:39:32.948+0000][4.323s][info ][safepoint   ] Safepoint "CollectForMetadataAllocation", Time since last: 3266294 ns, Reaching safepoint: 150294 ns, Cleanup: 7879 ns, At safepoint: 2809711 ns, Total: 2967884 ns
[2025-04-25T12:39:32.955+0000][4.330s][info ][gc,marking  ] GC(9) Concurrent Mark From Roots 27.126ms
[2025-04-25T12:39:32.955+0000][4.330s][info ][gc,marking  ] GC(9) Concurrent Preclean
[2025-04-25T12:39:32.955+0000][4.330s][info ][gc,marking  ] GC(9) Concurrent Preclean 0.316ms
[2025-04-25T12:39:32.955+0000][4.330s][debug][safepoint   ] Safepoint synchronization initiated using futex wait barrier. (15 threads)
[2025-04-25T12:39:32.955+0000][4.330s][debug][safepoint   ] ... found polling page loop exception at pc = 0x000070248d01f9fc, stub =0x000070248c98e400
[2025-04-25T12:39:32.955+0000][4.330s][info ][gc,start    ] GC(9) Pause Remark
[2025-04-25T12:39:32.959+0000][4.334s][info ][gc          ] GC(9) Pause Remark 26M->26M(94M) 3.479ms
[2025-04-25T12:39:32.959+0000][4.334s][info ][gc,cpu      ] GC(9) User=0.01s Sys=0.00s Real=0.01s
[2025-04-25T12:39:32.959+0000][4.334s][info ][safepoint   ] Safepoint "G1PauseRemark", Time since last: 6659866 ns, Reaching safepoint: 286560 ns, Cleanup: 4252 ns, At safepoint: 3571407 ns, Total: 3862219 ns
[2025-04-25T12:39:32.959+0000][4.334s][info ][gc,marking  ] GC(9) Concurrent Mark 31.779ms
[2025-04-25T12:39:32.959+0000][4.334s][info ][gc,marking  ] GC(9) Concurrent Rebuild Remembered Sets
[2025-04-25T12:39:32.959+0000][4.334s][info ][gc,marking  ] GC(9) Concurrent Rebuild Remembered Sets 0.008ms
[2025-04-25T12:39:32.959+0000][4.334s][debug][safepoint   ] Safepoint synchronization initiated using futex wait barrier. (15 threads)
[2025-04-25T12:39:32.959+0000][4.335s][info ][gc,start    ] GC(9) Pause Cleanup
[2025-04-25T12:39:32.960+0000][4.335s][info ][gc          ] GC(9) Pause Cleanup 26M->26M(94M) 0.020ms
[2025-04-25T12:39:32.960+0000][4.335s][info ][gc,cpu      ] GC(9) User=0.01s Sys=0.00s Real=0.00s
[2025-04-25T12:39:32.960+0000][4.335s][info ][safepoint   ] Safepoint "G1PauseCleanup", Time since last: 390556 ns, Reaching safepoint: 274295 ns, Cleanup: 2553 ns, At safepoint: 54018 ns, Total: 330866 ns
[2025-04-25T12:39:32.961+0000][4.336s][info ][gc,marking  ] GC(9) Concurrent Cleanup for Next Mark
[2025-04-25T12:39:32.970+0000][4.345s][info ][gc,marking  ] GC(9) Concurrent Cleanup for Next Mark 9.630ms
[2025-04-25T12:39:32.970+0000][4.346s][info ][gc          ] GC(9) Concurrent Mark Cycle 58.903ms
[2025-04-25T12:39:33.237+0000][4.612s][debug][safepoint   ] Safepoint synchronization initiated using futex wait barrier. (15 threads)
[2025-04-25T12:39:33.237+0000][4.612s][info ][gc,start    ] GC(10) Pause Young (Concurrent Start) (G1 Evacuation Pause)
[2025-04-25T12:39:33.237+0000][4.612s][info ][gc,task     ] GC(10) Using 4 workers of 4 for evacuation
[2025-04-25T12:39:33.248+0000][4.623s][info ][gc,phases   ] GC(10)   Pre Evacuate Collection Set: 0.1ms
[2025-04-25T12:39:33.248+0000][4.623s][info ][gc,phases   ] GC(10)   Merge Heap Roots: 0.1ms
[2025-04-25T12:39:33.248+0000][4.623s][info ][gc,phases   ] GC(10)   Evacuate Collection Set: 9.6ms
[2025-04-25T12:39:33.248+0000][4.623s][info ][gc,phases   ] GC(10)   Post Evacuate Collection Set: 1.0ms
[2025-04-25T12:39:33.248+0000][4.623s][info ][gc,phases   ] GC(10)   Other: 0.2ms
[2025-04-25T12:39:33.248+0000][4.623s][info ][gc,heap     ] GC(10) Eden regions: 50->0(52)
[2025-04-25T12:39:33.248+0000][4.623s][info ][gc,heap     ] GC(10) Survivor regions: 6->4(7)
[2025-04-25T12:39:33.248+0000][4.623s][info ][gc,heap     ] GC(10) Old regions: 14->19
[2025-04-25T12:39:33.248+0000][4.623s][info ][gc,heap     ] GC(10) Archive regions: 2->2
[2025-04-25T12:39:33.248+0000][4.623s][info ][gc,heap     ] GC(10) Humongous regions: 0->0
[2025-04-25T12:39:33.248+0000][4.623s][info ][gc,metaspace] GC(10) Metaspace: 23013K(23360K)->23013K(23360K) NonClass: 19980K(20160K)->19980K(20160K) Class: 3033K(3200K)->3033K(3200K)
[2025-04-25T12:39:33.248+0000][4.623s][info ][gc          ] GC(10) Pause Young (Concurrent Start) (G1 Evacuation Pause) 70M->22M(94M) 11.127ms
[2025-04-25T12:39:33.248+0000][4.624s][info ][gc,cpu      ] GC(10) User=0.04s Sys=0.01s Real=0.01s
[2025-04-25T12:39:33.248+0000][4.624s][info ][gc          ] GC(11) Concurrent Mark Cycle
[2025-04-25T12:39:33.248+0000][4.624s][info ][gc,marking  ] GC(11) Concurrent Clear Claimed Marks
[2025-04-25T12:39:33.248+0000][4.624s][info ][gc,marking  ] GC(11) Concurrent Clear Claimed Marks 0.028ms
[2025-04-25T12:39:33.248+0000][4.624s][info ][gc,marking  ] GC(11) Concurrent Scan Root Regions
[2025-04-25T12:39:33.248+0000][4.624s][info ][safepoint   ] Safepoint "G1CollectForAllocation", Time since last: 277354093 ns, Reaching safepoint: 289451 ns, Cleanup: 71294 ns, At safepoint: 11193494 ns, Total: 11554239 ns
[2025-04-25T12:39:33.258+0000][4.633s][info ][gc,marking  ] GC(11) Concurrent Scan Root Regions 9.644ms
[2025-04-25T12:39:33.258+0000][4.633s][info ][gc,marking  ] GC(11) Concurrent Mark
[2025-04-25T12:39:33.258+0000][4.633s][info ][gc,marking  ] GC(11) Concurrent Mark From Roots
[2025-04-25T12:39:33.258+0000][4.633s][info ][gc,task     ] GC(11) Using 1 workers of 1 for marking
[2025-04-25T12:39:33.303+0000][4.678s][info ][gc,marking  ] GC(11) Concurrent Mark From Roots 44.521ms
[2025-04-25T12:39:33.303+0000][4.678s][info ][gc,marking  ] GC(11) Concurrent Preclean
[2025-04-25T12:39:33.303+0000][4.678s][info ][gc,marking  ] GC(11) Concurrent Preclean 0.307ms
[2025-04-25T12:39:33.303+0000][4.678s][debug][safepoint   ] Safepoint synchronization initiated using futex wait barrier. (15 threads)
[2025-04-25T12:39:33.303+0000][4.678s][info ][gc,start    ] GC(11) Pause Remark
[2025-04-25T12:39:33.309+0000][4.684s][info ][gc          ] GC(11) Pause Remark 31M->31M(94M) 5.264ms
[2025-04-25T12:39:33.309+0000][4.684s][info ][gc,cpu      ] GC(11) User=0.02s Sys=0.00s Real=0.01s
[2025-04-25T12:39:33.309+0000][4.684s][info ][safepoint   ] Safepoint "G1PauseRemark", Time since last: 54716901 ns, Reaching safepoint: 147083 ns, Cleanup: 13051 ns, At safepoint: 5359879 ns, Total: 5520013 ns
[2025-04-25T12:39:33.310+0000][4.685s][info ][gc,marking  ] GC(11) Concurrent Mark 52.097ms
[2025-04-25T12:39:33.310+0000][4.685s][info ][gc,marking  ] GC(11) Concurrent Rebuild Remembered Sets
[2025-04-25T12:39:33.349+0000][4.724s][info ][gc,marking  ] GC(11) Concurrent Rebuild Remembered Sets 38.890ms
[2025-04-25T12:39:33.352+0000][4.727s][debug][safepoint   ] Safepoint synchronization initiated using futex wait barrier. (15 threads)
[2025-04-25T12:39:33.353+0000][4.728s][debug][safepoint   ] ... found polling page loop exception at pc = 0x000070248d01f9fc, stub =0x000070248c98e400
[2025-04-25T12:39:33.353+0000][4.728s][info ][gc,start    ] GC(11) Pause Cleanup
[2025-04-25T12:39:33.353+0000][4.728s][info ][gc          ] GC(11) Pause Cleanup 36M->36M(94M) 0.098ms
[2025-04-25T12:39:33.353+0000][4.728s][info ][gc,cpu      ] GC(11) User=0.00s Sys=0.00s Real=0.00s
[2025-04-25T12:39:33.353+0000][4.728s][info ][safepoint   ] Safepoint "G1PauseCleanup", Time since last: 43640932 ns, Reaching safepoint: 413364 ns, Cleanup: 13400 ns, At safepoint: 141198 ns, Total: 567962 ns
[2025-04-25T12:39:33.354+0000][4.729s][info ][gc,marking  ] GC(11) Concurrent Cleanup for Next Mark
[2025-04-25T12:39:33.355+0000][4.730s][info ][gc,marking  ] GC(11) Concurrent Cleanup for Next Mark 1.159ms
[2025-04-25T12:39:33.355+0000][4.730s][info ][gc          ] GC(11) Concurrent Mark Cycle 106.967ms
[2025-04-25T12:39:33.538+0000][4.914s][debug][safepoint   ] Safepoint synchronization initiated using futex wait barrier. (14 threads)
[2025-04-25T12:39:33.539+0000][4.914s][info ][gc,start    ] GC(12) Pause Young (Normal) (G1 Evacuation Pause)
[2025-04-25T12:39:33.539+0000][4.914s][info ][gc,task     ] GC(12) Using 3 workers of 4 for evacuation
[2025-04-25T12:39:33.549+0000][4.925s][info ][gc,phases   ] GC(12)   Pre Evacuate Collection Set: 0.1ms
[2025-04-25T12:39:33.550+0000][4.925s][info ][gc,phases   ] GC(12)   Merge Heap Roots: 0.1ms
[2025-04-25T12:39:33.550+0000][4.925s][info ][gc,phases   ] GC(12)   Evacuate Collection Set: 9.9ms
[2025-04-25T12:39:33.550+0000][4.925s][info ][gc,phases   ] GC(12)   Post Evacuate Collection Set: 0.8ms
[2025-04-25T12:39:33.550+0000][4.925s][info ][gc,phases   ] GC(12)   Other: 0.1ms
[2025-04-25T12:39:33.550+0000][4.925s][info ][gc,heap     ] GC(12) Eden regions: 52->0(48)
[2025-04-25T12:39:33.550+0000][4.925s][info ][gc,heap     ] GC(12) Survivor regions: 4->7(7)
[2025-04-25T12:39:33.550+0000][4.925s][info ][gc,heap     ] GC(12) Old regions: 19->19
[2025-04-25T12:39:33.550+0000][4.925s][info ][gc,heap     ] GC(12) Archive regions: 2->2
[2025-04-25T12:39:33.550+0000][4.925s][info ][gc,heap     ] GC(12) Humongous regions: 0->0
[2025-04-25T12:39:33.550+0000][4.925s][info ][gc,metaspace] GC(12) Metaspace: 24383K(24768K)->24383K(24768K) NonClass: 21192K(21376K)->21192K(21376K) Class: 3191K(3392K)->3191K(3392K)
[2025-04-25T12:39:33.550+0000][4.925s][info ][gc          ] GC(12) Pause Young (Normal) (G1 Evacuation Pause) 74M->26M(94M) 11.026ms
[2025-04-25T12:39:33.550+0000][4.925s][info ][gc,cpu      ] GC(12) User=0.04s Sys=0.00s Real=0.01s
[2025-04-25T12:39:33.550+0000][4.925s][info ][safepoint   ] Safepoint "G1CollectForAllocation", Time since last: 185563340 ns, Reaching safepoint: 58691 ns, Cleanup: 45903 ns, At safepoint: 11104150 ns, Total: 11208744 ns
[2025-04-25T12:39:33.710+0000][5.085s][debug][safepoint   ] Safepoint synchronization initiated using futex wait barrier. (14 threads)
[2025-04-25T12:39:33.710+0000][5.085s][info ][gc,start    ] GC(13) Pause Young (Normal) (G1 Evacuation Pause)
[2025-04-25T12:39:33.710+0000][5.085s][info ][gc,task     ] GC(13) Using 2 workers of 4 for evacuation
[2025-04-25T12:39:33.730+0000][5.105s][info ][gc,phases   ] GC(13)   Pre Evacuate Collection Set: 0.1ms
[2025-04-25T12:39:33.730+0000][5.105s][info ][gc,phases   ] GC(13)   Merge Heap Roots: 0.1ms
[2025-04-25T12:39:33.730+0000][5.105s][info ][gc,phases   ] GC(13)   Evacuate Collection Set: 17.7ms
[2025-04-25T12:39:33.730+0000][5.105s][info ][gc,phases   ] GC(13)   Post Evacuate Collection Set: 1.3ms
[2025-04-25T12:39:33.730+0000][5.105s][info ][gc,phases   ] GC(13)   Other: 0.1ms
[2025-04-25T12:39:33.730+0000][5.105s][info ][gc,heap     ] GC(13) Eden regions: 48->0(39)
[2025-04-25T12:39:33.730+0000][5.105s][info ][gc,heap     ] GC(13) Survivor regions: 7->7(7)
[2025-04-25T12:39:33.730+0000][5.105s][info ][gc,heap     ] GC(13) Old regions: 19->26
[2025-04-25T12:39:33.730+0000][5.105s][info ][gc,heap     ] GC(13) Archive regions: 2->2
[2025-04-25T12:39:33.730+0000][5.105s][info ][gc,heap     ] GC(13) Humongous regions: 0->0
[2025-04-25T12:39:33.730+0000][5.105s][info ][gc,metaspace] GC(13) Metaspace: 24401K(24768K)->24401K(24768K) NonClass: 21204K(21376K)->21204K(21376K) Class: 3196K(3392K)->3196K(3392K)
[2025-04-25T12:39:33.730+0000][5.105s][info ][gc          ] GC(13) Pause Young (Normal) (G1 Evacuation Pause) 74M->32M(94M) 19.422ms
[2025-04-25T12:39:33.730+0000][5.105s][info ][gc,cpu      ] GC(13) User=0.05s Sys=0.01s Real=0.02s
[2025-04-25T12:39:33.730+0000][5.105s][info ][safepoint   ] Safepoint "G1CollectForAllocation", Time since last: 160507594 ns, Reaching safepoint: 58629 ns, Cleanup: 16440 ns, At safepoint: 19486802 ns, Total: 19561871 ns
[2025-04-25T12:39:33.811+0000][5.186s][debug][safepoint   ] Safepoint synchronization initiated using futex wait barrier. (14 threads)
[2025-04-25T12:39:33.811+0000][5.186s][info ][gc,start    ] GC(14) Pause Young (Normal) (G1 Evacuation Pause)
[2025-04-25T12:39:33.811+0000][5.186s][info ][gc,task     ] GC(14) Using 2 workers of 4 for evacuation
[2025-04-25T12:39:33.829+0000][5.204s][info ][gc,phases   ] GC(14)   Pre Evacuate Collection Set: 0.1ms
[2025-04-25T12:39:33.829+0000][5.204s][info ][gc,phases   ] GC(14)   Merge Heap Roots: 0.1ms
[2025-04-25T12:39:33.829+0000][5.204s][info ][gc,phases   ] GC(14)   Evacuate Collection Set: 15.8ms
[2025-04-25T12:39:33.829+0000][5.204s][info ][gc,phases   ] GC(14)   Post Evacuate Collection Set: 1.9ms
[2025-04-25T12:39:33.829+0000][5.204s][info ][gc,phases   ] GC(14)   Other: 0.2ms
[2025-04-25T12:39:33.829+0000][5.204s][info ][gc,heap     ] GC(14) Eden regions: 39->0(72)
[2025-04-25T12:39:33.829+0000][5.204s][info ][gc,heap     ] GC(14) Survivor regions: 7->6(6)
[2025-04-25T12:39:33.829+0000][5.204s][info ][gc,heap     ] GC(14) Old regions: 26->32
[2025-04-25T12:39:33.829+0000][5.204s][info ][gc,heap     ] GC(14) Archive regions: 2->2
[2025-04-25T12:39:33.829+0000][5.204s][info ][gc,heap     ] GC(14) Humongous regions: 0->0
[2025-04-25T12:39:33.829+0000][5.204s][info ][gc,metaspace] GC(14) Metaspace: 24401K(24768K)->24401K(24768K) NonClass: 21204K(21376K)->21204K(21376K) Class: 3196K(3392K)->3196K(3392K)
[2025-04-25T12:39:33.829+0000][5.204s][info ][gc          ] GC(14) Pause Young (Normal) (G1 Evacuation Pause) 71M->37M(146M) 18.239ms
[2025-04-25T12:39:33.829+0000][5.204s][info ][gc,cpu      ] GC(14) User=0.05s Sys=0.01s Real=0.02s
[2025-04-25T12:39:33.829+0000][5.204s][info ][safepoint   ] Safepoint "G1CollectForAllocation", Time since last: 81182171 ns, Reaching safepoint: 82733 ns, Cleanup: 9359 ns, At safepoint: 18348758 ns, Total: 18440850 ns
[2025-04-25T12:39:34.260+0000][5.636s][debug][safepoint   ] Safepoint synchronization initiated using futex wait barrier. (14 threads)
[2025-04-25T12:39:34.261+0000][5.636s][info ][gc,start    ] GC(15) Pause Young (Normal) (G1 Evacuation Pause)
[2025-04-25T12:39:34.261+0000][5.636s][info ][gc,task     ] GC(15) Using 3 workers of 4 for evacuation
[2025-04-25T12:39:34.280+0000][5.655s][info ][gc,phases   ] GC(15)   Pre Evacuate Collection Set: 0.1ms
[2025-04-25T12:39:34.280+0000][5.655s][info ][gc,phases   ] GC(15)   Merge Heap Roots: 0.1ms
[2025-04-25T12:39:34.280+0000][5.655s][info ][gc,phases   ] GC(15)   Evacuate Collection Set: 17.8ms
[2025-04-25T12:39:34.280+0000][5.655s][info ][gc,phases   ] GC(15)   Post Evacuate Collection Set: 1.4ms
[2025-04-25T12:39:34.280+0000][5.655s][info ][gc,phases   ] GC(15)   Other: 0.1ms
[2025-04-25T12:39:34.280+0000][5.655s][info ][gc,heap     ] GC(15) Eden regions: 72->0(67)
[2025-04-25T12:39:34.280+0000][5.655s][info ][gc,heap     ] GC(15) Survivor regions: 6->7(10)
[2025-04-25T12:39:34.280+0000][5.655s][info ][gc,heap     ] GC(15) Old regions: 32->38
[2025-04-25T12:39:34.280+0000][5.655s][info ][gc,heap     ] GC(15) Archive regions: 2->2
[2025-04-25T12:39:34.280+0000][5.655s][info ][gc,heap     ] GC(15) Humongous regions: 0->0
[2025-04-25T12:39:34.280+0000][5.655s][info ][gc,metaspace] GC(15) Metaspace: 24729K(25152K)->24729K(25152K) NonClass: 21488K(21696K)->21488K(21696K) Class: 3241K(3456K)->3241K(3456K)
[2025-04-25T12:39:34.280+0000][5.655s][info ][gc          ] GC(15) Pause Young (Normal) (G1 Evacuation Pause) 109M->45M(146M) 19.606ms
[2025-04-25T12:39:34.280+0000][5.655s][info ][gc,cpu      ] GC(15) User=0.07s Sys=0.00s Real=0.02s
[2025-04-25T12:39:34.280+0000][5.655s][info ][safepoint   ] Safepoint "G1CollectForAllocation", Time since last: 431057809 ns, Reaching safepoint: 65851 ns, Cleanup: 128823 ns, At safepoint: 19677030 ns, Total: 19871704 ns
[2025-04-25T12:39:34.726+0000][6.101s][debug][safepoint   ] Safepoint synchronization initiated using futex wait barrier. (14 threads)
[2025-04-25T12:39:34.726+0000][6.101s][info ][gc,start    ] GC(16) Pause Young (Normal) (G1 Evacuation Pause)
[2025-04-25T12:39:34.726+0000][6.101s][info ][gc,task     ] GC(16) Using 3 workers of 4 for evacuation
[2025-04-25T12:39:34.739+0000][6.114s][info ][gc,phases   ] GC(16)   Pre Evacuate Collection Set: 0.1ms
[2025-04-25T12:39:34.739+0000][6.114s][info ][gc,phases   ] GC(16)   Merge Heap Roots: 0.2ms
[2025-04-25T12:39:34.739+0000][6.114s][info ][gc,phases   ] GC(16)   Evacuate Collection Set: 11.0ms
[2025-04-25T12:39:34.739+0000][6.114s][info ][gc,phases   ] GC(16)   Post Evacuate Collection Set: 1.2ms
[2025-04-25T12:39:34.739+0000][6.114s][info ][gc,phases   ] GC(16)   Other: 0.1ms
[2025-04-25T12:39:34.739+0000][6.114s][info ][gc,heap     ] GC(16) Eden regions: 67->0(63)
[2025-04-25T12:39:34.739+0000][6.114s][info ][gc,heap     ] GC(16) Survivor regions: 7->6(10)
[2025-04-25T12:39:34.739+0000][6.114s][info ][gc,heap     ] GC(16) Old regions: 38->44
[2025-04-25T12:39:34.739+0000][6.114s][info ][gc,heap     ] GC(16) Archive regions: 2->2
[2025-04-25T12:39:34.739+0000][6.114s][info ][gc,heap     ] GC(16) Humongous regions: 0->0
[2025-04-25T12:39:34.739+0000][6.114s][info ][gc,metaspace] GC(16) Metaspace: 25014K(25408K)->25014K(25408K) NonClass: 21749K(21952K)->21749K(21952K) Class: 3265K(3456K)->3265K(3456K)
[2025-04-25T12:39:34.739+0000][6.114s][info ][gc          ] GC(16) Pause Young (Normal) (G1 Evacuation Pause) 112M->50M(146M) 12.749ms
[2025-04-25T12:39:34.739+0000][6.114s][info ][gc,cpu      ] GC(16) User=0.04s Sys=0.00s Real=0.01s
[2025-04-25T12:39:34.739+0000][6.114s][info ][safepoint   ] Safepoint "G1CollectForAllocation", Time since last: 445667336 ns, Reaching safepoint: 59186 ns, Cleanup: 90261 ns, At safepoint: 12801621 ns, Total: 12951068 ns
[2025-04-25T12:39:35.114+0000][6.489s][debug][safepoint   ] Safepoint synchronization initiated using futex wait barrier. (14 threads)
[2025-04-25T12:39:35.114+0000][6.489s][info ][safepoint   ] Safepoint "ICBufferFull", Time since last: 374867688 ns, Reaching safepoint: 178905 ns, Cleanup: 110502 ns, At safepoint: 3628 ns, Total: 293035 ns
[2025-04-25T12:39:35.148+0000][6.524s][debug][safepoint   ] Safepoint synchronization initiated using futex wait barrier. (14 threads)
[2025-04-25T12:39:35.149+0000][6.524s][info ][gc,start    ] GC(17) Pause Young (Normal) (G1 Evacuation Pause)
[2025-04-25T12:39:35.149+0000][6.524s][info ][gc,task     ] GC(17) Using 3 workers of 4 for evacuation
[2025-04-25T12:39:35.160+0000][6.535s][info ][gc,phases   ] GC(17)   Pre Evacuate Collection Set: 0.1ms
[2025-04-25T12:39:35.160+0000][6.536s][info ][gc,phases   ] GC(17)   Merge Heap Roots: 0.1ms
[2025-04-25T12:39:35.161+0000][6.536s][info ][gc,phases   ] GC(17)   Evacuate Collection Set: 9.9ms
[2025-04-25T12:39:35.161+0000][6.536s][info ][gc,phases   ] GC(17)   Post Evacuate Collection Set: 1.4ms
[2025-04-25T12:39:35.161+0000][6.536s][info ][gc,phases   ] GC(17)   Other: 0.3ms
[2025-04-25T12:39:35.161+0000][6.536s][info ][gc,heap     ] GC(17) Eden regions: 63->0(63)
[2025-04-25T12:39:35.161+0000][6.536s][info ][gc,heap     ] GC(17) Survivor regions: 6->3(9)
[2025-04-25T12:39:35.161+0000][6.536s][info ][gc,heap     ] GC(17) Old regions: 44->50
[2025-04-25T12:39:35.161+0000][6.536s][info ][gc,heap     ] GC(17) Archive regions: 2->2
[2025-04-25T12:39:35.161+0000][6.536s][info ][gc,heap     ] GC(17) Humongous regions: 0->0
[2025-04-25T12:39:35.161+0000][6.536s][info ][gc,metaspace] GC(17) Metaspace: 25153K(25536K)->25153K(25536K) NonClass: 21877K(22080K)->21877K(22080K) Class: 3276K(3456K)->3276K(3456K)
[2025-04-25T12:39:35.161+0000][6.537s][info ][gc          ] GC(17) Pause Young (Normal) (G1 Evacuation Pause) 113M->53M(146M) 12.839ms
[2025-04-25T12:39:35.162+0000][6.537s][info ][gc,cpu      ] GC(17) User=0.05s Sys=0.00s Real=0.01s
[2025-04-25T12:39:35.162+0000][6.537s][info ][safepoint   ] Safepoint "G1CollectForAllocation", Time since last: 34349079 ns, Reaching safepoint: 160399 ns, Cleanup: 11480 ns, At safepoint: 13071049 ns, Total: 13242928 ns
[2025-04-25T12:39:35.563+0000][6.938s][debug][safepoint   ] Safepoint synchronization initiated using futex wait barrier. (14 threads)
[2025-04-25T12:39:35.563+0000][6.938s][info ][gc,start    ] GC(18) Pause Young (Normal) (G1 Evacuation Pause)
[2025-04-25T12:39:35.563+0000][6.938s][info ][gc,task     ] GC(18) Using 3 workers of 4 for evacuation
[2025-04-25T12:39:35.571+0000][6.946s][info ][gc,phases   ] GC(18)   Pre Evacuate Collection Set: 0.1ms
[2025-04-25T12:39:35.571+0000][6.946s][info ][gc,phases   ] GC(18)   Merge Heap Roots: 0.1ms
[2025-04-25T12:39:35.571+0000][6.946s][info ][gc,phases   ] GC(18)   Evacuate Collection Set: 5.4ms
[2025-04-25T12:39:35.571+0000][6.946s][info ][gc,phases   ] GC(18)   Post Evacuate Collection Set: 2.0ms
[2025-04-25T12:39:35.571+0000][6.946s][info ][gc,phases   ] GC(18)   Other: 0.1ms
[2025-04-25T12:39:35.571+0000][6.946s][info ][gc,heap     ] GC(18) Eden regions: 63->0(146)
[2025-04-25T12:39:35.571+0000][6.946s][info ][gc,heap     ] GC(18) Survivor regions: 3->5(9)
[2025-04-25T12:39:35.571+0000][6.946s][info ][gc,heap     ] GC(18) Old regions: 50->50
[2025-04-25T12:39:35.571+0000][6.946s][info ][gc,heap     ] GC(18) Archive regions: 2->2
[2025-04-25T12:39:35.571+0000][6.946s][info ][gc,heap     ] GC(18) Humongous regions: 0->0
[2025-04-25T12:39:35.571+0000][6.946s][info ][gc,metaspace] GC(18) Metaspace: 25164K(25536K)->25164K(25536K) NonClass: 21887K(22080K)->21887K(22080K) Class: 3276K(3456K)->3276K(3456K)
[2025-04-25T12:39:35.571+0000][6.946s][info ][gc          ] GC(18) Pause Young (Normal) (G1 Evacuation Pause) 116M->55M(257M) 7.848ms
[2025-04-25T12:39:35.571+0000][6.946s][info ][gc,cpu      ] GC(18) User=0.03s Sys=0.00s Real=0.01s
[2025-04-25T12:39:35.571+0000][6.946s][info ][safepoint   ] Safepoint "G1CollectForAllocation", Time since last: 401245095 ns, Reaching safepoint: 53263 ns, Cleanup: 21494 ns, At safepoint: 7911052 ns, Total: 7985809 ns
[2025-04-25T12:39:36.189+0000][7.564s][debug][safepoint   ] Safepoint synchronization initiated using futex wait barrier. (15 threads)
[2025-04-25T12:39:36.190+0000][7.565s][debug][safepoint   ] ... found polling page loop exception at pc = 0x000070248d0a146c, stub =0x000070248c98e400
[2025-04-25T12:39:36.190+0000][7.565s][info ][gc,start    ] GC(19) Pause Young (Normal) (G1 Evacuation Pause)
[2025-04-25T12:39:36.190+0000][7.565s][info ][gc,task     ] GC(19) Using 4 workers of 4 for evacuation
[2025-04-25T12:39:36.198+0000][7.573s][info ][gc,phases   ] GC(19)   Pre Evacuate Collection Set: 0.1ms
[2025-04-25T12:39:36.198+0000][7.574s][info ][gc,phases   ] GC(19)   Merge Heap Roots: 0.1ms
[2025-04-25T12:39:36.198+0000][7.574s][info ][gc,phases   ] GC(19)   Evacuate Collection Set: 7.1ms
[2025-04-25T12:39:36.198+0000][7.574s][info ][gc,phases   ] GC(19)   Post Evacuate Collection Set: 1.0ms
[2025-04-25T12:39:36.198+0000][7.574s][info ][gc,phases   ] GC(19)   Other: 0.2ms
[2025-04-25T12:39:36.198+0000][7.574s][info ][gc,heap     ] GC(19) Eden regions: 146->0(147)
[2025-04-25T12:39:36.198+0000][7.574s][info ][gc,heap     ] GC(19) Survivor regions: 5->7(19)
[2025-04-25T12:39:36.198+0000][7.574s][info ][gc,heap     ] GC(19) Old regions: 50->50
[2025-04-25T12:39:36.198+0000][7.574s][info ][gc,heap     ] GC(19) Archive regions: 2->2
[2025-04-25T12:39:36.198+0000][7.574s][info ][gc,heap     ] GC(19) Humongous regions: 0->0
[2025-04-25T12:39:36.199+0000][7.574s][info ][gc,metaspace] GC(19) Metaspace: 26871K(27200K)->26871K(27200K) NonClass: 23457K(23616K)->23457K(23616K) Class: 3413K(3584K)->3413K(3584K)
[2025-04-25T12:39:36.199+0000][7.574s][info ][gc          ] GC(19) Pause Young (Normal) (G1 Evacuation Pause) 201M->57M(257M) 8.618ms
[2025-04-25T12:39:36.199+0000][7.574s][info ][gc,cpu      ] GC(19) User=0.03s Sys=0.00s Real=0.01s
[2025-04-25T12:39:36.199+0000][7.574s][info ][safepoint   ] Safepoint "G1CollectForAllocation", Time since last: 618496941 ns, Reaching safepoint: 438613 ns, Cleanup: 75564 ns, At safepoint: 8679463 ns, Total: 9193640 ns
[2025-04-25T12:39:37.186+0000][8.561s][debug][safepoint   ] Safepoint synchronization initiated using futex wait barrier. (14 threads)
[2025-04-25T12:39:37.186+0000][8.561s][info ][gc,start    ] GC(20) Pause Young (Normal) (G1 Evacuation Pause)
[2025-04-25T12:39:37.186+0000][8.561s][info ][gc,task     ] GC(20) Using 4 workers of 4 for evacuation
[2025-04-25T12:39:37.195+0000][8.570s][info ][gc,phases   ] GC(20)   Pre Evacuate Collection Set: 0.1ms
[2025-04-25T12:39:37.195+0000][8.570s][info ][gc,phases   ] GC(20)   Merge Heap Roots: 0.1ms
[2025-04-25T12:39:37.195+0000][8.570s][info ][gc,phases   ] GC(20)   Evacuate Collection Set: 7.5ms
[2025-04-25T12:39:37.195+0000][8.570s][info ][gc,phases   ] GC(20)   Post Evacuate Collection Set: 1.3ms
[2025-04-25T12:39:37.195+0000][8.570s][info ][gc,phases   ] GC(20)   Other: 0.1ms
[2025-04-25T12:39:37.195+0000][8.570s][info ][gc,heap     ] GC(20) Eden regions: 147->0(145)
[2025-04-25T12:39:37.195+0000][8.570s][info ][gc,heap     ] GC(20) Survivor regions: 7->9(20)
[2025-04-25T12:39:37.195+0000][8.570s][info ][gc,heap     ] GC(20) Old regions: 50->50
[2025-04-25T12:39:37.195+0000][8.570s][info ][gc,heap     ] GC(20) Archive regions: 2->2
[2025-04-25T12:39:37.195+0000][8.570s][info ][gc,heap     ] GC(20) Humongous regions: 0->0
[2025-04-25T12:39:37.195+0000][8.570s][info ][gc,metaspace] GC(20) Metaspace: 33386K(33728K)->33386K(33728K) NonClass: 29285K(29440K)->29285K(29440K) Class: 4101K(4288K)->4101K(4288K)
[2025-04-25T12:39:37.195+0000][8.570s][info ][gc          ] GC(20) Pause Young (Normal) (G1 Evacuation Pause) 204M->59M(257M) 9.178ms
[2025-04-25T12:39:37.195+0000][8.570s][info ][gc,cpu      ] GC(20) User=0.04s Sys=0.00s Real=0.00s
[2025-04-25T12:39:37.195+0000][8.570s][info ][safepoint   ] Safepoint "G1CollectForAllocation", Time since last: 987185566 ns, Reaching safepoint: 48646 ns, Cleanup: 73799 ns, At safepoint: 9240961 ns, Total: 9363406 ns
[2025-04-25T12:39:37.677+0000][9.052s][debug][safepoint   ] Safepoint synchronization initiated using futex wait barrier. (14 threads)
[2025-04-25T12:39:37.678+0000][9.053s][info ][safepoint   ] Safepoint "ICBufferFull", Time since last: 482006373 ns, Reaching safepoint: 246646 ns, Cleanup: 150761 ns, At safepoint: 4578 ns, Total: 401985 ns
[2025-04-25T12:39:38.067+0000][9.442s][debug][safepoint   ] Safepoint synchronization initiated using futex wait barrier. (14 threads)
[2025-04-25T12:39:38.067+0000][9.442s][info ][gc,start    ] GC(21) Pause Young (Normal) (G1 Evacuation Pause)
[2025-04-25T12:39:38.067+0000][9.442s][info ][gc,task     ] GC(21) Using 4 workers of 4 for evacuation
[2025-04-25T12:39:38.076+0000][9.451s][info ][gc,phases   ] GC(21)   Pre Evacuate Collection Set: 0.1ms
[2025-04-25T12:39:38.076+0000][9.451s][info ][gc,phases   ] GC(21)   Merge Heap Roots: 0.1ms
[2025-04-25T12:39:38.076+0000][9.451s][info ][gc,phases   ] GC(21)   Evacuate Collection Set: 7.6ms
[2025-04-25T12:39:38.076+0000][9.451s][info ][gc,phases   ] GC(21)   Post Evacuate Collection Set: 1.1ms
[2025-04-25T12:39:38.076+0000][9.451s][info ][gc,phases   ] GC(21)   Other: 0.1ms
[2025-04-25T12:39:38.076+0000][9.451s][info ][gc,heap     ] GC(21) Eden regions: 145->0(144)
[2025-04-25T12:39:38.076+0000][9.451s][info ][gc,heap     ] GC(21) Survivor regions: 9->10(20)
[2025-04-25T12:39:38.076+0000][9.451s][info ][gc,heap     ] GC(21) Old regions: 50->50
[2025-04-25T12:39:38.076+0000][9.451s][info ][gc,heap     ] GC(21) Archive regions: 2->2
[2025-04-25T12:39:38.076+0000][9.451s][info ][gc,heap     ] GC(21) Humongous regions: 0->0
[2025-04-25T12:39:38.076+0000][9.451s][info ][gc,metaspace] GC(21) Metaspace: 34947K(35328K)->34947K(35328K) NonClass: 30629K(30848K)->30629K(30848K) Class: 4317K(4480K)->4317K(4480K)
[2025-04-25T12:39:38.076+0000][9.451s][info ][gc          ] GC(21) Pause Young (Normal) (G1 Evacuation Pause) 204M->60M(257M) 9.117ms
[2025-04-25T12:39:38.076+0000][9.451s][info ][gc,cpu      ] GC(21) User=0.04s Sys=0.00s Real=0.01s
[2025-04-25T12:39:38.076+0000][9.451s][info ][safepoint   ] Safepoint "G1CollectForAllocation", Time since last: 389397421 ns, Reaching safepoint: 44415 ns, Cleanup: 99828 ns, At safepoint: 9171627 ns, Total: 9315870 ns
[2025-04-25T12:39:38.865+0000][10.240s][debug][safepoint   ] Safepoint synchronization initiated using futex wait barrier. (14 threads)
[2025-04-25T12:39:38.865+0000][10.240s][info ][safepoint   ] Safepoint "ICBufferFull", Time since last: 788596679 ns, Reaching safepoint: 49479 ns, Cleanup: 105985 ns, At safepoint: 3075 ns, Total: 158539 ns
[2025-04-25T12:39:38.898+0000][10.273s][debug][safepoint   ] Safepoint synchronization initiated using futex wait barrier. (14 threads)
[2025-04-25T12:39:38.898+0000][10.273s][info ][gc,start    ] GC(22) Pause Young (Normal) (G1 Evacuation Pause)
[2025-04-25T12:39:38.898+0000][10.273s][info ][gc,task     ] GC(22) Using 4 workers of 4 for evacuation
[2025-04-25T12:39:38.910+0000][10.285s][info ][gc,phases   ] GC(22)   Pre Evacuate Collection Set: 0.1ms
[2025-04-25T12:39:38.910+0000][10.285s][info ][gc,phases   ] GC(22)   Merge Heap Roots: 0.1ms
[2025-04-25T12:39:38.910+0000][10.285s][info ][gc,phases   ] GC(22)   Evacuate Collection Set: 10.5ms
[2025-04-25T12:39:38.910+0000][10.285s][info ][gc,phases   ] GC(22)   Post Evacuate Collection Set: 1.2ms
[2025-04-25T12:39:38.910+0000][10.285s][info ][gc,phases   ] GC(22)   Other: 0.1ms
[2025-04-25T12:39:38.910+0000][10.285s][info ][gc,heap     ] GC(22) Eden regions: 144->0(143)
[2025-04-25T12:39:38.910+0000][10.285s][info ][gc,heap     ] GC(22) Survivor regions: 10->11(20)
[2025-04-25T12:39:38.910+0000][10.285s][info ][gc,heap     ] GC(22) Old regions: 50->50
[2025-04-25T12:39:38.910+0000][10.285s][info ][gc,heap     ] GC(22) Archive regions: 2->2
[2025-04-25T12:39:38.910+0000][10.285s][info ][gc,heap     ] GC(22) Humongous regions: 0->0
[2025-04-25T12:39:38.910+0000][10.285s][info ][gc,metaspace] GC(22) Metaspace: 38703K(39104K)->38703K(39104K) NonClass: 33833K(34048K)->33833K(34048K) Class: 4870K(5056K)->4870K(5056K)
[2025-04-25T12:39:38.910+0000][10.285s][info ][gc          ] GC(22) Pause Young (Normal) (G1 Evacuation Pause) 204M->61M(257M) 12.151ms
[2025-04-25T12:39:38.910+0000][10.285s][info ][gc,cpu      ] GC(22) User=0.05s Sys=0.00s Real=0.01s
[2025-04-25T12:39:38.910+0000][10.285s][info ][safepoint   ] Safepoint "G1CollectForAllocation", Time since last: 32520932 ns, Reaching safepoint: 51213 ns, Cleanup: 12225 ns, At safepoint: 12207186 ns, Total: 12270624 ns
[2025-04-25T12:39:38.957+0000][10.332s][debug][safepoint   ] Safepoint synchronization initiated using futex wait barrier. (14 threads)
[2025-04-25T12:39:38.957+0000][10.332s][info ][gc,start    ] GC(23) Pause Young (Concurrent Start) (Metadata GC Threshold)
[2025-04-25T12:39:38.957+0000][10.332s][info ][gc,task     ] GC(23) Using 4 workers of 4 for evacuation
[2025-04-25T12:39:38.966+0000][10.341s][info ][gc,phases   ] GC(23)   Pre Evacuate Collection Set: 0.1ms
[2025-04-25T12:39:38.966+0000][10.341s][info ][gc,phases   ] GC(23)   Merge Heap Roots: 0.1ms
[2025-04-25T12:39:38.966+0000][10.341s][info ][gc,phases   ] GC(23)   Evacuate Collection Set: 8.2ms
[2025-04-25T12:39:38.966+0000][10.341s][info ][gc,phases   ] GC(23)   Post Evacuate Collection Set: 1.0ms
[2025-04-25T12:39:38.966+0000][10.341s][info ][gc,phases   ] GC(23)   Other: 0.1ms
[2025-04-25T12:39:38.966+0000][10.341s][info ][gc,heap     ] GC(23) Eden regions: 11->0(145)
[2025-04-25T12:39:38.966+0000][10.341s][info ][gc,heap     ] GC(23) Survivor regions: 11->9(20)
[2025-04-25T12:39:38.966+0000][10.341s][info ][gc,heap     ] GC(23) Old regions: 50->52
[2025-04-25T12:39:38.966+0000][10.341s][info ][gc,heap     ] GC(23) Archive regions: 2->2
[2025-04-25T12:39:38.966+0000][10.341s][info ][gc,heap     ] GC(23) Humongous regions: 0->0
[2025-04-25T12:39:38.966+0000][10.341s][info ][gc,metaspace] GC(23) Metaspace: 38958K(39296K)->38958K(39296K) NonClass: 34068K(34240K)->34068K(34240K) Class: 4889K(5056K)->4889K(5056K)
[2025-04-25T12:39:38.966+0000][10.341s][info ][gc          ] GC(23) Pause Young (Concurrent Start) (Metadata GC Threshold) 72M->61M(257M) 9.631ms
[2025-04-25T12:39:38.966+0000][10.341s][info ][gc,cpu      ] GC(23) User=0.04s Sys=0.00s Real=0.01s
[2025-04-25T12:39:38.966+0000][10.342s][info ][gc          ] GC(24) Concurrent Mark Cycle
[2025-04-25T12:39:38.966+0000][10.342s][info ][gc,marking  ] GC(24) Concurrent Clear Claimed Marks
[2025-04-25T12:39:38.966+0000][10.342s][info ][safepoint   ] Safepoint "CollectForMetadataAllocation", Time since last: 46888248 ns, Reaching safepoint: 37608 ns, Cleanup: 10010 ns, At safepoint: 9715311 ns, Total: 9762929 ns
[2025-04-25T12:39:38.966+0000][10.342s][info ][gc,marking  ] GC(24) Concurrent Clear Claimed Marks 0.033ms
[2025-04-25T12:39:38.966+0000][10.342s][info ][gc,marking  ] GC(24) Concurrent Scan Root Regions
[2025-04-25T12:39:38.978+0000][10.353s][info ][gc,marking  ] GC(24) Concurrent Scan Root Regions 11.086ms
[2025-04-25T12:39:38.978+0000][10.353s][info ][gc,marking  ] GC(24) Concurrent Mark
[2025-04-25T12:39:38.978+0000][10.353s][info ][gc,marking  ] GC(24) Concurrent Mark From Roots
[2025-04-25T12:39:38.978+0000][10.353s][info ][gc,task     ] GC(24) Using 1 workers of 1 for marking
[2025-04-25T12:39:39.015+0000][10.390s][debug][safepoint   ] Safepoint synchronization initiated using futex wait barrier. (14 threads)
[2025-04-25T12:39:39.015+0000][10.390s][info ][safepoint   ] Safepoint "CollectForMetadataAllocation", Time since last: 48721929 ns, Reaching safepoint: 55306 ns, Cleanup: 3156 ns, At safepoint: 33418 ns, Total: 91880 ns
[2025-04-25T12:39:39.059+0000][10.434s][info ][gc,marking  ] GC(24) Concurrent Mark From Roots 81.042ms
[2025-04-25T12:39:39.059+0000][10.434s][info ][gc,marking  ] GC(24) Concurrent Preclean
[2025-04-25T12:39:39.059+0000][10.434s][info ][gc,marking  ] GC(24) Concurrent Preclean 0.404ms
[2025-04-25T12:39:39.059+0000][10.434s][debug][safepoint   ] Safepoint synchronization initiated using futex wait barrier. (14 threads)
[2025-04-25T12:39:39.059+0000][10.434s][info ][gc,start    ] GC(24) Pause Remark
[2025-04-25T12:39:39.063+0000][10.438s][info ][gc          ] GC(24) Pause Remark 81M->81M(257M) 3.706ms
[2025-04-25T12:39:39.063+0000][10.438s][info ][gc,cpu      ] GC(24) User=0.02s Sys=0.00s Real=0.00s
[2025-04-25T12:39:39.063+0000][10.438s][info ][safepoint   ] Safepoint "G1PauseRemark", Time since last: 43925821 ns, Reaching safepoint: 15084 ns, Cleanup: 18144 ns, At safepoint: 3790728 ns, Total: 3823956 ns
[2025-04-25T12:39:39.063+0000][10.438s][info ][gc,marking  ] GC(24) Concurrent Mark 85.425ms
[2025-04-25T12:39:39.063+0000][10.438s][info ][gc,marking  ] GC(24) Concurrent Rebuild Remembered Sets
[2025-04-25T12:39:39.108+0000][10.483s][info ][gc,marking  ] GC(24) Concurrent Rebuild Remembered Sets 45.287ms
[2025-04-25T12:39:39.108+0000][10.484s][debug][safepoint   ] Safepoint synchronization initiated using futex wait barrier. (14 threads)
[2025-04-25T12:39:39.109+0000][10.484s][info ][gc,start    ] GC(24) Pause Cleanup
[2025-04-25T12:39:39.109+0000][10.484s][info ][gc          ] GC(24) Pause Cleanup 87M->87M(257M) 0.118ms
[2025-04-25T12:39:39.109+0000][10.484s][info ][gc,cpu      ] GC(24) User=0.00s Sys=0.00s Real=0.00s
[2025-04-25T12:39:39.109+0000][10.484s][info ][safepoint   ] Safepoint "G1PauseCleanup", Time since last: 45412203 ns, Reaching safepoint: 91449 ns, Cleanup: 14198 ns, At safepoint: 146630 ns, Total: 252277 ns
[2025-04-25T12:39:39.109+0000][10.484s][info ][gc,marking  ] GC(24) Concurrent Cleanup for Next Mark
[2025-04-25T12:39:39.111+0000][10.486s][info ][gc,marking  ] GC(24) Concurrent Cleanup for Next Mark 2.292ms
[2025-04-25T12:39:39.111+0000][10.486s][info ][gc          ] GC(24) Concurrent Mark Cycle 144.627ms
[2025-04-25T12:39:40.102+0000][11.478s][debug][safepoint   ] Safepoint synchronization initiated using futex wait barrier. (14 threads)
[2025-04-25T12:39:40.103+0000][11.478s][info ][gc,start    ] GC(25) Pause Young (Prepare Mixed) (G1 Evacuation Pause)
[2025-04-25T12:39:40.103+0000][11.478s][info ][gc,task     ] GC(25) Using 4 workers of 4 for evacuation
[2025-04-25T12:39:40.114+0000][11.489s][info ][gc,phases   ] GC(25)   Pre Evacuate Collection Set: 0.1ms
[2025-04-25T12:39:40.114+0000][11.489s][info ][gc,phases   ] GC(25)   Merge Heap Roots: 0.1ms
[2025-04-25T12:39:40.114+0000][11.489s][info ][gc,phases   ] GC(25)   Evacuate Collection Set: 9.7ms
[2025-04-25T12:39:40.114+0000][11.489s][info ][gc,phases   ] GC(25)   Post Evacuate Collection Set: 1.3ms
[2025-04-25T12:39:40.114+0000][11.489s][info ][gc,phases   ] GC(25)   Other: 0.1ms
[2025-04-25T12:39:40.114+0000][11.489s][info ][gc,heap     ] GC(25) Eden regions: 145->0(2)
[2025-04-25T12:39:40.114+0000][11.489s][info ][gc,heap     ] GC(25) Survivor regions: 9->10(20)
[2025-04-25T12:39:40.114+0000][11.489s][info ][gc,heap     ] GC(25) Old regions: 52->52
[2025-04-25T12:39:40.114+0000][11.489s][info ][gc,heap     ] GC(25) Archive regions: 2->2
[2025-04-25T12:39:40.114+0000][11.489s][info ][gc,heap     ] GC(25) Humongous regions: 0->0
[2025-04-25T12:39:40.114+0000][11.489s][info ][gc,metaspace] GC(25) Metaspace: 41462K(41856K)->41462K(41856K) NonClass: 36235K(36416K)->36235K(36416K) Class: 5227K(5440K)->5227K(5440K)
[2025-04-25T12:39:40.114+0000][11.489s][info ][gc          ] GC(25) Pause Young (Prepare Mixed) (G1 Evacuation Pause) 206M->62M(257M) 11.447ms
[2025-04-25T12:39:40.114+0000][11.489s][info ][gc,cpu      ] GC(25) User=0.04s Sys=0.00s Real=0.01s
[2025-04-25T12:39:40.114+0000][11.489s][info ][safepoint   ] Safepoint "G1CollectForAllocation", Time since last: 993772636 ns, Reaching safepoint: 53839 ns, Cleanup: 115359 ns, At safepoint: 11507194 ns, Total: 11676392 ns
[2025-04-25T12:39:40.131+0000][11.506s][debug][safepoint   ] Safepoint synchronization initiated using futex wait barrier. (14 threads)
[2025-04-25T12:39:40.131+0000][11.506s][info ][gc,start    ] GC(26) Pause Young (Mixed) (G1 Evacuation Pause)
[2025-04-25T12:39:40.131+0000][11.506s][info ][gc,task     ] GC(26) Using 4 workers of 4 for evacuation
[2025-04-25T12:39:40.144+0000][11.519s][info ][gc,phases   ] GC(26)   Pre Evacuate Collection Set: 0.1ms
[2025-04-25T12:39:40.144+0000][11.519s][info ][gc,phases   ] GC(26)   Merge Heap Roots: 0.1ms
[2025-04-25T12:39:40.144+0000][11.519s][info ][gc,phases   ] GC(26)   Evacuate Collection Set: 11.6ms
[2025-04-25T12:39:40.144+0000][11.519s][info ][gc,phases   ] GC(26)   Post Evacuate Collection Set: 1.1ms
[2025-04-25T12:39:40.144+0000][11.519s][info ][gc,phases   ] GC(26)   Other: 0.1ms
[2025-04-25T12:39:40.144+0000][11.519s][info ][gc,heap     ] GC(26) Eden regions: 2->0(152)
[2025-04-25T12:39:40.144+0000][11.519s][info ][gc,heap     ] GC(26) Survivor regions: 10->2(2)
[2025-04-25T12:39:40.144+0000][11.519s][info ][gc,heap     ] GC(26) Old regions: 52->59
[2025-04-25T12:39:40.144+0000][11.519s][info ][gc,heap     ] GC(26) Archive regions: 2->2
[2025-04-25T12:39:40.144+0000][11.519s][info ][gc,heap     ] GC(26) Humongous regions: 0->0
[2025-04-25T12:39:40.144+0000][11.519s][info ][gc,metaspace] GC(26) Metaspace: 41483K(41920K)->41483K(41920K) NonClass: 36252K(36480K)->36252K(36480K) Class: 5230K(5440K)->5230K(5440K)
[2025-04-25T12:39:40.144+0000][11.519s][info ][gc          ] GC(26) Pause Young (Mixed) (G1 Evacuation Pause) 64M->61M(257M) 13.157ms
[2025-04-25T12:39:40.144+0000][11.519s][info ][gc,cpu      ] GC(26) User=0.05s Sys=0.00s Real=0.01s
[2025-04-25T12:39:40.144+0000][11.519s][info ][safepoint   ] Safepoint "G1CollectForAllocation", Time since last: 16898030 ns, Reaching safepoint: 54189 ns, Cleanup: 7575 ns, At safepoint: 13212295 ns, Total: 13274059 ns
[2025-04-25T12:39:41.226+0000][12.601s][debug][safepoint   ] Safepoint synchronization initiated using futex wait barrier. (14 threads)
[2025-04-25T12:39:41.226+0000][12.601s][info ][safepoint   ] Safepoint "ICBufferFull", Time since last: 1081721154 ns, Reaching safepoint: 160745 ns, Cleanup: 163758 ns, At safepoint: 5171 ns, Total: 329674 ns
[2025-04-25T12:39:41.520+0000][12.895s][debug][safepoint   ] Safepoint synchronization initiated using futex wait barrier. (14 threads)
[2025-04-25T12:39:41.520+0000][12.895s][info ][gc,start    ] GC(27) Pause Young (Concurrent Start) (G1 Evacuation Pause)
[2025-04-25T12:39:41.520+0000][12.895s][info ][gc,task     ] GC(27) Using 4 workers of 4 for evacuation
[2025-04-25T12:39:41.532+0000][12.907s][info ][gc,phases   ] GC(27)   Pre Evacuate Collection Set: 0.1ms
[2025-04-25T12:39:41.532+0000][12.907s][info ][gc,phases   ] GC(27)   Merge Heap Roots: 0.2ms
[2025-04-25T12:39:41.532+0000][12.907s][info ][gc,phases   ] GC(27)   Evacuate Collection Set: 9.8ms
[2025-04-25T12:39:41.532+0000][12.907s][info ][gc,phases   ] GC(27)   Post Evacuate Collection Set: 1.4ms
[2025-04-25T12:39:41.532+0000][12.907s][info ][gc,phases   ] GC(27)   Other: 0.4ms
[2025-04-25T12:39:41.532+0000][12.908s][info ][gc,heap     ] GC(27) Eden regions: 152->0(150)
[2025-04-25T12:39:41.533+0000][12.908s][info ][gc,heap     ] GC(27) Survivor regions: 2->4(20)
[2025-04-25T12:39:41.533+0000][12.908s][info ][gc,heap     ] GC(27) Old regions: 59->59
[2025-04-25T12:39:41.533+0000][12.908s][info ][gc,heap     ] GC(27) Archive regions: 2->2
[2025-04-25T12:39:41.533+0000][12.908s][info ][gc,heap     ] GC(27) Humongous regions: 0->0
[2025-04-25T12:39:41.533+0000][12.908s][info ][gc,metaspace] GC(27) Metaspace: 45380K(45824K)->45380K(45824K) NonClass: 39605K(39872K)->39605K(39872K) Class: 5775K(5952K)->5775K(5952K)
[2025-04-25T12:39:41.533+0000][12.908s][info ][gc          ] GC(27) Pause Young (Concurrent Start) (G1 Evacuation Pause) 213M->63M(257M) 13.053ms
[2025-04-25T12:39:41.533+0000][12.908s][info ][gc,cpu      ] GC(27) User=0.05s Sys=0.00s Real=0.01s
[2025-04-25T12:39:41.533+0000][12.908s][info ][safepoint   ] Safepoint "G1CollectForAllocation", Time since last: 293315603 ns, Reaching safepoint: 209496 ns, Cleanup: 48187 ns, At safepoint: 13284243 ns, Total: 13541926 ns
[2025-04-25T12:39:41.533+0000][12.908s][info ][gc          ] GC(28) Concurrent Mark Cycle
[2025-04-25T12:39:41.533+0000][12.909s][info ][gc,marking  ] GC(28) Concurrent Clear Claimed Marks
[2025-04-25T12:39:41.536+0000][12.911s][info ][gc,marking  ] GC(28) Concurrent Clear Claimed Marks 2.935ms
[2025-04-25T12:39:41.537+0000][12.912s][info ][gc,marking  ] GC(28) Concurrent Scan Root Regions
[2025-04-25T12:39:41.542+0000][12.917s][info ][gc,marking  ] GC(28) Concurrent Scan Root Regions 5.359ms
[2025-04-25T12:39:41.542+0000][12.917s][info ][gc,marking  ] GC(28) Concurrent Mark
[2025-04-25T12:39:41.542+0000][12.917s][info ][gc,marking  ] GC(28) Concurrent Mark From Roots
[2025-04-25T12:39:41.542+0000][12.917s][info ][gc,task     ] GC(28) Using 1 workers of 1 for marking
[2025-04-25T12:39:41.656+0000][13.031s][info ][gc,marking  ] GC(28) Concurrent Mark From Roots 113.953ms
[2025-04-25T12:39:41.656+0000][13.031s][info ][gc,marking  ] GC(28) Concurrent Preclean
[2025-04-25T12:39:41.657+0000][13.032s][info ][gc,marking  ] GC(28) Concurrent Preclean 0.315ms
[2025-04-25T12:39:41.657+0000][13.032s][debug][safepoint   ] Safepoint synchronization initiated using futex wait barrier. (14 threads)
[2025-04-25T12:39:41.657+0000][13.032s][info ][gc,start    ] GC(28) Pause Remark
[2025-04-25T12:39:41.660+0000][13.035s][info ][gc          ] GC(28) Pause Remark 80M->80M(257M) 3.695ms
[2025-04-25T12:39:41.660+0000][13.036s][info ][gc,cpu      ] GC(28) User=0.01s Sys=0.00s Real=0.00s
[2025-04-25T12:39:41.660+0000][13.036s][info ][safepoint   ] Safepoint "G1PauseRemark", Time since last: 123366809 ns, Reaching safepoint: 82331 ns, Cleanup: 29216 ns, At safepoint: 3761748 ns, Total: 3873295 ns
[2025-04-25T12:39:41.660+0000][13.036s][info ][gc,marking  ] GC(28) Concurrent Mark 118.412ms
[2025-04-25T12:39:41.661+0000][13.036s][info ][gc,marking  ] GC(28) Concurrent Rebuild Remembered Sets
[2025-04-25T12:39:41.735+0000][13.110s][info ][gc,marking  ] GC(28) Concurrent Rebuild Remembered Sets 74.218ms
[2025-04-25T12:39:41.735+0000][13.110s][debug][safepoint   ] Safepoint synchronization initiated using futex wait barrier. (15 threads)
[2025-04-25T12:39:41.735+0000][13.110s][info ][gc,start    ] GC(28) Pause Cleanup
[2025-04-25T12:39:41.735+0000][13.111s][info ][gc          ] GC(28) Pause Cleanup 88M->88M(257M) 0.231ms
[2025-04-25T12:39:41.735+0000][13.111s][info ][gc,cpu      ] GC(28) User=0.00s Sys=0.00s Real=0.01s
[2025-04-25T12:39:41.736+0000][13.111s][info ][safepoint   ] Safepoint "G1PauseCleanup", Time since last: 74574236 ns, Reaching safepoint: 184857 ns, Cleanup: 26169 ns, At safepoint: 289425 ns, Total: 500451 ns
[2025-04-25T12:39:41.736+0000][13.111s][info ][gc,marking  ] GC(28) Concurrent Cleanup for Next Mark
[2025-04-25T12:39:41.738+0000][13.113s][info ][gc,marking  ] GC(28) Concurrent Cleanup for Next Mark 2.542ms
[2025-04-25T12:39:41.738+0000][13.113s][info ][gc          ] GC(28) Concurrent Mark Cycle 204.900ms
[2025-04-25T12:39:42.657+0000][14.033s][debug][safepoint   ] Safepoint synchronization initiated using futex wait barrier. (15 threads)
[2025-04-25T12:39:42.658+0000][14.033s][info ][safepoint   ] Safepoint "ICBufferFull", Time since last: 921980153 ns, Reaching safepoint: 170785 ns, Cleanup: 117205 ns, At safepoint: 6529 ns, Total: 294519 ns
[2025-04-25T12:39:42.869+0000][14.244s][debug][safepoint   ] Safepoint synchronization initiated using futex wait barrier. (15 threads)
[2025-04-25T12:39:42.869+0000][14.244s][info ][gc,start    ] GC(29) Pause Young (Prepare Mixed) (G1 Evacuation Pause)
[2025-04-25T12:39:42.869+0000][14.244s][info ][gc,task     ] GC(29) Using 4 workers of 4 for evacuation
[2025-04-25T12:39:42.882+0000][14.258s][info ][gc,phases   ] GC(29)   Pre Evacuate Collection Set: 0.1ms
[2025-04-25T12:39:42.882+0000][14.258s][info ][gc,phases   ] GC(29)   Merge Heap Roots: 0.1ms
[2025-04-25T12:39:42.882+0000][14.258s][info ][gc,phases   ] GC(29)   Evacuate Collection Set: 12.1ms
[2025-04-25T12:39:42.882+0000][14.258s][info ][gc,phases   ] GC(29)   Post Evacuate Collection Set: 1.3ms
[2025-04-25T12:39:42.882+0000][14.258s][info ][gc,phases   ] GC(29)   Other: 0.1ms
[2025-04-25T12:39:42.882+0000][14.258s][info ][gc,heap     ] GC(29) Eden regions: 150->0(5)
[2025-04-25T12:39:42.883+0000][14.258s][info ][gc,heap     ] GC(29) Survivor regions: 4->7(20)
[2025-04-25T12:39:42.883+0000][14.258s][info ][gc,heap     ] GC(29) Old regions: 59->59
[2025-04-25T12:39:42.883+0000][14.258s][info ][gc,heap     ] GC(29) Archive regions: 2->2
[2025-04-25T12:39:42.883+0000][14.258s][info ][gc,heap     ] GC(29) Humongous regions: 0->0
[2025-04-25T12:39:42.883+0000][14.258s][info ][gc,metaspace] GC(29) Metaspace: 51929K(52416K)->51929K(52416K) NonClass: 45363K(45632K)->45363K(45632K) Class: 6566K(6784K)->6566K(6784K)
[2025-04-25T12:39:42.883+0000][14.258s][info ][gc          ] GC(29) Pause Young (Prepare Mixed) (G1 Evacuation Pause) 213M->65M(257M) 13.823ms
[2025-04-25T12:39:42.883+0000][14.258s][info ][gc,cpu      ] GC(29) User=0.04s Sys=0.00s Real=0.01s
[2025-04-25T12:39:42.883+0000][14.258s][info ][safepoint   ] Safepoint "G1CollectForAllocation", Time since last: 210790332 ns, Reaching safepoint: 52253 ns, Cleanup: 75082 ns, At safepoint: 13878456 ns, Total: 14005791 ns
[2025-04-25T12:39:42.972+0000][14.347s][debug][safepoint   ] Safepoint synchronization initiated using futex wait barrier. (17 threads)
[2025-04-25T12:39:42.972+0000][14.347s][info ][gc,start    ] GC(30) Pause Young (Mixed) (G1 Evacuation Pause)
[2025-04-25T12:39:42.972+0000][14.347s][info ][gc,task     ] GC(30) Using 4 workers of 4 for evacuation
[2025-04-25T12:39:42.983+0000][14.359s][info ][gc,phases   ] GC(30)   Pre Evacuate Collection Set: 0.1ms
[2025-04-25T12:39:42.983+0000][14.359s][info ][gc,phases   ] GC(30)   Merge Heap Roots: 0.2ms
[2025-04-25T12:39:42.983+0000][14.359s][info ][gc,phases   ] GC(30)   Evacuate Collection Set: 10.0ms
[2025-04-25T12:39:42.983+0000][14.359s][info ][gc,phases   ] GC(30)   Post Evacuate Collection Set: 0.9ms
[2025-04-25T12:39:42.984+0000][14.359s][info ][gc,phases   ] GC(30)   Other: 0.1ms
[2025-04-25T12:39:42.984+0000][14.359s][info ][gc,heap     ] GC(30) Eden regions: 5->0(153)
[2025-04-25T12:39:42.984+0000][14.359s][info ][gc,heap     ] GC(30) Survivor regions: 7->1(2)
[2025-04-25T12:39:42.984+0000][14.359s][info ][gc,heap     ] GC(30) Old regions: 59->64
[2025-04-25T12:39:42.984+0000][14.359s][info ][gc,heap     ] GC(30) Archive regions: 2->2
[2025-04-25T12:39:42.984+0000][14.359s][info ][gc,heap     ] GC(30) Humongous regions: 0->0
[2025-04-25T12:39:42.984+0000][14.359s][info ][gc,metaspace] GC(30) Metaspace: 52872K(53376K)->52872K(53376K) NonClass: 46207K(46464K)->46207K(46464K) Class: 6664K(6912K)->6664K(6912K)
[2025-04-25T12:39:42.984+0000][14.359s][info ][gc          ] GC(30) Pause Young (Mixed) (G1 Evacuation Pause) 70M->65M(257M) 11.427ms
[2025-04-25T12:39:42.984+0000][14.359s][info ][gc,cpu      ] GC(30) User=0.04s Sys=0.00s Real=0.01s
[2025-04-25T12:39:42.984+0000][14.359s][info ][safepoint   ] Safepoint "G1CollectForAllocation", Time since last: 89427472 ns, Reaching safepoint: 68470 ns, Cleanup: 20133 ns, At safepoint: 11481197 ns, Total: 11569800 ns
[2025-04-25T12:39:44.054+0000][15.429s][debug][safepoint   ] Safepoint synchronization initiated using futex wait barrier. (17 threads)
[2025-04-25T12:39:44.054+0000][15.429s][info ][safepoint   ] Safepoint "Cleanup", Time since last: 1070058230 ns, Reaching safepoint: 111688 ns, Cleanup: 80935 ns, At safepoint: 15062 ns, Total: 207685 ns
[2025-04-25T12:39:45.198+0000][16.573s][debug][safepoint   ] Safepoint synchronization initiated using futex wait barrier. (17 threads)
[2025-04-25T12:39:45.198+0000][16.573s][info ][gc,start    ] GC(31) Pause Young (Normal) (G1 Evacuation Pause)
[2025-04-25T12:39:45.198+0000][16.573s][info ][gc,task     ] GC(31) Using 4 workers of 4 for evacuation
[2025-04-25T12:39:45.208+0000][16.583s][info ][gc,phases   ] GC(31)   Pre Evacuate Collection Set: 0.2ms
[2025-04-25T12:39:45.208+0000][16.583s][info ][gc,phases   ] GC(31)   Merge Heap Roots: 0.2ms
[2025-04-25T12:39:45.208+0000][16.583s][info ][gc,phases   ] GC(31)   Evacuate Collection Set: 8.0ms
[2025-04-25T12:39:45.208+0000][16.583s][info ][gc,phases   ] GC(31)   Post Evacuate Collection Set: 1.2ms
[2025-04-25T12:39:45.208+0000][16.583s][info ][gc,phases   ] GC(31)   Other: 0.1ms
[2025-04-25T12:39:45.208+0000][16.583s][info ][gc,heap     ] GC(31) Eden regions: 153->0(151)
[2025-04-25T12:39:45.208+0000][16.583s][info ][gc,heap     ] GC(31) Survivor regions: 1->3(20)
[2025-04-25T12:39:45.208+0000][16.583s][info ][gc,heap     ] GC(31) Old regions: 64->64
[2025-04-25T12:39:45.208+0000][16.583s][info ][gc,heap     ] GC(31) Archive regions: 2->2
[2025-04-25T12:39:45.208+0000][16.583s][info ][gc,heap     ] GC(31) Humongous regions: 0->0
[2025-04-25T12:39:45.208+0000][16.583s][info ][gc,metaspace] GC(31) Metaspace: 57348K(57792K)->57348K(57792K) NonClass: 50088K(50304K)->50088K(50304K) Class: 7260K(7488K)->7260K(7488K)
[2025-04-25T12:39:45.208+0000][16.583s][info ][gc          ] GC(31) Pause Young (Normal) (G1 Evacuation Pause) 218M->67M(257M) 9.784ms
[2025-04-25T12:39:45.208+0000][16.583s][info ][gc,cpu      ] GC(31) User=0.04s Sys=0.00s Real=0.01s
[2025-04-25T12:39:45.208+0000][16.583s][info ][safepoint   ] Safepoint "G1CollectForAllocation", Time since last: 1144197305 ns, Reaching safepoint: 53141 ns, Cleanup: 168449 ns, At safepoint: 9888696 ns, Total: 10110286 ns
[2025-04-25T12:39:45.990+0000][17.365s][debug][safepoint   ] Safepoint synchronization initiated using futex wait barrier. (20 threads)
[2025-04-25T12:39:45.990+0000][17.366s][info ][safepoint   ] Safepoint "ICBufferFull", Time since last: 781951526 ns, Reaching safepoint: 264703 ns, Cleanup: 79784 ns, At safepoint: 5943 ns, Total: 350430 ns
[2025-04-25T12:39:46.265+0000][17.640s][debug][safepoint   ] Safepoint synchronization initiated using futex wait barrier. (20 threads)
[2025-04-25T12:39:46.265+0000][17.640s][info ][gc,start    ] GC(32) Pause Young (Normal) (G1 Evacuation Pause)
[2025-04-25T12:39:46.265+0000][17.640s][info ][gc,task     ] GC(32) Using 4 workers of 4 for evacuation
[2025-04-25T12:39:46.275+0000][17.650s][info ][gc,phases   ] GC(32)   Pre Evacuate Collection Set: 0.1ms
[2025-04-25T12:39:46.275+0000][17.650s][info ][gc,phases   ] GC(32)   Merge Heap Roots: 0.1ms
[2025-04-25T12:39:46.275+0000][17.650s][info ][gc,phases   ] GC(32)   Evacuate Collection Set: 7.9ms
[2025-04-25T12:39:46.275+0000][17.650s][info ][gc,phases   ] GC(32)   Post Evacuate Collection Set: 1.7ms
[2025-04-25T12:39:46.275+0000][17.650s][info ][gc,phases   ] GC(32)   Other: 0.2ms
[2025-04-25T12:39:46.275+0000][17.651s][info ][gc,heap     ] GC(32) Eden regions: 151->0(148)
[2025-04-25T12:39:46.276+0000][17.651s][info ][gc,heap     ] GC(32) Survivor regions: 3->6(20)
[2025-04-25T12:39:46.276+0000][17.651s][info ][gc,heap     ] GC(32) Old regions: 64->64
[2025-04-25T12:39:46.276+0000][17.651s][info ][gc,heap     ] GC(32) Archive regions: 2->2
[2025-04-25T12:39:46.276+0000][17.651s][info ][gc,heap     ] GC(32) Humongous regions: 0->0
[2025-04-25T12:39:46.276+0000][17.651s][info ][gc,metaspace] GC(32) Metaspace: 63037K(63488K)->63037K(63488K) NonClass: 55069K(55296K)->55069K(55296K) Class: 7968K(8192K)->7968K(8192K)
[2025-04-25T12:39:46.276+0000][17.651s][info ][gc          ] GC(32) Pause Young (Normal) (G1 Evacuation Pause) 218M->69M(257M) 10.933ms
[2025-04-25T12:39:46.276+0000][17.651s][info ][gc,cpu      ] GC(32) User=0.04s Sys=0.00s Real=0.02s
[2025-04-25T12:39:46.276+0000][17.651s][info ][safepoint   ] Safepoint "G1CollectForAllocation", Time since last: 274315335 ns, Reaching safepoint: 166490 ns, Cleanup: 45362 ns, At safepoint: 11133234 ns, Total: 11345086 ns
[2025-04-25T12:39:46.887+0000][18.262s][debug][safepoint   ] Safepoint synchronization initiated using futex wait barrier. (19 threads)
[2025-04-25T12:39:46.888+0000][18.263s][info ][gc,start    ] GC(33) Pause Young (Normal) (G1 Evacuation Pause)
[2025-04-25T12:39:46.888+0000][18.263s][info ][gc,task     ] GC(33) Using 4 workers of 4 for evacuation
[2025-04-25T12:39:46.895+0000][18.270s][info ][gc,phases   ] GC(33)   Pre Evacuate Collection Set: 0.1ms
[2025-04-25T12:39:46.895+0000][18.270s][info ][gc,phases   ] GC(33)   Merge Heap Roots: 0.1ms
[2025-04-25T12:39:46.895+0000][18.270s][info ][gc,phases   ] GC(33)   Evacuate Collection Set: 5.3ms
[2025-04-25T12:39:46.895+0000][18.270s][info ][gc,phases   ] GC(33)   Post Evacuate Collection Set: 1.1ms
[2025-04-25T12:39:46.895+0000][18.270s][info ][gc,phases   ] GC(33)   Other: 0.1ms
[2025-04-25T12:39:46.895+0000][18.270s][info ][gc,heap     ] GC(33) Eden regions: 148->0(148)
[2025-04-25T12:39:46.895+0000][18.270s][info ][gc,heap     ] GC(33) Survivor regions: 6->6(20)
[2025-04-25T12:39:46.895+0000][18.270s][info ][gc,heap     ] GC(33) Old regions: 64->64
[2025-04-25T12:39:46.895+0000][18.270s][info ][gc,heap     ] GC(33) Archive regions: 2->2
[2025-04-25T12:39:46.895+0000][18.270s][info ][gc,heap     ] GC(33) Humongous regions: 0->0
[2025-04-25T12:39:46.895+0000][18.270s][info ][gc,metaspace] GC(33) Metaspace: 66090K(66560K)->66090K(66560K) NonClass: 57616K(57856K)->57616K(57856K) Class: 8473K(8704K)->8473K(8704K)
[2025-04-25T12:39:46.895+0000][18.270s][info ][gc          ] GC(33) Pause Young (Normal) (G1 Evacuation Pause) 217M->69M(257M) 6.646ms
[2025-04-25T12:39:46.895+0000][18.270s][info ][gc,cpu      ] GC(33) User=0.03s Sys=0.00s Real=0.00s
[2025-04-25T12:39:46.895+0000][18.270s][info ][safepoint   ] Safepoint "G1CollectForAllocation", Time since last: 610748985 ns, Reaching safepoint: 37051 ns, Cleanup: 1084313 ns, At safepoint: 6686907 ns, Total: 7808271 ns
[2025-04-25T12:39:47.229+0000][18.604s][debug][safepoint   ] Safepoint synchronization initiated using futex wait barrier. (20 threads)
[2025-04-25T12:39:47.229+0000][18.604s][info ][safepoint   ] Safepoint "ICBufferFull", Time since last: 333879304 ns, Reaching safepoint: 43612 ns, Cleanup: 97219 ns, At safepoint: 4367 ns, Total: 145198 ns
[2025-04-25T12:39:47.761+0000][19.136s][debug][safepoint   ] Safepoint synchronization initiated using futex wait barrier. (20 threads)
[2025-04-25T12:39:47.762+0000][19.137s][debug][safepoint   ] ... found polling page loop exception at pc = 0x000070248d2ff545, stub =0x000070248c98e400
[2025-04-25T12:39:47.762+0000][19.137s][info ][safepoint   ] Safepoint "ICBufferFull", Time since last: 532182769 ns, Reaching safepoint: 740781 ns, Cleanup: 119436 ns, At safepoint: 8796 ns, Total: 869013 ns
[2025-04-25T12:39:47.795+0000][19.170s][debug][safepoint   ] ... found polling page loop exception at pc = 0x000070248cfb9256, stub =0x000070248c98e400
[2025-04-25T12:39:47.868+0000][19.243s][debug][safepoint   ] Safepoint synchronization initiated using futex wait barrier. (20 threads)
[2025-04-25T12:39:47.869+0000][19.244s][info ][gc,start    ] GC(34) Pause Young (Normal) (G1 Evacuation Pause)
[2025-04-25T12:39:47.869+0000][19.244s][info ][gc,task     ] GC(34) Using 4 workers of 4 for evacuation
[2025-04-25T12:39:47.889+0000][19.264s][info ][gc,phases   ] GC(34)   Pre Evacuate Collection Set: 0.2ms
[2025-04-25T12:39:47.889+0000][19.264s][info ][gc,phases   ] GC(34)   Merge Heap Roots: 0.1ms
[2025-04-25T12:39:47.889+0000][19.264s][info ][gc,phases   ] GC(34)   Evacuate Collection Set: 17.7ms
[2025-04-25T12:39:47.889+0000][19.264s][info ][gc,phases   ] GC(34)   Post Evacuate Collection Set: 2.1ms
[2025-04-25T12:39:47.889+0000][19.264s][info ][gc,phases   ] GC(34)   Other: 0.1ms
[2025-04-25T12:39:47.889+0000][19.264s][info ][gc,heap     ] GC(34) Eden regions: 148->0(144)
[2025-04-25T12:39:47.889+0000][19.264s][info ][gc,heap     ] GC(34) Survivor regions: 6->10(20)
[2025-04-25T12:39:47.889+0000][19.264s][info ][gc,heap     ] GC(34) Old regions: 64->64
[2025-04-25T12:39:47.889+0000][19.264s][info ][gc,heap     ] GC(34) Archive regions: 2->2
[2025-04-25T12:39:47.889+0000][19.264s][info ][gc,heap     ] GC(34) Humongous regions: 0->0
[2025-04-25T12:39:47.889+0000][19.264s][info ][gc,metaspace] GC(34) Metaspace: 69358K(69824K)->69358K(69824K) NonClass: 60497K(60736K)->60497K(60736K) Class: 8861K(9088K)->8861K(9088K)
[2025-04-25T12:39:47.889+0000][19.264s][info ][gc          ] GC(34) Pause Young (Normal) (G1 Evacuation Pause) 217M->74M(257M) 20.295ms
[2025-04-25T12:39:47.889+0000][19.264s][info ][gc,cpu      ] GC(34) User=0.07s Sys=0.00s Real=0.02s
[2025-04-25T12:39:47.891+0000][19.266s][info ][safepoint   ] Safepoint "G1CollectForAllocation", Time since last: 106618241 ns, Reaching safepoint: 55020 ns, Cleanup: 87223 ns, At safepoint: 22129707 ns, Total: 22271950 ns
[2025-04-25T12:39:48.216+0000][19.591s][debug][safepoint   ] Safepoint synchronization initiated using futex wait barrier. (20 threads)
[2025-04-25T12:39:48.216+0000][19.591s][info ][safepoint   ] Safepoint "ICBufferFull", Time since last: 324867846 ns, Reaching safepoint: 134726 ns, Cleanup: 116657 ns, At safepoint: 6394 ns, Total: 257777 ns
[2025-04-25T12:39:48.778+0000][20.153s][debug][safepoint   ] Safepoint synchronization initiated using futex wait barrier. (20 threads)
[2025-04-25T12:39:48.778+0000][20.153s][info ][gc,start    ] GC(35) Pause Young (Normal) (G1 Evacuation Pause)
[2025-04-25T12:39:48.778+0000][20.153s][info ][gc,task     ] GC(35) Using 4 workers of 4 for evacuation
[2025-04-25T12:39:48.792+0000][20.168s][info ][gc,phases   ] GC(35)   Pre Evacuate Collection Set: 0.1ms
[2025-04-25T12:39:48.792+0000][20.168s][info ][gc,phases   ] GC(35)   Merge Heap Roots: 0.1ms
[2025-04-25T12:39:48.792+0000][20.168s][info ][gc,phases   ] GC(35)   Evacuate Collection Set: 12.8ms
[2025-04-25T12:39:48.792+0000][20.168s][info ][gc,phases   ] GC(35)   Post Evacuate Collection Set: 1.3ms
[2025-04-25T12:39:48.792+0000][20.168s][info ][gc,phases   ] GC(35)   Other: 0.1ms
[2025-04-25T12:39:48.792+0000][20.168s][info ][gc,heap     ] GC(35) Eden regions: 144->0(141)
[2025-04-25T12:39:48.792+0000][20.168s][info ][gc,heap     ] GC(35) Survivor regions: 10->12(20)
[2025-04-25T12:39:48.792+0000][20.168s][info ][gc,heap     ] GC(35) Old regions: 64->64
[2025-04-25T12:39:48.793+0000][20.168s][info ][gc,heap     ] GC(35) Archive regions: 2->2
[2025-04-25T12:39:48.793+0000][20.168s][info ][gc,heap     ] GC(35) Humongous regions: 0->0
[2025-04-25T12:39:48.793+0000][20.168s][info ][gc,metaspace] GC(35) Metaspace: 74591K(75072K)->74591K(75072K) NonClass: 64984K(65216K)->64984K(65216K) Class: 9607K(9856K)->9607K(9856K)
[2025-04-25T12:39:48.793+0000][20.168s][info ][gc          ] GC(35) Pause Young (Normal) (G1 Evacuation Pause) 218M->75M(257M) 14.521ms
[2025-04-25T12:39:48.793+0000][20.168s][info ][gc,cpu      ] GC(35) User=0.06s Sys=0.00s Real=0.01s
[2025-04-25T12:39:48.793+0000][20.168s][info ][safepoint   ] Safepoint "G1CollectForAllocation", Time since last: 562076026 ns, Reaching safepoint: 53148 ns, Cleanup: 118830 ns, At safepoint: 14576548 ns, Total: 14748526 ns
[2025-04-25T12:39:49.042+0000][20.417s][debug][safepoint   ] Safepoint synchronization initiated using futex wait barrier. (20 threads)
[2025-04-25T12:39:49.042+0000][20.417s][info ][gc,start    ] GC(36) Pause Young (Concurrent Start) (Metadata GC Threshold)
[2025-04-25T12:39:49.042+0000][20.417s][info ][gc,task     ] GC(36) Using 4 workers of 4 for evacuation
[2025-04-25T12:39:49.053+0000][20.428s][info ][gc,phases   ] GC(36)   Pre Evacuate Collection Set: 0.1ms
[2025-04-25T12:39:49.053+0000][20.428s][info ][gc,phases   ] GC(36)   Merge Heap Roots: 0.1ms
[2025-04-25T12:39:49.053+0000][20.428s][info ][gc,phases   ] GC(36)   Evacuate Collection Set: 9.5ms
[2025-04-25T12:39:49.053+0000][20.428s][info ][gc,phases   ] GC(36)   Post Evacuate Collection Set: 1.2ms
[2025-04-25T12:39:49.053+0000][20.428s][info ][gc,phases   ] GC(36)   Other: 0.1ms
[2025-04-25T12:39:49.053+0000][20.428s][info ][gc,heap     ] GC(36) Eden regions: 71->0(143)
[2025-04-25T12:39:49.053+0000][20.428s][info ][gc,heap     ] GC(36) Survivor regions: 12->10(20)
[2025-04-25T12:39:49.053+0000][20.428s][info ][gc,heap     ] GC(36) Old regions: 64->66
[2025-04-25T12:39:49.053+0000][20.428s][info ][gc,heap     ] GC(36) Archive regions: 2->2
[2025-04-25T12:39:49.053+0000][20.428s][info ][gc,heap     ] GC(36) Humongous regions: 0->0
[2025-04-25T12:39:49.053+0000][20.428s][info ][gc,metaspace] GC(36) Metaspace: 76610K(77056K)->76610K(77056K) NonClass: 66681K(66880K)->66681K(66880K) Class: 9929K(10176K)->9929K(10176K)
[2025-04-25T12:39:49.053+0000][20.428s][info ][gc          ] GC(36) Pause Young (Concurrent Start) (Metadata GC Threshold) 146M->76M(257M) 11.076ms
[2025-04-25T12:39:49.053+0000][20.428s][info ][gc,cpu      ] GC(36) User=0.04s Sys=0.00s Real=0.01s
[2025-04-25T12:39:49.053+0000][20.428s][info ][gc          ] GC(37) Concurrent Mark Cycle
[2025-04-25T12:39:49.053+0000][20.428s][info ][gc,marking  ] GC(37) Concurrent Clear Claimed Marks
[2025-04-25T12:39:49.053+0000][20.428s][info ][safepoint   ] Safepoint "CollectForMetadataAllocation", Time since last: 249065495 ns, Reaching safepoint: 32073 ns, Cleanup: 15475 ns, At safepoint: 11146741 ns, Total: 11194289 ns
[2025-04-25T12:39:49.053+0000][20.428s][info ][gc,marking  ] GC(37) Concurrent Clear Claimed Marks 0.041ms
[2025-04-25T12:39:49.053+0000][20.428s][info ][gc,marking  ] GC(37) Concurrent Scan Root Regions
[2025-04-25T12:39:49.061+0000][20.436s][info ][gc,marking  ] GC(37) Concurrent Scan Root Regions 7.862ms
[2025-04-25T12:39:49.061+0000][20.436s][info ][gc,marking  ] GC(37) Concurrent Mark
[2025-04-25T12:39:49.061+0000][20.436s][info ][gc,marking  ] GC(37) Concurrent Mark From Roots
[2025-04-25T12:39:49.061+0000][20.436s][info ][gc,task     ] GC(37) Using 1 workers of 1 for marking
[2025-04-25T12:39:49.140+0000][20.515s][debug][safepoint   ] Safepoint synchronization initiated using futex wait barrier. (19 threads)
[2025-04-25T12:39:49.140+0000][20.515s][info ][safepoint   ] Safepoint "CollectForMetadataAllocation", Time since last: 86671222 ns, Reaching safepoint: 88035 ns, Cleanup: 20229 ns, At safepoint: 31716 ns, Total: 139980 ns
[2025-04-25T12:39:49.167+0000][20.542s][info ][gc,marking  ] GC(37) Concurrent Mark From Roots 105.893ms
[2025-04-25T12:39:49.167+0000][20.542s][info ][gc,marking  ] GC(37) Concurrent Preclean
[2025-04-25T12:39:49.167+0000][20.542s][info ][gc,marking  ] GC(37) Concurrent Preclean 0.342ms
[2025-04-25T12:39:49.167+0000][20.542s][debug][safepoint   ] Safepoint synchronization initiated using futex wait barrier. (19 threads)
[2025-04-25T12:39:49.167+0000][20.542s][info ][gc,start    ] GC(37) Pause Remark
[2025-04-25T12:39:49.174+0000][20.549s][info ][gc          ] GC(37) Pause Remark 103M->103M(257M) 6.543ms
[2025-04-25T12:39:49.174+0000][20.549s][info ][gc,cpu      ] GC(37) User=0.02s Sys=0.00s Real=0.00s
[2025-04-25T12:39:49.174+0000][20.549s][info ][safepoint   ] Safepoint "G1PauseRemark", Time since last: 27498022 ns, Reaching safepoint: 98338 ns, Cleanup: 22178 ns, At safepoint: 6616985 ns, Total: 6737501 ns
[2025-04-25T12:39:49.174+0000][20.549s][info ][gc,marking  ] GC(37) Concurrent Mark 113.298ms
[2025-04-25T12:39:49.174+0000][20.549s][info ][gc,marking  ] GC(37) Concurrent Rebuild Remembered Sets
[2025-04-25T12:39:49.250+0000][20.626s][info ][gc,marking  ] GC(37) Concurrent Rebuild Remembered Sets 76.285ms
[2025-04-25T12:39:49.250+0000][20.626s][debug][safepoint   ] Safepoint synchronization initiated using futex wait barrier. (20 threads)
[2025-04-25T12:39:49.251+0000][20.626s][info ][gc,start    ] GC(37) Pause Cleanup
[2025-04-25T12:39:49.251+0000][20.626s][info ][gc          ] GC(37) Pause Cleanup 117M->117M(257M) 0.130ms
[2025-04-25T12:39:49.251+0000][20.626s][info ][gc,cpu      ] GC(37) User=0.00s Sys=0.00s Real=0.00s
[2025-04-25T12:39:49.251+0000][20.626s][info ][safepoint   ] Safepoint "G1PauseCleanup", Time since last: 76588599 ns, Reaching safepoint: 91676 ns, Cleanup: 12490 ns, At safepoint: 170858 ns, Total: 275024 ns
[2025-04-25T12:39:49.251+0000][20.626s][info ][gc,marking  ] GC(37) Concurrent Cleanup for Next Mark
[2025-04-25T12:39:49.251+0000][20.626s][info ][gc,marking  ] GC(37) Concurrent Cleanup for Next Mark 0.301ms
[2025-04-25T12:39:49.251+0000][20.626s][info ][gc          ] GC(37) Concurrent Mark Cycle 198.319ms
[2025-04-25T12:39:49.536+0000][20.911s][debug][safepoint   ] Safepoint synchronization initiated using futex wait barrier. (20 threads)
[2025-04-25T12:39:49.537+0000][20.912s][info ][safepoint   ] Safepoint "ICBufferFull", Time since last: 285578999 ns, Reaching safepoint: 178717 ns, Cleanup: 144327 ns, At safepoint: 4586 ns, Total: 327630 ns
[2025-04-25T12:39:49.612+0000][20.987s][debug][safepoint   ] Safepoint synchronization initiated using futex wait barrier. (20 threads)
[2025-04-25T12:39:49.612+0000][20.987s][info ][safepoint   ] Safepoint "ICBufferFull", Time since last: 74897009 ns, Reaching safepoint: 38028 ns, Cleanup: 80922 ns, At safepoint: 3014 ns, Total: 121964 ns
[2025-04-25T12:39:49.741+0000][21.116s][debug][safepoint   ] Safepoint synchronization initiated using futex wait barrier. (20 threads)
[2025-04-25T12:39:49.741+0000][21.116s][info ][safepoint   ] Safepoint "ICBufferFull", Time since last: 129002146 ns, Reaching safepoint: 180093 ns, Cleanup: 124751 ns, At safepoint: 4673 ns, Total: 309517 ns
[2025-04-25T12:39:49.876+0000][21.251s][debug][safepoint   ] Safepoint synchronization initiated using futex wait barrier. (20 threads)
[2025-04-25T12:39:49.876+0000][21.251s][info ][safepoint   ] Safepoint "ICBufferFull", Time since last: 134544964 ns, Reaching safepoint: 49820 ns, Cleanup: 83654 ns, At safepoint: 5677 ns, Total: 139151 ns
[2025-04-25T12:39:49.936+0000][21.311s][debug][safepoint   ] Safepoint synchronization initiated using futex wait barrier. (20 threads)
[2025-04-25T12:39:49.936+0000][21.311s][info ][gc,start    ] GC(38) Pause Young (Prepare Mixed) (G1 Evacuation Pause)
[2025-04-25T12:39:49.936+0000][21.311s][info ][gc,task     ] GC(38) Using 4 workers of 4 for evacuation
[2025-04-25T12:39:49.956+0000][21.331s][info ][gc,phases   ] GC(38)   Pre Evacuate Collection Set: 0.1ms
[2025-04-25T12:39:49.956+0000][21.331s][info ][gc,phases   ] GC(38)   Merge Heap Roots: 0.1ms
[2025-04-25T12:39:49.956+0000][21.331s][info ][gc,phases   ] GC(38)   Evacuate Collection Set: 18.1ms
[2025-04-25T12:39:49.956+0000][21.331s][info ][gc,phases   ] GC(38)   Post Evacuate Collection Set: 1.4ms
[2025-04-25T12:39:49.956+0000][21.331s][info ][gc,phases   ] GC(38)   Other: 0.1ms
[2025-04-25T12:39:49.956+0000][21.331s][info ][gc,heap     ] GC(38) Eden regions: 143->0(2)
[2025-04-25T12:39:49.956+0000][21.331s][info ][gc,heap     ] GC(38) Survivor regions: 10->10(20)
[2025-04-25T12:39:49.956+0000][21.331s][info ][gc,heap     ] GC(38) Old regions: 66->66
[2025-04-25T12:39:49.956+0000][21.331s][info ][gc,heap     ] GC(38) Archive regions: 2->2
[2025-04-25T12:39:49.956+0000][21.331s][info ][gc,heap     ] GC(38) Humongous regions: 0->0
[2025-04-25T12:39:49.956+0000][21.331s][info ][gc,metaspace] GC(38) Metaspace: 79027K(79488K)->79027K(79488K) NonClass: 68691K(68928K)->68691K(68928K) Class: 10335K(10560K)->10335K(10560K)
[2025-04-25T12:39:49.956+0000][21.331s][info ][gc          ] GC(38) Pause Young (Prepare Mixed) (G1 Evacuation Pause) 219M->76M(257M) 19.988ms
[2025-04-25T12:39:49.956+0000][21.331s][info ][gc,cpu      ] GC(38) User=0.07s Sys=0.00s Real=0.02s
[2025-04-25T12:39:49.956+0000][21.331s][info ][safepoint   ] Safepoint "G1CollectForAllocation", Time since last: 60160436 ns, Reaching safepoint: 51767 ns, Cleanup: 37619 ns, At safepoint: 20042512 ns, Total: 20131898 ns
[2025-04-25T12:39:49.974+0000][21.349s][debug][safepoint   ] Safepoint synchronization initiated using futex wait barrier. (20 threads)
[2025-04-25T12:39:49.974+0000][21.349s][info ][gc,start    ] GC(39) Pause Young (Mixed) (G1 Evacuation Pause)
[2025-04-25T12:39:49.974+0000][21.350s][info ][gc,task     ] GC(39) Using 4 workers of 4 for evacuation
[2025-04-25T12:39:49.994+0000][21.369s][info ][gc,phases   ] GC(39)   Pre Evacuate Collection Set: 0.1ms
[2025-04-25T12:39:49.994+0000][21.369s][info ][gc,phases   ] GC(39)   Merge Heap Roots: 0.1ms
[2025-04-25T12:39:49.994+0000][21.369s][info ][gc,phases   ] GC(39)   Evacuate Collection Set: 17.9ms
[2025-04-25T12:39:49.994+0000][21.369s][info ][gc,phases   ] GC(39)   Post Evacuate Collection Set: 1.3ms
[2025-04-25T12:39:49.994+0000][21.369s][info ][gc,phases   ] GC(39)   Other: 0.2ms
[2025-04-25T12:39:49.994+0000][21.369s][info ][gc,heap     ] GC(39) Eden regions: 2->0(146)
[2025-04-25T12:39:49.994+0000][21.369s][info ][gc,heap     ] GC(39) Survivor regions: 10->2(2)
[2025-04-25T12:39:49.994+0000][21.369s][info ][gc,heap     ] GC(39) Old regions: 66->74
[2025-04-25T12:39:49.994+0000][21.369s][info ][gc,heap     ] GC(39) Archive regions: 2->2
[2025-04-25T12:39:49.994+0000][21.369s][info ][gc,heap     ] GC(39) Humongous regions: 0->0
[2025-04-25T12:39:49.994+0000][21.369s][info ][gc,metaspace] GC(39) Metaspace: 79055K(79552K)->79055K(79552K) NonClass: 68716K(68992K)->68716K(68992K) Class: 10339K(10560K)->10339K(10560K)
[2025-04-25T12:39:49.994+0000][21.369s][info ][gc          ] GC(39) Pause Young (Mixed) (G1 Evacuation Pause) 78M->76M(257M) 19.765ms
[2025-04-25T12:39:49.994+0000][21.369s][info ][gc,cpu      ] GC(39) User=0.05s Sys=0.01s Real=0.02s
[2025-04-25T12:39:49.994+0000][21.369s][info ][safepoint   ] Safepoint "G1CollectForAllocation", Time since last: 18160648 ns, Reaching safepoint: 217562 ns, Cleanup: 14863 ns, At safepoint: 19828144 ns, Total: 20060569 ns
[2025-04-25T12:39:50.162+0000][21.537s][debug][safepoint   ] Safepoint synchronization initiated using futex wait barrier. (20 threads)
[2025-04-25T12:39:50.162+0000][21.538s][info ][safepoint   ] Safepoint "ICBufferFull", Time since last: 167934930 ns, Reaching safepoint: 204182 ns, Cleanup: 93279 ns, At safepoint: 4292 ns, Total: 301753 ns
[2025-04-25T12:39:50.669+0000][22.044s][debug][safepoint   ] Safepoint synchronization initiated using futex wait barrier. (19 threads)
[2025-04-25T12:39:50.669+0000][22.044s][info ][safepoint   ] Safepoint "ICBufferFull", Time since last: 506144729 ns, Reaching safepoint: 47718 ns, Cleanup: 83114 ns, At safepoint: 3634 ns, Total: 134466 ns
[2025-04-25T12:39:50.825+0000][22.200s][debug][safepoint   ] Safepoint synchronization initiated using futex wait barrier. (19 threads)
[2025-04-25T12:39:50.825+0000][22.200s][info ][gc,start    ] GC(40) Pause Young (Concurrent Start) (G1 Evacuation Pause)
[2025-04-25T12:39:50.825+0000][22.200s][info ][gc,task     ] GC(40) Using 4 workers of 4 for evacuation
[2025-04-25T12:39:50.831+0000][22.206s][info ][gc,phases   ] GC(40)   Pre Evacuate Collection Set: 0.1ms
[2025-04-25T12:39:50.831+0000][22.206s][info ][gc,phases   ] GC(40)   Merge Heap Roots: 0.1ms
[2025-04-25T12:39:50.831+0000][22.206s][info ][gc,phases   ] GC(40)   Evacuate Collection Set: 4.5ms
[2025-04-25T12:39:50.831+0000][22.206s][info ][gc,phases   ] GC(40)   Post Evacuate Collection Set: 0.9ms
[2025-04-25T12:39:50.831+0000][22.206s][info ][gc,phases   ] GC(40)   Other: 0.1ms
[2025-04-25T12:39:50.831+0000][22.206s][info ][gc,heap     ] GC(40) Eden regions: 146->0(144)
[2025-04-25T12:39:50.831+0000][22.206s][info ][gc,heap     ] GC(40) Survivor regions: 2->3(19)
[2025-04-25T12:39:50.831+0000][22.206s][info ][gc,heap     ] GC(40) Old regions: 74->74
[2025-04-25T12:39:50.831+0000][22.206s][info ][gc,heap     ] GC(40) Archive regions: 2->2
[2025-04-25T12:39:50.831+0000][22.206s][info ][gc,heap     ] GC(40) Humongous regions: 0->0
[2025-04-25T12:39:50.831+0000][22.206s][info ][gc,metaspace] GC(40) Metaspace: 82403K(82880K)->82403K(82880K) NonClass: 71572K(71808K)->71572K(71808K) Class: 10830K(11072K)->10830K(11072K)
[2025-04-25T12:39:50.831+0000][22.206s][info ][gc          ] GC(40) Pause Young (Concurrent Start) (G1 Evacuation Pause) 222M->77M(257M) 5.780ms
[2025-04-25T12:39:50.831+0000][22.206s][info ][gc,cpu      ] GC(40) User=0.02s Sys=0.01s Real=0.01s
[2025-04-25T12:39:50.831+0000][22.206s][info ][gc          ] GC(41) Concurrent Mark Cycle
[2025-04-25T12:39:50.831+0000][22.206s][info ][gc,marking  ] GC(41) Concurrent Clear Claimed Marks
[2025-04-25T12:39:50.831+0000][22.206s][info ][safepoint   ] Safepoint "G1CollectForAllocation", Time since last: 156432546 ns, Reaching safepoint: 39457 ns, Cleanup: 27307 ns, At safepoint: 5834072 ns, Total: 5900836 ns
[2025-04-25T12:39:50.831+0000][22.206s][info ][gc,marking  ] GC(41) Concurrent Clear Claimed Marks 0.047ms
[2025-04-25T12:39:50.831+0000][22.206s][info ][gc,marking  ] GC(41) Concurrent Scan Root Regions
[2025-04-25T12:39:50.835+0000][22.210s][info ][gc,marking  ] GC(41) Concurrent Scan Root Regions 4.203ms
[2025-04-25T12:39:50.835+0000][22.210s][info ][gc,marking  ] GC(41) Concurrent Mark
[2025-04-25T12:39:50.835+0000][22.210s][info ][gc,marking  ] GC(41) Concurrent Mark From Roots
[2025-04-25T12:39:50.835+0000][22.210s][info ][gc,task     ] GC(41) Using 1 workers of 1 for marking
[2025-04-25T12:39:50.949+0000][22.324s][info ][gc,marking  ] GC(41) Concurrent Mark From Roots 113.945ms
[2025-04-25T12:39:50.949+0000][22.324s][info ][gc,marking  ] GC(41) Concurrent Preclean
[2025-04-25T12:39:50.950+0000][22.325s][info ][gc,marking  ] GC(41) Concurrent Preclean 0.266ms
[2025-04-25T12:39:50.950+0000][22.325s][debug][safepoint   ] Safepoint synchronization initiated using futex wait barrier. (19 threads)
[2025-04-25T12:39:50.950+0000][22.325s][info ][gc,start    ] GC(41) Pause Remark
[2025-04-25T12:39:50.955+0000][22.330s][info ][gc          ] GC(41) Pause Remark 121M->121M(257M) 5.253ms
[2025-04-25T12:39:50.955+0000][22.330s][info ][gc,cpu      ] GC(41) User=0.02s Sys=0.00s Real=0.00s
[2025-04-25T12:39:50.955+0000][22.330s][info ][safepoint   ] Safepoint "G1PauseRemark", Time since last: 118620055 ns, Reaching safepoint: 90946 ns, Cleanup: 18153 ns, At safepoint: 5320679 ns, Total: 5429778 ns
[2025-04-25T12:39:50.955+0000][22.330s][info ][gc,marking  ] GC(41) Concurrent Mark 119.760ms
[2025-04-25T12:39:50.955+0000][22.330s][info ][gc,marking  ] GC(41) Concurrent Rebuild Remembered Sets
[2025-04-25T12:39:51.048+0000][22.423s][info ][gc,marking  ] GC(41) Concurrent Rebuild Remembered Sets 92.545ms
[2025-04-25T12:39:51.048+0000][22.423s][debug][safepoint   ] Safepoint synchronization initiated using futex wait barrier. (20 threads)
[2025-04-25T12:39:51.048+0000][22.423s][info ][gc,start    ] GC(41) Pause Cleanup
[2025-04-25T12:39:51.048+0000][22.423s][info ][gc          ] GC(41) Pause Cleanup 136M->136M(257M) 0.245ms
[2025-04-25T12:39:51.048+0000][22.423s][info ][gc,cpu      ] GC(41) User=0.01s Sys=0.00s Real=0.00s
[2025-04-25T12:39:51.048+0000][22.424s][info ][safepoint   ] Safepoint "G1PauseCleanup", Time since last: 92792304 ns, Reaching safepoint: 189067 ns, Cleanup: 31694 ns, At safepoint: 325442 ns, Total: 546203 ns
[2025-04-25T12:39:51.049+0000][22.424s][info ][gc,marking  ] GC(41) Concurrent Cleanup for Next Mark
[2025-04-25T12:39:51.050+0000][22.425s][info ][gc,marking  ] GC(41) Concurrent Cleanup for Next Mark 0.525ms
[2025-04-25T12:39:51.050+0000][22.425s][info ][gc          ] GC(41) Concurrent Mark Cycle 218.798ms
[2025-04-25T12:39:51.487+0000][22.862s][debug][safepoint   ] Safepoint synchronization initiated using futex wait barrier. (19 threads)
[2025-04-25T12:39:51.487+0000][22.862s][info ][safepoint   ] Safepoint "ICBufferFull", Time since last: 438432945 ns, Reaching safepoint: 65473 ns, Cleanup: 123023 ns, At safepoint: 4787 ns, Total: 193283 ns
[2025-04-25T12:39:51.945+0000][23.320s][debug][safepoint   ] Safepoint synchronization initiated using futex wait barrier. (20 threads)
[2025-04-25T12:39:51.946+0000][23.321s][info ][gc,start    ] GC(42) Pause Young (Prepare Mixed) (G1 Evacuation Pause)
[2025-04-25T12:39:51.946+0000][23.321s][info ][gc,task     ] GC(42) Using 4 workers of 4 for evacuation
[2025-04-25T12:39:51.957+0000][23.332s][info ][gc,phases   ] GC(42)   Pre Evacuate Collection Set: 0.2ms
[2025-04-25T12:39:51.957+0000][23.332s][info ][gc,phases   ] GC(42)   Merge Heap Roots: 0.2ms
[2025-04-25T12:39:51.957+0000][23.332s][info ][gc,phases   ] GC(42)   Evacuate Collection Set: 9.2ms
[2025-04-25T12:39:51.957+0000][23.332s][info ][gc,phases   ] GC(42)   Post Evacuate Collection Set: 1.3ms
[2025-04-25T12:39:51.957+0000][23.332s][info ][gc,phases   ] GC(42)   Other: 0.2ms
[2025-04-25T12:39:51.957+0000][23.332s][info ][gc,heap     ] GC(42) Eden regions: 144->0(6)
[2025-04-25T12:39:51.957+0000][23.332s][info ][gc,heap     ] GC(42) Survivor regions: 3->6(19)
[2025-04-25T12:39:51.957+0000][23.332s][info ][gc,heap     ] GC(42) Old regions: 74->74
[2025-04-25T12:39:51.957+0000][23.332s][info ][gc,heap     ] GC(42) Archive regions: 2->2
[2025-04-25T12:39:51.957+0000][23.332s][info ][gc,heap     ] GC(42) Humongous regions: 0->0
[2025-04-25T12:39:51.957+0000][23.332s][info ][gc,metaspace] GC(42) Metaspace: 84522K(85120K)->84522K(85120K) NonClass: 73530K(73856K)->73530K(73856K) Class: 10992K(11264K)->10992K(11264K)
[2025-04-25T12:39:51.957+0000][23.332s][info ][gc          ] GC(42) Pause Young (Prepare Mixed) (G1 Evacuation Pause) 221M->80M(257M) 11.149ms
[2025-04-25T12:39:51.957+0000][23.332s][info ][gc,cpu      ] GC(42) User=0.04s Sys=0.00s Real=0.01s
[2025-04-25T12:39:51.957+0000][23.332s][info ][safepoint   ] Safepoint "G1CollectForAllocation", Time since last: 458177002 ns, Reaching safepoint: 169650 ns, Cleanup: 88986 ns, At safepoint: 11233118 ns, Total: 11491754 ns
[2025-04-25T12:39:52.041+0000][23.416s][debug][safepoint   ] Safepoint synchronization initiated using futex wait barrier. (20 threads)
[2025-04-25T12:39:52.042+0000][23.417s][info ][gc,start    ] GC(43) Pause Young (Mixed) (G1 Evacuation Pause)
[2025-04-25T12:39:52.042+0000][23.417s][info ][gc,task     ] GC(43) Using 4 workers of 4 for evacuation
[2025-04-25T12:39:52.072+0000][23.447s][info ][gc,phases   ] GC(43)   Pre Evacuate Collection Set: 0.1ms
[2025-04-25T12:39:52.072+0000][23.447s][info ][gc,phases   ] GC(43)   Merge Heap Roots: 0.1ms
[2025-04-25T12:39:52.072+0000][23.447s][info ][gc,phases   ] GC(43)   Evacuate Collection Set: 26.2ms
[2025-04-25T12:39:52.072+0000][23.447s][info ][gc,phases   ] GC(43)   Post Evacuate Collection Set: 3.1ms
[2025-04-25T12:39:52.072+0000][23.447s][info ][gc,phases   ] GC(43)   Other: 0.5ms
[2025-04-25T12:39:52.072+0000][23.447s][info ][gc,heap     ] GC(43) Eden regions: 6->0(140)
[2025-04-25T12:39:52.072+0000][23.447s][info ][gc,heap     ] GC(43) Survivor regions: 6->1(2)
[2025-04-25T12:39:52.072+0000][23.447s][info ][gc,heap     ] GC(43) Old regions: 74->79
[2025-04-25T12:39:52.072+0000][23.447s][info ][gc,heap     ] GC(43) Archive regions: 2->2
[2025-04-25T12:39:52.072+0000][23.447s][info ][gc,heap     ] GC(43) Humongous regions: 0->0
[2025-04-25T12:39:52.072+0000][23.447s][info ][gc,metaspace] GC(43) Metaspace: 84654K(85248K)->84654K(85248K) NonClass: 73655K(73984K)->73655K(73984K) Class: 10998K(11264K)->10998K(11264K)
[2025-04-25T12:39:52.072+0000][23.447s][info ][gc          ] GC(43) Pause Young (Mixed) (G1 Evacuation Pause) 86M->80M(257M) 30.067ms
[2025-04-25T12:39:52.072+0000][23.447s][info ][gc,cpu      ] GC(43) User=0.08s Sys=0.00s Real=0.03s
[2025-04-25T12:39:52.072+0000][23.447s][info ][safepoint   ] Safepoint "G1CollectForAllocation", Time since last: 84602106 ns, Reaching safepoint: 278778 ns, Cleanup: 42738 ns, At safepoint: 30138212 ns, Total: 30459728 ns
[2025-04-25T12:39:53.385+0000][24.760s][debug][safepoint   ] Safepoint synchronization initiated using futex wait barrier. (24 threads)
[2025-04-25T12:39:53.385+0000][24.760s][info ][gc,start    ] GC(44) Pause Young (Normal) (G1 Evacuation Pause)
[2025-04-25T12:39:53.385+0000][24.760s][info ][gc,task     ] GC(44) Using 4 workers of 4 for evacuation
[2025-04-25T12:39:53.399+0000][24.774s][info ][gc,phases   ] GC(44)   Pre Evacuate Collection Set: 0.1ms
[2025-04-25T12:39:53.399+0000][24.775s][info ][gc,phases   ] GC(44)   Merge Heap Roots: 0.1ms
[2025-04-25T12:39:53.399+0000][24.775s][info ][gc,phases   ] GC(44)   Evacuate Collection Set: 12.4ms
[2025-04-25T12:39:53.399+0000][24.775s][info ][gc,phases   ] GC(44)   Post Evacuate Collection Set: 1.6ms
[2025-04-25T12:39:53.399+0000][24.775s][info ][gc,phases   ] GC(44)   Other: 0.1ms
[2025-04-25T12:39:53.399+0000][24.775s][info ][gc,heap     ] GC(44) Eden regions: 140->0(135)
[2025-04-25T12:39:53.400+0000][24.775s][info ][gc,heap     ] GC(44) Survivor regions: 1->5(18)
[2025-04-25T12:39:53.400+0000][24.775s][info ][gc,heap     ] GC(44) Old regions: 79->79
[2025-04-25T12:39:53.400+0000][24.775s][info ][gc,heap     ] GC(44) Archive regions: 2->2
[2025-04-25T12:39:53.400+0000][24.775s][info ][gc,heap     ] GC(44) Humongous regions: 0->0
[2025-04-25T12:39:53.400+0000][24.775s][info ][gc,metaspace] GC(44) Metaspace: 87201K(87680K)->87201K(87680K) NonClass: 75998K(76224K)->75998K(76224K) Class: 11203K(11456K)->11203K(11456K)
[2025-04-25T12:39:53.400+0000][24.775s][info ][gc          ] GC(44) Pause Young (Normal) (G1 Evacuation Pause) 220M->83M(257M) 14.639ms
[2025-04-25T12:39:53.400+0000][24.775s][info ][gc,cpu      ] GC(44) User=0.05s Sys=0.00s Real=0.02s
[2025-04-25T12:39:53.400+0000][24.775s][info ][safepoint   ] Safepoint "G1CollectForAllocation", Time since last: 1312932923 ns, Reaching safepoint: 44744 ns, Cleanup: 128383 ns, At safepoint: 14693974 ns, Total: 14867101 ns
[2025-04-25T12:39:54.503+0000][25.878s][debug][safepoint   ] Safepoint synchronization initiated using futex wait barrier. (24 threads)
[2025-04-25T12:39:54.503+0000][25.878s][info ][gc,start    ] GC(45) Pause Young (Normal) (G1 Evacuation Pause)
[2025-04-25T12:39:54.503+0000][25.878s][info ][gc,task     ] GC(45) Using 4 workers of 4 for evacuation
[2025-04-25T12:39:54.513+0000][25.888s][info ][gc,phases   ] GC(45)   Pre Evacuate Collection Set: 0.3ms
[2025-04-25T12:39:54.513+0000][25.888s][info ][gc,phases   ] GC(45)   Merge Heap Roots: 0.1ms
[2025-04-25T12:39:54.513+0000][25.888s][info ][gc,phases   ] GC(45)   Evacuate Collection Set: 8.3ms
[2025-04-25T12:39:54.513+0000][25.888s][info ][gc,phases   ] GC(45)   Post Evacuate Collection Set: 1.3ms
[2025-04-25T12:39:54.513+0000][25.888s][info ][gc,phases   ] GC(45)   Other: 0.1ms
[2025-04-25T12:39:54.513+0000][25.888s][info ][gc,heap     ] GC(45) Eden regions: 135->0(132)
[2025-04-25T12:39:54.513+0000][25.888s][info ][gc,heap     ] GC(45) Survivor regions: 5->8(18)
[2025-04-25T12:39:54.513+0000][25.888s][info ][gc,heap     ] GC(45) Old regions: 79->79
[2025-04-25T12:39:54.513+0000][25.888s][info ][gc,heap     ] GC(45) Archive regions: 2->2
[2025-04-25T12:39:54.513+0000][25.888s][info ][gc,heap     ] GC(45) Humongous regions: 0->0
[2025-04-25T12:39:54.513+0000][25.889s][info ][gc,metaspace] GC(45) Metaspace: 90346K(90944K)->90346K(90944K) NonClass: 78820K(79168K)->78820K(79168K) Class: 11525K(11776K)->11525K(11776K)
[2025-04-25T12:39:54.513+0000][25.889s][info ][gc          ] GC(45) Pause Young (Normal) (G1 Evacuation Pause) 218M->86M(257M) 10.310ms
[2025-04-25T12:39:54.513+0000][25.889s][info ][gc,cpu      ] GC(45) User=0.04s Sys=0.00s Real=0.01s
[2025-04-25T12:39:54.513+0000][25.889s][info ][safepoint   ] Safepoint "G1CollectForAllocation", Time since last: 1103388278 ns, Reaching safepoint: 58303 ns, Cleanup: 85155 ns, At safepoint: 10370049 ns, Total: 10513507 ns
[2025-04-25T12:39:55.411+0000][26.786s][debug][safepoint   ] Safepoint synchronization initiated using futex wait barrier. (24 threads)
[2025-04-25T12:39:55.411+0000][26.786s][info ][safepoint   ] Safepoint "ICBufferFull", Time since last: 897342286 ns, Reaching safepoint: 207693 ns, Cleanup: 117460 ns, At safepoint: 4074 ns, Total: 329227 ns
[2025-04-25T12:39:55.736+0000][27.111s][debug][safepoint   ] Safepoint synchronization initiated using futex wait barrier. (24 threads)
[2025-04-25T12:39:55.736+0000][27.111s][info ][gc,start    ] GC(46) Pause Young (Normal) (G1 Evacuation Pause)
[2025-04-25T12:39:55.737+0000][27.112s][info ][gc,task     ] GC(46) Using 4 workers of 4 for evacuation
[2025-04-25T12:39:55.753+0000][27.128s][info ][gc,phases   ] GC(46)   Pre Evacuate Collection Set: 0.2ms
[2025-04-25T12:39:55.753+0000][27.128s][info ][gc,phases   ] GC(46)   Merge Heap Roots: 0.2ms
[2025-04-25T12:39:55.753+0000][27.128s][info ][gc,phases   ] GC(46)   Evacuate Collection Set: 14.4ms
[2025-04-25T12:39:55.753+0000][27.128s][info ][gc,phases   ] GC(46)   Post Evacuate Collection Set: 1.6ms
[2025-04-25T12:39:55.753+0000][27.128s][info ][gc,phases   ] GC(46)   Other: 0.4ms
[2025-04-25T12:39:55.753+0000][27.128s][info ][gc,heap     ] GC(46) Eden regions: 132->0(130)
[2025-04-25T12:39:55.753+0000][27.128s][info ][gc,heap     ] GC(46) Survivor regions: 8->10(18)
[2025-04-25T12:39:55.753+0000][27.128s][info ][gc,heap     ] GC(46) Old regions: 79->79
[2025-04-25T12:39:55.753+0000][27.128s][info ][gc,heap     ] GC(46) Archive regions: 2->2
[2025-04-25T12:39:55.753+0000][27.128s][info ][gc,heap     ] GC(46) Humongous regions: 0->0
[2025-04-25T12:39:55.753+0000][27.128s][info ][gc,metaspace] GC(46) Metaspace: 94547K(95104K)->94547K(95104K) NonClass: 82288K(82560K)->82288K(82560K) Class: 12258K(12544K)->12258K(12544K)
[2025-04-25T12:39:55.753+0000][27.128s][info ][gc          ] GC(46) Pause Young (Normal) (G1 Evacuation Pause) 218M->89M(257M) 16.906ms
[2025-04-25T12:39:55.753+0000][27.128s][info ][gc,cpu      ] GC(46) User=0.07s Sys=0.00s Real=0.01s
[2025-04-25T12:39:55.753+0000][27.128s][info ][safepoint   ] Safepoint "G1CollectForAllocation", Time since last: 324856981 ns, Reaching safepoint: 191293 ns, Cleanup: 133863 ns, At safepoint: 16976856 ns, Total: 17302012 ns
[2025-04-25T12:39:56.386+0000][27.761s][debug][safepoint   ] Safepoint synchronization initiated using futex wait barrier. (24 threads)
[2025-04-25T12:39:56.386+0000][27.761s][info ][gc,start    ] GC(47) Pause Young (Normal) (G1 Evacuation Pause)
[2025-04-25T12:39:56.386+0000][27.761s][info ][gc,task     ] GC(47) Using 4 workers of 4 for evacuation
[2025-04-25T12:39:56.408+0000][27.783s][info ][gc,phases   ] GC(47)   Pre Evacuate Collection Set: 0.3ms
[2025-04-25T12:39:56.408+0000][27.783s][info ][gc,phases   ] GC(47)   Merge Heap Roots: 0.2ms
[2025-04-25T12:39:56.408+0000][27.783s][info ][gc,phases   ] GC(47)   Evacuate Collection Set: 18.9ms
[2025-04-25T12:39:56.408+0000][27.783s][info ][gc,phases   ] GC(47)   Post Evacuate Collection Set: 2.1ms
[2025-04-25T12:39:56.408+0000][27.783s][info ][gc,phases   ] GC(47)   Other: 0.1ms
[2025-04-25T12:39:56.408+0000][27.783s][info ][gc,heap     ] GC(47) Eden regions: 130->0(128)
[2025-04-25T12:39:56.408+0000][27.783s][info ][gc,heap     ] GC(47) Survivor regions: 10->9(18)
[2025-04-25T12:39:56.408+0000][27.783s][info ][gc,heap     ] GC(47) Old regions: 79->83
[2025-04-25T12:39:56.408+0000][27.783s][info ][gc,heap     ] GC(47) Archive regions: 2->2
[2025-04-25T12:39:56.408+0000][27.783s][info ][gc,heap     ] GC(47) Humongous regions: 0->0
[2025-04-25T12:39:56.408+0000][27.783s][info ][gc,metaspace] GC(47) Metaspace: 96670K(97216K)->96670K(97216K) NonClass: 84014K(84288K)->84014K(84288K) Class: 12655K(12928K)->12655K(12928K)
[2025-04-25T12:39:56.408+0000][27.783s][info ][gc          ] GC(47) Pause Young (Normal) (G1 Evacuation Pause) 219M->92M(257M) 21.630ms
[2025-04-25T12:39:56.408+0000][27.783s][info ][gc,cpu      ] GC(47) User=0.08s Sys=0.00s Real=0.02s
[2025-04-25T12:39:56.408+0000][27.783s][info ][safepoint   ] Safepoint "G1CollectForAllocation", Time since last: 632678047 ns, Reaching safepoint: 57316 ns, Cleanup: 62467 ns, At safepoint: 21685209 ns, Total: 21804992 ns
[2025-04-25T12:39:57.359+0000][28.734s][debug][safepoint   ] Safepoint synchronization initiated using futex wait barrier. (25 threads)
[2025-04-25T12:39:57.360+0000][28.735s][info ][safepoint   ] Safepoint "ICBufferFull", Time since last: 951574607 ns, Reaching safepoint: 57719 ns, Cleanup: 128664 ns, At safepoint: 10417 ns, Total: 196800 ns
[2025-04-25T12:39:57.579+0000][28.954s][debug][safepoint   ] Safepoint synchronization initiated using futex wait barrier. (27 threads)
[2025-04-25T12:39:57.579+0000][28.954s][info ][gc,start    ] GC(48) Pause Young (Normal) (G1 Evacuation Pause)
[2025-04-25T12:39:57.579+0000][28.954s][info ][gc,task     ] GC(48) Using 4 workers of 4 for evacuation
[2025-04-25T12:39:57.598+0000][28.973s][info ][gc,phases   ] GC(48)   Pre Evacuate Collection Set: 0.1ms
[2025-04-25T12:39:57.598+0000][28.973s][info ][gc,phases   ] GC(48)   Merge Heap Roots: 0.1ms
[2025-04-25T12:39:57.598+0000][28.973s][info ][gc,phases   ] GC(48)   Evacuate Collection Set: 16.0ms
[2025-04-25T12:39:57.598+0000][28.973s][info ][gc,phases   ] GC(48)   Post Evacuate Collection Set: 2.1ms
[2025-04-25T12:39:57.598+0000][28.973s][info ][gc,phases   ] GC(48)   Other: 0.1ms
[2025-04-25T12:39:57.598+0000][28.973s][info ][gc,heap     ] GC(48) Eden regions: 128->0(124)
[2025-04-25T12:39:57.598+0000][28.973s][info ][gc,heap     ] GC(48) Survivor regions: 9->11(18)
[2025-04-25T12:39:57.598+0000][28.973s][info ][gc,heap     ] GC(48) Old regions: 83->83
[2025-04-25T12:39:57.598+0000][28.973s][info ][gc,heap     ] GC(48) Archive regions: 2->2
[2025-04-25T12:39:57.598+0000][28.973s][info ][gc,heap     ] GC(48) Humongous regions: 0->0
[2025-04-25T12:39:57.598+0000][28.973s][info ][gc,metaspace] GC(48) Metaspace: 101908K(102464K)->101908K(102464K) NonClass: 88574K(88896K)->88574K(88896K) Class: 13333K(13568K)->13333K(13568K)
[2025-04-25T12:39:57.598+0000][28.973s][info ][gc          ] GC(48) Pause Young (Normal) (G1 Evacuation Pause) 220M->94M(257M) 18.548ms
[2025-04-25T12:39:57.598+0000][28.973s][info ][gc,cpu      ] GC(48) User=0.07s Sys=0.00s Real=0.02s
[2025-04-25T12:39:57.598+0000][28.974s][info ][safepoint   ] Safepoint "G1CollectForAllocation", Time since last: 219428040 ns, Reaching safepoint: 135004 ns, Cleanup: 34031 ns, At safepoint: 19295517 ns, Total: 19464552 ns
[2025-04-25T12:39:58.600+0000][29.975s][debug][safepoint   ] Safepoint synchronization initiated using futex wait barrier. (27 threads)
[2025-04-25T12:39:58.601+0000][29.976s][info ][gc,start    ] GC(49) Pause Young (Normal) (G1 Evacuation Pause)
[2025-04-25T12:39:58.601+0000][29.976s][info ][gc,task     ] GC(49) Using 4 workers of 4 for evacuation
[2025-04-25T12:39:58.625+0000][30.000s][info ][gc,phases   ] GC(49)   Pre Evacuate Collection Set: 0.2ms
[2025-04-25T12:39:58.625+0000][30.000s][info ][gc,phases   ] GC(49)   Merge Heap Roots: 0.3ms
[2025-04-25T12:39:58.625+0000][30.000s][info ][gc,phases   ] GC(49)   Evacuate Collection Set: 18.5ms
[2025-04-25T12:39:58.625+0000][30.000s][info ][gc,phases   ] GC(49)   Post Evacuate Collection Set: 5.3ms
[2025-04-25T12:39:58.625+0000][30.000s][info ][gc,phases   ] GC(49)   Other: 0.2ms
[2025-04-25T12:39:58.625+0000][30.000s][info ][gc,heap     ] GC(49) Eden regions: 124->0(121)
[2025-04-25T12:39:58.625+0000][30.000s][info ][gc,heap     ] GC(49) Survivor regions: 11->11(17)
[2025-04-25T12:39:58.625+0000][30.000s][info ][gc,heap     ] GC(49) Old regions: 83->86
[2025-04-25T12:39:58.625+0000][30.000s][info ][gc,heap     ] GC(49) Archive regions: 2->2
[2025-04-25T12:39:58.625+0000][30.000s][info ][gc,heap     ] GC(49) Humongous regions: 0->0
[2025-04-25T12:39:58.625+0000][30.000s][info ][gc,metaspace] GC(49) Metaspace: 105358K(105920K)->105358K(105920K) NonClass: 91564K(91840K)->91564K(91840K) Class: 13794K(14080K)->13794K(14080K)
[2025-04-25T12:39:58.625+0000][30.000s][info ][gc          ] GC(49) Pause Young (Normal) (G1 Evacuation Pause) 218M->96M(257M) 24.620ms
[2025-04-25T12:39:58.625+0000][30.000s][info ][gc,cpu      ] GC(49) User=0.07s Sys=0.00s Real=0.02s
[2025-04-25T12:39:58.625+0000][30.000s][info ][safepoint   ] Safepoint "G1CollectForAllocation", Time since last: 1001769648 ns, Reaching safepoint: 120245 ns, Cleanup: 164856 ns, At safepoint: 24810833 ns, Total: 25095934 ns
[2025-04-25T12:39:59.670+0000][31.045s][debug][safepoint   ] Safepoint synchronization initiated using futex wait barrier. (30 threads)
[2025-04-25T12:39:59.670+0000][31.045s][info ][gc,start    ] GC(50) Pause Young (Normal) (G1 Evacuation Pause)
[2025-04-25T12:39:59.670+0000][31.045s][info ][gc,task     ] GC(50) Using 4 workers of 4 for evacuation
[2025-04-25T12:39:59.701+0000][31.076s][info ][gc,phases   ] GC(50)   Pre Evacuate Collection Set: 0.1ms
[2025-04-25T12:39:59.701+0000][31.076s][info ][gc,phases   ] GC(50)   Merge Heap Roots: 0.1ms
[2025-04-25T12:39:59.701+0000][31.077s][info ][gc,phases   ] GC(50)   Evacuate Collection Set: 23.7ms
[2025-04-25T12:39:59.702+0000][31.077s][info ][gc,phases   ] GC(50)   Post Evacuate Collection Set: 7.2ms
[2025-04-25T12:39:59.702+0000][31.077s][info ][gc,phases   ] GC(50)   Other: 0.1ms
[2025-04-25T12:39:59.702+0000][31.077s][info ][gc,heap     ] GC(50) Eden regions: 121->0(367)
[2025-04-25T12:39:59.702+0000][31.077s][info ][gc,heap     ] GC(50) Survivor regions: 11->11(17)
[2025-04-25T12:39:59.702+0000][31.077s][info ][gc,heap     ] GC(50) Old regions: 86->89
[2025-04-25T12:39:59.702+0000][31.077s][info ][gc,heap     ] GC(50) Archive regions: 2->2
[2025-04-25T12:39:59.702+0000][31.077s][info ][gc,heap     ] GC(50) Humongous regions: 0->0
[2025-04-25T12:39:59.702+0000][31.077s][info ][gc,metaspace] GC(50) Metaspace: 107627K(108288K)->107627K(108288K) NonClass: 93646K(94016K)->93646K(94016K) Class: 13980K(14272K)->13980K(14272K)
[2025-04-25T12:39:59.702+0000][31.077s][info ][gc          ] GC(50) Pause Young (Normal) (G1 Evacuation Pause) 217M->100M(631M) 32.011ms
[2025-04-25T12:39:59.702+0000][31.077s][info ][gc,cpu      ] GC(50) User=0.11s Sys=0.00s Real=0.03s
[2025-04-25T12:39:59.702+0000][31.077s][info ][safepoint   ] Safepoint "G1CollectForAllocation", Time since last: 1044428556 ns, Reaching safepoint: 51132 ns, Cleanup: 82599 ns, At safepoint: 32077670 ns, Total: 32211401 ns
[2025-04-25T12:40:00.839+0000][32.214s][debug][safepoint   ] Safepoint synchronization initiated using futex wait barrier. (37 threads)
[2025-04-25T12:40:00.839+0000][32.215s][info ][safepoint   ] Safepoint "Cleanup", Time since last: 1137123051 ns, Reaching safepoint: 211051 ns, Cleanup: 108279 ns, At safepoint: 7199 ns, Total: 326529 ns
[2025-04-25T12:40:01.655+0000][33.031s][debug][safepoint   ] Safepoint synchronization initiated using futex wait barrier. (37 threads)
[2025-04-25T12:40:01.656+0000][33.031s][info ][safepoint   ] Safepoint "ICBufferFull", Time since last: 816051285 ns, Reaching safepoint: 72443 ns, Cleanup: 157207 ns, At safepoint: 4876 ns, Total: 234526 ns
[2025-04-25T12:40:02.186+0000][33.561s][debug][safepoint   ] Safepoint synchronization initiated using futex wait barrier. (38 threads)
[2025-04-25T12:40:02.186+0000][33.561s][info ][safepoint   ] Safepoint "ICBufferFull", Time since last: 530477281 ns, Reaching safepoint: 73320 ns, Cleanup: 133586 ns, At safepoint: 6006 ns, Total: 212912 ns
[2025-04-25T12:40:03.196+0000][34.572s][debug][safepoint   ] Safepoint synchronization initiated using futex wait barrier. (41 threads)
[2025-04-25T12:40:03.197+0000][34.572s][info ][gc,start    ] GC(51) Pause Young (Normal) (G1 Evacuation Pause)
[2025-04-25T12:40:03.197+0000][34.572s][info ][gc,task     ] GC(51) Using 4 workers of 4 for evacuation
[2025-04-25T12:40:03.229+0000][34.604s][info ][gc,phases   ] GC(51)   Pre Evacuate Collection Set: 0.1ms
[2025-04-25T12:40:03.229+0000][34.604s][info ][gc,phases   ] GC(51)   Merge Heap Roots: 0.3ms
[2025-04-25T12:40:03.229+0000][34.604s][info ][gc,phases   ] GC(51)   Evacuate Collection Set: 28.8ms
[2025-04-25T12:40:03.229+0000][34.604s][info ][gc,phases   ] GC(51)   Post Evacuate Collection Set: 2.6ms
[2025-04-25T12:40:03.229+0000][34.604s][info ][gc,phases   ] GC(51)   Other: 0.2ms
[2025-04-25T12:40:03.229+0000][34.604s][info ][gc,heap     ] GC(51) Eden regions: 367->0(359)
[2025-04-25T12:40:03.229+0000][34.604s][info ][gc,heap     ] GC(51) Survivor regions: 11->19(48)
[2025-04-25T12:40:03.229+0000][34.604s][info ][gc,heap     ] GC(51) Old regions: 89->89
[2025-04-25T12:40:03.229+0000][34.604s][info ][gc,heap     ] GC(51) Archive regions: 2->2
[2025-04-25T12:40:03.229+0000][34.604s][info ][gc,heap     ] GC(51) Humongous regions: 0->0
[2025-04-25T12:40:03.229+0000][34.604s][info ][gc,metaspace] GC(51) Metaspace: 117676K(118400K)->117676K(118400K) NonClass: 102653K(103040K)->102653K(103040K) Class: 15023K(15360K)->15023K(15360K)
[2025-04-25T12:40:03.229+0000][34.604s][info ][gc          ] GC(51) Pause Young (Normal) (G1 Evacuation Pause) 467M->108M(631M) 32.340ms
[2025-04-25T12:40:03.229+0000][34.604s][info ][gc,cpu      ] GC(51) User=0.11s Sys=0.00s Real=0.03s
[2025-04-25T12:40:03.232+0000][34.607s][info ][safepoint   ] Safepoint "G1CollectForAllocation", Time since last: 1010041804 ns, Reaching safepoint: 55394 ns, Cleanup: 153603 ns, At safepoint: 35653498 ns, Total: 35862495 ns
[2025-04-25T12:40:04.440+0000][35.815s][debug][safepoint   ] Safepoint synchronization initiated using futex wait barrier. (49 threads)
[2025-04-25T12:40:04.440+0000][35.815s][info ][safepoint   ] Safepoint "Cleanup", Time since last: 1207742641 ns, Reaching safepoint: 55072 ns, Cleanup: 91570 ns, At safepoint: 3648 ns, Total: 150290 ns
[2025-04-25T12:40:05.726+0000][37.101s][debug][safepoint   ] Safepoint synchronization initiated using futex wait barrier. (50 threads)
[2025-04-25T12:40:05.726+0000][37.101s][info ][safepoint   ] Safepoint "ICBufferFull", Time since last: 1285531659 ns, Reaching safepoint: 192610 ns, Cleanup: 160448 ns, At safepoint: 10306 ns, Total: 363364 ns
[2025-04-25T12:40:06.515+0000][37.890s][debug][safepoint   ] Safepoint synchronization initiated using futex wait barrier. (53 threads)
[2025-04-25T12:40:06.515+0000][37.890s][info ][gc,start    ] GC(52) Pause Young (Normal) (G1 Evacuation Pause)
[2025-04-25T12:40:06.515+0000][37.891s][info ][gc,task     ] GC(52) Using 4 workers of 4 for evacuation
[2025-04-25T12:40:06.553+0000][37.928s][info ][gc,phases   ] GC(52)   Pre Evacuate Collection Set: 0.2ms
[2025-04-25T12:40:06.553+0000][37.928s][info ][gc,phases   ] GC(52)   Merge Heap Roots: 0.3ms
[2025-04-25T12:40:06.553+0000][37.928s][info ][gc,phases   ] GC(52)   Evacuate Collection Set: 34.7ms
[2025-04-25T12:40:06.553+0000][37.928s][info ][gc,phases   ] GC(52)   Post Evacuate Collection Set: 2.3ms
[2025-04-25T12:40:06.553+0000][37.928s][info ][gc,phases   ] GC(52)   Other: 0.2ms
[2025-04-25T12:40:06.553+0000][37.928s][info ][gc,heap     ] GC(52) Eden regions: 359->0(351)
[2025-04-25T12:40:06.553+0000][37.928s][info ][gc,heap     ] GC(52) Survivor regions: 19->27(48)
[2025-04-25T12:40:06.553+0000][37.928s][info ][gc,heap     ] GC(52) Old regions: 89->89
[2025-04-25T12:40:06.553+0000][37.928s][info ][gc,heap     ] GC(52) Archive regions: 2->2
[2025-04-25T12:40:06.553+0000][37.928s][info ][gc,heap     ] GC(52) Humongous regions: 1->0
[2025-04-25T12:40:06.553+0000][37.928s][info ][gc,metaspace] GC(52) Metaspace: 129391K(130432K)->129391K(130432K) NonClass: 113066K(113600K)->113066K(113600K) Class: 16325K(16832K)->16325K(16832K)
[2025-04-25T12:40:06.553+0000][37.929s][info ][gc          ] GC(52) Pause Young (Normal) (G1 Evacuation Pause) 468M->116M(631M) 38.014ms
[2025-04-25T12:40:06.553+0000][37.929s][info ][gc,cpu      ] GC(52) User=0.13s Sys=0.00s Real=0.03s
[2025-04-25T12:40:06.556+0000][37.931s][info ][safepoint   ] Safepoint "G1CollectForAllocation", Time since last: 789110295 ns, Reaching safepoint: 63327 ns, Cleanup: 104623 ns, At safepoint: 40940371 ns, Total: 41108321 ns
[2025-04-25T12:40:07.557+0000][38.932s][debug][safepoint   ] Safepoint synchronization initiated using futex wait barrier. (53 threads)
[2025-04-25T12:40:07.557+0000][38.932s][info ][safepoint   ] Safepoint "Cleanup", Time since last: 1000284320 ns, Reaching safepoint: 131233 ns, Cleanup: 60837 ns, At safepoint: 6013 ns, Total: 198083 ns
[2025-04-25T12:40:08.269+0000][39.644s][debug][safepoint   ] Safepoint synchronization initiated using futex wait barrier. (53 threads)
[2025-04-25T12:40:08.269+0000][39.644s][info ][gc,start    ] GC(53) Pause Young (Concurrent Start) (Metadata GC Threshold)
[2025-04-25T12:40:08.269+0000][39.644s][info ][gc,task     ] GC(53) Using 4 workers of 4 for evacuation
[2025-04-25T12:40:08.302+0000][39.677s][info ][gc,phases   ] GC(53)   Pre Evacuate Collection Set: 0.2ms
[2025-04-25T12:40:08.302+0000][39.677s][info ][gc,phases   ] GC(53)   Merge Heap Roots: 0.2ms
[2025-04-25T12:40:08.302+0000][39.677s][info ][gc,phases   ] GC(53)   Evacuate Collection Set: 29.5ms
[2025-04-25T12:40:08.302+0000][39.677s][info ][gc,phases   ] GC(53)   Post Evacuate Collection Set: 2.8ms
[2025-04-25T12:40:08.302+0000][39.677s][info ][gc,phases   ] GC(53)   Other: 0.1ms
[2025-04-25T12:40:08.302+0000][39.677s][info ][gc,heap     ] GC(53) Eden regions: 346->0(346)
[2025-04-25T12:40:08.302+0000][39.677s][info ][gc,heap     ] GC(53) Survivor regions: 27->32(48)
[2025-04-25T12:40:08.302+0000][39.677s][info ][gc,heap     ] GC(53) Old regions: 89->91
[2025-04-25T12:40:08.302+0000][39.677s][info ][gc,heap     ] GC(53) Archive regions: 2->2
[2025-04-25T12:40:08.302+0000][39.677s][info ][gc,heap     ] GC(53) Humongous regions: 0->0
[2025-04-25T12:40:08.302+0000][39.677s][info ][gc,metaspace] GC(53) Metaspace: 137331K(138368K)->137331K(138368K) NonClass: 120241K(120768K)->120241K(120768K) Class: 17090K(17600K)->17090K(17600K)
[2025-04-25T12:40:08.302+0000][39.677s][info ][gc          ] GC(53) Pause Young (Concurrent Start) (Metadata GC Threshold) 462M->123M(631M) 33.020ms
[2025-04-25T12:40:08.302+0000][39.677s][info ][gc,cpu      ] GC(53) User=0.13s Sys=0.00s Real=0.03s
[2025-04-25T12:40:08.302+0000][39.677s][info ][gc          ] GC(54) Concurrent Mark Cycle
[2025-04-25T12:40:08.302+0000][39.677s][info ][gc,marking  ] GC(54) Concurrent Clear Claimed Marks
[2025-04-25T12:40:08.302+0000][39.677s][info ][safepoint   ] Safepoint "CollectForMetadataAllocation", Time since last: 711911023 ns, Reaching safepoint: 50111 ns, Cleanup: 60439 ns, At safepoint: 33173701 ns, Total: 33284251 ns
[2025-04-25T12:40:08.302+0000][39.677s][info ][gc,marking  ] GC(54) Concurrent Clear Claimed Marks 0.105ms
[2025-04-25T12:40:08.302+0000][39.677s][info ][gc,marking  ] GC(54) Concurrent Scan Root Regions
[2025-04-25T12:40:08.347+0000][39.722s][info ][gc,marking  ] GC(54) Concurrent Scan Root Regions 44.894ms
[2025-04-25T12:40:08.347+0000][39.722s][info ][gc,marking  ] GC(54) Concurrent Mark
[2025-04-25T12:40:08.347+0000][39.722s][info ][gc,marking  ] GC(54) Concurrent Mark From Roots
[2025-04-25T12:40:08.347+0000][39.722s][info ][gc,task     ] GC(54) Using 1 workers of 1 for marking
[2025-04-25T12:40:08.487+0000][39.862s][debug][safepoint   ] Safepoint synchronization initiated using futex wait barrier. (53 threads)
[2025-04-25T12:40:08.487+0000][39.863s][info ][safepoint   ] Safepoint "CollectForMetadataAllocation", Time since last: 185329135 ns, Reaching safepoint: 77501 ns, Cleanup: 37982 ns, At safepoint: 51918 ns, Total: 167401 ns
[2025-04-25T12:40:08.644+0000][40.019s][debug][safepoint   ] Safepoint synchronization initiated using futex wait barrier. (53 threads)
[2025-04-25T12:40:08.644+0000][40.019s][info ][safepoint   ] Safepoint "CollectForMetadataAllocation", Time since last: 156202097 ns, Reaching safepoint: 66701 ns, Cleanup: 50093 ns, At safepoint: 40594 ns, Total: 157388 ns
[2025-04-25T12:40:08.673+0000][40.048s][info ][gc,marking  ] GC(54) Concurrent Mark From Roots 326.276ms
[2025-04-25T12:40:08.673+0000][40.048s][info ][gc,marking  ] GC(54) Concurrent Preclean
[2025-04-25T12:40:08.674+0000][40.049s][info ][gc,marking  ] GC(54) Concurrent Preclean 0.299ms
[2025-04-25T12:40:08.674+0000][40.049s][debug][safepoint   ] Safepoint synchronization initiated using futex wait barrier. (53 threads)
[2025-04-25T12:40:08.674+0000][40.049s][info ][gc,start    ] GC(54) Pause Remark
[2025-04-25T12:40:08.682+0000][40.057s][info ][gc          ] GC(54) Pause Remark 166M->166M(560M) 7.975ms
[2025-04-25T12:40:08.682+0000][40.057s][info ][gc,cpu      ] GC(54) User=0.02s Sys=0.00s Real=0.01s
[2025-04-25T12:40:08.682+0000][40.057s][info ][safepoint   ] Safepoint "G1PauseRemark", Time since last: 29848067 ns, Reaching safepoint: 90890 ns, Cleanup: 3493 ns, At safepoint: 8065107 ns, Total: 8159490 ns
[2025-04-25T12:40:08.682+0000][40.057s][info ][gc,marking  ] GC(54) Concurrent Mark 334.910ms
[2025-04-25T12:40:08.682+0000][40.057s][info ][gc,marking  ] GC(54) Concurrent Rebuild Remembered Sets
[2025-04-25T12:40:08.695+0000][40.070s][debug][safepoint   ] ... found polling page loop exception at pc = 0x000070248d68b95e, stub =0x000070248c98e400
[2025-04-25T12:40:08.784+0000][40.160s][info ][gc,marking  ] GC(54) Concurrent Rebuild Remembered Sets 102.492ms
[2025-04-25T12:40:08.789+0000][40.164s][debug][safepoint   ] Safepoint synchronization initiated using futex wait barrier. (54 threads)
[2025-04-25T12:40:08.789+0000][40.164s][info ][gc,start    ] GC(54) Pause Cleanup
[2025-04-25T12:40:08.789+0000][40.164s][info ][gc          ] GC(54) Pause Cleanup 184M->184M(560M) 0.220ms
[2025-04-25T12:40:08.789+0000][40.164s][info ][gc,cpu      ] GC(54) User=0.00s Sys=0.00s Real=0.00s
[2025-04-25T12:40:08.789+0000][40.164s][info ][safepoint   ] Safepoint "G1PauseCleanup", Time since last: 102806533 ns, Reaching safepoint: 4156047 ns, Cleanup: 7127 ns, At safepoint: 277698 ns, Total: 4440872 ns
[2025-04-25T12:40:08.789+0000][40.164s][info ][gc,marking  ] GC(54) Concurrent Cleanup for Next Mark
[2025-04-25T12:40:08.793+0000][40.168s][info ][gc,marking  ] GC(54) Concurrent Cleanup for Next Mark 3.467ms
[2025-04-25T12:40:08.793+0000][40.168s][info ][gc          ] GC(54) Concurrent Mark Cycle 490.759ms
[2025-04-25T12:40:09.789+0000][41.164s][debug][safepoint   ] Safepoint synchronization initiated using futex wait barrier. (58 threads)
[2025-04-25T12:40:09.789+0000][41.164s][info ][safepoint   ] Safepoint "Cleanup", Time since last: 1000093409 ns, Reaching safepoint: 54931 ns, Cleanup: 64800 ns, At safepoint: 6758 ns, Total: 126489 ns
[2025-04-25T12:40:09.869+0000][41.244s][debug][safepoint   ] Safepoint synchronization initiated using futex wait barrier. (58 threads)
[2025-04-25T12:40:09.869+0000][41.244s][info ][gc,start    ] GC(55) Pause Young (Prepare Mixed) (G1 Evacuation Pause)
[2025-04-25T12:40:09.869+0000][41.244s][info ][gc,task     ] GC(55) Using 4 workers of 4 for evacuation
[2025-04-25T12:40:09.912+0000][41.287s][info ][gc,phases   ] GC(55)   Pre Evacuate Collection Set: 0.2ms
[2025-04-25T12:40:09.912+0000][41.287s][info ][gc,phases   ] GC(55)   Merge Heap Roots: 0.2ms
[2025-04-25T12:40:09.912+0000][41.287s][info ][gc,phases   ] GC(55)   Evacuate Collection Set: 39.4ms
[2025-04-25T12:40:09.912+0000][41.287s][info ][gc,phases   ] GC(55)   Post Evacuate Collection Set: 2.6ms
[2025-04-25T12:40:09.912+0000][41.287s][info ][gc,phases   ] GC(55)   Other: 0.1ms
[2025-04-25T12:40:09.912+0000][41.287s][info ][gc,heap     ] GC(55) Eden regions: 304->0(1)
[2025-04-25T12:40:09.912+0000][41.287s][info ][gc,heap     ] GC(55) Survivor regions: 32->27(42)
[2025-04-25T12:40:09.912+0000][41.287s][info ][gc,heap     ] GC(55) Old regions: 91->105
[2025-04-25T12:40:09.912+0000][41.287s][info ][gc,heap     ] GC(55) Archive regions: 2->2
[2025-04-25T12:40:09.912+0000][41.287s][info ][gc,heap     ] GC(55) Humongous regions: 0->0
[2025-04-25T12:40:09.912+0000][41.287s][info ][gc,metaspace] GC(55) Metaspace: 144016K(145088K)->144016K(145088K) NonClass: 126424K(126976K)->126424K(126976K) Class: 17591K(18112K)->17591K(18112K)
[2025-04-25T12:40:09.912+0000][41.287s][info ][gc          ] GC(55) Pause Young (Prepare Mixed) (G1 Evacuation Pause) 427M->131M(560M) 42.650ms
[2025-04-25T12:40:09.912+0000][41.287s][info ][gc,cpu      ] GC(55) User=0.17s Sys=0.00s Real=0.04s
[2025-04-25T12:40:09.912+0000][41.287s][info ][safepoint   ] Safepoint "G1CollectForAllocation", Time since last: 79932549 ns, Reaching safepoint: 58050 ns, Cleanup: 12428 ns, At safepoint: 42806711 ns, Total: 42877189 ns
[2025-04-25T12:40:09.919+0000][41.294s][debug][safepoint   ] Safepoint synchronization initiated using futex wait barrier. (58 threads)
[2025-04-25T12:40:09.919+0000][41.294s][info ][gc,start    ] GC(56) Pause Young (Mixed) (G1 Evacuation Pause)
[2025-04-25T12:40:09.919+0000][41.294s][info ][gc,task     ] GC(56) Using 4 workers of 4 for evacuation
[2025-04-25T12:40:09.952+0000][41.327s][info ][gc,phases   ] GC(56)   Pre Evacuate Collection Set: 0.7ms
[2025-04-25T12:40:09.952+0000][41.327s][info ][gc,phases   ] GC(56)   Merge Heap Roots: 0.5ms
[2025-04-25T12:40:09.952+0000][41.327s][info ][gc,phases   ] GC(56)   Evacuate Collection Set: 29.3ms
[2025-04-25T12:40:09.952+0000][41.327s][info ][gc,phases   ] GC(56)   Post Evacuate Collection Set: 2.1ms
[2025-04-25T12:40:09.952+0000][41.327s][info ][gc,phases   ] GC(56)   Other: 0.1ms
[2025-04-25T12:40:09.952+0000][41.327s][info ][gc,heap     ] GC(56) Eden regions: 1->0(334)
[2025-04-25T12:40:09.952+0000][41.327s][info ][gc,heap     ] GC(56) Survivor regions: 27->2(4)
[2025-04-25T12:40:09.952+0000][41.327s][info ][gc,heap     ] GC(56) Old regions: 105->129
[2025-04-25T12:40:09.952+0000][41.327s][info ][gc,heap     ] GC(56) Archive regions: 2->2
[2025-04-25T12:40:09.952+0000][41.327s][info ][gc,heap     ] GC(56) Humongous regions: 0->0
[2025-04-25T12:40:09.952+0000][41.327s][info ][gc,metaspace] GC(56) Metaspace: 144052K(145088K)->144052K(145088K) NonClass: 126456K(126976K)->126456K(126976K) Class: 17595K(18112K)->17595K(18112K)
[2025-04-25T12:40:09.952+0000][41.327s][info ][gc          ] GC(56) Pause Young (Mixed) (G1 Evacuation Pause) 132M->131M(560M) 32.819ms
[2025-04-25T12:40:09.952+0000][41.327s][info ][gc,cpu      ] GC(56) User=0.12s Sys=0.00s Real=0.03s
[2025-04-25T12:40:09.952+0000][41.327s][info ][safepoint   ] Safepoint "G1CollectForAllocation", Time since last: 6820186 ns, Reaching safepoint: 105923 ns, Cleanup: 4163 ns, At safepoint: 32894099 ns, Total: 33004185 ns
[2025-04-25T12:40:10.362+0000][41.738s][info ][cds,heap    ] initialize_from_archived_subgraph jdk.internal.math.FDBigInteger 0x000070242314dd00
[2025-04-25T12:40:10.952+0000][42.327s][debug][safepoint   ] Safepoint synchronization initiated using futex wait barrier. (77 threads)
[2025-04-25T12:40:10.952+0000][42.327s][info ][safepoint   ] Safepoint "Cleanup", Time since last: 1000097349 ns, Reaching safepoint: 56115 ns, Cleanup: 93134 ns, At safepoint: 6594 ns, Total: 155843 ns
[2025-04-25T12:40:11.803+0000][43.178s][debug][safepoint   ] Safepoint synchronization initiated using futex wait barrier. (77 threads)
[2025-04-25T12:40:11.803+0000][43.178s][info ][gc,start    ] GC(57) Pause Young (Concurrent Start) (G1 Evacuation Pause)
[2025-04-25T12:40:11.803+0000][43.178s][info ][gc,task     ] GC(57) Using 4 workers of 4 for evacuation
[2025-04-25T12:40:11.819+0000][43.194s][info ][gc,phases   ] GC(57)   Pre Evacuate Collection Set: 0.2ms
[2025-04-25T12:40:11.819+0000][43.194s][info ][gc,phases   ] GC(57)   Merge Heap Roots: 0.1ms
[2025-04-25T12:40:11.819+0000][43.194s][info ][gc,phases   ] GC(57)   Evacuate Collection Set: 12.5ms
[2025-04-25T12:40:11.819+0000][43.194s][info ][gc,phases   ] GC(57)   Post Evacuate Collection Set: 2.6ms
[2025-04-25T12:40:11.819+0000][43.194s][info ][gc,phases   ] GC(57)   Other: 0.1ms
[2025-04-25T12:40:11.819+0000][43.194s][info ][gc,heap     ] GC(57) Eden regions: 334->0(330)
[2025-04-25T12:40:11.819+0000][43.194s][info ][gc,heap     ] GC(57) Survivor regions: 2->6(42)
[2025-04-25T12:40:11.819+0000][43.194s][info ][gc,heap     ] GC(57) Old regions: 129->129
[2025-04-25T12:40:11.820+0000][43.195s][info ][gc,heap     ] GC(57) Archive regions: 2->2
[2025-04-25T12:40:11.820+0000][43.195s][info ][gc,heap     ] GC(57) Humongous regions: 0->0
[2025-04-25T12:40:11.820+0000][43.195s][info ][gc,metaspace] GC(57) Metaspace: 151549K(152640K)->151549K(152640K) NonClass: 133032K(133632K)->133032K(133632K) Class: 18517K(19008K)->18517K(19008K)
[2025-04-25T12:40:11.820+0000][43.195s][info ][gc          ] GC(57) Pause Young (Concurrent Start) (G1 Evacuation Pause) 465M->135M(560M) 16.848ms
[2025-04-25T12:40:11.820+0000][43.195s][info ][gc,cpu      ] GC(57) User=0.06s Sys=0.00s Real=0.02s
[2025-04-25T12:40:11.820+0000][43.195s][info ][safepoint   ] Safepoint "G1CollectForAllocation", Time since last: 850656251 ns, Reaching safepoint: 53761 ns, Cleanup: 64103 ns, At safepoint: 17153865 ns, Total: 17271729 ns
[2025-04-25T12:40:11.822+0000][43.197s][info ][gc          ] GC(58) Concurrent Mark Cycle
[2025-04-25T12:40:11.822+0000][43.197s][info ][gc,marking  ] GC(58) Concurrent Clear Claimed Marks
[2025-04-25T12:40:11.822+0000][43.198s][info ][gc,marking  ] GC(58) Concurrent Clear Claimed Marks 0.199ms
[2025-04-25T12:40:11.823+0000][43.198s][info ][gc,marking  ] GC(58) Concurrent Scan Root Regions
[2025-04-25T12:40:11.833+0000][43.208s][info ][gc,marking  ] GC(58) Concurrent Scan Root Regions 9.958ms
[2025-04-25T12:40:11.833+0000][43.208s][info ][gc,marking  ] GC(58) Concurrent Mark
[2025-04-25T12:40:11.833+0000][43.208s][info ][gc,marking  ] GC(58) Concurrent Mark From Roots
[2025-04-25T12:40:11.833+0000][43.208s][info ][gc,task     ] GC(58) Using 1 workers of 1 for marking
[2025-04-25T12:40:12.171+0000][43.546s][info ][gc,marking  ] GC(58) Concurrent Mark From Roots 338.349ms
[2025-04-25T12:40:12.171+0000][43.546s][info ][gc,marking  ] GC(58) Concurrent Preclean
[2025-04-25T12:40:12.172+0000][43.547s][info ][gc,marking  ] GC(58) Concurrent Preclean 0.436ms
[2025-04-25T12:40:12.172+0000][43.547s][debug][safepoint   ] Safepoint synchronization initiated using futex wait barrier. (77 threads)
[2025-04-25T12:40:12.172+0000][43.547s][info ][gc,start    ] GC(58) Pause Remark
[2025-04-25T12:40:12.181+0000][43.556s][info ][gc          ] GC(58) Pause Remark 205M->205M(560M) 9.123ms
[2025-04-25T12:40:12.181+0000][43.556s][info ][gc,cpu      ] GC(58) User=0.04s Sys=0.00s Real=0.01s
[2025-04-25T12:40:12.181+0000][43.556s][info ][safepoint   ] Safepoint "G1PauseRemark", Time since last: 351439237 ns, Reaching safepoint: 92355 ns, Cleanup: 65908 ns, At safepoint: 9281669 ns, Total: 9439932 ns
[2025-04-25T12:40:12.181+0000][43.556s][info ][gc,marking  ] GC(58) Concurrent Mark 348.381ms
[2025-04-25T12:40:12.181+0000][43.556s][info ][gc,marking  ] GC(58) Concurrent Rebuild Remembered Sets
[2025-04-25T12:40:12.351+0000][43.726s][info ][gc,marking  ] GC(58) Concurrent Rebuild Remembered Sets 169.443ms
[2025-04-25T12:40:12.351+0000][43.726s][debug][safepoint   ] Safepoint synchronization initiated using futex wait barrier. (77 threads)
[2025-04-25T12:40:12.351+0000][43.726s][info ][gc,start    ] GC(58) Pause Cleanup
[2025-04-25T12:40:12.351+0000][43.726s][info ][gc          ] GC(58) Pause Cleanup 236M->236M(560M) 0.278ms
[2025-04-25T12:40:12.351+0000][43.726s][info ][gc,cpu      ] GC(58) User=0.00s Sys=0.00s Real=0.00s
[2025-04-25T12:40:12.351+0000][43.726s][info ][safepoint   ] Safepoint "G1PauseCleanup", Time since last: 169693414 ns, Reaching safepoint: 117314 ns, Cleanup: 17985 ns, At safepoint: 353466 ns, Total: 488765 ns
[2025-04-25T12:40:12.351+0000][43.726s][info ][gc,marking  ] GC(58) Concurrent Cleanup for Next Mark
[2025-04-25T12:40:12.356+0000][43.731s][info ][gc,marking  ] GC(58) Concurrent Cleanup for Next Mark 4.384ms
[2025-04-25T12:40:12.356+0000][43.731s][info ][gc          ] GC(58) Concurrent Mark Cycle 533.853ms
[2025-04-25T12:40:13.460+0000][44.835s][debug][safepoint   ] Safepoint synchronization initiated using futex wait barrier. (77 threads)
[2025-04-25T12:40:13.460+0000][44.836s][info ][safepoint   ] Safepoint "Cleanup", Time since last: 1108907467 ns, Reaching safepoint: 147359 ns, Cleanup: 196217 ns, At safepoint: 20848 ns, Total: 364424 ns
[2025-04-25T12:40:13.534+0000][44.909s][debug][safepoint   ] Safepoint synchronization initiated using futex wait barrier. (77 threads)
[2025-04-25T12:40:13.534+0000][44.909s][info ][gc,start    ] GC(59) Pause Young (Prepare Mixed) (G1 Evacuation Pause)
[2025-04-25T12:40:13.534+0000][44.909s][info ][gc,task     ] GC(59) Using 4 workers of 4 for evacuation
[2025-04-25T12:40:13.562+0000][44.937s][info ][gc,phases   ] GC(59)   Pre Evacuate Collection Set: 0.1ms
[2025-04-25T12:40:13.562+0000][44.937s][info ][gc,phases   ] GC(59)   Merge Heap Roots: 0.4ms
[2025-04-25T12:40:13.562+0000][44.937s][info ][gc,phases   ] GC(59)   Evacuate Collection Set: 25.1ms
[2025-04-25T12:40:13.562+0000][44.937s][info ][gc,phases   ] GC(59)   Post Evacuate Collection Set: 2.1ms
[2025-04-25T12:40:13.562+0000][44.937s][info ][gc,phases   ] GC(59)   Other: 0.1ms
[2025-04-25T12:40:13.562+0000][44.937s][info ][gc,heap     ] GC(59) Eden regions: 330->0(12)
[2025-04-25T12:40:13.562+0000][44.937s][info ][gc,heap     ] GC(59) Survivor regions: 6->16(42)
[2025-04-25T12:40:13.562+0000][44.937s][info ][gc,heap     ] GC(59) Old regions: 129->129
[2025-04-25T12:40:13.562+0000][44.937s][info ][gc,heap     ] GC(59) Archive regions: 2->2
[2025-04-25T12:40:13.562+0000][44.937s][info ][gc,heap     ] GC(59) Humongous regions: 0->0
[2025-04-25T12:40:13.562+0000][44.937s][info ][gc,metaspace] GC(59) Metaspace: 155019K(156096K)->155019K(156096K) NonClass: 135990K(136576K)->135990K(136576K) Class: 19029K(19520K)->19029K(19520K)
[2025-04-25T12:40:13.562+0000][44.937s][info ][gc          ] GC(59) Pause Young (Prepare Mixed) (G1 Evacuation Pause) 465M->145M(560M) 28.003ms
[2025-04-25T12:40:13.562+0000][44.937s][info ][gc,cpu      ] GC(59) User=0.11s Sys=0.00s Real=0.03s
[2025-04-25T12:40:13.562+0000][44.937s][info ][safepoint   ] Safepoint "G1CollectForAllocation", Time since last: 73330350 ns, Reaching safepoint: 52258 ns, Cleanup: 168159 ns, At safepoint: 28147335 ns, Total: 28367752 ns
[2025-04-25T12:40:13.618+0000][44.993s][debug][safepoint   ] Safepoint synchronization initiated using futex wait barrier. (77 threads)
[2025-04-25T12:40:13.618+0000][44.993s][info ][gc,start    ] GC(60) Pause Young (Mixed) (G1 Evacuation Pause)
[2025-04-25T12:40:13.618+0000][44.993s][info ][gc,task     ] GC(60) Using 4 workers of 4 for evacuation
[2025-04-25T12:40:13.640+0000][45.016s][info ][gc,phases   ] GC(60)   Pre Evacuate Collection Set: 0.1ms
[2025-04-25T12:40:13.640+0000][45.016s][info ][gc,phases   ] GC(60)   Merge Heap Roots: 0.2ms
[2025-04-25T12:40:13.640+0000][45.016s][info ][gc,phases   ] GC(60)   Evacuate Collection Set: 20.7ms
[2025-04-25T12:40:13.640+0000][45.016s][info ][gc,phases   ] GC(60)   Post Evacuate Collection Set: 1.6ms
[2025-04-25T12:40:13.640+0000][45.016s][info ][gc,phases   ] GC(60)   Other: 0.1ms
[2025-04-25T12:40:13.640+0000][45.016s][info ][gc,heap     ] GC(60) Eden regions: 12->0(331)
[2025-04-25T12:40:13.640+0000][45.016s][info ][gc,heap     ] GC(60) Survivor regions: 16->2(4)
[2025-04-25T12:40:13.641+0000][45.016s][info ][gc,heap     ] GC(60) Old regions: 129->142
[2025-04-25T12:40:13.641+0000][45.016s][info ][gc,heap     ] GC(60) Archive regions: 2->2
[2025-04-25T12:40:13.641+0000][45.016s][info ][gc,heap     ] GC(60) Humongous regions: 0->0
[2025-04-25T12:40:13.641+0000][45.016s][info ][gc,metaspace] GC(60) Metaspace: 155142K(156288K)->155142K(156288K) NonClass: 136097K(136704K)->136097K(136704K) Class: 19045K(19584K)->19045K(19584K)
[2025-04-25T12:40:13.641+0000][45.016s][info ][gc          ] GC(60) Pause Young (Mixed) (G1 Evacuation Pause) 157M->144M(560M) 22.823ms
[2025-04-25T12:40:13.641+0000][45.016s][info ][gc,cpu      ] GC(60) User=0.08s Sys=0.00s Real=0.02s
[2025-04-25T12:40:13.641+0000][45.016s][info ][safepoint   ] Safepoint "G1CollectForAllocation", Time since last: 55445522 ns, Reaching safepoint: 64527 ns, Cleanup: 15948 ns, At safepoint: 23061796 ns, Total: 23142271 ns
[2025-04-25T12:40:14.959+0000][46.334s][debug][safepoint   ] Safepoint synchronization initiated using futex wait barrier. (82 threads)
[2025-04-25T12:40:14.959+0000][46.334s][info ][safepoint   ] Safepoint "Cleanup", Time since last: 1317755178 ns, Reaching safepoint: 77570 ns, Cleanup: 93183 ns, At safepoint: 7812 ns, Total: 178565 ns
[2025-04-25T12:40:15.301+0000][46.676s][debug][safepoint   ] Safepoint synchronization initiated using futex wait barrier. (110 threads)
[2025-04-25T12:40:15.301+0000][46.676s][info ][gc,start    ] GC(61) Pause Young (Normal) (G1 Evacuation Pause)
[2025-04-25T12:40:15.301+0000][46.676s][info ][gc,task     ] GC(61) Using 4 workers of 4 for evacuation
[2025-04-25T12:40:15.319+0000][46.694s][info ][gc,phases   ] GC(61)   Pre Evacuate Collection Set: 0.1ms
[2025-04-25T12:40:15.319+0000][46.694s][info ][gc,phases   ] GC(61)   Merge Heap Roots: 0.2ms
[2025-04-25T12:40:15.319+0000][46.695s][info ][gc,phases   ] GC(61)   Evacuate Collection Set: 14.8ms
[2025-04-25T12:40:15.319+0000][46.695s][info ][gc,phases   ] GC(61)   Post Evacuate Collection Set: 2.8ms
[2025-04-25T12:40:15.319+0000][46.695s][info ][gc,phases   ] GC(61)   Other: 0.2ms
[2025-04-25T12:40:15.319+0000][46.695s][info ][gc,heap     ] GC(61) Eden regions: 331->0(326)
[2025-04-25T12:40:15.319+0000][46.695s][info ][gc,heap     ] GC(61) Survivor regions: 2->8(42)
[2025-04-25T12:40:15.319+0000][46.695s][info ][gc,heap     ] GC(61) Old regions: 142->142
[2025-04-25T12:40:15.319+0000][46.695s][info ][gc,heap     ] GC(61) Archive regions: 2->2
[2025-04-25T12:40:15.319+0000][46.695s][info ][gc,heap     ] GC(61) Humongous regions: 0->0
[2025-04-25T12:40:15.319+0000][46.695s][info ][gc,metaspace] GC(61) Metaspace: 159655K(160832K)->159655K(160832K) NonClass: 139875K(140480K)->139875K(140480K) Class: 19780K(20352K)->19780K(20352K)
[2025-04-25T12:40:15.320+0000][46.695s][info ][gc          ] GC(61) Pause Young (Normal) (G1 Evacuation Pause) 475M->150M(560M) 18.234ms
[2025-04-25T12:40:15.320+0000][46.695s][info ][gc,cpu      ] GC(61) User=0.06s Sys=0.00s Real=0.02s
[2025-04-25T12:40:15.320+0000][46.695s][info ][safepoint   ] Safepoint "G1CollectForAllocation", Time since last: 341068131 ns, Reaching safepoint: 1392920 ns, Cleanup: 95368 ns, At safepoint: 18714653 ns, Total: 20202941 ns
[2025-04-25T12:40:15.983+0000][47.358s][debug][safepoint   ] ... found polling page loop exception at pc = 0x000070248cfb9256, stub =0x000070248c98e400
[2025-04-25T12:40:16.077+0000][47.452s][debug][safepoint   ] Safepoint synchronization initiated using futex wait barrier. (173 threads)
[2025-04-25T12:40:16.078+0000][47.453s][info ][safepoint   ] Safepoint "ICBufferFull", Time since last: 757393298 ns, Reaching safepoint: 294873 ns, Cleanup: 129709 ns, At safepoint: 20922 ns, Total: 445504 ns
[2025-04-25T12:40:16.352+0000][47.727s][debug][safepoint   ] ... found polling page loop exception at pc = 0x000070248d13b791, stub =0x000070248c98e400
[2025-04-25T12:40:16.397+0000][47.772s][debug][safepoint   ] Safepoint synchronization initiated using futex wait barrier. (194 threads)
[2025-04-25T12:40:16.397+0000][47.772s][debug][safepoint   ] ... found polling page loop exception at pc = 0x000070248d02000b, stub =0x000070248c98e400
[2025-04-25T12:40:16.397+0000][47.772s][info ][safepoint   ] Safepoint "ICBufferFull", Time since last: 318892851 ns, Reaching safepoint: 159144 ns, Cleanup: 164306 ns, At safepoint: 25992 ns, Total: 349442 ns
[2025-04-25T12:40:16.686+0000][48.062s][debug][safepoint   ] Safepoint synchronization initiated using futex wait barrier. (197 threads)
[2025-04-25T12:40:16.687+0000][48.062s][info ][gc,start    ] GC(62) Pause Young (Normal) (G1 Evacuation Pause)
[2025-04-25T12:40:16.687+0000][48.062s][info ][gc,task     ] GC(62) Using 4 workers of 4 for evacuation
[2025-04-25T12:40:16.730+0000][48.105s][info ][gc,phases   ] GC(62)   Pre Evacuate Collection Set: 0.1ms
[2025-04-25T12:40:16.730+0000][48.105s][info ][gc,phases   ] GC(62)   Merge Heap Roots: 0.2ms
[2025-04-25T12:40:16.730+0000][48.105s][info ][gc,phases   ] GC(62)   Evacuate Collection Set: 40.0ms
[2025-04-25T12:40:16.730+0000][48.105s][info ][gc,phases   ] GC(62)   Post Evacuate Collection Set: 2.9ms
[2025-04-25T12:40:16.730+0000][48.105s][info ][gc,phases   ] GC(62)   Other: 0.2ms
[2025-04-25T12:40:16.730+0000][48.105s][info ][gc,heap     ] GC(62) Eden regions: 326->0(319)
[2025-04-25T12:40:16.730+0000][48.105s][info ][gc,heap     ] GC(62) Survivor regions: 8->16(42)
[2025-04-25T12:40:16.730+0000][48.105s][info ][gc,heap     ] GC(62) Old regions: 142->142
[2025-04-25T12:40:16.730+0000][48.105s][info ][gc,heap     ] GC(62) Archive regions: 2->2
[2025-04-25T12:40:16.730+0000][48.105s][info ][gc,heap     ] GC(62) Humongous regions: 0->0
[2025-04-25T12:40:16.730+0000][48.105s][info ][gc,metaspace] GC(62) Metaspace: 167784K(168960K)->167784K(168960K) NonClass: 147087K(147712K)->147087K(147712K) Class: 20696K(21248K)->20696K(21248K)
[2025-04-25T12:40:16.730+0000][48.105s][info ][gc          ] GC(62) Pause Young (Normal) (G1 Evacuation Pause) 476M->158M(560M) 43.579ms
[2025-04-25T12:40:16.730+0000][48.106s][info ][gc,cpu      ] GC(62) User=0.09s Sys=0.01s Real=0.04s
[2025-04-25T12:40:16.733+0000][48.108s][info ][safepoint   ] Safepoint "G1CollectForAllocation", Time since last: 289407460 ns, Reaching safepoint: 263599 ns, Cleanup: 80328 ns, At safepoint: 46517947 ns, Total: 46861874 ns
[2025-04-25T12:40:17.628+0000][49.003s][debug][safepoint   ] Safepoint synchronization initiated using futex wait barrier. (200 threads)
[2025-04-25T12:40:17.628+0000][49.003s][info ][safepoint   ] Safepoint "ICBufferFull", Time since last: 894530447 ns, Reaching safepoint: 262332 ns, Cleanup: 120737 ns, At safepoint: 17758 ns, Total: 400827 ns
[2025-04-25T12:40:18.283+0000][49.658s][debug][safepoint   ] Safepoint synchronization initiated using futex wait barrier. (209 threads)
[2025-04-25T12:40:18.287+0000][49.662s][info ][safepoint   ] Safepoint "ICBufferFull", Time since last: 654314122 ns, Reaching safepoint: 378833 ns, Cleanup: 150914 ns, At safepoint: 3534709 ns, Total: 4064456 ns
[2025-04-25T12:40:18.456+0000][49.831s][debug][safepoint   ] Safepoint synchronization initiated using futex wait barrier. (220 threads)
[2025-04-25T12:40:18.456+0000][49.831s][info ][gc,start    ] GC(63) Pause Young (Normal) (G1 Evacuation Pause)
[2025-04-25T12:40:18.456+0000][49.831s][info ][gc,task     ] GC(63) Using 4 workers of 4 for evacuation
[2025-04-25T12:40:18.484+0000][49.859s][info ][gc,phases   ] GC(63)   Pre Evacuate Collection Set: 0.2ms
[2025-04-25T12:40:18.484+0000][49.859s][info ][gc,phases   ] GC(63)   Merge Heap Roots: 0.2ms
[2025-04-25T12:40:18.484+0000][49.859s][info ][gc,phases   ] GC(63)   Evacuate Collection Set: 25.3ms
[2025-04-25T12:40:18.484+0000][49.859s][info ][gc,phases   ] GC(63)   Post Evacuate Collection Set: 1.8ms
[2025-04-25T12:40:18.484+0000][49.859s][info ][gc,phases   ] GC(63)   Other: 0.2ms
[2025-04-25T12:40:18.484+0000][49.859s][info ][gc,heap     ] GC(63) Eden regions: 319->0(309)
[2025-04-25T12:40:18.484+0000][49.859s][info ][gc,heap     ] GC(63) Survivor regions: 16->25(42)
[2025-04-25T12:40:18.484+0000][49.859s][info ][gc,heap     ] GC(63) Old regions: 142->142
[2025-04-25T12:40:18.484+0000][49.859s][info ][gc,heap     ] GC(63) Archive regions: 2->2
[2025-04-25T12:40:18.484+0000][49.859s][info ][gc,heap     ] GC(63) Humongous regions: 0->0
[2025-04-25T12:40:18.484+0000][49.859s][info ][gc,metaspace] GC(63) Metaspace: 170849K(172096K)->170849K(172096K) NonClass: 149772K(150400K)->149772K(150400K) Class: 21077K(21696K)->21077K(21696K)
[2025-04-25T12:40:18.484+0000][49.859s][info ][gc          ] GC(63) Pause Young (Normal) (G1 Evacuation Pause) 477M->167M(560M) 27.825ms
[2025-04-25T12:40:18.484+0000][49.859s][info ][gc,cpu      ] GC(63) User=0.10s Sys=0.00s Real=0.02s
[2025-04-25T12:40:18.485+0000][49.860s][info ][safepoint   ] Safepoint "G1CollectForAllocation", Time since last: 168940521 ns, Reaching safepoint: 281086 ns, Cleanup: 69908 ns, At safepoint: 28661071 ns, Total: 29012065 ns
[2025-04-25T12:40:19.561+0000][50.936s][debug][safepoint   ] Safepoint synchronization initiated using futex wait barrier. (230 threads)
[2025-04-25T12:40:19.561+0000][50.936s][info ][safepoint   ] Safepoint "Cleanup", Time since last: 1076045588 ns, Reaching safepoint: 268319 ns, Cleanup: 94219 ns, At safepoint: 22082 ns, Total: 384620 ns
[2025-04-25T12:40:20.689+0000][52.064s][debug][safepoint   ] Safepoint synchronization initiated using futex wait barrier. (231 threads)
[2025-04-25T12:40:20.689+0000][52.064s][info ][safepoint   ] Safepoint "Cleanup", Time since last: 1128080968 ns, Reaching safepoint: 72796 ns, Cleanup: 87736 ns, At safepoint: 9910 ns, Total: 170442 ns
[2025-04-25T12:40:21.408+0000][52.783s][debug][safepoint   ] ... found polling page loop exception at pc = 0x000070248d4a3112, stub =0x000070248c98e400
[2025-04-25T12:40:21.424+0000][52.799s][debug][safepoint   ] Safepoint synchronization initiated using futex wait barrier. (231 threads)
[2025-04-25T12:40:21.424+0000][52.800s][info ][safepoint   ] Safepoint "ICBufferFull", Time since last: 734967860 ns, Reaching safepoint: 82864 ns, Cleanup: 128733 ns, At safepoint: 24418 ns, Total: 236015 ns
[2025-04-25T12:40:21.436+0000][52.811s][debug][safepoint   ] Safepoint synchronization initiated using futex wait barrier. (231 threads)
[2025-04-25T12:40:21.436+0000][52.811s][debug][safepoint   ] ... found polling page loop exception at pc = 0x000070248d4b5839, stub =0x000070248c98e400
[2025-04-25T12:40:21.436+0000][52.811s][info ][safepoint   ] Safepoint "ICBufferFull", Time since last: 11095815 ns, Reaching safepoint: 137269 ns, Cleanup: 137215 ns, At safepoint: 7206 ns, Total: 281690 ns
[2025-04-25T12:40:21.867+0000][53.242s][debug][safepoint   ] Safepoint synchronization initiated using futex wait barrier. (231 threads)
[2025-04-25T12:40:21.867+0000][53.242s][info ][gc,start    ] GC(64) Pause Young (Concurrent Start) (G1 Humongous Allocation)
[2025-04-25T12:40:21.867+0000][53.242s][info ][gc,task     ] GC(64) Using 4 workers of 4 for evacuation
[2025-04-25T12:40:21.899+0000][53.274s][info ][gc,phases   ] GC(64)   Pre Evacuate Collection Set: 0.3ms
[2025-04-25T12:40:21.899+0000][53.274s][info ][gc,phases   ] GC(64)   Merge Heap Roots: 0.2ms
[2025-04-25T12:40:21.899+0000][53.274s][info ][gc,phases   ] GC(64)   Evacuate Collection Set: 28.2ms
[2025-04-25T12:40:21.899+0000][53.274s][info ][gc,phases   ] GC(64)   Post Evacuate Collection Set: 2.9ms
[2025-04-25T12:40:21.899+0000][53.274s][info ][gc,phases   ] GC(64)   Other: 0.2ms
[2025-04-25T12:40:21.899+0000][53.274s][info ][gc,heap     ] GC(64) Eden regions: 175->0(302)
[2025-04-25T12:40:21.899+0000][53.274s][info ][gc,heap     ] GC(64) Survivor regions: 25->20(42)
[2025-04-25T12:40:21.899+0000][53.274s][info ][gc,heap     ] GC(64) Old regions: 142->149
[2025-04-25T12:40:21.899+0000][53.274s][info ][gc,heap     ] GC(64) Archive regions: 2->2
[2025-04-25T12:40:21.899+0000][53.274s][info ][gc,heap     ] GC(64) Humongous regions: 44->8
[2025-04-25T12:40:21.899+0000][53.274s][info ][gc,metaspace] GC(64) Metaspace: 175437K(176704K)->175437K(176704K) NonClass: 153816K(154496K)->153816K(154496K) Class: 21621K(22208K)->21621K(22208K)
[2025-04-25T12:40:21.899+0000][53.274s][info ][gc          ] GC(64) Pause Young (Concurrent Start) (G1 Humongous Allocation) 386M->176M(560M) 31.866ms
[2025-04-25T12:40:21.899+0000][53.274s][info ][gc,cpu      ] GC(64) User=0.11s Sys=0.00s Real=0.03s
[2025-04-25T12:40:21.899+0000][53.274s][info ][gc          ] GC(65) Concurrent Undo Cycle
[2025-04-25T12:40:21.899+0000][53.274s][info ][gc,marking  ] GC(65) Concurrent Cleanup for Next Mark
[2025-04-25T12:40:21.900+0000][53.275s][info ][safepoint   ] Safepoint "G1TryInitiateConcMark", Time since last: 431372957 ns, Reaching safepoint: 55824 ns, Cleanup: 61821 ns, At safepoint: 32235294 ns, Total: 32352939 ns
[2025-04-25T12:40:21.904+0000][53.279s][info ][gc,marking  ] GC(65) Concurrent Cleanup for Next Mark 4.394ms
[2025-04-25T12:40:21.904+0000][53.279s][info ][gc          ] GC(65) Concurrent Undo Cycle 4.591ms
[2025-04-25T12:40:22.183+0000][53.559s][debug][safepoint   ] Safepoint synchronization initiated using futex wait barrier. (231 threads)
[2025-04-25T12:40:22.184+0000][53.559s][info ][gc,start    ] GC(66) Pause Young (Concurrent Start) (G1 Humongous Allocation)
[2025-04-25T12:40:22.184+0000][53.559s][info ][gc,task     ] GC(66) Using 4 workers of 4 for evacuation
[2025-04-25T12:40:22.202+0000][53.577s][info ][gc,phases   ] GC(66)   Pre Evacuate Collection Set: 0.2ms
[2025-04-25T12:40:22.202+0000][53.577s][info ][gc,phases   ] GC(66)   Merge Heap Roots: 0.1ms
[2025-04-25T12:40:22.202+0000][53.577s][info ][gc,phases   ] GC(66)   Evacuate Collection Set: 15.8ms
[2025-04-25T12:40:22.202+0000][53.577s][info ][gc,phases   ] GC(66)   Post Evacuate Collection Set: 1.7ms
[2025-04-25T12:40:22.202+0000][53.577s][info ][gc,phases   ] GC(66)   Other: 0.2ms
[2025-04-25T12:40:22.202+0000][53.577s][info ][gc,heap     ] GC(66) Eden regions: 6->0(309)
[2025-04-25T12:40:22.202+0000][53.577s][info ][gc,heap     ] GC(66) Survivor regions: 20->20(41)
[2025-04-25T12:40:22.202+0000][53.577s][info ][gc,heap     ] GC(66) Old regions: 149->149
[2025-04-25T12:40:22.202+0000][53.577s][info ][gc,heap     ] GC(66) Archive regions: 2->2
[2025-04-25T12:40:22.202+0000][53.577s][info ][gc,heap     ] GC(66) Humongous regions: 49->4
[2025-04-25T12:40:22.202+0000][53.577s][info ][gc,metaspace] GC(66) Metaspace: 175460K(176704K)->175460K(176704K) NonClass: 153836K(154496K)->153836K(154496K) Class: 21624K(22208K)->21624K(22208K)
[2025-04-25T12:40:22.202+0000][53.577s][info ][gc          ] GC(66) Pause Young (Concurrent Start) (G1 Humongous Allocation) 223M->172M(560M) 18.109ms
[2025-04-25T12:40:22.202+0000][53.577s][info ][gc,cpu      ] GC(66) User=0.07s Sys=0.00s Real=0.02s
[2025-04-25T12:40:22.202+0000][53.577s][info ][gc          ] GC(67) Concurrent Undo Cycle
[2025-04-25T12:40:22.202+0000][53.577s][info ][gc,marking  ] GC(67) Concurrent Cleanup for Next Mark
[2025-04-25T12:40:22.202+0000][53.577s][info ][safepoint   ] Safepoint "G1TryInitiateConcMark", Time since last: 283867660 ns, Reaching safepoint: 56219 ns, Cleanup: 15260 ns, At safepoint: 18264711 ns, Total: 18336190 ns
[2025-04-25T12:40:22.203+0000][53.578s][info ][gc,marking  ] GC(67) Concurrent Cleanup for Next Mark 1.627ms
[2025-04-25T12:40:22.203+0000][53.579s][info ][gc          ] GC(67) Concurrent Undo Cycle 1.734ms
[2025-04-25T12:40:22.967+0000][54.342s][debug][safepoint   ] Safepoint synchronization initiated using futex wait barrier. (232 threads)
[2025-04-25T12:40:22.967+0000][54.342s][info ][safepoint   ] Safepoint "ICBufferFull", Time since last: 764852624 ns, Reaching safepoint: 87917 ns, Cleanup: 163577 ns, At safepoint: 113675 ns, Total: 365169 ns
[2025-04-25T12:40:23.252+0000][54.627s][debug][safepoint   ] Safepoint synchronization initiated using futex wait barrier. (234 threads)
[2025-04-25T12:40:23.252+0000][54.627s][info ][safepoint   ] Safepoint "ICBufferFull", Time since last: 285037255 ns, Reaching safepoint: 69346 ns, Cleanup: 107165 ns, At safepoint: 11414 ns, Total: 187925 ns
[2025-04-25T12:40:23.640+0000][55.015s][debug][safepoint   ] Safepoint synchronization initiated using futex wait barrier. (233 threads)
[2025-04-25T12:40:23.640+0000][55.015s][info ][safepoint   ] Safepoint "ICBufferFull", Time since last: 387814481 ns, Reaching safepoint: 79248 ns, Cleanup: 118622 ns, At safepoint: 6780 ns, Total: 204650 ns
[2025-04-25T12:40:25.487+0000][56.862s][debug][safepoint   ] Safepoint synchronization initiated using futex wait barrier. (233 threads)
[2025-04-25T12:40:25.487+0000][56.862s][info ][safepoint   ] Safepoint "Cleanup", Time since last: 1846571371 ns, Reaching safepoint: 110063 ns, Cleanup: 209185 ns, At safepoint: 21137 ns, Total: 340385 ns
[2025-04-25T12:40:26.487+0000][57.863s][debug][safepoint   ] Safepoint synchronization initiated using futex wait barrier. (233 threads)
[2025-04-25T12:40:26.488+0000][57.863s][info ][safepoint   ] Safepoint "Cleanup", Time since last: 1000264956 ns, Reaching safepoint: 158536 ns, Cleanup: 77908 ns, At safepoint: 18041 ns, Total: 254485 ns
[2025-04-25T12:40:27.648+0000][59.023s][debug][safepoint   ] Safepoint synchronization initiated using futex wait barrier. (233 threads)
[2025-04-25T12:40:27.648+0000][59.023s][info ][safepoint   ] Safepoint "Cleanup", Time since last: 1160216435 ns, Reaching safepoint: 228147 ns, Cleanup: 59960 ns, At safepoint: 38566 ns, Total: 326673 ns
[2025-04-25T12:40:28.648+0000][60.024s][debug][safepoint   ] Safepoint synchronization initiated using futex wait barrier. (233 threads)
[2025-04-25T12:40:28.649+0000][60.024s][info ][safepoint   ] Safepoint "Cleanup", Time since last: 1000222506 ns, Reaching safepoint: 329289 ns, Cleanup: 37558 ns, At safepoint: 39606 ns, Total: 406453 ns
[2025-04-25T12:40:29.746+0000][61.121s][debug][safepoint   ] Safepoint synchronization initiated using futex wait barrier. (233 threads)
[2025-04-25T12:40:29.746+0000][61.121s][info ][safepoint   ] Safepoint "Cleanup", Time since last: 1096726899 ns, Reaching safepoint: 65036 ns, Cleanup: 17365 ns, At safepoint: 5818 ns, Total: 88219 ns
[2025-04-25T12:40:30.746+0000][62.121s][debug][safepoint   ] Safepoint synchronization initiated using futex wait barrier. (232 threads)
[2025-04-25T12:40:30.746+0000][62.121s][info ][safepoint   ] Safepoint "Cleanup", Time since last: 1000138709 ns, Reaching safepoint: 214511 ns, Cleanup: 59279 ns, At safepoint: 16628 ns, Total: 290418 ns
[2025-04-25T12:40:31.746+0000][63.121s][debug][safepoint   ] Safepoint synchronization initiated using futex wait barrier. (232 threads)
[2025-04-25T12:40:31.746+0000][63.122s][info ][safepoint   ] Safepoint "Cleanup", Time since last: 1000195671 ns, Reaching safepoint: 137619 ns, Cleanup: 34000 ns, At safepoint: 8985 ns, Total: 180604 ns
[2025-04-25T12:40:32.747+0000][64.122s][debug][safepoint   ] Safepoint synchronization initiated using futex wait barrier. (232 threads)
[2025-04-25T12:40:32.747+0000][64.122s][info ][safepoint   ] Safepoint "Cleanup", Time since last: 1000132225 ns, Reaching safepoint: 213786 ns, Cleanup: 52479 ns, At safepoint: 21879 ns, Total: 288144 ns
[2025-04-25T12:40:33.747+0000][65.122s][debug][safepoint   ] Safepoint synchronization initiated using futex wait barrier. (232 threads)
[2025-04-25T12:40:33.747+0000][65.122s][info ][safepoint   ] Safepoint "Cleanup", Time since last: 1000114725 ns, Reaching safepoint: 144170 ns, Cleanup: 26245 ns, At safepoint: 11952 ns, Total: 182367 ns
[2025-04-25T12:40:34.747+0000][66.122s][debug][safepoint   ] Safepoint synchronization initiated using futex wait barrier. (232 threads)
[2025-04-25T12:40:34.748+0000][66.123s][info ][safepoint   ] Safepoint "Cleanup", Time since last: 1000216251 ns, Reaching safepoint: 262154 ns, Cleanup: 39228 ns, At safepoint: 20575 ns, Total: 321957 ns
[2025-04-25T12:40:35.748+0000][67.123s][debug][safepoint   ] Safepoint synchronization initiated using futex wait barrier. (232 threads)
[2025-04-25T12:40:35.748+0000][67.123s][info ][safepoint   ] Safepoint "Cleanup", Time since last: 1000149808 ns, Reaching safepoint: 84831 ns, Cleanup: 15754 ns, At safepoint: 6110 ns, Total: 106695 ns
[2025-04-25T12:40:36.748+0000][68.123s][debug][safepoint   ] Safepoint synchronization initiated using futex wait barrier. (232 threads)
[2025-04-25T12:40:36.749+0000][68.124s][info ][safepoint   ] Safepoint "Cleanup", Time since last: 1000208878 ns, Reaching safepoint: 240333 ns, Cleanup: 79366 ns, At safepoint: 30906 ns, Total: 350605 ns
[2025-04-25T12:40:37.749+0000][69.124s][debug][safepoint   ] Safepoint synchronization initiated using futex wait barrier. (232 threads)
[2025-04-25T12:40:37.749+0000][69.124s][info ][safepoint   ] Safepoint "Cleanup", Time since last: 1000225975 ns, Reaching safepoint: 140280 ns, Cleanup: 35847 ns, At safepoint: 15199 ns, Total: 191326 ns
[2025-04-25T12:40:38.749+0000][70.124s][debug][safepoint   ] Safepoint synchronization initiated using futex wait barrier. (232 threads)
[2025-04-25T12:40:38.750+0000][70.125s][info ][safepoint   ] Safepoint "Cleanup", Time since last: 1000258605 ns, Reaching safepoint: 253897 ns, Cleanup: 72507 ns, At safepoint: 30198 ns, Total: 356602 ns
[2025-04-25T12:40:39.751+0000][71.126s][debug][safepoint   ] Safepoint synchronization initiated using futex wait barrier. (232 threads)
[2025-04-25T12:40:39.752+0000][71.127s][info ][safepoint   ] Safepoint "Cleanup", Time since last: 1001823703 ns, Reaching safepoint: 603052 ns, Cleanup: 99573 ns, At safepoint: 28740 ns, Total: 731365 ns
[2025-04-25T12:40:41.754+0000][73.129s][debug][safepoint   ] Safepoint synchronization initiated using futex wait barrier. (232 threads)
[2025-04-25T12:40:41.754+0000][73.129s][info ][safepoint   ] Safepoint "Cleanup", Time since last: 2001488246 ns, Reaching safepoint: 331212 ns, Cleanup: 46403 ns, At safepoint: 56498 ns, Total: 434113 ns
[2025-04-25T12:40:42.754+0000][74.129s][debug][safepoint   ] Safepoint synchronization initiated using futex wait barrier. (232 threads)
[2025-04-25T12:40:42.755+0000][74.130s][info ][safepoint   ] Safepoint "Cleanup", Time since last: 1000229543 ns, Reaching safepoint: 180383 ns, Cleanup: 43939 ns, At safepoint: 12711 ns, Total: 237033 ns
[2025-04-25T12:40:43.756+0000][75.131s][debug][safepoint   ] Safepoint synchronization initiated using futex wait barrier. (232 threads)
[2025-04-25T12:40:43.756+0000][75.131s][info ][safepoint   ] Safepoint "Cleanup", Time since last: 1001122830 ns, Reaching safepoint: 367125 ns, Cleanup: 15910 ns, At safepoint: 17580 ns, Total: 400615 ns
[2025-04-25T12:40:44.756+0000][76.131s][debug][safepoint   ] Safepoint synchronization initiated using futex wait barrier. (232 threads)
[2025-04-25T12:40:44.757+0000][76.133s][info ][safepoint   ] Safepoint "Cleanup", Time since last: 1000176303 ns, Reaching safepoint: 769206 ns, Cleanup: 36188 ns, At safepoint: 395922 ns, Total: 1201316 ns
[2025-04-25T12:40:45.919+0000][77.294s][debug][safepoint   ] Safepoint synchronization initiated using futex wait barrier. (232 threads)
[2025-04-25T12:40:45.924+0000][77.300s][info ][safepoint   ] Safepoint "G1CollectForAllocation", Time since last: 1161916498 ns, Reaching safepoint: 2467840 ns, Cleanup: 74157 ns, At safepoint: 2631484 ns, Total: 5173481 ns
[2025-04-25T12:40:45.925+0000][77.300s][debug][safepoint   ] Safepoint synchronization initiated using futex wait barrier. (232 threads)
[2025-04-25T12:40:45.933+0000][77.308s][info ][gc,start    ] GC(68) Pause Young (Normal) (GCLocker Initiated GC)
[2025-04-25T12:40:45.933+0000][77.308s][info ][gc,task     ] GC(68) Using 4 workers of 4 for evacuation
[2025-04-25T12:40:45.971+0000][77.346s][info ][gc,phases   ] GC(68)   Pre Evacuate Collection Set: 0.3ms
[2025-04-25T12:40:45.971+0000][77.346s][info ][gc,phases   ] GC(68)   Merge Heap Roots: 0.6ms
[2025-04-25T12:40:45.971+0000][77.346s][info ][gc,phases   ] GC(68)   Evacuate Collection Set: 34.2ms
[2025-04-25T12:40:45.971+0000][77.346s][info ][gc,phases   ] GC(68)   Post Evacuate Collection Set: 2.3ms
[2025-04-25T12:40:45.971+0000][77.346s][info ][gc,phases   ] GC(68)   Other: 0.6ms
[2025-04-25T12:40:45.971+0000][77.346s][info ][gc,heap     ] GC(68) Eden regions: 309->0(289)
[2025-04-25T12:40:45.971+0000][77.346s][info ][gc,heap     ] GC(68) Survivor regions: 20->29(42)
[2025-04-25T12:40:45.971+0000][77.346s][info ][gc,heap     ] GC(68) Old regions: 149->149
[2025-04-25T12:40:45.971+0000][77.346s][info ][gc,heap     ] GC(68) Archive regions: 2->2
[2025-04-25T12:40:45.971+0000][77.346s][info ][gc,heap     ] GC(68) Humongous regions: 35->6
[2025-04-25T12:40:45.971+0000][77.346s][info ][gc,metaspace] GC(68) Metaspace: 181346K(182592K)->181346K(182592K) NonClass: 159148K(159808K)->159148K(159808K) Class: 22198K(22784K)->22198K(22784K)
[2025-04-25T12:40:45.971+0000][77.346s][info ][gc          ] GC(68) Pause Young (Normal) (GCLocker Initiated GC) 512M->183M(560M) 38.416ms
[2025-04-25T12:40:45.971+0000][77.347s][info ][gc,cpu      ] GC(68) User=0.10s Sys=0.00s Real=0.04s
[2025-04-25T12:40:45.973+0000][77.348s][info ][safepoint   ] Safepoint "G1CollectForAllocation", Time since last: 873983 ns, Reaching safepoint: 7529356 ns, Cleanup: 5746 ns, At safepoint: 40171900 ns, Total: 47707002 ns
[2025-04-25T12:40:46.974+0000][78.349s][debug][safepoint   ] Safepoint synchronization initiated using futex wait barrier. (232 threads)
[2025-04-25T12:40:46.974+0000][78.349s][debug][safepoint   ] ... found polling page loop exception at pc = 0x000070248d9b053c, stub =0x000070248c98e400
[2025-04-25T12:40:46.975+0000][78.350s][info ][safepoint   ] Safepoint "Cleanup", Time since last: 1000826294 ns, Reaching safepoint: 899977 ns, Cleanup: 84906 ns, At safepoint: 27783 ns, Total: 1012666 ns
[2025-04-25T12:40:48.662+0000][80.037s][debug][safepoint   ] Safepoint synchronization initiated using futex wait barrier. (232 threads)
[2025-04-25T12:40:48.662+0000][80.037s][info ][safepoint   ] Safepoint "ICBufferFull", Time since last: 1687188613 ns, Reaching safepoint: 75872 ns, Cleanup: 183237 ns, At safepoint: 10532 ns, Total: 269641 ns
[2025-04-25T12:40:49.663+0000][81.038s][debug][safepoint   ] Safepoint synchronization initiated using futex wait barrier. (232 threads)
[2025-04-25T12:40:49.663+0000][81.038s][info ][safepoint   ] Safepoint "Cleanup", Time since last: 1000228022 ns, Reaching safepoint: 591067 ns, Cleanup: 65141 ns, At safepoint: 33015 ns, Total: 689223 ns
[2025-04-25T12:40:50.598+0000][81.973s][debug][safepoint   ] Safepoint synchronization initiated using futex wait barrier. (232 threads)
[2025-04-25T12:40:50.598+0000][81.973s][info ][safepoint   ] Safepoint "ICBufferFull", Time since last: 934442940 ns, Reaching safepoint: 83413 ns, Cleanup: 162558 ns, At safepoint: 20619 ns, Total: 266590 ns
[2025-04-25T12:40:51.599+0000][82.974s][debug][safepoint   ] Safepoint synchronization initiated using futex wait barrier. (233 threads)
[2025-04-25T12:40:51.600+0000][82.975s][info ][safepoint   ] Safepoint "Cleanup", Time since last: 1001317382 ns, Reaching safepoint: 129393 ns, Cleanup: 96776 ns, At safepoint: 15889 ns, Total: 242058 ns
[2025-04-25T12:40:52.437+0000][83.812s][debug][safepoint   ] Safepoint synchronization initiated using futex wait barrier. (234 threads)
[2025-04-25T12:40:52.443+0000][83.818s][info ][gc,start    ] GC(69) Pause Young (Normal) (G1 Evacuation Pause)
[2025-04-25T12:40:52.443+0000][83.818s][info ][gc,task     ] GC(69) Using 4 workers of 4 for evacuation
[2025-04-25T12:40:52.529+0000][83.904s][info ][gc,phases   ] GC(69)   Pre Evacuate Collection Set: 0.8ms
[2025-04-25T12:40:52.529+0000][83.904s][info ][gc,phases   ] GC(69)   Merge Heap Roots: 0.8ms
[2025-04-25T12:40:52.529+0000][83.904s][info ][gc,phases   ] GC(69)   Evacuate Collection Set: 73.7ms
[2025-04-25T12:40:52.529+0000][83.904s][info ][gc,phases   ] GC(69)   Post Evacuate Collection Set: 10.8ms
[2025-04-25T12:40:52.529+0000][83.904s][info ][gc,phases   ] GC(69)   Other: 0.3ms
[2025-04-25T12:40:52.529+0000][83.904s][info ][gc,heap     ] GC(69) Eden regions: 289->0(290)
[2025-04-25T12:40:52.529+0000][83.904s][info ][gc,heap     ] GC(69) Survivor regions: 29->27(40)
[2025-04-25T12:40:52.529+0000][83.904s][info ][gc,heap     ] GC(69) Old regions: 149->156
[2025-04-25T12:40:52.529+0000][83.904s][info ][gc,heap     ] GC(69) Archive regions: 2->2
[2025-04-25T12:40:52.529+0000][83.904s][info ][gc,heap     ] GC(69) Humongous regions: 18->2
[2025-04-25T12:40:52.529+0000][83.904s][info ][gc,metaspace] GC(69) Metaspace: 184225K(185536K)->184225K(185536K) NonClass: 161687K(162368K)->161687K(162368K) Class: 22537K(23168K)->22537K(23168K)
[2025-04-25T12:40:52.529+0000][83.904s][info ][gc          ] GC(69) Pause Young (Normal) (G1 Evacuation Pause) 484M->185M(560M) 86.583ms
[2025-04-25T12:40:52.529+0000][83.904s][info ][gc,cpu      ] GC(69) User=0.16s Sys=0.00s Real=0.09s
[2025-04-25T12:40:52.530+0000][83.905s][info ][safepoint   ] Safepoint "G1CollectForAllocation", Time since last: 837775983 ns, Reaching safepoint: 93214 ns, Cleanup: 5107926 ns, At safepoint: 87070139 ns, Total: 92271279 ns
[2025-04-25T12:40:53.530+0000][84.905s][debug][safepoint   ] Safepoint synchronization initiated using futex wait barrier. (240 threads)
[2025-04-25T12:40:53.530+0000][84.905s][info ][safepoint   ] Safepoint "Cleanup", Time since last: 1000138384 ns, Reaching safepoint: 77578 ns, Cleanup: 157800 ns, At safepoint: 83534 ns, Total: 318912 ns
[2025-04-25T12:40:54.530+0000][85.905s][debug][safepoint   ] Safepoint synchronization initiated using futex wait barrier. (241 threads)
[2025-04-25T12:40:54.530+0000][85.905s][info ][safepoint   ] Safepoint "Cleanup", Time since last: 1000098935 ns, Reaching safepoint: 88750 ns, Cleanup: 127728 ns, At safepoint: 7801 ns, Total: 224279 ns
[2025-04-25T12:40:55.531+0000][86.906s][debug][safepoint   ] Safepoint synchronization initiated using futex wait barrier. (241 threads)
[2025-04-25T12:40:55.532+0000][86.907s][info ][safepoint   ] Safepoint "Cleanup", Time since last: 1000164086 ns, Reaching safepoint: 644373 ns, Cleanup: 389911 ns, At safepoint: 40984 ns, Total: 1075268 ns
[2025-04-25T12:40:56.532+0000][87.907s][debug][safepoint   ] Safepoint synchronization initiated using futex wait barrier. (241 threads)
[2025-04-25T12:40:56.532+0000][87.907s][info ][safepoint   ] Safepoint "Cleanup", Time since last: 1000215309 ns, Reaching safepoint: 78013 ns, Cleanup: 14281 ns, At safepoint: 7804 ns, Total: 100098 ns
[2025-04-25T12:40:57.532+0000][88.907s][debug][safepoint   ] Safepoint synchronization initiated using futex wait barrier. (241 threads)
[2025-04-25T12:40:57.532+0000][88.907s][info ][safepoint   ] Safepoint "Cleanup", Time since last: 1000087736 ns, Reaching safepoint: 72435 ns, Cleanup: 30631 ns, At safepoint: 9087 ns, Total: 112153 ns
[2025-04-25T12:40:58.532+0000][89.907s][debug][safepoint   ] Safepoint synchronization initiated using futex wait barrier. (240 threads)
[2025-04-25T12:40:58.533+0000][89.908s][info ][safepoint   ] Safepoint "Cleanup", Time since last: 1000191560 ns, Reaching safepoint: 195659 ns, Cleanup: 52031 ns, At safepoint: 19835 ns, Total: 267525 ns
[2025-04-25T12:40:59.533+0000][90.908s][debug][safepoint   ] Safepoint synchronization initiated using futex wait barrier. (240 threads)
[2025-04-25T12:40:59.533+0000][90.908s][info ][safepoint   ] Safepoint "Cleanup", Time since last: 1000236052 ns, Reaching safepoint: 225876 ns, Cleanup: 39029 ns, At safepoint: 23424 ns, Total: 288329 ns
[2025-04-25T12:41:02.534+0000][93.909s][debug][safepoint   ] Safepoint synchronization initiated using futex wait barrier. (240 threads)
[2025-04-25T12:41:02.535+0000][93.910s][info ][safepoint   ] Safepoint "Cleanup", Time since last: 3000449871 ns, Reaching safepoint: 837781 ns, Cleanup: 55021 ns, At safepoint: 58507 ns, Total: 951309 ns
[2025-04-25T12:41:03.536+0000][94.911s][debug][safepoint   ] Safepoint synchronization initiated using futex wait barrier. (240 threads)
[2025-04-25T12:41:03.536+0000][94.911s][info ][safepoint   ] Safepoint "Cleanup", Time since last: 1001033941 ns, Reaching safepoint: 74933 ns, Cleanup: 19848 ns, At safepoint: 5088 ns, Total: 99869 ns
[2025-04-25T12:41:04.536+0000][95.911s][debug][safepoint   ] Safepoint synchronization initiated using futex wait barrier. (240 threads)
[2025-04-25T12:41:04.536+0000][95.911s][info ][safepoint   ] Safepoint "Cleanup", Time since last: 1000081372 ns, Reaching safepoint: 68551 ns, Cleanup: 12702 ns, At safepoint: 5870 ns, Total: 87123 ns
[2025-04-25T12:41:05.536+0000][96.911s][debug][safepoint   ] Safepoint synchronization initiated using futex wait barrier. (240 threads)
[2025-04-25T12:41:05.536+0000][96.911s][info ][safepoint   ] Safepoint "Cleanup", Time since last: 1000128111 ns, Reaching safepoint: 190582 ns, Cleanup: 52597 ns, At safepoint: 18407 ns, Total: 261586 ns
[2025-04-25T12:41:10.537+0000][101.912s][debug][safepoint   ] Safepoint synchronization initiated using futex wait barrier. (240 threads)
[2025-04-25T12:41:10.537+0000][101.912s][info ][safepoint   ] Safepoint "Cleanup", Time since last: 5000797762 ns, Reaching safepoint: 232239 ns, Cleanup: 42666 ns, At safepoint: 63886 ns, Total: 338791 ns
[2025-04-25T12:41:12.538+0000][103.913s][debug][safepoint   ] Safepoint synchronization initiated using futex wait barrier. (240 threads)
[2025-04-25T12:41:12.538+0000][103.913s][info ][safepoint   ] Safepoint "Cleanup", Time since last: 2000688624 ns, Reaching safepoint: 91734 ns, Cleanup: 14332 ns, At safepoint: 6515 ns, Total: 112581 ns
[2025-04-25T12:41:13.538+0000][104.913s][debug][safepoint   ] Safepoint synchronization initiated using futex wait barrier. (240 threads)
[2025-04-25T12:41:13.540+0000][104.915s][info ][safepoint   ] Safepoint "Cleanup", Time since last: 1000212727 ns, Reaching safepoint: 872525 ns, Cleanup: 92714 ns, At safepoint: 931060 ns, Total: 1896299 ns
[2025-04-25T12:41:15.541+0000][106.916s][debug][safepoint   ] Safepoint synchronization initiated using futex wait barrier. (238 threads)
[2025-04-25T12:41:15.541+0000][106.916s][info ][safepoint   ] Safepoint "Cleanup", Time since last: 2000558546 ns, Reaching safepoint: 84449 ns, Cleanup: 11606 ns, At safepoint: 5374 ns, Total: 101429 ns
[2025-04-25T12:41:16.541+0000][107.916s][debug][safepoint   ] Safepoint synchronization initiated using futex wait barrier. (233 threads)
[2025-04-25T12:41:16.541+0000][107.917s][info ][safepoint   ] Safepoint "Cleanup", Time since last: 1000157048 ns, Reaching safepoint: 291434 ns, Cleanup: 38303 ns, At safepoint: 29532 ns, Total: 359269 ns
[2025-04-25T12:41:17.542+0000][108.917s][debug][safepoint   ] Safepoint synchronization initiated using futex wait barrier. (233 threads)
[2025-04-25T12:41:17.542+0000][108.917s][info ][safepoint   ] Safepoint "Cleanup", Time since last: 1000556951 ns, Reaching safepoint: 110046 ns, Cleanup: 22927 ns, At safepoint: 12188 ns, Total: 145161 ns
[2025-04-25T12:41:18.542+0000][109.917s][debug][safepoint   ] Safepoint synchronization initiated using futex wait barrier. (232 threads)
[2025-04-25T12:41:18.543+0000][109.918s][info ][safepoint   ] Safepoint "Cleanup", Time since last: 1000198558 ns, Reaching safepoint: 232647 ns, Cleanup: 37808 ns, At safepoint: 27707 ns, Total: 298162 ns
[2025-04-25T12:41:19.543+0000][110.918s][debug][safepoint   ] Safepoint synchronization initiated using futex wait barrier. (231 threads)
[2025-04-25T12:41:19.543+0000][110.919s][info ][safepoint   ] Safepoint "Cleanup", Time since last: 1000332249 ns, Reaching safepoint: 354540 ns, Cleanup: 89563 ns, At safepoint: 24423 ns, Total: 468526 ns
[2025-04-25T12:41:20.544+0000][111.919s][debug][safepoint   ] Safepoint synchronization initiated using futex wait barrier. (231 threads)
[2025-04-25T12:41:20.544+0000][111.919s][info ][safepoint   ] Safepoint "Cleanup", Time since last: 1000263891 ns, Reaching safepoint: 193848 ns, Cleanup: 52060 ns, At safepoint: 20336 ns, Total: 266244 ns
[2025-04-25T12:41:23.545+0000][114.920s][debug][safepoint   ] Safepoint synchronization initiated using futex wait barrier. (231 threads)
[2025-04-25T12:41:23.545+0000][114.920s][info ][safepoint   ] Safepoint "Cleanup", Time since last: 3000530331 ns, Reaching safepoint: 223637 ns, Cleanup: 42005 ns, At safepoint: 25239 ns, Total: 290881 ns
[2025-04-25T12:41:24.545+0000][115.920s][debug][safepoint   ] Safepoint synchronization initiated using futex wait barrier. (229 threads)
[2025-04-25T12:41:24.545+0000][115.921s][info ][safepoint   ] Safepoint "Cleanup", Time since last: 1000291885 ns, Reaching safepoint: 277148 ns, Cleanup: 45460 ns, At safepoint: 34486 ns, Total: 357094 ns
[2025-04-25T12:41:25.546+0000][116.921s][debug][safepoint   ] Safepoint synchronization initiated using futex wait barrier. (229 threads)
[2025-04-25T12:41:25.546+0000][116.921s][info ][safepoint   ] Safepoint "Cleanup", Time since last: 1000180098 ns, Reaching safepoint: 73452 ns, Cleanup: 12502 ns, At safepoint: 5382 ns, Total: 91336 ns
[2025-04-25T12:41:27.547+0000][118.922s][debug][safepoint   ] Safepoint synchronization initiated using futex wait barrier. (229 threads)
[2025-04-25T12:41:27.547+0000][118.922s][info ][safepoint   ] Safepoint "Cleanup", Time since last: 2001132853 ns, Reaching safepoint: 143403 ns, Cleanup: 18611 ns, At safepoint: 7184 ns, Total: 169198 ns
[2025-04-25T12:41:28.798+0000][120.173s][debug][safepoint   ] Safepoint synchronization initiated using futex wait barrier. (229 threads)
[2025-04-25T12:41:28.798+0000][120.173s][info ][safepoint   ] Safepoint "Cleanup", Time since last: 1251207439 ns, Reaching safepoint: 62398 ns, Cleanup: 24286 ns, At safepoint: 12561 ns, Total: 99245 ns
[2025-04-25T12:41:29.798+0000][121.174s][debug][safepoint   ] Safepoint synchronization initiated using futex wait barrier. (229 threads)
[2025-04-25T12:41:29.799+0000][121.174s][info ][safepoint   ] Safepoint "Cleanup", Time since last: 1000111888 ns, Reaching safepoint: 72789 ns, Cleanup: 22311 ns, At safepoint: 6193 ns, Total: 101293 ns
[2025-04-25T12:41:30.799+0000][122.174s][debug][safepoint   ] Safepoint synchronization initiated using futex wait barrier. (229 threads)
[2025-04-25T12:41:30.799+0000][122.174s][info ][safepoint   ] Safepoint "Cleanup", Time since last: 1000548706 ns, Reaching safepoint: 246504 ns, Cleanup: 39792 ns, At safepoint: 28820 ns, Total: 315116 ns
[2025-04-25T12:41:31.800+0000][123.175s][debug][safepoint   ] Safepoint synchronization initiated using futex wait barrier. (229 threads)
[2025-04-25T12:41:31.800+0000][123.175s][info ][safepoint   ] Safepoint "Cleanup", Time since last: 1000300377 ns, Reaching safepoint: 99160 ns, Cleanup: 21710 ns, At safepoint: 4714 ns, Total: 125584 ns
[2025-04-25T12:41:32.800+0000][124.175s][debug][safepoint   ] Safepoint synchronization initiated using futex wait barrier. (229 threads)
[2025-04-25T12:41:32.800+0000][124.175s][info ][safepoint   ] Safepoint "Cleanup", Time since last: 1000160870 ns, Reaching safepoint: 242379 ns, Cleanup: 47796 ns, At safepoint: 103898 ns, Total: 394073 ns
[2025-04-25T12:41:33.801+0000][125.176s][debug][safepoint   ] Safepoint synchronization initiated using futex wait barrier. (229 threads)
[2025-04-25T12:41:33.801+0000][125.176s][info ][safepoint   ] Safepoint "Cleanup", Time since last: 1000192794 ns, Reaching safepoint: 65867 ns, Cleanup: 12816 ns, At safepoint: 5984 ns, Total: 84667 ns
[2025-04-25T12:41:35.801+0000][127.176s][debug][safepoint   ] Safepoint synchronization initiated using futex wait barrier. (229 threads)
[2025-04-25T12:41:35.801+0000][127.177s][info ][safepoint   ] Safepoint "Cleanup", Time since last: 2000365111 ns, Reaching safepoint: 342312 ns, Cleanup: 47434 ns, At safepoint: 53152 ns, Total: 442898 ns
[2025-04-25T12:41:38.802+0000][130.177s][debug][safepoint   ] Safepoint synchronization initiated using futex wait barrier. (229 threads)
[2025-04-25T12:41:38.802+0000][130.177s][info ][safepoint   ] Safepoint "Cleanup", Time since last: 3000445121 ns, Reaching safepoint: 92695 ns, Cleanup: 16788 ns, At safepoint: 6700 ns, Total: 116183 ns
[2025-04-25T12:41:39.802+0000][131.177s][debug][safepoint   ] Safepoint synchronization initiated using futex wait barrier. (229 threads)
[2025-04-25T12:41:39.803+0000][131.178s][info ][safepoint   ] Safepoint "Cleanup", Time since last: 1000223023 ns, Reaching safepoint: 302022 ns, Cleanup: 66686 ns, At safepoint: 35531 ns, Total: 404239 ns
[2025-04-25T12:41:40.803+0000][132.178s][debug][safepoint   ] Safepoint synchronization initiated using futex wait barrier. (229 threads)
[2025-04-25T12:41:40.803+0000][132.178s][info ][safepoint   ] Safepoint "Cleanup", Time since last: 1000271090 ns, Reaching safepoint: 208916 ns, Cleanup: 32094 ns, At safepoint: 22971 ns, Total: 263981 ns
[2025-04-25T12:41:42.803+0000][134.179s][debug][safepoint   ] Safepoint synchronization initiated using futex wait barrier. (229 threads)
[2025-04-25T12:41:42.804+0000][134.179s][info ][safepoint   ] Safepoint "Cleanup", Time since last: 2000281866 ns, Reaching safepoint: 100181 ns, Cleanup: 16188 ns, At safepoint: 9677 ns, Total: 126046 ns
[2025-04-25T12:41:44.804+0000][136.179s][debug][safepoint   ] Safepoint synchronization initiated using futex wait barrier. (229 threads)
[2025-04-25T12:41:44.804+0000][136.180s][info ][safepoint   ] Safepoint "Cleanup", Time since last: 2000488030 ns, Reaching safepoint: 192788 ns, Cleanup: 46933 ns, At safepoint: 27458 ns, Total: 267179 ns
[2025-04-25T12:41:46.805+0000][138.180s][debug][safepoint   ] Safepoint synchronization initiated using futex wait barrier. (229 threads)
[2025-04-25T12:41:46.805+0000][138.180s][info ][safepoint   ] Safepoint "Cleanup", Time since last: 2000371160 ns, Reaching safepoint: 210192 ns, Cleanup: 31231 ns, At safepoint: 15595 ns, Total: 257018 ns
[2025-04-25T12:41:47.805+0000][139.180s][debug][safepoint   ] Safepoint synchronization initiated using futex wait barrier. (229 threads)
[2025-04-25T12:41:47.806+0000][139.181s][info ][safepoint   ] Safepoint "Cleanup", Time since last: 1000258642 ns, Reaching safepoint: 266087 ns, Cleanup: 44877 ns, At safepoint: 30820 ns, Total: 341784 ns
[2025-04-25T12:41:50.806+0000][142.181s][debug][safepoint   ] Safepoint synchronization initiated using futex wait barrier. (229 threads)
[2025-04-25T12:41:50.806+0000][142.181s][info ][safepoint   ] Safepoint "Cleanup", Time since last: 3000588331 ns, Reaching safepoint: 83794 ns, Cleanup: 17759 ns, At safepoint: 8420 ns, Total: 109973 ns
[2025-04-25T12:41:51.807+0000][143.182s][debug][safepoint   ] Safepoint synchronization initiated using futex wait barrier. (229 threads)
[2025-04-25T12:41:51.808+0000][143.183s][info ][safepoint   ] Safepoint "Cleanup", Time since last: 1000238380 ns, Reaching safepoint: 924719 ns, Cleanup: 39194 ns, At safepoint: 27575 ns, Total: 991488 ns
[2025-04-25T12:41:54.808+0000][146.183s][debug][safepoint   ] Safepoint synchronization initiated using futex wait barrier. (227 threads)
[2025-04-25T12:41:54.808+0000][146.183s][info ][safepoint   ] Safepoint "Cleanup", Time since last: 3000513749 ns, Reaching safepoint: 91079 ns, Cleanup: 67425 ns, At safepoint: 16869 ns, Total: 175373 ns
[2025-04-25T12:41:55.808+0000][147.183s][debug][safepoint   ] Safepoint synchronization initiated using futex wait barrier. (227 threads)
[2025-04-25T12:41:55.808+0000][147.184s][info ][safepoint   ] Safepoint "Cleanup", Time since last: 1000130801 ns, Reaching safepoint: 111508 ns, Cleanup: 47206 ns, At safepoint: 9629 ns, Total: 168343 ns
[2025-04-25T12:41:59.809+0000][151.184s][debug][safepoint   ] Safepoint synchronization initiated using futex wait barrier. (227 threads)
[2025-04-25T12:41:59.809+0000][151.184s][info ][safepoint   ] Safepoint "Cleanup", Time since last: 4000589316 ns, Reaching safepoint: 193995 ns, Cleanup: 77521 ns, At safepoint: 21853 ns, Total: 293369 ns
[2025-04-25T12:42:00.810+0000][152.185s][debug][safepoint   ] Safepoint synchronization initiated using futex wait barrier. (227 threads)
[2025-04-25T12:42:00.810+0000][152.185s][info ][safepoint   ] Safepoint "Cleanup", Time since last: 1000149843 ns, Reaching safepoint: 99957 ns, Cleanup: 19313 ns, At safepoint: 11759 ns, Total: 131029 ns
[2025-04-25T12:42:01.810+0000][153.185s][debug][safepoint   ] Safepoint synchronization initiated using futex wait barrier. (227 threads)
[2025-04-25T12:42:01.810+0000][153.185s][info ][safepoint   ] Safepoint "Cleanup", Time since last: 1000109836 ns, Reaching safepoint: 92495 ns, Cleanup: 15523 ns, At safepoint: 9172 ns, Total: 117190 ns
[2025-04-25T12:42:03.810+0000][155.185s][debug][safepoint   ] Safepoint synchronization initiated using futex wait barrier. (227 threads)
[2025-04-25T12:42:03.811+0000][155.186s][info ][safepoint   ] Safepoint "Cleanup", Time since last: 2000369585 ns, Reaching safepoint: 229205 ns, Cleanup: 31444 ns, At safepoint: 21185 ns, Total: 281834 ns
[2025-04-25T12:42:04.811+0000][156.186s][debug][safepoint   ] Safepoint synchronization initiated using futex wait barrier. (227 threads)
[2025-04-25T12:42:04.811+0000][156.186s][info ][safepoint   ] Safepoint "Cleanup", Time since last: 1000153580 ns, Reaching safepoint: 85627 ns, Cleanup: 14193 ns, At safepoint: 15339 ns, Total: 115159 ns
[2025-04-25T12:42:05.811+0000][157.186s][debug][safepoint   ] Safepoint synchronization initiated using futex wait barrier. (227 threads)
[2025-04-25T12:42:05.811+0000][157.186s][info ][safepoint   ] Safepoint "Cleanup", Time since last: 1000207070 ns, Reaching safepoint: 204538 ns, Cleanup: 47973 ns, At safepoint: 23670 ns, Total: 276181 ns
[2025-04-25T12:42:07.812+0000][159.187s][debug][safepoint   ] Safepoint synchronization initiated using futex wait barrier. (227 threads)
[2025-04-25T12:42:07.812+0000][159.187s][info ][safepoint   ] Safepoint "Cleanup", Time since last: 2000298190 ns, Reaching safepoint: 68544 ns, Cleanup: 47031 ns, At safepoint: 8505 ns, Total: 124080 ns
[2025-04-25T12:42:08.812+0000][160.187s][debug][safepoint   ] Safepoint synchronization initiated using futex wait barrier. (227 threads)
[2025-04-25T12:42:08.812+0000][160.187s][info ][safepoint   ] Safepoint "Cleanup", Time since last: 1000108529 ns, Reaching safepoint: 65533 ns, Cleanup: 10843 ns, At safepoint: 5807 ns, Total: 82183 ns
[2025-04-25T12:42:10.812+0000][162.187s][debug][safepoint   ] Safepoint synchronization initiated using futex wait barrier. (227 threads)
[2025-04-25T12:42:10.812+0000][162.187s][info ][safepoint   ] Safepoint "Cleanup", Time since last: 2000366444 ns, Reaching safepoint: 112538 ns, Cleanup: 15101 ns, At safepoint: 8257 ns, Total: 135896 ns
[2025-04-25T12:42:11.812+0000][163.188s][debug][safepoint   ] Safepoint synchronization initiated using futex wait barrier. (227 threads)
[2025-04-25T12:42:11.813+0000][163.188s][info ][safepoint   ] Safepoint "Cleanup", Time since last: 1000085885 ns, Reaching safepoint: 65870 ns, Cleanup: 24496 ns, At safepoint: 6058 ns, Total: 96424 ns
[2025-04-25T12:42:12.813+0000][164.188s][debug][safepoint   ] Safepoint synchronization initiated using futex wait barrier. (227 threads)
[2025-04-25T12:42:12.813+0000][164.188s][info ][safepoint   ] Safepoint "Cleanup", Time since last: 1000152574 ns, Reaching safepoint: 164223 ns, Cleanup: 39949 ns, At safepoint: 15808 ns, Total: 219980 ns
[2025-04-25T12:42:13.813+0000][165.188s][debug][safepoint   ] Safepoint synchronization initiated using futex wait barrier. (227 threads)
[2025-04-25T12:42:13.813+0000][165.188s][info ][safepoint   ] Safepoint "Cleanup", Time since last: 1000160100 ns, Reaching safepoint: 224674 ns, Cleanup: 26761 ns, At safepoint: 16612 ns, Total: 268047 ns
[2025-04-25T12:42:14.814+0000][166.189s][debug][safepoint   ] Safepoint synchronization initiated using futex wait barrier. (227 threads)
[2025-04-25T12:42:14.814+0000][166.189s][info ][safepoint   ] Safepoint "Cleanup", Time since last: 1000327340 ns, Reaching safepoint: 207270 ns, Cleanup: 30942 ns, At safepoint: 11042 ns, Total: 249254 ns
[2025-04-25T12:42:15.814+0000][167.189s][debug][safepoint   ] Safepoint synchronization initiated using futex wait barrier. (227 threads)
[2025-04-25T12:42:15.814+0000][167.190s][info ][safepoint   ] Safepoint "Cleanup", Time since last: 1000124229 ns, Reaching safepoint: 121212 ns, Cleanup: 241268 ns, At safepoint: 31606 ns, Total: 394086 ns
[2025-04-25T12:42:17.815+0000][169.190s][debug][safepoint   ] Safepoint synchronization initiated using futex wait barrier. (224 threads)
[2025-04-25T12:42:17.815+0000][169.190s][info ][safepoint   ] Safepoint "Cleanup", Time since last: 2000203232 ns, Reaching safepoint: 121721 ns, Cleanup: 25917 ns, At safepoint: 11910 ns, Total: 159548 ns
[2025-04-25T12:42:20.815+0000][172.190s][debug][safepoint   ] Safepoint synchronization initiated using futex wait barrier. (223 threads)
[2025-04-25T12:42:20.815+0000][172.190s][info ][safepoint   ] Safepoint "Cleanup", Time since last: 3000316414 ns, Reaching safepoint: 119663 ns, Cleanup: 37854 ns, At safepoint: 14360 ns, Total: 171877 ns
[2025-04-25T12:42:21.815+0000][173.191s][debug][safepoint   ] Safepoint synchronization initiated using futex wait barrier. (223 threads)
[2025-04-25T12:42:21.816+0000][173.191s][info ][safepoint   ] Safepoint "Cleanup", Time since last: 1000124191 ns, Reaching safepoint: 88530 ns, Cleanup: 17682 ns, At safepoint: 9503 ns, Total: 115715 ns
[2025-04-25T12:42:22.816+0000][174.191s][debug][safepoint   ] Safepoint synchronization initiated using futex wait barrier. (223 threads)
[2025-04-25T12:42:22.816+0000][174.191s][info ][safepoint   ] Safepoint "Cleanup", Time since last: 1000124094 ns, Reaching safepoint: 155210 ns, Cleanup: 22259 ns, At safepoint: 13750 ns, Total: 191219 ns
[2025-04-25T12:42:23.816+0000][175.191s][debug][safepoint   ] Safepoint synchronization initiated using futex wait barrier. (223 threads)
[2025-04-25T12:42:23.816+0000][175.191s][info ][safepoint   ] Safepoint "Cleanup", Time since last: 1000237199 ns, Reaching safepoint: 69337 ns, Cleanup: 13539 ns, At safepoint: 6950 ns, Total: 89826 ns
[2025-04-25T12:42:24.816+0000][176.191s][debug][safepoint   ] Safepoint synchronization initiated using futex wait barrier. (223 threads)
[2025-04-25T12:42:24.816+0000][176.192s][info ][safepoint   ] Safepoint "Cleanup", Time since last: 1000096990 ns, Reaching safepoint: 92366 ns, Cleanup: 15707 ns, At safepoint: 5941 ns, Total: 114014 ns
[2025-04-25T12:42:25.817+0000][177.192s][debug][safepoint   ] Safepoint synchronization initiated using futex wait barrier. (223 threads)
[2025-04-25T12:42:25.817+0000][177.192s][info ][safepoint   ] Safepoint "Cleanup", Time since last: 1000096629 ns, Reaching safepoint: 86586 ns, Cleanup: 13806 ns, At safepoint: 8423 ns, Total: 108815 ns
[2025-04-25T12:42:26.817+0000][178.192s][debug][safepoint   ] Safepoint synchronization initiated using futex wait barrier. (223 threads)
[2025-04-25T12:42:26.817+0000][178.192s][info ][safepoint   ] Safepoint "Cleanup", Time since last: 1000104127 ns, Reaching safepoint: 81902 ns, Cleanup: 11841 ns, At safepoint: 10527 ns, Total: 104270 ns
[2025-04-25T12:42:30.835+0000][182.210s][debug][safepoint   ] Safepoint synchronization initiated using futex wait barrier. (223 threads)
[2025-04-25T12:42:30.835+0000][182.210s][info ][safepoint   ] Safepoint "Cleanup", Time since last: 4017923528 ns, Reaching safepoint: 84073 ns, Cleanup: 13330 ns, At safepoint: 6599 ns, Total: 104002 ns
[2025-04-25T12:42:31.835+0000][183.210s][debug][safepoint   ] Safepoint synchronization initiated using futex wait barrier. (223 threads)
[2025-04-25T12:42:31.835+0000][183.210s][info ][safepoint   ] Safepoint "Cleanup", Time since last: 1000142460 ns, Reaching safepoint: 93616 ns, Cleanup: 16411 ns, At safepoint: 8996 ns, Total: 119023 ns
[2025-04-25T12:42:32.835+0000][184.210s][debug][safepoint   ] Safepoint synchronization initiated using futex wait barrier. (223 threads)
[2025-04-25T12:42:32.835+0000][184.210s][info ][safepoint   ] Safepoint "Cleanup", Time since last: 1000102771 ns, Reaching safepoint: 103444 ns, Cleanup: 17483 ns, At safepoint: 16135 ns, Total: 137062 ns
[2025-04-25T12:42:33.582+0000][184.957s][debug][safepoint   ] Safepoint synchronization initiated using futex wait barrier. (223 threads)
[2025-04-25T12:42:33.582+0000][184.957s][info ][gc,start    ] GC(70) Pause Young (Normal) (G1 Evacuation Pause)
[2025-04-25T12:42:33.582+0000][184.957s][info ][gc,task     ] GC(70) Using 4 workers of 4 for evacuation
[2025-04-25T12:42:33.636+0000][185.011s][info ][gc,phases   ] GC(70)   Pre Evacuate Collection Set: 0.2ms
[2025-04-25T12:42:33.636+0000][185.011s][info ][gc,phases   ] GC(70)   Merge Heap Roots: 0.2ms
[2025-04-25T12:42:33.636+0000][185.011s][info ][gc,phases   ] GC(70)   Evacuate Collection Set: 50.9ms
[2025-04-25T12:42:33.636+0000][185.011s][info ][gc,phases   ] GC(70)   Post Evacuate Collection Set: 2.7ms
[2025-04-25T12:42:33.636+0000][185.011s][info ][gc,phases   ] GC(70)   Other: 0.2ms
[2025-04-25T12:42:33.636+0000][185.011s][info ][gc,heap     ] GC(70) Eden regions: 290->0(288)
[2025-04-25T12:42:33.636+0000][185.011s][info ][gc,heap     ] GC(70) Survivor regions: 27->24(40)
[2025-04-25T12:42:33.636+0000][185.011s][info ][gc,heap     ] GC(70) Old regions: 156->164
[2025-04-25T12:42:33.636+0000][185.011s][info ][gc,heap     ] GC(70) Archive regions: 2->2
[2025-04-25T12:42:33.636+0000][185.011s][info ][gc,heap     ] GC(70) Humongous regions: 2->2
[2025-04-25T12:42:33.636+0000][185.011s][info ][gc,metaspace] GC(70) Metaspace: 186270K(187648K)->186270K(187648K) NonClass: 163571K(164288K)->163571K(164288K) Class: 22698K(23360K)->22698K(23360K)
[2025-04-25T12:42:33.636+0000][185.011s][info ][gc          ] GC(70) Pause Young (Normal) (G1 Evacuation Pause) 475M->190M(560M) 54.311ms
[2025-04-25T12:42:33.636+0000][185.011s][info ][gc,cpu      ] GC(70) User=0.12s Sys=0.00s Real=0.06s
[2025-04-25T12:42:33.637+0000][185.012s][info ][safepoint   ] Safepoint "G1CollectForAllocation", Time since last: 746337098 ns, Reaching safepoint: 85319 ns, Cleanup: 5828 ns, At safepoint: 54781289 ns, Total: 54872436 ns
[2025-04-25T12:42:34.637+0000][186.012s][debug][safepoint   ] Safepoint synchronization initiated using futex wait barrier. (223 threads)
[2025-04-25T12:42:34.637+0000][186.012s][info ][safepoint   ] Safepoint "Cleanup", Time since last: 1000119197 ns, Reaching safepoint: 111035 ns, Cleanup: 16839 ns, At safepoint: 7583 ns, Total: 135457 ns
[2025-04-25T12:42:35.637+0000][187.012s][debug][safepoint   ] Safepoint synchronization initiated using futex wait barrier. (223 threads)
[2025-04-25T12:42:35.637+0000][187.012s][info ][safepoint   ] Safepoint "Cleanup", Time since last: 1000131882 ns, Reaching safepoint: 79208 ns, Cleanup: 15521 ns, At safepoint: 7612 ns, Total: 102341 ns
[2025-04-25T12:42:36.637+0000][188.012s][debug][safepoint   ] Safepoint synchronization initiated using futex wait barrier. (223 threads)
[2025-04-25T12:42:36.637+0000][188.012s][info ][safepoint   ] Safepoint "Cleanup", Time since last: 1000106639 ns, Reaching safepoint: 98011 ns, Cleanup: 18527 ns, At safepoint: 17214 ns, Total: 133752 ns
[2025-04-25T12:42:37.637+0000][189.013s][debug][safepoint   ] Safepoint synchronization initiated using futex wait barrier. (223 threads)
[2025-04-25T12:42:37.638+0000][189.013s][info ][safepoint   ] Safepoint "Cleanup", Time since last: 1000129092 ns, Reaching safepoint: 88331 ns, Cleanup: 35336 ns, At safepoint: 7935 ns, Total: 131602 ns
[2025-04-25T12:42:38.638+0000][190.013s][debug][safepoint   ] Safepoint synchronization initiated using futex wait barrier. (223 threads)
[2025-04-25T12:42:38.638+0000][190.013s][info ][safepoint   ] Safepoint "Cleanup", Time since last: 1000129059 ns, Reaching safepoint: 71392 ns, Cleanup: 22404 ns, At safepoint: 5932 ns, Total: 99728 ns
[2025-04-25T12:42:39.638+0000][191.013s][debug][safepoint   ] Safepoint synchronization initiated using futex wait barrier. (223 threads)
[2025-04-25T12:42:39.638+0000][191.013s][info ][safepoint   ] Safepoint "Cleanup", Time since last: 1000140022 ns, Reaching safepoint: 91513 ns, Cleanup: 24246 ns, At safepoint: 9154 ns, Total: 124913 ns
[2025-04-25T12:42:40.638+0000][192.013s][debug][safepoint   ] Safepoint synchronization initiated using futex wait barrier. (223 threads)
[2025-04-25T12:42:40.638+0000][192.013s][info ][safepoint   ] Safepoint "Cleanup", Time since last: 1000141859 ns, Reaching safepoint: 68712 ns, Cleanup: 12281 ns, At safepoint: 5786 ns, Total: 86779 ns
[2025-04-25T12:42:42.639+0000][194.014s][debug][safepoint   ] Safepoint synchronization initiated using futex wait barrier. (223 threads)
[2025-04-25T12:42:42.639+0000][194.014s][info ][safepoint   ] Safepoint "Cleanup", Time since last: 2000207944 ns, Reaching safepoint: 91501 ns, Cleanup: 20980 ns, At safepoint: 7541 ns, Total: 120022 ns
[2025-04-25T12:42:44.639+0000][196.014s][debug][safepoint   ] Safepoint synchronization initiated using futex wait barrier. (223 threads)
[2025-04-25T12:42:44.639+0000][196.014s][info ][safepoint   ] Safepoint "Cleanup", Time since last: 2000172697 ns, Reaching safepoint: 76044 ns, Cleanup: 14776 ns, At safepoint: 7765 ns, Total: 98585 ns
[2025-04-25T12:42:49.639+0000][201.014s][debug][safepoint   ] Safepoint synchronization initiated using futex wait barrier. (223 threads)
[2025-04-25T12:42:49.639+0000][201.015s][info ][safepoint   ] Safepoint "Cleanup", Time since last: 5000448874 ns, Reaching safepoint: 130633 ns, Cleanup: 21401 ns, At safepoint: 6877 ns, Total: 158911 ns
[2025-04-25T12:42:50.640+0000][202.015s][debug][safepoint   ] Safepoint synchronization initiated using futex wait barrier. (223 threads)
[2025-04-25T12:42:50.640+0000][202.015s][info ][safepoint   ] Safepoint "Cleanup", Time since last: 1000097642 ns, Reaching safepoint: 79799 ns, Cleanup: 12971 ns, At safepoint: 6495 ns, Total: 99265 ns
[2025-04-25T12:42:51.640+0000][203.015s][debug][safepoint   ] Safepoint synchronization initiated using futex wait barrier. (223 threads)
[2025-04-25T12:42:51.640+0000][203.015s][info ][safepoint   ] Safepoint "Cleanup", Time since last: 1000095983 ns, Reaching safepoint: 85491 ns, Cleanup: 13168 ns, At safepoint: 5248 ns, Total: 103907 ns
[2025-04-25T12:42:53.640+0000][205.015s][debug][safepoint   ] Safepoint synchronization initiated using futex wait barrier. (223 threads)
[2025-04-25T12:42:53.640+0000][205.015s][info ][safepoint   ] Safepoint "Cleanup", Time since last: 2000207483 ns, Reaching safepoint: 71447 ns, Cleanup: 11986 ns, At safepoint: 6303 ns, Total: 89736 ns
[2025-04-25T12:42:54.641+0000][206.016s][debug][safepoint   ] Safepoint synchronization initiated using futex wait barrier. (222 threads)
[2025-04-25T12:42:54.643+0000][206.018s][info ][safepoint   ] Safepoint "Cleanup", Time since last: 1000985642 ns, Reaching safepoint: 1190890 ns, Cleanup: 349933 ns, At safepoint: 227218 ns, Total: 1768041 ns
[2025-04-25T12:42:55.644+0000][207.019s][debug][safepoint   ] Safepoint synchronization initiated using futex wait barrier. (222 threads)
[2025-04-25T12:42:55.644+0000][207.019s][info ][safepoint   ] Safepoint "Cleanup", Time since last: 1000748824 ns, Reaching safepoint: 272597 ns, Cleanup: 63808 ns, At safepoint: 7693 ns, Total: 344098 ns
[2025-04-25T12:42:56.644+0000][208.019s][debug][safepoint   ] Safepoint synchronization initiated using futex wait barrier. (222 threads)
[2025-04-25T12:42:56.644+0000][208.019s][info ][safepoint   ] Safepoint "Cleanup", Time since last: 1000135939 ns, Reaching safepoint: 65174 ns, Cleanup: 9996 ns, At safepoint: 4475 ns, Total: 79645 ns
[2025-04-25T12:42:57.644+0000][209.019s][debug][safepoint   ] Safepoint synchronization initiated using futex wait barrier. (222 threads)
[2025-04-25T12:42:57.644+0000][209.020s][info ][safepoint   ] Safepoint "Cleanup", Time since last: 1000065986 ns, Reaching safepoint: 79325 ns, Cleanup: 12818 ns, At safepoint: 6093 ns, Total: 98236 ns
[2025-04-25T12:42:58.645+0000][210.020s][debug][safepoint   ] Safepoint synchronization initiated using futex wait barrier. (222 threads)
[2025-04-25T12:42:58.645+0000][210.020s][info ][safepoint   ] Safepoint "Cleanup", Time since last: 1000114724 ns, Reaching safepoint: 426504 ns, Cleanup: 36386 ns, At safepoint: 17654 ns, Total: 480544 ns
[2025-04-25T12:43:03.646+0000][215.021s][debug][safepoint   ] Safepoint synchronization initiated using futex wait barrier. (222 threads)
[2025-04-25T12:43:03.646+0000][215.021s][info ][safepoint   ] Safepoint "Cleanup", Time since last: 5000665099 ns, Reaching safepoint: 162515 ns, Cleanup: 17045 ns, At safepoint: 7480 ns, Total: 187040 ns
[2025-04-25T12:43:04.646+0000][216.021s][debug][safepoint   ] Safepoint synchronization initiated using futex wait barrier. (222 threads)
[2025-04-25T12:43:04.646+0000][216.021s][info ][safepoint   ] Safepoint "Cleanup", Time since last: 1000118739 ns, Reaching safepoint: 127987 ns, Cleanup: 16078 ns, At safepoint: 17872 ns, Total: 161937 ns
[2025-04-25T12:43:07.647+0000][219.022s][debug][safepoint   ] Safepoint synchronization initiated using futex wait barrier. (222 threads)
[2025-04-25T12:43:07.647+0000][219.022s][info ][safepoint   ] Safepoint "Cleanup", Time since last: 3000412770 ns, Reaching safepoint: 210119 ns, Cleanup: 54789 ns, At safepoint: 24113 ns, Total: 289021 ns
[2025-04-25T12:43:08.647+0000][220.022s][debug][safepoint   ] Safepoint synchronization initiated using futex wait barrier. (222 threads)
[2025-04-25T12:43:08.648+0000][220.023s][info ][safepoint   ] Safepoint "Cleanup", Time since last: 1000297097 ns, Reaching safepoint: 410301 ns, Cleanup: 71976 ns, At safepoint: 30830 ns, Total: 513107 ns
[2025-04-25T12:43:11.648+0000][223.023s][debug][safepoint   ] Safepoint synchronization initiated using futex wait barrier. (222 threads)
[2025-04-25T12:43:11.649+0000][223.024s][info ][safepoint   ] Safepoint "Cleanup", Time since last: 3000690809 ns, Reaching safepoint: 254649 ns, Cleanup: 43080 ns, At safepoint: 29481 ns, Total: 327210 ns
[2025-04-25T12:43:13.649+0000][225.024s][debug][safepoint   ] Safepoint synchronization initiated using futex wait barrier. (222 threads)
[2025-04-25T12:43:13.649+0000][225.025s][info ][safepoint   ] Safepoint "Cleanup", Time since last: 2000328875 ns, Reaching safepoint: 258431 ns, Cleanup: 105451 ns, At safepoint: 41439 ns, Total: 405321 ns
[2025-04-25T12:43:16.650+0000][228.025s][debug][safepoint   ] Safepoint synchronization initiated using futex wait barrier. (220 threads)
[2025-04-25T12:43:16.650+0000][228.025s][info ][safepoint   ] Safepoint "Cleanup", Time since last: 3000512255 ns, Reaching safepoint: 303678 ns, Cleanup: 116705 ns, At safepoint: 51171 ns, Total: 471554 ns
[2025-04-25T12:43:17.651+0000][229.026s][debug][safepoint   ] Safepoint synchronization initiated using futex wait barrier. (220 threads)
[2025-04-25T12:43:17.651+0000][229.026s][info ][safepoint   ] Safepoint "Cleanup", Time since last: 1000395459 ns, Reaching safepoint: 201641 ns, Cleanup: 41804 ns, At safepoint: 25475 ns, Total: 268920 ns
[2025-04-25T12:43:21.652+0000][233.027s][debug][safepoint   ] Safepoint synchronization initiated using futex wait barrier. (219 threads)
[2025-04-25T12:43:21.652+0000][233.027s][info ][safepoint   ] Safepoint "Cleanup", Time since last: 4000486934 ns, Reaching safepoint: 139593 ns, Cleanup: 36841 ns, At safepoint: 14218 ns, Total: 190652 ns
[2025-04-25T12:43:25.652+0000][237.027s][debug][safepoint   ] Safepoint synchronization initiated using futex wait barrier. (219 threads)
[2025-04-25T12:43:25.653+0000][237.028s][info ][safepoint   ] Safepoint "Cleanup", Time since last: 4000600530 ns, Reaching safepoint: 244828 ns, Cleanup: 36027 ns, At safepoint: 21966 ns, Total: 302821 ns
[2025-04-25T12:43:26.653+0000][238.028s][debug][safepoint   ] Safepoint synchronization initiated using futex wait barrier. (219 threads)
[2025-04-25T12:43:26.653+0000][238.028s][info ][safepoint   ] Safepoint "Cleanup", Time since last: 1000268848 ns, Reaching safepoint: 207161 ns, Cleanup: 39235 ns, At safepoint: 22082 ns, Total: 268478 ns
[2025-04-25T12:43:27.653+0000][239.028s][debug][safepoint   ] Safepoint synchronization initiated using futex wait barrier. (219 threads)
[2025-04-25T12:43:27.654+0000][239.029s][info ][safepoint   ] Safepoint "Cleanup", Time since last: 1000208834 ns, Reaching safepoint: 251115 ns, Cleanup: 57834 ns, At safepoint: 27857 ns, Total: 336806 ns
[2025-04-25T12:43:28.654+0000][240.029s][debug][safepoint   ] Safepoint synchronization initiated using futex wait barrier. (219 threads)
[2025-04-25T12:43:28.654+0000][240.029s][info ][safepoint   ] Safepoint "Cleanup", Time since last: 1000222547 ns, Reaching safepoint: 74090 ns, Cleanup: 25905 ns, At safepoint: 7947 ns, Total: 107942 ns
[2025-04-25T12:43:30.865+0000][242.240s][debug][safepoint   ] Safepoint synchronization initiated using futex wait barrier. (219 threads)
[2025-04-25T12:43:30.865+0000][242.240s][info ][safepoint   ] Safepoint "Cleanup", Time since last: 2210951223 ns, Reaching safepoint: 166007 ns, Cleanup: 18654 ns, At safepoint: 5957 ns, Total: 190618 ns
[2025-04-25T12:43:31.865+0000][243.240s][debug][safepoint   ] Safepoint synchronization initiated using futex wait barrier. (219 threads)
[2025-04-25T12:43:31.866+0000][243.241s][info ][safepoint   ] Safepoint "Cleanup", Time since last: 1000161638 ns, Reaching safepoint: 268730 ns, Cleanup: 33237 ns, At safepoint: 23043 ns, Total: 325010 ns
[2025-04-25T12:43:34.866+0000][246.241s][debug][safepoint   ] Safepoint synchronization initiated using futex wait barrier. (219 threads)
[2025-04-25T12:43:34.866+0000][246.241s][info ][safepoint   ] Safepoint "Cleanup", Time since last: 3000444435 ns, Reaching safepoint: 80851 ns, Cleanup: 8806 ns, At safepoint: 5199 ns, Total: 94856 ns
[2025-04-25T12:43:36.866+0000][248.241s][debug][safepoint   ] Safepoint synchronization initiated using futex wait barrier. (219 threads)
[2025-04-25T12:43:36.866+0000][248.242s][info ][safepoint   ] Safepoint "Cleanup", Time since last: 2000132021 ns, Reaching safepoint: 72625 ns, Cleanup: 11349 ns, At safepoint: 4337 ns, Total: 88311 ns
[2025-04-25T12:43:37.867+0000][249.242s][debug][safepoint   ] Safepoint synchronization initiated using futex wait barrier. (219 threads)
[2025-04-25T12:43:37.867+0000][249.242s][info ][safepoint   ] Safepoint "Cleanup", Time since last: 1000130120 ns, Reaching safepoint: 197521 ns, Cleanup: 33654 ns, At safepoint: 15645 ns, Total: 246820 ns
[2025-04-25T12:43:38.867+0000][250.242s][debug][safepoint   ] Safepoint synchronization initiated using futex wait barrier. (219 threads)
[2025-04-25T12:43:38.867+0000][250.242s][info ][safepoint   ] Safepoint "Cleanup", Time since last: 1000216433 ns, Reaching safepoint: 224183 ns, Cleanup: 70147 ns, At safepoint: 21778 ns, Total: 316108 ns
[2025-04-25T12:43:39.867+0000][251.243s][debug][safepoint   ] Safepoint synchronization initiated using futex wait barrier. (219 threads)
[2025-04-25T12:43:39.868+0000][251.243s][info ][safepoint   ] Safepoint "Cleanup", Time since last: 1000122250 ns, Reaching safepoint: 96462 ns, Cleanup: 26593 ns, At safepoint: 6217 ns, Total: 129272 ns
[2025-04-25T12:43:40.868+0000][252.243s][debug][safepoint   ] Safepoint synchronization initiated using futex wait barrier. (219 threads)
[2025-04-25T12:43:40.868+0000][252.243s][info ][safepoint   ] Safepoint "Cleanup", Time since last: 1000137802 ns, Reaching safepoint: 200828 ns, Cleanup: 43646 ns, At safepoint: 28965 ns, Total: 273439 ns
[2025-04-25T12:43:47.869+0000][259.244s][debug][safepoint   ] Safepoint synchronization initiated using futex wait barrier. (219 threads)
[2025-04-25T12:43:47.869+0000][259.244s][info ][safepoint   ] Safepoint "Cleanup", Time since last: 7000863330 ns, Reaching safepoint: 198813 ns, Cleanup: 30024 ns, At safepoint: 22066 ns, Total: 250903 ns
[2025-04-25T12:43:49.870+0000][261.245s][debug][safepoint   ] Safepoint synchronization initiated using futex wait barrier. (219 threads)
[2025-04-25T12:43:49.870+0000][261.245s][info ][safepoint   ] Safepoint "Cleanup", Time since last: 2000371956 ns, Reaching safepoint: 87642 ns, Cleanup: 13338 ns, At safepoint: 4850 ns, Total: 105830 ns
[2025-04-25T12:43:52.870+0000][264.245s][debug][safepoint   ] Safepoint synchronization initiated using futex wait barrier. (219 threads)
[2025-04-25T12:43:52.870+0000][264.245s][info ][safepoint   ] Safepoint "Cleanup", Time since last: 3000290291 ns, Reaching safepoint: 80180 ns, Cleanup: 12121 ns, At safepoint: 5946 ns, Total: 98247 ns
[2025-04-25T12:43:53.870+0000][265.245s][debug][safepoint   ] Safepoint synchronization initiated using futex wait barrier. (219 threads)
[2025-04-25T12:43:53.870+0000][265.245s][info ][safepoint   ] Safepoint "Cleanup", Time since last: 1000086103 ns, Reaching safepoint: 66430 ns, Cleanup: 13298 ns, At safepoint: 5609 ns, Total: 85337 ns
[2025-04-25T12:43:54.870+0000][266.246s][debug][safepoint   ] Safepoint synchronization initiated using futex wait barrier. (218 threads)
[2025-04-25T12:43:54.871+0000][266.246s][info ][safepoint   ] Safepoint "Cleanup", Time since last: 1000125965 ns, Reaching safepoint: 238519 ns, Cleanup: 16296 ns, At safepoint: 7334 ns, Total: 262149 ns
[2025-04-25T12:43:55.871+0000][267.246s][debug][safepoint   ] Safepoint synchronization initiated using futex wait barrier. (218 threads)
[2025-04-25T12:43:55.871+0000][267.246s][info ][safepoint   ] Safepoint "Cleanup", Time since last: 1000131915 ns, Reaching safepoint: 90398 ns, Cleanup: 37007 ns, At safepoint: 41842 ns, Total: 169247 ns
[2025-04-25T12:43:56.871+0000][268.246s][debug][safepoint   ] Safepoint synchronization initiated using futex wait barrier. (218 threads)
[2025-04-25T12:43:56.872+0000][268.247s][info ][safepoint   ] Safepoint "Cleanup", Time since last: 1000170244 ns, Reaching safepoint: 305366 ns, Cleanup: 449991 ns, At safepoint: 110621 ns, Total: 865978 ns
[2025-04-25T12:43:57.872+0000][269.247s][debug][safepoint   ] Safepoint synchronization initiated using futex wait barrier. (218 threads)
[2025-04-25T12:43:57.873+0000][269.248s][info ][safepoint   ] Safepoint "Cleanup", Time since last: 1000286153 ns, Reaching safepoint: 314116 ns, Cleanup: 43233 ns, At safepoint: 24670 ns, Total: 382019 ns
[2025-04-25T12:44:06.876+0000][278.251s][debug][safepoint   ] Safepoint synchronization initiated using futex wait barrier. (218 threads)
[2025-04-25T12:44:06.876+0000][278.251s][info ][safepoint   ] Safepoint "Cleanup", Time since last: 9003000113 ns, Reaching safepoint: 64278 ns, Cleanup: 8740 ns, At safepoint: 3826 ns, Total: 76844 ns
