[2025-04-25T20:54:41.796+0000][0.077s][info][gc] Using G1
[2025-04-25T20:54:41.810+0000][0.091s][info][gc,init] Version: 17.0.14+7-Debian-1deb12u1 (release)
[2025-04-25T20:54:41.810+0000][0.091s][info][gc,init] CPUs: 4 total, 4 available
[2025-04-25T20:54:41.811+0000][0.092s][info][gc,init] Memory: 7823M
[2025-04-25T20:54:41.811+0000][0.092s][info][gc,init] Large Page Support: Disabled
[2025-04-25T20:54:41.811+0000][0.092s][info][gc,init] NUMA Support: Disabled
[2025-04-25T20:54:41.811+0000][0.092s][info][gc,init] Compressed Oops: Enabled (32-bit)
[2025-04-25T20:54:41.811+0000][0.092s][info][gc,init] Heap Region Size: 1M
[2025-04-25T20:54:41.811+0000][0.092s][info][gc,init] Heap Min Capacity: 8M
[2025-04-25T20:54:41.811+0000][0.092s][info][gc,init] Heap Initial Capacity: 124M
[2025-04-25T20:54:41.811+0000][0.092s][info][gc,init] Heap Max Capacity: 1956M
[2025-04-25T20:54:41.811+0000][0.092s][info][gc,init] Pre-touch: Disabled
[2025-04-25T20:54:41.811+0000][0.092s][info][gc,init] Parallel Workers: 4
[2025-04-25T20:54:41.811+0000][0.092s][info][gc,init] Concurrent Workers: 1
[2025-04-25T20:54:41.811+0000][0.092s][info][gc,init] Concurrent Refinement Workers: 4
[2025-04-25T20:54:41.811+0000][0.092s][info][gc,init] Periodic GC: Disabled
[2025-04-25T20:54:41.895+0000][0.176s][info][gc,metaspace] CDS archive(s) mapped at: [0x00007fd74f000000-0x00007fd74fbc9000-0x00007fd74fbc9000), size 12357632, SharedBaseAddress: 0x00007fd74f000000, ArchiveRelocationMode: 1.
[2025-04-25T20:54:41.895+0000][0.176s][info][gc,metaspace] Compressed class space mapped at: 0x00007fd750000000-0x00007fd790000000, reserved size: 1073741824
[2025-04-25T20:54:41.895+0000][0.176s][info][gc,metaspace] Narrow klass base: 0x00007fd74f000000, Narrow klass shift: 0, Narrow klass range: 0x100000000
[2025-04-25T20:54:41.943+0000][0.224s][info][cds,heap    ] initialize_from_archived_subgraph java.lang.Module$ArchivedData 0x00007fd74f183798 (early)
[2025-04-25T20:54:41.945+0000][0.226s][info][cds,heap    ] initialize_from_archived_subgraph java.util.ImmutableCollections 0x00007fd74f072308 (early)
[2025-04-25T20:54:41.955+0000][0.236s][info][cds,heap    ] initialize_from_archived_subgraph java.lang.Integer$IntegerCache 0x00007fd74f037660 (early)
[2025-04-25T20:54:41.978+0000][0.259s][info][cds,heap    ] initialize_from_archived_subgraph java.lang.module.Configuration 0x00007fd74f171718 (early)
[2025-04-25T20:54:41.978+0000][0.259s][info][cds,heap    ] initialize_from_archived_subgraph java.lang.ModuleLayer 0x00007fd74f145b50 (early)
[2025-04-25T20:54:41.979+0000][0.260s][info][cds,heap    ] initialize_from_archived_subgraph jdk.internal.loader.ArchivedClassLoaders 0x00007fd74f1a7e00 (early)
[2025-04-25T20:54:41.979+0000][0.260s][info][cds,heap    ] initialize_from_archived_subgraph jdk.internal.module.ArchivedBootLayer 0x00007fd74f178358 (early)
[2025-04-25T20:54:41.988+0000][0.269s][info][cds,heap    ] initialize_from_archived_subgraph sun.util.locale.BaseLocale 0x00007fd74f26eb88
[2025-04-25T20:54:42.018+0000][0.299s][info][cds,heap    ] initialize_from_archived_subgraph java.util.jar.Attributes$Name 0x00007fd74f199878
[2025-04-25T20:54:42.071+0000][0.352s][info][cds,heap    ] initialize_from_archived_subgraph java.lang.Long$LongCache 0x00007fd74f020f98
[2025-04-25T20:54:42.235+0000][0.516s][info][cds,heap    ] initialize_from_archived_subgraph java.lang.Character$CharacterCache 0x00007fd74f03a9e8
[2025-04-25T20:54:42.973+0000][1.254s][debug][safepoint   ] Safepoint synchronization initiated using futex wait barrier. (13 threads)
[2025-04-25T20:54:42.973+0000][1.254s][info ][gc,start    ] GC(0) Pause Young (Normal) (G1 Evacuation Pause)
[2025-04-25T20:54:42.973+0000][1.254s][info ][gc,task     ] GC(0) Using 3 workers of 4 for evacuation
[2025-04-25T20:54:42.982+0000][1.263s][info ][gc,phases   ] GC(0)   Pre Evacuate Collection Set: 0.1ms
[2025-04-25T20:54:42.982+0000][1.263s][info ][gc,phases   ] GC(0)   Merge Heap Roots: 0.1ms
[2025-04-25T20:54:42.982+0000][1.263s][info ][gc,phases   ] GC(0)   Evacuate Collection Set: 7.2ms
[2025-04-25T20:54:42.982+0000][1.263s][info ][gc,phases   ] GC(0)   Post Evacuate Collection Set: 1.3ms
[2025-04-25T20:54:42.982+0000][1.263s][info ][gc,phases   ] GC(0)   Other: 0.4ms
[2025-04-25T20:54:42.982+0000][1.263s][info ][gc,heap     ] GC(0) Eden regions: 37->0(52)
[2025-04-25T20:54:42.982+0000][1.263s][info ][gc,heap     ] GC(0) Survivor regions: 0->5(5)
[2025-04-25T20:54:42.982+0000][1.263s][info ][gc,heap     ] GC(0) Old regions: 0->2
[2025-04-25T20:54:42.982+0000][1.263s][info ][gc,heap     ] GC(0) Archive regions: 2->2
[2025-04-25T20:54:42.982+0000][1.263s][info ][gc,heap     ] GC(0) Humongous regions: 0->0
[2025-04-25T20:54:42.982+0000][1.263s][info ][gc,metaspace] GC(0) Metaspace: 2065K(2304K)->2065K(2304K) NonClass: 1859K(1984K)->1859K(1984K) Class: 205K(320K)->205K(320K)
[2025-04-25T20:54:42.982+0000][1.263s][info ][gc          ] GC(0) Pause Young (Normal) (G1 Evacuation Pause) 37M->7M(126M) 9.220ms
[2025-04-25T20:54:42.982+0000][1.263s][info ][gc,cpu      ] GC(0) User=0.02s Sys=0.01s Real=0.01s
[2025-04-25T20:54:42.982+0000][1.263s][info ][safepoint   ] Safepoint "G1CollectForAllocation", Time since last: 1036690713 ns, Reaching safepoint: 27289 ns, Cleanup: 93582 ns, At safepoint: 9362696 ns, Total: 9483567 ns
[2025-04-25T20:54:44.167+0000][2.448s][debug][safepoint   ] Safepoint synchronization initiated using futex wait barrier. (13 threads)
[2025-04-25T20:54:44.167+0000][2.448s][info ][gc,start    ] GC(1) Pause Young (Normal) (G1 Evacuation Pause)
[2025-04-25T20:54:44.167+0000][2.448s][info ][gc,task     ] GC(1) Using 3 workers of 4 for evacuation
[2025-04-25T20:54:44.183+0000][2.464s][info ][gc,phases   ] GC(1)   Pre Evacuate Collection Set: 0.1ms
[2025-04-25T20:54:44.183+0000][2.464s][info ][gc,phases   ] GC(1)   Merge Heap Roots: 0.1ms
[2025-04-25T20:54:44.183+0000][2.464s][info ][gc,phases   ] GC(1)   Evacuate Collection Set: 14.3ms
[2025-04-25T20:54:44.183+0000][2.464s][info ][gc,phases   ] GC(1)   Post Evacuate Collection Set: 1.4ms
[2025-04-25T20:54:44.183+0000][2.464s][info ][gc,phases   ] GC(1)   Other: 0.1ms
[2025-04-25T20:54:44.183+0000][2.464s][info ][gc,heap     ] GC(1) Eden regions: 52->0(70)
[2025-04-25T20:54:44.183+0000][2.464s][info ][gc,heap     ] GC(1) Survivor regions: 5->4(8)
[2025-04-25T20:54:44.183+0000][2.464s][info ][gc,heap     ] GC(1) Old regions: 2->7
[2025-04-25T20:54:44.183+0000][2.464s][info ][gc,heap     ] GC(1) Archive regions: 2->2
[2025-04-25T20:54:44.183+0000][2.464s][info ][gc,heap     ] GC(1) Humongous regions: 0->0
[2025-04-25T20:54:44.183+0000][2.464s][info ][gc,metaspace] GC(1) Metaspace: 4330K(4544K)->4330K(4544K) NonClass: 3865K(3968K)->3865K(3968K) Class: 464K(576K)->464K(576K)
[2025-04-25T20:54:44.183+0000][2.464s][info ][gc          ] GC(1) Pause Young (Normal) (G1 Evacuation Pause) 59M->10M(126M) 16.061ms
[2025-04-25T20:54:44.183+0000][2.464s][info ][gc,cpu      ] GC(1) User=0.03s Sys=0.02s Real=0.02s
[2025-04-25T20:54:44.184+0000][2.465s][info ][safepoint   ] Safepoint "G1CollectForAllocation", Time since last: 1184815919 ns, Reaching safepoint: 43670 ns, Cleanup: 75055 ns, At safepoint: 17173356 ns, Total: 17292081 ns
[2025-04-25T20:54:45.198+0000][3.479s][debug][safepoint   ] Safepoint synchronization initiated using futex wait barrier. (14 threads)
[2025-04-25T20:54:45.199+0000][3.480s][info ][safepoint   ] Safepoint "Cleanup", Time since last: 1014184550 ns, Reaching safepoint: 243563 ns, Cleanup: 176294 ns, At safepoint: 7782 ns, Total: 427639 ns
[2025-04-25T20:54:45.300+0000][3.581s][debug][safepoint   ] Safepoint synchronization initiated using futex wait barrier. (14 threads)
[2025-04-25T20:54:45.300+0000][3.581s][info ][gc,start    ] GC(2) Pause Young (Normal) (G1 Evacuation Pause)
[2025-04-25T20:54:45.300+0000][3.581s][info ][gc,task     ] GC(2) Using 3 workers of 4 for evacuation
[2025-04-25T20:54:45.306+0000][3.587s][info ][gc,phases   ] GC(2)   Pre Evacuate Collection Set: 0.1ms
[2025-04-25T20:54:45.306+0000][3.587s][info ][gc,phases   ] GC(2)   Merge Heap Roots: 0.0ms
[2025-04-25T20:54:45.306+0000][3.587s][info ][gc,phases   ] GC(2)   Evacuate Collection Set: 5.0ms
[2025-04-25T20:54:45.306+0000][3.587s][info ][gc,phases   ] GC(2)   Post Evacuate Collection Set: 0.6ms
[2025-04-25T20:54:45.306+0000][3.587s][info ][gc,phases   ] GC(2)   Other: 0.1ms
[2025-04-25T20:54:45.306+0000][3.587s][info ][gc,heap     ] GC(2) Eden regions: 70->0(69)
[2025-04-25T20:54:45.306+0000][3.587s][info ][gc,heap     ] GC(2) Survivor regions: 4->5(10)
[2025-04-25T20:54:45.306+0000][3.587s][info ][gc,heap     ] GC(2) Old regions: 7->7
[2025-04-25T20:54:45.306+0000][3.587s][info ][gc,heap     ] GC(2) Archive regions: 2->2
[2025-04-25T20:54:45.306+0000][3.587s][info ][gc,heap     ] GC(2) Humongous regions: 0->0
[2025-04-25T20:54:45.306+0000][3.587s][info ][gc,metaspace] GC(2) Metaspace: 6588K(6912K)->6588K(6912K) NonClass: 5753K(5888K)->5753K(5888K) Class: 835K(1024K)->835K(1024K)
[2025-04-25T20:54:45.306+0000][3.587s][info ][gc          ] GC(2) Pause Young (Normal) (G1 Evacuation Pause) 80M->12M(126M) 5.958ms
[2025-04-25T20:54:45.306+0000][3.587s][info ][gc,cpu      ] GC(2) User=0.02s Sys=0.01s Real=0.00s
[2025-04-25T20:54:45.306+0000][3.587s][info ][safepoint   ] Safepoint "G1CollectForAllocation", Time since last: 101204879 ns, Reaching safepoint: 39891 ns, Cleanup: 19816 ns, At safepoint: 6004772 ns, Total: 6064479 ns
[2025-04-25T20:54:45.837+0000][4.118s][debug][safepoint   ] Safepoint synchronization initiated using futex wait barrier. (14 threads)
[2025-04-25T20:54:45.837+0000][4.118s][info ][gc,start    ] GC(3) Pause Young (Normal) (G1 Evacuation Pause)
[2025-04-25T20:54:45.837+0000][4.118s][info ][gc,task     ] GC(3) Using 3 workers of 4 for evacuation
[2025-04-25T20:54:45.843+0000][4.124s][info ][gc,phases   ] GC(3)   Pre Evacuate Collection Set: 0.1ms
[2025-04-25T20:54:45.843+0000][4.124s][info ][gc,phases   ] GC(3)   Merge Heap Roots: 0.0ms
[2025-04-25T20:54:45.843+0000][4.124s][info ][gc,phases   ] GC(3)   Evacuate Collection Set: 4.9ms
[2025-04-25T20:54:45.843+0000][4.124s][info ][gc,phases   ] GC(3)   Post Evacuate Collection Set: 0.8ms
[2025-04-25T20:54:45.843+0000][4.124s][info ][gc,phases   ] GC(3)   Other: 0.1ms
[2025-04-25T20:54:45.843+0000][4.124s][info ][gc,heap     ] GC(3) Eden regions: 69->0(68)
[2025-04-25T20:54:45.843+0000][4.124s][info ][gc,heap     ] GC(3) Survivor regions: 5->6(10)
[2025-04-25T20:54:45.843+0000][4.124s][info ][gc,heap     ] GC(3) Old regions: 7->7
[2025-04-25T20:54:45.843+0000][4.124s][info ][gc,heap     ] GC(3) Archive regions: 2->2
[2025-04-25T20:54:45.843+0000][4.124s][info ][gc,heap     ] GC(3) Humongous regions: 0->0
[2025-04-25T20:54:45.843+0000][4.124s][info ][gc,metaspace] GC(3) Metaspace: 10581K(10880K)->10581K(10880K) NonClass: 9198K(9344K)->9198K(9344K) Class: 1383K(1536K)->1383K(1536K)
[2025-04-25T20:54:45.843+0000][4.124s][info ][gc          ] GC(3) Pause Young (Normal) (G1 Evacuation Pause) 81M->13M(126M) 5.971ms
[2025-04-25T20:54:45.843+0000][4.124s][info ][gc,cpu      ] GC(3) User=0.02s Sys=0.00s Real=0.01s
[2025-04-25T20:54:45.843+0000][4.124s][info ][safepoint   ] Safepoint "G1CollectForAllocation", Time since last: 531110333 ns, Reaching safepoint: 108221 ns, Cleanup: 67650 ns, At safepoint: 6037517 ns, Total: 6213388 ns
[2025-04-25T20:54:46.285+0000][4.566s][debug][safepoint   ] Safepoint synchronization initiated using futex wait barrier. (14 threads)
[2025-04-25T20:54:46.285+0000][4.566s][info ][safepoint   ] Safepoint "ICBufferFull", Time since last: 441842680 ns, Reaching safepoint: 105923 ns, Cleanup: 82482 ns, At safepoint: 6967 ns, Total: 195372 ns
[2025-04-25T20:54:46.448+0000][4.730s][debug][safepoint   ] Safepoint synchronization initiated using futex wait barrier. (15 threads)
[2025-04-25T20:54:46.449+0000][4.730s][info ][gc,start    ] GC(4) Pause Young (Normal) (G1 Evacuation Pause)
[2025-04-25T20:54:46.449+0000][4.730s][info ][gc,task     ] GC(4) Using 4 workers of 4 for evacuation
[2025-04-25T20:54:46.459+0000][4.740s][info ][gc,phases   ] GC(4)   Pre Evacuate Collection Set: 0.1ms
[2025-04-25T20:54:46.459+0000][4.740s][info ][gc,phases   ] GC(4)   Merge Heap Roots: 0.1ms
[2025-04-25T20:54:46.459+0000][4.740s][info ][gc,phases   ] GC(4)   Evacuate Collection Set: 9.3ms
[2025-04-25T20:54:46.459+0000][4.740s][info ][gc,phases   ] GC(4)   Post Evacuate Collection Set: 0.9ms
[2025-04-25T20:54:46.459+0000][4.740s][info ][gc,phases   ] GC(4)   Other: 0.1ms
[2025-04-25T20:54:46.459+0000][4.740s][info ][gc,heap     ] GC(4) Eden regions: 68->0(68)
[2025-04-25T20:54:46.459+0000][4.740s][info ][gc,heap     ] GC(4) Survivor regions: 6->6(10)
[2025-04-25T20:54:46.459+0000][4.740s][info ][gc,heap     ] GC(4) Old regions: 7->10
[2025-04-25T20:54:46.459+0000][4.740s][info ][gc,heap     ] GC(4) Archive regions: 2->2
[2025-04-25T20:54:46.459+0000][4.740s][info ][gc,heap     ] GC(4) Humongous regions: 0->0
[2025-04-25T20:54:46.459+0000][4.740s][info ][gc,metaspace] GC(4) Metaspace: 12347K(12608K)->12347K(12608K) NonClass: 10746K(10880K)->10746K(10880K) Class: 1600K(1728K)->1600K(1728K)
[2025-04-25T20:54:46.459+0000][4.740s][info ][gc          ] GC(4) Pause Young (Normal) (G1 Evacuation Pause) 81M->15M(126M) 10.574ms
[2025-04-25T20:54:46.459+0000][4.740s][info ][gc,cpu      ] GC(4) User=0.04s Sys=0.01s Real=0.01s
[2025-04-25T20:54:46.459+0000][4.740s][info ][safepoint   ] Safepoint "G1CollectForAllocation", Time since last: 163107576 ns, Reaching safepoint: 104176 ns, Cleanup: 96814 ns, At safepoint: 10623665 ns, Total: 10824655 ns
[2025-04-25T20:54:46.858+0000][5.139s][debug][safepoint   ] Safepoint synchronization initiated using futex wait barrier. (15 threads)
[2025-04-25T20:54:46.859+0000][5.140s][info ][gc,start    ] GC(5) Pause Young (Normal) (G1 Evacuation Pause)
[2025-04-25T20:54:46.859+0000][5.140s][info ][gc,task     ] GC(5) Using 4 workers of 4 for evacuation
[2025-04-25T20:54:46.866+0000][5.147s][info ][gc,phases   ] GC(5)   Pre Evacuate Collection Set: 0.1ms
[2025-04-25T20:54:46.866+0000][5.147s][info ][gc,phases   ] GC(5)   Merge Heap Roots: 0.1ms
[2025-04-25T20:54:46.866+0000][5.147s][info ][gc,phases   ] GC(5)   Evacuate Collection Set: 6.2ms
[2025-04-25T20:54:46.866+0000][5.147s][info ][gc,phases   ] GC(5)   Post Evacuate Collection Set: 0.8ms
[2025-04-25T20:54:46.866+0000][5.147s][info ][gc,phases   ] GC(5)   Other: 0.1ms
[2025-04-25T20:54:46.866+0000][5.147s][info ][gc,heap     ] GC(5) Eden regions: 68->0(68)
[2025-04-25T20:54:46.866+0000][5.147s][info ][gc,heap     ] GC(5) Survivor regions: 6->6(10)
[2025-04-25T20:54:46.866+0000][5.147s][info ][gc,heap     ] GC(5) Old regions: 10->10
[2025-04-25T20:54:46.866+0000][5.147s][info ][gc,heap     ] GC(5) Archive regions: 2->2
[2025-04-25T20:54:46.866+0000][5.147s][info ][gc,heap     ] GC(5) Humongous regions: 0->0
[2025-04-25T20:54:46.866+0000][5.147s][info ][gc,metaspace] GC(5) Metaspace: 14855K(15168K)->14855K(15168K) NonClass: 12918K(13056K)->12918K(13056K) Class: 1937K(2112K)->1937K(2112K)
[2025-04-25T20:54:46.866+0000][5.147s][info ][gc          ] GC(5) Pause Young (Normal) (G1 Evacuation Pause) 83M->15M(126M) 7.287ms
[2025-04-25T20:54:46.866+0000][5.147s][info ][gc,cpu      ] GC(5) User=0.03s Sys=0.00s Real=0.00s
[2025-04-25T20:54:46.866+0000][5.147s][info ][safepoint   ] Safepoint "G1CollectForAllocation", Time since last: 398594541 ns, Reaching safepoint: 695702 ns, Cleanup: 43547 ns, At safepoint: 7329109 ns, Total: 8068358 ns
[2025-04-25T20:54:47.032+0000][5.313s][info ][cds,heap    ] initialize_from_archived_subgraph java.lang.Byte$ByteCache 0x00007fd74f03abf8
[2025-04-25T20:54:47.032+0000][5.313s][info ][cds,heap    ] initialize_from_archived_subgraph java.lang.Short$ShortCache 0x00007fd74f0412e8
[2025-04-25T20:54:47.158+0000][5.439s][debug][safepoint   ] Safepoint synchronization initiated using futex wait barrier. (15 threads)
[2025-04-25T20:54:47.158+0000][5.439s][info ][gc,start    ] GC(6) Pause Young (Normal) (G1 Evacuation Pause)
[2025-04-25T20:54:47.158+0000][5.439s][info ][gc,task     ] GC(6) Using 4 workers of 4 for evacuation
[2025-04-25T20:54:47.166+0000][5.447s][info ][gc,phases   ] GC(6)   Pre Evacuate Collection Set: 0.1ms
[2025-04-25T20:54:47.166+0000][5.447s][info ][gc,phases   ] GC(6)   Merge Heap Roots: 0.0ms
[2025-04-25T20:54:47.166+0000][5.447s][info ][gc,phases   ] GC(6)   Evacuate Collection Set: 6.7ms
[2025-04-25T20:54:47.166+0000][5.447s][info ][gc,phases   ] GC(6)   Post Evacuate Collection Set: 1.0ms
[2025-04-25T20:54:47.166+0000][5.447s][info ][gc,phases   ] GC(6)   Other: 0.1ms
[2025-04-25T20:54:47.166+0000][5.447s][info ][gc,heap     ] GC(6) Eden regions: 68->0(85)
[2025-04-25T20:54:47.166+0000][5.447s][info ][gc,heap     ] GC(6) Survivor regions: 6->6(10)
[2025-04-25T20:54:47.166+0000][5.447s][info ][gc,heap     ] GC(6) Old regions: 10->11
[2025-04-25T20:54:47.166+0000][5.447s][info ][gc,heap     ] GC(6) Archive regions: 2->2
[2025-04-25T20:54:47.166+0000][5.447s][info ][gc,heap     ] GC(6) Humongous regions: 0->0
[2025-04-25T20:54:47.166+0000][5.447s][info ][gc,metaspace] GC(6) Metaspace: 16809K(17088K)->16809K(17088K) NonClass: 14513K(14656K)->14513K(14656K) Class: 2296K(2432K)->2296K(2432K)
[2025-04-25T20:54:47.166+0000][5.447s][info ][gc          ] GC(6) Pause Young (Normal) (G1 Evacuation Pause) 83M->16M(152M) 8.026ms
[2025-04-25T20:54:47.166+0000][5.447s][info ][gc,cpu      ] GC(6) User=0.02s Sys=0.01s Real=0.01s
[2025-04-25T20:54:47.166+0000][5.447s][info ][safepoint   ] Safepoint "G1CollectForAllocation", Time since last: 291671981 ns, Reaching safepoint: 218058 ns, Cleanup: 59313 ns, At safepoint: 8071446 ns, Total: 8348817 ns
[2025-04-25T20:54:47.687+0000][5.968s][debug][safepoint   ] Safepoint synchronization initiated using futex wait barrier. (15 threads)
[2025-04-25T20:54:47.687+0000][5.968s][info ][gc,start    ] GC(7) Pause Young (Normal) (G1 Evacuation Pause)
[2025-04-25T20:54:47.687+0000][5.968s][info ][gc,task     ] GC(7) Using 4 workers of 4 for evacuation
[2025-04-25T20:54:47.700+0000][5.981s][info ][gc,phases   ] GC(7)   Pre Evacuate Collection Set: 0.1ms
[2025-04-25T20:54:47.700+0000][5.981s][info ][gc,phases   ] GC(7)   Merge Heap Roots: 0.0ms
[2025-04-25T20:54:47.700+0000][5.981s][info ][gc,phases   ] GC(7)   Evacuate Collection Set: 12.5ms
[2025-04-25T20:54:47.700+0000][5.981s][info ][gc,phases   ] GC(7)   Post Evacuate Collection Set: 0.8ms
[2025-04-25T20:54:47.700+0000][5.981s][info ][gc,phases   ] GC(7)   Other: 0.1ms
[2025-04-25T20:54:47.700+0000][5.981s][info ][gc,heap     ] GC(7) Eden regions: 85->0(82)
[2025-04-25T20:54:47.700+0000][5.981s][info ][gc,heap     ] GC(7) Survivor regions: 6->9(12)
[2025-04-25T20:54:47.700+0000][5.981s][info ][gc,heap     ] GC(7) Old regions: 11->11
[2025-04-25T20:54:47.700+0000][5.981s][info ][gc,heap     ] GC(7) Archive regions: 2->2
[2025-04-25T20:54:47.700+0000][5.981s][info ][gc,heap     ] GC(7) Humongous regions: 0->0
[2025-04-25T20:54:47.700+0000][5.981s][info ][gc,metaspace] GC(7) Metaspace: 20433K(20864K)->20433K(20864K) NonClass: 17766K(17984K)->17766K(17984K) Class: 2667K(2880K)->2667K(2880K)
[2025-04-25T20:54:47.700+0000][5.981s][info ][gc          ] GC(7) Pause Young (Normal) (G1 Evacuation Pause) 101M->20M(152M) 13.660ms
[2025-04-25T20:54:47.700+0000][5.981s][info ][gc,cpu      ] GC(7) User=0.04s Sys=0.00s Real=0.02s
[2025-04-25T20:54:47.700+0000][5.982s][info ][safepoint   ] Safepoint "G1CollectForAllocation", Time since last: 520523039 ns, Reaching safepoint: 120405 ns, Cleanup: 72350 ns, At safepoint: 13719805 ns, Total: 13912560 ns
[2025-04-25T20:54:47.803+0000][6.084s][debug][safepoint   ] Safepoint synchronization initiated using futex wait barrier. (15 threads)
[2025-04-25T20:54:47.803+0000][6.084s][info ][gc,start    ] GC(8) Pause Young (Concurrent Start) (Metadata GC Threshold)
[2025-04-25T20:54:47.803+0000][6.084s][info ][gc,task     ] GC(8) Using 4 workers of 4 for evacuation
[2025-04-25T20:54:47.814+0000][6.096s][info ][gc,phases   ] GC(8)   Pre Evacuate Collection Set: 0.1ms
[2025-04-25T20:54:47.815+0000][6.096s][info ][gc,phases   ] GC(8)   Merge Heap Roots: 0.0ms
[2025-04-25T20:54:47.815+0000][6.096s][info ][gc,phases   ] GC(8)   Evacuate Collection Set: 10.6ms
[2025-04-25T20:54:47.815+0000][6.096s][info ][gc,phases   ] GC(8)   Post Evacuate Collection Set: 0.8ms
[2025-04-25T20:54:47.815+0000][6.096s][info ][gc,phases   ] GC(8)   Other: 0.2ms
[2025-04-25T20:54:47.815+0000][6.096s][info ][gc,heap     ] GC(8) Eden regions: 15->0(84)
[2025-04-25T20:54:47.815+0000][6.096s][info ][gc,heap     ] GC(8) Survivor regions: 9->7(12)
[2025-04-25T20:54:47.815+0000][6.096s][info ][gc,heap     ] GC(8) Old regions: 11->14
[2025-04-25T20:54:47.815+0000][6.096s][info ][gc,heap     ] GC(8) Archive regions: 2->2
[2025-04-25T20:54:47.815+0000][6.096s][info ][gc,heap     ] GC(8) Humongous regions: 0->0
[2025-04-25T20:54:47.815+0000][6.096s][info ][gc,metaspace] GC(8) Metaspace: 21166K(21504K)->21166K(21504K) NonClass: 18410K(18560K)->18410K(18560K) Class: 2756K(2944K)->2756K(2944K)
[2025-04-25T20:54:47.815+0000][6.096s][info ][gc          ] GC(8) Pause Young (Concurrent Start) (Metadata GC Threshold) 35M->21M(152M) 11.839ms
[2025-04-25T20:54:47.815+0000][6.096s][info ][gc,cpu      ] GC(8) User=0.04s Sys=0.00s Real=0.01s
[2025-04-25T20:54:47.815+0000][6.096s][info ][safepoint   ] Safepoint "CollectForMetadataAllocation", Time since last: 102183957 ns, Reaching safepoint: 120650 ns, Cleanup: 35507 ns, At safepoint: 11958006 ns, Total: 12114163 ns
[2025-04-25T20:54:47.815+0000][6.096s][info ][gc          ] GC(9) Concurrent Mark Cycle
[2025-04-25T20:54:47.815+0000][6.096s][info ][gc,marking  ] GC(9) Concurrent Clear Claimed Marks
[2025-04-25T20:54:47.815+0000][6.096s][info ][gc,marking  ] GC(9) Concurrent Clear Claimed Marks 0.029ms
[2025-04-25T20:54:47.815+0000][6.096s][info ][gc,marking  ] GC(9) Concurrent Scan Root Regions
[2025-04-25T20:54:47.822+0000][6.103s][info ][gc,marking  ] GC(9) Concurrent Scan Root Regions 6.989ms
[2025-04-25T20:54:47.822+0000][6.103s][info ][gc,marking  ] GC(9) Concurrent Mark
[2025-04-25T20:54:47.822+0000][6.103s][info ][gc,marking  ] GC(9) Concurrent Mark From Roots
[2025-04-25T20:54:47.822+0000][6.103s][info ][gc,task     ] GC(9) Using 1 workers of 1 for marking
[2025-04-25T20:54:47.853+0000][6.134s][debug][safepoint   ] Safepoint synchronization initiated using futex wait barrier. (15 threads)
[2025-04-25T20:54:47.853+0000][6.134s][info ][safepoint   ] Safepoint "CollectForMetadataAllocation", Time since last: 38345916 ns, Reaching safepoint: 125949 ns, Cleanup: 8410 ns, At safepoint: 36258 ns, Total: 170617 ns
[2025-04-25T20:54:47.856+0000][6.137s][info ][gc,marking  ] GC(9) Concurrent Mark From Roots 33.881ms
[2025-04-25T20:54:47.856+0000][6.137s][info ][gc,marking  ] GC(9) Concurrent Preclean
[2025-04-25T20:54:47.856+0000][6.137s][info ][gc,marking  ] GC(9) Concurrent Preclean 0.294ms
[2025-04-25T20:54:47.856+0000][6.137s][debug][safepoint   ] Safepoint synchronization initiated using futex wait barrier. (15 threads)
[2025-04-25T20:54:47.856+0000][6.137s][debug][safepoint   ] ... found polling page loop exception at pc = 0x00007fd7b8f6c69b, stub =0x00007fd7b898e400
[2025-04-25T20:54:47.856+0000][6.137s][info ][gc,start    ] GC(9) Pause Remark
[2025-04-25T20:54:47.859+0000][6.140s][info ][gc          ] GC(9) Pause Remark 24M->24M(90M) 2.696ms
[2025-04-25T20:54:47.859+0000][6.140s][info ][gc,cpu      ] GC(9) User=0.01s Sys=0.00s Real=0.01s
[2025-04-25T20:54:47.860+0000][6.141s][info ][safepoint   ] Safepoint "G1PauseRemark", Time since last: 2883015 ns, Reaching safepoint: 82853 ns, Cleanup: 3321 ns, At safepoint: 3391124 ns, Total: 3477298 ns
[2025-04-25T20:54:47.860+0000][6.141s][info ][gc,marking  ] GC(9) Concurrent Mark 37.818ms
[2025-04-25T20:54:47.860+0000][6.141s][info ][gc,marking  ] GC(9) Concurrent Rebuild Remembered Sets
[2025-04-25T20:54:47.860+0000][6.141s][info ][gc,marking  ] GC(9) Concurrent Rebuild Remembered Sets 0.005ms
[2025-04-25T20:54:47.869+0000][6.150s][debug][safepoint   ] Safepoint synchronization initiated using futex wait barrier. (15 threads)
[2025-04-25T20:54:47.869+0000][6.150s][info ][gc,start    ] GC(9) Pause Cleanup
[2025-04-25T20:54:47.869+0000][6.150s][info ][gc          ] GC(9) Pause Cleanup 25M->25M(90M) 0.015ms
[2025-04-25T20:54:47.869+0000][6.150s][info ][gc,cpu      ] GC(9) User=0.00s Sys=0.00s Real=0.00s
[2025-04-25T20:54:47.869+0000][6.150s][info ][safepoint   ] Safepoint "G1PauseCleanup", Time since last: 100720 ns, Reaching safepoint: 9468547 ns, Cleanup: 5940 ns, At safepoint: 48535 ns, Total: 9523022 ns
[2025-04-25T20:54:47.870+0000][6.151s][info ][gc,marking  ] GC(9) Concurrent Cleanup for Next Mark
[2025-04-25T20:54:47.871+0000][6.152s][info ][gc,marking  ] GC(9) Concurrent Cleanup for Next Mark 1.216ms
[2025-04-25T20:54:47.871+0000][6.152s][info ][gc          ] GC(9) Concurrent Mark Cycle 56.241ms
[2025-04-25T20:54:48.204+0000][6.485s][debug][safepoint   ] Safepoint synchronization initiated using futex wait barrier. (15 threads)
[2025-04-25T20:54:48.204+0000][6.485s][info ][gc,start    ] GC(10) Pause Young (Concurrent Start) (G1 Evacuation Pause)
[2025-04-25T20:54:48.204+0000][6.485s][info ][gc,task     ] GC(10) Using 4 workers of 4 for evacuation
[2025-04-25T20:54:48.216+0000][6.497s][info ][gc,phases   ] GC(10)   Pre Evacuate Collection Set: 0.1ms
[2025-04-25T20:54:48.216+0000][6.497s][info ][gc,phases   ] GC(10)   Merge Heap Roots: 0.1ms
[2025-04-25T20:54:48.216+0000][6.497s][info ][gc,phases   ] GC(10)   Evacuate Collection Set: 10.2ms
[2025-04-25T20:54:48.216+0000][6.497s][info ][gc,phases   ] GC(10)   Post Evacuate Collection Set: 1.1ms
[2025-04-25T20:54:48.216+0000][6.497s][info ][gc,phases   ] GC(10)   Other: 0.1ms
[2025-04-25T20:54:48.216+0000][6.497s][info ][gc,heap     ] GC(10) Eden regions: 47->0(49)
[2025-04-25T20:54:48.216+0000][6.497s][info ][gc,heap     ] GC(10) Survivor regions: 7->4(7)
[2025-04-25T20:54:48.216+0000][6.497s][info ][gc,heap     ] GC(10) Old regions: 14->19
[2025-04-25T20:54:48.216+0000][6.497s][info ][gc,heap     ] GC(10) Archive regions: 2->2
[2025-04-25T20:54:48.216+0000][6.497s][info ][gc,heap     ] GC(10) Humongous regions: 0->0
[2025-04-25T20:54:48.216+0000][6.497s][info ][gc,metaspace] GC(10) Metaspace: 22971K(23360K)->22971K(23360K) NonClass: 19948K(20160K)->19948K(20160K) Class: 3023K(3200K)->3023K(3200K)
[2025-04-25T20:54:48.216+0000][6.497s][info ][gc          ] GC(10) Pause Young (Concurrent Start) (G1 Evacuation Pause) 68M->23M(90M) 11.692ms
[2025-04-25T20:54:48.216+0000][6.497s][info ][gc,cpu      ] GC(10) User=0.03s Sys=0.00s Real=0.01s
[2025-04-25T20:54:48.216+0000][6.497s][info ][gc          ] GC(11) Concurrent Mark Cycle
[2025-04-25T20:54:48.216+0000][6.497s][info ][gc,marking  ] GC(11) Concurrent Clear Claimed Marks
[2025-04-25T20:54:48.216+0000][6.497s][info ][gc,marking  ] GC(11) Concurrent Clear Claimed Marks 0.031ms
[2025-04-25T20:54:48.216+0000][6.497s][info ][gc,marking  ] GC(11) Concurrent Scan Root Regions
[2025-04-25T20:54:48.216+0000][6.497s][info ][safepoint   ] Safepoint "G1CollectForAllocation", Time since last: 334738075 ns, Reaching safepoint: 129061 ns, Cleanup: 43983 ns, At safepoint: 11836331 ns, Total: 12009375 ns
[2025-04-25T20:54:48.231+0000][6.513s][info ][gc,marking  ] GC(11) Concurrent Scan Root Regions 15.444ms
[2025-04-25T20:54:48.231+0000][6.513s][info ][gc,marking  ] GC(11) Concurrent Mark
[2025-04-25T20:54:48.231+0000][6.513s][info ][gc,marking  ] GC(11) Concurrent Mark From Roots
[2025-04-25T20:54:48.231+0000][6.513s][info ][gc,task     ] GC(11) Using 1 workers of 1 for marking
[2025-04-25T20:54:48.269+0000][6.550s][info ][gc,marking  ] GC(11) Concurrent Mark From Roots 37.592ms
[2025-04-25T20:54:48.269+0000][6.550s][info ][gc,marking  ] GC(11) Concurrent Preclean
[2025-04-25T20:54:48.269+0000][6.550s][info ][gc,marking  ] GC(11) Concurrent Preclean 0.301ms
[2025-04-25T20:54:48.269+0000][6.551s][debug][safepoint   ] Safepoint synchronization initiated using futex wait barrier. (15 threads)
[2025-04-25T20:54:48.270+0000][6.551s][info ][gc,start    ] GC(11) Pause Remark
[2025-04-25T20:54:48.273+0000][6.554s][info ][gc          ] GC(11) Pause Remark 30M->30M(90M) 3.355ms
[2025-04-25T20:54:48.273+0000][6.554s][info ][gc,cpu      ] GC(11) User=0.01s Sys=0.00s Real=0.00s
[2025-04-25T20:54:48.273+0000][6.554s][info ][safepoint   ] Safepoint "G1PauseRemark", Time since last: 53460044 ns, Reaching safepoint: 286255 ns, Cleanup: 14961 ns, At safepoint: 3440851 ns, Total: 3742067 ns
[2025-04-25T20:54:48.276+0000][6.557s][info ][gc,marking  ] GC(11) Concurrent Mark 44.638ms
[2025-04-25T20:54:48.276+0000][6.557s][info ][gc,marking  ] GC(11) Concurrent Rebuild Remembered Sets
[2025-04-25T20:54:48.276+0000][6.557s][info ][gc,marking  ] GC(11) Concurrent Rebuild Remembered Sets 0.025ms
[2025-04-25T20:54:48.278+0000][6.559s][debug][safepoint   ] Safepoint synchronization initiated using futex wait barrier. (15 threads)
[2025-04-25T20:54:48.278+0000][6.559s][info ][gc,start    ] GC(11) Pause Cleanup
[2025-04-25T20:54:48.278+0000][6.559s][info ][gc          ] GC(11) Pause Cleanup 31M->31M(90M) 0.020ms
[2025-04-25T20:54:48.278+0000][6.559s][info ][gc,cpu      ] GC(11) User=0.00s Sys=0.00s Real=0.00s
[2025-04-25T20:54:48.278+0000][6.560s][info ][safepoint   ] Safepoint "G1PauseCleanup", Time since last: 5051474 ns, Reaching safepoint: 106225 ns, Cleanup: 12860 ns, At safepoint: 58226 ns, Total: 177311 ns
[2025-04-25T20:54:48.281+0000][6.563s][info ][gc,marking  ] GC(11) Concurrent Cleanup for Next Mark
[2025-04-25T20:54:48.283+0000][6.564s][info ][gc,marking  ] GC(11) Concurrent Cleanup for Next Mark 1.021ms
[2025-04-25T20:54:48.283+0000][6.564s][info ][gc          ] GC(11) Concurrent Mark Cycle 66.654ms
[2025-04-25T20:54:48.510+0000][6.792s][debug][safepoint   ] Safepoint synchronization initiated using futex wait barrier. (15 threads)
[2025-04-25T20:54:48.511+0000][6.792s][debug][safepoint   ] ... found polling page loop exception at pc = 0x00007fd7b8f7cabd, stub =0x00007fd7b898e400
[2025-04-25T20:54:48.511+0000][6.792s][info ][gc,start    ] GC(12) Pause Young (Normal) (G1 Evacuation Pause)
[2025-04-25T20:54:48.511+0000][6.792s][info ][gc,task     ] GC(12) Using 4 workers of 4 for evacuation
[2025-04-25T20:54:48.528+0000][6.809s][info ][gc,phases   ] GC(12)   Pre Evacuate Collection Set: 0.3ms
[2025-04-25T20:54:48.528+0000][6.809s][info ][gc,phases   ] GC(12)   Merge Heap Roots: 0.1ms
[2025-04-25T20:54:48.528+0000][6.809s][info ][gc,phases   ] GC(12)   Evacuate Collection Set: 14.1ms
[2025-04-25T20:54:48.528+0000][6.809s][info ][gc,phases   ] GC(12)   Post Evacuate Collection Set: 2.2ms
[2025-04-25T20:54:48.528+0000][6.809s][info ][gc,phases   ] GC(12)   Other: 0.2ms
[2025-04-25T20:54:48.528+0000][6.809s][info ][gc,heap     ] GC(12) Eden regions: 49->0(46)
[2025-04-25T20:54:48.528+0000][6.809s][info ][gc,heap     ] GC(12) Survivor regions: 4->6(7)
[2025-04-25T20:54:48.528+0000][6.809s][info ][gc,heap     ] GC(12) Old regions: 19->19
[2025-04-25T20:54:48.528+0000][6.809s][info ][gc,heap     ] GC(12) Archive regions: 2->2
[2025-04-25T20:54:48.528+0000][6.809s][info ][gc,heap     ] GC(12) Humongous regions: 0->0
[2025-04-25T20:54:48.528+0000][6.809s][info ][gc,metaspace] GC(12) Metaspace: 23905K(24256K)->23905K(24256K) NonClass: 20786K(20992K)->20786K(20992K) Class: 3118K(3264K)->3118K(3264K)
[2025-04-25T20:54:48.528+0000][6.809s][info ][gc          ] GC(12) Pause Young (Normal) (G1 Evacuation Pause) 72M->25M(90M) 16.926ms
[2025-04-25T20:54:48.528+0000][6.809s][info ][gc,cpu      ] GC(12) User=0.05s Sys=0.00s Real=0.01s
[2025-04-25T20:54:48.528+0000][6.809s][info ][safepoint   ] Safepoint "G1CollectForAllocation", Time since last: 232033036 ns, Reaching safepoint: 363175 ns, Cleanup: 73019 ns, At safepoint: 17118862 ns, Total: 17555056 ns
[2025-04-25T20:54:48.696+0000][6.977s][debug][safepoint   ] Safepoint synchronization initiated using futex wait barrier. (14 threads)
[2025-04-25T20:54:48.696+0000][6.977s][info ][gc,start    ] GC(13) Pause Young (Normal) (G1 Evacuation Pause)
[2025-04-25T20:54:48.696+0000][6.977s][info ][gc,task     ] GC(13) Using 3 workers of 4 for evacuation
[2025-04-25T20:54:48.711+0000][6.992s][info ][gc,phases   ] GC(13)   Pre Evacuate Collection Set: 0.1ms
[2025-04-25T20:54:48.711+0000][6.992s][info ][gc,phases   ] GC(13)   Merge Heap Roots: 0.1ms
[2025-04-25T20:54:48.711+0000][6.992s][info ][gc,phases   ] GC(13)   Evacuate Collection Set: 13.3ms
[2025-04-25T20:54:48.711+0000][6.992s][info ][gc,phases   ] GC(13)   Post Evacuate Collection Set: 1.5ms
[2025-04-25T20:54:48.711+0000][6.992s][info ][gc,phases   ] GC(13)   Other: 0.1ms
[2025-04-25T20:54:48.711+0000][6.992s][info ][gc,heap     ] GC(13) Eden regions: 46->0(39)
[2025-04-25T20:54:48.711+0000][6.992s][info ][gc,heap     ] GC(13) Survivor regions: 6->7(7)
[2025-04-25T20:54:48.711+0000][6.992s][info ][gc,heap     ] GC(13) Old regions: 19->24
[2025-04-25T20:54:48.711+0000][6.992s][info ][gc,heap     ] GC(13) Archive regions: 2->2
[2025-04-25T20:54:48.711+0000][6.992s][info ][gc,heap     ] GC(13) Humongous regions: 0->0
[2025-04-25T20:54:48.711+0000][6.992s][info ][gc,metaspace] GC(13) Metaspace: 24445K(24832K)->24445K(24832K) NonClass: 21248K(21440K)->21248K(21440K) Class: 3197K(3392K)->3197K(3392K)
[2025-04-25T20:54:48.711+0000][6.992s][info ][gc          ] GC(13) Pause Young (Normal) (G1 Evacuation Pause) 71M->31M(90M) 15.322ms
[2025-04-25T20:54:48.711+0000][6.993s][info ][gc,cpu      ] GC(13) User=0.05s Sys=0.00s Real=0.02s
[2025-04-25T20:54:48.711+0000][6.993s][info ][safepoint   ] Safepoint "G1CollectForAllocation", Time since last: 167931560 ns, Reaching safepoint: 44307 ns, Cleanup: 24662 ns, At safepoint: 15444072 ns, Total: 15513041 ns
[2025-04-25T20:54:48.803+0000][7.084s][debug][safepoint   ] Safepoint synchronization initiated using futex wait barrier. (14 threads)
[2025-04-25T20:54:48.803+0000][7.084s][info ][gc,start    ] GC(14) Pause Young (Normal) (G1 Evacuation Pause)
[2025-04-25T20:54:48.803+0000][7.084s][info ][gc,task     ] GC(14) Using 2 workers of 4 for evacuation
[2025-04-25T20:54:48.820+0000][7.101s][info ][gc,phases   ] GC(14)   Pre Evacuate Collection Set: 0.1ms
[2025-04-25T20:54:48.820+0000][7.101s][info ][gc,phases   ] GC(14)   Merge Heap Roots: 0.1ms
[2025-04-25T20:54:48.820+0000][7.101s][info ][gc,phases   ] GC(14)   Evacuate Collection Set: 15.4ms
[2025-04-25T20:54:48.820+0000][7.101s][info ][gc,phases   ] GC(14)   Post Evacuate Collection Set: 1.8ms
[2025-04-25T20:54:48.820+0000][7.101s][info ][gc,phases   ] GC(14)   Other: 0.1ms
[2025-04-25T20:54:48.820+0000][7.101s][info ][gc,heap     ] GC(14) Eden regions: 39->0(67)
[2025-04-25T20:54:48.820+0000][7.101s][info ][gc,heap     ] GC(14) Survivor regions: 7->6(6)
[2025-04-25T20:54:48.820+0000][7.101s][info ][gc,heap     ] GC(14) Old regions: 24->31
[2025-04-25T20:54:48.820+0000][7.101s][info ][gc,heap     ] GC(14) Archive regions: 2->2
[2025-04-25T20:54:48.820+0000][7.101s][info ][gc,heap     ] GC(14) Humongous regions: 0->0
[2025-04-25T20:54:48.820+0000][7.101s][info ][gc,metaspace] GC(14) Metaspace: 24445K(24832K)->24445K(24832K) NonClass: 21248K(21440K)->21248K(21440K) Class: 3197K(3392K)->3197K(3392K)
[2025-04-25T20:54:48.820+0000][7.101s][info ][gc          ] GC(14) Pause Young (Normal) (G1 Evacuation Pause) 70M->37M(137M) 17.520ms
[2025-04-25T20:54:48.820+0000][7.101s][info ][gc,cpu      ] GC(14) User=0.04s Sys=0.01s Real=0.02s
[2025-04-25T20:54:48.820+0000][7.101s][info ][safepoint   ] Safepoint "G1CollectForAllocation", Time since last: 91311066 ns, Reaching safepoint: 51018 ns, Cleanup: 5571 ns, At safepoint: 17562598 ns, Total: 17619187 ns
[2025-04-25T20:54:49.318+0000][7.599s][debug][safepoint   ] Safepoint synchronization initiated using futex wait barrier. (14 threads)
[2025-04-25T20:54:49.318+0000][7.599s][info ][gc,start    ] GC(15) Pause Young (Normal) (G1 Evacuation Pause)
[2025-04-25T20:54:49.318+0000][7.599s][info ][gc,task     ] GC(15) Using 3 workers of 4 for evacuation
[2025-04-25T20:54:49.341+0000][7.622s][info ][gc,phases   ] GC(15)   Pre Evacuate Collection Set: 0.1ms
[2025-04-25T20:54:49.341+0000][7.622s][info ][gc,phases   ] GC(15)   Merge Heap Roots: 0.1ms
[2025-04-25T20:54:49.341+0000][7.622s][info ][gc,phases   ] GC(15)   Evacuate Collection Set: 21.3ms
[2025-04-25T20:54:49.341+0000][7.622s][info ][gc,phases   ] GC(15)   Post Evacuate Collection Set: 1.7ms
[2025-04-25T20:54:49.341+0000][7.622s][info ][gc,phases   ] GC(15)   Other: 0.1ms
[2025-04-25T20:54:49.341+0000][7.622s][info ][gc,heap     ] GC(15) Eden regions: 67->0(62)
[2025-04-25T20:54:49.341+0000][7.622s][info ][gc,heap     ] GC(15) Survivor regions: 6->7(10)
[2025-04-25T20:54:49.341+0000][7.622s][info ][gc,heap     ] GC(15) Old regions: 31->36
[2025-04-25T20:54:49.341+0000][7.622s][info ][gc,heap     ] GC(15) Archive regions: 2->2
[2025-04-25T20:54:49.341+0000][7.622s][info ][gc,heap     ] GC(15) Humongous regions: 0->0
[2025-04-25T20:54:49.341+0000][7.622s][info ][gc,metaspace] GC(15) Metaspace: 24645K(24960K)->24645K(24960K) NonClass: 21417K(21568K)->21417K(21568K) Class: 3227K(3392K)->3227K(3392K)
[2025-04-25T20:54:49.341+0000][7.622s][info ][gc          ] GC(15) Pause Young (Normal) (G1 Evacuation Pause) 104M->43M(137M) 23.359ms
[2025-04-25T20:54:49.341+0000][7.623s][info ][gc,cpu      ] GC(15) User=0.08s Sys=0.00s Real=0.03s
[2025-04-25T20:54:49.341+0000][7.623s][info ][safepoint   ] Safepoint "G1CollectForAllocation", Time since last: 497473802 ns, Reaching safepoint: 59627 ns, Cleanup: 115983 ns, At safepoint: 23406312 ns, Total: 23581922 ns
[2025-04-25T20:54:49.832+0000][8.113s][debug][safepoint   ] Safepoint synchronization initiated using futex wait barrier. (14 threads)
[2025-04-25T20:54:49.832+0000][8.113s][info ][gc,start    ] GC(16) Pause Young (Normal) (G1 Evacuation Pause)
[2025-04-25T20:54:49.832+0000][8.113s][info ][gc,task     ] GC(16) Using 3 workers of 4 for evacuation
[2025-04-25T20:54:49.858+0000][8.139s][info ][gc,phases   ] GC(16)   Pre Evacuate Collection Set: 0.1ms
[2025-04-25T20:54:49.858+0000][8.139s][info ][gc,phases   ] GC(16)   Merge Heap Roots: 0.1ms
[2025-04-25T20:54:49.858+0000][8.139s][info ][gc,phases   ] GC(16)   Evacuate Collection Set: 22.7ms
[2025-04-25T20:54:49.858+0000][8.139s][info ][gc,phases   ] GC(16)   Post Evacuate Collection Set: 2.8ms
[2025-04-25T20:54:49.858+0000][8.139s][info ][gc,phases   ] GC(16)   Other: 0.1ms
[2025-04-25T20:54:49.858+0000][8.139s][info ][gc,heap     ] GC(16) Eden regions: 62->0(58)
[2025-04-25T20:54:49.858+0000][8.139s][info ][gc,heap     ] GC(16) Survivor regions: 7->6(9)
[2025-04-25T20:54:49.858+0000][8.139s][info ][gc,heap     ] GC(16) Old regions: 36->43
[2025-04-25T20:54:49.858+0000][8.139s][info ][gc,heap     ] GC(16) Archive regions: 2->2
[2025-04-25T20:54:49.858+0000][8.139s][info ][gc,heap     ] GC(16) Humongous regions: 0->0
[2025-04-25T20:54:49.858+0000][8.139s][info ][gc,metaspace] GC(16) Metaspace: 25003K(25408K)->25003K(25408K) NonClass: 21739K(21952K)->21739K(21952K) Class: 3264K(3456K)->3264K(3456K)
[2025-04-25T20:54:49.858+0000][8.139s][info ][gc          ] GC(16) Pause Young (Normal) (G1 Evacuation Pause) 105M->48M(137M) 25.973ms
[2025-04-25T20:54:49.858+0000][8.139s][info ][gc,cpu      ] GC(16) User=0.06s Sys=0.01s Real=0.02s
[2025-04-25T20:54:49.858+0000][8.139s][info ][safepoint   ] Safepoint "G1CollectForAllocation", Time since last: 490200308 ns, Reaching safepoint: 47336 ns, Cleanup: 100444 ns, At safepoint: 26039517 ns, Total: 26187297 ns
[2025-04-25T20:54:50.438+0000][8.719s][debug][safepoint   ] Safepoint synchronization initiated using futex wait barrier. (14 threads)
[2025-04-25T20:54:50.438+0000][8.719s][info ][gc,start    ] GC(17) Pause Young (Normal) (G1 Evacuation Pause)
[2025-04-25T20:54:50.438+0000][8.719s][info ][gc,task     ] GC(17) Using 3 workers of 4 for evacuation
[2025-04-25T20:54:50.451+0000][8.733s][info ][gc,phases   ] GC(17)   Pre Evacuate Collection Set: 0.1ms
[2025-04-25T20:54:50.451+0000][8.733s][info ][gc,phases   ] GC(17)   Merge Heap Roots: 0.1ms
[2025-04-25T20:54:50.451+0000][8.733s][info ][gc,phases   ] GC(17)   Evacuate Collection Set: 12.0ms
[2025-04-25T20:54:50.451+0000][8.733s][info ][gc,phases   ] GC(17)   Post Evacuate Collection Set: 1.1ms
[2025-04-25T20:54:50.451+0000][8.733s][info ][gc,phases   ] GC(17)   Other: 0.1ms
[2025-04-25T20:54:50.451+0000][8.733s][info ][gc,heap     ] GC(17) Eden regions: 58->0(56)
[2025-04-25T20:54:50.451+0000][8.733s][info ][gc,heap     ] GC(17) Survivor regions: 6->4(8)
[2025-04-25T20:54:50.451+0000][8.733s][info ][gc,heap     ] GC(17) Old regions: 43->48
[2025-04-25T20:54:50.451+0000][8.733s][info ][gc,heap     ] GC(17) Archive regions: 2->2
[2025-04-25T20:54:50.451+0000][8.733s][info ][gc,heap     ] GC(17) Humongous regions: 0->0
[2025-04-25T20:54:50.452+0000][8.733s][info ][gc,metaspace] GC(17) Metaspace: 25168K(25536K)->25168K(25536K) NonClass: 21895K(22080K)->21895K(22080K) Class: 3272K(3456K)->3272K(3456K)
[2025-04-25T20:54:50.452+0000][8.733s][info ][gc          ] GC(17) Pause Young (Normal) (G1 Evacuation Pause) 106M->52M(137M) 13.418ms
[2025-04-25T20:54:50.452+0000][8.733s][info ][gc,cpu      ] GC(17) User=0.04s Sys=0.00s Real=0.02s
[2025-04-25T20:54:50.452+0000][8.733s][info ][safepoint   ] Safepoint "G1CollectForAllocation", Time since last: 580168851 ns, Reaching safepoint: 37003 ns, Cleanup: 92975 ns, At safepoint: 13470055 ns, Total: 13600033 ns
[2025-04-25T20:54:50.959+0000][9.240s][debug][safepoint   ] Safepoint synchronization initiated using futex wait barrier. (14 threads)
[2025-04-25T20:54:50.959+0000][9.240s][info ][gc,start    ] GC(18) Pause Young (Normal) (G1 Evacuation Pause)
[2025-04-25T20:54:50.959+0000][9.240s][info ][gc,task     ] GC(18) Using 3 workers of 4 for evacuation
[2025-04-25T20:54:50.971+0000][9.252s][info ][gc,phases   ] GC(18)   Pre Evacuate Collection Set: 0.1ms
[2025-04-25T20:54:50.971+0000][9.252s][info ][gc,phases   ] GC(18)   Merge Heap Roots: 0.1ms
[2025-04-25T20:54:50.971+0000][9.252s][info ][gc,phases   ] GC(18)   Evacuate Collection Set: 8.9ms
[2025-04-25T20:54:50.971+0000][9.252s][info ][gc,phases   ] GC(18)   Post Evacuate Collection Set: 2.9ms
[2025-04-25T20:54:50.971+0000][9.252s][info ][gc,phases   ] GC(18)   Other: 0.1ms
[2025-04-25T20:54:50.971+0000][9.252s][info ][gc,heap     ] GC(18) Eden regions: 56->0(134)
[2025-04-25T20:54:50.971+0000][9.252s][info ][gc,heap     ] GC(18) Survivor regions: 4->5(8)
[2025-04-25T20:54:50.971+0000][9.252s][info ][gc,heap     ] GC(18) Old regions: 48->48
[2025-04-25T20:54:50.971+0000][9.252s][info ][gc,heap     ] GC(18) Archive regions: 2->2
[2025-04-25T20:54:50.971+0000][9.252s][info ][gc,heap     ] GC(18) Humongous regions: 0->0
[2025-04-25T20:54:50.971+0000][9.252s][info ][gc,metaspace] GC(18) Metaspace: 25199K(25536K)->25199K(25536K) NonClass: 21923K(22080K)->21923K(22080K) Class: 3276K(3456K)->3276K(3456K)
[2025-04-25T20:54:50.971+0000][9.252s][info ][gc          ] GC(18) Pause Young (Normal) (G1 Evacuation Pause) 108M->53M(241M) 12.213ms
[2025-04-25T20:54:50.971+0000][9.252s][info ][gc,cpu      ] GC(18) User=0.03s Sys=0.01s Real=0.01s
[2025-04-25T20:54:50.971+0000][9.253s][info ][safepoint   ] Safepoint "G1CollectForAllocation", Time since last: 507403871 ns, Reaching safepoint: 47823 ns, Cleanup: 99078 ns, At safepoint: 12289800 ns, Total: 12436701 ns
[2025-04-25T20:54:51.917+0000][10.198s][debug][safepoint   ] Safepoint synchronization initiated using futex wait barrier. (15 threads)
[2025-04-25T20:54:51.918+0000][10.199s][info ][gc,start    ] GC(19) Pause Young (Normal) (G1 Evacuation Pause)
[2025-04-25T20:54:51.918+0000][10.199s][info ][gc,task     ] GC(19) Using 4 workers of 4 for evacuation
[2025-04-25T20:54:51.934+0000][10.216s][info ][gc,phases   ] GC(19)   Pre Evacuate Collection Set: 0.8ms
[2025-04-25T20:54:51.934+0000][10.216s][info ][gc,phases   ] GC(19)   Merge Heap Roots: 0.1ms
[2025-04-25T20:54:51.934+0000][10.216s][info ][gc,phases   ] GC(19)   Evacuate Collection Set: 14.2ms
[2025-04-25T20:54:51.934+0000][10.216s][info ][gc,phases   ] GC(19)   Post Evacuate Collection Set: 1.6ms
[2025-04-25T20:54:51.934+0000][10.216s][info ][gc,phases   ] GC(19)   Other: 0.1ms
[2025-04-25T20:54:51.934+0000][10.216s][info ][gc,heap     ] GC(19) Eden regions: 134->0(135)
[2025-04-25T20:54:51.934+0000][10.216s][info ][gc,heap     ] GC(19) Survivor regions: 5->8(18)
[2025-04-25T20:54:51.934+0000][10.216s][info ][gc,heap     ] GC(19) Old regions: 48->48
[2025-04-25T20:54:51.935+0000][10.216s][info ][gc,heap     ] GC(19) Archive regions: 2->2
[2025-04-25T20:54:51.935+0000][10.216s][info ][gc,heap     ] GC(19) Humongous regions: 0->0
[2025-04-25T20:54:51.935+0000][10.216s][info ][gc,metaspace] GC(19) Metaspace: 26895K(27264K)->26895K(27264K) NonClass: 23480K(23680K)->23480K(23680K) Class: 3415K(3584K)->3415K(3584K)
[2025-04-25T20:54:51.935+0000][10.216s][info ][gc          ] GC(19) Pause Young (Normal) (G1 Evacuation Pause) 187M->56M(241M) 17.019ms
[2025-04-25T20:54:51.935+0000][10.216s][info ][gc,cpu      ] GC(19) User=0.03s Sys=0.00s Real=0.02s
[2025-04-25T20:54:51.935+0000][10.216s][info ][safepoint   ] Safepoint "G1CollectForAllocation", Time since last: 945928523 ns, Reaching safepoint: 69690 ns, Cleanup: 89015 ns, At safepoint: 17095065 ns, Total: 17253770 ns
[2025-04-25T20:54:52.936+0000][11.218s][debug][safepoint   ] Safepoint synchronization initiated using futex wait barrier. (14 threads)
[2025-04-25T20:54:52.940+0000][11.221s][info ][safepoint   ] Safepoint "Cleanup", Time since last: 1001856503 ns, Reaching safepoint: 2157410 ns, Cleanup: 106722 ns, At safepoint: 811509 ns, Total: 3075641 ns
[2025-04-25T20:54:53.942+0000][12.223s][debug][safepoint   ] Safepoint synchronization initiated using futex wait barrier. (14 threads)
[2025-04-25T20:54:53.942+0000][12.223s][info ][safepoint   ] Safepoint "Cleanup", Time since last: 1002073003 ns, Reaching safepoint: 136585 ns, Cleanup: 12242 ns, At safepoint: 5789 ns, Total: 154616 ns
[2025-04-25T20:54:54.072+0000][12.353s][debug][safepoint   ] Safepoint synchronization initiated using futex wait barrier. (14 threads)
[2025-04-25T20:54:54.073+0000][12.354s][info ][gc,start    ] GC(20) Pause Young (Normal) (G1 Evacuation Pause)
[2025-04-25T20:54:54.073+0000][12.354s][info ][gc,task     ] GC(20) Using 4 workers of 4 for evacuation
[2025-04-25T20:54:54.092+0000][12.373s][info ][gc,phases   ] GC(20)   Pre Evacuate Collection Set: 0.3ms
[2025-04-25T20:54:54.092+0000][12.373s][info ][gc,phases   ] GC(20)   Merge Heap Roots: 0.2ms
[2025-04-25T20:54:54.092+0000][12.373s][info ][gc,phases   ] GC(20)   Evacuate Collection Set: 16.0ms
[2025-04-25T20:54:54.092+0000][12.373s][info ][gc,phases   ] GC(20)   Post Evacuate Collection Set: 2.9ms
[2025-04-25T20:54:54.092+0000][12.373s][info ][gc,phases   ] GC(20)   Other: 0.3ms
[2025-04-25T20:54:54.092+0000][12.373s][info ][gc,heap     ] GC(20) Eden regions: 135->0(135)
[2025-04-25T20:54:54.092+0000][12.373s][info ][gc,heap     ] GC(20) Survivor regions: 8->9(18)
[2025-04-25T20:54:54.092+0000][12.373s][info ][gc,heap     ] GC(20) Old regions: 48->48
[2025-04-25T20:54:54.092+0000][12.373s][info ][gc,heap     ] GC(20) Archive regions: 2->2
[2025-04-25T20:54:54.092+0000][12.373s][info ][gc,heap     ] GC(20) Humongous regions: 0->0
[2025-04-25T20:54:54.092+0000][12.373s][info ][gc,metaspace] GC(20) Metaspace: 31024K(31424K)->31024K(31424K) NonClass: 27181K(27392K)->27181K(27392K) Class: 3842K(4032K)->3842K(4032K)
[2025-04-25T20:54:54.092+0000][12.373s][info ][gc          ] GC(20) Pause Young (Normal) (G1 Evacuation Pause) 191M->57M(241M) 19.776ms
[2025-04-25T20:54:54.092+0000][12.373s][info ][gc,cpu      ] GC(20) User=0.04s Sys=0.00s Real=0.02s
[2025-04-25T20:54:54.094+0000][12.375s][info ][safepoint   ] Safepoint "G1CollectForAllocation", Time since last: 130600227 ns, Reaching safepoint: 47058 ns, Cleanup: 16581 ns, At safepoint: 21172645 ns, Total: 21236284 ns
[2025-04-25T20:54:55.094+0000][13.375s][debug][safepoint   ] Safepoint synchronization initiated using futex wait barrier. (14 threads)
[2025-04-25T20:54:55.099+0000][13.380s][info ][safepoint   ] Safepoint "Cleanup", Time since last: 1000116432 ns, Reaching safepoint: 5360112 ns, Cleanup: 89731 ns, At safepoint: 12871 ns, Total: 5462714 ns
[2025-04-25T20:54:55.755+0000][14.036s][debug][safepoint   ] Safepoint synchronization initiated using futex wait barrier. (14 threads)
[2025-04-25T20:54:55.755+0000][14.036s][info ][gc,start    ] GC(21) Pause Young (Normal) (G1 Evacuation Pause)
[2025-04-25T20:54:55.755+0000][14.036s][info ][gc,task     ] GC(21) Using 4 workers of 4 for evacuation
[2025-04-25T20:54:55.793+0000][14.074s][info ][gc,phases   ] GC(21)   Pre Evacuate Collection Set: 0.1ms
[2025-04-25T20:54:55.793+0000][14.074s][info ][gc,phases   ] GC(21)   Merge Heap Roots: 0.1ms
[2025-04-25T20:54:55.793+0000][14.074s][info ][gc,phases   ] GC(21)   Evacuate Collection Set: 32.0ms
[2025-04-25T20:54:55.793+0000][14.074s][info ][gc,phases   ] GC(21)   Post Evacuate Collection Set: 5.8ms
[2025-04-25T20:54:55.793+0000][14.074s][info ][gc,phases   ] GC(21)   Other: 0.1ms
[2025-04-25T20:54:55.793+0000][14.074s][info ][gc,heap     ] GC(21) Eden regions: 135->0(134)
[2025-04-25T20:54:55.793+0000][14.074s][info ][gc,heap     ] GC(21) Survivor regions: 9->10(18)
[2025-04-25T20:54:55.793+0000][14.074s][info ][gc,heap     ] GC(21) Old regions: 48->48
[2025-04-25T20:54:55.793+0000][14.074s][info ][gc,heap     ] GC(21) Archive regions: 2->2
[2025-04-25T20:54:55.793+0000][14.074s][info ][gc,heap     ] GC(21) Humongous regions: 0->0
[2025-04-25T20:54:55.793+0000][14.074s][info ][gc,metaspace] GC(21) Metaspace: 34486K(34880K)->34486K(34880K) NonClass: 30237K(30464K)->30237K(30464K) Class: 4249K(4416K)->4249K(4416K)
[2025-04-25T20:54:55.793+0000][14.074s][info ][gc          ] GC(21) Pause Young (Normal) (G1 Evacuation Pause) 192M->58M(241M) 38.325ms
[2025-04-25T20:54:55.793+0000][14.074s][info ][gc,cpu      ] GC(21) User=0.04s Sys=0.00s Real=0.04s
[2025-04-25T20:54:55.793+0000][14.074s][info ][safepoint   ] Safepoint "G1CollectForAllocation", Time since last: 655442461 ns, Reaching safepoint: 73086 ns, Cleanup: 52485 ns, At safepoint: 38387422 ns, Total: 38512993 ns
[2025-04-25T20:54:57.200+0000][15.481s][debug][safepoint   ] Safepoint synchronization initiated using futex wait barrier. (15 threads)
[2025-04-25T20:54:57.200+0000][15.481s][info ][safepoint   ] Safepoint "Cleanup", Time since last: 1406385020 ns, Reaching safepoint: 39825 ns, Cleanup: 75615 ns, At safepoint: 3438 ns, Total: 118878 ns
[2025-04-25T20:54:58.560+0000][16.841s][debug][safepoint   ] Safepoint synchronization initiated using futex wait barrier. (15 threads)
[2025-04-25T20:54:58.560+0000][16.841s][info ][safepoint   ] Safepoint "Cleanup", Time since last: 1360140828 ns, Reaching safepoint: 51236 ns, Cleanup: 141092 ns, At safepoint: 5845 ns, Total: 198173 ns
[2025-04-25T20:54:58.586+0000][16.867s][debug][safepoint   ] Safepoint synchronization initiated using futex wait barrier. (15 threads)
[2025-04-25T20:54:58.586+0000][16.867s][info ][gc,start    ] GC(22) Pause Young (Normal) (G1 Evacuation Pause)
[2025-04-25T20:54:58.586+0000][16.867s][info ][gc,task     ] GC(22) Using 4 workers of 4 for evacuation
[2025-04-25T20:54:58.602+0000][16.883s][info ][gc,phases   ] GC(22)   Pre Evacuate Collection Set: 0.1ms
[2025-04-25T20:54:58.602+0000][16.883s][info ][gc,phases   ] GC(22)   Merge Heap Roots: 0.2ms
[2025-04-25T20:54:58.602+0000][16.883s][info ][gc,phases   ] GC(22)   Evacuate Collection Set: 14.5ms
[2025-04-25T20:54:58.602+0000][16.883s][info ][gc,phases   ] GC(22)   Post Evacuate Collection Set: 1.7ms
[2025-04-25T20:54:58.602+0000][16.883s][info ][gc,phases   ] GC(22)   Other: 0.1ms
[2025-04-25T20:54:58.602+0000][16.883s][info ][gc,heap     ] GC(22) Eden regions: 134->0(133)
[2025-04-25T20:54:58.602+0000][16.883s][info ][gc,heap     ] GC(22) Survivor regions: 10->11(18)
[2025-04-25T20:54:58.602+0000][16.883s][info ][gc,heap     ] GC(22) Old regions: 48->48
[2025-04-25T20:54:58.602+0000][16.883s][info ][gc,heap     ] GC(22) Archive regions: 2->2
[2025-04-25T20:54:58.602+0000][16.883s][info ][gc,heap     ] GC(22) Humongous regions: 0->0
[2025-04-25T20:54:58.602+0000][16.883s][info ][gc,metaspace] GC(22) Metaspace: 37306K(37696K)->37306K(37696K) NonClass: 32618K(32832K)->32618K(32832K) Class: 4688K(4864K)->4688K(4864K)
[2025-04-25T20:54:58.602+0000][16.883s][info ][gc          ] GC(22) Pause Young (Normal) (G1 Evacuation Pause) 192M->59M(241M) 16.650ms
[2025-04-25T20:54:58.602+0000][16.883s][info ][gc,cpu      ] GC(22) User=0.04s Sys=0.00s Real=0.02s
[2025-04-25T20:54:58.606+0000][16.887s][info ][safepoint   ] Safepoint "G1CollectForAllocation", Time since last: 25634519 ns, Reaching safepoint: 36137 ns, Cleanup: 4306 ns, At safepoint: 19996448 ns, Total: 20036891 ns
[2025-04-25T20:54:59.343+0000][17.624s][debug][safepoint   ] Safepoint synchronization initiated using futex wait barrier. (15 threads)
[2025-04-25T20:54:59.343+0000][17.624s][info ][gc,start    ] GC(23) Pause Young (Concurrent Start) (Metadata GC Threshold)
[2025-04-25T20:54:59.343+0000][17.624s][info ][gc,task     ] GC(23) Using 4 workers of 4 for evacuation
[2025-04-25T20:54:59.391+0000][17.672s][info ][gc,phases   ] GC(23)   Pre Evacuate Collection Set: 0.2ms
[2025-04-25T20:54:59.391+0000][17.673s][info ][gc,phases   ] GC(23)   Merge Heap Roots: 0.1ms
[2025-04-25T20:54:59.391+0000][17.673s][info ][gc,phases   ] GC(23)   Evacuate Collection Set: 42.4ms
[2025-04-25T20:54:59.391+0000][17.673s][info ][gc,phases   ] GC(23)   Post Evacuate Collection Set: 5.7ms
[2025-04-25T20:54:59.391+0000][17.673s][info ][gc,phases   ] GC(23)   Other: 0.2ms
[2025-04-25T20:54:59.391+0000][17.673s][info ][gc,heap     ] GC(23) Eden regions: 79->0(134)
[2025-04-25T20:54:59.391+0000][17.673s][info ][gc,heap     ] GC(23) Survivor regions: 11->10(18)
[2025-04-25T20:54:59.391+0000][17.673s][info ][gc,heap     ] GC(23) Old regions: 48->50
[2025-04-25T20:54:59.391+0000][17.673s][info ][gc,heap     ] GC(23) Archive regions: 2->2
[2025-04-25T20:54:59.391+0000][17.673s][info ][gc,heap     ] GC(23) Humongous regions: 0->0
[2025-04-25T20:54:59.391+0000][17.673s][info ][gc,metaspace] GC(23) Metaspace: 38845K(39168K)->38845K(39168K) NonClass: 33962K(34112K)->33962K(34112K) Class: 4882K(5056K)->4882K(5056K)
[2025-04-25T20:54:59.392+0000][17.673s][info ][gc          ] GC(23) Pause Young (Concurrent Start) (Metadata GC Threshold) 138M->59M(241M) 48.671ms
[2025-04-25T20:54:59.392+0000][17.673s][info ][gc,cpu      ] GC(23) User=0.10s Sys=0.00s Real=0.05s
[2025-04-25T20:54:59.392+0000][17.673s][info ][safepoint   ] Safepoint "CollectForMetadataAllocation", Time since last: 737082776 ns, Reaching safepoint: 47425 ns, Cleanup: 49036 ns, At safepoint: 48791617 ns, Total: 48888078 ns
[2025-04-25T20:54:59.392+0000][17.673s][info ][gc          ] GC(24) Concurrent Mark Cycle
[2025-04-25T20:54:59.392+0000][17.673s][info ][gc,marking  ] GC(24) Concurrent Clear Claimed Marks
[2025-04-25T20:54:59.392+0000][17.673s][info ][gc,marking  ] GC(24) Concurrent Clear Claimed Marks 0.031ms
[2025-04-25T20:54:59.392+0000][17.673s][info ][gc,marking  ] GC(24) Concurrent Scan Root Regions
[2025-04-25T20:54:59.448+0000][17.729s][info ][gc,marking  ] GC(24) Concurrent Scan Root Regions 55.839ms
[2025-04-25T20:54:59.448+0000][17.729s][info ][gc,marking  ] GC(24) Concurrent Mark
[2025-04-25T20:54:59.448+0000][17.729s][info ][gc,marking  ] GC(24) Concurrent Mark From Roots
[2025-04-25T20:54:59.448+0000][17.729s][info ][gc,task     ] GC(24) Using 1 workers of 1 for marking
[2025-04-25T20:54:59.492+0000][17.773s][debug][safepoint   ] Safepoint synchronization initiated using futex wait barrier. (15 threads)
[2025-04-25T20:54:59.495+0000][17.776s][info ][safepoint   ] Safepoint "CollectForMetadataAllocation", Time since last: 99800726 ns, Reaching safepoint: 134079 ns, Cleanup: 15586 ns, At safepoint: 3055453 ns, Total: 3205118 ns
[2025-04-25T20:54:59.651+0000][17.932s][info ][gc,marking  ] GC(24) Concurrent Mark From Roots 203.288ms
[2025-04-25T20:54:59.651+0000][17.932s][info ][gc,marking  ] GC(24) Concurrent Preclean
[2025-04-25T20:54:59.651+0000][17.932s][info ][gc,marking  ] GC(24) Concurrent Preclean 0.337ms
[2025-04-25T20:54:59.651+0000][17.932s][debug][safepoint   ] Safepoint synchronization initiated using futex wait barrier. (15 threads)
[2025-04-25T20:54:59.651+0000][17.933s][info ][gc,start    ] GC(24) Pause Remark
[2025-04-25T20:54:59.668+0000][17.949s][info ][gc          ] GC(24) Pause Remark 85M->85M(241M) 16.429ms
[2025-04-25T20:54:59.668+0000][17.949s][info ][gc,cpu      ] GC(24) User=0.03s Sys=0.00s Real=0.01s
[2025-04-25T20:54:59.668+0000][17.949s][info ][safepoint   ] Safepoint "G1PauseRemark", Time since last: 156706361 ns, Reaching safepoint: 81810 ns, Cleanup: 12472 ns, At safepoint: 16680400 ns, Total: 16774682 ns
[2025-04-25T20:54:59.668+0000][17.949s][info ][gc,marking  ] GC(24) Concurrent Mark 220.540ms
[2025-04-25T20:54:59.668+0000][17.949s][info ][gc,marking  ] GC(24) Concurrent Rebuild Remembered Sets
[2025-04-25T20:54:59.829+0000][18.110s][info ][gc,marking  ] GC(24) Concurrent Rebuild Remembered Sets 160.974ms
[2025-04-25T20:54:59.830+0000][18.111s][debug][safepoint   ] Safepoint synchronization initiated using futex wait barrier. (15 threads)
[2025-04-25T20:54:59.833+0000][18.114s][info ][gc,start    ] GC(24) Pause Cleanup
[2025-04-25T20:54:59.837+0000][18.118s][info ][gc          ] GC(24) Pause Cleanup 91M->91M(241M) 3.995ms
[2025-04-25T20:54:59.837+0000][18.118s][info ][gc,cpu      ] GC(24) User=0.01s Sys=0.00s Real=0.00s
[2025-04-25T20:54:59.837+0000][18.118s][info ][safepoint   ] Safepoint "G1PauseCleanup", Time since last: 161626972 ns, Reaching safepoint: 3062158 ns, Cleanup: 16596 ns, At safepoint: 4073342 ns, Total: 7152096 ns
[2025-04-25T20:54:59.840+0000][18.122s][info ][gc,marking  ] GC(24) Concurrent Cleanup for Next Mark
[2025-04-25T20:54:59.851+0000][18.132s][info ][gc,marking  ] GC(24) Concurrent Cleanup for Next Mark 10.705ms
[2025-04-25T20:54:59.851+0000][18.132s][info ][gc          ] GC(24) Concurrent Mark Cycle 459.636ms
[2025-04-25T20:55:00.839+0000][19.120s][debug][safepoint   ] Safepoint synchronization initiated using futex wait barrier. (15 threads)
[2025-04-25T20:55:00.845+0000][19.126s][info ][safepoint   ] Safepoint "Cleanup", Time since last: 1002120096 ns, Reaching safepoint: 5554227 ns, Cleanup: 151506 ns, At safepoint: 90712 ns, Total: 5796445 ns
[2025-04-25T20:55:01.847+0000][20.128s][debug][safepoint   ] Safepoint synchronization initiated using futex wait barrier. (15 threads)
[2025-04-25T20:55:01.849+0000][20.130s][debug][safepoint   ] ... found polling page loop exception at pc = 0x00007fd7b8f6c69b, stub =0x00007fd7b898e400
[2025-04-25T20:55:01.850+0000][20.131s][info ][safepoint   ] Safepoint "Cleanup", Time since last: 1001736116 ns, Reaching safepoint: 3055094 ns, Cleanup: 61427 ns, At safepoint: 13236 ns, Total: 3129757 ns
[2025-04-25T20:55:02.075+0000][20.356s][debug][safepoint   ] Safepoint synchronization initiated using futex wait barrier. (15 threads)
[2025-04-25T20:55:02.075+0000][20.356s][info ][gc,start    ] GC(25) Pause Young (Prepare Mixed) (G1 Evacuation Pause)
[2025-04-25T20:55:02.075+0000][20.356s][info ][gc,task     ] GC(25) Using 4 workers of 4 for evacuation
[2025-04-25T20:55:02.118+0000][20.399s][info ][gc,phases   ] GC(25)   Pre Evacuate Collection Set: 0.1ms
[2025-04-25T20:55:02.118+0000][20.399s][info ][gc,phases   ] GC(25)   Merge Heap Roots: 0.2ms
[2025-04-25T20:55:02.118+0000][20.399s][info ][gc,phases   ] GC(25)   Evacuate Collection Set: 33.0ms
[2025-04-25T20:55:02.118+0000][20.399s][info ][gc,phases   ] GC(25)   Post Evacuate Collection Set: 9.2ms
[2025-04-25T20:55:02.118+0000][20.399s][info ][gc,phases   ] GC(25)   Other: 0.1ms
[2025-04-25T20:55:02.118+0000][20.399s][info ][gc,heap     ] GC(25) Eden regions: 134->0(1)
[2025-04-25T20:55:02.118+0000][20.399s][info ][gc,heap     ] GC(25) Survivor regions: 10->11(18)
[2025-04-25T20:55:02.118+0000][20.399s][info ][gc,heap     ] GC(25) Old regions: 50->50
[2025-04-25T20:55:02.118+0000][20.399s][info ][gc,heap     ] GC(25) Archive regions: 2->2
[2025-04-25T20:55:02.118+0000][20.399s][info ][gc,heap     ] GC(25) Humongous regions: 0->0
[2025-04-25T20:55:02.118+0000][20.399s][info ][gc,metaspace] GC(25) Metaspace: 41185K(41536K)->41185K(41536K) NonClass: 36000K(36160K)->36000K(36160K) Class: 5185K(5376K)->5185K(5376K)
[2025-04-25T20:55:02.118+0000][20.399s][info ][gc          ] GC(25) Pause Young (Prepare Mixed) (G1 Evacuation Pause) 193M->61M(241M) 42.646ms
[2025-04-25T20:55:02.118+0000][20.399s][info ][gc,cpu      ] GC(25) User=0.05s Sys=0.00s Real=0.04s
[2025-04-25T20:55:02.121+0000][20.402s][info ][safepoint   ] Safepoint "G1CollectForAllocation", Time since last: 225650069 ns, Reaching safepoint: 36438 ns, Cleanup: 16746 ns, At safepoint: 45216447 ns, Total: 45269631 ns
[2025-04-25T20:55:02.149+0000][20.430s][debug][safepoint   ] Safepoint synchronization initiated using futex wait barrier. (15 threads)
[2025-04-25T20:55:02.149+0000][20.430s][info ][gc,start    ] GC(26) Pause Young (Mixed) (G1 Evacuation Pause)
[2025-04-25T20:55:02.149+0000][20.430s][info ][gc,task     ] GC(26) Using 4 workers of 4 for evacuation
[2025-04-25T20:55:02.176+0000][20.457s][info ][gc,phases   ] GC(26)   Pre Evacuate Collection Set: 0.2ms
[2025-04-25T20:55:02.176+0000][20.457s][info ][gc,phases   ] GC(26)   Merge Heap Roots: 0.1ms
[2025-04-25T20:55:02.176+0000][20.457s][info ][gc,phases   ] GC(26)   Evacuate Collection Set: 24.5ms
[2025-04-25T20:55:02.176+0000][20.457s][info ][gc,phases   ] GC(26)   Post Evacuate Collection Set: 2.2ms
[2025-04-25T20:55:02.176+0000][20.457s][info ][gc,phases   ] GC(26)   Other: 0.1ms
[2025-04-25T20:55:02.176+0000][20.457s][info ][gc,heap     ] GC(26) Eden regions: 1->0(143)
[2025-04-25T20:55:02.176+0000][20.457s][info ][gc,heap     ] GC(26) Survivor regions: 11->1(2)
[2025-04-25T20:55:02.176+0000][20.457s][info ][gc,heap     ] GC(26) Old regions: 50->59
[2025-04-25T20:55:02.176+0000][20.457s][info ][gc,heap     ] GC(26) Archive regions: 2->2
[2025-04-25T20:55:02.176+0000][20.457s][info ][gc,heap     ] GC(26) Humongous regions: 0->0
[2025-04-25T20:55:02.176+0000][20.457s][info ][gc,metaspace] GC(26) Metaspace: 41193K(41536K)->41193K(41536K) NonClass: 36006K(36160K)->36006K(36160K) Class: 5187K(5376K)->5187K(5376K)
[2025-04-25T20:55:02.176+0000][20.457s][info ][gc          ] GC(26) Pause Young (Mixed) (G1 Evacuation Pause) 62M->59M(241M) 27.219ms
[2025-04-25T20:55:02.176+0000][20.457s][info ][gc,cpu      ] GC(26) User=0.05s Sys=0.00s Real=0.02s
[2025-04-25T20:55:02.178+0000][20.459s][info ][safepoint   ] Safepoint "G1CollectForAllocation", Time since last: 28292321 ns, Reaching safepoint: 39154 ns, Cleanup: 3488 ns, At safepoint: 29113730 ns, Total: 29156372 ns
[2025-04-25T20:55:03.464+0000][21.745s][debug][safepoint   ] Safepoint synchronization initiated using futex wait barrier. (15 threads)
[2025-04-25T20:55:03.464+0000][21.745s][debug][safepoint   ] ... found polling page loop exception at pc = 0x00007fd7b8ff0aa9, stub =0x00007fd7b898e400
[2025-04-25T20:55:03.464+0000][21.746s][info ][safepoint   ] Safepoint "Cleanup", Time since last: 1286154757 ns, Reaching safepoint: 113151 ns, Cleanup: 111042 ns, At safepoint: 5064 ns, Total: 229257 ns
[2025-04-25T20:55:05.246+0000][23.527s][debug][safepoint   ] Safepoint synchronization initiated using futex wait barrier. (15 threads)
[2025-04-25T20:55:05.246+0000][23.527s][info ][gc,start    ] GC(27) Pause Young (Concurrent Start) (G1 Evacuation Pause)
[2025-04-25T20:55:05.246+0000][23.527s][info ][gc,task     ] GC(27) Using 4 workers of 4 for evacuation
[2025-04-25T20:55:05.269+0000][23.550s][info ][gc,phases   ] GC(27)   Pre Evacuate Collection Set: 0.2ms
[2025-04-25T20:55:05.269+0000][23.550s][info ][gc,phases   ] GC(27)   Merge Heap Roots: 0.2ms
[2025-04-25T20:55:05.269+0000][23.550s][info ][gc,phases   ] GC(27)   Evacuate Collection Set: 14.1ms
[2025-04-25T20:55:05.269+0000][23.550s][info ][gc,phases   ] GC(27)   Post Evacuate Collection Set: 7.6ms
[2025-04-25T20:55:05.269+0000][23.550s][info ][gc,phases   ] GC(27)   Other: 0.2ms
[2025-04-25T20:55:05.269+0000][23.550s][info ][gc,heap     ] GC(27) Eden regions: 143->0(286)
[2025-04-25T20:55:05.269+0000][23.550s][info ][gc,heap     ] GC(27) Survivor regions: 1->3(18)
[2025-04-25T20:55:05.269+0000][23.550s][info ][gc,heap     ] GC(27) Old regions: 59->59
[2025-04-25T20:55:05.269+0000][23.550s][info ][gc,heap     ] GC(27) Archive regions: 2->2
[2025-04-25T20:55:05.269+0000][23.550s][info ][gc,heap     ] GC(27) Humongous regions: 0->0
[2025-04-25T20:55:05.269+0000][23.550s][info ][gc,metaspace] GC(27) Metaspace: 44596K(45056K)->44596K(45056K) NonClass: 38928K(39168K)->38928K(39168K) Class: 5668K(5888K)->5668K(5888K)
[2025-04-25T20:55:05.269+0000][23.550s][info ][gc          ] GC(27) Pause Young (Concurrent Start) (G1 Evacuation Pause) 202M->61M(482M) 22.375ms
[2025-04-25T20:55:05.269+0000][23.550s][info ][gc,cpu      ] GC(27) User=0.04s Sys=0.00s Real=0.03s
[2025-04-25T20:55:05.269+0000][23.550s][info ][gc          ] GC(28) Concurrent Mark Cycle
[2025-04-25T20:55:05.269+0000][23.550s][info ][gc,marking  ] GC(28) Concurrent Clear Claimed Marks
[2025-04-25T20:55:05.269+0000][23.550s][info ][gc,marking  ] GC(28) Concurrent Clear Claimed Marks 0.038ms
[2025-04-25T20:55:05.269+0000][23.550s][info ][gc,marking  ] GC(28) Concurrent Scan Root Regions
[2025-04-25T20:55:05.269+0000][23.550s][info ][safepoint   ] Safepoint "G1CollectForAllocation", Time since last: 1781669673 ns, Reaching safepoint: 40183 ns, Cleanup: 184809 ns, At safepoint: 22559767 ns, Total: 22784759 ns
[2025-04-25T20:55:05.286+0000][23.567s][info ][gc,marking  ] GC(28) Concurrent Scan Root Regions 16.820ms
[2025-04-25T20:55:05.286+0000][23.567s][info ][gc,marking  ] GC(28) Concurrent Mark
[2025-04-25T20:55:05.286+0000][23.567s][info ][gc,marking  ] GC(28) Concurrent Mark From Roots
[2025-04-25T20:55:05.286+0000][23.567s][info ][gc,task     ] GC(28) Using 1 workers of 1 for marking
[2025-04-25T20:55:05.659+0000][23.940s][info ][gc,marking  ] GC(28) Concurrent Mark From Roots 372.865ms
[2025-04-25T20:55:05.659+0000][23.940s][info ][gc,marking  ] GC(28) Concurrent Preclean
[2025-04-25T20:55:05.659+0000][23.940s][info ][gc,marking  ] GC(28) Concurrent Preclean 0.318ms
[2025-04-25T20:55:05.659+0000][23.940s][debug][safepoint   ] Safepoint synchronization initiated using futex wait barrier. (15 threads)
[2025-04-25T20:55:05.659+0000][23.940s][info ][gc,start    ] GC(28) Pause Remark
[2025-04-25T20:55:05.673+0000][23.954s][info ][gc          ] GC(28) Pause Remark 73M->73M(254M) 14.112ms
[2025-04-25T20:55:05.673+0000][23.954s][info ][gc,cpu      ] GC(28) User=0.01s Sys=0.00s Real=0.01s
[2025-04-25T20:55:05.673+0000][23.954s][info ][safepoint   ] Safepoint "G1PauseRemark", Time since last: 390116649 ns, Reaching safepoint: 12352 ns, Cleanup: 27694 ns, At safepoint: 14229140 ns, Total: 14269186 ns
[2025-04-25T20:55:05.673+0000][23.954s][info ][gc,marking  ] GC(28) Concurrent Mark 387.603ms
[2025-04-25T20:55:05.673+0000][23.954s][info ][gc,marking  ] GC(28) Concurrent Rebuild Remembered Sets
[2025-04-25T20:55:05.784+0000][24.065s][info ][gc,marking  ] GC(28) Concurrent Rebuild Remembered Sets 110.783ms
[2025-04-25T20:55:05.784+0000][24.065s][debug][safepoint   ] Safepoint synchronization initiated using futex wait barrier. (15 threads)
[2025-04-25T20:55:05.793+0000][24.074s][info ][gc,start    ] GC(28) Pause Cleanup
[2025-04-25T20:55:05.793+0000][24.074s][info ][gc          ] GC(28) Pause Cleanup 76M->76M(254M) 0.261ms
[2025-04-25T20:55:05.793+0000][24.074s][info ][gc,cpu      ] GC(28) User=0.00s Sys=0.00s Real=0.00s
[2025-04-25T20:55:05.793+0000][24.074s][info ][safepoint   ] Safepoint "G1PauseCleanup", Time since last: 110935962 ns, Reaching safepoint: 8728602 ns, Cleanup: 22022 ns, At safepoint: 310986 ns, Total: 9061610 ns
[2025-04-25T20:55:05.793+0000][24.074s][info ][gc,marking  ] GC(28) Concurrent Cleanup for Next Mark
[2025-04-25T20:55:05.800+0000][24.081s][info ][gc,marking  ] GC(28) Concurrent Cleanup for Next Mark 6.807ms
[2025-04-25T20:55:05.800+0000][24.081s][info ][gc          ] GC(28) Concurrent Mark Cycle 531.405ms
[2025-04-25T20:55:07.136+0000][25.417s][debug][safepoint   ] Safepoint synchronization initiated using futex wait barrier. (16 threads)
[2025-04-25T20:55:07.140+0000][25.421s][info ][safepoint   ] Safepoint "Cleanup", Time since last: 1342957791 ns, Reaching safepoint: 138251 ns, Cleanup: 152568 ns, At safepoint: 3095562 ns, Total: 3386381 ns
[2025-04-25T20:55:08.372+0000][26.653s][debug][safepoint   ] Safepoint synchronization initiated using futex wait barrier. (16 threads)
[2025-04-25T20:55:08.372+0000][26.653s][info ][gc,start    ] GC(29) Pause Young (Prepare Mixed) (G1 Evacuation Pause)
[2025-04-25T20:55:08.372+0000][26.653s][info ][gc,task     ] GC(29) Using 4 workers of 4 for evacuation
[2025-04-25T20:55:08.387+0000][26.668s][info ][gc,phases   ] GC(29)   Pre Evacuate Collection Set: 0.2ms
[2025-04-25T20:55:08.387+0000][26.668s][info ][gc,phases   ] GC(29)   Merge Heap Roots: 0.2ms
[2025-04-25T20:55:08.387+0000][26.668s][info ][gc,phases   ] GC(29)   Evacuate Collection Set: 13.0ms
[2025-04-25T20:55:08.387+0000][26.668s][info ][gc,phases   ] GC(29)   Post Evacuate Collection Set: 1.5ms
[2025-04-25T20:55:08.387+0000][26.668s][info ][gc,phases   ] GC(29)   Other: 0.1ms
[2025-04-25T20:55:08.387+0000][26.668s][info ][gc,heap     ] GC(29) Eden regions: 149->0(6)
[2025-04-25T20:55:08.387+0000][26.668s][info ][gc,heap     ] GC(29) Survivor regions: 3->6(19)
[2025-04-25T20:55:08.387+0000][26.668s][info ][gc,heap     ] GC(29) Old regions: 59->59
[2025-04-25T20:55:08.387+0000][26.668s][info ][gc,heap     ] GC(29) Archive regions: 2->2
[2025-04-25T20:55:08.387+0000][26.668s][info ][gc,heap     ] GC(29) Humongous regions: 0->0
[2025-04-25T20:55:08.387+0000][26.668s][info ][gc,metaspace] GC(29) Metaspace: 49967K(50432K)->49967K(50432K) NonClass: 43597K(43840K)->43597K(43840K) Class: 6369K(6592K)->6369K(6592K)
[2025-04-25T20:55:08.387+0000][26.668s][info ][gc          ] GC(29) Pause Young (Prepare Mixed) (G1 Evacuation Pause) 210M->64M(254M) 15.028ms
[2025-04-25T20:55:08.387+0000][26.668s][info ][gc,cpu      ] GC(29) User=0.03s Sys=0.00s Real=0.01s
[2025-04-25T20:55:08.387+0000][26.668s][info ][safepoint   ] Safepoint "G1CollectForAllocation", Time since last: 1232007853 ns, Reaching safepoint: 44284 ns, Cleanup: 96620 ns, At safepoint: 15080748 ns, Total: 15221652 ns
[2025-04-25T20:55:08.505+0000][26.786s][debug][safepoint   ] Safepoint synchronization initiated using futex wait barrier. (16 threads)
[2025-04-25T20:55:08.505+0000][26.786s][info ][gc,start    ] GC(30) Pause Young (Mixed) (G1 Evacuation Pause)
[2025-04-25T20:55:08.505+0000][26.786s][info ][gc,task     ] GC(30) Using 4 workers of 4 for evacuation
[2025-04-25T20:55:08.527+0000][26.808s][info ][gc,phases   ] GC(30)   Pre Evacuate Collection Set: 0.1ms
[2025-04-25T20:55:08.527+0000][26.808s][info ][gc,phases   ] GC(30)   Merge Heap Roots: 0.2ms
[2025-04-25T20:55:08.527+0000][26.808s][info ][gc,phases   ] GC(30)   Evacuate Collection Set: 20.2ms
[2025-04-25T20:55:08.527+0000][26.808s][info ][gc,phases   ] GC(30)   Post Evacuate Collection Set: 1.6ms
[2025-04-25T20:55:08.527+0000][26.808s][info ][gc,phases   ] GC(30)   Other: 0.1ms
[2025-04-25T20:55:08.527+0000][26.808s][info ][gc,heap     ] GC(30) Eden regions: 6->0(151)
[2025-04-25T20:55:08.527+0000][26.808s][info ][gc,heap     ] GC(30) Survivor regions: 6->1(2)
[2025-04-25T20:55:08.527+0000][26.808s][info ][gc,heap     ] GC(30) Old regions: 59->63
[2025-04-25T20:55:08.527+0000][26.808s][info ][gc,heap     ] GC(30) Archive regions: 2->2
[2025-04-25T20:55:08.527+0000][26.808s][info ][gc,heap     ] GC(30) Humongous regions: 0->0
[2025-04-25T20:55:08.527+0000][26.808s][info ][gc,metaspace] GC(30) Metaspace: 50765K(51200K)->50765K(51200K) NonClass: 44312K(44544K)->44312K(44544K) Class: 6452K(6656K)->6452K(6656K)
[2025-04-25T20:55:08.527+0000][26.808s][info ][gc          ] GC(30) Pause Young (Mixed) (G1 Evacuation Pause) 70M->64M(254M) 22.222ms
[2025-04-25T20:55:08.527+0000][26.808s][info ][gc,cpu      ] GC(30) User=0.04s Sys=0.00s Real=0.02s
[2025-04-25T20:55:08.527+0000][26.808s][info ][safepoint   ] Safepoint "G1CollectForAllocation", Time since last: 118181475 ns, Reaching safepoint: 39893 ns, Cleanup: 3148 ns, At safepoint: 22271330 ns, Total: 22314371 ns
[2025-04-25T20:55:10.422+0000][28.703s][debug][safepoint   ] Safepoint synchronization initiated using futex wait barrier. (18 threads)
[2025-04-25T20:55:10.422+0000][28.703s][info ][safepoint   ] Safepoint "Cleanup", Time since last: 1894576549 ns, Reaching safepoint: 51228 ns, Cleanup: 70204 ns, At safepoint: 4514 ns, Total: 125946 ns
[2025-04-25T20:55:11.358+0000][29.639s][debug][safepoint   ] Safepoint synchronization initiated using futex wait barrier. (18 threads)
[2025-04-25T20:55:11.358+0000][29.640s][debug][safepoint   ] ... found polling page loop exception at pc = 0x00007fd7b8f13ccc, stub =0x00007fd7b898e400
[2025-04-25T20:55:11.359+0000][29.640s][info ][safepoint   ] Safepoint "ICBufferFull", Time since last: 936324470 ns, Reaching safepoint: 186489 ns, Cleanup: 152602 ns, At safepoint: 16424 ns, Total: 355515 ns
[2025-04-25T20:55:12.359+0000][30.640s][debug][safepoint   ] Safepoint synchronization initiated using futex wait barrier. (18 threads)
[2025-04-25T20:55:12.362+0000][30.643s][debug][safepoint   ] ... found polling page loop exception at pc = 0x00007fd7b8fe1d60, stub =0x00007fd7b898e400
[2025-04-25T20:55:12.363+0000][30.644s][info ][safepoint   ] Safepoint "Cleanup", Time since last: 1000113435 ns, Reaching safepoint: 3857554 ns, Cleanup: 64733 ns, At safepoint: 16738 ns, Total: 3939025 ns
[2025-04-25T20:55:13.456+0000][31.737s][debug][safepoint   ] Safepoint synchronization initiated using futex wait barrier. (18 threads)
[2025-04-25T20:55:13.456+0000][31.737s][info ][gc,start    ] GC(31) Pause Young (Normal) (G1 Evacuation Pause)
[2025-04-25T20:55:13.456+0000][31.737s][info ][gc,task     ] GC(31) Using 4 workers of 4 for evacuation
[2025-04-25T20:55:13.482+0000][31.763s][info ][gc,phases   ] GC(31)   Pre Evacuate Collection Set: 0.1ms
[2025-04-25T20:55:13.482+0000][31.763s][info ][gc,phases   ] GC(31)   Merge Heap Roots: 0.2ms
[2025-04-25T20:55:13.482+0000][31.763s][info ][gc,phases   ] GC(31)   Evacuate Collection Set: 21.2ms
[2025-04-25T20:55:13.482+0000][31.763s][info ][gc,phases   ] GC(31)   Post Evacuate Collection Set: 4.4ms
[2025-04-25T20:55:13.482+0000][31.763s][info ][gc,phases   ] GC(31)   Other: 0.1ms
[2025-04-25T20:55:13.482+0000][31.763s][info ][gc,heap     ] GC(31) Eden regions: 151->0(148)
[2025-04-25T20:55:13.482+0000][31.763s][info ][gc,heap     ] GC(31) Survivor regions: 1->4(19)
[2025-04-25T20:55:13.482+0000][31.763s][info ][gc,heap     ] GC(31) Old regions: 63->63
[2025-04-25T20:55:13.482+0000][31.763s][info ][gc,heap     ] GC(31) Archive regions: 2->2
[2025-04-25T20:55:13.482+0000][31.763s][info ][gc,heap     ] GC(31) Humongous regions: 0->0
[2025-04-25T20:55:13.482+0000][31.763s][info ][gc,metaspace] GC(31) Metaspace: 56682K(57088K)->56682K(57088K) NonClass: 49523K(49728K)->49523K(49728K) Class: 7158K(7360K)->7158K(7360K)
[2025-04-25T20:55:13.482+0000][31.763s][info ][gc          ] GC(31) Pause Young (Normal) (G1 Evacuation Pause) 215M->66M(254M) 26.121ms
[2025-04-25T20:55:13.482+0000][31.763s][info ][gc,cpu      ] GC(31) User=0.06s Sys=0.00s Real=0.03s
[2025-04-25T20:55:13.482+0000][31.763s][info ][safepoint   ] Safepoint "G1CollectForAllocation", Time since last: 1092861723 ns, Reaching safepoint: 73487 ns, Cleanup: 29990 ns, At safepoint: 26191765 ns, Total: 26295242 ns
[2025-04-25T20:55:15.130+0000][33.411s][debug][safepoint   ] Safepoint synchronization initiated using futex wait barrier. (21 threads)
[2025-04-25T20:55:15.130+0000][33.411s][info ][gc,start    ] GC(32) Pause Young (Normal) (G1 Evacuation Pause)
[2025-04-25T20:55:15.130+0000][33.411s][info ][gc,task     ] GC(32) Using 4 workers of 4 for evacuation
[2025-04-25T20:55:15.139+0000][33.420s][info ][gc,phases   ] GC(32)   Pre Evacuate Collection Set: 0.1ms
[2025-04-25T20:55:15.139+0000][33.420s][info ][gc,phases   ] GC(32)   Merge Heap Roots: 0.1ms
[2025-04-25T20:55:15.139+0000][33.420s][info ][gc,phases   ] GC(32)   Evacuate Collection Set: 6.9ms
[2025-04-25T20:55:15.139+0000][33.420s][info ][gc,phases   ] GC(32)   Post Evacuate Collection Set: 1.5ms
[2025-04-25T20:55:15.139+0000][33.420s][info ][gc,phases   ] GC(32)   Other: 0.1ms
[2025-04-25T20:55:15.139+0000][33.420s][info ][gc,heap     ] GC(32) Eden regions: 148->0(146)
[2025-04-25T20:55:15.139+0000][33.420s][info ][gc,heap     ] GC(32) Survivor regions: 4->6(19)
[2025-04-25T20:55:15.139+0000][33.420s][info ][gc,heap     ] GC(32) Old regions: 63->63
[2025-04-25T20:55:15.139+0000][33.420s][info ][gc,heap     ] GC(32) Archive regions: 2->2
[2025-04-25T20:55:15.139+0000][33.420s][info ][gc,heap     ] GC(32) Humongous regions: 0->0
[2025-04-25T20:55:15.139+0000][33.420s][info ][gc,metaspace] GC(32) Metaspace: 62634K(63104K)->62634K(63104K) NonClass: 54682K(54912K)->54682K(54912K) Class: 7952K(8192K)->7952K(8192K)
[2025-04-25T20:55:15.139+0000][33.420s][info ][gc          ] GC(32) Pause Young (Normal) (G1 Evacuation Pause) 214M->69M(254M) 8.856ms
[2025-04-25T20:55:15.139+0000][33.420s][info ][gc,cpu      ] GC(32) User=0.02s Sys=0.00s Real=0.01s
[2025-04-25T20:55:15.139+0000][33.420s][info ][safepoint   ] Safepoint "G1CollectForAllocation", Time since last: 1648038522 ns, Reaching safepoint: 45485 ns, Cleanup: 61563 ns, At safepoint: 8914308 ns, Total: 9021356 ns
[2025-04-25T20:55:16.139+0000][34.420s][debug][safepoint   ] Safepoint synchronization initiated using futex wait barrier. (21 threads)
[2025-04-25T20:55:16.141+0000][34.422s][info ][safepoint   ] Safepoint "Cleanup", Time since last: 1000099366 ns, Reaching safepoint: 133245 ns, Cleanup: 1440840 ns, At safepoint: 10153 ns, Total: 1584238 ns
[2025-04-25T20:55:16.211+0000][34.492s][debug][safepoint   ] Safepoint synchronization initiated using futex wait barrier. (21 threads)
[2025-04-25T20:55:16.211+0000][34.492s][info ][gc,start    ] GC(33) Pause Young (Normal) (G1 Evacuation Pause)
[2025-04-25T20:55:16.211+0000][34.492s][info ][gc,task     ] GC(33) Using 4 workers of 4 for evacuation
[2025-04-25T20:55:16.218+0000][34.499s][info ][gc,phases   ] GC(33)   Pre Evacuate Collection Set: 0.1ms
[2025-04-25T20:55:16.218+0000][34.499s][info ][gc,phases   ] GC(33)   Merge Heap Roots: 0.1ms
[2025-04-25T20:55:16.218+0000][34.499s][info ][gc,phases   ] GC(33)   Evacuate Collection Set: 5.0ms
[2025-04-25T20:55:16.218+0000][34.499s][info ][gc,phases   ] GC(33)   Post Evacuate Collection Set: 1.1ms
[2025-04-25T20:55:16.218+0000][34.499s][info ][gc,phases   ] GC(33)   Other: 0.1ms
[2025-04-25T20:55:16.218+0000][34.499s][info ][gc,heap     ] GC(33) Eden regions: 146->0(146)
[2025-04-25T20:55:16.218+0000][34.499s][info ][gc,heap     ] GC(33) Survivor regions: 6->6(19)
[2025-04-25T20:55:16.218+0000][34.499s][info ][gc,heap     ] GC(33) Old regions: 63->63
[2025-04-25T20:55:16.218+0000][34.499s][info ][gc,heap     ] GC(33) Archive regions: 2->2
[2025-04-25T20:55:16.218+0000][34.499s][info ][gc,heap     ] GC(33) Humongous regions: 0->0
[2025-04-25T20:55:16.218+0000][34.499s][info ][gc,metaspace] GC(33) Metaspace: 64872K(65344K)->64872K(65344K) NonClass: 56581K(56832K)->56581K(56832K) Class: 8290K(8512K)->8290K(8512K)
[2025-04-25T20:55:16.218+0000][34.499s][info ][gc          ] GC(33) Pause Young (Normal) (G1 Evacuation Pause) 215M->69M(254M) 6.317ms
[2025-04-25T20:55:16.218+0000][34.499s][info ][gc,cpu      ] GC(33) User=0.02s Sys=0.00s Real=0.00s
[2025-04-25T20:55:16.218+0000][34.499s][info ][safepoint   ] Safepoint "G1CollectForAllocation", Time since last: 70602667 ns, Reaching safepoint: 26971 ns, Cleanup: 2370 ns, At safepoint: 6355395 ns, Total: 6384736 ns
[2025-04-25T20:55:16.790+0000][35.071s][debug][safepoint   ] Safepoint synchronization initiated using futex wait barrier. (22 threads)
[2025-04-25T20:55:16.790+0000][35.071s][info ][safepoint   ] Safepoint "ICBufferFull", Time since last: 572513567 ns, Reaching safepoint: 47233 ns, Cleanup: 94043 ns, At safepoint: 2999 ns, Total: 144275 ns
[2025-04-25T20:55:17.190+0000][35.471s][debug][safepoint   ] Safepoint synchronization initiated using futex wait barrier. (22 threads)
[2025-04-25T20:55:17.190+0000][35.471s][info ][gc,start    ] GC(34) Pause Young (Normal) (G1 Evacuation Pause)
[2025-04-25T20:55:17.190+0000][35.471s][info ][gc,task     ] GC(34) Using 4 workers of 4 for evacuation
[2025-04-25T20:55:17.204+0000][35.486s][info ][gc,phases   ] GC(34)   Pre Evacuate Collection Set: 0.1ms
[2025-04-25T20:55:17.205+0000][35.486s][info ][gc,phases   ] GC(34)   Merge Heap Roots: 0.1ms
[2025-04-25T20:55:17.205+0000][35.486s][info ][gc,phases   ] GC(34)   Evacuate Collection Set: 12.8ms
[2025-04-25T20:55:17.205+0000][35.486s][info ][gc,phases   ] GC(34)   Post Evacuate Collection Set: 1.6ms
[2025-04-25T20:55:17.205+0000][35.486s][info ][gc,phases   ] GC(34)   Other: 0.1ms
[2025-04-25T20:55:17.205+0000][35.486s][info ][gc,heap     ] GC(34) Eden regions: 146->0(143)
[2025-04-25T20:55:17.205+0000][35.486s][info ][gc,heap     ] GC(34) Survivor regions: 6->9(19)
[2025-04-25T20:55:17.205+0000][35.486s][info ][gc,heap     ] GC(34) Old regions: 63->63
[2025-04-25T20:55:17.205+0000][35.486s][info ][gc,heap     ] GC(34) Archive regions: 2->2
[2025-04-25T20:55:17.205+0000][35.486s][info ][gc,heap     ] GC(34) Humongous regions: 0->0
[2025-04-25T20:55:17.205+0000][35.486s][info ][gc,metaspace] GC(34) Metaspace: 68714K(69120K)->68714K(69120K) NonClass: 59956K(60160K)->59956K(60160K) Class: 8758K(8960K)->8758K(8960K)
[2025-04-25T20:55:17.205+0000][35.486s][info ][gc          ] GC(34) Pause Young (Normal) (G1 Evacuation Pause) 215M->72M(254M) 14.799ms
[2025-04-25T20:55:17.205+0000][35.486s][info ][gc,cpu      ] GC(34) User=0.04s Sys=0.00s Real=0.01s
[2025-04-25T20:55:17.206+0000][35.487s][info ][safepoint   ] Safepoint "G1CollectForAllocation", Time since last: 399354256 ns, Reaching safepoint: 55392 ns, Cleanup: 64379 ns, At safepoint: 16360196 ns, Total: 16479967 ns
[2025-04-25T20:55:17.740+0000][36.021s][debug][safepoint   ] Safepoint synchronization initiated using futex wait barrier. (21 threads)
[2025-04-25T20:55:17.740+0000][36.022s][info ][safepoint   ] Safepoint "ICBufferFull", Time since last: 534195403 ns, Reaching safepoint: 35589 ns, Cleanup: 118729 ns, At safepoint: 2587 ns, Total: 156905 ns
[2025-04-25T20:55:17.921+0000][36.202s][debug][safepoint   ] Safepoint synchronization initiated using futex wait barrier. (22 threads)
[2025-04-25T20:55:17.921+0000][36.202s][info ][safepoint   ] Safepoint "ICBufferFull", Time since last: 180686229 ns, Reaching safepoint: 39770 ns, Cleanup: 125020 ns, At safepoint: 4696 ns, Total: 169486 ns
[2025-04-25T20:55:18.175+0000][36.456s][debug][safepoint   ] Safepoint synchronization initiated using futex wait barrier. (22 threads)
[2025-04-25T20:55:18.175+0000][36.456s][info ][gc,start    ] GC(35) Pause Young (Normal) (G1 Evacuation Pause)
[2025-04-25T20:55:18.175+0000][36.456s][info ][gc,task     ] GC(35) Using 4 workers of 4 for evacuation
[2025-04-25T20:55:18.190+0000][36.471s][info ][gc,phases   ] GC(35)   Pre Evacuate Collection Set: 0.1ms
[2025-04-25T20:55:18.190+0000][36.471s][info ][gc,phases   ] GC(35)   Merge Heap Roots: 0.1ms
[2025-04-25T20:55:18.190+0000][36.471s][info ][gc,phases   ] GC(35)   Evacuate Collection Set: 13.2ms
[2025-04-25T20:55:18.190+0000][36.471s][info ][gc,phases   ] GC(35)   Post Evacuate Collection Set: 1.5ms
[2025-04-25T20:55:18.190+0000][36.471s][info ][gc,phases   ] GC(35)   Other: 0.1ms
[2025-04-25T20:55:18.190+0000][36.471s][info ][gc,heap     ] GC(35) Eden regions: 143->0(139)
[2025-04-25T20:55:18.190+0000][36.471s][info ][gc,heap     ] GC(35) Survivor regions: 9->12(19)
[2025-04-25T20:55:18.190+0000][36.471s][info ][gc,heap     ] GC(35) Old regions: 63->63
[2025-04-25T20:55:18.190+0000][36.471s][info ][gc,heap     ] GC(35) Archive regions: 2->2
[2025-04-25T20:55:18.190+0000][36.471s][info ][gc,heap     ] GC(35) Humongous regions: 0->0
[2025-04-25T20:55:18.190+0000][36.471s][info ][gc,metaspace] GC(35) Metaspace: 72537K(73024K)->72537K(73024K) NonClass: 63313K(63552K)->63313K(63552K) Class: 9224K(9472K)->9224K(9472K)
[2025-04-25T20:55:18.190+0000][36.471s][info ][gc          ] GC(35) Pause Young (Normal) (G1 Evacuation Pause) 215M->75M(254M) 15.010ms
[2025-04-25T20:55:18.190+0000][36.471s][info ][gc,cpu      ] GC(35) User=0.06s Sys=0.00s Real=0.02s
[2025-04-25T20:55:18.190+0000][36.471s][info ][safepoint   ] Safepoint "G1CollectForAllocation", Time since last: 253320955 ns, Reaching safepoint: 35167 ns, Cleanup: 47180 ns, At safepoint: 15053413 ns, Total: 15135760 ns
[2025-04-25T20:55:18.428+0000][36.709s][debug][safepoint   ] Safepoint synchronization initiated using futex wait barrier. (22 threads)
[2025-04-25T20:55:18.428+0000][36.709s][info ][gc,start    ] GC(36) Pause Young (Concurrent Start) (Metadata GC Threshold)
[2025-04-25T20:55:18.428+0000][36.709s][info ][gc,task     ] GC(36) Using 4 workers of 4 for evacuation
[2025-04-25T20:55:18.439+0000][36.720s][info ][gc,phases   ] GC(36)   Pre Evacuate Collection Set: 0.1ms
[2025-04-25T20:55:18.439+0000][36.720s][info ][gc,phases   ] GC(36)   Merge Heap Roots: 0.1ms
[2025-04-25T20:55:18.439+0000][36.720s][info ][gc,phases   ] GC(36)   Evacuate Collection Set: 9.8ms
[2025-04-25T20:55:18.439+0000][36.720s][info ][gc,phases   ] GC(36)   Post Evacuate Collection Set: 1.2ms
[2025-04-25T20:55:18.439+0000][36.721s][info ][gc,phases   ] GC(36)   Other: 0.1ms
[2025-04-25T20:55:18.439+0000][36.721s][info ][gc,heap     ] GC(36) Eden regions: 43->0(140)
[2025-04-25T20:55:18.439+0000][36.721s][info ][gc,heap     ] GC(36) Survivor regions: 12->10(19)
[2025-04-25T20:55:18.439+0000][36.721s][info ][gc,heap     ] GC(36) Old regions: 63->66
[2025-04-25T20:55:18.439+0000][36.721s][info ][gc,heap     ] GC(36) Archive regions: 2->2
[2025-04-25T20:55:18.439+0000][36.721s][info ][gc,heap     ] GC(36) Humongous regions: 0->0
[2025-04-25T20:55:18.439+0000][36.721s][info ][gc,metaspace] GC(36) Metaspace: 75189K(75648K)->75189K(75648K) NonClass: 65552K(65792K)->65552K(65792K) Class: 9636K(9856K)->9636K(9856K)
[2025-04-25T20:55:18.439+0000][36.721s][info ][gc          ] GC(36) Pause Young (Concurrent Start) (Metadata GC Threshold) 117M->76M(254M) 11.389ms
[2025-04-25T20:55:18.439+0000][36.721s][info ][gc,cpu      ] GC(36) User=0.04s Sys=0.00s Real=0.02s
[2025-04-25T20:55:18.440+0000][36.721s][info ][gc          ] GC(37) Concurrent Mark Cycle
[2025-04-25T20:55:18.440+0000][36.721s][info ][gc,marking  ] GC(37) Concurrent Clear Claimed Marks
[2025-04-25T20:55:18.440+0000][36.721s][info ][safepoint   ] Safepoint "CollectForMetadataAllocation", Time since last: 238226541 ns, Reaching safepoint: 29916 ns, Cleanup: 14697 ns, At safepoint: 11469039 ns, Total: 11513652 ns
[2025-04-25T20:55:18.440+0000][36.721s][info ][gc,marking  ] GC(37) Concurrent Clear Claimed Marks 0.048ms
[2025-04-25T20:55:18.440+0000][36.721s][info ][gc,marking  ] GC(37) Concurrent Scan Root Regions
[2025-04-25T20:55:18.448+0000][36.729s][info ][gc,marking  ] GC(37) Concurrent Scan Root Regions 8.442ms
[2025-04-25T20:55:18.448+0000][36.729s][info ][gc,marking  ] GC(37) Concurrent Mark
[2025-04-25T20:55:18.448+0000][36.729s][info ][gc,marking  ] GC(37) Concurrent Mark From Roots
[2025-04-25T20:55:18.448+0000][36.729s][info ][gc,task     ] GC(37) Using 1 workers of 1 for marking
[2025-04-25T20:55:18.470+0000][36.752s][debug][safepoint   ] Safepoint synchronization initiated using futex wait barrier. (22 threads)
[2025-04-25T20:55:18.470+0000][36.752s][info ][safepoint   ] Safepoint "CollectForMetadataAllocation", Time since last: 30832982 ns, Reaching safepoint: 51748 ns, Cleanup: 2527 ns, At safepoint: 29134 ns, Total: 83409 ns
[2025-04-25T20:55:18.508+0000][36.789s][debug][safepoint   ] Safepoint synchronization initiated using futex wait barrier. (22 threads)
[2025-04-25T20:55:18.508+0000][36.789s][info ][safepoint   ] Safepoint "CollectForMetadataAllocation", Time since last: 36910937 ns, Reaching safepoint: 172974 ns, Cleanup: 8184 ns, At safepoint: 41128 ns, Total: 222286 ns
[2025-04-25T20:55:18.551+0000][36.832s][info ][gc,marking  ] GC(37) Concurrent Mark From Roots 102.743ms
[2025-04-25T20:55:18.551+0000][36.832s][info ][gc,marking  ] GC(37) Concurrent Preclean
[2025-04-25T20:55:18.551+0000][36.832s][info ][gc,marking  ] GC(37) Concurrent Preclean 0.208ms
[2025-04-25T20:55:18.551+0000][36.832s][debug][safepoint   ] Safepoint synchronization initiated using futex wait barrier. (21 threads)
[2025-04-25T20:55:18.551+0000][36.832s][info ][gc,start    ] GC(37) Pause Remark
[2025-04-25T20:55:18.556+0000][36.838s][info ][gc          ] GC(37) Pause Remark 103M->103M(254M) 5.223ms
[2025-04-25T20:55:18.556+0000][36.838s][info ][gc,cpu      ] GC(37) User=0.02s Sys=0.00s Real=0.00s
[2025-04-25T20:55:18.556+0000][36.838s][info ][safepoint   ] Safepoint "G1PauseRemark", Time since last: 43498223 ns, Reaching safepoint: 77187 ns, Cleanup: 2454 ns, At safepoint: 5285937 ns, Total: 5365578 ns
[2025-04-25T20:55:18.556+0000][36.838s][info ][gc,marking  ] GC(37) Concurrent Mark 108.407ms
[2025-04-25T20:55:18.556+0000][36.838s][info ][gc,marking  ] GC(37) Concurrent Rebuild Remembered Sets
[2025-04-25T20:55:18.613+0000][36.894s][info ][gc,marking  ] GC(37) Concurrent Rebuild Remembered Sets 56.555ms
[2025-04-25T20:55:18.613+0000][36.894s][debug][safepoint   ] Safepoint synchronization initiated using futex wait barrier. (21 threads)
[2025-04-25T20:55:18.613+0000][36.894s][debug][safepoint   ] ... found polling page loop exception at pc = 0x00007fd7b8f13ccc, stub =0x00007fd7b898e400
[2025-04-25T20:55:18.613+0000][36.894s][info ][gc,start    ] GC(37) Pause Cleanup
[2025-04-25T20:55:18.613+0000][36.894s][info ][gc          ] GC(37) Pause Cleanup 120M->120M(254M) 0.105ms
[2025-04-25T20:55:18.613+0000][36.894s][info ][gc,cpu      ] GC(37) User=0.00s Sys=0.00s Real=0.00s
[2025-04-25T20:55:18.613+0000][36.894s][info ][safepoint   ] Safepoint "G1PauseCleanup", Time since last: 56689324 ns, Reaching safepoint: 82581 ns, Cleanup: 8319 ns, At safepoint: 141324 ns, Total: 232224 ns
[2025-04-25T20:55:18.613+0000][36.895s][info ][gc,marking  ] GC(37) Concurrent Cleanup for Next Mark
[2025-04-25T20:55:18.614+0000][36.895s][info ][gc,marking  ] GC(37) Concurrent Cleanup for Next Mark 0.443ms
[2025-04-25T20:55:18.614+0000][36.895s][info ][gc          ] GC(37) Concurrent Mark Cycle 174.394ms
[2025-04-25T20:55:18.959+0000][37.240s][debug][safepoint   ] Safepoint synchronization initiated using futex wait barrier. (22 threads)
[2025-04-25T20:55:18.959+0000][37.240s][info ][gc,start    ] GC(38) Pause Young (Prepare Mixed) (G1 Evacuation Pause)
[2025-04-25T20:55:18.959+0000][37.240s][info ][gc,task     ] GC(38) Using 4 workers of 4 for evacuation
[2025-04-25T20:55:18.969+0000][37.250s][info ][gc,phases   ] GC(38)   Pre Evacuate Collection Set: 0.1ms
[2025-04-25T20:55:18.969+0000][37.250s][info ][gc,phases   ] GC(38)   Merge Heap Roots: 0.1ms
[2025-04-25T20:55:18.969+0000][37.250s][info ][gc,phases   ] GC(38)   Evacuate Collection Set: 8.5ms
[2025-04-25T20:55:18.969+0000][37.250s][info ][gc,phases   ] GC(38)   Post Evacuate Collection Set: 1.1ms
[2025-04-25T20:55:18.969+0000][37.250s][info ][gc,phases   ] GC(38)   Other: 0.1ms
[2025-04-25T20:55:18.969+0000][37.250s][info ][gc,heap     ] GC(38) Eden regions: 140->0(2)
[2025-04-25T20:55:18.969+0000][37.250s][info ][gc,heap     ] GC(38) Survivor regions: 10->10(19)
[2025-04-25T20:55:18.969+0000][37.250s][info ][gc,heap     ] GC(38) Old regions: 66->66
[2025-04-25T20:55:18.969+0000][37.250s][info ][gc,heap     ] GC(38) Archive regions: 2->2
[2025-04-25T20:55:18.969+0000][37.250s][info ][gc,heap     ] GC(38) Humongous regions: 0->0
[2025-04-25T20:55:18.969+0000][37.250s][info ][gc,metaspace] GC(38) Metaspace: 77462K(78016K)->77462K(78016K) NonClass: 67303K(67584K)->67303K(67584K) Class: 10158K(10432K)->10158K(10432K)
[2025-04-25T20:55:18.969+0000][37.250s][info ][gc          ] GC(38) Pause Young (Prepare Mixed) (G1 Evacuation Pause) 216M->75M(254M) 9.910ms
[2025-04-25T20:55:18.969+0000][37.250s][info ][gc,cpu      ] GC(38) User=0.03s Sys=0.00s Real=0.01s
[2025-04-25T20:55:18.969+0000][37.250s][info ][safepoint   ] Safepoint "G1CollectForAllocation", Time since last: 345608469 ns, Reaching safepoint: 29129 ns, Cleanup: 63640 ns, At safepoint: 9948405 ns, Total: 10041174 ns
[2025-04-25T20:55:18.977+0000][37.258s][debug][safepoint   ] Safepoint synchronization initiated using futex wait barrier. (22 threads)
[2025-04-25T20:55:18.977+0000][37.258s][info ][gc,start    ] GC(39) Pause Young (Mixed) (G1 Evacuation Pause)
[2025-04-25T20:55:18.977+0000][37.258s][info ][gc,task     ] GC(39) Using 4 workers of 4 for evacuation
[2025-04-25T20:55:18.989+0000][37.270s][info ][gc,phases   ] GC(39)   Pre Evacuate Collection Set: 0.1ms
[2025-04-25T20:55:18.989+0000][37.270s][info ][gc,phases   ] GC(39)   Merge Heap Roots: 0.1ms
[2025-04-25T20:55:18.989+0000][37.270s][info ][gc,phases   ] GC(39)   Evacuate Collection Set: 10.4ms
[2025-04-25T20:55:18.989+0000][37.270s][info ][gc,phases   ] GC(39)   Post Evacuate Collection Set: 1.0ms
[2025-04-25T20:55:18.989+0000][37.270s][info ][gc,phases   ] GC(39)   Other: 0.1ms
[2025-04-25T20:55:18.989+0000][37.270s][info ][gc,heap     ] GC(39) Eden regions: 2->0(144)
[2025-04-25T20:55:18.989+0000][37.270s][info ][gc,heap     ] GC(39) Survivor regions: 10->2(2)
[2025-04-25T20:55:18.989+0000][37.270s][info ][gc,heap     ] GC(39) Old regions: 66->73
[2025-04-25T20:55:18.989+0000][37.270s][info ][gc,heap     ] GC(39) Archive regions: 2->2
[2025-04-25T20:55:18.989+0000][37.270s][info ][gc,heap     ] GC(39) Humongous regions: 0->0
[2025-04-25T20:55:18.989+0000][37.270s][info ][gc,metaspace] GC(39) Metaspace: 77519K(78016K)->77519K(78016K) NonClass: 67345K(67584K)->67345K(67584K) Class: 10173K(10432K)->10173K(10432K)
[2025-04-25T20:55:18.989+0000][37.270s][info ][gc          ] GC(39) Pause Young (Mixed) (G1 Evacuation Pause) 77M->74M(254M) 11.672ms
[2025-04-25T20:55:18.989+0000][37.270s][info ][gc,cpu      ] GC(39) User=0.04s Sys=0.00s Real=0.02s
[2025-04-25T20:55:18.989+0000][37.270s][info ][safepoint   ] Safepoint "G1CollectForAllocation", Time since last: 8230859 ns, Reaching safepoint: 27541 ns, Cleanup: 6297 ns, At safepoint: 11715290 ns, Total: 11749128 ns
[2025-04-25T20:55:19.156+0000][37.437s][debug][safepoint   ] Safepoint synchronization initiated using futex wait barrier. (22 threads)
[2025-04-25T20:55:19.156+0000][37.437s][info ][safepoint   ] Safepoint "ICBufferFull", Time since last: 166537811 ns, Reaching safepoint: 52338 ns, Cleanup: 80685 ns, At safepoint: 2556 ns, Total: 135579 ns
[2025-04-25T20:55:19.207+0000][37.488s][debug][safepoint   ] Safepoint synchronization initiated using futex wait barrier. (22 threads)
[2025-04-25T20:55:19.208+0000][37.489s][info ][safepoint   ] Safepoint "ICBufferFull", Time since last: 51659996 ns, Reaching safepoint: 105204 ns, Cleanup: 142566 ns, At safepoint: 3991 ns, Total: 251761 ns
[2025-04-25T20:55:19.302+0000][37.583s][debug][safepoint   ] Safepoint synchronization initiated using futex wait barrier. (22 threads)
[2025-04-25T20:55:19.302+0000][37.583s][info ][safepoint   ] Safepoint "ICBufferFull", Time since last: 94013148 ns, Reaching safepoint: 108966 ns, Cleanup: 116010 ns, At safepoint: 4872 ns, Total: 229848 ns
[2025-04-25T20:55:19.396+0000][37.677s][debug][safepoint   ] Safepoint synchronization initiated using futex wait barrier. (22 threads)
[2025-04-25T20:55:19.396+0000][37.677s][info ][safepoint   ] Safepoint "ICBufferFull", Time since last: 93757529 ns, Reaching safepoint: 39365 ns, Cleanup: 114808 ns, At safepoint: 3735 ns, Total: 157908 ns
[2025-04-25T20:55:19.639+0000][37.920s][debug][safepoint   ] Safepoint synchronization initiated using futex wait barrier. (22 threads)
[2025-04-25T20:55:19.639+0000][37.920s][info ][safepoint   ] Safepoint "ICBufferFull", Time since last: 243179202 ns, Reaching safepoint: 63886 ns, Cleanup: 106735 ns, At safepoint: 5297 ns, Total: 175918 ns
[2025-04-25T20:55:19.974+0000][38.255s][debug][safepoint   ] Safepoint synchronization initiated using futex wait barrier. (22 threads)
[2025-04-25T20:55:19.974+0000][38.255s][info ][gc,start    ] GC(40) Pause Young (Concurrent Start) (G1 Evacuation Pause)
[2025-04-25T20:55:19.974+0000][38.255s][info ][gc,task     ] GC(40) Using 4 workers of 4 for evacuation
[2025-04-25T20:55:19.980+0000][38.261s][info ][gc,phases   ] GC(40)   Pre Evacuate Collection Set: 0.1ms
[2025-04-25T20:55:19.980+0000][38.261s][info ][gc,phases   ] GC(40)   Merge Heap Roots: 0.1ms
[2025-04-25T20:55:19.980+0000][38.261s][info ][gc,phases   ] GC(40)   Evacuate Collection Set: 5.1ms
[2025-04-25T20:55:19.980+0000][38.261s][info ][gc,phases   ] GC(40)   Post Evacuate Collection Set: 0.9ms
[2025-04-25T20:55:19.980+0000][38.261s][info ][gc,phases   ] GC(40)   Other: 0.1ms
[2025-04-25T20:55:19.980+0000][38.261s][info ][gc,heap     ] GC(40) Eden regions: 144->0(143)
[2025-04-25T20:55:19.980+0000][38.261s][info ][gc,heap     ] GC(40) Survivor regions: 2->3(19)
[2025-04-25T20:55:19.980+0000][38.261s][info ][gc,heap     ] GC(40) Old regions: 73->73
[2025-04-25T20:55:19.980+0000][38.261s][info ][gc,heap     ] GC(40) Archive regions: 2->2
[2025-04-25T20:55:19.980+0000][38.261s][info ][gc,heap     ] GC(40) Humongous regions: 0->0
[2025-04-25T20:55:19.980+0000][38.261s][info ][gc,metaspace] GC(40) Metaspace: 80542K(81024K)->80542K(81024K) NonClass: 70002K(70208K)->70002K(70208K) Class: 10540K(10816K)->10540K(10816K)
[2025-04-25T20:55:19.980+0000][38.262s][info ][gc          ] GC(40) Pause Young (Concurrent Start) (G1 Evacuation Pause) 218M->76M(254M) 6.372ms
[2025-04-25T20:55:19.980+0000][38.262s][info ][gc,cpu      ] GC(40) User=0.02s Sys=0.00s Real=0.01s
[2025-04-25T20:55:19.980+0000][38.262s][info ][gc          ] GC(41) Concurrent Mark Cycle
[2025-04-25T20:55:19.980+0000][38.262s][info ][gc,marking  ] GC(41) Concurrent Clear Claimed Marks
[2025-04-25T20:55:19.980+0000][38.262s][info ][safepoint   ] Safepoint "G1CollectForAllocation", Time since last: 334792112 ns, Reaching safepoint: 28120 ns, Cleanup: 81150 ns, At safepoint: 6422867 ns, Total: 6532137 ns
[2025-04-25T20:55:19.981+0000][38.262s][info ][gc,marking  ] GC(41) Concurrent Clear Claimed Marks 0.056ms
[2025-04-25T20:55:19.981+0000][38.262s][info ][gc,marking  ] GC(41) Concurrent Scan Root Regions
[2025-04-25T20:55:19.986+0000][38.267s][info ][gc,marking  ] GC(41) Concurrent Scan Root Regions 5.420ms
[2025-04-25T20:55:19.986+0000][38.267s][info ][gc,marking  ] GC(41) Concurrent Mark
[2025-04-25T20:55:19.986+0000][38.267s][info ][gc,marking  ] GC(41) Concurrent Mark From Roots
[2025-04-25T20:55:19.986+0000][38.267s][info ][gc,task     ] GC(41) Using 1 workers of 1 for marking
[2025-04-25T20:55:20.142+0000][38.424s][info ][gc,marking  ] GC(41) Concurrent Mark From Roots 156.488ms
[2025-04-25T20:55:20.143+0000][38.424s][info ][gc,marking  ] GC(41) Concurrent Preclean
[2025-04-25T20:55:20.143+0000][38.424s][info ][gc,marking  ] GC(41) Concurrent Preclean 0.320ms
[2025-04-25T20:55:20.143+0000][38.424s][debug][safepoint   ] Safepoint synchronization initiated using futex wait barrier. (21 threads)
[2025-04-25T20:55:20.143+0000][38.424s][info ][gc,start    ] GC(41) Pause Remark
[2025-04-25T20:55:20.154+0000][38.436s][info ][gc          ] GC(41) Pause Remark 101M->101M(254M) 11.489ms
[2025-04-25T20:55:20.155+0000][38.436s][info ][gc,cpu      ] GC(41) User=0.02s Sys=0.00s Real=0.01s
[2025-04-25T20:55:20.155+0000][38.436s][info ][safepoint   ] Safepoint "G1PauseRemark", Time since last: 162437134 ns, Reaching safepoint: 93892 ns, Cleanup: 12799 ns, At safepoint: 11625550 ns, Total: 11732241 ns
[2025-04-25T20:55:20.155+0000][38.436s][info ][gc,marking  ] GC(41) Concurrent Mark 168.665ms
[2025-04-25T20:55:20.155+0000][38.436s][info ][gc,marking  ] GC(41) Concurrent Rebuild Remembered Sets
[2025-04-25T20:55:20.250+0000][38.531s][info ][gc,marking  ] GC(41) Concurrent Rebuild Remembered Sets 94.912ms
[2025-04-25T20:55:20.250+0000][38.531s][debug][safepoint   ] Safepoint synchronization initiated using futex wait barrier. (21 threads)
[2025-04-25T20:55:20.250+0000][38.531s][info ][gc,start    ] GC(41) Pause Cleanup
[2025-04-25T20:55:20.250+0000][38.531s][info ][gc          ] GC(41) Pause Cleanup 107M->107M(254M) 0.141ms
[2025-04-25T20:55:20.250+0000][38.531s][info ][gc,cpu      ] GC(41) User=0.00s Sys=0.00s Real=0.00s
[2025-04-25T20:55:20.250+0000][38.531s][info ][safepoint   ] Safepoint "G1PauseCleanup", Time since last: 95027437 ns, Reaching safepoint: 88099 ns, Cleanup: 31056 ns, At safepoint: 174367 ns, Total: 293522 ns
[2025-04-25T20:55:20.250+0000][38.531s][info ][gc,marking  ] GC(41) Concurrent Cleanup for Next Mark
[2025-04-25T20:55:20.250+0000][38.532s][info ][gc,marking  ] GC(41) Concurrent Cleanup for Next Mark 0.469ms
[2025-04-25T20:55:20.250+0000][38.532s][info ][gc          ] GC(41) Concurrent Mark Cycle 270.031ms
[2025-04-25T20:55:20.716+0000][38.997s][debug][safepoint   ] Safepoint synchronization initiated using futex wait barrier. (21 threads)
[2025-04-25T20:55:20.716+0000][38.997s][info ][gc,start    ] GC(42) Pause Young (Prepare Mixed) (G1 Evacuation Pause)
[2025-04-25T20:55:20.716+0000][38.997s][info ][gc,task     ] GC(42) Using 4 workers of 4 for evacuation
[2025-04-25T20:55:20.731+0000][39.013s][info ][gc,phases   ] GC(42)   Pre Evacuate Collection Set: 0.1ms
[2025-04-25T20:55:20.732+0000][39.013s][info ][gc,phases   ] GC(42)   Merge Heap Roots: 0.1ms
[2025-04-25T20:55:20.732+0000][39.013s][info ][gc,phases   ] GC(42)   Evacuate Collection Set: 13.6ms
[2025-04-25T20:55:20.732+0000][39.013s][info ][gc,phases   ] GC(42)   Post Evacuate Collection Set: 1.3ms
[2025-04-25T20:55:20.732+0000][39.013s][info ][gc,phases   ] GC(42)   Other: 0.1ms
[2025-04-25T20:55:20.732+0000][39.013s][info ][gc,heap     ] GC(42) Eden regions: 143->0(6)
[2025-04-25T20:55:20.732+0000][39.013s][info ][gc,heap     ] GC(42) Survivor regions: 3->6(19)
[2025-04-25T20:55:20.732+0000][39.013s][info ][gc,heap     ] GC(42) Old regions: 73->73
[2025-04-25T20:55:20.732+0000][39.013s][info ][gc,heap     ] GC(42) Archive regions: 2->2
[2025-04-25T20:55:20.732+0000][39.013s][info ][gc,heap     ] GC(42) Humongous regions: 0->0
[2025-04-25T20:55:20.732+0000][39.013s][info ][gc,metaspace] GC(42) Metaspace: 83364K(83840K)->83364K(83840K) NonClass: 72462K(72704K)->72462K(72704K) Class: 10902K(11136K)->10902K(11136K)
[2025-04-25T20:55:20.732+0000][39.013s][info ][gc          ] GC(42) Pause Young (Prepare Mixed) (G1 Evacuation Pause) 219M->78M(254M) 15.345ms
[2025-04-25T20:55:20.732+0000][39.013s][info ][gc,cpu      ] GC(42) User=0.04s Sys=0.00s Real=0.02s
[2025-04-25T20:55:20.732+0000][39.013s][info ][safepoint   ] Safepoint "G1CollectForAllocation", Time since last: 464759171 ns, Reaching safepoint: 1500993 ns, Cleanup: 100002 ns, At safepoint: 15394332 ns, Total: 16995327 ns
[2025-04-25T20:55:20.772+0000][39.054s][debug][safepoint   ] Safepoint synchronization initiated using futex wait barrier. (21 threads)
[2025-04-25T20:55:20.773+0000][39.054s][info ][gc,start    ] GC(43) Pause Young (Mixed) (G1 Evacuation Pause)
[2025-04-25T20:55:20.773+0000][39.054s][info ][gc,task     ] GC(43) Using 4 workers of 4 for evacuation
[2025-04-25T20:55:20.784+0000][39.065s][info ][gc,phases   ] GC(43)   Pre Evacuate Collection Set: 0.1ms
[2025-04-25T20:55:20.784+0000][39.065s][info ][gc,phases   ] GC(43)   Merge Heap Roots: 0.1ms
[2025-04-25T20:55:20.784+0000][39.065s][info ][gc,phases   ] GC(43)   Evacuate Collection Set: 9.8ms
[2025-04-25T20:55:20.784+0000][39.065s][info ][gc,phases   ] GC(43)   Post Evacuate Collection Set: 1.4ms
[2025-04-25T20:55:20.784+0000][39.065s][info ][gc,phases   ] GC(43)   Other: 0.1ms
[2025-04-25T20:55:20.784+0000][39.065s][info ][gc,heap     ] GC(43) Eden regions: 6->0(178)
[2025-04-25T20:55:20.784+0000][39.065s][info ][gc,heap     ] GC(43) Survivor regions: 6->1(2)
[2025-04-25T20:55:20.784+0000][39.065s][info ][gc,heap     ] GC(43) Old regions: 73->77
[2025-04-25T20:55:20.784+0000][39.065s][info ][gc,heap     ] GC(43) Archive regions: 2->2
[2025-04-25T20:55:20.784+0000][39.065s][info ][gc,heap     ] GC(43) Humongous regions: 0->0
[2025-04-25T20:55:20.784+0000][39.065s][info ][gc,metaspace] GC(43) Metaspace: 83426K(83968K)->83426K(83968K) NonClass: 72512K(72768K)->72512K(72768K) Class: 10913K(11200K)->10913K(11200K)
[2025-04-25T20:55:20.784+0000][39.065s][info ][gc          ] GC(43) Pause Young (Mixed) (G1 Evacuation Pause) 84M->77M(305M) 11.581ms
[2025-04-25T20:55:20.784+0000][39.065s][info ][gc,cpu      ] GC(43) User=0.04s Sys=0.00s Real=0.01s
[2025-04-25T20:55:20.784+0000][39.065s][info ][safepoint   ] Safepoint "G1CollectForAllocation", Time since last: 40778330 ns, Reaching safepoint: 43106 ns, Cleanup: 7280 ns, At safepoint: 11626711 ns, Total: 11677097 ns
[2025-04-25T20:55:21.664+0000][39.945s][debug][safepoint   ] Safepoint synchronization initiated using futex wait barrier. (21 threads)
[2025-04-25T20:55:21.664+0000][39.945s][info ][safepoint   ] Safepoint "ICBufferFull", Time since last: 879671027 ns, Reaching safepoint: 42803 ns, Cleanup: 115569 ns, At safepoint: 2905 ns, Total: 161277 ns
[2025-04-25T20:55:22.427+0000][40.708s][debug][safepoint   ] Safepoint synchronization initiated using futex wait barrier. (21 threads)
[2025-04-25T20:55:22.427+0000][40.708s][info ][gc,start    ] GC(44) Pause Young (Normal) (G1 Evacuation Pause)
[2025-04-25T20:55:22.427+0000][40.708s][info ][gc,task     ] GC(44) Using 4 workers of 4 for evacuation
[2025-04-25T20:55:22.437+0000][40.718s][info ][gc,phases   ] GC(44)   Pre Evacuate Collection Set: 0.1ms
[2025-04-25T20:55:22.437+0000][40.718s][info ][gc,phases   ] GC(44)   Merge Heap Roots: 0.1ms
[2025-04-25T20:55:22.437+0000][40.718s][info ][gc,phases   ] GC(44)   Evacuate Collection Set: 8.6ms
[2025-04-25T20:55:22.437+0000][40.718s][info ][gc,phases   ] GC(44)   Post Evacuate Collection Set: 1.1ms
[2025-04-25T20:55:22.437+0000][40.718s][info ][gc,phases   ] GC(44)   Other: 0.1ms
[2025-04-25T20:55:22.437+0000][40.718s][info ][gc,heap     ] GC(44) Eden regions: 178->0(175)
[2025-04-25T20:55:22.437+0000][40.718s][info ][gc,heap     ] GC(44) Survivor regions: 1->6(23)
[2025-04-25T20:55:22.437+0000][40.718s][info ][gc,heap     ] GC(44) Old regions: 77->77
[2025-04-25T20:55:22.437+0000][40.718s][info ][gc,heap     ] GC(44) Archive regions: 2->2
[2025-04-25T20:55:22.437+0000][40.718s][info ][gc,heap     ] GC(44) Humongous regions: 0->0
[2025-04-25T20:55:22.437+0000][40.718s][info ][gc,metaspace] GC(44) Metaspace: 86927K(87488K)->86927K(87488K) NonClass: 75766K(76032K)->75766K(76032K) Class: 11161K(11456K)->11161K(11456K)
[2025-04-25T20:55:22.437+0000][40.718s][info ][gc          ] GC(44) Pause Young (Normal) (G1 Evacuation Pause) 255M->82M(305M) 10.124ms
[2025-04-25T20:55:22.437+0000][40.718s][info ][gc,cpu      ] GC(44) User=0.03s Sys=0.00s Real=0.01s
[2025-04-25T20:55:22.437+0000][40.718s][info ][safepoint   ] Safepoint "G1CollectForAllocation", Time since last: 762638239 ns, Reaching safepoint: 41614 ns, Cleanup: 61822 ns, At safepoint: 10171019 ns, Total: 10274455 ns
[2025-04-25T20:55:22.938+0000][41.219s][debug][safepoint   ] ... found polling page loop exception at pc = 0x00007fd7b19ec1b4, stub =0x00007fd7b898e400
[2025-04-25T20:55:23.308+0000][41.589s][debug][safepoint   ] Safepoint synchronization initiated using futex wait barrier. (25 threads)
[2025-04-25T20:55:23.309+0000][41.590s][info ][safepoint   ] Safepoint "ICBufferFull", Time since last: 871371379 ns, Reaching safepoint: 119262 ns, Cleanup: 132982 ns, At safepoint: 23715 ns, Total: 275959 ns
[2025-04-25T20:55:24.193+0000][42.474s][debug][safepoint   ] Safepoint synchronization initiated using futex wait barrier. (25 threads)
[2025-04-25T20:55:24.193+0000][42.474s][info ][gc,start    ] GC(45) Pause Young (Normal) (G1 Evacuation Pause)
[2025-04-25T20:55:24.193+0000][42.474s][info ][gc,task     ] GC(45) Using 4 workers of 4 for evacuation
[2025-04-25T20:55:24.208+0000][42.489s][info ][gc,phases   ] GC(45)   Pre Evacuate Collection Set: 0.1ms
[2025-04-25T20:55:24.208+0000][42.489s][info ][gc,phases   ] GC(45)   Merge Heap Roots: 0.1ms
[2025-04-25T20:55:24.208+0000][42.489s][info ][gc,phases   ] GC(45)   Evacuate Collection Set: 12.8ms
[2025-04-25T20:55:24.208+0000][42.489s][info ][gc,phases   ] GC(45)   Post Evacuate Collection Set: 1.7ms
[2025-04-25T20:55:24.208+0000][42.489s][info ][gc,phases   ] GC(45)   Other: 0.1ms
[2025-04-25T20:55:24.208+0000][42.489s][info ][gc,heap     ] GC(45) Eden regions: 175->0(171)
[2025-04-25T20:55:24.208+0000][42.489s][info ][gc,heap     ] GC(45) Survivor regions: 6->10(23)
[2025-04-25T20:55:24.208+0000][42.489s][info ][gc,heap     ] GC(45) Old regions: 77->77
[2025-04-25T20:55:24.208+0000][42.489s][info ][gc,heap     ] GC(45) Archive regions: 2->2
[2025-04-25T20:55:24.208+0000][42.489s][info ][gc,heap     ] GC(45) Humongous regions: 0->0
[2025-04-25T20:55:24.208+0000][42.489s][info ][gc,metaspace] GC(45) Metaspace: 90904K(91520K)->90904K(91520K) NonClass: 79280K(79616K)->79280K(79616K) Class: 11623K(11904K)->11623K(11904K)
[2025-04-25T20:55:24.208+0000][42.489s][info ][gc          ] GC(45) Pause Young (Normal) (G1 Evacuation Pause) 257M->86M(305M) 14.815ms
[2025-04-25T20:55:24.208+0000][42.489s][info ][gc,cpu      ] GC(45) User=0.05s Sys=0.00s Real=0.01s
[2025-04-25T20:55:24.208+0000][42.489s][info ][safepoint   ] Safepoint "G1CollectForAllocation", Time since last: 884267988 ns, Reaching safepoint: 52071 ns, Cleanup: 112142 ns, At safepoint: 14865745 ns, Total: 15029958 ns
[2025-04-25T20:55:25.214+0000][43.495s][debug][safepoint   ] Safepoint synchronization initiated using futex wait barrier. (25 threads)
[2025-04-25T20:55:25.215+0000][43.496s][info ][safepoint   ] Safepoint "Cleanup", Time since last: 1006534660 ns, Reaching safepoint: 91847 ns, Cleanup: 101238 ns, At safepoint: 11550 ns, Total: 204635 ns
[2025-04-25T20:55:25.945+0000][44.226s][debug][safepoint   ] Safepoint synchronization initiated using futex wait barrier. (25 threads)
[2025-04-25T20:55:25.945+0000][44.226s][info ][gc,start    ] GC(46) Pause Young (Normal) (G1 Evacuation Pause)
[2025-04-25T20:55:25.945+0000][44.226s][info ][gc,task     ] GC(46) Using 4 workers of 4 for evacuation
[2025-04-25T20:55:25.964+0000][44.245s][info ][gc,phases   ] GC(46)   Pre Evacuate Collection Set: 0.1ms
[2025-04-25T20:55:25.964+0000][44.245s][info ][gc,phases   ] GC(46)   Merge Heap Roots: 0.1ms
[2025-04-25T20:55:25.964+0000][44.245s][info ][gc,phases   ] GC(46)   Evacuate Collection Set: 16.8ms
[2025-04-25T20:55:25.964+0000][44.245s][info ][gc,phases   ] GC(46)   Post Evacuate Collection Set: 1.9ms
[2025-04-25T20:55:25.964+0000][44.245s][info ][gc,phases   ] GC(46)   Other: 0.1ms
[2025-04-25T20:55:25.964+0000][44.245s][info ][gc,heap     ] GC(46) Eden regions: 171->0(163)
[2025-04-25T20:55:25.964+0000][44.245s][info ][gc,heap     ] GC(46) Survivor regions: 10->16(23)
[2025-04-25T20:55:25.964+0000][44.245s][info ][gc,heap     ] GC(46) Old regions: 77->77
[2025-04-25T20:55:25.964+0000][44.245s][info ][gc,heap     ] GC(46) Archive regions: 2->2
[2025-04-25T20:55:25.964+0000][44.245s][info ][gc,heap     ] GC(46) Humongous regions: 0->0
[2025-04-25T20:55:25.964+0000][44.245s][info ][gc,metaspace] GC(46) Metaspace: 95393K(95936K)->95393K(95936K) NonClass: 82913K(83200K)->82913K(83200K) Class: 12480K(12736K)->12480K(12736K)
[2025-04-25T20:55:25.964+0000][44.245s][info ][gc          ] GC(46) Pause Young (Normal) (G1 Evacuation Pause) 257M->93M(305M) 19.181ms
[2025-04-25T20:55:25.964+0000][44.245s][info ][gc,cpu      ] GC(46) User=0.06s Sys=0.00s Real=0.02s
[2025-04-25T20:55:25.964+0000][44.245s][info ][safepoint   ] Safepoint "G1CollectForAllocation", Time since last: 730415976 ns, Reaching safepoint: 46231 ns, Cleanup: 97175 ns, At safepoint: 19240597 ns, Total: 19384003 ns
[2025-04-25T20:55:27.366+0000][45.647s][debug][safepoint   ] Safepoint synchronization initiated using futex wait barrier. (26 threads)
[2025-04-25T20:55:27.366+0000][45.647s][info ][gc,start    ] GC(47) Pause Young (Normal) (G1 Evacuation Pause)
[2025-04-25T20:55:27.366+0000][45.647s][info ][gc,task     ] GC(47) Using 4 workers of 4 for evacuation
[2025-04-25T20:55:27.436+0000][45.717s][info ][gc,phases   ] GC(47)   Pre Evacuate Collection Set: 0.8ms
[2025-04-25T20:55:27.436+0000][45.717s][info ][gc,phases   ] GC(47)   Merge Heap Roots: 1.2ms
[2025-04-25T20:55:27.436+0000][45.717s][info ][gc,phases   ] GC(47)   Evacuate Collection Set: 59.6ms
[2025-04-25T20:55:27.436+0000][45.717s][info ][gc,phases   ] GC(47)   Post Evacuate Collection Set: 8.1ms
[2025-04-25T20:55:27.436+0000][45.717s][info ][gc,phases   ] GC(47)   Other: 0.1ms
[2025-04-25T20:55:27.436+0000][45.717s][info ][gc,heap     ] GC(47) Eden regions: 163->0(166)
[2025-04-25T20:55:27.436+0000][45.717s][info ][gc,heap     ] GC(47) Survivor regions: 16->11(23)
[2025-04-25T20:55:27.436+0000][45.717s][info ][gc,heap     ] GC(47) Old regions: 77->81
[2025-04-25T20:55:27.436+0000][45.717s][info ][gc,heap     ] GC(47) Archive regions: 2->2
[2025-04-25T20:55:27.436+0000][45.717s][info ][gc,heap     ] GC(47) Humongous regions: 0->0
[2025-04-25T20:55:27.436+0000][45.717s][info ][gc,metaspace] GC(47) Metaspace: 100789K(101312K)->100789K(101312K) NonClass: 87610K(87872K)->87610K(87872K) Class: 13178K(13440K)->13178K(13440K)
[2025-04-25T20:55:27.436+0000][45.717s][info ][gc          ] GC(47) Pause Young (Normal) (G1 Evacuation Pause) 256M->92M(305M) 69.956ms
[2025-04-25T20:55:27.436+0000][45.717s][info ][gc,cpu      ] GC(47) User=0.17s Sys=0.00s Real=0.07s
[2025-04-25T20:55:27.438+0000][45.719s][info ][safepoint   ] Safepoint "G1CollectForAllocation", Time since last: 1401554398 ns, Reaching safepoint: 60102 ns, Cleanup: 167361 ns, At safepoint: 71609270 ns, Total: 71836733 ns
[2025-04-25T20:55:28.438+0000][46.719s][debug][safepoint   ] Safepoint synchronization initiated using futex wait barrier. (28 threads)
[2025-04-25T20:55:28.438+0000][46.719s][info ][safepoint   ] Safepoint "Cleanup", Time since last: 1000207737 ns, Reaching safepoint: 53307 ns, Cleanup: 73996 ns, At safepoint: 9099 ns, Total: 136402 ns
[2025-04-25T20:55:29.853+0000][48.134s][debug][safepoint   ] Safepoint synchronization initiated using futex wait barrier. (28 threads)
[2025-04-25T20:55:29.853+0000][48.134s][info ][safepoint   ] Safepoint "Cleanup", Time since last: 1414460285 ns, Reaching safepoint: 65480 ns, Cleanup: 62349 ns, At safepoint: 2956 ns, Total: 130785 ns
[2025-04-25T20:55:31.151+0000][49.432s][debug][safepoint   ] Safepoint synchronization initiated using futex wait barrier. (28 threads)
[2025-04-25T20:55:31.151+0000][49.432s][info ][safepoint   ] Safepoint "Cleanup", Time since last: 1297996510 ns, Reaching safepoint: 41580 ns, Cleanup: 46781 ns, At safepoint: 3542 ns, Total: 91903 ns
[2025-04-25T20:55:31.261+0000][49.542s][debug][safepoint   ] Safepoint synchronization initiated using futex wait barrier. (28 threads)
[2025-04-25T20:55:31.261+0000][49.542s][info ][gc,start    ] GC(48) Pause Young (Concurrent Start) (G1 Evacuation Pause)
[2025-04-25T20:55:31.261+0000][49.542s][info ][gc,task     ] GC(48) Using 4 workers of 4 for evacuation
[2025-04-25T20:55:31.309+0000][49.590s][info ][gc,phases   ] GC(48)   Pre Evacuate Collection Set: 0.3ms
[2025-04-25T20:55:31.309+0000][49.590s][info ][gc,phases   ] GC(48)   Merge Heap Roots: 0.2ms
[2025-04-25T20:55:31.309+0000][49.590s][info ][gc,phases   ] GC(48)   Evacuate Collection Set: 44.4ms
[2025-04-25T20:55:31.309+0000][49.590s][info ][gc,phases   ] GC(48)   Post Evacuate Collection Set: 3.0ms
[2025-04-25T20:55:31.309+0000][49.590s][info ][gc,phases   ] GC(48)   Other: 0.2ms
[2025-04-25T20:55:31.309+0000][49.590s][info ][gc,heap     ] GC(48) Eden regions: 166->0(163)
[2025-04-25T20:55:31.309+0000][49.590s][info ][gc,heap     ] GC(48) Survivor regions: 11->14(23)
[2025-04-25T20:55:31.309+0000][49.590s][info ][gc,heap     ] GC(48) Old regions: 81->81
[2025-04-25T20:55:31.309+0000][49.590s][info ][gc,heap     ] GC(48) Archive regions: 2->2
[2025-04-25T20:55:31.309+0000][49.590s][info ][gc,heap     ] GC(48) Humongous regions: 0->0
[2025-04-25T20:55:31.309+0000][49.590s][info ][gc,metaspace] GC(48) Metaspace: 105374K(105984K)->105374K(105984K) NonClass: 91597K(91904K)->91597K(91904K) Class: 13776K(14080K)->13776K(14080K)
[2025-04-25T20:55:31.309+0000][49.590s][info ][gc          ] GC(48) Pause Young (Concurrent Start) (G1 Evacuation Pause) 258M->95M(305M) 48.090ms
[2025-04-25T20:55:31.309+0000][49.590s][info ][gc,cpu      ] GC(48) User=0.12s Sys=0.00s Real=0.05s
[2025-04-25T20:55:31.309+0000][49.590s][info ][gc          ] GC(49) Concurrent Mark Cycle
[2025-04-25T20:55:31.309+0000][49.590s][info ][gc,marking  ] GC(49) Concurrent Clear Claimed Marks
[2025-04-25T20:55:31.309+0000][49.590s][info ][gc,marking  ] GC(49) Concurrent Clear Claimed Marks 0.149ms
[2025-04-25T20:55:31.309+0000][49.590s][info ][gc,marking  ] GC(49) Concurrent Scan Root Regions
[2025-04-25T20:55:31.311+0000][49.592s][info ][safepoint   ] Safepoint "G1CollectForAllocation", Time since last: 109938102 ns, Reaching safepoint: 45400 ns, Cleanup: 28050 ns, At safepoint: 50263309 ns, Total: 50336759 ns
[2025-04-25T20:55:31.335+0000][49.616s][info ][gc,marking  ] GC(49) Concurrent Scan Root Regions 25.847ms
[2025-04-25T20:55:31.335+0000][49.616s][info ][gc,marking  ] GC(49) Concurrent Mark
[2025-04-25T20:55:31.335+0000][49.616s][info ][gc,marking  ] GC(49) Concurrent Mark From Roots
[2025-04-25T20:55:31.335+0000][49.616s][info ][gc,task     ] GC(49) Using 1 workers of 1 for marking
[2025-04-25T20:55:31.541+0000][49.823s][info ][gc,marking  ] GC(49) Concurrent Mark From Roots 206.369ms
[2025-04-25T20:55:31.541+0000][49.823s][info ][gc,marking  ] GC(49) Concurrent Preclean
[2025-04-25T20:55:31.542+0000][49.823s][info ][gc,marking  ] GC(49) Concurrent Preclean 0.337ms
[2025-04-25T20:55:31.542+0000][49.823s][debug][safepoint   ] Safepoint synchronization initiated using futex wait barrier. (28 threads)
[2025-04-25T20:55:31.542+0000][49.823s][info ][gc,start    ] GC(49) Pause Remark
[2025-04-25T20:55:31.564+0000][49.846s][info ][gc          ] GC(49) Pause Remark 118M->118M(305M) 22.172ms
[2025-04-25T20:55:31.564+0000][49.846s][info ][gc,cpu      ] GC(49) User=0.06s Sys=0.00s Real=0.02s
[2025-04-25T20:55:31.565+0000][49.846s][info ][safepoint   ] Safepoint "G1PauseRemark", Time since last: 230782121 ns, Reaching safepoint: 348482 ns, Cleanup: 23023 ns, At safepoint: 22434498 ns, Total: 22806003 ns
[2025-04-25T20:55:31.565+0000][49.846s][info ][gc,marking  ] GC(49) Concurrent Mark 229.846ms
[2025-04-25T20:55:31.565+0000][49.846s][info ][gc,marking  ] GC(49) Concurrent Rebuild Remembered Sets
[2025-04-25T20:55:31.871+0000][50.152s][info ][gc,marking  ] GC(49) Concurrent Rebuild Remembered Sets 306.316ms
[2025-04-25T20:55:31.873+0000][50.154s][debug][safepoint   ] Safepoint synchronization initiated using futex wait barrier. (28 threads)
[2025-04-25T20:55:31.873+0000][50.154s][info ][gc,start    ] GC(49) Pause Cleanup
[2025-04-25T20:55:31.874+0000][50.155s][info ][gc          ] GC(49) Pause Cleanup 138M->138M(305M) 1.135ms
[2025-04-25T20:55:31.874+0000][50.155s][info ][gc,cpu      ] GC(49) User=0.00s Sys=0.00s Real=0.00s
[2025-04-25T20:55:31.874+0000][50.155s][info ][safepoint   ] Safepoint "G1PauseCleanup", Time since last: 308116406 ns, Reaching safepoint: 54637 ns, Cleanup: 27703 ns, At safepoint: 1233926 ns, Total: 1316266 ns
[2025-04-25T20:55:31.874+0000][50.155s][info ][gc,marking  ] GC(49) Concurrent Cleanup for Next Mark
[2025-04-25T20:55:31.879+0000][50.160s][info ][gc,marking  ] GC(49) Concurrent Cleanup for Next Mark 4.711ms
[2025-04-25T20:55:31.879+0000][50.160s][info ][gc          ] GC(49) Concurrent Mark Cycle 569.977ms
[2025-04-25T20:55:32.875+0000][51.156s][debug][safepoint   ] Safepoint synchronization initiated using futex wait barrier. (31 threads)
[2025-04-25T20:55:32.877+0000][51.158s][debug][safepoint   ] ... found polling page loop exception at pc = 0x00007fd7b92b3c37, stub =0x00007fd7b898e400
[2025-04-25T20:55:32.877+0000][51.158s][info ][safepoint   ] Safepoint "Cleanup", Time since last: 1000710718 ns, Reaching safepoint: 2333791 ns, Cleanup: 75704 ns, At safepoint: 23501 ns, Total: 2432996 ns
[2025-04-25T20:55:33.570+0000][51.851s][debug][safepoint   ] Safepoint synchronization initiated using futex wait barrier. (37 threads)
[2025-04-25T20:55:33.570+0000][51.851s][info ][gc,start    ] GC(50) Pause Young (Prepare Mixed) (G1 Evacuation Pause)
[2025-04-25T20:55:33.570+0000][51.851s][info ][gc,task     ] GC(50) Using 4 workers of 4 for evacuation
[2025-04-25T20:55:33.617+0000][51.898s][info ][gc,phases   ] GC(50)   Pre Evacuate Collection Set: 0.4ms
[2025-04-25T20:55:33.617+0000][51.898s][info ][gc,phases   ] GC(50)   Merge Heap Roots: 0.6ms
[2025-04-25T20:55:33.617+0000][51.898s][info ][gc,phases   ] GC(50)   Evacuate Collection Set: 39.1ms
[2025-04-25T20:55:33.617+0000][51.898s][info ][gc,phases   ] GC(50)   Post Evacuate Collection Set: 6.6ms
[2025-04-25T20:55:33.617+0000][51.898s][info ][gc,phases   ] GC(50)   Other: 0.2ms
[2025-04-25T20:55:33.617+0000][51.898s][info ][gc,heap     ] GC(50) Eden regions: 163->0(1)
[2025-04-25T20:55:33.617+0000][51.898s][info ][gc,heap     ] GC(50) Survivor regions: 14->15(23)
[2025-04-25T20:55:33.617+0000][51.898s][info ][gc,heap     ] GC(50) Old regions: 81->85
[2025-04-25T20:55:33.617+0000][51.898s][info ][gc,heap     ] GC(50) Archive regions: 2->2
[2025-04-25T20:55:33.617+0000][51.898s][info ][gc,heap     ] GC(50) Humongous regions: 0->0
[2025-04-25T20:55:33.617+0000][51.898s][info ][gc,metaspace] GC(50) Metaspace: 107888K(108544K)->107888K(108544K) NonClass: 93873K(94208K)->93873K(94208K) Class: 14014K(14336K)->14014K(14336K)
[2025-04-25T20:55:33.617+0000][51.898s][info ][gc          ] GC(50) Pause Young (Prepare Mixed) (G1 Evacuation Pause) 258M->100M(305M) 46.981ms
[2025-04-25T20:55:33.617+0000][51.898s][info ][gc,cpu      ] GC(50) User=0.10s Sys=0.00s Real=0.04s
[2025-04-25T20:55:33.619+0000][51.900s][info ][safepoint   ] Safepoint "G1CollectForAllocation", Time since last: 692474416 ns, Reaching safepoint: 78891 ns, Cleanup: 62659 ns, At safepoint: 49034226 ns, Total: 49175776 ns
[2025-04-25T20:55:33.645+0000][51.926s][debug][safepoint   ] Safepoint synchronization initiated using futex wait barrier. (37 threads)
[2025-04-25T20:55:33.645+0000][51.926s][info ][gc,start    ] GC(51) Pause Young (Mixed) (G1 Evacuation Pause)
[2025-04-25T20:55:33.645+0000][51.926s][info ][gc,task     ] GC(51) Using 4 workers of 4 for evacuation
[2025-04-25T20:55:33.679+0000][51.960s][info ][gc,phases   ] GC(51)   Pre Evacuate Collection Set: 0.4ms
[2025-04-25T20:55:33.679+0000][51.960s][info ][gc,phases   ] GC(51)   Merge Heap Roots: 0.3ms
[2025-04-25T20:55:33.679+0000][51.960s][info ][gc,phases   ] GC(51)   Evacuate Collection Set: 29.7ms
[2025-04-25T20:55:33.679+0000][51.960s][info ][gc,phases   ] GC(51)   Post Evacuate Collection Set: 2.8ms
[2025-04-25T20:55:33.679+0000][51.960s][info ][gc,phases   ] GC(51)   Other: 0.2ms
[2025-04-25T20:55:33.679+0000][51.960s][info ][gc,heap     ] GC(51) Eden regions: 1->0(159)
[2025-04-25T20:55:33.679+0000][51.960s][info ][gc,heap     ] GC(51) Survivor regions: 15->2(2)
[2025-04-25T20:55:33.679+0000][51.960s][info ][gc,heap     ] GC(51) Old regions: 85->98
[2025-04-25T20:55:33.679+0000][51.960s][info ][gc,heap     ] GC(51) Archive regions: 2->2
[2025-04-25T20:55:33.679+0000][51.960s][info ][gc,heap     ] GC(51) Humongous regions: 0->0
[2025-04-25T20:55:33.679+0000][51.960s][info ][gc,metaspace] GC(51) Metaspace: 107893K(108544K)->107893K(108544K) NonClass: 93877K(94208K)->93877K(94208K) Class: 14015K(14336K)->14015K(14336K)
[2025-04-25T20:55:33.679+0000][51.960s][info ][gc          ] GC(51) Pause Young (Mixed) (G1 Evacuation Pause) 101M->100M(305M) 33.690ms
[2025-04-25T20:55:33.679+0000][51.960s][info ][gc,cpu      ] GC(51) User=0.09s Sys=0.01s Real=0.04s
[2025-04-25T20:55:33.680+0000][51.961s][info ][safepoint   ] Safepoint "G1CollectForAllocation", Time since last: 26089706 ns, Reaching safepoint: 116307 ns, Cleanup: 13258 ns, At safepoint: 34775716 ns, Total: 34905281 ns
[2025-04-25T20:55:34.806+0000][53.087s][debug][safepoint   ] Safepoint synchronization initiated using futex wait barrier. (38 threads)
[2025-04-25T20:55:34.807+0000][53.088s][info ][safepoint   ] Safepoint "Cleanup", Time since last: 1126423931 ns, Reaching safepoint: 114335 ns, Cleanup: 99815 ns, At safepoint: 7673 ns, Total: 221823 ns
[2025-04-25T20:55:35.307+0000][53.589s][debug][safepoint   ] Safepoint synchronization initiated using futex wait barrier. (38 threads)
[2025-04-25T20:55:35.308+0000][53.589s][info ][gc,start    ] GC(52) Pause Young (Normal) (G1 Evacuation Pause)
[2025-04-25T20:55:35.308+0000][53.589s][info ][gc,task     ] GC(52) Using 4 workers of 4 for evacuation
[2025-04-25T20:55:35.324+0000][53.605s][info ][gc,phases   ] GC(52)   Pre Evacuate Collection Set: 0.4ms
[2025-04-25T20:55:35.324+0000][53.605s][info ][gc,phases   ] GC(52)   Merge Heap Roots: 0.2ms
[2025-04-25T20:55:35.324+0000][53.605s][info ][gc,phases   ] GC(52)   Evacuate Collection Set: 9.6ms
[2025-04-25T20:55:35.324+0000][53.605s][info ][gc,phases   ] GC(52)   Post Evacuate Collection Set: 6.4ms
[2025-04-25T20:55:35.324+0000][53.605s][info ][gc,phases   ] GC(52)   Other: 0.1ms
[2025-04-25T20:55:35.324+0000][53.605s][info ][gc,heap     ] GC(52) Eden regions: 159->0(443)
[2025-04-25T20:55:35.324+0000][53.605s][info ][gc,heap     ] GC(52) Survivor regions: 2->4(21)
[2025-04-25T20:55:35.324+0000][53.605s][info ][gc,heap     ] GC(52) Old regions: 98->98
[2025-04-25T20:55:35.324+0000][53.605s][info ][gc,heap     ] GC(52) Archive regions: 2->2
[2025-04-25T20:55:35.324+0000][53.605s][info ][gc,heap     ] GC(52) Humongous regions: 0->0
[2025-04-25T20:55:35.324+0000][53.605s][info ][gc,metaspace] GC(52) Metaspace: 111713K(112384K)->111713K(112384K) NonClass: 97276K(97600K)->97276K(97600K) Class: 14436K(14784K)->14436K(14784K)
[2025-04-25T20:55:35.324+0000][53.605s][info ][gc          ] GC(52) Pause Young (Normal) (G1 Evacuation Pause) 259M->101M(746M) 16.781ms
[2025-04-25T20:55:35.324+0000][53.606s][info ][gc,cpu      ] GC(52) User=0.05s Sys=0.01s Real=0.02s
[2025-04-25T20:55:35.324+0000][53.606s][info ][safepoint   ] Safepoint "G1CollectForAllocation", Time since last: 500889364 ns, Reaching safepoint: 47433 ns, Cleanup: 135950 ns, At safepoint: 16847151 ns, Total: 17030534 ns
[2025-04-25T20:55:36.331+0000][54.612s][debug][safepoint   ] Safepoint synchronization initiated using futex wait barrier. (38 threads)
[2025-04-25T20:55:36.332+0000][54.613s][info ][safepoint   ] Safepoint "Cleanup", Time since last: 1006955059 ns, Reaching safepoint: 69135 ns, Cleanup: 140741 ns, At safepoint: 12960 ns, Total: 222836 ns
[2025-04-25T20:55:37.293+0000][55.574s][debug][safepoint   ] Safepoint synchronization initiated using futex wait barrier. (38 threads)
[2025-04-25T20:55:37.293+0000][55.574s][info ][safepoint   ] Safepoint "ICBufferFull", Time since last: 961190942 ns, Reaching safepoint: 123718 ns, Cleanup: 150309 ns, At safepoint: 8652 ns, Total: 282679 ns
[2025-04-25T20:55:38.299+0000][56.580s][debug][safepoint   ] Safepoint synchronization initiated using futex wait barrier. (40 threads)
[2025-04-25T20:55:38.299+0000][56.580s][info ][safepoint   ] Safepoint "Cleanup", Time since last: 1005603931 ns, Reaching safepoint: 120969 ns, Cleanup: 72748 ns, At safepoint: 3020 ns, Total: 196737 ns
[2025-04-25T20:55:39.803+0000][58.084s][debug][safepoint   ] Safepoint synchronization initiated using futex wait barrier. (49 threads)
[2025-04-25T20:55:39.803+0000][58.084s][info ][safepoint   ] Safepoint "Cleanup", Time since last: 1503840370 ns, Reaching safepoint: 108000 ns, Cleanup: 102957 ns, At safepoint: 3927 ns, Total: 214884 ns
[2025-04-25T20:55:40.546+0000][58.827s][debug][safepoint   ] ... found polling page loop exception at pc = 0x00007fd7b9579c0f, stub =0x00007fd7b898e400
[2025-04-25T20:55:40.744+0000][59.025s][debug][safepoint   ] Safepoint synchronization initiated using futex wait barrier. (49 threads)
[2025-04-25T20:55:40.744+0000][59.025s][info ][safepoint   ] Safepoint "ICBufferFull", Time since last: 941071637 ns, Reaching safepoint: 38120 ns, Cleanup: 84659 ns, At safepoint: 2631 ns, Total: 125410 ns
[2025-04-25T20:55:41.313+0000][59.594s][debug][safepoint   ] Safepoint synchronization initiated using futex wait barrier. (50 threads)
[2025-04-25T20:55:41.313+0000][59.594s][info ][gc,start    ] GC(53) Pause Young (Normal) (G1 Evacuation Pause)
[2025-04-25T20:55:41.313+0000][59.594s][info ][gc,task     ] GC(53) Using 4 workers of 4 for evacuation
[2025-04-25T20:55:41.341+0000][59.622s][info ][gc,phases   ] GC(53)   Pre Evacuate Collection Set: 0.1ms
[2025-04-25T20:55:41.341+0000][59.623s][info ][gc,phases   ] GC(53)   Merge Heap Roots: 0.3ms
[2025-04-25T20:55:41.341+0000][59.623s][info ][gc,phases   ] GC(53)   Evacuate Collection Set: 24.0ms
[2025-04-25T20:55:41.341+0000][59.623s][info ][gc,phases   ] GC(53)   Post Evacuate Collection Set: 3.7ms
[2025-04-25T20:55:41.341+0000][59.623s][info ][gc,phases   ] GC(53)   Other: 0.2ms
[2025-04-25T20:55:41.341+0000][59.623s][info ][gc,heap     ] GC(53) Eden regions: 443->0(432)
[2025-04-25T20:55:41.341+0000][59.623s][info ][gc,heap     ] GC(53) Survivor regions: 4->15(56)
[2025-04-25T20:55:41.341+0000][59.623s][info ][gc,heap     ] GC(53) Old regions: 98->98
[2025-04-25T20:55:41.341+0000][59.623s][info ][gc,heap     ] GC(53) Archive regions: 2->2
[2025-04-25T20:55:41.341+0000][59.623s][info ][gc,heap     ] GC(53) Humongous regions: 1->0
[2025-04-25T20:55:41.341+0000][59.623s][info ][gc,metaspace] GC(53) Metaspace: 128300K(129344K)->128300K(129344K) NonClass: 112133K(112704K)->112133K(112704K) Class: 16166K(16640K)->16166K(16640K)
[2025-04-25T20:55:41.342+0000][59.623s][info ][gc          ] GC(53) Pause Young (Normal) (G1 Evacuation Pause) 545M->112M(746M) 28.339ms
[2025-04-25T20:55:41.342+0000][59.623s][info ][gc,cpu      ] GC(53) User=0.09s Sys=0.01s Real=0.03s
[2025-04-25T20:55:41.342+0000][59.623s][info ][safepoint   ] Safepoint "G1CollectForAllocation", Time since last: 568911302 ns, Reaching safepoint: 51839 ns, Cleanup: 34336 ns, At safepoint: 28418599 ns, Total: 28504774 ns
[2025-04-25T20:55:41.992+0000][60.273s][debug][safepoint   ] ... found polling page loop exception at pc = 0x00007fd7b960bfbb, stub =0x00007fd7b898e400
[2025-04-25T20:55:42.992+0000][61.273s][debug][safepoint   ] Safepoint synchronization initiated using futex wait barrier. (54 threads)
[2025-04-25T20:55:42.992+0000][61.273s][info ][safepoint   ] Safepoint "Cleanup", Time since last: 1650383343 ns, Reaching safepoint: 42473 ns, Cleanup: 98712 ns, At safepoint: 6024 ns, Total: 147209 ns
[2025-04-25T20:55:43.992+0000][62.273s][debug][safepoint   ] Safepoint synchronization initiated using futex wait barrier. (54 threads)
[2025-04-25T20:55:43.992+0000][62.273s][info ][safepoint   ] Safepoint "Cleanup", Time since last: 1000096467 ns, Reaching safepoint: 118521 ns, Cleanup: 28849 ns, At safepoint: 4847 ns, Total: 152217 ns
[2025-04-25T20:55:44.483+0000][62.764s][debug][safepoint   ] Safepoint synchronization initiated using futex wait barrier. (54 threads)
[2025-04-25T20:55:44.483+0000][62.764s][info ][gc,start    ] GC(54) Pause Young (Normal) (G1 Evacuation Pause)
[2025-04-25T20:55:44.483+0000][62.764s][info ][gc,task     ] GC(54) Using 4 workers of 4 for evacuation
[2025-04-25T20:55:44.531+0000][62.812s][info ][gc,phases   ] GC(54)   Pre Evacuate Collection Set: 0.1ms
[2025-04-25T20:55:44.531+0000][62.812s][info ][gc,phases   ] GC(54)   Merge Heap Roots: 0.2ms
[2025-04-25T20:55:44.531+0000][62.812s][info ][gc,phases   ] GC(54)   Evacuate Collection Set: 42.2ms
[2025-04-25T20:55:44.531+0000][62.812s][info ][gc,phases   ] GC(54)   Post Evacuate Collection Set: 5.3ms
[2025-04-25T20:55:44.531+0000][62.812s][info ][gc,phases   ] GC(54)   Other: 0.1ms
[2025-04-25T20:55:44.531+0000][62.812s][info ][gc,heap     ] GC(54) Eden regions: 432->0(423)
[2025-04-25T20:55:44.531+0000][62.812s][info ][gc,heap     ] GC(54) Survivor regions: 15->24(56)
[2025-04-25T20:55:44.531+0000][62.812s][info ][gc,heap     ] GC(54) Old regions: 98->98
[2025-04-25T20:55:44.531+0000][62.812s][info ][gc,heap     ] GC(54) Archive regions: 2->2
[2025-04-25T20:55:44.531+0000][62.812s][info ][gc,heap     ] GC(54) Humongous regions: 0->0
[2025-04-25T20:55:44.531+0000][62.812s][info ][gc,metaspace] GC(54) Metaspace: 137162K(138240K)->137162K(138240K) NonClass: 120071K(120640K)->120071K(120640K) Class: 17091K(17600K)->17091K(17600K)
[2025-04-25T20:55:44.531+0000][62.812s][info ][gc          ] GC(54) Pause Young (Normal) (G1 Evacuation Pause) 544M->122M(746M) 48.099ms
[2025-04-25T20:55:44.531+0000][62.812s][info ][gc,cpu      ] GC(54) User=0.12s Sys=0.01s Real=0.05s
[2025-04-25T20:55:44.531+0000][62.812s][info ][safepoint   ] Safepoint "G1CollectForAllocation", Time since last: 490529976 ns, Reaching safepoint: 45878 ns, Cleanup: 20629 ns, At safepoint: 48243154 ns, Total: 48309661 ns
[2025-04-25T20:55:44.886+0000][63.167s][debug][safepoint   ] ... found polling page loop exception at pc = 0x00007fd7b9567933, stub =0x00007fd7b898e400
[2025-04-25T20:55:46.034+0000][64.315s][debug][safepoint   ] Safepoint synchronization initiated using futex wait barrier. (58 threads)
[2025-04-25T20:55:46.036+0000][64.317s][debug][safepoint   ] ... found polling page loop exception at pc = 0x00007fd7b955079d, stub =0x00007fd7b898e400
[2025-04-25T20:55:46.036+0000][64.317s][info ][safepoint   ] Safepoint "Cleanup", Time since last: 1502441775 ns, Reaching safepoint: 2101528 ns, Cleanup: 120232 ns, At safepoint: 14573 ns, Total: 2236333 ns
[2025-04-25T20:55:47.036+0000][65.317s][debug][safepoint   ] Safepoint synchronization initiated using futex wait barrier. (63 threads)
[2025-04-25T20:55:47.036+0000][65.317s][info ][safepoint   ] Safepoint "Cleanup", Time since last: 1000104826 ns, Reaching safepoint: 254285 ns, Cleanup: 29629 ns, At safepoint: 6404 ns, Total: 290318 ns
[2025-04-25T20:55:47.200+0000][65.481s][info ][cds,heap    ] initialize_from_archived_subgraph jdk.internal.math.FDBigInteger 0x00007fd74f14dd00
[2025-04-25T20:55:47.574+0000][65.855s][debug][safepoint   ] Safepoint synchronization initiated using futex wait barrier. (63 threads)
[2025-04-25T20:55:47.574+0000][65.855s][info ][gc,start    ] GC(55) Pause Young (Normal) (G1 Evacuation Pause)
[2025-04-25T20:55:47.574+0000][65.855s][info ][gc,task     ] GC(55) Using 4 workers of 4 for evacuation
[2025-04-25T20:55:47.611+0000][65.892s][info ][gc,phases   ] GC(55)   Pre Evacuate Collection Set: 0.2ms
[2025-04-25T20:55:47.611+0000][65.892s][info ][gc,phases   ] GC(55)   Merge Heap Roots: 0.2ms
[2025-04-25T20:55:47.611+0000][65.892s][info ][gc,phases   ] GC(55)   Evacuate Collection Set: 34.4ms
[2025-04-25T20:55:47.611+0000][65.892s][info ][gc,phases   ] GC(55)   Post Evacuate Collection Set: 2.8ms
[2025-04-25T20:55:47.611+0000][65.892s][info ][gc,phases   ] GC(55)   Other: 0.1ms
[2025-04-25T20:55:47.611+0000][65.892s][info ][gc,heap     ] GC(55) Eden regions: 423->0(411)
[2025-04-25T20:55:47.611+0000][65.892s][info ][gc,heap     ] GC(55) Survivor regions: 24->36(56)
[2025-04-25T20:55:47.611+0000][65.892s][info ][gc,heap     ] GC(55) Old regions: 98->98
[2025-04-25T20:55:47.611+0000][65.892s][info ][gc,heap     ] GC(55) Archive regions: 2->2
[2025-04-25T20:55:47.611+0000][65.892s][info ][gc,heap     ] GC(55) Humongous regions: 0->0
[2025-04-25T20:55:47.611+0000][65.892s][info ][gc,metaspace] GC(55) Metaspace: 148515K(149568K)->148515K(149568K) NonClass: 130429K(130944K)->130429K(130944K) Class: 18086K(18624K)->18086K(18624K)
[2025-04-25T20:55:47.611+0000][65.892s][info ][gc          ] GC(55) Pause Young (Normal) (G1 Evacuation Pause) 545M->133M(746M) 37.677ms
[2025-04-25T20:55:47.611+0000][65.892s][info ][gc,cpu      ] GC(55) User=0.14s Sys=0.00s Real=0.04s
[2025-04-25T20:55:47.611+0000][65.893s][info ][safepoint   ] Safepoint "G1CollectForAllocation", Time since last: 537318446 ns, Reaching safepoint: 43962 ns, Cleanup: 54503 ns, At safepoint: 37791690 ns, Total: 37890155 ns
[2025-04-25T20:55:48.842+0000][67.123s][debug][safepoint   ] Safepoint synchronization initiated using futex wait barrier. (77 threads)
[2025-04-25T20:55:48.842+0000][67.123s][info ][safepoint   ] Safepoint "Cleanup", Time since last: 1230664704 ns, Reaching safepoint: 50059 ns, Cleanup: 63901 ns, At safepoint: 5646 ns, Total: 119606 ns
[2025-04-25T20:55:49.956+0000][68.237s][debug][safepoint   ] Safepoint synchronization initiated using futex wait barrier. (77 threads)
[2025-04-25T20:55:49.956+0000][68.237s][debug][safepoint   ] ... found polling page loop exception at pc = 0x00007fd7b9454673, stub =0x00007fd7b898e400
[2025-04-25T20:55:49.956+0000][68.237s][info ][safepoint   ] Safepoint "Cleanup", Time since last: 1113537063 ns, Reaching safepoint: 153894 ns, Cleanup: 166354 ns, At safepoint: 14356 ns, Total: 334604 ns
[2025-04-25T20:55:50.568+0000][68.849s][debug][safepoint   ] Safepoint synchronization initiated using futex wait barrier. (77 threads)
[2025-04-25T20:55:50.568+0000][68.850s][info ][gc,start    ] GC(56) Pause Young (Normal) (G1 Evacuation Pause)
[2025-04-25T20:55:50.568+0000][68.850s][info ][gc,task     ] GC(56) Using 4 workers of 4 for evacuation
[2025-04-25T20:55:50.643+0000][68.924s][info ][gc,phases   ] GC(56)   Pre Evacuate Collection Set: 0.2ms
[2025-04-25T20:55:50.643+0000][68.924s][info ][gc,phases   ] GC(56)   Merge Heap Roots: 0.4ms
[2025-04-25T20:55:50.643+0000][68.924s][info ][gc,phases   ] GC(56)   Evacuate Collection Set: 69.4ms
[2025-04-25T20:55:50.643+0000][68.924s][info ][gc,phases   ] GC(56)   Post Evacuate Collection Set: 4.6ms
[2025-04-25T20:55:50.643+0000][68.924s][info ][gc,phases   ] GC(56)   Other: 0.2ms
[2025-04-25T20:55:50.643+0000][68.924s][info ][gc,heap     ] GC(56) Eden regions: 411->0(415)
[2025-04-25T20:55:50.643+0000][68.924s][info ][gc,heap     ] GC(56) Survivor regions: 36->32(56)
[2025-04-25T20:55:50.643+0000][68.924s][info ][gc,heap     ] GC(56) Old regions: 98->112
[2025-04-25T20:55:50.643+0000][68.924s][info ][gc,heap     ] GC(56) Archive regions: 2->2
[2025-04-25T20:55:50.643+0000][68.924s][info ][gc,heap     ] GC(56) Humongous regions: 0->0
[2025-04-25T20:55:50.643+0000][68.924s][info ][gc,metaspace] GC(56) Metaspace: 153152K(154240K)->153152K(154240K) NonClass: 134404K(134976K)->134404K(134976K) Class: 18747K(19264K)->18747K(19264K)
[2025-04-25T20:55:50.643+0000][68.924s][info ][gc          ] GC(56) Pause Young (Normal) (G1 Evacuation Pause) 544M->144M(746M) 74.855ms
[2025-04-25T20:55:50.643+0000][68.924s][info ][gc,cpu      ] GC(56) User=0.26s Sys=0.00s Real=0.08s
[2025-04-25T20:55:50.643+0000][68.925s][info ][safepoint   ] Safepoint "G1CollectForAllocation", Time since last: 612124512 ns, Reaching safepoint: 71050 ns, Cleanup: 62756 ns, At safepoint: 75065936 ns, Total: 75199742 ns
[2025-04-25T20:55:51.302+0000][69.583s][debug][safepoint   ] ... found polling page loop exception at pc = 0x00007fd7b8f13ccc, stub =0x00007fd7b898e400
[2025-04-25T20:55:51.994+0000][70.275s][debug][safepoint   ] Safepoint synchronization initiated using futex wait barrier. (77 threads)
[2025-04-25T20:55:51.994+0000][70.276s][info ][safepoint   ] Safepoint "Cleanup", Time since last: 1350700550 ns, Reaching safepoint: 187392 ns, Cleanup: 130082 ns, At safepoint: 4562 ns, Total: 322036 ns
[2025-04-25T20:55:53.255+0000][71.536s][debug][safepoint   ] Safepoint synchronization initiated using futex wait barrier. (82 threads)
[2025-04-25T20:55:53.255+0000][71.536s][info ][gc,start    ] GC(57) Pause Young (Normal) (G1 Evacuation Pause)
[2025-04-25T20:55:53.255+0000][71.536s][info ][gc,task     ] GC(57) Using 4 workers of 4 for evacuation
[2025-04-25T20:55:53.305+0000][71.586s][info ][gc,phases   ] GC(57)   Pre Evacuate Collection Set: 0.2ms
[2025-04-25T20:55:53.305+0000][71.586s][info ][gc,phases   ] GC(57)   Merge Heap Roots: 0.4ms
[2025-04-25T20:55:53.305+0000][71.586s][info ][gc,phases   ] GC(57)   Evacuate Collection Set: 43.8ms
[2025-04-25T20:55:53.305+0000][71.586s][info ][gc,phases   ] GC(57)   Post Evacuate Collection Set: 5.3ms
[2025-04-25T20:55:53.305+0000][71.586s][info ][gc,phases   ] GC(57)   Other: 0.2ms
[2025-04-25T20:55:53.305+0000][71.586s][info ][gc,heap     ] GC(57) Eden regions: 415->0(416)
[2025-04-25T20:55:53.305+0000][71.586s][info ][gc,heap     ] GC(57) Survivor regions: 32->31(56)
[2025-04-25T20:55:53.305+0000][71.586s][info ][gc,heap     ] GC(57) Old regions: 112->120
[2025-04-25T20:55:53.305+0000][71.586s][info ][gc,heap     ] GC(57) Archive regions: 2->2
[2025-04-25T20:55:53.305+0000][71.586s][info ][gc,heap     ] GC(57) Humongous regions: 0->0
[2025-04-25T20:55:53.305+0000][71.586s][info ][gc,metaspace] GC(57) Metaspace: 158380K(159488K)->158380K(159488K) NonClass: 138857K(139456K)->138857K(139456K) Class: 19523K(20032K)->19523K(20032K)
[2025-04-25T20:55:53.305+0000][71.586s][info ][gc          ] GC(57) Pause Young (Normal) (G1 Evacuation Pause) 559M->150M(746M) 49.914ms
[2025-04-25T20:55:53.305+0000][71.586s][info ][gc,cpu      ] GC(57) User=0.16s Sys=0.00s Real=0.05s
[2025-04-25T20:55:53.305+0000][71.586s][info ][safepoint   ] Safepoint "G1CollectForAllocation", Time since last: 1260336146 ns, Reaching safepoint: 53314 ns, Cleanup: 116628 ns, At safepoint: 50004074 ns, Total: 50174016 ns
[2025-04-25T20:55:54.965+0000][73.246s][debug][safepoint   ] Safepoint synchronization initiated using futex wait barrier. (114 threads)
[2025-04-25T20:55:54.967+0000][73.248s][info ][safepoint   ] Safepoint "ICBufferFull", Time since last: 1659885840 ns, Reaching safepoint: 2167755 ns, Cleanup: 179225 ns, At safepoint: 77910 ns, Total: 2424890 ns
[2025-04-25T20:55:55.968+0000][74.249s][debug][safepoint   ] Safepoint synchronization initiated using futex wait barrier. (172 threads)
[2025-04-25T20:55:55.970+0000][74.251s][info ][safepoint   ] Safepoint "Cleanup", Time since last: 1000324082 ns, Reaching safepoint: 2569595 ns, Cleanup: 105184 ns, At safepoint: 92876 ns, Total: 2767655 ns
[2025-04-25T20:55:56.604+0000][74.885s][debug][safepoint   ] Safepoint synchronization initiated using futex wait barrier. (194 threads)
[2025-04-25T20:55:56.605+0000][74.886s][info ][safepoint   ] Safepoint "ICBufferFull", Time since last: 633759466 ns, Reaching safepoint: 216158 ns, Cleanup: 184718 ns, At safepoint: 39763 ns, Total: 440639 ns
[2025-04-25T20:55:56.691+0000][74.972s][debug][safepoint   ] ... found polling page loop exception at pc = 0x00007fd7b26e20bc, stub =0x00007fd7b898e400
[2025-04-25T20:55:57.237+0000][75.518s][debug][safepoint   ] Safepoint synchronization initiated using futex wait barrier. (197 threads)
[2025-04-25T20:55:57.237+0000][75.518s][info ][gc,start    ] GC(58) Pause Young (Normal) (G1 Evacuation Pause)
[2025-04-25T20:55:57.237+0000][75.518s][info ][gc,task     ] GC(58) Using 4 workers of 4 for evacuation
[2025-04-25T20:55:57.323+0000][75.604s][info ][gc,phases   ] GC(58)   Pre Evacuate Collection Set: 0.2ms
[2025-04-25T20:55:57.323+0000][75.604s][info ][gc,phases   ] GC(58)   Merge Heap Roots: 0.3ms
[2025-04-25T20:55:57.323+0000][75.604s][info ][gc,phases   ] GC(58)   Evacuate Collection Set: 76.4ms
[2025-04-25T20:55:57.323+0000][75.604s][info ][gc,phases   ] GC(58)   Post Evacuate Collection Set: 8.9ms
[2025-04-25T20:55:57.323+0000][75.604s][info ][gc,phases   ] GC(58)   Other: 0.2ms
[2025-04-25T20:55:57.323+0000][75.604s][info ][gc,heap     ] GC(58) Eden regions: 416->0(417)
[2025-04-25T20:55:57.323+0000][75.604s][info ][gc,heap     ] GC(58) Survivor regions: 31->30(56)
[2025-04-25T20:55:57.323+0000][75.604s][info ][gc,heap     ] GC(58) Old regions: 120->131
[2025-04-25T20:55:57.323+0000][75.604s][info ][gc,heap     ] GC(58) Archive regions: 2->2
[2025-04-25T20:55:57.323+0000][75.604s][info ][gc,heap     ] GC(58) Humongous regions: 0->0
[2025-04-25T20:55:57.323+0000][75.604s][info ][gc,metaspace] GC(58) Metaspace: 167875K(169088K)->167875K(169088K) NonClass: 147204K(147840K)->147204K(147840K) Class: 20671K(21248K)->20671K(21248K)
[2025-04-25T20:55:57.323+0000][75.604s][info ][gc          ] GC(58) Pause Young (Normal) (G1 Evacuation Pause) 566M->161M(746M) 86.160ms
[2025-04-25T20:55:57.323+0000][75.604s][info ][gc,cpu      ] GC(58) User=0.25s Sys=0.00s Real=0.09s
[2025-04-25T20:55:57.324+0000][75.605s][info ][safepoint   ] Safepoint "G1CollectForAllocation", Time since last: 632000376 ns, Reaching safepoint: 95280 ns, Cleanup: 109332 ns, At safepoint: 86995140 ns, Total: 87199752 ns
[2025-04-25T20:55:58.046+0000][76.327s][debug][safepoint   ] Safepoint synchronization initiated using futex wait barrier. (211 threads)
[2025-04-25T20:55:58.046+0000][76.327s][debug][safepoint   ] ... found polling page loop exception at pc = 0x00007fd7b917f78e, stub =0x00007fd7b898e400
[2025-04-25T20:55:58.067+0000][76.348s][info ][safepoint   ] Safepoint "ICBufferFull", Time since last: 721967458 ns, Reaching safepoint: 568615 ns, Cleanup: 165611 ns, At safepoint: 20794696 ns, Total: 21528922 ns
[2025-04-25T20:55:58.908+0000][77.189s][debug][safepoint   ] Safepoint synchronization initiated using futex wait barrier. (219 threads)
[2025-04-25T20:55:58.908+0000][77.189s][info ][safepoint   ] Safepoint "ICBufferFull", Time since last: 840418506 ns, Reaching safepoint: 61201 ns, Cleanup: 117491 ns, At safepoint: 8239 ns, Total: 186931 ns
[2025-04-25T20:55:59.795+0000][78.076s][debug][safepoint   ] Safepoint synchronization initiated using futex wait barrier. (220 threads)
[2025-04-25T20:55:59.795+0000][78.076s][info ][gc,start    ] GC(59) Pause Young (Concurrent Start) (Metadata GC Threshold)
[2025-04-25T20:55:59.795+0000][78.076s][info ][gc,task     ] GC(59) Using 4 workers of 4 for evacuation
[2025-04-25T20:55:59.857+0000][78.138s][info ][gc,phases   ] GC(59)   Pre Evacuate Collection Set: 0.4ms
[2025-04-25T20:55:59.857+0000][78.138s][info ][gc,phases   ] GC(59)   Merge Heap Roots: 0.4ms
[2025-04-25T20:55:59.857+0000][78.138s][info ][gc,phases   ] GC(59)   Evacuate Collection Set: 57.4ms
[2025-04-25T20:55:59.857+0000][78.138s][info ][gc,phases   ] GC(59)   Post Evacuate Collection Set: 3.4ms
[2025-04-25T20:55:59.857+0000][78.138s][info ][gc,phases   ] GC(59)   Other: 0.2ms
[2025-04-25T20:55:59.857+0000][78.138s][info ][gc,heap     ] GC(59) Eden regions: 364->0(418)
[2025-04-25T20:55:59.857+0000][78.138s][info ][gc,heap     ] GC(59) Survivor regions: 30->29(56)
[2025-04-25T20:55:59.857+0000][78.138s][info ][gc,heap     ] GC(59) Old regions: 131->142
[2025-04-25T20:55:59.857+0000][78.138s][info ][gc,heap     ] GC(59) Archive regions: 2->2
[2025-04-25T20:55:59.857+0000][78.138s][info ][gc,heap     ] GC(59) Humongous regions: 18->2
[2025-04-25T20:55:59.857+0000][78.138s][info ][gc,metaspace] GC(59) Metaspace: 176144K(177280K)->176144K(177280K) NonClass: 154423K(155008K)->154423K(155008K) Class: 21720K(22272K)->21720K(22272K)
[2025-04-25T20:55:59.857+0000][78.138s][info ][gc          ] GC(59) Pause Young (Concurrent Start) (Metadata GC Threshold) 542M->172M(746M) 61.885ms
[2025-04-25T20:55:59.857+0000][78.138s][info ][gc,cpu      ] GC(59) User=0.18s Sys=0.00s Real=0.06s
[2025-04-25T20:55:59.857+0000][78.138s][info ][gc          ] GC(60) Concurrent Mark Cycle
[2025-04-25T20:55:59.857+0000][78.138s][info ][gc,marking  ] GC(60) Concurrent Clear Claimed Marks
[2025-04-25T20:55:59.857+0000][78.139s][info ][safepoint   ] Safepoint "CollectForMetadataAllocation", Time since last: 887088895 ns, Reaching safepoint: 72689 ns, Cleanup: 63484 ns, At safepoint: 62332273 ns, Total: 62468446 ns
[2025-04-25T20:55:59.857+0000][78.139s][info ][gc,marking  ] GC(60) Concurrent Clear Claimed Marks 0.377ms
[2025-04-25T20:55:59.857+0000][78.139s][info ][gc,marking  ] GC(60) Concurrent Scan Root Regions
[2025-04-25T20:55:59.898+0000][78.179s][debug][safepoint   ] Safepoint synchronization initiated using futex wait barrier. (220 threads)
[2025-04-25T20:55:59.898+0000][78.179s][info ][safepoint   ] Safepoint "CollectForMetadataAllocation", Time since last: 40659897 ns, Reaching safepoint: 74891 ns, Cleanup: 21042 ns, At safepoint: 67426 ns, Total: 163359 ns
[2025-04-25T20:55:59.957+0000][78.238s][debug][safepoint   ] Safepoint synchronization initiated using futex wait barrier. (220 threads)
[2025-04-25T20:55:59.957+0000][78.239s][info ][safepoint   ] Safepoint "CollectForMetadataAllocation", Time since last: 59103210 ns, Reaching safepoint: 67960 ns, Cleanup: 21942 ns, At safepoint: 46504 ns, Total: 136406 ns
[2025-04-25T20:55:59.985+0000][78.267s][info ][gc,marking  ] GC(60) Concurrent Scan Root Regions 127.901ms
[2025-04-25T20:55:59.985+0000][78.267s][info ][gc,marking  ] GC(60) Concurrent Mark
[2025-04-25T20:55:59.985+0000][78.267s][info ][gc,marking  ] GC(60) Concurrent Mark From Roots
[2025-04-25T20:55:59.985+0000][78.267s][info ][gc,task     ] GC(60) Using 1 workers of 1 for marking
[2025-04-25T20:55:59.998+0000][78.280s][debug][safepoint   ] Safepoint synchronization initiated using futex wait barrier. (220 threads)
[2025-04-25T20:55:59.999+0000][78.280s][info ][safepoint   ] Safepoint "CollectForMetadataAllocation", Time since last: 40953660 ns, Reaching safepoint: 87915 ns, Cleanup: 3552 ns, At safepoint: 50350 ns, Total: 141817 ns
[2025-04-25T20:56:00.098+0000][78.379s][debug][safepoint   ] Safepoint synchronization initiated using futex wait barrier. (220 threads)
[2025-04-25T20:56:00.098+0000][78.379s][info ][safepoint   ] Safepoint "CollectForMetadataAllocation", Time since last: 99224257 ns, Reaching safepoint: 304046 ns, Cleanup: 22499 ns, At safepoint: 56074 ns, Total: 382619 ns
[2025-04-25T20:56:00.156+0000][78.437s][debug][safepoint   ] Safepoint synchronization initiated using futex wait barrier. (220 threads)
[2025-04-25T20:56:00.156+0000][78.437s][info ][safepoint   ] Safepoint "CollectForMetadataAllocation", Time since last: 57994552 ns, Reaching safepoint: 137865 ns, Cleanup: 15064 ns, At safepoint: 40349 ns, Total: 193278 ns
[2025-04-25T20:56:00.200+0000][78.481s][debug][safepoint   ] Safepoint synchronization initiated using futex wait barrier. (220 threads)
[2025-04-25T20:56:00.200+0000][78.481s][info ][safepoint   ] Safepoint "CollectForMetadataAllocation", Time since last: 43218562 ns, Reaching safepoint: 85059 ns, Cleanup: 13604 ns, At safepoint: 638778 ns, Total: 737441 ns
[2025-04-25T20:56:00.300+0000][78.581s][debug][safepoint   ] Safepoint synchronization initiated using futex wait barrier. (221 threads)
[2025-04-25T20:56:00.300+0000][78.581s][debug][safepoint   ] ... found polling page loop exception at pc = 0x00007fd7b2c5c329, stub =0x00007fd7b898e400
[2025-04-25T20:56:00.301+0000][78.582s][info ][safepoint   ] Safepoint "CollectForMetadataAllocation", Time since last: 99495472 ns, Reaching safepoint: 633197 ns, Cleanup: 9925 ns, At safepoint: 59659 ns, Total: 702781 ns
[2025-04-25T20:56:00.375+0000][78.656s][info ][gc,marking  ] GC(60) Concurrent Mark From Roots 389.531ms
[2025-04-25T20:56:00.375+0000][78.656s][info ][gc,marking  ] GC(60) Concurrent Preclean
[2025-04-25T20:56:00.377+0000][78.658s][info ][gc,marking  ] GC(60) Concurrent Preclean 2.285ms
[2025-04-25T20:56:00.379+0000][78.660s][debug][safepoint   ] Safepoint synchronization initiated using futex wait barrier. (221 threads)
[2025-04-25T20:56:00.379+0000][78.660s][debug][safepoint   ] ... found polling page loop exception at pc = 0x00007fd7b2c5c535, stub =0x00007fd7b898e400
[2025-04-25T20:56:00.379+0000][78.660s][info ][gc,start    ] GC(60) Pause Remark
[2025-04-25T20:56:00.405+0000][78.686s][info ][gc          ] GC(60) Pause Remark 203M->203M(687M) 25.945ms
[2025-04-25T20:56:00.405+0000][78.686s][info ][gc,cpu      ] GC(60) User=0.07s Sys=0.01s Real=0.02s
[2025-04-25T20:56:00.409+0000][78.690s][info ][safepoint   ] Safepoint "G1PauseRemark", Time since last: 78196234 ns, Reaching safepoint: 237533 ns, Cleanup: 5399 ns, At safepoint: 29845886 ns, Total: 30088818 ns
[2025-04-25T20:56:00.411+0000][78.692s][info ][gc,marking  ] GC(60) Concurrent Mark 425.191ms
[2025-04-25T20:56:00.411+0000][78.692s][info ][gc,marking  ] GC(60) Concurrent Rebuild Remembered Sets
[2025-04-25T20:56:00.692+0000][78.973s][info ][gc,marking  ] GC(60) Concurrent Rebuild Remembered Sets 281.388ms
[2025-04-25T20:56:00.692+0000][78.973s][debug][safepoint   ] Safepoint synchronization initiated using futex wait barrier. (222 threads)
[2025-04-25T20:56:00.692+0000][78.973s][info ][gc,start    ] GC(60) Pause Cleanup
[2025-04-25T20:56:00.692+0000][78.974s][info ][gc          ] GC(60) Pause Cleanup 244M->244M(687M) 0.198ms
[2025-04-25T20:56:00.692+0000][78.974s][info ][gc,cpu      ] GC(60) User=0.00s Sys=0.00s Real=0.00s
[2025-04-25T20:56:00.693+0000][78.974s][info ][safepoint   ] Safepoint "G1PauseCleanup", Time since last: 283341912 ns, Reaching safepoint: 30524 ns, Cleanup: 47757 ns, At safepoint: 275941 ns, Total: 354222 ns
[2025-04-25T20:56:00.693+0000][78.974s][info ][gc,marking  ] GC(60) Concurrent Cleanup for Next Mark
[2025-04-25T20:56:00.699+0000][78.980s][info ][gc,marking  ] GC(60) Concurrent Cleanup for Next Mark 6.079ms
[2025-04-25T20:56:00.699+0000][78.980s][info ][gc          ] GC(60) Concurrent Mark Cycle 841.573ms
[2025-04-25T20:56:01.347+0000][79.628s][debug][safepoint   ] Safepoint synchronization initiated using futex wait barrier. (223 threads)
[2025-04-25T20:56:01.350+0000][79.631s][info ][safepoint   ] Safepoint "ICBufferFull", Time since last: 654817872 ns, Reaching safepoint: 310268 ns, Cleanup: 160929 ns, At safepoint: 1797562 ns, Total: 2268759 ns
[2025-04-25T20:56:01.352+0000][79.633s][debug][safepoint   ] Safepoint synchronization initiated using futex wait barrier. (223 threads)
[2025-04-25T20:56:01.352+0000][79.633s][info ][safepoint   ] Safepoint "ICBufferFull", Time since last: 2012599 ns, Reaching safepoint: 131811 ns, Cleanup: 9332 ns, At safepoint: 10334 ns, Total: 151477 ns
[2025-04-25T20:56:01.611+0000][79.892s][debug][safepoint   ] ... found polling page loop exception at pc = 0x00007fd7b917f8ac, stub =0x00007fd7b898e400
[2025-04-25T20:56:01.952+0000][80.233s][debug][safepoint   ] Safepoint synchronization initiated using futex wait barrier. (228 threads)
[2025-04-25T20:56:01.952+0000][80.233s][info ][safepoint   ] Safepoint "ICBufferFull", Time since last: 599878819 ns, Reaching safepoint: 75211 ns, Cleanup: 118952 ns, At safepoint: 7712 ns, Total: 201875 ns
[2025-04-25T20:56:01.952+0000][80.233s][debug][safepoint   ] Safepoint synchronization initiated using futex wait barrier. (228 threads)
[2025-04-25T20:56:01.952+0000][80.233s][info ][safepoint   ] Safepoint "ICBufferFull", Time since last: 62668 ns, Reaching safepoint: 20615 ns, Cleanup: 1309 ns, At safepoint: 3005 ns, Total: 24929 ns
[2025-04-25T20:56:02.952+0000][81.233s][debug][safepoint   ] Safepoint synchronization initiated using futex wait barrier. (228 threads)
[2025-04-25T20:56:02.952+0000][81.233s][info ][safepoint   ] Safepoint "Cleanup", Time since last: 1000083641 ns, Reaching safepoint: 72083 ns, Cleanup: 61224 ns, At safepoint: 11733 ns, Total: 145040 ns
[2025-04-25T20:56:03.952+0000][82.233s][debug][safepoint   ] Safepoint synchronization initiated using futex wait barrier. (228 threads)
[2025-04-25T20:56:03.952+0000][82.233s][info ][safepoint   ] Safepoint "Cleanup", Time since last: 1000104686 ns, Reaching safepoint: 83933 ns, Cleanup: 17417 ns, At safepoint: 3908 ns, Total: 105258 ns
[2025-04-25T20:56:04.953+0000][83.234s][debug][safepoint   ] Safepoint synchronization initiated using futex wait barrier. (228 threads)
[2025-04-25T20:56:04.953+0000][83.234s][info ][safepoint   ] Safepoint "Cleanup", Time since last: 1000134977 ns, Reaching safepoint: 167528 ns, Cleanup: 60195 ns, At safepoint: 13016 ns, Total: 240739 ns
[2025-04-25T20:56:05.953+0000][84.234s][debug][safepoint   ] Safepoint synchronization initiated using futex wait barrier. (229 threads)
[2025-04-25T20:56:05.953+0000][84.234s][info ][safepoint   ] Safepoint "Cleanup", Time since last: 1000202690 ns, Reaching safepoint: 114444 ns, Cleanup: 60843 ns, At safepoint: 13644 ns, Total: 188931 ns
[2025-04-25T20:56:06.953+0000][85.234s][debug][safepoint   ] Safepoint synchronization initiated using futex wait barrier. (229 threads)
[2025-04-25T20:56:06.954+0000][85.235s][info ][safepoint   ] Safepoint "Cleanup", Time since last: 1000161036 ns, Reaching safepoint: 168961 ns, Cleanup: 58420 ns, At safepoint: 20329 ns, Total: 247710 ns
[2025-04-25T20:56:07.954+0000][86.235s][debug][safepoint   ] Safepoint synchronization initiated using futex wait barrier. (229 threads)
[2025-04-25T20:56:07.954+0000][86.235s][info ][safepoint   ] Safepoint "Cleanup", Time since last: 1000185095 ns, Reaching safepoint: 43624 ns, Cleanup: 33940 ns, At safepoint: 3968 ns, Total: 81532 ns
[2025-04-25T20:56:08.954+0000][87.235s][debug][safepoint   ] Safepoint synchronization initiated using futex wait barrier. (228 threads)
[2025-04-25T20:56:08.954+0000][87.235s][info ][safepoint   ] Safepoint "Cleanup", Time since last: 1000114619 ns, Reaching safepoint: 146367 ns, Cleanup: 56263 ns, At safepoint: 27586 ns, Total: 230216 ns
[2025-04-25T20:56:10.954+0000][89.236s][debug][safepoint   ] Safepoint synchronization initiated using futex wait barrier. (228 threads)
[2025-04-25T20:56:10.955+0000][89.236s][info ][safepoint   ] Safepoint "Cleanup", Time since last: 2000289270 ns, Reaching safepoint: 108138 ns, Cleanup: 52215 ns, At safepoint: 10750 ns, Total: 171103 ns
[2025-04-25T20:56:11.955+0000][90.236s][debug][safepoint   ] Safepoint synchronization initiated using futex wait barrier. (228 threads)
[2025-04-25T20:56:11.955+0000][90.236s][info ][safepoint   ] Safepoint "Cleanup", Time since last: 1000205914 ns, Reaching safepoint: 166398 ns, Cleanup: 43322 ns, At safepoint: 18894 ns, Total: 228614 ns
[2025-04-25T20:56:12.955+0000][91.236s][debug][safepoint   ] Safepoint synchronization initiated using futex wait barrier. (228 threads)
[2025-04-25T20:56:12.955+0000][91.236s][info ][safepoint   ] Safepoint "Cleanup", Time since last: 1000169877 ns, Reaching safepoint: 113127 ns, Cleanup: 30089 ns, At safepoint: 10257 ns, Total: 153473 ns
[2025-04-25T20:56:13.956+0000][92.237s][debug][safepoint   ] Safepoint synchronization initiated using futex wait barrier. (228 threads)
[2025-04-25T20:56:13.956+0000][92.237s][info ][safepoint   ] Safepoint "Cleanup", Time since last: 1000171014 ns, Reaching safepoint: 81983 ns, Cleanup: 17291 ns, At safepoint: 7530 ns, Total: 106804 ns
[2025-04-25T20:56:14.956+0000][93.237s][debug][safepoint   ] Safepoint synchronization initiated using futex wait barrier. (228 threads)
[2025-04-25T20:56:14.956+0000][93.237s][info ][safepoint   ] Safepoint "Cleanup", Time since last: 1000094878 ns, Reaching safepoint: 90767 ns, Cleanup: 26641 ns, At safepoint: 9758 ns, Total: 127166 ns
[2025-04-25T20:56:15.957+0000][94.238s][debug][safepoint   ] Safepoint synchronization initiated using futex wait barrier. (228 threads)
[2025-04-25T20:56:15.957+0000][94.238s][info ][safepoint   ] Safepoint "Cleanup", Time since last: 1000782320 ns, Reaching safepoint: 224967 ns, Cleanup: 69919 ns, At safepoint: 23364 ns, Total: 318250 ns
[2025-04-25T20:56:16.957+0000][95.238s][debug][safepoint   ] Safepoint synchronization initiated using futex wait barrier. (228 threads)
[2025-04-25T20:56:16.957+0000][95.238s][info ][safepoint   ] Safepoint "Cleanup", Time since last: 1000155644 ns, Reaching safepoint: 165122 ns, Cleanup: 49366 ns, At safepoint: 19843 ns, Total: 234331 ns
[2025-04-25T20:56:17.958+0000][96.239s][debug][safepoint   ] Safepoint synchronization initiated using futex wait barrier. (228 threads)
[2025-04-25T20:56:17.958+0000][96.239s][info ][safepoint   ] Safepoint "Cleanup", Time since last: 1000285538 ns, Reaching safepoint: 205777 ns, Cleanup: 77802 ns, At safepoint: 22907 ns, Total: 306486 ns
[2025-04-25T20:56:18.958+0000][97.239s][debug][safepoint   ] Safepoint synchronization initiated using futex wait barrier. (228 threads)
[2025-04-25T20:56:18.958+0000][97.240s][info ][safepoint   ] Safepoint "Cleanup", Time since last: 1000181523 ns, Reaching safepoint: 201334 ns, Cleanup: 71407 ns, At safepoint: 24290 ns, Total: 297031 ns
[2025-04-25T20:56:19.959+0000][98.240s][debug][safepoint   ] Safepoint synchronization initiated using futex wait barrier. (228 threads)
[2025-04-25T20:56:19.959+0000][98.240s][info ][safepoint   ] Safepoint "Cleanup", Time since last: 1000219462 ns, Reaching safepoint: 152805 ns, Cleanup: 48587 ns, At safepoint: 15818 ns, Total: 217210 ns
[2025-04-25T20:56:21.959+0000][100.240s][debug][safepoint   ] Safepoint synchronization initiated using futex wait barrier. (228 threads)
[2025-04-25T20:56:21.960+0000][100.241s][info ][safepoint   ] Safepoint "Cleanup", Time since last: 2000269748 ns, Reaching safepoint: 218971 ns, Cleanup: 99469 ns, At safepoint: 48259 ns, Total: 366699 ns
[2025-04-25T20:56:22.960+0000][101.241s][debug][safepoint   ] Safepoint synchronization initiated using futex wait barrier. (228 threads)
[2025-04-25T20:56:22.960+0000][101.241s][info ][safepoint   ] Safepoint "Cleanup", Time since last: 1000224438 ns, Reaching safepoint: 157106 ns, Cleanup: 29014 ns, At safepoint: 19517 ns, Total: 205637 ns
[2025-04-25T20:56:23.960+0000][102.241s][debug][safepoint   ] Safepoint synchronization initiated using futex wait barrier. (228 threads)
[2025-04-25T20:56:23.960+0000][102.242s][info ][safepoint   ] Safepoint "Cleanup", Time since last: 1000245270 ns, Reaching safepoint: 166490 ns, Cleanup: 44351 ns, At safepoint: 21624 ns, Total: 232465 ns
[2025-04-25T20:56:24.961+0000][103.242s][debug][safepoint   ] Safepoint synchronization initiated using futex wait barrier. (228 threads)
[2025-04-25T20:56:24.961+0000][103.242s][info ][safepoint   ] Safepoint "Cleanup", Time since last: 1000148610 ns, Reaching safepoint: 203498 ns, Cleanup: 39971 ns, At safepoint: 19965 ns, Total: 263434 ns
[2025-04-25T20:56:26.961+0000][105.242s][debug][safepoint   ] Safepoint synchronization initiated using futex wait barrier. (228 threads)
[2025-04-25T20:56:26.961+0000][105.242s][info ][safepoint   ] Safepoint "Cleanup", Time since last: 2000304480 ns, Reaching safepoint: 71493 ns, Cleanup: 16702 ns, At safepoint: 8572 ns, Total: 96767 ns
[2025-04-25T20:56:27.961+0000][106.242s][debug][safepoint   ] Safepoint synchronization initiated using futex wait barrier. (228 threads)
[2025-04-25T20:56:27.961+0000][106.243s][info ][safepoint   ] Safepoint "Cleanup", Time since last: 1000127429 ns, Reaching safepoint: 75193 ns, Cleanup: 19493 ns, At safepoint: 12497 ns, Total: 107183 ns
[2025-04-25T20:56:28.962+0000][107.243s][debug][safepoint   ] Safepoint synchronization initiated using futex wait barrier. (228 threads)
[2025-04-25T20:56:28.962+0000][107.243s][info ][safepoint   ] Safepoint "Cleanup", Time since last: 1000155857 ns, Reaching safepoint: 50669 ns, Cleanup: 12441 ns, At safepoint: 4118 ns, Total: 67228 ns
[2025-04-25T20:56:29.962+0000][108.243s][debug][safepoint   ] Safepoint synchronization initiated using futex wait barrier. (228 threads)
[2025-04-25T20:56:29.962+0000][108.243s][info ][safepoint   ] Safepoint "Cleanup", Time since last: 1000139729 ns, Reaching safepoint: 169196 ns, Cleanup: 35769 ns, At safepoint: 16531 ns, Total: 221496 ns
[2025-04-25T20:56:30.962+0000][109.243s][debug][safepoint   ] Safepoint synchronization initiated using futex wait barrier. (228 threads)
[2025-04-25T20:56:30.963+0000][109.244s][info ][safepoint   ] Safepoint "Cleanup", Time since last: 1000307397 ns, Reaching safepoint: 276627 ns, Cleanup: 45555 ns, At safepoint: 56227 ns, Total: 378409 ns
[2025-04-25T20:56:31.963+0000][110.244s][debug][safepoint   ] Safepoint synchronization initiated using futex wait barrier. (228 threads)
[2025-04-25T20:56:31.963+0000][110.244s][info ][safepoint   ] Safepoint "Cleanup", Time since last: 1000373916 ns, Reaching safepoint: 170248 ns, Cleanup: 34685 ns, At safepoint: 20927 ns, Total: 225860 ns
[2025-04-25T20:56:32.964+0000][111.245s][debug][safepoint   ] Safepoint synchronization initiated using futex wait barrier. (228 threads)
[2025-04-25T20:56:32.964+0000][111.245s][info ][safepoint   ] Safepoint "Cleanup", Time since last: 1000299986 ns, Reaching safepoint: 235996 ns, Cleanup: 55351 ns, At safepoint: 37875 ns, Total: 329222 ns
[2025-04-25T20:56:33.964+0000][112.245s][debug][safepoint   ] Safepoint synchronization initiated using futex wait barrier. (228 threads)
[2025-04-25T20:56:33.965+0000][112.246s][info ][safepoint   ] Safepoint "Cleanup", Time since last: 1000339242 ns, Reaching safepoint: 298075 ns, Cleanup: 42222 ns, At safepoint: 32234 ns, Total: 372531 ns
[2025-04-25T20:56:34.965+0000][113.246s][debug][safepoint   ] Safepoint synchronization initiated using futex wait barrier. (228 threads)
[2025-04-25T20:56:34.965+0000][113.246s][info ][safepoint   ] Safepoint "Cleanup", Time since last: 1000203853 ns, Reaching safepoint: 139648 ns, Cleanup: 32093 ns, At safepoint: 14353 ns, Total: 186094 ns
[2025-04-25T20:56:35.965+0000][114.246s][debug][safepoint   ] Safepoint synchronization initiated using futex wait barrier. (228 threads)
[2025-04-25T20:56:35.965+0000][114.247s][info ][safepoint   ] Safepoint "Cleanup", Time since last: 1000204766 ns, Reaching safepoint: 128493 ns, Cleanup: 51636 ns, At safepoint: 15921 ns, Total: 196050 ns
[2025-04-25T20:56:36.966+0000][115.247s][debug][safepoint   ] Safepoint synchronization initiated using futex wait barrier. (228 threads)
[2025-04-25T20:56:36.966+0000][115.247s][info ][safepoint   ] Safepoint "Cleanup", Time since last: 1000288494 ns, Reaching safepoint: 191883 ns, Cleanup: 39972 ns, At safepoint: 19360 ns, Total: 251215 ns
[2025-04-25T20:56:37.966+0000][116.247s][debug][safepoint   ] Safepoint synchronization initiated using futex wait barrier. (228 threads)
[2025-04-25T20:56:37.966+0000][116.248s][info ][safepoint   ] Safepoint "Cleanup", Time since last: 1000150923 ns, Reaching safepoint: 218618 ns, Cleanup: 40309 ns, At safepoint: 26149 ns, Total: 285076 ns
[2025-04-25T20:56:38.967+0000][117.248s][debug][safepoint   ] Safepoint synchronization initiated using futex wait barrier. (228 threads)
[2025-04-25T20:56:38.967+0000][117.248s][info ][safepoint   ] Safepoint "Cleanup", Time since last: 1000238093 ns, Reaching safepoint: 215816 ns, Cleanup: 91497 ns, At safepoint: 22404 ns, Total: 329717 ns
[2025-04-25T20:56:39.967+0000][118.248s][debug][safepoint   ] Safepoint synchronization initiated using futex wait barrier. (228 threads)
[2025-04-25T20:56:39.968+0000][118.249s][info ][safepoint   ] Safepoint "Cleanup", Time since last: 1000201475 ns, Reaching safepoint: 217234 ns, Cleanup: 44827 ns, At safepoint: 73850 ns, Total: 335911 ns
[2025-04-25T20:56:40.968+0000][119.249s][debug][safepoint   ] Safepoint synchronization initiated using futex wait barrier. (228 threads)
[2025-04-25T20:56:40.968+0000][119.249s][info ][safepoint   ] Safepoint "Cleanup", Time since last: 1000261958 ns, Reaching safepoint: 254098 ns, Cleanup: 61464 ns, At safepoint: 27503 ns, Total: 343065 ns
[2025-04-25T20:56:43.071+0000][121.352s][debug][safepoint   ] Safepoint synchronization initiated using futex wait barrier. (228 threads)
[2025-04-25T20:56:43.071+0000][121.352s][info ][safepoint   ] Safepoint "Cleanup", Time since last: 2102753746 ns, Reaching safepoint: 160156 ns, Cleanup: 29205 ns, At safepoint: 17477 ns, Total: 206838 ns
[2025-04-25T20:56:44.071+0000][122.352s][debug][safepoint   ] Safepoint synchronization initiated using futex wait barrier. (227 threads)
[2025-04-25T20:56:44.072+0000][122.353s][info ][safepoint   ] Safepoint "Cleanup", Time since last: 1000249155 ns, Reaching safepoint: 290510 ns, Cleanup: 37648 ns, At safepoint: 24813 ns, Total: 352971 ns
[2025-04-25T20:56:45.072+0000][123.353s][debug][safepoint   ] Safepoint synchronization initiated using futex wait barrier. (227 threads)
[2025-04-25T20:56:45.072+0000][123.353s][info ][safepoint   ] Safepoint "Cleanup", Time since last: 1000217038 ns, Reaching safepoint: 163924 ns, Cleanup: 70396 ns, At safepoint: 26269 ns, Total: 260589 ns
[2025-04-25T20:56:46.072+0000][124.354s][debug][safepoint   ] Safepoint synchronization initiated using futex wait barrier. (227 threads)
[2025-04-25T20:56:46.073+0000][124.354s][info ][safepoint   ] Safepoint "Cleanup", Time since last: 1000201494 ns, Reaching safepoint: 244418 ns, Cleanup: 45067 ns, At safepoint: 22150 ns, Total: 311635 ns
[2025-04-25T20:56:47.073+0000][125.354s][debug][safepoint   ] Safepoint synchronization initiated using futex wait barrier. (227 threads)
[2025-04-25T20:56:47.073+0000][125.354s][info ][safepoint   ] Safepoint "Cleanup", Time since last: 1000207866 ns, Reaching safepoint: 156537 ns, Cleanup: 28479 ns, At safepoint: 21610 ns, Total: 206626 ns
[2025-04-25T20:56:48.073+0000][126.354s][debug][safepoint   ] Safepoint synchronization initiated using futex wait barrier. (227 threads)
[2025-04-25T20:56:48.074+0000][126.355s][info ][safepoint   ] Safepoint "Cleanup", Time since last: 1000186591 ns, Reaching safepoint: 204074 ns, Cleanup: 104400 ns, At safepoint: 27449 ns, Total: 335923 ns
[2025-04-25T20:56:49.074+0000][127.355s][debug][safepoint   ] Safepoint synchronization initiated using futex wait barrier. (227 threads)
[2025-04-25T20:56:49.074+0000][127.355s][info ][safepoint   ] Safepoint "Cleanup", Time since last: 1000251049 ns, Reaching safepoint: 215832 ns, Cleanup: 33996 ns, At safepoint: 24189 ns, Total: 274017 ns
[2025-04-25T20:56:50.074+0000][128.355s][debug][safepoint   ] Safepoint synchronization initiated using futex wait barrier. (227 threads)
[2025-04-25T20:56:50.074+0000][128.356s][info ][safepoint   ] Safepoint "Cleanup", Time since last: 1000188382 ns, Reaching safepoint: 87350 ns, Cleanup: 12480 ns, At safepoint: 4945 ns, Total: 104775 ns
[2025-04-25T20:56:51.075+0000][129.356s][debug][safepoint   ] Safepoint synchronization initiated using futex wait barrier. (227 threads)
[2025-04-25T20:56:51.075+0000][129.356s][info ][safepoint   ] Safepoint "Cleanup", Time since last: 1000140274 ns, Reaching safepoint: 125628 ns, Cleanup: 21327 ns, At safepoint: 12468 ns, Total: 159423 ns
[2025-04-25T20:56:52.075+0000][130.356s][debug][safepoint   ] Safepoint synchronization initiated using futex wait barrier. (227 threads)
[2025-04-25T20:56:52.075+0000][130.356s][info ][safepoint   ] Safepoint "Cleanup", Time since last: 1000190425 ns, Reaching safepoint: 216745 ns, Cleanup: 52764 ns, At safepoint: 22020 ns, Total: 291529 ns
[2025-04-25T20:56:53.075+0000][131.357s][debug][safepoint   ] Safepoint synchronization initiated using futex wait barrier. (227 threads)
[2025-04-25T20:56:53.076+0000][131.357s][info ][safepoint   ] Safepoint "Cleanup", Time since last: 1000215537 ns, Reaching safepoint: 218740 ns, Cleanup: 66839 ns, At safepoint: 21113 ns, Total: 306692 ns
[2025-04-25T20:56:54.076+0000][132.357s][debug][safepoint   ] Safepoint synchronization initiated using futex wait barrier. (227 threads)
[2025-04-25T20:56:54.076+0000][132.357s][info ][safepoint   ] Safepoint "Cleanup", Time since last: 1000228259 ns, Reaching safepoint: 214630 ns, Cleanup: 80479 ns, At safepoint: 30424 ns, Total: 325533 ns
[2025-04-25T20:56:54.183+0000][132.464s][debug][safepoint   ] Safepoint synchronization initiated using futex wait barrier. (227 threads)
[2025-04-25T20:56:54.183+0000][132.464s][info ][safepoint   ] Safepoint "ICBufferFull", Time since last: 106300760 ns, Reaching safepoint: 65526 ns, Cleanup: 169288 ns, At safepoint: 7865 ns, Total: 242679 ns
[2025-04-25T20:56:55.183+0000][133.464s][debug][safepoint   ] Safepoint synchronization initiated using futex wait barrier. (225 threads)
[2025-04-25T20:56:55.183+0000][133.465s][info ][safepoint   ] Safepoint "Cleanup", Time since last: 1000178862 ns, Reaching safepoint: 209610 ns, Cleanup: 202206 ns, At safepoint: 34543 ns, Total: 446359 ns
[2025-04-25T20:56:56.184+0000][134.465s][debug][safepoint   ] Safepoint synchronization initiated using futex wait barrier. (222 threads)
[2025-04-25T20:56:56.184+0000][134.465s][info ][safepoint   ] Safepoint "Cleanup", Time since last: 1000281950 ns, Reaching safepoint: 179924 ns, Cleanup: 41432 ns, At safepoint: 22672 ns, Total: 244028 ns
[2025-04-25T20:56:57.184+0000][135.465s][debug][safepoint   ] Safepoint synchronization initiated using futex wait barrier. (221 threads)
[2025-04-25T20:56:57.184+0000][135.465s][info ][safepoint   ] Safepoint "Cleanup", Time since last: 1000210560 ns, Reaching safepoint: 72116 ns, Cleanup: 23067 ns, At safepoint: 5549 ns, Total: 100732 ns
[2025-04-25T20:56:58.184+0000][136.466s][debug][safepoint   ] Safepoint synchronization initiated using futex wait barrier. (220 threads)
[2025-04-25T20:56:58.185+0000][136.466s][info ][safepoint   ] Safepoint "Cleanup", Time since last: 1000103303 ns, Reaching safepoint: 429261 ns, Cleanup: 35581 ns, At safepoint: 9877 ns, Total: 474719 ns
[2025-04-25T20:56:59.186+0000][137.467s][debug][safepoint   ] Safepoint synchronization initiated using futex wait barrier. (220 threads)
[2025-04-25T20:56:59.186+0000][137.467s][info ][safepoint   ] Safepoint "Cleanup", Time since last: 1000638980 ns, Reaching safepoint: 55808 ns, Cleanup: 22096 ns, At safepoint: 3915 ns, Total: 81819 ns
[2025-04-25T20:57:00.186+0000][138.467s][debug][safepoint   ] Safepoint synchronization initiated using futex wait barrier. (219 threads)
[2025-04-25T20:57:00.186+0000][138.467s][info ][safepoint   ] Safepoint "Cleanup", Time since last: 1000166439 ns, Reaching safepoint: 278016 ns, Cleanup: 61254 ns, At safepoint: 32867 ns, Total: 372137 ns
[2025-04-25T20:57:01.186+0000][139.468s][debug][safepoint   ] Safepoint synchronization initiated using futex wait barrier. (219 threads)
[2025-04-25T20:57:01.187+0000][139.468s][info ][safepoint   ] Safepoint "Cleanup", Time since last: 1000270984 ns, Reaching safepoint: 236102 ns, Cleanup: 35689 ns, At safepoint: 20668 ns, Total: 292459 ns
[2025-04-25T20:57:02.187+0000][140.468s][debug][safepoint   ] Safepoint synchronization initiated using futex wait barrier. (215 threads)
[2025-04-25T20:57:02.187+0000][140.468s][info ][safepoint   ] Safepoint "Cleanup", Time since last: 1000183696 ns, Reaching safepoint: 154764 ns, Cleanup: 38637 ns, At safepoint: 17164 ns, Total: 210565 ns
[2025-04-25T20:57:03.187+0000][141.468s][debug][safepoint   ] Safepoint synchronization initiated using futex wait barrier. (214 threads)
[2025-04-25T20:57:03.187+0000][141.468s][info ][safepoint   ] Safepoint "Cleanup", Time since last: 1000108220 ns, Reaching safepoint: 53539 ns, Cleanup: 12007 ns, At safepoint: 3021 ns, Total: 68567 ns
[2025-04-25T20:57:04.187+0000][142.469s][debug][safepoint   ] Safepoint synchronization initiated using futex wait barrier. (214 threads)
[2025-04-25T20:57:04.188+0000][142.469s][info ][safepoint   ] Safepoint "Cleanup", Time since last: 1000131673 ns, Reaching safepoint: 184755 ns, Cleanup: 54108 ns, At safepoint: 18906 ns, Total: 257769 ns
[2025-04-25T20:57:05.188+0000][143.469s][debug][safepoint   ] Safepoint synchronization initiated using futex wait barrier. (214 threads)
[2025-04-25T20:57:05.188+0000][143.469s][info ][safepoint   ] Safepoint "Cleanup", Time since last: 1000138436 ns, Reaching safepoint: 68776 ns, Cleanup: 13965 ns, At safepoint: 5776 ns, Total: 88517 ns
[2025-04-25T20:57:06.188+0000][144.469s][debug][safepoint   ] Safepoint synchronization initiated using futex wait barrier. (214 threads)
[2025-04-25T20:57:06.188+0000][144.470s][info ][safepoint   ] Safepoint "Cleanup", Time since last: 1000175572 ns, Reaching safepoint: 215535 ns, Cleanup: 94208 ns, At safepoint: 22362 ns, Total: 332105 ns
[2025-04-25T20:57:07.189+0000][145.470s][debug][safepoint   ] Safepoint synchronization initiated using futex wait barrier. (214 threads)
[2025-04-25T20:57:07.189+0000][145.470s][info ][safepoint   ] Safepoint "Cleanup", Time since last: 1000269900 ns, Reaching safepoint: 386203 ns, Cleanup: 36947 ns, At safepoint: 33834 ns, Total: 456984 ns
[2025-04-25T20:57:08.189+0000][146.471s][debug][safepoint   ] Safepoint synchronization initiated using futex wait barrier. (214 threads)
[2025-04-25T20:57:08.190+0000][146.471s][info ][safepoint   ] Safepoint "Cleanup", Time since last: 1000246525 ns, Reaching safepoint: 175522 ns, Cleanup: 74103 ns, At safepoint: 24156 ns, Total: 273781 ns
[2025-04-25T20:57:09.190+0000][147.471s][debug][safepoint   ] Safepoint synchronization initiated using futex wait barrier. (214 threads)
[2025-04-25T20:57:09.190+0000][147.471s][info ][safepoint   ] Safepoint "Cleanup", Time since last: 1000185402 ns, Reaching safepoint: 209071 ns, Cleanup: 113740 ns, At safepoint: 99242 ns, Total: 422053 ns
[2025-04-25T20:57:10.191+0000][148.472s][debug][safepoint   ] Safepoint synchronization initiated using futex wait barrier. (214 threads)
[2025-04-25T20:57:10.191+0000][148.472s][info ][safepoint   ] Safepoint "Cleanup", Time since last: 1000235654 ns, Reaching safepoint: 247714 ns, Cleanup: 36819 ns, At safepoint: 17446 ns, Total: 301979 ns
[2025-04-25T20:57:11.191+0000][149.472s][debug][safepoint   ] Safepoint synchronization initiated using futex wait barrier. (214 threads)
[2025-04-25T20:57:11.191+0000][149.472s][info ][safepoint   ] Safepoint "Cleanup", Time since last: 1000120912 ns, Reaching safepoint: 51315 ns, Cleanup: 19525 ns, At safepoint: 4973 ns, Total: 75813 ns
[2025-04-25T20:57:12.191+0000][150.472s][debug][safepoint   ] Safepoint synchronization initiated using futex wait barrier. (214 threads)
[2025-04-25T20:57:12.191+0000][150.472s][info ][safepoint   ] Safepoint "Cleanup", Time since last: 1000175033 ns, Reaching safepoint: 52571 ns, Cleanup: 12235 ns, At safepoint: 5148 ns, Total: 69954 ns
[2025-04-25T20:57:14.191+0000][152.473s][debug][safepoint   ] Safepoint synchronization initiated using futex wait barrier. (214 threads)
[2025-04-25T20:57:14.192+0000][152.473s][info ][safepoint   ] Safepoint "Cleanup", Time since last: 2000237535 ns, Reaching safepoint: 92150 ns, Cleanup: 13227 ns, At safepoint: 6504 ns, Total: 111881 ns
[2025-04-25T20:57:17.192+0000][155.473s][debug][safepoint   ] Safepoint synchronization initiated using futex wait barrier. (214 threads)
[2025-04-25T20:57:17.192+0000][155.473s][info ][safepoint   ] Safepoint "Cleanup", Time since last: 3000412956 ns, Reaching safepoint: 183086 ns, Cleanup: 33074 ns, At safepoint: 21268 ns, Total: 237428 ns
[2025-04-25T20:57:18.193+0000][156.474s][debug][safepoint   ] Safepoint synchronization initiated using futex wait barrier. (214 threads)
[2025-04-25T20:57:18.193+0000][156.474s][info ][safepoint   ] Safepoint "Cleanup", Time since last: 1000247721 ns, Reaching safepoint: 331029 ns, Cleanup: 39090 ns, At safepoint: 48271 ns, Total: 418390 ns
[2025-04-25T20:57:21.194+0000][159.475s][debug][safepoint   ] Safepoint synchronization initiated using futex wait barrier. (214 threads)
[2025-04-25T20:57:21.194+0000][159.475s][info ][safepoint   ] Safepoint "Cleanup", Time since last: 3000684096 ns, Reaching safepoint: 194479 ns, Cleanup: 52399 ns, At safepoint: 48438 ns, Total: 295316 ns
[2025-04-25T20:57:22.194+0000][160.475s][debug][safepoint   ] Safepoint synchronization initiated using futex wait barrier. (214 threads)
[2025-04-25T20:57:22.194+0000][160.475s][info ][safepoint   ] Safepoint "Cleanup", Time since last: 1000258374 ns, Reaching safepoint: 176679 ns, Cleanup: 28318 ns, At safepoint: 21635 ns, Total: 226632 ns
[2025-04-25T20:57:23.195+0000][161.476s][debug][safepoint   ] Safepoint synchronization initiated using futex wait barrier. (214 threads)
[2025-04-25T20:57:23.195+0000][161.476s][info ][safepoint   ] Safepoint "Cleanup", Time since last: 1000259733 ns, Reaching safepoint: 44195 ns, Cleanup: 10151 ns, At safepoint: 4173 ns, Total: 58519 ns
[2025-04-25T20:57:24.195+0000][162.476s][debug][safepoint   ] Safepoint synchronization initiated using futex wait barrier. (214 threads)
[2025-04-25T20:57:24.195+0000][162.476s][info ][safepoint   ] Safepoint "Cleanup", Time since last: 1000206366 ns, Reaching safepoint: 272285 ns, Cleanup: 37126 ns, At safepoint: 28433 ns, Total: 337844 ns
[2025-04-25T20:57:25.196+0000][163.477s][debug][safepoint   ] Safepoint synchronization initiated using futex wait barrier. (214 threads)
[2025-04-25T20:57:25.196+0000][163.477s][info ][safepoint   ] Safepoint "Cleanup", Time since last: 1000272264 ns, Reaching safepoint: 186304 ns, Cleanup: 48330 ns, At safepoint: 17427 ns, Total: 252061 ns
[2025-04-25T20:57:27.196+0000][165.477s][debug][safepoint   ] Safepoint synchronization initiated using futex wait barrier. (214 threads)
[2025-04-25T20:57:27.196+0000][165.477s][info ][safepoint   ] Safepoint "Cleanup", Time since last: 2000261344 ns, Reaching safepoint: 84206 ns, Cleanup: 39315 ns, At safepoint: 8928 ns, Total: 132449 ns
[2025-04-25T20:57:28.196+0000][166.477s][debug][safepoint   ] Safepoint synchronization initiated using futex wait barrier. (214 threads)
[2025-04-25T20:57:28.196+0000][166.478s][info ][safepoint   ] Safepoint "Cleanup", Time since last: 1000170809 ns, Reaching safepoint: 89716 ns, Cleanup: 21590 ns, At safepoint: 13314 ns, Total: 124620 ns
[2025-04-25T20:57:29.197+0000][167.478s][debug][safepoint   ] Safepoint synchronization initiated using futex wait barrier. (214 threads)
[2025-04-25T20:57:29.197+0000][167.478s][info ][safepoint   ] Safepoint "Cleanup", Time since last: 1000239167 ns, Reaching safepoint: 171499 ns, Cleanup: 29942 ns, At safepoint: 20797 ns, Total: 222238 ns
[2025-04-25T20:57:31.197+0000][169.478s][debug][safepoint   ] Safepoint synchronization initiated using futex wait barrier. (214 threads)
[2025-04-25T20:57:31.198+0000][169.479s][info ][safepoint   ] Safepoint "Cleanup", Time since last: 2000363197 ns, Reaching safepoint: 159206 ns, Cleanup: 40103 ns, At safepoint: 18863 ns, Total: 218172 ns
[2025-04-25T20:57:32.198+0000][170.479s][debug][safepoint   ] Safepoint synchronization initiated using futex wait barrier. (214 threads)
[2025-04-25T20:57:32.198+0000][170.479s][info ][safepoint   ] Safepoint "Cleanup", Time since last: 1000214174 ns, Reaching safepoint: 156605 ns, Cleanup: 40758 ns, At safepoint: 17493 ns, Total: 214856 ns
[2025-04-25T20:57:34.198+0000][172.479s][debug][safepoint   ] Safepoint synchronization initiated using futex wait barrier. (214 threads)
[2025-04-25T20:57:34.198+0000][172.480s][info ][safepoint   ] Safepoint "Cleanup", Time since last: 2000340166 ns, Reaching safepoint: 164566 ns, Cleanup: 34839 ns, At safepoint: 19363 ns, Total: 218768 ns
[2025-04-25T20:57:35.199+0000][173.480s][debug][safepoint   ] Safepoint synchronization initiated using futex wait barrier. (214 threads)
[2025-04-25T20:57:35.199+0000][173.480s][info ][safepoint   ] Safepoint "Cleanup", Time since last: 1000260531 ns, Reaching safepoint: 166876 ns, Cleanup: 41599 ns, At safepoint: 19788 ns, Total: 228263 ns
[2025-04-25T20:57:36.199+0000][174.480s][debug][safepoint   ] Safepoint synchronization initiated using futex wait barrier. (214 threads)
[2025-04-25T20:57:36.200+0000][174.481s][info ][safepoint   ] Safepoint "Cleanup", Time since last: 1000258540 ns, Reaching safepoint: 194596 ns, Cleanup: 48985 ns, At safepoint: 24154 ns, Total: 267735 ns
[2025-04-25T20:57:38.200+0000][176.481s][debug][safepoint   ] Safepoint synchronization initiated using futex wait barrier. (214 threads)
[2025-04-25T20:57:38.200+0000][176.481s][info ][safepoint   ] Safepoint "Cleanup", Time since last: 2000417836 ns, Reaching safepoint: 214742 ns, Cleanup: 45583 ns, At safepoint: 32973 ns, Total: 293298 ns
[2025-04-25T20:57:39.201+0000][177.482s][debug][safepoint   ] Safepoint synchronization initiated using futex wait barrier. (214 threads)
[2025-04-25T20:57:39.201+0000][177.482s][info ][safepoint   ] Safepoint "Cleanup", Time since last: 1000341238 ns, Reaching safepoint: 237367 ns, Cleanup: 40162 ns, At safepoint: 25885 ns, Total: 303414 ns
[2025-04-25T20:57:42.201+0000][180.482s][debug][safepoint   ] Safepoint synchronization initiated using futex wait barrier. (214 threads)
[2025-04-25T20:57:42.202+0000][180.483s][info ][safepoint   ] Safepoint "Cleanup", Time since last: 3000497465 ns, Reaching safepoint: 286249 ns, Cleanup: 28432 ns, At safepoint: 20454 ns, Total: 335135 ns
[2025-04-25T20:57:43.202+0000][181.483s][debug][safepoint   ] Safepoint synchronization initiated using futex wait barrier. (214 threads)
[2025-04-25T20:57:43.202+0000][181.483s][info ][safepoint   ] Safepoint "Cleanup", Time since last: 1000198178 ns, Reaching safepoint: 169279 ns, Cleanup: 46306 ns, At safepoint: 21478 ns, Total: 237063 ns
[2025-04-25T20:57:44.202+0000][182.483s][debug][safepoint   ] Safepoint synchronization initiated using futex wait barrier. (214 threads)
[2025-04-25T20:57:44.203+0000][182.484s][info ][safepoint   ] Safepoint "Cleanup", Time since last: 1000204351 ns, Reaching safepoint: 233703 ns, Cleanup: 103740 ns, At safepoint: 33771 ns, Total: 371214 ns
[2025-04-25T20:57:45.203+0000][183.484s][debug][safepoint   ] Safepoint synchronization initiated using futex wait barrier. (214 threads)
[2025-04-25T20:57:45.203+0000][183.484s][info ][safepoint   ] Safepoint "Cleanup", Time since last: 1000224840 ns, Reaching safepoint: 160236 ns, Cleanup: 36492 ns, At safepoint: 15583 ns, Total: 212311 ns
[2025-04-25T20:57:47.204+0000][185.485s][debug][safepoint   ] Safepoint synchronization initiated using futex wait barrier. (214 threads)
[2025-04-25T20:57:47.204+0000][185.486s][info ][safepoint   ] Safepoint "Cleanup", Time since last: 2000967559 ns, Reaching safepoint: 225123 ns, Cleanup: 42562 ns, At safepoint: 23438 ns, Total: 291123 ns
[2025-04-25T20:57:49.205+0000][187.486s][debug][safepoint   ] Safepoint synchronization initiated using futex wait barrier. (214 threads)
[2025-04-25T20:57:49.205+0000][187.486s][info ][safepoint   ] Safepoint "Cleanup", Time since last: 2000511990 ns, Reaching safepoint: 179068 ns, Cleanup: 38075 ns, At safepoint: 19253 ns, Total: 236396 ns
[2025-04-25T20:57:51.206+0000][189.487s][debug][safepoint   ] Safepoint synchronization initiated using futex wait barrier. (214 threads)
[2025-04-25T20:57:51.206+0000][189.487s][info ][safepoint   ] Safepoint "Cleanup", Time since last: 2000397987 ns, Reaching safepoint: 250795 ns, Cleanup: 62858 ns, At safepoint: 31148 ns, Total: 344801 ns
[2025-04-25T20:57:52.206+0000][190.487s][debug][safepoint   ] Safepoint synchronization initiated using futex wait barrier. (214 threads)
[2025-04-25T20:57:52.206+0000][190.488s][info ][safepoint   ] Safepoint "Cleanup", Time since last: 1000235060 ns, Reaching safepoint: 212816 ns, Cleanup: 56156 ns, At safepoint: 22773 ns, Total: 291745 ns
[2025-04-25T20:57:53.207+0000][191.488s][debug][safepoint   ] Safepoint synchronization initiated using futex wait barrier. (214 threads)
[2025-04-25T20:57:53.207+0000][191.488s][info ][safepoint   ] Safepoint "Cleanup", Time since last: 1000230335 ns, Reaching safepoint: 217857 ns, Cleanup: 43624 ns, At safepoint: 30126 ns, Total: 291607 ns
[2025-04-25T20:57:54.207+0000][192.488s][debug][safepoint   ] Safepoint synchronization initiated using futex wait barrier. (214 threads)
[2025-04-25T20:57:54.207+0000][192.488s][info ][safepoint   ] Safepoint "Cleanup", Time since last: 1000133938 ns, Reaching safepoint: 47008 ns, Cleanup: 19897 ns, At safepoint: 3935 ns, Total: 70840 ns
[2025-04-25T20:57:55.207+0000][193.488s][debug][safepoint   ] Safepoint synchronization initiated using futex wait barrier. (214 threads)
[2025-04-25T20:57:55.207+0000][193.488s][info ][safepoint   ] Safepoint "Cleanup", Time since last: 1000084449 ns, Reaching safepoint: 59259 ns, Cleanup: 18166 ns, At safepoint: 4872 ns, Total: 82297 ns
[2025-04-25T20:57:58.208+0000][196.489s][debug][safepoint   ] Safepoint synchronization initiated using futex wait barrier. (212 threads)
[2025-04-25T20:57:58.208+0000][196.489s][info ][safepoint   ] Safepoint "Cleanup", Time since last: 3000232194 ns, Reaching safepoint: 56378 ns, Cleanup: 9632 ns, At safepoint: 3738 ns, Total: 69748 ns
[2025-04-25T20:58:00.208+0000][198.489s][debug][safepoint   ] Safepoint synchronization initiated using futex wait barrier. (211 threads)
[2025-04-25T20:58:00.208+0000][198.489s][info ][safepoint   ] Safepoint "Cleanup", Time since last: 2000157264 ns, Reaching safepoint: 67696 ns, Cleanup: 27813 ns, At safepoint: 4763 ns, Total: 100272 ns
[2025-04-25T20:58:01.738+0000][200.019s][debug][safepoint   ] Safepoint synchronization initiated using futex wait barrier. (211 threads)
[2025-04-25T20:58:01.738+0000][200.019s][info ][gc,start    ] GC(61) Pause Young (Prepare Mixed) (G1 Evacuation Pause)
[2025-04-25T20:58:01.738+0000][200.019s][info ][gc,task     ] GC(61) Using 4 workers of 4 for evacuation
[2025-04-25T20:58:01.800+0000][200.081s][info ][gc,phases   ] GC(61)   Pre Evacuate Collection Set: 0.6ms
[2025-04-25T20:58:01.800+0000][200.081s][info ][gc,phases   ] GC(61)   Merge Heap Roots: 1.2ms
[2025-04-25T20:58:01.800+0000][200.081s][info ][gc,phases   ] GC(61)   Evacuate Collection Set: 57.0ms
[2025-04-25T20:58:01.800+0000][200.081s][info ][gc,phases   ] GC(61)   Post Evacuate Collection Set: 2.4ms
[2025-04-25T20:58:01.800+0000][200.081s][info ][gc,phases   ] GC(61)   Other: 0.3ms
[2025-04-25T20:58:01.800+0000][200.081s][info ][gc,heap     ] GC(61) Eden regions: 383->0(4)
[2025-04-25T20:58:01.800+0000][200.081s][info ][gc,heap     ] GC(61) Survivor regions: 29->30(52)
[2025-04-25T20:58:01.800+0000][200.081s][info ][gc,heap     ] GC(61) Old regions: 142->150
[2025-04-25T20:58:01.800+0000][200.081s][info ][gc,heap     ] GC(61) Archive regions: 2->2
[2025-04-25T20:58:01.800+0000][200.081s][info ][gc,heap     ] GC(61) Humongous regions: 10->0
[2025-04-25T20:58:01.800+0000][200.081s][info ][gc,metaspace] GC(61) Metaspace: 185524K(186752K)->185524K(186752K) NonClass: 162927K(163584K)->162927K(163584K) Class: 22596K(23168K)->22596K(23168K)
[2025-04-25T20:58:01.800+0000][200.081s][info ][gc          ] GC(61) Pause Young (Prepare Mixed) (G1 Evacuation Pause) 563M->179M(687M) 61.495ms
[2025-04-25T20:58:01.800+0000][200.081s][info ][gc,cpu      ] GC(61) User=0.21s Sys=0.00s Real=0.07s
[2025-04-25T20:58:01.800+0000][200.081s][info ][safepoint   ] Safepoint "G1CollectForAllocation", Time since last: 1530269332 ns, Reaching safepoint: 105076 ns, Cleanup: 22891 ns, At safepoint: 61882585 ns, Total: 62010552 ns
[2025-04-25T20:58:02.800+0000][201.081s][debug][safepoint   ] Safepoint synchronization initiated using futex wait barrier. (210 threads)
[2025-04-25T20:58:02.801+0000][201.082s][info ][safepoint   ] Safepoint "Cleanup", Time since last: 1000177062 ns, Reaching safepoint: 125546 ns, Cleanup: 34052 ns, At safepoint: 15078 ns, Total: 174676 ns
[2025-04-25T20:58:03.866+0000][202.147s][debug][safepoint   ] Safepoint synchronization initiated using futex wait barrier. (210 threads)
[2025-04-25T20:58:03.866+0000][202.147s][info ][gc,start    ] GC(62) Pause Young (Mixed) (G1 Evacuation Pause)
[2025-04-25T20:58:03.866+0000][202.147s][info ][gc,task     ] GC(62) Using 4 workers of 4 for evacuation
[2025-04-25T20:58:03.920+0000][202.201s][info ][gc,phases   ] GC(62)   Pre Evacuate Collection Set: 0.3ms
[2025-04-25T20:58:03.920+0000][202.201s][info ][gc,phases   ] GC(62)   Merge Heap Roots: 0.9ms
[2025-04-25T20:58:03.920+0000][202.201s][info ][gc,phases   ] GC(62)   Evacuate Collection Set: 50.3ms
[2025-04-25T20:58:03.920+0000][202.201s][info ][gc,phases   ] GC(62)   Post Evacuate Collection Set: 1.9ms
[2025-04-25T20:58:03.920+0000][202.201s][info ][gc,phases   ] GC(62)   Other: 0.3ms
[2025-04-25T20:58:03.920+0000][202.201s][info ][gc,heap     ] GC(62) Eden regions: 4->0(409)
[2025-04-25T20:58:03.920+0000][202.201s][info ][gc,heap     ] GC(62) Survivor regions: 30->2(5)
[2025-04-25T20:58:03.920+0000][202.201s][info ][gc,heap     ] GC(62) Old regions: 150->171
[2025-04-25T20:58:03.920+0000][202.201s][info ][gc,heap     ] GC(62) Archive regions: 2->2
[2025-04-25T20:58:03.920+0000][202.201s][info ][gc,heap     ] GC(62) Humongous regions: 0->0
[2025-04-25T20:58:03.920+0000][202.201s][info ][gc,metaspace] GC(62) Metaspace: 185565K(186816K)->185565K(186816K) NonClass: 162966K(163648K)->162966K(163648K) Class: 22599K(23168K)->22599K(23168K)
[2025-04-25T20:58:03.920+0000][202.201s][info ][gc          ] GC(62) Pause Young (Mixed) (G1 Evacuation Pause) 183M->172M(687M) 53.794ms
[2025-04-25T20:58:03.920+0000][202.201s][info ][gc,cpu      ] GC(62) User=0.15s Sys=0.00s Real=0.06s
[2025-04-25T20:58:03.920+0000][202.201s][info ][safepoint   ] Safepoint "G1CollectForAllocation", Time since last: 1065259693 ns, Reaching safepoint: 82255 ns, Cleanup: 5862 ns, At safepoint: 54266024 ns, Total: 54354141 ns
[2025-04-25T20:58:04.921+0000][203.202s][debug][safepoint   ] Safepoint synchronization initiated using futex wait barrier. (210 threads)
[2025-04-25T20:58:04.921+0000][203.202s][info ][safepoint   ] Safepoint "Cleanup", Time since last: 1000593558 ns, Reaching safepoint: 83715 ns, Cleanup: 26674 ns, At safepoint: 6522 ns, Total: 116911 ns
[2025-04-25T20:58:05.921+0000][204.202s][debug][safepoint   ] Safepoint synchronization initiated using futex wait barrier. (210 threads)
[2025-04-25T20:58:05.921+0000][204.202s][info ][safepoint   ] Safepoint "Cleanup", Time since last: 1000235692 ns, Reaching safepoint: 194865 ns, Cleanup: 63091 ns, At safepoint: 27440 ns, Total: 285396 ns
[2025-04-25T20:58:06.922+0000][205.203s][debug][safepoint   ] Safepoint synchronization initiated using futex wait barrier. (210 threads)
[2025-04-25T20:58:06.922+0000][205.203s][info ][safepoint   ] Safepoint "Cleanup", Time since last: 1000293423 ns, Reaching safepoint: 258053 ns, Cleanup: 49102 ns, At safepoint: 33652 ns, Total: 340807 ns
[2025-04-25T20:58:07.922+0000][206.203s][debug][safepoint   ] Safepoint synchronization initiated using futex wait barrier. (210 threads)
[2025-04-25T20:58:07.923+0000][206.204s][info ][safepoint   ] Safepoint "Cleanup", Time since last: 1000181993 ns, Reaching safepoint: 104985 ns, Cleanup: 513080 ns, At safepoint: 46591 ns, Total: 664656 ns
[2025-04-25T20:58:08.924+0000][207.205s][debug][safepoint   ] Safepoint synchronization initiated using futex wait barrier. (210 threads)
[2025-04-25T20:58:08.924+0000][207.205s][info ][safepoint   ] Safepoint "Cleanup", Time since last: 1000709550 ns, Reaching safepoint: 179207 ns, Cleanup: 40118 ns, At safepoint: 16013 ns, Total: 235338 ns
[2025-04-25T20:58:09.924+0000][208.205s][debug][safepoint   ] Safepoint synchronization initiated using futex wait barrier. (210 threads)
[2025-04-25T20:58:09.924+0000][208.205s][info ][safepoint   ] Safepoint "Cleanup", Time since last: 1000298755 ns, Reaching safepoint: 177627 ns, Cleanup: 41234 ns, At safepoint: 18323 ns, Total: 237184 ns
[2025-04-25T20:58:10.925+0000][209.206s][debug][safepoint   ] Safepoint synchronization initiated using futex wait barrier. (210 threads)
[2025-04-25T20:58:10.925+0000][209.206s][info ][safepoint   ] Safepoint "Cleanup", Time since last: 1000241144 ns, Reaching safepoint: 148958 ns, Cleanup: 44829 ns, At safepoint: 12733 ns, Total: 206520 ns
[2025-04-25T20:58:12.506+0000][210.787s][debug][safepoint   ] Safepoint synchronization initiated using futex wait barrier. (210 threads)
[2025-04-25T20:58:12.507+0000][210.788s][info ][safepoint   ] Safepoint "Cleanup", Time since last: 1581516046 ns, Reaching safepoint: 190397 ns, Cleanup: 560540 ns, At safepoint: 78559 ns, Total: 829496 ns
[2025-04-25T20:58:13.508+0000][211.789s][debug][safepoint   ] Safepoint synchronization initiated using futex wait barrier. (210 threads)
[2025-04-25T20:58:13.508+0000][211.790s][info ][safepoint   ] Safepoint "Cleanup", Time since last: 1001128841 ns, Reaching safepoint: 151620 ns, Cleanup: 22244 ns, At safepoint: 23716 ns, Total: 197580 ns
[2025-04-25T20:58:13.955+0000][212.236s][debug][safepoint   ] ... found polling page loop exception at pc = 0x00007fd7b19ade98, stub =0x00007fd7b898e400
[2025-04-25T20:58:13.961+0000][212.242s][debug][safepoint   ] ... found polling page loop exception at pc = 0x00007fd7b16c7315, stub =0x00007fd7b898e400
[2025-04-25T20:58:14.110+0000][212.391s][debug][safepoint   ] Safepoint synchronization initiated using futex wait barrier. (210 threads)
[2025-04-25T20:58:14.111+0000][212.392s][info ][safepoint   ] Safepoint "ICBufferFull", Time since last: 601772364 ns, Reaching safepoint: 178546 ns, Cleanup: 161642 ns, At safepoint: 21995 ns, Total: 362183 ns
[2025-04-25T20:58:14.114+0000][212.395s][debug][safepoint   ] Safepoint synchronization initiated using futex wait barrier. (210 threads)
[2025-04-25T20:58:14.114+0000][212.395s][debug][safepoint   ] ... found polling page loop exception at pc = 0x00007fd7b8f13ccc, stub =0x00007fd7b898e400
[2025-04-25T20:58:14.114+0000][212.395s][info ][safepoint   ] Safepoint "ICBufferFull", Time since last: 3030383 ns, Reaching safepoint: 176171 ns, Cleanup: 8738 ns, At safepoint: 12325 ns, Total: 197234 ns
[2025-04-25T20:58:14.118+0000][212.399s][debug][safepoint   ] Safepoint synchronization initiated using futex wait barrier. (210 threads)
[2025-04-25T20:58:14.119+0000][212.400s][info ][safepoint   ] Safepoint "ICBufferFull", Time since last: 3882336 ns, Reaching safepoint: 230288 ns, Cleanup: 12218 ns, At safepoint: 780311 ns, Total: 1022817 ns
[2025-04-25T20:58:15.121+0000][213.402s][debug][safepoint   ] Safepoint synchronization initiated using futex wait barrier. (210 threads)
[2025-04-25T20:58:15.141+0000][213.423s][info ][safepoint   ] Safepoint "Cleanup", Time since last: 1002682024 ns, Reaching safepoint: 177081 ns, Cleanup: 462294 ns, At safepoint: 19415689 ns, Total: 20055064 ns
[2025-04-25T20:58:16.130+0000][214.411s][debug][safepoint   ] Safepoint synchronization initiated using futex wait barrier. (210 threads)
[2025-04-25T20:58:16.130+0000][214.411s][info ][safepoint   ] Safepoint "ICBufferFull", Time since last: 988470174 ns, Reaching safepoint: 66319 ns, Cleanup: 141999 ns, At safepoint: 10406 ns, Total: 218724 ns
[2025-04-25T20:58:16.988+0000][215.269s][debug][safepoint   ] Safepoint synchronization initiated using futex wait barrier. (211 threads)
[2025-04-25T20:58:16.989+0000][215.270s][info ][safepoint   ] Safepoint "ICBufferFull", Time since last: 857792143 ns, Reaching safepoint: 931681 ns, Cleanup: 171742 ns, At safepoint: 79045 ns, Total: 1182468 ns
[2025-04-25T20:58:17.991+0000][216.272s][debug][safepoint   ] Safepoint synchronization initiated using futex wait barrier. (212 threads)
[2025-04-25T20:58:17.991+0000][216.272s][info ][safepoint   ] Safepoint "Cleanup", Time since last: 1001611186 ns, Reaching safepoint: 125488 ns, Cleanup: 217719 ns, At safepoint: 51211 ns, Total: 394418 ns
[2025-04-25T20:58:18.617+0000][216.898s][debug][safepoint   ] Safepoint synchronization initiated using futex wait barrier. (218 threads)
[2025-04-25T20:58:18.618+0000][216.899s][info ][gc,start    ] GC(63) Pause Young (Concurrent Start) (G1 Evacuation Pause)
[2025-04-25T20:58:18.618+0000][216.899s][info ][gc,task     ] GC(63) Using 4 workers of 4 for evacuation
[2025-04-25T20:58:18.761+0000][217.042s][info ][gc,phases   ] GC(63)   Pre Evacuate Collection Set: 0.9ms
[2025-04-25T20:58:18.761+0000][217.042s][info ][gc,phases   ] GC(63)   Merge Heap Roots: 1.0ms
[2025-04-25T20:58:18.761+0000][217.042s][info ][gc,phases   ] GC(63)   Evacuate Collection Set: 134.0ms
[2025-04-25T20:58:18.761+0000][217.042s][info ][gc,phases   ] GC(63)   Post Evacuate Collection Set: 6.9ms
[2025-04-25T20:58:18.761+0000][217.042s][info ][gc,phases   ] GC(63)   Other: 0.5ms
[2025-04-25T20:58:18.761+0000][217.042s][info ][gc,heap     ] GC(63) Eden regions: 409->0(398)
[2025-04-25T20:58:18.761+0000][217.042s][info ][gc,heap     ] GC(63) Survivor regions: 2->12(52)
[2025-04-25T20:58:18.761+0000][217.042s][info ][gc,heap     ] GC(63) Old regions: 171->171
[2025-04-25T20:58:18.761+0000][217.042s][info ][gc,heap     ] GC(63) Archive regions: 2->2
[2025-04-25T20:58:18.761+0000][217.042s][info ][gc,heap     ] GC(63) Humongous regions: 16->0
[2025-04-25T20:58:18.761+0000][217.042s][info ][gc,metaspace] GC(63) Metaspace: 190268K(191680K)->190268K(191680K) NonClass: 167077K(167808K)->167077K(167808K) Class: 23191K(23872K)->23191K(23872K)
[2025-04-25T20:58:18.761+0000][217.042s][info ][gc          ] GC(63) Pause Young (Concurrent Start) (G1 Evacuation Pause) 597M->182M(687M) 143.320ms
[2025-04-25T20:58:18.761+0000][217.042s][info ][gc,cpu      ] GC(63) User=0.27s Sys=0.00s Real=0.15s
[2025-04-25T20:58:18.761+0000][217.042s][info ][gc          ] GC(64) Concurrent Mark Cycle
[2025-04-25T20:58:18.761+0000][217.042s][info ][gc,marking  ] GC(64) Concurrent Clear Claimed Marks
[2025-04-25T20:58:18.762+0000][217.043s][info ][gc,marking  ] GC(64) Concurrent Clear Claimed Marks 0.297ms
[2025-04-25T20:58:18.762+0000][217.043s][info ][gc,marking  ] GC(64) Concurrent Scan Root Regions
[2025-04-25T20:58:18.764+0000][217.045s][info ][safepoint   ] Safepoint "G1CollectForAllocation", Time since last: 626272149 ns, Reaching safepoint: 236647 ns, Cleanup: 141813 ns, At safepoint: 146147608 ns, Total: 146526068 ns
[2025-04-25T20:58:18.841+0000][217.122s][info ][gc,marking  ] GC(64) Concurrent Scan Root Regions 79.269ms
[2025-04-25T20:58:18.841+0000][217.122s][info ][gc,marking  ] GC(64) Concurrent Mark
[2025-04-25T20:58:18.841+0000][217.122s][info ][gc,marking  ] GC(64) Concurrent Mark From Roots
[2025-04-25T20:58:18.841+0000][217.122s][info ][gc,task     ] GC(64) Using 1 workers of 1 for marking
[2025-04-25T20:58:19.505+0000][217.786s][info ][gc,marking  ] GC(64) Concurrent Mark From Roots 663.758ms
[2025-04-25T20:58:19.505+0000][217.786s][info ][gc,marking  ] GC(64) Concurrent Preclean
[2025-04-25T20:58:19.505+0000][217.786s][info ][gc,marking  ] GC(64) Concurrent Preclean 0.394ms
[2025-04-25T20:58:19.505+0000][217.786s][debug][safepoint   ] Safepoint synchronization initiated using futex wait barrier. (219 threads)
[2025-04-25T20:58:19.505+0000][217.786s][info ][gc,start    ] GC(64) Pause Remark
[2025-04-25T20:58:19.547+0000][217.828s][info ][gc          ] GC(64) Pause Remark 208M->208M(687M) 41.413ms
[2025-04-25T20:58:19.547+0000][217.828s][info ][gc,cpu      ] GC(64) User=0.09s Sys=0.00s Real=0.04s
[2025-04-25T20:58:19.548+0000][217.829s][info ][safepoint   ] Safepoint "G1PauseRemark", Time since last: 741337018 ns, Reaching safepoint: 42030 ns, Cleanup: 66010 ns, At safepoint: 42371709 ns, Total: 42479749 ns
[2025-04-25T20:58:19.548+0000][217.829s][info ][gc,marking  ] GC(64) Concurrent Mark 706.804ms
[2025-04-25T20:58:19.548+0000][217.829s][info ][gc,marking  ] GC(64) Concurrent Rebuild Remembered Sets
[2025-04-25T20:58:19.772+0000][218.053s][info ][gc,marking  ] GC(64) Concurrent Rebuild Remembered Sets 224.308ms
[2025-04-25T20:58:19.772+0000][218.053s][debug][safepoint   ] Safepoint synchronization initiated using futex wait barrier. (219 threads)
[2025-04-25T20:58:19.772+0000][218.053s][info ][gc,start    ] GC(64) Pause Cleanup
[2025-04-25T20:58:19.772+0000][218.054s][info ][gc          ] GC(64) Pause Cleanup 208M->208M(687M) 0.208ms
[2025-04-25T20:58:19.773+0000][218.054s][info ][gc,cpu      ] GC(64) User=0.00s Sys=0.00s Real=0.00s
[2025-04-25T20:58:19.773+0000][218.054s][info ][safepoint   ] Safepoint "G1PauseCleanup", Time since last: 224495784 ns, Reaching safepoint: 27481 ns, Cleanup: 2541 ns, At safepoint: 280721 ns, Total: 310743 ns
[2025-04-25T20:58:19.773+0000][218.054s][info ][gc,marking  ] GC(64) Concurrent Cleanup for Next Mark
[2025-04-25T20:58:19.776+0000][218.058s][info ][gc,marking  ] GC(64) Concurrent Cleanup for Next Mark 3.864ms
[2025-04-25T20:58:19.776+0000][218.058s][info ][gc          ] GC(64) Concurrent Mark Cycle 1015.165ms
[2025-04-25T20:58:20.773+0000][219.054s][debug][safepoint   ] Safepoint synchronization initiated using futex wait barrier. (219 threads)
[2025-04-25T20:58:20.773+0000][219.054s][info ][safepoint   ] Safepoint "Cleanup", Time since last: 1000087089 ns, Reaching safepoint: 77899 ns, Cleanup: 29445 ns, At safepoint: 6436 ns, Total: 113780 ns
[2025-04-25T20:58:21.773+0000][220.054s][debug][safepoint   ] Safepoint synchronization initiated using futex wait barrier. (219 threads)
[2025-04-25T20:58:21.773+0000][220.054s][info ][safepoint   ] Safepoint "Cleanup", Time since last: 1000123798 ns, Reaching safepoint: 106189 ns, Cleanup: 128428 ns, At safepoint: 14060 ns, Total: 248677 ns
[2025-04-25T20:58:22.740+0000][221.021s][debug][safepoint   ] Safepoint synchronization initiated using futex wait barrier. (236 threads)
[2025-04-25T20:58:22.741+0000][221.022s][info ][safepoint   ] Safepoint "ICBufferFull", Time since last: 967175881 ns, Reaching safepoint: 125308 ns, Cleanup: 159123 ns, At safepoint: 8683 ns, Total: 293114 ns
[2025-04-25T20:58:23.741+0000][222.022s][debug][safepoint   ] Safepoint synchronization initiated using futex wait barrier. (238 threads)
[2025-04-25T20:58:23.741+0000][222.022s][info ][safepoint   ] Safepoint "Cleanup", Time since last: 1000175034 ns, Reaching safepoint: 81405 ns, Cleanup: 25895 ns, At safepoint: 6870 ns, Total: 114170 ns
[2025-04-25T20:58:24.741+0000][223.022s][debug][safepoint   ] Safepoint synchronization initiated using futex wait barrier. (239 threads)
[2025-04-25T20:58:24.741+0000][223.022s][info ][safepoint   ] Safepoint "Cleanup", Time since last: 1000081162 ns, Reaching safepoint: 53261 ns, Cleanup: 14254 ns, At safepoint: 4216 ns, Total: 71731 ns
[2025-04-25T20:58:25.741+0000][224.022s][debug][safepoint   ] Safepoint synchronization initiated using futex wait barrier. (241 threads)
[2025-04-25T20:58:25.741+0000][224.022s][info ][safepoint   ] Safepoint "Cleanup", Time since last: 1000123651 ns, Reaching safepoint: 53296 ns, Cleanup: 15406 ns, At safepoint: 5493 ns, Total: 74195 ns
[2025-04-25T20:58:26.742+0000][225.023s][debug][safepoint   ] Safepoint synchronization initiated using futex wait barrier. (243 threads)
[2025-04-25T20:58:26.742+0000][225.023s][info ][safepoint   ] Safepoint "Cleanup", Time since last: 1000349252 ns, Reaching safepoint: 254260 ns, Cleanup: 86452 ns, At safepoint: 21831 ns, Total: 362543 ns
[2025-04-25T20:58:27.742+0000][226.023s][debug][safepoint   ] Safepoint synchronization initiated using futex wait barrier. (243 threads)
[2025-04-25T20:58:27.742+0000][226.023s][info ][safepoint   ] Safepoint "Cleanup", Time since last: 1000199801 ns, Reaching safepoint: 180533 ns, Cleanup: 25778 ns, At safepoint: 8335 ns, Total: 214646 ns
[2025-04-25T20:58:28.742+0000][227.024s][debug][safepoint   ] Safepoint synchronization initiated using futex wait barrier. (243 threads)
[2025-04-25T20:58:28.743+0000][227.024s][info ][safepoint   ] Safepoint "Cleanup", Time since last: 1000108146 ns, Reaching safepoint: 52991 ns, Cleanup: 10222 ns, At safepoint: 4749 ns, Total: 67962 ns
[2025-04-25T20:58:29.743+0000][228.024s][debug][safepoint   ] Safepoint synchronization initiated using futex wait barrier. (243 threads)
[2025-04-25T20:58:29.743+0000][228.024s][info ][safepoint   ] Safepoint "Cleanup", Time since last: 1000152426 ns, Reaching safepoint: 115152 ns, Cleanup: 19129 ns, At safepoint: 11463 ns, Total: 145744 ns
[2025-04-25T20:58:31.743+0000][230.024s][debug][safepoint   ] Safepoint synchronization initiated using futex wait barrier. (243 threads)
[2025-04-25T20:58:31.743+0000][230.024s][info ][safepoint   ] Safepoint "Cleanup", Time since last: 2000133075 ns, Reaching safepoint: 54491 ns, Cleanup: 9969 ns, At safepoint: 4337 ns, Total: 68797 ns
[2025-04-25T20:58:32.743+0000][231.024s][debug][safepoint   ] Safepoint synchronization initiated using futex wait barrier. (243 threads)
[2025-04-25T20:58:32.743+0000][231.024s][info ][safepoint   ] Safepoint "Cleanup", Time since last: 1000083346 ns, Reaching safepoint: 65243 ns, Cleanup: 18815 ns, At safepoint: 6073 ns, Total: 90131 ns
[2025-04-25T20:58:33.743+0000][232.024s][debug][safepoint   ] Safepoint synchronization initiated using futex wait barrier. (243 threads)
[2025-04-25T20:58:33.743+0000][232.024s][info ][safepoint   ] Safepoint "Cleanup", Time since last: 1000090963 ns, Reaching safepoint: 86087 ns, Cleanup: 27009 ns, At safepoint: 6540 ns, Total: 119636 ns
[2025-04-25T20:58:34.744+0000][233.025s][debug][safepoint   ] Safepoint synchronization initiated using futex wait barrier. (244 threads)
[2025-04-25T20:58:34.744+0000][233.025s][info ][safepoint   ] Safepoint "Cleanup", Time since last: 1000142612 ns, Reaching safepoint: 83954 ns, Cleanup: 10068 ns, At safepoint: 12222 ns, Total: 106244 ns
[2025-04-25T20:58:35.744+0000][234.025s][debug][safepoint   ] Safepoint synchronization initiated using futex wait barrier. (244 threads)
[2025-04-25T20:58:35.744+0000][234.025s][info ][safepoint   ] Safepoint "Cleanup", Time since last: 1000091903 ns, Reaching safepoint: 85636 ns, Cleanup: 16811 ns, At safepoint: 6908 ns, Total: 109355 ns
[2025-04-25T20:58:36.744+0000][235.025s][debug][safepoint   ] Safepoint synchronization initiated using futex wait barrier. (244 threads)
[2025-04-25T20:58:36.744+0000][235.025s][info ][safepoint   ] Safepoint "Cleanup", Time since last: 1000107314 ns, Reaching safepoint: 114205 ns, Cleanup: 17428 ns, At safepoint: 6935 ns, Total: 138568 ns
[2025-04-25T20:58:37.744+0000][236.025s][debug][safepoint   ] Safepoint synchronization initiated using futex wait barrier. (244 threads)
[2025-04-25T20:58:37.744+0000][236.025s][info ][safepoint   ] Safepoint "Cleanup", Time since last: 1000099840 ns, Reaching safepoint: 80492 ns, Cleanup: 12680 ns, At safepoint: 24914 ns, Total: 118086 ns
[2025-04-25T20:58:38.744+0000][237.026s][debug][safepoint   ] Safepoint synchronization initiated using futex wait barrier. (244 threads)
[2025-04-25T20:58:38.745+0000][237.026s][info ][safepoint   ] Safepoint "Cleanup", Time since last: 1000121833 ns, Reaching safepoint: 119343 ns, Cleanup: 41467 ns, At safepoint: 8581 ns, Total: 169391 ns
[2025-04-25T20:58:39.745+0000][238.026s][debug][safepoint   ] Safepoint synchronization initiated using futex wait barrier. (244 threads)
[2025-04-25T20:58:39.745+0000][238.026s][info ][safepoint   ] Safepoint "Cleanup", Time since last: 1000113608 ns, Reaching safepoint: 150157 ns, Cleanup: 27638 ns, At safepoint: 15865 ns, Total: 193660 ns
[2025-04-25T20:58:40.745+0000][239.026s][debug][safepoint   ] Safepoint synchronization initiated using futex wait barrier. (244 threads)
[2025-04-25T20:58:40.745+0000][239.026s][info ][safepoint   ] Safepoint "Cleanup", Time since last: 1000095160 ns, Reaching safepoint: 81374 ns, Cleanup: 19489 ns, At safepoint: 4497 ns, Total: 105360 ns
[2025-04-25T20:58:43.184+0000][241.465s][debug][safepoint   ] Safepoint synchronization initiated using futex wait barrier. (244 threads)
[2025-04-25T20:58:43.184+0000][241.465s][info ][safepoint   ] Safepoint "Cleanup", Time since last: 2439149168 ns, Reaching safepoint: 69725 ns, Cleanup: 15869 ns, At safepoint: 6092 ns, Total: 91686 ns
[2025-04-25T20:58:45.185+0000][243.466s][debug][safepoint   ] Safepoint synchronization initiated using futex wait barrier. (244 threads)
[2025-04-25T20:58:45.185+0000][243.466s][info ][safepoint   ] Safepoint "Cleanup", Time since last: 2000317175 ns, Reaching safepoint: 126711 ns, Cleanup: 22382 ns, At safepoint: 13519 ns, Total: 162612 ns
[2025-04-25T20:58:46.185+0000][244.466s][debug][safepoint   ] Safepoint synchronization initiated using futex wait barrier. (244 threads)
[2025-04-25T20:58:46.185+0000][244.466s][info ][safepoint   ] Safepoint "Cleanup", Time since last: 1000125980 ns, Reaching safepoint: 111773 ns, Cleanup: 38339 ns, At safepoint: 17225 ns, Total: 167337 ns
[2025-04-25T20:58:47.185+0000][245.466s][debug][safepoint   ] Safepoint synchronization initiated using futex wait barrier. (244 threads)
[2025-04-25T20:58:47.185+0000][245.466s][info ][safepoint   ] Safepoint "Cleanup", Time since last: 1000099849 ns, Reaching safepoint: 63548 ns, Cleanup: 19925 ns, At safepoint: 7368 ns, Total: 90841 ns
[2025-04-25T20:58:48.185+0000][246.467s][debug][safepoint   ] Safepoint synchronization initiated using futex wait barrier. (244 threads)
[2025-04-25T20:58:48.186+0000][246.467s][info ][safepoint   ] Safepoint "Cleanup", Time since last: 1000088266 ns, Reaching safepoint: 96947 ns, Cleanup: 15466 ns, At safepoint: 6153 ns, Total: 118566 ns
[2025-04-25T20:58:49.186+0000][247.467s][debug][safepoint   ] Safepoint synchronization initiated using futex wait barrier. (244 threads)
[2025-04-25T20:58:49.186+0000][247.467s][info ][safepoint   ] Safepoint "Cleanup", Time since last: 1000541920 ns, Reaching safepoint: 154329 ns, Cleanup: 36656 ns, At safepoint: 19833 ns, Total: 210818 ns
[2025-04-25T20:58:51.187+0000][249.468s][debug][safepoint   ] Safepoint synchronization initiated using futex wait barrier. (244 threads)
[2025-04-25T20:58:51.187+0000][249.468s][info ][safepoint   ] Safepoint "Cleanup", Time since last: 2000323283 ns, Reaching safepoint: 65439 ns, Cleanup: 14687 ns, At safepoint: 6188 ns, Total: 86314 ns
[2025-04-25T20:58:52.187+0000][250.468s][debug][safepoint   ] Safepoint synchronization initiated using futex wait barrier. (244 threads)
[2025-04-25T20:58:52.187+0000][250.468s][info ][safepoint   ] Safepoint "Cleanup", Time since last: 1000141410 ns, Reaching safepoint: 160018 ns, Cleanup: 66452 ns, At safepoint: 19581 ns, Total: 246051 ns
[2025-04-25T20:58:53.187+0000][251.468s][debug][safepoint   ] Safepoint synchronization initiated using futex wait barrier. (244 threads)
[2025-04-25T20:58:53.187+0000][251.468s][info ][safepoint   ] Safepoint "Cleanup", Time since last: 1000141421 ns, Reaching safepoint: 158176 ns, Cleanup: 17477 ns, At safepoint: 7337 ns, Total: 182990 ns
[2025-04-25T20:58:55.188+0000][253.469s][debug][safepoint   ] Safepoint synchronization initiated using futex wait barrier. (244 threads)
[2025-04-25T20:58:55.188+0000][253.469s][info ][safepoint   ] Safepoint "Cleanup", Time since last: 2000329991 ns, Reaching safepoint: 176290 ns, Cleanup: 53380 ns, At safepoint: 18304 ns, Total: 247974 ns
[2025-04-25T20:58:56.188+0000][254.469s][debug][safepoint   ] Safepoint synchronization initiated using futex wait barrier. (243 threads)
[2025-04-25T20:58:56.188+0000][254.469s][info ][safepoint   ] Safepoint "Cleanup", Time since last: 1000149323 ns, Reaching safepoint: 137492 ns, Cleanup: 42680 ns, At safepoint: 8449 ns, Total: 188621 ns
[2025-04-25T20:58:57.188+0000][255.470s][debug][safepoint   ] Safepoint synchronization initiated using futex wait barrier. (243 threads)
[2025-04-25T20:58:57.189+0000][255.470s][info ][safepoint   ] Safepoint "Cleanup", Time since last: 1000094880 ns, Reaching safepoint: 85492 ns, Cleanup: 18139 ns, At safepoint: 5406 ns, Total: 109037 ns
[2025-04-25T20:58:58.189+0000][256.470s][debug][safepoint   ] Safepoint synchronization initiated using futex wait barrier. (243 threads)
[2025-04-25T20:58:58.189+0000][256.470s][info ][safepoint   ] Safepoint "Cleanup", Time since last: 1000136666 ns, Reaching safepoint: 283378 ns, Cleanup: 52276 ns, At safepoint: 33450 ns, Total: 369104 ns
[2025-04-25T20:59:00.189+0000][258.470s][debug][safepoint   ] Safepoint synchronization initiated using futex wait barrier. (242 threads)
[2025-04-25T20:59:00.189+0000][258.471s][info ][safepoint   ] Safepoint "Cleanup", Time since last: 2000193199 ns, Reaching safepoint: 91879 ns, Cleanup: 120388 ns, At safepoint: 41792 ns, Total: 254059 ns
[2025-04-25T20:59:01.190+0000][259.471s][debug][safepoint   ] Safepoint synchronization initiated using futex wait barrier. (242 threads)
[2025-04-25T20:59:01.190+0000][259.471s][info ][safepoint   ] Safepoint "Cleanup", Time since last: 1000195840 ns, Reaching safepoint: 133961 ns, Cleanup: 77045 ns, At safepoint: 15264 ns, Total: 226270 ns
[2025-04-25T20:59:02.190+0000][260.471s][debug][safepoint   ] Safepoint synchronization initiated using futex wait barrier. (242 threads)
[2025-04-25T20:59:02.190+0000][260.471s][info ][safepoint   ] Safepoint "Cleanup", Time since last: 1000104476 ns, Reaching safepoint: 73743 ns, Cleanup: 14044 ns, At safepoint: 5414 ns, Total: 93201 ns
[2025-04-25T20:59:03.190+0000][261.471s][debug][safepoint   ] Safepoint synchronization initiated using futex wait barrier. (242 threads)
[2025-04-25T20:59:03.190+0000][261.471s][info ][safepoint   ] Safepoint "Cleanup", Time since last: 1000078952 ns, Reaching safepoint: 60332 ns, Cleanup: 15231 ns, At safepoint: 4386 ns, Total: 79949 ns
[2025-04-25T20:59:05.191+0000][263.472s][debug][safepoint   ] Safepoint synchronization initiated using futex wait barrier. (242 threads)
[2025-04-25T20:59:05.191+0000][263.472s][info ][safepoint   ] Safepoint "Cleanup", Time since last: 2000249038 ns, Reaching safepoint: 193998 ns, Cleanup: 34720 ns, At safepoint: 17724 ns, Total: 246442 ns
[2025-04-25T20:59:08.191+0000][266.472s][debug][safepoint   ] Safepoint synchronization initiated using futex wait barrier. (242 threads)
[2025-04-25T20:59:08.191+0000][266.473s][info ][safepoint   ] Safepoint "Cleanup", Time since last: 3000487306 ns, Reaching safepoint: 174951 ns, Cleanup: 37839 ns, At safepoint: 18879 ns, Total: 231669 ns
[2025-04-25T20:59:10.192+0000][268.473s][debug][safepoint   ] Safepoint synchronization initiated using futex wait barrier. (242 threads)
[2025-04-25T20:59:10.192+0000][268.473s][info ][safepoint   ] Safepoint "Cleanup", Time since last: 2000367905 ns, Reaching safepoint: 243397 ns, Cleanup: 32512 ns, At safepoint: 32193 ns, Total: 308102 ns
[2025-04-25T20:59:11.192+0000][269.473s][debug][safepoint   ] Safepoint synchronization initiated using futex wait barrier. (242 threads)
[2025-04-25T20:59:11.193+0000][269.474s][info ][safepoint   ] Safepoint "Cleanup", Time since last: 1000238654 ns, Reaching safepoint: 169494 ns, Cleanup: 24437 ns, At safepoint: 67323 ns, Total: 261254 ns
[2025-04-25T20:59:12.193+0000][270.474s][debug][safepoint   ] Safepoint synchronization initiated using futex wait barrier. (242 threads)
[2025-04-25T20:59:12.193+0000][270.474s][info ][safepoint   ] Safepoint "Cleanup", Time since last: 1000181144 ns, Reaching safepoint: 217091 ns, Cleanup: 28554 ns, At safepoint: 45922 ns, Total: 291567 ns
[2025-04-25T20:59:13.193+0000][271.474s][debug][safepoint   ] Safepoint synchronization initiated using futex wait barrier. (242 threads)
[2025-04-25T20:59:13.194+0000][271.475s][info ][safepoint   ] Safepoint "Cleanup", Time since last: 1000213249 ns, Reaching safepoint: 222730 ns, Cleanup: 92270 ns, At safepoint: 25736 ns, Total: 340736 ns
[2025-04-25T20:59:14.194+0000][272.475s][debug][safepoint   ] Safepoint synchronization initiated using futex wait barrier. (242 threads)
[2025-04-25T20:59:14.194+0000][272.475s][info ][safepoint   ] Safepoint "Cleanup", Time since last: 1000220752 ns, Reaching safepoint: 175893 ns, Cleanup: 52225 ns, At safepoint: 20739 ns, Total: 248857 ns
[2025-04-25T20:59:15.195+0000][273.476s][debug][safepoint   ] Safepoint synchronization initiated using futex wait barrier. (242 threads)
[2025-04-25T20:59:15.195+0000][273.476s][info ][safepoint   ] Safepoint "Cleanup", Time since last: 1000633980 ns, Reaching safepoint: 75235 ns, Cleanup: 16782 ns, At safepoint: 6030 ns, Total: 98047 ns
[2025-04-25T20:59:16.195+0000][274.476s][debug][safepoint   ] Safepoint synchronization initiated using futex wait barrier. (242 threads)
[2025-04-25T20:59:16.195+0000][274.476s][info ][safepoint   ] Safepoint "Cleanup", Time since last: 1000132260 ns, Reaching safepoint: 134566 ns, Cleanup: 41949 ns, At safepoint: 14658 ns, Total: 191173 ns
[2025-04-25T20:59:17.195+0000][275.476s][debug][safepoint   ] Safepoint synchronization initiated using futex wait barrier. (242 threads)
[2025-04-25T20:59:17.196+0000][275.477s][info ][safepoint   ] Safepoint "Cleanup", Time since last: 1000163160 ns, Reaching safepoint: 171170 ns, Cleanup: 35051 ns, At safepoint: 45221 ns, Total: 251442 ns
[2025-04-25T20:59:19.196+0000][277.477s][debug][safepoint   ] Safepoint synchronization initiated using futex wait barrier. (242 threads)
[2025-04-25T20:59:19.196+0000][277.477s][info ][safepoint   ] Safepoint "Cleanup", Time since last: 2000232309 ns, Reaching safepoint: 75096 ns, Cleanup: 15093 ns, At safepoint: 5100 ns, Total: 95289 ns
[2025-04-25T20:59:20.196+0000][278.477s][debug][safepoint   ] Safepoint synchronization initiated using futex wait barrier. (242 threads)
[2025-04-25T20:59:20.196+0000][278.477s][info ][safepoint   ] Safepoint "Cleanup", Time since last: 1000111017 ns, Reaching safepoint: 140327 ns, Cleanup: 15043 ns, At safepoint: 14194 ns, Total: 169564 ns
[2025-04-25T20:59:24.197+0000][282.478s][debug][safepoint   ] Safepoint synchronization initiated using futex wait barrier. (241 threads)
[2025-04-25T20:59:24.197+0000][282.478s][info ][safepoint   ] Safepoint "Cleanup", Time since last: 4000436640 ns, Reaching safepoint: 74267 ns, Cleanup: 16113 ns, At safepoint: 7855 ns, Total: 98235 ns
[2025-04-25T20:59:26.197+0000][284.478s][debug][safepoint   ] Safepoint synchronization initiated using futex wait barrier. (241 threads)
[2025-04-25T20:59:26.197+0000][284.478s][info ][safepoint   ] Safepoint "Cleanup", Time since last: 2000292074 ns, Reaching safepoint: 227436 ns, Cleanup: 34475 ns, At safepoint: 23122 ns, Total: 285033 ns
[2025-04-25T20:59:28.198+0000][286.479s][debug][safepoint   ] Safepoint synchronization initiated using futex wait barrier. (241 threads)
[2025-04-25T20:59:28.198+0000][286.479s][info ][safepoint   ] Safepoint "Cleanup", Time since last: 2000342037 ns, Reaching safepoint: 215026 ns, Cleanup: 46889 ns, At safepoint: 21218 ns, Total: 283133 ns
[2025-04-25T20:59:30.198+0000][288.479s][debug][safepoint   ] Safepoint synchronization initiated using futex wait barrier. (241 threads)
[2025-04-25T20:59:30.199+0000][288.480s][info ][safepoint   ] Safepoint "Cleanup", Time since last: 2000308231 ns, Reaching safepoint: 241381 ns, Cleanup: 36517 ns, At safepoint: 91048 ns, Total: 368946 ns
[2025-04-25T20:59:31.199+0000][289.480s][debug][safepoint   ] Safepoint synchronization initiated using futex wait barrier. (241 threads)
[2025-04-25T20:59:31.199+0000][289.480s][info ][safepoint   ] Safepoint "Cleanup", Time since last: 1000217571 ns, Reaching safepoint: 214270 ns, Cleanup: 33603 ns, At safepoint: 26429 ns, Total: 274302 ns
[2025-04-25T20:59:33.199+0000][291.481s][debug][safepoint   ] Safepoint synchronization initiated using futex wait barrier. (241 threads)
[2025-04-25T20:59:33.200+0000][291.481s][info ][safepoint   ] Safepoint "Cleanup", Time since last: 2000291311 ns, Reaching safepoint: 255915 ns, Cleanup: 42227 ns, At safepoint: 21169 ns, Total: 319311 ns
[2025-04-25T20:59:34.200+0000][292.481s][debug][safepoint   ] Safepoint synchronization initiated using futex wait barrier. (241 threads)
[2025-04-25T20:59:34.200+0000][292.481s][info ][safepoint   ] Safepoint "Cleanup", Time since last: 1000195067 ns, Reaching safepoint: 188588 ns, Cleanup: 44106 ns, At safepoint: 23362 ns, Total: 256056 ns
[2025-04-25T20:59:35.200+0000][293.482s][debug][safepoint   ] Safepoint synchronization initiated using futex wait barrier. (241 threads)
[2025-04-25T20:59:35.201+0000][293.482s][info ][safepoint   ] Safepoint "Cleanup", Time since last: 1000233318 ns, Reaching safepoint: 208283 ns, Cleanup: 36014 ns, At safepoint: 23457 ns, Total: 267754 ns
[2025-04-25T20:59:42.202+0000][300.483s][debug][safepoint   ] Safepoint synchronization initiated using futex wait barrier. (241 threads)
[2025-04-25T20:59:42.202+0000][300.483s][info ][safepoint   ] Safepoint "Cleanup", Time since last: 7001003428 ns, Reaching safepoint: 266441 ns, Cleanup: 38695 ns, At safepoint: 31671 ns, Total: 336807 ns
[2025-04-25T20:59:44.215+0000][302.496s][debug][safepoint   ] Safepoint synchronization initiated using futex wait barrier. (241 threads)
[2025-04-25T20:59:44.215+0000][302.496s][info ][safepoint   ] Safepoint "Cleanup", Time since last: 2012674750 ns, Reaching safepoint: 191184 ns, Cleanup: 82902 ns, At safepoint: 39737 ns, Total: 313823 ns
[2025-04-25T20:59:45.215+0000][303.496s][debug][safepoint   ] Safepoint synchronization initiated using futex wait barrier. (241 threads)
[2025-04-25T20:59:45.215+0000][303.497s][info ][safepoint   ] Safepoint "Cleanup", Time since last: 1000246194 ns, Reaching safepoint: 187668 ns, Cleanup: 32674 ns, At safepoint: 21353 ns, Total: 241695 ns
[2025-04-25T20:59:46.216+0000][304.497s][debug][safepoint   ] Safepoint synchronization initiated using futex wait barrier. (241 threads)
[2025-04-25T20:59:46.216+0000][304.497s][info ][safepoint   ] Safepoint "Cleanup", Time since last: 1000225841 ns, Reaching safepoint: 262083 ns, Cleanup: 34511 ns, At safepoint: 27201 ns, Total: 323795 ns
[2025-04-25T20:59:53.217+0000][311.498s][debug][safepoint   ] Safepoint synchronization initiated using futex wait barrier. (241 threads)
[2025-04-25T20:59:53.217+0000][311.499s][info ][safepoint   ] Safepoint "Cleanup", Time since last: 7001162973 ns, Reaching safepoint: 215495 ns, Cleanup: 35392 ns, At safepoint: 21178 ns, Total: 272065 ns
[2025-04-25T20:59:54.218+0000][312.499s][debug][safepoint   ] Safepoint synchronization initiated using futex wait barrier. (241 threads)
[2025-04-25T20:59:54.218+0000][312.499s][info ][safepoint   ] Safepoint "Cleanup", Time since last: 1000227467 ns, Reaching safepoint: 50474 ns, Cleanup: 9447 ns, At safepoint: 5665 ns, Total: 65586 ns
[2025-04-25T20:59:55.218+0000][313.499s][debug][safepoint   ] Safepoint synchronization initiated using futex wait barrier. (241 threads)
[2025-04-25T20:59:55.218+0000][313.499s][info ][safepoint   ] Safepoint "Cleanup", Time since last: 1000171588 ns, Reaching safepoint: 241216 ns, Cleanup: 42085 ns, At safepoint: 33960 ns, Total: 317261 ns
[2025-04-25T20:59:58.219+0000][316.500s][debug][safepoint   ] Safepoint synchronization initiated using futex wait barrier. (241 threads)
[2025-04-25T20:59:58.219+0000][316.500s][info ][safepoint   ] Safepoint "Cleanup", Time since last: 3000525363 ns, Reaching safepoint: 184901 ns, Cleanup: 60833 ns, At safepoint: 25826 ns, Total: 271560 ns
[2025-04-25T21:00:02.220+0000][320.501s][debug][safepoint   ] Safepoint synchronization initiated using futex wait barrier. (239 threads)
[2025-04-25T21:00:02.220+0000][320.501s][info ][safepoint   ] Safepoint "Cleanup", Time since last: 4000677298 ns, Reaching safepoint: 227201 ns, Cleanup: 36866 ns, At safepoint: 22354 ns, Total: 286421 ns
[2025-04-25T21:00:03.220+0000][321.501s][debug][safepoint   ] Safepoint synchronization initiated using futex wait barrier. (239 threads)
[2025-04-25T21:00:03.221+0000][321.502s][info ][safepoint   ] Safepoint "Cleanup", Time since last: 1000260327 ns, Reaching safepoint: 199659 ns, Cleanup: 40958 ns, At safepoint: 23592 ns, Total: 264209 ns
[2025-04-25T21:00:04.221+0000][322.502s][debug][safepoint   ] Safepoint synchronization initiated using futex wait barrier. (239 threads)
[2025-04-25T21:00:04.221+0000][322.502s][info ][safepoint   ] Safepoint "Cleanup", Time since last: 1000192089 ns, Reaching safepoint: 77953 ns, Cleanup: 17196 ns, At safepoint: 8657 ns, Total: 103806 ns
[2025-04-25T21:00:05.221+0000][323.502s][debug][safepoint   ] Safepoint synchronization initiated using futex wait barrier. (239 threads)
[2025-04-25T21:00:05.221+0000][323.502s][info ][safepoint   ] Safepoint "Cleanup", Time since last: 1000093693 ns, Reaching safepoint: 61321 ns, Cleanup: 11847 ns, At safepoint: 4581 ns, Total: 77749 ns
[2025-04-25T21:00:07.221+0000][325.502s][debug][safepoint   ] Safepoint synchronization initiated using futex wait barrier. (239 threads)
[2025-04-25T21:00:07.222+0000][325.503s][info ][safepoint   ] Safepoint "Cleanup", Time since last: 2000285127 ns, Reaching safepoint: 165235 ns, Cleanup: 30115 ns, At safepoint: 16942 ns, Total: 212292 ns
[2025-04-25T21:00:08.222+0000][326.503s][debug][safepoint   ] Safepoint synchronization initiated using futex wait barrier. (239 threads)
[2025-04-25T21:00:08.222+0000][326.503s][info ][safepoint   ] Safepoint "Cleanup", Time since last: 1000186009 ns, Reaching safepoint: 294102 ns, Cleanup: 61353 ns, At safepoint: 28877 ns, Total: 384332 ns
[2025-04-25T21:00:11.223+0000][329.504s][debug][safepoint   ] Safepoint synchronization initiated using futex wait barrier. (239 threads)
[2025-04-25T21:00:11.223+0000][329.504s][info ][safepoint   ] Safepoint "Cleanup", Time since last: 3000580827 ns, Reaching safepoint: 244491 ns, Cleanup: 38836 ns, At safepoint: 23088 ns, Total: 306415 ns
[2025-04-25T21:00:12.224+0000][330.505s][debug][safepoint   ] Safepoint synchronization initiated using futex wait barrier. (239 threads)
[2025-04-25T21:00:12.224+0000][330.506s][info ][safepoint   ] Safepoint "Cleanup", Time since last: 1001135933 ns, Reaching safepoint: 243610 ns, Cleanup: 64703 ns, At safepoint: 22571 ns, Total: 330884 ns
[2025-04-25T21:00:13.225+0000][331.506s][debug][safepoint   ] Safepoint synchronization initiated using futex wait barrier. (239 threads)
[2025-04-25T21:00:13.225+0000][331.506s][info ][safepoint   ] Safepoint "Cleanup", Time since last: 1000217917 ns, Reaching safepoint: 165973 ns, Cleanup: 32114 ns, At safepoint: 11322 ns, Total: 209409 ns
[2025-04-25T21:00:14.226+0000][332.507s][debug][safepoint   ] Safepoint synchronization initiated using futex wait barrier. (239 threads)
[2025-04-25T21:00:14.226+0000][332.507s][info ][safepoint   ] Safepoint "Cleanup", Time since last: 1000660128 ns, Reaching safepoint: 275848 ns, Cleanup: 65784 ns, At safepoint: 120648 ns, Total: 462280 ns
[2025-04-25T21:00:15.226+0000][333.507s][debug][safepoint   ] Safepoint synchronization initiated using futex wait barrier. (239 threads)
[2025-04-25T21:00:15.227+0000][333.508s][info ][safepoint   ] Safepoint "Cleanup", Time since last: 1000361367 ns, Reaching safepoint: 260898 ns, Cleanup: 33475 ns, At safepoint: 23399 ns, Total: 317772 ns
[2025-04-25T21:00:16.227+0000][334.508s][debug][safepoint   ] Safepoint synchronization initiated using futex wait barrier. (239 threads)
[2025-04-25T21:00:16.227+0000][334.508s][info ][safepoint   ] Safepoint "Cleanup", Time since last: 1000220858 ns, Reaching safepoint: 244974 ns, Cleanup: 35989 ns, At safepoint: 25278 ns, Total: 306241 ns
[2025-04-25T21:00:17.229+0000][335.510s][debug][safepoint   ] Safepoint synchronization initiated using futex wait barrier. (239 threads)
[2025-04-25T21:00:17.229+0000][335.510s][info ][safepoint   ] Safepoint "Cleanup", Time since last: 1001330871 ns, Reaching safepoint: 314750 ns, Cleanup: 34962 ns, At safepoint: 27171 ns, Total: 376883 ns
[2025-04-25T21:00:18.229+0000][336.510s][debug][safepoint   ] Safepoint synchronization initiated using futex wait barrier. (239 threads)
[2025-04-25T21:00:18.231+0000][336.512s][info ][safepoint   ] Safepoint "Cleanup", Time since last: 1000315642 ns, Reaching safepoint: 1464595 ns, Cleanup: 81040 ns, At safepoint: 80883 ns, Total: 1626518 ns
[2025-04-25T21:00:20.232+0000][338.513s][debug][safepoint   ] Safepoint synchronization initiated using futex wait barrier. (239 threads)
[2025-04-25T21:00:20.232+0000][338.514s][info ][safepoint   ] Safepoint "Cleanup", Time since last: 2001072592 ns, Reaching safepoint: 449855 ns, Cleanup: 29720 ns, At safepoint: 21005 ns, Total: 500580 ns
[2025-04-25T21:00:23.233+0000][341.514s][debug][safepoint   ] Safepoint synchronization initiated using futex wait barrier. (238 threads)
[2025-04-25T21:00:23.233+0000][341.514s][info ][safepoint   ] Safepoint "Cleanup", Time since last: 3000503759 ns, Reaching safepoint: 268950 ns, Cleanup: 39583 ns, At safepoint: 22868 ns, Total: 331401 ns
[2025-04-25T21:00:25.234+0000][343.515s][debug][safepoint   ] Safepoint synchronization initiated using futex wait barrier. (238 threads)
[2025-04-25T21:00:25.234+0000][343.515s][info ][safepoint   ] Safepoint "Cleanup", Time since last: 2000685797 ns, Reaching safepoint: 88632 ns, Cleanup: 13971 ns, At safepoint: 6675 ns, Total: 109278 ns
[2025-04-25T21:00:26.234+0000][344.515s][debug][safepoint   ] Safepoint synchronization initiated using futex wait barrier. (238 threads)
[2025-04-25T21:00:26.234+0000][344.515s][info ][safepoint   ] Safepoint "Cleanup", Time since last: 1000129721 ns, Reaching safepoint: 118102 ns, Cleanup: 19000 ns, At safepoint: 6366 ns, Total: 143468 ns
[2025-04-25T21:00:30.235+0000][348.516s][debug][safepoint   ] Safepoint synchronization initiated using futex wait barrier. (238 threads)
[2025-04-25T21:00:30.235+0000][348.516s][info ][safepoint   ] Safepoint "Cleanup", Time since last: 4000705804 ns, Reaching safepoint: 262831 ns, Cleanup: 48496 ns, At safepoint: 26675 ns, Total: 338002 ns
[2025-04-25T21:00:32.236+0000][350.517s][debug][safepoint   ] Safepoint synchronization initiated using futex wait barrier. (238 threads)
[2025-04-25T21:00:32.236+0000][350.517s][info ][safepoint   ] Safepoint "Cleanup", Time since last: 2000330565 ns, Reaching safepoint: 227017 ns, Cleanup: 33018 ns, At safepoint: 23436 ns, Total: 283471 ns
[2025-04-25T21:00:33.236+0000][351.517s][debug][safepoint   ] Safepoint synchronization initiated using futex wait barrier. (238 threads)
[2025-04-25T21:00:33.237+0000][351.518s][info ][safepoint   ] Safepoint "Cleanup", Time since last: 1000255564 ns, Reaching safepoint: 258378 ns, Cleanup: 57719 ns, At safepoint: 68243 ns, Total: 384340 ns
[2025-04-25T21:00:35.237+0000][353.518s][debug][safepoint   ] Safepoint synchronization initiated using futex wait barrier. (238 threads)
[2025-04-25T21:00:35.238+0000][353.519s][info ][safepoint   ] Safepoint "Cleanup", Time since last: 2000683726 ns, Reaching safepoint: 316177 ns, Cleanup: 106939 ns, At safepoint: 33698 ns, Total: 456814 ns
[2025-04-25T21:00:36.238+0000][354.519s][debug][safepoint   ] Safepoint synchronization initiated using futex wait barrier. (238 threads)
[2025-04-25T21:00:36.238+0000][354.520s][info ][safepoint   ] Safepoint "Cleanup", Time since last: 1000324919 ns, Reaching safepoint: 248572 ns, Cleanup: 54130 ns, At safepoint: 27922 ns, Total: 330624 ns
[2025-04-25T21:00:38.239+0000][356.520s][debug][safepoint   ] Safepoint synchronization initiated using futex wait barrier. (238 threads)
[2025-04-25T21:00:38.239+0000][356.520s][info ][safepoint   ] Safepoint "Cleanup", Time since last: 2000511439 ns, Reaching safepoint: 220730 ns, Cleanup: 32538 ns, At safepoint: 23604 ns, Total: 276872 ns
[2025-04-25T21:00:40.240+0000][358.521s][debug][safepoint   ] Safepoint synchronization initiated using futex wait barrier. (238 threads)
[2025-04-25T21:00:40.240+0000][358.521s][info ][safepoint   ] Safepoint "Cleanup", Time since last: 2000307993 ns, Reaching safepoint: 217428 ns, Cleanup: 28783 ns, At safepoint: 15367 ns, Total: 261578 ns
[2025-04-25T21:00:44.240+0000][362.521s][debug][safepoint   ] Safepoint synchronization initiated using futex wait barrier. (238 threads)
[2025-04-25T21:00:44.240+0000][362.521s][info ][safepoint   ] Safepoint "Cleanup", Time since last: 4000425130 ns, Reaching safepoint: 54074 ns, Cleanup: 11272 ns, At safepoint: 5262 ns, Total: 70608 ns
[2025-04-25T21:00:47.241+0000][365.522s][debug][safepoint   ] Safepoint synchronization initiated using futex wait barrier. (238 threads)
[2025-04-25T21:00:47.241+0000][365.522s][info ][safepoint   ] Safepoint "Cleanup", Time since last: 3000413192 ns, Reaching safepoint: 68006 ns, Cleanup: 19452 ns, At safepoint: 7329 ns, Total: 94787 ns
[2025-04-25T21:00:49.241+0000][367.522s][debug][safepoint   ] Safepoint synchronization initiated using futex wait barrier. (238 threads)
[2025-04-25T21:00:49.241+0000][367.522s][info ][safepoint   ] Safepoint "Cleanup", Time since last: 2000237150 ns, Reaching safepoint: 185663 ns, Cleanup: 34702 ns, At safepoint: 16804 ns, Total: 237169 ns
[2025-04-25T21:00:50.242+0000][368.523s][debug][safepoint   ] Safepoint synchronization initiated using futex wait barrier. (238 threads)
[2025-04-25T21:00:50.242+0000][368.523s][info ][safepoint   ] Safepoint "Cleanup", Time since last: 1000278989 ns, Reaching safepoint: 237384 ns, Cleanup: 35490 ns, At safepoint: 21803 ns, Total: 294677 ns
[2025-04-25T21:00:53.243+0000][371.524s][debug][safepoint   ] Safepoint synchronization initiated using futex wait barrier. (238 threads)
[2025-04-25T21:00:53.243+0000][371.524s][info ][safepoint   ] Safepoint "Cleanup", Time since last: 3000792321 ns, Reaching safepoint: 52155 ns, Cleanup: 8574 ns, At safepoint: 4416 ns, Total: 65145 ns
[2025-04-25T21:00:54.243+0000][372.524s][debug][safepoint   ] Safepoint synchronization initiated using futex wait barrier. (238 threads)
[2025-04-25T21:00:54.243+0000][372.524s][info ][safepoint   ] Safepoint "Cleanup", Time since last: 1000074306 ns, Reaching safepoint: 52164 ns, Cleanup: 14517 ns, At safepoint: 4220 ns, Total: 70901 ns
[2025-04-25T21:00:55.243+0000][373.524s][debug][safepoint   ] Safepoint synchronization initiated using futex wait barrier. (238 threads)
[2025-04-25T21:00:55.243+0000][373.524s][info ][safepoint   ] Safepoint "Cleanup", Time since last: 1000181690 ns, Reaching safepoint: 167056 ns, Cleanup: 42279 ns, At safepoint: 31640 ns, Total: 240975 ns
[2025-04-25T21:00:56.244+0000][374.525s][debug][safepoint   ] Safepoint synchronization initiated using futex wait barrier. (238 threads)
[2025-04-25T21:00:56.244+0000][374.525s][info ][safepoint   ] Safepoint "Cleanup", Time since last: 1000290776 ns, Reaching safepoint: 363534 ns, Cleanup: 25323 ns, At safepoint: 19833 ns, Total: 408690 ns
[2025-04-25T21:00:57.244+0000][375.525s][debug][safepoint   ] Safepoint synchronization initiated using futex wait barrier. (238 threads)
[2025-04-25T21:00:57.244+0000][375.525s][info ][safepoint   ] Safepoint "Cleanup", Time since last: 1000254664 ns, Reaching safepoint: 94703 ns, Cleanup: 15123 ns, At safepoint: 12319 ns, Total: 122145 ns
[2025-04-25T21:00:58.245+0000][376.526s][debug][safepoint   ] Safepoint synchronization initiated using futex wait barrier. (238 threads)
[2025-04-25T21:00:58.245+0000][376.526s][info ][safepoint   ] Safepoint "Cleanup", Time since last: 1000225519 ns, Reaching safepoint: 212739 ns, Cleanup: 30849 ns, At safepoint: 19438 ns, Total: 263026 ns
[2025-04-25T21:00:59.245+0000][377.526s][debug][safepoint   ] Safepoint synchronization initiated using futex wait barrier. (238 threads)
[2025-04-25T21:00:59.245+0000][377.526s][info ][safepoint   ] Safepoint "Cleanup", Time since last: 1000171836 ns, Reaching safepoint: 172177 ns, Cleanup: 31771 ns, At safepoint: 16489 ns, Total: 220437 ns
[2025-04-25T21:01:03.247+0000][381.529s][debug][safepoint   ] Safepoint synchronization initiated using futex wait barrier. (236 threads)
[2025-04-25T21:01:03.248+0000][381.529s][info ][safepoint   ] Safepoint "Cleanup", Time since last: 4002206895 ns, Reaching safepoint: 282079 ns, Cleanup: 53129 ns, At safepoint: 25297 ns, Total: 360505 ns
[2025-04-25T21:01:04.248+0000][382.529s][debug][safepoint   ] Safepoint synchronization initiated using futex wait barrier. (236 threads)
[2025-04-25T21:01:04.248+0000][382.529s][info ][safepoint   ] Safepoint "Cleanup", Time since last: 1000251196 ns, Reaching safepoint: 191907 ns, Cleanup: 35214 ns, At safepoint: 20333 ns, Total: 247454 ns
[2025-04-25T21:01:05.248+0000][383.530s][debug][safepoint   ] Safepoint synchronization initiated using futex wait barrier. (236 threads)
[2025-04-25T21:01:05.249+0000][383.530s][info ][safepoint   ] Safepoint "Cleanup", Time since last: 1000204476 ns, Reaching safepoint: 164209 ns, Cleanup: 23701 ns, At safepoint: 15770 ns, Total: 203680 ns
[2025-04-25T21:01:08.249+0000][386.530s][debug][safepoint   ] Safepoint synchronization initiated using futex wait barrier. (236 threads)
[2025-04-25T21:01:08.249+0000][386.530s][info ][safepoint   ] Safepoint "Cleanup", Time since last: 3000400503 ns, Reaching safepoint: 189362 ns, Cleanup: 41279 ns, At safepoint: 16937 ns, Total: 247578 ns
[2025-04-25T21:01:12.250+0000][390.531s][debug][safepoint   ] Safepoint synchronization initiated using futex wait barrier. (236 threads)
[2025-04-25T21:01:12.250+0000][390.531s][info ][safepoint   ] Safepoint "Cleanup", Time since last: 4000593111 ns, Reaching safepoint: 184975 ns, Cleanup: 34063 ns, At safepoint: 53611 ns, Total: 272649 ns
[2025-04-25T21:01:15.251+0000][393.532s][debug][safepoint   ] Safepoint synchronization initiated using futex wait barrier. (236 threads)
[2025-04-25T21:01:15.251+0000][393.532s][info ][safepoint   ] Safepoint "Cleanup", Time since last: 3000541139 ns, Reaching safepoint: 254573 ns, Cleanup: 40212 ns, At safepoint: 45809 ns, Total: 340594 ns
[2025-04-25T21:01:19.252+0000][397.533s][debug][safepoint   ] Safepoint synchronization initiated using futex wait barrier. (236 threads)
[2025-04-25T21:01:19.252+0000][397.533s][info ][safepoint   ] Safepoint "Cleanup", Time since last: 4000974800 ns, Reaching safepoint: 82388 ns, Cleanup: 37275 ns, At safepoint: 8692 ns, Total: 128355 ns
[2025-04-25T21:01:21.252+0000][399.534s][debug][safepoint   ] Safepoint synchronization initiated using futex wait barrier. (236 threads)
[2025-04-25T21:01:21.253+0000][399.534s][info ][safepoint   ] Safepoint "Cleanup", Time since last: 2000268153 ns, Reaching safepoint: 199600 ns, Cleanup: 132114 ns, At safepoint: 21371 ns, Total: 353085 ns
[2025-04-25T21:01:22.253+0000][400.534s][debug][safepoint   ] Safepoint synchronization initiated using futex wait barrier. (239 threads)
[2025-04-25T21:01:22.253+0000][400.534s][info ][safepoint   ] Safepoint "Cleanup", Time since last: 1000136074 ns, Reaching safepoint: 166062 ns, Cleanup: 105226 ns, At safepoint: 19391 ns, Total: 290679 ns
[2025-04-25T21:01:23.253+0000][401.534s][debug][safepoint   ] Safepoint synchronization initiated using futex wait barrier. (240 threads)
[2025-04-25T21:01:23.253+0000][401.535s][info ][safepoint   ] Safepoint "Cleanup", Time since last: 1000122483 ns, Reaching safepoint: 64050 ns, Cleanup: 15571 ns, At safepoint: 4567 ns, Total: 84188 ns
[2025-04-25T21:01:25.503+0000][403.784s][debug][safepoint   ] Safepoint synchronization initiated using futex wait barrier. (241 threads)
[2025-04-25T21:01:25.503+0000][403.784s][info ][safepoint   ] Safepoint "Cleanup", Time since last: 2249588118 ns, Reaching safepoint: 72719 ns, Cleanup: 16651 ns, At safepoint: 11017 ns, Total: 100387 ns
[2025-04-25T21:01:25.718+0000][403.999s][debug][safepoint   ] Safepoint synchronization initiated using futex wait barrier. (242 threads)
[2025-04-25T21:01:25.719+0000][404.000s][info ][safepoint   ] Safepoint "ICBufferFull", Time since last: 214560394 ns, Reaching safepoint: 908766 ns, Cleanup: 206407 ns, At safepoint: 50822 ns, Total: 1165995 ns
[2025-04-25T21:01:27.460+0000][405.742s][debug][safepoint   ] Safepoint synchronization initiated using futex wait barrier. (242 threads)
[2025-04-25T21:01:27.461+0000][405.742s][info ][safepoint   ] Safepoint "Cleanup", Time since last: 1741610570 ns, Reaching safepoint: 217998 ns, Cleanup: 122319 ns, At safepoint: 26187 ns, Total: 366504 ns
[2025-04-25T21:01:28.462+0000][406.743s][debug][safepoint   ] Safepoint synchronization initiated using futex wait barrier. (242 threads)
[2025-04-25T21:01:28.462+0000][406.743s][info ][safepoint   ] Safepoint "Cleanup", Time since last: 1000808407 ns, Reaching safepoint: 47994 ns, Cleanup: 8274 ns, At safepoint: 4185 ns, Total: 60453 ns
[2025-04-25T21:01:32.462+0000][410.743s][debug][safepoint   ] Safepoint synchronization initiated using futex wait barrier. (242 threads)
[2025-04-25T21:01:32.463+0000][410.744s][info ][safepoint   ] Safepoint "Cleanup", Time since last: 4000691788 ns, Reaching safepoint: 123764 ns, Cleanup: 19303 ns, At safepoint: 12682 ns, Total: 155749 ns
[2025-04-25T21:01:33.463+0000][411.744s][debug][safepoint   ] Safepoint synchronization initiated using futex wait barrier. (242 threads)
[2025-04-25T21:01:33.463+0000][411.744s][info ][safepoint   ] Safepoint "Cleanup", Time since last: 1000113669 ns, Reaching safepoint: 266536 ns, Cleanup: 74353 ns, At safepoint: 15690 ns, Total: 356579 ns
[2025-04-25T21:01:35.463+0000][413.744s][debug][safepoint   ] Safepoint synchronization initiated using futex wait barrier. (242 threads)
[2025-04-25T21:01:35.463+0000][413.744s][info ][safepoint   ] Safepoint "Cleanup", Time since last: 2000195640 ns, Reaching safepoint: 71775 ns, Cleanup: 23227 ns, At safepoint: 5159 ns, Total: 100161 ns
[2025-04-25T21:01:36.463+0000][414.745s][debug][safepoint   ] Safepoint synchronization initiated using futex wait barrier. (242 threads)
[2025-04-25T21:01:36.464+0000][414.745s][info ][safepoint   ] Safepoint "Cleanup", Time since last: 1000177732 ns, Reaching safepoint: 177091 ns, Cleanup: 21686 ns, At safepoint: 16872 ns, Total: 215649 ns
[2025-04-25T21:01:37.464+0000][415.745s][debug][safepoint   ] Safepoint synchronization initiated using futex wait barrier. (242 threads)
[2025-04-25T21:01:37.464+0000][415.745s][info ][safepoint   ] Safepoint "Cleanup", Time since last: 1000210908 ns, Reaching safepoint: 258640 ns, Cleanup: 32773 ns, At safepoint: 48342 ns, Total: 339755 ns
[2025-04-25T21:01:38.446+0000][416.727s][debug][safepoint   ] Safepoint synchronization initiated using futex wait barrier. (242 threads)
[2025-04-25T21:01:38.446+0000][416.727s][info ][gc,start    ] GC(65) Pause Young (Prepare Mixed) (G1 Evacuation Pause)
[2025-04-25T21:01:38.446+0000][416.727s][info ][gc,task     ] GC(65) Using 4 workers of 4 for evacuation
[2025-04-25T21:01:38.484+0000][416.765s][info ][gc,phases   ] GC(65)   Pre Evacuate Collection Set: 0.2ms
[2025-04-25T21:01:38.484+0000][416.765s][info ][gc,phases   ] GC(65)   Merge Heap Roots: 0.3ms
[2025-04-25T21:01:38.484+0000][416.765s][info ][gc,phases   ] GC(65)   Evacuate Collection Set: 32.0ms
[2025-04-25T21:01:38.484+0000][416.765s][info ][gc,phases   ] GC(65)   Post Evacuate Collection Set: 5.4ms
[2025-04-25T21:01:38.484+0000][416.765s][info ][gc,phases   ] GC(65)   Other: 0.2ms
[2025-04-25T21:01:38.484+0000][416.765s][info ][gc,heap     ] GC(65) Eden regions: 398->0(19)
[2025-04-25T21:01:38.484+0000][416.765s][info ][gc,heap     ] GC(65) Survivor regions: 12->15(52)
[2025-04-25T21:01:38.484+0000][416.765s][info ][gc,heap     ] GC(65) Old regions: 171->171
[2025-04-25T21:01:38.484+0000][416.765s][info ][gc,heap     ] GC(65) Archive regions: 2->2
[2025-04-25T21:01:38.484+0000][416.765s][info ][gc,heap     ] GC(65) Humongous regions: 0->0
[2025-04-25T21:01:38.484+0000][416.765s][info ][gc,metaspace] GC(65) Metaspace: 193190K(194624K)->193190K(194624K) NonClass: 169734K(170496K)->169734K(170496K) Class: 23455K(24128K)->23455K(24128K)
[2025-04-25T21:01:38.484+0000][416.765s][info ][gc          ] GC(65) Pause Young (Prepare Mixed) (G1 Evacuation Pause) 580M->185M(687M) 38.241ms
[2025-04-25T21:01:38.484+0000][416.765s][info ][gc,cpu      ] GC(65) User=0.08s Sys=0.01s Real=0.04s
[2025-04-25T21:01:38.485+0000][416.766s][info ][safepoint   ] Safepoint "G1CollectForAllocation", Time since last: 981626395 ns, Reaching safepoint: 77987 ns, Cleanup: 17618 ns, At safepoint: 38993559 ns, Total: 39089164 ns
[2025-04-25T21:01:39.485+0000][417.766s][debug][safepoint   ] Safepoint synchronization initiated using futex wait barrier. (242 threads)
[2025-04-25T21:01:39.486+0000][417.767s][info ][safepoint   ] Safepoint "Cleanup", Time since last: 1000328544 ns, Reaching safepoint: 182246 ns, Cleanup: 39527 ns, At safepoint: 23526 ns, Total: 245299 ns
[2025-04-25T21:01:40.487+0000][418.768s][debug][safepoint   ] Safepoint synchronization initiated using futex wait barrier. (242 threads)
[2025-04-25T21:01:40.488+0000][418.769s][info ][safepoint   ] Safepoint "Cleanup", Time since last: 1001356855 ns, Reaching safepoint: 227372 ns, Cleanup: 432162 ns, At safepoint: 109782 ns, Total: 769316 ns
[2025-04-25T21:01:41.488+0000][419.769s][debug][safepoint   ] Safepoint synchronization initiated using futex wait barrier. (242 threads)
[2025-04-25T21:01:41.488+0000][419.769s][info ][safepoint   ] Safepoint "Cleanup", Time since last: 1000387442 ns, Reaching safepoint: 209122 ns, Cleanup: 33172 ns, At safepoint: 21780 ns, Total: 264074 ns
[2025-04-25T21:01:43.304+0000][421.585s][debug][safepoint   ] Safepoint synchronization initiated using futex wait barrier. (242 threads)
[2025-04-25T21:01:43.305+0000][421.586s][info ][safepoint   ] Safepoint "Cleanup", Time since last: 1816072631 ns, Reaching safepoint: 98252 ns, Cleanup: 18630 ns, At safepoint: 6157 ns, Total: 123039 ns
[2025-04-25T21:01:44.305+0000][422.586s][debug][safepoint   ] Safepoint synchronization initiated using futex wait barrier. (242 threads)
[2025-04-25T21:01:44.305+0000][422.586s][info ][safepoint   ] Safepoint "Cleanup", Time since last: 1000165805 ns, Reaching safepoint: 197811 ns, Cleanup: 52621 ns, At safepoint: 50020 ns, Total: 300452 ns
[2025-04-25T21:01:45.305+0000][423.586s][debug][safepoint   ] Safepoint synchronization initiated using futex wait barrier. (242 threads)
[2025-04-25T21:01:45.305+0000][423.586s][info ][safepoint   ] Safepoint "Cleanup", Time since last: 1000191749 ns, Reaching safepoint: 159670 ns, Cleanup: 30103 ns, At safepoint: 17328 ns, Total: 207101 ns
[2025-04-25T21:01:47.306+0000][425.587s][debug][safepoint   ] Safepoint synchronization initiated using futex wait barrier. (242 threads)
[2025-04-25T21:01:47.306+0000][425.587s][info ][safepoint   ] Safepoint "Cleanup", Time since last: 2000324025 ns, Reaching safepoint: 162881 ns, Cleanup: 32376 ns, At safepoint: 17811 ns, Total: 213068 ns
[2025-04-25T21:01:48.306+0000][426.587s][debug][safepoint   ] Safepoint synchronization initiated using futex wait barrier. (242 threads)
[2025-04-25T21:01:48.306+0000][426.587s][info ][safepoint   ] Safepoint "Cleanup", Time since last: 1000167016 ns, Reaching safepoint: 198783 ns, Cleanup: 28139 ns, At safepoint: 15926 ns, Total: 242848 ns
[2025-04-25T21:01:49.101+0000][427.382s][debug][safepoint   ] Safepoint synchronization initiated using futex wait barrier. (242 threads)
[2025-04-25T21:01:49.101+0000][427.382s][info ][gc,start    ] GC(66) Pause Young (Mixed) (G1 Evacuation Pause)
[2025-04-25T21:01:49.101+0000][427.382s][info ][gc,task     ] GC(66) Using 4 workers of 4 for evacuation
[2025-04-25T21:01:49.120+0000][427.401s][info ][gc,phases   ] GC(66)   Pre Evacuate Collection Set: 0.2ms
[2025-04-25T21:01:49.120+0000][427.401s][info ][gc,phases   ] GC(66)   Merge Heap Roots: 0.1ms
[2025-04-25T21:01:49.120+0000][427.401s][info ][gc,phases   ] GC(66)   Evacuate Collection Set: 16.6ms
[2025-04-25T21:01:49.120+0000][427.401s][info ][gc,phases   ] GC(66)   Post Evacuate Collection Set: 1.8ms
[2025-04-25T21:01:49.120+0000][427.401s][info ][gc,phases   ] GC(66)   Other: 0.2ms
[2025-04-25T21:01:49.120+0000][427.401s][info ][gc,heap     ] GC(66) Eden regions: 19->0(407)
[2025-04-25T21:01:49.120+0000][427.401s][info ][gc,heap     ] GC(66) Survivor regions: 15->2(5)
[2025-04-25T21:01:49.120+0000][427.401s][info ][gc,heap     ] GC(66) Old regions: 171->177
[2025-04-25T21:01:49.120+0000][427.401s][info ][gc,heap     ] GC(66) Archive regions: 2->2
[2025-04-25T21:01:49.120+0000][427.401s][info ][gc,heap     ] GC(66) Humongous regions: 0->0
[2025-04-25T21:01:49.120+0000][427.401s][info ][gc,metaspace] GC(66) Metaspace: 193265K(194688K)->193265K(194688K) NonClass: 169805K(170560K)->169805K(170560K) Class: 23460K(24128K)->23460K(24128K)
[2025-04-25T21:01:49.120+0000][427.401s][info ][gc          ] GC(66) Pause Young (Mixed) (G1 Evacuation Pause) 204M->179M(687M) 18.991ms
[2025-04-25T21:01:49.120+0000][427.401s][info ][gc,cpu      ] GC(66) User=0.06s Sys=0.00s Real=0.02s
[2025-04-25T21:01:49.120+0000][427.401s][info ][safepoint   ] Safepoint "G1CollectForAllocation", Time since last: 794221471 ns, Reaching safepoint: 67154 ns, Cleanup: 30662 ns, At safepoint: 19264036 ns, Total: 19361852 ns
[2025-04-25T21:01:50.120+0000][428.401s][debug][safepoint   ] Safepoint synchronization initiated using futex wait barrier. (242 threads)
[2025-04-25T21:01:50.120+0000][428.401s][info ][safepoint   ] Safepoint "Cleanup", Time since last: 1000096972 ns, Reaching safepoint: 63923 ns, Cleanup: 32195 ns, At safepoint: 6008 ns, Total: 102126 ns
[2025-04-25T21:01:52.120+0000][430.402s][debug][safepoint   ] Safepoint synchronization initiated using futex wait barrier. (242 threads)
[2025-04-25T21:01:52.121+0000][430.402s][info ][safepoint   ] Safepoint "Cleanup", Time since last: 2000300263 ns, Reaching safepoint: 217253 ns, Cleanup: 20827 ns, At safepoint: 45246 ns, Total: 283326 ns
[2025-04-25T21:01:53.121+0000][431.402s][debug][safepoint   ] Safepoint synchronization initiated using futex wait barrier. (242 threads)
[2025-04-25T21:01:53.121+0000][431.402s][info ][safepoint   ] Safepoint "Cleanup", Time since last: 1000092954 ns, Reaching safepoint: 64558 ns, Cleanup: 10897 ns, At safepoint: 5773 ns, Total: 81228 ns
[2025-04-25T21:01:54.121+0000][432.402s][debug][safepoint   ] Safepoint synchronization initiated using futex wait barrier. (242 threads)
[2025-04-25T21:01:54.121+0000][432.402s][info ][safepoint   ] Safepoint "Cleanup", Time since last: 1000117482 ns, Reaching safepoint: 210303 ns, Cleanup: 15767 ns, At safepoint: 11124 ns, Total: 237194 ns
[2025-04-25T21:01:55.121+0000][433.403s][debug][safepoint   ] Safepoint synchronization initiated using futex wait barrier. (242 threads)
[2025-04-25T21:01:55.122+0000][433.403s][info ][safepoint   ] Safepoint "Cleanup", Time since last: 1000203629 ns, Reaching safepoint: 233674 ns, Cleanup: 48546 ns, At safepoint: 21713 ns, Total: 303933 ns
[2025-04-25T21:01:56.122+0000][434.403s][debug][safepoint   ] Safepoint synchronization initiated using futex wait barrier. (242 threads)
[2025-04-25T21:01:56.122+0000][434.403s][info ][safepoint   ] Safepoint "Cleanup", Time since last: 1000231546 ns, Reaching safepoint: 232631 ns, Cleanup: 33362 ns, At safepoint: 21625 ns, Total: 287618 ns
[2025-04-25T21:02:01.125+0000][439.406s][debug][safepoint   ] Safepoint synchronization initiated using futex wait barrier. (241 threads)
[2025-04-25T21:02:01.126+0000][439.407s][info ][safepoint   ] Safepoint "Cleanup", Time since last: 5003002115 ns, Reaching safepoint: 233511 ns, Cleanup: 30267 ns, At safepoint: 22705 ns, Total: 286483 ns
[2025-04-25T21:02:02.126+0000][440.407s][debug][safepoint   ] Safepoint synchronization initiated using futex wait barrier. (241 threads)
[2025-04-25T21:02:02.126+0000][440.407s][info ][safepoint   ] Safepoint "Cleanup", Time since last: 1000211123 ns, Reaching safepoint: 99808 ns, Cleanup: 19118 ns, At safepoint: 6877 ns, Total: 125803 ns
[2025-04-25T21:02:03.126+0000][441.407s][debug][safepoint   ] Safepoint synchronization initiated using futex wait barrier. (241 threads)
[2025-04-25T21:02:03.126+0000][441.407s][info ][safepoint   ] Safepoint "Cleanup", Time since last: 1000092527 ns, Reaching safepoint: 73978 ns, Cleanup: 12995 ns, At safepoint: 6395 ns, Total: 93368 ns
[2025-04-25T21:02:04.126+0000][442.407s][debug][safepoint   ] Safepoint synchronization initiated using futex wait barrier. (241 threads)
[2025-04-25T21:02:04.126+0000][442.407s][info ][safepoint   ] Safepoint "Cleanup", Time since last: 1000086075 ns, Reaching safepoint: 54518 ns, Cleanup: 14824 ns, At safepoint: 4103 ns, Total: 73445 ns
[2025-04-25T21:02:06.126+0000][444.407s][debug][safepoint   ] Safepoint synchronization initiated using futex wait barrier. (241 threads)
[2025-04-25T21:02:06.126+0000][444.408s][info ][safepoint   ] Safepoint "Cleanup", Time since last: 2000124490 ns, Reaching safepoint: 57396 ns, Cleanup: 8126 ns, At safepoint: 4084 ns, Total: 69606 ns
[2025-04-25T21:02:08.127+0000][446.408s][debug][safepoint   ] Safepoint synchronization initiated using futex wait barrier. (241 threads)
[2025-04-25T21:02:08.127+0000][446.408s][info ][safepoint   ] Safepoint "Cleanup", Time since last: 2000264902 ns, Reaching safepoint: 89906 ns, Cleanup: 17593 ns, At safepoint: 3805 ns, Total: 111304 ns
[2025-04-25T21:02:09.127+0000][447.408s][debug][safepoint   ] Safepoint synchronization initiated using futex wait barrier. (241 threads)
[2025-04-25T21:02:09.127+0000][447.408s][info ][safepoint   ] Safepoint "Cleanup", Time since last: 1000115335 ns, Reaching safepoint: 151048 ns, Cleanup: 33187 ns, At safepoint: 15890 ns, Total: 200125 ns
[2025-04-25T21:02:11.099+0000][449.380s][debug][safepoint   ] Safepoint synchronization initiated using futex wait barrier. (241 threads)
[2025-04-25T21:02:11.099+0000][449.381s][info ][safepoint   ] Safepoint "Cleanup", Time since last: 1972072802 ns, Reaching safepoint: 121466 ns, Cleanup: 170750 ns, At safepoint: 18103 ns, Total: 310319 ns
[2025-04-25T21:02:12.100+0000][450.381s][debug][safepoint   ] Safepoint synchronization initiated using futex wait barrier. (241 threads)
[2025-04-25T21:02:12.100+0000][450.381s][info ][safepoint   ] Safepoint "Cleanup", Time since last: 1000178214 ns, Reaching safepoint: 219748 ns, Cleanup: 134073 ns, At safepoint: 25655 ns, Total: 379476 ns
[2025-04-25T21:02:14.100+0000][452.381s][debug][safepoint   ] Safepoint synchronization initiated using futex wait barrier. (241 threads)
[2025-04-25T21:02:14.100+0000][452.382s][info ][safepoint   ] Safepoint "Cleanup", Time since last: 2000225099 ns, Reaching safepoint: 152562 ns, Cleanup: 28535 ns, At safepoint: 14988 ns, Total: 196085 ns
[2025-04-25T21:02:15.101+0000][453.382s][debug][safepoint   ] Safepoint synchronization initiated using futex wait barrier. (241 threads)
[2025-04-25T21:02:15.101+0000][453.382s][info ][safepoint   ] Safepoint "Cleanup", Time since last: 1000124753 ns, Reaching safepoint: 89607 ns, Cleanup: 37748 ns, At safepoint: 13580 ns, Total: 140935 ns
[2025-04-25T21:02:16.101+0000][454.382s][debug][safepoint   ] Safepoint synchronization initiated using futex wait barrier. (241 threads)
[2025-04-25T21:02:16.101+0000][454.382s][info ][safepoint   ] Safepoint "Cleanup", Time since last: 1000102002 ns, Reaching safepoint: 89893 ns, Cleanup: 18809 ns, At safepoint: 7385 ns, Total: 116087 ns
[2025-04-25T21:02:18.101+0000][456.382s][debug][safepoint   ] Safepoint synchronization initiated using futex wait barrier. (241 threads)
[2025-04-25T21:02:18.101+0000][456.382s][info ][safepoint   ] Safepoint "Cleanup", Time since last: 2000288274 ns, Reaching safepoint: 62473 ns, Cleanup: 12906 ns, At safepoint: 5053 ns, Total: 80432 ns
[2025-04-25T21:02:20.102+0000][458.383s][debug][safepoint   ] Safepoint synchronization initiated using futex wait barrier. (241 threads)
[2025-04-25T21:02:20.102+0000][458.383s][info ][safepoint   ] Safepoint "Cleanup", Time since last: 2000314257 ns, Reaching safepoint: 170851 ns, Cleanup: 35541 ns, At safepoint: 18985 ns, Total: 225377 ns
[2025-04-25T21:02:21.102+0000][459.383s][debug][safepoint   ] Safepoint synchronization initiated using futex wait barrier. (241 threads)
[2025-04-25T21:02:21.102+0000][459.383s][info ][safepoint   ] Safepoint "Cleanup", Time since last: 1000189783 ns, Reaching safepoint: 168091 ns, Cleanup: 31990 ns, At safepoint: 20093 ns, Total: 220174 ns
[2025-04-25T21:02:27.103+0000][465.384s][debug][safepoint   ] Safepoint synchronization initiated using futex wait barrier. (241 threads)
[2025-04-25T21:02:27.104+0000][465.385s][info ][safepoint   ] Safepoint "Cleanup", Time since last: 6001101548 ns, Reaching safepoint: 184501 ns, Cleanup: 115872 ns, At safepoint: 30791 ns, Total: 331164 ns
[2025-04-25T21:02:28.104+0000][466.385s][debug][safepoint   ] Safepoint synchronization initiated using futex wait barrier. (241 threads)
[2025-04-25T21:02:28.104+0000][466.385s][info ][safepoint   ] Safepoint "Cleanup", Time since last: 1000178016 ns, Reaching safepoint: 82561 ns, Cleanup: 19971 ns, At safepoint: 10984 ns, Total: 113516 ns
[2025-04-25T21:02:34.105+0000][472.386s][debug][safepoint   ] Safepoint synchronization initiated using futex wait barrier. (241 threads)
[2025-04-25T21:02:34.105+0000][472.386s][info ][safepoint   ] Safepoint "Cleanup", Time since last: 6001076786 ns, Reaching safepoint: 214332 ns, Cleanup: 33748 ns, At safepoint: 30400 ns, Total: 278480 ns
[2025-04-25T21:02:35.106+0000][473.387s][debug][safepoint   ] Safepoint synchronization initiated using futex wait barrier. (241 threads)
[2025-04-25T21:02:35.106+0000][473.387s][info ][safepoint   ] Safepoint "Cleanup", Time since last: 1000717918 ns, Reaching safepoint: 102726 ns, Cleanup: 19491 ns, At safepoint: 9092 ns, Total: 131309 ns
[2025-04-25T21:02:44.341+0000][482.622s][debug][safepoint   ] Safepoint synchronization initiated using futex wait barrier. (241 threads)
[2025-04-25T21:02:44.341+0000][482.622s][info ][safepoint   ] Safepoint "Cleanup", Time since last: 9234919659 ns, Reaching safepoint: 168699 ns, Cleanup: 28575 ns, At safepoint: 16642 ns, Total: 213916 ns
[2025-04-25T21:02:45.342+0000][483.623s][debug][safepoint   ] Safepoint synchronization initiated using futex wait barrier. (241 threads)
[2025-04-25T21:02:45.342+0000][483.623s][info ][safepoint   ] Safepoint "Cleanup", Time since last: 1000794378 ns, Reaching safepoint: 190631 ns, Cleanup: 28627 ns, At safepoint: 18000 ns, Total: 237258 ns
[2025-04-25T21:02:52.343+0000][490.624s][debug][safepoint   ] Safepoint synchronization initiated using futex wait barrier. (241 threads)
[2025-04-25T21:02:52.344+0000][490.625s][info ][safepoint   ] Safepoint "Cleanup", Time since last: 7000963585 ns, Reaching safepoint: 172288 ns, Cleanup: 30602 ns, At safepoint: 21139 ns, Total: 224029 ns
[2025-04-25T21:02:53.344+0000][491.625s][debug][safepoint   ] Safepoint synchronization initiated using futex wait barrier. (241 threads)
[2025-04-25T21:02:53.344+0000][491.625s][info ][safepoint   ] Safepoint "Cleanup", Time since last: 1000176292 ns, Reaching safepoint: 74613 ns, Cleanup: 19395 ns, At safepoint: 8729 ns, Total: 102737 ns
[2025-04-25T21:02:54.344+0000][492.625s][debug][safepoint   ] Safepoint synchronization initiated using futex wait barrier. (241 threads)
[2025-04-25T21:02:54.344+0000][492.625s][info ][safepoint   ] Safepoint "Cleanup", Time since last: 1000163220 ns, Reaching safepoint: 206830 ns, Cleanup: 52839 ns, At safepoint: 21754 ns, Total: 281423 ns
[2025-04-25T21:02:58.345+0000][496.626s][debug][safepoint   ] Safepoint synchronization initiated using futex wait barrier. (241 threads)
[2025-04-25T21:02:58.345+0000][496.626s][info ][safepoint   ] Safepoint "Cleanup", Time since last: 4000638838 ns, Reaching safepoint: 182590 ns, Cleanup: 25343 ns, At safepoint: 16128 ns, Total: 224061 ns
[2025-04-25T21:02:59.345+0000][497.626s][debug][safepoint   ] Safepoint synchronization initiated using futex wait barrier. (241 threads)
[2025-04-25T21:02:59.346+0000][497.627s][info ][safepoint   ] Safepoint "Cleanup", Time since last: 1000228720 ns, Reaching safepoint: 177752 ns, Cleanup: 80103 ns, At safepoint: 25507 ns, Total: 283362 ns
[2025-04-25T21:03:02.346+0000][500.627s][debug][safepoint   ] Safepoint synchronization initiated using futex wait barrier. (240 threads)
[2025-04-25T21:03:02.346+0000][500.627s][info ][safepoint   ] Safepoint "Cleanup", Time since last: 3000488483 ns, Reaching safepoint: 167727 ns, Cleanup: 28837 ns, At safepoint: 21179 ns, Total: 217743 ns
[2025-04-25T21:03:03.347+0000][501.628s][debug][safepoint   ] Safepoint synchronization initiated using futex wait barrier. (240 threads)
[2025-04-25T21:03:03.347+0000][501.628s][info ][safepoint   ] Safepoint "Cleanup", Time since last: 1000267878 ns, Reaching safepoint: 174450 ns, Cleanup: 71135 ns, At safepoint: 21041 ns, Total: 266626 ns
[2025-04-25T21:03:05.347+0000][503.628s][debug][safepoint   ] Safepoint synchronization initiated using futex wait barrier. (240 threads)
[2025-04-25T21:03:05.347+0000][503.628s][info ][safepoint   ] Safepoint "Cleanup", Time since last: 2000241959 ns, Reaching safepoint: 159379 ns, Cleanup: 35200 ns, At safepoint: 17769 ns, Total: 212348 ns
[2025-04-25T21:03:07.348+0000][505.629s][debug][safepoint   ] Safepoint synchronization initiated using futex wait barrier. (240 threads)
[2025-04-25T21:03:07.348+0000][505.629s][info ][safepoint   ] Safepoint "Cleanup", Time since last: 2000412907 ns, Reaching safepoint: 184340 ns, Cleanup: 44510 ns, At safepoint: 20425 ns, Total: 249275 ns
[2025-04-25T21:03:08.348+0000][506.629s][debug][safepoint   ] Safepoint synchronization initiated using futex wait barrier. (240 threads)
[2025-04-25T21:03:08.348+0000][506.629s][info ][safepoint   ] Safepoint "Cleanup", Time since last: 1000197761 ns, Reaching safepoint: 67761 ns, Cleanup: 13529 ns, At safepoint: 7660 ns, Total: 88950 ns
[2025-04-25T21:03:09.348+0000][507.630s][debug][safepoint   ] Safepoint synchronization initiated using futex wait barrier. (240 threads)
[2025-04-25T21:03:09.349+0000][507.630s][info ][safepoint   ] Safepoint "Cleanup", Time since last: 1000120999 ns, Reaching safepoint: 217942 ns, Cleanup: 36172 ns, At safepoint: 22718 ns, Total: 276832 ns
[2025-04-25T21:03:15.350+0000][513.631s][debug][safepoint   ] Safepoint synchronization initiated using futex wait barrier. (239 threads)
[2025-04-25T21:03:15.350+0000][513.631s][info ][safepoint   ] Safepoint "Cleanup", Time since last: 6000874124 ns, Reaching safepoint: 223516 ns, Cleanup: 29687 ns, At safepoint: 22178 ns, Total: 275381 ns
[2025-04-25T21:03:16.350+0000][514.631s][debug][safepoint   ] Safepoint synchronization initiated using futex wait barrier. (239 threads)
[2025-04-25T21:03:16.350+0000][514.631s][info ][safepoint   ] Safepoint "Cleanup", Time since last: 1000209105 ns, Reaching safepoint: 182111 ns, Cleanup: 41634 ns, At safepoint: 22508 ns, Total: 246253 ns
[2025-04-25T21:03:19.351+0000][517.632s][debug][safepoint   ] Safepoint synchronization initiated using futex wait barrier. (239 threads)
[2025-04-25T21:03:19.351+0000][517.632s][info ][safepoint   ] Safepoint "Cleanup", Time since last: 3000538618 ns, Reaching safepoint: 250913 ns, Cleanup: 36398 ns, At safepoint: 25375 ns, Total: 312686 ns
[2025-04-25T21:03:22.352+0000][520.633s][debug][safepoint   ] Safepoint synchronization initiated using futex wait barrier. (239 threads)
[2025-04-25T21:03:22.352+0000][520.633s][info ][safepoint   ] Safepoint "Cleanup", Time since last: 3000562762 ns, Reaching safepoint: 175370 ns, Cleanup: 35174 ns, At safepoint: 19404 ns, Total: 229948 ns
[2025-04-25T21:03:24.352+0000][522.633s][debug][safepoint   ] Safepoint synchronization initiated using futex wait barrier. (239 threads)
[2025-04-25T21:03:24.353+0000][522.634s][info ][safepoint   ] Safepoint "Cleanup", Time since last: 2000391469 ns, Reaching safepoint: 166695 ns, Cleanup: 29636 ns, At safepoint: 21543 ns, Total: 217874 ns
[2025-04-25T21:03:33.354+0000][531.635s][debug][safepoint   ] Safepoint synchronization initiated using futex wait barrier. (239 threads)
[2025-04-25T21:03:33.354+0000][531.635s][info ][safepoint   ] Safepoint "Cleanup", Time since last: 9001095103 ns, Reaching safepoint: 193402 ns, Cleanup: 34856 ns, At safepoint: 20930 ns, Total: 249188 ns
[2025-04-25T21:03:35.354+0000][533.635s][debug][safepoint   ] Safepoint synchronization initiated using futex wait barrier. (239 threads)
[2025-04-25T21:03:35.355+0000][533.636s][info ][safepoint   ] Safepoint "Cleanup", Time since last: 2000213540 ns, Reaching safepoint: 329485 ns, Cleanup: 50841 ns, At safepoint: 24519 ns, Total: 404845 ns
[2025-04-25T21:03:39.355+0000][537.636s][debug][safepoint   ] Safepoint synchronization initiated using futex wait barrier. (239 threads)
[2025-04-25T21:03:39.355+0000][537.636s][info ][safepoint   ] Safepoint "Cleanup", Time since last: 4000627761 ns, Reaching safepoint: 178633 ns, Cleanup: 29592 ns, At safepoint: 23275 ns, Total: 231500 ns
[2025-04-25T21:03:40.356+0000][538.637s][debug][safepoint   ] Safepoint synchronization initiated using futex wait barrier. (239 threads)
[2025-04-25T21:03:40.356+0000][538.637s][info ][safepoint   ] Safepoint "Cleanup", Time since last: 1000174411 ns, Reaching safepoint: 264156 ns, Cleanup: 39114 ns, At safepoint: 20455 ns, Total: 323725 ns
[2025-04-25T21:03:41.356+0000][539.637s][debug][safepoint   ] Safepoint synchronization initiated using futex wait barrier. (239 threads)
[2025-04-25T21:03:41.357+0000][539.638s][info ][safepoint   ] Safepoint "Cleanup", Time since last: 1000306450 ns, Reaching safepoint: 264996 ns, Cleanup: 38533 ns, At safepoint: 23773 ns, Total: 327302 ns
[2025-04-25T21:03:42.357+0000][540.638s][debug][safepoint   ] Safepoint synchronization initiated using futex wait barrier. (239 threads)
[2025-04-25T21:03:42.357+0000][540.638s][info ][safepoint   ] Safepoint "Cleanup", Time since last: 1000257824 ns, Reaching safepoint: 135130 ns, Cleanup: 21385 ns, At safepoint: 9000 ns, Total: 165515 ns
[2025-04-25T21:03:44.357+0000][542.638s][debug][safepoint   ] Safepoint synchronization initiated using futex wait barrier. (239 threads)
[2025-04-25T21:03:44.357+0000][542.639s][info ][safepoint   ] Safepoint "Cleanup", Time since last: 2000427289 ns, Reaching safepoint: 92143 ns, Cleanup: 17738 ns, At safepoint: 6448 ns, Total: 116329 ns
[2025-04-25T21:03:45.358+0000][543.639s][debug][safepoint   ] Safepoint synchronization initiated using futex wait barrier. (239 threads)
[2025-04-25T21:03:45.358+0000][543.639s][info ][safepoint   ] Safepoint "Cleanup", Time since last: 1000335213 ns, Reaching safepoint: 210737 ns, Cleanup: 34782 ns, At safepoint: 22326 ns, Total: 267845 ns
[2025-04-25T21:03:49.359+0000][547.640s][debug][safepoint   ] Safepoint synchronization initiated using futex wait barrier. (239 threads)
[2025-04-25T21:03:49.359+0000][547.640s][info ][safepoint   ] Safepoint "Cleanup", Time since last: 4000776832 ns, Reaching safepoint: 346276 ns, Cleanup: 29039 ns, At safepoint: 61317 ns, Total: 436632 ns
[2025-04-25T21:03:52.360+0000][550.641s][debug][safepoint   ] Safepoint synchronization initiated using futex wait barrier. (239 threads)
[2025-04-25T21:03:52.360+0000][550.641s][info ][safepoint   ] Safepoint "Cleanup", Time since last: 3000466824 ns, Reaching safepoint: 212591 ns, Cleanup: 32597 ns, At safepoint: 27499 ns, Total: 272687 ns
[2025-04-25T21:03:54.360+0000][552.641s][debug][safepoint   ] Safepoint synchronization initiated using futex wait barrier. (239 threads)
[2025-04-25T21:03:54.361+0000][552.642s][info ][safepoint   ] Safepoint "Cleanup", Time since last: 2000354827 ns, Reaching safepoint: 157827 ns, Cleanup: 27894 ns, At safepoint: 52560 ns, Total: 238281 ns
[2025-04-25T21:03:57.361+0000][555.642s][debug][safepoint   ] Safepoint synchronization initiated using futex wait barrier. (239 threads)
[2025-04-25T21:03:57.361+0000][555.642s][info ][safepoint   ] Safepoint "Cleanup", Time since last: 3000441780 ns, Reaching safepoint: 97510 ns, Cleanup: 18310 ns, At safepoint: 9382 ns, Total: 125202 ns
[2025-04-25T21:03:58.361+0000][556.643s][debug][safepoint   ] Safepoint synchronization initiated using futex wait barrier. (239 threads)
[2025-04-25T21:03:58.362+0000][556.643s][info ][safepoint   ] Safepoint "Cleanup", Time since last: 1000206560 ns, Reaching safepoint: 169886 ns, Cleanup: 89877 ns, At safepoint: 24077 ns, Total: 283840 ns
[2025-04-25T21:04:04.363+0000][562.644s][debug][safepoint   ] Safepoint synchronization initiated using futex wait barrier. (238 threads)
[2025-04-25T21:04:04.363+0000][562.644s][info ][safepoint   ] Safepoint "Cleanup", Time since last: 6000829014 ns, Reaching safepoint: 63801 ns, Cleanup: 23093 ns, At safepoint: 6864 ns, Total: 93758 ns
[2025-04-25T21:04:07.363+0000][565.644s][debug][safepoint   ] Safepoint synchronization initiated using futex wait barrier. (238 threads)
[2025-04-25T21:04:07.363+0000][565.644s][info ][safepoint   ] Safepoint "Cleanup", Time since last: 3000356342 ns, Reaching safepoint: 189937 ns, Cleanup: 29983 ns, At safepoint: 19983 ns, Total: 239903 ns
[2025-04-25T21:04:10.364+0000][568.645s][debug][safepoint   ] Safepoint synchronization initiated using futex wait barrier. (238 threads)
[2025-04-25T21:04:10.364+0000][568.645s][info ][safepoint   ] Safepoint "Cleanup", Time since last: 3000497792 ns, Reaching safepoint: 162785 ns, Cleanup: 32658 ns, At safepoint: 18446 ns, Total: 213889 ns
[2025-04-25T21:04:14.364+0000][572.645s][debug][safepoint   ] Safepoint synchronization initiated using futex wait barrier. (238 threads)
[2025-04-25T21:04:14.364+0000][572.646s][info ][safepoint   ] Safepoint "Cleanup", Time since last: 4000485790 ns, Reaching safepoint: 66656 ns, Cleanup: 11107 ns, At safepoint: 5064 ns, Total: 82827 ns
[2025-04-25T21:04:25.366+0000][583.647s][debug][safepoint   ] Safepoint synchronization initiated using futex wait barrier. (237 threads)
[2025-04-25T21:04:25.366+0000][583.647s][info ][safepoint   ] Safepoint "Cleanup", Time since last: 11001579664 ns, Reaching safepoint: 187625 ns, Cleanup: 28801 ns, At safepoint: 21279 ns, Total: 237705 ns
[2025-04-25T21:04:26.367+0000][584.648s][debug][safepoint   ] Safepoint synchronization initiated using futex wait barrier. (237 threads)
[2025-04-25T21:04:26.367+0000][584.648s][info ][safepoint   ] Safepoint "Cleanup", Time since last: 1000231895 ns, Reaching safepoint: 193125 ns, Cleanup: 33839 ns, At safepoint: 19243 ns, Total: 246207 ns
[2025-04-25T21:04:27.367+0000][585.648s][debug][safepoint   ] Safepoint synchronization initiated using futex wait barrier. (237 threads)
[2025-04-25T21:04:27.367+0000][585.648s][info ][safepoint   ] Safepoint "Cleanup", Time since last: 1000182325 ns, Reaching safepoint: 167554 ns, Cleanup: 33690 ns, At safepoint: 19939 ns, Total: 221183 ns
[2025-04-25T21:04:34.368+0000][592.649s][debug][safepoint   ] Safepoint synchronization initiated using futex wait barrier. (237 threads)
[2025-04-25T21:04:34.369+0000][592.650s][info ][safepoint   ] Safepoint "Cleanup", Time since last: 7001133972 ns, Reaching safepoint: 170206 ns, Cleanup: 28220 ns, At safepoint: 20990 ns, Total: 219416 ns
[2025-04-25T21:04:35.369+0000][593.650s][debug][safepoint   ] Safepoint synchronization initiated using futex wait barrier. (237 threads)
[2025-04-25T21:04:35.369+0000][593.650s][info ][safepoint   ] Safepoint "Cleanup", Time since last: 1000348314 ns, Reaching safepoint: 230424 ns, Cleanup: 40724 ns, At safepoint: 45900 ns, Total: 317048 ns
[2025-04-25T21:04:43.370+0000][601.651s][debug][safepoint   ] Safepoint synchronization initiated using futex wait barrier. (237 threads)
[2025-04-25T21:04:43.371+0000][601.652s][info ][safepoint   ] Safepoint "Cleanup", Time since last: 8001140068 ns, Reaching safepoint: 234737 ns, Cleanup: 85519 ns, At safepoint: 32675 ns, Total: 352931 ns
[2025-04-25T21:04:44.371+0000][602.652s][debug][safepoint   ] Safepoint synchronization initiated using futex wait barrier. (237 threads)
[2025-04-25T21:04:44.371+0000][602.652s][info ][safepoint   ] Safepoint "Cleanup", Time since last: 1000142443 ns, Reaching safepoint: 206062 ns, Cleanup: 49895 ns, At safepoint: 18360 ns, Total: 274317 ns
[2025-04-25T21:04:45.371+0000][603.652s][debug][safepoint   ] Safepoint synchronization initiated using futex wait barrier. (237 threads)
[2025-04-25T21:04:45.371+0000][603.652s][info ][safepoint   ] Safepoint "Cleanup", Time since last: 1000141496 ns, Reaching safepoint: 104403 ns, Cleanup: 18801 ns, At safepoint: 14674 ns, Total: 137878 ns
[2025-04-25T21:04:57.373+0000][615.654s][debug][safepoint   ] Safepoint synchronization initiated using futex wait barrier. (237 threads)
[2025-04-25T21:04:57.373+0000][615.654s][info ][safepoint   ] Safepoint "Cleanup", Time since last: 12001378715 ns, Reaching safepoint: 60731 ns, Cleanup: 15562 ns, At safepoint: 6196 ns, Total: 82489 ns
[2025-04-25T21:05:02.373+0000][620.655s][debug][safepoint   ] Safepoint synchronization initiated using futex wait barrier. (236 threads)
[2025-04-25T21:05:02.374+0000][620.655s][info ][safepoint   ] Safepoint "Cleanup", Time since last: 5000625999 ns, Reaching safepoint: 203591 ns, Cleanup: 33813 ns, At safepoint: 7420 ns, Total: 244824 ns
[2025-04-25T21:05:03.374+0000][621.655s][debug][safepoint   ] Safepoint synchronization initiated using futex wait barrier. (236 threads)
[2025-04-25T21:05:03.374+0000][621.656s][info ][safepoint   ] Safepoint "Cleanup", Time since last: 1000224255 ns, Reaching safepoint: 370985 ns, Cleanup: 61774 ns, At safepoint: 39258 ns, Total: 472017 ns
[2025-04-25T21:05:07.375+0000][625.656s][debug][safepoint   ] Safepoint synchronization initiated using futex wait barrier. (236 threads)
[2025-04-25T21:05:07.375+0000][625.656s][info ][safepoint   ] Safepoint "Cleanup", Time since last: 4000505901 ns, Reaching safepoint: 66863 ns, Cleanup: 11761 ns, At safepoint: 4725 ns, Total: 83349 ns
[2025-04-25T21:05:12.376+0000][630.657s][debug][safepoint   ] Safepoint synchronization initiated using futex wait barrier. (236 threads)
[2025-04-25T21:05:12.376+0000][630.657s][info ][safepoint   ] Safepoint "Cleanup", Time since last: 5000725273 ns, Reaching safepoint: 166807 ns, Cleanup: 26649 ns, At safepoint: 16208 ns, Total: 209664 ns
[2025-04-25T21:05:16.376+0000][634.658s][debug][safepoint   ] Safepoint synchronization initiated using futex wait barrier. (235 threads)
[2025-04-25T21:05:16.377+0000][634.658s][info ][safepoint   ] Safepoint "Cleanup", Time since last: 4000555618 ns, Reaching safepoint: 250123 ns, Cleanup: 30220 ns, At safepoint: 26478 ns, Total: 306821 ns
[2025-04-25T21:05:35.379+0000][653.661s][debug][safepoint   ] Safepoint synchronization initiated using futex wait barrier. (235 threads)
[2025-04-25T21:05:35.380+0000][653.661s][info ][safepoint   ] Safepoint "Cleanup", Time since last: 19002597272 ns, Reaching safepoint: 248599 ns, Cleanup: 34730 ns, At safepoint: 28166 ns, Total: 311495 ns
[2025-04-26T11:24:11.281+0000][656.552s][debug][safepoint   ] Safepoint synchronization initiated using futex wait barrier. (228 threads)
[2025-04-26T11:24:11.281+0000][656.552s][info ][safepoint   ] Safepoint "Cleanup", Time since last: 2891013827 ns, Reaching safepoint: 104645 ns, Cleanup: 20263 ns, At safepoint: 9282 ns, Total: 134190 ns
[2025-04-26T11:24:18.545+0000][663.816s][debug][safepoint   ] Safepoint synchronization initiated using futex wait barrier. (227 threads)
[2025-04-26T11:24:18.545+0000][663.816s][info ][safepoint   ] Safepoint "Cleanup", Time since last: 7263995323 ns, Reaching safepoint: 211476 ns, Cleanup: 31633 ns, At safepoint: 18140 ns, Total: 261249 ns
[2025-04-26T11:24:20.548+0000][665.819s][debug][safepoint   ] Safepoint synchronization initiated using futex wait barrier. (228 threads)
[2025-04-26T11:24:20.549+0000][665.820s][info ][safepoint   ] Safepoint "Cleanup", Time since last: 2002407702 ns, Reaching safepoint: 852717 ns, Cleanup: 327851 ns, At safepoint: 59553 ns, Total: 1240121 ns
[2025-04-26T11:24:25.550+0000][670.821s][debug][safepoint   ] Safepoint synchronization initiated using futex wait barrier. (233 threads)
[2025-04-26T11:24:25.550+0000][670.821s][info ][safepoint   ] Safepoint "Cleanup", Time since last: 5000857683 ns, Reaching safepoint: 110649 ns, Cleanup: 31102 ns, At safepoint: 6700 ns, Total: 148451 ns
[2025-04-26T11:24:26.550+0000][671.821s][debug][safepoint   ] Safepoint synchronization initiated using futex wait barrier. (232 threads)
[2025-04-26T11:24:26.550+0000][671.821s][info ][safepoint   ] Safepoint "Cleanup", Time since last: 1000088282 ns, Reaching safepoint: 69885 ns, Cleanup: 21839 ns, At safepoint: 4878 ns, Total: 96602 ns
[2025-04-26T11:24:27.550+0000][672.821s][debug][safepoint   ] Safepoint synchronization initiated using futex wait barrier. (232 threads)
[2025-04-26T11:24:27.550+0000][672.821s][info ][safepoint   ] Safepoint "Cleanup", Time since last: 1000078415 ns, Reaching safepoint: 124772 ns, Cleanup: 25826 ns, At safepoint: 12102 ns, Total: 162700 ns
[2025-04-26T11:24:36.553+0000][681.824s][debug][safepoint   ] Safepoint synchronization initiated using futex wait barrier. (232 threads)
[2025-04-26T11:24:36.553+0000][681.824s][info ][safepoint   ] Safepoint "Cleanup", Time since last: 9002691583 ns, Reaching safepoint: 61670 ns, Cleanup: 9864 ns, At safepoint: 4061 ns, Total: 75595 ns
[2025-04-26T11:24:38.553+0000][683.824s][debug][safepoint   ] Safepoint synchronization initiated using futex wait barrier. (232 threads)
[2025-04-26T11:24:38.554+0000][683.825s][info ][safepoint   ] Safepoint "Cleanup", Time since last: 2000285115 ns, Reaching safepoint: 157553 ns, Cleanup: 27716 ns, At safepoint: 18784 ns, Total: 204053 ns
[2025-04-26T11:24:41.554+0000][686.825s][debug][safepoint   ] Safepoint synchronization initiated using futex wait barrier. (232 threads)
[2025-04-26T11:24:41.554+0000][686.825s][info ][safepoint   ] Safepoint "Cleanup", Time since last: 3000439776 ns, Reaching safepoint: 296487 ns, Cleanup: 52435 ns, At safepoint: 29004 ns, Total: 377926 ns
[2025-04-26T11:24:43.555+0000][688.826s][debug][safepoint   ] Safepoint synchronization initiated using futex wait barrier. (232 threads)
[2025-04-26T11:24:43.555+0000][688.826s][info ][safepoint   ] Safepoint "Cleanup", Time since last: 2000334832 ns, Reaching safepoint: 58640 ns, Cleanup: 12138 ns, At safepoint: 7241 ns, Total: 78019 ns
[2025-04-26T11:24:47.555+0000][692.826s][debug][safepoint   ] Safepoint synchronization initiated using futex wait barrier. (232 threads)
[2025-04-26T11:24:47.555+0000][692.826s][info ][safepoint   ] Safepoint "Cleanup", Time since last: 4000285793 ns, Reaching safepoint: 145744 ns, Cleanup: 44017 ns, At safepoint: 15313 ns, Total: 205074 ns
[2025-04-26T11:24:56.558+0000][701.829s][debug][safepoint   ] Safepoint synchronization initiated using futex wait barrier. (232 threads)
[2025-04-26T11:24:56.558+0000][701.829s][info ][safepoint   ] Safepoint "Cleanup", Time since last: 9002343762 ns, Reaching safepoint: 243051 ns, Cleanup: 34708 ns, At safepoint: 18328 ns, Total: 296087 ns
[2025-04-26T11:25:00.558+0000][705.829s][debug][safepoint   ] Safepoint synchronization initiated using futex wait barrier. (232 threads)
[2025-04-26T11:25:00.559+0000][705.830s][info ][safepoint   ] Safepoint "Cleanup", Time since last: 4000494772 ns, Reaching safepoint: 218013 ns, Cleanup: 35782 ns, At safepoint: 63464 ns, Total: 317259 ns
[2025-04-26T11:25:05.560+0000][710.831s][debug][safepoint   ] Safepoint synchronization initiated using futex wait barrier. (232 threads)
[2025-04-26T11:25:05.560+0000][710.831s][info ][safepoint   ] Safepoint "Cleanup", Time since last: 5000782015 ns, Reaching safepoint: 263545 ns, Cleanup: 40478 ns, At safepoint: 53858 ns, Total: 357881 ns
[2025-04-26T11:25:06.613+0000][711.884s][debug][safepoint   ] Safepoint synchronization initiated using futex wait barrier. (232 threads)
[2025-04-26T11:25:06.614+0000][711.885s][info ][gc,start    ] GC(67) Pause Young (Normal) (G1 Evacuation Pause)
[2025-04-26T11:25:06.614+0000][711.885s][info ][gc,task     ] GC(67) Using 4 workers of 4 for evacuation
[2025-04-26T11:25:06.663+0000][711.934s][info ][gc,phases   ] GC(67)   Pre Evacuate Collection Set: 0.6ms
[2025-04-26T11:25:06.664+0000][711.935s][info ][gc,phases   ] GC(67)   Merge Heap Roots: 0.7ms
[2025-04-26T11:25:06.664+0000][711.935s][info ][gc,phases   ] GC(67)   Evacuate Collection Set: 37.8ms
[2025-04-26T11:25:06.664+0000][711.935s][info ][gc,phases   ] GC(67)   Post Evacuate Collection Set: 10.1ms
[2025-04-26T11:25:06.664+0000][711.935s][info ][gc,phases   ] GC(67)   Other: 0.7ms
[2025-04-26T11:25:06.664+0000][711.935s][info ][gc,heap     ] GC(67) Eden regions: 407->0(410)
[2025-04-26T11:25:06.664+0000][711.935s][info ][gc,heap     ] GC(67) Survivor regions: 2->2(52)
[2025-04-26T11:25:06.664+0000][711.935s][info ][gc,heap     ] GC(67) Old regions: 177->177
[2025-04-26T11:25:06.664+0000][711.935s][info ][gc,heap     ] GC(67) Archive regions: 2->2
[2025-04-26T11:25:06.664+0000][711.935s][info ][gc,heap     ] GC(67) Humongous regions: 0->0
[2025-04-26T11:25:06.664+0000][711.935s][info ][gc,metaspace] GC(67) Metaspace: 194320K(195712K)->194320K(195712K) NonClass: 170792K(171520K)->170792K(171520K) Class: 23527K(24192K)->23527K(24192K)
[2025-04-26T11:25:06.664+0000][711.935s][info ][gc          ] GC(67) Pause Young (Normal) (G1 Evacuation Pause) 586M->179M(687M) 50.745ms
[2025-04-26T11:25:06.664+0000][711.935s][info ][gc,cpu      ] GC(67) User=0.14s Sys=0.01s Real=0.05s
[2025-04-26T11:25:06.666+0000][711.937s][info ][safepoint   ] Safepoint "G1CollectForAllocation", Time since last: 1053170580 ns, Reaching safepoint: 373128 ns, Cleanup: 16989 ns, At safepoint: 52448219 ns, Total: 52838336 ns
[2025-04-26T11:25:07.666+0000][712.937s][debug][safepoint   ] Safepoint synchronization initiated using futex wait barrier. (232 threads)
[2025-04-26T11:25:07.666+0000][712.937s][info ][safepoint   ] Safepoint "Cleanup", Time since last: 1000313124 ns, Reaching safepoint: 209289 ns, Cleanup: 66184 ns, At safepoint: 27525 ns, Total: 302998 ns
[2025-04-26T11:25:08.667+0000][713.938s][debug][safepoint   ] Safepoint synchronization initiated using futex wait barrier. (232 threads)
[2025-04-26T11:25:08.667+0000][713.938s][info ][safepoint   ] Safepoint "Cleanup", Time since last: 1000202359 ns, Reaching safepoint: 80812 ns, Cleanup: 14060 ns, At safepoint: 5031 ns, Total: 99903 ns
[2025-04-26T11:25:10.667+0000][715.938s][debug][safepoint   ] Safepoint synchronization initiated using futex wait barrier. (231 threads)
[2025-04-26T11:25:10.667+0000][715.938s][info ][safepoint   ] Safepoint "Cleanup", Time since last: 2000318994 ns, Reaching safepoint: 247551 ns, Cleanup: 45851 ns, At safepoint: 44180 ns, Total: 337582 ns
[2025-04-26T11:25:17.669+0000][722.940s][debug][safepoint   ] Safepoint synchronization initiated using futex wait barrier. (232 threads)
[2025-04-26T11:25:17.669+0000][722.940s][info ][safepoint   ] Safepoint "Cleanup", Time since last: 7001376338 ns, Reaching safepoint: 166307 ns, Cleanup: 22730 ns, At safepoint: 16066 ns, Total: 205103 ns
[2025-04-26T11:25:18.669+0000][723.940s][debug][safepoint   ] Safepoint synchronization initiated using futex wait barrier. (232 threads)
[2025-04-26T11:25:18.669+0000][723.940s][info ][safepoint   ] Safepoint "Cleanup", Time since last: 1000132324 ns, Reaching safepoint: 64748 ns, Cleanup: 10339 ns, At safepoint: 6580 ns, Total: 81667 ns
[2025-04-26T11:25:20.669+0000][725.940s][debug][safepoint   ] Safepoint synchronization initiated using futex wait barrier. (230 threads)
[2025-04-26T11:25:20.669+0000][725.940s][info ][safepoint   ] Safepoint "Cleanup", Time since last: 2000161250 ns, Reaching safepoint: 75996 ns, Cleanup: 9615 ns, At safepoint: 3722 ns, Total: 89333 ns
[2025-04-26T11:25:21.670+0000][726.941s][debug][safepoint   ] Safepoint synchronization initiated using futex wait barrier. (230 threads)
[2025-04-26T11:25:21.670+0000][726.941s][info ][safepoint   ] Safepoint "Cleanup", Time since last: 1000226395 ns, Reaching safepoint: 141592 ns, Cleanup: 22245 ns, At safepoint: 13195 ns, Total: 177032 ns
[2025-04-26T11:25:23.863+0000][729.134s][debug][safepoint   ] Safepoint synchronization initiated using futex wait barrier. (230 threads)
[2025-04-26T11:25:23.863+0000][729.134s][info ][safepoint   ] Safepoint "Cleanup", Time since last: 2192707619 ns, Reaching safepoint: 93038 ns, Cleanup: 61229 ns, At safepoint: 7686 ns, Total: 161953 ns
[2025-04-26T11:25:24.863+0000][730.134s][debug][safepoint   ] Safepoint synchronization initiated using futex wait barrier. (230 threads)
[2025-04-26T11:25:24.863+0000][730.134s][info ][safepoint   ] Safepoint "Cleanup", Time since last: 1000092611 ns, Reaching safepoint: 49561 ns, Cleanup: 9831 ns, At safepoint: 3951 ns, Total: 63343 ns
[2025-04-26T11:25:25.863+0000][731.134s][debug][safepoint   ] Safepoint synchronization initiated using futex wait barrier. (228 threads)
[2025-04-26T11:25:25.863+0000][731.134s][info ][safepoint   ] Safepoint "Cleanup", Time since last: 1000083934 ns, Reaching safepoint: 53853 ns, Cleanup: 18085 ns, At safepoint: 7257 ns, Total: 79195 ns
[2025-04-26T11:25:29.864+0000][735.135s][debug][safepoint   ] Safepoint synchronization initiated using futex wait barrier. (228 threads)
[2025-04-26T11:25:29.864+0000][735.135s][info ][safepoint   ] Safepoint "Cleanup", Time since last: 4000509894 ns, Reaching safepoint: 145790 ns, Cleanup: 21163 ns, At safepoint: 15154 ns, Total: 182107 ns
[2025-04-26T11:25:31.864+0000][737.135s][debug][safepoint   ] Safepoint synchronization initiated using futex wait barrier. (228 threads)
[2025-04-26T11:25:31.864+0000][737.135s][info ][safepoint   ] Safepoint "Cleanup", Time since last: 2000298744 ns, Reaching safepoint: 166507 ns, Cleanup: 37695 ns, At safepoint: 18544 ns, Total: 222746 ns
[2025-04-26T11:25:35.865+0000][741.136s][debug][safepoint   ] Safepoint synchronization initiated using futex wait barrier. (228 threads)
[2025-04-26T11:25:35.865+0000][741.136s][info ][safepoint   ] Safepoint "Cleanup", Time since last: 4000538757 ns, Reaching safepoint: 155373 ns, Cleanup: 29255 ns, At safepoint: 17845 ns, Total: 202473 ns
[2025-04-26T11:25:42.866+0000][748.137s][debug][safepoint   ] Safepoint synchronization initiated using futex wait barrier. (228 threads)
[2025-04-26T11:25:42.866+0000][748.137s][info ][safepoint   ] Safepoint "Cleanup", Time since last: 7000927848 ns, Reaching safepoint: 155472 ns, Cleanup: 26296 ns, At safepoint: 19796 ns, Total: 201564 ns
[2025-04-26T11:25:49.867+0000][755.138s][debug][safepoint   ] Safepoint synchronization initiated using futex wait barrier. (228 threads)
[2025-04-26T11:25:49.867+0000][755.138s][info ][safepoint   ] Safepoint "Cleanup", Time since last: 7000948141 ns, Reaching safepoint: 235498 ns, Cleanup: 46621 ns, At safepoint: 22379 ns, Total: 304498 ns
[2025-04-26T11:26:05.872+0000][771.143s][debug][safepoint   ] Safepoint synchronization initiated using futex wait barrier. (228 threads)
[2025-04-26T11:26:05.872+0000][771.143s][info ][safepoint   ] Safepoint "Cleanup", Time since last: 16004193988 ns, Reaching safepoint: 210673 ns, Cleanup: 36513 ns, At safepoint: 18807 ns, Total: 265993 ns
[2025-04-26T11:26:07.873+0000][773.144s][debug][safepoint   ] Safepoint synchronization initiated using futex wait barrier. (228 threads)
[2025-04-26T11:26:07.875+0000][773.146s][info ][safepoint   ] Safepoint "Cleanup", Time since last: 2000691980 ns, Reaching safepoint: 1987443 ns, Cleanup: 45423 ns, At safepoint: 121622 ns, Total: 2154488 ns
[2025-04-26T11:26:23.877+0000][789.148s][debug][safepoint   ] Safepoint synchronization initiated using futex wait barrier. (225 threads)
[2025-04-26T11:26:23.877+0000][789.148s][info ][safepoint   ] Safepoint "Cleanup", Time since last: 16001933460 ns, Reaching safepoint: 258119 ns, Cleanup: 27791 ns, At safepoint: 38313 ns, Total: 324223 ns
[2025-04-26T11:26:25.877+0000][791.148s][debug][safepoint   ] Safepoint synchronization initiated using futex wait barrier. (225 threads)
[2025-04-26T11:26:25.878+0000][791.149s][info ][safepoint   ] Safepoint "Cleanup", Time since last: 2000380214 ns, Reaching safepoint: 233699 ns, Cleanup: 28773 ns, At safepoint: 24227 ns, Total: 286699 ns
[2025-04-26T11:26:36.880+0000][802.151s][debug][safepoint   ] Safepoint synchronization initiated using futex wait barrier. (225 threads)
[2025-04-26T11:26:36.880+0000][802.151s][info ][safepoint   ] Safepoint "Cleanup", Time since last: 11002273652 ns, Reaching safepoint: 167364 ns, Cleanup: 26708 ns, At safepoint: 14098 ns, Total: 208170 ns
[2025-04-26T11:26:47.881+0000][813.152s][debug][safepoint   ] Safepoint synchronization initiated using futex wait barrier. (225 threads)
[2025-04-26T11:26:47.881+0000][813.152s][info ][safepoint   ] Safepoint "Cleanup", Time since last: 11001228843 ns, Reaching safepoint: 108795 ns, Cleanup: 13107 ns, At safepoint: 5690 ns, Total: 127592 ns
[2025-04-26T11:26:50.882+0000][816.153s][debug][safepoint   ] Safepoint synchronization initiated using futex wait barrier. (225 threads)
[2025-04-26T11:26:50.882+0000][816.153s][info ][safepoint   ] Safepoint "Cleanup", Time since last: 3000286118 ns, Reaching safepoint: 211055 ns, Cleanup: 33384 ns, At safepoint: 24862 ns, Total: 269301 ns
[2025-04-26T11:26:53.883+0000][819.154s][debug][safepoint   ] Safepoint synchronization initiated using futex wait barrier. (225 threads)
[2025-04-26T11:26:53.883+0000][819.154s][info ][safepoint   ] Safepoint "Cleanup", Time since last: 3000551014 ns, Reaching safepoint: 252770 ns, Cleanup: 35277 ns, At safepoint: 25045 ns, Total: 313092 ns
[2025-04-26T11:26:56.883+0000][822.154s][debug][safepoint   ] Safepoint synchronization initiated using futex wait barrier. (225 threads)
[2025-04-26T11:26:56.884+0000][822.155s][info ][safepoint   ] Safepoint "Cleanup", Time since last: 3000500099 ns, Reaching safepoint: 190157 ns, Cleanup: 29246 ns, At safepoint: 21322 ns, Total: 240725 ns
[2025-04-26T11:27:03.885+0000][829.156s][debug][safepoint   ] Safepoint synchronization initiated using futex wait barrier. (225 threads)
[2025-04-26T11:27:03.885+0000][829.156s][info ][safepoint   ] Safepoint "Cleanup", Time since last: 7001357533 ns, Reaching safepoint: 246894 ns, Cleanup: 27005 ns, At safepoint: 19962 ns, Total: 293861 ns
[2025-04-26T11:27:04.886+0000][830.157s][debug][safepoint   ] Safepoint synchronization initiated using futex wait barrier. (225 threads)
[2025-04-26T11:27:04.886+0000][830.157s][info ][safepoint   ] Safepoint "Cleanup", Time since last: 1000279370 ns, Reaching safepoint: 248849 ns, Cleanup: 31814 ns, At safepoint: 23663 ns, Total: 304326 ns
[2025-04-26T11:27:05.886+0000][831.157s][debug][safepoint   ] Safepoint synchronization initiated using futex wait barrier. (225 threads)
[2025-04-26T11:27:05.886+0000][831.157s][info ][safepoint   ] Safepoint "Cleanup", Time since last: 1000224479 ns, Reaching safepoint: 191373 ns, Cleanup: 29666 ns, At safepoint: 19823 ns, Total: 240862 ns
[2025-04-26T11:27:08.887+0000][834.158s][debug][safepoint   ] Safepoint synchronization initiated using futex wait barrier. (225 threads)
[2025-04-26T11:27:08.887+0000][834.158s][info ][safepoint   ] Safepoint "Cleanup", Time since last: 3000517803 ns, Reaching safepoint: 159063 ns, Cleanup: 31871 ns, At safepoint: 17552 ns, Total: 208486 ns
[2025-04-26T11:27:11.888+0000][837.159s][debug][safepoint   ] Safepoint synchronization initiated using futex wait barrier. (224 threads)
[2025-04-26T11:27:11.888+0000][837.159s][info ][safepoint   ] Safepoint "Cleanup", Time since last: 3000546991 ns, Reaching safepoint: 288866 ns, Cleanup: 43690 ns, At safepoint: 23189 ns, Total: 355745 ns
[2025-04-26T11:27:23.890+0000][849.161s][debug][safepoint   ] Safepoint synchronization initiated using futex wait barrier. (222 threads)
[2025-04-26T11:27:23.890+0000][849.161s][info ][safepoint   ] Safepoint "Cleanup", Time since last: 12001581448 ns, Reaching safepoint: 263599 ns, Cleanup: 35695 ns, At safepoint: 20613 ns, Total: 319907 ns
[2025-04-26T11:27:29.891+0000][855.162s][debug][safepoint   ] Safepoint synchronization initiated using futex wait barrier. (222 threads)
[2025-04-26T11:27:29.891+0000][855.162s][info ][safepoint   ] Safepoint "Cleanup", Time since last: 6000883006 ns, Reaching safepoint: 212128 ns, Cleanup: 35779 ns, At safepoint: 17750 ns, Total: 265657 ns
[2025-04-26T11:27:30.891+0000][856.162s][debug][safepoint   ] Safepoint synchronization initiated using futex wait barrier. (222 threads)
[2025-04-26T11:27:30.892+0000][856.163s][info ][safepoint   ] Safepoint "Cleanup", Time since last: 1000238927 ns, Reaching safepoint: 202202 ns, Cleanup: 31040 ns, At safepoint: 23104 ns, Total: 256346 ns
[2025-04-26T11:27:32.892+0000][858.163s][debug][safepoint   ] Safepoint synchronization initiated using futex wait barrier. (222 threads)
[2025-04-26T11:27:32.892+0000][858.163s][info ][safepoint   ] Safepoint "Cleanup", Time since last: 2000339405 ns, Reaching safepoint: 160554 ns, Cleanup: 45132 ns, At safepoint: 16546 ns, Total: 222232 ns
[2025-04-26T11:27:40.893+0000][866.164s][debug][safepoint   ] Safepoint synchronization initiated using futex wait barrier. (222 threads)
[2025-04-26T11:27:40.893+0000][866.164s][info ][safepoint   ] Safepoint "Cleanup", Time since last: 8001078535 ns, Reaching safepoint: 155686 ns, Cleanup: 27475 ns, At safepoint: 19951 ns, Total: 203112 ns
[2025-04-26T11:27:42.894+0000][868.165s][debug][safepoint   ] Safepoint synchronization initiated using futex wait barrier. (222 threads)
[2025-04-26T11:27:42.894+0000][868.165s][info ][safepoint   ] Safepoint "Cleanup", Time since last: 2000431553 ns, Reaching safepoint: 193558 ns, Cleanup: 30662 ns, At safepoint: 20137 ns, Total: 244357 ns
[2025-04-26T11:27:43.894+0000][869.165s][debug][safepoint   ] Safepoint synchronization initiated using futex wait barrier. (222 threads)
[2025-04-26T11:27:43.894+0000][869.165s][info ][safepoint   ] Safepoint "Cleanup", Time since last: 1000149040 ns, Reaching safepoint: 204400 ns, Cleanup: 22357 ns, At safepoint: 14200 ns, Total: 240957 ns
[2025-04-26T11:27:53.896+0000][879.167s][debug][safepoint   ] Safepoint synchronization initiated using futex wait barrier. (222 threads)
[2025-04-26T11:27:53.897+0000][879.168s][info ][safepoint   ] Safepoint "Cleanup", Time since last: 10001423970 ns, Reaching safepoint: 516755 ns, Cleanup: 67198 ns, At safepoint: 121828 ns, Total: 705781 ns
[2025-04-26T11:27:54.897+0000][880.168s][debug][safepoint   ] Safepoint synchronization initiated using futex wait barrier. (222 threads)
[2025-04-26T11:27:54.897+0000][880.168s][info ][safepoint   ] Safepoint "Cleanup", Time since last: 1000166742 ns, Reaching safepoint: 88492 ns, Cleanup: 16883 ns, At safepoint: 9029 ns, Total: 114404 ns
[2025-04-26T11:28:08.899+0000][894.170s][debug][safepoint   ] Safepoint synchronization initiated using futex wait barrier. (222 threads)
[2025-04-26T11:28:08.899+0000][894.171s][info ][safepoint   ] Safepoint "Cleanup", Time since last: 14002319479 ns, Reaching safepoint: 218878 ns, Cleanup: 82723 ns, At safepoint: 25731 ns, Total: 327332 ns
[2025-04-26T11:28:11.900+0000][897.171s][debug][safepoint   ] Safepoint synchronization initiated using futex wait barrier. (221 threads)
[2025-04-26T11:28:11.900+0000][897.171s][info ][safepoint   ] Safepoint "Cleanup", Time since last: 3000423481 ns, Reaching safepoint: 180313 ns, Cleanup: 37357 ns, At safepoint: 20254 ns, Total: 237924 ns
[2025-04-26T11:28:33.903+0000][919.174s][debug][safepoint   ] Safepoint synchronization initiated using futex wait barrier. (220 threads)
[2025-04-26T11:28:33.903+0000][919.174s][info ][safepoint   ] Safepoint "Cleanup", Time since last: 22002938634 ns, Reaching safepoint: 153995 ns, Cleanup: 29424 ns, At safepoint: 15013 ns, Total: 198432 ns
[2025-04-26T11:28:47.905+0000][933.176s][debug][safepoint   ] Safepoint synchronization initiated using futex wait barrier. (220 threads)
[2025-04-26T11:28:47.905+0000][933.176s][info ][safepoint   ] Safepoint "Cleanup", Time since last: 14001431775 ns, Reaching safepoint: 112736 ns, Cleanup: 12954 ns, At safepoint: 7488 ns, Total: 133178 ns
[2025-04-26T11:28:57.906+0000][943.177s][debug][safepoint   ] Safepoint synchronization initiated using futex wait barrier. (220 threads)
[2025-04-26T11:28:57.907+0000][943.178s][info ][safepoint   ] Safepoint "Cleanup", Time since last: 10001422526 ns, Reaching safepoint: 261698 ns, Cleanup: 31804 ns, At safepoint: 20371 ns, Total: 313873 ns
[2025-04-26T11:28:59.907+0000][945.178s][debug][safepoint   ] Safepoint synchronization initiated using futex wait barrier. (220 threads)
[2025-04-26T11:28:59.907+0000][945.178s][info ][safepoint   ] Safepoint "Cleanup", Time since last: 2000354360 ns, Reaching safepoint: 178812 ns, Cleanup: 40842 ns, At safepoint: 19099 ns, Total: 238753 ns
[2025-04-26T11:29:02.908+0000][948.179s][debug][safepoint   ] Safepoint synchronization initiated using futex wait barrier. (220 threads)
[2025-04-26T11:29:02.908+0000][948.179s][info ][safepoint   ] Safepoint "Cleanup", Time since last: 3000453819 ns, Reaching safepoint: 231048 ns, Cleanup: 73433 ns, At safepoint: 36848 ns, Total: 341329 ns
[2025-04-26T11:29:03.908+0000][949.179s][debug][safepoint   ] Safepoint synchronization initiated using futex wait barrier. (220 threads)
[2025-04-26T11:29:03.908+0000][949.179s][info ][safepoint   ] Safepoint "Cleanup", Time since last: 1000203219 ns, Reaching safepoint: 72963 ns, Cleanup: 18902 ns, At safepoint: 6951 ns, Total: 98816 ns
[2025-04-26T11:29:05.909+0000][951.180s][debug][safepoint   ] Safepoint synchronization initiated using futex wait barrier. (220 threads)
[2025-04-26T11:29:05.909+0000][951.180s][info ][safepoint   ] Safepoint "Cleanup", Time since last: 2000365852 ns, Reaching safepoint: 186170 ns, Cleanup: 32055 ns, At safepoint: 17642 ns, Total: 235867 ns
[2025-04-26T11:29:15.910+0000][961.181s][debug][safepoint   ] Safepoint synchronization initiated using futex wait barrier. (219 threads)
[2025-04-26T11:29:15.910+0000][961.181s][info ][safepoint   ] Safepoint "Cleanup", Time since last: 10001383413 ns, Reaching safepoint: 65880 ns, Cleanup: 11000 ns, At safepoint: 6621 ns, Total: 83501 ns
[2025-04-26T11:29:16.911+0000][962.182s][debug][safepoint   ] Safepoint synchronization initiated using futex wait barrier. (219 threads)
[2025-04-26T11:29:16.911+0000][962.182s][info ][safepoint   ] Safepoint "Cleanup", Time since last: 1000166499 ns, Reaching safepoint: 240733 ns, Cleanup: 49248 ns, At safepoint: 21949 ns, Total: 311930 ns
[2025-04-26T11:29:25.912+0000][971.183s][debug][safepoint   ] Safepoint synchronization initiated using futex wait barrier. (217 threads)
[2025-04-26T11:29:25.912+0000][971.183s][info ][safepoint   ] Safepoint "Cleanup", Time since last: 9001294368 ns, Reaching safepoint: 171122 ns, Cleanup: 28732 ns, At safepoint: 16670 ns, Total: 216524 ns
[2025-04-26T11:29:29.913+0000][975.184s][debug][safepoint   ] Safepoint synchronization initiated using futex wait barrier. (217 threads)
[2025-04-26T11:29:29.913+0000][975.184s][info ][safepoint   ] Safepoint "Cleanup", Time since last: 4000579155 ns, Reaching safepoint: 163384 ns, Cleanup: 22852 ns, At safepoint: 60038 ns, Total: 246274 ns
[2025-04-26T11:29:32.913+0000][978.184s][debug][safepoint   ] Safepoint synchronization initiated using futex wait barrier. (217 threads)
[2025-04-26T11:29:32.913+0000][978.184s][info ][safepoint   ] Safepoint "Cleanup", Time since last: 3000239456 ns, Reaching safepoint: 64552 ns, Cleanup: 11000 ns, At safepoint: 6089 ns, Total: 81641 ns
[2025-04-26T11:29:33.914+0000][979.185s][debug][safepoint   ] Safepoint synchronization initiated using futex wait barrier. (217 threads)
[2025-04-26T11:29:33.914+0000][979.185s][info ][safepoint   ] Safepoint "Cleanup", Time since last: 1000158896 ns, Reaching safepoint: 110287 ns, Cleanup: 9630 ns, At safepoint: 3250 ns, Total: 123167 ns
[2025-04-26T11:29:34.914+0000][980.185s][debug][safepoint   ] Safepoint synchronization initiated using futex wait barrier. (217 threads)
[2025-04-26T11:29:34.914+0000][980.185s][info ][safepoint   ] Safepoint "Cleanup", Time since last: 1000095882 ns, Reaching safepoint: 99283 ns, Cleanup: 16608 ns, At safepoint: 9402 ns, Total: 125293 ns
[2025-04-26T11:29:35.914+0000][981.185s][debug][safepoint   ] Safepoint synchronization initiated using futex wait barrier. (217 threads)
[2025-04-26T11:29:35.914+0000][981.185s][info ][safepoint   ] Safepoint "Cleanup", Time since last: 1000130041 ns, Reaching safepoint: 131784 ns, Cleanup: 15058 ns, At safepoint: 4190 ns, Total: 151032 ns
[2025-04-26T11:29:36.914+0000][982.185s][debug][safepoint   ] Safepoint synchronization initiated using futex wait barrier. (217 threads)
[2025-04-26T11:29:36.914+0000][982.185s][info ][safepoint   ] Safepoint "Cleanup", Time since last: 1000085399 ns, Reaching safepoint: 63087 ns, Cleanup: 10571 ns, At safepoint: 4696 ns, Total: 78354 ns
[2025-04-26T11:29:40.915+0000][986.186s][debug][safepoint   ] Safepoint synchronization initiated using futex wait barrier. (217 threads)
[2025-04-26T11:29:40.915+0000][986.186s][info ][safepoint   ] Safepoint "Cleanup", Time since last: 4000628183 ns, Reaching safepoint: 45586 ns, Cleanup: 14312 ns, At safepoint: 3590 ns, Total: 63488 ns
[2025-04-26T11:29:41.915+0000][987.186s][debug][safepoint   ] Safepoint synchronization initiated using futex wait barrier. (217 threads)
[2025-04-26T11:29:41.916+0000][987.187s][info ][safepoint   ] Safepoint "Cleanup", Time since last: 1000182678 ns, Reaching safepoint: 203716 ns, Cleanup: 35631 ns, At safepoint: 21645 ns, Total: 260992 ns
[2025-04-26T11:29:45.916+0000][991.187s][debug][safepoint   ] Safepoint synchronization initiated using futex wait barrier. (217 threads)
[2025-04-26T11:29:45.916+0000][991.187s][info ][safepoint   ] Safepoint "Cleanup", Time since last: 4000618958 ns, Reaching safepoint: 220897 ns, Cleanup: 54628 ns, At safepoint: 25393 ns, Total: 300918 ns
[2025-04-26T11:29:47.917+0000][993.188s][debug][safepoint   ] Safepoint synchronization initiated using futex wait barrier. (217 threads)
[2025-04-26T11:29:47.917+0000][993.188s][info ][safepoint   ] Safepoint "Cleanup", Time since last: 2000336336 ns, Reaching safepoint: 220345 ns, Cleanup: 42288 ns, At safepoint: 51276 ns, Total: 313909 ns
[2025-04-26T11:29:50.918+0000][996.189s][debug][safepoint   ] Safepoint synchronization initiated using futex wait barrier. (217 threads)
[2025-04-26T11:29:50.918+0000][996.189s][info ][safepoint   ] Safepoint "Cleanup", Time since last: 3000487644 ns, Reaching safepoint: 209292 ns, Cleanup: 36734 ns, At safepoint: 20156 ns, Total: 266182 ns
[2025-04-26T11:29:55.919+0000][1001.190s][debug][safepoint   ] Safepoint synchronization initiated using futex wait barrier. (217 threads)
[2025-04-26T11:29:55.919+0000][1001.190s][info ][safepoint   ] Safepoint "Cleanup", Time since last: 5001118788 ns, Reaching safepoint: 167770 ns, Cleanup: 29038 ns, At safepoint: 14125 ns, Total: 210933 ns
[2025-04-26T11:30:08.362+0000][1013.633s][debug][safepoint   ] Safepoint synchronization initiated using futex wait barrier. (217 threads)
[2025-04-26T11:30:08.362+0000][1013.633s][info ][gc,start    ] GC(68) Pause Young (Normal) (G1 Evacuation Pause)
[2025-04-26T11:30:08.362+0000][1013.633s][info ][gc,task     ] GC(68) Using 4 workers of 4 for evacuation
[2025-04-26T11:30:08.384+0000][1013.655s][info ][gc,phases   ] GC(68)   Pre Evacuate Collection Set: 0.7ms
[2025-04-26T11:30:08.384+0000][1013.655s][info ][gc,phases   ] GC(68)   Merge Heap Roots: 0.5ms
[2025-04-26T11:30:08.384+0000][1013.655s][info ][gc,phases   ] GC(68)   Evacuate Collection Set: 13.5ms
[2025-04-26T11:30:08.384+0000][1013.655s][info ][gc,phases   ] GC(68)   Post Evacuate Collection Set: 6.6ms
[2025-04-26T11:30:08.384+0000][1013.655s][info ][gc,phases   ] GC(68)   Other: 0.6ms
[2025-04-26T11:30:08.385+0000][1013.656s][info ][gc,heap     ] GC(68) Eden regions: 410->0(410)
[2025-04-26T11:30:08.385+0000][1013.656s][info ][gc,heap     ] GC(68) Survivor regions: 2->2(52)
[2025-04-26T11:30:08.385+0000][1013.656s][info ][gc,heap     ] GC(68) Old regions: 177->177
[2025-04-26T11:30:08.385+0000][1013.656s][info ][gc,heap     ] GC(68) Archive regions: 2->2
[2025-04-26T11:30:08.385+0000][1013.656s][info ][gc,heap     ] GC(68) Humongous regions: 0->0
[2025-04-26T11:30:08.385+0000][1013.656s][info ][gc,metaspace] GC(68) Metaspace: 194490K(195904K)->194490K(195904K) NonClass: 170959K(171712K)->170959K(171712K) Class: 23530K(24192K)->23530K(24192K)
[2025-04-26T11:30:08.385+0000][1013.656s][info ][gc          ] GC(68) Pause Young (Normal) (G1 Evacuation Pause) 589M->179M(687M) 22.386ms
[2025-04-26T11:30:08.385+0000][1013.656s][info ][gc,cpu      ] GC(68) User=0.07s Sys=0.00s Real=0.02s
[2025-04-26T11:30:08.385+0000][1013.656s][info ][safepoint   ] Safepoint "G1CollectForAllocation", Time since last: 12442859454 ns, Reaching safepoint: 190656 ns, Cleanup: 14631 ns, At safepoint: 23152922 ns, Total: 23358209 ns
[2025-04-26T11:30:09.386+0000][1014.657s][debug][safepoint   ] Safepoint synchronization initiated using futex wait barrier. (217 threads)
[2025-04-26T11:30:09.386+0000][1014.657s][info ][safepoint   ] Safepoint "Cleanup", Time since last: 1000206080 ns, Reaching safepoint: 255353 ns, Cleanup: 53032 ns, At safepoint: 21886 ns, Total: 330271 ns
[2025-04-26T11:30:17.387+0000][1022.658s][debug][safepoint   ] Safepoint synchronization initiated using futex wait barrier. (217 threads)
[2025-04-26T11:30:17.387+0000][1022.658s][info ][safepoint   ] Safepoint "Cleanup", Time since last: 8000957153 ns, Reaching safepoint: 117935 ns, Cleanup: 19850 ns, At safepoint: 14704 ns, Total: 152489 ns
[2025-04-26T11:30:30.389+0000][1035.660s][debug][safepoint   ] Safepoint synchronization initiated using futex wait barrier. (216 threads)
[2025-04-26T11:30:30.389+0000][1035.660s][info ][safepoint   ] Safepoint "Cleanup", Time since last: 13001707460 ns, Reaching safepoint: 222281 ns, Cleanup: 37340 ns, At safepoint: 32647 ns, Total: 292268 ns
[2025-04-26T11:30:37.390+0000][1042.661s][debug][safepoint   ] Safepoint synchronization initiated using futex wait barrier. (216 threads)
[2025-04-26T11:30:37.390+0000][1042.661s][info ][safepoint   ] Safepoint "Cleanup", Time since last: 7001111629 ns, Reaching safepoint: 177761 ns, Cleanup: 29526 ns, At safepoint: 18691 ns, Total: 225978 ns
[2025-04-26T11:30:47.392+0000][1052.663s][debug][safepoint   ] Safepoint synchronization initiated using futex wait barrier. (216 threads)
[2025-04-26T11:30:47.392+0000][1052.663s][info ][safepoint   ] Safepoint "Cleanup", Time since last: 10001667029 ns, Reaching safepoint: 245045 ns, Cleanup: 54036 ns, At safepoint: 41488 ns, Total: 340569 ns
[2025-04-26T11:30:48.393+0000][1053.664s][debug][safepoint   ] Safepoint synchronization initiated using futex wait barrier. (216 threads)
[2025-04-26T11:30:48.393+0000][1053.664s][info ][safepoint   ] Safepoint "Cleanup", Time since last: 1000327653 ns, Reaching safepoint: 180995 ns, Cleanup: 29275 ns, At safepoint: 18186 ns, Total: 228456 ns
[2025-04-26T11:31:11.396+0000][1076.667s][debug][safepoint   ] Safepoint synchronization initiated using futex wait barrier. (216 threads)
[2025-04-26T11:31:11.396+0000][1076.667s][info ][safepoint   ] Safepoint "Cleanup", Time since last: 23002842613 ns, Reaching safepoint: 54880 ns, Cleanup: 9976 ns, At safepoint: 3570 ns, Total: 68426 ns
[2025-04-26T11:31:16.396+0000][1081.667s][debug][safepoint   ] Safepoint synchronization initiated using futex wait barrier. (216 threads)
[2025-04-26T11:31:16.396+0000][1081.667s][info ][safepoint   ] Safepoint "Cleanup", Time since last: 5000443704 ns, Reaching safepoint: 64931 ns, Cleanup: 10008 ns, At safepoint: 4456 ns, Total: 79395 ns
[2025-04-26T11:31:17.397+0000][1082.668s][debug][safepoint   ] Safepoint synchronization initiated using futex wait barrier. (216 threads)
[2025-04-26T11:31:17.397+0000][1082.668s][info ][safepoint   ] Safepoint "Cleanup", Time since last: 1000096753 ns, Reaching safepoint: 123858 ns, Cleanup: 14525 ns, At safepoint: 5878 ns, Total: 144261 ns
[2025-04-26T11:31:47.401+0000][1112.672s][debug][safepoint   ] Safepoint synchronization initiated using futex wait barrier. (215 threads)
[2025-04-26T11:31:47.401+0000][1112.672s][info ][safepoint   ] Safepoint "Cleanup", Time since last: 30004262284 ns, Reaching safepoint: 143361 ns, Cleanup: 24050 ns, At safepoint: 14651 ns, Total: 182062 ns
[2025-04-26T11:31:48.401+0000][1113.672s][debug][safepoint   ] Safepoint synchronization initiated using futex wait barrier. (215 threads)
[2025-04-26T11:31:48.401+0000][1113.672s][info ][safepoint   ] Safepoint "Cleanup", Time since last: 1000113849 ns, Reaching safepoint: 105344 ns, Cleanup: 15665 ns, At safepoint: 8077 ns, Total: 129086 ns
[2025-04-26T11:31:55.402+0000][1120.673s][debug][safepoint   ] Safepoint synchronization initiated using futex wait barrier. (215 threads)
[2025-04-26T11:31:55.403+0000][1120.674s][info ][safepoint   ] Safepoint "Cleanup", Time since last: 7000923944 ns, Reaching safepoint: 206947 ns, Cleanup: 48454 ns, At safepoint: 16289 ns, Total: 271690 ns
[2025-04-26T11:32:04.404+0000][1129.675s][debug][safepoint   ] Safepoint synchronization initiated using futex wait barrier. (215 threads)
[2025-04-26T11:32:04.404+0000][1129.675s][info ][safepoint   ] Safepoint "Cleanup", Time since last: 9001142942 ns, Reaching safepoint: 64673 ns, Cleanup: 29653 ns, At safepoint: 4992 ns, Total: 99318 ns
