[2025-04-25T12:31:54.032+0000][0.014s][info][gc] Using G1
[2025-04-25T12:31:54.037+0000][0.019s][info][gc,init] Version: 17.0.14+7-Debian-1deb12u1 (release)
[2025-04-25T12:31:54.037+0000][0.019s][info][gc,init] CPUs: 4 total, 4 available
[2025-04-25T12:31:54.037+0000][0.019s][info][gc,init] Memory: 7823M
[2025-04-25T12:31:54.037+0000][0.019s][info][gc,init] Large Page Support: Disabled
[2025-04-25T12:31:54.037+0000][0.019s][info][gc,init] NUMA Support: Disabled
[2025-04-25T12:31:54.037+0000][0.019s][info][gc,init] Compressed Oops: Enabled (32-bit)
[2025-04-25T12:31:54.037+0000][0.019s][info][gc,init] Heap Region Size: 1M
[2025-04-25T12:31:54.037+0000][0.019s][info][gc,init] Heap Min Capacity: 8M
[2025-04-25T12:31:54.037+0000][0.019s][info][gc,init] Heap Initial Capacity: 124M
[2025-04-25T12:31:54.037+0000][0.019s][info][gc,init] Heap Max Capacity: 1956M
[2025-04-25T12:31:54.037+0000][0.019s][info][gc,init] Pre-touch: Disabled
[2025-04-25T12:31:54.037+0000][0.020s][info][gc,init] Parallel Workers: 4
[2025-04-25T12:31:54.038+0000][0.020s][info][gc,init] Concurrent Workers: 1
[2025-04-25T12:31:54.038+0000][0.020s][info][gc,init] Concurrent Refinement Workers: 4
[2025-04-25T12:31:54.038+0000][0.020s][info][gc,init] Periodic GC: Disabled
[2025-04-25T12:31:54.070+0000][0.052s][info][gc,metaspace] CDS archive(s) mapped at: [0x00007dcd37000000-0x00007dcd37bc9000-0x00007dcd37bc9000), size 12357632, SharedBaseAddress: 0x00007dcd37000000, ArchiveRelocationMode: 1.
[2025-04-25T12:31:54.070+0000][0.052s][info][gc,metaspace] Compressed class space mapped at: 0x00007dcd38000000-0x00007dcd78000000, reserved size: 1073741824
[2025-04-25T12:31:54.070+0000][0.052s][info][gc,metaspace] Narrow klass base: 0x00007dcd37000000, Narrow klass shift: 0, Narrow klass range: 0x100000000
[2025-04-25T12:31:54.080+0000][0.062s][info][cds,heap    ] initialize_from_archived_subgraph java.lang.Module$ArchivedData 0x00007dcd37183798 (early)
[2025-04-25T12:31:54.081+0000][0.063s][info][cds,heap    ] initialize_from_archived_subgraph java.util.ImmutableCollections 0x00007dcd37072308 (early)
[2025-04-25T12:31:54.085+0000][0.067s][info][cds,heap    ] initialize_from_archived_subgraph java.lang.Integer$IntegerCache 0x00007dcd37037660 (early)
[2025-04-25T12:31:54.090+0000][0.073s][info][cds,heap    ] initialize_from_archived_subgraph java.lang.module.Configuration 0x00007dcd37171718 (early)
[2025-04-25T12:31:54.091+0000][0.073s][info][cds,heap    ] initialize_from_archived_subgraph java.lang.ModuleLayer 0x00007dcd37145b50 (early)
[2025-04-25T12:31:54.091+0000][0.073s][info][cds,heap    ] initialize_from_archived_subgraph jdk.internal.loader.ArchivedClassLoaders 0x00007dcd371a7e00 (early)
[2025-04-25T12:31:54.092+0000][0.074s][info][cds,heap    ] initialize_from_archived_subgraph jdk.internal.module.ArchivedBootLayer 0x00007dcd37178358 (early)
[2025-04-25T12:31:54.094+0000][0.076s][info][cds,heap    ] initialize_from_archived_subgraph sun.util.locale.BaseLocale 0x00007dcd3726eb88
[2025-04-25T12:31:54.111+0000][0.093s][info][cds,heap    ] initialize_from_archived_subgraph java.util.jar.Attributes$Name 0x00007dcd37199878
[2025-04-25T12:31:54.172+0000][0.154s][info][cds,heap    ] initialize_from_archived_subgraph java.lang.Long$LongCache 0x00007dcd37020f98
[2025-04-25T12:31:54.326+0000][0.308s][info][cds,heap    ] initialize_from_archived_subgraph java.lang.Character$CharacterCache 0x00007dcd3703a9e8
[2025-04-25T12:31:55.084+0000][1.066s][debug][safepoint   ] Safepoint synchronization initiated using futex wait barrier. (13 threads)
[2025-04-25T12:31:55.084+0000][1.066s][info ][gc,start    ] GC(0) Pause Young (Normal) (G1 Evacuation Pause)
[2025-04-25T12:31:55.084+0000][1.066s][info ][gc,task     ] GC(0) Using 3 workers of 4 for evacuation
[2025-04-25T12:31:55.093+0000][1.075s][info ][gc,phases   ] GC(0)   Pre Evacuate Collection Set: 0.1ms
[2025-04-25T12:31:55.093+0000][1.075s][info ][gc,phases   ] GC(0)   Merge Heap Roots: 0.1ms
[2025-04-25T12:31:55.093+0000][1.075s][info ][gc,phases   ] GC(0)   Evacuate Collection Set: 7.6ms
[2025-04-25T12:31:55.093+0000][1.075s][info ][gc,phases   ] GC(0)   Post Evacuate Collection Set: 0.8ms
[2025-04-25T12:31:55.093+0000][1.075s][info ][gc,phases   ] GC(0)   Other: 0.5ms
[2025-04-25T12:31:55.093+0000][1.075s][info ][gc,heap     ] GC(0) Eden regions: 37->0(52)
[2025-04-25T12:31:55.093+0000][1.075s][info ][gc,heap     ] GC(0) Survivor regions: 0->5(5)
[2025-04-25T12:31:55.093+0000][1.075s][info ][gc,heap     ] GC(0) Old regions: 0->2
[2025-04-25T12:31:55.093+0000][1.075s][info ][gc,heap     ] GC(0) Archive regions: 2->2
[2025-04-25T12:31:55.093+0000][1.075s][info ][gc,heap     ] GC(0) Humongous regions: 0->0
[2025-04-25T12:31:55.093+0000][1.075s][info ][gc,metaspace] GC(0) Metaspace: 2070K(2304K)->2070K(2304K) NonClass: 1864K(1984K)->1864K(1984K) Class: 205K(320K)->205K(320K)
[2025-04-25T12:31:55.093+0000][1.075s][info ][gc          ] GC(0) Pause Young (Normal) (G1 Evacuation Pause) 37M->7M(126M) 9.100ms
[2025-04-25T12:31:55.093+0000][1.075s][info ][gc,cpu      ] GC(0) User=0.01s Sys=0.01s Real=0.01s
[2025-04-25T12:31:55.093+0000][1.075s][info ][safepoint   ] Safepoint "G1CollectForAllocation", Time since last: 1004494658 ns, Reaching safepoint: 42378 ns, Cleanup: 78926 ns, At safepoint: 9197538 ns, Total: 9318842 ns
[2025-04-25T12:31:56.624+0000][2.606s][debug][safepoint   ] Safepoint synchronization initiated using futex wait barrier. (13 threads)
[2025-04-25T12:31:56.625+0000][2.607s][info ][gc,start    ] GC(1) Pause Young (Normal) (G1 Evacuation Pause)
[2025-04-25T12:31:56.625+0000][2.607s][info ][gc,task     ] GC(1) Using 3 workers of 4 for evacuation
[2025-04-25T12:31:56.637+0000][2.619s][info ][gc,phases   ] GC(1)   Pre Evacuate Collection Set: 0.7ms
[2025-04-25T12:31:56.637+0000][2.619s][info ][gc,phases   ] GC(1)   Merge Heap Roots: 0.1ms
[2025-04-25T12:31:56.637+0000][2.619s][info ][gc,phases   ] GC(1)   Evacuate Collection Set: 9.9ms
[2025-04-25T12:31:56.637+0000][2.619s][info ][gc,phases   ] GC(1)   Post Evacuate Collection Set: 1.1ms
[2025-04-25T12:31:56.637+0000][2.619s][info ][gc,phases   ] GC(1)   Other: 0.4ms
[2025-04-25T12:31:56.637+0000][2.619s][info ][gc,heap     ] GC(1) Eden regions: 52->0(69)
[2025-04-25T12:31:56.637+0000][2.619s][info ][gc,heap     ] GC(1) Survivor regions: 5->4(8)
[2025-04-25T12:31:56.637+0000][2.619s][info ][gc,heap     ] GC(1) Old regions: 2->7
[2025-04-25T12:31:56.637+0000][2.619s][info ][gc,heap     ] GC(1) Archive regions: 2->2
[2025-04-25T12:31:56.637+0000][2.619s][info ][gc,heap     ] GC(1) Humongous regions: 0->0
[2025-04-25T12:31:56.637+0000][2.619s][info ][gc,metaspace] GC(1) Metaspace: 4306K(4544K)->4306K(4544K) NonClass: 3844K(3968K)->3844K(3968K) Class: 462K(576K)->462K(576K)
[2025-04-25T12:31:56.637+0000][2.619s][info ][gc          ] GC(1) Pause Young (Normal) (G1 Evacuation Pause) 59M->10M(126M) 12.473ms
[2025-04-25T12:31:56.637+0000][2.619s][info ][gc,cpu      ] GC(1) User=0.02s Sys=0.00s Real=0.02s
[2025-04-25T12:31:56.638+0000][2.620s][info ][safepoint   ] Safepoint "G1CollectForAllocation", Time since last: 1530954669 ns, Reaching safepoint: 789120 ns, Cleanup: 103604 ns, At safepoint: 13443529 ns, Total: 14336253 ns
[2025-04-25T12:31:57.699+0000][3.681s][debug][safepoint   ] Safepoint synchronization initiated using futex wait barrier. (14 threads)
[2025-04-25T12:31:57.700+0000][3.682s][info ][gc,start    ] GC(2) Pause Young (Normal) (G1 Evacuation Pause)
[2025-04-25T12:31:57.700+0000][3.682s][info ][gc,task     ] GC(2) Using 3 workers of 4 for evacuation
[2025-04-25T12:31:57.713+0000][3.695s][info ][gc,phases   ] GC(2)   Pre Evacuate Collection Set: 0.1ms
[2025-04-25T12:31:57.713+0000][3.695s][info ][gc,phases   ] GC(2)   Merge Heap Roots: 0.1ms
[2025-04-25T12:31:57.714+0000][3.696s][info ][gc,phases   ] GC(2)   Evacuate Collection Set: 8.4ms
[2025-04-25T12:31:57.714+0000][3.696s][info ][gc,phases   ] GC(2)   Post Evacuate Collection Set: 4.4ms
[2025-04-25T12:31:57.714+0000][3.696s][info ][gc,phases   ] GC(2)   Other: 0.4ms
[2025-04-25T12:31:57.714+0000][3.696s][info ][gc,heap     ] GC(2) Eden regions: 69->0(69)
[2025-04-25T12:31:57.714+0000][3.696s][info ][gc,heap     ] GC(2) Survivor regions: 4->5(10)
[2025-04-25T12:31:57.714+0000][3.696s][info ][gc,heap     ] GC(2) Old regions: 7->7
[2025-04-25T12:31:57.714+0000][3.696s][info ][gc,heap     ] GC(2) Archive regions: 2->2
[2025-04-25T12:31:57.714+0000][3.696s][info ][gc,heap     ] GC(2) Humongous regions: 0->0
[2025-04-25T12:31:57.714+0000][3.696s][info ][gc,metaspace] GC(2) Metaspace: 6503K(6784K)->6503K(6784K) NonClass: 5681K(5824K)->5681K(5824K) Class: 822K(960K)->822K(960K)
[2025-04-25T12:31:57.714+0000][3.696s][info ][gc          ] GC(2) Pause Young (Normal) (G1 Evacuation Pause) 79M->12M(126M) 13.725ms
[2025-04-25T12:31:57.714+0000][3.696s][info ][gc,cpu      ] GC(2) User=0.02s Sys=0.00s Real=0.01s
[2025-04-25T12:31:57.714+0000][3.696s][info ][safepoint   ] Safepoint "G1CollectForAllocation", Time since last: 1060991911 ns, Reaching safepoint: 57735 ns, Cleanup: 370406 ns, At safepoint: 13978889 ns, Total: 14407030 ns
[2025-04-25T12:31:58.370+0000][4.352s][debug][safepoint   ] Safepoint synchronization initiated using futex wait barrier. (14 threads)
[2025-04-25T12:31:58.370+0000][4.352s][info ][gc,start    ] GC(3) Pause Young (Normal) (G1 Evacuation Pause)
[2025-04-25T12:31:58.370+0000][4.352s][info ][gc,task     ] GC(3) Using 3 workers of 4 for evacuation
[2025-04-25T12:31:58.377+0000][4.359s][info ][gc,phases   ] GC(3)   Pre Evacuate Collection Set: 0.1ms
[2025-04-25T12:31:58.377+0000][4.359s][info ][gc,phases   ] GC(3)   Merge Heap Roots: 0.0ms
[2025-04-25T12:31:58.377+0000][4.359s][info ][gc,phases   ] GC(3)   Evacuate Collection Set: 6.0ms
[2025-04-25T12:31:58.377+0000][4.359s][info ][gc,phases   ] GC(3)   Post Evacuate Collection Set: 0.7ms
[2025-04-25T12:31:58.377+0000][4.359s][info ][gc,phases   ] GC(3)   Other: 0.1ms
[2025-04-25T12:31:58.377+0000][4.359s][info ][gc,heap     ] GC(3) Eden regions: 69->0(68)
[2025-04-25T12:31:58.377+0000][4.359s][info ][gc,heap     ] GC(3) Survivor regions: 5->6(10)
[2025-04-25T12:31:58.377+0000][4.359s][info ][gc,heap     ] GC(3) Old regions: 7->7
[2025-04-25T12:31:58.377+0000][4.359s][info ][gc,heap     ] GC(3) Archive regions: 2->2
[2025-04-25T12:31:58.377+0000][4.359s][info ][gc,heap     ] GC(3) Humongous regions: 0->0
[2025-04-25T12:31:58.377+0000][4.359s][info ][gc,metaspace] GC(3) Metaspace: 10543K(10880K)->10543K(10880K) NonClass: 9171K(9344K)->9171K(9344K) Class: 1371K(1536K)->1371K(1536K)
[2025-04-25T12:31:58.377+0000][4.359s][info ][gc          ] GC(3) Pause Young (Normal) (G1 Evacuation Pause) 81M->13M(126M) 6.963ms
[2025-04-25T12:31:58.377+0000][4.359s][info ][gc,cpu      ] GC(3) User=0.01s Sys=0.00s Real=0.01s
[2025-04-25T12:31:58.377+0000][4.359s][info ][safepoint   ] Safepoint "G1CollectForAllocation", Time since last: 655932900 ns, Reaching safepoint: 42665 ns, Cleanup: 65310 ns, At safepoint: 7011827 ns, Total: 7119802 ns
[2025-04-25T12:31:58.798+0000][4.780s][debug][safepoint   ] Safepoint synchronization initiated using futex wait barrier. (14 threads)
[2025-04-25T12:31:58.798+0000][4.780s][info ][safepoint   ] Safepoint "ICBufferFull", Time since last: 421240819 ns, Reaching safepoint: 201015 ns, Cleanup: 125037 ns, At safepoint: 9648 ns, Total: 335700 ns
[2025-04-25T12:31:58.992+0000][4.974s][debug][safepoint   ] Safepoint synchronization initiated using futex wait barrier. (15 threads)
[2025-04-25T12:31:58.992+0000][4.974s][info ][gc,start    ] GC(4) Pause Young (Normal) (G1 Evacuation Pause)
[2025-04-25T12:31:58.992+0000][4.974s][info ][gc,task     ] GC(4) Using 4 workers of 4 for evacuation
[2025-04-25T12:31:59.009+0000][4.991s][info ][gc,phases   ] GC(4)   Pre Evacuate Collection Set: 0.1ms
[2025-04-25T12:31:59.009+0000][4.991s][info ][gc,phases   ] GC(4)   Merge Heap Roots: 0.1ms
[2025-04-25T12:31:59.009+0000][4.991s][info ][gc,phases   ] GC(4)   Evacuate Collection Set: 15.1ms
[2025-04-25T12:31:59.009+0000][4.991s][info ][gc,phases   ] GC(4)   Post Evacuate Collection Set: 1.5ms
[2025-04-25T12:31:59.009+0000][4.991s][info ][gc,phases   ] GC(4)   Other: 0.1ms
[2025-04-25T12:31:59.009+0000][4.991s][info ][gc,heap     ] GC(4) Eden regions: 68->0(68)
[2025-04-25T12:31:59.009+0000][4.991s][info ][gc,heap     ] GC(4) Survivor regions: 6->6(10)
[2025-04-25T12:31:59.009+0000][4.991s][info ][gc,heap     ] GC(4) Old regions: 7->10
[2025-04-25T12:31:59.009+0000][4.991s][info ][gc,heap     ] GC(4) Archive regions: 2->2
[2025-04-25T12:31:59.009+0000][4.991s][info ][gc,heap     ] GC(4) Humongous regions: 0->0
[2025-04-25T12:31:59.009+0000][4.991s][info ][gc,metaspace] GC(4) Metaspace: 12301K(12608K)->12301K(12608K) NonClass: 10704K(10880K)->10704K(10880K) Class: 1596K(1728K)->1596K(1728K)
[2025-04-25T12:31:59.009+0000][4.991s][info ][gc          ] GC(4) Pause Young (Normal) (G1 Evacuation Pause) 81M->15M(126M) 17.040ms
[2025-04-25T12:31:59.009+0000][4.991s][info ][gc,cpu      ] GC(4) User=0.05s Sys=0.01s Real=0.02s
[2025-04-25T12:31:59.009+0000][4.991s][info ][safepoint   ] Safepoint "G1CollectForAllocation", Time since last: 193515369 ns, Reaching safepoint: 272247 ns, Cleanup: 109121 ns, At safepoint: 17098597 ns, Total: 17479965 ns
[2025-04-25T12:31:59.444+0000][5.426s][debug][safepoint   ] Safepoint synchronization initiated using futex wait barrier. (15 threads)
[2025-04-25T12:31:59.445+0000][5.427s][info ][gc,start    ] GC(5) Pause Young (Normal) (G1 Evacuation Pause)
[2025-04-25T12:31:59.445+0000][5.427s][info ][gc,task     ] GC(5) Using 4 workers of 4 for evacuation
[2025-04-25T12:31:59.454+0000][5.436s][info ][gc,phases   ] GC(5)   Pre Evacuate Collection Set: 0.1ms
[2025-04-25T12:31:59.454+0000][5.436s][info ][gc,phases   ] GC(5)   Merge Heap Roots: 0.1ms
[2025-04-25T12:31:59.454+0000][5.436s][info ][gc,phases   ] GC(5)   Evacuate Collection Set: 7.9ms
[2025-04-25T12:31:59.454+0000][5.436s][info ][gc,phases   ] GC(5)   Post Evacuate Collection Set: 0.8ms
[2025-04-25T12:31:59.454+0000][5.436s][info ][gc,phases   ] GC(5)   Other: 0.3ms
[2025-04-25T12:31:59.454+0000][5.436s][info ][gc,heap     ] GC(5) Eden regions: 68->0(68)
[2025-04-25T12:31:59.454+0000][5.436s][info ][gc,heap     ] GC(5) Survivor regions: 6->6(10)
[2025-04-25T12:31:59.454+0000][5.436s][info ][gc,heap     ] GC(5) Old regions: 10->10
[2025-04-25T12:31:59.454+0000][5.436s][info ][gc,heap     ] GC(5) Archive regions: 2->2
[2025-04-25T12:31:59.454+0000][5.436s][info ][gc,heap     ] GC(5) Humongous regions: 0->0
[2025-04-25T12:31:59.454+0000][5.436s][info ][gc,metaspace] GC(5) Metaspace: 14837K(15168K)->14837K(15168K) NonClass: 12902K(13056K)->12902K(13056K) Class: 1934K(2112K)->1934K(2112K)
[2025-04-25T12:31:59.454+0000][5.436s][info ][gc          ] GC(5) Pause Young (Normal) (G1 Evacuation Pause) 83M->15M(126M) 9.226ms
[2025-04-25T12:31:59.454+0000][5.436s][info ][gc,cpu      ] GC(5) User=0.03s Sys=0.00s Real=0.01s
[2025-04-25T12:31:59.454+0000][5.436s][info ][safepoint   ] Safepoint "G1CollectForAllocation", Time since last: 434887997 ns, Reaching safepoint: 158888 ns, Cleanup: 84640 ns, At safepoint: 9381342 ns, Total: 9624870 ns
[2025-04-25T12:31:59.677+0000][5.659s][info ][cds,heap    ] initialize_from_archived_subgraph java.lang.Byte$ByteCache 0x00007dcd3703abf8
[2025-04-25T12:31:59.677+0000][5.659s][info ][cds,heap    ] initialize_from_archived_subgraph java.lang.Short$ShortCache 0x00007dcd370412e8
[2025-04-25T12:31:59.764+0000][5.746s][debug][safepoint   ] ... found polling page loop exception at pc = 0x00007dcda0f69fcc, stub =0x00007dcda098e400
[2025-04-25T12:31:59.842+0000][5.824s][debug][safepoint   ] Safepoint synchronization initiated using futex wait barrier. (15 threads)
[2025-04-25T12:31:59.843+0000][5.825s][info ][gc,start    ] GC(6) Pause Young (Normal) (G1 Evacuation Pause)
[2025-04-25T12:31:59.843+0000][5.825s][info ][gc,task     ] GC(6) Using 4 workers of 4 for evacuation
[2025-04-25T12:31:59.851+0000][5.833s][info ][gc,phases   ] GC(6)   Pre Evacuate Collection Set: 0.1ms
[2025-04-25T12:31:59.851+0000][5.833s][info ][gc,phases   ] GC(6)   Merge Heap Roots: 0.1ms
[2025-04-25T12:31:59.851+0000][5.833s][info ][gc,phases   ] GC(6)   Evacuate Collection Set: 6.6ms
[2025-04-25T12:31:59.851+0000][5.833s][info ][gc,phases   ] GC(6)   Post Evacuate Collection Set: 1.3ms
[2025-04-25T12:31:59.851+0000][5.833s][info ][gc,phases   ] GC(6)   Other: 0.1ms
[2025-04-25T12:31:59.851+0000][5.833s][info ][gc,heap     ] GC(6) Eden regions: 68->0(85)
[2025-04-25T12:31:59.851+0000][5.833s][info ][gc,heap     ] GC(6) Survivor regions: 6->6(10)
[2025-04-25T12:31:59.851+0000][5.833s][info ][gc,heap     ] GC(6) Old regions: 10->11
[2025-04-25T12:31:59.851+0000][5.833s][info ][gc,heap     ] GC(6) Archive regions: 2->2
[2025-04-25T12:31:59.851+0000][5.833s][info ][gc,heap     ] GC(6) Humongous regions: 0->0
[2025-04-25T12:31:59.851+0000][5.833s][info ][gc,metaspace] GC(6) Metaspace: 16731K(17024K)->16731K(17024K) NonClass: 14453K(14592K)->14453K(14592K) Class: 2277K(2432K)->2277K(2432K)
[2025-04-25T12:31:59.851+0000][5.833s][info ][gc          ] GC(6) Pause Young (Normal) (G1 Evacuation Pause) 83M->16M(152M) 8.212ms
[2025-04-25T12:31:59.851+0000][5.833s][info ][gc,cpu      ] GC(6) User=0.03s Sys=0.00s Real=0.01s
[2025-04-25T12:31:59.851+0000][5.833s][info ][safepoint   ] Safepoint "G1CollectForAllocation", Time since last: 388436084 ns, Reaching safepoint: 160923 ns, Cleanup: 41962 ns, At safepoint: 8264415 ns, Total: 8467300 ns
[2025-04-25T12:32:00.299+0000][6.281s][debug][safepoint   ] Safepoint synchronization initiated using futex wait barrier. (15 threads)
[2025-04-25T12:32:00.299+0000][6.281s][info ][gc,start    ] GC(7) Pause Young (Normal) (G1 Evacuation Pause)
[2025-04-25T12:32:00.299+0000][6.281s][info ][gc,task     ] GC(7) Using 4 workers of 4 for evacuation
[2025-04-25T12:32:00.307+0000][6.289s][info ][gc,phases   ] GC(7)   Pre Evacuate Collection Set: 0.1ms
[2025-04-25T12:32:00.307+0000][6.289s][info ][gc,phases   ] GC(7)   Merge Heap Roots: 0.0ms
[2025-04-25T12:32:00.307+0000][6.289s][info ][gc,phases   ] GC(7)   Evacuate Collection Set: 7.0ms
[2025-04-25T12:32:00.307+0000][6.289s][info ][gc,phases   ] GC(7)   Post Evacuate Collection Set: 0.7ms
[2025-04-25T12:32:00.307+0000][6.289s][info ][gc,phases   ] GC(7)   Other: 0.1ms
[2025-04-25T12:32:00.307+0000][6.289s][info ][gc,heap     ] GC(7) Eden regions: 85->0(82)
[2025-04-25T12:32:00.307+0000][6.289s][info ][gc,heap     ] GC(7) Survivor regions: 6->9(12)
[2025-04-25T12:32:00.307+0000][6.289s][info ][gc,heap     ] GC(7) Old regions: 11->11
[2025-04-25T12:32:00.307+0000][6.289s][info ][gc,heap     ] GC(7) Archive regions: 2->2
[2025-04-25T12:32:00.307+0000][6.289s][info ][gc,heap     ] GC(7) Humongous regions: 0->0
[2025-04-25T12:32:00.307+0000][6.289s][info ][gc,metaspace] GC(7) Metaspace: 20417K(20864K)->20417K(20864K) NonClass: 17753K(17984K)->17753K(17984K) Class: 2663K(2880K)->2663K(2880K)
[2025-04-25T12:32:00.307+0000][6.289s][info ][gc          ] GC(7) Pause Young (Normal) (G1 Evacuation Pause) 101M->20M(152M) 7.978ms
[2025-04-25T12:32:00.307+0000][6.289s][info ][gc,cpu      ] GC(7) User=0.03s Sys=0.00s Real=0.01s
[2025-04-25T12:32:00.307+0000][6.289s][info ][safepoint   ] Safepoint "G1CollectForAllocation", Time since last: 448137238 ns, Reaching safepoint: 126132 ns, Cleanup: 47151 ns, At safepoint: 8022219 ns, Total: 8195502 ns
[2025-04-25T12:32:00.403+0000][6.385s][debug][safepoint   ] Safepoint synchronization initiated using futex wait barrier. (15 threads)
[2025-04-25T12:32:00.404+0000][6.386s][info ][gc,start    ] GC(8) Pause Young (Concurrent Start) (Metadata GC Threshold)
[2025-04-25T12:32:00.404+0000][6.386s][info ][gc,task     ] GC(8) Using 4 workers of 4 for evacuation
[2025-04-25T12:32:00.412+0000][6.394s][info ][gc,phases   ] GC(8)   Pre Evacuate Collection Set: 0.1ms
[2025-04-25T12:32:00.412+0000][6.394s][info ][gc,phases   ] GC(8)   Merge Heap Roots: 0.1ms
[2025-04-25T12:32:00.412+0000][6.394s][info ][gc,phases   ] GC(8)   Evacuate Collection Set: 7.6ms
[2025-04-25T12:32:00.412+0000][6.394s][info ][gc,phases   ] GC(8)   Post Evacuate Collection Set: 0.7ms
[2025-04-25T12:32:00.412+0000][6.394s][info ][gc,phases   ] GC(8)   Other: 0.2ms
[2025-04-25T12:32:00.412+0000][6.394s][info ][gc,heap     ] GC(8) Eden regions: 17->0(85)
[2025-04-25T12:32:00.412+0000][6.394s][info ][gc,heap     ] GC(8) Survivor regions: 9->6(12)
[2025-04-25T12:32:00.412+0000][6.394s][info ][gc,heap     ] GC(8) Old regions: 11->14
[2025-04-25T12:32:00.412+0000][6.394s][info ][gc,heap     ] GC(8) Archive regions: 2->2
[2025-04-25T12:32:00.412+0000][6.394s][info ][gc,heap     ] GC(8) Humongous regions: 0->0
[2025-04-25T12:32:00.412+0000][6.394s][info ][gc,metaspace] GC(8) Metaspace: 21170K(21504K)->21170K(21504K) NonClass: 18411K(18560K)->18411K(18560K) Class: 2758K(2944K)->2758K(2944K)
[2025-04-25T12:32:00.412+0000][6.394s][info ][gc          ] GC(8) Pause Young (Concurrent Start) (Metadata GC Threshold) 37M->20M(152M) 8.809ms
[2025-04-25T12:32:00.412+0000][6.394s][info ][gc,cpu      ] GC(8) User=0.03s Sys=0.00s Real=0.01s
[2025-04-25T12:32:00.412+0000][6.394s][info ][gc          ] GC(9) Concurrent Mark Cycle
[2025-04-25T12:32:00.412+0000][6.394s][info ][gc,marking  ] GC(9) Concurrent Clear Claimed Marks
[2025-04-25T12:32:00.412+0000][6.394s][info ][gc,marking  ] GC(9) Concurrent Clear Claimed Marks 0.027ms
[2025-04-25T12:32:00.412+0000][6.394s][info ][gc,marking  ] GC(9) Concurrent Scan Root Regions
[2025-04-25T12:32:00.412+0000][6.394s][info ][safepoint   ] Safepoint "CollectForMetadataAllocation", Time since last: 96147480 ns, Reaching safepoint: 131323 ns, Cleanup: 44640 ns, At safepoint: 8886660 ns, Total: 9062623 ns
[2025-04-25T12:32:00.414+0000][6.396s][debug][safepoint   ] Safepoint synchronization initiated using futex wait barrier. (15 threads)
[2025-04-25T12:32:00.414+0000][6.396s][info ][safepoint   ] Safepoint "CollectForMetadataAllocation", Time since last: 1380564 ns, Reaching safepoint: 29498 ns, Cleanup: 3162 ns, At safepoint: 9126 ns, Total: 41786 ns
[2025-04-25T12:32:00.431+0000][6.413s][info ][gc,marking  ] GC(9) Concurrent Scan Root Regions 18.324ms
[2025-04-25T12:32:00.431+0000][6.413s][info ][gc,marking  ] GC(9) Concurrent Mark
[2025-04-25T12:32:00.431+0000][6.413s][info ][gc,marking  ] GC(9) Concurrent Mark From Roots
[2025-04-25T12:32:00.431+0000][6.413s][info ][gc,task     ] GC(9) Using 1 workers of 1 for marking
[2025-04-25T12:32:00.446+0000][6.428s][debug][safepoint   ] Safepoint synchronization initiated using futex wait barrier. (15 threads)
[2025-04-25T12:32:00.446+0000][6.428s][info ][safepoint   ] Safepoint "CollectForMetadataAllocation", Time since last: 31831695 ns, Reaching safepoint: 171274 ns, Cleanup: 18777 ns, At safepoint: 36260 ns, Total: 226311 ns
[2025-04-25T12:32:00.450+0000][6.432s][debug][safepoint   ] Safepoint synchronization initiated using futex wait barrier. (15 threads)
[2025-04-25T12:32:00.450+0000][6.432s][debug][safepoint   ] ... found polling page loop exception at pc = 0x00007dcda0ee717c, stub =0x00007dcda098e400
[2025-04-25T12:32:00.451+0000][6.433s][info ][safepoint   ] Safepoint "CollectForMetadataAllocation", Time since last: 4449040 ns, Reaching safepoint: 215053 ns, Cleanup: 4218 ns, At safepoint: 17618 ns, Total: 236889 ns
[2025-04-25T12:32:00.455+0000][6.437s][info ][gc,marking  ] GC(9) Concurrent Mark From Roots 24.430ms
[2025-04-25T12:32:00.455+0000][6.437s][info ][gc,marking  ] GC(9) Concurrent Preclean
[2025-04-25T12:32:00.456+0000][6.438s][info ][gc,marking  ] GC(9) Concurrent Preclean 0.377ms
[2025-04-25T12:32:00.458+0000][6.440s][debug][safepoint   ] Safepoint synchronization initiated using futex wait barrier. (15 threads)
[2025-04-25T12:32:00.458+0000][6.440s][info ][gc,start    ] GC(9) Pause Remark
[2025-04-25T12:32:00.461+0000][6.443s][info ][gc          ] GC(9) Pause Remark 24M->24M(87M) 2.620ms
[2025-04-25T12:32:00.461+0000][6.443s][info ][gc,cpu      ] GC(9) User=0.01s Sys=0.00s Real=0.00s
[2025-04-25T12:32:00.461+0000][6.443s][info ][safepoint   ] Safepoint "G1PauseRemark", Time since last: 7083895 ns, Reaching safepoint: 244356 ns, Cleanup: 9392 ns, At safepoint: 2692816 ns, Total: 2946564 ns
[2025-04-25T12:32:00.461+0000][6.443s][info ][gc,marking  ] GC(9) Concurrent Mark 29.805ms
[2025-04-25T12:32:00.461+0000][6.443s][info ][gc,marking  ] GC(9) Concurrent Rebuild Remembered Sets
[2025-04-25T12:32:00.478+0000][6.460s][info ][gc,marking  ] GC(9) Concurrent Rebuild Remembered Sets 17.382ms
[2025-04-25T12:32:00.478+0000][6.460s][debug][safepoint   ] Safepoint synchronization initiated using futex wait barrier. (15 threads)
[2025-04-25T12:32:00.478+0000][6.460s][info ][gc,start    ] GC(9) Pause Cleanup
[2025-04-25T12:32:00.478+0000][6.460s][info ][gc          ] GC(9) Pause Cleanup 26M->26M(87M) 0.130ms
[2025-04-25T12:32:00.478+0000][6.460s][info ][gc,cpu      ] GC(9) User=0.00s Sys=0.00s Real=0.00s
[2025-04-25T12:32:00.478+0000][6.460s][info ][safepoint   ] Safepoint "G1PauseCleanup", Time since last: 17501194 ns, Reaching safepoint: 161638 ns, Cleanup: 16622 ns, At safepoint: 168103 ns, Total: 346363 ns
[2025-04-25T12:32:00.479+0000][6.461s][info ][gc,marking  ] GC(9) Concurrent Cleanup for Next Mark
[2025-04-25T12:32:00.481+0000][6.463s][info ][gc,marking  ] GC(9) Concurrent Cleanup for Next Mark 2.566ms
[2025-04-25T12:32:00.482+0000][6.464s][info ][gc          ] GC(9) Concurrent Mark Cycle 69.133ms
[2025-04-25T12:32:00.783+0000][6.765s][debug][safepoint   ] Safepoint synchronization initiated using futex wait barrier. (15 threads)
[2025-04-25T12:32:00.783+0000][6.765s][info ][gc,start    ] GC(10) Pause Young (Prepare Mixed) (G1 Evacuation Pause)
[2025-04-25T12:32:00.783+0000][6.765s][info ][gc,task     ] GC(10) Using 4 workers of 4 for evacuation
[2025-04-25T12:32:00.794+0000][6.776s][info ][gc,phases   ] GC(10)   Pre Evacuate Collection Set: 0.1ms
[2025-04-25T12:32:00.794+0000][6.776s][info ][gc,phases   ] GC(10)   Merge Heap Roots: 0.1ms
[2025-04-25T12:32:00.794+0000][6.776s][info ][gc,phases   ] GC(10)   Evacuate Collection Set: 8.2ms
[2025-04-25T12:32:00.794+0000][6.776s][info ][gc,phases   ] GC(10)   Post Evacuate Collection Set: 1.8ms
[2025-04-25T12:32:00.794+0000][6.776s][info ][gc,phases   ] GC(10)   Other: 0.1ms
[2025-04-25T12:32:00.794+0000][6.776s][info ][gc,heap     ] GC(10) Eden regions: 46->0(1)
[2025-04-25T12:32:00.794+0000][6.776s][info ][gc,heap     ] GC(10) Survivor regions: 6->4(7)
[2025-04-25T12:32:00.794+0000][6.776s][info ][gc,heap     ] GC(10) Old regions: 14->19
[2025-04-25T12:32:00.794+0000][6.776s][info ][gc,heap     ] GC(10) Archive regions: 2->2
[2025-04-25T12:32:00.794+0000][6.776s][info ][gc,heap     ] GC(10) Humongous regions: 0->0
[2025-04-25T12:32:00.794+0000][6.776s][info ][gc,metaspace] GC(10) Metaspace: 23044K(23360K)->23044K(23360K) NonClass: 20014K(20160K)->20014K(20160K) Class: 3029K(3200K)->3029K(3200K)
[2025-04-25T12:32:00.794+0000][6.776s][info ][gc          ] GC(10) Pause Young (Prepare Mixed) (G1 Evacuation Pause) 66M->22M(87M) 10.562ms
[2025-04-25T12:32:00.794+0000][6.776s][info ][gc,cpu      ] GC(10) User=0.03s Sys=0.01s Real=0.01s
[2025-04-25T12:32:00.794+0000][6.776s][info ][safepoint   ] Safepoint "G1CollectForAllocation", Time since last: 304558922 ns, Reaching safepoint: 127268 ns, Cleanup: 57494 ns, At safepoint: 10614226 ns, Total: 10798988 ns
[2025-04-25T12:32:00.800+0000][6.783s][debug][safepoint   ] Safepoint synchronization initiated using futex wait barrier. (15 threads)
[2025-04-25T12:32:00.801+0000][6.783s][info ][gc,start    ] GC(11) Pause Young (Mixed) (G1 Evacuation Pause)
[2025-04-25T12:32:00.801+0000][6.783s][info ][gc,task     ] GC(11) Using 4 workers of 4 for evacuation
[2025-04-25T12:32:00.807+0000][6.789s][info ][gc,phases   ] GC(11)   Pre Evacuate Collection Set: 0.1ms
[2025-04-25T12:32:00.807+0000][6.789s][info ][gc,phases   ] GC(11)   Merge Heap Roots: 0.0ms
[2025-04-25T12:32:00.807+0000][6.789s][info ][gc,phases   ] GC(11)   Evacuate Collection Set: 4.9ms
[2025-04-25T12:32:00.807+0000][6.789s][info ][gc,phases   ] GC(11)   Post Evacuate Collection Set: 0.9ms
[2025-04-25T12:32:00.807+0000][6.789s][info ][gc,phases   ] GC(11)   Other: 0.1ms
[2025-04-25T12:32:00.807+0000][6.789s][info ][gc,heap     ] GC(11) Eden regions: 1->0(46)
[2025-04-25T12:32:00.807+0000][6.789s][info ][gc,heap     ] GC(11) Survivor regions: 4->1(1)
[2025-04-25T12:32:00.807+0000][6.789s][info ][gc,heap     ] GC(11) Old regions: 19->22
[2025-04-25T12:32:00.807+0000][6.789s][info ][gc,heap     ] GC(11) Archive regions: 2->2
[2025-04-25T12:32:00.807+0000][6.789s][info ][gc,heap     ] GC(11) Humongous regions: 0->0
[2025-04-25T12:32:00.807+0000][6.789s][info ][gc,metaspace] GC(11) Metaspace: 23071K(23424K)->23071K(23424K) NonClass: 20039K(20224K)->20039K(20224K) Class: 3032K(3200K)->3032K(3200K)
[2025-04-25T12:32:00.807+0000][6.789s][info ][gc          ] GC(11) Pause Young (Mixed) (G1 Evacuation Pause) 23M->23M(87M) 6.428ms
[2025-04-25T12:32:00.807+0000][6.789s][info ][gc,cpu      ] GC(11) User=0.02s Sys=0.00s Real=0.01s
[2025-04-25T12:32:00.807+0000][6.789s][info ][safepoint   ] Safepoint "G1CollectForAllocation", Time since last: 6690698 ns, Reaching safepoint: 183978 ns, Cleanup: 11691 ns, At safepoint: 6556882 ns, Total: 6752551 ns
[2025-04-25T12:32:01.043+0000][7.025s][debug][safepoint   ] Safepoint synchronization initiated using futex wait barrier. (15 threads)
[2025-04-25T12:32:01.044+0000][7.026s][info ][gc,start    ] GC(12) Pause Young (Concurrent Start) (G1 Evacuation Pause)
[2025-04-25T12:32:01.044+0000][7.026s][info ][gc,task     ] GC(12) Using 4 workers of 4 for evacuation
[2025-04-25T12:32:01.052+0000][7.034s][info ][gc,phases   ] GC(12)   Pre Evacuate Collection Set: 0.2ms
[2025-04-25T12:32:01.052+0000][7.034s][info ][gc,phases   ] GC(12)   Merge Heap Roots: 0.1ms
[2025-04-25T12:32:01.052+0000][7.034s][info ][gc,phases   ] GC(12)   Evacuate Collection Set: 6.2ms
[2025-04-25T12:32:01.052+0000][7.034s][info ][gc,phases   ] GC(12)   Post Evacuate Collection Set: 1.9ms
[2025-04-25T12:32:01.052+0000][7.035s][info ][gc,phases   ] GC(12)   Other: 0.1ms
[2025-04-25T12:32:01.053+0000][7.035s][info ][gc,heap     ] GC(12) Eden regions: 46->0(103)
[2025-04-25T12:32:01.053+0000][7.035s][info ][gc,heap     ] GC(12) Survivor regions: 1->3(6)
[2025-04-25T12:32:01.053+0000][7.035s][info ][gc,heap     ] GC(12) Old regions: 22->22
[2025-04-25T12:32:01.053+0000][7.035s][info ][gc,heap     ] GC(12) Archive regions: 2->2
[2025-04-25T12:32:01.053+0000][7.035s][info ][gc,heap     ] GC(12) Humongous regions: 0->0
[2025-04-25T12:32:01.053+0000][7.035s][info ][gc,metaspace] GC(12) Metaspace: 23979K(24256K)->23979K(24256K) NonClass: 20851K(20992K)->20851K(20992K) Class: 3127K(3264K)->3127K(3264K)
[2025-04-25T12:32:01.053+0000][7.035s][info ][gc          ] GC(12) Pause Young (Concurrent Start) (G1 Evacuation Pause) 69M->25M(178M) 9.069ms
[2025-04-25T12:32:01.053+0000][7.035s][info ][gc,cpu      ] GC(12) User=0.03s Sys=0.01s Real=0.01s
[2025-04-25T12:32:01.053+0000][7.035s][info ][gc          ] GC(13) Concurrent Mark Cycle
[2025-04-25T12:32:01.053+0000][7.035s][info ][gc,marking  ] GC(13) Concurrent Clear Claimed Marks
[2025-04-25T12:32:01.053+0000][7.035s][info ][gc,marking  ] GC(13) Concurrent Clear Claimed Marks 0.112ms
[2025-04-25T12:32:01.053+0000][7.035s][info ][gc,marking  ] GC(13) Concurrent Scan Root Regions
[2025-04-25T12:32:01.053+0000][7.035s][info ][safepoint   ] Safepoint "G1CollectForAllocation", Time since last: 235990010 ns, Reaching safepoint: 290109 ns, Cleanup: 37678 ns, At safepoint: 9646141 ns, Total: 9973928 ns
[2025-04-25T12:32:01.058+0000][7.040s][info ][gc,marking  ] GC(13) Concurrent Scan Root Regions 5.202ms
[2025-04-25T12:32:01.058+0000][7.041s][info ][gc,marking  ] GC(13) Concurrent Mark
[2025-04-25T12:32:01.059+0000][7.041s][info ][gc,marking  ] GC(13) Concurrent Mark From Roots
[2025-04-25T12:32:01.059+0000][7.041s][info ][gc,task     ] GC(13) Using 1 workers of 1 for marking
[2025-04-25T12:32:01.128+0000][7.110s][info ][gc,marking  ] GC(13) Concurrent Mark From Roots 69.350ms
[2025-04-25T12:32:01.128+0000][7.110s][info ][gc,marking  ] GC(13) Concurrent Preclean
[2025-04-25T12:32:01.129+0000][7.111s][info ][gc,marking  ] GC(13) Concurrent Preclean 0.441ms
[2025-04-25T12:32:01.129+0000][7.111s][debug][safepoint   ] Safepoint synchronization initiated using futex wait barrier. (15 threads)
[2025-04-25T12:32:01.130+0000][7.112s][info ][gc,start    ] GC(13) Pause Remark
[2025-04-25T12:32:01.135+0000][7.117s][info ][gc          ] GC(13) Pause Remark 34M->34M(120M) 5.384ms
[2025-04-25T12:32:01.135+0000][7.117s][info ][gc,cpu      ] GC(13) User=0.02s Sys=0.00s Real=0.00s
[2025-04-25T12:32:01.135+0000][7.117s][info ][safepoint   ] Safepoint "G1PauseRemark", Time since last: 75455019 ns, Reaching safepoint: 871629 ns, Cleanup: 23477 ns, At safepoint: 5553325 ns, Total: 6448431 ns
[2025-04-25T12:32:01.135+0000][7.117s][info ][gc,marking  ] GC(13) Concurrent Mark 76.694ms
[2025-04-25T12:32:01.135+0000][7.117s][info ][gc,marking  ] GC(13) Concurrent Rebuild Remembered Sets
[2025-04-25T12:32:01.155+0000][7.137s][info ][gc,marking  ] GC(13) Concurrent Rebuild Remembered Sets 19.787ms
[2025-04-25T12:32:01.155+0000][7.137s][debug][safepoint   ] Safepoint synchronization initiated using futex wait barrier. (15 threads)
[2025-04-25T12:32:01.155+0000][7.137s][debug][safepoint   ] ... found polling page loop exception at pc = 0x00007dcda10e0ad8, stub =0x00007dcda098e400
[2025-04-25T12:32:01.155+0000][7.137s][info ][gc,start    ] GC(13) Pause Cleanup
[2025-04-25T12:32:01.156+0000][7.138s][info ][gc          ] GC(13) Pause Cleanup 36M->36M(120M) 0.121ms
[2025-04-25T12:32:01.156+0000][7.138s][info ][gc,cpu      ] GC(13) User=0.00s Sys=0.00s Real=0.00s
[2025-04-25T12:32:01.156+0000][7.138s][info ][safepoint   ] Safepoint "G1PauseCleanup", Time since last: 20093211 ns, Reaching safepoint: 172731 ns, Cleanup: 11609 ns, At safepoint: 161482 ns, Total: 345822 ns
[2025-04-25T12:32:01.156+0000][7.138s][info ][gc,marking  ] GC(13) Concurrent Cleanup for Next Mark
[2025-04-25T12:32:01.160+0000][7.142s][info ][gc,marking  ] GC(13) Concurrent Cleanup for Next Mark 3.888ms
[2025-04-25T12:32:01.160+0000][7.142s][info ][gc          ] GC(13) Concurrent Mark Cycle 106.922ms
[2025-04-25T12:32:01.357+0000][7.339s][debug][safepoint   ] Safepoint synchronization initiated using futex wait barrier. (14 threads)
[2025-04-25T12:32:01.357+0000][7.339s][info ][gc,start    ] GC(14) Pause Young (Normal) (G1 Evacuation Pause)
[2025-04-25T12:32:01.357+0000][7.339s][info ][gc,task     ] GC(14) Using 3 workers of 4 for evacuation
[2025-04-25T12:32:01.372+0000][7.354s][info ][gc,phases   ] GC(14)   Pre Evacuate Collection Set: 0.1ms
[2025-04-25T12:32:01.372+0000][7.354s][info ][gc,phases   ] GC(14)   Merge Heap Roots: 0.1ms
[2025-04-25T12:32:01.372+0000][7.354s][info ][gc,phases   ] GC(14)   Evacuate Collection Set: 13.4ms
[2025-04-25T12:32:01.372+0000][7.354s][info ][gc,phases   ] GC(14)   Post Evacuate Collection Set: 0.9ms
[2025-04-25T12:32:01.372+0000][7.354s][info ][gc,phases   ] GC(14)   Other: 0.1ms
[2025-04-25T12:32:01.372+0000][7.354s][info ][gc,heap     ] GC(14) Eden regions: 73->0(59)
[2025-04-25T12:32:01.372+0000][7.354s][info ][gc,heap     ] GC(14) Survivor regions: 3->10(10)
[2025-04-25T12:32:01.372+0000][7.354s][info ][gc,heap     ] GC(14) Old regions: 22->24
[2025-04-25T12:32:01.372+0000][7.354s][info ][gc,heap     ] GC(14) Archive regions: 2->2
[2025-04-25T12:32:01.372+0000][7.354s][info ][gc,heap     ] GC(14) Humongous regions: 0->0
[2025-04-25T12:32:01.372+0000][7.354s][info ][gc,metaspace] GC(14) Metaspace: 24434K(24832K)->24434K(24832K) NonClass: 21237K(21440K)->21237K(21440K) Class: 3196K(3392K)->3196K(3392K)
[2025-04-25T12:32:01.372+0000][7.354s][info ][gc          ] GC(14) Pause Young (Normal) (G1 Evacuation Pause) 98M->34M(120M) 14.642ms
[2025-04-25T12:32:01.372+0000][7.354s][info ][gc,cpu      ] GC(14) User=0.05s Sys=0.00s Real=0.01s
[2025-04-25T12:32:01.372+0000][7.354s][info ][safepoint   ] Safepoint "G1CollectForAllocation", Time since last: 201496211 ns, Reaching safepoint: 195912 ns, Cleanup: 9563 ns, At safepoint: 14692640 ns, Total: 14898115 ns
[2025-04-25T12:32:01.613+0000][7.595s][debug][safepoint   ] Safepoint synchronization initiated using futex wait barrier. (14 threads)
[2025-04-25T12:32:01.613+0000][7.595s][info ][gc,start    ] GC(15) Pause Young (Normal) (G1 Evacuation Pause)
[2025-04-25T12:32:01.613+0000][7.595s][info ][gc,task     ] GC(15) Using 2 workers of 4 for evacuation
[2025-04-25T12:32:01.639+0000][7.621s][info ][gc,phases   ] GC(15)   Pre Evacuate Collection Set: 0.1ms
[2025-04-25T12:32:01.639+0000][7.621s][info ][gc,phases   ] GC(15)   Merge Heap Roots: 0.1ms
[2025-04-25T12:32:01.639+0000][7.621s][info ][gc,phases   ] GC(15)   Evacuate Collection Set: 22.7ms
[2025-04-25T12:32:01.639+0000][7.621s][info ][gc,phases   ] GC(15)   Post Evacuate Collection Set: 2.5ms
[2025-04-25T12:32:01.639+0000][7.621s][info ][gc,phases   ] GC(15)   Other: 0.1ms
[2025-04-25T12:32:01.639+0000][7.621s][info ][gc,heap     ] GC(15) Eden regions: 59->0(52)
[2025-04-25T12:32:01.639+0000][7.621s][info ][gc,heap     ] GC(15) Survivor regions: 10->7(9)
[2025-04-25T12:32:01.639+0000][7.621s][info ][gc,heap     ] GC(15) Old regions: 24->34
[2025-04-25T12:32:01.639+0000][7.621s][info ][gc,heap     ] GC(15) Archive regions: 2->2
[2025-04-25T12:32:01.639+0000][7.621s][info ][gc,heap     ] GC(15) Humongous regions: 0->0
[2025-04-25T12:32:01.639+0000][7.621s][info ][gc,metaspace] GC(15) Metaspace: 24630K(24960K)->24630K(24960K) NonClass: 21415K(21568K)->21415K(21568K) Class: 3214K(3392K)->3214K(3392K)
[2025-04-25T12:32:01.639+0000][7.621s][info ][gc          ] GC(15) Pause Young (Normal) (G1 Evacuation Pause) 93M->41M(120M) 25.573ms
[2025-04-25T12:32:01.639+0000][7.621s][info ][gc,cpu      ] GC(15) User=0.07s Sys=0.00s Real=0.03s
[2025-04-25T12:32:01.639+0000][7.621s][info ][safepoint   ] Safepoint "G1CollectForAllocation", Time since last: 241210287 ns, Reaching safepoint: 46422 ns, Cleanup: 37067 ns, At safepoint: 25621863 ns, Total: 25705352 ns
[2025-04-25T12:32:02.052+0000][8.034s][debug][safepoint   ] Safepoint synchronization initiated using futex wait barrier. (14 threads)
[2025-04-25T12:32:02.052+0000][8.034s][info ][gc,start    ] GC(16) Pause Young (Normal) (G1 Evacuation Pause)
[2025-04-25T12:32:02.052+0000][8.034s][info ][gc,task     ] GC(16) Using 2 workers of 4 for evacuation
[2025-04-25T12:32:02.073+0000][8.055s][info ][gc,phases   ] GC(16)   Pre Evacuate Collection Set: 0.1ms
[2025-04-25T12:32:02.073+0000][8.055s][info ][gc,phases   ] GC(16)   Merge Heap Roots: 0.1ms
[2025-04-25T12:32:02.073+0000][8.055s][info ][gc,phases   ] GC(16)   Evacuate Collection Set: 16.5ms
[2025-04-25T12:32:02.073+0000][8.055s][info ][gc,phases   ] GC(16)   Post Evacuate Collection Set: 4.3ms
[2025-04-25T12:32:02.073+0000][8.055s][info ][gc,phases   ] GC(16)   Other: 0.1ms
[2025-04-25T12:32:02.073+0000][8.055s][info ][gc,heap     ] GC(16) Eden regions: 52->0(47)
[2025-04-25T12:32:02.073+0000][8.055s][info ][gc,heap     ] GC(16) Survivor regions: 7->6(8)
[2025-04-25T12:32:02.073+0000][8.055s][info ][gc,heap     ] GC(16) Old regions: 34->41
[2025-04-25T12:32:02.073+0000][8.055s][info ][gc,heap     ] GC(16) Archive regions: 2->2
[2025-04-25T12:32:02.073+0000][8.055s][info ][gc,heap     ] GC(16) Humongous regions: 0->0
[2025-04-25T12:32:02.073+0000][8.055s][info ][gc,metaspace] GC(16) Metaspace: 24784K(25152K)->24784K(25152K) NonClass: 21540K(21696K)->21540K(21696K) Class: 3243K(3456K)->3243K(3456K)
[2025-04-25T12:32:02.073+0000][8.055s][info ][gc          ] GC(16) Pause Young (Normal) (G1 Evacuation Pause) 93M->47M(120M) 21.219ms
[2025-04-25T12:32:02.073+0000][8.055s][info ][gc,cpu      ] GC(16) User=0.03s Sys=0.01s Real=0.02s
[2025-04-25T12:32:02.073+0000][8.055s][info ][safepoint   ] Safepoint "G1CollectForAllocation", Time since last: 413107803 ns, Reaching safepoint: 45927 ns, Cleanup: 30990 ns, At safepoint: 21300565 ns, Total: 21377482 ns
[2025-04-25T12:32:02.577+0000][8.559s][debug][safepoint   ] Safepoint synchronization initiated using futex wait barrier. (14 threads)
[2025-04-25T12:32:02.577+0000][8.559s][info ][gc,start    ] GC(17) Pause Young (Normal) (G1 Evacuation Pause)
[2025-04-25T12:32:02.577+0000][8.559s][info ][gc,task     ] GC(17) Using 2 workers of 4 for evacuation
[2025-04-25T12:32:02.624+0000][8.606s][info ][gc,phases   ] GC(17)   Pre Evacuate Collection Set: 0.1ms
[2025-04-25T12:32:02.624+0000][8.606s][info ][gc,phases   ] GC(17)   Merge Heap Roots: 0.1ms
[2025-04-25T12:32:02.624+0000][8.606s][info ][gc,phases   ] GC(17)   Evacuate Collection Set: 37.8ms
[2025-04-25T12:32:02.624+0000][8.606s][info ][gc,phases   ] GC(17)   Post Evacuate Collection Set: 8.6ms
[2025-04-25T12:32:02.624+0000][8.606s][info ][gc,phases   ] GC(17)   Other: 0.4ms
[2025-04-25T12:32:02.624+0000][8.606s][info ][gc,heap     ] GC(17) Eden regions: 47->0(45)
[2025-04-25T12:32:02.625+0000][8.607s][info ][gc,heap     ] GC(17) Survivor regions: 6->4(7)
[2025-04-25T12:32:02.625+0000][8.607s][info ][gc,heap     ] GC(17) Old regions: 41->46
[2025-04-25T12:32:02.625+0000][8.607s][info ][gc,heap     ] GC(17) Archive regions: 2->2
[2025-04-25T12:32:02.625+0000][8.607s][info ][gc,heap     ] GC(17) Humongous regions: 0->0
[2025-04-25T12:32:02.625+0000][8.607s][info ][gc,metaspace] GC(17) Metaspace: 25045K(25408K)->25045K(25408K) NonClass: 21780K(21952K)->21780K(21952K) Class: 3264K(3456K)->3264K(3456K)
[2025-04-25T12:32:02.625+0000][8.607s][info ][gc          ] GC(17) Pause Young (Normal) (G1 Evacuation Pause) 94M->50M(120M) 47.507ms
[2025-04-25T12:32:02.625+0000][8.607s][info ][gc,cpu      ] GC(17) User=0.11s Sys=0.00s Real=0.04s
[2025-04-25T12:32:02.625+0000][8.607s][info ][safepoint   ] Safepoint "G1CollectForAllocation", Time since last: 503392422 ns, Reaching safepoint: 194065 ns, Cleanup: 105210 ns, At safepoint: 47575856 ns, Total: 47875131 ns
[2025-04-25T12:32:02.913+0000][8.895s][debug][safepoint   ] ... found polling page loop exception at pc = 0x00007dcda0fe53c0, stub =0x00007dcda098e400
[2025-04-25T12:32:02.975+0000][8.957s][debug][safepoint   ] Safepoint synchronization initiated using futex wait barrier. (14 threads)
[2025-04-25T12:32:02.975+0000][8.957s][info ][gc,start    ] GC(18) Pause Young (Normal) (G1 Evacuation Pause)
[2025-04-25T12:32:02.975+0000][8.957s][info ][gc,task     ] GC(18) Using 2 workers of 4 for evacuation
[2025-04-25T12:32:02.982+0000][8.964s][info ][gc,phases   ] GC(18)   Pre Evacuate Collection Set: 0.4ms
[2025-04-25T12:32:02.982+0000][8.964s][info ][gc,phases   ] GC(18)   Merge Heap Roots: 0.1ms
[2025-04-25T12:32:02.982+0000][8.964s][info ][gc,phases   ] GC(18)   Evacuate Collection Set: 5.1ms
[2025-04-25T12:32:02.982+0000][8.964s][info ][gc,phases   ] GC(18)   Post Evacuate Collection Set: 1.5ms
[2025-04-25T12:32:02.982+0000][8.964s][info ][gc,phases   ] GC(18)   Other: 0.1ms
[2025-04-25T12:32:02.982+0000][8.964s][info ][gc,heap     ] GC(18) Eden regions: 45->0(112)
[2025-04-25T12:32:02.982+0000][8.964s][info ][gc,heap     ] GC(18) Survivor regions: 4->6(7)
[2025-04-25T12:32:02.982+0000][8.964s][info ][gc,heap     ] GC(18) Old regions: 46->46
[2025-04-25T12:32:02.982+0000][8.964s][info ][gc,heap     ] GC(18) Archive regions: 2->2
[2025-04-25T12:32:02.982+0000][8.964s][info ][gc,heap     ] GC(18) Humongous regions: 0->0
[2025-04-25T12:32:02.982+0000][8.964s][info ][gc,metaspace] GC(18) Metaspace: 25169K(25536K)->25169K(25536K) NonClass: 21895K(22080K)->21895K(22080K) Class: 3273K(3456K)->3273K(3456K)
[2025-04-25T12:32:02.982+0000][8.964s][info ][gc          ] GC(18) Pause Young (Normal) (G1 Evacuation Pause) 95M->52M(220M) 7.236ms
[2025-04-25T12:32:02.982+0000][8.964s][info ][gc,cpu      ] GC(18) User=0.01s Sys=0.00s Real=0.01s
[2025-04-25T12:32:02.983+0000][8.965s][info ][safepoint   ] Safepoint "G1CollectForAllocation", Time since last: 350297113 ns, Reaching safepoint: 142745 ns, Cleanup: 164570 ns, At safepoint: 7292015 ns, Total: 7599330 ns
[2025-04-25T12:32:03.692+0000][9.674s][debug][safepoint   ] Safepoint synchronization initiated using futex wait barrier. (14 threads)
[2025-04-25T12:32:03.692+0000][9.674s][info ][safepoint   ] Safepoint "ICBufferFull", Time since last: 709759205 ns, Reaching safepoint: 63669 ns, Cleanup: 112039 ns, At safepoint: 3555 ns, Total: 179263 ns
[2025-04-25T12:32:03.804+0000][9.786s][debug][safepoint   ] Safepoint synchronization initiated using futex wait barrier. (14 threads)
[2025-04-25T12:32:03.804+0000][9.786s][info ][gc,start    ] GC(19) Pause Young (Normal) (G1 Evacuation Pause)
[2025-04-25T12:32:03.804+0000][9.786s][info ][gc,task     ] GC(19) Using 4 workers of 4 for evacuation
[2025-04-25T12:32:03.818+0000][9.800s][info ][gc,phases   ] GC(19)   Pre Evacuate Collection Set: 0.2ms
[2025-04-25T12:32:03.820+0000][9.802s][info ][gc,phases   ] GC(19)   Merge Heap Roots: 0.2ms
[2025-04-25T12:32:03.820+0000][9.802s][info ][gc,phases   ] GC(19)   Evacuate Collection Set: 11.2ms
[2025-04-25T12:32:03.820+0000][9.802s][info ][gc,phases   ] GC(19)   Post Evacuate Collection Set: 1.7ms
[2025-04-25T12:32:03.820+0000][9.802s][info ][gc,phases   ] GC(19)   Other: 1.0ms
[2025-04-25T12:32:03.820+0000][9.802s][info ][gc,heap     ] GC(19) Eden regions: 112->0(117)
[2025-04-25T12:32:03.820+0000][9.802s][info ][gc,heap     ] GC(19) Survivor regions: 6->10(15)
[2025-04-25T12:32:03.820+0000][9.802s][info ][gc,heap     ] GC(19) Old regions: 46->46
[2025-04-25T12:32:03.820+0000][9.802s][info ][gc,heap     ] GC(19) Archive regions: 2->2
[2025-04-25T12:32:03.820+0000][9.802s][info ][gc,heap     ] GC(19) Humongous regions: 0->0
[2025-04-25T12:32:03.820+0000][9.802s][info ][gc,metaspace] GC(19) Metaspace: 25284K(25600K)->25284K(25600K) NonClass: 21994K(22144K)->21994K(22144K) Class: 3289K(3456K)->3289K(3456K)
[2025-04-25T12:32:03.820+0000][9.802s][info ][gc          ] GC(19) Pause Young (Normal) (G1 Evacuation Pause) 164M->56M(220M) 16.282ms
[2025-04-25T12:32:03.820+0000][9.802s][info ][gc,cpu      ] GC(19) User=0.05s Sys=0.00s Real=0.02s
[2025-04-25T12:32:03.820+0000][9.802s][info ][safepoint   ] Safepoint "G1CollectForAllocation", Time since last: 111321232 ns, Reaching safepoint: 61114 ns, Cleanup: 28479 ns, At safepoint: 16419762 ns, Total: 16509355 ns
[2025-04-25T12:32:04.276+0000][10.258s][debug][safepoint   ] Safepoint synchronization initiated using futex wait barrier. (15 threads)
[2025-04-25T12:32:04.276+0000][10.258s][info ][gc,start    ] GC(20) Pause Young (Normal) (G1 Evacuation Pause)
[2025-04-25T12:32:04.276+0000][10.258s][info ][gc,task     ] GC(20) Using 4 workers of 4 for evacuation
[2025-04-25T12:32:04.285+0000][10.267s][info ][gc,phases   ] GC(20)   Pre Evacuate Collection Set: 0.1ms
[2025-04-25T12:32:04.285+0000][10.267s][info ][gc,phases   ] GC(20)   Merge Heap Roots: 0.1ms
[2025-04-25T12:32:04.285+0000][10.267s][info ][gc,phases   ] GC(20)   Evacuate Collection Set: 7.9ms
[2025-04-25T12:32:04.285+0000][10.267s][info ][gc,phases   ] GC(20)   Post Evacuate Collection Set: 1.0ms
[2025-04-25T12:32:04.285+0000][10.267s][info ][gc,phases   ] GC(20)   Other: 0.1ms
[2025-04-25T12:32:04.285+0000][10.267s][info ][gc,heap     ] GC(20) Eden regions: 117->0(119)
[2025-04-25T12:32:04.285+0000][10.267s][info ][gc,heap     ] GC(20) Survivor regions: 10->8(16)
[2025-04-25T12:32:04.285+0000][10.267s][info ][gc,heap     ] GC(20) Old regions: 46->50
[2025-04-25T12:32:04.285+0000][10.267s][info ][gc,heap     ] GC(20) Archive regions: 2->2
[2025-04-25T12:32:04.285+0000][10.267s][info ][gc,heap     ] GC(20) Humongous regions: 0->0
[2025-04-25T12:32:04.285+0000][10.267s][info ][gc,metaspace] GC(20) Metaspace: 26898K(27264K)->26898K(27264K) NonClass: 23484K(23680K)->23484K(23680K) Class: 3414K(3584K)->3414K(3584K)
[2025-04-25T12:32:04.285+0000][10.267s][info ][gc          ] GC(20) Pause Young (Normal) (G1 Evacuation Pause) 173M->57M(220M) 9.308ms
[2025-04-25T12:32:04.285+0000][10.267s][info ][gc,cpu      ] GC(20) User=0.03s Sys=0.00s Real=0.00s
[2025-04-25T12:32:04.285+0000][10.267s][info ][safepoint   ] Safepoint "G1CollectForAllocation", Time since last: 455463124 ns, Reaching safepoint: 120294 ns, Cleanup: 47913 ns, At safepoint: 9385314 ns, Total: 9553521 ns
[2025-04-25T12:32:04.980+0000][10.962s][debug][safepoint   ] Safepoint synchronization initiated using futex wait barrier. (14 threads)
[2025-04-25T12:32:04.980+0000][10.962s][info ][gc,start    ] GC(21) Pause Young (Normal) (G1 Evacuation Pause)
[2025-04-25T12:32:04.980+0000][10.962s][info ][gc,task     ] GC(21) Using 4 workers of 4 for evacuation
[2025-04-25T12:32:04.989+0000][10.971s][info ][gc,phases   ] GC(21)   Pre Evacuate Collection Set: 0.1ms
[2025-04-25T12:32:04.989+0000][10.971s][info ][gc,phases   ] GC(21)   Merge Heap Roots: 0.1ms
[2025-04-25T12:32:04.989+0000][10.971s][info ][gc,phases   ] GC(21)   Evacuate Collection Set: 7.2ms
[2025-04-25T12:32:04.989+0000][10.971s][info ][gc,phases   ] GC(21)   Post Evacuate Collection Set: 1.3ms
[2025-04-25T12:32:04.989+0000][10.971s][info ][gc,phases   ] GC(21)   Other: 0.1ms
[2025-04-25T12:32:04.989+0000][10.971s][info ][gc,heap     ] GC(21) Eden regions: 119->0(122)
[2025-04-25T12:32:04.989+0000][10.971s][info ][gc,heap     ] GC(21) Survivor regions: 8->9(16)
[2025-04-25T12:32:04.989+0000][10.971s][info ][gc,heap     ] GC(21) Old regions: 50->50
[2025-04-25T12:32:04.989+0000][10.971s][info ][gc,heap     ] GC(21) Archive regions: 2->2
[2025-04-25T12:32:04.989+0000][10.971s][info ][gc,heap     ] GC(21) Humongous regions: 0->0
[2025-04-25T12:32:04.989+0000][10.971s][info ][gc,metaspace] GC(21) Metaspace: 32118K(32448K)->32118K(32448K) NonClass: 28172K(28352K)->28172K(28352K) Class: 3946K(4096K)->3946K(4096K)
[2025-04-25T12:32:04.989+0000][10.971s][info ][gc          ] GC(21) Pause Young (Normal) (G1 Evacuation Pause) 176M->58M(220M) 9.035ms
[2025-04-25T12:32:04.989+0000][10.971s][info ][gc,cpu      ] GC(21) User=0.03s Sys=0.00s Real=0.01s
[2025-04-25T12:32:04.989+0000][10.971s][info ][safepoint   ] Safepoint "G1CollectForAllocation", Time since last: 694430989 ns, Reaching safepoint: 45042 ns, Cleanup: 76791 ns, At safepoint: 9093752 ns, Total: 9215585 ns
[2025-04-25T12:32:05.888+0000][11.870s][debug][safepoint   ] Safepoint synchronization initiated using futex wait barrier. (14 threads)
[2025-04-25T12:32:05.888+0000][11.870s][info ][gc,start    ] GC(22) Pause Young (Normal) (G1 Evacuation Pause)
[2025-04-25T12:32:05.888+0000][11.870s][info ][gc,task     ] GC(22) Using 4 workers of 4 for evacuation
[2025-04-25T12:32:05.907+0000][11.889s][info ][gc,phases   ] GC(22)   Pre Evacuate Collection Set: 0.1ms
[2025-04-25T12:32:05.907+0000][11.889s][info ][gc,phases   ] GC(22)   Merge Heap Roots: 0.1ms
[2025-04-25T12:32:05.907+0000][11.889s][info ][gc,phases   ] GC(22)   Evacuate Collection Set: 16.2ms
[2025-04-25T12:32:05.907+0000][11.889s][info ][gc,phases   ] GC(22)   Post Evacuate Collection Set: 1.8ms
[2025-04-25T12:32:05.907+0000][11.889s][info ][gc,phases   ] GC(22)   Other: 0.3ms
[2025-04-25T12:32:05.907+0000][11.889s][info ][gc,heap     ] GC(22) Eden regions: 122->0(122)
[2025-04-25T12:32:05.907+0000][11.889s][info ][gc,heap     ] GC(22) Survivor regions: 9->10(17)
[2025-04-25T12:32:05.907+0000][11.889s][info ][gc,heap     ] GC(22) Old regions: 50->50
[2025-04-25T12:32:05.907+0000][11.889s][info ][gc,heap     ] GC(22) Archive regions: 2->2
[2025-04-25T12:32:05.907+0000][11.889s][info ][gc,heap     ] GC(22) Humongous regions: 0->0
[2025-04-25T12:32:05.907+0000][11.889s][info ][gc,metaspace] GC(22) Metaspace: 34578K(35008K)->34578K(35008K) NonClass: 30314K(30528K)->30314K(30528K) Class: 4264K(4480K)->4264K(4480K)
[2025-04-25T12:32:05.907+0000][11.889s][info ][gc          ] GC(22) Pause Young (Normal) (G1 Evacuation Pause) 180M->59M(220M) 19.385ms
[2025-04-25T12:32:05.907+0000][11.889s][info ][gc,cpu      ] GC(22) User=0.06s Sys=0.00s Real=0.02s
[2025-04-25T12:32:05.907+0000][11.889s][info ][safepoint   ] Safepoint "G1CollectForAllocation", Time since last: 898746558 ns, Reaching safepoint: 176837 ns, Cleanup: 100500 ns, At safepoint: 19452803 ns, Total: 19730140 ns
[2025-04-25T12:32:07.086+0000][13.068s][debug][safepoint   ] Safepoint synchronization initiated using futex wait barrier. (14 threads)
[2025-04-25T12:32:07.086+0000][13.068s][debug][safepoint   ] ... found polling page loop exception at pc = 0x00007dcda0f69fcc, stub =0x00007dcda098e400
[2025-04-25T12:32:07.086+0000][13.068s][info ][safepoint   ] Safepoint "Cleanup", Time since last: 1178675097 ns, Reaching safepoint: 122662 ns, Cleanup: 108394 ns, At safepoint: 10640 ns, Total: 241696 ns
[2025-04-25T12:32:07.088+0000][13.070s][debug][safepoint   ] Safepoint synchronization initiated using futex wait barrier. (14 threads)
[2025-04-25T12:32:07.088+0000][13.070s][info ][gc,start    ] GC(23) Pause Young (Normal) (G1 Evacuation Pause)
[2025-04-25T12:32:07.088+0000][13.070s][info ][gc,task     ] GC(23) Using 4 workers of 4 for evacuation
[2025-04-25T12:32:07.097+0000][13.079s][info ][gc,phases   ] GC(23)   Pre Evacuate Collection Set: 0.1ms
[2025-04-25T12:32:07.097+0000][13.079s][info ][gc,phases   ] GC(23)   Merge Heap Roots: 0.1ms
[2025-04-25T12:32:07.097+0000][13.079s][info ][gc,phases   ] GC(23)   Evacuate Collection Set: 8.3ms
[2025-04-25T12:32:07.098+0000][13.080s][info ][gc,phases   ] GC(23)   Post Evacuate Collection Set: 0.9ms
[2025-04-25T12:32:07.098+0000][13.080s][info ][gc,phases   ] GC(23)   Other: 0.1ms
[2025-04-25T12:32:07.098+0000][13.080s][info ][gc,heap     ] GC(23) Eden regions: 122->0(123)
[2025-04-25T12:32:07.098+0000][13.080s][info ][gc,heap     ] GC(23) Survivor regions: 10->9(17)
[2025-04-25T12:32:07.098+0000][13.080s][info ][gc,heap     ] GC(23) Old regions: 50->51
[2025-04-25T12:32:07.098+0000][13.080s][info ][gc,heap     ] GC(23) Archive regions: 2->2
[2025-04-25T12:32:07.098+0000][13.080s][info ][gc,heap     ] GC(23) Humongous regions: 0->0
[2025-04-25T12:32:07.098+0000][13.080s][info ][gc,metaspace] GC(23) Metaspace: 37258K(37632K)->37258K(37632K) NonClass: 32586K(32768K)->32586K(32768K) Class: 4672K(4864K)->4672K(4864K)
[2025-04-25T12:32:07.098+0000][13.080s][info ][gc          ] GC(23) Pause Young (Normal) (G1 Evacuation Pause) 181M->59M(220M) 9.633ms
[2025-04-25T12:32:07.098+0000][13.080s][info ][gc,cpu      ] GC(23) User=0.03s Sys=0.00s Real=0.01s
[2025-04-25T12:32:07.098+0000][13.080s][info ][safepoint   ] Safepoint "G1CollectForAllocation", Time since last: 1549665 ns, Reaching safepoint: 42662 ns, Cleanup: 3504 ns, At safepoint: 9686219 ns, Total: 9732385 ns
[2025-04-25T12:32:07.738+0000][13.720s][debug][safepoint   ] Safepoint synchronization initiated using futex wait barrier. (14 threads)
[2025-04-25T12:32:07.739+0000][13.721s][info ][safepoint   ] Safepoint "ICBufferFull", Time since last: 640782827 ns, Reaching safepoint: 199156 ns, Cleanup: 119241 ns, At safepoint: 4066 ns, Total: 322463 ns
[2025-04-25T12:32:07.854+0000][13.836s][debug][safepoint   ] Safepoint synchronization initiated using futex wait barrier. (14 threads)
[2025-04-25T12:32:07.854+0000][13.836s][info ][gc,start    ] GC(24) Pause Young (Normal) (G1 Evacuation Pause)
[2025-04-25T12:32:07.854+0000][13.836s][info ][gc,task     ] GC(24) Using 4 workers of 4 for evacuation
[2025-04-25T12:32:07.875+0000][13.857s][info ][gc,phases   ] GC(24)   Pre Evacuate Collection Set: 0.2ms
[2025-04-25T12:32:07.875+0000][13.857s][info ][gc,phases   ] GC(24)   Merge Heap Roots: 0.2ms
[2025-04-25T12:32:07.875+0000][13.857s][info ][gc,phases   ] GC(24)   Evacuate Collection Set: 18.0ms
[2025-04-25T12:32:07.875+0000][13.857s][info ][gc,phases   ] GC(24)   Post Evacuate Collection Set: 1.9ms
[2025-04-25T12:32:07.875+0000][13.857s][info ][gc,phases   ] GC(24)   Other: 0.1ms
[2025-04-25T12:32:07.875+0000][13.857s][info ][gc,heap     ] GC(24) Eden regions: 123->0(121)
[2025-04-25T12:32:07.875+0000][13.857s][info ][gc,heap     ] GC(24) Survivor regions: 9->11(17)
[2025-04-25T12:32:07.875+0000][13.857s][info ][gc,heap     ] GC(24) Old regions: 51->51
[2025-04-25T12:32:07.875+0000][13.857s][info ][gc,heap     ] GC(24) Archive regions: 2->2
[2025-04-25T12:32:07.875+0000][13.857s][info ][gc,heap     ] GC(24) Humongous regions: 0->0
[2025-04-25T12:32:07.875+0000][13.857s][info ][gc,metaspace] GC(24) Metaspace: 39666K(40000K)->39666K(40000K) NonClass: 34707K(34880K)->34707K(34880K) Class: 4959K(5120K)->4959K(5120K)
[2025-04-25T12:32:07.875+0000][13.857s][info ][gc          ] GC(24) Pause Young (Normal) (G1 Evacuation Pause) 182M->61M(220M) 20.504ms
[2025-04-25T12:32:07.875+0000][13.857s][info ][gc,cpu      ] GC(24) User=0.06s Sys=0.00s Real=0.02s
[2025-04-25T12:32:07.875+0000][13.857s][info ][safepoint   ] Safepoint "G1CollectForAllocation", Time since last: 115624381 ns, Reaching safepoint: 56353 ns, Cleanup: 38981 ns, At safepoint: 20567736 ns, Total: 20663070 ns
[2025-04-25T12:32:08.453+0000][14.435s][debug][safepoint   ] Safepoint synchronization initiated using futex wait barrier. (14 threads)
[2025-04-25T12:32:08.453+0000][14.435s][info ][gc,start    ] GC(25) Pause Young (Concurrent Start) (Metadata GC Threshold)
[2025-04-25T12:32:08.453+0000][14.435s][info ][gc,task     ] GC(25) Using 4 workers of 4 for evacuation
[2025-04-25T12:32:08.464+0000][14.446s][info ][gc,phases   ] GC(25)   Pre Evacuate Collection Set: 0.1ms
[2025-04-25T12:32:08.464+0000][14.446s][info ][gc,phases   ] GC(25)   Merge Heap Roots: 0.1ms
[2025-04-25T12:32:08.464+0000][14.446s][info ][gc,phases   ] GC(25)   Evacuate Collection Set: 9.0ms
[2025-04-25T12:32:08.464+0000][14.446s][info ][gc,phases   ] GC(25)   Post Evacuate Collection Set: 1.4ms
[2025-04-25T12:32:08.464+0000][14.446s][info ][gc,phases   ] GC(25)   Other: 0.1ms
[2025-04-25T12:32:08.464+0000][14.446s][info ][gc,heap     ] GC(25) Eden regions: 62->0(149)
[2025-04-25T12:32:08.464+0000][14.446s][info ][gc,heap     ] GC(25) Survivor regions: 11->9(17)
[2025-04-25T12:32:08.464+0000][14.446s][info ][gc,heap     ] GC(25) Old regions: 51->53
[2025-04-25T12:32:08.464+0000][14.446s][info ][gc,heap     ] GC(25) Archive regions: 2->2
[2025-04-25T12:32:08.464+0000][14.446s][info ][gc,heap     ] GC(25) Humongous regions: 0->0
[2025-04-25T12:32:08.464+0000][14.446s][info ][gc,metaspace] GC(25) Metaspace: 40853K(41216K)->40853K(41216K) NonClass: 35746K(35904K)->35746K(35904K) Class: 5106K(5312K)->5106K(5312K)
[2025-04-25T12:32:08.464+0000][14.446s][info ][gc          ] GC(25) Pause Young (Concurrent Start) (Metadata GC Threshold) 123M->62M(264M) 10.827ms
[2025-04-25T12:32:08.464+0000][14.446s][info ][gc,cpu      ] GC(25) User=0.04s Sys=0.00s Real=0.01s
[2025-04-25T12:32:08.464+0000][14.446s][info ][gc          ] GC(26) Concurrent Mark Cycle
[2025-04-25T12:32:08.464+0000][14.446s][info ][gc,marking  ] GC(26) Concurrent Clear Claimed Marks
[2025-04-25T12:32:08.464+0000][14.446s][info ][gc,marking  ] GC(26) Concurrent Clear Claimed Marks 0.040ms
[2025-04-25T12:32:08.464+0000][14.446s][info ][gc,marking  ] GC(26) Concurrent Scan Root Regions
[2025-04-25T12:32:08.464+0000][14.446s][info ][safepoint   ] Safepoint "CollectForMetadataAllocation", Time since last: 578112003 ns, Reaching safepoint: 189399 ns, Cleanup: 68295 ns, At safepoint: 10997145 ns, Total: 11254839 ns
[2025-04-25T12:32:08.483+0000][14.465s][info ][gc,marking  ] GC(26) Concurrent Scan Root Regions 18.979ms
[2025-04-25T12:32:08.485+0000][14.467s][info ][gc,marking  ] GC(26) Concurrent Mark
[2025-04-25T12:32:08.485+0000][14.467s][info ][gc,marking  ] GC(26) Concurrent Mark From Roots
[2025-04-25T12:32:08.486+0000][14.468s][info ][gc,task     ] GC(26) Using 1 workers of 1 for marking
[2025-04-25T12:32:08.627+0000][14.609s][info ][gc,marking  ] GC(26) Concurrent Mark From Roots 141.885ms
[2025-04-25T12:32:08.627+0000][14.609s][info ][gc,marking  ] GC(26) Concurrent Preclean
[2025-04-25T12:32:08.628+0000][14.610s][info ][gc,marking  ] GC(26) Concurrent Preclean 0.409ms
[2025-04-25T12:32:08.628+0000][14.610s][debug][safepoint   ] Safepoint synchronization initiated using futex wait barrier. (14 threads)
[2025-04-25T12:32:08.628+0000][14.610s][info ][gc,start    ] GC(26) Pause Remark
[2025-04-25T12:32:08.633+0000][14.615s][info ][gc          ] GC(26) Pause Remark 79M->79M(264M) 5.268ms
[2025-04-25T12:32:08.634+0000][14.616s][info ][gc,cpu      ] GC(26) User=0.02s Sys=0.00s Real=0.00s
[2025-04-25T12:32:08.634+0000][14.616s][info ][safepoint   ] Safepoint "G1PauseRemark", Time since last: 163597913 ns, Reaching safepoint: 171200 ns, Cleanup: 12783 ns, At safepoint: 5375511 ns, Total: 5559494 ns
[2025-04-25T12:32:08.635+0000][14.617s][info ][gc,marking  ] GC(26) Concurrent Mark 149.728ms
[2025-04-25T12:32:08.635+0000][14.617s][info ][gc,marking  ] GC(26) Concurrent Rebuild Remembered Sets
[2025-04-25T12:32:08.690+0000][14.672s][info ][gc,marking  ] GC(26) Concurrent Rebuild Remembered Sets 55.715ms
[2025-04-25T12:32:08.691+0000][14.673s][debug][safepoint   ] Safepoint synchronization initiated using futex wait barrier. (14 threads)
[2025-04-25T12:32:08.691+0000][14.673s][info ][gc,start    ] GC(26) Pause Cleanup
[2025-04-25T12:32:08.691+0000][14.673s][info ][gc          ] GC(26) Pause Cleanup 84M->84M(264M) 0.227ms
[2025-04-25T12:32:08.691+0000][14.673s][info ][gc,cpu      ] GC(26) User=0.01s Sys=0.00s Real=0.00s
[2025-04-25T12:32:08.691+0000][14.673s][info ][safepoint   ] Safepoint "G1PauseCleanup", Time since last: 57053206 ns, Reaching safepoint: 170914 ns, Cleanup: 9202 ns, At safepoint: 408802 ns, Total: 588918 ns
[2025-04-25T12:32:08.691+0000][14.673s][info ][gc,marking  ] GC(26) Concurrent Cleanup for Next Mark
[2025-04-25T12:32:08.694+0000][14.676s][info ][gc,marking  ] GC(26) Concurrent Cleanup for Next Mark 2.521ms
[2025-04-25T12:32:08.694+0000][14.676s][info ][gc          ] GC(26) Concurrent Mark Cycle 229.773ms
[2025-04-25T12:32:09.810+0000][15.792s][debug][safepoint   ] Safepoint synchronization initiated using futex wait barrier. (15 threads)
[2025-04-25T12:32:09.810+0000][15.792s][info ][safepoint   ] Safepoint "Cleanup", Time since last: 1118933958 ns, Reaching safepoint: 51938 ns, Cleanup: 119768 ns, At safepoint: 20628 ns, Total: 192334 ns
[2025-04-25T12:32:09.883+0000][15.865s][debug][safepoint   ] Safepoint synchronization initiated using futex wait barrier. (15 threads)
[2025-04-25T12:32:09.884+0000][15.866s][info ][gc,start    ] GC(27) Pause Young (Prepare Mixed) (G1 Evacuation Pause)
[2025-04-25T12:32:09.884+0000][15.866s][info ][gc,task     ] GC(27) Using 4 workers of 4 for evacuation
[2025-04-25T12:32:09.899+0000][15.881s][info ][gc,phases   ] GC(27)   Pre Evacuate Collection Set: 0.1ms
[2025-04-25T12:32:09.899+0000][15.881s][info ][gc,phases   ] GC(27)   Merge Heap Roots: 0.2ms
[2025-04-25T12:32:09.899+0000][15.881s][info ][gc,phases   ] GC(27)   Evacuate Collection Set: 13.4ms
[2025-04-25T12:32:09.899+0000][15.881s][info ][gc,phases   ] GC(27)   Post Evacuate Collection Set: 1.7ms
[2025-04-25T12:32:09.899+0000][15.881s][info ][gc,phases   ] GC(27)   Other: 0.1ms
[2025-04-25T12:32:09.899+0000][15.881s][info ][gc,heap     ] GC(27) Eden regions: 149->0(2)
[2025-04-25T12:32:09.899+0000][15.881s][info ][gc,heap     ] GC(27) Survivor regions: 9->11(20)
[2025-04-25T12:32:09.899+0000][15.881s][info ][gc,heap     ] GC(27) Old regions: 53->53
[2025-04-25T12:32:09.899+0000][15.881s][info ][gc,heap     ] GC(27) Archive regions: 2->2
[2025-04-25T12:32:09.899+0000][15.881s][info ][gc,heap     ] GC(27) Humongous regions: 0->0
[2025-04-25T12:32:09.899+0000][15.881s][info ][gc,metaspace] GC(27) Metaspace: 43572K(43968K)->43572K(43968K) NonClass: 37999K(38208K)->37999K(38208K) Class: 5573K(5760K)->5573K(5760K)
[2025-04-25T12:32:09.899+0000][15.881s][info ][gc          ] GC(27) Pause Young (Prepare Mixed) (G1 Evacuation Pause) 211M->63M(264M) 15.627ms
[2025-04-25T12:32:09.899+0000][15.881s][info ][gc,cpu      ] GC(27) User=0.05s Sys=0.00s Real=0.02s
[2025-04-25T12:32:09.899+0000][15.881s][info ][safepoint   ] Safepoint "G1CollectForAllocation", Time since last: 73115889 ns, Reaching safepoint: 129814 ns, Cleanup: 24233 ns, At safepoint: 15691535 ns, Total: 15845582 ns
[2025-04-25T12:32:09.968+0000][15.950s][debug][safepoint   ] Safepoint synchronization initiated using futex wait barrier. (15 threads)
[2025-04-25T12:32:09.968+0000][15.950s][info ][gc,start    ] GC(28) Pause Young (Mixed) (G1 Evacuation Pause)
[2025-04-25T12:32:09.968+0000][15.950s][info ][gc,task     ] GC(28) Using 4 workers of 4 for evacuation
[2025-04-25T12:32:09.986+0000][15.968s][info ][gc,phases   ] GC(28)   Pre Evacuate Collection Set: 0.2ms
[2025-04-25T12:32:09.986+0000][15.968s][info ][gc,phases   ] GC(28)   Merge Heap Roots: 0.3ms
[2025-04-25T12:32:09.986+0000][15.968s][info ][gc,phases   ] GC(28)   Evacuate Collection Set: 15.0ms
[2025-04-25T12:32:09.986+0000][15.968s][info ][gc,phases   ] GC(28)   Post Evacuate Collection Set: 1.6ms
[2025-04-25T12:32:09.986+0000][15.968s][info ][gc,phases   ] GC(28)   Other: 0.7ms
[2025-04-25T12:32:09.986+0000][15.968s][info ][gc,heap     ] GC(28) Eden regions: 2->0(156)
[2025-04-25T12:32:09.986+0000][15.968s][info ][gc,heap     ] GC(28) Survivor regions: 11->2(2)
[2025-04-25T12:32:09.986+0000][15.968s][info ][gc,heap     ] GC(28) Old regions: 53->60
[2025-04-25T12:32:09.986+0000][15.968s][info ][gc,heap     ] GC(28) Archive regions: 2->2
[2025-04-25T12:32:09.986+0000][15.968s][info ][gc,heap     ] GC(28) Humongous regions: 0->0
[2025-04-25T12:32:09.986+0000][15.968s][info ][gc,metaspace] GC(28) Metaspace: 43939K(44416K)->43939K(44416K) NonClass: 38327K(38592K)->38327K(38592K) Class: 5611K(5824K)->5611K(5824K)
[2025-04-25T12:32:09.986+0000][15.968s][info ][gc          ] GC(28) Pause Young (Mixed) (G1 Evacuation Pause) 65M->62M(264M) 17.856ms
[2025-04-25T12:32:09.986+0000][15.968s][info ][gc,cpu      ] GC(28) User=0.05s Sys=0.00s Real=0.02s
[2025-04-25T12:32:09.986+0000][15.968s][info ][safepoint   ] Safepoint "G1CollectForAllocation", Time since last: 68525129 ns, Reaching safepoint: 206297 ns, Cleanup: 68587 ns, At safepoint: 17928497 ns, Total: 18203381 ns
[2025-04-25T12:32:11.279+0000][17.261s][debug][safepoint   ] Safepoint synchronization initiated using futex wait barrier. (15 threads)
[2025-04-25T12:32:11.279+0000][17.261s][info ][safepoint   ] Safepoint "ICBufferFull", Time since last: 1292791582 ns, Reaching safepoint: 48065 ns, Cleanup: 111133 ns, At safepoint: 3849 ns, Total: 163047 ns
[2025-04-25T12:32:11.884+0000][17.866s][debug][safepoint   ] Safepoint synchronization initiated using futex wait barrier. (15 threads)
[2025-04-25T12:32:11.884+0000][17.866s][info ][gc,start    ] GC(29) Pause Young (Normal) (G1 Evacuation Pause)
[2025-04-25T12:32:11.884+0000][17.866s][info ][gc,task     ] GC(29) Using 4 workers of 4 for evacuation
[2025-04-25T12:32:11.892+0000][17.874s][info ][gc,phases   ] GC(29)   Pre Evacuate Collection Set: 0.1ms
[2025-04-25T12:32:11.892+0000][17.874s][info ][gc,phases   ] GC(29)   Merge Heap Roots: 0.1ms
[2025-04-25T12:32:11.892+0000][17.874s][info ][gc,phases   ] GC(29)   Evacuate Collection Set: 6.7ms
[2025-04-25T12:32:11.892+0000][17.874s][info ][gc,phases   ] GC(29)   Post Evacuate Collection Set: 1.1ms
[2025-04-25T12:32:11.892+0000][17.874s][info ][gc,phases   ] GC(29)   Other: 0.1ms
[2025-04-25T12:32:11.892+0000][17.874s][info ][gc,heap     ] GC(29) Eden regions: 156->0(154)
[2025-04-25T12:32:11.892+0000][17.874s][info ][gc,heap     ] GC(29) Survivor regions: 2->4(20)
[2025-04-25T12:32:11.892+0000][17.874s][info ][gc,heap     ] GC(29) Old regions: 60->60
[2025-04-25T12:32:11.892+0000][17.874s][info ][gc,heap     ] GC(29) Archive regions: 2->2
[2025-04-25T12:32:11.892+0000][17.874s][info ][gc,heap     ] GC(29) Humongous regions: 0->0
[2025-04-25T12:32:11.892+0000][17.874s][info ][gc,metaspace] GC(29) Metaspace: 49314K(49728K)->49314K(49728K) NonClass: 43004K(43200K)->43004K(43200K) Class: 6309K(6528K)->6309K(6528K)
[2025-04-25T12:32:11.892+0000][17.874s][info ][gc          ] GC(29) Pause Young (Normal) (G1 Evacuation Pause) 218M->64M(264M) 8.242ms
[2025-04-25T12:32:11.892+0000][17.874s][info ][gc,cpu      ] GC(29) User=0.03s Sys=0.00s Real=0.01s
[2025-04-25T12:32:11.892+0000][17.874s][info ][safepoint   ] Safepoint "G1CollectForAllocation", Time since last: 604999528 ns, Reaching safepoint: 129833 ns, Cleanup: 70203 ns, At safepoint: 8293419 ns, Total: 8493455 ns
[2025-04-25T12:32:13.691+0000][19.673s][debug][safepoint   ] Safepoint synchronization initiated using futex wait barrier. (17 threads)
[2025-04-25T12:32:13.691+0000][19.673s][info ][safepoint   ] Safepoint "Cleanup", Time since last: 1798439194 ns, Reaching safepoint: 91718 ns, Cleanup: 163971 ns, At safepoint: 8750 ns, Total: 264439 ns
[2025-04-25T12:32:14.182+0000][20.164s][debug][safepoint   ] Safepoint synchronization initiated using futex wait barrier. (17 threads)
[2025-04-25T12:32:14.182+0000][20.164s][info ][safepoint   ] Safepoint "ICBufferFull", Time since last: 490584172 ns, Reaching safepoint: 56394 ns, Cleanup: 154118 ns, At safepoint: 4247 ns, Total: 214759 ns
[2025-04-25T12:32:14.867+0000][20.849s][debug][safepoint   ] Safepoint synchronization initiated using futex wait barrier. (17 threads)
[2025-04-25T12:32:14.868+0000][20.850s][info ][gc,start    ] GC(30) Pause Young (Normal) (G1 Evacuation Pause)
[2025-04-25T12:32:14.868+0000][20.850s][info ][gc,task     ] GC(30) Using 4 workers of 4 for evacuation
[2025-04-25T12:32:14.881+0000][20.863s][info ][gc,phases   ] GC(30)   Pre Evacuate Collection Set: 0.1ms
[2025-04-25T12:32:14.881+0000][20.863s][info ][gc,phases   ] GC(30)   Merge Heap Roots: 0.1ms
[2025-04-25T12:32:14.881+0000][20.863s][info ][gc,phases   ] GC(30)   Evacuate Collection Set: 10.9ms
[2025-04-25T12:32:14.881+0000][20.863s][info ][gc,phases   ] GC(30)   Post Evacuate Collection Set: 2.1ms
[2025-04-25T12:32:14.881+0000][20.863s][info ][gc,phases   ] GC(30)   Other: 0.1ms
[2025-04-25T12:32:14.881+0000][20.863s][info ][gc,heap     ] GC(30) Eden regions: 154->0(150)
[2025-04-25T12:32:14.881+0000][20.863s][info ][gc,heap     ] GC(30) Survivor regions: 4->8(20)
[2025-04-25T12:32:14.881+0000][20.863s][info ][gc,heap     ] GC(30) Old regions: 60->60
[2025-04-25T12:32:14.881+0000][20.863s][info ][gc,heap     ] GC(30) Archive regions: 2->2
[2025-04-25T12:32:14.881+0000][20.863s][info ][gc,heap     ] GC(30) Humongous regions: 0->0
[2025-04-25T12:32:14.881+0000][20.863s][info ][gc,metaspace] GC(30) Metaspace: 56342K(56768K)->56342K(56768K) NonClass: 49247K(49472K)->49247K(49472K) Class: 7095K(7296K)->7095K(7296K)
[2025-04-25T12:32:14.881+0000][20.863s][info ][gc          ] GC(30) Pause Young (Normal) (G1 Evacuation Pause) 218M->68M(264M) 13.439ms
[2025-04-25T12:32:14.881+0000][20.863s][info ][gc,cpu      ] GC(30) User=0.05s Sys=0.00s Real=0.01s
[2025-04-25T12:32:14.881+0000][20.863s][info ][safepoint   ] Safepoint "G1CollectForAllocation", Time since last: 685461435 ns, Reaching safepoint: 55651 ns, Cleanup: 77497 ns, At safepoint: 13510868 ns, Total: 13644016 ns
[2025-04-25T12:32:15.932+0000][21.914s][debug][safepoint   ] Safepoint synchronization initiated using futex wait barrier. (20 threads)
[2025-04-25T12:32:15.932+0000][21.914s][info ][gc,start    ] GC(31) Pause Young (Normal) (G1 Evacuation Pause)
[2025-04-25T12:32:15.932+0000][21.914s][info ][gc,task     ] GC(31) Using 4 workers of 4 for evacuation
[2025-04-25T12:32:15.943+0000][21.925s][info ][gc,phases   ] GC(31)   Pre Evacuate Collection Set: 0.2ms
[2025-04-25T12:32:15.943+0000][21.925s][info ][gc,phases   ] GC(31)   Merge Heap Roots: 0.3ms
[2025-04-25T12:32:15.943+0000][21.925s][info ][gc,phases   ] GC(31)   Evacuate Collection Set: 9.1ms
[2025-04-25T12:32:15.943+0000][21.925s][info ][gc,phases   ] GC(31)   Post Evacuate Collection Set: 1.4ms
[2025-04-25T12:32:15.943+0000][21.925s][info ][gc,phases   ] GC(31)   Other: 0.1ms
[2025-04-25T12:32:15.943+0000][21.925s][info ][gc,heap     ] GC(31) Eden regions: 150->0(149)
[2025-04-25T12:32:15.943+0000][21.925s][info ][gc,heap     ] GC(31) Survivor regions: 8->9(20)
[2025-04-25T12:32:15.943+0000][21.925s][info ][gc,heap     ] GC(31) Old regions: 60->60
[2025-04-25T12:32:15.943+0000][21.925s][info ][gc,heap     ] GC(31) Archive regions: 2->2
[2025-04-25T12:32:15.943+0000][21.925s][info ][gc,heap     ] GC(31) Humongous regions: 0->0
[2025-04-25T12:32:15.943+0000][21.925s][info ][gc,metaspace] GC(31) Metaspace: 61945K(62400K)->61945K(62400K) NonClass: 54081K(54272K)->54081K(54272K) Class: 7863K(8128K)->7863K(8128K)
[2025-04-25T12:32:15.943+0000][21.925s][info ][gc          ] GC(31) Pause Young (Normal) (G1 Evacuation Pause) 218M->69M(264M) 11.217ms
[2025-04-25T12:32:15.943+0000][21.925s][info ][gc,cpu      ] GC(31) User=0.04s Sys=0.00s Real=0.01s
[2025-04-25T12:32:15.943+0000][21.925s][info ][safepoint   ] Safepoint "G1CollectForAllocation", Time since last: 1050538095 ns, Reaching safepoint: 66189 ns, Cleanup: 100619 ns, At safepoint: 11268560 ns, Total: 11435368 ns
[2025-04-25T12:32:16.913+0000][22.895s][debug][safepoint   ] Safepoint synchronization initiated using futex wait barrier. (19 threads)
[2025-04-25T12:32:16.914+0000][22.896s][info ][gc,start    ] GC(32) Pause Young (Normal) (G1 Evacuation Pause)
[2025-04-25T12:32:16.914+0000][22.896s][info ][gc,task     ] GC(32) Using 4 workers of 4 for evacuation
[2025-04-25T12:32:16.926+0000][22.908s][info ][gc,phases   ] GC(32)   Pre Evacuate Collection Set: 0.1ms
[2025-04-25T12:32:16.926+0000][22.908s][info ][gc,phases   ] GC(32)   Merge Heap Roots: 0.1ms
[2025-04-25T12:32:16.926+0000][22.908s][info ][gc,phases   ] GC(32)   Evacuate Collection Set: 10.2ms
[2025-04-25T12:32:16.926+0000][22.908s][info ][gc,phases   ] GC(32)   Post Evacuate Collection Set: 1.2ms
[2025-04-25T12:32:16.926+0000][22.908s][info ][gc,phases   ] GC(32)   Other: 0.1ms
[2025-04-25T12:32:16.926+0000][22.908s][info ][gc,heap     ] GC(32) Eden regions: 149->0(148)
[2025-04-25T12:32:16.926+0000][22.908s][info ][gc,heap     ] GC(32) Survivor regions: 9->10(20)
[2025-04-25T12:32:16.926+0000][22.908s][info ][gc,heap     ] GC(32) Old regions: 60->60
[2025-04-25T12:32:16.926+0000][22.908s][info ][gc,heap     ] GC(32) Archive regions: 2->2
[2025-04-25T12:32:16.926+0000][22.908s][info ][gc,heap     ] GC(32) Humongous regions: 0->0
[2025-04-25T12:32:16.926+0000][22.908s][info ][gc,metaspace] GC(32) Metaspace: 64680K(65152K)->64680K(65152K) NonClass: 56437K(56704K)->56437K(56704K) Class: 8242K(8448K)->8242K(8448K)
[2025-04-25T12:32:16.926+0000][22.908s][info ][gc          ] GC(32) Pause Young (Normal) (G1 Evacuation Pause) 218M->70M(264M) 11.748ms
[2025-04-25T12:32:16.926+0000][22.908s][info ][gc,cpu      ] GC(32) User=0.04s Sys=0.00s Real=0.02s
[2025-04-25T12:32:16.926+0000][22.908s][info ][safepoint   ] Safepoint "G1CollectForAllocation", Time since last: 970225260 ns, Reaching safepoint: 34715 ns, Cleanup: 1130299 ns, At safepoint: 11796415 ns, Total: 12961429 ns
[2025-04-25T12:32:17.602+0000][23.584s][debug][safepoint   ] Safepoint synchronization initiated using futex wait barrier. (20 threads)
[2025-04-25T12:32:17.602+0000][23.584s][info ][safepoint   ] Safepoint "ICBufferFull", Time since last: 675894566 ns, Reaching safepoint: 115965 ns, Cleanup: 133971 ns, At safepoint: 5122 ns, Total: 255058 ns
[2025-04-25T12:32:17.954+0000][23.936s][debug][safepoint   ] Safepoint synchronization initiated using futex wait barrier. (20 threads)
[2025-04-25T12:32:17.954+0000][23.936s][info ][gc,start    ] GC(33) Pause Young (Normal) (G1 Evacuation Pause)
[2025-04-25T12:32:17.954+0000][23.936s][info ][gc,task     ] GC(33) Using 4 workers of 4 for evacuation
[2025-04-25T12:32:17.968+0000][23.950s][info ][gc,phases   ] GC(33)   Pre Evacuate Collection Set: 0.1ms
[2025-04-25T12:32:17.968+0000][23.950s][info ][gc,phases   ] GC(33)   Merge Heap Roots: 0.1ms
[2025-04-25T12:32:17.968+0000][23.950s][info ][gc,phases   ] GC(33)   Evacuate Collection Set: 11.9ms
[2025-04-25T12:32:17.968+0000][23.950s][info ][gc,phases   ] GC(33)   Post Evacuate Collection Set: 1.4ms
[2025-04-25T12:32:17.968+0000][23.950s][info ][gc,phases   ] GC(33)   Other: 0.1ms
[2025-04-25T12:32:17.968+0000][23.950s][info ][gc,heap     ] GC(33) Eden regions: 148->0(145)
[2025-04-25T12:32:17.968+0000][23.950s][info ][gc,heap     ] GC(33) Survivor regions: 10->13(20)
[2025-04-25T12:32:17.968+0000][23.950s][info ][gc,heap     ] GC(33) Old regions: 60->60
[2025-04-25T12:32:17.968+0000][23.950s][info ][gc,heap     ] GC(33) Archive regions: 2->2
[2025-04-25T12:32:17.968+0000][23.950s][info ][gc,heap     ] GC(33) Humongous regions: 0->0
[2025-04-25T12:32:17.968+0000][23.950s][info ][gc,metaspace] GC(33) Metaspace: 68618K(69056K)->68618K(69056K) NonClass: 59865K(60096K)->59865K(60096K) Class: 8753K(8960K)->8753K(8960K)
[2025-04-25T12:32:17.968+0000][23.950s][info ][gc          ] GC(33) Pause Young (Normal) (G1 Evacuation Pause) 218M->73M(264M) 13.761ms
[2025-04-25T12:32:17.968+0000][23.950s][info ][gc,cpu      ] GC(33) User=0.05s Sys=0.00s Real=0.02s
[2025-04-25T12:32:17.968+0000][23.950s][info ][safepoint   ] Safepoint "G1CollectForAllocation", Time since last: 351853432 ns, Reaching safepoint: 44468 ns, Cleanup: 69430 ns, At safepoint: 13830764 ns, Total: 13944662 ns
[2025-04-25T12:32:18.149+0000][24.131s][debug][safepoint   ] Safepoint synchronization initiated using futex wait barrier. (20 threads)
[2025-04-25T12:32:18.149+0000][24.131s][info ][gc,start    ] GC(34) Pause Young (Concurrent Start) (Metadata GC Threshold)
[2025-04-25T12:32:18.149+0000][24.131s][info ][gc,task     ] GC(34) Using 4 workers of 4 for evacuation
[2025-04-25T12:32:18.163+0000][24.145s][info ][gc,phases   ] GC(34)   Pre Evacuate Collection Set: 0.1ms
[2025-04-25T12:32:18.163+0000][24.145s][info ][gc,phases   ] GC(34)   Merge Heap Roots: 0.1ms
[2025-04-25T12:32:18.163+0000][24.145s][info ][gc,phases   ] GC(34)   Evacuate Collection Set: 11.7ms
[2025-04-25T12:32:18.163+0000][24.145s][info ][gc,phases   ] GC(34)   Post Evacuate Collection Set: 1.6ms
[2025-04-25T12:32:18.163+0000][24.145s][info ][gc,phases   ] GC(34)   Other: 0.1ms
[2025-04-25T12:32:18.163+0000][24.145s][info ][gc,heap     ] GC(34) Eden regions: 26->0(148)
[2025-04-25T12:32:18.163+0000][24.145s][info ][gc,heap     ] GC(34) Survivor regions: 13->10(20)
[2025-04-25T12:32:18.163+0000][24.145s][info ][gc,heap     ] GC(34) Old regions: 60->64
[2025-04-25T12:32:18.163+0000][24.145s][info ][gc,heap     ] GC(34) Archive regions: 2->2
[2025-04-25T12:32:18.163+0000][24.145s][info ][gc,heap     ] GC(34) Humongous regions: 0->0
[2025-04-25T12:32:18.163+0000][24.145s][info ][gc,metaspace] GC(34) Metaspace: 68764K(69248K)->68764K(69248K) NonClass: 60003K(60224K)->60003K(60224K) Class: 8760K(9024K)->8760K(9024K)
[2025-04-25T12:32:18.163+0000][24.145s][info ][gc          ] GC(34) Pause Young (Concurrent Start) (Metadata GC Threshold) 98M->73M(264M) 13.688ms
[2025-04-25T12:32:18.163+0000][24.145s][info ][gc,cpu      ] GC(34) User=0.05s Sys=0.00s Real=0.01s
[2025-04-25T12:32:18.163+0000][24.145s][info ][gc          ] GC(35) Concurrent Mark Cycle
[2025-04-25T12:32:18.163+0000][24.145s][info ][gc,marking  ] GC(35) Concurrent Clear Claimed Marks
[2025-04-25T12:32:18.163+0000][24.145s][info ][safepoint   ] Safepoint "CollectForMetadataAllocation", Time since last: 180986771 ns, Reaching safepoint: 38761 ns, Cleanup: 27386 ns, At safepoint: 13773414 ns, Total: 13839561 ns
[2025-04-25T12:32:18.163+0000][24.145s][info ][gc,marking  ] GC(35) Concurrent Clear Claimed Marks 0.045ms
[2025-04-25T12:32:18.163+0000][24.145s][info ][gc,marking  ] GC(35) Concurrent Scan Root Regions
[2025-04-25T12:32:18.176+0000][24.158s][info ][gc,marking  ] GC(35) Concurrent Scan Root Regions 13.169ms
[2025-04-25T12:32:18.176+0000][24.158s][info ][gc,marking  ] GC(35) Concurrent Mark
[2025-04-25T12:32:18.176+0000][24.158s][info ][gc,marking  ] GC(35) Concurrent Mark From Roots
[2025-04-25T12:32:18.176+0000][24.158s][info ][gc,task     ] GC(35) Using 1 workers of 1 for marking
[2025-04-25T12:32:18.262+0000][24.244s][debug][safepoint   ] Safepoint synchronization initiated using futex wait barrier. (20 threads)
[2025-04-25T12:32:18.262+0000][24.244s][info ][safepoint   ] Safepoint "CollectForMetadataAllocation", Time since last: 98560150 ns, Reaching safepoint: 67741 ns, Cleanup: 23486 ns, At safepoint: 41149 ns, Total: 132376 ns
[2025-04-25T12:32:18.279+0000][24.261s][info ][gc,marking  ] GC(35) Concurrent Mark From Roots 102.252ms
[2025-04-25T12:32:18.279+0000][24.261s][info ][gc,marking  ] GC(35) Concurrent Preclean
[2025-04-25T12:32:18.279+0000][24.261s][info ][gc,marking  ] GC(35) Concurrent Preclean 0.359ms
[2025-04-25T12:32:18.279+0000][24.261s][debug][safepoint   ] Safepoint synchronization initiated using futex wait barrier. (20 threads)
[2025-04-25T12:32:18.279+0000][24.261s][info ][gc,start    ] GC(35) Pause Remark
[2025-04-25T12:32:18.285+0000][24.267s][info ][gc          ] GC(35) Pause Remark 89M->89M(264M) 5.803ms
[2025-04-25T12:32:18.285+0000][24.267s][info ][gc,cpu      ] GC(35) User=0.02s Sys=0.00s Real=0.00s
[2025-04-25T12:32:18.285+0000][24.267s][info ][safepoint   ] Safepoint "G1PauseRemark", Time since last: 17306633 ns, Reaching safepoint: 288717 ns, Cleanup: 39082 ns, At safepoint: 5883895 ns, Total: 6211694 ns
[2025-04-25T12:32:18.285+0000][24.267s][info ][gc,marking  ] GC(35) Concurrent Mark 109.074ms
[2025-04-25T12:32:18.285+0000][24.267s][info ][gc,marking  ] GC(35) Concurrent Rebuild Remembered Sets
[2025-04-25T12:32:18.381+0000][24.363s][info ][gc,marking  ] GC(35) Concurrent Rebuild Remembered Sets 95.207ms
[2025-04-25T12:32:18.381+0000][24.363s][debug][safepoint   ] Safepoint synchronization initiated using futex wait barrier. (20 threads)
[2025-04-25T12:32:18.381+0000][24.363s][info ][gc,start    ] GC(35) Pause Cleanup
[2025-04-25T12:32:18.381+0000][24.363s][info ][gc          ] GC(35) Pause Cleanup 94M->94M(264M) 0.197ms
[2025-04-25T12:32:18.381+0000][24.363s][info ][gc,cpu      ] GC(35) User=0.00s Sys=0.00s Real=0.00s
[2025-04-25T12:32:18.381+0000][24.363s][info ][safepoint   ] Safepoint "G1PauseCleanup", Time since last: 95600560 ns, Reaching safepoint: 171586 ns, Cleanup: 25372 ns, At safepoint: 372446 ns, Total: 569404 ns
[2025-04-25T12:32:18.381+0000][24.363s][info ][gc,marking  ] GC(35) Concurrent Cleanup for Next Mark
[2025-04-25T12:32:18.383+0000][24.365s][info ][gc,marking  ] GC(35) Concurrent Cleanup for Next Mark 1.868ms
[2025-04-25T12:32:18.383+0000][24.365s][info ][gc          ] GC(35) Concurrent Mark Cycle 220.511ms
[2025-04-25T12:32:18.696+0000][24.678s][debug][safepoint   ] Safepoint synchronization initiated using futex wait barrier. (20 threads)
[2025-04-25T12:32:18.696+0000][24.678s][info ][safepoint   ] Safepoint "ICBufferFull", Time since last: 314623693 ns, Reaching safepoint: 168816 ns, Cleanup: 149378 ns, At safepoint: 5693 ns, Total: 323887 ns
[2025-04-25T12:32:19.233+0000][25.215s][debug][safepoint   ] Safepoint synchronization initiated using futex wait barrier. (20 threads)
[2025-04-25T12:32:19.233+0000][25.215s][info ][gc,start    ] GC(36) Pause Young (Prepare Mixed) (G1 Evacuation Pause)
[2025-04-25T12:32:19.233+0000][25.215s][info ][gc,task     ] GC(36) Using 4 workers of 4 for evacuation
[2025-04-25T12:32:19.245+0000][25.227s][info ][gc,phases   ] GC(36)   Pre Evacuate Collection Set: 0.1ms
[2025-04-25T12:32:19.245+0000][25.227s][info ][gc,phases   ] GC(36)   Merge Heap Roots: 0.1ms
[2025-04-25T12:32:19.245+0000][25.227s][info ][gc,phases   ] GC(36)   Evacuate Collection Set: 10.4ms
[2025-04-25T12:32:19.245+0000][25.227s][info ][gc,phases   ] GC(36)   Post Evacuate Collection Set: 1.5ms
[2025-04-25T12:32:19.245+0000][25.227s][info ][gc,phases   ] GC(36)   Other: 0.1ms
[2025-04-25T12:32:19.245+0000][25.227s][info ][gc,heap     ] GC(36) Eden regions: 148->0(1)
[2025-04-25T12:32:19.245+0000][25.227s][info ][gc,heap     ] GC(36) Survivor regions: 10->12(20)
[2025-04-25T12:32:19.245+0000][25.227s][info ][gc,heap     ] GC(36) Old regions: 64->64
[2025-04-25T12:32:19.245+0000][25.227s][info ][gc,heap     ] GC(36) Archive regions: 2->2
[2025-04-25T12:32:19.245+0000][25.227s][info ][gc,heap     ] GC(36) Humongous regions: 0->0
[2025-04-25T12:32:19.245+0000][25.227s][info ][gc,metaspace] GC(36) Metaspace: 73187K(73600K)->73187K(73600K) NonClass: 63854K(64064K)->63854K(64064K) Class: 9333K(9536K)->9333K(9536K)
[2025-04-25T12:32:19.245+0000][25.227s][info ][gc          ] GC(36) Pause Young (Prepare Mixed) (G1 Evacuation Pause) 221M->76M(264M) 12.341ms
[2025-04-25T12:32:19.245+0000][25.227s][info ][gc,cpu      ] GC(36) User=0.05s Sys=0.00s Real=0.01s
[2025-04-25T12:32:19.245+0000][25.227s][info ][safepoint   ] Safepoint "G1CollectForAllocation", Time since last: 536487095 ns, Reaching safepoint: 36811 ns, Cleanup: 71028 ns, At safepoint: 12403390 ns, Total: 12511229 ns
[2025-04-25T12:32:19.252+0000][25.234s][debug][safepoint   ] Safepoint synchronization initiated using futex wait barrier. (20 threads)
[2025-04-25T12:32:19.252+0000][25.234s][info ][gc,start    ] GC(37) Pause Young (Mixed) (G1 Evacuation Pause)
[2025-04-25T12:32:19.252+0000][25.234s][info ][gc,task     ] GC(37) Using 4 workers of 4 for evacuation
[2025-04-25T12:32:19.267+0000][25.249s][info ][gc,phases   ] GC(37)   Pre Evacuate Collection Set: 0.1ms
[2025-04-25T12:32:19.267+0000][25.249s][info ][gc,phases   ] GC(37)   Merge Heap Roots: 0.1ms
[2025-04-25T12:32:19.267+0000][25.249s][info ][gc,phases   ] GC(37)   Evacuate Collection Set: 14.2ms
[2025-04-25T12:32:19.267+0000][25.249s][info ][gc,phases   ] GC(37)   Post Evacuate Collection Set: 1.1ms
[2025-04-25T12:32:19.267+0000][25.249s][info ][gc,phases   ] GC(37)   Other: 0.1ms
[2025-04-25T12:32:19.267+0000][25.249s][info ][gc,heap     ] GC(37) Eden regions: 1->0(149)
[2025-04-25T12:32:19.267+0000][25.249s][info ][gc,heap     ] GC(37) Survivor regions: 12->2(2)
[2025-04-25T12:32:19.267+0000][25.249s][info ][gc,heap     ] GC(37) Old regions: 64->73
[2025-04-25T12:32:19.267+0000][25.249s][info ][gc,heap     ] GC(37) Archive regions: 2->2
[2025-04-25T12:32:19.267+0000][25.249s][info ][gc,heap     ] GC(37) Humongous regions: 0->0
[2025-04-25T12:32:19.267+0000][25.249s][info ][gc,metaspace] GC(37) Metaspace: 73259K(73664K)->73259K(73664K) NonClass: 63922K(64128K)->63922K(64128K) Class: 9336K(9536K)->9336K(9536K)
[2025-04-25T12:32:19.267+0000][25.249s][info ][gc          ] GC(37) Pause Young (Mixed) (G1 Evacuation Pause) 77M->75M(264M) 15.629ms
[2025-04-25T12:32:19.267+0000][25.249s][info ][gc,cpu      ] GC(37) User=0.04s Sys=0.00s Real=0.02s
[2025-04-25T12:32:19.267+0000][25.249s][info ][safepoint   ] Safepoint "G1CollectForAllocation", Time since last: 6343611 ns, Reaching safepoint: 33707 ns, Cleanup: 3048 ns, At safepoint: 15679663 ns, Total: 15716418 ns
[2025-04-25T12:32:19.867+0000][25.849s][debug][safepoint   ] Safepoint synchronization initiated using futex wait barrier. (20 threads)
[2025-04-25T12:32:19.867+0000][25.849s][info ][gc,start    ] GC(38) Pause Young (Concurrent Start) (G1 Evacuation Pause)
[2025-04-25T12:32:19.867+0000][25.849s][info ][gc,task     ] GC(38) Using 4 workers of 4 for evacuation
[2025-04-25T12:32:19.872+0000][25.854s][info ][gc,phases   ] GC(38)   Pre Evacuate Collection Set: 0.1ms
[2025-04-25T12:32:19.872+0000][25.854s][info ][gc,phases   ] GC(38)   Merge Heap Roots: 0.1ms
[2025-04-25T12:32:19.872+0000][25.854s][info ][gc,phases   ] GC(38)   Evacuate Collection Set: 3.8ms
[2025-04-25T12:32:19.872+0000][25.854s][info ][gc,phases   ] GC(38)   Post Evacuate Collection Set: 0.8ms
[2025-04-25T12:32:19.872+0000][25.854s][info ][gc,phases   ] GC(38)   Other: 0.1ms
[2025-04-25T12:32:19.872+0000][25.854s][info ][gc,heap     ] GC(38) Eden regions: 149->0(151)
[2025-04-25T12:32:19.872+0000][25.854s][info ][gc,heap     ] GC(38) Survivor regions: 2->2(19)
[2025-04-25T12:32:19.872+0000][25.854s][info ][gc,heap     ] GC(38) Old regions: 73->73
[2025-04-25T12:32:19.872+0000][25.854s][info ][gc,heap     ] GC(38) Archive regions: 2->2
[2025-04-25T12:32:19.872+0000][25.854s][info ][gc,heap     ] GC(38) Humongous regions: 0->0
[2025-04-25T12:32:19.872+0000][25.854s][info ][gc,metaspace] GC(38) Metaspace: 77319K(77824K)->77319K(77824K) NonClass: 67205K(67456K)->67205K(67456K) Class: 10113K(10368K)->10113K(10368K)
[2025-04-25T12:32:19.872+0000][25.854s][info ][gc          ] GC(38) Pause Young (Concurrent Start) (G1 Evacuation Pause) 224M->75M(264M) 4.981ms
[2025-04-25T12:32:19.872+0000][25.854s][info ][gc,cpu      ] GC(38) User=0.01s Sys=0.00s Real=0.00s
[2025-04-25T12:32:19.872+0000][25.854s][info ][gc          ] GC(39) Concurrent Mark Cycle
[2025-04-25T12:32:19.872+0000][25.854s][info ][gc,marking  ] GC(39) Concurrent Clear Claimed Marks
[2025-04-25T12:32:19.872+0000][25.854s][info ][safepoint   ] Safepoint "G1CollectForAllocation", Time since last: 599534430 ns, Reaching safepoint: 32529 ns, Cleanup: 47312 ns, At safepoint: 5036722 ns, Total: 5116563 ns
[2025-04-25T12:32:19.872+0000][25.854s][info ][gc,marking  ] GC(39) Concurrent Clear Claimed Marks 0.054ms
[2025-04-25T12:32:19.872+0000][25.854s][info ][gc,marking  ] GC(39) Concurrent Scan Root Regions
[2025-04-25T12:32:19.875+0000][25.857s][info ][gc,marking  ] GC(39) Concurrent Scan Root Regions 2.873ms
[2025-04-25T12:32:19.875+0000][25.857s][info ][gc,marking  ] GC(39) Concurrent Mark
[2025-04-25T12:32:19.875+0000][25.857s][info ][gc,marking  ] GC(39) Concurrent Mark From Roots
[2025-04-25T12:32:19.875+0000][25.857s][info ][gc,task     ] GC(39) Using 1 workers of 1 for marking
[2025-04-25T12:32:19.998+0000][25.980s][info ][gc,marking  ] GC(39) Concurrent Mark From Roots 122.977ms
[2025-04-25T12:32:19.998+0000][25.980s][info ][gc,marking  ] GC(39) Concurrent Preclean
[2025-04-25T12:32:19.998+0000][25.980s][info ][gc,marking  ] GC(39) Concurrent Preclean 0.333ms
[2025-04-25T12:32:19.998+0000][25.980s][debug][safepoint   ] Safepoint synchronization initiated using futex wait barrier. (20 threads)
[2025-04-25T12:32:19.999+0000][25.981s][debug][safepoint   ] ... found polling page loop exception at pc = 0x00007dcda0f9ca0c, stub =0x00007dcda098e400
[2025-04-25T12:32:19.999+0000][25.981s][info ][gc,start    ] GC(39) Pause Remark
[2025-04-25T12:32:20.004+0000][25.986s][info ][gc          ] GC(39) Pause Remark 100M->100M(264M) 5.135ms
[2025-04-25T12:32:20.004+0000][25.986s][info ][gc,cpu      ] GC(39) User=0.02s Sys=0.00s Real=0.00s
[2025-04-25T12:32:20.004+0000][25.986s][info ][safepoint   ] Safepoint "G1PauseRemark", Time since last: 126453041 ns, Reaching safepoint: 105497 ns, Cleanup: 85807 ns, At safepoint: 5249354 ns, Total: 5440658 ns
[2025-04-25T12:32:20.004+0000][25.986s][info ][gc,marking  ] GC(39) Concurrent Mark 128.985ms
[2025-04-25T12:32:20.004+0000][25.986s][info ][gc,marking  ] GC(39) Concurrent Rebuild Remembered Sets
[2025-04-25T12:32:20.067+0000][26.049s][info ][gc,marking  ] GC(39) Concurrent Rebuild Remembered Sets 62.810ms
[2025-04-25T12:32:20.067+0000][26.049s][debug][safepoint   ] Safepoint synchronization initiated using futex wait barrier. (20 threads)
[2025-04-25T12:32:20.067+0000][26.049s][info ][gc,start    ] GC(39) Pause Cleanup
[2025-04-25T12:32:20.067+0000][26.049s][info ][gc          ] GC(39) Pause Cleanup 112M->112M(264M) 0.176ms
[2025-04-25T12:32:20.067+0000][26.049s][info ][gc,cpu      ] GC(39) User=0.00s Sys=0.00s Real=0.00s
[2025-04-25T12:32:20.067+0000][26.049s][info ][safepoint   ] Safepoint "G1PauseCleanup", Time since last: 62987424 ns, Reaching safepoint: 81535 ns, Cleanup: 35491 ns, At safepoint: 214783 ns, Total: 331809 ns
[2025-04-25T12:32:20.067+0000][26.049s][info ][gc,marking  ] GC(39) Concurrent Cleanup for Next Mark
[2025-04-25T12:32:20.068+0000][26.050s][info ][gc,marking  ] GC(39) Concurrent Cleanup for Next Mark 0.498ms
[2025-04-25T12:32:20.068+0000][26.050s][info ][gc          ] GC(39) Concurrent Mark Cycle 195.819ms
[2025-04-25T12:32:20.199+0000][26.181s][debug][safepoint   ] Safepoint synchronization initiated using futex wait barrier. (21 threads)
[2025-04-25T12:32:20.200+0000][26.182s][info ][safepoint   ] Safepoint "ICBufferFull", Time since last: 132115605 ns, Reaching safepoint: 145496 ns, Cleanup: 164269 ns, At safepoint: 4711 ns, Total: 314476 ns
[2025-04-25T12:32:20.315+0000][26.297s][debug][safepoint   ] Safepoint synchronization initiated using futex wait barrier. (21 threads)
[2025-04-25T12:32:20.315+0000][26.297s][info ][safepoint   ] Safepoint "ICBufferFull", Time since last: 115008373 ns, Reaching safepoint: 41673 ns, Cleanup: 140257 ns, At safepoint: 6078 ns, Total: 188008 ns
[2025-04-25T12:32:20.404+0000][26.386s][debug][safepoint   ] Safepoint synchronization initiated using futex wait barrier. (21 threads)
[2025-04-25T12:32:20.405+0000][26.387s][info ][safepoint   ] Safepoint "ICBufferFull", Time since last: 89382096 ns, Reaching safepoint: 182021 ns, Cleanup: 85531 ns, At safepoint: 9266 ns, Total: 276818 ns
[2025-04-25T12:32:20.699+0000][26.681s][debug][safepoint   ] Safepoint synchronization initiated using futex wait barrier. (21 threads)
[2025-04-25T12:32:20.699+0000][26.681s][info ][safepoint   ] Safepoint "ICBufferFull", Time since last: 294674362 ns, Reaching safepoint: 165651 ns, Cleanup: 95338 ns, At safepoint: 4835 ns, Total: 265824 ns
[2025-04-25T12:32:20.908+0000][26.890s][debug][safepoint   ] Safepoint synchronization initiated using futex wait barrier. (21 threads)
[2025-04-25T12:32:20.908+0000][26.890s][info ][safepoint   ] Safepoint "ICBufferFull", Time since last: 208123613 ns, Reaching safepoint: 241080 ns, Cleanup: 103895 ns, At safepoint: 5436 ns, Total: 350411 ns
[2025-04-25T12:32:21.204+0000][27.186s][debug][safepoint   ] Safepoint synchronization initiated using futex wait barrier. (20 threads)
[2025-04-25T12:32:21.204+0000][27.186s][info ][gc,start    ] GC(40) Pause Young (Prepare Mixed) (G1 Evacuation Pause)
[2025-04-25T12:32:21.204+0000][27.186s][info ][gc,task     ] GC(40) Using 4 workers of 4 for evacuation
[2025-04-25T12:32:21.210+0000][27.192s][info ][gc,phases   ] GC(40)   Pre Evacuate Collection Set: 0.1ms
[2025-04-25T12:32:21.210+0000][27.192s][info ][gc,phases   ] GC(40)   Merge Heap Roots: 0.1ms
[2025-04-25T12:32:21.210+0000][27.192s][info ][gc,phases   ] GC(40)   Evacuate Collection Set: 4.7ms
[2025-04-25T12:32:21.210+0000][27.192s][info ][gc,phases   ] GC(40)   Post Evacuate Collection Set: 0.9ms
[2025-04-25T12:32:21.210+0000][27.192s][info ][gc,phases   ] GC(40)   Other: 0.1ms
[2025-04-25T12:32:21.210+0000][27.192s][info ][gc,heap     ] GC(40) Eden regions: 151->0(10)
[2025-04-25T12:32:21.210+0000][27.192s][info ][gc,heap     ] GC(40) Survivor regions: 2->3(20)
[2025-04-25T12:32:21.210+0000][27.192s][info ][gc,heap     ] GC(40) Old regions: 73->73
[2025-04-25T12:32:21.210+0000][27.192s][info ][gc,heap     ] GC(40) Archive regions: 2->2
[2025-04-25T12:32:21.210+0000][27.192s][info ][gc,heap     ] GC(40) Humongous regions: 0->0
[2025-04-25T12:32:21.210+0000][27.192s][info ][gc,metaspace] GC(40) Metaspace: 80291K(80768K)->80291K(80768K) NonClass: 69780K(70016K)->69780K(70016K) Class: 10510K(10752K)->10510K(10752K)
[2025-04-25T12:32:21.210+0000][27.192s][info ][gc          ] GC(40) Pause Young (Prepare Mixed) (G1 Evacuation Pause) 226M->76M(264M) 5.955ms
[2025-04-25T12:32:21.210+0000][27.192s][info ][gc,cpu      ] GC(40) User=0.01s Sys=0.00s Real=0.01s
[2025-04-25T12:32:21.210+0000][27.192s][info ][safepoint   ] Safepoint "G1CollectForAllocation", Time since last: 295957400 ns, Reaching safepoint: 31709 ns, Cleanup: 54478 ns, At safepoint: 6000261 ns, Total: 6086448 ns
[2025-04-25T12:32:21.255+0000][27.237s][debug][safepoint   ] Safepoint synchronization initiated using futex wait barrier. (20 threads)
[2025-04-25T12:32:21.255+0000][27.237s][info ][gc,start    ] GC(41) Pause Young (Mixed) (G1 Evacuation Pause)
[2025-04-25T12:32:21.255+0000][27.237s][info ][gc,task     ] GC(41) Using 4 workers of 4 for evacuation
[2025-04-25T12:32:21.263+0000][27.245s][info ][gc,phases   ] GC(41)   Pre Evacuate Collection Set: 0.1ms
[2025-04-25T12:32:21.263+0000][27.245s][info ][gc,phases   ] GC(41)   Merge Heap Roots: 0.1ms
[2025-04-25T12:32:21.263+0000][27.245s][info ][gc,phases   ] GC(41)   Evacuate Collection Set: 6.3ms
[2025-04-25T12:32:21.263+0000][27.245s][info ][gc,phases   ] GC(41)   Post Evacuate Collection Set: 1.1ms
[2025-04-25T12:32:21.263+0000][27.245s][info ][gc,phases   ] GC(41)   Other: 0.1ms
[2025-04-25T12:32:21.263+0000][27.245s][info ][gc,heap     ] GC(41) Eden regions: 10->0(150)
[2025-04-25T12:32:21.263+0000][27.245s][info ][gc,heap     ] GC(41) Survivor regions: 3->1(2)
[2025-04-25T12:32:21.263+0000][27.245s][info ][gc,heap     ] GC(41) Old regions: 73->75
[2025-04-25T12:32:21.263+0000][27.245s][info ][gc,heap     ] GC(41) Archive regions: 2->2
[2025-04-25T12:32:21.263+0000][27.245s][info ][gc,heap     ] GC(41) Humongous regions: 0->0
[2025-04-25T12:32:21.263+0000][27.245s][info ][gc,metaspace] GC(41) Metaspace: 80629K(81088K)->80629K(81088K) NonClass: 70067K(70272K)->70067K(70272K) Class: 10562K(10816K)->10562K(10816K)
[2025-04-25T12:32:21.263+0000][27.245s][info ][gc          ] GC(41) Pause Young (Mixed) (G1 Evacuation Pause) 86M->75M(264M) 7.834ms
[2025-04-25T12:32:21.263+0000][27.245s][info ][gc,cpu      ] GC(41) User=0.02s Sys=0.00s Real=0.01s
[2025-04-25T12:32:21.263+0000][27.245s][info ][safepoint   ] Safepoint "G1CollectForAllocation", Time since last: 44941701 ns, Reaching safepoint: 58550 ns, Cleanup: 6313 ns, At safepoint: 7891379 ns, Total: 7956242 ns
[2025-04-25T12:32:21.939+0000][27.921s][debug][safepoint   ] Safepoint synchronization initiated using futex wait barrier. (20 threads)
[2025-04-25T12:32:21.939+0000][27.921s][info ][safepoint   ] Safepoint "ICBufferFull", Time since last: 675801584 ns, Reaching safepoint: 164805 ns, Cleanup: 108892 ns, At safepoint: 6001 ns, Total: 279698 ns
[2025-04-25T12:32:22.065+0000][28.047s][debug][safepoint   ] Safepoint synchronization initiated using futex wait barrier. (20 threads)
[2025-04-25T12:32:22.065+0000][28.047s][info ][gc,start    ] GC(42) Pause Young (Normal) (G1 Evacuation Pause)
[2025-04-25T12:32:22.065+0000][28.047s][info ][gc,task     ] GC(42) Using 4 workers of 4 for evacuation
[2025-04-25T12:32:22.075+0000][28.057s][info ][gc,phases   ] GC(42)   Pre Evacuate Collection Set: 0.1ms
[2025-04-25T12:32:22.075+0000][28.057s][info ][gc,phases   ] GC(42)   Merge Heap Roots: 0.1ms
[2025-04-25T12:32:22.075+0000][28.057s][info ][gc,phases   ] GC(42)   Evacuate Collection Set: 8.2ms
[2025-04-25T12:32:22.075+0000][28.057s][info ][gc,phases   ] GC(42)   Post Evacuate Collection Set: 1.5ms
[2025-04-25T12:32:22.075+0000][28.057s][info ][gc,phases   ] GC(42)   Other: 0.1ms
[2025-04-25T12:32:22.075+0000][28.057s][info ][gc,heap     ] GC(42) Eden regions: 150->0(148)
[2025-04-25T12:32:22.075+0000][28.057s][info ][gc,heap     ] GC(42) Survivor regions: 1->3(19)
[2025-04-25T12:32:22.075+0000][28.057s][info ][gc,heap     ] GC(42) Old regions: 75->75
[2025-04-25T12:32:22.075+0000][28.057s][info ][gc,heap     ] GC(42) Archive regions: 2->2
[2025-04-25T12:32:22.075+0000][28.057s][info ][gc,heap     ] GC(42) Humongous regions: 0->0
[2025-04-25T12:32:22.075+0000][28.057s][info ][gc,metaspace] GC(42) Metaspace: 83527K(84096K)->83527K(84096K) NonClass: 72607K(72896K)->72607K(72896K) Class: 10919K(11200K)->10919K(11200K)
[2025-04-25T12:32:22.075+0000][28.057s][info ][gc          ] GC(42) Pause Young (Normal) (G1 Evacuation Pause) 225M->78M(264M) 10.117ms
[2025-04-25T12:32:22.075+0000][28.057s][info ][gc,cpu      ] GC(42) User=0.03s Sys=0.01s Real=0.01s
[2025-04-25T12:32:22.075+0000][28.057s][info ][safepoint   ] Safepoint "G1CollectForAllocation", Time since last: 125612937 ns, Reaching safepoint: 55020 ns, Cleanup: 48380 ns, At safepoint: 10170222 ns, Total: 10273622 ns
[2025-04-25T12:32:22.988+0000][28.970s][debug][safepoint   ] Safepoint synchronization initiated using futex wait barrier. (20 threads)
[2025-04-25T12:32:22.989+0000][28.971s][info ][safepoint   ] Safepoint "ICBufferFull", Time since last: 913577451 ns, Reaching safepoint: 54767 ns, Cleanup: 120740 ns, At safepoint: 3921 ns, Total: 179428 ns
[2025-04-25T12:32:23.617+0000][29.599s][debug][safepoint   ] Safepoint synchronization initiated using futex wait barrier. (20 threads)
[2025-04-25T12:32:23.617+0000][29.599s][info ][gc,start    ] GC(43) Pause Young (Normal) (G1 Evacuation Pause)
[2025-04-25T12:32:23.617+0000][29.599s][info ][gc,task     ] GC(43) Using 4 workers of 4 for evacuation
[2025-04-25T12:32:23.630+0000][29.612s][info ][gc,phases   ] GC(43)   Pre Evacuate Collection Set: 0.4ms
[2025-04-25T12:32:23.630+0000][29.612s][info ][gc,phases   ] GC(43)   Merge Heap Roots: 0.1ms
[2025-04-25T12:32:23.630+0000][29.612s][info ][gc,phases   ] GC(43)   Evacuate Collection Set: 10.7ms
[2025-04-25T12:32:23.630+0000][29.612s][info ][gc,phases   ] GC(43)   Post Evacuate Collection Set: 1.3ms
[2025-04-25T12:32:23.630+0000][29.612s][info ][gc,phases   ] GC(43)   Other: 0.1ms
[2025-04-25T12:32:23.630+0000][29.612s][info ][gc,heap     ] GC(43) Eden regions: 148->0(142)
[2025-04-25T12:32:23.630+0000][29.612s][info ][gc,heap     ] GC(43) Survivor regions: 3->8(19)
[2025-04-25T12:32:23.630+0000][29.612s][info ][gc,heap     ] GC(43) Old regions: 75->75
[2025-04-25T12:32:23.630+0000][29.612s][info ][gc,heap     ] GC(43) Archive regions: 2->2
[2025-04-25T12:32:23.630+0000][29.612s][info ][gc,heap     ] GC(43) Humongous regions: 0->0
[2025-04-25T12:32:23.630+0000][29.612s][info ][gc,metaspace] GC(43) Metaspace: 86276K(86784K)->86276K(86784K) NonClass: 75189K(75456K)->75189K(75456K) Class: 11087K(11328K)->11087K(11328K)
[2025-04-25T12:32:23.630+0000][29.612s][info ][gc          ] GC(43) Pause Young (Normal) (G1 Evacuation Pause) 226M->82M(264M) 12.689ms
[2025-04-25T12:32:23.630+0000][29.612s][info ][gc,cpu      ] GC(43) User=0.03s Sys=0.00s Real=0.01s
[2025-04-25T12:32:23.630+0000][29.612s][info ][safepoint   ] Safepoint "G1CollectForAllocation", Time since last: 628259142 ns, Reaching safepoint: 68075 ns, Cleanup: 92152 ns, At safepoint: 12835540 ns, Total: 12995767 ns
[2025-04-25T12:32:24.876+0000][30.858s][debug][safepoint   ] Safepoint synchronization initiated using futex wait barrier. (24 threads)
[2025-04-25T12:32:24.876+0000][30.858s][info ][safepoint   ] Safepoint "ICBufferFull", Time since last: 1245731075 ns, Reaching safepoint: 385337 ns, Cleanup: 167902 ns, At safepoint: 5206 ns, Total: 558445 ns
[2025-04-25T12:32:25.141+0000][31.123s][debug][safepoint   ] Safepoint synchronization initiated using futex wait barrier. (24 threads)
[2025-04-25T12:32:25.141+0000][31.123s][info ][gc,start    ] GC(44) Pause Young (Normal) (G1 Evacuation Pause)
[2025-04-25T12:32:25.141+0000][31.123s][info ][gc,task     ] GC(44) Using 4 workers of 4 for evacuation
[2025-04-25T12:32:25.187+0000][31.169s][info ][gc,phases   ] GC(44)   Pre Evacuate Collection Set: 0.2ms
[2025-04-25T12:32:25.188+0000][31.170s][info ][gc,phases   ] GC(44)   Merge Heap Roots: 0.1ms
[2025-04-25T12:32:25.188+0000][31.170s][info ][gc,phases   ] GC(44)   Evacuate Collection Set: 40.4ms
[2025-04-25T12:32:25.188+0000][31.170s][info ][gc,phases   ] GC(44)   Post Evacuate Collection Set: 5.0ms
[2025-04-25T12:32:25.188+0000][31.170s][info ][gc,phases   ] GC(44)   Other: 0.4ms
[2025-04-25T12:32:25.188+0000][31.170s][info ][gc,heap     ] GC(44) Eden regions: 142->0(138)
[2025-04-25T12:32:25.188+0000][31.170s][info ][gc,heap     ] GC(44) Survivor regions: 8->11(19)
[2025-04-25T12:32:25.188+0000][31.170s][info ][gc,heap     ] GC(44) Old regions: 75->75
[2025-04-25T12:32:25.188+0000][31.170s][info ][gc,heap     ] GC(44) Archive regions: 2->2
[2025-04-25T12:32:25.188+0000][31.170s][info ][gc,heap     ] GC(44) Humongous regions: 0->0
[2025-04-25T12:32:25.188+0000][31.170s][info ][gc,metaspace] GC(44) Metaspace: 88910K(89472K)->88910K(89472K) NonClass: 77580K(77888K)->77580K(77888K) Class: 11329K(11584K)->11329K(11584K)
[2025-04-25T12:32:25.188+0000][31.170s][info ][gc          ] GC(44) Pause Young (Normal) (G1 Evacuation Pause) 224M->86M(264M) 46.377ms
[2025-04-25T12:32:25.188+0000][31.170s][info ][gc,cpu      ] GC(44) User=0.13s Sys=0.00s Real=0.05s
[2025-04-25T12:32:25.188+0000][31.170s][info ][safepoint   ] Safepoint "G1CollectForAllocation", Time since last: 264873211 ns, Reaching safepoint: 218621 ns, Cleanup: 47747 ns, At safepoint: 46593468 ns, Total: 46859836 ns
[2025-04-25T12:32:26.497+0000][32.479s][debug][safepoint   ] Safepoint synchronization initiated using futex wait barrier. (24 threads)
[2025-04-25T12:32:26.497+0000][32.479s][info ][safepoint   ] Safepoint "ICBufferFull", Time since last: 1308914367 ns, Reaching safepoint: 196836 ns, Cleanup: 177924 ns, At safepoint: 5955 ns, Total: 380715 ns
[2025-04-25T12:32:26.550+0000][32.532s][debug][safepoint   ] Safepoint synchronization initiated using futex wait barrier. (24 threads)
[2025-04-25T12:32:26.551+0000][32.533s][info ][gc,start    ] GC(45) Pause Young (Normal) (G1 Evacuation Pause)
[2025-04-25T12:32:26.551+0000][32.533s][info ][gc,task     ] GC(45) Using 4 workers of 4 for evacuation
[2025-04-25T12:32:26.573+0000][32.555s][info ][gc,phases   ] GC(45)   Pre Evacuate Collection Set: 0.1ms
[2025-04-25T12:32:26.573+0000][32.555s][info ][gc,phases   ] GC(45)   Merge Heap Roots: 0.1ms
[2025-04-25T12:32:26.573+0000][32.555s][info ][gc,phases   ] GC(45)   Evacuate Collection Set: 19.3ms
[2025-04-25T12:32:26.574+0000][32.556s][info ][gc,phases   ] GC(45)   Post Evacuate Collection Set: 2.1ms
[2025-04-25T12:32:26.574+0000][32.556s][info ][gc,phases   ] GC(45)   Other: 0.2ms
[2025-04-25T12:32:26.574+0000][32.556s][info ][gc,heap     ] GC(45) Eden regions: 138->0(136)
[2025-04-25T12:32:26.574+0000][32.556s][info ][gc,heap     ] GC(45) Survivor regions: 11->11(19)
[2025-04-25T12:32:26.574+0000][32.556s][info ][gc,heap     ] GC(45) Old regions: 75->77
[2025-04-25T12:32:26.574+0000][32.556s][info ][gc,heap     ] GC(45) Archive regions: 2->2
[2025-04-25T12:32:26.574+0000][32.556s][info ][gc,heap     ] GC(45) Humongous regions: 0->0
[2025-04-25T12:32:26.574+0000][32.556s][info ][gc,metaspace] GC(45) Metaspace: 93811K(94400K)->93811K(94400K) NonClass: 81682K(81984K)->81682K(81984K) Class: 12128K(12416K)->12128K(12416K)
[2025-04-25T12:32:26.574+0000][32.556s][info ][gc          ] GC(45) Pause Young (Normal) (G1 Evacuation Pause) 224M->88M(264M) 22.506ms
[2025-04-25T12:32:26.574+0000][32.556s][info ][gc,cpu      ] GC(45) User=0.07s Sys=0.00s Real=0.02s
[2025-04-25T12:32:26.574+0000][32.556s][info ][safepoint   ] Safepoint "G1CollectForAllocation", Time since last: 53292486 ns, Reaching safepoint: 887088 ns, Cleanup: 55815 ns, At safepoint: 22654108 ns, Total: 23597011 ns
[2025-04-25T12:32:27.465+0000][33.447s][debug][safepoint   ] Safepoint synchronization initiated using futex wait barrier. (24 threads)
[2025-04-25T12:32:27.465+0000][33.447s][info ][gc,start    ] GC(46) Pause Young (Normal) (G1 Evacuation Pause)
[2025-04-25T12:32:27.465+0000][33.447s][info ][gc,task     ] GC(46) Using 4 workers of 4 for evacuation
[2025-04-25T12:32:27.490+0000][33.472s][info ][gc,phases   ] GC(46)   Pre Evacuate Collection Set: 0.2ms
[2025-04-25T12:32:27.490+0000][33.472s][info ][gc,phases   ] GC(46)   Merge Heap Roots: 0.1ms
[2025-04-25T12:32:27.490+0000][33.472s][info ][gc,phases   ] GC(46)   Evacuate Collection Set: 21.9ms
[2025-04-25T12:32:27.490+0000][33.472s][info ][gc,phases   ] GC(46)   Post Evacuate Collection Set: 3.0ms
[2025-04-25T12:32:27.490+0000][33.472s][info ][gc,phases   ] GC(46)   Other: 0.1ms
[2025-04-25T12:32:27.490+0000][33.472s][info ][gc,heap     ] GC(46) Eden regions: 136->0(133)
[2025-04-25T12:32:27.490+0000][33.472s][info ][gc,heap     ] GC(46) Survivor regions: 11->10(19)
[2025-04-25T12:32:27.490+0000][33.472s][info ][gc,heap     ] GC(46) Old regions: 77->82
[2025-04-25T12:32:27.490+0000][33.472s][info ][gc,heap     ] GC(46) Archive regions: 2->2
[2025-04-25T12:32:27.490+0000][33.472s][info ][gc,heap     ] GC(46) Humongous regions: 0->0
[2025-04-25T12:32:27.490+0000][33.472s][info ][gc,metaspace] GC(46) Metaspace: 95455K(96000K)->95455K(96000K) NonClass: 82978K(83264K)->82978K(83264K) Class: 12476K(12736K)->12476K(12736K)
[2025-04-25T12:32:27.490+0000][33.472s][info ][gc          ] GC(46) Pause Young (Normal) (G1 Evacuation Pause) 224M->92M(264M) 25.434ms
[2025-04-25T12:32:27.490+0000][33.472s][info ][gc,cpu      ] GC(46) User=0.09s Sys=0.00s Real=0.03s
[2025-04-25T12:32:27.490+0000][33.472s][info ][safepoint   ] Safepoint "G1CollectForAllocation", Time since last: 890692841 ns, Reaching safepoint: 59356 ns, Cleanup: 87257 ns, At safepoint: 25505105 ns, Total: 25651718 ns
[2025-04-25T12:32:28.669+0000][34.651s][debug][safepoint   ] Safepoint synchronization initiated using futex wait barrier. (25 threads)
[2025-04-25T12:32:28.669+0000][34.651s][info ][gc,start    ] GC(47) Pause Young (Normal) (G1 Evacuation Pause)
[2025-04-25T12:32:28.669+0000][34.651s][info ][gc,task     ] GC(47) Using 4 workers of 4 for evacuation
[2025-04-25T12:32:28.695+0000][34.677s][info ][gc,phases   ] GC(47)   Pre Evacuate Collection Set: 0.1ms
[2025-04-25T12:32:28.696+0000][34.678s][info ][gc,phases   ] GC(47)   Merge Heap Roots: 0.2ms
[2025-04-25T12:32:28.696+0000][34.678s][info ][gc,phases   ] GC(47)   Evacuate Collection Set: 22.8ms
[2025-04-25T12:32:28.696+0000][34.678s][info ][gc,phases   ] GC(47)   Post Evacuate Collection Set: 2.8ms
[2025-04-25T12:32:28.696+0000][34.678s][info ][gc,phases   ] GC(47)   Other: 0.4ms
[2025-04-25T12:32:28.696+0000][34.678s][info ][gc,heap     ] GC(47) Eden regions: 133->0(131)
[2025-04-25T12:32:28.696+0000][34.678s][info ][gc,heap     ] GC(47) Survivor regions: 10->9(18)
[2025-04-25T12:32:28.696+0000][34.678s][info ][gc,heap     ] GC(47) Old regions: 82->85
[2025-04-25T12:32:28.696+0000][34.678s][info ][gc,heap     ] GC(47) Archive regions: 2->2
[2025-04-25T12:32:28.696+0000][34.678s][info ][gc,heap     ] GC(47) Humongous regions: 0->0
[2025-04-25T12:32:28.696+0000][34.678s][info ][gc,metaspace] GC(47) Metaspace: 101140K(101696K)->101140K(101696K) NonClass: 87935K(88256K)->87935K(88256K) Class: 13205K(13440K)->13205K(13440K)
[2025-04-25T12:32:28.696+0000][34.678s][info ][gc          ] GC(47) Pause Young (Normal) (G1 Evacuation Pause) 225M->94M(264M) 26.842ms
[2025-04-25T12:32:28.696+0000][34.678s][info ][gc,cpu      ] GC(47) User=0.06s Sys=0.00s Real=0.03s
[2025-04-25T12:32:28.696+0000][34.678s][info ][safepoint   ] Safepoint "G1CollectForAllocation", Time since last: 1178579022 ns, Reaching safepoint: 67932 ns, Cleanup: 143770 ns, At safepoint: 26937721 ns, Total: 27149423 ns
[2025-04-25T12:32:29.708+0000][35.690s][debug][safepoint   ] Safepoint synchronization initiated using futex wait barrier. (28 threads)
[2025-04-25T12:32:29.708+0000][35.690s][info ][safepoint   ] Safepoint "Cleanup", Time since last: 1011511876 ns, Reaching safepoint: 421082 ns, Cleanup: 81329 ns, At safepoint: 9971 ns, Total: 512382 ns
[2025-04-25T12:32:29.827+0000][35.809s][debug][safepoint   ] Safepoint synchronization initiated using futex wait barrier. (28 threads)
[2025-04-25T12:32:29.827+0000][35.809s][info ][gc,start    ] GC(48) Pause Young (Normal) (G1 Evacuation Pause)
[2025-04-25T12:32:29.828+0000][35.810s][info ][gc,task     ] GC(48) Using 4 workers of 4 for evacuation
[2025-04-25T12:32:29.855+0000][35.837s][info ][gc,phases   ] GC(48)   Pre Evacuate Collection Set: 0.1ms
[2025-04-25T12:32:29.856+0000][35.838s][info ][gc,phases   ] GC(48)   Merge Heap Roots: 0.2ms
[2025-04-25T12:32:29.856+0000][35.838s][info ][gc,phases   ] GC(48)   Evacuate Collection Set: 22.1ms
[2025-04-25T12:32:29.856+0000][35.838s][info ][gc,phases   ] GC(48)   Post Evacuate Collection Set: 4.7ms
[2025-04-25T12:32:29.856+0000][35.838s][info ][gc,phases   ] GC(48)   Other: 0.8ms
[2025-04-25T12:32:29.856+0000][35.838s][info ][gc,heap     ] GC(48) Eden regions: 131->0(219)
[2025-04-25T12:32:29.856+0000][35.838s][info ][gc,heap     ] GC(48) Survivor regions: 9->11(18)
[2025-04-25T12:32:29.856+0000][35.838s][info ][gc,heap     ] GC(48) Old regions: 85->85
[2025-04-25T12:32:29.856+0000][35.838s][info ][gc,heap     ] GC(48) Archive regions: 2->2
[2025-04-25T12:32:29.856+0000][35.838s][info ][gc,heap     ] GC(48) Humongous regions: 0->0
[2025-04-25T12:32:29.856+0000][35.838s][info ][gc,metaspace] GC(48) Metaspace: 104829K(105536K)->104829K(105536K) NonClass: 91140K(91520K)->91140K(91520K) Class: 13689K(14016K)->13689K(14016K)
[2025-04-25T12:32:29.856+0000][35.838s][info ][gc          ] GC(48) Pause Young (Normal) (G1 Evacuation Pause) 225M->96M(384M) 28.257ms
[2025-04-25T12:32:29.856+0000][35.838s][info ][gc,cpu      ] GC(48) User=0.09s Sys=0.00s Real=0.03s
[2025-04-25T12:32:29.856+0000][35.838s][info ][safepoint   ] Safepoint "G1CollectForAllocation", Time since last: 118985656 ns, Reaching safepoint: 188425 ns, Cleanup: 13112 ns, At safepoint: 28787161 ns, Total: 28988698 ns
[2025-04-25T12:32:31.098+0000][37.080s][debug][safepoint   ] Safepoint synchronization initiated using futex wait barrier. (31 threads)
[2025-04-25T12:32:31.100+0000][37.082s][info ][safepoint   ] Safepoint "Cleanup", Time since last: 1241897154 ns, Reaching safepoint: 1969749 ns, Cleanup: 139289 ns, At safepoint: 122969 ns, Total: 2232007 ns
[2025-04-25T12:32:31.929+0000][37.911s][debug][safepoint   ] Safepoint synchronization initiated using futex wait barrier. (37 threads)
[2025-04-25T12:32:31.929+0000][37.911s][info ][gc,start    ] GC(49) Pause Young (Normal) (G1 Evacuation Pause)
[2025-04-25T12:32:31.929+0000][37.911s][info ][gc,task     ] GC(49) Using 4 workers of 4 for evacuation
[2025-04-25T12:32:31.955+0000][37.937s][info ][gc,phases   ] GC(49)   Pre Evacuate Collection Set: 0.3ms
[2025-04-25T12:32:31.955+0000][37.937s][info ][gc,phases   ] GC(49)   Merge Heap Roots: 0.2ms
[2025-04-25T12:32:31.955+0000][37.937s][info ][gc,phases   ] GC(49)   Evacuate Collection Set: 22.6ms
[2025-04-25T12:32:31.955+0000][37.937s][info ][gc,phases   ] GC(49)   Post Evacuate Collection Set: 2.5ms
[2025-04-25T12:32:31.955+0000][37.937s][info ][gc,phases   ] GC(49)   Other: 0.4ms
[2025-04-25T12:32:31.955+0000][37.937s][info ][gc,heap     ] GC(49) Eden regions: 219->0(213)
[2025-04-25T12:32:31.955+0000][37.937s][info ][gc,heap     ] GC(49) Survivor regions: 11->17(29)
[2025-04-25T12:32:31.955+0000][37.937s][info ][gc,heap     ] GC(49) Old regions: 85->85
[2025-04-25T12:32:31.955+0000][37.937s][info ][gc,heap     ] GC(49) Archive regions: 2->2
[2025-04-25T12:32:31.955+0000][37.937s][info ][gc,heap     ] GC(49) Humongous regions: 0->0
[2025-04-25T12:32:31.955+0000][37.937s][info ][gc,metaspace] GC(49) Metaspace: 108834K(109504K)->108834K(109504K) NonClass: 94756K(95104K)->94756K(95104K) Class: 14077K(14400K)->14077K(14400K)
[2025-04-25T12:32:31.955+0000][37.937s][info ][gc          ] GC(49) Pause Young (Normal) (G1 Evacuation Pause) 315M->102M(384M) 26.191ms
[2025-04-25T12:32:31.955+0000][37.937s][info ][gc,cpu      ] GC(49) User=0.07s Sys=0.00s Real=0.03s
[2025-04-25T12:32:31.956+0000][37.938s][info ][safepoint   ] Safepoint "G1CollectForAllocation", Time since last: 828524961 ns, Reaching safepoint: 74993 ns, Cleanup: 291725 ns, At safepoint: 26413378 ns, Total: 26780096 ns
[2025-04-25T12:32:32.830+0000][38.812s][debug][safepoint   ] Safepoint synchronization initiated using futex wait barrier. (38 threads)
[2025-04-25T12:32:32.831+0000][38.813s][info ][safepoint   ] Safepoint "ICBufferFull", Time since last: 874824778 ns, Reaching safepoint: 169188 ns, Cleanup: 118555 ns, At safepoint: 4272 ns, Total: 292015 ns
[2025-04-25T12:32:33.656+0000][39.638s][debug][safepoint   ] Safepoint synchronization initiated using futex wait barrier. (38 threads)
[2025-04-25T12:32:33.656+0000][39.638s][info ][safepoint   ] Safepoint "ICBufferFull", Time since last: 824898990 ns, Reaching safepoint: 419887 ns, Cleanup: 151120 ns, At safepoint: 5188 ns, Total: 576195 ns
[2025-04-25T12:32:34.059+0000][40.041s][debug][safepoint   ] Safepoint synchronization initiated using futex wait barrier. (38 threads)
[2025-04-25T12:32:34.059+0000][40.041s][info ][safepoint   ] Safepoint "ICBufferFull", Time since last: 403065636 ns, Reaching safepoint: 77634 ns, Cleanup: 82884 ns, At safepoint: 4315 ns, Total: 164833 ns
[2025-04-25T12:32:34.072+0000][40.054s][debug][safepoint   ] Safepoint synchronization initiated using futex wait barrier. (38 threads)
[2025-04-25T12:32:34.073+0000][40.055s][info ][gc,start    ] GC(50) Pause Young (Normal) (G1 Evacuation Pause)
[2025-04-25T12:32:34.073+0000][40.055s][info ][gc,task     ] GC(50) Using 4 workers of 4 for evacuation
[2025-04-25T12:32:34.108+0000][40.090s][info ][gc,phases   ] GC(50)   Pre Evacuate Collection Set: 0.1ms
[2025-04-25T12:32:34.108+0000][40.090s][info ][gc,phases   ] GC(50)   Merge Heap Roots: 0.2ms
[2025-04-25T12:32:34.108+0000][40.090s][info ][gc,phases   ] GC(50)   Evacuate Collection Set: 31.1ms
[2025-04-25T12:32:34.108+0000][40.090s][info ][gc,phases   ] GC(50)   Post Evacuate Collection Set: 3.5ms
[2025-04-25T12:32:34.108+0000][40.090s][info ][gc,phases   ] GC(50)   Other: 0.2ms
[2025-04-25T12:32:34.108+0000][40.090s][info ][gc,heap     ] GC(50) Eden regions: 213->0(211)
[2025-04-25T12:32:34.108+0000][40.090s][info ][gc,heap     ] GC(50) Survivor regions: 17->19(29)
[2025-04-25T12:32:34.108+0000][40.090s][info ][gc,heap     ] GC(50) Old regions: 85->88
[2025-04-25T12:32:34.108+0000][40.090s][info ][gc,heap     ] GC(50) Archive regions: 2->2
[2025-04-25T12:32:34.108+0000][40.090s][info ][gc,heap     ] GC(50) Humongous regions: 0->0
[2025-04-25T12:32:34.108+0000][40.090s][info ][gc,metaspace] GC(50) Metaspace: 115279K(115968K)->115279K(115968K) NonClass: 100527K(100928K)->100527K(100928K) Class: 14751K(15040K)->14751K(15040K)
[2025-04-25T12:32:34.108+0000][40.090s][info ][gc          ] GC(50) Pause Young (Normal) (G1 Evacuation Pause) 315M->106M(384M) 35.647ms
[2025-04-25T12:32:34.108+0000][40.090s][info ][gc,cpu      ] GC(50) User=0.09s Sys=0.00s Real=0.04s
[2025-04-25T12:32:34.109+0000][40.091s][info ][safepoint   ] Safepoint "G1CollectForAllocation", Time since last: 12405523 ns, Reaching safepoint: 889981 ns, Cleanup: 33873 ns, At safepoint: 36411070 ns, Total: 37334924 ns
[2025-04-25T12:32:35.110+0000][41.092s][debug][safepoint   ] Safepoint synchronization initiated using futex wait barrier. (41 threads)
[2025-04-25T12:32:35.111+0000][41.093s][info ][safepoint   ] Safepoint "Cleanup", Time since last: 1001324459 ns, Reaching safepoint: 265820 ns, Cleanup: 173118 ns, At safepoint: 25192 ns, Total: 464130 ns
[2025-04-25T12:32:36.697+0000][42.679s][debug][safepoint   ] Safepoint synchronization initiated using futex wait barrier. (49 threads)
[2025-04-25T12:32:36.697+0000][42.679s][info ][gc,start    ] GC(51) Pause Young (Normal) (G1 Evacuation Pause)
[2025-04-25T12:32:36.697+0000][42.679s][info ][gc,task     ] GC(51) Using 4 workers of 4 for evacuation
[2025-04-25T12:32:36.750+0000][42.732s][info ][gc,phases   ] GC(51)   Pre Evacuate Collection Set: 0.1ms
[2025-04-25T12:32:36.750+0000][42.732s][info ][gc,phases   ] GC(51)   Merge Heap Roots: 0.3ms
[2025-04-25T12:32:36.750+0000][42.732s][info ][gc,phases   ] GC(51)   Evacuate Collection Set: 47.8ms
[2025-04-25T12:32:36.750+0000][42.732s][info ][gc,phases   ] GC(51)   Post Evacuate Collection Set: 4.1ms
[2025-04-25T12:32:36.750+0000][42.732s][info ][gc,phases   ] GC(51)   Other: 0.1ms
[2025-04-25T12:32:36.750+0000][42.732s][info ][gc,heap     ] GC(51) Eden regions: 211->0(211)
[2025-04-25T12:32:36.750+0000][42.732s][info ][gc,heap     ] GC(51) Survivor regions: 19->19(29)
[2025-04-25T12:32:36.750+0000][42.732s][info ][gc,heap     ] GC(51) Old regions: 88->93
[2025-04-25T12:32:36.750+0000][42.732s][info ][gc,heap     ] GC(51) Archive regions: 2->2
[2025-04-25T12:32:36.750+0000][42.732s][info ][gc,heap     ] GC(51) Humongous regions: 1->0
[2025-04-25T12:32:36.750+0000][42.732s][info ][gc,metaspace] GC(51) Metaspace: 126446K(127424K)->126446K(127424K) NonClass: 110448K(110976K)->110448K(110976K) Class: 15997K(16448K)->15997K(16448K)
[2025-04-25T12:32:36.750+0000][42.732s][info ][gc          ] GC(51) Pause Young (Normal) (G1 Evacuation Pause) 318M->111M(384M) 52.633ms
[2025-04-25T12:32:36.750+0000][42.732s][info ][gc,cpu      ] GC(51) User=0.15s Sys=0.00s Real=0.05s
[2025-04-25T12:32:36.753+0000][42.735s][info ][safepoint   ] Safepoint "G1CollectForAllocation", Time since last: 1586179855 ns, Reaching safepoint: 47883 ns, Cleanup: 82110 ns, At safepoint: 55693529 ns, Total: 55823522 ns
[2025-04-25T12:32:37.753+0000][43.735s][debug][safepoint   ] Safepoint synchronization initiated using futex wait barrier. (49 threads)
[2025-04-25T12:32:37.753+0000][43.735s][info ][safepoint   ] Safepoint "Cleanup", Time since last: 1000135259 ns, Reaching safepoint: 143027 ns, Cleanup: 128540 ns, At safepoint: 11043 ns, Total: 282610 ns
[2025-04-25T12:32:38.667+0000][44.649s][debug][safepoint   ] Safepoint synchronization initiated using futex wait barrier. (50 threads)
[2025-04-25T12:32:38.667+0000][44.649s][info ][gc,start    ] GC(52) Pause Young (Normal) (G1 Evacuation Pause)
[2025-04-25T12:32:38.667+0000][44.649s][info ][gc,task     ] GC(52) Using 4 workers of 4 for evacuation
[2025-04-25T12:32:38.694+0000][44.676s][info ][gc,phases   ] GC(52)   Pre Evacuate Collection Set: 0.1ms
[2025-04-25T12:32:38.694+0000][44.676s][info ][gc,phases   ] GC(52)   Merge Heap Roots: 0.3ms
[2025-04-25T12:32:38.694+0000][44.676s][info ][gc,phases   ] GC(52)   Evacuate Collection Set: 24.0ms
[2025-04-25T12:32:38.694+0000][44.676s][info ][gc,phases   ] GC(52)   Post Evacuate Collection Set: 2.5ms
[2025-04-25T12:32:38.694+0000][44.676s][info ][gc,phases   ] GC(52)   Other: 0.3ms
[2025-04-25T12:32:38.694+0000][44.676s][info ][gc,heap     ] GC(52) Eden regions: 211->0(210)
[2025-04-25T12:32:38.694+0000][44.676s][info ][gc,heap     ] GC(52) Survivor regions: 19->16(29)
[2025-04-25T12:32:38.694+0000][44.676s][info ][gc,heap     ] GC(52) Old regions: 93->101
[2025-04-25T12:32:38.694+0000][44.676s][info ][gc,heap     ] GC(52) Archive regions: 2->2
[2025-04-25T12:32:38.694+0000][44.676s][info ][gc,heap     ] GC(52) Humongous regions: 0->0
[2025-04-25T12:32:38.694+0000][44.676s][info ][gc,metaspace] GC(52) Metaspace: 129087K(130176K)->129087K(130176K) NonClass: 112824K(113408K)->112824K(113408K) Class: 16262K(16768K)->16262K(16768K)
[2025-04-25T12:32:38.694+0000][44.676s][info ][gc          ] GC(52) Pause Young (Normal) (G1 Evacuation Pause) 322M->117M(384M) 27.309ms
[2025-04-25T12:32:38.694+0000][44.676s][info ][gc,cpu      ] GC(52) User=0.10s Sys=0.00s Real=0.02s
[2025-04-25T12:32:38.695+0000][44.677s][info ][safepoint   ] Safepoint "G1CollectForAllocation", Time since last: 913363831 ns, Reaching safepoint: 225190 ns, Cleanup: 94621 ns, At safepoint: 28328306 ns, Total: 28648117 ns
[2025-04-25T12:32:38.837+0000][44.819s][debug][safepoint   ] Safepoint synchronization initiated using futex wait barrier. (52 threads)
[2025-04-25T12:32:38.837+0000][44.819s][info ][gc,start    ] GC(53) Pause Young (Concurrent Start) (Metadata GC Threshold)
[2025-04-25T12:32:38.838+0000][44.820s][info ][gc,task     ] GC(53) Using 4 workers of 4 for evacuation
[2025-04-25T12:32:38.870+0000][44.852s][info ][gc,phases   ] GC(53)   Pre Evacuate Collection Set: 1.0ms
[2025-04-25T12:32:38.870+0000][44.852s][info ][gc,phases   ] GC(53)   Merge Heap Roots: 0.2ms
[2025-04-25T12:32:38.870+0000][44.852s][info ][gc,phases   ] GC(53)   Evacuate Collection Set: 28.8ms
[2025-04-25T12:32:38.870+0000][44.852s][info ][gc,phases   ] GC(53)   Post Evacuate Collection Set: 1.8ms
[2025-04-25T12:32:38.870+0000][44.852s][info ][gc,phases   ] GC(53)   Other: 0.6ms
[2025-04-25T12:32:38.870+0000][44.852s][info ][gc,heap     ] GC(53) Eden regions: 15->0(213)
[2025-04-25T12:32:38.870+0000][44.852s][info ][gc,heap     ] GC(53) Survivor regions: 16->12(29)
[2025-04-25T12:32:38.870+0000][44.852s][info ][gc,heap     ] GC(53) Old regions: 101->105
[2025-04-25T12:32:38.870+0000][44.852s][info ][gc,heap     ] GC(53) Archive regions: 2->2
[2025-04-25T12:32:38.870+0000][44.852s][info ][gc,heap     ] GC(53) Humongous regions: 0->0
[2025-04-25T12:32:38.870+0000][44.852s][info ][gc,metaspace] GC(53) Metaspace: 129454K(130496K)->129454K(130496K) NonClass: 113139K(113664K)->113139K(113664K) Class: 16315K(16832K)->16315K(16832K)
[2025-04-25T12:32:38.870+0000][44.852s][info ][gc          ] GC(53) Pause Young (Concurrent Start) (Metadata GC Threshold) 132M->117M(384M) 32.734ms
[2025-04-25T12:32:38.870+0000][44.852s][info ][gc,cpu      ] GC(53) User=0.10s Sys=0.01s Real=0.03s
[2025-04-25T12:32:38.870+0000][44.852s][info ][gc          ] GC(54) Concurrent Mark Cycle
[2025-04-25T12:32:38.870+0000][44.852s][info ][gc,marking  ] GC(54) Concurrent Clear Claimed Marks
[2025-04-25T12:32:38.870+0000][44.852s][info ][gc,marking  ] GC(54) Concurrent Clear Claimed Marks 0.091ms
[2025-04-25T12:32:38.870+0000][44.852s][info ][gc,marking  ] GC(54) Concurrent Scan Root Regions
[2025-04-25T12:32:38.870+0000][44.852s][info ][safepoint   ] Safepoint "CollectForMetadataAllocation", Time since last: 141354036 ns, Reaching safepoint: 610114 ns, Cleanup: 18898 ns, At safepoint: 33049375 ns, Total: 33678387 ns
[2025-04-25T12:32:38.897+0000][44.879s][info ][gc,marking  ] GC(54) Concurrent Scan Root Regions 26.387ms
[2025-04-25T12:32:38.897+0000][44.879s][info ][gc,marking  ] GC(54) Concurrent Mark
[2025-04-25T12:32:38.897+0000][44.879s][info ][gc,marking  ] GC(54) Concurrent Mark From Roots
[2025-04-25T12:32:38.897+0000][44.879s][info ][gc,task     ] GC(54) Using 1 workers of 1 for marking
[2025-04-25T12:32:39.063+0000][45.045s][debug][safepoint   ] Safepoint synchronization initiated using futex wait barrier. (53 threads)
[2025-04-25T12:32:39.063+0000][45.045s][info ][safepoint   ] Safepoint "CollectForMetadataAllocation", Time since last: 192159621 ns, Reaching safepoint: 183920 ns, Cleanup: 43402 ns, At safepoint: 41744 ns, Total: 269066 ns
[2025-04-25T12:32:39.175+0000][45.157s][debug][safepoint   ] Safepoint synchronization initiated using futex wait barrier. (53 threads)
[2025-04-25T12:32:39.175+0000][45.157s][info ][safepoint   ] Safepoint "CollectForMetadataAllocation", Time since last: 112322687 ns, Reaching safepoint: 263024 ns, Cleanup: 25368 ns, At safepoint: 45023 ns, Total: 333415 ns
[2025-04-25T12:32:39.228+0000][45.210s][info ][gc,marking  ] GC(54) Concurrent Mark From Roots 331.194ms
[2025-04-25T12:32:39.228+0000][45.210s][info ][gc,marking  ] GC(54) Concurrent Preclean
[2025-04-25T12:32:39.228+0000][45.210s][info ][gc,marking  ] GC(54) Concurrent Preclean 0.364ms
[2025-04-25T12:32:39.229+0000][45.211s][debug][safepoint   ] Safepoint synchronization initiated using futex wait barrier. (53 threads)
[2025-04-25T12:32:39.229+0000][45.211s][info ][gc,start    ] GC(54) Pause Remark
[2025-04-25T12:32:39.248+0000][45.230s][info ][gc          ] GC(54) Pause Remark 148M->148M(384M) 18.667ms
[2025-04-25T12:32:39.248+0000][45.230s][info ][gc,cpu      ] GC(54) User=0.07s Sys=0.00s Real=0.02s
[2025-04-25T12:32:39.249+0000][45.231s][info ][safepoint   ] Safepoint "G1PauseRemark", Time since last: 53607158 ns, Reaching safepoint: 117603 ns, Cleanup: 16401 ns, At safepoint: 19426284 ns, Total: 19560288 ns
[2025-04-25T12:32:39.250+0000][45.232s][info ][gc,marking  ] GC(54) Concurrent Mark 353.566ms
[2025-04-25T12:32:39.250+0000][45.232s][info ][gc,marking  ] GC(54) Concurrent Rebuild Remembered Sets
[2025-04-25T12:32:39.383+0000][45.365s][info ][gc,marking  ] GC(54) Concurrent Rebuild Remembered Sets 132.268ms
[2025-04-25T12:32:39.384+0000][45.366s][debug][safepoint   ] Safepoint synchronization initiated using futex wait barrier. (53 threads)
[2025-04-25T12:32:39.385+0000][45.367s][info ][gc,start    ] GC(54) Pause Cleanup
[2025-04-25T12:32:39.385+0000][45.367s][info ][gc          ] GC(54) Pause Cleanup 165M->165M(384M) 0.300ms
[2025-04-25T12:32:39.385+0000][45.367s][info ][gc,cpu      ] GC(54) User=0.00s Sys=0.00s Real=0.00s
[2025-04-25T12:32:39.385+0000][45.367s][info ][safepoint   ] Safepoint "G1PauseCleanup", Time since last: 135686684 ns, Reaching safepoint: 257048 ns, Cleanup: 6072 ns, At safepoint: 510418 ns, Total: 773538 ns
[2025-04-25T12:32:39.386+0000][45.368s][info ][gc,marking  ] GC(54) Concurrent Cleanup for Next Mark
[2025-04-25T12:32:39.388+0000][45.370s][info ][gc,marking  ] GC(54) Concurrent Cleanup for Next Mark 1.905ms
[2025-04-25T12:32:39.388+0000][45.370s][info ][gc          ] GC(54) Concurrent Mark Cycle 517.875ms
[2025-04-25T12:32:40.246+0000][46.228s][debug][safepoint   ] Safepoint synchronization initiated using futex wait barrier. (54 threads)
[2025-04-25T12:32:40.247+0000][46.229s][info ][gc,start    ] GC(55) Pause Young (Prepare Mixed) (G1 Evacuation Pause)
[2025-04-25T12:32:40.247+0000][46.229s][info ][gc,task     ] GC(55) Using 4 workers of 4 for evacuation
[2025-04-25T12:32:40.273+0000][46.255s][info ][gc,phases   ] GC(55)   Pre Evacuate Collection Set: 0.2ms
[2025-04-25T12:32:40.273+0000][46.255s][info ][gc,phases   ] GC(55)   Merge Heap Roots: 0.4ms
[2025-04-25T12:32:40.273+0000][46.255s][info ][gc,phases   ] GC(55)   Evacuate Collection Set: 23.0ms
[2025-04-25T12:32:40.273+0000][46.255s][info ][gc,phases   ] GC(55)   Post Evacuate Collection Set: 2.4ms
[2025-04-25T12:32:40.273+0000][46.255s][info ][gc,phases   ] GC(55)   Other: 0.1ms
[2025-04-25T12:32:40.273+0000][46.255s][info ][gc,heap     ] GC(55) Eden regions: 213->0(5)
[2025-04-25T12:32:40.273+0000][46.255s][info ][gc,heap     ] GC(55) Survivor regions: 12->14(29)
[2025-04-25T12:32:40.273+0000][46.255s][info ][gc,heap     ] GC(55) Old regions: 105->105
[2025-04-25T12:32:40.273+0000][46.255s][info ][gc,heap     ] GC(55) Archive regions: 2->2
[2025-04-25T12:32:40.273+0000][46.255s][info ][gc,heap     ] GC(55) Humongous regions: 0->0
[2025-04-25T12:32:40.273+0000][46.255s][info ][gc,metaspace] GC(55) Metaspace: 134359K(135424K)->134359K(135424K) NonClass: 117439K(118016K)->117439K(118016K) Class: 16920K(17408K)->16920K(17408K)
[2025-04-25T12:32:40.273+0000][46.255s][info ][gc          ] GC(55) Pause Young (Prepare Mixed) (G1 Evacuation Pause) 330M->119M(384M) 26.184ms
[2025-04-25T12:32:40.273+0000][46.255s][info ][gc,cpu      ] GC(55) User=0.09s Sys=0.00s Real=0.02s
[2025-04-25T12:32:40.273+0000][46.255s][info ][safepoint   ] Safepoint "G1CollectForAllocation", Time since last: 861355471 ns, Reaching safepoint: 62419 ns, Cleanup: 41592 ns, At safepoint: 26259937 ns, Total: 26363948 ns
[2025-04-25T12:32:40.300+0000][46.282s][debug][safepoint   ] Safepoint synchronization initiated using futex wait barrier. (54 threads)
[2025-04-25T12:32:40.300+0000][46.282s][info ][gc,start    ] GC(56) Pause Young (Mixed) (G1 Evacuation Pause)
[2025-04-25T12:32:40.300+0000][46.282s][info ][gc,task     ] GC(56) Using 4 workers of 4 for evacuation
[2025-04-25T12:32:40.319+0000][46.301s][info ][gc,phases   ] GC(56)   Pre Evacuate Collection Set: 0.3ms
[2025-04-25T12:32:40.319+0000][46.301s][info ][gc,phases   ] GC(56)   Merge Heap Roots: 0.2ms
[2025-04-25T12:32:40.320+0000][46.302s][info ][gc,phases   ] GC(56)   Evacuate Collection Set: 15.8ms
[2025-04-25T12:32:40.320+0000][46.302s][info ][gc,phases   ] GC(56)   Post Evacuate Collection Set: 2.6ms
[2025-04-25T12:32:40.320+0000][46.302s][info ][gc,phases   ] GC(56)   Other: 0.2ms
[2025-04-25T12:32:40.320+0000][46.302s][info ][gc,heap     ] GC(56) Eden regions: 5->0(211)
[2025-04-25T12:32:40.320+0000][46.302s][info ][gc,heap     ] GC(56) Survivor regions: 14->2(3)
[2025-04-25T12:32:40.320+0000][46.302s][info ][gc,heap     ] GC(56) Old regions: 105->117
[2025-04-25T12:32:40.320+0000][46.302s][info ][gc,heap     ] GC(56) Archive regions: 2->2
[2025-04-25T12:32:40.320+0000][46.302s][info ][gc,heap     ] GC(56) Humongous regions: 0->0
[2025-04-25T12:32:40.320+0000][46.302s][info ][gc,metaspace] GC(56) Metaspace: 134405K(135424K)->134405K(135424K) NonClass: 117481K(118016K)->117481K(118016K) Class: 16923K(17408K)->16923K(17408K)
[2025-04-25T12:32:40.320+0000][46.302s][info ][gc          ] GC(56) Pause Young (Mixed) (G1 Evacuation Pause) 124M->119M(384M) 20.066ms
[2025-04-25T12:32:40.320+0000][46.302s][info ][gc,cpu      ] GC(56) User=0.07s Sys=0.00s Real=0.02s
[2025-04-25T12:32:40.320+0000][46.302s][info ][safepoint   ] Safepoint "G1CollectForAllocation", Time since last: 27253830 ns, Reaching safepoint: 54693 ns, Cleanup: 5381 ns, At safepoint: 20185456 ns, Total: 20245530 ns
[2025-04-25T12:32:41.320+0000][47.302s][debug][safepoint   ] Safepoint synchronization initiated using futex wait barrier. (54 threads)
[2025-04-25T12:32:41.321+0000][47.303s][info ][safepoint   ] Safepoint "Cleanup", Time since last: 1000165459 ns, Reaching safepoint: 233803 ns, Cleanup: 194979 ns, At safepoint: 11183 ns, Total: 439965 ns
[2025-04-25T12:32:41.841+0000][47.823s][debug][safepoint   ] Safepoint synchronization initiated using futex wait barrier. (55 threads)
[2025-04-25T12:32:41.841+0000][47.823s][info ][gc,start    ] GC(57) Pause Young (Concurrent Start) (G1 Evacuation Pause)
[2025-04-25T12:32:41.841+0000][47.823s][info ][gc,task     ] GC(57) Using 4 workers of 4 for evacuation
[2025-04-25T12:32:41.859+0000][47.841s][info ][gc,phases   ] GC(57)   Pre Evacuate Collection Set: 0.4ms
[2025-04-25T12:32:41.859+0000][47.841s][info ][gc,phases   ] GC(57)   Merge Heap Roots: 0.3ms
[2025-04-25T12:32:41.859+0000][47.841s][info ][gc,phases   ] GC(57)   Evacuate Collection Set: 14.5ms
[2025-04-25T12:32:41.859+0000][47.841s][info ][gc,phases   ] GC(57)   Post Evacuate Collection Set: 1.9ms
[2025-04-25T12:32:41.859+0000][47.841s][info ][gc,phases   ] GC(57)   Other: 0.3ms
[2025-04-25T12:32:41.859+0000][47.841s][info ][gc,heap     ] GC(57) Eden regions: 211->0(203)
[2025-04-25T12:32:41.859+0000][47.841s][info ][gc,heap     ] GC(57) Survivor regions: 2->8(27)
[2025-04-25T12:32:41.859+0000][47.841s][info ][gc,heap     ] GC(57) Old regions: 117->117
[2025-04-25T12:32:41.859+0000][47.841s][info ][gc,heap     ] GC(57) Archive regions: 2->2
[2025-04-25T12:32:41.859+0000][47.841s][info ][gc,heap     ] GC(57) Humongous regions: 0->0
[2025-04-25T12:32:41.859+0000][47.841s][info ][gc,metaspace] GC(57) Metaspace: 138483K(139520K)->138483K(139520K) NonClass: 121303K(121856K)->121303K(121856K) Class: 17179K(17664K)->17179K(17664K)
[2025-04-25T12:32:41.859+0000][47.841s][info ][gc          ] GC(57) Pause Young (Concurrent Start) (G1 Evacuation Pause) 330M->125M(384M) 17.518ms
[2025-04-25T12:32:41.859+0000][47.841s][info ][gc,cpu      ] GC(57) User=0.06s Sys=0.00s Real=0.02s
[2025-04-25T12:32:41.859+0000][47.841s][info ][gc          ] GC(58) Concurrent Mark Cycle
[2025-04-25T12:32:41.859+0000][47.841s][info ][gc,marking  ] GC(58) Concurrent Clear Claimed Marks
[2025-04-25T12:32:41.859+0000][47.841s][info ][gc,marking  ] GC(58) Concurrent Clear Claimed Marks 0.087ms
[2025-04-25T12:32:41.859+0000][47.841s][info ][gc,marking  ] GC(58) Concurrent Scan Root Regions
[2025-04-25T12:32:41.859+0000][47.841s][info ][safepoint   ] Safepoint "G1CollectForAllocation", Time since last: 520020712 ns, Reaching safepoint: 207875 ns, Cleanup: 42678 ns, At safepoint: 18148475 ns, Total: 18399028 ns
[2025-04-25T12:32:41.877+0000][47.859s][info ][gc,marking  ] GC(58) Concurrent Scan Root Regions 18.479ms
[2025-04-25T12:32:41.878+0000][47.860s][info ][gc,marking  ] GC(58) Concurrent Mark
[2025-04-25T12:32:41.878+0000][47.860s][info ][gc,marking  ] GC(58) Concurrent Mark From Roots
[2025-04-25T12:32:41.878+0000][47.860s][info ][gc,task     ] GC(58) Using 1 workers of 1 for marking
[2025-04-25T12:32:42.221+0000][48.203s][info ][gc,marking  ] GC(58) Concurrent Mark From Roots 343.272ms
[2025-04-25T12:32:42.221+0000][48.203s][info ][gc,marking  ] GC(58) Concurrent Preclean
[2025-04-25T12:32:42.222+0000][48.204s][info ][gc,marking  ] GC(58) Concurrent Preclean 0.528ms
[2025-04-25T12:32:42.222+0000][48.204s][debug][safepoint   ] Safepoint synchronization initiated using futex wait barrier. (58 threads)
[2025-04-25T12:32:42.224+0000][48.206s][info ][gc,start    ] GC(58) Pause Remark
[2025-04-25T12:32:42.241+0000][48.223s][info ][gc          ] GC(58) Pause Remark 170M->170M(384M) 17.091ms
[2025-04-25T12:32:42.241+0000][48.223s][info ][gc,cpu      ] GC(58) User=0.06s Sys=0.00s Real=0.02s
[2025-04-25T12:32:42.241+0000][48.223s][info ][safepoint   ] Safepoint "G1PauseRemark", Time since last: 362434808 ns, Reaching safepoint: 2129670 ns, Cleanup: 21223 ns, At safepoint: 17405958 ns, Total: 19556851 ns
[2025-04-25T12:32:42.241+0000][48.223s][info ][gc,marking  ] GC(58) Concurrent Mark 363.812ms
[2025-04-25T12:32:42.241+0000][48.223s][info ][gc,marking  ] GC(58) Concurrent Rebuild Remembered Sets
[2025-04-25T12:32:42.403+0000][48.385s][info ][gc,marking  ] GC(58) Concurrent Rebuild Remembered Sets 161.972ms
[2025-04-25T12:32:42.404+0000][48.386s][debug][safepoint   ] Safepoint synchronization initiated using futex wait barrier. (58 threads)
[2025-04-25T12:32:42.404+0000][48.386s][info ][gc,start    ] GC(58) Pause Cleanup
[2025-04-25T12:32:42.404+0000][48.386s][info ][gc          ] GC(58) Pause Cleanup 198M->198M(384M) 0.233ms
[2025-04-25T12:32:42.404+0000][48.386s][info ][gc,cpu      ] GC(58) User=0.00s Sys=0.00s Real=0.00s
[2025-04-25T12:32:42.404+0000][48.386s][info ][safepoint   ] Safepoint "G1PauseCleanup", Time since last: 162253512 ns, Reaching safepoint: 193663 ns, Cleanup: 16108 ns, At safepoint: 421189 ns, Total: 630960 ns
[2025-04-25T12:32:42.404+0000][48.386s][info ][gc,marking  ] GC(58) Concurrent Cleanup for Next Mark
[2025-04-25T12:32:42.407+0000][48.389s][info ][gc,marking  ] GC(58) Concurrent Cleanup for Next Mark 2.196ms
[2025-04-25T12:32:42.407+0000][48.389s][info ][gc          ] GC(58) Concurrent Mark Cycle 547.918ms
[2025-04-25T12:32:43.266+0000][49.248s][debug][safepoint   ] Safepoint synchronization initiated using futex wait barrier. (59 threads)
[2025-04-25T12:32:43.266+0000][49.248s][info ][gc,start    ] GC(59) Pause Young (Prepare Mixed) (G1 Evacuation Pause)
[2025-04-25T12:32:43.266+0000][49.248s][info ][gc,task     ] GC(59) Using 4 workers of 4 for evacuation
[2025-04-25T12:32:43.289+0000][49.271s][info ][gc,phases   ] GC(59)   Pre Evacuate Collection Set: 0.2ms
[2025-04-25T12:32:43.289+0000][49.271s][info ][gc,phases   ] GC(59)   Merge Heap Roots: 0.3ms
[2025-04-25T12:32:43.289+0000][49.271s][info ][gc,phases   ] GC(59)   Evacuate Collection Set: 20.4ms
[2025-04-25T12:32:43.289+0000][49.271s][info ][gc,phases   ] GC(59)   Post Evacuate Collection Set: 1.5ms
[2025-04-25T12:32:43.289+0000][49.271s][info ][gc,phases   ] GC(59)   Other: 0.1ms
[2025-04-25T12:32:43.289+0000][49.271s][info ][gc,heap     ] GC(59) Eden regions: 203->0(4)
[2025-04-25T12:32:43.289+0000][49.271s][info ][gc,heap     ] GC(59) Survivor regions: 8->15(27)
[2025-04-25T12:32:43.289+0000][49.271s][info ][gc,heap     ] GC(59) Old regions: 117->117
[2025-04-25T12:32:43.289+0000][49.271s][info ][gc,heap     ] GC(59) Archive regions: 2->2
[2025-04-25T12:32:43.289+0000][49.271s][info ][gc,heap     ] GC(59) Humongous regions: 0->0
[2025-04-25T12:32:43.289+0000][49.271s][info ][gc,metaspace] GC(59) Metaspace: 143558K(144640K)->143558K(144640K) NonClass: 126019K(126592K)->126019K(126592K) Class: 17539K(18048K)->17539K(18048K)
[2025-04-25T12:32:43.289+0000][49.271s][info ][gc          ] GC(59) Pause Young (Prepare Mixed) (G1 Evacuation Pause) 328M->132M(384M) 22.469ms
[2025-04-25T12:32:43.289+0000][49.271s][info ][gc,cpu      ] GC(59) User=0.08s Sys=0.00s Real=0.02s
[2025-04-25T12:32:43.289+0000][49.271s][info ][safepoint   ] Safepoint "G1CollectForAllocation", Time since last: 861779802 ns, Reaching safepoint: 71578 ns, Cleanup: 74590 ns, At safepoint: 22560506 ns, Total: 22706674 ns
[2025-04-25T12:32:43.313+0000][49.295s][debug][safepoint   ] Safepoint synchronization initiated using futex wait barrier. (59 threads)
[2025-04-25T12:32:43.313+0000][49.295s][info ][gc,start    ] GC(60) Pause Young (Mixed) (G1 Evacuation Pause)
[2025-04-25T12:32:43.313+0000][49.295s][info ][gc,task     ] GC(60) Using 4 workers of 4 for evacuation
[2025-04-25T12:32:43.338+0000][49.320s][info ][gc,phases   ] GC(60)   Pre Evacuate Collection Set: 0.1ms
[2025-04-25T12:32:43.338+0000][49.320s][info ][gc,phases   ] GC(60)   Merge Heap Roots: 0.2ms
[2025-04-25T12:32:43.338+0000][49.320s][info ][gc,phases   ] GC(60)   Evacuate Collection Set: 22.0ms
[2025-04-25T12:32:43.338+0000][49.320s][info ][gc,phases   ] GC(60)   Post Evacuate Collection Set: 1.9ms
[2025-04-25T12:32:43.338+0000][49.320s][info ][gc,phases   ] GC(60)   Other: 0.1ms
[2025-04-25T12:32:43.338+0000][49.320s][info ][gc,heap     ] GC(60) Eden regions: 4->0(194)
[2025-04-25T12:32:43.338+0000][49.320s][info ][gc,heap     ] GC(60) Survivor regions: 15->2(3)
[2025-04-25T12:32:43.338+0000][49.320s][info ][gc,heap     ] GC(60) Old regions: 117->130
[2025-04-25T12:32:43.338+0000][49.320s][info ][gc,heap     ] GC(60) Archive regions: 2->2
[2025-04-25T12:32:43.338+0000][49.320s][info ][gc,heap     ] GC(60) Humongous regions: 0->0
[2025-04-25T12:32:43.338+0000][49.320s][info ][gc,metaspace] GC(60) Metaspace: 143668K(144704K)->143668K(144704K) NonClass: 126120K(126656K)->126120K(126656K) Class: 17548K(18048K)->17548K(18048K)
[2025-04-25T12:32:43.338+0000][49.320s][info ][gc          ] GC(60) Pause Young (Mixed) (G1 Evacuation Pause) 136M->132M(384M) 24.518ms
[2025-04-25T12:32:43.338+0000][49.320s][info ][gc,cpu      ] GC(60) User=0.07s Sys=0.00s Real=0.03s
[2025-04-25T12:32:43.338+0000][49.320s][info ][safepoint   ] Safepoint "G1CollectForAllocation", Time since last: 24629323 ns, Reaching safepoint: 62746 ns, Cleanup: 4524 ns, At safepoint: 24610370 ns, Total: 24677640 ns
[2025-04-25T12:32:44.041+0000][50.023s][info ][cds,heap    ] initialize_from_archived_subgraph jdk.internal.math.FDBigInteger 0x00007dcd3714dd00
[2025-04-25T12:32:44.965+0000][50.947s][debug][safepoint   ] Safepoint synchronization initiated using futex wait barrier. (78 threads)
[2025-04-25T12:32:44.965+0000][50.947s][info ][safepoint   ] Safepoint "ICBufferFull", Time since last: 1626482588 ns, Reaching safepoint: 67271 ns, Cleanup: 100516 ns, At safepoint: 5658 ns, Total: 173445 ns
[2025-04-25T12:32:44.973+0000][50.955s][debug][safepoint   ] Safepoint synchronization initiated using futex wait barrier. (78 threads)
[2025-04-25T12:32:44.973+0000][50.955s][info ][gc,start    ] GC(61) Pause Young (Normal) (G1 Evacuation Pause)
[2025-04-25T12:32:44.973+0000][50.955s][info ][gc,task     ] GC(61) Using 4 workers of 4 for evacuation
[2025-04-25T12:32:44.991+0000][50.973s][info ][gc,phases   ] GC(61)   Pre Evacuate Collection Set: 0.1ms
[2025-04-25T12:32:44.991+0000][50.973s][info ][gc,phases   ] GC(61)   Merge Heap Roots: 0.3ms
[2025-04-25T12:32:44.991+0000][50.973s][info ][gc,phases   ] GC(61)   Evacuate Collection Set: 15.5ms
[2025-04-25T12:32:44.991+0000][50.973s][info ][gc,phases   ] GC(61)   Post Evacuate Collection Set: 1.8ms
[2025-04-25T12:32:44.991+0000][50.973s][info ][gc,phases   ] GC(61)   Other: 0.1ms
[2025-04-25T12:32:44.991+0000][50.973s][info ][gc,heap     ] GC(61) Eden regions: 194->0(194)
[2025-04-25T12:32:44.991+0000][50.973s][info ][gc,heap     ] GC(61) Survivor regions: 2->4(25)
[2025-04-25T12:32:44.991+0000][50.973s][info ][gc,heap     ] GC(61) Old regions: 130->130
[2025-04-25T12:32:44.991+0000][50.973s][info ][gc,heap     ] GC(61) Archive regions: 2->2
[2025-04-25T12:32:44.991+0000][50.973s][info ][gc,heap     ] GC(61) Humongous regions: 0->0
[2025-04-25T12:32:44.991+0000][50.973s][info ][gc,metaspace] GC(61) Metaspace: 149632K(150656K)->149632K(150656K) NonClass: 131391K(131904K)->131391K(131904K) Class: 18240K(18752K)->18240K(18752K)
[2025-04-25T12:32:44.991+0000][50.973s][info ][gc          ] GC(61) Pause Young (Normal) (G1 Evacuation Pause) 326M->133M(384M) 17.977ms
[2025-04-25T12:32:44.991+0000][50.973s][info ][gc,cpu      ] GC(61) User=0.05s Sys=0.00s Real=0.02s
[2025-04-25T12:32:44.991+0000][50.973s][info ][safepoint   ] Safepoint "G1CollectForAllocation", Time since last: 8559661 ns, Reaching safepoint: 92996 ns, Cleanup: 13906 ns, At safepoint: 18048601 ns, Total: 18155503 ns
[2025-04-25T12:32:46.045+0000][52.027s][debug][safepoint   ] Safepoint synchronization initiated using futex wait barrier. (78 threads)
[2025-04-25T12:32:46.047+0000][52.029s][info ][safepoint   ] Safepoint "Cleanup", Time since last: 1053600567 ns, Reaching safepoint: 2162213 ns, Cleanup: 42300 ns, At safepoint: 17382 ns, Total: 2221895 ns
[2025-04-25T12:32:46.392+0000][52.374s][debug][safepoint   ] Safepoint synchronization initiated using futex wait barrier. (78 threads)
[2025-04-25T12:32:46.392+0000][52.374s][info ][gc,start    ] GC(62) Pause Young (Normal) (G1 Evacuation Pause)
[2025-04-25T12:32:46.392+0000][52.374s][info ][gc,task     ] GC(62) Using 4 workers of 4 for evacuation
[2025-04-25T12:32:46.431+0000][52.413s][info ][gc,phases   ] GC(62)   Pre Evacuate Collection Set: 0.1ms
[2025-04-25T12:32:46.431+0000][52.413s][info ][gc,phases   ] GC(62)   Merge Heap Roots: 0.3ms
[2025-04-25T12:32:46.431+0000][52.413s][info ][gc,phases   ] GC(62)   Evacuate Collection Set: 34.9ms
[2025-04-25T12:32:46.431+0000][52.413s][info ][gc,phases   ] GC(62)   Post Evacuate Collection Set: 2.9ms
[2025-04-25T12:32:46.431+0000][52.413s][info ][gc,phases   ] GC(62)   Other: 0.1ms
[2025-04-25T12:32:46.431+0000][52.413s][info ][gc,heap     ] GC(62) Eden regions: 194->0(189)
[2025-04-25T12:32:46.431+0000][52.413s][info ][gc,heap     ] GC(62) Survivor regions: 4->9(25)
[2025-04-25T12:32:46.431+0000][52.413s][info ][gc,heap     ] GC(62) Old regions: 130->130
[2025-04-25T12:32:46.431+0000][52.413s][info ][gc,heap     ] GC(62) Archive regions: 2->2
[2025-04-25T12:32:46.431+0000][52.413s][info ][gc,heap     ] GC(62) Humongous regions: 0->0
[2025-04-25T12:32:46.431+0000][52.413s][info ][gc,metaspace] GC(62) Metaspace: 151708K(152768K)->151708K(152768K) NonClass: 133184K(133760K)->133184K(133760K) Class: 18523K(19008K)->18523K(19008K)
[2025-04-25T12:32:46.431+0000][52.413s][info ][gc          ] GC(62) Pause Young (Normal) (G1 Evacuation Pause) 327M->138M(384M) 38.515ms
[2025-04-25T12:32:46.431+0000][52.413s][info ][gc,cpu      ] GC(62) User=0.13s Sys=0.00s Real=0.04s
[2025-04-25T12:32:46.431+0000][52.413s][info ][safepoint   ] Safepoint "G1CollectForAllocation", Time since last: 344951535 ns, Reaching safepoint: 56698 ns, Cleanup: 47427 ns, At safepoint: 38998483 ns, Total: 39102608 ns
[2025-04-25T12:32:47.674+0000][53.656s][debug][safepoint   ] ... found polling page loop exception at pc = 0x00007dcda0f9ca0c, stub =0x00007dcda098e400
[2025-04-25T12:32:47.674+0000][53.656s][debug][safepoint   ] Safepoint synchronization initiated using futex wait barrier. (78 threads)
[2025-04-25T12:32:47.675+0000][53.657s][debug][safepoint   ] ... found polling page loop exception at pc = 0x00007dcda0f9ca8e, stub =0x00007dcda098e400
[2025-04-25T12:32:47.675+0000][53.657s][info ][safepoint   ] Safepoint "Cleanup", Time since last: 1243230144 ns, Reaching safepoint: 217962 ns, Cleanup: 70506 ns, At safepoint: 11118 ns, Total: 299586 ns
[2025-04-25T12:32:47.785+0000][53.767s][debug][safepoint   ] Safepoint synchronization initiated using futex wait barrier. (78 threads)
[2025-04-25T12:32:47.785+0000][53.767s][info ][gc,start    ] GC(63) Pause Young (Normal) (G1 Evacuation Pause)
[2025-04-25T12:32:47.785+0000][53.767s][info ][gc,task     ] GC(63) Using 4 workers of 4 for evacuation
[2025-04-25T12:32:47.807+0000][53.789s][info ][gc,phases   ] GC(63)   Pre Evacuate Collection Set: 0.1ms
[2025-04-25T12:32:47.807+0000][53.789s][info ][gc,phases   ] GC(63)   Merge Heap Roots: 0.1ms
[2025-04-25T12:32:47.807+0000][53.789s][info ][gc,phases   ] GC(63)   Evacuate Collection Set: 20.4ms
[2025-04-25T12:32:47.807+0000][53.789s][info ][gc,phases   ] GC(63)   Post Evacuate Collection Set: 1.6ms
[2025-04-25T12:32:47.807+0000][53.789s][info ][gc,phases   ] GC(63)   Other: 0.1ms
[2025-04-25T12:32:47.807+0000][53.789s][info ][gc,heap     ] GC(63) Eden regions: 189->0(184)
[2025-04-25T12:32:47.807+0000][53.789s][info ][gc,heap     ] GC(63) Survivor regions: 9->14(25)
[2025-04-25T12:32:47.807+0000][53.789s][info ][gc,heap     ] GC(63) Old regions: 130->130
[2025-04-25T12:32:47.807+0000][53.789s][info ][gc,heap     ] GC(63) Archive regions: 2->2
[2025-04-25T12:32:47.807+0000][53.789s][info ][gc,heap     ] GC(63) Humongous regions: 0->0
[2025-04-25T12:32:47.807+0000][53.789s][info ][gc,metaspace] GC(63) Metaspace: 154169K(155264K)->154169K(155264K) NonClass: 135261K(135808K)->135261K(135808K) Class: 18907K(19456K)->18907K(19456K)
[2025-04-25T12:32:47.807+0000][53.789s][info ][gc          ] GC(63) Pause Young (Normal) (G1 Evacuation Pause) 327M->143M(384M) 22.693ms
[2025-04-25T12:32:47.807+0000][53.789s][info ][gc,cpu      ] GC(63) User=0.08s Sys=0.00s Real=0.03s
[2025-04-25T12:32:47.807+0000][53.789s][info ][safepoint   ] Safepoint "G1CollectForAllocation", Time since last: 109788049 ns, Reaching safepoint: 52103 ns, Cleanup: 44721 ns, At safepoint: 22817841 ns, Total: 22914665 ns
[2025-04-25T12:32:48.834+0000][54.816s][debug][safepoint   ] Safepoint synchronization initiated using futex wait barrier. (78 threads)
[2025-04-25T12:32:48.835+0000][54.817s][info ][gc,start    ] GC(64) Pause Young (Normal) (G1 Evacuation Pause)
[2025-04-25T12:32:48.835+0000][54.817s][info ][gc,task     ] GC(64) Using 4 workers of 4 for evacuation
[2025-04-25T12:32:48.867+0000][54.849s][info ][gc,phases   ] GC(64)   Pre Evacuate Collection Set: 0.1ms
[2025-04-25T12:32:48.867+0000][54.849s][info ][gc,phases   ] GC(64)   Merge Heap Roots: 0.2ms
[2025-04-25T12:32:48.867+0000][54.849s][info ][gc,phases   ] GC(64)   Evacuate Collection Set: 27.6ms
[2025-04-25T12:32:48.867+0000][54.849s][info ][gc,phases   ] GC(64)   Post Evacuate Collection Set: 4.4ms
[2025-04-25T12:32:48.867+0000][54.849s][info ][gc,phases   ] GC(64)   Other: 0.1ms
[2025-04-25T12:32:48.867+0000][54.849s][info ][gc,heap     ] GC(64) Eden regions: 184->0(180)
[2025-04-25T12:32:48.867+0000][54.849s][info ][gc,heap     ] GC(64) Survivor regions: 14->15(25)
[2025-04-25T12:32:48.867+0000][54.849s][info ][gc,heap     ] GC(64) Old regions: 130->133
[2025-04-25T12:32:48.867+0000][54.849s][info ][gc,heap     ] GC(64) Archive regions: 2->2
[2025-04-25T12:32:48.867+0000][54.849s][info ][gc,heap     ] GC(64) Humongous regions: 0->0
[2025-04-25T12:32:48.867+0000][54.849s][info ][gc,metaspace] GC(64) Metaspace: 156044K(157056K)->156044K(157056K) NonClass: 136890K(137408K)->136890K(137408K) Class: 19154K(19648K)->19154K(19648K)
[2025-04-25T12:32:48.867+0000][54.849s][info ][gc          ] GC(64) Pause Young (Normal) (G1 Evacuation Pause) 327M->148M(384M) 32.499ms
[2025-04-25T12:32:48.867+0000][54.849s][info ][gc,cpu      ] GC(64) User=0.12s Sys=0.00s Real=0.04s
[2025-04-25T12:32:48.867+0000][54.849s][info ][safepoint   ] Safepoint "G1CollectForAllocation", Time since last: 1026835125 ns, Reaching safepoint: 53718 ns, Cleanup: 95731 ns, At safepoint: 32620351 ns, Total: 32769800 ns
[2025-04-25T12:32:49.818+0000][55.800s][debug][safepoint   ] Safepoint synchronization initiated using futex wait barrier. (82 threads)
[2025-04-25T12:32:49.818+0000][55.800s][info ][gc,start    ] GC(65) Pause Young (Normal) (G1 Evacuation Pause)
[2025-04-25T12:32:49.818+0000][55.800s][info ][gc,task     ] GC(65) Using 4 workers of 4 for evacuation
[2025-04-25T12:32:49.845+0000][55.827s][info ][gc,phases   ] GC(65)   Pre Evacuate Collection Set: 0.2ms
[2025-04-25T12:32:49.845+0000][55.827s][info ][gc,phases   ] GC(65)   Merge Heap Roots: 0.3ms
[2025-04-25T12:32:49.845+0000][55.827s][info ][gc,phases   ] GC(65)   Evacuate Collection Set: 24.3ms
[2025-04-25T12:32:49.845+0000][55.827s][info ][gc,phases   ] GC(65)   Post Evacuate Collection Set: 1.8ms
[2025-04-25T12:32:49.845+0000][55.827s][info ][gc,phases   ] GC(65)   Other: 0.1ms
[2025-04-25T12:32:49.845+0000][55.827s][info ][gc,heap     ] GC(65) Eden regions: 180->0(178)
[2025-04-25T12:32:49.845+0000][55.827s][info ][gc,heap     ] GC(65) Survivor regions: 15->13(25)
[2025-04-25T12:32:49.845+0000][55.827s][info ][gc,heap     ] GC(65) Old regions: 133->138
[2025-04-25T12:32:49.845+0000][55.827s][info ][gc,heap     ] GC(65) Archive regions: 2->2
[2025-04-25T12:32:49.845+0000][55.827s][info ][gc,heap     ] GC(65) Humongous regions: 0->0
[2025-04-25T12:32:49.845+0000][55.827s][info ][gc,metaspace] GC(65) Metaspace: 158139K(159232K)->158139K(159232K) NonClass: 138623K(139200K)->138623K(139200K) Class: 19515K(20032K)->19515K(20032K)
[2025-04-25T12:32:49.845+0000][55.827s][info ][gc          ] GC(65) Pause Young (Normal) (G1 Evacuation Pause) 328M->151M(384M) 26.887ms
[2025-04-25T12:32:49.845+0000][55.827s][info ][gc,cpu      ] GC(65) User=0.09s Sys=0.00s Real=0.02s
[2025-04-25T12:32:49.845+0000][55.827s][info ][safepoint   ] Safepoint "G1CollectForAllocation", Time since last: 950488596 ns, Reaching safepoint: 69375 ns, Cleanup: 106696 ns, At safepoint: 27255588 ns, Total: 27431659 ns
[2025-04-25T12:32:50.514+0000][56.496s][debug][safepoint   ] Safepoint synchronization initiated using futex wait barrier. (114 threads)
[2025-04-25T12:32:50.514+0000][56.496s][debug][safepoint   ] ... found polling page loop exception at pc = 0x00007dcda16f6fdd, stub =0x00007dcda098e400
[2025-04-25T12:32:50.514+0000][56.496s][info ][safepoint   ] Safepoint "ICBufferFull", Time since last: 668778050 ns, Reaching safepoint: 134929 ns, Cleanup: 247085 ns, At safepoint: 17347 ns, Total: 399361 ns
[2025-04-25T12:32:50.751+0000][56.733s][debug][safepoint   ] Safepoint synchronization initiated using futex wait barrier. (116 threads)
[2025-04-25T12:32:50.751+0000][56.733s][info ][gc,start    ] GC(66) Pause Young (Normal) (G1 Evacuation Pause)
[2025-04-25T12:32:50.751+0000][56.733s][info ][gc,task     ] GC(66) Using 4 workers of 4 for evacuation
[2025-04-25T12:32:50.790+0000][56.772s][info ][gc,phases   ] GC(66)   Pre Evacuate Collection Set: 0.1ms
[2025-04-25T12:32:50.790+0000][56.772s][info ][gc,phases   ] GC(66)   Merge Heap Roots: 0.2ms
[2025-04-25T12:32:50.790+0000][56.772s][info ][gc,phases   ] GC(66)   Evacuate Collection Set: 36.7ms
[2025-04-25T12:32:50.791+0000][56.773s][info ][gc,phases   ] GC(66)   Post Evacuate Collection Set: 2.0ms
[2025-04-25T12:32:50.791+0000][56.773s][info ][gc,phases   ] GC(66)   Other: 0.2ms
[2025-04-25T12:32:50.791+0000][56.773s][info ][gc,heap     ] GC(66) Eden regions: 178->0(158)
[2025-04-25T12:32:50.791+0000][56.773s][info ][gc,heap     ] GC(66) Survivor regions: 13->21(24)
[2025-04-25T12:32:50.791+0000][56.773s][info ][gc,heap     ] GC(66) Old regions: 138->143
[2025-04-25T12:32:50.791+0000][56.773s][info ][gc,heap     ] GC(66) Archive regions: 2->2
[2025-04-25T12:32:50.791+0000][56.773s][info ][gc,heap     ] GC(66) Humongous regions: 0->0
[2025-04-25T12:32:50.791+0000][56.773s][info ][gc,metaspace] GC(66) Metaspace: 162426K(163584K)->162426K(163584K) NonClass: 142399K(143040K)->142399K(143040K) Class: 20027K(20544K)->20027K(20544K)
[2025-04-25T12:32:50.791+0000][56.773s][info ][gc          ] GC(66) Pause Young (Normal) (G1 Evacuation Pause) 329M->164M(384M) 39.778ms
[2025-04-25T12:32:50.791+0000][56.773s][info ][gc,cpu      ] GC(66) User=0.14s Sys=0.00s Real=0.04s
[2025-04-25T12:32:50.791+0000][56.773s][info ][safepoint   ] Safepoint "G1CollectForAllocation", Time since last: 236719217 ns, Reaching safepoint: 170924 ns, Cleanup: 17474 ns, At safepoint: 39991923 ns, Total: 40180321 ns
[2025-04-25T12:32:51.320+0000][57.302s][debug][safepoint   ] Safepoint synchronization initiated using futex wait barrier. (184 threads)
[2025-04-25T12:32:51.322+0000][57.304s][info ][safepoint   ] Safepoint "ICBufferFull", Time since last: 529374031 ns, Reaching safepoint: 1129599 ns, Cleanup: 178550 ns, At safepoint: 39235 ns, Total: 1347384 ns
[2025-04-25T12:32:51.607+0000][57.589s][debug][safepoint   ] Safepoint synchronization initiated using futex wait barrier. (189 threads)
[2025-04-25T12:32:51.607+0000][57.589s][info ][gc,start    ] GC(67) Pause Young (Normal) (G1 Evacuation Pause)
[2025-04-25T12:32:51.607+0000][57.589s][info ][gc,task     ] GC(67) Using 4 workers of 4 for evacuation
[2025-04-25T12:32:51.645+0000][57.627s][info ][gc,phases   ] GC(67)   Pre Evacuate Collection Set: 0.1ms
[2025-04-25T12:32:51.645+0000][57.627s][info ][gc,phases   ] GC(67)   Merge Heap Roots: 0.2ms
[2025-04-25T12:32:51.645+0000][57.627s][info ][gc,phases   ] GC(67)   Evacuate Collection Set: 30.0ms
[2025-04-25T12:32:51.646+0000][57.628s][info ][gc,phases   ] GC(67)   Post Evacuate Collection Set: 7.6ms
[2025-04-25T12:32:51.646+0000][57.628s][info ][gc,phases   ] GC(67)   Other: 0.2ms
[2025-04-25T12:32:51.646+0000][57.628s][info ][gc,heap     ] GC(67) Eden regions: 158->0(532)
[2025-04-25T12:32:51.646+0000][57.628s][info ][gc,heap     ] GC(67) Survivor regions: 21->6(23)
[2025-04-25T12:32:51.646+0000][57.628s][info ][gc,heap     ] GC(67) Old regions: 143->154
[2025-04-25T12:32:51.646+0000][57.628s][info ][gc,heap     ] GC(67) Archive regions: 2->2
[2025-04-25T12:32:51.646+0000][57.628s][info ][gc,heap     ] GC(67) Humongous regions: 0->0
[2025-04-25T12:32:51.646+0000][57.628s][info ][gc,metaspace] GC(67) Metaspace: 166781K(168000K)->166781K(168000K) NonClass: 146227K(146880K)->146227K(146880K) Class: 20554K(21120K)->20554K(21120K)
[2025-04-25T12:32:51.646+0000][57.628s][info ][gc          ] GC(67) Pause Young (Normal) (G1 Evacuation Pause) 322M->160M(898M) 39.494ms
[2025-04-25T12:32:51.646+0000][57.628s][info ][gc,cpu      ] GC(67) User=0.11s Sys=0.00s Real=0.04s
[2025-04-25T12:32:51.647+0000][57.629s][info ][safepoint   ] Safepoint "G1CollectForAllocation", Time since last: 284746156 ns, Reaching safepoint: 240468 ns, Cleanup: 92642 ns, At safepoint: 39948631 ns, Total: 40281741 ns
[2025-04-25T12:32:52.535+0000][58.517s][debug][safepoint   ] Safepoint synchronization initiated using futex wait barrier. (191 threads)
[2025-04-25T12:32:52.536+0000][58.518s][info ][safepoint   ] Safepoint "ICBufferFull", Time since last: 888605953 ns, Reaching safepoint: 102681 ns, Cleanup: 148303 ns, At safepoint: 84212 ns, Total: 335196 ns
[2025-04-25T12:32:53.304+0000][59.286s][debug][safepoint   ] Safepoint synchronization initiated using futex wait barrier. (201 threads)
[2025-04-25T12:32:53.305+0000][59.287s][info ][safepoint   ] Safepoint "ICBufferFull", Time since last: 768626865 ns, Reaching safepoint: 225833 ns, Cleanup: 190220 ns, At safepoint: 9677 ns, Total: 425730 ns
[2025-04-25T12:32:54.232+0000][60.214s][debug][safepoint   ] Safepoint synchronization initiated using futex wait barrier. (204 threads)
[2025-04-25T12:32:54.233+0000][60.215s][info ][safepoint   ] Safepoint "ICBufferFull", Time since last: 927187601 ns, Reaching safepoint: 276927 ns, Cleanup: 211288 ns, At safepoint: 56719 ns, Total: 544934 ns
[2025-04-25T12:32:55.211+0000][61.193s][debug][safepoint   ] Safepoint synchronization initiated using futex wait barrier. (216 threads)
[2025-04-25T12:32:55.212+0000][61.194s][info ][safepoint   ] Safepoint "ICBufferFull", Time since last: 978797908 ns, Reaching safepoint: 695271 ns, Cleanup: 155002 ns, At safepoint: 22255 ns, Total: 872528 ns
[2025-04-25T12:32:55.425+0000][61.407s][debug][safepoint   ] Safepoint synchronization initiated using futex wait barrier. (224 threads)
[2025-04-25T12:32:55.426+0000][61.408s][info ][gc,start    ] GC(68) Pause Young (Normal) (G1 Evacuation Pause)
[2025-04-25T12:32:55.426+0000][61.408s][info ][gc,task     ] GC(68) Using 4 workers of 4 for evacuation
[2025-04-25T12:32:55.454+0000][61.436s][info ][gc,phases   ] GC(68)   Pre Evacuate Collection Set: 0.2ms
[2025-04-25T12:32:55.454+0000][61.436s][info ][gc,phases   ] GC(68)   Merge Heap Roots: 0.2ms
[2025-04-25T12:32:55.454+0000][61.436s][info ][gc,phases   ] GC(68)   Evacuate Collection Set: 24.8ms
[2025-04-25T12:32:55.454+0000][61.436s][info ][gc,phases   ] GC(68)   Post Evacuate Collection Set: 1.9ms
[2025-04-25T12:32:55.454+0000][61.436s][info ][gc,phases   ] GC(68)   Other: 1.2ms
[2025-04-25T12:32:55.454+0000][61.436s][info ][gc,heap     ] GC(68) Eden regions: 532->0(519)
[2025-04-25T12:32:55.454+0000][61.436s][info ][gc,heap     ] GC(68) Survivor regions: 6->19(68)
[2025-04-25T12:32:55.454+0000][61.436s][info ][gc,heap     ] GC(68) Old regions: 154->154
[2025-04-25T12:32:55.454+0000][61.436s][info ][gc,heap     ] GC(68) Archive regions: 2->2
[2025-04-25T12:32:55.454+0000][61.436s][info ][gc,heap     ] GC(68) Humongous regions: 0->0
[2025-04-25T12:32:55.454+0000][61.436s][info ][gc,metaspace] GC(68) Metaspace: 176108K(177408K)->176108K(177408K) NonClass: 154458K(155136K)->154458K(155136K) Class: 21649K(22272K)->21649K(22272K)
[2025-04-25T12:32:55.454+0000][61.436s][info ][gc          ] GC(68) Pause Young (Normal) (G1 Evacuation Pause) 692M->173M(898M) 28.381ms
[2025-04-25T12:32:55.454+0000][61.436s][info ][gc,cpu      ] GC(68) User=0.09s Sys=0.00s Real=0.02s
[2025-04-25T12:32:55.454+0000][61.436s][info ][safepoint   ] Safepoint "G1CollectForAllocation", Time since last: 212757770 ns, Reaching safepoint: 668184 ns, Cleanup: 145967 ns, At safepoint: 28661405 ns, Total: 29475556 ns
[2025-04-25T12:32:56.523+0000][62.505s][debug][safepoint   ] Safepoint synchronization initiated using futex wait barrier. (230 threads)
[2025-04-25T12:32:56.523+0000][62.505s][info ][safepoint   ] Safepoint "Cleanup", Time since last: 1068355044 ns, Reaching safepoint: 71475 ns, Cleanup: 43447 ns, At safepoint: 5507 ns, Total: 120429 ns
[2025-04-25T12:32:57.523+0000][63.505s][debug][safepoint   ] Safepoint synchronization initiated using futex wait barrier. (230 threads)
[2025-04-25T12:32:57.523+0000][63.505s][info ][safepoint   ] Safepoint "Cleanup", Time since last: 1000116605 ns, Reaching safepoint: 66417 ns, Cleanup: 19487 ns, At safepoint: 5643 ns, Total: 91547 ns
[2025-04-25T12:32:59.154+0000][65.136s][debug][safepoint   ] Safepoint synchronization initiated using futex wait barrier. (234 threads)
[2025-04-25T12:32:59.155+0000][65.137s][info ][safepoint   ] Safepoint "Cleanup", Time since last: 1631172135 ns, Reaching safepoint: 118837 ns, Cleanup: 135701 ns, At safepoint: 28247 ns, Total: 282785 ns
[2025-04-25T12:33:00.155+0000][66.137s][debug][safepoint   ] Safepoint synchronization initiated using futex wait barrier. (233 threads)
[2025-04-25T12:33:00.155+0000][66.137s][info ][safepoint   ] Safepoint "Cleanup", Time since last: 1000173802 ns, Reaching safepoint: 471600 ns, Cleanup: 126688 ns, At safepoint: 30751 ns, Total: 629039 ns
[2025-04-25T12:33:01.156+0000][67.138s][debug][safepoint   ] Safepoint synchronization initiated using futex wait barrier. (233 threads)
[2025-04-25T12:33:01.156+0000][67.138s][info ][safepoint   ] Safepoint "Cleanup", Time since last: 1000183263 ns, Reaching safepoint: 57955 ns, Cleanup: 19377 ns, At safepoint: 5163 ns, Total: 82495 ns
[2025-04-25T12:33:02.156+0000][68.138s][debug][safepoint   ] Safepoint synchronization initiated using futex wait barrier. (233 threads)
[2025-04-25T12:33:02.156+0000][68.138s][info ][safepoint   ] Safepoint "Cleanup", Time since last: 1000153841 ns, Reaching safepoint: 201469 ns, Cleanup: 44115 ns, At safepoint: 27115 ns, Total: 272699 ns
[2025-04-25T12:33:03.156+0000][69.138s][debug][safepoint   ] Safepoint synchronization initiated using futex wait barrier. (233 threads)
[2025-04-25T12:33:03.157+0000][69.139s][info ][safepoint   ] Safepoint "Cleanup", Time since last: 1000140647 ns, Reaching safepoint: 329307 ns, Cleanup: 21696 ns, At safepoint: 7192 ns, Total: 358195 ns
[2025-04-25T12:33:04.157+0000][70.139s][debug][safepoint   ] Safepoint synchronization initiated using futex wait barrier. (233 threads)
[2025-04-25T12:33:04.157+0000][70.139s][info ][safepoint   ] Safepoint "Cleanup", Time since last: 1000158500 ns, Reaching safepoint: 234912 ns, Cleanup: 58033 ns, At safepoint: 25475 ns, Total: 318420 ns
[2025-04-25T12:33:05.157+0000][71.139s][debug][safepoint   ] Safepoint synchronization initiated using futex wait barrier. (233 threads)
[2025-04-25T12:33:05.158+0000][71.140s][info ][safepoint   ] Safepoint "Cleanup", Time since last: 1000304830 ns, Reaching safepoint: 270784 ns, Cleanup: 89222 ns, At safepoint: 47277 ns, Total: 407283 ns
[2025-04-25T12:33:06.158+0000][72.140s][debug][safepoint   ] Safepoint synchronization initiated using futex wait barrier. (233 threads)
[2025-04-25T12:33:06.159+0000][72.141s][info ][safepoint   ] Safepoint "Cleanup", Time since last: 1000323880 ns, Reaching safepoint: 601980 ns, Cleanup: 129283 ns, At safepoint: 31858 ns, Total: 763121 ns
[2025-04-25T12:33:08.040+0000][74.022s][debug][safepoint   ] Safepoint synchronization initiated using futex wait barrier. (233 threads)
[2025-04-25T12:33:08.041+0000][74.023s][info ][safepoint   ] Safepoint "Cleanup", Time since last: 1880768283 ns, Reaching safepoint: 428962 ns, Cleanup: 776833 ns, At safepoint: 157153 ns, Total: 1362948 ns
[2025-04-25T12:33:09.042+0000][75.024s][debug][safepoint   ] Safepoint synchronization initiated using futex wait barrier. (233 threads)
[2025-04-25T12:33:09.042+0000][75.024s][info ][safepoint   ] Safepoint "Cleanup", Time since last: 1000906271 ns, Reaching safepoint: 285699 ns, Cleanup: 45659 ns, At safepoint: 36334 ns, Total: 367692 ns
[2025-04-25T12:33:10.043+0000][76.025s][debug][safepoint   ] Safepoint synchronization initiated using futex wait barrier. (233 threads)
[2025-04-25T12:33:10.043+0000][76.025s][info ][safepoint   ] Safepoint "Cleanup", Time since last: 1000357853 ns, Reaching safepoint: 302217 ns, Cleanup: 40065 ns, At safepoint: 20956 ns, Total: 363238 ns
[2025-04-25T12:33:11.043+0000][77.025s][debug][safepoint   ] Safepoint synchronization initiated using futex wait barrier. (233 threads)
[2025-04-25T12:33:11.043+0000][77.025s][info ][safepoint   ] Safepoint "Cleanup", Time since last: 1000159270 ns, Reaching safepoint: 70917 ns, Cleanup: 11537 ns, At safepoint: 7714 ns, Total: 90168 ns
[2025-04-25T12:33:12.043+0000][78.025s][debug][safepoint   ] Safepoint synchronization initiated using futex wait barrier. (233 threads)
[2025-04-25T12:33:12.044+0000][78.026s][info ][safepoint   ] Safepoint "Cleanup", Time since last: 1000185983 ns, Reaching safepoint: 217393 ns, Cleanup: 62872 ns, At safepoint: 25506 ns, Total: 305771 ns
[2025-04-25T12:33:13.044+0000][79.026s][debug][safepoint   ] Safepoint synchronization initiated using futex wait barrier. (233 threads)
[2025-04-25T12:33:13.044+0000][79.026s][info ][safepoint   ] Safepoint "Cleanup", Time since last: 1000253310 ns, Reaching safepoint: 112175 ns, Cleanup: 34448 ns, At safepoint: 10412 ns, Total: 157035 ns
[2025-04-25T12:33:14.044+0000][80.026s][debug][safepoint   ] Safepoint synchronization initiated using futex wait barrier. (233 threads)
[2025-04-25T12:33:14.045+0000][80.027s][info ][safepoint   ] Safepoint "Cleanup", Time since last: 1000173030 ns, Reaching safepoint: 199629 ns, Cleanup: 81746 ns, At safepoint: 58286 ns, Total: 339661 ns
[2025-04-25T12:33:15.045+0000][81.027s][debug][safepoint   ] Safepoint synchronization initiated using futex wait barrier. (233 threads)
[2025-04-25T12:33:15.045+0000][81.027s][info ][safepoint   ] Safepoint "Cleanup", Time since last: 1000232417 ns, Reaching safepoint: 249877 ns, Cleanup: 95241 ns, At safepoint: 22497 ns, Total: 367615 ns
[2025-04-25T12:33:16.046+0000][82.028s][debug][safepoint   ] Safepoint synchronization initiated using futex wait barrier. (233 threads)
[2025-04-25T12:33:16.046+0000][82.028s][info ][safepoint   ] Safepoint "Cleanup", Time since last: 1000235688 ns, Reaching safepoint: 304920 ns, Cleanup: 26896 ns, At safepoint: 9880 ns, Total: 341696 ns
[2025-04-25T12:33:17.046+0000][83.028s][debug][safepoint   ] Safepoint synchronization initiated using futex wait barrier. (233 threads)
[2025-04-25T12:33:17.047+0000][83.029s][info ][safepoint   ] Safepoint "Cleanup", Time since last: 1000225528 ns, Reaching safepoint: 486113 ns, Cleanup: 66198 ns, At safepoint: 116831 ns, Total: 669142 ns
[2025-04-25T12:33:18.047+0000][84.029s][debug][safepoint   ] Safepoint synchronization initiated using futex wait barrier. (233 threads)
[2025-04-25T12:33:18.047+0000][84.029s][info ][safepoint   ] Safepoint "Cleanup", Time since last: 1000188973 ns, Reaching safepoint: 123207 ns, Cleanup: 27439 ns, At safepoint: 9016 ns, Total: 159662 ns
[2025-04-25T12:33:19.047+0000][85.029s][debug][safepoint   ] Safepoint synchronization initiated using futex wait barrier. (233 threads)
[2025-04-25T12:33:19.047+0000][85.029s][info ][safepoint   ] Safepoint "Cleanup", Time since last: 1000116851 ns, Reaching safepoint: 66801 ns, Cleanup: 9389 ns, At safepoint: 13062 ns, Total: 89252 ns
[2025-04-25T12:33:20.048+0000][86.030s][debug][safepoint   ] Safepoint synchronization initiated using futex wait barrier. (233 threads)
[2025-04-25T12:33:20.048+0000][86.030s][info ][safepoint   ] Safepoint "Cleanup", Time since last: 1000516182 ns, Reaching safepoint: 240119 ns, Cleanup: 55964 ns, At safepoint: 27415 ns, Total: 323498 ns
[2025-04-25T12:33:21.049+0000][87.031s][debug][safepoint   ] Safepoint synchronization initiated using futex wait barrier. (233 threads)
[2025-04-25T12:33:21.049+0000][87.031s][info ][safepoint   ] Safepoint "Cleanup", Time since last: 1000363203 ns, Reaching safepoint: 304786 ns, Cleanup: 111046 ns, At safepoint: 35232 ns, Total: 451064 ns
[2025-04-25T12:33:22.995+0000][88.977s][debug][safepoint   ] Safepoint synchronization initiated using futex wait barrier. (233 threads)
[2025-04-25T12:33:22.996+0000][88.978s][info ][safepoint   ] Safepoint "Cleanup", Time since last: 1946378856 ns, Reaching safepoint: 135428 ns, Cleanup: 98886 ns, At safepoint: 14124 ns, Total: 248438 ns
[2025-04-25T12:33:23.349+0000][89.331s][debug][safepoint   ] ... found polling page loop exception at pc = 0x00007dcda0fe53c0, stub =0x00007dcda098e400
[2025-04-25T12:33:23.885+0000][89.867s][debug][safepoint   ] Safepoint synchronization initiated using futex wait barrier. (233 threads)
[2025-04-25T12:33:23.885+0000][89.867s][info ][safepoint   ] Safepoint "ICBufferFull", Time since last: 889220526 ns, Reaching safepoint: 230103 ns, Cleanup: 171505 ns, At safepoint: 30501 ns, Total: 432109 ns
[2025-04-25T12:33:24.891+0000][90.873s][debug][safepoint   ] Safepoint synchronization initiated using futex wait barrier. (234 threads)
[2025-04-25T12:33:24.892+0000][90.874s][info ][safepoint   ] Safepoint "Cleanup", Time since last: 1005585912 ns, Reaching safepoint: 348604 ns, Cleanup: 139928 ns, At safepoint: 501424 ns, Total: 989956 ns
[2025-04-25T12:33:25.892+0000][91.874s][debug][safepoint   ] Safepoint synchronization initiated using futex wait barrier. (236 threads)
[2025-04-25T12:33:25.894+0000][91.876s][info ][safepoint   ] Safepoint "Cleanup", Time since last: 1000146112 ns, Reaching safepoint: 1492915 ns, Cleanup: 127050 ns, At safepoint: 39620 ns, Total: 1659585 ns
[2025-04-25T12:33:27.069+0000][93.051s][debug][safepoint   ] Safepoint synchronization initiated using futex wait barrier. (241 threads)
[2025-04-25T12:33:27.070+0000][93.052s][info ][safepoint   ] Safepoint "ICBufferFull", Time since last: 1175727425 ns, Reaching safepoint: 247769 ns, Cleanup: 147487 ns, At safepoint: 26626 ns, Total: 421882 ns
[2025-04-25T12:33:28.070+0000][94.052s][debug][safepoint   ] Safepoint synchronization initiated using futex wait barrier. (241 threads)
[2025-04-25T12:33:28.072+0000][94.054s][info ][safepoint   ] Safepoint "Cleanup", Time since last: 1000483843 ns, Reaching safepoint: 1416127 ns, Cleanup: 133521 ns, At safepoint: 26851 ns, Total: 1576499 ns
[2025-04-25T12:33:29.072+0000][95.054s][debug][safepoint   ] Safepoint synchronization initiated using futex wait barrier. (242 threads)
[2025-04-25T12:33:29.073+0000][95.055s][info ][safepoint   ] Safepoint "Cleanup", Time since last: 1000236644 ns, Reaching safepoint: 806714 ns, Cleanup: 46496 ns, At safepoint: 21553 ns, Total: 874763 ns
[2025-04-25T12:33:29.744+0000][95.726s][debug][safepoint   ] Safepoint synchronization initiated using futex wait barrier. (242 threads)
[2025-04-25T12:33:29.744+0000][95.726s][info ][gc,start    ] GC(69) Pause Young (Normal) (G1 Evacuation Pause)
[2025-04-25T12:33:29.744+0000][95.726s][info ][gc,task     ] GC(69) Using 4 workers of 4 for evacuation
[2025-04-25T12:33:29.804+0000][95.786s][info ][gc,phases   ] GC(69)   Pre Evacuate Collection Set: 0.7ms
[2025-04-25T12:33:29.804+0000][95.786s][info ][gc,phases   ] GC(69)   Merge Heap Roots: 0.7ms
[2025-04-25T12:33:29.804+0000][95.786s][info ][gc,phases   ] GC(69)   Evacuate Collection Set: 54.7ms
[2025-04-25T12:33:29.804+0000][95.786s][info ][gc,phases   ] GC(69)   Post Evacuate Collection Set: 2.5ms
[2025-04-25T12:33:29.804+0000][95.786s][info ][gc,phases   ] GC(69)   Other: 0.6ms
[2025-04-25T12:33:29.804+0000][95.786s][info ][gc,heap     ] GC(69) Eden regions: 519->0(507)
[2025-04-25T12:33:29.804+0000][95.786s][info ][gc,heap     ] GC(69) Survivor regions: 19->31(68)
[2025-04-25T12:33:29.804+0000][95.786s][info ][gc,heap     ] GC(69) Old regions: 154->154
[2025-04-25T12:33:29.804+0000][95.786s][info ][gc,heap     ] GC(69) Archive regions: 2->2
[2025-04-25T12:33:29.804+0000][95.786s][info ][gc,heap     ] GC(69) Humongous regions: 16->0
[2025-04-25T12:33:29.804+0000][95.786s][info ][gc,metaspace] GC(69) Metaspace: 184551K(185920K)->184551K(185920K) NonClass: 161981K(162688K)->161981K(162688K) Class: 22569K(23232K)->22569K(23232K)
[2025-04-25T12:33:29.804+0000][95.786s][info ][gc          ] GC(69) Pause Young (Normal) (G1 Evacuation Pause) 708M->185M(898M) 59.273ms
[2025-04-25T12:33:29.804+0000][95.786s][info ][gc,cpu      ] GC(69) User=0.20s Sys=0.00s Real=0.06s
[2025-04-25T12:33:29.804+0000][95.786s][info ][safepoint   ] Safepoint "G1CollectForAllocation", Time since last: 671104052 ns, Reaching safepoint: 167535 ns, Cleanup: 48402 ns, At safepoint: 59675185 ns, Total: 59891122 ns
[2025-04-25T12:33:30.804+0000][96.786s][debug][safepoint   ] Safepoint synchronization initiated using futex wait barrier. (241 threads)
[2025-04-25T12:33:30.804+0000][96.786s][info ][safepoint   ] Safepoint "Cleanup", Time since last: 1000167631 ns, Reaching safepoint: 239403 ns, Cleanup: 107146 ns, At safepoint: 30044 ns, Total: 376593 ns
[2025-04-25T12:33:31.805+0000][97.787s][debug][safepoint   ] Safepoint synchronization initiated using futex wait barrier. (241 threads)
[2025-04-25T12:33:31.805+0000][97.787s][info ][safepoint   ] Safepoint "Cleanup", Time since last: 1000209402 ns, Reaching safepoint: 253683 ns, Cleanup: 81829 ns, At safepoint: 33715 ns, Total: 369227 ns
[2025-04-25T12:33:32.805+0000][98.787s][debug][safepoint   ] Safepoint synchronization initiated using futex wait barrier. (241 threads)
[2025-04-25T12:33:32.805+0000][98.787s][info ][safepoint   ] Safepoint "Cleanup", Time since last: 1000265768 ns, Reaching safepoint: 105299 ns, Cleanup: 28745 ns, At safepoint: 16445 ns, Total: 150489 ns
[2025-04-25T12:33:33.806+0000][99.788s][debug][safepoint   ] Safepoint synchronization initiated using futex wait barrier. (241 threads)
[2025-04-25T12:33:33.806+0000][99.788s][info ][safepoint   ] Safepoint "Cleanup", Time since last: 1000110566 ns, Reaching safepoint: 74612 ns, Cleanup: 13365 ns, At safepoint: 6500 ns, Total: 94477 ns
[2025-04-25T12:33:34.806+0000][100.788s][debug][safepoint   ] Safepoint synchronization initiated using futex wait barrier. (241 threads)
[2025-04-25T12:33:34.806+0000][100.788s][info ][safepoint   ] Safepoint "Cleanup", Time since last: 1000087485 ns, Reaching safepoint: 97710 ns, Cleanup: 22686 ns, At safepoint: 7849 ns, Total: 128245 ns
[2025-04-25T12:33:35.806+0000][101.788s][debug][safepoint   ] Safepoint synchronization initiated using futex wait barrier. (241 threads)
[2025-04-25T12:33:35.807+0000][101.789s][info ][safepoint   ] Safepoint "Cleanup", Time since last: 1000122871 ns, Reaching safepoint: 598641 ns, Cleanup: 81611 ns, At safepoint: 60537 ns, Total: 740789 ns
[2025-04-25T12:33:37.807+0000][103.789s][debug][safepoint   ] Safepoint synchronization initiated using futex wait barrier. (241 threads)
[2025-04-25T12:33:37.807+0000][103.789s][info ][safepoint   ] Safepoint "Cleanup", Time since last: 2000456627 ns, Reaching safepoint: 62995 ns, Cleanup: 25842 ns, At safepoint: 9596 ns, Total: 98433 ns
[2025-04-25T12:33:38.807+0000][104.789s][debug][safepoint   ] Safepoint synchronization initiated using futex wait barrier. (241 threads)
[2025-04-25T12:33:38.808+0000][104.790s][info ][safepoint   ] Safepoint "Cleanup", Time since last: 1000122093 ns, Reaching safepoint: 62515 ns, Cleanup: 15011 ns, At safepoint: 7940 ns, Total: 85466 ns
[2025-04-25T12:33:39.808+0000][105.790s][debug][safepoint   ] Safepoint synchronization initiated using futex wait barrier. (241 threads)
[2025-04-25T12:33:39.808+0000][105.790s][info ][safepoint   ] Safepoint "Cleanup", Time since last: 1000125184 ns, Reaching safepoint: 116156 ns, Cleanup: 12330 ns, At safepoint: 11626 ns, Total: 140112 ns
[2025-04-25T12:33:40.808+0000][106.790s][debug][safepoint   ] Safepoint synchronization initiated using futex wait barrier. (241 threads)
[2025-04-25T12:33:40.809+0000][106.791s][info ][safepoint   ] Safepoint "Cleanup", Time since last: 1000143406 ns, Reaching safepoint: 362469 ns, Cleanup: 207632 ns, At safepoint: 31719 ns, Total: 601820 ns
[2025-04-25T12:33:41.809+0000][107.791s][debug][safepoint   ] Safepoint synchronization initiated using futex wait barrier. (241 threads)
[2025-04-25T12:33:41.809+0000][107.791s][info ][safepoint   ] Safepoint "Cleanup", Time since last: 1000152309 ns, Reaching safepoint: 96930 ns, Cleanup: 31543 ns, At safepoint: 7261 ns, Total: 135734 ns
[2025-04-25T12:33:42.809+0000][108.791s][debug][safepoint   ] Safepoint synchronization initiated using futex wait barrier. (241 threads)
[2025-04-25T12:33:42.809+0000][108.791s][info ][safepoint   ] Safepoint "Cleanup", Time since last: 1000232685 ns, Reaching safepoint: 193939 ns, Cleanup: 113677 ns, At safepoint: 23032 ns, Total: 330648 ns
[2025-04-25T12:33:43.810+0000][109.792s][debug][safepoint   ] Safepoint synchronization initiated using futex wait barrier. (241 threads)
[2025-04-25T12:33:43.810+0000][109.792s][info ][safepoint   ] Safepoint "Cleanup", Time since last: 1000181223 ns, Reaching safepoint: 207436 ns, Cleanup: 78797 ns, At safepoint: 22197 ns, Total: 308430 ns
[2025-04-25T12:33:44.810+0000][110.792s][debug][safepoint   ] Safepoint synchronization initiated using futex wait barrier. (241 threads)
[2025-04-25T12:33:44.810+0000][110.792s][info ][safepoint   ] Safepoint "Cleanup", Time since last: 1000242266 ns, Reaching safepoint: 171307 ns, Cleanup: 63382 ns, At safepoint: 25868 ns, Total: 260557 ns
[2025-04-25T12:33:45.811+0000][111.793s][debug][safepoint   ] Safepoint synchronization initiated using futex wait barrier. (241 threads)
[2025-04-25T12:33:45.811+0000][111.793s][info ][safepoint   ] Safepoint "Cleanup", Time since last: 1000145250 ns, Reaching safepoint: 87693 ns, Cleanup: 12635 ns, At safepoint: 9380 ns, Total: 109708 ns
[2025-04-25T12:33:46.811+0000][112.793s][debug][safepoint   ] Safepoint synchronization initiated using futex wait barrier. (241 threads)
[2025-04-25T12:33:46.811+0000][112.793s][info ][safepoint   ] Safepoint "Cleanup", Time since last: 1000195437 ns, Reaching safepoint: 217862 ns, Cleanup: 39291 ns, At safepoint: 32931 ns, Total: 290084 ns
[2025-04-25T12:33:47.811+0000][113.793s][debug][safepoint   ] Safepoint synchronization initiated using futex wait barrier. (241 threads)
[2025-04-25T12:33:47.812+0000][113.794s][info ][safepoint   ] Safepoint "Cleanup", Time since last: 1000285563 ns, Reaching safepoint: 240722 ns, Cleanup: 55979 ns, At safepoint: 35036 ns, Total: 331737 ns
[2025-04-25T12:33:48.812+0000][114.794s][debug][safepoint   ] Safepoint synchronization initiated using futex wait barrier. (241 threads)
[2025-04-25T12:33:48.812+0000][114.794s][info ][safepoint   ] Safepoint "Cleanup", Time since last: 1000219002 ns, Reaching safepoint: 64911 ns, Cleanup: 9934 ns, At safepoint: 6018 ns, Total: 80863 ns
[2025-04-25T12:33:49.812+0000][115.794s][debug][safepoint   ] Safepoint synchronization initiated using futex wait barrier. (241 threads)
[2025-04-25T12:33:49.812+0000][115.794s][info ][safepoint   ] Safepoint "Cleanup", Time since last: 1000086211 ns, Reaching safepoint: 67218 ns, Cleanup: 11068 ns, At safepoint: 5883 ns, Total: 84169 ns
[2025-04-25T12:33:50.812+0000][116.794s][debug][safepoint   ] Safepoint synchronization initiated using futex wait barrier. (239 threads)
[2025-04-25T12:33:50.813+0000][116.795s][info ][safepoint   ] Safepoint "Cleanup", Time since last: 1000212635 ns, Reaching safepoint: 98796 ns, Cleanup: 57559 ns, At safepoint: 12955 ns, Total: 169310 ns
[2025-04-25T12:33:51.813+0000][117.795s][debug][safepoint   ] Safepoint synchronization initiated using futex wait barrier. (235 threads)
[2025-04-25T12:33:51.813+0000][117.795s][info ][safepoint   ] Safepoint "Cleanup", Time since last: 1000224959 ns, Reaching safepoint: 340007 ns, Cleanup: 38313 ns, At safepoint: 95772 ns, Total: 474092 ns
[2025-04-25T12:33:52.814+0000][118.796s][debug][safepoint   ] Safepoint synchronization initiated using futex wait barrier. (234 threads)
[2025-04-25T12:33:52.814+0000][118.796s][info ][safepoint   ] Safepoint "Cleanup", Time since last: 1000228793 ns, Reaching safepoint: 70535 ns, Cleanup: 20813 ns, At safepoint: 5751 ns, Total: 97099 ns
[2025-04-25T12:33:53.814+0000][119.796s][debug][safepoint   ] Safepoint synchronization initiated using futex wait barrier. (232 threads)
[2025-04-25T12:33:53.814+0000][119.796s][info ][safepoint   ] Safepoint "Cleanup", Time since last: 1000099570 ns, Reaching safepoint: 87036 ns, Cleanup: 18075 ns, At safepoint: 8574 ns, Total: 113685 ns
[2025-04-25T12:33:55.265+0000][121.247s][debug][safepoint   ] Safepoint synchronization initiated using futex wait barrier. (232 threads)
[2025-04-25T12:33:55.266+0000][121.248s][info ][safepoint   ] Safepoint "Cleanup", Time since last: 1451409332 ns, Reaching safepoint: 282317 ns, Cleanup: 115240 ns, At safepoint: 66978 ns, Total: 464535 ns
[2025-04-25T12:33:56.266+0000][122.248s][debug][safepoint   ] Safepoint synchronization initiated using futex wait barrier. (231 threads)
[2025-04-25T12:33:56.266+0000][122.248s][info ][safepoint   ] Safepoint "Cleanup", Time since last: 1000233265 ns, Reaching safepoint: 276322 ns, Cleanup: 35020 ns, At safepoint: 51332 ns, Total: 362674 ns
[2025-04-25T12:33:57.266+0000][123.248s][debug][safepoint   ] Safepoint synchronization initiated using futex wait barrier. (231 threads)
[2025-04-25T12:33:57.267+0000][123.249s][info ][safepoint   ] Safepoint "Cleanup", Time since last: 1000195876 ns, Reaching safepoint: 85962 ns, Cleanup: 12060 ns, At safepoint: 5567 ns, Total: 103589 ns
[2025-04-25T12:33:58.267+0000][124.249s][debug][safepoint   ] Safepoint synchronization initiated using futex wait barrier. (231 threads)
[2025-04-25T12:33:58.267+0000][124.249s][info ][safepoint   ] Safepoint "Cleanup", Time since last: 1000092094 ns, Reaching safepoint: 84596 ns, Cleanup: 15848 ns, At safepoint: 5783 ns, Total: 106227 ns
[2025-04-25T12:33:59.267+0000][125.249s][debug][safepoint   ] Safepoint synchronization initiated using futex wait barrier. (231 threads)
[2025-04-25T12:33:59.267+0000][125.249s][info ][safepoint   ] Safepoint "Cleanup", Time since last: 1000144257 ns, Reaching safepoint: 266484 ns, Cleanup: 56477 ns, At safepoint: 77240 ns, Total: 400201 ns
[2025-04-25T12:34:02.268+0000][128.250s][debug][safepoint   ] Safepoint synchronization initiated using futex wait barrier. (231 threads)
[2025-04-25T12:34:02.268+0000][128.250s][info ][safepoint   ] Safepoint "Cleanup", Time since last: 3000308364 ns, Reaching safepoint: 98277 ns, Cleanup: 11087 ns, At safepoint: 5684 ns, Total: 115048 ns
[2025-04-25T12:34:05.268+0000][131.250s][debug][safepoint   ] Safepoint synchronization initiated using futex wait barrier. (231 threads)
[2025-04-25T12:34:05.268+0000][131.250s][info ][safepoint   ] Safepoint "Cleanup", Time since last: 3000256471 ns, Reaching safepoint: 93968 ns, Cleanup: 12868 ns, At safepoint: 7227 ns, Total: 114063 ns
[2025-04-25T12:34:06.268+0000][132.250s][debug][safepoint   ] Safepoint synchronization initiated using futex wait barrier. (231 threads)
[2025-04-25T12:34:06.269+0000][132.251s][info ][safepoint   ] Safepoint "Cleanup", Time since last: 1000266186 ns, Reaching safepoint: 267634 ns, Cleanup: 16366 ns, At safepoint: 7528 ns, Total: 291528 ns
