[2025-04-25T12:44:21.871+0000][0.005s][info][gc] Using G1
[2025-04-25T12:44:21.874+0000][0.009s][info][gc,init] Version: 17.0.14+7-Debian-1deb12u1 (release)
[2025-04-25T12:44:21.874+0000][0.009s][info][gc,init] CPUs: 4 total, 4 available
[2025-04-25T12:44:21.874+0000][0.009s][info][gc,init] Memory: 7823M
[2025-04-25T12:44:21.874+0000][0.009s][info][gc,init] Large Page Support: Disabled
[2025-04-25T12:44:21.874+0000][0.009s][info][gc,init] NUMA Support: Disabled
[2025-04-25T12:44:21.874+0000][0.009s][info][gc,init] Compressed Oops: Enabled (32-bit)
[2025-04-25T12:44:21.874+0000][0.009s][info][gc,init] Heap Region Size: 1M
[2025-04-25T12:44:21.874+0000][0.009s][info][gc,init] Heap Min Capacity: 8M
[2025-04-25T12:44:21.874+0000][0.009s][info][gc,init] Heap Initial Capacity: 124M
[2025-04-25T12:44:21.874+0000][0.009s][info][gc,init] Heap Max Capacity: 1956M
[2025-04-25T12:44:21.874+0000][0.009s][info][gc,init] Pre-touch: Disabled
[2025-04-25T12:44:21.874+0000][0.009s][info][gc,init] Parallel Workers: 4
[2025-04-25T12:44:21.874+0000][0.009s][info][gc,init] Concurrent Workers: 1
[2025-04-25T12:44:21.874+0000][0.009s][info][gc,init] Concurrent Refinement Workers: 4
[2025-04-25T12:44:21.874+0000][0.009s][info][gc,init] Periodic GC: Disabled
[2025-04-25T12:44:21.934+0000][0.068s][info][gc,metaspace] CDS archive(s) mapped at: [0x00007ff91f000000-0x00007ff91fbc9000-0x00007ff91fbc9000), size 12357632, SharedBaseAddress: 0x00007ff91f000000, ArchiveRelocationMode: 1.
[2025-04-25T12:44:21.934+0000][0.069s][info][gc,metaspace] Compressed class space mapped at: 0x00007ff920000000-0x00007ff960000000, reserved size: 1073741824
[2025-04-25T12:44:21.934+0000][0.069s][info][gc,metaspace] Narrow klass base: 0x00007ff91f000000, Narrow klass shift: 0, Narrow klass range: 0x100000000
[2025-04-25T12:44:21.944+0000][0.079s][info][cds,heap    ] initialize_from_archived_subgraph java.lang.Module$ArchivedData 0x00007ff91f183798 (early)
[2025-04-25T12:44:21.945+0000][0.080s][info][cds,heap    ] initialize_from_archived_subgraph java.util.ImmutableCollections 0x00007ff91f072308 (early)
[2025-04-25T12:44:21.948+0000][0.083s][info][cds,heap    ] initialize_from_archived_subgraph java.lang.Integer$IntegerCache 0x00007ff91f037660 (early)
[2025-04-25T12:44:21.953+0000][0.088s][info][cds,heap    ] initialize_from_archived_subgraph java.lang.module.Configuration 0x00007ff91f171718 (early)
[2025-04-25T12:44:21.953+0000][0.088s][info][cds,heap    ] initialize_from_archived_subgraph java.lang.ModuleLayer 0x00007ff91f145b50 (early)
[2025-04-25T12:44:21.954+0000][0.089s][info][cds,heap    ] initialize_from_archived_subgraph jdk.internal.loader.ArchivedClassLoaders 0x00007ff91f1a7e00 (early)
[2025-04-25T12:44:21.954+0000][0.089s][info][cds,heap    ] initialize_from_archived_subgraph jdk.internal.module.ArchivedBootLayer 0x00007ff91f178358 (early)
[2025-04-25T12:44:21.957+0000][0.091s][info][cds,heap    ] initialize_from_archived_subgraph sun.util.locale.BaseLocale 0x00007ff91f26eb88
[2025-04-25T12:44:21.971+0000][0.106s][info][cds,heap    ] initialize_from_archived_subgraph java.util.jar.Attributes$Name 0x00007ff91f199878
[2025-04-25T12:44:22.017+0000][0.152s][info][cds,heap    ] initialize_from_archived_subgraph java.lang.Long$LongCache 0x00007ff91f020f98
[2025-04-25T12:44:22.141+0000][0.276s][info][cds,heap    ] initialize_from_archived_subgraph java.lang.Character$CharacterCache 0x00007ff91f03a9e8
[2025-04-25T12:44:22.805+0000][0.940s][debug][safepoint   ] Safepoint synchronization initiated using futex wait barrier. (13 threads)
[2025-04-25T12:44:22.805+0000][0.940s][info ][gc,start    ] GC(0) Pause Young (Normal) (G1 Evacuation Pause)
[2025-04-25T12:44:22.806+0000][0.941s][info ][gc,task     ] GC(0) Using 3 workers of 4 for evacuation
[2025-04-25T12:44:22.814+0000][0.948s][info ][gc,phases   ] GC(0)   Pre Evacuate Collection Set: 0.1ms
[2025-04-25T12:44:22.814+0000][0.948s][info ][gc,phases   ] GC(0)   Merge Heap Roots: 0.1ms
[2025-04-25T12:44:22.814+0000][0.949s][info ][gc,phases   ] GC(0)   Evacuate Collection Set: 6.8ms
[2025-04-25T12:44:22.814+0000][0.949s][info ][gc,phases   ] GC(0)   Post Evacuate Collection Set: 0.8ms
[2025-04-25T12:44:22.814+0000][0.949s][info ][gc,phases   ] GC(0)   Other: 0.6ms
[2025-04-25T12:44:22.814+0000][0.949s][info ][gc,heap     ] GC(0) Eden regions: 37->0(52)
[2025-04-25T12:44:22.814+0000][0.949s][info ][gc,heap     ] GC(0) Survivor regions: 0->5(5)
[2025-04-25T12:44:22.814+0000][0.949s][info ][gc,heap     ] GC(0) Old regions: 0->2
[2025-04-25T12:44:22.814+0000][0.949s][info ][gc,heap     ] GC(0) Archive regions: 2->2
[2025-04-25T12:44:22.814+0000][0.949s][info ][gc,heap     ] GC(0) Humongous regions: 0->0
[2025-04-25T12:44:22.814+0000][0.949s][info ][gc,metaspace] GC(0) Metaspace: 2066K(2240K)->2066K(2240K) NonClass: 1860K(1920K)->1860K(1920K) Class: 205K(320K)->205K(320K)
[2025-04-25T12:44:22.814+0000][0.949s][info ][gc          ] GC(0) Pause Young (Normal) (G1 Evacuation Pause) 37M->7M(126M) 8.492ms
[2025-04-25T12:44:22.814+0000][0.949s][info ][gc,cpu      ] GC(0) User=0.02s Sys=0.00s Real=0.00s
[2025-04-25T12:44:22.814+0000][0.949s][info ][safepoint   ] Safepoint "G1CollectForAllocation", Time since last: 861799673 ns, Reaching safepoint: 226569 ns, Cleanup: 112532 ns, At safepoint: 8606707 ns, Total: 8945808 ns
[2025-04-25T12:44:23.798+0000][1.933s][debug][safepoint   ] Safepoint synchronization initiated using futex wait barrier. (13 threads)
[2025-04-25T12:44:23.798+0000][1.933s][info ][gc,start    ] GC(1) Pause Young (Normal) (G1 Evacuation Pause)
[2025-04-25T12:44:23.798+0000][1.933s][info ][gc,task     ] GC(1) Using 3 workers of 4 for evacuation
[2025-04-25T12:44:23.810+0000][1.945s][info ][gc,phases   ] GC(1)   Pre Evacuate Collection Set: 0.3ms
[2025-04-25T12:44:23.810+0000][1.945s][info ][gc,phases   ] GC(1)   Merge Heap Roots: 0.0ms
[2025-04-25T12:44:23.810+0000][1.945s][info ][gc,phases   ] GC(1)   Evacuate Collection Set: 10.3ms
[2025-04-25T12:44:23.810+0000][1.945s][info ][gc,phases   ] GC(1)   Post Evacuate Collection Set: 1.4ms
[2025-04-25T12:44:23.810+0000][1.945s][info ][gc,phases   ] GC(1)   Other: 0.1ms
[2025-04-25T12:44:23.810+0000][1.945s][info ][gc,heap     ] GC(1) Eden regions: 52->0(69)
[2025-04-25T12:44:23.810+0000][1.945s][info ][gc,heap     ] GC(1) Survivor regions: 5->4(8)
[2025-04-25T12:44:23.810+0000][1.945s][info ][gc,heap     ] GC(1) Old regions: 2->7
[2025-04-25T12:44:23.810+0000][1.945s][info ][gc,heap     ] GC(1) Archive regions: 2->2
[2025-04-25T12:44:23.810+0000][1.945s][info ][gc,heap     ] GC(1) Humongous regions: 0->0
[2025-04-25T12:44:23.810+0000][1.945s][info ][gc,metaspace] GC(1) Metaspace: 4335K(4544K)->4335K(4544K) NonClass: 3870K(3968K)->3870K(3968K) Class: 464K(576K)->464K(576K)
[2025-04-25T12:44:23.810+0000][1.945s][info ][gc          ] GC(1) Pause Young (Normal) (G1 Evacuation Pause) 59M->10M(126M) 12.398ms
[2025-04-25T12:44:23.811+0000][1.945s][info ][gc,cpu      ] GC(1) User=0.03s Sys=0.00s Real=0.01s
[2025-04-25T12:44:23.811+0000][1.945s][info ][safepoint   ] Safepoint "G1CollectForAllocation", Time since last: 984045405 ns, Reaching safepoint: 61928 ns, Cleanup: 79405 ns, At safepoint: 12456515 ns, Total: 12597848 ns
[2025-04-25T12:44:24.764+0000][2.898s][debug][safepoint   ] Safepoint synchronization initiated using futex wait barrier. (14 threads)
[2025-04-25T12:44:24.764+0000][2.899s][info ][gc,start    ] GC(2) Pause Young (Normal) (G1 Evacuation Pause)
[2025-04-25T12:44:24.764+0000][2.899s][info ][gc,task     ] GC(2) Using 3 workers of 4 for evacuation
[2025-04-25T12:44:24.770+0000][2.904s][info ][gc,phases   ] GC(2)   Pre Evacuate Collection Set: 0.1ms
[2025-04-25T12:44:24.770+0000][2.904s][info ][gc,phases   ] GC(2)   Merge Heap Roots: 0.0ms
[2025-04-25T12:44:24.770+0000][2.904s][info ][gc,phases   ] GC(2)   Evacuate Collection Set: 4.4ms
[2025-04-25T12:44:24.770+0000][2.904s][info ][gc,phases   ] GC(2)   Post Evacuate Collection Set: 0.5ms
[2025-04-25T12:44:24.770+0000][2.904s][info ][gc,phases   ] GC(2)   Other: 0.3ms
[2025-04-25T12:44:24.770+0000][2.904s][info ][gc,heap     ] GC(2) Eden regions: 69->0(69)
[2025-04-25T12:44:24.770+0000][2.904s][info ][gc,heap     ] GC(2) Survivor regions: 4->5(10)
[2025-04-25T12:44:24.770+0000][2.904s][info ][gc,heap     ] GC(2) Old regions: 7->7
[2025-04-25T12:44:24.770+0000][2.904s][info ][gc,heap     ] GC(2) Archive regions: 2->2
[2025-04-25T12:44:24.770+0000][2.904s][info ][gc,heap     ] GC(2) Humongous regions: 0->0
[2025-04-25T12:44:24.770+0000][2.904s][info ][gc,metaspace] GC(2) Metaspace: 6500K(6784K)->6500K(6784K) NonClass: 5677K(5824K)->5677K(5824K) Class: 822K(960K)->822K(960K)
[2025-04-25T12:44:24.770+0000][2.904s][info ][gc          ] GC(2) Pause Young (Normal) (G1 Evacuation Pause) 79M->12M(126M) 5.435ms
[2025-04-25T12:44:24.770+0000][2.904s][info ][gc,cpu      ] GC(2) User=0.02s Sys=0.00s Real=0.01s
[2025-04-25T12:44:24.770+0000][2.904s][info ][safepoint   ] Safepoint "G1CollectForAllocation", Time since last: 953165875 ns, Reaching safepoint: 390674 ns, Cleanup: 100400 ns, At safepoint: 5489743 ns, Total: 5980817 ns
[2025-04-25T12:44:25.612+0000][3.747s][debug][safepoint   ] Safepoint synchronization initiated using futex wait barrier. (14 threads)
[2025-04-25T12:44:25.612+0000][3.747s][info ][gc,start    ] GC(3) Pause Young (Normal) (G1 Evacuation Pause)
[2025-04-25T12:44:25.612+0000][3.747s][info ][gc,task     ] GC(3) Using 3 workers of 4 for evacuation
[2025-04-25T12:44:25.622+0000][3.757s][info ][gc,phases   ] GC(3)   Pre Evacuate Collection Set: 0.1ms
[2025-04-25T12:44:25.622+0000][3.757s][info ][gc,phases   ] GC(3)   Merge Heap Roots: 0.1ms
[2025-04-25T12:44:25.622+0000][3.757s][info ][gc,phases   ] GC(3)   Evacuate Collection Set: 7.6ms
[2025-04-25T12:44:25.622+0000][3.757s][info ][gc,phases   ] GC(3)   Post Evacuate Collection Set: 1.5ms
[2025-04-25T12:44:25.622+0000][3.757s][info ][gc,phases   ] GC(3)   Other: 0.1ms
[2025-04-25T12:44:25.622+0000][3.757s][info ][gc,heap     ] GC(3) Eden regions: 69->0(68)
[2025-04-25T12:44:25.622+0000][3.757s][info ][gc,heap     ] GC(3) Survivor regions: 5->6(10)
[2025-04-25T12:44:25.622+0000][3.757s][info ][gc,heap     ] GC(3) Old regions: 7->7
[2025-04-25T12:44:25.622+0000][3.757s][info ][gc,heap     ] GC(3) Archive regions: 2->2
[2025-04-25T12:44:25.622+0000][3.757s][info ][gc,heap     ] GC(3) Humongous regions: 0->0
[2025-04-25T12:44:25.622+0000][3.757s][info ][gc,metaspace] GC(3) Metaspace: 10543K(10816K)->10543K(10816K) NonClass: 9169K(9280K)->9169K(9280K) Class: 1374K(1536K)->1374K(1536K)
[2025-04-25T12:44:25.622+0000][3.757s][info ][gc          ] GC(3) Pause Young (Normal) (G1 Evacuation Pause) 81M->13M(126M) 9.522ms
[2025-04-25T12:44:25.622+0000][3.757s][info ][gc,cpu      ] GC(3) User=0.02s Sys=0.00s Real=0.01s
[2025-04-25T12:44:25.622+0000][3.757s][info ][safepoint   ] Safepoint "G1CollectForAllocation", Time since last: 842669656 ns, Reaching safepoint: 45180 ns, Cleanup: 67269 ns, At safepoint: 9590339 ns, Total: 9702788 ns
[2025-04-25T12:44:26.116+0000][4.251s][debug][safepoint   ] Safepoint synchronization initiated using futex wait barrier. (14 threads)
[2025-04-25T12:44:26.116+0000][4.251s][info ][safepoint   ] Safepoint "ICBufferFull", Time since last: 493779819 ns, Reaching safepoint: 45568 ns, Cleanup: 88670 ns, At safepoint: 4008 ns, Total: 138246 ns
[2025-04-25T12:44:26.270+0000][4.405s][debug][safepoint   ] Safepoint synchronization initiated using futex wait barrier. (15 threads)
[2025-04-25T12:44:26.271+0000][4.405s][debug][safepoint   ] ... found polling page loop exception at pc = 0x00007ff98188dbd2, stub =0x00007ff98898e400
[2025-04-25T12:44:26.271+0000][4.406s][info ][gc,start    ] GC(4) Pause Young (Normal) (G1 Evacuation Pause)
[2025-04-25T12:44:26.271+0000][4.406s][info ][gc,task     ] GC(4) Using 4 workers of 4 for evacuation
[2025-04-25T12:44:26.282+0000][4.417s][info ][gc,phases   ] GC(4)   Pre Evacuate Collection Set: 0.1ms
[2025-04-25T12:44:26.282+0000][4.417s][info ][gc,phases   ] GC(4)   Merge Heap Roots: 0.1ms
[2025-04-25T12:44:26.282+0000][4.417s][info ][gc,phases   ] GC(4)   Evacuate Collection Set: 10.1ms
[2025-04-25T12:44:26.282+0000][4.417s][info ][gc,phases   ] GC(4)   Post Evacuate Collection Set: 0.8ms
[2025-04-25T12:44:26.282+0000][4.417s][info ][gc,phases   ] GC(4)   Other: 0.3ms
[2025-04-25T12:44:26.282+0000][4.417s][info ][gc,heap     ] GC(4) Eden regions: 68->0(68)
[2025-04-25T12:44:26.282+0000][4.417s][info ][gc,heap     ] GC(4) Survivor regions: 6->6(10)
[2025-04-25T12:44:26.282+0000][4.417s][info ][gc,heap     ] GC(4) Old regions: 7->10
[2025-04-25T12:44:26.282+0000][4.417s][info ][gc,heap     ] GC(4) Archive regions: 2->2
[2025-04-25T12:44:26.282+0000][4.417s][info ][gc,heap     ] GC(4) Humongous regions: 0->0
[2025-04-25T12:44:26.282+0000][4.417s][info ][gc,metaspace] GC(4) Metaspace: 12297K(12608K)->12297K(12608K) NonClass: 10700K(10880K)->10700K(10880K) Class: 1597K(1728K)->1597K(1728K)
[2025-04-25T12:44:26.282+0000][4.417s][info ][gc          ] GC(4) Pause Young (Normal) (G1 Evacuation Pause) 81M->15M(126M) 11.412ms
[2025-04-25T12:44:26.282+0000][4.417s][info ][gc,cpu      ] GC(4) User=0.04s Sys=0.00s Real=0.01s
[2025-04-25T12:44:26.282+0000][4.417s][info ][safepoint   ] Safepoint "G1CollectForAllocation", Time since last: 154362558 ns, Reaching safepoint: 341317 ns, Cleanup: 123780 ns, At safepoint: 11467275 ns, Total: 11932372 ns
[2025-04-25T12:44:26.756+0000][4.891s][debug][safepoint   ] Safepoint synchronization initiated using futex wait barrier. (15 threads)
[2025-04-25T12:44:26.757+0000][4.891s][info ][gc,start    ] GC(5) Pause Young (Normal) (G1 Evacuation Pause)
[2025-04-25T12:44:26.757+0000][4.891s][info ][gc,task     ] GC(5) Using 4 workers of 4 for evacuation
[2025-04-25T12:44:26.764+0000][4.899s][info ][gc,phases   ] GC(5)   Pre Evacuate Collection Set: 0.1ms
[2025-04-25T12:44:26.764+0000][4.899s][info ][gc,phases   ] GC(5)   Merge Heap Roots: 0.1ms
[2025-04-25T12:44:26.764+0000][4.899s][info ][gc,phases   ] GC(5)   Evacuate Collection Set: 6.5ms
[2025-04-25T12:44:26.764+0000][4.899s][info ][gc,phases   ] GC(5)   Post Evacuate Collection Set: 0.7ms
[2025-04-25T12:44:26.764+0000][4.899s][info ][gc,phases   ] GC(5)   Other: 0.1ms
[2025-04-25T12:44:26.764+0000][4.899s][info ][gc,heap     ] GC(5) Eden regions: 68->0(68)
[2025-04-25T12:44:26.764+0000][4.899s][info ][gc,heap     ] GC(5) Survivor regions: 6->6(10)
[2025-04-25T12:44:26.764+0000][4.899s][info ][gc,heap     ] GC(5) Old regions: 10->10
[2025-04-25T12:44:26.764+0000][4.899s][info ][gc,heap     ] GC(5) Archive regions: 2->2
[2025-04-25T12:44:26.764+0000][4.899s][info ][gc,heap     ] GC(5) Humongous regions: 0->0
[2025-04-25T12:44:26.764+0000][4.899s][info ][gc,metaspace] GC(5) Metaspace: 14816K(15168K)->14816K(15168K) NonClass: 12883K(13056K)->12883K(13056K) Class: 1932K(2112K)->1932K(2112K)
[2025-04-25T12:44:26.764+0000][4.899s][info ][gc          ] GC(5) Pause Young (Normal) (G1 Evacuation Pause) 83M->15M(126M) 7.507ms
[2025-04-25T12:44:26.764+0000][4.899s][info ][gc,cpu      ] GC(5) User=0.03s Sys=0.00s Real=0.00s
[2025-04-25T12:44:26.764+0000][4.899s][info ][safepoint   ] Safepoint "G1CollectForAllocation", Time since last: 474010425 ns, Reaching safepoint: 312625 ns, Cleanup: 59551 ns, At safepoint: 7556190 ns, Total: 7928366 ns
[2025-04-25T12:44:26.970+0000][5.105s][info ][cds,heap    ] initialize_from_archived_subgraph java.lang.Byte$ByteCache 0x00007ff91f03abf8
[2025-04-25T12:44:26.970+0000][5.105s][info ][cds,heap    ] initialize_from_archived_subgraph java.lang.Short$ShortCache 0x00007ff91f0412e8
[2025-04-25T12:44:27.203+0000][5.337s][debug][safepoint   ] Safepoint synchronization initiated using futex wait barrier. (15 threads)
[2025-04-25T12:44:27.203+0000][5.338s][info ][gc,start    ] GC(6) Pause Young (Normal) (G1 Evacuation Pause)
[2025-04-25T12:44:27.203+0000][5.338s][info ][gc,task     ] GC(6) Using 4 workers of 4 for evacuation
[2025-04-25T12:44:27.217+0000][5.352s][info ][gc,phases   ] GC(6)   Pre Evacuate Collection Set: 0.1ms
[2025-04-25T12:44:27.217+0000][5.352s][info ][gc,phases   ] GC(6)   Merge Heap Roots: 0.1ms
[2025-04-25T12:44:27.217+0000][5.352s][info ][gc,phases   ] GC(6)   Evacuate Collection Set: 11.6ms
[2025-04-25T12:44:27.217+0000][5.352s][info ][gc,phases   ] GC(6)   Post Evacuate Collection Set: 2.0ms
[2025-04-25T12:44:27.217+0000][5.352s][info ][gc,phases   ] GC(6)   Other: 0.1ms
[2025-04-25T12:44:27.217+0000][5.352s][info ][gc,heap     ] GC(6) Eden regions: 68->0(85)
[2025-04-25T12:44:27.217+0000][5.352s][info ][gc,heap     ] GC(6) Survivor regions: 6->6(10)
[2025-04-25T12:44:27.217+0000][5.352s][info ][gc,heap     ] GC(6) Old regions: 10->11
[2025-04-25T12:44:27.217+0000][5.352s][info ][gc,heap     ] GC(6) Archive regions: 2->2
[2025-04-25T12:44:27.217+0000][5.352s][info ][gc,heap     ] GC(6) Humongous regions: 0->0
[2025-04-25T12:44:27.217+0000][5.352s][info ][gc,metaspace] GC(6) Metaspace: 16646K(16960K)->16646K(16960K) NonClass: 14381K(14528K)->14381K(14528K) Class: 2264K(2432K)->2264K(2432K)
[2025-04-25T12:44:27.217+0000][5.352s][info ][gc          ] GC(6) Pause Young (Normal) (G1 Evacuation Pause) 83M->17M(152M) 14.382ms
[2025-04-25T12:44:27.217+0000][5.352s][info ][gc,cpu      ] GC(6) User=0.02s Sys=0.01s Real=0.02s
[2025-04-25T12:44:27.219+0000][5.354s][info ][safepoint   ] Safepoint "G1CollectForAllocation", Time since last: 438471163 ns, Reaching safepoint: 283789 ns, Cleanup: 84428 ns, At safepoint: 15729896 ns, Total: 16098113 ns
[2025-04-25T12:44:27.995+0000][6.130s][debug][safepoint   ] Safepoint synchronization initiated using futex wait barrier. (15 threads)
[2025-04-25T12:44:27.996+0000][6.130s][info ][gc,start    ] GC(7) Pause Young (Normal) (G1 Evacuation Pause)
[2025-04-25T12:44:27.996+0000][6.131s][info ][gc,task     ] GC(7) Using 4 workers of 4 for evacuation
[2025-04-25T12:44:28.008+0000][6.143s][info ][gc,phases   ] GC(7)   Pre Evacuate Collection Set: 0.2ms
[2025-04-25T12:44:28.008+0000][6.143s][info ][gc,phases   ] GC(7)   Merge Heap Roots: 0.1ms
[2025-04-25T12:44:28.008+0000][6.143s][info ][gc,phases   ] GC(7)   Evacuate Collection Set: 10.4ms
[2025-04-25T12:44:28.008+0000][6.143s][info ][gc,phases   ] GC(7)   Post Evacuate Collection Set: 1.7ms
[2025-04-25T12:44:28.008+0000][6.143s][info ][gc,phases   ] GC(7)   Other: 0.2ms
[2025-04-25T12:44:28.008+0000][6.143s][info ][gc,heap     ] GC(7) Eden regions: 85->0(82)
[2025-04-25T12:44:28.008+0000][6.143s][info ][gc,heap     ] GC(7) Survivor regions: 6->9(12)
[2025-04-25T12:44:28.008+0000][6.143s][info ][gc,heap     ] GC(7) Old regions: 11->11
[2025-04-25T12:44:28.008+0000][6.143s][info ][gc,heap     ] GC(7) Archive regions: 2->2
[2025-04-25T12:44:28.008+0000][6.143s][info ][gc,heap     ] GC(7) Humongous regions: 0->0
[2025-04-25T12:44:28.008+0000][6.143s][info ][gc,metaspace] GC(7) Metaspace: 20199K(20544K)->20199K(20544K) NonClass: 17553K(17728K)->17553K(17728K) Class: 2646K(2816K)->2646K(2816K)
[2025-04-25T12:44:28.008+0000][6.143s][info ][gc          ] GC(7) Pause Young (Normal) (G1 Evacuation Pause) 102M->20M(152M) 12.760ms
[2025-04-25T12:44:28.008+0000][6.143s][info ][gc,cpu      ] GC(7) User=0.04s Sys=0.00s Real=0.01s
[2025-04-25T12:44:28.009+0000][6.143s][info ][safepoint   ] Safepoint "G1CollectForAllocation", Time since last: 776629631 ns, Reaching safepoint: 171290 ns, Cleanup: 113116 ns, At safepoint: 12834108 ns, Total: 13118514 ns
[2025-04-25T12:44:28.302+0000][6.437s][debug][safepoint   ] Safepoint synchronization initiated using futex wait barrier. (15 threads)
[2025-04-25T12:44:28.303+0000][6.438s][info ][gc,start    ] GC(8) Pause Young (Concurrent Start) (Metadata GC Threshold)
[2025-04-25T12:44:28.303+0000][6.438s][info ][gc,task     ] GC(8) Using 4 workers of 4 for evacuation
[2025-04-25T12:44:28.342+0000][6.476s][info ][gc,phases   ] GC(8)   Pre Evacuate Collection Set: 1.9ms
[2025-04-25T12:44:28.342+0000][6.476s][info ][gc,phases   ] GC(8)   Merge Heap Roots: 1.3ms
[2025-04-25T12:44:28.342+0000][6.476s][info ][gc,phases   ] GC(8)   Evacuate Collection Set: 33.3ms
[2025-04-25T12:44:28.342+0000][6.476s][info ][gc,phases   ] GC(8)   Post Evacuate Collection Set: 1.6ms
[2025-04-25T12:44:28.342+0000][6.477s][info ][gc,phases   ] GC(8)   Other: 0.3ms
[2025-04-25T12:44:28.342+0000][6.477s][info ][gc,heap     ] GC(8) Eden regions: 24->0(84)
[2025-04-25T12:44:28.342+0000][6.477s][info ][gc,heap     ] GC(8) Survivor regions: 9->7(12)
[2025-04-25T12:44:28.342+0000][6.477s][info ][gc,heap     ] GC(8) Old regions: 11->14
[2025-04-25T12:44:28.342+0000][6.477s][info ][gc,heap     ] GC(8) Archive regions: 2->2
[2025-04-25T12:44:28.342+0000][6.477s][info ][gc,heap     ] GC(8) Humongous regions: 0->0
[2025-04-25T12:44:28.342+0000][6.477s][info ][gc,metaspace] GC(8) Metaspace: 21188K(21504K)->21188K(21504K) NonClass: 18423K(18560K)->18423K(18560K) Class: 2765K(2944K)->2765K(2944K)
[2025-04-25T12:44:28.342+0000][6.477s][info ][gc          ] GC(8) Pause Young (Concurrent Start) (Metadata GC Threshold) 43M->21M(152M) 38.583ms
[2025-04-25T12:44:28.342+0000][6.477s][info ][gc,cpu      ] GC(8) User=0.08s Sys=0.00s Real=0.04s
[2025-04-25T12:44:28.342+0000][6.477s][info ][safepoint   ] Safepoint "CollectForMetadataAllocation", Time since last: 293702909 ns, Reaching safepoint: 952618 ns, Cleanup: 50712 ns, At safepoint: 38703300 ns, Total: 39706630 ns
[2025-04-25T12:44:28.345+0000][6.480s][info ][gc          ] GC(9) Concurrent Mark Cycle
[2025-04-25T12:44:28.346+0000][6.480s][info ][gc,marking  ] GC(9) Concurrent Clear Claimed Marks
[2025-04-25T12:44:28.346+0000][6.480s][info ][gc,marking  ] GC(9) Concurrent Clear Claimed Marks 0.029ms
[2025-04-25T12:44:28.346+0000][6.480s][info ][gc,marking  ] GC(9) Concurrent Scan Root Regions
[2025-04-25T12:44:28.368+0000][6.503s][info ][gc,marking  ] GC(9) Concurrent Scan Root Regions 22.850ms
[2025-04-25T12:44:28.368+0000][6.503s][info ][gc,marking  ] GC(9) Concurrent Mark
[2025-04-25T12:44:28.368+0000][6.503s][info ][gc,marking  ] GC(9) Concurrent Mark From Roots
[2025-04-25T12:44:28.368+0000][6.503s][info ][gc,task     ] GC(9) Using 1 workers of 1 for marking
[2025-04-25T12:44:28.429+0000][6.564s][info ][gc,marking  ] GC(9) Concurrent Mark From Roots 60.541ms
[2025-04-25T12:44:28.429+0000][6.564s][info ][gc,marking  ] GC(9) Concurrent Preclean
[2025-04-25T12:44:28.430+0000][6.564s][info ][gc,marking  ] GC(9) Concurrent Preclean 0.428ms
[2025-04-25T12:44:28.430+0000][6.565s][debug][safepoint   ] Safepoint synchronization initiated using futex wait barrier. (15 threads)
[2025-04-25T12:44:28.430+0000][6.565s][info ][gc,start    ] GC(9) Pause Remark
[2025-04-25T12:44:28.444+0000][6.579s][info ][gc          ] GC(9) Pause Remark 25M->25M(90M) 13.490ms
[2025-04-25T12:44:28.444+0000][6.579s][info ][gc,cpu      ] GC(9) User=0.03s Sys=0.00s Real=0.01s
[2025-04-25T12:44:28.450+0000][6.585s][info ][safepoint   ] Safepoint "G1PauseRemark", Time since last: 87962619 ns, Reaching safepoint: 351773 ns, Cleanup: 39318 ns, At safepoint: 20052141 ns, Total: 20443232 ns
[2025-04-25T12:44:28.456+0000][6.591s][info ][gc,marking  ] GC(9) Concurrent Mark 87.424ms
[2025-04-25T12:44:28.456+0000][6.591s][info ][gc,marking  ] GC(9) Concurrent Rebuild Remembered Sets
[2025-04-25T12:44:28.506+0000][6.641s][info ][gc,marking  ] GC(9) Concurrent Rebuild Remembered Sets 50.430ms
[2025-04-25T12:44:28.507+0000][6.641s][debug][safepoint   ] Safepoint synchronization initiated using futex wait barrier. (15 threads)
[2025-04-25T12:44:28.507+0000][6.641s][info ][gc,start    ] GC(9) Pause Cleanup
[2025-04-25T12:44:28.507+0000][6.642s][info ][gc          ] GC(9) Pause Cleanup 27M->27M(90M) 0.174ms
[2025-04-25T12:44:28.507+0000][6.642s][info ][gc,cpu      ] GC(9) User=0.00s Sys=0.00s Real=0.00s
[2025-04-25T12:44:28.507+0000][6.642s][info ][safepoint   ] Safepoint "G1PauseCleanup", Time since last: 56206621 ns, Reaching safepoint: 36748 ns, Cleanup: 47490 ns, At safepoint: 287257 ns, Total: 371495 ns
[2025-04-25T12:44:28.507+0000][6.642s][info ][gc,marking  ] GC(9) Concurrent Cleanup for Next Mark
[2025-04-25T12:44:28.511+0000][6.646s][info ][gc,marking  ] GC(9) Concurrent Cleanup for Next Mark 4.373ms
[2025-04-25T12:44:28.511+0000][6.646s][info ][gc          ] GC(9) Concurrent Mark Cycle 165.976ms
[2025-04-25T12:44:28.951+0000][7.086s][debug][safepoint   ] Safepoint synchronization initiated using futex wait barrier. (15 threads)
[2025-04-25T12:44:28.952+0000][7.086s][info ][gc,start    ] GC(10) Pause Young (Prepare Mixed) (G1 Evacuation Pause)
[2025-04-25T12:44:28.952+0000][7.086s][info ][gc,task     ] GC(10) Using 4 workers of 4 for evacuation
[2025-04-25T12:44:28.965+0000][7.100s][info ][gc,phases   ] GC(10)   Pre Evacuate Collection Set: 0.1ms
[2025-04-25T12:44:28.965+0000][7.100s][info ][gc,phases   ] GC(10)   Merge Heap Roots: 0.1ms
[2025-04-25T12:44:28.965+0000][7.100s][info ][gc,phases   ] GC(10)   Evacuate Collection Set: 11.7ms
[2025-04-25T12:44:28.965+0000][7.100s][info ][gc,phases   ] GC(10)   Post Evacuate Collection Set: 1.1ms
[2025-04-25T12:44:28.965+0000][7.100s][info ][gc,phases   ] GC(10)   Other: 0.1ms
[2025-04-25T12:44:28.965+0000][7.100s][info ][gc,heap     ] GC(10) Eden regions: 47->0(1)
[2025-04-25T12:44:28.965+0000][7.100s][info ][gc,heap     ] GC(10) Survivor regions: 7->4(7)
[2025-04-25T12:44:28.965+0000][7.100s][info ][gc,heap     ] GC(10) Old regions: 14->20
[2025-04-25T12:44:28.965+0000][7.100s][info ][gc,heap     ] GC(10) Archive regions: 2->2
[2025-04-25T12:44:28.965+0000][7.100s][info ][gc,heap     ] GC(10) Humongous regions: 0->0
[2025-04-25T12:44:28.965+0000][7.100s][info ][gc,metaspace] GC(10) Metaspace: 23050K(23360K)->23050K(23360K) NonClass: 20021K(20160K)->20021K(20160K) Class: 3029K(3200K)->3029K(3200K)
[2025-04-25T12:44:28.965+0000][7.100s][info ][gc          ] GC(10) Pause Young (Prepare Mixed) (G1 Evacuation Pause) 68M->23M(90M) 13.306ms
[2025-04-25T12:44:28.965+0000][7.100s][info ][gc,cpu      ] GC(10) User=0.04s Sys=0.00s Real=0.01s
[2025-04-25T12:44:28.965+0000][7.100s][info ][safepoint   ] Safepoint "G1CollectForAllocation", Time since last: 444575939 ns, Reaching safepoint: 127996 ns, Cleanup: 65666 ns, At safepoint: 13369178 ns, Total: 13562840 ns
[2025-04-25T12:44:28.971+0000][7.106s][debug][safepoint   ] Safepoint synchronization initiated using futex wait barrier. (15 threads)
[2025-04-25T12:44:28.971+0000][7.106s][debug][safepoint   ] ... found polling page loop exception at pc = 0x00007ff9890c11cf, stub =0x00007ff98898e400
[2025-04-25T12:44:28.971+0000][7.106s][info ][gc,start    ] GC(11) Pause Young (Mixed) (G1 Evacuation Pause)
[2025-04-25T12:44:28.972+0000][7.106s][info ][gc,task     ] GC(11) Using 4 workers of 4 for evacuation
[2025-04-25T12:44:28.979+0000][7.114s][info ][gc,phases   ] GC(11)   Pre Evacuate Collection Set: 0.1ms
[2025-04-25T12:44:28.979+0000][7.114s][info ][gc,phases   ] GC(11)   Merge Heap Roots: 0.1ms
[2025-04-25T12:44:28.979+0000][7.114s][info ][gc,phases   ] GC(11)   Evacuate Collection Set: 6.1ms
[2025-04-25T12:44:28.979+0000][7.114s][info ][gc,phases   ] GC(11)   Post Evacuate Collection Set: 0.8ms
[2025-04-25T12:44:28.979+0000][7.114s][info ][gc,phases   ] GC(11)   Other: 0.3ms
[2025-04-25T12:44:28.979+0000][7.114s][info ][gc,heap     ] GC(11) Eden regions: 1->0(48)
[2025-04-25T12:44:28.979+0000][7.114s][info ][gc,heap     ] GC(11) Survivor regions: 4->1(1)
[2025-04-25T12:44:28.979+0000][7.114s][info ][gc,heap     ] GC(11) Old regions: 20->23
[2025-04-25T12:44:28.979+0000][7.114s][info ][gc,heap     ] GC(11) Archive regions: 2->2
[2025-04-25T12:44:28.979+0000][7.114s][info ][gc,heap     ] GC(11) Humongous regions: 0->0
[2025-04-25T12:44:28.979+0000][7.114s][info ][gc,metaspace] GC(11) Metaspace: 23075K(23424K)->23075K(23424K) NonClass: 20044K(20224K)->20044K(20224K) Class: 3031K(3200K)->3031K(3200K)
[2025-04-25T12:44:28.979+0000][7.114s][info ][gc          ] GC(11) Pause Young (Mixed) (G1 Evacuation Pause) 24M->23M(90M) 7.419ms
[2025-04-25T12:44:28.979+0000][7.114s][info ][gc,cpu      ] GC(11) User=0.02s Sys=0.00s Real=0.01s
[2025-04-25T12:44:28.979+0000][7.114s][info ][safepoint   ] Safepoint "G1CollectForAllocation", Time since last: 6015395 ns, Reaching safepoint: 403474 ns, Cleanup: 5131 ns, At safepoint: 7475160 ns, Total: 7883765 ns
[2025-04-25T12:44:29.424+0000][7.558s][debug][safepoint   ] Safepoint synchronization initiated using futex wait barrier. (15 threads)
[2025-04-25T12:44:29.428+0000][7.563s][info ][gc,start    ] GC(12) Pause Young (Normal) (G1 Evacuation Pause)
[2025-04-25T12:44:29.428+0000][7.563s][info ][gc,task     ] GC(12) Using 4 workers of 4 for evacuation
[2025-04-25T12:44:29.449+0000][7.584s][info ][gc,phases   ] GC(12)   Pre Evacuate Collection Set: 0.4ms
[2025-04-25T12:44:29.449+0000][7.584s][info ][gc,phases   ] GC(12)   Merge Heap Roots: 0.1ms
[2025-04-25T12:44:29.449+0000][7.584s][info ][gc,phases   ] GC(12)   Evacuate Collection Set: 15.0ms
[2025-04-25T12:44:29.449+0000][7.584s][info ][gc,phases   ] GC(12)   Post Evacuate Collection Set: 5.3ms
[2025-04-25T12:44:29.449+0000][7.584s][info ][gc,phases   ] GC(12)   Other: 0.3ms
[2025-04-25T12:44:29.449+0000][7.584s][info ][gc,heap     ] GC(12) Eden regions: 48->0(111)
[2025-04-25T12:44:29.449+0000][7.584s][info ][gc,heap     ] GC(12) Survivor regions: 1->4(7)
[2025-04-25T12:44:29.449+0000][7.584s][info ][gc,heap     ] GC(12) Old regions: 23->23
[2025-04-25T12:44:29.449+0000][7.584s][info ][gc,heap     ] GC(12) Archive regions: 2->2
[2025-04-25T12:44:29.449+0000][7.584s][info ][gc,heap     ] GC(12) Humongous regions: 0->0
[2025-04-25T12:44:29.449+0000][7.584s][info ][gc,metaspace] GC(12) Metaspace: 24010K(24320K)->24010K(24320K) NonClass: 20873K(21056K)->20873K(21056K) Class: 3136K(3264K)->3136K(3264K)
[2025-04-25T12:44:29.449+0000][7.584s][info ][gc          ] GC(12) Pause Young (Normal) (G1 Evacuation Pause) 71M->26M(192M) 21.327ms
[2025-04-25T12:44:29.449+0000][7.584s][info ][gc,cpu      ] GC(12) User=0.02s Sys=0.01s Real=0.02s
[2025-04-25T12:44:29.453+0000][7.587s][info ][safepoint   ] Safepoint "G1CollectForAllocation", Time since last: 444548286 ns, Reaching safepoint: 4283558 ns, Cleanup: 38265 ns, At safepoint: 24737146 ns, Total: 29058969 ns
[2025-04-25T12:44:30.023+0000][8.158s][debug][safepoint   ] Safepoint synchronization initiated using futex wait barrier. (14 threads)
[2025-04-25T12:44:30.023+0000][8.158s][info ][gc,start    ] GC(13) Pause Young (Normal) (G1 Evacuation Pause)
[2025-04-25T12:44:30.023+0000][8.158s][info ][gc,task     ] GC(13) Using 4 workers of 4 for evacuation
[2025-04-25T12:44:30.044+0000][8.179s][info ][gc,phases   ] GC(13)   Pre Evacuate Collection Set: 0.1ms
[2025-04-25T12:44:30.044+0000][8.179s][info ][gc,phases   ] GC(13)   Merge Heap Roots: 0.1ms
[2025-04-25T12:44:30.044+0000][8.179s][info ][gc,phases   ] GC(13)   Evacuate Collection Set: 19.3ms
[2025-04-25T12:44:30.044+0000][8.179s][info ][gc,phases   ] GC(13)   Post Evacuate Collection Set: 1.0ms
[2025-04-25T12:44:30.044+0000][8.179s][info ][gc,phases   ] GC(13)   Other: 0.1ms
[2025-04-25T12:44:30.044+0000][8.179s][info ][gc,heap     ] GC(13) Eden regions: 111->0(100)
[2025-04-25T12:44:30.044+0000][8.179s][info ][gc,heap     ] GC(13) Survivor regions: 4->15(15)
[2025-04-25T12:44:30.044+0000][8.179s][info ][gc,heap     ] GC(13) Old regions: 23->24
[2025-04-25T12:44:30.044+0000][8.179s][info ][gc,heap     ] GC(13) Archive regions: 2->2
[2025-04-25T12:44:30.044+0000][8.179s][info ][gc,heap     ] GC(13) Humongous regions: 0->0
[2025-04-25T12:44:30.044+0000][8.179s][info ][gc,metaspace] GC(13) Metaspace: 24534K(24896K)->24534K(24896K) NonClass: 21331K(21504K)->21331K(21504K) Class: 3202K(3392K)->3202K(3392K)
[2025-04-25T12:44:30.044+0000][8.179s][info ][gc          ] GC(13) Pause Young (Normal) (G1 Evacuation Pause) 137M->39M(192M) 20.859ms
[2025-04-25T12:44:30.044+0000][8.179s][info ][gc,cpu      ] GC(13) User=0.06s Sys=0.01s Real=0.02s
[2025-04-25T12:44:30.044+0000][8.179s][info ][safepoint   ] Safepoint "G1CollectForAllocation", Time since last: 570799508 ns, Reaching safepoint: 63532 ns, Cleanup: 28419 ns, At safepoint: 20908679 ns, Total: 21000630 ns
[2025-04-25T12:44:30.767+0000][8.902s][debug][safepoint   ] Safepoint synchronization initiated using futex wait barrier. (14 threads)
[2025-04-25T12:44:30.768+0000][8.902s][info ][gc,start    ] GC(14) Pause Young (Normal) (G1 Evacuation Pause)
[2025-04-25T12:44:30.768+0000][8.902s][info ][gc,task     ] GC(14) Using 4 workers of 4 for evacuation
[2025-04-25T12:44:30.798+0000][8.932s][info ][gc,phases   ] GC(14)   Pre Evacuate Collection Set: 0.1ms
[2025-04-25T12:44:30.798+0000][8.932s][info ][gc,phases   ] GC(14)   Merge Heap Roots: 0.1ms
[2025-04-25T12:44:30.798+0000][8.933s][info ][gc,phases   ] GC(14)   Evacuate Collection Set: 27.2ms
[2025-04-25T12:44:30.798+0000][8.933s][info ][gc,phases   ] GC(14)   Post Evacuate Collection Set: 2.6ms
[2025-04-25T12:44:30.798+0000][8.933s][info ][gc,phases   ] GC(14)   Other: 0.1ms
[2025-04-25T12:44:30.798+0000][8.933s][info ][gc,heap     ] GC(14) Eden regions: 100->0(98)
[2025-04-25T12:44:30.798+0000][8.933s][info ][gc,heap     ] GC(14) Survivor regions: 15->9(15)
[2025-04-25T12:44:30.798+0000][8.933s][info ][gc,heap     ] GC(14) Old regions: 24->39
[2025-04-25T12:44:30.798+0000][8.933s][info ][gc,heap     ] GC(14) Archive regions: 2->2
[2025-04-25T12:44:30.798+0000][8.933s][info ][gc,heap     ] GC(14) Humongous regions: 0->0
[2025-04-25T12:44:30.798+0000][8.933s][info ][gc,metaspace] GC(14) Metaspace: 25009K(25408K)->25009K(25408K) NonClass: 21744K(21952K)->21744K(21952K) Class: 3265K(3456K)->3265K(3456K)
[2025-04-25T12:44:30.798+0000][8.933s][info ][gc          ] GC(14) Pause Young (Normal) (G1 Evacuation Pause) 139M->48M(192M) 30.831ms
[2025-04-25T12:44:30.798+0000][8.933s][info ][gc,cpu      ] GC(14) User=0.10s Sys=0.01s Real=0.03s
[2025-04-25T12:44:30.798+0000][8.933s][info ][safepoint   ] Safepoint "G1CollectForAllocation", Time since last: 722964343 ns, Reaching safepoint: 66896 ns, Cleanup: 94513 ns, At safepoint: 31014701 ns, Total: 31176110 ns
[2025-04-25T12:44:31.033+0000][9.168s][debug][safepoint   ] ... found polling page loop exception at pc = 0x00007ff989038b02, stub =0x00007ff98898e400
[2025-04-25T12:44:31.329+0000][9.463s][debug][safepoint   ] Safepoint synchronization initiated using futex wait barrier. (14 threads)
[2025-04-25T12:44:31.330+0000][9.464s][info ][safepoint   ] Safepoint "ICBufferFull", Time since last: 530087300 ns, Reaching safepoint: 193771 ns, Cleanup: 127767 ns, At safepoint: 670291 ns, Total: 991829 ns
[2025-04-25T12:44:31.489+0000][9.624s][debug][safepoint   ] Safepoint synchronization initiated using futex wait barrier. (14 threads)
[2025-04-25T12:44:31.489+0000][9.624s][info ][gc,start    ] GC(15) Pause Young (Normal) (G1 Evacuation Pause)
[2025-04-25T12:44:31.489+0000][9.624s][info ][gc,task     ] GC(15) Using 4 workers of 4 for evacuation
[2025-04-25T12:44:31.501+0000][9.636s][info ][gc,phases   ] GC(15)   Pre Evacuate Collection Set: 0.1ms
[2025-04-25T12:44:31.501+0000][9.636s][info ][gc,phases   ] GC(15)   Merge Heap Roots: 0.1ms
[2025-04-25T12:44:31.501+0000][9.636s][info ][gc,phases   ] GC(15)   Evacuate Collection Set: 10.8ms
[2025-04-25T12:44:31.501+0000][9.636s][info ][gc,phases   ] GC(15)   Post Evacuate Collection Set: 1.3ms
[2025-04-25T12:44:31.501+0000][9.636s][info ][gc,phases   ] GC(15)   Other: 0.1ms
[2025-04-25T12:44:31.501+0000][9.636s][info ][gc,heap     ] GC(15) Eden regions: 98->0(97)
[2025-04-25T12:44:31.501+0000][9.636s][info ][gc,heap     ] GC(15) Survivor regions: 9->5(14)
[2025-04-25T12:44:31.501+0000][9.636s][info ][gc,heap     ] GC(15) Old regions: 39->48
[2025-04-25T12:44:31.501+0000][9.636s][info ][gc,heap     ] GC(15) Archive regions: 2->2
[2025-04-25T12:44:31.501+0000][9.636s][info ][gc,heap     ] GC(15) Humongous regions: 0->0
[2025-04-25T12:44:31.501+0000][9.636s][info ][gc,metaspace] GC(15) Metaspace: 25189K(25536K)->25189K(25536K) NonClass: 21913K(22080K)->21913K(22080K) Class: 3276K(3456K)->3276K(3456K)
[2025-04-25T12:44:31.501+0000][9.636s][info ][gc          ] GC(15) Pause Young (Normal) (G1 Evacuation Pause) 146M->53M(192M) 12.481ms
[2025-04-25T12:44:31.501+0000][9.636s][info ][gc,cpu      ] GC(15) User=0.05s Sys=0.00s Real=0.01s
[2025-04-25T12:44:31.501+0000][9.636s][info ][safepoint   ] Safepoint "G1CollectForAllocation", Time since last: 159204699 ns, Reaching safepoint: 43302 ns, Cleanup: 17474 ns, At safepoint: 12531412 ns, Total: 12592188 ns
[2025-04-25T12:44:31.996+0000][10.130s][debug][safepoint   ] Safepoint synchronization initiated using futex wait barrier. (15 threads)
[2025-04-25T12:44:31.996+0000][10.131s][info ][gc,start    ] GC(16) Pause Young (Normal) (G1 Evacuation Pause)
[2025-04-25T12:44:31.996+0000][10.131s][info ][gc,task     ] GC(16) Using 4 workers of 4 for evacuation
[2025-04-25T12:44:32.006+0000][10.141s][info ][gc,phases   ] GC(16)   Pre Evacuate Collection Set: 0.1ms
[2025-04-25T12:44:32.006+0000][10.141s][info ][gc,phases   ] GC(16)   Merge Heap Roots: 0.1ms
[2025-04-25T12:44:32.006+0000][10.141s][info ][gc,phases   ] GC(16)   Evacuate Collection Set: 9.1ms
[2025-04-25T12:44:32.006+0000][10.141s][info ][gc,phases   ] GC(16)   Post Evacuate Collection Set: 1.2ms
[2025-04-25T12:44:32.006+0000][10.141s][info ][gc,phases   ] GC(16)   Other: 0.1ms
[2025-04-25T12:44:32.006+0000][10.141s][info ][gc,heap     ] GC(16) Eden regions: 97->0(129)
[2025-04-25T12:44:32.006+0000][10.141s][info ][gc,heap     ] GC(16) Survivor regions: 5->8(13)
[2025-04-25T12:44:32.006+0000][10.141s][info ][gc,heap     ] GC(16) Old regions: 48->48
[2025-04-25T12:44:32.006+0000][10.141s][info ][gc,heap     ] GC(16) Archive regions: 2->2
[2025-04-25T12:44:32.006+0000][10.141s][info ][gc,heap     ] GC(16) Humongous regions: 0->0
[2025-04-25T12:44:32.006+0000][10.141s][info ][gc,metaspace] GC(16) Metaspace: 25810K(26240K)->25810K(26240K) NonClass: 22485K(22720K)->22485K(22720K) Class: 3325K(3520K)->3325K(3520K)
[2025-04-25T12:44:32.006+0000][10.141s][info ][gc          ] GC(16) Pause Young (Normal) (G1 Evacuation Pause) 150M->56M(240M) 10.704ms
[2025-04-25T12:44:32.006+0000][10.141s][info ][gc,cpu      ] GC(16) User=0.04s Sys=0.00s Real=0.01s
[2025-04-25T12:44:32.007+0000][10.141s][info ][safepoint   ] Safepoint "G1CollectForAllocation", Time since last: 494183447 ns, Reaching safepoint: 136767 ns, Cleanup: 60695 ns, At safepoint: 10763557 ns, Total: 10961019 ns
[2025-04-25T12:44:32.548+0000][10.682s][debug][safepoint   ] Safepoint synchronization initiated using futex wait barrier. (14 threads)
[2025-04-25T12:44:32.548+0000][10.683s][info ][gc,start    ] GC(17) Pause Young (Normal) (G1 Evacuation Pause)
[2025-04-25T12:44:32.548+0000][10.683s][info ][gc,task     ] GC(17) Using 4 workers of 4 for evacuation
[2025-04-25T12:44:32.557+0000][10.692s][info ][gc,phases   ] GC(17)   Pre Evacuate Collection Set: 0.1ms
[2025-04-25T12:44:32.557+0000][10.692s][info ][gc,phases   ] GC(17)   Merge Heap Roots: 0.1ms
[2025-04-25T12:44:32.557+0000][10.692s][info ][gc,phases   ] GC(17)   Evacuate Collection Set: 8.0ms
[2025-04-25T12:44:32.557+0000][10.692s][info ][gc,phases   ] GC(17)   Post Evacuate Collection Set: 1.0ms
[2025-04-25T12:44:32.557+0000][10.692s][info ][gc,phases   ] GC(17)   Other: 0.3ms
[2025-04-25T12:44:32.557+0000][10.692s][info ][gc,heap     ] GC(17) Eden regions: 129->0(135)
[2025-04-25T12:44:32.557+0000][10.692s][info ][gc,heap     ] GC(17) Survivor regions: 8->9(18)
[2025-04-25T12:44:32.557+0000][10.692s][info ][gc,heap     ] GC(17) Old regions: 48->48
[2025-04-25T12:44:32.557+0000][10.692s][info ][gc,heap     ] GC(17) Archive regions: 2->2
[2025-04-25T12:44:32.557+0000][10.692s][info ][gc,heap     ] GC(17) Humongous regions: 0->0
[2025-04-25T12:44:32.557+0000][10.692s][info ][gc,metaspace] GC(17) Metaspace: 26907K(27264K)->26907K(27264K) NonClass: 23490K(23680K)->23490K(23680K) Class: 3417K(3584K)->3417K(3584K)
[2025-04-25T12:44:32.557+0000][10.692s][info ][gc          ] GC(17) Pause Young (Normal) (G1 Evacuation Pause) 185M->57M(240M) 9.581ms
[2025-04-25T12:44:32.557+0000][10.692s][info ][gc,cpu      ] GC(17) User=0.04s Sys=0.00s Real=0.01s
[2025-04-25T12:44:32.557+0000][10.692s][info ][safepoint   ] Safepoint "G1CollectForAllocation", Time since last: 541135615 ns, Reaching safepoint: 166525 ns, Cleanup: 23290 ns, At safepoint: 9628211 ns, Total: 9818026 ns
[2025-04-25T12:44:33.500+0000][11.635s][debug][safepoint   ] Safepoint synchronization initiated using futex wait barrier. (14 threads)
[2025-04-25T12:44:33.500+0000][11.635s][info ][gc,start    ] GC(18) Pause Young (Normal) (G1 Evacuation Pause)
[2025-04-25T12:44:33.500+0000][11.635s][info ][gc,task     ] GC(18) Using 4 workers of 4 for evacuation
[2025-04-25T12:44:33.511+0000][11.646s][info ][gc,phases   ] GC(18)   Pre Evacuate Collection Set: 0.1ms
[2025-04-25T12:44:33.511+0000][11.646s][info ][gc,phases   ] GC(18)   Merge Heap Roots: 0.1ms
[2025-04-25T12:44:33.511+0000][11.646s][info ][gc,phases   ] GC(18)   Evacuate Collection Set: 9.0ms
[2025-04-25T12:44:33.511+0000][11.646s][info ][gc,phases   ] GC(18)   Post Evacuate Collection Set: 1.3ms
[2025-04-25T12:44:33.511+0000][11.646s][info ][gc,phases   ] GC(18)   Other: 0.2ms
[2025-04-25T12:44:33.511+0000][11.646s][info ][gc,heap     ] GC(18) Eden regions: 135->0(133)
[2025-04-25T12:44:33.511+0000][11.646s][info ][gc,heap     ] GC(18) Survivor regions: 9->11(18)
[2025-04-25T12:44:33.511+0000][11.646s][info ][gc,heap     ] GC(18) Old regions: 48->48
[2025-04-25T12:44:33.511+0000][11.646s][info ][gc,heap     ] GC(18) Archive regions: 2->2
[2025-04-25T12:44:33.511+0000][11.646s][info ][gc,heap     ] GC(18) Humongous regions: 0->0
[2025-04-25T12:44:33.511+0000][11.646s][info ][gc,metaspace] GC(18) Metaspace: 33771K(34112K)->33771K(34112K) NonClass: 29619K(29760K)->29619K(29760K) Class: 4152K(4352K)->4152K(4352K)
[2025-04-25T12:44:33.511+0000][11.646s][info ][gc          ] GC(18) Pause Young (Normal) (G1 Evacuation Pause) 192M->59M(240M) 10.904ms
[2025-04-25T12:44:33.511+0000][11.646s][info ][gc,cpu      ] GC(18) User=0.04s Sys=0.00s Real=0.01s
[2025-04-25T12:44:33.511+0000][11.646s][info ][safepoint   ] Safepoint "G1CollectForAllocation", Time since last: 942435404 ns, Reaching safepoint: 46956 ns, Cleanup: 121015 ns, At safepoint: 10964015 ns, Total: 11131986 ns
[2025-04-25T12:44:34.144+0000][12.279s][debug][safepoint   ] Safepoint synchronization initiated using futex wait barrier. (14 threads)
[2025-04-25T12:44:34.144+0000][12.279s][info ][safepoint   ] Safepoint "ICBufferFull", Time since last: 632966812 ns, Reaching safepoint: 48184 ns, Cleanup: 89618 ns, At safepoint: 7194 ns, Total: 144996 ns
[2025-04-25T12:44:34.364+0000][12.498s][debug][safepoint   ] Safepoint synchronization initiated using futex wait barrier. (14 threads)
[2025-04-25T12:44:34.364+0000][12.499s][info ][gc,start    ] GC(19) Pause Young (Normal) (G1 Evacuation Pause)
[2025-04-25T12:44:34.364+0000][12.499s][info ][gc,task     ] GC(19) Using 4 workers of 4 for evacuation
[2025-04-25T12:44:34.374+0000][12.508s][info ][gc,phases   ] GC(19)   Pre Evacuate Collection Set: 0.1ms
[2025-04-25T12:44:34.374+0000][12.508s][info ][gc,phases   ] GC(19)   Merge Heap Roots: 0.1ms
[2025-04-25T12:44:34.374+0000][12.508s][info ][gc,phases   ] GC(19)   Evacuate Collection Set: 8.3ms
[2025-04-25T12:44:34.374+0000][12.508s][info ][gc,phases   ] GC(19)   Post Evacuate Collection Set: 1.2ms
[2025-04-25T12:44:34.374+0000][12.508s][info ][gc,phases   ] GC(19)   Other: 0.1ms
[2025-04-25T12:44:34.374+0000][12.508s][info ][gc,heap     ] GC(19) Eden regions: 133->0(137)
[2025-04-25T12:44:34.374+0000][12.508s][info ][gc,heap     ] GC(19) Survivor regions: 11->7(18)
[2025-04-25T12:44:34.374+0000][12.508s][info ][gc,heap     ] GC(19) Old regions: 48->51
[2025-04-25T12:44:34.374+0000][12.508s][info ][gc,heap     ] GC(19) Archive regions: 2->2
[2025-04-25T12:44:34.374+0000][12.508s][info ][gc,heap     ] GC(19) Humongous regions: 0->0
[2025-04-25T12:44:34.374+0000][12.508s][info ][gc,metaspace] GC(19) Metaspace: 35116K(35520K)->35116K(35520K) NonClass: 30775K(30976K)->30775K(30976K) Class: 4340K(4544K)->4340K(4544K)
[2025-04-25T12:44:34.374+0000][12.508s][info ][gc          ] GC(19) Pause Young (Normal) (G1 Evacuation Pause) 192M->58M(240M) 9.870ms
[2025-04-25T12:44:34.374+0000][12.508s][info ][gc,cpu      ] GC(19) User=0.04s Sys=0.00s Real=0.01s
[2025-04-25T12:44:34.374+0000][12.508s][info ][safepoint   ] Safepoint "G1CollectForAllocation", Time since last: 219422369 ns, Reaching safepoint: 158225 ns, Cleanup: 71962 ns, At safepoint: 9917399 ns, Total: 10147586 ns
[2025-04-25T12:44:34.556+0000][12.691s][debug][safepoint   ] Safepoint synchronization initiated using futex wait barrier. (14 threads)
[2025-04-25T12:44:34.556+0000][12.691s][info ][gc,start    ] GC(20) Pause Young (Concurrent Start) (Metadata GC Threshold)
[2025-04-25T12:44:34.557+0000][12.691s][info ][gc,task     ] GC(20) Using 4 workers of 4 for evacuation
[2025-04-25T12:44:34.565+0000][12.700s][info ][gc,phases   ] GC(20)   Pre Evacuate Collection Set: 0.1ms
[2025-04-25T12:44:34.565+0000][12.700s][info ][gc,phases   ] GC(20)   Merge Heap Roots: 0.1ms
[2025-04-25T12:44:34.565+0000][12.700s][info ][gc,phases   ] GC(20)   Evacuate Collection Set: 7.2ms
[2025-04-25T12:44:34.565+0000][12.700s][info ][gc,phases   ] GC(20)   Post Evacuate Collection Set: 0.9ms
[2025-04-25T12:44:34.565+0000][12.700s][info ][gc,phases   ] GC(20)   Other: 0.3ms
[2025-04-25T12:44:34.565+0000][12.700s][info ][gc,heap     ] GC(20) Eden regions: 25->0(136)
[2025-04-25T12:44:34.565+0000][12.700s][info ][gc,heap     ] GC(20) Survivor regions: 7->8(18)
[2025-04-25T12:44:34.565+0000][12.700s][info ][gc,heap     ] GC(20) Old regions: 51->51
[2025-04-25T12:44:34.565+0000][12.700s][info ][gc,heap     ] GC(20) Archive regions: 2->2
[2025-04-25T12:44:34.565+0000][12.700s][info ][gc,heap     ] GC(20) Humongous regions: 0->0
[2025-04-25T12:44:34.565+0000][12.700s][info ][gc,metaspace] GC(20) Metaspace: 35800K(36160K)->35800K(36160K) NonClass: 31380K(31552K)->31380K(31552K) Class: 4419K(4608K)->4419K(4608K)
[2025-04-25T12:44:34.565+0000][12.700s][info ][gc          ] GC(20) Pause Young (Concurrent Start) (Metadata GC Threshold) 82M->58M(240M) 8.939ms
[2025-04-25T12:44:34.565+0000][12.700s][info ][gc,cpu      ] GC(20) User=0.04s Sys=0.00s Real=0.01s
[2025-04-25T12:44:34.565+0000][12.700s][info ][gc          ] GC(21) Concurrent Mark Cycle
[2025-04-25T12:44:34.565+0000][12.700s][info ][gc,marking  ] GC(21) Concurrent Clear Claimed Marks
[2025-04-25T12:44:34.565+0000][12.700s][info ][safepoint   ] Safepoint "CollectForMetadataAllocation", Time since last: 182512513 ns, Reaching safepoint: 178407 ns, Cleanup: 25795 ns, At safepoint: 9034582 ns, Total: 9238784 ns
[2025-04-25T12:44:34.565+0000][12.700s][info ][gc,marking  ] GC(21) Concurrent Clear Claimed Marks 0.034ms
[2025-04-25T12:44:34.566+0000][12.700s][info ][gc,marking  ] GC(21) Concurrent Scan Root Regions
[2025-04-25T12:44:34.581+0000][12.716s][info ][gc,marking  ] GC(21) Concurrent Scan Root Regions 15.839ms
[2025-04-25T12:44:34.582+0000][12.716s][info ][gc,marking  ] GC(21) Concurrent Mark
[2025-04-25T12:44:34.582+0000][12.716s][info ][gc,marking  ] GC(21) Concurrent Mark From Roots
[2025-04-25T12:44:34.582+0000][12.716s][info ][gc,task     ] GC(21) Using 1 workers of 1 for marking
[2025-04-25T12:44:34.652+0000][12.787s][debug][safepoint   ] Safepoint synchronization initiated using futex wait barrier. (14 threads)
[2025-04-25T12:44:34.652+0000][12.787s][info ][safepoint   ] Safepoint "CollectForMetadataAllocation", Time since last: 86769760 ns, Reaching safepoint: 160713 ns, Cleanup: 22126 ns, At safepoint: 33780 ns, Total: 216619 ns
[2025-04-25T12:44:34.695+0000][12.830s][info ][gc,marking  ] GC(21) Concurrent Mark From Roots 113.286ms
[2025-04-25T12:44:34.695+0000][12.830s][info ][gc,marking  ] GC(21) Concurrent Preclean
[2025-04-25T12:44:34.695+0000][12.830s][info ][gc,marking  ] GC(21) Concurrent Preclean 0.358ms
[2025-04-25T12:44:34.696+0000][12.830s][debug][safepoint   ] Safepoint synchronization initiated using futex wait barrier. (14 threads)
[2025-04-25T12:44:34.696+0000][12.830s][info ][gc,start    ] GC(21) Pause Remark
[2025-04-25T12:44:34.701+0000][12.836s][info ][gc          ] GC(21) Pause Remark 71M->71M(240M) 5.212ms
[2025-04-25T12:44:34.701+0000][12.836s][info ][gc,cpu      ] GC(21) User=0.02s Sys=0.00s Real=0.00s
[2025-04-25T12:44:34.701+0000][12.836s][info ][safepoint   ] Safepoint "G1PauseRemark", Time since last: 43126199 ns, Reaching safepoint: 98328 ns, Cleanup: 19966 ns, At safepoint: 5319457 ns, Total: 5437751 ns
[2025-04-25T12:44:34.702+0000][12.837s][info ][gc,marking  ] GC(21) Concurrent Mark 120.431ms
[2025-04-25T12:44:34.702+0000][12.837s][info ][gc,marking  ] GC(21) Concurrent Rebuild Remembered Sets
[2025-04-25T12:44:34.757+0000][12.892s][info ][gc,marking  ] GC(21) Concurrent Rebuild Remembered Sets 54.901ms
[2025-04-25T12:44:34.757+0000][12.892s][debug][safepoint   ] Safepoint synchronization initiated using futex wait barrier. (14 threads)
[2025-04-25T12:44:34.757+0000][12.892s][info ][gc,start    ] GC(21) Pause Cleanup
[2025-04-25T12:44:34.758+0000][12.892s][info ][gc          ] GC(21) Pause Cleanup 75M->75M(240M) 0.235ms
[2025-04-25T12:44:34.758+0000][12.892s][info ][gc,cpu      ] GC(21) User=0.00s Sys=0.00s Real=0.00s
[2025-04-25T12:44:34.758+0000][12.892s][info ][safepoint   ] Safepoint "G1PauseCleanup", Time since last: 56140182 ns, Reaching safepoint: 158929 ns, Cleanup: 17621 ns, At safepoint: 358539 ns, Total: 535089 ns
[2025-04-25T12:44:34.758+0000][12.893s][info ][gc,marking  ] GC(21) Concurrent Cleanup for Next Mark
[2025-04-25T12:44:34.761+0000][12.895s][info ][gc,marking  ] GC(21) Concurrent Cleanup for Next Mark 2.751ms
[2025-04-25T12:44:34.761+0000][12.896s][info ][gc          ] GC(21) Concurrent Mark Cycle 195.341ms
[2025-04-25T12:44:35.613+0000][13.748s][debug][safepoint   ] Safepoint synchronization initiated using futex wait barrier. (14 threads)
[2025-04-25T12:44:35.613+0000][13.748s][info ][gc,start    ] GC(22) Pause Young (Prepare Mixed) (G1 Evacuation Pause)
[2025-04-25T12:44:35.614+0000][13.748s][info ][gc,task     ] GC(22) Using 4 workers of 4 for evacuation
[2025-04-25T12:44:35.638+0000][13.772s][info ][gc,phases   ] GC(22)   Pre Evacuate Collection Set: 2.6ms
[2025-04-25T12:44:35.638+0000][13.773s][info ][gc,phases   ] GC(22)   Merge Heap Roots: 0.3ms
[2025-04-25T12:44:35.638+0000][13.773s][info ][gc,phases   ] GC(22)   Evacuate Collection Set: 18.7ms
[2025-04-25T12:44:35.638+0000][13.773s][info ][gc,phases   ] GC(22)   Post Evacuate Collection Set: 2.2ms
[2025-04-25T12:44:35.638+0000][13.773s][info ][gc,phases   ] GC(22)   Other: 0.5ms
[2025-04-25T12:44:35.638+0000][13.773s][info ][gc,heap     ] GC(22) Eden regions: 136->0(4)
[2025-04-25T12:44:35.638+0000][13.773s][info ][gc,heap     ] GC(22) Survivor regions: 8->8(18)
[2025-04-25T12:44:35.638+0000][13.773s][info ][gc,heap     ] GC(22) Old regions: 51->51
[2025-04-25T12:44:35.638+0000][13.773s][info ][gc,heap     ] GC(22) Archive regions: 2->2
[2025-04-25T12:44:35.638+0000][13.773s][info ][gc,heap     ] GC(22) Humongous regions: 0->0
[2025-04-25T12:44:35.638+0000][13.773s][info ][gc,metaspace] GC(22) Metaspace: 39258K(39680K)->39258K(39680K) NonClass: 34334K(34560K)->34334K(34560K) Class: 4923K(5120K)->4923K(5120K)
[2025-04-25T12:44:35.638+0000][13.773s][info ][gc          ] GC(22) Pause Young (Prepare Mixed) (G1 Evacuation Pause) 194M->59M(240M) 24.686ms
[2025-04-25T12:44:35.638+0000][13.773s][info ][gc,cpu      ] GC(22) User=0.05s Sys=0.00s Real=0.03s
[2025-04-25T12:44:35.638+0000][13.773s][info ][safepoint   ] Safepoint "G1CollectForAllocation", Time since last: 855198802 ns, Reaching safepoint: 284813 ns, Cleanup: 127899 ns, At safepoint: 24791668 ns, Total: 25204380 ns
[2025-04-25T12:44:35.739+0000][13.873s][debug][safepoint   ] Safepoint synchronization initiated using futex wait barrier. (14 threads)
[2025-04-25T12:44:35.739+0000][13.874s][info ][gc,start    ] GC(23) Pause Young (Mixed) (G1 Evacuation Pause)
[2025-04-25T12:44:35.739+0000][13.874s][info ][gc,task     ] GC(23) Using 4 workers of 4 for evacuation
[2025-04-25T12:44:35.760+0000][13.895s][info ][gc,phases   ] GC(23)   Pre Evacuate Collection Set: 0.1ms
[2025-04-25T12:44:35.760+0000][13.895s][info ][gc,phases   ] GC(23)   Merge Heap Roots: 0.1ms
[2025-04-25T12:44:35.760+0000][13.895s][info ][gc,phases   ] GC(23)   Evacuate Collection Set: 17.0ms
[2025-04-25T12:44:35.760+0000][13.895s][info ][gc,phases   ] GC(23)   Post Evacuate Collection Set: 1.4ms
[2025-04-25T12:44:35.760+0000][13.895s][info ][gc,phases   ] GC(23)   Other: 2.2ms
[2025-04-25T12:44:35.760+0000][13.895s][info ][gc,heap     ] GC(23) Eden regions: 4->0(142)
[2025-04-25T12:44:35.760+0000][13.895s][info ][gc,heap     ] GC(23) Survivor regions: 8->2(2)
[2025-04-25T12:44:35.760+0000][13.895s][info ][gc,heap     ] GC(23) Old regions: 51->56
[2025-04-25T12:44:35.760+0000][13.895s][info ][gc,heap     ] GC(23) Archive regions: 2->2
[2025-04-25T12:44:35.760+0000][13.895s][info ][gc,heap     ] GC(23) Humongous regions: 0->0
[2025-04-25T12:44:35.760+0000][13.895s][info ][gc,metaspace] GC(23) Metaspace: 39278K(39680K)->39278K(39680K) NonClass: 34354K(34560K)->34354K(34560K) Class: 4923K(5120K)->4923K(5120K)
[2025-04-25T12:44:35.760+0000][13.895s][info ][gc          ] GC(23) Pause Young (Mixed) (G1 Evacuation Pause) 63M->58M(240M) 21.148ms
[2025-04-25T12:44:35.760+0000][13.895s][info ][gc,cpu      ] GC(23) User=0.04s Sys=0.00s Real=0.02s
[2025-04-25T12:44:35.760+0000][13.895s][info ][safepoint   ] Safepoint "G1CollectForAllocation", Time since last: 100537769 ns, Reaching safepoint: 244901 ns, Cleanup: 19668 ns, At safepoint: 21212562 ns, Total: 21477131 ns
[2025-04-25T12:44:36.763+0000][14.898s][debug][safepoint   ] Safepoint synchronization initiated using futex wait barrier. (15 threads)
[2025-04-25T12:44:36.765+0000][14.900s][info ][safepoint   ] Safepoint "Cleanup", Time since last: 1002936409 ns, Reaching safepoint: 153842 ns, Cleanup: 645889 ns, At safepoint: 1255469 ns, Total: 2055200 ns
[2025-04-25T12:44:37.605+0000][15.740s][debug][safepoint   ] Safepoint synchronization initiated using futex wait barrier. (15 threads)
[2025-04-25T12:44:37.605+0000][15.740s][info ][gc,start    ] GC(24) Pause Young (Concurrent Start) (G1 Evacuation Pause)
[2025-04-25T12:44:37.605+0000][15.740s][info ][gc,task     ] GC(24) Using 4 workers of 4 for evacuation
[2025-04-25T12:44:37.617+0000][15.752s][info ][gc,phases   ] GC(24)   Pre Evacuate Collection Set: 0.2ms
[2025-04-25T12:44:37.617+0000][15.752s][info ][gc,phases   ] GC(24)   Merge Heap Roots: 0.2ms
[2025-04-25T12:44:37.617+0000][15.752s][info ][gc,phases   ] GC(24)   Evacuate Collection Set: 9.5ms
[2025-04-25T12:44:37.617+0000][15.752s][info ][gc,phases   ] GC(24)   Post Evacuate Collection Set: 1.5ms
[2025-04-25T12:44:37.617+0000][15.752s][info ][gc,phases   ] GC(24)   Other: 0.2ms
[2025-04-25T12:44:37.617+0000][15.752s][info ][gc,heap     ] GC(24) Eden regions: 142->0(141)
[2025-04-25T12:44:37.617+0000][15.752s][info ][gc,heap     ] GC(24) Survivor regions: 2->3(18)
[2025-04-25T12:44:37.617+0000][15.752s][info ][gc,heap     ] GC(24) Old regions: 56->56
[2025-04-25T12:44:37.617+0000][15.752s][info ][gc,heap     ] GC(24) Archive regions: 2->2
[2025-04-25T12:44:37.617+0000][15.752s][info ][gc,heap     ] GC(24) Humongous regions: 0->0
[2025-04-25T12:44:37.617+0000][15.752s][info ][gc,metaspace] GC(24) Metaspace: 41825K(42240K)->41825K(42240K) NonClass: 36549K(36800K)->36549K(36800K) Class: 5275K(5440K)->5275K(5440K)
[2025-04-25T12:44:37.617+0000][15.752s][info ][gc          ] GC(24) Pause Young (Concurrent Start) (G1 Evacuation Pause) 200M->59M(240M) 12.168ms
[2025-04-25T12:44:37.617+0000][15.752s][info ][gc,cpu      ] GC(24) User=0.03s Sys=0.00s Real=0.02s
[2025-04-25T12:44:37.617+0000][15.752s][info ][safepoint   ] Safepoint "G1CollectForAllocation", Time since last: 839848923 ns, Reaching safepoint: 73530 ns, Cleanup: 60379 ns, At safepoint: 12274594 ns, Total: 12408503 ns
[2025-04-25T12:44:37.619+0000][15.754s][info ][gc          ] GC(25) Concurrent Mark Cycle
[2025-04-25T12:44:37.619+0000][15.754s][info ][gc,marking  ] GC(25) Concurrent Clear Claimed Marks
[2025-04-25T12:44:37.619+0000][15.754s][info ][gc,marking  ] GC(25) Concurrent Clear Claimed Marks 0.041ms
[2025-04-25T12:44:37.619+0000][15.754s][info ][gc,marking  ] GC(25) Concurrent Scan Root Regions
[2025-04-25T12:44:37.632+0000][15.766s][info ][gc,marking  ] GC(25) Concurrent Scan Root Regions 12.616ms
[2025-04-25T12:44:37.632+0000][15.766s][info ][gc,marking  ] GC(25) Concurrent Mark
[2025-04-25T12:44:37.632+0000][15.766s][info ][gc,marking  ] GC(25) Concurrent Mark From Roots
[2025-04-25T12:44:37.632+0000][15.766s][info ][gc,task     ] GC(25) Using 1 workers of 1 for marking
[2025-04-25T12:44:37.834+0000][15.969s][info ][gc,marking  ] GC(25) Concurrent Mark From Roots 202.159ms
[2025-04-25T12:44:37.834+0000][15.969s][info ][gc,marking  ] GC(25) Concurrent Preclean
[2025-04-25T12:44:37.834+0000][15.969s][info ][gc,marking  ] GC(25) Concurrent Preclean 0.293ms
[2025-04-25T12:44:37.834+0000][15.969s][debug][safepoint   ] Safepoint synchronization initiated using futex wait barrier. (15 threads)
[2025-04-25T12:44:37.834+0000][15.969s][info ][gc,start    ] GC(25) Pause Remark
[2025-04-25T12:44:37.838+0000][15.973s][info ][gc          ] GC(25) Pause Remark 75M->75M(240M) 3.801ms
[2025-04-25T12:44:37.838+0000][15.973s][info ][gc,cpu      ] GC(25) User=0.01s Sys=0.00s Real=0.01s
[2025-04-25T12:44:37.838+0000][15.973s][info ][safepoint   ] Safepoint "G1PauseRemark", Time since last: 216845569 ns, Reaching safepoint: 95374 ns, Cleanup: 31315 ns, At safepoint: 4093054 ns, Total: 4219743 ns
[2025-04-25T12:44:37.839+0000][15.973s][info ][gc,marking  ] GC(25) Concurrent Mark 207.037ms
[2025-04-25T12:44:37.839+0000][15.974s][info ][gc,marking  ] GC(25) Concurrent Rebuild Remembered Sets
[2025-04-25T12:44:37.898+0000][16.033s][info ][gc,marking  ] GC(25) Concurrent Rebuild Remembered Sets 59.019ms
[2025-04-25T12:44:37.898+0000][16.033s][debug][safepoint   ] Safepoint synchronization initiated using futex wait barrier. (15 threads)
[2025-04-25T12:44:37.898+0000][16.033s][info ][gc,start    ] GC(25) Pause Cleanup
[2025-04-25T12:44:37.898+0000][16.033s][info ][gc          ] GC(25) Pause Cleanup 82M->82M(240M) 0.316ms
[2025-04-25T12:44:37.898+0000][16.033s][info ][gc,cpu      ] GC(25) User=0.01s Sys=0.00s Real=0.00s
[2025-04-25T12:44:37.898+0000][16.033s][info ][safepoint   ] Safepoint "G1PauseCleanup", Time since last: 59558070 ns, Reaching safepoint: 88879 ns, Cleanup: 13599 ns, At safepoint: 393205 ns, Total: 495683 ns
[2025-04-25T12:44:37.899+0000][16.033s][info ][gc,marking  ] GC(25) Concurrent Cleanup for Next Mark
[2025-04-25T12:44:37.901+0000][16.035s][info ][gc,marking  ] GC(25) Concurrent Cleanup for Next Mark 2.183ms
[2025-04-25T12:44:37.901+0000][16.036s][info ][gc          ] GC(25) Concurrent Mark Cycle 282.031ms
[2025-04-25T12:44:38.930+0000][17.064s][debug][safepoint   ] Safepoint synchronization initiated using futex wait barrier. (15 threads)
[2025-04-25T12:44:38.930+0000][17.064s][info ][safepoint   ] Safepoint "ICBufferFull", Time since last: 1031074876 ns, Reaching safepoint: 50690 ns, Cleanup: 120841 ns, At safepoint: 2887 ns, Total: 174418 ns
[2025-04-25T12:44:39.212+0000][17.346s][debug][safepoint   ] Safepoint synchronization initiated using futex wait barrier. (15 threads)
[2025-04-25T12:44:39.212+0000][17.347s][info ][gc,start    ] GC(26) Pause Young (Prepare Mixed) (G1 Evacuation Pause)
[2025-04-25T12:44:39.212+0000][17.347s][info ][gc,task     ] GC(26) Using 4 workers of 4 for evacuation
[2025-04-25T12:44:39.227+0000][17.361s][info ][gc,phases   ] GC(26)   Pre Evacuate Collection Set: 0.1ms
[2025-04-25T12:44:39.227+0000][17.361s][info ][gc,phases   ] GC(26)   Merge Heap Roots: 0.1ms
[2025-04-25T12:44:39.227+0000][17.362s][info ][gc,phases   ] GC(26)   Evacuate Collection Set: 12.4ms
[2025-04-25T12:44:39.227+0000][17.362s][info ][gc,phases   ] GC(26)   Post Evacuate Collection Set: 1.6ms
[2025-04-25T12:44:39.227+0000][17.362s][info ][gc,phases   ] GC(26)   Other: 0.3ms
[2025-04-25T12:44:39.227+0000][17.362s][info ][gc,heap     ] GC(26) Eden regions: 141->0(6)
[2025-04-25T12:44:39.227+0000][17.362s][info ][gc,heap     ] GC(26) Survivor regions: 3->6(18)
[2025-04-25T12:44:39.227+0000][17.362s][info ][gc,heap     ] GC(26) Old regions: 56->56
[2025-04-25T12:44:39.227+0000][17.362s][info ][gc,heap     ] GC(26) Archive regions: 2->2
[2025-04-25T12:44:39.227+0000][17.362s][info ][gc,heap     ] GC(26) Humongous regions: 0->0
[2025-04-25T12:44:39.227+0000][17.362s][info ][gc,metaspace] GC(26) Metaspace: 45545K(46016K)->45545K(46016K) NonClass: 39745K(40000K)->39745K(40000K) Class: 5799K(6016K)->5799K(6016K)
[2025-04-25T12:44:39.227+0000][17.362s][info ][gc          ] GC(26) Pause Young (Prepare Mixed) (G1 Evacuation Pause) 200M->62M(240M) 14.803ms
[2025-04-25T12:44:39.227+0000][17.362s][info ][gc,cpu      ] GC(26) User=0.05s Sys=0.00s Real=0.02s
[2025-04-25T12:44:39.227+0000][17.362s][info ][safepoint   ] Safepoint "G1CollectForAllocation", Time since last: 281913035 ns, Reaching safepoint: 329910 ns, Cleanup: 26192 ns, At safepoint: 14871663 ns, Total: 15227765 ns
[2025-04-25T12:44:39.279+0000][17.414s][debug][safepoint   ] Safepoint synchronization initiated using futex wait barrier. (15 threads)
[2025-04-25T12:44:39.279+0000][17.414s][info ][gc,start    ] GC(27) Pause Young (Mixed) (G1 Evacuation Pause)
[2025-04-25T12:44:39.279+0000][17.414s][info ][gc,task     ] GC(27) Using 4 workers of 4 for evacuation
[2025-04-25T12:44:39.290+0000][17.425s][info ][gc,phases   ] GC(27)   Pre Evacuate Collection Set: 0.1ms
[2025-04-25T12:44:39.290+0000][17.425s][info ][gc,phases   ] GC(27)   Merge Heap Roots: 0.1ms
[2025-04-25T12:44:39.290+0000][17.425s][info ][gc,phases   ] GC(27)   Evacuate Collection Set: 9.5ms
[2025-04-25T12:44:39.290+0000][17.425s][info ][gc,phases   ] GC(27)   Post Evacuate Collection Set: 0.9ms
[2025-04-25T12:44:39.290+0000][17.425s][info ][gc,phases   ] GC(27)   Other: 0.3ms
[2025-04-25T12:44:39.290+0000][17.425s][info ][gc,heap     ] GC(27) Eden regions: 6->0(141)
[2025-04-25T12:44:39.290+0000][17.425s][info ][gc,heap     ] GC(27) Survivor regions: 6->1(2)
[2025-04-25T12:44:39.290+0000][17.425s][info ][gc,heap     ] GC(27) Old regions: 56->61
[2025-04-25T12:44:39.290+0000][17.425s][info ][gc,heap     ] GC(27) Archive regions: 2->2
[2025-04-25T12:44:39.290+0000][17.425s][info ][gc,heap     ] GC(27) Humongous regions: 0->0
[2025-04-25T12:44:39.290+0000][17.425s][info ][gc,metaspace] GC(27) Metaspace: 45675K(46080K)->45675K(46080K) NonClass: 39847K(40064K)->39847K(40064K) Class: 5827K(6016K)->5827K(6016K)
[2025-04-25T12:44:39.290+0000][17.425s][info ][gc          ] GC(27) Pause Young (Mixed) (G1 Evacuation Pause) 68M->62M(240M) 10.971ms
[2025-04-25T12:44:39.290+0000][17.425s][info ][gc,cpu      ] GC(27) User=0.05s Sys=0.00s Real=0.01s
[2025-04-25T12:44:39.290+0000][17.425s][info ][safepoint   ] Safepoint "G1CollectForAllocation", Time since last: 51903065 ns, Reaching safepoint: 183445 ns, Cleanup: 14569 ns, At safepoint: 11027766 ns, Total: 11225780 ns
[2025-04-25T12:44:40.382+0000][18.517s][debug][safepoint   ] Safepoint synchronization initiated using futex wait barrier. (15 threads)
[2025-04-25T12:44:40.383+0000][18.517s][info ][safepoint   ] Safepoint "Cleanup", Time since last: 1092364355 ns, Reaching safepoint: 106164 ns, Cleanup: 201023 ns, At safepoint: 6835 ns, Total: 314022 ns
[2025-04-25T12:44:41.004+0000][19.138s][debug][safepoint   ] Safepoint synchronization initiated using futex wait barrier. (16 threads)
[2025-04-25T12:44:41.004+0000][19.139s][info ][gc,start    ] GC(28) Pause Young (Normal) (G1 Evacuation Pause)
[2025-04-25T12:44:41.004+0000][19.139s][info ][gc,task     ] GC(28) Using 4 workers of 4 for evacuation
[2025-04-25T12:44:41.012+0000][19.146s][info ][gc,phases   ] GC(28)   Pre Evacuate Collection Set: 0.1ms
[2025-04-25T12:44:41.012+0000][19.147s][info ][gc,phases   ] GC(28)   Merge Heap Roots: 0.1ms
[2025-04-25T12:44:41.012+0000][19.147s][info ][gc,phases   ] GC(28)   Evacuate Collection Set: 4.2ms
[2025-04-25T12:44:41.012+0000][19.147s][info ][gc,phases   ] GC(28)   Post Evacuate Collection Set: 3.0ms
[2025-04-25T12:44:41.012+0000][19.147s][info ][gc,phases   ] GC(28)   Other: 0.2ms
[2025-04-25T12:44:41.012+0000][19.147s][info ][gc,heap     ] GC(28) Eden regions: 141->0(278)
[2025-04-25T12:44:41.012+0000][19.147s][info ][gc,heap     ] GC(28) Survivor regions: 1->3(18)
[2025-04-25T12:44:41.012+0000][19.147s][info ][gc,heap     ] GC(28) Old regions: 61->61
[2025-04-25T12:44:41.012+0000][19.147s][info ][gc,heap     ] GC(28) Archive regions: 2->2
[2025-04-25T12:44:41.012+0000][19.147s][info ][gc,heap     ] GC(28) Humongous regions: 0->0
[2025-04-25T12:44:41.012+0000][19.147s][info ][gc,metaspace] GC(28) Metaspace: 52870K(53376K)->52870K(53376K) NonClass: 46208K(46464K)->46208K(46464K) Class: 6661K(6912K)->6661K(6912K)
[2025-04-25T12:44:41.012+0000][19.147s][info ][gc          ] GC(28) Pause Young (Normal) (G1 Evacuation Pause) 203M->63M(469M) 7.984ms
[2025-04-25T12:44:41.012+0000][19.147s][info ][gc,cpu      ] GC(28) User=0.02s Sys=0.00s Real=0.01s
[2025-04-25T12:44:41.012+0000][19.147s][info ][safepoint   ] Safepoint "G1CollectForAllocation", Time since last: 621048212 ns, Reaching safepoint: 203269 ns, Cleanup: 86238 ns, At safepoint: 8029895 ns, Total: 8319402 ns
[2025-04-25T12:44:42.102+0000][20.236s][debug][safepoint   ] Safepoint synchronization initiated using futex wait barrier. (17 threads)
[2025-04-25T12:44:42.102+0000][20.237s][info ][safepoint   ] Safepoint "Cleanup", Time since last: 1089635564 ns, Reaching safepoint: 139971 ns, Cleanup: 68808 ns, At safepoint: 10626 ns, Total: 219405 ns
[2025-04-25T12:44:42.482+0000][20.616s][debug][safepoint   ] Safepoint synchronization initiated using futex wait barrier. (17 threads)
[2025-04-25T12:44:42.482+0000][20.617s][info ][safepoint   ] Safepoint "ICBufferFull", Time since last: 379659996 ns, Reaching safepoint: 56314 ns, Cleanup: 146197 ns, At safepoint: 3579 ns, Total: 206090 ns
[2025-04-25T12:44:44.310+0000][22.445s][debug][safepoint   ] Safepoint synchronization initiated using futex wait barrier. (17 threads)
[2025-04-25T12:44:44.311+0000][22.445s][info ][safepoint   ] Safepoint "Cleanup", Time since last: 1828540955 ns, Reaching safepoint: 113384 ns, Cleanup: 79169 ns, At safepoint: 3377 ns, Total: 195930 ns
[2025-04-25T12:44:45.339+0000][23.474s][debug][safepoint   ] Safepoint synchronization initiated using futex wait barrier. (20 threads)
[2025-04-25T12:44:45.340+0000][23.474s][info ][gc,start    ] GC(29) Pause Young (Normal) (G1 Evacuation Pause)
[2025-04-25T12:44:45.340+0000][23.474s][info ][gc,task     ] GC(29) Using 4 workers of 4 for evacuation
[2025-04-25T12:44:45.354+0000][23.489s][info ][gc,phases   ] GC(29)   Pre Evacuate Collection Set: 0.2ms
[2025-04-25T12:44:45.354+0000][23.489s][info ][gc,phases   ] GC(29)   Merge Heap Roots: 0.1ms
[2025-04-25T12:44:45.354+0000][23.489s][info ][gc,phases   ] GC(29)   Evacuate Collection Set: 12.2ms
[2025-04-25T12:44:45.354+0000][23.489s][info ][gc,phases   ] GC(29)   Post Evacuate Collection Set: 2.1ms
[2025-04-25T12:44:45.354+0000][23.489s][info ][gc,phases   ] GC(29)   Other: 0.2ms
[2025-04-25T12:44:45.354+0000][23.489s][info ][gc,heap     ] GC(29) Eden regions: 278->0(274)
[2025-04-25T12:44:45.354+0000][23.489s][info ][gc,heap     ] GC(29) Survivor regions: 3->7(36)
[2025-04-25T12:44:45.354+0000][23.489s][info ][gc,heap     ] GC(29) Old regions: 61->61
[2025-04-25T12:44:45.354+0000][23.489s][info ][gc,heap     ] GC(29) Archive regions: 2->2
[2025-04-25T12:44:45.354+0000][23.489s][info ][gc,heap     ] GC(29) Humongous regions: 0->0
[2025-04-25T12:44:45.354+0000][23.489s][info ][gc,metaspace] GC(29) Metaspace: 62839K(63296K)->62839K(63296K) NonClass: 54873K(55104K)->54873K(55104K) Class: 7965K(8192K)->7965K(8192K)
[2025-04-25T12:44:45.354+0000][23.489s][info ][gc          ] GC(29) Pause Young (Normal) (G1 Evacuation Pause) 341M->68M(469M) 14.841ms
[2025-04-25T12:44:45.354+0000][23.489s][info ][gc,cpu      ] GC(29) User=0.05s Sys=0.00s Real=0.01s
[2025-04-25T12:44:45.354+0000][23.489s][info ][safepoint   ] Safepoint "G1CollectForAllocation", Time since last: 1028814904 ns, Reaching safepoint: 45479 ns, Cleanup: 125857 ns, At safepoint: 14888858 ns, Total: 15060194 ns
[2025-04-25T12:44:46.354+0000][24.489s][debug][safepoint   ] Safepoint synchronization initiated using futex wait barrier. (20 threads)
[2025-04-25T12:44:46.356+0000][24.491s][info ][safepoint   ] Safepoint "Cleanup", Time since last: 1000110575 ns, Reaching safepoint: 109762 ns, Cleanup: 1193235 ns, At safepoint: 8173 ns, Total: 1311170 ns
[2025-04-25T12:44:46.980+0000][25.115s][debug][safepoint   ] Safepoint synchronization initiated using futex wait barrier. (21 threads)
[2025-04-25T12:44:46.980+0000][25.115s][info ][safepoint   ] Safepoint "ICBufferFull", Time since last: 623982189 ns, Reaching safepoint: 168361 ns, Cleanup: 82333 ns, At safepoint: 6241 ns, Total: 256935 ns
[2025-04-25T12:44:47.339+0000][25.474s][debug][safepoint   ] Safepoint synchronization initiated using futex wait barrier. (21 threads)
[2025-04-25T12:44:47.339+0000][25.474s][info ][gc,start    ] GC(30) Pause Young (Normal) (G1 Evacuation Pause)
[2025-04-25T12:44:47.339+0000][25.474s][info ][gc,task     ] GC(30) Using 4 workers of 4 for evacuation
[2025-04-25T12:44:47.354+0000][25.489s][info ][gc,phases   ] GC(30)   Pre Evacuate Collection Set: 0.1ms
[2025-04-25T12:44:47.354+0000][25.489s][info ][gc,phases   ] GC(30)   Merge Heap Roots: 0.1ms
[2025-04-25T12:44:47.354+0000][25.489s][info ][gc,phases   ] GC(30)   Evacuate Collection Set: 12.6ms
[2025-04-25T12:44:47.354+0000][25.489s][info ][gc,phases   ] GC(30)   Post Evacuate Collection Set: 1.7ms
[2025-04-25T12:44:47.354+0000][25.489s][info ][gc,phases   ] GC(30)   Other: 0.1ms
[2025-04-25T12:44:47.354+0000][25.489s][info ][gc,heap     ] GC(30) Eden regions: 274->0(271)
[2025-04-25T12:44:47.354+0000][25.489s][info ][gc,heap     ] GC(30) Survivor regions: 7->10(36)
[2025-04-25T12:44:47.354+0000][25.489s][info ][gc,heap     ] GC(30) Old regions: 61->61
[2025-04-25T12:44:47.354+0000][25.489s][info ][gc,heap     ] GC(30) Archive regions: 2->2
[2025-04-25T12:44:47.354+0000][25.489s][info ][gc,heap     ] GC(30) Humongous regions: 0->0
[2025-04-25T12:44:47.354+0000][25.489s][info ][gc,metaspace] GC(30) Metaspace: 68616K(69056K)->68616K(69056K) NonClass: 59866K(60096K)->59866K(60096K) Class: 8750K(8960K)->8750K(8960K)
[2025-04-25T12:44:47.354+0000][25.489s][info ][gc          ] GC(30) Pause Young (Normal) (G1 Evacuation Pause) 342M->71M(469M) 14.768ms
[2025-04-25T12:44:47.354+0000][25.489s][info ][gc,cpu      ] GC(30) User=0.06s Sys=0.00s Real=0.01s
[2025-04-25T12:44:47.354+0000][25.489s][info ][safepoint   ] Safepoint "G1CollectForAllocation", Time since last: 359021716 ns, Reaching safepoint: 69767 ns, Cleanup: 87402 ns, At safepoint: 14856011 ns, Total: 15013180 ns
[2025-04-25T12:44:47.868+0000][26.003s][debug][safepoint   ] Safepoint synchronization initiated using futex wait barrier. (21 threads)
[2025-04-25T12:44:47.868+0000][26.003s][info ][gc,start    ] GC(31) Pause Young (Concurrent Start) (Metadata GC Threshold)
[2025-04-25T12:44:47.868+0000][26.003s][info ][gc,task     ] GC(31) Using 4 workers of 4 for evacuation
[2025-04-25T12:44:47.881+0000][26.016s][info ][gc,phases   ] GC(31)   Pre Evacuate Collection Set: 0.1ms
[2025-04-25T12:44:47.882+0000][26.016s][info ][gc,phases   ] GC(31)   Merge Heap Roots: 0.1ms
[2025-04-25T12:44:47.882+0000][26.016s][info ][gc,phases   ] GC(31)   Evacuate Collection Set: 11.6ms
[2025-04-25T12:44:47.882+0000][26.016s][info ][gc,phases   ] GC(31)   Post Evacuate Collection Set: 1.3ms
[2025-04-25T12:44:47.882+0000][26.016s][info ][gc,phases   ] GC(31)   Other: 0.1ms
[2025-04-25T12:44:47.882+0000][26.016s][info ][gc,heap     ] GC(31) Eden regions: 68->0(269)
[2025-04-25T12:44:47.882+0000][26.016s][info ][gc,heap     ] GC(31) Survivor regions: 10->12(36)
[2025-04-25T12:44:47.882+0000][26.016s][info ][gc,heap     ] GC(31) Old regions: 61->61
[2025-04-25T12:44:47.882+0000][26.016s][info ][gc,heap     ] GC(31) Archive regions: 2->2
[2025-04-25T12:44:47.882+0000][26.016s][info ][gc,heap     ] GC(31) Humongous regions: 0->0
[2025-04-25T12:44:47.882+0000][26.016s][info ][gc,metaspace] GC(31) Metaspace: 70243K(70720K)->70243K(70720K) NonClass: 61305K(61568K)->61305K(61568K) Class: 8937K(9152K)->8937K(9152K)
[2025-04-25T12:44:47.882+0000][26.016s][info ][gc          ] GC(31) Pause Young (Concurrent Start) (Metadata GC Threshold) 138M->73M(469M) 13.379ms
[2025-04-25T12:44:47.882+0000][26.016s][info ][gc,cpu      ] GC(31) User=0.05s Sys=0.00s Real=0.01s
[2025-04-25T12:44:47.882+0000][26.016s][info ][gc          ] GC(32) Concurrent Mark Cycle
[2025-04-25T12:44:47.882+0000][26.016s][info ][gc,marking  ] GC(32) Concurrent Clear Claimed Marks
[2025-04-25T12:44:47.882+0000][26.016s][info ][safepoint   ] Safepoint "CollectForMetadataAllocation", Time since last: 514010314 ns, Reaching safepoint: 35013 ns, Cleanup: 72884 ns, At safepoint: 13461204 ns, Total: 13569101 ns
[2025-04-25T12:44:47.882+0000][26.016s][info ][gc,marking  ] GC(32) Concurrent Clear Claimed Marks 0.040ms
[2025-04-25T12:44:47.882+0000][26.016s][info ][gc,marking  ] GC(32) Concurrent Scan Root Regions
[2025-04-25T12:44:47.892+0000][26.027s][info ][gc,marking  ] GC(32) Concurrent Scan Root Regions 10.047ms
[2025-04-25T12:44:47.892+0000][26.027s][info ][gc,marking  ] GC(32) Concurrent Mark
[2025-04-25T12:44:47.892+0000][26.027s][info ][gc,marking  ] GC(32) Concurrent Mark From Roots
[2025-04-25T12:44:47.892+0000][26.027s][info ][gc,task     ] GC(32) Using 1 workers of 1 for marking
[2025-04-25T12:44:47.959+0000][26.094s][debug][safepoint   ] Safepoint synchronization initiated using futex wait barrier. (21 threads)
[2025-04-25T12:44:47.959+0000][26.094s][info ][safepoint   ] Safepoint "CollectForMetadataAllocation", Time since last: 77396448 ns, Reaching safepoint: 87768 ns, Cleanup: 10476 ns, At safepoint: 29764 ns, Total: 128008 ns
[2025-04-25T12:44:48.000+0000][26.134s][info ][gc,marking  ] GC(32) Concurrent Mark From Roots 107.852ms
[2025-04-25T12:44:48.000+0000][26.134s][info ][gc,marking  ] GC(32) Concurrent Preclean
[2025-04-25T12:44:48.000+0000][26.135s][info ][gc,marking  ] GC(32) Concurrent Preclean 0.235ms
[2025-04-25T12:44:48.000+0000][26.135s][debug][safepoint   ] Safepoint synchronization initiated using futex wait barrier. (20 threads)
[2025-04-25T12:44:48.000+0000][26.135s][debug][safepoint   ] ... found polling page loop exception at pc = 0x00007ff9893dfc6c, stub =0x00007ff98898e400
[2025-04-25T12:44:48.000+0000][26.135s][info ][gc,start    ] GC(32) Pause Remark
[2025-04-25T12:44:48.006+0000][26.140s][info ][gc          ] GC(32) Pause Remark 98M->98M(334M) 5.677ms
[2025-04-25T12:44:48.006+0000][26.141s][info ][gc,cpu      ] GC(32) User=0.02s Sys=0.00s Real=0.01s
[2025-04-25T12:44:48.006+0000][26.141s][info ][safepoint   ] Safepoint "G1PauseRemark", Time since last: 40765240 ns, Reaching safepoint: 82187 ns, Cleanup: 2304 ns, At safepoint: 5779752 ns, Total: 5864243 ns
[2025-04-25T12:44:48.006+0000][26.141s][info ][gc,marking  ] GC(32) Concurrent Mark 114.250ms
[2025-04-25T12:44:48.006+0000][26.141s][info ][gc,marking  ] GC(32) Concurrent Rebuild Remembered Sets
[2025-04-25T12:44:48.077+0000][26.212s][info ][gc,marking  ] GC(32) Concurrent Rebuild Remembered Sets 70.789ms
[2025-04-25T12:44:48.077+0000][26.212s][debug][safepoint   ] Safepoint synchronization initiated using futex wait barrier. (20 threads)
[2025-04-25T12:44:48.077+0000][26.212s][info ][gc,start    ] GC(32) Pause Cleanup
[2025-04-25T12:44:48.077+0000][26.212s][info ][gc          ] GC(32) Pause Cleanup 108M->108M(334M) 0.119ms
[2025-04-25T12:44:48.077+0000][26.212s][info ][gc,cpu      ] GC(32) User=0.00s Sys=0.00s Real=0.00s
[2025-04-25T12:44:48.077+0000][26.212s][info ][safepoint   ] Safepoint "G1PauseCleanup", Time since last: 71098117 ns, Reaching safepoint: 76057 ns, Cleanup: 19540 ns, At safepoint: 157123 ns, Total: 252720 ns
[2025-04-25T12:44:48.077+0000][26.212s][info ][gc,marking  ] GC(32) Concurrent Cleanup for Next Mark
[2025-04-25T12:44:48.078+0000][26.213s][info ][gc,marking  ] GC(32) Concurrent Cleanup for Next Mark 1.159ms
[2025-04-25T12:44:48.078+0000][26.213s][info ][gc          ] GC(32) Concurrent Mark Cycle 196.759ms
[2025-04-25T12:44:48.281+0000][26.416s][debug][safepoint   ] Safepoint synchronization initiated using futex wait barrier. (21 threads)
[2025-04-25T12:44:48.281+0000][26.416s][info ][safepoint   ] Safepoint "ICBufferFull", Time since last: 203848466 ns, Reaching safepoint: 82904 ns, Cleanup: 126583 ns, At safepoint: 8046 ns, Total: 217533 ns
[2025-04-25T12:44:49.145+0000][27.280s][debug][safepoint   ] Safepoint synchronization initiated using futex wait barrier. (21 threads)
[2025-04-25T12:44:49.145+0000][27.280s][info ][gc,start    ] GC(33) Pause Young (Prepare Mixed) (G1 Evacuation Pause)
[2025-04-25T12:44:49.145+0000][27.280s][info ][gc,task     ] GC(33) Using 4 workers of 4 for evacuation
[2025-04-25T12:44:49.160+0000][27.295s][info ][gc,phases   ] GC(33)   Pre Evacuate Collection Set: 0.1ms
[2025-04-25T12:44:49.160+0000][27.295s][info ][gc,phases   ] GC(33)   Merge Heap Roots: 0.1ms
[2025-04-25T12:44:49.160+0000][27.295s][info ][gc,phases   ] GC(33)   Evacuate Collection Set: 13.0ms
[2025-04-25T12:44:49.160+0000][27.295s][info ][gc,phases   ] GC(33)   Post Evacuate Collection Set: 1.4ms
[2025-04-25T12:44:49.160+0000][27.295s][info ][gc,phases   ] GC(33)   Other: 0.1ms
[2025-04-25T12:44:49.160+0000][27.295s][info ][gc,heap     ] GC(33) Eden regions: 188->0(3)
[2025-04-25T12:44:49.160+0000][27.295s][info ][gc,heap     ] GC(33) Survivor regions: 12->13(25)
[2025-04-25T12:44:49.160+0000][27.295s][info ][gc,heap     ] GC(33) Old regions: 61->61
[2025-04-25T12:44:49.160+0000][27.295s][info ][gc,heap     ] GC(33) Archive regions: 2->2
[2025-04-25T12:44:49.160+0000][27.295s][info ][gc,heap     ] GC(33) Humongous regions: 0->0
[2025-04-25T12:44:49.160+0000][27.295s][info ][gc,metaspace] GC(33) Metaspace: 76189K(76608K)->76189K(76608K) NonClass: 66306K(66496K)->66306K(66496K) Class: 9882K(10112K)->9882K(10112K)
[2025-04-25T12:44:49.160+0000][27.295s][info ][gc          ] GC(33) Pause Young (Prepare Mixed) (G1 Evacuation Pause) 261M->74M(334M) 14.839ms
[2025-04-25T12:44:49.160+0000][27.295s][info ][gc,cpu      ] GC(33) User=0.05s Sys=0.00s Real=0.01s
[2025-04-25T12:44:49.160+0000][27.295s][info ][safepoint   ] Safepoint "G1CollectForAllocation", Time since last: 864110890 ns, Reaching safepoint: 35869 ns, Cleanup: 89646 ns, At safepoint: 14893598 ns, Total: 15019113 ns
[2025-04-25T12:44:49.176+0000][27.311s][debug][safepoint   ] Safepoint synchronization initiated using futex wait barrier. (20 threads)
[2025-04-25T12:44:49.176+0000][27.311s][info ][gc,start    ] GC(34) Pause Young (Mixed) (G1 Evacuation Pause)
[2025-04-25T12:44:49.176+0000][27.311s][info ][gc,task     ] GC(34) Using 4 workers of 4 for evacuation
[2025-04-25T12:44:49.193+0000][27.328s][info ][gc,phases   ] GC(34)   Pre Evacuate Collection Set: 0.1ms
[2025-04-25T12:44:49.193+0000][27.328s][info ][gc,phases   ] GC(34)   Merge Heap Roots: 0.1ms
[2025-04-25T12:44:49.193+0000][27.328s][info ][gc,phases   ] GC(34)   Evacuate Collection Set: 15.2ms
[2025-04-25T12:44:49.193+0000][27.328s][info ][gc,phases   ] GC(34)   Post Evacuate Collection Set: 1.6ms
[2025-04-25T12:44:49.193+0000][27.328s][info ][gc,phases   ] GC(34)   Other: 0.1ms
[2025-04-25T12:44:49.193+0000][27.328s][info ][gc,heap     ] GC(34) Eden regions: 3->0(198)
[2025-04-25T12:44:49.193+0000][27.328s][info ][gc,heap     ] GC(34) Survivor regions: 13->2(2)
[2025-04-25T12:44:49.193+0000][27.328s][info ][gc,heap     ] GC(34) Old regions: 61->73
[2025-04-25T12:44:49.193+0000][27.328s][info ][gc,heap     ] GC(34) Archive regions: 2->2
[2025-04-25T12:44:49.193+0000][27.328s][info ][gc,heap     ] GC(34) Humongous regions: 0->0
[2025-04-25T12:44:49.193+0000][27.328s][info ][gc,metaspace] GC(34) Metaspace: 76256K(76672K)->76256K(76672K) NonClass: 66358K(66560K)->66358K(66560K) Class: 9898K(10112K)->9898K(10112K)
[2025-04-25T12:44:49.193+0000][27.328s][info ][gc          ] GC(34) Pause Young (Mixed) (G1 Evacuation Pause) 77M->75M(334M) 17.176ms
[2025-04-25T12:44:49.193+0000][27.328s][info ][gc,cpu      ] GC(34) User=0.05s Sys=0.00s Real=0.01s
[2025-04-25T12:44:49.193+0000][27.328s][info ][safepoint   ] Safepoint "G1CollectForAllocation", Time since last: 15661413 ns, Reaching safepoint: 37216 ns, Cleanup: 2338 ns, At safepoint: 17226013 ns, Total: 17265567 ns
[2025-04-25T12:44:49.828+0000][27.963s][debug][safepoint   ] Safepoint synchronization initiated using futex wait barrier. (20 threads)
[2025-04-25T12:44:49.828+0000][27.963s][info ][safepoint   ] Safepoint "ICBufferFull", Time since last: 634888042 ns, Reaching safepoint: 134227 ns, Cleanup: 108193 ns, At safepoint: 6442 ns, Total: 248862 ns
[2025-04-25T12:44:49.920+0000][28.054s][debug][safepoint   ] Safepoint synchronization initiated using futex wait barrier. (21 threads)
[2025-04-25T12:44:49.920+0000][28.055s][info ][safepoint   ] Safepoint "ICBufferFull", Time since last: 91150947 ns, Reaching safepoint: 201573 ns, Cleanup: 220906 ns, At safepoint: 8901 ns, Total: 431380 ns
[2025-04-25T12:44:50.042+0000][28.176s][debug][safepoint   ] Safepoint synchronization initiated using futex wait barrier. (21 threads)
[2025-04-25T12:44:50.042+0000][28.177s][info ][safepoint   ] Safepoint "ICBufferFull", Time since last: 121570669 ns, Reaching safepoint: 176517 ns, Cleanup: 134178 ns, At safepoint: 10582 ns, Total: 321277 ns
[2025-04-25T12:44:50.298+0000][28.432s][debug][safepoint   ] Safepoint synchronization initiated using futex wait barrier. (20 threads)
[2025-04-25T12:44:50.299+0000][28.433s][info ][safepoint   ] Safepoint "ICBufferFull", Time since last: 255790575 ns, Reaching safepoint: 832752 ns, Cleanup: 120191 ns, At safepoint: 4534 ns, Total: 957477 ns
[2025-04-25T12:44:50.546+0000][28.681s][debug][safepoint   ] Safepoint synchronization initiated using futex wait barrier. (20 threads)
[2025-04-25T12:44:50.546+0000][28.681s][info ][safepoint   ] Safepoint "ICBufferFull", Time since last: 247188329 ns, Reaching safepoint: 217668 ns, Cleanup: 149530 ns, At safepoint: 7016 ns, Total: 374214 ns
[2025-04-25T12:44:50.636+0000][28.771s][debug][safepoint   ] Safepoint synchronization initiated using futex wait barrier. (20 threads)
[2025-04-25T12:44:50.637+0000][28.772s][info ][safepoint   ] Safepoint "ICBufferFull", Time since last: 90130783 ns, Reaching safepoint: 269014 ns, Cleanup: 145887 ns, At safepoint: 8438 ns, Total: 423339 ns
[2025-04-25T12:44:50.847+0000][28.982s][debug][safepoint   ] Safepoint synchronization initiated using futex wait barrier. (20 threads)
[2025-04-25T12:44:50.848+0000][28.982s][info ][gc,start    ] GC(35) Pause Young (Concurrent Start) (G1 Evacuation Pause)
[2025-04-25T12:44:50.848+0000][28.982s][info ][gc,task     ] GC(35) Using 4 workers of 4 for evacuation
[2025-04-25T12:44:50.855+0000][28.990s][info ][gc,phases   ] GC(35)   Pre Evacuate Collection Set: 0.3ms
[2025-04-25T12:44:50.855+0000][28.990s][info ][gc,phases   ] GC(35)   Merge Heap Roots: 0.2ms
[2025-04-25T12:44:50.855+0000][28.990s][info ][gc,phases   ] GC(35)   Evacuate Collection Set: 5.4ms
[2025-04-25T12:44:50.855+0000][28.990s][info ][gc,phases   ] GC(35)   Post Evacuate Collection Set: 1.5ms
[2025-04-25T12:44:50.855+0000][28.990s][info ][gc,phases   ] GC(35)   Other: 0.1ms
[2025-04-25T12:44:50.855+0000][28.990s][info ][gc,heap     ] GC(35) Eden regions: 198->0(197)
[2025-04-25T12:44:50.855+0000][28.990s][info ][gc,heap     ] GC(35) Survivor regions: 2->3(25)
[2025-04-25T12:44:50.855+0000][28.990s][info ][gc,heap     ] GC(35) Old regions: 73->73
[2025-04-25T12:44:50.855+0000][28.990s][info ][gc,heap     ] GC(35) Archive regions: 2->2
[2025-04-25T12:44:50.855+0000][28.990s][info ][gc,heap     ] GC(35) Humongous regions: 0->0
[2025-04-25T12:44:50.855+0000][28.990s][info ][gc,metaspace] GC(35) Metaspace: 79779K(80256K)->79779K(80256K) NonClass: 69381K(69632K)->69381K(69632K) Class: 10398K(10624K)->10398K(10624K)
[2025-04-25T12:44:50.855+0000][28.990s][info ][gc          ] GC(35) Pause Young (Concurrent Start) (G1 Evacuation Pause) 273M->75M(334M) 7.691ms
[2025-04-25T12:44:50.855+0000][28.990s][info ][gc,cpu      ] GC(35) User=0.02s Sys=0.00s Real=0.00s
[2025-04-25T12:44:50.855+0000][28.990s][info ][gc          ] GC(36) Concurrent Mark Cycle
[2025-04-25T12:44:50.855+0000][28.990s][info ][gc,marking  ] GC(36) Concurrent Clear Claimed Marks
[2025-04-25T12:44:50.855+0000][28.990s][info ][gc,marking  ] GC(36) Concurrent Clear Claimed Marks 0.046ms
[2025-04-25T12:44:50.855+0000][28.990s][info ][gc,marking  ] GC(36) Concurrent Scan Root Regions
[2025-04-25T12:44:50.855+0000][28.990s][info ][safepoint   ] Safepoint "G1CollectForAllocation", Time since last: 210590693 ns, Reaching safepoint: 63835 ns, Cleanup: 133213 ns, At safepoint: 7771129 ns, Total: 7968177 ns
[2025-04-25T12:44:50.861+0000][28.996s][info ][gc,marking  ] GC(36) Concurrent Scan Root Regions 6.027ms
[2025-04-25T12:44:50.862+0000][28.996s][info ][gc,marking  ] GC(36) Concurrent Mark
[2025-04-25T12:44:50.862+0000][28.996s][info ][gc,marking  ] GC(36) Concurrent Mark From Roots
[2025-04-25T12:44:50.862+0000][28.997s][info ][gc,task     ] GC(36) Using 1 workers of 1 for marking
[2025-04-25T12:44:51.042+0000][29.177s][info ][gc,marking  ] GC(36) Concurrent Mark From Roots 180.641ms
[2025-04-25T12:44:51.042+0000][29.177s][info ][gc,marking  ] GC(36) Concurrent Preclean
[2025-04-25T12:44:51.043+0000][29.177s][info ][gc,marking  ] GC(36) Concurrent Preclean 0.303ms
[2025-04-25T12:44:51.043+0000][29.178s][debug][safepoint   ] Safepoint synchronization initiated using futex wait barrier. (20 threads)
[2025-04-25T12:44:51.043+0000][29.178s][info ][gc,start    ] GC(36) Pause Remark
[2025-04-25T12:44:51.049+0000][29.184s][info ][gc          ] GC(36) Pause Remark 99M->99M(334M) 6.358ms
[2025-04-25T12:44:51.049+0000][29.184s][info ][gc,cpu      ] GC(36) User=0.02s Sys=0.00s Real=0.01s
[2025-04-25T12:44:51.049+0000][29.184s][info ][safepoint   ] Safepoint "G1PauseRemark", Time since last: 187452762 ns, Reaching safepoint: 92783 ns, Cleanup: 30332 ns, At safepoint: 6438075 ns, Total: 6561190 ns
[2025-04-25T12:44:51.050+0000][29.184s][info ][gc,marking  ] GC(36) Concurrent Mark 187.893ms
[2025-04-25T12:44:51.050+0000][29.184s][info ][gc,marking  ] GC(36) Concurrent Rebuild Remembered Sets
[2025-04-25T12:44:51.124+0000][29.258s][info ][gc,marking  ] GC(36) Concurrent Rebuild Remembered Sets 73.994ms
[2025-04-25T12:44:51.124+0000][29.258s][debug][safepoint   ] Safepoint synchronization initiated using futex wait barrier. (20 threads)
[2025-04-25T12:44:51.124+0000][29.258s][debug][safepoint   ] ... found polling page loop exception at pc = 0x00007ff988fdf760, stub =0x00007ff98898e400
[2025-04-25T12:44:51.124+0000][29.258s][info ][gc,start    ] GC(36) Pause Cleanup
[2025-04-25T12:44:51.124+0000][29.259s][info ][gc          ] GC(36) Pause Cleanup 113M->113M(334M) 0.126ms
[2025-04-25T12:44:51.124+0000][29.259s][info ][gc,cpu      ] GC(36) User=0.00s Sys=0.00s Real=0.00s
[2025-04-25T12:44:51.124+0000][29.259s][info ][safepoint   ] Safepoint "G1PauseCleanup", Time since last: 74240439 ns, Reaching safepoint: 88628 ns, Cleanup: 6547 ns, At safepoint: 159553 ns, Total: 254728 ns
[2025-04-25T12:44:51.124+0000][29.259s][info ][gc,marking  ] GC(36) Concurrent Cleanup for Next Mark
[2025-04-25T12:44:51.125+0000][29.260s][info ][gc,marking  ] GC(36) Concurrent Cleanup for Next Mark 1.100ms
[2025-04-25T12:44:51.125+0000][29.260s][info ][gc          ] GC(36) Concurrent Mark Cycle 269.718ms
[2025-04-25T12:44:51.838+0000][29.972s][debug][safepoint   ] Safepoint synchronization initiated using futex wait barrier. (20 threads)
[2025-04-25T12:44:51.838+0000][29.973s][info ][safepoint   ] Safepoint "ICBufferFull", Time since last: 713675556 ns, Reaching safepoint: 186113 ns, Cleanup: 137944 ns, At safepoint: 4944 ns, Total: 329001 ns
[2025-04-25T12:44:52.332+0000][30.466s][debug][safepoint   ] Safepoint synchronization initiated using futex wait barrier. (20 threads)
[2025-04-25T12:44:52.332+0000][30.467s][info ][gc,start    ] GC(37) Pause Young (Prepare Mixed) (G1 Evacuation Pause)
[2025-04-25T12:44:52.332+0000][30.467s][info ][gc,task     ] GC(37) Using 4 workers of 4 for evacuation
[2025-04-25T12:44:52.343+0000][30.478s][info ][gc,phases   ] GC(37)   Pre Evacuate Collection Set: 0.1ms
[2025-04-25T12:44:52.343+0000][30.478s][info ][gc,phases   ] GC(37)   Merge Heap Roots: 0.1ms
[2025-04-25T12:44:52.343+0000][30.478s][info ][gc,phases   ] GC(37)   Evacuate Collection Set: 8.4ms
[2025-04-25T12:44:52.343+0000][30.478s][info ][gc,phases   ] GC(37)   Post Evacuate Collection Set: 2.4ms
[2025-04-25T12:44:52.343+0000][30.478s][info ][gc,phases   ] GC(37)   Other: 0.1ms
[2025-04-25T12:44:52.343+0000][30.478s][info ][gc,heap     ] GC(37) Eden regions: 197->0(10)
[2025-04-25T12:44:52.343+0000][30.478s][info ][gc,heap     ] GC(37) Survivor regions: 3->6(25)
[2025-04-25T12:44:52.343+0000][30.478s][info ][gc,heap     ] GC(37) Old regions: 73->73
[2025-04-25T12:44:52.343+0000][30.478s][info ][gc,heap     ] GC(37) Archive regions: 2->2
[2025-04-25T12:44:52.343+0000][30.478s][info ][gc,heap     ] GC(37) Humongous regions: 0->0
[2025-04-25T12:44:52.343+0000][30.478s][info ][gc,metaspace] GC(37) Metaspace: 83764K(84288K)->83764K(84288K) NonClass: 72816K(73088K)->72816K(73088K) Class: 10947K(11200K)->10947K(11200K)
[2025-04-25T12:44:52.343+0000][30.478s][info ][gc          ] GC(37) Pause Young (Prepare Mixed) (G1 Evacuation Pause) 272M->79M(334M) 11.242ms
[2025-04-25T12:44:52.343+0000][30.478s][info ][gc,cpu      ] GC(37) User=0.04s Sys=0.00s Real=0.01s
[2025-04-25T12:44:52.343+0000][30.478s][info ][safepoint   ] Safepoint "G1CollectForAllocation", Time since last: 493785807 ns, Reaching safepoint: 61692 ns, Cleanup: 83520 ns, At safepoint: 11307888 ns, Total: 11453100 ns
[2025-04-25T12:44:52.462+0000][30.596s][debug][safepoint   ] Safepoint synchronization initiated using futex wait barrier. (20 threads)
[2025-04-25T12:44:52.462+0000][30.596s][info ][gc,start    ] GC(38) Pause Young (Mixed) (G1 Evacuation Pause)
[2025-04-25T12:44:52.462+0000][30.596s][info ][gc,task     ] GC(38) Using 4 workers of 4 for evacuation
[2025-04-25T12:44:52.477+0000][30.612s][info ][gc,phases   ] GC(38)   Pre Evacuate Collection Set: 0.1ms
[2025-04-25T12:44:52.477+0000][30.612s][info ][gc,phases   ] GC(38)   Merge Heap Roots: 0.1ms
[2025-04-25T12:44:52.477+0000][30.612s][info ][gc,phases   ] GC(38)   Evacuate Collection Set: 13.0ms
[2025-04-25T12:44:52.477+0000][30.612s][info ][gc,phases   ] GC(38)   Post Evacuate Collection Set: 2.3ms
[2025-04-25T12:44:52.477+0000][30.612s][info ][gc,phases   ] GC(38)   Other: 0.1ms
[2025-04-25T12:44:52.477+0000][30.612s][info ][gc,heap     ] GC(38) Eden regions: 10->0(199)
[2025-04-25T12:44:52.477+0000][30.612s][info ][gc,heap     ] GC(38) Survivor regions: 6->1(2)
[2025-04-25T12:44:52.477+0000][30.612s][info ][gc,heap     ] GC(38) Old regions: 73->78
[2025-04-25T12:44:52.477+0000][30.612s][info ][gc,heap     ] GC(38) Archive regions: 2->2
[2025-04-25T12:44:52.477+0000][30.612s][info ][gc,heap     ] GC(38) Humongous regions: 0->0
[2025-04-25T12:44:52.477+0000][30.612s][info ][gc,metaspace] GC(38) Metaspace: 83954K(84480K)->83954K(84480K) NonClass: 72995K(73280K)->72995K(73280K) Class: 10958K(11200K)->10958K(11200K)
[2025-04-25T12:44:52.477+0000][30.612s][info ][gc          ] GC(38) Pause Young (Mixed) (G1 Evacuation Pause) 89M->78M(334M) 15.822ms
[2025-04-25T12:44:52.477+0000][30.612s][info ][gc,cpu      ] GC(38) User=0.05s Sys=0.00s Real=0.02s
[2025-04-25T12:44:52.478+0000][30.612s][info ][safepoint   ] Safepoint "G1CollectForAllocation", Time since last: 118479749 ns, Reaching safepoint: 60985 ns, Cleanup: 20151 ns, At safepoint: 15882579 ns, Total: 15963715 ns
[2025-04-25T12:44:53.478+0000][31.613s][debug][safepoint   ] Safepoint synchronization initiated using futex wait barrier. (20 threads)
[2025-04-25T12:44:53.478+0000][31.613s][info ][safepoint   ] Safepoint "Cleanup", Time since last: 1000513006 ns, Reaching safepoint: 205564 ns, Cleanup: 123033 ns, At safepoint: 28451 ns, Total: 357048 ns
[2025-04-25T12:44:54.479+0000][32.614s][debug][safepoint   ] Safepoint synchronization initiated using futex wait barrier. (24 threads)
[2025-04-25T12:44:54.480+0000][32.614s][info ][safepoint   ] Safepoint "Cleanup", Time since last: 1001006323 ns, Reaching safepoint: 184354 ns, Cleanup: 85060 ns, At safepoint: 9345 ns, Total: 278759 ns
[2025-04-25T12:44:54.735+0000][32.869s][debug][safepoint   ] Safepoint synchronization initiated using futex wait barrier. (24 threads)
[2025-04-25T12:44:54.735+0000][32.869s][info ][gc,start    ] GC(39) Pause Young (Normal) (G1 Evacuation Pause)
[2025-04-25T12:44:54.735+0000][32.869s][info ][gc,task     ] GC(39) Using 4 workers of 4 for evacuation
[2025-04-25T12:44:54.750+0000][32.885s][info ][gc,phases   ] GC(39)   Pre Evacuate Collection Set: 0.1ms
[2025-04-25T12:44:54.750+0000][32.885s][info ][gc,phases   ] GC(39)   Merge Heap Roots: 0.1ms
[2025-04-25T12:44:54.750+0000][32.885s][info ][gc,phases   ] GC(39)   Evacuate Collection Set: 13.7ms
[2025-04-25T12:44:54.750+0000][32.885s][info ][gc,phases   ] GC(39)   Post Evacuate Collection Set: 1.3ms
[2025-04-25T12:44:54.750+0000][32.885s][info ][gc,phases   ] GC(39)   Other: 0.1ms
[2025-04-25T12:44:54.750+0000][32.885s][info ][gc,heap     ] GC(39) Eden regions: 199->0(194)
[2025-04-25T12:44:54.750+0000][32.885s][info ][gc,heap     ] GC(39) Survivor regions: 1->6(25)
[2025-04-25T12:44:54.750+0000][32.885s][info ][gc,heap     ] GC(39) Old regions: 78->78
[2025-04-25T12:44:54.750+0000][32.885s][info ][gc,heap     ] GC(39) Archive regions: 2->2
[2025-04-25T12:44:54.750+0000][32.885s][info ][gc,heap     ] GC(39) Humongous regions: 0->0
[2025-04-25T12:44:54.750+0000][32.885s][info ][gc,metaspace] GC(39) Metaspace: 87662K(88256K)->87662K(88256K) NonClass: 76431K(76736K)->76431K(76736K) Class: 11230K(11520K)->11230K(11520K)
[2025-04-25T12:44:54.750+0000][32.885s][info ][gc          ] GC(39) Pause Young (Normal) (G1 Evacuation Pause) 277M->83M(334M) 15.506ms
[2025-04-25T12:44:54.750+0000][32.885s][info ][gc,cpu      ] GC(39) User=0.06s Sys=0.00s Real=0.02s
[2025-04-25T12:44:54.750+0000][32.885s][info ][safepoint   ] Safepoint "G1CollectForAllocation", Time since last: 254837822 ns, Reaching safepoint: 58510 ns, Cleanup: 26960 ns, At safepoint: 15566230 ns, Total: 15651700 ns
[2025-04-25T12:44:55.975+0000][34.110s][debug][safepoint   ] Safepoint synchronization initiated using futex wait barrier. (24 threads)
[2025-04-25T12:44:55.976+0000][34.111s][info ][safepoint   ] Safepoint "Cleanup", Time since last: 1225296299 ns, Reaching safepoint: 786243 ns, Cleanup: 195790 ns, At safepoint: 5540 ns, Total: 987573 ns
[2025-04-25T12:44:55.977+0000][34.111s][debug][safepoint   ] Safepoint synchronization initiated using futex wait barrier. (24 threads)
[2025-04-25T12:44:55.977+0000][34.112s][info ][safepoint   ] Safepoint "ICBufferFull", Time since last: 219397 ns, Reaching safepoint: 99021 ns, Cleanup: 2379 ns, At safepoint: 2389 ns, Total: 103789 ns
[2025-04-25T12:44:56.751+0000][34.886s][debug][safepoint   ] Safepoint synchronization initiated using futex wait barrier. (25 threads)
[2025-04-25T12:44:56.752+0000][34.886s][info ][gc,start    ] GC(40) Pause Young (Normal) (G1 Evacuation Pause)
[2025-04-25T12:44:56.752+0000][34.886s][info ][gc,task     ] GC(40) Using 4 workers of 4 for evacuation
[2025-04-25T12:44:56.782+0000][34.917s][info ][gc,phases   ] GC(40)   Pre Evacuate Collection Set: 0.1ms
[2025-04-25T12:44:56.782+0000][34.917s][info ][gc,phases   ] GC(40)   Merge Heap Roots: 0.1ms
[2025-04-25T12:44:56.782+0000][34.917s][info ][gc,phases   ] GC(40)   Evacuate Collection Set: 24.1ms
[2025-04-25T12:44:56.782+0000][34.917s][info ][gc,phases   ] GC(40)   Post Evacuate Collection Set: 5.8ms
[2025-04-25T12:44:56.782+0000][34.917s][info ][gc,phases   ] GC(40)   Other: 0.2ms
[2025-04-25T12:44:56.782+0000][34.917s][info ][gc,heap     ] GC(40) Eden regions: 194->0(189)
[2025-04-25T12:44:56.782+0000][34.917s][info ][gc,heap     ] GC(40) Survivor regions: 6->11(25)
[2025-04-25T12:44:56.782+0000][34.917s][info ][gc,heap     ] GC(40) Old regions: 78->78
[2025-04-25T12:44:56.782+0000][34.917s][info ][gc,heap     ] GC(40) Archive regions: 2->2
[2025-04-25T12:44:56.782+0000][34.917s][info ][gc,heap     ] GC(40) Humongous regions: 0->0
[2025-04-25T12:44:56.782+0000][34.917s][info ][gc,metaspace] GC(40) Metaspace: 93367K(93888K)->93367K(93888K) NonClass: 81281K(81536K)->81281K(81536K) Class: 12085K(12352K)->12085K(12352K)
[2025-04-25T12:44:56.782+0000][34.917s][info ][gc          ] GC(40) Pause Young (Normal) (G1 Evacuation Pause) 277M->88M(334M) 30.870ms
[2025-04-25T12:44:56.783+0000][34.917s][info ][gc,cpu      ] GC(40) User=0.11s Sys=0.00s Real=0.03s
[2025-04-25T12:44:56.783+0000][34.917s][info ][safepoint   ] Safepoint "G1CollectForAllocation", Time since last: 774621184 ns, Reaching safepoint: 161901 ns, Cleanup: 48334 ns, At safepoint: 31038327 ns, Total: 31248562 ns
[2025-04-25T12:44:56.965+0000][35.100s][debug][safepoint   ] Safepoint synchronization initiated using futex wait barrier. (25 threads)
[2025-04-25T12:44:56.966+0000][35.100s][info ][safepoint   ] Safepoint "ICBufferFull", Time since last: 182679084 ns, Reaching safepoint: 61609 ns, Cleanup: 129263 ns, At safepoint: 3618 ns, Total: 194490 ns
[2025-04-25T12:44:58.033+0000][36.168s][debug][safepoint   ] Safepoint synchronization initiated using futex wait barrier. (25 threads)
[2025-04-25T12:44:58.033+0000][36.168s][info ][gc,start    ] GC(41) Pause Young (Normal) (G1 Evacuation Pause)
[2025-04-25T12:44:58.033+0000][36.168s][info ][gc,task     ] GC(41) Using 4 workers of 4 for evacuation
[2025-04-25T12:44:58.057+0000][36.191s][info ][gc,phases   ] GC(41)   Pre Evacuate Collection Set: 0.2ms
[2025-04-25T12:44:58.057+0000][36.192s][info ][gc,phases   ] GC(41)   Merge Heap Roots: 0.2ms
[2025-04-25T12:44:58.057+0000][36.192s][info ][gc,phases   ] GC(41)   Evacuate Collection Set: 20.7ms
[2025-04-25T12:44:58.057+0000][36.192s][info ][gc,phases   ] GC(41)   Post Evacuate Collection Set: 2.4ms
[2025-04-25T12:44:58.057+0000][36.192s][info ][gc,phases   ] GC(41)   Other: 0.1ms
[2025-04-25T12:44:58.057+0000][36.192s][info ][gc,heap     ] GC(41) Eden regions: 189->0(186)
[2025-04-25T12:44:58.057+0000][36.192s][info ][gc,heap     ] GC(41) Survivor regions: 11->14(25)
[2025-04-25T12:44:58.057+0000][36.192s][info ][gc,heap     ] GC(41) Old regions: 78->78
[2025-04-25T12:44:58.057+0000][36.192s][info ][gc,heap     ] GC(41) Archive regions: 2->2
[2025-04-25T12:44:58.057+0000][36.192s][info ][gc,heap     ] GC(41) Humongous regions: 0->0
[2025-04-25T12:44:58.057+0000][36.192s][info ][gc,metaspace] GC(41) Metaspace: 96835K(97408K)->96835K(97408K) NonClass: 84163K(84480K)->84163K(84480K) Class: 12671K(12928K)->12671K(12928K)
[2025-04-25T12:44:58.057+0000][36.192s][info ][gc          ] GC(41) Pause Young (Normal) (G1 Evacuation Pause) 277M->91M(334M) 23.940ms
[2025-04-25T12:44:58.057+0000][36.192s][info ][gc,cpu      ] GC(41) User=0.06s Sys=0.00s Real=0.03s
[2025-04-25T12:44:58.057+0000][36.192s][info ][safepoint   ] Safepoint "G1CollectForAllocation", Time since last: 1067453378 ns, Reaching safepoint: 68159 ns, Cleanup: 70989 ns, At safepoint: 24003345 ns, Total: 24142493 ns
[2025-04-25T12:44:59.035+0000][37.169s][debug][safepoint   ] ... found polling page loop exception at pc = 0x00007ff988fee614, stub =0x00007ff98898e400
[2025-04-25T12:44:59.495+0000][37.630s][debug][safepoint   ] Safepoint synchronization initiated using futex wait barrier. (26 threads)
[2025-04-25T12:44:59.496+0000][37.631s][info ][safepoint   ] Safepoint "ICBufferFull", Time since last: 1438351292 ns, Reaching safepoint: 207826 ns, Cleanup: 154617 ns, At safepoint: 5084 ns, Total: 367527 ns
[2025-04-25T12:45:00.196+0000][38.330s][debug][safepoint   ] Safepoint synchronization initiated using futex wait barrier. (28 threads)
[2025-04-25T12:45:00.196+0000][38.331s][info ][gc,start    ] GC(42) Pause Young (Normal) (G1 Evacuation Pause)
[2025-04-25T12:45:00.196+0000][38.331s][info ][gc,task     ] GC(42) Using 4 workers of 4 for evacuation
[2025-04-25T12:45:00.253+0000][38.388s][info ][gc,phases   ] GC(42)   Pre Evacuate Collection Set: 0.2ms
[2025-04-25T12:45:00.253+0000][38.388s][info ][gc,phases   ] GC(42)   Merge Heap Roots: 0.4ms
[2025-04-25T12:45:00.253+0000][38.388s][info ][gc,phases   ] GC(42)   Evacuate Collection Set: 52.1ms
[2025-04-25T12:45:00.253+0000][38.388s][info ][gc,phases   ] GC(42)   Post Evacuate Collection Set: 4.5ms
[2025-04-25T12:45:00.253+0000][38.388s][info ][gc,phases   ] GC(42)   Other: 0.3ms
[2025-04-25T12:45:00.253+0000][38.388s][info ][gc,heap     ] GC(42) Eden regions: 186->0(187)
[2025-04-25T12:45:00.253+0000][38.388s][info ][gc,heap     ] GC(42) Survivor regions: 14->13(25)
[2025-04-25T12:45:00.253+0000][38.388s][info ][gc,heap     ] GC(42) Old regions: 78->83
[2025-04-25T12:45:00.253+0000][38.388s][info ][gc,heap     ] GC(42) Archive regions: 2->2
[2025-04-25T12:45:00.253+0000][38.388s][info ][gc,heap     ] GC(42) Humongous regions: 0->0
[2025-04-25T12:45:00.253+0000][38.388s][info ][gc,metaspace] GC(42) Metaspace: 103281K(103936K)->103281K(103936K) NonClass: 89731K(90048K)->89731K(90048K) Class: 13549K(13888K)->13549K(13888K)
[2025-04-25T12:45:00.253+0000][38.388s][info ][gc          ] GC(42) Pause Young (Normal) (G1 Evacuation Pause) 277M->95M(334M) 57.641ms
[2025-04-25T12:45:00.253+0000][38.388s][info ][gc,cpu      ] GC(42) User=0.19s Sys=0.00s Real=0.05s
[2025-04-25T12:45:00.253+0000][38.388s][info ][safepoint   ] Safepoint "G1CollectForAllocation", Time since last: 699675384 ns, Reaching safepoint: 160758 ns, Cleanup: 104165 ns, At safepoint: 57709983 ns, Total: 57974906 ns
[2025-04-25T12:45:01.925+0000][40.059s][debug][safepoint   ] Safepoint synchronization initiated using futex wait barrier. (31 threads)
[2025-04-25T12:45:01.925+0000][40.060s][info ][safepoint   ] Safepoint "Cleanup", Time since last: 1671023234 ns, Reaching safepoint: 441719 ns, Cleanup: 116780 ns, At safepoint: 7024 ns, Total: 565523 ns
[2025-04-25T12:45:02.104+0000][40.239s][debug][safepoint   ] Safepoint synchronization initiated using futex wait barrier. (31 threads)
[2025-04-25T12:45:02.104+0000][40.239s][info ][gc,start    ] GC(43) Pause Young (Normal) (G1 Evacuation Pause)
[2025-04-25T12:45:02.104+0000][40.239s][info ][gc,task     ] GC(43) Using 4 workers of 4 for evacuation
[2025-04-25T12:45:02.138+0000][40.273s][info ][gc,phases   ] GC(43)   Pre Evacuate Collection Set: 0.2ms
[2025-04-25T12:45:02.139+0000][40.273s][info ][gc,phases   ] GC(43)   Merge Heap Roots: 0.3ms
[2025-04-25T12:45:02.139+0000][40.273s][info ][gc,phases   ] GC(43)   Evacuate Collection Set: 31.4ms
[2025-04-25T12:45:02.139+0000][40.273s][info ][gc,phases   ] GC(43)   Post Evacuate Collection Set: 1.9ms
[2025-04-25T12:45:02.139+0000][40.274s][info ][gc,phases   ] GC(43)   Other: 0.1ms
[2025-04-25T12:45:02.139+0000][40.274s][info ][gc,heap     ] GC(43) Eden regions: 187->0(181)
[2025-04-25T12:45:02.139+0000][40.274s][info ][gc,heap     ] GC(43) Survivor regions: 13->17(25)
[2025-04-25T12:45:02.139+0000][40.274s][info ][gc,heap     ] GC(43) Old regions: 83->83
[2025-04-25T12:45:02.139+0000][40.274s][info ][gc,heap     ] GC(43) Archive regions: 2->2
[2025-04-25T12:45:02.139+0000][40.274s][info ][gc,heap     ] GC(43) Humongous regions: 0->0
[2025-04-25T12:45:02.139+0000][40.274s][info ][gc,metaspace] GC(43) Metaspace: 107716K(108352K)->107716K(108352K) NonClass: 93733K(94080K)->93733K(94080K) Class: 13982K(14272K)->13982K(14272K)
[2025-04-25T12:45:02.140+0000][40.274s][info ][gc          ] GC(43) Pause Young (Normal) (G1 Evacuation Pause) 282M->100M(334M) 35.090ms
[2025-04-25T12:45:02.140+0000][40.274s][info ][gc,cpu      ] GC(43) User=0.11s Sys=0.01s Real=0.04s
[2025-04-25T12:45:02.140+0000][40.275s][info ][safepoint   ] Safepoint "G1CollectForAllocation", Time since last: 179224693 ns, Reaching safepoint: 104461 ns, Cleanup: 40879 ns, At safepoint: 35348408 ns, Total: 35493748 ns
[2025-04-25T12:45:03.262+0000][41.397s][debug][safepoint   ] Safepoint synchronization initiated using futex wait barrier. (37 threads)
[2025-04-25T12:45:03.262+0000][41.397s][info ][safepoint   ] Safepoint "Cleanup", Time since last: 1122048711 ns, Reaching safepoint: 120206 ns, Cleanup: 131484 ns, At safepoint: 123170 ns, Total: 374860 ns
[2025-04-25T12:45:03.863+0000][41.998s][debug][safepoint   ] Safepoint synchronization initiated using futex wait barrier. (38 threads)
[2025-04-25T12:45:03.864+0000][41.999s][info ][gc,start    ] GC(44) Pause Young (Normal) (G1 Evacuation Pause)
[2025-04-25T12:45:03.864+0000][41.999s][info ][gc,task     ] GC(44) Using 4 workers of 4 for evacuation
[2025-04-25T12:45:03.891+0000][42.026s][info ][gc,phases   ] GC(44)   Pre Evacuate Collection Set: 0.1ms
[2025-04-25T12:45:03.891+0000][42.026s][info ][gc,phases   ] GC(44)   Merge Heap Roots: 0.2ms
[2025-04-25T12:45:03.891+0000][42.026s][info ][gc,phases   ] GC(44)   Evacuate Collection Set: 23.7ms
[2025-04-25T12:45:03.891+0000][42.026s][info ][gc,phases   ] GC(44)   Post Evacuate Collection Set: 2.5ms
[2025-04-25T12:45:03.891+0000][42.026s][info ][gc,phases   ] GC(44)   Other: 0.3ms
[2025-04-25T12:45:03.891+0000][42.026s][info ][gc,heap     ] GC(44) Eden regions: 181->0(178)
[2025-04-25T12:45:03.891+0000][42.026s][info ][gc,heap     ] GC(44) Survivor regions: 17->17(25)
[2025-04-25T12:45:03.891+0000][42.026s][info ][gc,heap     ] GC(44) Old regions: 83->86
[2025-04-25T12:45:03.891+0000][42.026s][info ][gc,heap     ] GC(44) Archive regions: 2->2
[2025-04-25T12:45:03.891+0000][42.026s][info ][gc,heap     ] GC(44) Humongous regions: 0->0
[2025-04-25T12:45:03.891+0000][42.026s][info ][gc,metaspace] GC(44) Metaspace: 111881K(112576K)->111881K(112576K) NonClass: 97441K(97792K)->97441K(97792K) Class: 14439K(14784K)->14439K(14784K)
[2025-04-25T12:45:03.891+0000][42.026s][info ][gc          ] GC(44) Pause Young (Normal) (G1 Evacuation Pause) 281M->103M(334M) 26.930ms
[2025-04-25T12:45:03.891+0000][42.026s][info ][gc,cpu      ] GC(44) User=0.10s Sys=0.00s Real=0.03s
[2025-04-25T12:45:03.892+0000][42.027s][info ][safepoint   ] Safepoint "G1CollectForAllocation", Time since last: 601158277 ns, Reaching safepoint: 558966 ns, Cleanup: 129609 ns, At safepoint: 28273979 ns, Total: 28962554 ns
[2025-04-25T12:45:04.894+0000][43.029s][debug][safepoint   ] Safepoint synchronization initiated using futex wait barrier. (38 threads)
[2025-04-25T12:45:04.895+0000][43.029s][info ][safepoint   ] Safepoint "Cleanup", Time since last: 1001930908 ns, Reaching safepoint: 214532 ns, Cleanup: 154478 ns, At safepoint: 5157 ns, Total: 374167 ns
[2025-04-25T12:45:05.324+0000][43.459s][debug][safepoint   ] Safepoint synchronization initiated using futex wait barrier. (38 threads)
[2025-04-25T12:45:05.325+0000][43.459s][info ][safepoint   ] Safepoint "ICBufferFull", Time since last: 429748752 ns, Reaching safepoint: 77655 ns, Cleanup: 138704 ns, At safepoint: 5888 ns, Total: 222247 ns
[2025-04-25T12:45:06.150+0000][44.285s][debug][safepoint   ] Safepoint synchronization initiated using futex wait barrier. (41 threads)
[2025-04-25T12:45:06.150+0000][44.285s][info ][gc,start    ] GC(45) Pause Young (Normal) (G1 Evacuation Pause)
[2025-04-25T12:45:06.150+0000][44.285s][info ][gc,task     ] GC(45) Using 4 workers of 4 for evacuation
[2025-04-25T12:45:06.189+0000][44.324s][info ][gc,phases   ] GC(45)   Pre Evacuate Collection Set: 0.1ms
[2025-04-25T12:45:06.189+0000][44.324s][info ][gc,phases   ] GC(45)   Merge Heap Roots: 0.3ms
[2025-04-25T12:45:06.189+0000][44.324s][info ][gc,phases   ] GC(45)   Evacuate Collection Set: 36.3ms
[2025-04-25T12:45:06.189+0000][44.324s][info ][gc,phases   ] GC(45)   Post Evacuate Collection Set: 2.3ms
[2025-04-25T12:45:06.189+0000][44.324s][info ][gc,phases   ] GC(45)   Other: 0.2ms
[2025-04-25T12:45:06.189+0000][44.324s][info ][gc,heap     ] GC(45) Eden regions: 178->0(176)
[2025-04-25T12:45:06.189+0000][44.324s][info ][gc,heap     ] GC(45) Survivor regions: 17->16(25)
[2025-04-25T12:45:06.189+0000][44.324s][info ][gc,heap     ] GC(45) Old regions: 86->90
[2025-04-25T12:45:06.189+0000][44.324s][info ][gc,heap     ] GC(45) Archive regions: 2->2
[2025-04-25T12:45:06.189+0000][44.324s][info ][gc,heap     ] GC(45) Humongous regions: 0->0
[2025-04-25T12:45:06.189+0000][44.324s][info ][gc,metaspace] GC(45) Metaspace: 117448K(118144K)->117448K(118144K) NonClass: 102464K(102848K)->102464K(102848K) Class: 14984K(15296K)->14984K(15296K)
[2025-04-25T12:45:06.189+0000][44.324s][info ][gc          ] GC(45) Pause Young (Normal) (G1 Evacuation Pause) 281M->106M(334M) 39.360ms
[2025-04-25T12:45:06.189+0000][44.324s][info ][gc,cpu      ] GC(45) User=0.15s Sys=0.00s Real=0.04s
[2025-04-25T12:45:06.190+0000][44.324s][info ][safepoint   ] Safepoint "G1CollectForAllocation", Time since last: 825279418 ns, Reaching safepoint: 60159 ns, Cleanup: 109682 ns, At safepoint: 39505730 ns, Total: 39675571 ns
[2025-04-25T12:45:07.325+0000][45.460s][debug][safepoint   ] Safepoint synchronization initiated using futex wait barrier. (41 threads)
[2025-04-25T12:45:07.326+0000][45.460s][info ][safepoint   ] Safepoint "Cleanup", Time since last: 1135370052 ns, Reaching safepoint: 444240 ns, Cleanup: 122085 ns, At safepoint: 14709 ns, Total: 581034 ns
[2025-04-25T12:45:08.294+0000][46.428s][debug][safepoint   ] Safepoint synchronization initiated using futex wait barrier. (49 threads)
[2025-04-25T12:45:08.294+0000][46.428s][info ][gc,start    ] GC(46) Pause Young (Normal) (G1 Evacuation Pause)
[2025-04-25T12:45:08.294+0000][46.429s][info ][gc,task     ] GC(46) Using 4 workers of 4 for evacuation
[2025-04-25T12:45:08.330+0000][46.464s][info ][gc,phases   ] GC(46)   Pre Evacuate Collection Set: 0.7ms
[2025-04-25T12:45:08.330+0000][46.464s][info ][gc,phases   ] GC(46)   Merge Heap Roots: 0.5ms
[2025-04-25T12:45:08.330+0000][46.464s][info ][gc,phases   ] GC(46)   Evacuate Collection Set: 32.5ms
[2025-04-25T12:45:08.330+0000][46.464s][info ][gc,phases   ] GC(46)   Post Evacuate Collection Set: 2.2ms
[2025-04-25T12:45:08.330+0000][46.464s][info ][gc,phases   ] GC(46)   Other: 0.1ms
[2025-04-25T12:45:08.330+0000][46.464s][info ][gc,heap     ] GC(46) Eden regions: 176->0(168)
[2025-04-25T12:45:08.330+0000][46.465s][info ][gc,heap     ] GC(46) Survivor regions: 16->18(24)
[2025-04-25T12:45:08.330+0000][46.465s][info ][gc,heap     ] GC(46) Old regions: 90->94
[2025-04-25T12:45:08.330+0000][46.465s][info ][gc,heap     ] GC(46) Archive regions: 2->2
[2025-04-25T12:45:08.330+0000][46.465s][info ][gc,heap     ] GC(46) Humongous regions: 1->0
[2025-04-25T12:45:08.330+0000][46.465s][info ][gc,metaspace] GC(46) Metaspace: 127625K(128640K)->127625K(128640K) NonClass: 111524K(112064K)->111524K(112064K) Class: 16100K(16576K)->16100K(16576K)
[2025-04-25T12:45:08.330+0000][46.465s][info ][gc          ] GC(46) Pause Young (Normal) (G1 Evacuation Pause) 283M->112M(334M) 36.051ms
[2025-04-25T12:45:08.330+0000][46.465s][info ][gc,cpu      ] GC(46) User=0.12s Sys=0.01s Real=0.04s
[2025-04-25T12:45:08.331+0000][46.466s][info ][safepoint   ] Safepoint "G1CollectForAllocation", Time since last: 968012757 ns, Reaching safepoint: 69709 ns, Cleanup: 97247 ns, At safepoint: 37663322 ns, Total: 37830278 ns
[2025-04-25T12:45:09.334+0000][47.469s][debug][safepoint   ] Safepoint synchronization initiated using futex wait barrier. (50 threads)
[2025-04-25T12:45:09.335+0000][47.470s][info ][safepoint   ] Safepoint "Cleanup", Time since last: 1003053250 ns, Reaching safepoint: 265430 ns, Cleanup: 72776 ns, At safepoint: 8549 ns, Total: 346755 ns
[2025-04-25T12:45:09.792+0000][47.927s][debug][safepoint   ] Safepoint synchronization initiated using futex wait barrier. (50 threads)
[2025-04-25T12:45:09.793+0000][47.927s][info ][gc,start    ] GC(47) Pause Young (Normal) (G1 Evacuation Pause)
[2025-04-25T12:45:09.793+0000][47.928s][info ][gc,task     ] GC(47) Using 4 workers of 4 for evacuation
[2025-04-25T12:45:09.831+0000][47.966s][info ][gc,phases   ] GC(47)   Pre Evacuate Collection Set: 0.1ms
[2025-04-25T12:45:09.831+0000][47.966s][info ][gc,phases   ] GC(47)   Merge Heap Roots: 0.2ms
[2025-04-25T12:45:09.831+0000][47.966s][info ][gc,phases   ] GC(47)   Evacuate Collection Set: 34.5ms
[2025-04-25T12:45:09.832+0000][47.966s][info ][gc,phases   ] GC(47)   Post Evacuate Collection Set: 3.4ms
[2025-04-25T12:45:09.832+0000][47.966s][info ][gc,phases   ] GC(47)   Other: 0.3ms
[2025-04-25T12:45:09.832+0000][47.966s][info ][gc,heap     ] GC(47) Eden regions: 168->0(169)
[2025-04-25T12:45:09.832+0000][47.967s][info ][gc,heap     ] GC(47) Survivor regions: 18->14(24)
[2025-04-25T12:45:09.832+0000][47.967s][info ][gc,heap     ] GC(47) Old regions: 94->101
[2025-04-25T12:45:09.832+0000][47.967s][info ][gc,heap     ] GC(47) Archive regions: 2->2
[2025-04-25T12:45:09.832+0000][47.967s][info ][gc,heap     ] GC(47) Humongous regions: 0->0
[2025-04-25T12:45:09.832+0000][47.967s][info ][gc,metaspace] GC(47) Metaspace: 129044K(130112K)->129044K(130112K) NonClass: 112777K(113344K)->112777K(113344K) Class: 16266K(16768K)->16266K(16768K)
[2025-04-25T12:45:09.832+0000][47.967s][info ][gc          ] GC(47) Pause Young (Normal) (G1 Evacuation Pause) 280M->115M(334M) 39.476ms
[2025-04-25T12:45:09.832+0000][47.967s][info ][gc,cpu      ] GC(47) User=0.13s Sys=0.00s Real=0.04s
[2025-04-25T12:45:09.832+0000][47.967s][info ][safepoint   ] Safepoint "G1CollectForAllocation", Time since last: 457609064 ns, Reaching safepoint: 235129 ns, Cleanup: 67143 ns, At safepoint: 39765921 ns, Total: 40068193 ns
[2025-04-25T12:45:10.931+0000][49.066s][debug][safepoint   ] Safepoint synchronization initiated using futex wait barrier. (53 threads)
[2025-04-25T12:45:10.933+0000][49.067s][info ][safepoint   ] Safepoint "Cleanup", Time since last: 1098893192 ns, Reaching safepoint: 1120673 ns, Cleanup: 51377 ns, At safepoint: 8873 ns, Total: 1180923 ns
[2025-04-25T12:45:11.038+0000][49.173s][debug][safepoint   ] Safepoint synchronization initiated using futex wait barrier. (53 threads)
[2025-04-25T12:45:11.038+0000][49.173s][info ][gc,start    ] GC(48) Pause Young (Normal) (G1 Evacuation Pause)
[2025-04-25T12:45:11.038+0000][49.173s][info ][gc,task     ] GC(48) Using 4 workers of 4 for evacuation
[2025-04-25T12:45:11.061+0000][49.196s][info ][gc,phases   ] GC(48)   Pre Evacuate Collection Set: 0.1ms
[2025-04-25T12:45:11.062+0000][49.196s][info ][gc,phases   ] GC(48)   Merge Heap Roots: 0.2ms
[2025-04-25T12:45:11.062+0000][49.196s][info ][gc,phases   ] GC(48)   Evacuate Collection Set: 21.3ms
[2025-04-25T12:45:11.062+0000][49.196s][info ][gc,phases   ] GC(48)   Post Evacuate Collection Set: 1.8ms
[2025-04-25T12:45:11.062+0000][49.196s][info ][gc,phases   ] GC(48)   Other: 0.1ms
[2025-04-25T12:45:11.062+0000][49.196s][info ][gc,heap     ] GC(48) Eden regions: 169->0(169)
[2025-04-25T12:45:11.062+0000][49.196s][info ][gc,heap     ] GC(48) Survivor regions: 14->12(23)
[2025-04-25T12:45:11.062+0000][49.196s][info ][gc,heap     ] GC(48) Old regions: 101->105
[2025-04-25T12:45:11.062+0000][49.196s][info ][gc,heap     ] GC(48) Archive regions: 2->2
[2025-04-25T12:45:11.062+0000][49.196s][info ][gc,heap     ] GC(48) Humongous regions: 0->0
[2025-04-25T12:45:11.062+0000][49.196s][info ][gc,metaspace] GC(48) Metaspace: 133115K(134144K)->133115K(134144K) NonClass: 116351K(116864K)->116351K(116864K) Class: 16764K(17280K)->16764K(17280K)
[2025-04-25T12:45:11.062+0000][49.196s][info ][gc          ] GC(48) Pause Young (Normal) (G1 Evacuation Pause) 284M->117M(334M) 23.658ms
[2025-04-25T12:45:11.062+0000][49.196s][info ][gc,cpu      ] GC(48) User=0.09s Sys=0.00s Real=0.02s
[2025-04-25T12:45:11.062+0000][49.197s][info ][safepoint   ] Safepoint "G1CollectForAllocation", Time since last: 105374636 ns, Reaching safepoint: 52573 ns, Cleanup: 3817 ns, At safepoint: 23991689 ns, Total: 24048079 ns
[2025-04-25T12:45:11.137+0000][49.272s][debug][safepoint   ] Safepoint synchronization initiated using futex wait barrier. (54 threads)
[2025-04-25T12:45:11.137+0000][49.272s][info ][gc,start    ] GC(49) Pause Young (Concurrent Start) (Metadata GC Threshold)
[2025-04-25T12:45:11.137+0000][49.272s][info ][gc,task     ] GC(49) Using 4 workers of 4 for evacuation
[2025-04-25T12:45:11.154+0000][49.289s][info ][gc,phases   ] GC(49)   Pre Evacuate Collection Set: 0.2ms
[2025-04-25T12:45:11.154+0000][49.289s][info ][gc,phases   ] GC(49)   Merge Heap Roots: 0.1ms
[2025-04-25T12:45:11.154+0000][49.289s][info ][gc,phases   ] GC(49)   Evacuate Collection Set: 15.2ms
[2025-04-25T12:45:11.154+0000][49.289s][info ][gc,phases   ] GC(49)   Post Evacuate Collection Set: 1.6ms
[2025-04-25T12:45:11.154+0000][49.289s][info ][gc,phases   ] GC(49)   Other: 0.1ms
[2025-04-25T12:45:11.154+0000][49.289s][info ][gc,heap     ] GC(49) Eden regions: 18->0(169)
[2025-04-25T12:45:11.154+0000][49.289s][info ][gc,heap     ] GC(49) Survivor regions: 12->12(23)
[2025-04-25T12:45:11.154+0000][49.289s][info ][gc,heap     ] GC(49) Old regions: 105->105
[2025-04-25T12:45:11.154+0000][49.289s][info ][gc,heap     ] GC(49) Archive regions: 2->2
[2025-04-25T12:45:11.154+0000][49.289s][info ][gc,heap     ] GC(49) Humongous regions: 0->0
[2025-04-25T12:45:11.154+0000][49.289s][info ][gc,metaspace] GC(49) Metaspace: 133810K(134848K)->133810K(134848K) NonClass: 116967K(117504K)->116967K(117504K) Class: 16842K(17344K)->16842K(17344K)
[2025-04-25T12:45:11.154+0000][49.289s][info ][gc          ] GC(49) Pause Young (Concurrent Start) (Metadata GC Threshold) 134M->117M(334M) 17.341ms
[2025-04-25T12:45:11.154+0000][49.289s][info ][gc,cpu      ] GC(49) User=0.06s Sys=0.00s Real=0.01s
[2025-04-25T12:45:11.154+0000][49.289s][info ][gc          ] GC(50) Concurrent Mark Cycle
[2025-04-25T12:45:11.154+0000][49.289s][info ][gc,marking  ] GC(50) Concurrent Clear Claimed Marks
[2025-04-25T12:45:11.154+0000][49.289s][info ][safepoint   ] Safepoint "CollectForMetadataAllocation", Time since last: 74999976 ns, Reaching safepoint: 38192 ns, Cleanup: 2344 ns, At safepoint: 17445505 ns, Total: 17486041 ns
[2025-04-25T12:45:11.155+0000][49.289s][info ][gc,marking  ] GC(50) Concurrent Clear Claimed Marks 0.116ms
[2025-04-25T12:45:11.155+0000][49.289s][info ][gc,marking  ] GC(50) Concurrent Scan Root Regions
[2025-04-25T12:45:11.172+0000][49.307s][info ][gc,marking  ] GC(50) Concurrent Scan Root Regions 17.631ms
[2025-04-25T12:45:11.172+0000][49.307s][info ][gc,marking  ] GC(50) Concurrent Mark
[2025-04-25T12:45:11.172+0000][49.307s][info ][gc,marking  ] GC(50) Concurrent Mark From Roots
[2025-04-25T12:45:11.172+0000][49.307s][info ][gc,task     ] GC(50) Using 1 workers of 1 for marking
[2025-04-25T12:45:11.232+0000][49.367s][debug][safepoint   ] Safepoint synchronization initiated using futex wait barrier. (53 threads)
[2025-04-25T12:45:11.232+0000][49.367s][info ][safepoint   ] Safepoint "CollectForMetadataAllocation", Time since last: 77291097 ns, Reaching safepoint: 199925 ns, Cleanup: 16926 ns, At safepoint: 47501 ns, Total: 264352 ns
[2025-04-25T12:45:11.339+0000][49.473s][debug][safepoint   ] Safepoint synchronization initiated using futex wait barrier. (54 threads)
[2025-04-25T12:45:11.339+0000][49.474s][info ][safepoint   ] Safepoint "CollectForMetadataAllocation", Time since last: 106720647 ns, Reaching safepoint: 233828 ns, Cleanup: 23074 ns, At safepoint: 33306 ns, Total: 290208 ns
[2025-04-25T12:45:11.427+0000][49.562s][info ][gc,marking  ] GC(50) Concurrent Mark From Roots 254.841ms
[2025-04-25T12:45:11.427+0000][49.562s][info ][gc,marking  ] GC(50) Concurrent Preclean
[2025-04-25T12:45:11.428+0000][49.562s][info ][gc,marking  ] GC(50) Concurrent Preclean 0.432ms
[2025-04-25T12:45:11.429+0000][49.564s][debug][safepoint   ] Safepoint synchronization initiated using futex wait barrier. (54 threads)
[2025-04-25T12:45:11.430+0000][49.565s][info ][gc,start    ] GC(50) Pause Remark
[2025-04-25T12:45:11.440+0000][49.574s][info ][gc          ] GC(50) Pause Remark 159M->159M(334M) 9.609ms
[2025-04-25T12:45:11.440+0000][49.574s][info ][gc,cpu      ] GC(50) User=0.03s Sys=0.00s Real=0.01s
[2025-04-25T12:45:11.440+0000][49.575s][info ][safepoint   ] Safepoint "G1PauseRemark", Time since last: 90091064 ns, Reaching safepoint: 934999 ns, Cleanup: 27584 ns, At safepoint: 9791084 ns, Total: 10753667 ns
[2025-04-25T12:45:11.440+0000][49.575s][info ][gc,marking  ] GC(50) Concurrent Mark 267.664ms
[2025-04-25T12:45:11.440+0000][49.575s][info ][gc,marking  ] GC(50) Concurrent Rebuild Remembered Sets
[2025-04-25T12:45:11.598+0000][49.733s][info ][gc,marking  ] GC(50) Concurrent Rebuild Remembered Sets 158.348ms
[2025-04-25T12:45:11.600+0000][49.734s][debug][safepoint   ] Safepoint synchronization initiated using futex wait barrier. (54 threads)
[2025-04-25T12:45:11.600+0000][49.734s][info ][gc,start    ] GC(50) Pause Cleanup
[2025-04-25T12:45:11.600+0000][49.735s][info ][gc          ] GC(50) Pause Cleanup 177M->177M(334M) 0.273ms
[2025-04-25T12:45:11.600+0000][49.735s][info ][gc,cpu      ] GC(50) User=0.00s Sys=0.00s Real=0.00s
[2025-04-25T12:45:11.600+0000][49.735s][info ][safepoint   ] Safepoint "G1PauseCleanup", Time since last: 159771655 ns, Reaching safepoint: 99560 ns, Cleanup: 13580 ns, At safepoint: 350332 ns, Total: 463472 ns
[2025-04-25T12:45:11.600+0000][49.735s][info ][gc,marking  ] GC(50) Concurrent Cleanup for Next Mark
[2025-04-25T12:45:11.601+0000][49.736s][info ][gc,marking  ] GC(50) Concurrent Cleanup for Next Mark 0.790ms
[2025-04-25T12:45:11.601+0000][49.736s][info ][gc          ] GC(50) Concurrent Mark Cycle 446.646ms
[2025-04-25T12:45:12.530+0000][50.664s][debug][safepoint   ] Safepoint synchronization initiated using futex wait barrier. (54 threads)
[2025-04-25T12:45:12.530+0000][50.665s][info ][gc,start    ] GC(51) Pause Young (Prepare Mixed) (G1 Evacuation Pause)
[2025-04-25T12:45:12.530+0000][50.665s][info ][gc,task     ] GC(51) Using 4 workers of 4 for evacuation
[2025-04-25T12:45:12.559+0000][50.694s][info ][gc,phases   ] GC(51)   Pre Evacuate Collection Set: 0.4ms
[2025-04-25T12:45:12.559+0000][50.694s][info ][gc,phases   ] GC(51)   Merge Heap Roots: 0.3ms
[2025-04-25T12:45:12.559+0000][50.694s][info ][gc,phases   ] GC(51)   Evacuate Collection Set: 25.7ms
[2025-04-25T12:45:12.559+0000][50.694s][info ][gc,phases   ] GC(51)   Post Evacuate Collection Set: 2.4ms
[2025-04-25T12:45:12.559+0000][50.694s][info ][gc,phases   ] GC(51)   Other: 0.2ms
[2025-04-25T12:45:12.559+0000][50.694s][info ][gc,heap     ] GC(51) Eden regions: 169->0(1)
[2025-04-25T12:45:12.559+0000][50.694s][info ][gc,heap     ] GC(51) Survivor regions: 12->17(23)
[2025-04-25T12:45:12.559+0000][50.694s][info ][gc,heap     ] GC(51) Old regions: 105->105
[2025-04-25T12:45:12.559+0000][50.694s][info ][gc,heap     ] GC(51) Archive regions: 2->2
[2025-04-25T12:45:12.559+0000][50.694s][info ][gc,heap     ] GC(51) Humongous regions: 0->0
[2025-04-25T12:45:12.559+0000][50.694s][info ][gc,metaspace] GC(51) Metaspace: 136738K(137792K)->136738K(137792K) NonClass: 119650K(120192K)->119650K(120192K) Class: 17088K(17600K)->17088K(17600K)
[2025-04-25T12:45:12.559+0000][50.694s][info ][gc          ] GC(51) Pause Young (Prepare Mixed) (G1 Evacuation Pause) 286M->122M(334M) 29.183ms
[2025-04-25T12:45:12.559+0000][50.694s][info ][gc,cpu      ] GC(51) User=0.11s Sys=0.00s Real=0.03s
[2025-04-25T12:45:12.559+0000][50.694s][info ][safepoint   ] Safepoint "G1CollectForAllocation", Time since last: 929556534 ns, Reaching safepoint: 56776 ns, Cleanup: 119772 ns, At safepoint: 29340908 ns, Total: 29517456 ns
[2025-04-25T12:45:12.565+0000][50.700s][debug][safepoint   ] Safepoint synchronization initiated using futex wait barrier. (54 threads)
[2025-04-25T12:45:12.565+0000][50.700s][info ][gc,start    ] GC(52) Pause Young (Mixed) (G1 Evacuation Pause)
[2025-04-25T12:45:12.565+0000][50.700s][info ][gc,task     ] GC(52) Using 4 workers of 4 for evacuation
[2025-04-25T12:45:12.588+0000][50.723s][info ][gc,phases   ] GC(52)   Pre Evacuate Collection Set: 0.2ms
[2025-04-25T12:45:12.588+0000][50.723s][info ][gc,phases   ] GC(52)   Merge Heap Roots: 0.8ms
[2025-04-25T12:45:12.588+0000][50.723s][info ][gc,phases   ] GC(52)   Evacuate Collection Set: 20.5ms
[2025-04-25T12:45:12.588+0000][50.723s][info ][gc,phases   ] GC(52)   Post Evacuate Collection Set: 1.4ms
[2025-04-25T12:45:12.588+0000][50.723s][info ][gc,phases   ] GC(52)   Other: 0.1ms
[2025-04-25T12:45:12.588+0000][50.723s][info ][gc,heap     ] GC(52) Eden regions: 1->0(164)
[2025-04-25T12:45:12.588+0000][50.723s][info ][gc,heap     ] GC(52) Survivor regions: 17->2(3)
[2025-04-25T12:45:12.588+0000][50.723s][info ][gc,heap     ] GC(52) Old regions: 105->120
[2025-04-25T12:45:12.588+0000][50.723s][info ][gc,heap     ] GC(52) Archive regions: 2->2
[2025-04-25T12:45:12.588+0000][50.723s][info ][gc,heap     ] GC(52) Humongous regions: 0->0
[2025-04-25T12:45:12.588+0000][50.723s][info ][gc,metaspace] GC(52) Metaspace: 136813K(137856K)->136813K(137856K) NonClass: 119723K(120256K)->119723K(120256K) Class: 17089K(17600K)->17089K(17600K)
[2025-04-25T12:45:12.588+0000][50.723s][info ][gc          ] GC(52) Pause Young (Mixed) (G1 Evacuation Pause) 123M->122M(334M) 23.085ms
[2025-04-25T12:45:12.588+0000][50.723s][info ][gc,cpu      ] GC(52) User=0.08s Sys=0.00s Real=0.02s
[2025-04-25T12:45:12.590+0000][50.725s][info ][safepoint   ] Safepoint "G1CollectForAllocation", Time since last: 6134854 ns, Reaching safepoint: 75997 ns, Cleanup: 3848 ns, At safepoint: 24824725 ns, Total: 24904570 ns
[2025-04-25T12:45:13.728+0000][51.863s][debug][safepoint   ] Safepoint synchronization initiated using futex wait barrier. (58 threads)
[2025-04-25T12:45:13.728+0000][51.863s][info ][gc,start    ] GC(53) Pause Young (Concurrent Start) (G1 Evacuation Pause)
[2025-04-25T12:45:13.729+0000][51.863s][info ][gc,task     ] GC(53) Using 4 workers of 4 for evacuation
[2025-04-25T12:45:13.744+0000][51.878s][info ][gc,phases   ] GC(53)   Pre Evacuate Collection Set: 0.3ms
[2025-04-25T12:45:13.744+0000][51.879s][info ][gc,phases   ] GC(53)   Merge Heap Roots: 0.2ms
[2025-04-25T12:45:13.744+0000][51.879s][info ][gc,phases   ] GC(53)   Evacuate Collection Set: 12.5ms
[2025-04-25T12:45:13.744+0000][51.879s][info ][gc,phases   ] GC(53)   Post Evacuate Collection Set: 2.0ms
[2025-04-25T12:45:13.744+0000][51.879s][info ][gc,phases   ] GC(53)   Other: 0.3ms
[2025-04-25T12:45:13.744+0000][51.879s][info ][gc,heap     ] GC(53) Eden regions: 164->0(157)
[2025-04-25T12:45:13.744+0000][51.879s][info ][gc,heap     ] GC(53) Survivor regions: 2->7(21)
[2025-04-25T12:45:13.744+0000][51.879s][info ][gc,heap     ] GC(53) Old regions: 120->120
[2025-04-25T12:45:13.744+0000][51.879s][info ][gc,heap     ] GC(53) Archive regions: 2->2
[2025-04-25T12:45:13.744+0000][51.879s][info ][gc,heap     ] GC(53) Humongous regions: 0->0
[2025-04-25T12:45:13.744+0000][51.879s][info ][gc,metaspace] GC(53) Metaspace: 139711K(140800K)->139711K(140800K) NonClass: 122453K(123008K)->122453K(123008K) Class: 17257K(17792K)->17257K(17792K)
[2025-04-25T12:45:13.744+0000][51.879s][info ][gc          ] GC(53) Pause Young (Concurrent Start) (G1 Evacuation Pause) 286M->126M(334M) 15.533ms
[2025-04-25T12:45:13.744+0000][51.879s][info ][gc,cpu      ] GC(53) User=0.04s Sys=0.00s Real=0.01s
[2025-04-25T12:45:13.744+0000][51.879s][info ][safepoint   ] Safepoint "G1CollectForAllocation", Time since last: 1137844370 ns, Reaching safepoint: 228062 ns, Cleanup: 100862 ns, At safepoint: 15617774 ns, Total: 15946698 ns
[2025-04-25T12:45:13.744+0000][51.879s][info ][gc          ] GC(54) Concurrent Mark Cycle
[2025-04-25T12:45:13.746+0000][51.880s][info ][gc,marking  ] GC(54) Concurrent Clear Claimed Marks
[2025-04-25T12:45:13.746+0000][51.881s][info ][gc,marking  ] GC(54) Concurrent Clear Claimed Marks 0.353ms
[2025-04-25T12:45:13.746+0000][51.881s][info ][gc,marking  ] GC(54) Concurrent Scan Root Regions
[2025-04-25T12:45:13.761+0000][51.895s][info ][gc,marking  ] GC(54) Concurrent Scan Root Regions 14.538ms
[2025-04-25T12:45:13.761+0000][51.895s][info ][gc,marking  ] GC(54) Concurrent Mark
[2025-04-25T12:45:13.761+0000][51.895s][info ][gc,marking  ] GC(54) Concurrent Mark From Roots
[2025-04-25T12:45:13.761+0000][51.895s][info ][gc,task     ] GC(54) Using 1 workers of 1 for marking
[2025-04-25T12:45:14.164+0000][52.299s][info ][gc,marking  ] GC(54) Concurrent Mark From Roots 403.496ms
[2025-04-25T12:45:14.164+0000][52.299s][info ][gc,marking  ] GC(54) Concurrent Preclean
[2025-04-25T12:45:14.165+0000][52.300s][info ][gc,marking  ] GC(54) Concurrent Preclean 0.371ms
[2025-04-25T12:45:14.165+0000][52.300s][debug][safepoint   ] Safepoint synchronization initiated using futex wait barrier. (58 threads)
[2025-04-25T12:45:14.165+0000][52.300s][info ][gc,start    ] GC(54) Pause Remark
[2025-04-25T12:45:14.175+0000][52.310s][info ][gc          ] GC(54) Pause Remark 198M->198M(335M) 10.222ms
[2025-04-25T12:45:14.175+0000][52.310s][info ][gc,cpu      ] GC(54) User=0.03s Sys=0.00s Real=0.02s
[2025-04-25T12:45:14.175+0000][52.310s][info ][safepoint   ] Safepoint "G1PauseRemark", Time since last: 420930479 ns, Reaching safepoint: 89110 ns, Cleanup: 21014 ns, At safepoint: 10370703 ns, Total: 10480827 ns
[2025-04-25T12:45:14.176+0000][52.310s][info ][gc,marking  ] GC(54) Concurrent Mark 414.942ms
[2025-04-25T12:45:14.176+0000][52.310s][info ][gc,marking  ] GC(54) Concurrent Rebuild Remembered Sets
[2025-04-25T12:45:14.410+0000][52.545s][info ][gc,marking  ] GC(54) Concurrent Rebuild Remembered Sets 234.418ms
[2025-04-25T12:45:14.410+0000][52.545s][debug][safepoint   ] Safepoint synchronization initiated using futex wait barrier. (58 threads)
[2025-04-25T12:45:14.411+0000][52.546s][info ][gc,start    ] GC(54) Pause Cleanup
[2025-04-25T12:45:14.411+0000][52.546s][info ][gc          ] GC(54) Pause Cleanup 236M->236M(335M) 0.261ms
[2025-04-25T12:45:14.412+0000][52.546s][info ][gc,cpu      ] GC(54) User=0.00s Sys=0.00s Real=0.00s
[2025-04-25T12:45:14.412+0000][52.546s][info ][safepoint   ] Safepoint "G1PauseCleanup", Time since last: 234878036 ns, Reaching safepoint: 919423 ns, Cleanup: 30490 ns, At safepoint: 336092 ns, Total: 1286005 ns
[2025-04-25T12:45:14.412+0000][52.546s][info ][gc,marking  ] GC(54) Concurrent Cleanup for Next Mark
[2025-04-25T12:45:14.413+0000][52.547s][info ][gc,marking  ] GC(54) Concurrent Cleanup for Next Mark 0.909ms
[2025-04-25T12:45:14.413+0000][52.548s][info ][gc          ] GC(54) Concurrent Mark Cycle 668.808ms
[2025-04-25T12:45:14.794+0000][52.929s][debug][safepoint   ] Safepoint synchronization initiated using futex wait barrier. (64 threads)
[2025-04-25T12:45:14.794+0000][52.929s][info ][gc,start    ] GC(55) Pause Young (Prepare Mixed) (G1 Evacuation Pause)
[2025-04-25T12:45:14.794+0000][52.929s][info ][gc,task     ] GC(55) Using 4 workers of 4 for evacuation
[2025-04-25T12:45:14.810+0000][52.945s][info ][gc,phases   ] GC(55)   Pre Evacuate Collection Set: 0.1ms
[2025-04-25T12:45:14.810+0000][52.945s][info ][gc,phases   ] GC(55)   Merge Heap Roots: 0.2ms
[2025-04-25T12:45:14.810+0000][52.945s][info ][gc,phases   ] GC(55)   Evacuate Collection Set: 13.9ms
[2025-04-25T12:45:14.810+0000][52.945s][info ][gc,phases   ] GC(55)   Post Evacuate Collection Set: 1.4ms
[2025-04-25T12:45:14.810+0000][52.945s][info ][gc,phases   ] GC(55)   Other: 0.1ms
[2025-04-25T12:45:14.810+0000][52.945s][info ][gc,heap     ] GC(55) Eden regions: 157->0(5)
[2025-04-25T12:45:14.810+0000][52.945s][info ][gc,heap     ] GC(55) Survivor regions: 7->11(21)
[2025-04-25T12:45:14.810+0000][52.945s][info ][gc,heap     ] GC(55) Old regions: 120->120
[2025-04-25T12:45:14.810+0000][52.945s][info ][gc,heap     ] GC(55) Archive regions: 2->2
[2025-04-25T12:45:14.810+0000][52.945s][info ][gc,heap     ] GC(55) Humongous regions: 0->0
[2025-04-25T12:45:14.810+0000][52.945s][info ][gc,metaspace] GC(55) Metaspace: 144757K(145856K)->144757K(145856K) NonClass: 127072K(127680K)->127072K(127680K) Class: 17685K(18176K)->17685K(18176K)
[2025-04-25T12:45:14.810+0000][52.945s][info ][gc          ] GC(55) Pause Young (Prepare Mixed) (G1 Evacuation Pause) 283M->131M(335M) 15.921ms
[2025-04-25T12:45:14.810+0000][52.945s][info ][gc,cpu      ] GC(55) User=0.06s Sys=0.00s Real=0.02s
[2025-04-25T12:45:14.810+0000][52.945s][info ][safepoint   ] Safepoint "G1CollectForAllocation", Time since last: 382742148 ns, Reaching safepoint: 54793 ns, Cleanup: 16822 ns, At safepoint: 16043208 ns, Total: 16114823 ns
[2025-04-25T12:45:14.847+0000][52.982s][debug][safepoint   ] Safepoint synchronization initiated using futex wait barrier. (64 threads)
[2025-04-25T12:45:14.847+0000][52.982s][info ][gc,start    ] GC(56) Pause Young (Mixed) (G1 Evacuation Pause)
[2025-04-25T12:45:14.847+0000][52.982s][info ][gc,task     ] GC(56) Using 4 workers of 4 for evacuation
[2025-04-25T12:45:14.865+0000][52.999s][info ][gc,phases   ] GC(56)   Pre Evacuate Collection Set: 0.1ms
[2025-04-25T12:45:14.865+0000][52.999s][info ][gc,phases   ] GC(56)   Merge Heap Roots: 0.1ms
[2025-04-25T12:45:14.865+0000][52.999s][info ][gc,phases   ] GC(56)   Evacuate Collection Set: 15.8ms
[2025-04-25T12:45:14.865+0000][52.999s][info ][gc,phases   ] GC(56)   Post Evacuate Collection Set: 1.5ms
[2025-04-25T12:45:14.865+0000][52.999s][info ][gc,phases   ] GC(56)   Other: 0.1ms
[2025-04-25T12:45:14.865+0000][52.999s][info ][gc,heap     ] GC(56) Eden regions: 5->0(153)
[2025-04-25T12:45:14.865+0000][52.999s][info ][gc,heap     ] GC(56) Survivor regions: 11->2(2)
[2025-04-25T12:45:14.865+0000][52.999s][info ][gc,heap     ] GC(56) Old regions: 120->129
[2025-04-25T12:45:14.865+0000][52.999s][info ][gc,heap     ] GC(56) Archive regions: 2->2
[2025-04-25T12:45:14.865+0000][52.999s][info ][gc,heap     ] GC(56) Humongous regions: 0->0
[2025-04-25T12:45:14.865+0000][52.999s][info ][gc,metaspace] GC(56) Metaspace: 144972K(146112K)->144972K(146112K) NonClass: 127268K(127872K)->127268K(127872K) Class: 17704K(18240K)->17704K(18240K)
[2025-04-25T12:45:14.865+0000][52.999s][info ][gc          ] GC(56) Pause Young (Mixed) (G1 Evacuation Pause) 136M->130M(335M) 17.710ms
[2025-04-25T12:45:14.865+0000][52.999s][info ][gc,cpu      ] GC(56) User=0.07s Sys=0.00s Real=0.01s
[2025-04-25T12:45:14.865+0000][52.999s][info ][safepoint   ] Safepoint "G1CollectForAllocation", Time since last: 36503048 ns, Reaching safepoint: 43974 ns, Cleanup: 8323 ns, At safepoint: 17773802 ns, Total: 17826099 ns
[2025-04-25T12:45:15.169+0000][53.304s][info ][cds,heap    ] initialize_from_archived_subgraph jdk.internal.math.FDBigInteger 0x00007ff91f14dd00
[2025-04-25T12:45:16.139+0000][54.274s][debug][safepoint   ] Safepoint synchronization initiated using futex wait barrier. (78 threads)
[2025-04-25T12:45:16.139+0000][54.274s][info ][gc,start    ] GC(57) Pause Young (Normal) (G1 Evacuation Pause)
[2025-04-25T12:45:16.139+0000][54.274s][info ][gc,task     ] GC(57) Using 4 workers of 4 for evacuation
[2025-04-25T12:45:16.161+0000][54.296s][info ][gc,phases   ] GC(57)   Pre Evacuate Collection Set: 0.1ms
[2025-04-25T12:45:16.161+0000][54.296s][info ][gc,phases   ] GC(57)   Merge Heap Roots: 0.2ms
[2025-04-25T12:45:16.161+0000][54.296s][info ][gc,phases   ] GC(57)   Evacuate Collection Set: 11.6ms
[2025-04-25T12:45:16.161+0000][54.296s][info ][gc,phases   ] GC(57)   Post Evacuate Collection Set: 10.1ms
[2025-04-25T12:45:16.161+0000][54.296s][info ][gc,phases   ] GC(57)   Other: 0.3ms
[2025-04-25T12:45:16.161+0000][54.296s][info ][gc,heap     ] GC(57) Eden regions: 153->0(581)
[2025-04-25T12:45:16.161+0000][54.296s][info ][gc,heap     ] GC(57) Survivor regions: 2->4(20)
[2025-04-25T12:45:16.161+0000][54.296s][info ][gc,heap     ] GC(57) Old regions: 129->129
[2025-04-25T12:45:16.161+0000][54.296s][info ][gc,heap     ] GC(57) Archive regions: 2->2
[2025-04-25T12:45:16.161+0000][54.296s][info ][gc,heap     ] GC(57) Humongous regions: 0->0
[2025-04-25T12:45:16.161+0000][54.296s][info ][gc,metaspace] GC(57) Metaspace: 149608K(150720K)->149608K(150720K) NonClass: 131361K(131968K)->131361K(131968K) Class: 18246K(18752K)->18246K(18752K)
[2025-04-25T12:45:16.162+0000][54.296s][info ][gc          ] GC(57) Pause Young (Normal) (G1 Evacuation Pause) 283M->132M(976M) 22.371ms
[2025-04-25T12:45:16.162+0000][54.296s][info ][gc,cpu      ] GC(57) User=0.06s Sys=0.01s Real=0.02s
[2025-04-25T12:45:16.162+0000][54.296s][info ][safepoint   ] Safepoint "G1CollectForAllocation", Time since last: 1274168153 ns, Reaching safepoint: 92941 ns, Cleanup: 123278 ns, At safepoint: 22456147 ns, Total: 22672366 ns
[2025-04-25T12:45:17.221+0000][55.356s][debug][safepoint   ] Safepoint synchronization initiated using futex wait barrier. (78 threads)
[2025-04-25T12:45:17.221+0000][55.356s][info ][safepoint   ] Safepoint "Cleanup", Time since last: 1059263460 ns, Reaching safepoint: 81932 ns, Cleanup: 66892 ns, At safepoint: 7884 ns, Total: 156708 ns
[2025-04-25T12:45:18.225+0000][56.360s][debug][safepoint   ] Safepoint synchronization initiated using futex wait barrier. (78 threads)
[2025-04-25T12:45:18.226+0000][56.360s][info ][safepoint   ] Safepoint "Cleanup", Time since last: 1004329918 ns, Reaching safepoint: 221259 ns, Cleanup: 123489 ns, At safepoint: 16829 ns, Total: 361577 ns
[2025-04-25T12:45:19.457+0000][57.591s][debug][safepoint   ] Safepoint synchronization initiated using futex wait barrier. (78 threads)
[2025-04-25T12:45:19.457+0000][57.591s][info ][safepoint   ] Safepoint "Cleanup", Time since last: 1230859845 ns, Reaching safepoint: 51417 ns, Cleanup: 95568 ns, At safepoint: 6343 ns, Total: 153328 ns
[2025-04-25T12:45:20.523+0000][58.657s][debug][safepoint   ] Safepoint synchronization initiated using futex wait barrier. (78 threads)
[2025-04-25T12:45:20.524+0000][58.658s][info ][gc,start    ] GC(58) Pause Young (Normal) (G1 Evacuation Pause)
[2025-04-25T12:45:20.524+0000][58.659s][info ][gc,task     ] GC(58) Using 4 workers of 4 for evacuation
[2025-04-25T12:45:20.560+0000][58.694s][info ][gc,phases   ] GC(58)   Pre Evacuate Collection Set: 0.3ms
[2025-04-25T12:45:20.560+0000][58.694s][info ][gc,phases   ] GC(58)   Merge Heap Roots: 0.5ms
[2025-04-25T12:45:20.560+0000][58.694s][info ][gc,phases   ] GC(58)   Evacuate Collection Set: 32.1ms
[2025-04-25T12:45:20.560+0000][58.695s][info ][gc,phases   ] GC(58)   Post Evacuate Collection Set: 2.8ms
[2025-04-25T12:45:20.560+0000][58.695s][info ][gc,phases   ] GC(58)   Other: 0.3ms
[2025-04-25T12:45:20.560+0000][58.695s][info ][gc,heap     ] GC(58) Eden regions: 581->0(567)
[2025-04-25T12:45:20.560+0000][58.695s][info ][gc,heap     ] GC(58) Survivor regions: 4->18(74)
[2025-04-25T12:45:20.560+0000][58.695s][info ][gc,heap     ] GC(58) Old regions: 129->129
[2025-04-25T12:45:20.560+0000][58.695s][info ][gc,heap     ] GC(58) Archive regions: 2->2
[2025-04-25T12:45:20.560+0000][58.695s][info ][gc,heap     ] GC(58) Humongous regions: 0->0
[2025-04-25T12:45:20.560+0000][58.695s][info ][gc,metaspace] GC(58) Metaspace: 156168K(157312K)->156168K(157312K) NonClass: 136980K(137600K)->136980K(137600K) Class: 19187K(19712K)->19187K(19712K)
[2025-04-25T12:45:20.560+0000][58.695s][info ][gc          ] GC(58) Pause Young (Normal) (G1 Evacuation Pause) 713M->147M(976M) 36.136ms
[2025-04-25T12:45:20.560+0000][58.695s][info ][gc,cpu      ] GC(58) User=0.12s Sys=0.01s Real=0.04s
[2025-04-25T12:45:20.560+0000][58.695s][info ][safepoint   ] Safepoint "G1CollectForAllocation", Time since last: 1065878768 ns, Reaching safepoint: 951448 ns, Cleanup: 149964 ns, At safepoint: 36264294 ns, Total: 37365706 ns
[2025-04-25T12:45:22.087+0000][60.222s][debug][safepoint   ] ... found polling page loop exception at pc = 0x00007ff9892a92e3, stub =0x00007ff98898e400
[2025-04-25T12:45:22.087+0000][60.222s][debug][safepoint   ] Safepoint synchronization initiated using futex wait barrier. (83 threads)
[2025-04-25T12:45:22.088+0000][60.222s][info ][safepoint   ] Safepoint "Cleanup", Time since last: 1527564895 ns, Reaching safepoint: 25464 ns, Cleanup: 58987 ns, At safepoint: 6446 ns, Total: 90897 ns
[2025-04-25T12:45:22.974+0000][61.109s][debug][safepoint   ] Safepoint synchronization initiated using futex wait barrier. (115 threads)
[2025-04-25T12:45:22.975+0000][61.109s][debug][safepoint   ] ... found polling page loop exception at pc = 0x00007ff989b042c5, stub =0x00007ff98898e400
[2025-04-25T12:45:22.975+0000][61.109s][debug][safepoint   ] ... found polling page loop exception at pc = 0x00007ff988fdf760, stub =0x00007ff98898e400
[2025-04-25T12:45:22.975+0000][61.110s][info ][safepoint   ] Safepoint "ICBufferFull", Time since last: 886733036 ns, Reaching safepoint: 432285 ns, Cleanup: 132634 ns, At safepoint: 29928 ns, Total: 594847 ns
[2025-04-25T12:45:23.817+0000][61.952s][debug][safepoint   ] ... found polling page loop exception at pc = 0x00007ff989b08388, stub =0x00007ff98898e400
[2025-04-25T12:45:24.072+0000][62.207s][debug][safepoint   ] Safepoint synchronization initiated using futex wait barrier. (192 threads)
[2025-04-25T12:45:24.072+0000][62.207s][debug][safepoint   ] ... found polling page loop exception at pc = 0x00007ff988f683ba, stub =0x00007ff98898e400
[2025-04-25T12:45:24.076+0000][62.211s][info ][safepoint   ] Safepoint "ICBufferFull", Time since last: 1096835868 ns, Reaching safepoint: 433359 ns, Cleanup: 409597 ns, At safepoint: 3317553 ns, Total: 4160509 ns
[2025-04-25T12:45:24.078+0000][62.213s][debug][safepoint   ] Safepoint synchronization initiated using futex wait barrier. (192 threads)
[2025-04-25T12:45:24.078+0000][62.213s][info ][safepoint   ] Safepoint "ICBufferFull", Time since last: 2076689 ns, Reaching safepoint: 159215 ns, Cleanup: 11578 ns, At safepoint: 46466 ns, Total: 217259 ns
[2025-04-25T12:45:24.491+0000][62.626s][debug][safepoint   ] ... found polling page loop exception at pc = 0x00007ff9892a09b9, stub =0x00007ff98898e400
[2025-04-25T12:45:24.550+0000][62.685s][debug][safepoint   ] Safepoint synchronization initiated using futex wait barrier. (195 threads)
[2025-04-25T12:45:24.550+0000][62.685s][debug][safepoint   ] ... found polling page loop exception at pc = 0x00007ff988f12150, stub =0x00007ff98898e400
[2025-04-25T12:45:24.551+0000][62.686s][info ][gc,start    ] GC(59) Pause Young (Normal) (G1 Evacuation Pause)
[2025-04-25T12:45:24.551+0000][62.686s][info ][gc,task     ] GC(59) Using 4 workers of 4 for evacuation
[2025-04-25T12:45:24.598+0000][62.733s][info ][gc,phases   ] GC(59)   Pre Evacuate Collection Set: 0.4ms
[2025-04-25T12:45:24.598+0000][62.733s][info ][gc,phases   ] GC(59)   Merge Heap Roots: 0.4ms
[2025-04-25T12:45:24.598+0000][62.733s][info ][gc,phases   ] GC(59)   Evacuate Collection Set: 42.9ms
[2025-04-25T12:45:24.598+0000][62.733s][info ][gc,phases   ] GC(59)   Post Evacuate Collection Set: 2.9ms
[2025-04-25T12:45:24.598+0000][62.733s][info ][gc,phases   ] GC(59)   Other: 0.7ms
[2025-04-25T12:45:24.598+0000][62.733s][info ][gc,heap     ] GC(59) Eden regions: 567->0(554)
[2025-04-25T12:45:24.598+0000][62.733s][info ][gc,heap     ] GC(59) Survivor regions: 18->31(74)
[2025-04-25T12:45:24.598+0000][62.733s][info ][gc,heap     ] GC(59) Old regions: 129->129
[2025-04-25T12:45:24.598+0000][62.733s][info ][gc,heap     ] GC(59) Archive regions: 2->2
[2025-04-25T12:45:24.598+0000][62.733s][info ][gc,heap     ] GC(59) Humongous regions: 0->0
[2025-04-25T12:45:24.598+0000][62.733s][info ][gc,metaspace] GC(59) Metaspace: 167952K(169152K)->167952K(169152K) NonClass: 147230K(147840K)->147230K(147840K) Class: 20721K(21312K)->20721K(21312K)
[2025-04-25T12:45:24.598+0000][62.733s][info ][gc          ] GC(59) Pause Young (Normal) (G1 Evacuation Pause) 714M->159M(976M) 47.388ms
[2025-04-25T12:45:24.599+0000][62.733s][info ][gc,cpu      ] GC(59) User=0.16s Sys=0.01s Real=0.05s
[2025-04-25T12:45:24.599+0000][62.734s][info ][safepoint   ] Safepoint "G1CollectForAllocation", Time since last: 471694009 ns, Reaching safepoint: 1023024 ns, Cleanup: 113602 ns, At safepoint: 48038894 ns, Total: 49175520 ns
[2025-04-25T12:45:25.258+0000][63.393s][debug][safepoint   ] Safepoint synchronization initiated using futex wait barrier. (202 threads)
[2025-04-25T12:45:25.264+0000][63.399s][info ][safepoint   ] Safepoint "ICBufferFull", Time since last: 659248855 ns, Reaching safepoint: 237316 ns, Cleanup: 178801 ns, At safepoint: 5602140 ns, Total: 6018257 ns
[2025-04-25T12:45:26.257+0000][64.392s][debug][safepoint   ] Safepoint synchronization initiated using futex wait barrier. (204 threads)
[2025-04-25T12:45:26.261+0000][64.396s][info ][safepoint   ] Safepoint "ICBufferFull", Time since last: 993114490 ns, Reaching safepoint: 287480 ns, Cleanup: 111414 ns, At safepoint: 3000494 ns, Total: 3399388 ns
[2025-04-25T12:45:26.859+0000][64.994s][debug][safepoint   ] Safepoint synchronization initiated using futex wait barrier. (217 threads)
[2025-04-25T12:45:26.859+0000][64.994s][debug][safepoint   ] ... found polling page loop exception at pc = 0x00007ff9891d83c5, stub =0x00007ff98898e400
[2025-04-25T12:45:26.860+0000][64.994s][info ][safepoint   ] Safepoint "ICBufferFull", Time since last: 598331414 ns, Reaching safepoint: 357473 ns, Cleanup: 109249 ns, At safepoint: 22564 ns, Total: 489286 ns
[2025-04-25T12:45:27.881+0000][66.016s][debug][safepoint   ] Safepoint synchronization initiated using futex wait barrier. (217 threads)
[2025-04-25T12:45:27.882+0000][66.016s][info ][safepoint   ] Safepoint "Cleanup", Time since last: 1021678740 ns, Reaching safepoint: 85272 ns, Cleanup: 107848 ns, At safepoint: 8183 ns, Total: 201303 ns
[2025-04-25T12:45:28.440+0000][66.575s][debug][safepoint   ] Safepoint synchronization initiated using futex wait barrier. (233 threads)
[2025-04-25T12:45:28.441+0000][66.575s][info ][safepoint   ] Safepoint "ICBufferFull", Time since last: 558556238 ns, Reaching safepoint: 119389 ns, Cleanup: 361071 ns, At safepoint: 32956 ns, Total: 513416 ns
[2025-04-25T12:45:29.540+0000][67.675s][debug][safepoint   ] Safepoint synchronization initiated using futex wait barrier. (240 threads)
[2025-04-25T12:45:29.540+0000][67.675s][info ][safepoint   ] Safepoint "Cleanup", Time since last: 1099135006 ns, Reaching safepoint: 76208 ns, Cleanup: 58712 ns, At safepoint: 4620 ns, Total: 139540 ns
[2025-04-25T12:45:30.454+0000][68.588s][debug][safepoint   ] Safepoint synchronization initiated using futex wait barrier. (240 threads)
[2025-04-25T12:45:30.454+0000][68.589s][info ][safepoint   ] Safepoint "ICBufferFull", Time since last: 913616070 ns, Reaching safepoint: 195388 ns, Cleanup: 123703 ns, At safepoint: 14196 ns, Total: 333287 ns
[2025-04-25T12:45:30.751+0000][68.886s][debug][safepoint   ] Safepoint synchronization initiated using futex wait barrier. (240 threads)
[2025-04-25T12:45:30.752+0000][68.886s][info ][gc,start    ] GC(60) Pause Young (Normal) (G1 Evacuation Pause)
[2025-04-25T12:45:30.752+0000][68.886s][info ][gc,task     ] GC(60) Using 4 workers of 4 for evacuation
[2025-04-25T12:45:30.805+0000][68.940s][info ][gc,phases   ] GC(60)   Pre Evacuate Collection Set: 0.2ms
[2025-04-25T12:45:30.805+0000][68.940s][info ][gc,phases   ] GC(60)   Merge Heap Roots: 0.2ms
[2025-04-25T12:45:30.805+0000][68.940s][info ][gc,phases   ] GC(60)   Evacuate Collection Set: 49.7ms
[2025-04-25T12:45:30.805+0000][68.940s][info ][gc,phases   ] GC(60)   Post Evacuate Collection Set: 3.2ms
[2025-04-25T12:45:30.805+0000][68.940s][info ][gc,phases   ] GC(60)   Other: 0.2ms
[2025-04-25T12:45:30.805+0000][68.940s][info ][gc,heap     ] GC(60) Eden regions: 554->0(540)
[2025-04-25T12:45:30.805+0000][68.940s][info ][gc,heap     ] GC(60) Survivor regions: 31->45(74)
[2025-04-25T12:45:30.805+0000][68.940s][info ][gc,heap     ] GC(60) Old regions: 129->129
[2025-04-25T12:45:30.805+0000][68.940s][info ][gc,heap     ] GC(60) Archive regions: 2->2
[2025-04-25T12:45:30.805+0000][68.940s][info ][gc,heap     ] GC(60) Humongous regions: 28->2
[2025-04-25T12:45:30.805+0000][68.940s][info ][gc,metaspace] GC(60) Metaspace: 182132K(183424K)->182132K(183424K) NonClass: 159732K(160448K)->159732K(160448K) Class: 22399K(22976K)->22399K(22976K)
[2025-04-25T12:45:30.805+0000][68.940s][info ][gc          ] GC(60) Pause Young (Normal) (G1 Evacuation Pause) 741M->175M(976M) 53.541ms
[2025-04-25T12:45:30.805+0000][68.940s][info ][gc,cpu      ] GC(60) User=0.18s Sys=0.00s Real=0.05s
[2025-04-25T12:45:30.806+0000][68.940s][info ][safepoint   ] Safepoint "G1CollectForAllocation", Time since last: 297629875 ns, Reaching safepoint: 58816 ns, Cleanup: 54933 ns, At safepoint: 53905433 ns, Total: 54019182 ns
[2025-04-25T12:45:31.806+0000][69.940s][debug][safepoint   ] Safepoint synchronization initiated using futex wait barrier. (245 threads)
[2025-04-25T12:45:31.806+0000][69.941s][info ][safepoint   ] Safepoint "Cleanup", Time since last: 1000123244 ns, Reaching safepoint: 67739 ns, Cleanup: 106597 ns, At safepoint: 7556 ns, Total: 181892 ns
[2025-04-25T12:45:32.527+0000][70.662s][debug][safepoint   ] Safepoint synchronization initiated using futex wait barrier. (247 threads)
[2025-04-25T12:45:32.528+0000][70.662s][info ][safepoint   ] Safepoint "ICBufferFull", Time since last: 721311549 ns, Reaching safepoint: 261714 ns, Cleanup: 147707 ns, At safepoint: 24953 ns, Total: 434374 ns
[2025-04-25T12:45:33.635+0000][71.770s][debug][safepoint   ] Safepoint synchronization initiated using futex wait barrier. (247 threads)
[2025-04-25T12:45:33.636+0000][71.771s][info ][safepoint   ] Safepoint "Cleanup", Time since last: 1107329292 ns, Reaching safepoint: 195918 ns, Cleanup: 1056403 ns, At safepoint: 103087 ns, Total: 1355408 ns
[2025-04-25T12:45:34.637+0000][72.771s][debug][safepoint   ] Safepoint synchronization initiated using futex wait barrier. (247 threads)
[2025-04-25T12:45:34.637+0000][72.772s][info ][safepoint   ] Safepoint "Cleanup", Time since last: 1000272681 ns, Reaching safepoint: 158769 ns, Cleanup: 60269 ns, At safepoint: 23013 ns, Total: 242051 ns
[2025-04-25T12:45:35.637+0000][73.772s][debug][safepoint   ] Safepoint synchronization initiated using futex wait barrier. (247 threads)
[2025-04-25T12:45:35.637+0000][73.772s][info ][safepoint   ] Safepoint "Cleanup", Time since last: 1000168935 ns, Reaching safepoint: 195677 ns, Cleanup: 35673 ns, At safepoint: 25458 ns, Total: 256808 ns
[2025-04-25T12:45:36.637+0000][74.772s][debug][safepoint   ] Safepoint synchronization initiated using futex wait barrier. (247 threads)
[2025-04-25T12:45:36.638+0000][74.773s][info ][safepoint   ] Safepoint "Cleanup", Time since last: 1000254947 ns, Reaching safepoint: 269403 ns, Cleanup: 42490 ns, At safepoint: 28563 ns, Total: 340456 ns
[2025-04-25T12:45:37.638+0000][75.773s][debug][safepoint   ] Safepoint synchronization initiated using futex wait barrier. (247 threads)
[2025-04-25T12:45:37.638+0000][75.773s][info ][safepoint   ] Safepoint "Cleanup", Time since last: 1000259324 ns, Reaching safepoint: 246750 ns, Cleanup: 137656 ns, At safepoint: 34351 ns, Total: 418757 ns
[2025-04-25T12:45:39.408+0000][77.543s][debug][safepoint   ] Safepoint synchronization initiated using futex wait barrier. (246 threads)
[2025-04-25T12:45:39.409+0000][77.543s][info ][safepoint   ] Safepoint "Cleanup", Time since last: 1769751886 ns, Reaching safepoint: 129306 ns, Cleanup: 159436 ns, At safepoint: 33118 ns, Total: 321860 ns
[2025-04-25T12:45:40.501+0000][78.635s][debug][safepoint   ] Safepoint synchronization initiated using futex wait barrier. (246 threads)
[2025-04-25T12:45:40.501+0000][78.636s][info ][safepoint   ] Safepoint "Cleanup", Time since last: 1092173779 ns, Reaching safepoint: 87778 ns, Cleanup: 108689 ns, At safepoint: 14275 ns, Total: 210742 ns
[2025-04-25T12:45:41.501+0000][79.636s][debug][safepoint   ] Safepoint synchronization initiated using futex wait barrier. (246 threads)
[2025-04-25T12:45:41.501+0000][79.636s][info ][safepoint   ] Safepoint "Cleanup", Time since last: 1000115317 ns, Reaching safepoint: 183689 ns, Cleanup: 148587 ns, At safepoint: 19491 ns, Total: 351767 ns
[2025-04-25T12:45:42.502+0000][80.636s][debug][safepoint   ] Safepoint synchronization initiated using futex wait barrier. (246 threads)
[2025-04-25T12:45:42.502+0000][80.636s][info ][safepoint   ] Safepoint "Cleanup", Time since last: 1000127188 ns, Reaching safepoint: 103516 ns, Cleanup: 80845 ns, At safepoint: 15510 ns, Total: 199871 ns
[2025-04-25T12:45:43.541+0000][81.676s][debug][safepoint   ] ... found polling page loop exception at pc = 0x00007ff98960ab34, stub =0x00007ff98898e400
[2025-04-25T12:45:43.554+0000][81.688s][debug][safepoint   ] Safepoint synchronization initiated using futex wait barrier. (247 threads)
[2025-04-25T12:45:43.554+0000][81.688s][debug][safepoint   ] ... found polling page loop exception at pc = 0x00007ff9892a09b9, stub =0x00007ff98898e400
[2025-04-25T12:45:43.554+0000][81.689s][debug][safepoint   ] ... found polling page loop exception at pc = 0x00007ff9892a09b9, stub =0x00007ff98898e400
[2025-04-25T12:45:43.555+0000][81.690s][info ][safepoint   ] Safepoint "Cleanup", Time since last: 1051892869 ns, Reaching safepoint: 353590 ns, Cleanup: 396264 ns, At safepoint: 632630 ns, Total: 1382484 ns
[2025-04-25T12:45:43.694+0000][81.829s][debug][safepoint   ] Safepoint synchronization initiated using futex wait barrier. (247 threads)
[2025-04-25T12:45:43.695+0000][81.830s][info ][gc,start    ] GC(61) Pause Young (Normal) (G1 Evacuation Pause)
[2025-04-25T12:45:43.696+0000][81.831s][info ][gc,task     ] GC(61) Using 4 workers of 4 for evacuation
[2025-04-25T12:45:43.820+0000][81.955s][info ][gc,phases   ] GC(61)   Pre Evacuate Collection Set: 0.2ms
[2025-04-25T12:45:43.820+0000][81.955s][info ][gc,phases   ] GC(61)   Merge Heap Roots: 0.7ms
[2025-04-25T12:45:43.820+0000][81.955s][info ][gc,phases   ] GC(61)   Evacuate Collection Set: 116.8ms
[2025-04-25T12:45:43.820+0000][81.955s][info ][gc,phases   ] GC(61)   Post Evacuate Collection Set: 6.1ms
[2025-04-25T12:45:43.820+0000][81.955s][info ][gc,phases   ] GC(61)   Other: 1.1ms
[2025-04-25T12:45:43.820+0000][81.955s][info ][gc,heap     ] GC(61) Eden regions: 540->0(545)
[2025-04-25T12:45:43.820+0000][81.955s][info ][gc,heap     ] GC(61) Survivor regions: 45->40(74)
[2025-04-25T12:45:43.820+0000][81.955s][info ][gc,heap     ] GC(61) Old regions: 129->146
[2025-04-25T12:45:43.820+0000][81.955s][info ][gc,heap     ] GC(61) Archive regions: 2->2
[2025-04-25T12:45:43.820+0000][81.955s][info ][gc,heap     ] GC(61) Humongous regions: 102->2
[2025-04-25T12:45:43.820+0000][81.955s][info ][gc,metaspace] GC(61) Metaspace: 188885K(190208K)->188885K(190208K) NonClass: 165791K(166464K)->165791K(166464K) Class: 23093K(23744K)->23093K(23744K)
[2025-04-25T12:45:43.820+0000][81.955s][info ][gc          ] GC(61) Pause Young (Normal) (G1 Evacuation Pause) 815M->187M(976M) 125.096ms
[2025-04-25T12:45:43.820+0000][81.955s][info ][gc,cpu      ] GC(61) User=0.26s Sys=0.00s Real=0.13s
[2025-04-25T12:45:43.820+0000][81.955s][info ][safepoint   ] Safepoint "G1CollectForAllocation", Time since last: 139272724 ns, Reaching safepoint: 576415 ns, Cleanup: 66415 ns, At safepoint: 125550480 ns, Total: 126193310 ns
[2025-04-25T12:45:44.821+0000][82.956s][debug][safepoint   ] Safepoint synchronization initiated using futex wait barrier. (248 threads)
[2025-04-25T12:45:44.822+0000][82.956s][debug][safepoint   ] ... found polling page loop exception at pc = 0x00007ff988f6843e, stub =0x00007ff98898e400
[2025-04-25T12:45:44.824+0000][82.958s][info ][safepoint   ] Safepoint "Cleanup", Time since last: 1000935998 ns, Reaching safepoint: 567726 ns, Cleanup: 292985 ns, At safepoint: 1416519 ns, Total: 2277230 ns
[2025-04-25T12:45:45.824+0000][83.959s][debug][safepoint   ] Safepoint synchronization initiated using futex wait barrier. (253 threads)
[2025-04-25T12:45:45.827+0000][83.962s][info ][safepoint   ] Safepoint "Cleanup", Time since last: 1000655361 ns, Reaching safepoint: 347106 ns, Cleanup: 89557 ns, At safepoint: 2008642 ns, Total: 2445305 ns
[2025-04-25T12:45:46.827+0000][84.962s][debug][safepoint   ] Safepoint synchronization initiated using futex wait barrier. (254 threads)
[2025-04-25T12:45:46.827+0000][84.962s][info ][safepoint   ] Safepoint "Cleanup", Time since last: 1000137697 ns, Reaching safepoint: 85214 ns, Cleanup: 51426 ns, At safepoint: 11036 ns, Total: 147676 ns
[2025-04-25T12:45:47.827+0000][85.962s][debug][safepoint   ] Safepoint synchronization initiated using futex wait barrier. (254 threads)
[2025-04-25T12:45:47.827+0000][85.962s][info ][safepoint   ] Safepoint "Cleanup", Time since last: 1000194597 ns, Reaching safepoint: 85350 ns, Cleanup: 40040 ns, At safepoint: 4801 ns, Total: 130191 ns
[2025-04-25T12:45:48.827+0000][86.962s][debug][safepoint   ] Safepoint synchronization initiated using futex wait barrier. (254 threads)
[2025-04-25T12:45:48.828+0000][86.962s][info ][safepoint   ] Safepoint "Cleanup", Time since last: 1000086266 ns, Reaching safepoint: 171084 ns, Cleanup: 36040 ns, At safepoint: 9251 ns, Total: 216375 ns
[2025-04-25T12:45:49.828+0000][87.963s][debug][safepoint   ] Safepoint synchronization initiated using futex wait barrier. (254 threads)
[2025-04-25T12:45:49.828+0000][87.963s][info ][safepoint   ] Safepoint "Cleanup", Time since last: 1000094647 ns, Reaching safepoint: 87527 ns, Cleanup: 34570 ns, At safepoint: 7690 ns, Total: 129787 ns
[2025-04-25T12:45:50.828+0000][88.963s][debug][safepoint   ] Safepoint synchronization initiated using futex wait barrier. (254 threads)
[2025-04-25T12:45:50.828+0000][88.963s][info ][safepoint   ] Safepoint "Cleanup", Time since last: 1000153823 ns, Reaching safepoint: 226323 ns, Cleanup: 78881 ns, At safepoint: 22959 ns, Total: 328163 ns
[2025-04-25T12:45:51.829+0000][89.963s][debug][safepoint   ] Safepoint synchronization initiated using futex wait barrier. (254 threads)
[2025-04-25T12:45:51.829+0000][89.963s][info ][safepoint   ] Safepoint "Cleanup", Time since last: 1000198022 ns, Reaching safepoint: 114774 ns, Cleanup: 23224 ns, At safepoint: 13398 ns, Total: 151396 ns
[2025-04-25T12:45:52.829+0000][90.964s][debug][safepoint   ] Safepoint synchronization initiated using futex wait barrier. (254 threads)
[2025-04-25T12:45:52.830+0000][90.964s][info ][safepoint   ] Safepoint "Cleanup", Time since last: 1000432206 ns, Reaching safepoint: 271873 ns, Cleanup: 42746 ns, At safepoint: 24500 ns, Total: 339119 ns
[2025-04-25T12:45:53.830+0000][91.965s][debug][safepoint   ] Safepoint synchronization initiated using futex wait barrier. (254 threads)
[2025-04-25T12:45:53.830+0000][91.965s][info ][safepoint   ] Safepoint "Cleanup", Time since last: 1000231225 ns, Reaching safepoint: 201464 ns, Cleanup: 29247 ns, At safepoint: 23608 ns, Total: 254319 ns
[2025-04-25T12:45:55.735+0000][93.870s][debug][safepoint   ] Safepoint synchronization initiated using futex wait barrier. (254 threads)
[2025-04-25T12:45:55.736+0000][93.870s][info ][safepoint   ] Safepoint "Cleanup", Time since last: 1905494857 ns, Reaching safepoint: 107488 ns, Cleanup: 67680 ns, At safepoint: 13317 ns, Total: 188485 ns
[2025-04-25T12:45:56.736+0000][94.871s][debug][safepoint   ] Safepoint synchronization initiated using futex wait barrier. (254 threads)
[2025-04-25T12:45:56.736+0000][94.871s][info ][safepoint   ] Safepoint "Cleanup", Time since last: 1000195562 ns, Reaching safepoint: 65279 ns, Cleanup: 13440 ns, At safepoint: 6422 ns, Total: 85141 ns
[2025-04-25T12:45:57.736+0000][95.871s][debug][safepoint   ] Safepoint synchronization initiated using futex wait barrier. (255 threads)
[2025-04-25T12:45:57.736+0000][95.871s][info ][safepoint   ] Safepoint "Cleanup", Time since last: 1000100902 ns, Reaching safepoint: 118170 ns, Cleanup: 154150 ns, At safepoint: 23775 ns, Total: 296095 ns
[2025-04-25T12:45:58.737+0000][96.871s][debug][safepoint   ] Safepoint synchronization initiated using futex wait barrier. (255 threads)
[2025-04-25T12:45:58.737+0000][96.872s][info ][safepoint   ] Safepoint "Cleanup", Time since last: 1000152803 ns, Reaching safepoint: 180715 ns, Cleanup: 72929 ns, At safepoint: 25485 ns, Total: 279129 ns
[2025-04-25T12:45:59.739+0000][97.874s][debug][safepoint   ] Safepoint synchronization initiated using futex wait barrier. (255 threads)
[2025-04-25T12:45:59.741+0000][97.875s][info ][safepoint   ] Safepoint "Cleanup", Time since last: 1002585554 ns, Reaching safepoint: 730161 ns, Cleanup: 123210 ns, At safepoint: 50504 ns, Total: 903875 ns
[2025-04-25T12:46:00.741+0000][98.876s][debug][safepoint   ] Safepoint synchronization initiated using futex wait barrier. (255 threads)
[2025-04-25T12:46:00.744+0000][98.879s][info ][safepoint   ] Safepoint "Cleanup", Time since last: 1001143798 ns, Reaching safepoint: 2745985 ns, Cleanup: 92362 ns, At safepoint: 124249 ns, Total: 2962596 ns
[2025-04-25T12:46:01.745+0000][99.879s][debug][safepoint   ] Safepoint synchronization initiated using futex wait barrier. (255 threads)
[2025-04-25T12:46:01.745+0000][99.880s][info ][safepoint   ] Safepoint "Cleanup", Time since last: 1000313865 ns, Reaching safepoint: 167552 ns, Cleanup: 33157 ns, At safepoint: 20568 ns, Total: 221277 ns
[2025-04-25T12:46:03.154+0000][101.289s][debug][safepoint   ] Safepoint synchronization initiated using futex wait barrier. (255 threads)
[2025-04-25T12:46:03.155+0000][101.290s][info ][safepoint   ] Safepoint "Cleanup", Time since last: 1409463203 ns, Reaching safepoint: 220105 ns, Cleanup: 135871 ns, At safepoint: 24839 ns, Total: 380815 ns
[2025-04-25T12:46:04.155+0000][102.290s][debug][safepoint   ] Safepoint synchronization initiated using futex wait barrier. (255 threads)
[2025-04-25T12:46:04.156+0000][102.291s][info ][safepoint   ] Safepoint "Cleanup", Time since last: 1000645217 ns, Reaching safepoint: 222944 ns, Cleanup: 69741 ns, At safepoint: 90918 ns, Total: 383603 ns
[2025-04-25T12:46:05.156+0000][103.291s][debug][safepoint   ] Safepoint synchronization initiated using futex wait barrier. (255 threads)
[2025-04-25T12:46:05.156+0000][103.291s][info ][safepoint   ] Safepoint "Cleanup", Time since last: 1000133010 ns, Reaching safepoint: 168593 ns, Cleanup: 35375 ns, At safepoint: 17623 ns, Total: 221591 ns
[2025-04-25T12:46:06.156+0000][104.291s][debug][safepoint   ] Safepoint synchronization initiated using futex wait barrier. (257 threads)
[2025-04-25T12:46:06.157+0000][104.292s][info ][safepoint   ] Safepoint "Cleanup", Time since last: 1000212581 ns, Reaching safepoint: 272889 ns, Cleanup: 147898 ns, At safepoint: 31227 ns, Total: 452014 ns
[2025-04-25T12:46:07.157+0000][105.292s][debug][safepoint   ] Safepoint synchronization initiated using futex wait barrier. (257 threads)
[2025-04-25T12:46:07.157+0000][105.292s][info ][safepoint   ] Safepoint "Cleanup", Time since last: 1000278358 ns, Reaching safepoint: 271262 ns, Cleanup: 63229 ns, At safepoint: 36716 ns, Total: 371207 ns
[2025-04-25T12:46:08.158+0000][106.292s][debug][safepoint   ] Safepoint synchronization initiated using futex wait barrier. (257 threads)
[2025-04-25T12:46:08.158+0000][106.293s][info ][safepoint   ] Safepoint "Cleanup", Time since last: 1000216122 ns, Reaching safepoint: 218791 ns, Cleanup: 74160 ns, At safepoint: 27259 ns, Total: 320210 ns
[2025-04-25T12:46:09.158+0000][107.293s][debug][safepoint   ] Safepoint synchronization initiated using futex wait barrier. (257 threads)
[2025-04-25T12:46:09.159+0000][107.293s][info ][safepoint   ] Safepoint "Cleanup", Time since last: 1000266713 ns, Reaching safepoint: 284267 ns, Cleanup: 38573 ns, At safepoint: 36839 ns, Total: 359679 ns
[2025-04-25T12:46:10.159+0000][108.294s][debug][safepoint   ] Safepoint synchronization initiated using futex wait barrier. (257 threads)
[2025-04-25T12:46:10.159+0000][108.294s][info ][safepoint   ] Safepoint "Cleanup", Time since last: 1000272381 ns, Reaching safepoint: 138870 ns, Cleanup: 37019 ns, At safepoint: 17210 ns, Total: 193099 ns
[2025-04-25T12:46:11.159+0000][109.294s][debug][safepoint   ] Safepoint synchronization initiated using futex wait barrier. (257 threads)
[2025-04-25T12:46:11.160+0000][109.294s][info ][safepoint   ] Safepoint "Cleanup", Time since last: 1000245528 ns, Reaching safepoint: 212203 ns, Cleanup: 38083 ns, At safepoint: 31466 ns, Total: 281752 ns
[2025-04-25T12:46:12.160+0000][110.295s][debug][safepoint   ] Safepoint synchronization initiated using futex wait barrier. (257 threads)
[2025-04-25T12:46:12.160+0000][110.295s][info ][safepoint   ] Safepoint "Cleanup", Time since last: 1000215221 ns, Reaching safepoint: 207384 ns, Cleanup: 43938 ns, At safepoint: 29015 ns, Total: 280337 ns
[2025-04-25T12:46:13.160+0000][111.295s][debug][safepoint   ] Safepoint synchronization initiated using futex wait barrier. (257 threads)
[2025-04-25T12:46:13.161+0000][111.295s][info ][safepoint   ] Safepoint "Cleanup", Time since last: 1000229377 ns, Reaching safepoint: 209329 ns, Cleanup: 68887 ns, At safepoint: 29455 ns, Total: 307671 ns
[2025-04-25T12:46:14.441+0000][112.576s][debug][safepoint   ] Safepoint synchronization initiated using futex wait barrier. (257 threads)
[2025-04-25T12:46:14.442+0000][112.576s][info ][safepoint   ] Safepoint "Cleanup", Time since last: 1280198736 ns, Reaching safepoint: 270987 ns, Cleanup: 400845 ns, At safepoint: 85138 ns, Total: 756970 ns
[2025-04-25T12:46:15.442+0000][113.577s][debug][safepoint   ] Safepoint synchronization initiated using futex wait barrier. (257 threads)
[2025-04-25T12:46:15.442+0000][113.577s][info ][safepoint   ] Safepoint "Cleanup", Time since last: 1000227673 ns, Reaching safepoint: 158828 ns, Cleanup: 14769 ns, At safepoint: 9993 ns, Total: 183590 ns
[2025-04-25T12:46:16.442+0000][114.577s][debug][safepoint   ] Safepoint synchronization initiated using futex wait barrier. (257 threads)
[2025-04-25T12:46:16.442+0000][114.577s][info ][safepoint   ] Safepoint "Cleanup", Time since last: 1000089341 ns, Reaching safepoint: 61554 ns, Cleanup: 19019 ns, At safepoint: 8444 ns, Total: 89017 ns
[2025-04-25T12:46:17.442+0000][115.577s][debug][safepoint   ] Safepoint synchronization initiated using futex wait barrier. (257 threads)
[2025-04-25T12:46:17.443+0000][115.577s][info ][safepoint   ] Safepoint "Cleanup", Time since last: 1000168334 ns, Reaching safepoint: 260156 ns, Cleanup: 40572 ns, At safepoint: 29401 ns, Total: 330129 ns
[2025-04-25T12:46:18.443+0000][116.578s][debug][safepoint   ] Safepoint synchronization initiated using futex wait barrier. (257 threads)
[2025-04-25T12:46:18.443+0000][116.578s][info ][safepoint   ] Safepoint "Cleanup", Time since last: 1000248488 ns, Reaching safepoint: 111062 ns, Cleanup: 18935 ns, At safepoint: 7011 ns, Total: 137008 ns
[2025-04-25T12:46:19.443+0000][117.578s][debug][safepoint   ] Safepoint synchronization initiated using futex wait barrier. (257 threads)
[2025-04-25T12:46:19.444+0000][117.578s][info ][safepoint   ] Safepoint "Cleanup", Time since last: 1000146319 ns, Reaching safepoint: 291860 ns, Cleanup: 39533 ns, At safepoint: 22764 ns, Total: 354157 ns
[2025-04-25T12:46:20.444+0000][118.579s][debug][safepoint   ] Safepoint synchronization initiated using futex wait barrier. (257 threads)
[2025-04-25T12:46:20.445+0000][118.580s][info ][safepoint   ] Safepoint "Cleanup", Time since last: 1000261711 ns, Reaching safepoint: 819790 ns, Cleanup: 73859 ns, At safepoint: 33426 ns, Total: 927075 ns
[2025-04-25T12:46:21.445+0000][119.580s][debug][safepoint   ] Safepoint synchronization initiated using futex wait barrier. (257 threads)
[2025-04-25T12:46:21.448+0000][119.583s][info ][safepoint   ] Safepoint "Cleanup", Time since last: 1000612319 ns, Reaching safepoint: 2487990 ns, Cleanup: 55134 ns, At safepoint: 33276 ns, Total: 2576400 ns
[2025-04-25T12:46:23.157+0000][121.292s][debug][safepoint   ] Safepoint synchronization initiated using futex wait barrier. (255 threads)
[2025-04-25T12:46:23.158+0000][121.293s][info ][safepoint   ] Safepoint "Cleanup", Time since last: 1709335702 ns, Reaching safepoint: 338477 ns, Cleanup: 210365 ns, At safepoint: 49947 ns, Total: 598789 ns
[2025-04-25T12:46:24.158+0000][122.293s][debug][safepoint   ] Safepoint synchronization initiated using futex wait barrier. (253 threads)
[2025-04-25T12:46:24.159+0000][122.293s][info ][safepoint   ] Safepoint "Cleanup", Time since last: 1000220316 ns, Reaching safepoint: 273535 ns, Cleanup: 112798 ns, At safepoint: 93810 ns, Total: 480143 ns
[2025-04-25T12:46:25.160+0000][123.294s][debug][safepoint   ] Safepoint synchronization initiated using futex wait barrier. (251 threads)
[2025-04-25T12:46:25.160+0000][123.295s][info ][safepoint   ] Safepoint "Cleanup", Time since last: 1001129484 ns, Reaching safepoint: 270265 ns, Cleanup: 68060 ns, At safepoint: 36272 ns, Total: 374597 ns
[2025-04-25T12:46:26.160+0000][124.295s][debug][safepoint   ] Safepoint synchronization initiated using futex wait barrier. (251 threads)
[2025-04-25T12:46:26.161+0000][124.295s][info ][safepoint   ] Safepoint "Cleanup", Time since last: 1000242422 ns, Reaching safepoint: 214815 ns, Cleanup: 49964 ns, At safepoint: 32118 ns, Total: 296897 ns
[2025-04-25T12:46:27.161+0000][125.296s][debug][safepoint   ] Safepoint synchronization initiated using futex wait barrier. (250 threads)
[2025-04-25T12:46:27.161+0000][125.296s][info ][safepoint   ] Safepoint "Cleanup", Time since last: 1000205966 ns, Reaching safepoint: 205401 ns, Cleanup: 59152 ns, At safepoint: 29244 ns, Total: 293797 ns
[2025-04-25T12:46:28.161+0000][126.296s][debug][safepoint   ] Safepoint synchronization initiated using futex wait barrier. (250 threads)
[2025-04-25T12:46:28.162+0000][126.296s][info ][safepoint   ] Safepoint "Cleanup", Time since last: 1000156972 ns, Reaching safepoint: 245046 ns, Cleanup: 72048 ns, At safepoint: 30182 ns, Total: 347276 ns
[2025-04-25T12:46:29.162+0000][127.297s][debug][safepoint   ] Safepoint synchronization initiated using futex wait barrier. (250 threads)
[2025-04-25T12:46:29.162+0000][127.297s][info ][safepoint   ] Safepoint "Cleanup", Time since last: 1000216594 ns, Reaching safepoint: 204714 ns, Cleanup: 63707 ns, At safepoint: 36655 ns, Total: 305076 ns
[2025-04-25T12:46:31.163+0000][129.297s][debug][safepoint   ] Safepoint synchronization initiated using futex wait barrier. (250 threads)
[2025-04-25T12:46:31.163+0000][129.298s][info ][safepoint   ] Safepoint "Cleanup", Time since last: 2000459995 ns, Reaching safepoint: 227533 ns, Cleanup: 61456 ns, At safepoint: 27580 ns, Total: 316569 ns
[2025-04-25T12:46:33.163+0000][131.298s][debug][safepoint   ] Safepoint synchronization initiated using futex wait barrier. (248 threads)
[2025-04-25T12:46:33.164+0000][131.298s][info ][safepoint   ] Safepoint "Cleanup", Time since last: 2000456692 ns, Reaching safepoint: 231581 ns, Cleanup: 41738 ns, At safepoint: 29674 ns, Total: 302993 ns
[2025-04-25T12:46:34.164+0000][132.299s][debug][safepoint   ] Safepoint synchronization initiated using futex wait barrier. (248 threads)
[2025-04-25T12:46:34.164+0000][132.299s][info ][safepoint   ] Safepoint "Cleanup", Time since last: 1000269733 ns, Reaching safepoint: 227163 ns, Cleanup: 40769 ns, At safepoint: 30799 ns, Total: 298731 ns
[2025-04-25T12:46:35.164+0000][133.299s][debug][safepoint   ] Safepoint synchronization initiated using futex wait barrier. (248 threads)
[2025-04-25T12:46:35.165+0000][133.299s][info ][safepoint   ] Safepoint "Cleanup", Time since last: 1000193283 ns, Reaching safepoint: 89701 ns, Cleanup: 23430 ns, At safepoint: 8205 ns, Total: 121336 ns
[2025-04-25T12:46:36.165+0000][134.299s][debug][safepoint   ] Safepoint synchronization initiated using futex wait barrier. (248 threads)
[2025-04-25T12:46:36.165+0000][134.300s][info ][safepoint   ] Safepoint "Cleanup", Time since last: 1000106822 ns, Reaching safepoint: 99858 ns, Cleanup: 29137 ns, At safepoint: 9149 ns, Total: 138144 ns
[2025-04-25T12:46:37.165+0000][135.300s][debug][safepoint   ] Safepoint synchronization initiated using futex wait barrier. (248 threads)
[2025-04-25T12:46:37.165+0000][135.300s][info ][safepoint   ] Safepoint "Cleanup", Time since last: 1000184705 ns, Reaching safepoint: 398453 ns, Cleanup: 52532 ns, At safepoint: 30587 ns, Total: 481572 ns
[2025-04-25T12:46:38.166+0000][136.300s][debug][safepoint   ] Safepoint synchronization initiated using futex wait barrier. (248 threads)
[2025-04-25T12:46:38.166+0000][136.301s][info ][safepoint   ] Safepoint "Cleanup", Time since last: 1000217370 ns, Reaching safepoint: 173497 ns, Cleanup: 58351 ns, At safepoint: 22525 ns, Total: 254373 ns
[2025-04-25T12:46:39.166+0000][137.301s][debug][safepoint   ] Safepoint synchronization initiated using futex wait barrier. (248 threads)
[2025-04-25T12:46:39.166+0000][137.301s][info ][safepoint   ] Safepoint "Cleanup", Time since last: 1000165771 ns, Reaching safepoint: 67819 ns, Cleanup: 13661 ns, At safepoint: 9574 ns, Total: 91054 ns
[2025-04-25T12:46:40.166+0000][138.301s][debug][safepoint   ] Safepoint synchronization initiated using futex wait barrier. (248 threads)
[2025-04-25T12:46:40.166+0000][138.301s][info ][safepoint   ] Safepoint "Cleanup", Time since last: 1000094830 ns, Reaching safepoint: 83607 ns, Cleanup: 24000 ns, At safepoint: 9839 ns, Total: 117446 ns
[2025-04-25T12:46:41.167+0000][139.301s][debug][safepoint   ] Safepoint synchronization initiated using futex wait barrier. (248 threads)
[2025-04-25T12:46:41.167+0000][139.301s][info ][safepoint   ] Safepoint "Cleanup", Time since last: 1000096771 ns, Reaching safepoint: 90779 ns, Cleanup: 19379 ns, At safepoint: 6827 ns, Total: 116985 ns
[2025-04-25T12:46:42.167+0000][140.302s][debug][safepoint   ] Safepoint synchronization initiated using futex wait barrier. (248 threads)
[2025-04-25T12:46:42.168+0000][140.302s][info ][safepoint   ] Safepoint "Cleanup", Time since last: 1000258216 ns, Reaching safepoint: 688687 ns, Cleanup: 35999 ns, At safepoint: 18519 ns, Total: 743205 ns
[2025-04-25T12:46:43.168+0000][141.303s][debug][safepoint   ] Safepoint synchronization initiated using futex wait barrier. (248 threads)
[2025-04-25T12:46:43.168+0000][141.303s][info ][safepoint   ] Safepoint "Cleanup", Time since last: 1000257335 ns, Reaching safepoint: 346438 ns, Cleanup: 138175 ns, At safepoint: 50661 ns, Total: 535274 ns
[2025-04-25T12:46:44.169+0000][142.303s][debug][safepoint   ] Safepoint synchronization initiated using futex wait barrier. (248 threads)
[2025-04-25T12:46:44.169+0000][142.304s][info ][safepoint   ] Safepoint "Cleanup", Time since last: 1000213198 ns, Reaching safepoint: 215975 ns, Cleanup: 44383 ns, At safepoint: 26484 ns, Total: 286842 ns
[2025-04-25T12:46:45.169+0000][143.304s][debug][safepoint   ] Safepoint synchronization initiated using futex wait barrier. (248 threads)
[2025-04-25T12:46:45.169+0000][143.304s][info ][safepoint   ] Safepoint "Cleanup", Time since last: 1000248611 ns, Reaching safepoint: 232181 ns, Cleanup: 33925 ns, At safepoint: 24366 ns, Total: 290472 ns
[2025-04-25T12:46:46.170+0000][144.304s][debug][safepoint   ] Safepoint synchronization initiated using futex wait barrier. (248 threads)
[2025-04-25T12:46:46.170+0000][144.305s][info ][safepoint   ] Safepoint "Cleanup", Time since last: 1000178050 ns, Reaching safepoint: 193672 ns, Cleanup: 39204 ns, At safepoint: 13531 ns, Total: 246407 ns
[2025-04-25T12:46:48.170+0000][146.305s][debug][safepoint   ] Safepoint synchronization initiated using futex wait barrier. (248 threads)
[2025-04-25T12:46:48.170+0000][146.305s][info ][safepoint   ] Safepoint "Cleanup", Time since last: 2000198148 ns, Reaching safepoint: 97033 ns, Cleanup: 27237 ns, At safepoint: 8056 ns, Total: 132326 ns
[2025-04-25T12:46:49.170+0000][147.305s][debug][safepoint   ] Safepoint synchronization initiated using futex wait barrier. (248 threads)
[2025-04-25T12:46:49.171+0000][147.306s][info ][safepoint   ] Safepoint "Cleanup", Time since last: 1000205293 ns, Reaching safepoint: 243279 ns, Cleanup: 52714 ns, At safepoint: 31175 ns, Total: 327168 ns
[2025-04-25T12:46:50.171+0000][148.306s][debug][safepoint   ] Safepoint synchronization initiated using futex wait barrier. (248 threads)
[2025-04-25T12:46:50.171+0000][148.306s][info ][safepoint   ] Safepoint "Cleanup", Time since last: 1000231992 ns, Reaching safepoint: 109352 ns, Cleanup: 25119 ns, At safepoint: 10833 ns, Total: 145304 ns
[2025-04-25T12:46:52.171+0000][150.306s][debug][safepoint   ] Safepoint synchronization initiated using futex wait barrier. (248 threads)
[2025-04-25T12:46:52.172+0000][150.307s][info ][safepoint   ] Safepoint "Cleanup", Time since last: 2000312016 ns, Reaching safepoint: 241474 ns, Cleanup: 37832 ns, At safepoint: 29030 ns, Total: 308336 ns
[2025-04-25T12:46:53.172+0000][151.307s][debug][safepoint   ] Safepoint synchronization initiated using futex wait barrier. (248 threads)
[2025-04-25T12:46:53.172+0000][151.307s][info ][safepoint   ] Safepoint "Cleanup", Time since last: 1000219101 ns, Reaching safepoint: 268302 ns, Cleanup: 46492 ns, At safepoint: 62445 ns, Total: 377239 ns
[2025-04-25T12:46:54.173+0000][152.307s][debug][safepoint   ] Safepoint synchronization initiated using futex wait barrier. (248 threads)
[2025-04-25T12:46:54.173+0000][152.308s][info ][safepoint   ] Safepoint "Cleanup", Time since last: 1000250736 ns, Reaching safepoint: 206612 ns, Cleanup: 102303 ns, At safepoint: 32911 ns, Total: 341826 ns
[2025-04-25T12:46:55.173+0000][153.308s][debug][safepoint   ] Safepoint synchronization initiated using futex wait barrier. (248 threads)
[2025-04-25T12:46:55.174+0000][153.308s][info ][safepoint   ] Safepoint "Cleanup", Time since last: 1000181154 ns, Reaching safepoint: 297634 ns, Cleanup: 67914 ns, At safepoint: 30240 ns, Total: 395788 ns
[2025-04-25T12:46:56.174+0000][154.308s][debug][safepoint   ] Safepoint synchronization initiated using futex wait barrier. (248 threads)
[2025-04-25T12:46:56.174+0000][154.309s][info ][safepoint   ] Safepoint "Cleanup", Time since last: 1000207517 ns, Reaching safepoint: 58824 ns, Cleanup: 26412 ns, At safepoint: 5166 ns, Total: 90402 ns
[2025-04-25T12:46:57.174+0000][155.309s][debug][safepoint   ] Safepoint synchronization initiated using futex wait barrier. (248 threads)
[2025-04-25T12:46:57.174+0000][155.309s][info ][safepoint   ] Safepoint "Cleanup", Time since last: 1000135992 ns, Reaching safepoint: 123675 ns, Cleanup: 27968 ns, At safepoint: 10415 ns, Total: 162058 ns
[2025-04-25T12:46:58.174+0000][156.309s][debug][safepoint   ] Safepoint synchronization initiated using futex wait barrier. (247 threads)
[2025-04-25T12:46:58.175+0000][156.309s][info ][safepoint   ] Safepoint "Cleanup", Time since last: 1000259204 ns, Reaching safepoint: 252958 ns, Cleanup: 48346 ns, At safepoint: 34284 ns, Total: 335588 ns
[2025-04-25T12:46:59.175+0000][157.310s][debug][safepoint   ] Safepoint synchronization initiated using futex wait barrier. (247 threads)
[2025-04-25T12:46:59.176+0000][157.310s][info ][safepoint   ] Safepoint "Cleanup", Time since last: 1000748218 ns, Reaching safepoint: 81863 ns, Cleanup: 12190 ns, At safepoint: 5520 ns, Total: 99573 ns
[2025-04-25T12:47:00.176+0000][158.310s][debug][safepoint   ] Safepoint synchronization initiated using futex wait barrier. (247 threads)
[2025-04-25T12:47:00.176+0000][158.311s][info ][safepoint   ] Safepoint "Cleanup", Time since last: 1000104743 ns, Reaching safepoint: 100744 ns, Cleanup: 18877 ns, At safepoint: 10114 ns, Total: 129735 ns
[2025-04-25T12:47:01.176+0000][159.311s][debug][safepoint   ] Safepoint synchronization initiated using futex wait barrier. (247 threads)
[2025-04-25T12:47:01.176+0000][159.311s][info ][safepoint   ] Safepoint "Cleanup", Time since last: 1000099976 ns, Reaching safepoint: 112298 ns, Cleanup: 31091 ns, At safepoint: 7522 ns, Total: 150911 ns
[2025-04-25T12:47:02.176+0000][160.311s][debug][safepoint   ] Safepoint synchronization initiated using futex wait barrier. (247 threads)
[2025-04-25T12:47:02.176+0000][160.311s][info ][safepoint   ] Safepoint "Cleanup", Time since last: 1000167728 ns, Reaching safepoint: 95688 ns, Cleanup: 18711 ns, At safepoint: 8219 ns, Total: 122618 ns
[2025-04-25T12:47:03.176+0000][161.311s][debug][safepoint   ] Safepoint synchronization initiated using futex wait barrier. (247 threads)
[2025-04-25T12:47:03.177+0000][161.312s][info ][safepoint   ] Safepoint "Cleanup", Time since last: 1000142016 ns, Reaching safepoint: 206372 ns, Cleanup: 48803 ns, At safepoint: 32716 ns, Total: 287891 ns
[2025-04-25T12:47:04.177+0000][162.312s][debug][safepoint   ] Safepoint synchronization initiated using futex wait barrier. (247 threads)
[2025-04-25T12:47:04.178+0000][162.312s][info ][safepoint   ] Safepoint "Cleanup", Time since last: 1000391763 ns, Reaching safepoint: 349601 ns, Cleanup: 62720 ns, At safepoint: 34073 ns, Total: 446394 ns
[2025-04-25T12:47:05.178+0000][163.313s][debug][safepoint   ] Safepoint synchronization initiated using futex wait barrier. (247 threads)
[2025-04-25T12:47:05.178+0000][163.313s][info ][safepoint   ] Safepoint "Cleanup", Time since last: 1000316482 ns, Reaching safepoint: 205917 ns, Cleanup: 36195 ns, At safepoint: 22388 ns, Total: 264500 ns
[2025-04-25T12:47:07.178+0000][165.313s][debug][safepoint   ] Safepoint synchronization initiated using futex wait barrier. (246 threads)
[2025-04-25T12:47:07.179+0000][165.313s][info ][safepoint   ] Safepoint "Cleanup", Time since last: 2000296435 ns, Reaching safepoint: 53670 ns, Cleanup: 12758 ns, At safepoint: 4477 ns, Total: 70905 ns
[2025-04-25T12:47:09.179+0000][167.314s][debug][safepoint   ] Safepoint synchronization initiated using futex wait barrier. (246 threads)
[2025-04-25T12:47:09.180+0000][167.314s][info ][safepoint   ] Safepoint "Cleanup", Time since last: 2000459869 ns, Reaching safepoint: 525470 ns, Cleanup: 49090 ns, At safepoint: 37226 ns, Total: 611786 ns
[2025-04-25T12:47:10.180+0000][168.315s][debug][safepoint   ] Safepoint synchronization initiated using futex wait barrier. (246 threads)
[2025-04-25T12:47:10.180+0000][168.315s][info ][safepoint   ] Safepoint "Cleanup", Time since last: 1000229505 ns, Reaching safepoint: 94018 ns, Cleanup: 17837 ns, At safepoint: 6568 ns, Total: 118423 ns
[2025-04-25T12:47:11.180+0000][169.315s][debug][safepoint   ] Safepoint synchronization initiated using futex wait barrier. (246 threads)
[2025-04-25T12:47:11.180+0000][169.315s][info ][safepoint   ] Safepoint "Cleanup", Time since last: 1000106542 ns, Reaching safepoint: 104159 ns, Cleanup: 37466 ns, At safepoint: 11829 ns, Total: 153454 ns
[2025-04-25T12:47:12.180+0000][170.315s][debug][safepoint   ] Safepoint synchronization initiated using futex wait barrier. (246 threads)
[2025-04-25T12:47:12.180+0000][170.315s][info ][safepoint   ] Safepoint "Cleanup", Time since last: 1000127778 ns, Reaching safepoint: 80126 ns, Cleanup: 20253 ns, At safepoint: 7207 ns, Total: 107586 ns
[2025-04-25T12:47:13.810+0000][171.944s][debug][safepoint   ] Safepoint synchronization initiated using futex wait barrier. (246 threads)
[2025-04-25T12:47:13.810+0000][171.945s][info ][safepoint   ] Safepoint "Cleanup", Time since last: 1629128715 ns, Reaching safepoint: 110480 ns, Cleanup: 171221 ns, At safepoint: 20399 ns, Total: 302100 ns
[2025-04-25T12:47:14.811+0000][172.946s][debug][safepoint   ] Safepoint synchronization initiated using futex wait barrier. (246 threads)
[2025-04-25T12:47:14.811+0000][172.946s][info ][safepoint   ] Safepoint "Cleanup", Time since last: 1001055138 ns, Reaching safepoint: 138249 ns, Cleanup: 24351 ns, At safepoint: 25218 ns, Total: 187818 ns
[2025-04-25T12:47:15.811+0000][173.946s][debug][safepoint   ] Safepoint synchronization initiated using futex wait barrier. (246 threads)
[2025-04-25T12:47:15.811+0000][173.946s][info ][safepoint   ] Safepoint "Cleanup", Time since last: 1000111200 ns, Reaching safepoint: 112399 ns, Cleanup: 39887 ns, At safepoint: 9016 ns, Total: 161302 ns
[2025-04-25T12:47:16.812+0000][174.946s][debug][safepoint   ] Safepoint synchronization initiated using futex wait barrier. (246 threads)
[2025-04-25T12:47:16.812+0000][174.947s][info ][safepoint   ] Safepoint "Cleanup", Time since last: 1000124727 ns, Reaching safepoint: 164819 ns, Cleanup: 30345 ns, At safepoint: 16170 ns, Total: 211334 ns
[2025-04-25T12:47:17.812+0000][175.947s][debug][safepoint   ] Safepoint synchronization initiated using futex wait barrier. (246 threads)
[2025-04-25T12:47:17.812+0000][175.947s][info ][safepoint   ] Safepoint "Cleanup", Time since last: 1000395523 ns, Reaching safepoint: 267474 ns, Cleanup: 17658 ns, At safepoint: 8945 ns, Total: 294077 ns
[2025-04-25T12:47:18.813+0000][176.947s][debug][safepoint   ] Safepoint synchronization initiated using futex wait barrier. (246 threads)
[2025-04-25T12:47:18.813+0000][176.948s][info ][safepoint   ] Safepoint "Cleanup", Time since last: 1000180734 ns, Reaching safepoint: 102039 ns, Cleanup: 16967 ns, At safepoint: 11525 ns, Total: 130531 ns
[2025-04-25T12:47:19.813+0000][177.948s][debug][safepoint   ] Safepoint synchronization initiated using futex wait barrier. (246 threads)
[2025-04-25T12:47:19.813+0000][177.948s][info ][safepoint   ] Safepoint "Cleanup", Time since last: 1000102999 ns, Reaching safepoint: 91838 ns, Cleanup: 23663 ns, At safepoint: 7309 ns, Total: 122810 ns
[2025-04-25T12:47:21.813+0000][179.948s][debug][safepoint   ] Safepoint synchronization initiated using futex wait barrier. (246 threads)
[2025-04-25T12:47:21.814+0000][179.949s][info ][safepoint   ] Safepoint "Cleanup", Time since last: 2000190399 ns, Reaching safepoint: 1143411 ns, Cleanup: 19835 ns, At safepoint: 10205 ns, Total: 1173451 ns
[2025-04-25T12:47:23.199+0000][181.334s][debug][safepoint   ] Safepoint synchronization initiated using futex wait barrier. (246 threads)
[2025-04-25T12:47:23.199+0000][181.334s][info ][safepoint   ] Safepoint "Cleanup", Time since last: 1384442883 ns, Reaching safepoint: 195474 ns, Cleanup: 41087 ns, At safepoint: 16172 ns, Total: 252733 ns
[2025-04-25T12:47:24.199+0000][182.334s][debug][safepoint   ] Safepoint synchronization initiated using futex wait barrier. (245 threads)
[2025-04-25T12:47:24.199+0000][182.334s][info ][safepoint   ] Safepoint "Cleanup", Time since last: 1000214050 ns, Reaching safepoint: 78076 ns, Cleanup: 12006 ns, At safepoint: 7180 ns, Total: 97262 ns
[2025-04-25T12:47:25.199+0000][183.334s][debug][safepoint   ] Safepoint synchronization initiated using futex wait barrier. (244 threads)
[2025-04-25T12:47:25.200+0000][183.334s][info ][safepoint   ] Safepoint "Cleanup", Time since last: 1000101732 ns, Reaching safepoint: 61439 ns, Cleanup: 14612 ns, At safepoint: 5213 ns, Total: 81264 ns
[2025-04-25T12:47:26.200+0000][184.334s][debug][safepoint   ] Safepoint synchronization initiated using futex wait barrier. (244 threads)
[2025-04-25T12:47:26.200+0000][184.334s][info ][safepoint   ] Safepoint "Cleanup", Time since last: 1000111070 ns, Reaching safepoint: 68190 ns, Cleanup: 10732 ns, At safepoint: 5571 ns, Total: 84493 ns
[2025-04-25T12:47:27.200+0000][185.335s][debug][safepoint   ] Safepoint synchronization initiated using futex wait barrier. (244 threads)
[2025-04-25T12:47:27.200+0000][185.335s][info ][safepoint   ] Safepoint "Cleanup", Time since last: 1000116317 ns, Reaching safepoint: 129835 ns, Cleanup: 19824 ns, At safepoint: 4939 ns, Total: 154598 ns
[2025-04-25T12:47:28.200+0000][186.335s][debug][safepoint   ] Safepoint synchronization initiated using futex wait barrier. (244 threads)
[2025-04-25T12:47:28.200+0000][186.335s][info ][safepoint   ] Safepoint "Cleanup", Time since last: 1000114632 ns, Reaching safepoint: 83107 ns, Cleanup: 28296 ns, At safepoint: 7967 ns, Total: 119370 ns
[2025-04-25T12:47:29.200+0000][187.335s][debug][safepoint   ] Safepoint synchronization initiated using futex wait barrier. (244 threads)
[2025-04-25T12:47:29.200+0000][187.335s][info ][safepoint   ] Safepoint "Cleanup", Time since last: 1000108727 ns, Reaching safepoint: 99247 ns, Cleanup: 20882 ns, At safepoint: 7817 ns, Total: 127946 ns
[2025-04-25T12:47:30.201+0000][188.335s][debug][safepoint   ] Safepoint synchronization initiated using futex wait barrier. (244 threads)
[2025-04-25T12:47:30.201+0000][188.335s][info ][safepoint   ] Safepoint "Cleanup", Time since last: 1000124494 ns, Reaching safepoint: 74981 ns, Cleanup: 15840 ns, At safepoint: 6903 ns, Total: 97724 ns
[2025-04-25T12:47:31.201+0000][189.336s][debug][safepoint   ] Safepoint synchronization initiated using futex wait barrier. (244 threads)
[2025-04-25T12:47:31.201+0000][189.336s][info ][safepoint   ] Safepoint "Cleanup", Time since last: 1000124404 ns, Reaching safepoint: 134382 ns, Cleanup: 21155 ns, At safepoint: 11311 ns, Total: 166848 ns
[2025-04-25T12:47:32.201+0000][190.336s][debug][safepoint   ] Safepoint synchronization initiated using futex wait barrier. (244 threads)
[2025-04-25T12:47:32.201+0000][190.336s][info ][safepoint   ] Safepoint "Cleanup", Time since last: 1000266751 ns, Reaching safepoint: 108325 ns, Cleanup: 19059 ns, At safepoint: 9334 ns, Total: 136718 ns
[2025-04-25T12:47:34.202+0000][192.336s][debug][safepoint   ] Safepoint synchronization initiated using futex wait barrier. (244 threads)
[2025-04-25T12:47:34.202+0000][192.337s][info ][safepoint   ] Safepoint "Cleanup", Time since last: 2000188094 ns, Reaching safepoint: 249290 ns, Cleanup: 42055 ns, At safepoint: 15036 ns, Total: 306381 ns
[2025-04-25T12:47:35.202+0000][193.337s][debug][safepoint   ] Safepoint synchronization initiated using futex wait barrier. (244 threads)
[2025-04-25T12:47:35.202+0000][193.337s][info ][safepoint   ] Safepoint "Cleanup", Time since last: 1000140896 ns, Reaching safepoint: 84992 ns, Cleanup: 20462 ns, At safepoint: 7610 ns, Total: 113064 ns
[2025-04-25T12:47:36.202+0000][194.337s][debug][safepoint   ] Safepoint synchronization initiated using futex wait barrier. (244 threads)
[2025-04-25T12:47:36.202+0000][194.337s][info ][safepoint   ] Safepoint "Cleanup", Time since last: 1000099643 ns, Reaching safepoint: 113827 ns, Cleanup: 14080 ns, At safepoint: 8269 ns, Total: 136176 ns
[2025-04-25T12:47:37.202+0000][195.337s][debug][safepoint   ] Safepoint synchronization initiated using futex wait barrier. (244 threads)
[2025-04-25T12:47:37.203+0000][195.337s][info ][safepoint   ] Safepoint "Cleanup", Time since last: 1000089709 ns, Reaching safepoint: 103143 ns, Cleanup: 11090 ns, At safepoint: 10938 ns, Total: 125171 ns
[2025-04-25T12:47:38.203+0000][196.337s][debug][safepoint   ] Safepoint synchronization initiated using futex wait barrier. (244 threads)
[2025-04-25T12:47:38.203+0000][196.338s][info ][safepoint   ] Safepoint "Cleanup", Time since last: 1000103521 ns, Reaching safepoint: 113677 ns, Cleanup: 13455 ns, At safepoint: 8506 ns, Total: 135638 ns
[2025-04-25T12:47:39.203+0000][197.338s][debug][safepoint   ] Safepoint synchronization initiated using futex wait barrier. (244 threads)
[2025-04-25T12:47:39.203+0000][197.338s][info ][safepoint   ] Safepoint "Cleanup", Time since last: 1000134077 ns, Reaching safepoint: 66748 ns, Cleanup: 11617 ns, At safepoint: 5777 ns, Total: 84142 ns
[2025-04-25T12:47:40.203+0000][198.338s][debug][safepoint   ] Safepoint synchronization initiated using futex wait barrier. (244 threads)
[2025-04-25T12:47:40.203+0000][198.338s][info ][safepoint   ] Safepoint "Cleanup", Time since last: 1000094768 ns, Reaching safepoint: 102309 ns, Cleanup: 24990 ns, At safepoint: 7306 ns, Total: 134605 ns
[2025-04-25T12:47:41.203+0000][199.338s][debug][safepoint   ] Safepoint synchronization initiated using futex wait barrier. (244 threads)
[2025-04-25T12:47:41.204+0000][199.338s][info ][safepoint   ] Safepoint "Cleanup", Time since last: 1000136717 ns, Reaching safepoint: 82453 ns, Cleanup: 19829 ns, At safepoint: 6508 ns, Total: 108790 ns
[2025-04-25T12:47:42.204+0000][200.338s][debug][safepoint   ] Safepoint synchronization initiated using futex wait barrier. (244 threads)
[2025-04-25T12:47:42.204+0000][200.338s][info ][safepoint   ] Safepoint "Cleanup", Time since last: 1000085856 ns, Reaching safepoint: 82696 ns, Cleanup: 17139 ns, At safepoint: 10541 ns, Total: 110376 ns
[2025-04-25T12:47:43.204+0000][201.339s][debug][safepoint   ] Safepoint synchronization initiated using futex wait barrier. (244 threads)
[2025-04-25T12:47:43.204+0000][201.339s][info ][safepoint   ] Safepoint "Cleanup", Time since last: 1000086897 ns, Reaching safepoint: 91056 ns, Cleanup: 22132 ns, At safepoint: 8958 ns, Total: 122146 ns
[2025-04-25T12:47:44.204+0000][202.339s][debug][safepoint   ] Safepoint synchronization initiated using futex wait barrier. (244 threads)
[2025-04-25T12:47:44.204+0000][202.339s][info ][safepoint   ] Safepoint "Cleanup", Time since last: 1000144635 ns, Reaching safepoint: 77921 ns, Cleanup: 16236 ns, At safepoint: 5140 ns, Total: 99297 ns
[2025-04-25T12:47:46.204+0000][204.339s][debug][safepoint   ] Safepoint synchronization initiated using futex wait barrier. (244 threads)
[2025-04-25T12:47:46.205+0000][204.339s][info ][safepoint   ] Safepoint "Cleanup", Time since last: 2000300488 ns, Reaching safepoint: 97380 ns, Cleanup: 18858 ns, At safepoint: 5242 ns, Total: 121480 ns
[2025-04-25T12:47:47.205+0000][205.339s][debug][safepoint   ] Safepoint synchronization initiated using futex wait barrier. (244 threads)
[2025-04-25T12:47:47.205+0000][205.340s][info ][safepoint   ] Safepoint "Cleanup", Time since last: 1000091352 ns, Reaching safepoint: 97920 ns, Cleanup: 21249 ns, At safepoint: 7443 ns, Total: 126612 ns
[2025-04-25T12:47:48.205+0000][206.340s][debug][safepoint   ] Safepoint synchronization initiated using futex wait barrier. (244 threads)
[2025-04-25T12:47:48.205+0000][206.340s][info ][safepoint   ] Safepoint "Cleanup", Time since last: 1000097035 ns, Reaching safepoint: 111871 ns, Cleanup: 19327 ns, At safepoint: 16643 ns, Total: 147841 ns
[2025-04-25T12:47:49.205+0000][207.340s][debug][safepoint   ] Safepoint synchronization initiated using futex wait barrier. (244 threads)
[2025-04-25T12:47:49.205+0000][207.340s][info ][safepoint   ] Safepoint "Cleanup", Time since last: 1000100114 ns, Reaching safepoint: 85962 ns, Cleanup: 16693 ns, At safepoint: 7424 ns, Total: 110079 ns
[2025-04-25T12:47:50.205+0000][208.340s][debug][safepoint   ] Safepoint synchronization initiated using futex wait barrier. (244 threads)
[2025-04-25T12:47:50.205+0000][208.340s][info ][safepoint   ] Safepoint "Cleanup", Time since last: 1000070533 ns, Reaching safepoint: 88020 ns, Cleanup: 35195 ns, At safepoint: 9406 ns, Total: 132621 ns
[2025-04-25T12:47:51.206+0000][209.340s][debug][safepoint   ] Safepoint synchronization initiated using futex wait barrier. (244 threads)
[2025-04-25T12:47:51.206+0000][209.340s][info ][safepoint   ] Safepoint "Cleanup", Time since last: 1000099006 ns, Reaching safepoint: 103175 ns, Cleanup: 24372 ns, At safepoint: 8696 ns, Total: 136243 ns
[2025-04-25T12:47:53.206+0000][211.341s][debug][safepoint   ] Safepoint synchronization initiated using futex wait barrier. (244 threads)
[2025-04-25T12:47:53.206+0000][211.341s][info ][safepoint   ] Safepoint "Cleanup", Time since last: 2000163834 ns, Reaching safepoint: 89852 ns, Cleanup: 13259 ns, At safepoint: 8506 ns, Total: 111617 ns
[2025-04-25T12:47:54.206+0000][212.341s][debug][safepoint   ] Safepoint synchronization initiated using futex wait barrier. (243 threads)
[2025-04-25T12:47:54.206+0000][212.341s][info ][safepoint   ] Safepoint "Cleanup", Time since last: 1000154429 ns, Reaching safepoint: 87456 ns, Cleanup: 13719 ns, At safepoint: 9834 ns, Total: 111009 ns
[2025-04-25T12:47:55.206+0000][213.341s][debug][safepoint   ] Safepoint synchronization initiated using futex wait barrier. (243 threads)
[2025-04-25T12:47:55.207+0000][213.341s][info ][safepoint   ] Safepoint "Cleanup", Time since last: 1000166705 ns, Reaching safepoint: 89233 ns, Cleanup: 19975 ns, At safepoint: 10752 ns, Total: 119960 ns
[2025-04-25T12:47:56.207+0000][214.341s][debug][safepoint   ] Safepoint synchronization initiated using futex wait barrier. (243 threads)
[2025-04-25T12:47:56.207+0000][214.342s][info ][safepoint   ] Safepoint "Cleanup", Time since last: 1000133288 ns, Reaching safepoint: 100638 ns, Cleanup: 20463 ns, At safepoint: 13232 ns, Total: 134333 ns
[2025-04-25T12:47:57.207+0000][215.342s][debug][safepoint   ] Safepoint synchronization initiated using futex wait barrier. (243 threads)
[2025-04-25T12:47:57.207+0000][215.342s][info ][safepoint   ] Safepoint "Cleanup", Time since last: 1000146239 ns, Reaching safepoint: 230061 ns, Cleanup: 68618 ns, At safepoint: 13722 ns, Total: 312401 ns
[2025-04-25T12:47:58.208+0000][216.342s][debug][safepoint   ] Safepoint synchronization initiated using futex wait barrier. (242 threads)
[2025-04-25T12:47:58.208+0000][216.343s][info ][safepoint   ] Safepoint "Cleanup", Time since last: 1000279596 ns, Reaching safepoint: 331865 ns, Cleanup: 75393 ns, At safepoint: 33002 ns, Total: 440260 ns
[2025-04-25T12:47:59.208+0000][217.343s][debug][safepoint   ] Safepoint synchronization initiated using futex wait barrier. (242 threads)
[2025-04-25T12:47:59.208+0000][217.343s][info ][safepoint   ] Safepoint "Cleanup", Time since last: 1000191131 ns, Reaching safepoint: 71005 ns, Cleanup: 12855 ns, At safepoint: 6022 ns, Total: 89882 ns
[2025-04-25T12:48:00.208+0000][218.343s][debug][safepoint   ] Safepoint synchronization initiated using futex wait barrier. (242 threads)
[2025-04-25T12:48:00.209+0000][218.343s][info ][safepoint   ] Safepoint "Cleanup", Time since last: 1000137432 ns, Reaching safepoint: 172296 ns, Cleanup: 32009 ns, At safepoint: 15670 ns, Total: 219975 ns
[2025-04-25T12:48:02.209+0000][220.344s][debug][safepoint   ] Safepoint synchronization initiated using futex wait barrier. (242 threads)
[2025-04-25T12:48:02.209+0000][220.344s][info ][safepoint   ] Safepoint "Cleanup", Time since last: 2000276255 ns, Reaching safepoint: 229885 ns, Cleanup: 87261 ns, At safepoint: 32672 ns, Total: 349818 ns
[2025-04-25T12:48:03.209+0000][221.344s][debug][safepoint   ] Safepoint synchronization initiated using futex wait barrier. (242 threads)
[2025-04-25T12:48:03.210+0000][221.345s][info ][safepoint   ] Safepoint "Cleanup", Time since last: 1000248766 ns, Reaching safepoint: 223167 ns, Cleanup: 33497 ns, At safepoint: 30521 ns, Total: 287185 ns
[2025-04-25T12:48:05.210+0000][223.345s][debug][safepoint   ] Safepoint synchronization initiated using futex wait barrier. (242 threads)
[2025-04-25T12:48:05.211+0000][223.345s][info ][safepoint   ] Safepoint "Cleanup", Time since last: 2000450077 ns, Reaching safepoint: 332575 ns, Cleanup: 59360 ns, At safepoint: 38983 ns, Total: 430918 ns
[2025-04-25T12:48:06.211+0000][224.346s][debug][safepoint   ] Safepoint synchronization initiated using futex wait barrier. (241 threads)
[2025-04-25T12:48:06.211+0000][224.346s][info ][safepoint   ] Safepoint "Cleanup", Time since last: 1000175485 ns, Reaching safepoint: 72934 ns, Cleanup: 10744 ns, At safepoint: 5382 ns, Total: 89060 ns
[2025-04-25T12:48:07.211+0000][225.346s][debug][safepoint   ] Safepoint synchronization initiated using futex wait barrier. (241 threads)
[2025-04-25T12:48:07.211+0000][225.346s][info ][safepoint   ] Safepoint "Cleanup", Time since last: 1000092073 ns, Reaching safepoint: 105227 ns, Cleanup: 19329 ns, At safepoint: 7333 ns, Total: 131889 ns
[2025-04-25T12:48:08.211+0000][226.346s][debug][safepoint   ] Safepoint synchronization initiated using futex wait barrier. (241 threads)
[2025-04-25T12:48:08.211+0000][226.346s][info ][safepoint   ] Safepoint "Cleanup", Time since last: 1000192458 ns, Reaching safepoint: 106491 ns, Cleanup: 20408 ns, At safepoint: 8730 ns, Total: 135629 ns
[2025-04-25T12:48:09.212+0000][227.346s][debug][safepoint   ] Safepoint synchronization initiated using futex wait barrier. (241 threads)
[2025-04-25T12:48:09.212+0000][227.347s][info ][safepoint   ] Safepoint "Cleanup", Time since last: 1000154075 ns, Reaching safepoint: 293061 ns, Cleanup: 76094 ns, At safepoint: 32902 ns, Total: 402057 ns
[2025-04-25T12:48:10.212+0000][228.347s][debug][safepoint   ] Safepoint synchronization initiated using futex wait barrier. (241 threads)
[2025-04-25T12:48:10.212+0000][228.347s][info ][safepoint   ] Safepoint "Cleanup", Time since last: 1000189295 ns, Reaching safepoint: 95537 ns, Cleanup: 19777 ns, At safepoint: 6262 ns, Total: 121576 ns
[2025-04-25T12:48:11.212+0000][229.347s][debug][safepoint   ] Safepoint synchronization initiated using futex wait barrier. (241 threads)
[2025-04-25T12:48:11.213+0000][229.347s][info ][safepoint   ] Safepoint "Cleanup", Time since last: 1000107778 ns, Reaching safepoint: 104207 ns, Cleanup: 18000 ns, At safepoint: 8074 ns, Total: 130281 ns
[2025-04-25T12:48:13.215+0000][231.350s][debug][safepoint   ] Safepoint synchronization initiated using futex wait barrier. (241 threads)
[2025-04-25T12:48:13.216+0000][231.351s][info ][safepoint   ] Safepoint "Cleanup", Time since last: 2002842794 ns, Reaching safepoint: 282168 ns, Cleanup: 92531 ns, At safepoint: 30402 ns, Total: 405101 ns
[2025-04-25T12:48:14.216+0000][232.351s][debug][safepoint   ] Safepoint synchronization initiated using futex wait barrier. (241 threads)
[2025-04-25T12:48:14.216+0000][232.351s][info ][safepoint   ] Safepoint "Cleanup", Time since last: 1000186449 ns, Reaching safepoint: 102186 ns, Cleanup: 12620 ns, At safepoint: 5320 ns, Total: 120126 ns
[2025-04-25T12:48:15.216+0000][233.351s][debug][safepoint   ] Safepoint synchronization initiated using futex wait barrier. (241 threads)
[2025-04-25T12:48:15.216+0000][233.351s][info ][safepoint   ] Safepoint "Cleanup", Time since last: 1000132247 ns, Reaching safepoint: 141792 ns, Cleanup: 27025 ns, At safepoint: 13045 ns, Total: 181862 ns
[2025-04-25T12:48:16.217+0000][234.351s][debug][safepoint   ] Safepoint synchronization initiated using futex wait barrier. (241 threads)
[2025-04-25T12:48:16.217+0000][234.351s][info ][safepoint   ] Safepoint "Cleanup", Time since last: 1000115553 ns, Reaching safepoint: 129940 ns, Cleanup: 26143 ns, At safepoint: 13388 ns, Total: 169471 ns
[2025-04-25T12:48:17.217+0000][235.352s][debug][safepoint   ] Safepoint synchronization initiated using futex wait barrier. (241 threads)
[2025-04-25T12:48:17.217+0000][235.352s][info ][safepoint   ] Safepoint "Cleanup", Time since last: 1000142007 ns, Reaching safepoint: 88518 ns, Cleanup: 18072 ns, At safepoint: 9710 ns, Total: 116300 ns
[2025-04-25T12:48:18.217+0000][236.352s][debug][safepoint   ] Safepoint synchronization initiated using futex wait barrier. (241 threads)
[2025-04-25T12:48:18.218+0000][236.352s][info ][safepoint   ] Safepoint "Cleanup", Time since last: 1000236177 ns, Reaching safepoint: 214961 ns, Cleanup: 43365 ns, At safepoint: 18678 ns, Total: 277004 ns
[2025-04-25T12:48:20.218+0000][238.352s][debug][safepoint   ] Safepoint synchronization initiated using futex wait barrier. (241 threads)
[2025-04-25T12:48:20.218+0000][238.353s][info ][safepoint   ] Safepoint "Cleanup", Time since last: 2000228548 ns, Reaching safepoint: 144642 ns, Cleanup: 73595 ns, At safepoint: 56482 ns, Total: 274719 ns
[2025-04-25T12:48:23.224+0000][241.359s][debug][safepoint   ] Safepoint synchronization initiated using futex wait barrier. (241 threads)
[2025-04-25T12:48:23.225+0000][241.359s][info ][safepoint   ] Safepoint "Cleanup", Time since last: 3006374806 ns, Reaching safepoint: 146314 ns, Cleanup: 31383 ns, At safepoint: 14604 ns, Total: 192301 ns
[2025-04-25T12:48:24.225+0000][242.359s][debug][safepoint   ] Safepoint synchronization initiated using futex wait barrier. (240 threads)
[2025-04-25T12:48:24.225+0000][242.360s][info ][safepoint   ] Safepoint "Cleanup", Time since last: 1000122929 ns, Reaching safepoint: 80017 ns, Cleanup: 19908 ns, At safepoint: 7232 ns, Total: 107157 ns
[2025-04-25T12:48:25.225+0000][243.360s][debug][safepoint   ] Safepoint synchronization initiated using futex wait barrier. (240 threads)
[2025-04-25T12:48:25.225+0000][243.360s][info ][safepoint   ] Safepoint "Cleanup", Time since last: 1000160420 ns, Reaching safepoint: 190600 ns, Cleanup: 25796 ns, At safepoint: 15474 ns, Total: 231870 ns
[2025-04-25T12:48:26.225+0000][244.360s][debug][safepoint   ] Safepoint synchronization initiated using futex wait barrier. (240 threads)
[2025-04-25T12:48:26.225+0000][244.360s][info ][safepoint   ] Safepoint "Cleanup", Time since last: 1000130275 ns, Reaching safepoint: 73642 ns, Cleanup: 15664 ns, At safepoint: 6063 ns, Total: 95369 ns
[2025-04-25T12:48:29.227+0000][247.362s][debug][safepoint   ] Safepoint synchronization initiated using futex wait barrier. (240 threads)
[2025-04-25T12:48:29.228+0000][247.362s][info ][safepoint   ] Safepoint "Cleanup", Time since last: 3001787463 ns, Reaching safepoint: 243069 ns, Cleanup: 57204 ns, At safepoint: 17874 ns, Total: 318147 ns
[2025-04-25T12:48:31.228+0000][249.363s][debug][safepoint   ] Safepoint synchronization initiated using futex wait barrier. (240 threads)
[2025-04-25T12:48:31.228+0000][249.363s][info ][safepoint   ] Safepoint "Cleanup", Time since last: 2000325924 ns, Reaching safepoint: 132695 ns, Cleanup: 26794 ns, At safepoint: 12402 ns, Total: 171891 ns
[2025-04-25T12:48:32.228+0000][250.363s][debug][safepoint   ] Safepoint synchronization initiated using futex wait barrier. (240 threads)
[2025-04-25T12:48:32.228+0000][250.363s][info ][safepoint   ] Safepoint "Cleanup", Time since last: 1000132327 ns, Reaching safepoint: 113569 ns, Cleanup: 27572 ns, At safepoint: 27425 ns, Total: 168566 ns
[2025-04-25T12:48:34.229+0000][252.364s][debug][safepoint   ] Safepoint synchronization initiated using futex wait barrier. (240 threads)
[2025-04-25T12:48:34.229+0000][252.364s][info ][safepoint   ] Safepoint "Cleanup", Time since last: 2000467770 ns, Reaching safepoint: 320957 ns, Cleanup: 120662 ns, At safepoint: 25232 ns, Total: 466851 ns
[2025-04-25T12:48:35.229+0000][253.364s][debug][safepoint   ] Safepoint synchronization initiated using futex wait barrier. (240 threads)
[2025-04-25T12:48:35.230+0000][253.364s][info ][safepoint   ] Safepoint "Cleanup", Time since last: 1000228207 ns, Reaching safepoint: 75360 ns, Cleanup: 13175 ns, At safepoint: 5782 ns, Total: 94317 ns
[2025-04-25T12:48:36.230+0000][254.364s][debug][safepoint   ] Safepoint synchronization initiated using futex wait barrier. (240 threads)
[2025-04-25T12:48:36.230+0000][254.365s][info ][safepoint   ] Safepoint "Cleanup", Time since last: 1000107715 ns, Reaching safepoint: 99034 ns, Cleanup: 19637 ns, At safepoint: 11147 ns, Total: 129818 ns
[2025-04-25T12:48:37.230+0000][255.365s][debug][safepoint   ] Safepoint synchronization initiated using futex wait barrier. (240 threads)
[2025-04-25T12:48:37.230+0000][255.365s][info ][safepoint   ] Safepoint "Cleanup", Time since last: 1000139281 ns, Reaching safepoint: 109443 ns, Cleanup: 27780 ns, At safepoint: 10530 ns, Total: 147753 ns
[2025-04-25T12:48:38.230+0000][256.365s][debug][safepoint   ] Safepoint synchronization initiated using futex wait barrier. (240 threads)
[2025-04-25T12:48:38.230+0000][256.365s][info ][safepoint   ] Safepoint "Cleanup", Time since last: 1000126406 ns, Reaching safepoint: 123062 ns, Cleanup: 16698 ns, At safepoint: 10845 ns, Total: 150605 ns
[2025-04-25T12:48:39.231+0000][257.365s][debug][safepoint   ] Safepoint synchronization initiated using futex wait barrier. (240 threads)
[2025-04-25T12:48:39.231+0000][257.365s][info ][safepoint   ] Safepoint "Cleanup", Time since last: 1000120285 ns, Reaching safepoint: 99265 ns, Cleanup: 14023 ns, At safepoint: 9122 ns, Total: 122410 ns
[2025-04-25T12:48:40.231+0000][258.366s][debug][safepoint   ] Safepoint synchronization initiated using futex wait barrier. (241 threads)
[2025-04-25T12:48:40.231+0000][258.366s][info ][safepoint   ] Safepoint "Cleanup", Time since last: 1000113356 ns, Reaching safepoint: 108189 ns, Cleanup: 18160 ns, At safepoint: 11223 ns, Total: 137572 ns
[2025-04-25T12:48:42.231+0000][260.366s][debug][safepoint   ] Safepoint synchronization initiated using futex wait barrier. (241 threads)
[2025-04-25T12:48:42.231+0000][260.366s][info ][safepoint   ] Safepoint "Cleanup", Time since last: 2000189652 ns, Reaching safepoint: 100915 ns, Cleanup: 27966 ns, At safepoint: 11544 ns, Total: 140425 ns
[2025-04-25T12:48:44.231+0000][262.366s][debug][safepoint   ] Safepoint synchronization initiated using futex wait barrier. (241 threads)
[2025-04-25T12:48:44.232+0000][262.366s][info ][safepoint   ] Safepoint "Cleanup", Time since last: 2000189296 ns, Reaching safepoint: 89504 ns, Cleanup: 29089 ns, At safepoint: 10842 ns, Total: 129435 ns
[2025-04-25T12:48:45.232+0000][263.366s][debug][safepoint   ] Safepoint synchronization initiated using futex wait barrier. (241 threads)
[2025-04-25T12:48:45.232+0000][263.367s][info ][safepoint   ] Safepoint "Cleanup", Time since last: 1000172623 ns, Reaching safepoint: 72814 ns, Cleanup: 20165 ns, At safepoint: 7547 ns, Total: 100526 ns
[2025-04-25T12:48:46.232+0000][264.367s][debug][safepoint   ] Safepoint synchronization initiated using futex wait barrier. (241 threads)
[2025-04-25T12:48:46.232+0000][264.367s][info ][safepoint   ] Safepoint "Cleanup", Time since last: 1000114649 ns, Reaching safepoint: 93450 ns, Cleanup: 24473 ns, At safepoint: 9123 ns, Total: 127046 ns
[2025-04-25T12:48:47.232+0000][265.367s][debug][safepoint   ] Safepoint synchronization initiated using futex wait barrier. (241 threads)
[2025-04-25T12:48:47.232+0000][265.367s][info ][safepoint   ] Safepoint "Cleanup", Time since last: 1000118095 ns, Reaching safepoint: 166254 ns, Cleanup: 21845 ns, At safepoint: 14353 ns, Total: 202452 ns
[2025-04-25T12:48:48.232+0000][266.367s][debug][safepoint   ] Safepoint synchronization initiated using futex wait barrier. (241 threads)
[2025-04-25T12:48:48.233+0000][266.367s][info ][safepoint   ] Safepoint "Cleanup", Time since last: 1000117184 ns, Reaching safepoint: 100184 ns, Cleanup: 23640 ns, At safepoint: 10069 ns, Total: 133893 ns
[2025-04-25T12:48:49.233+0000][267.368s][debug][safepoint   ] Safepoint synchronization initiated using futex wait barrier. (241 threads)
[2025-04-25T12:48:49.233+0000][267.368s][info ][safepoint   ] Safepoint "Cleanup", Time since last: 1000146143 ns, Reaching safepoint: 105728 ns, Cleanup: 23122 ns, At safepoint: 10132 ns, Total: 138982 ns
[2025-04-25T12:48:52.233+0000][270.368s][debug][safepoint   ] Safepoint synchronization initiated using futex wait barrier. (241 threads)
[2025-04-25T12:48:52.233+0000][270.368s][info ][safepoint   ] Safepoint "Cleanup", Time since last: 3000273717 ns, Reaching safepoint: 124993 ns, Cleanup: 40885 ns, At safepoint: 15732 ns, Total: 181610 ns
[2025-04-25T12:48:53.233+0000][271.368s][debug][safepoint   ] Safepoint synchronization initiated using futex wait barrier. (241 threads)
[2025-04-25T12:48:53.234+0000][271.368s][info ][safepoint   ] Safepoint "Cleanup", Time since last: 1000117385 ns, Reaching safepoint: 121782 ns, Cleanup: 15788 ns, At safepoint: 5214 ns, Total: 142784 ns
[2025-04-25T12:48:54.234+0000][272.369s][debug][safepoint   ] Safepoint synchronization initiated using futex wait barrier. (241 threads)
[2025-04-25T12:48:54.234+0000][272.369s][info ][safepoint   ] Safepoint "Cleanup", Time since last: 1000141446 ns, Reaching safepoint: 99687 ns, Cleanup: 16495 ns, At safepoint: 10180 ns, Total: 126362 ns
[2025-04-25T12:48:55.234+0000][273.369s][debug][safepoint   ] Safepoint synchronization initiated using futex wait barrier. (241 threads)
[2025-04-25T12:48:55.234+0000][273.369s][info ][safepoint   ] Safepoint "Cleanup", Time since last: 1000122615 ns, Reaching safepoint: 90968 ns, Cleanup: 15148 ns, At safepoint: 5801 ns, Total: 111917 ns
[2025-04-25T12:48:57.234+0000][275.369s][debug][safepoint   ] Safepoint synchronization initiated using futex wait barrier. (241 threads)
[2025-04-25T12:48:57.234+0000][275.369s][info ][safepoint   ] Safepoint "Cleanup", Time since last: 2000263523 ns, Reaching safepoint: 84834 ns, Cleanup: 12515 ns, At safepoint: 7268 ns, Total: 104617 ns
[2025-04-25T12:48:58.235+0000][276.369s][debug][safepoint   ] Safepoint synchronization initiated using futex wait barrier. (240 threads)
[2025-04-25T12:48:58.235+0000][276.369s][info ][safepoint   ] Safepoint "Cleanup", Time since last: 1000096387 ns, Reaching safepoint: 82304 ns, Cleanup: 13572 ns, At safepoint: 7391 ns, Total: 103267 ns
[2025-04-25T12:48:59.235+0000][277.370s][debug][safepoint   ] Safepoint synchronization initiated using futex wait barrier. (240 threads)
[2025-04-25T12:48:59.235+0000][277.370s][info ][safepoint   ] Safepoint "Cleanup", Time since last: 1000104479 ns, Reaching safepoint: 79412 ns, Cleanup: 16615 ns, At safepoint: 8332 ns, Total: 104359 ns
[2025-04-25T12:49:00.235+0000][278.370s][debug][safepoint   ] Safepoint synchronization initiated using futex wait barrier. (240 threads)
[2025-04-25T12:49:00.235+0000][278.370s][info ][safepoint   ] Safepoint "Cleanup", Time since last: 1000110467 ns, Reaching safepoint: 83120 ns, Cleanup: 13044 ns, At safepoint: 7964 ns, Total: 104128 ns
[2025-04-25T12:49:01.235+0000][279.370s][debug][safepoint   ] Safepoint synchronization initiated using futex wait barrier. (240 threads)
[2025-04-25T12:49:01.235+0000][279.370s][info ][safepoint   ] Safepoint "Cleanup", Time since last: 1000110089 ns, Reaching safepoint: 116102 ns, Cleanup: 17004 ns, At safepoint: 8528 ns, Total: 141634 ns
[2025-04-25T12:49:04.236+0000][282.370s][debug][safepoint   ] Safepoint synchronization initiated using futex wait barrier. (240 threads)
[2025-04-25T12:49:04.236+0000][282.370s][info ][safepoint   ] Safepoint "Cleanup", Time since last: 3000219349 ns, Reaching safepoint: 59367 ns, Cleanup: 9715 ns, At safepoint: 4064 ns, Total: 73146 ns
[2025-04-25T12:49:05.236+0000][283.371s][debug][safepoint   ] Safepoint synchronization initiated using futex wait barrier. (240 threads)
[2025-04-25T12:49:05.236+0000][283.371s][info ][safepoint   ] Safepoint "Cleanup", Time since last: 1000177582 ns, Reaching safepoint: 64905 ns, Cleanup: 9789 ns, At safepoint: 5693 ns, Total: 80387 ns
[2025-04-25T12:49:06.236+0000][284.371s][debug][safepoint   ] Safepoint synchronization initiated using futex wait barrier. (239 threads)
[2025-04-25T12:49:06.237+0000][284.371s][info ][safepoint   ] Safepoint "Cleanup", Time since last: 1000093960 ns, Reaching safepoint: 506941 ns, Cleanup: 16595 ns, At safepoint: 8899 ns, Total: 532435 ns
[2025-04-25T12:49:07.237+0000][285.371s][debug][safepoint   ] Safepoint synchronization initiated using futex wait barrier. (239 threads)
[2025-04-25T12:49:07.237+0000][285.372s][info ][safepoint   ] Safepoint "Cleanup", Time since last: 1000102323 ns, Reaching safepoint: 89015 ns, Cleanup: 11792 ns, At safepoint: 7755 ns, Total: 108562 ns
[2025-04-25T12:49:09.237+0000][287.372s][debug][safepoint   ] Safepoint synchronization initiated using futex wait barrier. (239 threads)
[2025-04-25T12:49:09.237+0000][287.372s][info ][safepoint   ] Safepoint "Cleanup", Time since last: 2000327293 ns, Reaching safepoint: 62032 ns, Cleanup: 8980 ns, At safepoint: 6426 ns, Total: 77438 ns
[2025-04-25T12:49:10.237+0000][288.372s][debug][safepoint   ] Safepoint synchronization initiated using futex wait barrier. (239 threads)
[2025-04-25T12:49:10.237+0000][288.372s][info ][safepoint   ] Safepoint "Cleanup", Time since last: 1000101414 ns, Reaching safepoint: 88589 ns, Cleanup: 14888 ns, At safepoint: 8031 ns, Total: 111508 ns
[2025-04-25T12:49:13.238+0000][291.372s][debug][safepoint   ] Safepoint synchronization initiated using futex wait barrier. (239 threads)
[2025-04-25T12:49:13.238+0000][291.373s][info ][safepoint   ] Safepoint "Cleanup", Time since last: 3000249899 ns, Reaching safepoint: 127644 ns, Cleanup: 22166 ns, At safepoint: 12691 ns, Total: 162501 ns
[2025-04-25T12:49:14.238+0000][292.373s][debug][safepoint   ] Safepoint synchronization initiated using futex wait barrier. (239 threads)
[2025-04-25T12:49:14.238+0000][292.373s][info ][safepoint   ] Safepoint "Cleanup", Time since last: 1000099720 ns, Reaching safepoint: 114223 ns, Cleanup: 17377 ns, At safepoint: 8042 ns, Total: 139642 ns
[2025-04-25T12:49:16.238+0000][294.373s][debug][safepoint   ] Safepoint synchronization initiated using futex wait barrier. (239 threads)
[2025-04-25T12:49:16.238+0000][294.373s][info ][safepoint   ] Safepoint "Cleanup", Time since last: 2000207361 ns, Reaching safepoint: 73210 ns, Cleanup: 22324 ns, At safepoint: 7531 ns, Total: 103065 ns
[2025-04-25T12:49:17.238+0000][295.373s][debug][safepoint   ] Safepoint synchronization initiated using futex wait barrier. (239 threads)
[2025-04-25T12:49:17.239+0000][295.374s][info ][safepoint   ] Safepoint "Cleanup", Time since last: 1000163026 ns, Reaching safepoint: 204270 ns, Cleanup: 36445 ns, At safepoint: 9421 ns, Total: 250136 ns
[2025-04-25T12:49:18.239+0000][296.374s][debug][safepoint   ] Safepoint synchronization initiated using futex wait barrier. (239 threads)
[2025-04-25T12:49:18.239+0000][296.374s][info ][safepoint   ] Safepoint "Cleanup", Time since last: 1000140179 ns, Reaching safepoint: 279671 ns, Cleanup: 29324 ns, At safepoint: 8832 ns, Total: 317827 ns
[2025-04-25T12:49:19.239+0000][297.374s][debug][safepoint   ] Safepoint synchronization initiated using futex wait barrier. (239 threads)
[2025-04-25T12:49:19.240+0000][297.375s][info ][safepoint   ] Safepoint "Cleanup", Time since last: 1000172987 ns, Reaching safepoint: 322114 ns, Cleanup: 54729 ns, At safepoint: 28937 ns, Total: 405780 ns
[2025-04-25T12:49:20.241+0000][298.375s][debug][safepoint   ] Safepoint synchronization initiated using futex wait barrier. (239 threads)
[2025-04-25T12:49:20.241+0000][298.376s][info ][safepoint   ] Safepoint "Cleanup", Time since last: 1000761881 ns, Reaching safepoint: 530842 ns, Cleanup: 78210 ns, At safepoint: 57500 ns, Total: 666552 ns
[2025-04-25T12:49:25.760+0000][303.894s][debug][safepoint   ] Safepoint synchronization initiated using futex wait barrier. (239 threads)
[2025-04-25T12:49:25.760+0000][303.895s][info ][safepoint   ] Safepoint "Cleanup", Time since last: 5518466211 ns, Reaching safepoint: 134536 ns, Cleanup: 184903 ns, At safepoint: 25131 ns, Total: 344570 ns
[2025-04-25T12:49:26.760+0000][304.895s][debug][safepoint   ] Safepoint synchronization initiated using futex wait barrier. (239 threads)
[2025-04-25T12:49:26.760+0000][304.895s][info ][safepoint   ] Safepoint "Cleanup", Time since last: 1000149484 ns, Reaching safepoint: 96854 ns, Cleanup: 15812 ns, At safepoint: 8378 ns, Total: 121044 ns
[2025-04-25T12:49:27.381+0000][305.515s][debug][safepoint   ] Safepoint synchronization initiated using futex wait barrier. (239 threads)
[2025-04-25T12:49:27.381+0000][305.516s][info ][gc,start    ] GC(62) Pause Young (Normal) (G1 Evacuation Pause)
[2025-04-25T12:49:27.381+0000][305.516s][info ][gc,task     ] GC(62) Using 4 workers of 4 for evacuation
[2025-04-25T12:49:27.485+0000][305.620s][info ][gc,phases   ] GC(62)   Pre Evacuate Collection Set: 0.4ms
[2025-04-25T12:49:27.485+0000][305.620s][info ][gc,phases   ] GC(62)   Merge Heap Roots: 0.7ms
[2025-04-25T12:49:27.485+0000][305.620s][info ][gc,phases   ] GC(62)   Evacuate Collection Set: 99.7ms
[2025-04-25T12:49:27.485+0000][305.620s][info ][gc,phases   ] GC(62)   Post Evacuate Collection Set: 3.4ms
[2025-04-25T12:49:27.485+0000][305.620s][info ][gc,phases   ] GC(62)   Other: 0.3ms
[2025-04-25T12:49:27.485+0000][305.620s][info ][gc,heap     ] GC(62) Eden regions: 545->0(548)
[2025-04-25T12:49:27.485+0000][305.620s][info ][gc,heap     ] GC(62) Survivor regions: 40->37(74)
[2025-04-25T12:49:27.485+0000][305.620s][info ][gc,heap     ] GC(62) Old regions: 146->158
[2025-04-25T12:49:27.485+0000][305.620s][info ][gc,heap     ] GC(62) Archive regions: 2->2
[2025-04-25T12:49:27.485+0000][305.620s][info ][gc,heap     ] GC(62) Humongous regions: 2->2
[2025-04-25T12:49:27.485+0000][305.620s][info ][gc,metaspace] GC(62) Metaspace: 193704K(195072K)->193704K(195072K) NonClass: 170323K(171008K)->170323K(171008K) Class: 23380K(24064K)->23380K(24064K)
[2025-04-25T12:49:27.485+0000][305.620s][info ][gc          ] GC(62) Pause Young (Normal) (G1 Evacuation Pause) 732M->196M(976M) 104.629ms
[2025-04-25T12:49:27.485+0000][305.620s][info ][gc,cpu      ] GC(62) User=0.29s Sys=0.00s Real=0.11s
[2025-04-25T12:49:27.486+0000][305.621s][info ][safepoint   ] Safepoint "G1CollectForAllocation", Time since last: 620247256 ns, Reaching safepoint: 106602 ns, Cleanup: 12528 ns, At safepoint: 105117796 ns, Total: 105236926 ns
[2025-04-25T12:49:28.486+0000][306.621s][debug][safepoint   ] Safepoint synchronization initiated using futex wait barrier. (239 threads)
[2025-04-25T12:49:28.486+0000][306.621s][info ][safepoint   ] Safepoint "Cleanup", Time since last: 1000165004 ns, Reaching safepoint: 99160 ns, Cleanup: 54414 ns, At safepoint: 14071 ns, Total: 167645 ns
[2025-04-25T12:49:29.486+0000][307.621s][debug][safepoint   ] Safepoint synchronization initiated using futex wait barrier. (239 threads)
[2025-04-25T12:49:29.486+0000][307.621s][info ][safepoint   ] Safepoint "Cleanup", Time since last: 1000191435 ns, Reaching safepoint: 81501 ns, Cleanup: 10791 ns, At safepoint: 6591 ns, Total: 98883 ns
[2025-04-25T12:49:30.487+0000][308.621s][debug][safepoint   ] Safepoint synchronization initiated using futex wait barrier. (239 threads)
[2025-04-25T12:49:30.487+0000][308.622s][info ][safepoint   ] Safepoint "Cleanup", Time since last: 1000212375 ns, Reaching safepoint: 300629 ns, Cleanup: 29912 ns, At safepoint: 14330 ns, Total: 344871 ns
[2025-04-25T12:49:32.487+0000][310.622s][debug][safepoint   ] Safepoint synchronization initiated using futex wait barrier. (239 threads)
[2025-04-25T12:49:32.487+0000][310.622s][info ][safepoint   ] Safepoint "Cleanup", Time since last: 2000302607 ns, Reaching safepoint: 78503 ns, Cleanup: 16161 ns, At safepoint: 6074 ns, Total: 100738 ns
[2025-04-25T12:49:34.488+0000][312.622s][debug][safepoint   ] Safepoint synchronization initiated using futex wait barrier. (239 threads)
[2025-04-25T12:49:34.488+0000][312.622s][info ][safepoint   ] Safepoint "Cleanup", Time since last: 2000181367 ns, Reaching safepoint: 68295 ns, Cleanup: 13900 ns, At safepoint: 5405 ns, Total: 87600 ns
[2025-04-25T12:49:36.488+0000][314.623s][debug][safepoint   ] Safepoint synchronization initiated using futex wait barrier. (239 threads)
[2025-04-25T12:49:36.488+0000][314.623s][info ][safepoint   ] Safepoint "Cleanup", Time since last: 2000185183 ns, Reaching safepoint: 150038 ns, Cleanup: 20614 ns, At safepoint: 9326 ns, Total: 179978 ns
[2025-04-25T12:49:37.488+0000][315.623s][debug][safepoint   ] Safepoint synchronization initiated using futex wait barrier. (239 threads)
[2025-04-25T12:49:37.488+0000][315.623s][info ][safepoint   ] Safepoint "Cleanup", Time since last: 1000115742 ns, Reaching safepoint: 100474 ns, Cleanup: 18781 ns, At safepoint: 8937 ns, Total: 128192 ns
[2025-04-25T12:49:38.488+0000][316.623s][debug][safepoint   ] Safepoint synchronization initiated using futex wait barrier. (239 threads)
[2025-04-25T12:49:38.489+0000][316.623s][info ][safepoint   ] Safepoint "Cleanup", Time since last: 1000112823 ns, Reaching safepoint: 124068 ns, Cleanup: 22576 ns, At safepoint: 12393 ns, Total: 159037 ns
[2025-04-25T12:49:39.489+0000][317.623s][debug][safepoint   ] Safepoint synchronization initiated using futex wait barrier. (239 threads)
[2025-04-25T12:49:39.489+0000][317.624s][info ][safepoint   ] Safepoint "Cleanup", Time since last: 1000166544 ns, Reaching safepoint: 144253 ns, Cleanup: 25369 ns, At safepoint: 9585 ns, Total: 179207 ns
[2025-04-25T12:49:40.489+0000][318.624s][debug][safepoint   ] Safepoint synchronization initiated using futex wait barrier. (239 threads)
[2025-04-25T12:49:40.489+0000][318.624s][info ][safepoint   ] Safepoint "Cleanup", Time since last: 1000106285 ns, Reaching safepoint: 95453 ns, Cleanup: 16978 ns, At safepoint: 7861 ns, Total: 120292 ns
[2025-04-25T12:49:41.489+0000][319.624s][debug][safepoint   ] Safepoint synchronization initiated using futex wait barrier. (239 threads)
[2025-04-25T12:49:41.489+0000][319.624s][info ][safepoint   ] Safepoint "Cleanup", Time since last: 1000138445 ns, Reaching safepoint: 72674 ns, Cleanup: 20806 ns, At safepoint: 6565 ns, Total: 100045 ns
[2025-04-25T12:49:42.489+0000][320.624s][debug][safepoint   ] Safepoint synchronization initiated using futex wait barrier. (239 threads)
[2025-04-25T12:49:42.490+0000][320.624s][info ][safepoint   ] Safepoint "Cleanup", Time since last: 1000170531 ns, Reaching safepoint: 103141 ns, Cleanup: 13029 ns, At safepoint: 8215 ns, Total: 124385 ns
[2025-04-25T12:49:43.490+0000][321.624s][debug][safepoint   ] Safepoint synchronization initiated using futex wait barrier. (239 threads)
[2025-04-25T12:49:43.490+0000][321.625s][info ][safepoint   ] Safepoint "Cleanup", Time since last: 1000109512 ns, Reaching safepoint: 109776 ns, Cleanup: 17607 ns, At safepoint: 10610 ns, Total: 137993 ns
[2025-04-25T12:49:44.490+0000][322.625s][debug][safepoint   ] Safepoint synchronization initiated using futex wait barrier. (239 threads)
[2025-04-25T12:49:44.490+0000][322.625s][info ][safepoint   ] Safepoint "Cleanup", Time since last: 1000174973 ns, Reaching safepoint: 218335 ns, Cleanup: 18985 ns, At safepoint: 16423 ns, Total: 253743 ns
[2025-04-25T12:49:47.491+0000][325.626s][debug][safepoint   ] Safepoint synchronization initiated using futex wait barrier. (239 threads)
[2025-04-25T12:49:47.491+0000][325.626s][info ][safepoint   ] Safepoint "Cleanup", Time since last: 3000519585 ns, Reaching safepoint: 82987 ns, Cleanup: 13237 ns, At safepoint: 7094 ns, Total: 103318 ns
[2025-04-25T12:49:48.491+0000][326.626s][debug][safepoint   ] Safepoint synchronization initiated using futex wait barrier. (239 threads)
[2025-04-25T12:49:48.491+0000][326.626s][info ][safepoint   ] Safepoint "Cleanup", Time since last: 1000168457 ns, Reaching safepoint: 207154 ns, Cleanup: 136163 ns, At safepoint: 41255 ns, Total: 384572 ns
[2025-04-25T12:49:49.492+0000][327.626s][debug][safepoint   ] Safepoint synchronization initiated using futex wait barrier. (239 threads)
[2025-04-25T12:49:49.492+0000][327.627s][info ][safepoint   ] Safepoint "Cleanup", Time since last: 1000213417 ns, Reaching safepoint: 197994 ns, Cleanup: 50271 ns, At safepoint: 22167 ns, Total: 270432 ns
[2025-04-25T12:49:51.492+0000][329.627s][debug][safepoint   ] Safepoint synchronization initiated using futex wait barrier. (239 threads)
[2025-04-25T12:49:51.493+0000][329.627s][info ][safepoint   ] Safepoint "Cleanup", Time since last: 2000451601 ns, Reaching safepoint: 234543 ns, Cleanup: 32872 ns, At safepoint: 25947 ns, Total: 293362 ns
[2025-04-25T12:49:53.493+0000][331.628s][debug][safepoint   ] Safepoint synchronization initiated using futex wait barrier. (239 threads)
[2025-04-25T12:49:53.493+0000][331.628s][info ][safepoint   ] Safepoint "Cleanup", Time since last: 2000380362 ns, Reaching safepoint: 341505 ns, Cleanup: 51765 ns, At safepoint: 29938 ns, Total: 423208 ns
[2025-04-25T12:49:55.494+0000][333.629s][debug][safepoint   ] Safepoint synchronization initiated using futex wait barrier. (239 threads)
[2025-04-25T12:49:55.494+0000][333.629s][info ][safepoint   ] Safepoint "Cleanup", Time since last: 2000342262 ns, Reaching safepoint: 118413 ns, Cleanup: 17347 ns, At safepoint: 13067 ns, Total: 148827 ns
[2025-04-25T12:49:59.494+0000][337.629s][debug][safepoint   ] Safepoint synchronization initiated using futex wait barrier. (238 threads)
[2025-04-25T12:49:59.495+0000][337.630s][info ][safepoint   ] Safepoint "Cleanup", Time since last: 4000482380 ns, Reaching safepoint: 227869 ns, Cleanup: 33909 ns, At safepoint: 26362 ns, Total: 288140 ns
[2025-04-25T12:50:00.495+0000][338.630s][debug][safepoint   ] Safepoint synchronization initiated using futex wait barrier. (238 threads)
[2025-04-25T12:50:00.495+0000][338.630s][info ][safepoint   ] Safepoint "Cleanup", Time since last: 1000169614 ns, Reaching safepoint: 142624 ns, Cleanup: 38543 ns, At safepoint: 14928 ns, Total: 196095 ns
[2025-04-25T12:50:02.427+0000][340.562s][debug][safepoint   ] Safepoint synchronization initiated using futex wait barrier. (238 threads)
[2025-04-25T12:50:02.427+0000][340.562s][info ][safepoint   ] Safepoint "Cleanup", Time since last: 1931997347 ns, Reaching safepoint: 78526 ns, Cleanup: 44571 ns, At safepoint: 6593 ns, Total: 129690 ns
[2025-04-25T12:50:03.440+0000][341.575s][debug][safepoint   ] Safepoint synchronization initiated using futex wait barrier. (238 threads)
[2025-04-25T12:50:03.440+0000][341.575s][info ][safepoint   ] Safepoint "ICBufferFull", Time since last: 1012943423 ns, Reaching safepoint: 86429 ns, Cleanup: 168394 ns, At safepoint: 23211 ns, Total: 278034 ns
[2025-04-25T12:50:04.441+0000][342.575s][debug][safepoint   ] Safepoint synchronization initiated using futex wait barrier. (238 threads)
[2025-04-25T12:50:04.443+0000][342.578s][info ][safepoint   ] Safepoint "Cleanup", Time since last: 1000151326 ns, Reaching safepoint: 2174646 ns, Cleanup: 48801 ns, At safepoint: 150246 ns, Total: 2373693 ns
[2025-04-25T12:50:05.448+0000][343.583s][debug][safepoint   ] Safepoint synchronization initiated using futex wait barrier. (238 threads)
[2025-04-25T12:50:05.449+0000][343.583s][info ][safepoint   ] Safepoint "Cleanup", Time since last: 1004928448 ns, Reaching safepoint: 295499 ns, Cleanup: 61865 ns, At safepoint: 290188 ns, Total: 647552 ns
[2025-04-25T12:50:06.449+0000][344.584s][debug][safepoint   ] Safepoint synchronization initiated using futex wait barrier. (252 threads)
[2025-04-25T12:50:06.450+0000][344.585s][debug][safepoint   ] ... found polling page loop exception at pc = 0x00007ff989da0905, stub =0x00007ff98898e400
[2025-04-25T12:50:06.451+0000][344.586s][info ][safepoint   ] Safepoint "Cleanup", Time since last: 1000172755 ns, Reaching safepoint: 2394754 ns, Cleanup: 84302 ns, At safepoint: 137104 ns, Total: 2616160 ns
[2025-04-25T12:50:07.514+0000][345.649s][debug][safepoint   ] Safepoint synchronization initiated using futex wait barrier. (263 threads)
[2025-04-25T12:50:07.514+0000][345.649s][info ][safepoint   ] Safepoint "Cleanup", Time since last: 1062399122 ns, Reaching safepoint: 124682 ns, Cleanup: 129829 ns, At safepoint: 29363 ns, Total: 283874 ns
[2025-04-25T12:50:08.514+0000][346.649s][debug][safepoint   ] Safepoint synchronization initiated using futex wait barrier. (265 threads)
[2025-04-25T12:50:08.514+0000][346.649s][info ][safepoint   ] Safepoint "Cleanup", Time since last: 1000157584 ns, Reaching safepoint: 91057 ns, Cleanup: 26389 ns, At safepoint: 8489 ns, Total: 125935 ns
[2025-04-25T12:50:10.515+0000][348.649s][debug][safepoint   ] Safepoint synchronization initiated using futex wait barrier. (267 threads)
[2025-04-25T12:50:10.515+0000][348.650s][info ][safepoint   ] Safepoint "Cleanup", Time since last: 2000210752 ns, Reaching safepoint: 203922 ns, Cleanup: 35930 ns, At safepoint: 21141 ns, Total: 260993 ns
[2025-04-25T12:50:11.515+0000][349.650s][debug][safepoint   ] Safepoint synchronization initiated using futex wait barrier. (266 threads)
[2025-04-25T12:50:11.515+0000][349.650s][info ][safepoint   ] Safepoint "Cleanup", Time since last: 1000133705 ns, Reaching safepoint: 126195 ns, Cleanup: 14651 ns, At safepoint: 9741 ns, Total: 150587 ns
[2025-04-25T12:50:12.515+0000][350.650s][debug][safepoint   ] Safepoint synchronization initiated using futex wait barrier. (266 threads)
[2025-04-25T12:50:12.516+0000][350.650s][info ][safepoint   ] Safepoint "Cleanup", Time since last: 1000148037 ns, Reaching safepoint: 304678 ns, Cleanup: 38968 ns, At safepoint: 28722 ns, Total: 372368 ns
[2025-04-25T12:50:13.516+0000][351.651s][debug][safepoint   ] Safepoint synchronization initiated using futex wait barrier. (266 threads)
[2025-04-25T12:50:13.516+0000][351.651s][info ][safepoint   ] Safepoint "Cleanup", Time since last: 1000156180 ns, Reaching safepoint: 123857 ns, Cleanup: 23225 ns, At safepoint: 7849 ns, Total: 154931 ns
[2025-04-25T12:50:14.516+0000][352.651s][debug][safepoint   ] Safepoint synchronization initiated using futex wait barrier. (266 threads)
[2025-04-25T12:50:14.516+0000][352.651s][info ][safepoint   ] Safepoint "Cleanup", Time since last: 1000196887 ns, Reaching safepoint: 63814 ns, Cleanup: 39533 ns, At safepoint: 9084 ns, Total: 112431 ns
[2025-04-25T12:50:16.517+0000][354.652s][debug][safepoint   ] Safepoint synchronization initiated using futex wait barrier. (266 threads)
[2025-04-25T12:50:16.523+0000][354.657s][info ][safepoint   ] Safepoint "Cleanup", Time since last: 2000812312 ns, Reaching safepoint: 5491104 ns, Cleanup: 53460 ns, At safepoint: 31283 ns, Total: 5575847 ns
[2025-04-25T12:50:17.928+0000][356.063s][debug][safepoint   ] Safepoint synchronization initiated using futex wait barrier. (266 threads)
[2025-04-25T12:50:17.929+0000][356.064s][info ][safepoint   ] Safepoint "Cleanup", Time since last: 1405477936 ns, Reaching safepoint: 1118627 ns, Cleanup: 14604 ns, At safepoint: 13267 ns, Total: 1146498 ns
[2025-04-25T12:50:18.929+0000][357.064s][debug][safepoint   ] Safepoint synchronization initiated using futex wait barrier. (266 threads)
[2025-04-25T12:50:18.930+0000][357.064s][info ][safepoint   ] Safepoint "Cleanup", Time since last: 1000144727 ns, Reaching safepoint: 130173 ns, Cleanup: 99403 ns, At safepoint: 14119 ns, Total: 243695 ns
[2025-04-25T12:50:19.930+0000][358.065s][debug][safepoint   ] Safepoint synchronization initiated using futex wait barrier. (266 threads)
[2025-04-25T12:50:19.930+0000][358.065s][info ][safepoint   ] Safepoint "Cleanup", Time since last: 1000145127 ns, Reaching safepoint: 125198 ns, Cleanup: 18393 ns, At safepoint: 16965 ns, Total: 160556 ns
[2025-04-25T12:50:20.930+0000][359.065s][debug][safepoint   ] Safepoint synchronization initiated using futex wait barrier. (266 threads)
[2025-04-25T12:50:20.930+0000][359.065s][info ][safepoint   ] Safepoint "Cleanup", Time since last: 1000135801 ns, Reaching safepoint: 100795 ns, Cleanup: 17445 ns, At safepoint: 6152 ns, Total: 124392 ns
[2025-04-25T12:50:21.931+0000][360.066s][debug][safepoint   ] Safepoint synchronization initiated using futex wait barrier. (266 threads)
[2025-04-25T12:50:21.931+0000][360.066s][info ][safepoint   ] Safepoint "Cleanup", Time since last: 1000792360 ns, Reaching safepoint: 296152 ns, Cleanup: 80788 ns, At safepoint: 38541 ns, Total: 415481 ns
[2025-04-25T12:50:23.285+0000][361.419s][debug][safepoint   ] Safepoint synchronization initiated using futex wait barrier. (266 threads)
[2025-04-25T12:50:23.285+0000][361.420s][info ][safepoint   ] Safepoint "Cleanup", Time since last: 1353183353 ns, Reaching safepoint: 121342 ns, Cleanup: 30963 ns, At safepoint: 9823 ns, Total: 162128 ns
[2025-04-25T12:50:25.285+0000][363.420s][debug][safepoint   ] Safepoint synchronization initiated using futex wait barrier. (266 threads)
[2025-04-25T12:50:25.285+0000][363.420s][info ][safepoint   ] Safepoint "Cleanup", Time since last: 2000211852 ns, Reaching safepoint: 201888 ns, Cleanup: 28911 ns, At safepoint: 21781 ns, Total: 252580 ns
[2025-04-25T12:50:27.286+0000][365.420s][debug][safepoint   ] Safepoint synchronization initiated using futex wait barrier. (267 threads)
[2025-04-25T12:50:27.286+0000][365.420s][info ][safepoint   ] Safepoint "Cleanup", Time since last: 2000320697 ns, Reaching safepoint: 67785 ns, Cleanup: 12239 ns, At safepoint: 6788 ns, Total: 86812 ns
[2025-04-25T12:50:28.286+0000][366.421s][debug][safepoint   ] Safepoint synchronization initiated using futex wait barrier. (267 threads)
[2025-04-25T12:50:28.286+0000][366.421s][info ][safepoint   ] Safepoint "Cleanup", Time since last: 1000191506 ns, Reaching safepoint: 218681 ns, Cleanup: 44282 ns, At safepoint: 30496 ns, Total: 293459 ns
[2025-04-25T12:50:30.287+0000][368.422s][debug][safepoint   ] Safepoint synchronization initiated using futex wait barrier. (267 threads)
[2025-04-25T12:50:30.287+0000][368.422s][info ][safepoint   ] Safepoint "Cleanup", Time since last: 2000737709 ns, Reaching safepoint: 59295 ns, Cleanup: 11300 ns, At safepoint: 5800 ns, Total: 76395 ns
[2025-04-25T12:50:31.287+0000][369.422s][debug][safepoint   ] Safepoint synchronization initiated using futex wait barrier. (267 threads)
[2025-04-25T12:50:31.287+0000][369.422s][info ][safepoint   ] Safepoint "Cleanup", Time since last: 1000194507 ns, Reaching safepoint: 57454 ns, Cleanup: 25856 ns, At safepoint: 5997 ns, Total: 89307 ns
[2025-04-25T12:50:32.287+0000][370.422s][debug][safepoint   ] Safepoint synchronization initiated using futex wait barrier. (267 threads)
[2025-04-25T12:50:32.288+0000][370.422s][info ][safepoint   ] Safepoint "Cleanup", Time since last: 1000239511 ns, Reaching safepoint: 60455 ns, Cleanup: 14571 ns, At safepoint: 4727 ns, Total: 79753 ns
[2025-04-25T12:50:33.288+0000][371.422s][debug][safepoint   ] Safepoint synchronization initiated using futex wait barrier. (267 threads)
[2025-04-25T12:50:33.288+0000][371.423s][info ][safepoint   ] Safepoint "Cleanup", Time since last: 1000095851 ns, Reaching safepoint: 121132 ns, Cleanup: 18325 ns, At safepoint: 12973 ns, Total: 152430 ns
[2025-04-25T12:50:34.288+0000][372.423s][debug][safepoint   ] Safepoint synchronization initiated using futex wait barrier. (267 threads)
[2025-04-25T12:50:34.288+0000][372.423s][info ][safepoint   ] Safepoint "Cleanup", Time since last: 1000198379 ns, Reaching safepoint: 84515 ns, Cleanup: 14683 ns, At safepoint: 10894 ns, Total: 110092 ns
[2025-04-25T12:50:35.288+0000][373.423s][debug][safepoint   ] Safepoint synchronization initiated using futex wait barrier. (267 threads)
[2025-04-25T12:50:35.288+0000][373.423s][info ][safepoint   ] Safepoint "Cleanup", Time since last: 1000148253 ns, Reaching safepoint: 221190 ns, Cleanup: 30219 ns, At safepoint: 14332 ns, Total: 265741 ns
[2025-04-25T12:50:36.289+0000][374.423s][debug][safepoint   ] Safepoint synchronization initiated using futex wait barrier. (267 threads)
[2025-04-25T12:50:36.289+0000][374.424s][info ][safepoint   ] Safepoint "Cleanup", Time since last: 1000147678 ns, Reaching safepoint: 136606 ns, Cleanup: 32645 ns, At safepoint: 35877 ns, Total: 205128 ns
[2025-04-25T12:50:37.289+0000][375.424s][debug][safepoint   ] Safepoint synchronization initiated using futex wait barrier. (267 threads)
[2025-04-25T12:50:37.289+0000][375.424s][info ][safepoint   ] Safepoint "Cleanup", Time since last: 1000182714 ns, Reaching safepoint: 103137 ns, Cleanup: 20585 ns, At safepoint: 10734 ns, Total: 134456 ns
[2025-04-25T12:50:40.290+0000][378.424s][debug][safepoint   ] Safepoint synchronization initiated using futex wait barrier. (267 threads)
[2025-04-25T12:50:40.290+0000][378.425s][info ][safepoint   ] Safepoint "Cleanup", Time since last: 3000466986 ns, Reaching safepoint: 266463 ns, Cleanup: 55117 ns, At safepoint: 39460 ns, Total: 361040 ns
[2025-04-25T12:50:42.290+0000][380.425s][debug][safepoint   ] Safepoint synchronization initiated using futex wait barrier. (267 threads)
[2025-04-25T12:50:42.291+0000][380.425s][info ][safepoint   ] Safepoint "Cleanup", Time since last: 2000286179 ns, Reaching safepoint: 211009 ns, Cleanup: 27326 ns, At safepoint: 41206 ns, Total: 279541 ns
[2025-04-25T12:50:43.291+0000][381.425s][debug][safepoint   ] Safepoint synchronization initiated using futex wait barrier. (267 threads)
[2025-04-25T12:50:43.291+0000][381.426s][info ][safepoint   ] Safepoint "Cleanup", Time since last: 1000147224 ns, Reaching safepoint: 118453 ns, Cleanup: 22304 ns, At safepoint: 10141 ns, Total: 150898 ns
[2025-04-25T12:50:47.291+0000][385.426s][debug][safepoint   ] Safepoint synchronization initiated using futex wait barrier. (267 threads)
[2025-04-25T12:50:47.291+0000][385.426s][info ][safepoint   ] Safepoint "Cleanup", Time since last: 4000358065 ns, Reaching safepoint: 142609 ns, Cleanup: 14299 ns, At safepoint: 9116 ns, Total: 166024 ns
[2025-04-25T12:50:48.291+0000][386.426s][debug][safepoint   ] Safepoint synchronization initiated using futex wait barrier. (267 threads)
[2025-04-25T12:50:48.292+0000][386.426s][info ][safepoint   ] Safepoint "Cleanup", Time since last: 1000095308 ns, Reaching safepoint: 73997 ns, Cleanup: 12770 ns, At safepoint: 5145 ns, Total: 91912 ns
[2025-04-25T12:50:49.292+0000][387.426s][debug][safepoint   ] Safepoint synchronization initiated using futex wait barrier. (267 threads)
[2025-04-25T12:50:49.292+0000][387.427s][info ][safepoint   ] Safepoint "Cleanup", Time since last: 1000106066 ns, Reaching safepoint: 83768 ns, Cleanup: 15306 ns, At safepoint: 6216 ns, Total: 105290 ns
[2025-04-25T12:50:50.292+0000][388.427s][debug][safepoint   ] Safepoint synchronization initiated using futex wait barrier. (267 threads)
[2025-04-25T12:50:50.292+0000][388.427s][info ][safepoint   ] Safepoint "Cleanup", Time since last: 1000111088 ns, Reaching safepoint: 145986 ns, Cleanup: 23759 ns, At safepoint: 8521 ns, Total: 178266 ns
[2025-04-25T12:50:51.292+0000][389.427s][debug][safepoint   ] Safepoint synchronization initiated using futex wait barrier. (267 threads)
[2025-04-25T12:50:51.292+0000][389.427s][info ][safepoint   ] Safepoint "Cleanup", Time since last: 1000147863 ns, Reaching safepoint: 67214 ns, Cleanup: 15389 ns, At safepoint: 13379 ns, Total: 95982 ns
[2025-04-25T12:50:52.292+0000][390.427s][debug][safepoint   ] Safepoint synchronization initiated using futex wait barrier. (267 threads)
[2025-04-25T12:50:52.293+0000][390.427s][info ][safepoint   ] Safepoint "Cleanup", Time since last: 1000089925 ns, Reaching safepoint: 156388 ns, Cleanup: 29080 ns, At safepoint: 20398 ns, Total: 205866 ns
[2025-04-25T12:50:57.293+0000][395.428s][debug][safepoint   ] Safepoint synchronization initiated using futex wait barrier. (267 threads)
[2025-04-25T12:50:57.293+0000][395.428s][info ][safepoint   ] Safepoint "Cleanup", Time since last: 5000619971 ns, Reaching safepoint: 94088 ns, Cleanup: 32485 ns, At safepoint: 10871 ns, Total: 137444 ns
[2025-04-25T12:50:58.293+0000][396.428s][debug][safepoint   ] Safepoint synchronization initiated using futex wait barrier. (267 threads)
[2025-04-25T12:50:58.294+0000][396.428s][info ][safepoint   ] Safepoint "Cleanup", Time since last: 1000099778 ns, Reaching safepoint: 118375 ns, Cleanup: 50593 ns, At safepoint: 10954 ns, Total: 179922 ns
[2025-04-25T12:50:59.433+0000][397.568s][debug][safepoint   ] Safepoint synchronization initiated using futex wait barrier. (267 threads)
[2025-04-25T12:50:59.433+0000][397.568s][info ][safepoint   ] Safepoint "Cleanup", Time since last: 1139412801 ns, Reaching safepoint: 84291 ns, Cleanup: 33340 ns, At safepoint: 8600 ns, Total: 126231 ns
[2025-04-25T12:51:00.433+0000][398.568s][debug][safepoint   ] Safepoint synchronization initiated using futex wait barrier. (267 threads)
[2025-04-25T12:51:00.434+0000][398.568s][info ][safepoint   ] Safepoint "Cleanup", Time since last: 1000116809 ns, Reaching safepoint: 197911 ns, Cleanup: 30961 ns, At safepoint: 18248 ns, Total: 247120 ns
[2025-04-25T12:51:01.434+0000][399.569s][debug][safepoint   ] Safepoint synchronization initiated using futex wait barrier. (267 threads)
[2025-04-25T12:51:01.434+0000][399.569s][info ][safepoint   ] Safepoint "Cleanup", Time since last: 1000288798 ns, Reaching safepoint: 121441 ns, Cleanup: 19793 ns, At safepoint: 14677 ns, Total: 155911 ns
[2025-04-25T12:51:02.435+0000][400.569s][debug][safepoint   ] Safepoint synchronization initiated using futex wait barrier. (267 threads)
[2025-04-25T12:51:02.435+0000][400.570s][info ][safepoint   ] Safepoint "Cleanup", Time since last: 1000590456 ns, Reaching safepoint: 286350 ns, Cleanup: 29589 ns, At safepoint: 33297 ns, Total: 349236 ns
[2025-04-25T12:51:03.435+0000][401.570s][debug][safepoint   ] Safepoint synchronization initiated using futex wait barrier. (266 threads)
[2025-04-25T12:51:03.436+0000][401.571s][info ][safepoint   ] Safepoint "Cleanup", Time since last: 1000412615 ns, Reaching safepoint: 464138 ns, Cleanup: 19290 ns, At safepoint: 26551 ns, Total: 509979 ns
[2025-04-25T12:51:05.437+0000][403.572s][debug][safepoint   ] Safepoint synchronization initiated using futex wait barrier. (266 threads)
[2025-04-25T12:51:05.437+0000][403.572s][info ][safepoint   ] Safepoint "Cleanup", Time since last: 2000901836 ns, Reaching safepoint: 109888 ns, Cleanup: 15662 ns, At safepoint: 10862 ns, Total: 136412 ns
[2025-04-25T12:51:06.437+0000][404.572s][debug][safepoint   ] Safepoint synchronization initiated using futex wait barrier. (266 threads)
[2025-04-25T12:51:06.437+0000][404.572s][info ][safepoint   ] Safepoint "Cleanup", Time since last: 1000116972 ns, Reaching safepoint: 122682 ns, Cleanup: 11340 ns, At safepoint: 13570 ns, Total: 147592 ns
[2025-04-25T12:51:07.437+0000][405.572s][debug][safepoint   ] Safepoint synchronization initiated using futex wait barrier. (265 threads)
[2025-04-25T12:51:07.437+0000][405.572s][info ][safepoint   ] Safepoint "Cleanup", Time since last: 1000128919 ns, Reaching safepoint: 141426 ns, Cleanup: 19401 ns, At safepoint: 12864 ns, Total: 173691 ns
[2025-04-25T12:51:10.438+0000][408.572s][debug][safepoint   ] Safepoint synchronization initiated using futex wait barrier. (265 threads)
[2025-04-25T12:51:10.438+0000][408.573s][info ][safepoint   ] Safepoint "Cleanup", Time since last: 3000272761 ns, Reaching safepoint: 106973 ns, Cleanup: 16997 ns, At safepoint: 9404 ns, Total: 133374 ns
[2025-04-25T12:51:11.438+0000][409.573s][debug][safepoint   ] Safepoint synchronization initiated using futex wait barrier. (265 threads)
[2025-04-25T12:51:11.439+0000][409.574s][info ][safepoint   ] Safepoint "Cleanup", Time since last: 1000200128 ns, Reaching safepoint: 670312 ns, Cleanup: 33909 ns, At safepoint: 46395 ns, Total: 750616 ns
[2025-04-25T12:51:13.439+0000][411.574s][debug][safepoint   ] Safepoint synchronization initiated using futex wait barrier. (265 threads)
[2025-04-25T12:51:13.439+0000][411.574s][info ][safepoint   ] Safepoint "Cleanup", Time since last: 2000337179 ns, Reaching safepoint: 85729 ns, Cleanup: 13020 ns, At safepoint: 10398 ns, Total: 109147 ns
[2025-04-25T12:51:15.439+0000][413.574s][debug][safepoint   ] Safepoint synchronization initiated using futex wait barrier. (265 threads)
[2025-04-25T12:51:15.440+0000][413.575s][info ][safepoint   ] Safepoint "Cleanup", Time since last: 2000231084 ns, Reaching safepoint: 263316 ns, Cleanup: 29807 ns, At safepoint: 49431 ns, Total: 342554 ns
[2025-04-25T12:51:16.440+0000][414.575s][debug][safepoint   ] Safepoint synchronization initiated using futex wait barrier. (265 threads)
[2025-04-25T12:51:16.440+0000][414.575s][info ][safepoint   ] Safepoint "Cleanup", Time since last: 1000228465 ns, Reaching safepoint: 78390 ns, Cleanup: 12671 ns, At safepoint: 8306 ns, Total: 99367 ns
[2025-04-25T12:51:17.440+0000][415.575s][debug][safepoint   ] Safepoint synchronization initiated using futex wait barrier. (265 threads)
[2025-04-25T12:51:17.440+0000][415.575s][info ][safepoint   ] Safepoint "Cleanup", Time since last: 1000132474 ns, Reaching safepoint: 102419 ns, Cleanup: 11263 ns, At safepoint: 8782 ns, Total: 122464 ns
[2025-04-25T12:51:19.441+0000][417.575s][debug][safepoint   ] Safepoint synchronization initiated using futex wait barrier. (265 threads)
[2025-04-25T12:51:19.441+0000][417.575s][info ][safepoint   ] Safepoint "Cleanup", Time since last: 2000173593 ns, Reaching safepoint: 95643 ns, Cleanup: 10763 ns, At safepoint: 6726 ns, Total: 113132 ns
[2025-04-25T12:51:21.442+0000][419.577s][debug][safepoint   ] Safepoint synchronization initiated using futex wait barrier. (265 threads)
[2025-04-25T12:51:21.442+0000][419.577s][info ][safepoint   ] Safepoint "Cleanup", Time since last: 2001248913 ns, Reaching safepoint: 94840 ns, Cleanup: 13904 ns, At safepoint: 10709 ns, Total: 119453 ns
[2025-04-25T12:51:23.315+0000][421.450s][debug][safepoint   ] Safepoint synchronization initiated using futex wait barrier. (265 threads)
[2025-04-25T12:51:23.315+0000][421.450s][info ][safepoint   ] Safepoint "Cleanup", Time since last: 1873258978 ns, Reaching safepoint: 105184 ns, Cleanup: 23085 ns, At safepoint: 11412 ns, Total: 139681 ns
[2025-04-25T12:51:27.316+0000][425.451s][debug][safepoint   ] Safepoint synchronization initiated using futex wait barrier. (265 threads)
[2025-04-25T12:51:27.316+0000][425.451s][info ][safepoint   ] Safepoint "Cleanup", Time since last: 4000507701 ns, Reaching safepoint: 218690 ns, Cleanup: 87495 ns, At safepoint: 69526 ns, Total: 375711 ns
[2025-04-25T12:51:28.317+0000][426.451s][debug][safepoint   ] Safepoint synchronization initiated using futex wait barrier. (265 threads)
[2025-04-25T12:51:28.317+0000][426.451s][info ][safepoint   ] Safepoint "Cleanup", Time since last: 1000163417 ns, Reaching safepoint: 161810 ns, Cleanup: 27117 ns, At safepoint: 14103 ns, Total: 203030 ns
[2025-04-25T12:51:30.317+0000][428.452s][debug][safepoint   ] Safepoint synchronization initiated using futex wait barrier. (265 threads)
[2025-04-25T12:51:30.317+0000][428.452s][info ][safepoint   ] Safepoint "Cleanup", Time since last: 2000171041 ns, Reaching safepoint: 83847 ns, Cleanup: 13918 ns, At safepoint: 7653 ns, Total: 105418 ns
[2025-04-25T12:51:32.317+0000][430.452s][debug][safepoint   ] Safepoint synchronization initiated using futex wait barrier. (265 threads)
[2025-04-25T12:51:32.317+0000][430.452s][info ][safepoint   ] Safepoint "Cleanup", Time since last: 2000154191 ns, Reaching safepoint: 109900 ns, Cleanup: 16151 ns, At safepoint: 7525 ns, Total: 133576 ns
[2025-04-25T12:51:34.317+0000][432.452s][debug][safepoint   ] Safepoint synchronization initiated using futex wait barrier. (265 threads)
[2025-04-25T12:51:34.318+0000][432.452s][info ][safepoint   ] Safepoint "Cleanup", Time since last: 2000162023 ns, Reaching safepoint: 110157 ns, Cleanup: 14067 ns, At safepoint: 8597 ns, Total: 132821 ns
[2025-04-25T12:51:35.318+0000][433.452s][debug][safepoint   ] Safepoint synchronization initiated using futex wait barrier. (265 threads)
[2025-04-25T12:51:35.318+0000][433.453s][info ][safepoint   ] Safepoint "Cleanup", Time since last: 1000079420 ns, Reaching safepoint: 460372 ns, Cleanup: 16589 ns, At safepoint: 9352 ns, Total: 486313 ns
[2025-04-25T12:51:38.320+0000][436.455s][debug][safepoint   ] Safepoint synchronization initiated using futex wait barrier. (265 threads)
[2025-04-25T12:51:38.320+0000][436.455s][info ][safepoint   ] Safepoint "Cleanup", Time since last: 3001618026 ns, Reaching safepoint: 93711 ns, Cleanup: 13008 ns, At safepoint: 9360 ns, Total: 116079 ns
[2025-04-25T12:51:39.320+0000][437.455s][debug][safepoint   ] Safepoint synchronization initiated using futex wait barrier. (265 threads)
[2025-04-25T12:51:39.320+0000][437.455s][info ][safepoint   ] Safepoint "Cleanup", Time since last: 1000106627 ns, Reaching safepoint: 92722 ns, Cleanup: 15938 ns, At safepoint: 7506 ns, Total: 116166 ns
[2025-04-25T12:51:40.320+0000][438.455s][debug][safepoint   ] Safepoint synchronization initiated using futex wait barrier. (265 threads)
[2025-04-25T12:51:40.320+0000][438.455s][info ][safepoint   ] Safepoint "Cleanup", Time since last: 1000139859 ns, Reaching safepoint: 106038 ns, Cleanup: 10504 ns, At safepoint: 6782 ns, Total: 123324 ns
[2025-04-25T12:51:41.320+0000][439.455s][debug][safepoint   ] Safepoint synchronization initiated using futex wait barrier. (265 threads)
[2025-04-25T12:51:41.321+0000][439.456s][info ][safepoint   ] Safepoint "Cleanup", Time since last: 1000123934 ns, Reaching safepoint: 249483 ns, Cleanup: 20156 ns, At safepoint: 8994 ns, Total: 278633 ns
[2025-04-25T12:51:42.321+0000][440.456s][debug][safepoint   ] Safepoint synchronization initiated using futex wait barrier. (265 threads)
[2025-04-25T12:51:42.321+0000][440.456s][info ][safepoint   ] Safepoint "Cleanup", Time since last: 1000120122 ns, Reaching safepoint: 201626 ns, Cleanup: 33700 ns, At safepoint: 18401 ns, Total: 253727 ns
[2025-04-25T12:51:43.321+0000][441.456s][debug][safepoint   ] Safepoint synchronization initiated using futex wait barrier. (265 threads)
[2025-04-25T12:51:43.321+0000][441.456s][info ][safepoint   ] Safepoint "Cleanup", Time since last: 1000108571 ns, Reaching safepoint: 87957 ns, Cleanup: 13517 ns, At safepoint: 6549 ns, Total: 108023 ns
[2025-04-25T12:51:44.321+0000][442.456s][debug][safepoint   ] Safepoint synchronization initiated using futex wait barrier. (265 threads)
[2025-04-25T12:51:44.322+0000][442.456s][info ][safepoint   ] Safepoint "Cleanup", Time since last: 1000089460 ns, Reaching safepoint: 121389 ns, Cleanup: 13897 ns, At safepoint: 6683 ns, Total: 141969 ns
[2025-04-25T12:51:45.322+0000][443.456s][debug][safepoint   ] Safepoint synchronization initiated using futex wait barrier. (265 threads)
[2025-04-25T12:51:45.322+0000][443.457s][info ][safepoint   ] Safepoint "Cleanup", Time since last: 1000087061 ns, Reaching safepoint: 89259 ns, Cleanup: 14616 ns, At safepoint: 6013 ns, Total: 109888 ns
[2025-04-25T12:51:46.322+0000][444.457s][debug][safepoint   ] Safepoint synchronization initiated using futex wait barrier. (265 threads)
[2025-04-25T12:51:46.322+0000][444.457s][info ][safepoint   ] Safepoint "Cleanup", Time since last: 1000088569 ns, Reaching safepoint: 85836 ns, Cleanup: 19057 ns, At safepoint: 8518 ns, Total: 113411 ns
[2025-04-25T12:51:47.322+0000][445.457s][debug][safepoint   ] Safepoint synchronization initiated using futex wait barrier. (265 threads)
[2025-04-25T12:51:47.322+0000][445.457s][info ][safepoint   ] Safepoint "Cleanup", Time since last: 1000085436 ns, Reaching safepoint: 64322 ns, Cleanup: 10210 ns, At safepoint: 4928 ns, Total: 79460 ns
[2025-04-25T12:51:48.322+0000][446.457s][debug][safepoint   ] Safepoint synchronization initiated using futex wait barrier. (265 threads)
[2025-04-25T12:51:48.322+0000][446.457s][info ][safepoint   ] Safepoint "Cleanup", Time since last: 1000083990 ns, Reaching safepoint: 95070 ns, Cleanup: 12541 ns, At safepoint: 9090 ns, Total: 116701 ns
[2025-04-25T12:51:49.323+0000][447.457s][debug][safepoint   ] Safepoint synchronization initiated using futex wait barrier. (265 threads)
[2025-04-25T12:51:49.323+0000][447.458s][info ][safepoint   ] Safepoint "Cleanup", Time since last: 1000148196 ns, Reaching safepoint: 244019 ns, Cleanup: 28823 ns, At safepoint: 54343 ns, Total: 327185 ns
[2025-04-25T12:51:50.323+0000][448.458s][debug][safepoint   ] Safepoint synchronization initiated using futex wait barrier. (265 threads)
[2025-04-25T12:51:50.324+0000][448.458s][info ][safepoint   ] Safepoint "Cleanup", Time since last: 1000507666 ns, Reaching safepoint: 153681 ns, Cleanup: 20570 ns, At safepoint: 14345 ns, Total: 188596 ns
[2025-04-25T12:51:51.324+0000][449.459s][debug][safepoint   ] Safepoint synchronization initiated using futex wait barrier. (265 threads)
[2025-04-25T12:51:51.324+0000][449.459s][info ][safepoint   ] Safepoint "Cleanup", Time since last: 1000297770 ns, Reaching safepoint: 141199 ns, Cleanup: 26080 ns, At safepoint: 16188 ns, Total: 183467 ns
[2025-04-25T12:51:52.324+0000][450.459s][debug][safepoint   ] Safepoint synchronization initiated using futex wait barrier. (265 threads)
[2025-04-25T12:51:52.324+0000][450.459s][info ][safepoint   ] Safepoint "Cleanup", Time since last: 1000124297 ns, Reaching safepoint: 127108 ns, Cleanup: 91623 ns, At safepoint: 16639 ns, Total: 235370 ns
[2025-04-25T12:51:54.325+0000][452.459s][debug][safepoint   ] Safepoint synchronization initiated using futex wait barrier. (265 threads)
[2025-04-25T12:51:54.325+0000][452.459s][info ][safepoint   ] Safepoint "Cleanup", Time since last: 2000160179 ns, Reaching safepoint: 84393 ns, Cleanup: 12334 ns, At safepoint: 7315 ns, Total: 104042 ns
[2025-04-25T12:51:55.325+0000][453.460s][debug][safepoint   ] Safepoint synchronization initiated using futex wait barrier. (265 threads)
[2025-04-25T12:51:55.325+0000][453.460s][info ][safepoint   ] Safepoint "Cleanup", Time since last: 1000569033 ns, Reaching safepoint: 201312 ns, Cleanup: 24792 ns, At safepoint: 19101 ns, Total: 245205 ns
[2025-04-25T12:51:57.326+0000][455.460s][debug][safepoint   ] Safepoint synchronization initiated using futex wait barrier. (265 threads)
[2025-04-25T12:51:57.326+0000][455.461s][info ][safepoint   ] Safepoint "Cleanup", Time since last: 2000249016 ns, Reaching safepoint: 101513 ns, Cleanup: 19965 ns, At safepoint: 10909 ns, Total: 132387 ns
[2025-04-25T12:51:58.326+0000][456.461s][debug][safepoint   ] Safepoint synchronization initiated using futex wait barrier. (265 threads)
[2025-04-25T12:51:58.327+0000][456.461s][info ][safepoint   ] Safepoint "Cleanup", Time since last: 1000122398 ns, Reaching safepoint: 487395 ns, Cleanup: 52207 ns, At safepoint: 35537 ns, Total: 575139 ns
[2025-04-25T12:52:00.327+0000][458.462s][debug][safepoint   ] Safepoint synchronization initiated using futex wait barrier. (265 threads)
[2025-04-25T12:52:00.327+0000][458.462s][info ][safepoint   ] Safepoint "Cleanup", Time since last: 2000379343 ns, Reaching safepoint: 148937 ns, Cleanup: 21310 ns, At safepoint: 11167 ns, Total: 181414 ns
[2025-04-25T12:52:01.327+0000][459.462s][debug][safepoint   ] Safepoint synchronization initiated using futex wait barrier. (265 threads)
[2025-04-25T12:52:01.329+0000][459.463s][info ][safepoint   ] Safepoint "Cleanup", Time since last: 1000141720 ns, Reaching safepoint: 1322160 ns, Cleanup: 28178 ns, At safepoint: 17976 ns, Total: 1368314 ns
[2025-04-25T12:52:02.329+0000][460.464s][debug][safepoint   ] Safepoint synchronization initiated using futex wait barrier. (265 threads)
[2025-04-25T12:52:02.330+0000][460.465s][info ][safepoint   ] Safepoint "Cleanup", Time since last: 1000405892 ns, Reaching safepoint: 1073529 ns, Cleanup: 224070 ns, At safepoint: 130234 ns, Total: 1427833 ns
[2025-04-25T12:52:03.331+0000][461.465s][debug][safepoint   ] Safepoint synchronization initiated using futex wait barrier. (264 threads)
[2025-04-25T12:52:03.331+0000][461.466s][info ][safepoint   ] Safepoint "Cleanup", Time since last: 1000224972 ns, Reaching safepoint: 173726 ns, Cleanup: 30567 ns, At safepoint: 19674 ns, Total: 223967 ns
[2025-04-25T12:52:05.331+0000][463.466s][debug][safepoint   ] Safepoint synchronization initiated using futex wait barrier. (264 threads)
[2025-04-25T12:52:05.331+0000][463.466s][info ][safepoint   ] Safepoint "Cleanup", Time since last: 2000348542 ns, Reaching safepoint: 105195 ns, Cleanup: 16252 ns, At safepoint: 10101 ns, Total: 131548 ns
[2025-04-25T12:52:06.331+0000][464.466s][debug][safepoint   ] Safepoint synchronization initiated using futex wait barrier. (264 threads)
[2025-04-25T12:52:06.332+0000][464.466s][info ][safepoint   ] Safepoint "Cleanup", Time since last: 1000109195 ns, Reaching safepoint: 141490 ns, Cleanup: 17633 ns, At safepoint: 10465 ns, Total: 169588 ns
[2025-04-25T12:52:07.332+0000][465.467s][debug][safepoint   ] Safepoint synchronization initiated using futex wait barrier. (263 threads)
[2025-04-25T12:52:07.332+0000][465.467s][info ][safepoint   ] Safepoint "Cleanup", Time since last: 1000116367 ns, Reaching safepoint: 118361 ns, Cleanup: 21004 ns, At safepoint: 11387 ns, Total: 150752 ns
[2025-04-25T12:52:08.332+0000][466.467s][debug][safepoint   ] Safepoint synchronization initiated using futex wait barrier. (263 threads)
[2025-04-25T12:52:08.332+0000][466.467s][info ][safepoint   ] Safepoint "Cleanup", Time since last: 1000116908 ns, Reaching safepoint: 154112 ns, Cleanup: 20950 ns, At safepoint: 18828 ns, Total: 193890 ns
[2025-04-25T12:52:09.332+0000][467.467s][debug][safepoint   ] Safepoint synchronization initiated using futex wait barrier. (263 threads)
[2025-04-25T12:52:09.333+0000][467.467s][info ][safepoint   ] Safepoint "Cleanup", Time since last: 1000214166 ns, Reaching safepoint: 104677 ns, Cleanup: 15854 ns, At safepoint: 15284 ns, Total: 135815 ns
[2025-04-25T12:52:10.333+0000][468.468s][debug][safepoint   ] Safepoint synchronization initiated using futex wait barrier. (263 threads)
[2025-04-25T12:52:10.333+0000][468.468s][info ][safepoint   ] Safepoint "Cleanup", Time since last: 1000187628 ns, Reaching safepoint: 119841 ns, Cleanup: 16254 ns, At safepoint: 13738 ns, Total: 149833 ns
[2025-04-25T12:52:11.333+0000][469.468s][debug][safepoint   ] Safepoint synchronization initiated using futex wait barrier. (263 threads)
[2025-04-25T12:52:11.333+0000][469.468s][info ][safepoint   ] Safepoint "Cleanup", Time since last: 1000140285 ns, Reaching safepoint: 182636 ns, Cleanup: 45709 ns, At safepoint: 23827 ns, Total: 252172 ns
[2025-04-25T12:52:16.334+0000][474.469s][debug][safepoint   ] Safepoint synchronization initiated using futex wait barrier. (263 threads)
[2025-04-25T12:52:16.334+0000][474.469s][info ][safepoint   ] Safepoint "Cleanup", Time since last: 5000721518 ns, Reaching safepoint: 237849 ns, Cleanup: 20635 ns, At safepoint: 19493 ns, Total: 277977 ns
[2025-04-25T12:52:19.335+0000][477.470s][debug][safepoint   ] Safepoint synchronization initiated using futex wait barrier. (263 threads)
[2025-04-25T12:52:19.335+0000][477.470s][info ][safepoint   ] Safepoint "Cleanup", Time since last: 3000813889 ns, Reaching safepoint: 146644 ns, Cleanup: 17847 ns, At safepoint: 12214 ns, Total: 176705 ns
[2025-04-25T12:52:22.336+0000][480.470s][debug][safepoint   ] Safepoint synchronization initiated using futex wait barrier. (263 threads)
[2025-04-25T12:52:22.337+0000][480.471s][info ][safepoint   ] Safepoint "Cleanup", Time since last: 3000370626 ns, Reaching safepoint: 907361 ns, Cleanup: 68689 ns, At safepoint: 28709 ns, Total: 1004759 ns
[2025-04-25T12:52:23.345+0000][481.480s][debug][safepoint   ] Safepoint synchronization initiated using futex wait barrier. (263 threads)
[2025-04-25T12:52:23.346+0000][481.480s][info ][safepoint   ] Safepoint "Cleanup", Time since last: 1008699067 ns, Reaching safepoint: 127231 ns, Cleanup: 20295 ns, At safepoint: 10308 ns, Total: 157834 ns
[2025-04-25T12:52:24.346+0000][482.480s][debug][safepoint   ] Safepoint synchronization initiated using futex wait barrier. (263 threads)
[2025-04-25T12:52:24.346+0000][482.481s][info ][safepoint   ] Safepoint "Cleanup", Time since last: 1000117939 ns, Reaching safepoint: 105965 ns, Cleanup: 19412 ns, At safepoint: 9605 ns, Total: 134982 ns
[2025-04-25T12:52:25.346+0000][483.481s][debug][safepoint   ] Safepoint synchronization initiated using futex wait barrier. (263 threads)
[2025-04-25T12:52:25.346+0000][483.481s][info ][safepoint   ] Safepoint "Cleanup", Time since last: 1000161391 ns, Reaching safepoint: 105431 ns, Cleanup: 44531 ns, At safepoint: 13016 ns, Total: 162978 ns
[2025-04-25T12:52:26.346+0000][484.481s][debug][safepoint   ] Safepoint synchronization initiated using futex wait barrier. (263 threads)
[2025-04-25T12:52:26.347+0000][484.481s][info ][safepoint   ] Safepoint "Cleanup", Time since last: 1000125396 ns, Reaching safepoint: 242067 ns, Cleanup: 35362 ns, At safepoint: 38264 ns, Total: 315693 ns
[2025-04-25T12:52:27.347+0000][485.482s][debug][safepoint   ] Safepoint synchronization initiated using futex wait barrier. (263 threads)
[2025-04-25T12:52:27.347+0000][485.482s][info ][safepoint   ] Safepoint "Cleanup", Time since last: 1000218225 ns, Reaching safepoint: 60359 ns, Cleanup: 9996 ns, At safepoint: 5928 ns, Total: 76283 ns
[2025-04-25T12:52:33.348+0000][491.483s][debug][safepoint   ] Safepoint synchronization initiated using futex wait barrier. (263 threads)
[2025-04-25T12:52:33.349+0000][491.483s][info ][safepoint   ] Safepoint "Cleanup", Time since last: 6001588207 ns, Reaching safepoint: 88983 ns, Cleanup: 21860 ns, At safepoint: 10507 ns, Total: 121350 ns
[2025-04-25T12:52:34.349+0000][492.483s][debug][safepoint   ] Safepoint synchronization initiated using futex wait barrier. (263 threads)
[2025-04-25T12:52:34.349+0000][492.484s][info ][safepoint   ] Safepoint "Cleanup", Time since last: 1000112058 ns, Reaching safepoint: 323635 ns, Cleanup: 20288 ns, At safepoint: 22140 ns, Total: 366063 ns
[2025-04-25T12:52:36.349+0000][494.484s][debug][safepoint   ] Safepoint synchronization initiated using futex wait barrier. (263 threads)
[2025-04-25T12:52:36.350+0000][494.484s][info ][safepoint   ] Safepoint "Cleanup", Time since last: 2000347436 ns, Reaching safepoint: 197689 ns, Cleanup: 29697 ns, At safepoint: 24157 ns, Total: 251543 ns
[2025-04-25T12:52:37.350+0000][495.485s][debug][safepoint   ] Safepoint synchronization initiated using futex wait barrier. (263 threads)
[2025-04-25T12:52:37.350+0000][495.485s][info ][safepoint   ] Safepoint "Cleanup", Time since last: 1000129803 ns, Reaching safepoint: 107386 ns, Cleanup: 13730 ns, At safepoint: 7547 ns, Total: 128663 ns
[2025-04-25T12:52:38.350+0000][496.485s][debug][safepoint   ] Safepoint synchronization initiated using futex wait barrier. (263 threads)
[2025-04-25T12:52:38.350+0000][496.485s][info ][safepoint   ] Safepoint "Cleanup", Time since last: 1000110836 ns, Reaching safepoint: 115835 ns, Cleanup: 15017 ns, At safepoint: 9469 ns, Total: 140321 ns
[2025-04-25T12:52:39.350+0000][497.485s][debug][safepoint   ] Safepoint synchronization initiated using futex wait barrier. (263 threads)
[2025-04-25T12:52:39.350+0000][497.485s][info ][safepoint   ] Safepoint "Cleanup", Time since last: 1000159945 ns, Reaching safepoint: 162838 ns, Cleanup: 16129 ns, At safepoint: 10914 ns, Total: 189881 ns
[2025-04-25T12:52:40.351+0000][498.485s][debug][safepoint   ] Safepoint synchronization initiated using futex wait barrier. (263 threads)
[2025-04-25T12:52:40.351+0000][498.486s][info ][safepoint   ] Safepoint "Cleanup", Time since last: 1000163854 ns, Reaching safepoint: 291270 ns, Cleanup: 56901 ns, At safepoint: 31338 ns, Total: 379509 ns
[2025-04-25T12:52:43.351+0000][501.486s][debug][safepoint   ] Safepoint synchronization initiated using futex wait barrier. (263 threads)
[2025-04-25T12:52:43.352+0000][501.486s][info ][safepoint   ] Safepoint "Cleanup", Time since last: 3000469605 ns, Reaching safepoint: 183249 ns, Cleanup: 16812 ns, At safepoint: 10300 ns, Total: 210361 ns
[2025-04-25T12:52:52.353+0000][510.488s][debug][safepoint   ] Safepoint synchronization initiated using futex wait barrier. (263 threads)
[2025-04-25T12:52:52.353+0000][510.488s][info ][safepoint   ] Safepoint "Cleanup", Time since last: 9001143948 ns, Reaching safepoint: 124086 ns, Cleanup: 11226 ns, At safepoint: 6847 ns, Total: 142159 ns
[2025-04-25T12:52:58.354+0000][516.488s][debug][safepoint   ] Safepoint synchronization initiated using futex wait barrier. (263 threads)
[2025-04-25T12:52:58.354+0000][516.489s][info ][safepoint   ] Safepoint "Cleanup", Time since last: 6000637946 ns, Reaching safepoint: 149388 ns, Cleanup: 24062 ns, At safepoint: 13426 ns, Total: 186876 ns
[2025-04-25T12:53:01.354+0000][519.489s][debug][safepoint   ] Safepoint synchronization initiated using futex wait barrier. (263 threads)
[2025-04-25T12:53:01.355+0000][519.489s][info ][safepoint   ] Safepoint "Cleanup", Time since last: 3000555551 ns, Reaching safepoint: 199868 ns, Cleanup: 32152 ns, At safepoint: 17487 ns, Total: 249507 ns
[2025-04-25T12:53:04.355+0000][522.490s][debug][safepoint   ] Safepoint synchronization initiated using futex wait barrier. (262 threads)
[2025-04-25T12:53:04.355+0000][522.490s][info ][safepoint   ] Safepoint "Cleanup", Time since last: 3000370168 ns, Reaching safepoint: 304335 ns, Cleanup: 82550 ns, At safepoint: 35577 ns, Total: 422462 ns
[2025-04-25T12:53:10.356+0000][528.491s][debug][safepoint   ] Safepoint synchronization initiated using futex wait barrier. (261 threads)
[2025-04-25T12:53:10.357+0000][528.491s][info ][safepoint   ] Safepoint "Cleanup", Time since last: 6000800257 ns, Reaching safepoint: 245624 ns, Cleanup: 32844 ns, At safepoint: 23685 ns, Total: 302153 ns
[2025-04-25T12:53:14.357+0000][532.492s][debug][safepoint   ] Safepoint synchronization initiated using futex wait barrier. (261 threads)
[2025-04-25T12:53:14.357+0000][532.492s][info ][safepoint   ] Safepoint "Cleanup", Time since last: 4000584571 ns, Reaching safepoint: 258475 ns, Cleanup: 41058 ns, At safepoint: 30957 ns, Total: 330490 ns
[2025-04-25T12:53:21.358+0000][539.493s][debug][safepoint   ] Safepoint synchronization initiated using futex wait barrier. (261 threads)
[2025-04-25T12:53:21.359+0000][539.493s][info ][safepoint   ] Safepoint "Cleanup", Time since last: 7000913585 ns, Reaching safepoint: 241312 ns, Cleanup: 46739 ns, At safepoint: 69764 ns, Total: 357815 ns
[2025-04-25T12:53:22.381+0000][540.516s][debug][safepoint   ] Safepoint synchronization initiated using futex wait barrier. (261 threads)
[2025-04-25T12:53:22.381+0000][540.516s][info ][safepoint   ] Safepoint "Cleanup", Time since last: 1022263473 ns, Reaching safepoint: 173857 ns, Cleanup: 326931 ns, At safepoint: 36031 ns, Total: 536819 ns
[2025-04-25T12:53:23.382+0000][541.516s][debug][safepoint   ] Safepoint synchronization initiated using futex wait barrier. (261 threads)
[2025-04-25T12:53:23.382+0000][541.517s][info ][safepoint   ] Safepoint "Cleanup", Time since last: 1000188753 ns, Reaching safepoint: 86852 ns, Cleanup: 18953 ns, At safepoint: 8606 ns, Total: 114411 ns
[2025-04-25T12:53:28.382+0000][546.517s][debug][safepoint   ] Safepoint synchronization initiated using futex wait barrier. (261 threads)
[2025-04-25T12:53:28.382+0000][546.517s][info ][safepoint   ] Safepoint "Cleanup", Time since last: 5000497437 ns, Reaching safepoint: 82830 ns, Cleanup: 49941 ns, At safepoint: 7158 ns, Total: 139929 ns
[2025-04-25T12:53:30.383+0000][548.517s][debug][safepoint   ] Safepoint synchronization initiated using futex wait barrier. (261 threads)
[2025-04-25T12:53:30.383+0000][548.518s][info ][safepoint   ] Safepoint "Cleanup", Time since last: 2000231035 ns, Reaching safepoint: 62456 ns, Cleanup: 11338 ns, At safepoint: 6954 ns, Total: 80748 ns
[2025-04-25T12:53:31.383+0000][549.518s][debug][safepoint   ] Safepoint synchronization initiated using futex wait barrier. (261 threads)
[2025-04-25T12:53:31.383+0000][549.518s][info ][safepoint   ] Safepoint "Cleanup", Time since last: 1000090870 ns, Reaching safepoint: 92304 ns, Cleanup: 17037 ns, At safepoint: 5575 ns, Total: 114916 ns
[2025-04-25T12:53:32.383+0000][550.518s][debug][safepoint   ] Safepoint synchronization initiated using futex wait barrier. (261 threads)
[2025-04-25T12:53:32.384+0000][550.518s][info ][safepoint   ] Safepoint "Cleanup", Time since last: 1000152202 ns, Reaching safepoint: 349143 ns, Cleanup: 34900 ns, At safepoint: 38587 ns, Total: 422630 ns
[2025-04-25T12:53:34.384+0000][552.519s][debug][safepoint   ] Safepoint synchronization initiated using futex wait barrier. (261 threads)
[2025-04-25T12:53:34.384+0000][552.519s][info ][safepoint   ] Safepoint "Cleanup", Time since last: 2000439033 ns, Reaching safepoint: 201142 ns, Cleanup: 30585 ns, At safepoint: 20625 ns, Total: 252352 ns
[2025-04-25T12:53:35.384+0000][553.519s][debug][safepoint   ] Safepoint synchronization initiated using futex wait barrier. (261 threads)
[2025-04-25T12:53:35.385+0000][553.520s][info ][safepoint   ] Safepoint "Cleanup", Time since last: 1000174148 ns, Reaching safepoint: 517509 ns, Cleanup: 33319 ns, At safepoint: 21046 ns, Total: 571874 ns
[2025-04-25T12:53:39.386+0000][557.520s][debug][safepoint   ] Safepoint synchronization initiated using futex wait barrier. (261 threads)
[2025-04-25T12:53:39.386+0000][557.521s][info ][safepoint   ] Safepoint "Cleanup", Time since last: 4000609715 ns, Reaching safepoint: 238360 ns, Cleanup: 31843 ns, At safepoint: 24490 ns, Total: 294693 ns
[2025-04-25T12:53:46.387+0000][564.521s][debug][safepoint   ] Safepoint synchronization initiated using futex wait barrier. (261 threads)
[2025-04-25T12:53:46.387+0000][564.522s][info ][safepoint   ] Safepoint "Cleanup", Time since last: 7000774686 ns, Reaching safepoint: 90656 ns, Cleanup: 18963 ns, At safepoint: 7904 ns, Total: 117523 ns
[2025-04-25T12:53:49.387+0000][567.522s][debug][safepoint   ] Safepoint synchronization initiated using futex wait barrier. (261 threads)
[2025-04-25T12:53:49.387+0000][567.522s][info ][safepoint   ] Safepoint "Cleanup", Time since last: 3000374788 ns, Reaching safepoint: 158160 ns, Cleanup: 32098 ns, At safepoint: 14711 ns, Total: 204969 ns
[2025-04-25T12:53:50.387+0000][568.522s][debug][safepoint   ] Safepoint synchronization initiated using futex wait barrier. (261 threads)
[2025-04-25T12:53:50.388+0000][568.522s][info ][safepoint   ] Safepoint "Cleanup", Time since last: 1000119197 ns, Reaching safepoint: 91890 ns, Cleanup: 15956 ns, At safepoint: 10351 ns, Total: 118197 ns
[2025-04-25T12:53:51.388+0000][569.522s][debug][safepoint   ] Safepoint synchronization initiated using futex wait barrier. (261 threads)
[2025-04-25T12:53:51.388+0000][569.523s][info ][safepoint   ] Safepoint "Cleanup", Time since last: 1000099330 ns, Reaching safepoint: 68765 ns, Cleanup: 11164 ns, At safepoint: 6383 ns, Total: 86312 ns
[2025-04-25T12:53:52.389+0000][570.523s][debug][safepoint   ] Safepoint synchronization initiated using futex wait barrier. (261 threads)
[2025-04-25T12:53:52.389+0000][570.524s][info ][safepoint   ] Safepoint "Cleanup", Time since last: 1000963609 ns, Reaching safepoint: 243278 ns, Cleanup: 37006 ns, At safepoint: 27808 ns, Total: 308092 ns
[2025-04-25T12:53:53.389+0000][571.524s][debug][safepoint   ] Safepoint synchronization initiated using futex wait barrier. (261 threads)
[2025-04-25T12:53:53.389+0000][571.524s][info ][safepoint   ] Safepoint "Cleanup", Time since last: 1000270049 ns, Reaching safepoint: 66719 ns, Cleanup: 12818 ns, At safepoint: 7600 ns, Total: 87137 ns
[2025-04-25T12:53:54.389+0000][572.524s][debug][safepoint   ] Safepoint synchronization initiated using futex wait barrier. (261 threads)
[2025-04-25T12:53:54.390+0000][572.524s][info ][safepoint   ] Safepoint "Cleanup", Time since last: 1000098576 ns, Reaching safepoint: 90917 ns, Cleanup: 17887 ns, At safepoint: 10288 ns, Total: 119092 ns
[2025-04-25T12:53:56.390+0000][574.525s][debug][safepoint   ] Safepoint synchronization initiated using futex wait barrier. (261 threads)
[2025-04-25T12:53:56.390+0000][574.525s][info ][safepoint   ] Safepoint "Cleanup", Time since last: 2000227086 ns, Reaching safepoint: 139216 ns, Cleanup: 20083 ns, At safepoint: 14287 ns, Total: 173586 ns
[2025-04-25T12:53:57.390+0000][575.525s][debug][safepoint   ] Safepoint synchronization initiated using futex wait barrier. (261 threads)
[2025-04-25T12:53:57.390+0000][575.525s][info ][safepoint   ] Safepoint "Cleanup", Time since last: 1000122876 ns, Reaching safepoint: 267852 ns, Cleanup: 16371 ns, At safepoint: 7255 ns, Total: 291478 ns
[2025-04-25T12:53:58.391+0000][576.525s][debug][safepoint   ] Safepoint synchronization initiated using futex wait barrier. (261 threads)
[2025-04-25T12:53:58.391+0000][576.526s][info ][safepoint   ] Safepoint "Cleanup", Time since last: 1000202412 ns, Reaching safepoint: 161611 ns, Cleanup: 22291 ns, At safepoint: 10606 ns, Total: 194508 ns
[2025-04-25T12:54:00.391+0000][578.526s][debug][safepoint   ] Safepoint synchronization initiated using futex wait barrier. (261 threads)
[2025-04-25T12:54:00.391+0000][578.526s][info ][safepoint   ] Safepoint "Cleanup", Time since last: 2000247027 ns, Reaching safepoint: 302847 ns, Cleanup: 36648 ns, At safepoint: 32456 ns, Total: 371951 ns
[2025-04-25T12:54:02.392+0000][580.526s][debug][safepoint   ] Safepoint synchronization initiated using futex wait barrier. (261 threads)
[2025-04-25T12:54:02.392+0000][580.527s][info ][safepoint   ] Safepoint "Cleanup", Time since last: 2000230182 ns, Reaching safepoint: 123103 ns, Cleanup: 31693 ns, At safepoint: 11691 ns, Total: 166487 ns
[2025-04-25T12:54:03.357+0000][581.492s][debug][safepoint   ] Safepoint synchronization initiated using futex wait barrier. (260 threads)
[2025-04-25T12:54:03.357+0000][581.492s][info ][gc,start    ] GC(63) Pause Young (Normal) (G1 Evacuation Pause)
[2025-04-25T12:54:03.357+0000][581.492s][info ][gc,task     ] GC(63) Using 4 workers of 4 for evacuation
[2025-04-25T12:54:03.464+0000][581.599s][info ][gc,phases   ] GC(63)   Pre Evacuate Collection Set: 0.4ms
[2025-04-25T12:54:03.464+0000][581.599s][info ][gc,phases   ] GC(63)   Merge Heap Roots: 0.6ms
[2025-04-25T12:54:03.464+0000][581.599s][info ][gc,phases   ] GC(63)   Evacuate Collection Set: 102.0ms
[2025-04-25T12:54:03.464+0000][581.599s][info ][gc,phases   ] GC(63)   Post Evacuate Collection Set: 3.2ms
[2025-04-25T12:54:03.464+0000][581.599s][info ][gc,phases   ] GC(63)   Other: 0.5ms
[2025-04-25T12:54:03.464+0000][581.599s][info ][gc,heap     ] GC(63) Eden regions: 548->0(548)
[2025-04-25T12:54:03.464+0000][581.599s][info ][gc,heap     ] GC(63) Survivor regions: 37->37(74)
[2025-04-25T12:54:03.464+0000][581.599s][info ][gc,heap     ] GC(63) Old regions: 158->158
[2025-04-25T12:54:03.464+0000][581.599s][info ][gc,heap     ] GC(63) Archive regions: 2->2
[2025-04-25T12:54:03.464+0000][581.599s][info ][gc,heap     ] GC(63) Humongous regions: 2->2
[2025-04-25T12:54:03.464+0000][581.599s][info ][gc,metaspace] GC(63) Metaspace: 195678K(197120K)->195678K(197120K) NonClass: 172216K(172928K)->172216K(172928K) Class: 23461K(24192K)->23461K(24192K)
[2025-04-25T12:54:03.464+0000][581.599s][info ][gc          ] GC(63) Pause Young (Normal) (G1 Evacuation Pause) 744M->196M(976M) 106.707ms
[2025-04-25T12:54:03.464+0000][581.599s][info ][gc,cpu      ] GC(63) User=0.29s Sys=0.01s Real=0.10s
[2025-04-25T12:54:03.464+0000][581.599s][info ][safepoint   ] Safepoint "G1CollectForAllocation", Time since last: 965240714 ns, Reaching safepoint: 113019 ns, Cleanup: 17058 ns, At safepoint: 107212827 ns, Total: 107342904 ns
[2025-04-25T12:54:06.465+0000][584.600s][debug][safepoint   ] Safepoint synchronization initiated using futex wait barrier. (260 threads)
[2025-04-25T12:54:06.465+0000][584.600s][info ][safepoint   ] Safepoint "Cleanup", Time since last: 3000389838 ns, Reaching safepoint: 217217 ns, Cleanup: 29184 ns, At safepoint: 11643 ns, Total: 258044 ns
[2025-04-25T12:54:12.466+0000][590.601s][debug][safepoint   ] Safepoint synchronization initiated using futex wait barrier. (259 threads)
[2025-04-25T12:54:12.466+0000][590.601s][info ][safepoint   ] Safepoint "Cleanup", Time since last: 6000748619 ns, Reaching safepoint: 180776 ns, Cleanup: 253085 ns, At safepoint: 74219 ns, Total: 508080 ns
[2025-04-25T12:54:14.467+0000][592.601s][debug][safepoint   ] Safepoint synchronization initiated using futex wait barrier. (259 threads)
[2025-04-25T12:54:14.467+0000][592.601s][info ][safepoint   ] Safepoint "Cleanup", Time since last: 2000230864 ns, Reaching safepoint: 81988 ns, Cleanup: 10395 ns, At safepoint: 6057 ns, Total: 98440 ns
[2025-04-25T12:54:18.467+0000][596.602s][debug][safepoint   ] Safepoint synchronization initiated using futex wait barrier. (259 threads)
[2025-04-25T12:54:18.467+0000][596.602s][info ][safepoint   ] Safepoint "Cleanup", Time since last: 4000513185 ns, Reaching safepoint: 146883 ns, Cleanup: 17852 ns, At safepoint: 14955 ns, Total: 179690 ns
[2025-04-25T12:54:19.467+0000][597.602s][debug][safepoint   ] Safepoint synchronization initiated using futex wait barrier. (259 threads)
[2025-04-25T12:54:19.468+0000][597.602s][info ][safepoint   ] Safepoint "Cleanup", Time since last: 1000131290 ns, Reaching safepoint: 172198 ns, Cleanup: 23115 ns, At safepoint: 12641 ns, Total: 207954 ns
[2025-04-25T12:54:28.414+0000][606.549s][debug][safepoint   ] Safepoint synchronization initiated using futex wait barrier. (258 threads)
[2025-04-25T12:54:28.414+0000][606.549s][info ][safepoint   ] Safepoint "Cleanup", Time since last: 8946501798 ns, Reaching safepoint: 100952 ns, Cleanup: 26969 ns, At safepoint: 9899 ns, Total: 137820 ns
[2025-04-25T12:54:30.414+0000][608.549s][debug][safepoint   ] Safepoint synchronization initiated using futex wait barrier. (258 threads)
[2025-04-25T12:54:30.415+0000][608.549s][info ][safepoint   ] Safepoint "Cleanup", Time since last: 2000171661 ns, Reaching safepoint: 84471 ns, Cleanup: 40241 ns, At safepoint: 9828 ns, Total: 134540 ns
[2025-04-25T12:54:35.415+0000][613.550s][debug][safepoint   ] Safepoint synchronization initiated using futex wait barrier. (258 threads)
[2025-04-25T12:54:35.415+0000][613.550s][info ][safepoint   ] Safepoint "Cleanup", Time since last: 5000679559 ns, Reaching safepoint: 124103 ns, Cleanup: 17258 ns, At safepoint: 13197 ns, Total: 154558 ns
[2025-04-25T12:54:38.416+0000][616.551s][debug][safepoint   ] Safepoint synchronization initiated using futex wait barrier. (258 threads)
[2025-04-25T12:54:38.416+0000][616.551s][info ][safepoint   ] Safepoint "Cleanup", Time since last: 3000367293 ns, Reaching safepoint: 113644 ns, Cleanup: 17336 ns, At safepoint: 10389 ns, Total: 141369 ns
[2025-04-25T12:54:47.417+0000][625.552s][debug][safepoint   ] Safepoint synchronization initiated using futex wait barrier. (258 threads)
[2025-04-25T12:54:47.417+0000][625.552s][info ][safepoint   ] Safepoint "Cleanup", Time since last: 9000921319 ns, Reaching safepoint: 69809 ns, Cleanup: 12433 ns, At safepoint: 5063 ns, Total: 87305 ns
[2025-04-25T12:54:55.418+0000][633.553s][debug][safepoint   ] Safepoint synchronization initiated using futex wait barrier. (258 threads)
[2025-04-25T12:54:55.418+0000][633.553s][info ][safepoint   ] Safepoint "Cleanup", Time since last: 8000841850 ns, Reaching safepoint: 121789 ns, Cleanup: 19473 ns, At safepoint: 9632 ns, Total: 150894 ns
[2025-04-25T12:54:56.418+0000][634.553s][debug][safepoint   ] Safepoint synchronization initiated using futex wait barrier. (258 threads)
[2025-04-25T12:54:56.418+0000][634.553s][info ][safepoint   ] Safepoint "Cleanup", Time since last: 1000109231 ns, Reaching safepoint: 91537 ns, Cleanup: 13125 ns, At safepoint: 5806 ns, Total: 110468 ns
[2025-04-25T12:55:00.419+0000][638.554s][debug][safepoint   ] Safepoint synchronization initiated using futex wait barrier. (258 threads)
[2025-04-25T12:55:00.419+0000][638.554s][info ][safepoint   ] Safepoint "Cleanup", Time since last: 4000897314 ns, Reaching safepoint: 157505 ns, Cleanup: 45632 ns, At safepoint: 24419 ns, Total: 227556 ns
[2025-04-25T12:55:03.420+0000][641.555s][debug][safepoint   ] Safepoint synchronization initiated using futex wait barrier. (257 threads)
[2025-04-25T12:55:03.420+0000][641.555s][info ][safepoint   ] Safepoint "Cleanup", Time since last: 3000675125 ns, Reaching safepoint: 138958 ns, Cleanup: 21823 ns, At safepoint: 13802 ns, Total: 174583 ns
[2025-04-25T12:55:04.420+0000][642.555s][debug][safepoint   ] Safepoint synchronization initiated using futex wait barrier. (257 threads)
[2025-04-25T12:55:04.421+0000][642.555s][info ][safepoint   ] Safepoint "Cleanup", Time since last: 1000195754 ns, Reaching safepoint: 275581 ns, Cleanup: 63391 ns, At safepoint: 22873 ns, Total: 361845 ns
[2025-04-25T12:55:05.422+0000][643.556s][debug][safepoint   ] Safepoint synchronization initiated using futex wait barrier. (257 threads)
[2025-04-25T12:55:05.423+0000][643.558s][info ][safepoint   ] Safepoint "Cleanup", Time since last: 1000940322 ns, Reaching safepoint: 1078972 ns, Cleanup: 74310 ns, At safepoint: 58703 ns, Total: 1211985 ns
[2025-04-25T12:55:09.423+0000][647.558s][debug][safepoint   ] Safepoint synchronization initiated using futex wait barrier. (256 threads)
[2025-04-25T12:55:09.423+0000][647.558s][info ][safepoint   ] Safepoint "Cleanup", Time since last: 4000472124 ns, Reaching safepoint: 88607 ns, Cleanup: 16848 ns, At safepoint: 4626 ns, Total: 110081 ns
[2025-04-25T12:55:13.425+0000][651.560s][debug][safepoint   ] Safepoint synchronization initiated using futex wait barrier. (256 threads)
[2025-04-25T12:55:13.426+0000][651.561s][info ][safepoint   ] Safepoint "Cleanup", Time since last: 4001552738 ns, Reaching safepoint: 894421 ns, Cleanup: 45242 ns, At safepoint: 417787 ns, Total: 1357450 ns
[2025-04-25T12:55:21.429+0000][659.564s][debug][safepoint   ] Safepoint synchronization initiated using futex wait barrier. (255 threads)
[2025-04-25T12:55:21.429+0000][659.564s][info ][safepoint   ] Safepoint "Cleanup", Time since last: 8002491866 ns, Reaching safepoint: 156969 ns, Cleanup: 29660 ns, At safepoint: 15167 ns, Total: 201796 ns
[2025-04-25T12:55:24.446+0000][662.581s][debug][safepoint   ] Safepoint synchronization initiated using futex wait barrier. (255 threads)
[2025-04-25T12:55:24.447+0000][662.582s][info ][safepoint   ] Safepoint "Cleanup", Time since last: 3017408055 ns, Reaching safepoint: 221168 ns, Cleanup: 40696 ns, At safepoint: 25665 ns, Total: 287529 ns
[2025-04-25T12:55:27.447+0000][665.582s][debug][safepoint   ] Safepoint synchronization initiated using futex wait barrier. (255 threads)
[2025-04-25T12:55:27.448+0000][665.582s][info ][safepoint   ] Safepoint "Cleanup", Time since last: 3000517828 ns, Reaching safepoint: 297668 ns, Cleanup: 34017 ns, At safepoint: 28604 ns, Total: 360289 ns
[2025-04-25T12:55:28.448+0000][666.583s][debug][safepoint   ] Safepoint synchronization initiated using futex wait barrier. (255 threads)
[2025-04-25T12:55:28.448+0000][666.583s][info ][safepoint   ] Safepoint "Cleanup", Time since last: 1000148277 ns, Reaching safepoint: 86856 ns, Cleanup: 16982 ns, At safepoint: 7924 ns, Total: 111762 ns
[2025-04-25T12:55:29.448+0000][667.583s][debug][safepoint   ] Safepoint synchronization initiated using futex wait barrier. (255 threads)
[2025-04-25T12:55:29.448+0000][667.583s][info ][safepoint   ] Safepoint "Cleanup", Time since last: 1000209089 ns, Reaching safepoint: 53337 ns, Cleanup: 8777 ns, At safepoint: 5329 ns, Total: 67443 ns
[2025-04-25T12:55:32.448+0000][670.583s][debug][safepoint   ] Safepoint synchronization initiated using futex wait barrier. (255 threads)
[2025-04-25T12:55:32.449+0000][670.583s][info ][safepoint   ] Safepoint "Cleanup", Time since last: 3000264782 ns, Reaching safepoint: 76647 ns, Cleanup: 14769 ns, At safepoint: 8951 ns, Total: 100367 ns
[2025-04-25T12:55:34.449+0000][672.584s][debug][safepoint   ] Safepoint synchronization initiated using futex wait barrier. (255 threads)
[2025-04-25T12:55:34.449+0000][672.584s][info ][safepoint   ] Safepoint "Cleanup", Time since last: 2000208090 ns, Reaching safepoint: 104238 ns, Cleanup: 13365 ns, At safepoint: 9189 ns, Total: 126792 ns
[2025-04-25T12:55:35.449+0000][673.584s][debug][safepoint   ] Safepoint synchronization initiated using futex wait barrier. (255 threads)
[2025-04-25T12:55:35.450+0000][673.584s][info ][safepoint   ] Safepoint "Cleanup", Time since last: 1000477591 ns, Reaching safepoint: 144984 ns, Cleanup: 27824 ns, At safepoint: 12211 ns, Total: 185019 ns
[2025-04-25T12:55:39.450+0000][677.585s][debug][safepoint   ] Safepoint synchronization initiated using futex wait barrier. (255 threads)
[2025-04-25T12:55:39.450+0000][677.585s][info ][safepoint   ] Safepoint "Cleanup", Time since last: 4000616257 ns, Reaching safepoint: 130961 ns, Cleanup: 30969 ns, At safepoint: 11189 ns, Total: 173119 ns
[2025-04-25T12:55:43.451+0000][681.585s][debug][safepoint   ] Safepoint synchronization initiated using futex wait barrier. (255 threads)
[2025-04-25T12:55:43.451+0000][681.586s][info ][safepoint   ] Safepoint "Cleanup", Time since last: 4000388530 ns, Reaching safepoint: 85794 ns, Cleanup: 14373 ns, At safepoint: 8213 ns, Total: 108380 ns
[2025-04-25T12:55:44.451+0000][682.586s][debug][safepoint   ] Safepoint synchronization initiated using futex wait barrier. (255 threads)
[2025-04-25T12:55:44.451+0000][682.586s][info ][safepoint   ] Safepoint "Cleanup", Time since last: 1000106606 ns, Reaching safepoint: 131763 ns, Cleanup: 18823 ns, At safepoint: 14598 ns, Total: 165184 ns
[2025-04-25T12:55:47.451+0000][685.586s][debug][safepoint   ] Safepoint synchronization initiated using futex wait barrier. (255 threads)
[2025-04-25T12:55:47.451+0000][685.586s][info ][safepoint   ] Safepoint "Cleanup", Time since last: 3000274885 ns, Reaching safepoint: 88867 ns, Cleanup: 20266 ns, At safepoint: 8614 ns, Total: 117747 ns
[2025-04-25T12:55:49.452+0000][687.586s][debug][safepoint   ] Safepoint synchronization initiated using futex wait barrier. (255 threads)
[2025-04-25T12:55:49.452+0000][687.587s][info ][safepoint   ] Safepoint "Cleanup", Time since last: 2000165473 ns, Reaching safepoint: 81204 ns, Cleanup: 16292 ns, At safepoint: 8235 ns, Total: 105731 ns
[2025-04-25T12:55:52.452+0000][690.587s][debug][safepoint   ] Safepoint synchronization initiated using futex wait barrier. (255 threads)
[2025-04-25T12:55:52.452+0000][690.587s][info ][safepoint   ] Safepoint "Cleanup", Time since last: 3000455509 ns, Reaching safepoint: 210494 ns, Cleanup: 30881 ns, At safepoint: 22551 ns, Total: 263926 ns
[2025-04-25T12:55:58.453+0000][696.588s][debug][safepoint   ] Safepoint synchronization initiated using futex wait barrier. (255 threads)
[2025-04-25T12:55:58.453+0000][696.588s][info ][safepoint   ] Safepoint "Cleanup", Time since last: 6000810225 ns, Reaching safepoint: 117364 ns, Cleanup: 16402 ns, At safepoint: 12317 ns, Total: 146083 ns
[2025-04-25T12:55:59.454+0000][697.588s][debug][safepoint   ] Safepoint synchronization initiated using futex wait barrier. (255 threads)
[2025-04-25T12:55:59.454+0000][697.589s][info ][safepoint   ] Safepoint "Cleanup", Time since last: 1000134795 ns, Reaching safepoint: 254057 ns, Cleanup: 31197 ns, At safepoint: 14734 ns, Total: 299988 ns
[2025-04-25T12:56:00.454+0000][698.589s][debug][safepoint   ] Safepoint synchronization initiated using futex wait barrier. (255 threads)
[2025-04-25T12:56:00.454+0000][698.589s][info ][safepoint   ] Safepoint "Cleanup", Time since last: 1000182026 ns, Reaching safepoint: 322493 ns, Cleanup: 72260 ns, At safepoint: 30642 ns, Total: 425395 ns
[2025-04-25T12:56:04.455+0000][702.590s][debug][safepoint   ] Safepoint synchronization initiated using futex wait barrier. (254 threads)
[2025-04-25T12:56:04.455+0000][702.590s][info ][safepoint   ] Safepoint "Cleanup", Time since last: 4000567779 ns, Reaching safepoint: 111125 ns, Cleanup: 39520 ns, At safepoint: 9237 ns, Total: 159882 ns
[2025-04-25T12:56:06.455+0000][704.590s][debug][safepoint   ] Safepoint synchronization initiated using futex wait barrier. (254 threads)
[2025-04-25T12:56:06.456+0000][704.590s][info ][safepoint   ] Safepoint "Cleanup", Time since last: 2000246920 ns, Reaching safepoint: 108558 ns, Cleanup: 17464 ns, At safepoint: 10845 ns, Total: 136867 ns
[2025-04-25T12:56:10.456+0000][708.591s][debug][safepoint   ] Safepoint synchronization initiated using futex wait barrier. (253 threads)
[2025-04-25T12:56:10.456+0000][708.591s][info ][safepoint   ] Safepoint "Cleanup", Time since last: 4000376866 ns, Reaching safepoint: 66857 ns, Cleanup: 12919 ns, At safepoint: 6525 ns, Total: 86301 ns
[2025-04-25T12:56:18.457+0000][716.591s][debug][safepoint   ] Safepoint synchronization initiated using futex wait barrier. (253 threads)
[2025-04-25T12:56:18.457+0000][716.592s][info ][safepoint   ] Safepoint "Cleanup", Time since last: 8000612177 ns, Reaching safepoint: 105754 ns, Cleanup: 10492 ns, At safepoint: 5705 ns, Total: 121951 ns
[2025-04-25T12:56:19.457+0000][717.592s][debug][safepoint   ] Safepoint synchronization initiated using futex wait barrier. (253 threads)
[2025-04-25T12:56:19.457+0000][717.592s][info ][safepoint   ] Safepoint "Cleanup", Time since last: 1000101699 ns, Reaching safepoint: 110701 ns, Cleanup: 19981 ns, At safepoint: 10993 ns, Total: 141675 ns
[2025-04-25T12:56:26.476+0000][724.611s][debug][safepoint   ] Safepoint synchronization initiated using futex wait barrier. (252 threads)
[2025-04-25T12:56:26.477+0000][724.611s][info ][safepoint   ] Safepoint "Cleanup", Time since last: 7019462910 ns, Reaching safepoint: 97996 ns, Cleanup: 16295 ns, At safepoint: 12965 ns, Total: 127256 ns
[2025-04-25T12:56:27.477+0000][725.611s][debug][safepoint   ] Safepoint synchronization initiated using futex wait barrier. (252 threads)
[2025-04-25T12:56:27.477+0000][725.612s][info ][safepoint   ] Safepoint "Cleanup", Time since last: 1000110596 ns, Reaching safepoint: 113124 ns, Cleanup: 17656 ns, At safepoint: 10313 ns, Total: 141093 ns
[2025-04-25T12:56:28.477+0000][726.612s][debug][safepoint   ] Safepoint synchronization initiated using futex wait barrier. (252 threads)
[2025-04-25T12:56:28.477+0000][726.612s][info ][safepoint   ] Safepoint "Cleanup", Time since last: 1000163814 ns, Reaching safepoint: 220504 ns, Cleanup: 35634 ns, At safepoint: 42596 ns, Total: 298734 ns
[2025-04-25T12:56:29.478+0000][727.612s][debug][safepoint   ] Safepoint synchronization initiated using futex wait barrier. (252 threads)
[2025-04-25T12:56:29.478+0000][727.613s][info ][safepoint   ] Safepoint "Cleanup", Time since last: 1000181799 ns, Reaching safepoint: 304677 ns, Cleanup: 58174 ns, At safepoint: 29040 ns, Total: 391891 ns
[2025-04-25T12:56:32.478+0000][730.613s][debug][safepoint   ] Safepoint synchronization initiated using futex wait barrier. (252 threads)
[2025-04-25T12:56:32.479+0000][730.613s][info ][safepoint   ] Safepoint "Cleanup", Time since last: 3000345524 ns, Reaching safepoint: 251397 ns, Cleanup: 17071 ns, At safepoint: 9765 ns, Total: 278233 ns
[2025-04-25T12:56:35.479+0000][733.614s][debug][safepoint   ] Safepoint synchronization initiated using futex wait barrier. (252 threads)
[2025-04-25T12:56:35.479+0000][733.614s][info ][safepoint   ] Safepoint "Cleanup", Time since last: 3000263921 ns, Reaching safepoint: 127550 ns, Cleanup: 27398 ns, At safepoint: 17861 ns, Total: 172809 ns
[2025-04-25T12:56:47.480+0000][745.615s][debug][safepoint   ] Safepoint synchronization initiated using futex wait barrier. (252 threads)
[2025-04-25T12:56:47.480+0000][745.615s][info ][safepoint   ] Safepoint "Cleanup", Time since last: 12001155593 ns, Reaching safepoint: 84926 ns, Cleanup: 22487 ns, At safepoint: 8740 ns, Total: 116153 ns
[2025-04-25T12:56:52.481+0000][750.615s][debug][safepoint   ] Safepoint synchronization initiated using futex wait barrier. (252 threads)
[2025-04-25T12:56:52.481+0000][750.615s][info ][safepoint   ] Safepoint "Cleanup", Time since last: 5000362411 ns, Reaching safepoint: 61033 ns, Cleanup: 8248 ns, At safepoint: 5199 ns, Total: 74480 ns
[2025-04-25T12:56:57.481+0000][755.616s][debug][safepoint   ] Safepoint synchronization initiated using futex wait barrier. (252 threads)
[2025-04-25T12:56:57.482+0000][755.616s][info ][safepoint   ] Safepoint "Cleanup", Time since last: 5000708229 ns, Reaching safepoint: 115364 ns, Cleanup: 19054 ns, At safepoint: 11740 ns, Total: 146158 ns
[2025-04-25T12:57:00.482+0000][758.617s][debug][safepoint   ] Safepoint synchronization initiated using futex wait barrier. (252 threads)
[2025-04-25T12:57:00.482+0000][758.617s][info ][safepoint   ] Safepoint "Cleanup", Time since last: 3000250932 ns, Reaching safepoint: 114762 ns, Cleanup: 17228 ns, At safepoint: 9558 ns, Total: 141548 ns
[2025-04-25T15:27:18.292+0000][762.014s][debug][safepoint   ] Safepoint synchronization initiated using futex wait barrier. (243 threads)
[2025-04-25T15:27:18.292+0000][762.014s][info ][safepoint   ] Safepoint "Cleanup", Time since last: 3396962972 ns, Reaching safepoint: 78021 ns, Cleanup: 17407 ns, At safepoint: 5573 ns, Total: 101001 ns
[2025-04-25T15:27:20.292+0000][764.014s][debug][safepoint   ] Safepoint synchronization initiated using futex wait barrier. (243 threads)
[2025-04-25T15:27:20.292+0000][764.014s][info ][safepoint   ] Safepoint "Cleanup", Time since last: 2000243562 ns, Reaching safepoint: 199421 ns, Cleanup: 224967 ns, At safepoint: 32640 ns, Total: 457028 ns
[2025-04-25T15:27:21.293+0000][765.015s][debug][safepoint   ] Safepoint synchronization initiated using futex wait barrier. (243 threads)
[2025-04-25T15:27:21.293+0000][765.015s][info ][safepoint   ] Safepoint "Cleanup", Time since last: 1000238678 ns, Reaching safepoint: 466008 ns, Cleanup: 73602 ns, At safepoint: 21961 ns, Total: 561571 ns
[2025-04-25T15:27:24.294+0000][768.016s][debug][safepoint   ] Safepoint synchronization initiated using futex wait barrier. (243 threads)
[2025-04-25T15:27:24.294+0000][768.016s][info ][safepoint   ] Safepoint "Cleanup", Time since last: 3000373282 ns, Reaching safepoint: 60834 ns, Cleanup: 8652 ns, At safepoint: 4872 ns, Total: 74358 ns
[2025-04-25T15:27:26.294+0000][770.016s][debug][safepoint   ] Safepoint synchronization initiated using futex wait barrier. (243 threads)
[2025-04-25T15:27:26.294+0000][770.016s][info ][safepoint   ] Safepoint "Cleanup", Time since last: 2000166926 ns, Reaching safepoint: 85205 ns, Cleanup: 18144 ns, At safepoint: 8063 ns, Total: 111412 ns
[2025-04-25T15:27:28.294+0000][772.016s][debug][safepoint   ] Safepoint synchronization initiated using futex wait barrier. (244 threads)
[2025-04-25T15:27:28.294+0000][772.017s][info ][safepoint   ] Safepoint "Cleanup", Time since last: 2000432542 ns, Reaching safepoint: 88329 ns, Cleanup: 17929 ns, At safepoint: 5600 ns, Total: 111858 ns
[2025-04-25T15:27:29.295+0000][773.017s][debug][safepoint   ] Safepoint synchronization initiated using futex wait barrier. (244 threads)
[2025-04-25T15:27:29.295+0000][773.017s][info ][safepoint   ] Safepoint "Cleanup", Time since last: 1000086791 ns, Reaching safepoint: 65012 ns, Cleanup: 9661 ns, At safepoint: 4012 ns, Total: 78685 ns
[2025-04-25T15:27:30.295+0000][774.017s][debug][safepoint   ] Safepoint synchronization initiated using futex wait barrier. (244 threads)
[2025-04-25T15:27:30.295+0000][774.017s][info ][safepoint   ] Safepoint "Cleanup", Time since last: 1000143302 ns, Reaching safepoint: 84314 ns, Cleanup: 17285 ns, At safepoint: 4049 ns, Total: 105648 ns
[2025-04-25T15:27:33.295+0000][777.017s][debug][safepoint   ] Safepoint synchronization initiated using futex wait barrier. (244 threads)
[2025-04-25T15:27:33.295+0000][777.017s][info ][safepoint   ] Safepoint "Cleanup", Time since last: 3000227957 ns, Reaching safepoint: 74342 ns, Cleanup: 15345 ns, At safepoint: 4992 ns, Total: 94679 ns
[2025-04-25T15:27:34.295+0000][778.017s][debug][safepoint   ] Safepoint synchronization initiated using futex wait barrier. (244 threads)
[2025-04-25T15:27:34.295+0000][778.017s][info ][safepoint   ] Safepoint "Cleanup", Time since last: 1000077535 ns, Reaching safepoint: 62778 ns, Cleanup: 11873 ns, At safepoint: 4209 ns, Total: 78860 ns
[2025-04-25T15:27:35.295+0000][779.018s][debug][safepoint   ] Safepoint synchronization initiated using futex wait barrier. (244 threads)
[2025-04-25T15:27:35.296+0000][779.018s][info ][safepoint   ] Safepoint "Cleanup", Time since last: 1000103427 ns, Reaching safepoint: 244897 ns, Cleanup: 19975 ns, At safepoint: 10927 ns, Total: 275799 ns
[2025-04-25T15:27:38.054+0000][781.776s][debug][safepoint   ] Safepoint synchronization initiated using futex wait barrier. (244 threads)
[2025-04-25T15:27:38.054+0000][781.777s][info ][safepoint   ] Safepoint "Cleanup", Time since last: 2758629464 ns, Reaching safepoint: 74315 ns, Cleanup: 10839 ns, At safepoint: 3821 ns, Total: 88975 ns
[2025-04-25T15:27:39.054+0000][782.777s][debug][safepoint   ] Safepoint synchronization initiated using futex wait barrier. (244 threads)
[2025-04-25T15:27:39.055+0000][782.777s][info ][safepoint   ] Safepoint "Cleanup", Time since last: 1000065868 ns, Reaching safepoint: 79312 ns, Cleanup: 13096 ns, At safepoint: 5033 ns, Total: 97441 ns
[2025-04-25T15:27:40.422+0000][784.144s][debug][safepoint   ] Safepoint synchronization initiated using futex wait barrier. (244 threads)
[2025-04-25T15:27:40.424+0000][784.146s][info ][safepoint   ] Safepoint "Cleanup", Time since last: 1367465740 ns, Reaching safepoint: 469014 ns, Cleanup: 14314 ns, At safepoint: 1138512 ns, Total: 1621840 ns
[2025-04-25T15:27:41.425+0000][785.147s][debug][safepoint   ] Safepoint synchronization initiated using futex wait barrier. (253 threads)
[2025-04-25T15:27:41.426+0000][785.148s][info ][safepoint   ] Safepoint "Cleanup", Time since last: 1000915714 ns, Reaching safepoint: 1053431 ns, Cleanup: 192515 ns, At safepoint: 117321 ns, Total: 1363267 ns
[2025-04-25T15:27:42.426+0000][786.148s][debug][safepoint   ] Safepoint synchronization initiated using futex wait barrier. (254 threads)
[2025-04-25T15:27:42.426+0000][786.148s][info ][safepoint   ] Safepoint "Cleanup", Time since last: 1000258792 ns, Reaching safepoint: 104719 ns, Cleanup: 45136 ns, At safepoint: 9417 ns, Total: 159272 ns
[2025-04-25T15:27:44.427+0000][788.149s][debug][safepoint   ] Safepoint synchronization initiated using futex wait barrier. (254 threads)
[2025-04-25T15:27:44.427+0000][788.149s][info ][safepoint   ] Safepoint "Cleanup", Time since last: 2000149586 ns, Reaching safepoint: 63805 ns, Cleanup: 10005 ns, At safepoint: 4006 ns, Total: 77816 ns
[2025-04-25T15:28:02.429+0000][806.151s][debug][safepoint   ] Safepoint synchronization initiated using futex wait barrier. (257 threads)
[2025-04-25T15:28:02.430+0000][806.153s][info ][safepoint   ] Safepoint "Cleanup", Time since last: 18002762423 ns, Reaching safepoint: 1024262 ns, Cleanup: 15981 ns, At safepoint: 10579 ns, Total: 1050822 ns
[2025-04-25T15:28:03.431+0000][807.153s][debug][safepoint   ] Safepoint synchronization initiated using futex wait barrier. (257 threads)
[2025-04-25T15:28:03.431+0000][807.153s][info ][safepoint   ] Safepoint "Cleanup", Time since last: 1000109285 ns, Reaching safepoint: 110177 ns, Cleanup: 47661 ns, At safepoint: 14931 ns, Total: 172769 ns
[2025-04-25T15:28:04.431+0000][808.153s][debug][safepoint   ] Safepoint synchronization initiated using futex wait barrier. (257 threads)
[2025-04-25T15:28:04.431+0000][808.153s][info ][safepoint   ] Safepoint "Cleanup", Time since last: 1000107122 ns, Reaching safepoint: 123984 ns, Cleanup: 10884 ns, At safepoint: 6399 ns, Total: 141267 ns
[2025-04-25T15:28:05.432+0000][809.154s][debug][safepoint   ] Safepoint synchronization initiated using futex wait barrier. (257 threads)
[2025-04-25T15:28:05.432+0000][809.154s][info ][safepoint   ] Safepoint "Cleanup", Time since last: 1000675605 ns, Reaching safepoint: 292189 ns, Cleanup: 37583 ns, At safepoint: 73371 ns, Total: 403143 ns
[2025-04-25T15:28:06.432+0000][810.154s][debug][safepoint   ] Safepoint synchronization initiated using futex wait barrier. (257 threads)
[2025-04-25T15:28:06.432+0000][810.154s][info ][safepoint   ] Safepoint "Cleanup", Time since last: 1000200576 ns, Reaching safepoint: 127676 ns, Cleanup: 17335 ns, At safepoint: 12001 ns, Total: 157012 ns
[2025-04-25T15:28:08.433+0000][812.155s][debug][safepoint   ] Safepoint synchronization initiated using futex wait barrier. (257 threads)
[2025-04-25T15:28:08.433+0000][812.155s][info ][safepoint   ] Safepoint "Cleanup", Time since last: 2000390227 ns, Reaching safepoint: 232981 ns, Cleanup: 22994 ns, At safepoint: 30892 ns, Total: 286867 ns
[2025-04-25T15:28:11.433+0000][815.156s][debug][safepoint   ] Safepoint synchronization initiated using futex wait barrier. (257 threads)
[2025-04-25T15:28:11.435+0000][815.157s][info ][safepoint   ] Safepoint "Cleanup", Time since last: 3000431909 ns, Reaching safepoint: 740194 ns, Cleanup: 103671 ns, At safepoint: 424804 ns, Total: 1268669 ns
[2025-04-25T15:28:14.438+0000][818.160s][debug][safepoint   ] Safepoint synchronization initiated using futex wait barrier. (258 threads)
[2025-04-25T15:28:14.438+0000][818.160s][info ][safepoint   ] Safepoint "Cleanup", Time since last: 3003038587 ns, Reaching safepoint: 470381 ns, Cleanup: 46592 ns, At safepoint: 22762 ns, Total: 539735 ns
[2025-04-25T15:28:15.439+0000][819.161s][debug][safepoint   ] Safepoint synchronization initiated using futex wait barrier. (258 threads)
[2025-04-25T15:28:15.439+0000][819.161s][info ][safepoint   ] Safepoint "Cleanup", Time since last: 1000288626 ns, Reaching safepoint: 86186 ns, Cleanup: 15901 ns, At safepoint: 6376 ns, Total: 108463 ns
[2025-04-25T15:28:16.440+0000][820.162s][debug][safepoint   ] Safepoint synchronization initiated using futex wait barrier. (258 threads)
[2025-04-25T15:28:16.441+0000][820.163s][info ][safepoint   ] Safepoint "Cleanup", Time since last: 1000954015 ns, Reaching safepoint: 1016865 ns, Cleanup: 38219 ns, At safepoint: 35228 ns, Total: 1090312 ns
[2025-04-25T15:28:18.441+0000][822.163s][debug][safepoint   ] Safepoint synchronization initiated using futex wait barrier. (258 threads)
[2025-04-25T15:28:18.441+0000][822.163s][info ][safepoint   ] Safepoint "Cleanup", Time since last: 2000335520 ns, Reaching safepoint: 124020 ns, Cleanup: 19494 ns, At safepoint: 10561 ns, Total: 154075 ns
[2025-04-25T15:28:19.442+0000][823.164s][debug][safepoint   ] Safepoint synchronization initiated using futex wait barrier. (258 threads)
[2025-04-25T15:28:19.442+0000][823.165s][info ][safepoint   ] Safepoint "Cleanup", Time since last: 1000577679 ns, Reaching safepoint: 500681 ns, Cleanup: 63824 ns, At safepoint: 26015 ns, Total: 590520 ns
[2025-04-25T15:28:22.443+0000][826.165s][debug][safepoint   ] Safepoint synchronization initiated using futex wait barrier. (258 threads)
[2025-04-25T15:28:22.443+0000][826.165s][info ][safepoint   ] Safepoint "Cleanup", Time since last: 3000393040 ns, Reaching safepoint: 89518 ns, Cleanup: 16537 ns, At safepoint: 7574 ns, Total: 113629 ns
[2025-04-25T15:28:24.443+0000][828.165s][debug][safepoint   ] Safepoint synchronization initiated using futex wait barrier. (258 threads)
[2025-04-25T15:28:24.443+0000][828.165s][info ][safepoint   ] Safepoint "Cleanup", Time since last: 2000194752 ns, Reaching safepoint: 54336 ns, Cleanup: 12610 ns, At safepoint: 4275 ns, Total: 71221 ns
[2025-04-25T15:28:26.443+0000][830.166s][debug][safepoint   ] Safepoint synchronization initiated using futex wait barrier. (258 threads)
[2025-04-25T15:28:26.444+0000][830.166s][info ][safepoint   ] Safepoint "Cleanup", Time since last: 2000229525 ns, Reaching safepoint: 58643 ns, Cleanup: 12357 ns, At safepoint: 5625 ns, Total: 76625 ns
[2025-04-25T15:28:27.444+0000][831.166s][debug][safepoint   ] Safepoint synchronization initiated using futex wait barrier. (258 threads)
[2025-04-25T15:28:27.444+0000][831.166s][info ][safepoint   ] Safepoint "Cleanup", Time since last: 1000141852 ns, Reaching safepoint: 66344 ns, Cleanup: 11643 ns, At safepoint: 5313 ns, Total: 83300 ns
[2025-04-25T15:28:28.444+0000][832.166s][debug][safepoint   ] Safepoint synchronization initiated using futex wait barrier. (258 threads)
[2025-04-25T15:28:28.444+0000][832.166s][info ][safepoint   ] Safepoint "Cleanup", Time since last: 1000125042 ns, Reaching safepoint: 74590 ns, Cleanup: 28338 ns, At safepoint: 34355 ns, Total: 137283 ns
[2025-04-25T15:28:29.444+0000][833.166s][debug][safepoint   ] Safepoint synchronization initiated using futex wait barrier. (258 threads)
[2025-04-25T15:28:29.444+0000][833.166s][info ][safepoint   ] Safepoint "Cleanup", Time since last: 1000130389 ns, Reaching safepoint: 162257 ns, Cleanup: 25668 ns, At safepoint: 11631 ns, Total: 199556 ns
[2025-04-25T15:28:30.444+0000][834.167s][debug][safepoint   ] Safepoint synchronization initiated using futex wait barrier. (258 threads)
[2025-04-25T15:28:30.445+0000][834.167s][info ][safepoint   ] Safepoint "Cleanup", Time since last: 1000107222 ns, Reaching safepoint: 107363 ns, Cleanup: 33114 ns, At safepoint: 8702 ns, Total: 149179 ns
[2025-04-25T15:28:47.091+0000][850.813s][debug][safepoint   ] Safepoint synchronization initiated using futex wait barrier. (258 threads)
[2025-04-25T15:28:47.091+0000][850.813s][info ][safepoint   ] Safepoint "Cleanup", Time since last: 16645934822 ns, Reaching safepoint: 97426 ns, Cleanup: 11430 ns, At safepoint: 7730 ns, Total: 116586 ns
[2025-04-25T15:28:48.091+0000][851.813s][debug][safepoint   ] Safepoint synchronization initiated using futex wait barrier. (258 threads)
[2025-04-25T15:28:48.091+0000][851.813s][info ][safepoint   ] Safepoint "Cleanup", Time since last: 1000088719 ns, Reaching safepoint: 89564 ns, Cleanup: 9963 ns, At safepoint: 7119 ns, Total: 106646 ns
[2025-04-25T15:28:49.091+0000][852.813s][debug][safepoint   ] Safepoint synchronization initiated using futex wait barrier. (258 threads)
[2025-04-25T15:28:49.091+0000][852.813s][info ][safepoint   ] Safepoint "Cleanup", Time since last: 1000185647 ns, Reaching safepoint: 82020 ns, Cleanup: 14743 ns, At safepoint: 6087 ns, Total: 102850 ns
[2025-04-25T15:28:52.091+0000][855.814s][debug][safepoint   ] Safepoint synchronization initiated using futex wait barrier. (258 threads)
[2025-04-25T15:28:52.092+0000][855.814s][info ][safepoint   ] Safepoint "Cleanup", Time since last: 3000370594 ns, Reaching safepoint: 240886 ns, Cleanup: 15772 ns, At safepoint: 9333 ns, Total: 265991 ns
[2025-04-25T15:28:53.092+0000][856.814s][debug][safepoint   ] Safepoint synchronization initiated using futex wait barrier. (258 threads)
[2025-04-25T15:28:53.092+0000][856.814s][info ][safepoint   ] Safepoint "Cleanup", Time since last: 1000097046 ns, Reaching safepoint: 163797 ns, Cleanup: 13993 ns, At safepoint: 5223 ns, Total: 183013 ns
[2025-04-25T15:28:55.092+0000][858.814s][debug][safepoint   ] Safepoint synchronization initiated using futex wait barrier. (258 threads)
[2025-04-25T15:28:55.092+0000][858.814s][info ][safepoint   ] Safepoint "Cleanup", Time since last: 2000154595 ns, Reaching safepoint: 61804 ns, Cleanup: 9726 ns, At safepoint: 4826 ns, Total: 76356 ns
[2025-04-25T15:28:56.092+0000][859.814s][debug][safepoint   ] Safepoint synchronization initiated using futex wait barrier. (258 threads)
[2025-04-25T15:28:56.092+0000][859.815s][info ][safepoint   ] Safepoint "Cleanup", Time since last: 1000083000 ns, Reaching safepoint: 91088 ns, Cleanup: 17053 ns, At safepoint: 25712 ns, Total: 133853 ns
[2025-04-25T15:29:03.093+0000][866.815s][debug][safepoint   ] Safepoint synchronization initiated using futex wait barrier. (258 threads)
[2025-04-25T15:29:03.093+0000][866.815s][info ][safepoint   ] Safepoint "Cleanup", Time since last: 7000746856 ns, Reaching safepoint: 126021 ns, Cleanup: 18288 ns, At safepoint: 15643 ns, Total: 159952 ns
[2025-04-25T15:29:04.094+0000][867.816s][debug][safepoint   ] Safepoint synchronization initiated using futex wait barrier. (258 threads)
[2025-04-25T15:29:04.094+0000][867.816s][info ][safepoint   ] Safepoint "Cleanup", Time since last: 1000139680 ns, Reaching safepoint: 104971 ns, Cleanup: 9901 ns, At safepoint: 4939 ns, Total: 119811 ns
[2025-04-25T15:29:06.094+0000][869.816s][debug][safepoint   ] Safepoint synchronization initiated using futex wait barrier. (258 threads)
[2025-04-25T15:29:06.094+0000][869.816s][info ][safepoint   ] Safepoint "Cleanup", Time since last: 2000250320 ns, Reaching safepoint: 130396 ns, Cleanup: 13735 ns, At safepoint: 11744 ns, Total: 155875 ns
[2025-04-25T15:29:11.095+0000][874.817s][debug][safepoint   ] Safepoint synchronization initiated using futex wait barrier. (258 threads)
[2025-04-25T15:29:11.095+0000][874.817s][info ][safepoint   ] Safepoint "Cleanup", Time since last: 5000797613 ns, Reaching safepoint: 166075 ns, Cleanup: 17909 ns, At safepoint: 14728 ns, Total: 198712 ns
[2025-04-25T15:29:14.096+0000][877.818s][debug][safepoint   ] Safepoint synchronization initiated using futex wait barrier. (258 threads)
[2025-04-25T15:29:14.096+0000][877.818s][info ][safepoint   ] Safepoint "Cleanup", Time since last: 3000627852 ns, Reaching safepoint: 109009 ns, Cleanup: 17054 ns, At safepoint: 10847 ns, Total: 136910 ns
[2025-04-25T15:29:15.096+0000][878.818s][debug][safepoint   ] Safepoint synchronization initiated using futex wait barrier. (258 threads)
[2025-04-25T15:29:15.096+0000][878.818s][info ][safepoint   ] Safepoint "Cleanup", Time since last: 1000171515 ns, Reaching safepoint: 136194 ns, Cleanup: 21461 ns, At safepoint: 15684 ns, Total: 173339 ns
[2025-04-25T15:29:22.098+0000][885.820s][debug][safepoint   ] Safepoint synchronization initiated using futex wait barrier. (258 threads)
[2025-04-25T15:29:22.098+0000][885.820s][info ][safepoint   ] Safepoint "Cleanup", Time since last: 7001377123 ns, Reaching safepoint: 274862 ns, Cleanup: 43691 ns, At safepoint: 29978 ns, Total: 348531 ns
[2025-04-25T15:29:28.099+0000][891.821s][debug][safepoint   ] Safepoint synchronization initiated using futex wait barrier. (258 threads)
[2025-04-25T15:29:28.099+0000][891.821s][info ][safepoint   ] Safepoint "Cleanup", Time since last: 6000638166 ns, Reaching safepoint: 104644 ns, Cleanup: 14786 ns, At safepoint: 10766 ns, Total: 130196 ns
[2025-04-25T15:29:33.099+0000][896.821s][debug][safepoint   ] Safepoint synchronization initiated using futex wait barrier. (258 threads)
[2025-04-25T15:29:33.099+0000][896.822s][info ][safepoint   ] Safepoint "Cleanup", Time since last: 5000554118 ns, Reaching safepoint: 203774 ns, Cleanup: 38392 ns, At safepoint: 18846 ns, Total: 261012 ns
[2025-04-25T15:29:34.100+0000][897.822s][debug][safepoint   ] Safepoint synchronization initiated using futex wait barrier. (258 threads)
[2025-04-25T15:29:34.100+0000][897.822s][info ][safepoint   ] Safepoint "Cleanup", Time since last: 1000253915 ns, Reaching safepoint: 53830 ns, Cleanup: 9983 ns, At safepoint: 4740 ns, Total: 68553 ns
[2025-04-25T15:29:37.100+0000][900.822s][debug][safepoint   ] Safepoint synchronization initiated using futex wait barrier. (258 threads)
[2025-04-25T15:29:37.100+0000][900.822s][info ][safepoint   ] Safepoint "Cleanup", Time since last: 3000302212 ns, Reaching safepoint: 116524 ns, Cleanup: 16970 ns, At safepoint: 7440 ns, Total: 140934 ns
[2025-04-25T15:29:39.114+0000][902.837s][debug][safepoint   ] Safepoint synchronization initiated using futex wait barrier. (258 threads)
[2025-04-25T15:29:39.115+0000][902.837s][info ][safepoint   ] Safepoint "Cleanup", Time since last: 2014227687 ns, Reaching safepoint: 92333 ns, Cleanup: 53211 ns, At safepoint: 10499 ns, Total: 156043 ns
[2025-04-25T15:29:40.115+0000][903.837s][debug][safepoint   ] Safepoint synchronization initiated using futex wait barrier. (258 threads)
[2025-04-25T15:29:40.115+0000][903.837s][info ][safepoint   ] Safepoint "Cleanup", Time since last: 1000180130 ns, Reaching safepoint: 153828 ns, Cleanup: 164085 ns, At safepoint: 33112 ns, Total: 351025 ns
[2025-04-25T15:29:44.116+0000][907.838s][debug][safepoint   ] Safepoint synchronization initiated using futex wait barrier. (257 threads)
[2025-04-25T15:29:44.116+0000][907.838s][info ][safepoint   ] Safepoint "Cleanup", Time since last: 4000618473 ns, Reaching safepoint: 280148 ns, Cleanup: 36847 ns, At safepoint: 36758 ns, Total: 353753 ns
[2025-04-25T15:29:45.116+0000][908.838s][debug][safepoint   ] Safepoint synchronization initiated using futex wait barrier. (257 threads)
[2025-04-25T15:29:45.117+0000][908.839s][info ][safepoint   ] Safepoint "Cleanup", Time since last: 1000227183 ns, Reaching safepoint: 116411 ns, Cleanup: 30794 ns, At safepoint: 11814 ns, Total: 159019 ns
[2025-04-25T15:29:46.119+0000][909.841s][debug][safepoint   ] Safepoint synchronization initiated using futex wait barrier. (257 threads)
[2025-04-25T15:29:46.126+0000][909.848s][info ][safepoint   ] Safepoint "Cleanup", Time since last: 1002529454 ns, Reaching safepoint: 1685251 ns, Cleanup: 45035 ns, At safepoint: 4816627 ns, Total: 6546913 ns
[2025-04-25T15:29:47.126+0000][910.848s][debug][safepoint   ] Safepoint synchronization initiated using futex wait barrier. (257 threads)
[2025-04-25T15:29:47.126+0000][910.848s][info ][safepoint   ] Safepoint "Cleanup", Time since last: 1000338449 ns, Reaching safepoint: 206746 ns, Cleanup: 23043 ns, At safepoint: 19758 ns, Total: 249547 ns
[2025-04-25T15:29:47.888+0000][911.610s][debug][safepoint   ] Safepoint synchronization initiated using futex wait barrier. (257 threads)
[2025-04-25T15:29:47.888+0000][911.610s][info ][gc,start    ] GC(64) Pause Young (Normal) (G1 Evacuation Pause)
[2025-04-25T15:29:47.888+0000][911.610s][info ][gc,task     ] GC(64) Using 4 workers of 4 for evacuation
[2025-04-25T15:29:47.941+0000][911.663s][info ][gc,phases   ] GC(64)   Pre Evacuate Collection Set: 0.3ms
[2025-04-25T15:29:47.941+0000][911.663s][info ][gc,phases   ] GC(64)   Merge Heap Roots: 0.3ms
[2025-04-25T15:29:47.941+0000][911.663s][info ][gc,phases   ] GC(64)   Evacuate Collection Set: 45.9ms
[2025-04-25T15:29:47.941+0000][911.663s][info ][gc,phases   ] GC(64)   Post Evacuate Collection Set: 6.0ms
[2025-04-25T15:29:47.941+0000][911.663s][info ][gc,phases   ] GC(64)   Other: 0.3ms
[2025-04-25T15:29:47.941+0000][911.663s][info ][gc,heap     ] GC(64) Eden regions: 548->0(548)
[2025-04-25T15:29:47.941+0000][911.663s][info ][gc,heap     ] GC(64) Survivor regions: 37->37(74)
[2025-04-25T15:29:47.941+0000][911.663s][info ][gc,heap     ] GC(64) Old regions: 158->158
[2025-04-25T15:29:47.941+0000][911.663s][info ][gc,heap     ] GC(64) Archive regions: 2->2
[2025-04-25T15:29:47.941+0000][911.663s][info ][gc,heap     ] GC(64) Humongous regions: 2->2
[2025-04-25T15:29:47.941+0000][911.663s][info ][gc,metaspace] GC(64) Metaspace: 196093K(197568K)->196093K(197568K) NonClass: 172621K(173376K)->172621K(173376K) Class: 23472K(24192K)->23472K(24192K)
[2025-04-25T15:29:47.941+0000][911.663s][info ][gc          ] GC(64) Pause Young (Normal) (G1 Evacuation Pause) 744M->197M(976M) 52.925ms
[2025-04-25T15:29:47.941+0000][911.663s][info ][gc,cpu      ] GC(64) User=0.14s Sys=0.00s Real=0.05s
[2025-04-25T15:29:47.942+0000][911.664s][info ][safepoint   ] Safepoint "G1CollectForAllocation", Time since last: 761854096 ns, Reaching safepoint: 134926 ns, Cleanup: 8606 ns, At safepoint: 53376461 ns, Total: 53519993 ns
[2025-04-25T15:29:48.942+0000][912.664s][debug][safepoint   ] Safepoint synchronization initiated using futex wait barrier. (257 threads)
[2025-04-25T15:29:48.942+0000][912.664s][info ][safepoint   ] Safepoint "Cleanup", Time since last: 1000135033 ns, Reaching safepoint: 99365 ns, Cleanup: 31257 ns, At safepoint: 13925 ns, Total: 144547 ns
[2025-04-25T15:29:49.942+0000][913.664s][debug][safepoint   ] Safepoint synchronization initiated using futex wait barrier. (257 threads)
[2025-04-25T15:29:49.943+0000][913.665s][info ][safepoint   ] Safepoint "Cleanup", Time since last: 1000193768 ns, Reaching safepoint: 745665 ns, Cleanup: 41019 ns, At safepoint: 60092 ns, Total: 846776 ns
[2025-04-25T15:29:50.943+0000][914.665s][debug][safepoint   ] Safepoint synchronization initiated using futex wait barrier. (257 threads)
[2025-04-25T15:29:50.946+0000][914.668s][info ][safepoint   ] Safepoint "Cleanup", Time since last: 1000312271 ns, Reaching safepoint: 463392 ns, Cleanup: 101734 ns, At safepoint: 2458656 ns, Total: 3023782 ns
[2025-04-25T15:29:51.948+0000][915.670s][debug][safepoint   ] Safepoint synchronization initiated using futex wait barrier. (257 threads)
[2025-04-25T15:29:51.949+0000][915.671s][info ][safepoint   ] Safepoint "Cleanup", Time since last: 1002133162 ns, Reaching safepoint: 211552 ns, Cleanup: 29831 ns, At safepoint: 21706 ns, Total: 263089 ns
[2025-04-25T15:29:52.949+0000][916.671s][debug][safepoint   ] Safepoint synchronization initiated using futex wait barrier. (257 threads)
[2025-04-25T15:29:52.949+0000][916.671s][info ][safepoint   ] Safepoint "Cleanup", Time since last: 1000170317 ns, Reaching safepoint: 157154 ns, Cleanup: 17848 ns, At safepoint: 12757 ns, Total: 187759 ns
[2025-04-25T15:29:53.949+0000][917.671s][debug][safepoint   ] Safepoint synchronization initiated using futex wait barrier. (257 threads)
[2025-04-25T15:29:53.949+0000][917.671s][info ][safepoint   ] Safepoint "Cleanup", Time since last: 1000146670 ns, Reaching safepoint: 93346 ns, Cleanup: 22215 ns, At safepoint: 7590 ns, Total: 123151 ns
[2025-04-25T15:29:58.950+0000][922.672s][debug][safepoint   ] Safepoint synchronization initiated using futex wait barrier. (257 threads)
[2025-04-25T15:29:58.951+0000][922.673s][info ][safepoint   ] Safepoint "Cleanup", Time since last: 5001007301 ns, Reaching safepoint: 418541 ns, Cleanup: 31964 ns, At safepoint: 55058 ns, Total: 505563 ns
[2025-04-25T15:30:01.951+0000][925.673s][debug][safepoint   ] Safepoint synchronization initiated using futex wait barrier. (257 threads)
[2025-04-25T15:30:01.951+0000][925.673s][info ][safepoint   ] Safepoint "Cleanup", Time since last: 3000519456 ns, Reaching safepoint: 65540 ns, Cleanup: 9821 ns, At safepoint: 5331 ns, Total: 80692 ns
[2025-04-25T15:30:03.952+0000][927.674s][debug][safepoint   ] Safepoint synchronization initiated using futex wait barrier. (257 threads)
[2025-04-25T15:30:03.952+0000][927.674s][info ][safepoint   ] Safepoint "Cleanup", Time since last: 2000702126 ns, Reaching safepoint: 269423 ns, Cleanup: 37292 ns, At safepoint: 24289 ns, Total: 331004 ns
[2025-04-25T15:30:04.954+0000][928.676s][debug][safepoint   ] Safepoint synchronization initiated using futex wait barrier. (257 threads)
[2025-04-25T15:30:04.956+0000][928.678s][info ][safepoint   ] Safepoint "Cleanup", Time since last: 1001923442 ns, Reaching safepoint: 961084 ns, Cleanup: 33365 ns, At safepoint: 257380 ns, Total: 1251829 ns
[2025-04-25T15:30:05.956+0000][929.679s][debug][safepoint   ] Safepoint synchronization initiated using futex wait barrier. (257 threads)
[2025-04-25T15:30:05.957+0000][929.679s][info ][safepoint   ] Safepoint "Cleanup", Time since last: 1000916621 ns, Reaching safepoint: 664421 ns, Cleanup: 65421 ns, At safepoint: 34110 ns, Total: 763952 ns
[2025-04-25T15:30:14.959+0000][938.681s][debug][safepoint   ] Safepoint synchronization initiated using futex wait barrier. (257 threads)
[2025-04-25T15:30:14.959+0000][938.681s][info ][safepoint   ] Safepoint "Cleanup", Time since last: 9001652548 ns, Reaching safepoint: 341384 ns, Cleanup: 25204 ns, At safepoint: 23634 ns, Total: 390222 ns
[2025-04-25T15:30:18.961+0000][942.683s][debug][safepoint   ] Safepoint synchronization initiated using futex wait barrier. (257 threads)
[2025-04-25T15:30:18.962+0000][942.684s][info ][safepoint   ] Safepoint "Cleanup", Time since last: 4001523929 ns, Reaching safepoint: 899243 ns, Cleanup: 30436 ns, At safepoint: 43653 ns, Total: 973332 ns
[2025-04-25T15:30:20.251+0000][943.973s][debug][safepoint   ] Safepoint synchronization initiated using futex wait barrier. (257 threads)
[2025-04-25T15:30:20.251+0000][943.973s][info ][safepoint   ] Safepoint "Cleanup", Time since last: 1289342114 ns, Reaching safepoint: 56273 ns, Cleanup: 41156 ns, At safepoint: 5293 ns, Total: 102722 ns
[2025-04-25T15:30:25.252+0000][948.974s][debug][safepoint   ] Safepoint synchronization initiated using futex wait barrier. (257 threads)
[2025-04-25T15:30:25.252+0000][948.974s][info ][safepoint   ] Safepoint "Cleanup", Time since last: 5000715339 ns, Reaching safepoint: 85257 ns, Cleanup: 11615 ns, At safepoint: 6405 ns, Total: 103277 ns
[2025-04-25T15:30:29.252+0000][952.975s][debug][safepoint   ] Safepoint synchronization initiated using futex wait barrier. (257 threads)
[2025-04-25T15:30:29.253+0000][952.975s][info ][safepoint   ] Safepoint "Cleanup", Time since last: 4000381678 ns, Reaching safepoint: 122763 ns, Cleanup: 18981 ns, At safepoint: 12959 ns, Total: 154703 ns
[2025-04-25T15:30:33.253+0000][956.975s][debug][safepoint   ] Safepoint synchronization initiated using futex wait barrier. (257 threads)
[2025-04-25T15:30:33.253+0000][956.975s][info ][safepoint   ] Safepoint "Cleanup", Time since last: 4000453554 ns, Reaching safepoint: 133268 ns, Cleanup: 17734 ns, At safepoint: 13480 ns, Total: 164482 ns
[2025-04-25T15:30:34.253+0000][957.975s][debug][safepoint   ] Safepoint synchronization initiated using futex wait barrier. (257 threads)
[2025-04-25T15:30:34.254+0000][957.976s][info ][safepoint   ] Safepoint "Cleanup", Time since last: 1000188381 ns, Reaching safepoint: 186650 ns, Cleanup: 33139 ns, At safepoint: 20573 ns, Total: 240362 ns
[2025-04-25T15:30:36.256+0000][959.978s][debug][safepoint   ] Safepoint synchronization initiated using futex wait barrier. (257 threads)
[2025-04-25T15:30:36.256+0000][959.978s][info ][safepoint   ] Safepoint "Cleanup", Time since last: 2001994998 ns, Reaching safepoint: 250323 ns, Cleanup: 40407 ns, At safepoint: 31743 ns, Total: 322473 ns
[2025-04-25T15:30:40.152+0000][963.874s][debug][safepoint   ] Safepoint synchronization initiated using futex wait barrier. (256 threads)
[2025-04-25T15:30:40.152+0000][963.874s][info ][safepoint   ] Safepoint "Cleanup", Time since last: 3896164691 ns, Reaching safepoint: 152253 ns, Cleanup: 19322 ns, At safepoint: 19351 ns, Total: 190926 ns
[2025-04-25T15:30:45.154+0000][968.877s][debug][safepoint   ] Safepoint synchronization initiated using futex wait barrier. (255 threads)
[2025-04-25T15:30:45.155+0000][968.877s][info ][safepoint   ] Safepoint "Cleanup", Time since last: 5002139043 ns, Reaching safepoint: 212491 ns, Cleanup: 28069 ns, At safepoint: 20598 ns, Total: 261158 ns
[2025-04-25T15:30:52.156+0000][975.878s][debug][safepoint   ] Safepoint synchronization initiated using futex wait barrier. (255 threads)
[2025-04-25T15:30:52.156+0000][975.878s][info ][safepoint   ] Safepoint "Cleanup", Time since last: 7001044958 ns, Reaching safepoint: 310311 ns, Cleanup: 42607 ns, At safepoint: 51292 ns, Total: 404210 ns
[2025-04-25T15:30:55.157+0000][978.879s][debug][safepoint   ] Safepoint synchronization initiated using futex wait barrier. (255 threads)
[2025-04-25T15:30:55.157+0000][978.879s][info ][safepoint   ] Safepoint "Cleanup", Time since last: 3000561399 ns, Reaching safepoint: 209565 ns, Cleanup: 33225 ns, At safepoint: 71983 ns, Total: 314773 ns
[2025-04-25T15:30:56.157+0000][979.879s][debug][safepoint   ] Safepoint synchronization initiated using futex wait barrier. (255 threads)
[2025-04-25T15:30:56.157+0000][979.880s][info ][safepoint   ] Safepoint "Cleanup", Time since last: 1000189208 ns, Reaching safepoint: 183613 ns, Cleanup: 37349 ns, At safepoint: 23023 ns, Total: 243985 ns
[2025-04-25T15:30:59.158+0000][982.880s][debug][safepoint   ] Safepoint synchronization initiated using futex wait barrier. (259 threads)
[2025-04-25T15:30:59.158+0000][982.880s][info ][safepoint   ] Safepoint "Cleanup", Time since last: 3000321517 ns, Reaching safepoint: 82035 ns, Cleanup: 85470 ns, At safepoint: 8278 ns, Total: 175783 ns
[2025-04-25T15:31:01.158+0000][984.880s][debug][safepoint   ] Safepoint synchronization initiated using futex wait barrier. (259 threads)
[2025-04-25T15:31:01.158+0000][984.881s][info ][safepoint   ] Safepoint "Cleanup", Time since last: 2000237521 ns, Reaching safepoint: 222414 ns, Cleanup: 22343 ns, At safepoint: 16129 ns, Total: 260886 ns
[2025-04-25T15:31:03.159+0000][986.881s][debug][safepoint   ] Safepoint synchronization initiated using futex wait barrier. (259 threads)
[2025-04-25T15:31:03.159+0000][986.881s][info ][safepoint   ] Safepoint "Cleanup", Time since last: 2000349954 ns, Reaching safepoint: 257229 ns, Cleanup: 27369 ns, At safepoint: 22925 ns, Total: 307523 ns
[2025-04-25T15:31:04.159+0000][987.881s][debug][safepoint   ] Safepoint synchronization initiated using futex wait barrier. (259 threads)
[2025-04-25T15:31:04.159+0000][987.881s][info ][safepoint   ] Safepoint "Cleanup", Time since last: 1000137462 ns, Reaching safepoint: 109148 ns, Cleanup: 13748 ns, At safepoint: 6499 ns, Total: 129395 ns
[2025-04-25T15:31:09.160+0000][992.883s][debug][safepoint   ] Safepoint synchronization initiated using futex wait barrier. (259 threads)
[2025-04-25T15:31:09.162+0000][992.884s][info ][safepoint   ] Safepoint "Cleanup", Time since last: 5001117525 ns, Reaching safepoint: 1509488 ns, Cleanup: 35873 ns, At safepoint: 302786 ns, Total: 1848147 ns
[2025-04-25T15:31:10.163+0000][993.885s][debug][safepoint   ] Safepoint synchronization initiated using futex wait barrier. (259 threads)
[2025-04-25T15:31:10.163+0000][993.885s][info ][safepoint   ] Safepoint "Cleanup", Time since last: 1000433337 ns, Reaching safepoint: 95353 ns, Cleanup: 17093 ns, At safepoint: 13154 ns, Total: 125600 ns
[2025-04-25T15:31:16.164+0000][999.886s][debug][safepoint   ] Safepoint synchronization initiated using futex wait barrier. (259 threads)
[2025-04-25T15:31:16.164+0000][999.886s][info ][safepoint   ] Safepoint "Cleanup", Time since last: 6000757146 ns, Reaching safepoint: 243120 ns, Cleanup: 34912 ns, At safepoint: 26320 ns, Total: 304352 ns
[2025-04-25T15:31:18.164+0000][1001.886s][debug][safepoint   ] Safepoint synchronization initiated using futex wait barrier. (259 threads)
[2025-04-25T15:31:18.165+0000][1001.887s][info ][safepoint   ] Safepoint "Cleanup", Time since last: 2000296810 ns, Reaching safepoint: 258150 ns, Cleanup: 30241 ns, At safepoint: 30978 ns, Total: 319369 ns
[2025-04-25T15:31:25.165+0000][1008.887s][debug][safepoint   ] Safepoint synchronization initiated using futex wait barrier. (259 threads)
[2025-04-25T15:31:25.166+0000][1008.888s][info ][safepoint   ] Safepoint "Cleanup", Time since last: 7000819558 ns, Reaching safepoint: 242645 ns, Cleanup: 34164 ns, At safepoint: 31947 ns, Total: 308756 ns
[2025-04-25T15:31:31.166+0000][1014.888s][debug][safepoint   ] Safepoint synchronization initiated using futex wait barrier. (259 threads)
[2025-04-25T15:31:31.167+0000][1014.889s][info ][safepoint   ] Safepoint "Cleanup", Time since last: 6000659997 ns, Reaching safepoint: 128544 ns, Cleanup: 17230 ns, At safepoint: 9862 ns, Total: 155636 ns
[2025-04-25T15:31:35.167+0000][1018.889s][debug][safepoint   ] Safepoint synchronization initiated using futex wait barrier. (259 threads)
[2025-04-25T15:31:35.167+0000][1018.889s][info ][safepoint   ] Safepoint "Cleanup", Time since last: 4000640777 ns, Reaching safepoint: 57783 ns, Cleanup: 48707 ns, At safepoint: 8289 ns, Total: 114779 ns
[2025-04-25T15:31:37.168+0000][1020.890s][debug][safepoint   ] Safepoint synchronization initiated using futex wait barrier. (259 threads)
[2025-04-25T15:31:37.168+0000][1020.890s][info ][safepoint   ] Safepoint "Cleanup", Time since last: 2000261984 ns, Reaching safepoint: 205544 ns, Cleanup: 33017 ns, At safepoint: 30228 ns, Total: 268789 ns
[2025-04-25T15:31:45.189+0000][1028.911s][debug][safepoint   ] Safepoint synchronization initiated using futex wait barrier. (258 threads)
[2025-04-25T15:31:45.189+0000][1028.911s][info ][safepoint   ] Safepoint "Cleanup", Time since last: 8020928929 ns, Reaching safepoint: 294867 ns, Cleanup: 31981 ns, At safepoint: 33001 ns, Total: 359849 ns
[2025-04-25T15:31:51.190+0000][1034.913s][debug][safepoint   ] Safepoint synchronization initiated using futex wait barrier. (258 threads)
[2025-04-25T15:31:51.191+0000][1034.913s][info ][safepoint   ] Safepoint "Cleanup", Time since last: 6001341198 ns, Reaching safepoint: 257569 ns, Cleanup: 34593 ns, At safepoint: 86070 ns, Total: 378232 ns
[2025-04-25T15:31:53.191+0000][1036.913s][debug][safepoint   ] Safepoint synchronization initiated using futex wait barrier. (258 threads)
[2025-04-25T15:31:53.192+0000][1036.914s][info ][safepoint   ] Safepoint "Cleanup", Time since last: 2000455263 ns, Reaching safepoint: 244686 ns, Cleanup: 33084 ns, At safepoint: 31259 ns, Total: 309029 ns
[2025-04-25T15:31:55.192+0000][1038.914s][debug][safepoint   ] Safepoint synchronization initiated using futex wait barrier. (258 threads)
[2025-04-25T15:31:55.192+0000][1038.914s][info ][safepoint   ] Safepoint "Cleanup", Time since last: 2000378873 ns, Reaching safepoint: 320775 ns, Cleanup: 40641 ns, At safepoint: 35042 ns, Total: 396458 ns
[2025-04-25T15:32:03.194+0000][1046.916s][debug][safepoint   ] Safepoint synchronization initiated using futex wait barrier. (258 threads)
[2025-04-25T15:32:03.194+0000][1046.916s][info ][safepoint   ] Safepoint "Cleanup", Time since last: 8001299494 ns, Reaching safepoint: 225748 ns, Cleanup: 29939 ns, At safepoint: 23735 ns, Total: 279422 ns
[2025-04-25T15:32:33.199+0000][1076.921s][debug][safepoint   ] Safepoint synchronization initiated using futex wait barrier. (258 threads)
[2025-04-25T15:32:33.199+0000][1076.921s][info ][safepoint   ] Safepoint "Cleanup", Time since last: 30004701610 ns, Reaching safepoint: 65693 ns, Cleanup: 9359 ns, At safepoint: 4472 ns, Total: 79524 ns
[2025-04-25T15:32:34.199+0000][1077.921s][debug][safepoint   ] Safepoint synchronization initiated using futex wait barrier. (258 threads)
[2025-04-25T15:32:34.199+0000][1077.921s][info ][safepoint   ] Safepoint "Cleanup", Time since last: 1000209644 ns, Reaching safepoint: 260678 ns, Cleanup: 32244 ns, At safepoint: 26852 ns, Total: 319774 ns
[2025-04-25T15:32:36.200+0000][1079.922s][debug][safepoint   ] Safepoint synchronization initiated using futex wait barrier. (256 threads)
[2025-04-25T15:32:36.200+0000][1079.922s][info ][safepoint   ] Safepoint "Cleanup", Time since last: 2000432712 ns, Reaching safepoint: 71571 ns, Cleanup: 10294 ns, At safepoint: 8043 ns, Total: 89908 ns
[2025-04-25T15:32:43.054+0000][1086.776s][debug][safepoint   ] Safepoint synchronization initiated using futex wait barrier. (255 threads)
[2025-04-25T15:32:43.054+0000][1086.776s][info ][safepoint   ] Safepoint "Cleanup", Time since last: 6854253958 ns, Reaching safepoint: 72462 ns, Cleanup: 27276 ns, At safepoint: 6708 ns, Total: 106446 ns
[2025-04-25T15:32:44.054+0000][1087.776s][debug][safepoint   ] Safepoint synchronization initiated using futex wait barrier. (255 threads)
[2025-04-25T15:32:44.054+0000][1087.776s][info ][safepoint   ] Safepoint "Cleanup", Time since last: 1000103277 ns, Reaching safepoint: 128849 ns, Cleanup: 20466 ns, At safepoint: 11748 ns, Total: 161063 ns
[2025-04-25T15:32:56.061+0000][1099.783s][debug][safepoint   ] Safepoint synchronization initiated using futex wait barrier. (255 threads)
[2025-04-25T15:32:56.061+0000][1099.783s][info ][safepoint   ] Safepoint "Cleanup", Time since last: 12006355332 ns, Reaching safepoint: 307143 ns, Cleanup: 38834 ns, At safepoint: 50584 ns, Total: 396561 ns
[2025-04-25T15:32:57.062+0000][1100.784s][debug][safepoint   ] Safepoint synchronization initiated using futex wait barrier. (255 threads)
[2025-04-25T15:32:57.062+0000][1100.784s][info ][safepoint   ] Safepoint "Cleanup", Time since last: 1000360645 ns, Reaching safepoint: 312899 ns, Cleanup: 41114 ns, At safepoint: 31658 ns, Total: 385671 ns
[2025-04-25T15:32:58.063+0000][1101.785s][debug][safepoint   ] Safepoint synchronization initiated using futex wait barrier. (256 threads)
[2025-04-25T15:32:58.063+0000][1101.785s][info ][safepoint   ] Safepoint "Cleanup", Time since last: 1000997849 ns, Reaching safepoint: 289070 ns, Cleanup: 26911 ns, At safepoint: 43818 ns, Total: 359799 ns
[2025-04-25T15:32:59.063+0000][1102.786s][debug][safepoint   ] Safepoint synchronization initiated using futex wait barrier. (256 threads)
[2025-04-25T15:32:59.064+0000][1102.786s][info ][safepoint   ] Safepoint "Cleanup", Time since last: 1000190986 ns, Reaching safepoint: 101847 ns, Cleanup: 15490 ns, At safepoint: 9664 ns, Total: 127001 ns
[2025-04-25T15:33:01.065+0000][1104.787s][debug][safepoint   ] Safepoint synchronization initiated using futex wait barrier. (256 threads)
[2025-04-25T15:33:01.066+0000][1104.788s][info ][safepoint   ] Safepoint "Cleanup", Time since last: 2001615538 ns, Reaching safepoint: 288050 ns, Cleanup: 70374 ns, At safepoint: 53501 ns, Total: 411925 ns
[2025-04-25T15:33:07.067+0000][1110.789s][debug][safepoint   ] Safepoint synchronization initiated using futex wait barrier. (256 threads)
[2025-04-25T15:33:07.067+0000][1110.789s][info ][safepoint   ] Safepoint "Cleanup", Time since last: 6000920003 ns, Reaching safepoint: 84909 ns, Cleanup: 11503 ns, At safepoint: 6436 ns, Total: 102848 ns
[2025-04-25T15:33:16.068+0000][1119.790s][debug][safepoint   ] Safepoint synchronization initiated using futex wait barrier. (256 threads)
[2025-04-25T15:33:16.068+0000][1119.790s][info ][safepoint   ] Safepoint "Cleanup", Time since last: 9001007856 ns, Reaching safepoint: 72939 ns, Cleanup: 9680 ns, At safepoint: 5346 ns, Total: 87965 ns
[2025-04-25T15:33:17.068+0000][1120.790s][debug][safepoint   ] Safepoint synchronization initiated using futex wait barrier. (256 threads)
[2025-04-25T15:33:17.068+0000][1120.790s][info ][safepoint   ] Safepoint "Cleanup", Time since last: 1000223370 ns, Reaching safepoint: 236619 ns, Cleanup: 38857 ns, At safepoint: 24034 ns, Total: 299510 ns
[2025-04-25T15:33:25.069+0000][1128.791s][debug][safepoint   ] Safepoint synchronization initiated using futex wait barrier. (256 threads)
[2025-04-25T15:33:25.070+0000][1128.792s][info ][safepoint   ] Safepoint "Cleanup", Time since last: 8001092082 ns, Reaching safepoint: 309593 ns, Cleanup: 35497 ns, At safepoint: 28714 ns, Total: 373804 ns
[2025-04-25T15:33:47.259+0000][1150.982s][debug][safepoint   ] Safepoint synchronization initiated using futex wait barrier. (253 threads)
[2025-04-25T15:33:47.260+0000][1150.982s][info ][safepoint   ] Safepoint "Cleanup", Time since last: 22189717169 ns, Reaching safepoint: 203724 ns, Cleanup: 33007 ns, At safepoint: 21431 ns, Total: 258162 ns
[2025-04-25T15:33:54.261+0000][1157.983s][debug][safepoint   ] Safepoint synchronization initiated using futex wait barrier. (253 threads)
[2025-04-25T15:33:54.261+0000][1157.983s][info ][safepoint   ] Safepoint "Cleanup", Time since last: 7000975432 ns, Reaching safepoint: 285360 ns, Cleanup: 34186 ns, At safepoint: 74337 ns, Total: 393883 ns
[2025-04-25T15:33:58.261+0000][1161.984s][debug][safepoint   ] Safepoint synchronization initiated using futex wait barrier. (253 threads)
[2025-04-25T15:33:58.262+0000][1161.984s][info ][safepoint   ] Safepoint "Cleanup", Time since last: 4000394108 ns, Reaching safepoint: 92716 ns, Cleanup: 12867 ns, At safepoint: 9248 ns, Total: 114831 ns
[2025-04-25T15:33:59.262+0000][1162.984s][debug][safepoint   ] Safepoint synchronization initiated using futex wait barrier. (253 threads)
[2025-04-25T15:33:59.262+0000][1162.984s][info ][safepoint   ] Safepoint "Cleanup", Time since last: 1000086699 ns, Reaching safepoint: 61908 ns, Cleanup: 11104 ns, At safepoint: 3811 ns, Total: 76823 ns
[2025-04-25T15:34:00.262+0000][1163.984s][debug][safepoint   ] Safepoint synchronization initiated using futex wait barrier. (253 threads)
[2025-04-25T15:34:00.262+0000][1163.984s][info ][safepoint   ] Safepoint "Cleanup", Time since last: 1000104835 ns, Reaching safepoint: 105208 ns, Cleanup: 17914 ns, At safepoint: 11679 ns, Total: 134801 ns
[2025-04-25T15:34:01.262+0000][1164.984s][debug][safepoint   ] Safepoint synchronization initiated using futex wait barrier. (253 threads)
[2025-04-25T15:34:01.262+0000][1164.984s][info ][safepoint   ] Safepoint "Cleanup", Time since last: 1000116694 ns, Reaching safepoint: 56031 ns, Cleanup: 9847 ns, At safepoint: 4755 ns, Total: 70633 ns
[2025-04-25T15:34:02.262+0000][1165.984s][debug][safepoint   ] Safepoint synchronization initiated using futex wait barrier. (253 threads)
[2025-04-25T15:34:02.262+0000][1165.985s][info ][safepoint   ] Safepoint "Cleanup", Time since last: 1000113647 ns, Reaching safepoint: 188266 ns, Cleanup: 28541 ns, At safepoint: 21145 ns, Total: 237952 ns
[2025-04-25T15:34:04.263+0000][1167.985s][debug][safepoint   ] Safepoint synchronization initiated using futex wait barrier. (253 threads)
[2025-04-25T15:34:04.263+0000][1167.985s][info ][safepoint   ] Safepoint "Cleanup", Time since last: 2000275204 ns, Reaching safepoint: 240533 ns, Cleanup: 66233 ns, At safepoint: 36455 ns, Total: 343221 ns
[2025-04-25T15:34:18.265+0000][1181.987s][debug][safepoint   ] Safepoint synchronization initiated using futex wait barrier. (253 threads)
[2025-04-25T15:34:18.265+0000][1181.987s][info ][safepoint   ] Safepoint "Cleanup", Time since last: 14001903165 ns, Reaching safepoint: 215609 ns, Cleanup: 28836 ns, At safepoint: 22412 ns, Total: 266857 ns
[2025-04-25T15:34:21.266+0000][1184.988s][debug][safepoint   ] Safepoint synchronization initiated using futex wait barrier. (253 threads)
[2025-04-25T15:34:21.266+0000][1184.988s][info ][safepoint   ] Safepoint "Cleanup", Time since last: 3000456432 ns, Reaching safepoint: 214764 ns, Cleanup: 84617 ns, At safepoint: 36519 ns, Total: 335900 ns
[2025-04-25T15:34:23.266+0000][1186.989s][debug][safepoint   ] Safepoint synchronization initiated using futex wait barrier. (253 threads)
[2025-04-25T15:34:23.267+0000][1186.989s][info ][safepoint   ] Safepoint "Cleanup", Time since last: 2000341688 ns, Reaching safepoint: 250565 ns, Cleanup: 31733 ns, At safepoint: 27601 ns, Total: 309899 ns
[2025-04-25T15:34:27.267+0000][1190.989s][debug][safepoint   ] Safepoint synchronization initiated using futex wait barrier. (253 threads)
[2025-04-25T15:34:27.268+0000][1190.990s][info ][safepoint   ] Safepoint "Cleanup", Time since last: 4000536471 ns, Reaching safepoint: 269173 ns, Cleanup: 36199 ns, At safepoint: 45251 ns, Total: 350623 ns
[2025-04-25T15:34:37.269+0000][1200.991s][debug][safepoint   ] Safepoint synchronization initiated using futex wait barrier. (251 threads)
[2025-04-25T15:34:37.269+0000][1200.991s][info ][safepoint   ] Safepoint "Cleanup", Time since last: 10001048472 ns, Reaching safepoint: 224715 ns, Cleanup: 42743 ns, At safepoint: 26109 ns, Total: 293567 ns
[2025-04-25T15:34:41.294+0000][1205.016s][debug][safepoint   ] Safepoint synchronization initiated using futex wait barrier. (250 threads)
[2025-04-25T15:34:41.295+0000][1205.017s][info ][safepoint   ] Safepoint "Cleanup", Time since last: 4025342529 ns, Reaching safepoint: 211672 ns, Cleanup: 28595 ns, At safepoint: 27665 ns, Total: 267932 ns
[2025-04-25T15:34:42.295+0000][1206.017s][debug][safepoint   ] Safepoint synchronization initiated using futex wait barrier. (250 threads)
[2025-04-25T15:34:42.295+0000][1206.017s][info ][safepoint   ] Safepoint "Cleanup", Time since last: 1000163747 ns, Reaching safepoint: 140845 ns, Cleanup: 24687 ns, At safepoint: 17564 ns, Total: 183096 ns
[2025-04-25T15:34:45.295+0000][1209.017s][debug][safepoint   ] Safepoint synchronization initiated using futex wait barrier. (250 threads)
[2025-04-25T15:34:45.295+0000][1209.017s][info ][safepoint   ] Safepoint "Cleanup", Time since last: 3000274347 ns, Reaching safepoint: 98665 ns, Cleanup: 10940 ns, At safepoint: 5557 ns, Total: 115162 ns
[2025-04-25T15:34:54.300+0000][1218.022s][debug][safepoint   ] Safepoint synchronization initiated using futex wait barrier. (250 threads)
[2025-04-25T15:34:54.300+0000][1218.022s][info ][safepoint   ] Safepoint "Cleanup", Time since last: 9004745540 ns, Reaching safepoint: 80455 ns, Cleanup: 13989 ns, At safepoint: 7251 ns, Total: 101695 ns
[2025-04-25T15:34:55.300+0000][1219.022s][debug][safepoint   ] Safepoint synchronization initiated using futex wait barrier. (250 threads)
[2025-04-25T15:34:55.301+0000][1219.023s][info ][safepoint   ] Safepoint "Cleanup", Time since last: 1000119021 ns, Reaching safepoint: 325776 ns, Cleanup: 14923 ns, At safepoint: 11166 ns, Total: 351865 ns
[2025-04-25T15:34:56.301+0000][1220.023s][debug][safepoint   ] Safepoint synchronization initiated using futex wait barrier. (250 threads)
[2025-04-25T15:34:56.301+0000][1220.023s][info ][safepoint   ] Safepoint "Cleanup", Time since last: 1000132807 ns, Reaching safepoint: 110841 ns, Cleanup: 14727 ns, At safepoint: 9761 ns, Total: 135329 ns
[2025-04-25T15:35:07.302+0000][1231.024s][debug][safepoint   ] Safepoint synchronization initiated using futex wait barrier. (250 threads)
[2025-04-25T15:35:07.302+0000][1231.024s][info ][safepoint   ] Safepoint "Cleanup", Time since last: 11001109772 ns, Reaching safepoint: 98296 ns, Cleanup: 16520 ns, At safepoint: 17348 ns, Total: 132164 ns
[2025-04-25T15:35:24.304+0000][1248.026s][debug][safepoint   ] Safepoint synchronization initiated using futex wait barrier. (250 threads)
[2025-04-25T15:35:24.305+0000][1248.027s][info ][safepoint   ] Safepoint "Cleanup", Time since last: 17001992672 ns, Reaching safepoint: 196745 ns, Cleanup: 54406 ns, At safepoint: 37007 ns, Total: 288158 ns
[2025-04-25T15:35:25.305+0000][1249.027s][debug][safepoint   ] Safepoint synchronization initiated using futex wait barrier. (250 threads)
[2025-04-25T15:35:25.305+0000][1249.027s][info ][safepoint   ] Safepoint "Cleanup", Time since last: 1000397744 ns, Reaching safepoint: 70410 ns, Cleanup: 66413 ns, At safepoint: 7131 ns, Total: 143954 ns
[2025-04-25T15:35:26.305+0000][1250.027s][debug][safepoint   ] Safepoint synchronization initiated using futex wait barrier. (250 threads)
[2025-04-25T15:35:26.305+0000][1250.027s][info ][safepoint   ] Safepoint "Cleanup", Time since last: 1000154931 ns, Reaching safepoint: 79114 ns, Cleanup: 12011 ns, At safepoint: 5451 ns, Total: 96576 ns
[2025-04-25T15:35:26.328+0000][1250.050s][debug][safepoint   ] Safepoint synchronization initiated using futex wait barrier. (250 threads)
[2025-04-25T15:35:26.328+0000][1250.050s][info ][gc,start    ] GC(65) Pause Young (Normal) (G1 Evacuation Pause)
[2025-04-25T15:35:26.328+0000][1250.050s][info ][gc,task     ] GC(65) Using 4 workers of 4 for evacuation
[2025-04-25T15:35:26.399+0000][1250.121s][info ][gc,phases   ] GC(65)   Pre Evacuate Collection Set: 0.2ms
[2025-04-25T15:35:26.399+0000][1250.121s][info ][gc,phases   ] GC(65)   Merge Heap Roots: 0.2ms
[2025-04-25T15:35:26.399+0000][1250.121s][info ][gc,phases   ] GC(65)   Evacuate Collection Set: 64.3ms
[2025-04-25T15:35:26.399+0000][1250.121s][info ][gc,phases   ] GC(65)   Post Evacuate Collection Set: 6.3ms
[2025-04-25T15:35:26.399+0000][1250.121s][info ][gc,phases   ] GC(65)   Other: 0.2ms
[2025-04-25T15:35:26.399+0000][1250.121s][info ][gc,heap     ] GC(65) Eden regions: 548->0(548)
[2025-04-25T15:35:26.399+0000][1250.121s][info ][gc,heap     ] GC(65) Survivor regions: 37->37(74)
[2025-04-25T15:35:26.399+0000][1250.121s][info ][gc,heap     ] GC(65) Old regions: 158->158
[2025-04-25T15:35:26.399+0000][1250.121s][info ][gc,heap     ] GC(65) Archive regions: 2->2
[2025-04-25T15:35:26.399+0000][1250.121s][info ][gc,heap     ] GC(65) Humongous regions: 3->2
[2025-04-25T15:35:26.399+0000][1250.121s][info ][gc,metaspace] GC(65) Metaspace: 196532K(198016K)->196532K(198016K) NonClass: 173041K(173824K)->173041K(173824K) Class: 23491K(24192K)->23491K(24192K)
[2025-04-25T15:35:26.399+0000][1250.121s][info ][gc          ] GC(65) Pause Young (Normal) (G1 Evacuation Pause) 746M->196M(976M) 71.392ms
[2025-04-25T15:35:26.399+0000][1250.121s][info ][gc,cpu      ] GC(65) User=0.15s Sys=0.01s Real=0.08s
[2025-04-25T15:35:26.400+0000][1250.122s][info ][safepoint   ] Safepoint "G1CollectForAllocation", Time since last: 22556127 ns, Reaching safepoint: 64327 ns, Cleanup: 3562 ns, At safepoint: 71862855 ns, Total: 71930744 ns
[2025-04-25T15:35:27.400+0000][1251.122s][debug][safepoint   ] Safepoint synchronization initiated using futex wait barrier. (251 threads)
[2025-04-25T15:35:27.400+0000][1251.122s][info ][safepoint   ] Safepoint "Cleanup", Time since last: 1000160907 ns, Reaching safepoint: 75107 ns, Cleanup: 38686 ns, At safepoint: 16455 ns, Total: 130248 ns
[2025-04-25T15:35:28.400+0000][1252.122s][debug][safepoint   ] Safepoint synchronization initiated using futex wait barrier. (257 threads)
[2025-04-25T15:35:28.400+0000][1252.122s][info ][safepoint   ] Safepoint "Cleanup", Time since last: 1000193596 ns, Reaching safepoint: 95024 ns, Cleanup: 49186 ns, At safepoint: 17834 ns, Total: 162044 ns
[2025-04-25T15:35:31.401+0000][1255.123s][debug][safepoint   ] Safepoint synchronization initiated using futex wait barrier. (260 threads)
[2025-04-25T15:35:31.401+0000][1255.123s][info ][safepoint   ] Safepoint "Cleanup", Time since last: 3000254175 ns, Reaching safepoint: 100009 ns, Cleanup: 18725 ns, At safepoint: 11261 ns, Total: 129995 ns
[2025-04-25T15:35:35.401+0000][1259.123s][debug][safepoint   ] Safepoint synchronization initiated using futex wait barrier. (260 threads)
[2025-04-25T15:35:35.402+0000][1259.124s][info ][safepoint   ] Safepoint "Cleanup", Time since last: 4000603482 ns, Reaching safepoint: 147348 ns, Cleanup: 25807 ns, At safepoint: 16840 ns, Total: 189995 ns
[2025-04-25T15:35:38.341+0000][1262.063s][debug][safepoint   ] Safepoint synchronization initiated using futex wait barrier. (260 threads)
[2025-04-25T15:35:38.341+0000][1262.063s][info ][safepoint   ] Safepoint "Cleanup", Time since last: 2939270790 ns, Reaching safepoint: 173712 ns, Cleanup: 213986 ns, At safepoint: 34349 ns, Total: 422047 ns
[2025-04-25T15:35:39.341+0000][1263.063s][debug][safepoint   ] Safepoint synchronization initiated using futex wait barrier. (260 threads)
[2025-04-25T15:35:39.342+0000][1263.064s][info ][safepoint   ] Safepoint "Cleanup", Time since last: 1000167037 ns, Reaching safepoint: 117683 ns, Cleanup: 12453 ns, At safepoint: 8253 ns, Total: 138389 ns
[2025-04-25T15:35:46.204+0000][1269.926s][debug][safepoint   ] Safepoint synchronization initiated using futex wait barrier. (260 threads)
[2025-04-25T15:35:46.205+0000][1269.927s][info ][safepoint   ] Safepoint "Cleanup", Time since last: 6862742524 ns, Reaching safepoint: 247033 ns, Cleanup: 129609 ns, At safepoint: 39146 ns, Total: 415788 ns
[2025-04-25T15:35:50.822+0000][1273.927s][debug][safepoint   ] Safepoint synchronization initiated using futex wait barrier. (260 threads)
[2025-04-25T15:35:50.822+0000][1273.927s][info ][safepoint   ] Safepoint "Cleanup", Time since last: 4000611420 ns, Reaching safepoint: 93812 ns, Cleanup: 12506 ns, At safepoint: 6821 ns, Total: 113139 ns
[2025-04-25T15:35:53.823+0000][1276.928s][debug][safepoint   ] Safepoint synchronization initiated using futex wait barrier. (260 threads)
[2025-04-25T15:35:53.823+0000][1276.928s][info ][safepoint   ] Safepoint "Cleanup", Time since last: 3000225379 ns, Reaching safepoint: 245934 ns, Cleanup: 19653 ns, At safepoint: 10705 ns, Total: 276292 ns
[2025-04-25T15:35:55.823+0000][1278.928s][debug][safepoint   ] Safepoint synchronization initiated using futex wait barrier. (260 threads)
[2025-04-25T15:35:55.823+0000][1278.928s][info ][safepoint   ] Safepoint "Cleanup", Time since last: 2000237647 ns, Reaching safepoint: 125312 ns, Cleanup: 19183 ns, At safepoint: 14057 ns, Total: 158552 ns
[2025-04-25T15:35:56.824+0000][1279.929s][debug][safepoint   ] Safepoint synchronization initiated using futex wait barrier. (260 threads)
[2025-04-25T15:35:56.824+0000][1279.929s][info ][safepoint   ] Safepoint "Cleanup", Time since last: 1000171795 ns, Reaching safepoint: 261080 ns, Cleanup: 34486 ns, At safepoint: 25575 ns, Total: 321141 ns
[2025-04-25T15:35:57.824+0000][1280.929s][debug][safepoint   ] Safepoint synchronization initiated using futex wait barrier. (260 threads)
[2025-04-25T15:35:57.824+0000][1280.929s][info ][safepoint   ] Safepoint "Cleanup", Time since last: 1000158444 ns, Reaching safepoint: 96841 ns, Cleanup: 11323 ns, At safepoint: 6897 ns, Total: 115061 ns
[2025-04-25T15:36:00.824+0000][1283.929s][debug][safepoint   ] Safepoint synchronization initiated using futex wait barrier. (260 threads)
[2025-04-25T15:36:00.824+0000][1283.929s][info ][safepoint   ] Safepoint "Cleanup", Time since last: 3000208319 ns, Reaching safepoint: 62298 ns, Cleanup: 9571 ns, At safepoint: 5231 ns, Total: 77100 ns
[2025-04-25T15:36:08.825+0000][1291.930s][debug][safepoint   ] Safepoint synchronization initiated using futex wait barrier. (261 threads)
[2025-04-25T15:36:08.825+0000][1291.930s][info ][safepoint   ] Safepoint "Cleanup", Time since last: 8000871610 ns, Reaching safepoint: 99385 ns, Cleanup: 20580 ns, At safepoint: 8982 ns, Total: 128947 ns
[2025-04-25T15:36:12.826+0000][1295.931s][debug][safepoint   ] Safepoint synchronization initiated using futex wait barrier. (261 threads)
[2025-04-25T15:36:12.827+0000][1295.932s][info ][safepoint   ] Safepoint "Cleanup", Time since last: 4000712548 ns, Reaching safepoint: 318092 ns, Cleanup: 34502 ns, At safepoint: 61658 ns, Total: 414252 ns
[2025-04-25T15:36:16.827+0000][1299.932s][debug][safepoint   ] Safepoint synchronization initiated using futex wait barrier. (261 threads)
[2025-04-25T15:36:16.827+0000][1299.932s][info ][safepoint   ] Safepoint "Cleanup", Time since last: 4000524094 ns, Reaching safepoint: 158079 ns, Cleanup: 23675 ns, At safepoint: 13943 ns, Total: 195697 ns
[2025-04-25T15:36:29.829+0000][1312.934s][debug][safepoint   ] Safepoint synchronization initiated using futex wait barrier. (260 threads)
[2025-04-25T15:36:29.829+0000][1312.934s][info ][safepoint   ] Safepoint "Cleanup", Time since last: 13001467044 ns, Reaching safepoint: 212772 ns, Cleanup: 27840 ns, At safepoint: 24274 ns, Total: 264886 ns
[2025-04-25T15:36:30.829+0000][1313.934s][debug][safepoint   ] Safepoint synchronization initiated using futex wait barrier. (260 threads)
[2025-04-25T15:36:30.829+0000][1313.934s][info ][safepoint   ] Safepoint "Cleanup", Time since last: 1000130500 ns, Reaching safepoint: 115781 ns, Cleanup: 9179 ns, At safepoint: 6369 ns, Total: 131329 ns
[2025-04-25T15:36:32.829+0000][1315.934s][debug][safepoint   ] Safepoint synchronization initiated using futex wait barrier. (260 threads)
[2025-04-25T15:36:32.829+0000][1315.935s][info ][safepoint   ] Safepoint "Cleanup", Time since last: 2000173288 ns, Reaching safepoint: 59904 ns, Cleanup: 9803 ns, At safepoint: 5085 ns, Total: 74792 ns
[2025-04-25T15:36:33.830+0000][1316.935s][debug][safepoint   ] Safepoint synchronization initiated using futex wait barrier. (260 threads)
[2025-04-25T15:36:33.830+0000][1316.935s][info ][safepoint   ] Safepoint "Cleanup", Time since last: 1000192450 ns, Reaching safepoint: 80728 ns, Cleanup: 10503 ns, At safepoint: 5502 ns, Total: 96733 ns
[2025-04-25T15:36:43.995+0000][1327.100s][debug][safepoint   ] Safepoint synchronization initiated using futex wait barrier. (260 threads)
[2025-04-25T15:36:43.995+0000][1327.100s][info ][safepoint   ] Safepoint "Cleanup", Time since last: 10165302816 ns, Reaching safepoint: 65999 ns, Cleanup: 8917 ns, At safepoint: 4733 ns, Total: 79649 ns
[2025-04-25T15:36:45.995+0000][1329.100s][debug][safepoint   ] Safepoint synchronization initiated using futex wait barrier. (260 threads)
[2025-04-25T15:36:45.995+0000][1329.100s][info ][safepoint   ] Safepoint "Cleanup", Time since last: 2000098297 ns, Reaching safepoint: 64133 ns, Cleanup: 35975 ns, At safepoint: 5090 ns, Total: 105198 ns
[2025-04-25T15:36:47.996+0000][1331.101s][debug][safepoint   ] Safepoint synchronization initiated using futex wait barrier. (260 threads)
[2025-04-25T15:36:47.996+0000][1331.101s][info ][safepoint   ] Safepoint "Cleanup", Time since last: 2000327420 ns, Reaching safepoint: 320203 ns, Cleanup: 83911 ns, At safepoint: 31751 ns, Total: 435865 ns
[2025-04-25T15:36:51.997+0000][1335.102s][debug][safepoint   ] Safepoint synchronization initiated using futex wait barrier. (260 threads)
[2025-04-25T15:36:51.997+0000][1335.102s][info ][safepoint   ] Safepoint "Cleanup", Time since last: 4000473008 ns, Reaching safepoint: 78341 ns, Cleanup: 10488 ns, At safepoint: 5939 ns, Total: 94768 ns
[2025-04-25T15:36:55.997+0000][1339.102s][debug][safepoint   ] Safepoint synchronization initiated using futex wait barrier. (260 threads)
[2025-04-25T15:36:55.997+0000][1339.102s][info ][safepoint   ] Safepoint "Cleanup", Time since last: 4000358204 ns, Reaching safepoint: 81378 ns, Cleanup: 11756 ns, At safepoint: 6309 ns, Total: 99443 ns
[2025-04-25T15:37:02.999+0000][1346.104s][debug][safepoint   ] Safepoint synchronization initiated using futex wait barrier. (260 threads)
[2025-04-25T15:37:02.999+0000][1346.104s][info ][safepoint   ] Safepoint "Cleanup", Time since last: 7001721326 ns, Reaching safepoint: 131452 ns, Cleanup: 32271 ns, At safepoint: 11486 ns, Total: 175209 ns
[2025-04-25T15:37:03.999+0000][1347.104s][debug][safepoint   ] Safepoint synchronization initiated using futex wait barrier. (260 threads)
[2025-04-25T15:37:03.999+0000][1347.104s][info ][safepoint   ] Safepoint "Cleanup", Time since last: 1000114230 ns, Reaching safepoint: 121619 ns, Cleanup: 30932 ns, At safepoint: 5922 ns, Total: 158473 ns
[2025-04-25T15:37:07.000+0000][1350.105s][debug][safepoint   ] Safepoint synchronization initiated using futex wait barrier. (260 threads)
[2025-04-25T15:37:07.000+0000][1350.105s][info ][safepoint   ] Safepoint "Cleanup", Time since last: 3000237696 ns, Reaching safepoint: 123072 ns, Cleanup: 16580 ns, At safepoint: 12065 ns, Total: 151717 ns
[2025-04-25T15:37:12.000+0000][1355.105s][debug][safepoint   ] Safepoint synchronization initiated using futex wait barrier. (260 threads)
[2025-04-25T15:37:12.000+0000][1355.105s][info ][safepoint   ] Safepoint "Cleanup", Time since last: 5000444511 ns, Reaching safepoint: 104978 ns, Cleanup: 15333 ns, At safepoint: 8588 ns, Total: 128899 ns
[2025-04-25T15:37:13.001+0000][1356.106s][debug][safepoint   ] Safepoint synchronization initiated using futex wait barrier. (260 threads)
[2025-04-25T15:37:13.001+0000][1356.106s][info ][safepoint   ] Safepoint "Cleanup", Time since last: 1000240461 ns, Reaching safepoint: 234078 ns, Cleanup: 39654 ns, At safepoint: 25125 ns, Total: 298857 ns
[2025-04-25T15:37:14.001+0000][1357.106s][debug][safepoint   ] Safepoint synchronization initiated using futex wait barrier. (260 threads)
[2025-04-25T15:37:14.001+0000][1357.106s][info ][safepoint   ] Safepoint "Cleanup", Time since last: 1000288077 ns, Reaching safepoint: 249544 ns, Cleanup: 35295 ns, At safepoint: 29254 ns, Total: 314093 ns
[2025-04-25T15:37:21.006+0000][1364.111s][debug][safepoint   ] Safepoint synchronization initiated using futex wait barrier. (260 threads)
[2025-04-25T15:37:21.006+0000][1364.111s][info ][safepoint   ] Safepoint "Cleanup", Time since last: 7004243155 ns, Reaching safepoint: 96498 ns, Cleanup: 11045 ns, At safepoint: 5580 ns, Total: 113123 ns
[2025-04-25T15:37:28.007+0000][1371.112s][debug][safepoint   ] Safepoint synchronization initiated using futex wait barrier. (259 threads)
[2025-04-25T15:37:28.007+0000][1371.112s][info ][safepoint   ] Safepoint "Cleanup", Time since last: 7000929406 ns, Reaching safepoint: 150026 ns, Cleanup: 29421 ns, At safepoint: 377652 ns, Total: 557099 ns
[2025-04-25T15:37:30.008+0000][1373.113s][debug][safepoint   ] Safepoint synchronization initiated using futex wait barrier. (259 threads)
[2025-04-25T15:37:30.008+0000][1373.113s][info ][safepoint   ] Safepoint "Cleanup", Time since last: 2000260377 ns, Reaching safepoint: 197098 ns, Cleanup: 29978 ns, At safepoint: 23325 ns, Total: 250401 ns
[2025-04-25T15:37:59.033+0000][1402.138s][debug][safepoint   ] Safepoint synchronization initiated using futex wait barrier. (259 threads)
[2025-04-25T15:37:59.033+0000][1402.139s][info ][safepoint   ] Safepoint "Cleanup", Time since last: 29025419932 ns, Reaching safepoint: 237908 ns, Cleanup: 27588 ns, At safepoint: 17486 ns, Total: 282982 ns
[2025-04-25T15:38:04.034+0000][1407.139s][debug][safepoint   ] Safepoint synchronization initiated using futex wait barrier. (259 threads)
[2025-04-25T15:38:04.034+0000][1407.139s][info ][safepoint   ] Safepoint "Cleanup", Time since last: 5000606529 ns, Reaching safepoint: 119954 ns, Cleanup: 25407 ns, At safepoint: 8364 ns, Total: 153725 ns
[2025-04-25T15:38:05.034+0000][1408.139s][debug][safepoint   ] Safepoint synchronization initiated using futex wait barrier. (259 threads)
[2025-04-25T15:38:05.035+0000][1408.140s][info ][safepoint   ] Safepoint "Cleanup", Time since last: 1000196649 ns, Reaching safepoint: 181757 ns, Cleanup: 31849 ns, At safepoint: 17834 ns, Total: 231440 ns
[2025-04-25T15:38:06.035+0000][1409.140s][debug][safepoint   ] Safepoint synchronization initiated using futex wait barrier. (259 threads)
[2025-04-25T15:38:06.036+0000][1409.141s][info ][safepoint   ] Safepoint "Cleanup", Time since last: 1000208051 ns, Reaching safepoint: 686127 ns, Cleanup: 358307 ns, At safepoint: 36573 ns, Total: 1081007 ns
[2025-04-25T15:38:11.037+0000][1414.142s][debug][safepoint   ] Safepoint synchronization initiated using futex wait barrier. (259 threads)
[2025-04-25T15:38:11.037+0000][1414.142s][info ][safepoint   ] Safepoint "Cleanup", Time since last: 5000856619 ns, Reaching safepoint: 113326 ns, Cleanup: 16203 ns, At safepoint: 12879 ns, Total: 142408 ns
[2025-04-25T15:38:12.037+0000][1415.142s][debug][safepoint   ] Safepoint synchronization initiated using futex wait barrier. (259 threads)
[2025-04-25T15:38:12.037+0000][1415.142s][info ][safepoint   ] Safepoint "Cleanup", Time since last: 1000107428 ns, Reaching safepoint: 79683 ns, Cleanup: 11935 ns, At safepoint: 5516 ns, Total: 97134 ns
[2025-04-25T15:38:18.038+0000][1421.143s][debug][safepoint   ] Safepoint synchronization initiated using futex wait barrier. (259 threads)
[2025-04-25T15:38:18.038+0000][1421.143s][info ][safepoint   ] Safepoint "Cleanup", Time since last: 6000719177 ns, Reaching safepoint: 70546 ns, Cleanup: 13406 ns, At safepoint: 7535 ns, Total: 91487 ns
[2025-04-25T15:38:27.039+0000][1430.144s][debug][safepoint   ] Safepoint synchronization initiated using futex wait barrier. (259 threads)
[2025-04-25T15:38:27.039+0000][1430.144s][info ][safepoint   ] Safepoint "Cleanup", Time since last: 9001079120 ns, Reaching safepoint: 293454 ns, Cleanup: 38928 ns, At safepoint: 50684 ns, Total: 383066 ns
[2025-04-25T15:38:28.040+0000][1431.145s][debug][safepoint   ] Safepoint synchronization initiated using futex wait barrier. (258 threads)
[2025-04-25T15:38:28.041+0000][1431.146s][info ][safepoint   ] Safepoint "Cleanup", Time since last: 1000224339 ns, Reaching safepoint: 944477 ns, Cleanup: 40978 ns, At safepoint: 122347 ns, Total: 1107802 ns
[2025-04-25T15:38:29.041+0000][1432.146s][debug][safepoint   ] Safepoint synchronization initiated using futex wait barrier. (258 threads)
[2025-04-25T15:38:29.042+0000][1432.147s][info ][safepoint   ] Safepoint "Cleanup", Time since last: 1000327813 ns, Reaching safepoint: 684694 ns, Cleanup: 30550 ns, At safepoint: 40526 ns, Total: 755770 ns
[2025-04-25T15:38:34.043+0000][1437.148s][debug][safepoint   ] Safepoint synchronization initiated using futex wait barrier. (258 threads)
[2025-04-25T15:38:34.043+0000][1437.148s][info ][safepoint   ] Safepoint "Cleanup", Time since last: 5000837439 ns, Reaching safepoint: 203562 ns, Cleanup: 13285 ns, At safepoint: 6613 ns, Total: 223460 ns
[2025-04-25T15:38:38.043+0000][1441.149s][debug][safepoint   ] Safepoint synchronization initiated using futex wait barrier. (258 threads)
[2025-04-25T15:38:38.044+0000][1441.149s][info ][safepoint   ] Safepoint "Cleanup", Time since last: 4000551845 ns, Reaching safepoint: 247335 ns, Cleanup: 28267 ns, At safepoint: 26440 ns, Total: 302042 ns
[2025-04-25T15:38:53.075+0000][1456.180s][debug][safepoint   ] Safepoint synchronization initiated using futex wait barrier. (258 threads)
[2025-04-25T15:38:53.075+0000][1456.180s][info ][safepoint   ] Safepoint "Cleanup", Time since last: 15031422446 ns, Reaching safepoint: 125157 ns, Cleanup: 12269 ns, At safepoint: 8058 ns, Total: 145484 ns
[2025-04-25T15:38:58.077+0000][1461.182s][debug][safepoint   ] Safepoint synchronization initiated using futex wait barrier. (258 threads)
[2025-04-25T15:38:58.077+0000][1461.182s][info ][safepoint   ] Safepoint "Cleanup", Time since last: 5001241759 ns, Reaching safepoint: 112959 ns, Cleanup: 15436 ns, At safepoint: 14650 ns, Total: 143045 ns
[2025-04-25T15:39:01.077+0000][1464.182s][debug][safepoint   ] Safepoint synchronization initiated using futex wait barrier. (258 threads)
[2025-04-25T15:39:01.078+0000][1464.183s][info ][safepoint   ] Safepoint "Cleanup", Time since last: 3000447574 ns, Reaching safepoint: 294844 ns, Cleanup: 53245 ns, At safepoint: 52629 ns, Total: 400718 ns
[2025-04-25T15:39:11.079+0000][1474.184s][debug][safepoint   ] Safepoint synchronization initiated using futex wait barrier. (258 threads)
[2025-04-25T15:39:11.080+0000][1474.185s][info ][safepoint   ] Safepoint "Cleanup", Time since last: 10001751396 ns, Reaching safepoint: 251226 ns, Cleanup: 32946 ns, At safepoint: 27269 ns, Total: 311441 ns
[2025-04-25T15:39:15.080+0000][1478.185s][debug][safepoint   ] Safepoint synchronization initiated using futex wait barrier. (258 threads)
[2025-04-25T15:39:15.080+0000][1478.186s][info ][safepoint   ] Safepoint "Cleanup", Time since last: 4000482880 ns, Reaching safepoint: 286903 ns, Cleanup: 32215 ns, At safepoint: 52293 ns, Total: 371411 ns
[2025-04-25T15:39:16.081+0000][1479.186s][debug][safepoint   ] Safepoint synchronization initiated using futex wait barrier. (258 threads)
[2025-04-25T15:39:16.082+0000][1479.187s][info ][safepoint   ] Safepoint "Cleanup", Time since last: 1000284108 ns, Reaching safepoint: 333197 ns, Cleanup: 706857 ns, At safepoint: 246934 ns, Total: 1286988 ns
[2025-04-25T15:39:18.082+0000][1481.187s][debug][safepoint   ] Safepoint synchronization initiated using futex wait barrier. (258 threads)
[2025-04-25T15:39:18.082+0000][1481.188s][info ][safepoint   ] Safepoint "Cleanup", Time since last: 2000304017 ns, Reaching safepoint: 109230 ns, Cleanup: 14449 ns, At safepoint: 7081 ns, Total: 130760 ns
[2025-04-25T15:39:28.086+0000][1491.191s][debug][safepoint   ] Safepoint synchronization initiated using futex wait barrier. (257 threads)
[2025-04-25T15:39:28.086+0000][1491.191s][info ][safepoint   ] Safepoint "Cleanup", Time since last: 10003171021 ns, Reaching safepoint: 94233 ns, Cleanup: 12503 ns, At safepoint: 7056 ns, Total: 113792 ns
[2025-04-25T15:39:38.087+0000][1501.192s][debug][safepoint   ] Safepoint synchronization initiated using futex wait barrier. (257 threads)
[2025-04-25T15:39:38.087+0000][1501.193s][info ][safepoint   ] Safepoint "Cleanup", Time since last: 10001476818 ns, Reaching safepoint: 165565 ns, Cleanup: 27681 ns, At safepoint: 18421 ns, Total: 211667 ns
[2025-04-25T15:39:47.106+0000][1510.211s][debug][safepoint   ] Safepoint synchronization initiated using futex wait barrier. (257 threads)
[2025-04-25T15:39:47.106+0000][1510.211s][info ][safepoint   ] Safepoint "Cleanup", Time since last: 9018252277 ns, Reaching safepoint: 162856 ns, Cleanup: 21562 ns, At safepoint: 14369 ns, Total: 198787 ns
[2025-04-25T15:39:55.107+0000][1518.212s][debug][safepoint   ] Safepoint synchronization initiated using futex wait barrier. (257 threads)
[2025-04-25T15:39:55.107+0000][1518.212s][info ][safepoint   ] Safepoint "Cleanup", Time since last: 8000988164 ns, Reaching safepoint: 210284 ns, Cleanup: 22787 ns, At safepoint: 19666 ns, Total: 252737 ns
[2025-04-25T15:40:02.108+0000][1525.213s][debug][safepoint   ] Safepoint synchronization initiated using futex wait barrier. (257 threads)
[2025-04-25T15:40:02.108+0000][1525.214s][info ][safepoint   ] Safepoint "Cleanup", Time since last: 7001005258 ns, Reaching safepoint: 267631 ns, Cleanup: 30996 ns, At safepoint: 24603 ns, Total: 323230 ns
[2025-04-25T15:40:04.109+0000][1527.214s][debug][safepoint   ] Safepoint synchronization initiated using futex wait barrier. (257 threads)
[2025-04-25T15:40:04.109+0000][1527.214s][info ][safepoint   ] Safepoint "Cleanup", Time since last: 2000457704 ns, Reaching safepoint: 281660 ns, Cleanup: 34057 ns, At safepoint: 22741 ns, Total: 338458 ns
[2025-04-25T15:40:09.110+0000][1532.215s][debug][safepoint   ] Safepoint synchronization initiated using futex wait barrier. (257 threads)
[2025-04-25T15:40:09.110+0000][1532.215s][info ][safepoint   ] Safepoint "Cleanup", Time since last: 5000637398 ns, Reaching safepoint: 328824 ns, Cleanup: 42481 ns, At safepoint: 35212 ns, Total: 406517 ns
[2025-04-25T15:40:15.111+0000][1538.216s][debug][safepoint   ] Safepoint synchronization initiated using futex wait barrier. (257 threads)
[2025-04-25T15:40:15.111+0000][1538.217s][info ][safepoint   ] Safepoint "Cleanup", Time since last: 6000892002 ns, Reaching safepoint: 213273 ns, Cleanup: 28763 ns, At safepoint: 15937 ns, Total: 257973 ns
[2025-04-25T15:40:17.112+0000][1540.217s][debug][safepoint   ] Safepoint synchronization initiated using futex wait barrier. (257 threads)
[2025-04-25T15:40:17.113+0000][1540.218s][info ][safepoint   ] Safepoint "Cleanup", Time since last: 2000522012 ns, Reaching safepoint: 834392 ns, Cleanup: 148284 ns, At safepoint: 104967 ns, Total: 1087643 ns
[2025-04-25T15:40:19.114+0000][1542.219s][debug][safepoint   ] Safepoint synchronization initiated using futex wait barrier. (257 threads)
[2025-04-25T15:40:19.114+0000][1542.219s][info ][safepoint   ] Safepoint "Cleanup", Time since last: 2000465646 ns, Reaching safepoint: 232680 ns, Cleanup: 73651 ns, At safepoint: 29914 ns, Total: 336245 ns
[2025-04-25T15:40:20.114+0000][1543.219s][debug][safepoint   ] Safepoint synchronization initiated using futex wait barrier. (257 threads)
[2025-04-25T15:40:20.114+0000][1543.219s][info ][safepoint   ] Safepoint "Cleanup", Time since last: 1000220027 ns, Reaching safepoint: 189047 ns, Cleanup: 65494 ns, At safepoint: 20908 ns, Total: 275449 ns
[2025-04-25T15:40:22.115+0000][1545.220s][debug][safepoint   ] Safepoint synchronization initiated using futex wait barrier. (257 threads)
[2025-04-25T15:40:22.115+0000][1545.220s][info ][safepoint   ] Safepoint "Cleanup", Time since last: 2000254434 ns, Reaching safepoint: 157192 ns, Cleanup: 38979 ns, At safepoint: 9688 ns, Total: 205859 ns
[2025-04-25T15:40:32.116+0000][1555.221s][debug][safepoint   ] Safepoint synchronization initiated using futex wait barrier. (256 threads)
[2025-04-25T15:40:32.117+0000][1555.223s][info ][safepoint   ] Safepoint "Cleanup", Time since last: 10001079524 ns, Reaching safepoint: 1438469 ns, Cleanup: 58335 ns, At safepoint: 63216 ns, Total: 1560020 ns
[2025-04-25T15:40:34.118+0000][1557.223s][debug][safepoint   ] Safepoint synchronization initiated using futex wait barrier. (256 threads)
[2025-04-25T15:40:34.118+0000][1557.223s][info ][safepoint   ] Safepoint "Cleanup", Time since last: 2000342284 ns, Reaching safepoint: 66468 ns, Cleanup: 13414 ns, At safepoint: 4739 ns, Total: 84621 ns
[2025-04-25T15:40:39.142+0000][1562.247s][debug][safepoint   ] Safepoint synchronization initiated using futex wait barrier. (262 threads)
[2025-04-25T15:40:39.143+0000][1562.248s][info ][safepoint   ] Safepoint "Cleanup", Time since last: 5024329530 ns, Reaching safepoint: 317034 ns, Cleanup: 288420 ns, At safepoint: 75630 ns, Total: 681084 ns
[2025-04-25T15:40:39.264+0000][1562.369s][debug][safepoint   ] Safepoint synchronization initiated using futex wait barrier. (262 threads)
[2025-04-25T15:40:39.266+0000][1562.371s][info ][gc,start    ] GC(66) Pause Young (Normal) (G1 Evacuation Pause)
[2025-04-25T15:40:39.267+0000][1562.372s][info ][gc,task     ] GC(66) Using 4 workers of 4 for evacuation
[2025-04-25T15:40:39.355+0000][1562.461s][info ][gc,phases   ] GC(66)   Pre Evacuate Collection Set: 0.7ms
[2025-04-25T15:40:39.356+0000][1562.461s][info ][gc,phases   ] GC(66)   Merge Heap Roots: 2.3ms
[2025-04-25T15:40:39.356+0000][1562.461s][info ][gc,phases   ] GC(66)   Evacuate Collection Set: 70.6ms
[2025-04-25T15:40:39.356+0000][1562.461s][info ][gc,phases   ] GC(66)   Post Evacuate Collection Set: 14.7ms
[2025-04-25T15:40:39.356+0000][1562.461s][info ][gc,phases   ] GC(66)   Other: 1.0ms
[2025-04-25T15:40:39.356+0000][1562.461s][info ][gc,heap     ] GC(66) Eden regions: 548->0(547)
[2025-04-25T15:40:39.357+0000][1562.462s][info ][gc,heap     ] GC(66) Survivor regions: 37->38(74)
[2025-04-25T15:40:39.357+0000][1562.462s][info ][gc,heap     ] GC(66) Old regions: 158->158
[2025-04-25T15:40:39.357+0000][1562.463s][info ][gc,heap     ] GC(66) Archive regions: 2->2
[2025-04-25T15:40:39.357+0000][1562.463s][info ][gc,heap     ] GC(66) Humongous regions: 2->2
[2025-04-25T15:40:39.358+0000][1562.463s][info ][gc,metaspace] GC(66) Metaspace: 197347K(198848K)->197347K(198848K) NonClass: 173776K(174528K)->173776K(174528K) Class: 23571K(24320K)->23571K(24320K)
[2025-04-25T15:40:39.358+0000][1562.463s][info ][gc          ] GC(66) Pause Young (Normal) (G1 Evacuation Pause) 744M->198M(976M) 91.611ms
[2025-04-25T15:40:39.358+0000][1562.463s][info ][gc,cpu      ] GC(66) User=0.19s Sys=0.00s Real=0.09s
[2025-04-25T15:40:39.361+0000][1562.466s][info ][safepoint   ] Safepoint "G1CollectForAllocation", Time since last: 121538654 ns, Reaching safepoint: 1599606 ns, Cleanup: 56411 ns, At safepoint: 94681850 ns, Total: 96337867 ns
[2025-04-25T15:40:40.696+0000][1563.801s][debug][safepoint   ] Safepoint synchronization initiated using futex wait barrier. (262 threads)
[2025-04-25T15:40:40.696+0000][1563.801s][info ][safepoint   ] Safepoint "Cleanup", Time since last: 1335159864 ns, Reaching safepoint: 180075 ns, Cleanup: 101314 ns, At safepoint: 8636 ns, Total: 290025 ns
[2025-04-25T15:40:43.697+0000][1566.802s][debug][safepoint   ] Safepoint synchronization initiated using futex wait barrier. (262 threads)
[2025-04-25T15:40:43.697+0000][1566.802s][info ][safepoint   ] Safepoint "Cleanup", Time since last: 3000335419 ns, Reaching safepoint: 210692 ns, Cleanup: 49027 ns, At safepoint: 29699 ns, Total: 289418 ns
[2025-04-25T15:40:46.697+0000][1569.802s][debug][safepoint   ] Safepoint synchronization initiated using futex wait barrier. (262 threads)
[2025-04-25T15:40:46.697+0000][1569.802s][info ][safepoint   ] Safepoint "Cleanup", Time since last: 3000363677 ns, Reaching safepoint: 77495 ns, Cleanup: 14832 ns, At safepoint: 9835 ns, Total: 102162 ns
[2025-04-25T15:40:47.697+0000][1570.802s][debug][safepoint   ] Safepoint synchronization initiated using futex wait barrier. (262 threads)
[2025-04-25T15:40:47.698+0000][1570.803s][info ][safepoint   ] Safepoint "Cleanup", Time since last: 1000118706 ns, Reaching safepoint: 83366 ns, Cleanup: 11746 ns, At safepoint: 5641 ns, Total: 100753 ns
[2025-04-25T15:40:49.698+0000][1572.803s][debug][safepoint   ] Safepoint synchronization initiated using futex wait barrier. (262 threads)
[2025-04-25T15:40:49.698+0000][1572.803s][info ][safepoint   ] Safepoint "Cleanup", Time since last: 2000262837 ns, Reaching safepoint: 319092 ns, Cleanup: 44708 ns, At safepoint: 31768 ns, Total: 395568 ns
[2025-04-25T15:40:51.699+0000][1574.804s][debug][safepoint   ] Safepoint synchronization initiated using futex wait barrier. (262 threads)
[2025-04-25T15:40:51.699+0000][1574.804s][info ][safepoint   ] Safepoint "Cleanup", Time since last: 2000332499 ns, Reaching safepoint: 233310 ns, Cleanup: 34742 ns, At safepoint: 28022 ns, Total: 296074 ns
[2025-04-25T15:41:01.700+0000][1584.805s][debug][safepoint   ] Safepoint synchronization initiated using futex wait barrier. (262 threads)
[2025-04-25T15:41:01.701+0000][1584.806s][info ][safepoint   ] Safepoint "Cleanup", Time since last: 10001389116 ns, Reaching safepoint: 232798 ns, Cleanup: 36552 ns, At safepoint: 28339 ns, Total: 297689 ns
[2025-04-25T15:41:02.879+0000][1585.984s][debug][safepoint   ] Safepoint synchronization initiated using futex wait barrier. (262 threads)
[2025-04-25T15:41:02.879+0000][1585.984s][info ][safepoint   ] Safepoint "Cleanup", Time since last: 1178460708 ns, Reaching safepoint: 101149 ns, Cleanup: 12348 ns, At safepoint: 15688 ns, Total: 129185 ns
[2025-04-25T15:41:03.879+0000][1586.984s][debug][safepoint   ] Safepoint synchronization initiated using futex wait barrier. (262 threads)
[2025-04-25T15:41:03.879+0000][1586.984s][info ][safepoint   ] Safepoint "Cleanup", Time since last: 1000097436 ns, Reaching safepoint: 104398 ns, Cleanup: 91170 ns, At safepoint: 17913 ns, Total: 213481 ns
[2025-04-25T15:41:06.880+0000][1589.985s][debug][safepoint   ] Safepoint synchronization initiated using futex wait barrier. (262 threads)
[2025-04-25T15:41:06.880+0000][1589.985s][info ][safepoint   ] Safepoint "Cleanup", Time since last: 3000277444 ns, Reaching safepoint: 64645 ns, Cleanup: 12479 ns, At safepoint: 5586 ns, Total: 82710 ns
[2025-04-25T15:41:09.880+0000][1592.985s][debug][safepoint   ] Safepoint synchronization initiated using futex wait barrier. (262 threads)
[2025-04-25T15:41:09.880+0000][1592.985s][info ][safepoint   ] Safepoint "Cleanup", Time since last: 3000386315 ns, Reaching safepoint: 133475 ns, Cleanup: 18788 ns, At safepoint: 6365 ns, Total: 158628 ns
[2025-04-25T15:41:17.882+0000][1600.987s][debug][safepoint   ] Safepoint synchronization initiated using futex wait barrier. (262 threads)
[2025-04-25T15:41:17.882+0000][1600.987s][info ][safepoint   ] Safepoint "Cleanup", Time since last: 8001200157 ns, Reaching safepoint: 189505 ns, Cleanup: 46469 ns, At safepoint: 18177 ns, Total: 254151 ns
[2025-04-25T15:41:24.883+0000][1607.988s][debug][safepoint   ] Safepoint synchronization initiated using futex wait barrier. (262 threads)
[2025-04-25T15:41:24.883+0000][1607.989s][info ][safepoint   ] Safepoint "Cleanup", Time since last: 7001210287 ns, Reaching safepoint: 394814 ns, Cleanup: 55703 ns, At safepoint: 31459 ns, Total: 481976 ns
[2025-04-25T15:41:26.884+0000][1609.989s][debug][safepoint   ] Safepoint synchronization initiated using futex wait barrier. (262 threads)
[2025-04-25T15:41:26.884+0000][1609.989s][info ][safepoint   ] Safepoint "Cleanup", Time since last: 2000807791 ns, Reaching safepoint: 96154 ns, Cleanup: 12462 ns, At safepoint: 6960 ns, Total: 115576 ns
[2025-04-25T15:41:31.885+0000][1614.990s][debug][safepoint   ] Safepoint synchronization initiated using futex wait barrier. (262 threads)
[2025-04-25T15:41:31.885+0000][1614.990s][info ][safepoint   ] Safepoint "Cleanup", Time since last: 5000463565 ns, Reaching safepoint: 271268 ns, Cleanup: 30489 ns, At safepoint: 18565 ns, Total: 320322 ns
[2025-04-25T15:41:43.184+0000][1626.289s][debug][safepoint   ] Safepoint synchronization initiated using futex wait barrier. (259 threads)
[2025-04-25T15:41:43.185+0000][1626.290s][info ][safepoint   ] Safepoint "Cleanup", Time since last: 11299260086 ns, Reaching safepoint: 140082 ns, Cleanup: 12640 ns, At safepoint: 10084 ns, Total: 162806 ns
[2025-04-25T15:41:55.186+0000][1638.291s][debug][safepoint   ] Safepoint synchronization initiated using futex wait barrier. (259 threads)
[2025-04-25T15:41:55.187+0000][1638.292s][info ][safepoint   ] Safepoint "Cleanup", Time since last: 12001610579 ns, Reaching safepoint: 267032 ns, Cleanup: 39095 ns, At safepoint: 29283 ns, Total: 335410 ns
[2025-04-25T15:42:15.189+0000][1658.294s][debug][safepoint   ] Safepoint synchronization initiated using futex wait barrier. (256 threads)
[2025-04-25T15:42:15.189+0000][1658.294s][info ][safepoint   ] Safepoint "Cleanup", Time since last: 20002457999 ns, Reaching safepoint: 239732 ns, Cleanup: 30074 ns, At safepoint: 21720 ns, Total: 291526 ns
[2025-04-25T15:42:16.190+0000][1659.295s][debug][safepoint   ] Safepoint synchronization initiated using futex wait barrier. (256 threads)
[2025-04-25T15:42:16.190+0000][1659.295s][info ][safepoint   ] Safepoint "Cleanup", Time since last: 1000209253 ns, Reaching safepoint: 192682 ns, Cleanup: 32161 ns, At safepoint: 22369 ns, Total: 247212 ns
[2025-04-25T15:42:19.190+0000][1662.295s][debug][safepoint   ] Safepoint synchronization initiated using futex wait barrier. (256 threads)
[2025-04-25T15:42:19.190+0000][1662.296s][info ][safepoint   ] Safepoint "Cleanup", Time since last: 3000462457 ns, Reaching safepoint: 184684 ns, Cleanup: 25003 ns, At safepoint: 19354 ns, Total: 229041 ns
[2025-04-25T15:42:26.192+0000][1669.297s][debug][safepoint   ] Safepoint synchronization initiated using futex wait barrier. (256 threads)
[2025-04-25T15:42:26.192+0000][1669.297s][info ][safepoint   ] Safepoint "Cleanup", Time since last: 7001067727 ns, Reaching safepoint: 300251 ns, Cleanup: 36215 ns, At safepoint: 43654 ns, Total: 380120 ns
[2025-04-25T15:42:31.192+0000][1674.297s][debug][safepoint   ] Safepoint synchronization initiated using futex wait barrier. (256 threads)
[2025-04-25T15:42:31.193+0000][1674.298s][info ][safepoint   ] Safepoint "Cleanup", Time since last: 5000552171 ns, Reaching safepoint: 60563 ns, Cleanup: 9665 ns, At safepoint: 4852 ns, Total: 75080 ns
[2025-04-25T15:42:33.193+0000][1676.298s][debug][safepoint   ] Safepoint synchronization initiated using futex wait barrier. (256 threads)
[2025-04-25T15:42:33.193+0000][1676.298s][info ][safepoint   ] Safepoint "Cleanup", Time since last: 2000246684 ns, Reaching safepoint: 207007 ns, Cleanup: 28786 ns, At safepoint: 108372 ns, Total: 344165 ns
[2025-04-25T15:42:35.193+0000][1678.298s][debug][safepoint   ] Safepoint synchronization initiated using futex wait barrier. (256 threads)
[2025-04-25T15:42:35.194+0000][1678.299s][info ][safepoint   ] Safepoint "Cleanup", Time since last: 2000267297 ns, Reaching safepoint: 202507 ns, Cleanup: 30496 ns, At safepoint: 23233 ns, Total: 256236 ns
[2025-04-25T15:42:36.194+0000][1679.299s][debug][safepoint   ] Safepoint synchronization initiated using futex wait barrier. (256 threads)
[2025-04-25T15:42:36.194+0000][1679.299s][info ][safepoint   ] Safepoint "Cleanup", Time since last: 1000262370 ns, Reaching safepoint: 250496 ns, Cleanup: 32034 ns, At safepoint: 26952 ns, Total: 309482 ns
[2025-04-25T15:42:43.217+0000][1686.322s][debug][safepoint   ] Safepoint synchronization initiated using futex wait barrier. (255 threads)
[2025-04-25T15:42:43.217+0000][1686.322s][info ][safepoint   ] Safepoint "Cleanup", Time since last: 7022717533 ns, Reaching safepoint: 313669 ns, Cleanup: 37423 ns, At safepoint: 25928 ns, Total: 377020 ns
[2025-04-25T15:42:47.218+0000][1690.323s][debug][safepoint   ] Safepoint synchronization initiated using futex wait barrier. (255 threads)
[2025-04-25T15:42:47.218+0000][1690.323s][info ][safepoint   ] Safepoint "Cleanup", Time since last: 4000643783 ns, Reaching safepoint: 293138 ns, Cleanup: 30866 ns, At safepoint: 23893 ns, Total: 347897 ns
[2025-04-25T15:42:54.219+0000][1697.324s][debug][safepoint   ] Safepoint synchronization initiated using futex wait barrier. (255 threads)
[2025-04-25T15:42:54.220+0000][1697.325s][info ][safepoint   ] Safepoint "Cleanup", Time since last: 7001075238 ns, Reaching safepoint: 110254 ns, Cleanup: 18421 ns, At safepoint: 7384 ns, Total: 136059 ns
[2025-04-25T15:42:55.220+0000][1698.325s][debug][safepoint   ] Safepoint synchronization initiated using futex wait barrier. (255 threads)
[2025-04-25T15:42:55.220+0000][1698.325s][info ][safepoint   ] Safepoint "Cleanup", Time since last: 1000172724 ns, Reaching safepoint: 72342 ns, Cleanup: 13895 ns, At safepoint: 7648 ns, Total: 93885 ns
[2025-04-25T15:42:57.220+0000][1700.325s][debug][safepoint   ] Safepoint synchronization initiated using futex wait barrier. (255 threads)
[2025-04-25T15:42:57.220+0000][1700.325s][info ][safepoint   ] Safepoint "Cleanup", Time since last: 2000321110 ns, Reaching safepoint: 68865 ns, Cleanup: 14504 ns, At safepoint: 5379 ns, Total: 88748 ns
[2025-04-25T15:42:59.220+0000][1702.325s][debug][safepoint   ] Safepoint synchronization initiated using futex wait barrier. (255 threads)
[2025-04-25T15:42:59.221+0000][1702.326s][info ][safepoint   ] Safepoint "Cleanup", Time since last: 2000221361 ns, Reaching safepoint: 189999 ns, Cleanup: 33639 ns, At safepoint: 22145 ns, Total: 245783 ns
[2025-04-25T15:43:00.221+0000][1703.326s][debug][safepoint   ] Safepoint synchronization initiated using futex wait barrier. (255 threads)
[2025-04-25T15:43:00.221+0000][1703.326s][info ][safepoint   ] Safepoint "Cleanup", Time since last: 1000139614 ns, Reaching safepoint: 94639 ns, Cleanup: 25076 ns, At safepoint: 7468 ns, Total: 127183 ns
[2025-04-25T15:43:01.221+0000][1704.326s][debug][safepoint   ] Safepoint synchronization initiated using futex wait barrier. (255 threads)
[2025-04-25T15:43:01.221+0000][1704.326s][info ][safepoint   ] Safepoint "Cleanup", Time since last: 1000096280 ns, Reaching safepoint: 111697 ns, Cleanup: 96655 ns, At safepoint: 22742 ns, Total: 231094 ns
[2025-04-25T15:43:02.221+0000][1705.326s][debug][safepoint   ] Safepoint synchronization initiated using futex wait barrier. (255 threads)
[2025-04-25T15:43:02.222+0000][1705.327s][info ][safepoint   ] Safepoint "Cleanup", Time since last: 1000129984 ns, Reaching safepoint: 95453 ns, Cleanup: 20036 ns, At safepoint: 9074 ns, Total: 124563 ns
[2025-04-25T15:43:04.222+0000][1707.327s][debug][safepoint   ] Safepoint synchronization initiated using futex wait barrier. (253 threads)
[2025-04-25T15:43:04.222+0000][1707.327s][info ][safepoint   ] Safepoint "Cleanup", Time since last: 2000257217 ns, Reaching safepoint: 173347 ns, Cleanup: 24745 ns, At safepoint: 16209 ns, Total: 214301 ns
[2025-04-25T15:43:08.223+0000][1711.328s][debug][safepoint   ] Safepoint synchronization initiated using futex wait barrier. (253 threads)
[2025-04-25T15:43:08.223+0000][1711.328s][info ][safepoint   ] Safepoint "Cleanup", Time since last: 4000657175 ns, Reaching safepoint: 216021 ns, Cleanup: 31383 ns, At safepoint: 28618 ns, Total: 276022 ns
[2025-04-25T15:43:09.223+0000][1712.328s][debug][safepoint   ] Safepoint synchronization initiated using futex wait barrier. (253 threads)
[2025-04-25T15:43:09.224+0000][1712.329s][info ][safepoint   ] Safepoint "Cleanup", Time since last: 1000269632 ns, Reaching safepoint: 257791 ns, Cleanup: 40879 ns, At safepoint: 40822 ns, Total: 339492 ns
[2025-04-25T15:43:14.224+0000][1717.329s][debug][safepoint   ] Safepoint synchronization initiated using futex wait barrier. (253 threads)
[2025-04-25T15:43:14.225+0000][1717.330s][info ][safepoint   ] Safepoint "Cleanup", Time since last: 5000845040 ns, Reaching safepoint: 211777 ns, Cleanup: 37571 ns, At safepoint: 28667 ns, Total: 278015 ns
[2025-04-25T15:43:16.225+0000][1719.330s][debug][safepoint   ] Safepoint synchronization initiated using futex wait barrier. (253 threads)
[2025-04-25T15:43:16.225+0000][1719.331s][info ][safepoint   ] Safepoint "Cleanup", Time since last: 2000453262 ns, Reaching safepoint: 314886 ns, Cleanup: 37165 ns, At safepoint: 34837 ns, Total: 386888 ns
[2025-04-25T15:43:19.226+0000][1722.331s][debug][safepoint   ] Safepoint synchronization initiated using futex wait barrier. (253 threads)
[2025-04-25T15:43:19.226+0000][1722.331s][info ][safepoint   ] Safepoint "Cleanup", Time since last: 3000526536 ns, Reaching safepoint: 234824 ns, Cleanup: 30140 ns, At safepoint: 21727 ns, Total: 286691 ns
[2025-04-25T15:43:23.227+0000][1726.332s][debug][safepoint   ] Safepoint synchronization initiated using futex wait barrier. (253 threads)
[2025-04-25T15:43:23.227+0000][1726.332s][info ][safepoint   ] Safepoint "Cleanup", Time since last: 4000524841 ns, Reaching safepoint: 266328 ns, Cleanup: 31397 ns, At safepoint: 33220 ns, Total: 330945 ns
[2025-04-25T15:43:28.228+0000][1731.333s][debug][safepoint   ] Safepoint synchronization initiated using futex wait barrier. (253 threads)
[2025-04-25T15:43:28.228+0000][1731.333s][info ][safepoint   ] Safepoint "Cleanup", Time since last: 5000789245 ns, Reaching safepoint: 135588 ns, Cleanup: 23874 ns, At safepoint: 13488 ns, Total: 172950 ns
[2025-04-25T15:43:38.230+0000][1741.335s][debug][safepoint   ] Safepoint synchronization initiated using futex wait barrier. (259 threads)
[2025-04-25T15:43:38.230+0000][1741.335s][info ][safepoint   ] Safepoint "Cleanup", Time since last: 10001539877 ns, Reaching safepoint: 170211 ns, Cleanup: 115235 ns, At safepoint: 43189 ns, Total: 328635 ns
[2025-04-25T15:43:39.251+0000][1742.356s][debug][safepoint   ] Safepoint synchronization initiated using futex wait barrier. (259 threads)
[2025-04-25T15:43:39.252+0000][1742.357s][info ][safepoint   ] Safepoint "Cleanup", Time since last: 1021405372 ns, Reaching safepoint: 118348 ns, Cleanup: 19349 ns, At safepoint: 12278 ns, Total: 149975 ns
[2025-04-25T15:43:40.252+0000][1743.357s][debug][safepoint   ] Safepoint synchronization initiated using futex wait barrier. (259 threads)
[2025-04-25T15:43:40.252+0000][1743.357s][info ][safepoint   ] Safepoint "Cleanup", Time since last: 1000110987 ns, Reaching safepoint: 66763 ns, Cleanup: 13156 ns, At safepoint: 4421 ns, Total: 84340 ns
[2025-04-25T15:43:42.252+0000][1745.357s][debug][safepoint   ] Safepoint synchronization initiated using futex wait barrier. (259 threads)
[2025-04-25T15:43:42.252+0000][1745.357s][info ][safepoint   ] Safepoint "Cleanup", Time since last: 2000333380 ns, Reaching safepoint: 236032 ns, Cleanup: 35594 ns, At safepoint: 23469 ns, Total: 295095 ns
[2025-04-25T15:43:46.253+0000][1749.359s][debug][safepoint   ] Safepoint synchronization initiated using futex wait barrier. (259 threads)
[2025-04-25T15:43:46.256+0000][1749.361s][info ][safepoint   ] Safepoint "Cleanup", Time since last: 4001110343 ns, Reaching safepoint: 2038726 ns, Cleanup: 102773 ns, At safepoint: 200299 ns, Total: 2341798 ns
[2025-04-25T15:43:48.256+0000][1751.361s][debug][safepoint   ] Safepoint synchronization initiated using futex wait barrier. (259 threads)
[2025-04-25T15:43:48.257+0000][1751.362s][info ][safepoint   ] Safepoint "Cleanup", Time since last: 2000570399 ns, Reaching safepoint: 277302 ns, Cleanup: 46402 ns, At safepoint: 62438 ns, Total: 386142 ns
[2025-04-25T15:43:50.258+0000][1753.363s][debug][safepoint   ] Safepoint synchronization initiated using futex wait barrier. (259 threads)
[2025-04-25T15:43:50.258+0000][1753.363s][info ][safepoint   ] Safepoint "Cleanup", Time since last: 2000800689 ns, Reaching safepoint: 290488 ns, Cleanup: 35313 ns, At safepoint: 52018 ns, Total: 377819 ns
[2025-04-25T15:44:09.264+0000][1772.369s][debug][safepoint   ] Safepoint synchronization initiated using futex wait barrier. (259 threads)
[2025-04-25T15:44:09.266+0000][1772.371s][info ][safepoint   ] Safepoint "Cleanup", Time since last: 19005815508 ns, Reaching safepoint: 2334357 ns, Cleanup: 42961 ns, At safepoint: 60403 ns, Total: 2437721 ns
[2025-04-25T15:44:16.267+0000][1779.372s][debug][safepoint   ] Safepoint synchronization initiated using futex wait barrier. (259 threads)
[2025-04-25T15:44:16.267+0000][1779.372s][info ][safepoint   ] Safepoint "Cleanup", Time since last: 7000938540 ns, Reaching safepoint: 236927 ns, Cleanup: 33299 ns, At safepoint: 24189 ns, Total: 294415 ns
[2025-04-25T15:44:19.222+0000][1782.327s][debug][safepoint   ] Safepoint synchronization initiated using futex wait barrier. (261 threads)
[2025-04-25T15:44:19.222+0000][1782.327s][info ][safepoint   ] Safepoint "Cleanup", Time since last: 2954403068 ns, Reaching safepoint: 54259 ns, Cleanup: 10633 ns, At safepoint: 4786 ns, Total: 69678 ns
[2025-04-25T15:44:20.222+0000][1783.327s][debug][safepoint   ] Safepoint synchronization initiated using futex wait barrier. (261 threads)
[2025-04-25T15:44:20.222+0000][1783.327s][info ][safepoint   ] Safepoint "Cleanup", Time since last: 1000136466 ns, Reaching safepoint: 85989 ns, Cleanup: 69706 ns, At safepoint: 13550 ns, Total: 169245 ns
[2025-04-25T15:44:22.223+0000][1785.328s][debug][safepoint   ] Safepoint synchronization initiated using futex wait barrier. (261 threads)
[2025-04-25T15:44:22.223+0000][1785.328s][info ][safepoint   ] Safepoint "Cleanup", Time since last: 2000392832 ns, Reaching safepoint: 231041 ns, Cleanup: 37545 ns, At safepoint: 29276 ns, Total: 297862 ns
[2025-04-25T15:44:24.223+0000][1787.328s][debug][safepoint   ] Safepoint synchronization initiated using futex wait barrier. (261 threads)
[2025-04-25T15:44:24.223+0000][1787.328s][info ][safepoint   ] Safepoint "Cleanup", Time since last: 2000253329 ns, Reaching safepoint: 169581 ns, Cleanup: 22865 ns, At safepoint: 20697 ns, Total: 213143 ns
[2025-04-25T15:44:31.224+0000][1794.329s][debug][safepoint   ] Safepoint synchronization initiated using futex wait barrier. (259 threads)
[2025-04-25T15:44:31.225+0000][1794.330s][info ][safepoint   ] Safepoint "Cleanup", Time since last: 7000946846 ns, Reaching safepoint: 227761 ns, Cleanup: 31787 ns, At safepoint: 27643 ns, Total: 287191 ns
[2025-04-25T15:44:33.225+0000][1796.330s][debug][safepoint   ] Safepoint synchronization initiated using futex wait barrier. (261 threads)
[2025-04-25T15:44:33.225+0000][1796.330s][info ][safepoint   ] Safepoint "Cleanup", Time since last: 2000370591 ns, Reaching safepoint: 94201 ns, Cleanup: 11209 ns, At safepoint: 11245 ns, Total: 116655 ns
[2025-04-25T15:44:37.226+0000][1800.331s][debug][safepoint   ] Safepoint synchronization initiated using futex wait barrier. (261 threads)
[2025-04-25T15:44:37.226+0000][1800.331s][info ][safepoint   ] Safepoint "Cleanup", Time since last: 4000545850 ns, Reaching safepoint: 219471 ns, Cleanup: 38311 ns, At safepoint: 28442 ns, Total: 286224 ns
[2025-04-25T15:44:38.226+0000][1801.331s][debug][safepoint   ] Safepoint synchronization initiated using futex wait barrier. (255 threads)
[2025-04-25T15:44:38.226+0000][1801.331s][info ][safepoint   ] Safepoint "Cleanup", Time since last: 1000215505 ns, Reaching safepoint: 90259 ns, Cleanup: 16921 ns, At safepoint: 9990 ns, Total: 117170 ns
[2025-04-25T15:44:40.535+0000][1803.640s][debug][safepoint   ] Safepoint synchronization initiated using futex wait barrier. (256 threads)
[2025-04-25T15:44:40.535+0000][1803.640s][info ][gc,start    ] GC(67) Pause Young (Normal) (G1 Evacuation Pause)
[2025-04-25T15:44:40.535+0000][1803.640s][info ][gc,task     ] GC(67) Using 4 workers of 4 for evacuation
[2025-04-25T15:44:40.615+0000][1803.720s][info ][gc,phases   ] GC(67)   Pre Evacuate Collection Set: 0.4ms
[2025-04-25T15:44:40.615+0000][1803.720s][info ][gc,phases   ] GC(67)   Merge Heap Roots: 0.4ms
[2025-04-25T15:44:40.615+0000][1803.720s][info ][gc,phases   ] GC(67)   Evacuate Collection Set: 72.8ms
[2025-04-25T15:44:40.615+0000][1803.720s][info ][gc,phases   ] GC(67)   Post Evacuate Collection Set: 6.0ms
[2025-04-25T15:44:40.615+0000][1803.720s][info ][gc,phases   ] GC(67)   Other: 0.3ms
[2025-04-25T15:44:40.615+0000][1803.720s][info ][gc,heap     ] GC(67) Eden regions: 547->0(555)
[2025-04-25T15:44:40.615+0000][1803.720s][info ][gc,heap     ] GC(67) Survivor regions: 38->30(74)
[2025-04-25T15:44:40.615+0000][1803.720s][info ][gc,heap     ] GC(67) Old regions: 158->172
[2025-04-25T15:44:40.615+0000][1803.720s][info ][gc,heap     ] GC(67) Archive regions: 2->2
[2025-04-25T15:44:40.615+0000][1803.720s][info ][gc,heap     ] GC(67) Humongous regions: 2->2
[2025-04-25T15:44:40.615+0000][1803.720s][info ][gc,metaspace] GC(67) Metaspace: 198782K(200256K)->198782K(200256K) NonClass: 175012K(175744K)->175012K(175744K) Class: 23770K(24512K)->23770K(24512K)
[2025-04-25T15:44:40.615+0000][1803.720s][info ][gc          ] GC(67) Pause Young (Normal) (G1 Evacuation Pause) 745M->204M(976M) 79.974ms
[2025-04-25T15:44:40.615+0000][1803.720s][info ][gc,cpu      ] GC(67) User=0.18s Sys=0.00s Real=0.08s
[2025-04-25T15:44:40.615+0000][1803.720s][info ][safepoint   ] Safepoint "G1CollectForAllocation", Time since last: 2308478778 ns, Reaching safepoint: 224704 ns, Cleanup: 17447 ns, At safepoint: 80418200 ns, Total: 80660351 ns
[2025-04-25T15:44:41.616+0000][1804.721s][debug][safepoint   ] Safepoint synchronization initiated using futex wait barrier. (256 threads)
[2025-04-25T15:44:41.616+0000][1804.721s][info ][safepoint   ] Safepoint "Cleanup", Time since last: 1000137440 ns, Reaching safepoint: 166193 ns, Cleanup: 47954 ns, At safepoint: 14895 ns, Total: 229042 ns
[2025-04-25T15:44:42.616+0000][1805.721s][debug][safepoint   ] Safepoint synchronization initiated using futex wait barrier. (256 threads)
[2025-04-25T15:44:42.616+0000][1805.721s][info ][safepoint   ] Safepoint "Cleanup", Time since last: 1000109859 ns, Reaching safepoint: 62847 ns, Cleanup: 15209 ns, At safepoint: 5393 ns, Total: 83449 ns
[2025-04-25T15:44:43.616+0000][1806.721s][debug][safepoint   ] Safepoint synchronization initiated using futex wait barrier. (256 threads)
[2025-04-25T15:44:43.617+0000][1806.722s][info ][safepoint   ] Safepoint "Cleanup", Time since last: 1000209681 ns, Reaching safepoint: 249562 ns, Cleanup: 77103 ns, At safepoint: 39993 ns, Total: 366658 ns
[2025-04-25T15:44:45.617+0000][1808.722s][debug][safepoint   ] Safepoint synchronization initiated using futex wait barrier. (256 threads)
[2025-04-25T15:44:45.617+0000][1808.722s][info ][safepoint   ] Safepoint "Cleanup", Time since last: 2000303853 ns, Reaching safepoint: 339722 ns, Cleanup: 32838 ns, At safepoint: 28500 ns, Total: 401060 ns
[2025-04-25T15:44:46.617+0000][1809.723s][debug][safepoint   ] Safepoint synchronization initiated using futex wait barrier. (256 threads)
[2025-04-25T15:44:46.618+0000][1809.723s][info ][safepoint   ] Safepoint "Cleanup", Time since last: 1000222992 ns, Reaching safepoint: 88957 ns, Cleanup: 13835 ns, At safepoint: 9212 ns, Total: 112004 ns
[2025-04-25T15:44:48.618+0000][1811.723s][debug][safepoint   ] Safepoint synchronization initiated using futex wait barrier. (254 threads)
[2025-04-25T15:44:48.618+0000][1811.723s][debug][safepoint   ] ... found polling page loop exception at pc = 0x00007ff98901b02c, stub =0x00007ff98898e400
[2025-04-25T15:44:48.618+0000][1811.723s][info ][safepoint   ] Safepoint "Cleanup", Time since last: 2000255116 ns, Reaching safepoint: 314081 ns, Cleanup: 35178 ns, At safepoint: 63020 ns, Total: 412279 ns
[2025-04-25T15:44:49.619+0000][1812.724s][debug][safepoint   ] Safepoint synchronization initiated using futex wait barrier. (254 threads)
[2025-04-25T15:44:49.620+0000][1812.725s][info ][safepoint   ] Safepoint "Cleanup", Time since last: 1000975476 ns, Reaching safepoint: 206499 ns, Cleanup: 34190 ns, At safepoint: 30786 ns, Total: 271475 ns
[2025-04-25T15:44:51.620+0000][1814.725s][debug][safepoint   ] Safepoint synchronization initiated using futex wait barrier. (256 threads)
[2025-04-25T15:44:51.620+0000][1814.725s][info ][safepoint   ] Safepoint "Cleanup", Time since last: 2000318319 ns, Reaching safepoint: 62721 ns, Cleanup: 11038 ns, At safepoint: 6003 ns, Total: 79762 ns
[2025-04-25T15:44:53.620+0000][1816.725s][debug][safepoint   ] Safepoint synchronization initiated using futex wait barrier. (256 threads)
[2025-04-25T15:44:53.620+0000][1816.725s][info ][safepoint   ] Safepoint "Cleanup", Time since last: 2000286589 ns, Reaching safepoint: 75907 ns, Cleanup: 13285 ns, At safepoint: 6410 ns, Total: 95602 ns
[2025-04-25T15:44:55.621+0000][1818.726s][debug][safepoint   ] Safepoint synchronization initiated using futex wait barrier. (256 threads)
[2025-04-25T15:44:55.621+0000][1818.726s][info ][safepoint   ] Safepoint "Cleanup", Time since last: 2000293791 ns, Reaching safepoint: 386174 ns, Cleanup: 42084 ns, At safepoint: 31171 ns, Total: 459429 ns
[2025-04-25T15:44:57.621+0000][1820.726s][debug][safepoint   ] Safepoint synchronization initiated using futex wait barrier. (255 threads)
[2025-04-25T15:44:57.621+0000][1820.726s][info ][safepoint   ] Safepoint "Cleanup", Time since last: 2000289158 ns, Reaching safepoint: 108766 ns, Cleanup: 16245 ns, At safepoint: 11626 ns, Total: 136637 ns
[2025-04-25T15:44:59.307+0000][1822.412s][debug][safepoint   ] Safepoint synchronization initiated using futex wait barrier. (263 threads)
[2025-04-25T15:44:59.307+0000][1822.412s][info ][safepoint   ] Safepoint "Cleanup", Time since last: 1685084905 ns, Reaching safepoint: 279753 ns, Cleanup: 241202 ns, At safepoint: 128831 ns, Total: 649786 ns
[2025-04-25T15:45:00.562+0000][1823.667s][debug][safepoint   ] Safepoint synchronization initiated using futex wait barrier. (263 threads)
[2025-04-25T15:45:00.562+0000][1823.667s][info ][safepoint   ] Safepoint "Cleanup", Time since last: 1254533524 ns, Reaching safepoint: 85131 ns, Cleanup: 94997 ns, At safepoint: 11191 ns, Total: 191319 ns
[2025-04-25T15:45:01.562+0000][1824.667s][debug][safepoint   ] Safepoint synchronization initiated using futex wait barrier. (261 threads)
[2025-04-25T15:45:01.563+0000][1824.668s][info ][safepoint   ] Safepoint "Cleanup", Time since last: 1000152614 ns, Reaching safepoint: 796110 ns, Cleanup: 23858 ns, At safepoint: 20364 ns, Total: 840332 ns
[2025-04-25T15:45:05.564+0000][1828.669s][debug][safepoint   ] Safepoint synchronization initiated using futex wait barrier. (261 threads)
[2025-04-25T15:45:05.564+0000][1828.669s][info ][safepoint   ] Safepoint "Cleanup", Time since last: 4001025591 ns, Reaching safepoint: 323357 ns, Cleanup: 37086 ns, At safepoint: 28226 ns, Total: 388669 ns
[2025-04-25T15:45:07.565+0000][1830.670s][debug][safepoint   ] Safepoint synchronization initiated using futex wait barrier. (261 threads)
[2025-04-25T15:45:07.565+0000][1830.670s][info ][safepoint   ] Safepoint "Cleanup", Time since last: 2000350535 ns, Reaching safepoint: 238323 ns, Cleanup: 32533 ns, At safepoint: 26738 ns, Total: 297594 ns
[2025-04-25T15:45:15.566+0000][1838.671s][debug][safepoint   ] Safepoint synchronization initiated using futex wait barrier. (261 threads)
[2025-04-25T15:45:15.566+0000][1838.671s][info ][safepoint   ] Safepoint "Cleanup", Time since last: 8000979829 ns, Reaching safepoint: 155600 ns, Cleanup: 15890 ns, At safepoint: 10885 ns, Total: 182375 ns
[2025-04-25T15:45:18.566+0000][1841.671s][debug][safepoint   ] Safepoint synchronization initiated using futex wait barrier. (261 threads)
[2025-04-25T15:45:18.567+0000][1841.672s][info ][safepoint   ] Safepoint "Cleanup", Time since last: 3000307813 ns, Reaching safepoint: 283058 ns, Cleanup: 38049 ns, At safepoint: 28886 ns, Total: 349993 ns
[2025-04-25T15:45:29.569+0000][1852.674s][debug][safepoint   ] Safepoint synchronization initiated using futex wait barrier. (261 threads)
[2025-04-25T15:45:29.569+0000][1852.674s][info ][safepoint   ] Safepoint "Cleanup", Time since last: 11002255028 ns, Reaching safepoint: 107390 ns, Cleanup: 23867 ns, At safepoint: 31183 ns, Total: 162440 ns
[2025-04-25T15:45:31.569+0000][1854.674s][debug][safepoint   ] Safepoint synchronization initiated using futex wait barrier. (261 threads)
[2025-04-25T15:45:31.570+0000][1854.675s][info ][safepoint   ] Safepoint "Cleanup", Time since last: 2000237938 ns, Reaching safepoint: 199136 ns, Cleanup: 30055 ns, At safepoint: 22174 ns, Total: 251365 ns
[2025-04-25T15:45:37.570+0000][1860.675s][debug][safepoint   ] Safepoint synchronization initiated using futex wait barrier. (261 threads)
[2025-04-25T15:45:37.571+0000][1860.676s][info ][safepoint   ] Safepoint "Cleanup", Time since last: 6000674961 ns, Reaching safepoint: 174997 ns, Cleanup: 28354 ns, At safepoint: 12573 ns, Total: 215924 ns
[2025-04-25T15:45:42.321+0000][1865.426s][debug][safepoint   ] Safepoint synchronization initiated using futex wait barrier. (261 threads)
[2025-04-25T15:45:42.322+0000][1865.427s][info ][safepoint   ] Safepoint "Cleanup", Time since last: 4750629927 ns, Reaching safepoint: 562567 ns, Cleanup: 33866 ns, At safepoint: 65684 ns, Total: 662117 ns
[2025-04-25T15:45:48.323+0000][1871.428s][debug][safepoint   ] Safepoint synchronization initiated using futex wait barrier. (261 threads)
[2025-04-25T15:45:48.323+0000][1871.428s][info ][safepoint   ] Safepoint "Cleanup", Time since last: 6000643231 ns, Reaching safepoint: 77230 ns, Cleanup: 13261 ns, At safepoint: 7821 ns, Total: 98312 ns
[2025-04-25T15:45:52.323+0000][1875.428s][debug][safepoint   ] Safepoint synchronization initiated using futex wait barrier. (260 threads)
[2025-04-25T15:45:52.324+0000][1875.429s][info ][safepoint   ] Safepoint "Cleanup", Time since last: 4000544359 ns, Reaching safepoint: 285819 ns, Cleanup: 33287 ns, At safepoint: 20674 ns, Total: 339780 ns
[2025-04-25T15:46:10.326+0000][1893.431s][debug][safepoint   ] Safepoint synchronization initiated using futex wait barrier. (254 threads)
[2025-04-25T15:46:10.327+0000][1893.432s][info ][safepoint   ] Safepoint "Cleanup", Time since last: 18002711244 ns, Reaching safepoint: 354530 ns, Cleanup: 32100 ns, At safepoint: 38586 ns, Total: 425216 ns
[2025-04-25T15:46:12.327+0000][1895.432s][debug][safepoint   ] Safepoint synchronization initiated using futex wait barrier. (254 threads)
[2025-04-25T15:46:12.327+0000][1895.432s][info ][safepoint   ] Safepoint "Cleanup", Time since last: 2000291232 ns, Reaching safepoint: 127639 ns, Cleanup: 17149 ns, At safepoint: 10941 ns, Total: 155729 ns
[2025-04-25T15:46:13.327+0000][1896.432s][debug][safepoint   ] Safepoint synchronization initiated using futex wait barrier. (254 threads)
[2025-04-25T15:46:13.328+0000][1896.433s][info ][safepoint   ] Safepoint "Cleanup", Time since last: 1000159146 ns, Reaching safepoint: 229285 ns, Cleanup: 35052 ns, At safepoint: 25691 ns, Total: 290028 ns
[2025-04-25T15:46:31.332+0000][1914.437s][debug][safepoint   ] Safepoint synchronization initiated using futex wait barrier. (254 threads)
[2025-04-25T15:46:31.332+0000][1914.437s][info ][safepoint   ] Safepoint "Cleanup", Time since last: 18004521612 ns, Reaching safepoint: 76972 ns, Cleanup: 12389 ns, At safepoint: 7417 ns, Total: 96778 ns
[2025-04-25T15:46:34.332+0000][1917.438s][debug][safepoint   ] Safepoint synchronization initiated using futex wait barrier. (254 threads)
[2025-04-25T15:46:34.333+0000][1917.438s][info ][safepoint   ] Safepoint "Cleanup", Time since last: 3000321848 ns, Reaching safepoint: 273629 ns, Cleanup: 31092 ns, At safepoint: 57514 ns, Total: 362235 ns
[2025-04-25T15:46:35.333+0000][1918.438s][debug][safepoint   ] Safepoint synchronization initiated using futex wait barrier. (254 threads)
[2025-04-25T15:46:35.333+0000][1918.438s][info ][safepoint   ] Safepoint "Cleanup", Time since last: 1000277443 ns, Reaching safepoint: 141763 ns, Cleanup: 26546 ns, At safepoint: 18371 ns, Total: 186680 ns
[2025-04-25T15:46:43.374+0000][1926.479s][debug][safepoint   ] Safepoint synchronization initiated using futex wait barrier. (254 threads)
[2025-04-25T15:46:43.374+0000][1926.479s][info ][safepoint   ] Safepoint "Cleanup", Time since last: 8040458711 ns, Reaching safepoint: 107144 ns, Cleanup: 16691 ns, At safepoint: 13366 ns, Total: 137201 ns
[2025-04-25T15:46:45.375+0000][1928.480s][debug][safepoint   ] Safepoint synchronization initiated using futex wait barrier. (254 threads)
[2025-04-25T15:46:45.376+0000][1928.481s][info ][safepoint   ] Safepoint "Cleanup", Time since last: 2001310333 ns, Reaching safepoint: 338692 ns, Cleanup: 39087 ns, At safepoint: 39677 ns, Total: 417456 ns
[2025-04-25T15:47:18.381+0000][1961.486s][debug][safepoint   ] Safepoint synchronization initiated using futex wait barrier. (250 threads)
[2025-04-25T15:47:18.381+0000][1961.486s][info ][safepoint   ] Safepoint "Cleanup", Time since last: 33005259735 ns, Reaching safepoint: 164067 ns, Cleanup: 14324 ns, At safepoint: 10961 ns, Total: 189352 ns
[2025-04-25T15:47:38.383+0000][1981.488s][debug][safepoint   ] Safepoint synchronization initiated using futex wait barrier. (250 threads)
[2025-04-25T15:47:38.385+0000][1981.490s][info ][safepoint   ] Safepoint "Cleanup", Time since last: 20002033757 ns, Reaching safepoint: 2076168 ns, Cleanup: 60121 ns, At safepoint: 34064 ns, Total: 2170353 ns
[2025-04-25T15:47:40.414+0000][1983.519s][debug][safepoint   ] Safepoint synchronization initiated using futex wait barrier. (250 threads)
[2025-04-25T15:47:40.414+0000][1983.519s][info ][safepoint   ] Safepoint "Cleanup", Time since last: 2028278736 ns, Reaching safepoint: 257474 ns, Cleanup: 49343 ns, At safepoint: 18994 ns, Total: 325811 ns
[2025-04-25T15:48:13.423+0000][2016.528s][debug][safepoint   ] Safepoint synchronization initiated using futex wait barrier. (248 threads)
[2025-04-25T15:48:13.423+0000][2016.528s][info ][safepoint   ] Safepoint "Cleanup", Time since last: 33009402055 ns, Reaching safepoint: 120216 ns, Cleanup: 21145 ns, At safepoint: 9861 ns, Total: 151222 ns
[2025-04-25T15:48:24.425+0000][2027.530s][debug][safepoint   ] Safepoint synchronization initiated using futex wait barrier. (248 threads)
[2025-04-25T15:48:24.425+0000][2027.530s][info ][safepoint   ] Safepoint "Cleanup", Time since last: 11001557962 ns, Reaching safepoint: 351084 ns, Cleanup: 36396 ns, At safepoint: 26728 ns, Total: 414208 ns
[2025-04-25T15:48:25.426+0000][2028.531s][debug][safepoint   ] Safepoint synchronization initiated using futex wait barrier. (248 threads)
[2025-04-25T15:48:25.426+0000][2028.531s][info ][safepoint   ] Safepoint "Cleanup", Time since last: 1000298100 ns, Reaching safepoint: 253920 ns, Cleanup: 35528 ns, At safepoint: 30776 ns, Total: 320224 ns
[2025-04-25T15:48:42.457+0000][2045.562s][debug][safepoint   ] Safepoint synchronization initiated using futex wait barrier. (248 threads)
[2025-04-25T15:48:42.457+0000][2045.562s][info ][safepoint   ] Safepoint "Cleanup", Time since last: 17030796521 ns, Reaching safepoint: 265441 ns, Cleanup: 23442 ns, At safepoint: 20113 ns, Total: 308996 ns
[2025-04-25T15:48:44.458+0000][2047.563s][debug][safepoint   ] Safepoint synchronization initiated using futex wait barrier. (248 threads)
[2025-04-25T15:48:44.458+0000][2047.563s][info ][safepoint   ] Safepoint "Cleanup", Time since last: 2000595648 ns, Reaching safepoint: 90576 ns, Cleanup: 31634 ns, At safepoint: 8450 ns, Total: 130660 ns
[2025-04-25T15:48:52.460+0000][2055.565s][debug][safepoint   ] Safepoint synchronization initiated using futex wait barrier. (248 threads)
[2025-04-25T15:48:52.461+0000][2055.566s][info ][safepoint   ] Safepoint "Cleanup", Time since last: 8002481816 ns, Reaching safepoint: 128433 ns, Cleanup: 24838 ns, At safepoint: 11214 ns, Total: 164485 ns
[2025-04-25T15:49:03.464+0000][2066.569s][debug][safepoint   ] Safepoint synchronization initiated using futex wait barrier. (247 threads)
[2025-04-25T15:49:03.465+0000][2066.570s][info ][safepoint   ] Safepoint "Cleanup", Time since last: 11003776750 ns, Reaching safepoint: 285718 ns, Cleanup: 36040 ns, At safepoint: 24307 ns, Total: 346065 ns
[2025-04-25T15:49:04.465+0000][2067.570s][debug][safepoint   ] Safepoint synchronization initiated using futex wait barrier. (247 threads)
[2025-04-25T15:49:04.465+0000][2067.570s][info ][safepoint   ] Safepoint "Cleanup", Time since last: 1000170339 ns, Reaching safepoint: 157269 ns, Cleanup: 16594 ns, At safepoint: 11209 ns, Total: 185072 ns
[2025-04-25T15:49:17.475+0000][2080.580s][debug][safepoint   ] Safepoint synchronization initiated using futex wait barrier. (247 threads)
[2025-04-25T15:49:17.475+0000][2080.580s][info ][safepoint   ] Safepoint "Cleanup", Time since last: 13009648121 ns, Reaching safepoint: 320133 ns, Cleanup: 41954 ns, At safepoint: 116276 ns, Total: 478363 ns
[2025-04-25T15:49:20.476+0000][2083.581s][debug][safepoint   ] Safepoint synchronization initiated using futex wait barrier. (247 threads)
[2025-04-25T15:49:20.476+0000][2083.581s][info ][safepoint   ] Safepoint "Cleanup", Time since last: 3000902876 ns, Reaching safepoint: 317524 ns, Cleanup: 40452 ns, At safepoint: 29280 ns, Total: 387256 ns
[2025-04-25T15:49:23.478+0000][2086.583s][debug][safepoint   ] Safepoint synchronization initiated using futex wait barrier. (247 threads)
[2025-04-25T15:49:23.478+0000][2086.583s][info ][safepoint   ] Safepoint "Cleanup", Time since last: 3001142059 ns, Reaching safepoint: 93397 ns, Cleanup: 14029 ns, At safepoint: 9613 ns, Total: 117039 ns
[2025-04-25T15:49:38.480+0000][2101.585s][debug][safepoint   ] Safepoint synchronization initiated using futex wait barrier. (247 threads)
[2025-04-25T15:49:38.481+0000][2101.586s][info ][safepoint   ] Safepoint "Cleanup", Time since last: 15002573043 ns, Reaching safepoint: 290563 ns, Cleanup: 36727 ns, At safepoint: 47517 ns, Total: 374807 ns
[2025-04-25T15:49:47.504+0000][2110.610s][debug][safepoint   ] Safepoint synchronization initiated using futex wait barrier. (247 threads)
[2025-04-25T15:49:47.505+0000][2110.610s][info ][safepoint   ] Safepoint "Cleanup", Time since last: 9023881577 ns, Reaching safepoint: 192247 ns, Cleanup: 25069 ns, At safepoint: 16086 ns, Total: 233402 ns
[2025-04-25T15:49:50.505+0000][2113.610s][debug][safepoint   ] Safepoint synchronization initiated using futex wait barrier. (247 threads)
[2025-04-25T15:49:50.506+0000][2113.611s][info ][safepoint   ] Safepoint "Cleanup", Time since last: 3000670828 ns, Reaching safepoint: 237270 ns, Cleanup: 56541 ns, At safepoint: 30220 ns, Total: 324031 ns
[2025-04-25T15:49:54.507+0000][2117.612s][debug][safepoint   ] Safepoint synchronization initiated using futex wait barrier. (247 threads)
[2025-04-25T15:49:54.508+0000][2117.613s][info ][safepoint   ] Safepoint "Cleanup", Time since last: 4001592815 ns, Reaching safepoint: 239490 ns, Cleanup: 138382 ns, At safepoint: 34531 ns, Total: 412403 ns
[2025-04-25T15:49:56.509+0000][2119.614s][debug][safepoint   ] Safepoint synchronization initiated using futex wait barrier. (247 threads)
[2025-04-25T15:49:56.509+0000][2119.614s][info ][safepoint   ] Safepoint "Cleanup", Time since last: 2000991774 ns, Reaching safepoint: 115852 ns, Cleanup: 20204 ns, At safepoint: 12170 ns, Total: 148226 ns
[2025-04-25T15:49:57.343+0000][2120.448s][debug][safepoint   ] Safepoint synchronization initiated using futex wait barrier. (247 threads)
[2025-04-25T15:49:57.343+0000][2120.448s][info ][gc,start    ] GC(68) Pause Young (Normal) (G1 Evacuation Pause)
[2025-04-25T15:49:57.343+0000][2120.448s][info ][gc,task     ] GC(68) Using 4 workers of 4 for evacuation
[2025-04-25T15:49:57.484+0000][2120.589s][info ][gc,phases   ] GC(68)   Pre Evacuate Collection Set: 0.7ms
[2025-04-25T15:49:57.484+0000][2120.589s][info ][gc,phases   ] GC(68)   Merge Heap Roots: 1.0ms
[2025-04-25T15:49:57.484+0000][2120.589s][info ][gc,phases   ] GC(68)   Evacuate Collection Set: 135.6ms
[2025-04-25T15:49:57.484+0000][2120.589s][info ][gc,phases   ] GC(68)   Post Evacuate Collection Set: 2.8ms
[2025-04-25T15:49:57.484+0000][2120.589s][info ][gc,phases   ] GC(68)   Other: 0.7ms
[2025-04-25T15:49:57.484+0000][2120.589s][info ][gc,heap     ] GC(68) Eden regions: 555->0(554)
[2025-04-25T15:49:57.484+0000][2120.589s][info ][gc,heap     ] GC(68) Survivor regions: 30->31(74)
[2025-04-25T15:49:57.484+0000][2120.589s][info ][gc,heap     ] GC(68) Old regions: 172->172
[2025-04-25T15:49:57.484+0000][2120.589s][info ][gc,heap     ] GC(68) Archive regions: 2->2
[2025-04-25T15:49:57.484+0000][2120.589s][info ][gc,heap     ] GC(68) Humongous regions: 2->2
[2025-04-25T15:49:57.484+0000][2120.589s][info ][gc,metaspace] GC(68) Metaspace: 199676K(201216K)->199676K(201216K) NonClass: 175794K(176576K)->175794K(176576K) Class: 23881K(24640K)->23881K(24640K)
[2025-04-25T15:49:57.484+0000][2120.589s][info ][gc          ] GC(68) Pause Young (Normal) (G1 Evacuation Pause) 759M->205M(976M) 140.893ms
[2025-04-25T15:49:57.484+0000][2120.589s][info ][gc,cpu      ] GC(68) User=0.43s Sys=0.00s Real=0.14s
[2025-04-25T15:49:57.484+0000][2120.589s][info ][safepoint   ] Safepoint "G1CollectForAllocation", Time since last: 833736891 ns, Reaching safepoint: 272284 ns, Cleanup: 40120 ns, At safepoint: 141434374 ns, Total: 141746778 ns
[2025-04-25T15:49:58.485+0000][2121.590s][debug][safepoint   ] Safepoint synchronization initiated using futex wait barrier. (247 threads)
[2025-04-25T15:49:58.485+0000][2121.590s][info ][safepoint   ] Safepoint "Cleanup", Time since last: 1000194277 ns, Reaching safepoint: 280087 ns, Cleanup: 81472 ns, At safepoint: 31710 ns, Total: 393269 ns
[2025-04-25T15:50:16.837+0000][2139.942s][debug][safepoint   ] Safepoint synchronization initiated using futex wait barrier. (247 threads)
[2025-04-25T15:50:16.838+0000][2139.943s][info ][safepoint   ] Safepoint "Cleanup", Time since last: 18352464216 ns, Reaching safepoint: 215081 ns, Cleanup: 198753 ns, At safepoint: 42236 ns, Total: 456070 ns
[2025-04-25T15:50:25.841+0000][2148.946s][debug][safepoint   ] Safepoint synchronization initiated using futex wait barrier. (247 threads)
[2025-04-25T15:50:25.841+0000][2148.946s][info ][safepoint   ] Safepoint "Cleanup", Time since last: 9002996434 ns, Reaching safepoint: 79860 ns, Cleanup: 12892 ns, At safepoint: 6989 ns, Total: 99741 ns
[2025-04-25T15:50:32.842+0000][2155.947s][debug][safepoint   ] Safepoint synchronization initiated using futex wait barrier. (247 threads)
[2025-04-25T15:50:32.842+0000][2155.947s][info ][safepoint   ] Safepoint "Cleanup", Time since last: 7000717567 ns, Reaching safepoint: 106761 ns, Cleanup: 15533 ns, At safepoint: 9853 ns, Total: 132147 ns
[2025-04-25T15:50:36.842+0000][2159.947s][debug][safepoint   ] Safepoint synchronization initiated using futex wait barrier. (247 threads)
[2025-04-25T15:50:36.843+0000][2159.948s][info ][safepoint   ] Safepoint "Cleanup", Time since last: 4000518679 ns, Reaching safepoint: 227976 ns, Cleanup: 35294 ns, At safepoint: 27254 ns, Total: 290524 ns
[2025-04-25T15:50:40.544+0000][2163.649s][debug][safepoint   ] Safepoint synchronization initiated using futex wait barrier. (247 threads)
[2025-04-25T15:50:40.545+0000][2163.650s][info ][safepoint   ] Safepoint "Cleanup", Time since last: 3701788214 ns, Reaching safepoint: 219238 ns, Cleanup: 30278 ns, At safepoint: 24806 ns, Total: 274322 ns
[2025-04-25T15:50:43.545+0000][2166.650s][debug][safepoint   ] Safepoint synchronization initiated using futex wait barrier. (247 threads)
[2025-04-25T15:50:43.545+0000][2166.650s][debug][safepoint   ] ... found polling page loop exception at pc = 0x00007ff98a2b9218, stub =0x00007ff98898e400
[2025-04-25T15:50:43.546+0000][2166.651s][info ][safepoint   ] Safepoint "Cleanup", Time since last: 3000328626 ns, Reaching safepoint: 565909 ns, Cleanup: 35393 ns, At safepoint: 45063 ns, Total: 646365 ns
[2025-04-25T15:50:49.546+0000][2172.651s][debug][safepoint   ] Safepoint synchronization initiated using futex wait barrier. (247 threads)
[2025-04-25T15:50:49.547+0000][2172.652s][info ][safepoint   ] Safepoint "Cleanup", Time since last: 6000768242 ns, Reaching safepoint: 94482 ns, Cleanup: 13392 ns, At safepoint: 5732 ns, Total: 113606 ns
[2025-04-25T15:50:50.547+0000][2173.652s][debug][safepoint   ] Safepoint synchronization initiated using futex wait barrier. (248 threads)
[2025-04-25T15:50:50.547+0000][2173.652s][info ][safepoint   ] Safepoint "Cleanup", Time since last: 1000227948 ns, Reaching safepoint: 340906 ns, Cleanup: 38114 ns, At safepoint: 37463 ns, Total: 416483 ns
[2025-04-25T15:50:51.547+0000][2174.652s][debug][safepoint   ] Safepoint synchronization initiated using futex wait barrier. (248 threads)
[2025-04-25T15:50:51.548+0000][2174.653s][info ][safepoint   ] Safepoint "Cleanup", Time since last: 1000226762 ns, Reaching safepoint: 289776 ns, Cleanup: 34624 ns, At safepoint: 48707 ns, Total: 373107 ns
[2025-04-25T15:50:52.548+0000][2175.653s][debug][safepoint   ] Safepoint synchronization initiated using futex wait barrier. (249 threads)
[2025-04-25T15:50:52.548+0000][2175.653s][info ][safepoint   ] Safepoint "Cleanup", Time since last: 1000294950 ns, Reaching safepoint: 322152 ns, Cleanup: 42918 ns, At safepoint: 21073 ns, Total: 386143 ns
[2025-04-25T15:50:54.549+0000][2177.654s][debug][safepoint   ] Safepoint synchronization initiated using futex wait barrier. (249 threads)
[2025-04-25T15:50:54.552+0000][2177.657s][info ][safepoint   ] Safepoint "Cleanup", Time since last: 2000714601 ns, Reaching safepoint: 2254586 ns, Cleanup: 19120 ns, At safepoint: 131761 ns, Total: 2405467 ns
[2025-04-25T15:51:06.557+0000][2189.662s][debug][safepoint   ] Safepoint synchronization initiated using futex wait barrier. (249 threads)
[2025-04-25T15:51:06.557+0000][2189.662s][info ][safepoint   ] Safepoint "Cleanup", Time since last: 12004933448 ns, Reaching safepoint: 237042 ns, Cleanup: 24583 ns, At safepoint: 21510 ns, Total: 283135 ns
[2025-04-25T15:51:11.559+0000][2194.664s][debug][safepoint   ] Safepoint synchronization initiated using futex wait barrier. (249 threads)
[2025-04-25T15:51:11.560+0000][2194.665s][info ][safepoint   ] Safepoint "Cleanup", Time since last: 5002519371 ns, Reaching safepoint: 174157 ns, Cleanup: 26865 ns, At safepoint: 20809 ns, Total: 221831 ns
[2025-04-25T15:51:48.597+0000][2231.702s][debug][safepoint   ] Safepoint synchronization initiated using futex wait barrier. (248 threads)
[2025-04-25T15:51:48.597+0000][2231.702s][info ][safepoint   ] Safepoint "Cleanup", Time since last: 37037026593 ns, Reaching safepoint: 104211 ns, Cleanup: 15581 ns, At safepoint: 6140 ns, Total: 125932 ns
[2025-04-25T15:51:49.597+0000][2232.702s][debug][safepoint   ] Safepoint synchronization initiated using futex wait barrier. (248 threads)
[2025-04-25T15:51:49.597+0000][2232.702s][info ][safepoint   ] Safepoint "Cleanup", Time since last: 1000150946 ns, Reaching safepoint: 136048 ns, Cleanup: 21462 ns, At safepoint: 13533 ns, Total: 171043 ns
[2025-04-25T15:52:08.599+0000][2251.704s][debug][safepoint   ] Safepoint synchronization initiated using futex wait barrier. (247 threads)
[2025-04-25T15:52:08.599+0000][2251.705s][debug][safepoint   ] ... found polling page loop exception at pc = 0x00007ff989bf9285, stub =0x00007ff98898e400
[2025-04-25T15:52:08.600+0000][2251.705s][info ][safepoint   ] Safepoint "Cleanup", Time since last: 19002223257 ns, Reaching safepoint: 472832 ns, Cleanup: 33693 ns, At safepoint: 40776 ns, Total: 547301 ns
[2025-04-25T15:52:18.602+0000][2261.707s][debug][safepoint   ] Safepoint synchronization initiated using futex wait barrier. (247 threads)
[2025-04-25T15:52:18.602+0000][2261.708s][info ][safepoint   ] Safepoint "Cleanup", Time since last: 10002478786 ns, Reaching safepoint: 171763 ns, Cleanup: 42585 ns, At safepoint: 19827 ns, Total: 234175 ns
[2025-04-25T15:52:30.605+0000][2273.710s][debug][safepoint   ] Safepoint synchronization initiated using futex wait barrier. (247 threads)
[2025-04-25T15:52:30.605+0000][2273.710s][info ][safepoint   ] Safepoint "Cleanup", Time since last: 12002058950 ns, Reaching safepoint: 84973 ns, Cleanup: 13297 ns, At safepoint: 4682 ns, Total: 102952 ns
[2025-04-25T15:52:54.638+0000][2297.743s][debug][safepoint   ] Safepoint synchronization initiated using futex wait barrier. (247 threads)
[2025-04-25T15:52:54.638+0000][2297.743s][info ][safepoint   ] Safepoint "Cleanup", Time since last: 24033032391 ns, Reaching safepoint: 255179 ns, Cleanup: 43798 ns, At safepoint: 31769 ns, Total: 330746 ns
[2025-04-25T15:52:59.639+0000][2302.744s][debug][safepoint   ] Safepoint synchronization initiated using futex wait barrier. (247 threads)
[2025-04-25T15:52:59.639+0000][2302.744s][info ][safepoint   ] Safepoint "Cleanup", Time since last: 5000712078 ns, Reaching safepoint: 79090 ns, Cleanup: 11214 ns, At safepoint: 5606 ns, Total: 95910 ns
[2025-04-25T15:53:00.639+0000][2303.744s][debug][safepoint   ] Safepoint synchronization initiated using futex wait barrier. (248 threads)
[2025-04-25T15:53:00.639+0000][2303.744s][info ][safepoint   ] Safepoint "Cleanup", Time since last: 1000120322 ns, Reaching safepoint: 62455 ns, Cleanup: 43721 ns, At safepoint: 5674 ns, Total: 111850 ns
[2025-04-25T15:53:01.639+0000][2304.744s][debug][safepoint   ] Safepoint synchronization initiated using futex wait barrier. (248 threads)
[2025-04-25T15:53:01.639+0000][2304.744s][info ][safepoint   ] Safepoint "Cleanup", Time since last: 1000100987 ns, Reaching safepoint: 66668 ns, Cleanup: 15869 ns, At safepoint: 5044 ns, Total: 87581 ns
[2025-04-25T15:53:02.639+0000][2305.744s][debug][safepoint   ] Safepoint synchronization initiated using futex wait barrier. (248 threads)
[2025-04-25T15:53:02.639+0000][2305.745s][info ][safepoint   ] Safepoint "Cleanup", Time since last: 1000103722 ns, Reaching safepoint: 106744 ns, Cleanup: 18059 ns, At safepoint: 7243 ns, Total: 132046 ns
[2025-04-25T15:53:04.641+0000][2307.746s][debug][safepoint   ] Safepoint synchronization initiated using futex wait barrier. (248 threads)
[2025-04-25T15:53:04.642+0000][2307.747s][info ][safepoint   ] Safepoint "Cleanup", Time since last: 2001619663 ns, Reaching safepoint: 352436 ns, Cleanup: 75164 ns, At safepoint: 23063 ns, Total: 450663 ns
[2025-04-25T15:53:05.642+0000][2308.747s][debug][safepoint   ] Safepoint synchronization initiated using futex wait barrier. (261 threads)
[2025-04-25T15:53:05.642+0000][2308.747s][info ][safepoint   ] Safepoint "Cleanup", Time since last: 1000402061 ns, Reaching safepoint: 162949 ns, Cleanup: 45142 ns, At safepoint: 9369 ns, Total: 217460 ns
[2025-04-25T15:53:06.642+0000][2309.747s][debug][safepoint   ] Safepoint synchronization initiated using futex wait barrier. (262 threads)
[2025-04-25T15:53:06.643+0000][2309.748s][info ][safepoint   ] Safepoint "Cleanup", Time since last: 1000122639 ns, Reaching safepoint: 289465 ns, Cleanup: 13632 ns, At safepoint: 7513 ns, Total: 310610 ns
[2025-04-25T15:53:07.643+0000][2310.748s][debug][safepoint   ] Safepoint synchronization initiated using futex wait barrier. (263 threads)
[2025-04-25T15:53:07.643+0000][2310.748s][info ][safepoint   ] Safepoint "Cleanup", Time since last: 1000575709 ns, Reaching safepoint: 123422 ns, Cleanup: 19401 ns, At safepoint: 6943 ns, Total: 149766 ns
[2025-04-25T15:53:08.644+0000][2311.749s][debug][safepoint   ] Safepoint synchronization initiated using futex wait barrier. (263 threads)
[2025-04-25T15:53:08.644+0000][2311.749s][info ][safepoint   ] Safepoint "Cleanup", Time since last: 1000203403 ns, Reaching safepoint: 57761 ns, Cleanup: 19398 ns, At safepoint: 12259 ns, Total: 89418 ns
[2025-04-25T15:53:09.644+0000][2312.749s][debug][safepoint   ] Safepoint synchronization initiated using futex wait barrier. (264 threads)
[2025-04-25T15:53:09.644+0000][2312.749s][info ][safepoint   ] Safepoint "Cleanup", Time since last: 1000087246 ns, Reaching safepoint: 62902 ns, Cleanup: 7945 ns, At safepoint: 5450 ns, Total: 76297 ns
[2025-04-25T15:53:10.646+0000][2313.751s][debug][safepoint   ] Safepoint synchronization initiated using futex wait barrier. (264 threads)
[2025-04-25T15:53:10.649+0000][2313.754s][info ][safepoint   ] Safepoint "Cleanup", Time since last: 1002546726 ns, Reaching safepoint: 2225802 ns, Cleanup: 46059 ns, At safepoint: 98178 ns, Total: 2370039 ns
[2025-04-25T15:53:11.649+0000][2314.754s][debug][safepoint   ] Safepoint synchronization initiated using futex wait barrier. (264 threads)
[2025-04-25T15:53:11.649+0000][2314.754s][info ][safepoint   ] Safepoint "Cleanup", Time since last: 1000242278 ns, Reaching safepoint: 141156 ns, Cleanup: 37793 ns, At safepoint: 9374 ns, Total: 188323 ns
[2025-04-25T15:53:28.653+0000][2331.758s][debug][safepoint   ] Safepoint synchronization initiated using futex wait barrier. (265 threads)
[2025-04-25T15:53:28.656+0000][2331.761s][info ][safepoint   ] Safepoint "Cleanup", Time since last: 17004315041 ns, Reaching safepoint: 303029 ns, Cleanup: 27117 ns, At safepoint: 2117825 ns, Total: 2447971 ns
[2025-04-25T15:53:29.656+0000][2332.761s][debug][safepoint   ] Safepoint synchronization initiated using futex wait barrier. (265 threads)
[2025-04-25T15:53:29.656+0000][2332.761s][info ][safepoint   ] Safepoint "Cleanup", Time since last: 1000163375 ns, Reaching safepoint: 289521 ns, Cleanup: 86984 ns, At safepoint: 17645 ns, Total: 394150 ns
[2025-04-25T15:53:30.657+0000][2333.762s][debug][safepoint   ] Safepoint synchronization initiated using futex wait barrier. (265 threads)
[2025-04-25T15:53:30.657+0000][2333.762s][info ][safepoint   ] Safepoint "Cleanup", Time since last: 1000129579 ns, Reaching safepoint: 110108 ns, Cleanup: 12436 ns, At safepoint: 6907 ns, Total: 129451 ns
[2025-04-25T15:53:32.657+0000][2335.762s][debug][safepoint   ] Safepoint synchronization initiated using futex wait barrier. (265 threads)
[2025-04-25T15:53:32.657+0000][2335.762s][info ][safepoint   ] Safepoint "Cleanup", Time since last: 2000146022 ns, Reaching safepoint: 106063 ns, Cleanup: 11540 ns, At safepoint: 6214 ns, Total: 123817 ns
[2025-04-25T15:53:33.657+0000][2336.762s][debug][safepoint   ] Safepoint synchronization initiated using futex wait barrier. (265 threads)
[2025-04-25T15:53:33.657+0000][2336.762s][info ][safepoint   ] Safepoint "Cleanup", Time since last: 1000108835 ns, Reaching safepoint: 238939 ns, Cleanup: 36451 ns, At safepoint: 20370 ns, Total: 295760 ns
[2025-04-25T15:53:35.658+0000][2338.763s][debug][safepoint   ] Safepoint synchronization initiated using futex wait barrier. (265 threads)
[2025-04-25T15:53:35.658+0000][2338.763s][info ][safepoint   ] Safepoint "Cleanup", Time since last: 2000200959 ns, Reaching safepoint: 64025 ns, Cleanup: 27340 ns, At safepoint: 5601 ns, Total: 96966 ns
[2025-04-25T15:53:36.658+0000][2339.763s][debug][safepoint   ] Safepoint synchronization initiated using futex wait barrier. (265 threads)
[2025-04-25T15:53:36.659+0000][2339.764s][info ][safepoint   ] Safepoint "Cleanup", Time since last: 1000091443 ns, Reaching safepoint: 1430678 ns, Cleanup: 33829 ns, At safepoint: 21619 ns, Total: 1486126 ns
[2025-04-25T15:53:46.676+0000][2349.781s][debug][safepoint   ] Safepoint synchronization initiated using futex wait barrier. (265 threads)
[2025-04-25T15:53:46.676+0000][2349.781s][info ][safepoint   ] Safepoint "Cleanup", Time since last: 10016266398 ns, Reaching safepoint: 93556 ns, Cleanup: 15882 ns, At safepoint: 6223 ns, Total: 115661 ns
[2025-04-25T15:53:51.676+0000][2354.781s][debug][safepoint   ] Safepoint synchronization initiated using futex wait barrier. (265 threads)
[2025-04-25T15:53:51.677+0000][2354.782s][info ][safepoint   ] Safepoint "Cleanup", Time since last: 5000553991 ns, Reaching safepoint: 237142 ns, Cleanup: 28384 ns, At safepoint: 53502 ns, Total: 319028 ns
[2025-04-25T15:53:52.677+0000][2355.782s][debug][safepoint   ] Safepoint synchronization initiated using futex wait barrier. (266 threads)
[2025-04-25T15:53:52.677+0000][2355.782s][info ][safepoint   ] Safepoint "Cleanup", Time since last: 1000202408 ns, Reaching safepoint: 165320 ns, Cleanup: 19910 ns, At safepoint: 10709 ns, Total: 195939 ns
[2025-04-25T15:54:07.679+0000][2370.784s][debug][safepoint   ] Safepoint synchronization initiated using futex wait barrier. (267 threads)
[2025-04-25T15:54:07.679+0000][2370.784s][info ][safepoint   ] Safepoint "Cleanup", Time since last: 15002059949 ns, Reaching safepoint: 99333 ns, Cleanup: 42465 ns, At safepoint: 7363 ns, Total: 149161 ns
[2025-04-25T15:54:09.679+0000][2372.784s][debug][safepoint   ] Safepoint synchronization initiated using futex wait barrier. (267 threads)
[2025-04-25T15:54:09.679+0000][2372.784s][info ][safepoint   ] Safepoint "Cleanup", Time since last: 2000237877 ns, Reaching safepoint: 76176 ns, Cleanup: 13133 ns, At safepoint: 5924 ns, Total: 95233 ns
[2025-04-25T15:54:29.681+0000][2392.786s][debug][safepoint   ] Safepoint synchronization initiated using futex wait barrier. (267 threads)
[2025-04-25T15:54:29.682+0000][2392.787s][info ][safepoint   ] Safepoint "Cleanup", Time since last: 20001790811 ns, Reaching safepoint: 243097 ns, Cleanup: 27091 ns, At safepoint: 10210 ns, Total: 280398 ns
[2025-04-25T15:54:33.682+0000][2396.787s][debug][safepoint   ] Safepoint synchronization initiated using futex wait barrier. (267 threads)
[2025-04-25T15:54:33.682+0000][2396.787s][info ][safepoint   ] Safepoint "Cleanup", Time since last: 4000413445 ns, Reaching safepoint: 144021 ns, Cleanup: 22834 ns, At safepoint: 8108 ns, Total: 174963 ns
[2025-04-25T15:54:47.772+0000][2410.877s][debug][safepoint   ] Safepoint synchronization initiated using futex wait barrier. (267 threads)
[2025-04-25T15:54:47.775+0000][2410.880s][info ][safepoint   ] Safepoint "Cleanup", Time since last: 14090333294 ns, Reaching safepoint: 2830663 ns, Cleanup: 18677 ns, At safepoint: 36508 ns, Total: 2885848 ns
[2025-04-25T15:54:48.776+0000][2411.881s][debug][safepoint   ] Safepoint synchronization initiated using futex wait barrier. (269 threads)
[2025-04-25T15:54:48.776+0000][2411.881s][info ][safepoint   ] Safepoint "Cleanup", Time since last: 1000897700 ns, Reaching safepoint: 69018 ns, Cleanup: 51486 ns, At safepoint: 9705 ns, Total: 130209 ns
[2025-04-25T15:54:49.776+0000][2412.882s][debug][safepoint   ] Safepoint synchronization initiated using futex wait barrier. (269 threads)
[2025-04-25T15:54:49.777+0000][2412.882s][info ][safepoint   ] Safepoint "Cleanup", Time since last: 1000123335 ns, Reaching safepoint: 68377 ns, Cleanup: 12936 ns, At safepoint: 4792 ns, Total: 86105 ns
[2025-04-25T15:54:51.593+0000][2414.698s][debug][safepoint   ] Safepoint synchronization initiated using futex wait barrier. (269 threads)
[2025-04-25T15:54:51.594+0000][2414.699s][info ][safepoint   ] Safepoint "Cleanup", Time since last: 1816763830 ns, Reaching safepoint: 131565 ns, Cleanup: 75244 ns, At safepoint: 19468 ns, Total: 226277 ns
[2025-04-25T15:54:52.594+0000][2415.699s][debug][safepoint   ] Safepoint synchronization initiated using futex wait barrier. (268 threads)
[2025-04-25T15:54:52.594+0000][2415.699s][info ][safepoint   ] Safepoint "Cleanup", Time since last: 1000127598 ns, Reaching safepoint: 139372 ns, Cleanup: 22312 ns, At safepoint: 9209 ns, Total: 170893 ns
[2025-04-25T15:55:00.693+0000][2423.798s][debug][safepoint   ] Safepoint synchronization initiated using futex wait barrier. (268 threads)
[2025-04-25T15:55:00.694+0000][2423.799s][debug][safepoint   ] ... found polling page loop exception at pc = 0x00007ff989b7d6be, stub =0x00007ff98898e400
[2025-04-25T15:55:00.694+0000][2423.799s][info ][gc,start    ] GC(69) Pause Young (Normal) (G1 Evacuation Pause)
[2025-04-25T15:55:00.694+0000][2423.799s][info ][gc,task     ] GC(69) Using 4 workers of 4 for evacuation
[2025-04-25T15:55:00.744+0000][2423.849s][info ][gc,phases   ] GC(69)   Pre Evacuate Collection Set: 0.4ms
[2025-04-25T15:55:00.744+0000][2423.849s][info ][gc,phases   ] GC(69)   Merge Heap Roots: 0.3ms
[2025-04-25T15:55:00.744+0000][2423.849s][info ][gc,phases   ] GC(69)   Evacuate Collection Set: 46.2ms
[2025-04-25T15:55:00.744+0000][2423.849s][info ][gc,phases   ] GC(69)   Post Evacuate Collection Set: 3.1ms
[2025-04-25T15:55:00.744+0000][2423.849s][info ][gc,phases   ] GC(69)   Other: 0.3ms
[2025-04-25T15:55:00.744+0000][2423.849s][info ][gc,heap     ] GC(69) Eden regions: 554->0(554)
[2025-04-25T15:55:00.744+0000][2423.849s][info ][gc,heap     ] GC(69) Survivor regions: 31->31(74)
[2025-04-25T15:55:00.744+0000][2423.849s][info ][gc,heap     ] GC(69) Old regions: 172->172
[2025-04-25T15:55:00.744+0000][2423.849s][info ][gc,heap     ] GC(69) Archive regions: 2->2
[2025-04-25T15:55:00.744+0000][2423.849s][info ][gc,heap     ] GC(69) Humongous regions: 2->2
[2025-04-25T15:55:00.744+0000][2423.849s][info ][gc,metaspace] GC(69) Metaspace: 200941K(202496K)->200941K(202496K) NonClass: 176931K(177728K)->176931K(177728K) Class: 24009K(24768K)->24009K(24768K)
[2025-04-25T15:55:00.744+0000][2423.849s][info ][gc          ] GC(69) Pause Young (Normal) (G1 Evacuation Pause) 759M->205M(976M) 50.351ms
[2025-04-25T15:55:00.744+0000][2423.849s][info ][gc,cpu      ] GC(69) User=0.13s Sys=0.00s Real=0.05s
[2025-04-25T15:55:00.744+0000][2423.849s][info ][safepoint   ] Safepoint "G1CollectForAllocation", Time since last: 8099503095 ns, Reaching safepoint: 303787 ns, Cleanup: 8217 ns, At safepoint: 50767382 ns, Total: 51079386 ns
[2025-04-25T15:55:01.745+0000][2424.850s][debug][safepoint   ] Safepoint synchronization initiated using futex wait barrier. (269 threads)
[2025-04-25T15:55:01.745+0000][2424.850s][info ][safepoint   ] Safepoint "Cleanup", Time since last: 1000123860 ns, Reaching safepoint: 129584 ns, Cleanup: 35758 ns, At safepoint: 9418 ns, Total: 174760 ns
[2025-04-25T15:55:12.750+0000][2435.855s][debug][safepoint   ] Safepoint synchronization initiated using futex wait barrier. (269 threads)
[2025-04-25T15:55:12.750+0000][2435.855s][info ][safepoint   ] Safepoint "Cleanup", Time since last: 11004987952 ns, Reaching safepoint: 97867 ns, Cleanup: 13284 ns, At safepoint: 7165 ns, Total: 118316 ns
[2025-04-25T15:55:19.752+0000][2442.857s][debug][safepoint   ] Safepoint synchronization initiated using futex wait barrier. (269 threads)
[2025-04-25T15:55:19.753+0000][2442.858s][info ][safepoint   ] Safepoint "Cleanup", Time since last: 7002076049 ns, Reaching safepoint: 735391 ns, Cleanup: 34428 ns, At safepoint: 36370 ns, Total: 806189 ns
[2025-04-25T15:55:23.753+0000][2446.858s][debug][safepoint   ] Safepoint synchronization initiated using futex wait barrier. (269 threads)
[2025-04-25T15:55:23.753+0000][2446.858s][info ][safepoint   ] Safepoint "Cleanup", Time since last: 4000587266 ns, Reaching safepoint: 106766 ns, Cleanup: 17545 ns, At safepoint: 10898 ns, Total: 135209 ns
[2025-04-25T15:55:27.754+0000][2450.859s][debug][safepoint   ] Safepoint synchronization initiated using futex wait barrier. (269 threads)
[2025-04-25T15:55:27.754+0000][2450.859s][info ][safepoint   ] Safepoint "Cleanup", Time since last: 4000370887 ns, Reaching safepoint: 145714 ns, Cleanup: 16526 ns, At safepoint: 9257 ns, Total: 171497 ns
[2025-04-25T15:55:32.756+0000][2455.861s][debug][safepoint   ] Safepoint synchronization initiated using futex wait barrier. (269 threads)
[2025-04-25T15:55:32.756+0000][2455.861s][info ][safepoint   ] Safepoint "Cleanup", Time since last: 5001887646 ns, Reaching safepoint: 97182 ns, Cleanup: 13877 ns, At safepoint: 6240 ns, Total: 117299 ns
[2025-04-25T15:55:37.757+0000][2460.862s][debug][safepoint   ] Safepoint synchronization initiated using futex wait barrier. (269 threads)
[2025-04-25T15:55:37.759+0000][2460.864s][info ][safepoint   ] Safepoint "Cleanup", Time since last: 5001180683 ns, Reaching safepoint: 1531690 ns, Cleanup: 22148 ns, At safepoint: 24348 ns, Total: 1578186 ns
[2025-04-25T15:55:48.774+0000][2471.879s][debug][safepoint   ] Safepoint synchronization initiated using futex wait barrier. (266 threads)
[2025-04-25T15:55:48.774+0000][2471.879s][info ][safepoint   ] Safepoint "Cleanup", Time since last: 11015315149 ns, Reaching safepoint: 89945 ns, Cleanup: 16294 ns, At safepoint: 9441 ns, Total: 115680 ns
[2025-04-25T15:56:06.784+0000][2489.889s][debug][safepoint   ] Safepoint synchronization initiated using futex wait barrier. (264 threads)
[2025-04-25T15:56:06.784+0000][2489.889s][info ][safepoint   ] Safepoint "Cleanup", Time since last: 18009640166 ns, Reaching safepoint: 69036 ns, Cleanup: 10561 ns, At safepoint: 5448 ns, Total: 85045 ns
[2025-04-25T15:56:39.820+0000][2522.925s][debug][safepoint   ] Safepoint synchronization initiated using futex wait barrier. (264 threads)
[2025-04-25T15:56:39.820+0000][2522.925s][info ][safepoint   ] Safepoint "Cleanup", Time since last: 33036310416 ns, Reaching safepoint: 99532 ns, Cleanup: 28036 ns, At safepoint: 9410 ns, Total: 136978 ns
[2025-04-25T15:56:50.822+0000][2533.927s][debug][safepoint   ] Safepoint synchronization initiated using futex wait barrier. (263 threads)
[2025-04-25T15:56:50.822+0000][2533.927s][info ][safepoint   ] Safepoint "Cleanup", Time since last: 11001548317 ns, Reaching safepoint: 162668 ns, Cleanup: 21408 ns, At safepoint: 13453 ns, Total: 197529 ns
[2025-04-25T15:56:51.822+0000][2534.927s][debug][safepoint   ] Safepoint synchronization initiated using futex wait barrier. (263 threads)
[2025-04-25T15:56:51.823+0000][2534.928s][info ][safepoint   ] Safepoint "Cleanup", Time since last: 1000194599 ns, Reaching safepoint: 312334 ns, Cleanup: 61146 ns, At safepoint: 677942 ns, Total: 1051422 ns
[2025-04-25T15:57:06.827+0000][2549.932s][debug][safepoint   ] Safepoint synchronization initiated using futex wait barrier. (262 threads)
[2025-04-25T15:57:06.827+0000][2549.932s][info ][safepoint   ] Safepoint "Cleanup", Time since last: 15003361830 ns, Reaching safepoint: 100105 ns, Cleanup: 14075 ns, At safepoint: 9562 ns, Total: 123742 ns
[2025-04-25T15:57:21.829+0000][2564.934s][debug][safepoint   ] Safepoint synchronization initiated using futex wait barrier. (262 threads)
[2025-04-25T15:57:21.829+0000][2564.934s][info ][safepoint   ] Safepoint "Cleanup", Time since last: 15002050684 ns, Reaching safepoint: 309986 ns, Cleanup: 35507 ns, At safepoint: 28482 ns, Total: 373975 ns
[2025-04-25T15:57:22.830+0000][2565.935s][debug][safepoint   ] Safepoint synchronization initiated using futex wait barrier. (262 threads)
[2025-04-25T15:57:22.830+0000][2565.935s][info ][safepoint   ] Safepoint "Cleanup", Time since last: 1000242447 ns, Reaching safepoint: 110355 ns, Cleanup: 17462 ns, At safepoint: 12530 ns, Total: 140347 ns
[2025-04-25T15:57:31.831+0000][2574.936s][debug][safepoint   ] Safepoint synchronization initiated using futex wait barrier. (262 threads)
[2025-04-25T15:57:31.831+0000][2574.936s][info ][safepoint   ] Safepoint "Cleanup", Time since last: 9001390280 ns, Reaching safepoint: 91918 ns, Cleanup: 15524 ns, At safepoint: 8351 ns, Total: 115793 ns
[2025-04-25T15:57:32.831+0000][2575.936s][debug][safepoint   ] Safepoint synchronization initiated using futex wait barrier. (265 threads)
[2025-04-25T15:57:32.831+0000][2575.936s][info ][safepoint   ] Safepoint "Cleanup", Time since last: 1000095267 ns, Reaching safepoint: 79122 ns, Cleanup: 35639 ns, At safepoint: 10457 ns, Total: 125218 ns
[2025-04-25T15:57:37.832+0000][2580.937s][debug][safepoint   ] Safepoint synchronization initiated using futex wait barrier. (265 threads)
[2025-04-25T15:57:37.832+0000][2580.937s][info ][safepoint   ] Safepoint "Cleanup", Time since last: 5000352323 ns, Reaching safepoint: 60217 ns, Cleanup: 10666 ns, At safepoint: 6112 ns, Total: 76995 ns
[2025-04-25T15:57:46.861+0000][2589.966s][debug][safepoint   ] Safepoint synchronization initiated using futex wait barrier. (265 threads)
[2025-04-25T15:57:46.870+0000][2589.975s][info ][safepoint   ] Safepoint "Cleanup", Time since last: 9029087761 ns, Reaching safepoint: 2302834 ns, Cleanup: 3955070 ns, At safepoint: 2572928 ns, Total: 8830832 ns
[2025-04-25T15:57:51.871+0000][2594.976s][debug][safepoint   ] Safepoint synchronization initiated using futex wait barrier. (265 threads)
[2025-04-25T15:57:51.871+0000][2594.976s][info ][safepoint   ] Safepoint "Cleanup", Time since last: 5001416064 ns, Reaching safepoint: 93136 ns, Cleanup: 12522 ns, At safepoint: 6980 ns, Total: 112638 ns
[2025-04-25T15:58:00.872+0000][2603.977s][debug][safepoint   ] Safepoint synchronization initiated using futex wait barrier. (265 threads)
[2025-04-25T15:58:00.872+0000][2603.977s][info ][safepoint   ] Safepoint "Cleanup", Time since last: 9000863619 ns, Reaching safepoint: 179692 ns, Cleanup: 28949 ns, At safepoint: 16293 ns, Total: 224934 ns
[2025-04-25T15:58:05.873+0000][2608.978s][debug][safepoint   ] Safepoint synchronization initiated using futex wait barrier. (265 threads)
[2025-04-25T15:58:05.873+0000][2608.978s][info ][safepoint   ] Safepoint "Cleanup", Time since last: 5000934683 ns, Reaching safepoint: 86837 ns, Cleanup: 14255 ns, At safepoint: 8723 ns, Total: 109815 ns
[2025-04-25T15:58:07.874+0000][2610.979s][debug][safepoint   ] Safepoint synchronization initiated using futex wait barrier. (265 threads)
[2025-04-25T15:58:07.874+0000][2610.979s][info ][safepoint   ] Safepoint "Cleanup", Time since last: 2000193118 ns, Reaching safepoint: 212455 ns, Cleanup: 27825 ns, At safepoint: 58987 ns, Total: 299267 ns
[2025-04-25T15:58:09.255+0000][2612.360s][debug][safepoint   ] ... found polling page loop exception at pc = 0x00007ff9892a09b9, stub =0x00007ff98898e400
[2025-04-25T15:58:09.262+0000][2612.367s][debug][safepoint   ] Safepoint synchronization initiated using futex wait barrier. (265 threads)
[2025-04-25T15:58:09.271+0000][2612.376s][info ][safepoint   ] Safepoint "Cleanup", Time since last: 1388233141 ns, Reaching safepoint: 2750335 ns, Cleanup: 17712 ns, At safepoint: 6362077 ns, Total: 9130124 ns
[2025-04-25T15:58:10.271+0000][2613.376s][debug][safepoint   ] Safepoint synchronization initiated using futex wait barrier. (265 threads)
[2025-04-25T15:58:10.272+0000][2613.377s][info ][safepoint   ] Safepoint "Cleanup", Time since last: 1000194313 ns, Reaching safepoint: 103380 ns, Cleanup: 56879 ns, At safepoint: 8730 ns, Total: 168989 ns
[2025-04-25T15:58:20.273+0000][2623.378s][debug][safepoint   ] Safepoint synchronization initiated using futex wait barrier. (265 threads)
[2025-04-25T15:58:20.273+0000][2623.378s][info ][safepoint   ] Safepoint "Cleanup", Time since last: 10001124309 ns, Reaching safepoint: 167480 ns, Cleanup: 25857 ns, At safepoint: 9769 ns, Total: 203106 ns
[2025-04-25T15:58:25.276+0000][2628.381s][debug][safepoint   ] Safepoint synchronization initiated using futex wait barrier. (265 threads)
[2025-04-25T15:58:25.277+0000][2628.382s][info ][safepoint   ] Safepoint "Cleanup", Time since last: 5003352634 ns, Reaching safepoint: 289408 ns, Cleanup: 28304 ns, At safepoint: 16647 ns, Total: 334359 ns
[2025-04-25T15:58:27.277+0000][2630.382s][debug][safepoint   ] Safepoint synchronization initiated using futex wait barrier. (265 threads)
[2025-04-25T15:58:27.277+0000][2630.382s][info ][safepoint   ] Safepoint "Cleanup", Time since last: 2000206054 ns, Reaching safepoint: 62593 ns, Cleanup: 11409 ns, At safepoint: 5127 ns, Total: 79129 ns
[2025-04-25T15:58:29.026+0000][2632.131s][debug][safepoint   ] Safepoint synchronization initiated using futex wait barrier. (265 threads)
[2025-04-25T15:58:29.027+0000][2632.132s][info ][safepoint   ] Safepoint "Cleanup", Time since last: 1749371126 ns, Reaching safepoint: 211214 ns, Cleanup: 41882 ns, At safepoint: 22595 ns, Total: 275691 ns
[2025-04-25T15:58:31.027+0000][2634.132s][debug][safepoint   ] Safepoint synchronization initiated using futex wait barrier. (265 threads)
[2025-04-25T15:58:31.027+0000][2634.132s][info ][safepoint   ] Safepoint "Cleanup", Time since last: 2000268390 ns, Reaching safepoint: 98688 ns, Cleanup: 21949 ns, At safepoint: 7472 ns, Total: 128109 ns
[2025-04-25T15:58:34.027+0000][2637.132s][debug][safepoint   ] Safepoint synchronization initiated using futex wait barrier. (261 threads)
[2025-04-25T15:58:34.027+0000][2637.132s][info ][safepoint   ] Safepoint "Cleanup", Time since last: 3000257905 ns, Reaching safepoint: 83114 ns, Cleanup: 13608 ns, At safepoint: 9687 ns, Total: 106409 ns
[2025-04-25T15:58:36.027+0000][2639.133s][debug][safepoint   ] Safepoint synchronization initiated using futex wait barrier. (261 threads)
[2025-04-25T15:58:36.028+0000][2639.133s][info ][safepoint   ] Safepoint "Cleanup", Time since last: 2000168236 ns, Reaching safepoint: 204629 ns, Cleanup: 13903 ns, At safepoint: 13184 ns, Total: 231716 ns
[2025-04-25T15:58:40.901+0000][2644.006s][debug][safepoint   ] Safepoint synchronization initiated using futex wait barrier. (261 threads)
[2025-04-25T15:58:40.901+0000][2644.006s][info ][safepoint   ] Safepoint "Cleanup", Time since last: 4873344480 ns, Reaching safepoint: 90650 ns, Cleanup: 17356 ns, At safepoint: 7611 ns, Total: 115617 ns
[2025-04-25T15:58:51.902+0000][2655.007s][debug][safepoint   ] Safepoint synchronization initiated using futex wait barrier. (262 threads)
[2025-04-25T15:58:51.902+0000][2655.007s][info ][safepoint   ] Safepoint "Cleanup", Time since last: 11001001702 ns, Reaching safepoint: 88264 ns, Cleanup: 12993 ns, At safepoint: 4800 ns, Total: 106057 ns
[2025-04-25T15:58:52.902+0000][2656.007s][debug][safepoint   ] Safepoint synchronization initiated using futex wait barrier. (262 threads)
[2025-04-25T15:58:52.902+0000][2656.008s][info ][safepoint   ] Safepoint "Cleanup", Time since last: 1000098226 ns, Reaching safepoint: 105033 ns, Cleanup: 12737 ns, At safepoint: 6924 ns, Total: 124694 ns
[2025-04-25T15:58:54.903+0000][2658.008s][debug][safepoint   ] Safepoint synchronization initiated using futex wait barrier. (262 threads)
[2025-04-25T15:58:54.904+0000][2658.009s][info ][safepoint   ] Safepoint "Cleanup", Time since last: 2000180297 ns, Reaching safepoint: 1168382 ns, Cleanup: 15003 ns, At safepoint: 8036 ns, Total: 1191421 ns
[2025-04-25T15:59:14.907+0000][2678.012s][debug][safepoint   ] Safepoint synchronization initiated using futex wait barrier. (262 threads)
[2025-04-25T15:59:14.908+0000][2678.013s][info ][safepoint   ] Safepoint "Cleanup", Time since last: 20003332974 ns, Reaching safepoint: 371641 ns, Cleanup: 63015 ns, At safepoint: 67703 ns, Total: 502359 ns
[2025-04-25T15:59:16.908+0000][2680.013s][debug][safepoint   ] Safepoint synchronization initiated using futex wait barrier. (262 threads)
[2025-04-25T15:59:16.908+0000][2680.013s][info ][safepoint   ] Safepoint "Cleanup", Time since last: 2000396607 ns, Reaching safepoint: 252577 ns, Cleanup: 40397 ns, At safepoint: 33569 ns, Total: 326543 ns
[2025-04-25T15:59:20.909+0000][2684.014s][debug][safepoint   ] Safepoint synchronization initiated using futex wait barrier. (262 threads)
[2025-04-25T15:59:20.909+0000][2684.014s][info ][safepoint   ] Safepoint "Cleanup", Time since last: 4000507602 ns, Reaching safepoint: 255934 ns, Cleanup: 35826 ns, At safepoint: 22720 ns, Total: 314480 ns
[2025-04-25T15:59:26.910+0000][2690.015s][debug][safepoint   ] Safepoint synchronization initiated using futex wait barrier. (262 threads)
[2025-04-25T15:59:26.910+0000][2690.015s][info ][safepoint   ] Safepoint "Cleanup", Time since last: 6000725323 ns, Reaching safepoint: 87442 ns, Cleanup: 11194 ns, At safepoint: 6209 ns, Total: 104845 ns
[2025-04-25T15:59:31.911+0000][2695.016s][debug][safepoint   ] Safepoint synchronization initiated using futex wait barrier. (262 threads)
[2025-04-25T15:59:31.911+0000][2695.016s][info ][safepoint   ] Safepoint "Cleanup", Time since last: 5000880565 ns, Reaching safepoint: 359778 ns, Cleanup: 26810 ns, At safepoint: 11695 ns, Total: 398283 ns
[2025-04-25T15:59:39.935+0000][2703.040s][debug][safepoint   ] Safepoint synchronization initiated using futex wait barrier. (261 threads)
[2025-04-25T15:59:39.936+0000][2703.041s][info ][safepoint   ] Safepoint "Cleanup", Time since last: 8023485130 ns, Reaching safepoint: 601530 ns, Cleanup: 36000 ns, At safepoint: 31857 ns, Total: 669387 ns
[2025-04-25T18:03:24.859+0000][2726.587s][debug][safepoint   ] Safepoint synchronization initiated using futex wait barrier. (251 threads)
[2025-04-25T18:03:24.864+0000][2726.593s][info ][gc,start    ] GC(70) Pause Young (Normal) (G1 Evacuation Pause)
[2025-04-25T18:03:24.865+0000][2726.594s][info ][gc,task     ] GC(70) Using 4 workers of 4 for evacuation
[2025-04-25T18:03:25.059+0000][2726.788s][info ][gc,phases   ] GC(70)   Pre Evacuate Collection Set: 0.6ms
[2025-04-25T18:03:25.060+0000][2726.788s][info ][gc,phases   ] GC(70)   Merge Heap Roots: 1.0ms
[2025-04-25T18:03:25.060+0000][2726.788s][info ][gc,phases   ] GC(70)   Evacuate Collection Set: 139.5ms
[2025-04-25T18:03:25.060+0000][2726.788s][info ][gc,phases   ] GC(70)   Post Evacuate Collection Set: 49.5ms
[2025-04-25T18:03:25.060+0000][2726.788s][info ][gc,phases   ] GC(70)   Other: 7.8ms
[2025-04-25T18:03:25.060+0000][2726.788s][info ][gc,heap     ] GC(70) Eden regions: 554->0(553)
[2025-04-25T18:03:25.060+0000][2726.788s][info ][gc,heap     ] GC(70) Survivor regions: 31->32(74)
[2025-04-25T18:03:25.060+0000][2726.788s][info ][gc,heap     ] GC(70) Old regions: 172->172
[2025-04-25T18:03:25.060+0000][2726.788s][info ][gc,heap     ] GC(70) Archive regions: 2->2
[2025-04-25T18:03:25.060+0000][2726.788s][info ][gc,heap     ] GC(70) Humongous regions: 2->2
[2025-04-25T18:03:25.060+0000][2726.788s][info ][gc,metaspace] GC(70) Metaspace: 201049K(202560K)->201049K(202560K) NonClass: 177036K(177792K)->177036K(177792K) Class: 24012K(24768K)->24012K(24768K)
[2025-04-25T18:03:25.061+0000][2726.789s][info ][gc          ] GC(70) Pause Young (Normal) (G1 Evacuation Pause) 759M->205M(976M) 195.581ms
[2025-04-25T18:03:25.061+0000][2726.789s][info ][gc,cpu      ] GC(70) User=0.12s Sys=0.00s Real=0.19s
[2025-04-25T18:03:25.065+0000][2726.794s][info ][safepoint   ] Safepoint "G1CollectForAllocation", Time since last: 23546694910 ns, Reaching safepoint: 73164 ns, Cleanup: 259370 ns, At safepoint: 205958751 ns, Total: 206291285 ns
[2025-04-25T18:03:26.066+0000][2727.795s][debug][safepoint   ] Safepoint synchronization initiated using futex wait barrier. (251 threads)
[2025-04-25T18:03:26.067+0000][2727.795s][info ][safepoint   ] Safepoint "Cleanup", Time since last: 1001292118 ns, Reaching safepoint: 160087 ns, Cleanup: 52401 ns, At safepoint: 43979 ns, Total: 256467 ns
[2025-04-25T18:03:32.067+0000][2733.796s][debug][safepoint   ] Safepoint synchronization initiated using futex wait barrier. (253 threads)
[2025-04-25T18:03:32.068+0000][2733.796s][info ][safepoint   ] Safepoint "Cleanup", Time since last: 6000664826 ns, Reaching safepoint: 149447 ns, Cleanup: 22731 ns, At safepoint: 14022 ns, Total: 186200 ns
[2025-04-25T18:03:35.068+0000][2736.796s][debug][safepoint   ] Safepoint synchronization initiated using futex wait barrier. (254 threads)
[2025-04-25T18:03:35.069+0000][2736.797s][info ][safepoint   ] Safepoint "Cleanup", Time since last: 3000310313 ns, Reaching safepoint: 874957 ns, Cleanup: 61984 ns, At safepoint: 100320 ns, Total: 1037261 ns
[2025-04-25T18:03:36.069+0000][2737.798s][debug][safepoint   ] Safepoint synchronization initiated using futex wait barrier. (260 threads)
[2025-04-25T18:03:36.069+0000][2737.798s][info ][safepoint   ] Safepoint "Cleanup", Time since last: 1000278332 ns, Reaching safepoint: 91429 ns, Cleanup: 15694 ns, At safepoint: 10031 ns, Total: 117154 ns
[2025-04-25T18:03:54.076+0000][2755.804s][debug][safepoint   ] Safepoint synchronization initiated using futex wait barrier. (263 threads)
[2025-04-25T18:03:54.081+0000][2755.809s][info ][safepoint   ] Safepoint "Cleanup", Time since last: 18006466686 ns, Reaching safepoint: 2839112 ns, Cleanup: 2212623 ns, At safepoint: 161712 ns, Total: 5213447 ns
[2025-04-25T18:03:55.081+0000][2756.810s][debug][safepoint   ] Safepoint synchronization initiated using futex wait barrier. (263 threads)
[2025-04-25T18:03:55.081+0000][2756.810s][info ][safepoint   ] Safepoint "Cleanup", Time since last: 1000196109 ns, Reaching safepoint: 103617 ns, Cleanup: 13895 ns, At safepoint: 9745 ns, Total: 127257 ns
[2025-04-25T18:04:00.082+0000][2761.810s][debug][safepoint   ] Safepoint synchronization initiated using futex wait barrier. (263 threads)
[2025-04-25T18:04:00.082+0000][2761.811s][info ][safepoint   ] Safepoint "Cleanup", Time since last: 5000610400 ns, Reaching safepoint: 250227 ns, Cleanup: 22326 ns, At safepoint: 8791 ns, Total: 281344 ns
[2025-04-25T18:04:05.331+0000][2767.059s][debug][safepoint   ] Safepoint synchronization initiated using futex wait barrier. (263 threads)
[2025-04-25T18:04:05.331+0000][2767.060s][info ][safepoint   ] Safepoint "Cleanup", Time since last: 5248618105 ns, Reaching safepoint: 574268 ns, Cleanup: 23349 ns, At safepoint: 15994 ns, Total: 613611 ns
[2025-04-25T18:04:06.332+0000][2768.060s][debug][safepoint   ] Safepoint synchronization initiated using futex wait barrier. (263 threads)
[2025-04-25T18:04:06.332+0000][2768.060s][info ][safepoint   ] Safepoint "Cleanup", Time since last: 1000392863 ns, Reaching safepoint: 101338 ns, Cleanup: 14724 ns, At safepoint: 7123 ns, Total: 123185 ns
[2025-04-25T18:04:09.332+0000][2771.061s][debug][safepoint   ] Safepoint synchronization initiated using futex wait barrier. (267 threads)
[2025-04-25T18:04:09.333+0000][2771.061s][info ][safepoint   ] Safepoint "Cleanup", Time since last: 3000238748 ns, Reaching safepoint: 418527 ns, Cleanup: 15939 ns, At safepoint: 87014 ns, Total: 521480 ns
[2025-04-25T18:04:10.333+0000][2772.062s][debug][safepoint   ] Safepoint synchronization initiated using futex wait barrier. (267 threads)
[2025-04-25T18:04:10.334+0000][2772.062s][info ][safepoint   ] Safepoint "Cleanup", Time since last: 1000598610 ns, Reaching safepoint: 189506 ns, Cleanup: 32177 ns, At safepoint: 13968 ns, Total: 235651 ns
[2025-04-25T18:04:11.334+0000][2773.062s][debug][safepoint   ] Safepoint synchronization initiated using futex wait barrier. (267 threads)
[2025-04-25T18:04:11.334+0000][2773.062s][info ][safepoint   ] Safepoint "Cleanup", Time since last: 1000098921 ns, Reaching safepoint: 94865 ns, Cleanup: 10106 ns, At safepoint: 4626 ns, Total: 109597 ns
[2025-04-25T18:04:12.336+0000][2774.064s][debug][safepoint   ] Safepoint synchronization initiated using futex wait barrier. (266 threads)
[2025-04-25T18:04:12.336+0000][2774.064s][info ][safepoint   ] Safepoint "Cleanup", Time since last: 1001959452 ns, Reaching safepoint: 74874 ns, Cleanup: 12956 ns, At safepoint: 5228 ns, Total: 93058 ns
[2025-04-25T18:04:17.336+0000][2779.065s][debug][safepoint   ] Safepoint synchronization initiated using futex wait barrier. (266 threads)
[2025-04-25T18:04:17.336+0000][2779.065s][info ][safepoint   ] Safepoint "Cleanup", Time since last: 5000422223 ns, Reaching safepoint: 201918 ns, Cleanup: 38101 ns, At safepoint: 21804 ns, Total: 261823 ns
[2025-04-25T18:04:20.337+0000][2782.065s][debug][safepoint   ] Safepoint synchronization initiated using futex wait barrier. (266 threads)
[2025-04-25T18:04:20.337+0000][2782.066s][info ][safepoint   ] Safepoint "Cleanup", Time since last: 3000413749 ns, Reaching safepoint: 321337 ns, Cleanup: 41410 ns, At safepoint: 62469 ns, Total: 425216 ns
[2025-04-25T18:04:21.494+0000][2783.222s][debug][safepoint   ] Safepoint synchronization initiated using futex wait barrier. (266 threads)
[2025-04-25T18:04:21.495+0000][2783.223s][info ][safepoint   ] Safepoint "Cleanup", Time since last: 1156742529 ns, Reaching safepoint: 449822 ns, Cleanup: 9434 ns, At safepoint: 10146 ns, Total: 469402 ns
[2025-04-25T18:04:22.497+0000][2784.226s][debug][safepoint   ] Safepoint synchronization initiated using futex wait barrier. (266 threads)
[2025-04-25T18:04:22.501+0000][2784.229s][info ][safepoint   ] Safepoint "Cleanup", Time since last: 1002876427 ns, Reaching safepoint: 2209052 ns, Cleanup: 59350 ns, At safepoint: 1093154 ns, Total: 3361556 ns
[2025-04-25T18:04:23.501+0000][2785.229s][debug][safepoint   ] Safepoint synchronization initiated using futex wait barrier. (266 threads)
[2025-04-25T18:04:23.501+0000][2785.230s][info ][safepoint   ] Safepoint "Cleanup", Time since last: 1000132894 ns, Reaching safepoint: 134772 ns, Cleanup: 74123 ns, At safepoint: 36129 ns, Total: 245024 ns
[2025-04-25T18:04:24.501+0000][2786.230s][debug][safepoint   ] Safepoint synchronization initiated using futex wait barrier. (266 threads)
[2025-04-25T18:04:24.502+0000][2786.230s][info ][safepoint   ] Safepoint "Cleanup", Time since last: 1000099927 ns, Reaching safepoint: 331455 ns, Cleanup: 25613 ns, At safepoint: 112863 ns, Total: 469931 ns
[2025-04-25T18:04:34.503+0000][2796.231s][debug][safepoint   ] Safepoint synchronization initiated using futex wait barrier. (266 threads)
[2025-04-25T18:04:34.503+0000][2796.232s][info ][safepoint   ] Safepoint "Cleanup", Time since last: 10001231131 ns, Reaching safepoint: 396946 ns, Cleanup: 47817 ns, At safepoint: 24822 ns, Total: 469585 ns
[2025-04-25T18:04:48.505+0000][2810.233s][debug][safepoint   ] Safepoint synchronization initiated using futex wait barrier. (265 threads)
[2025-04-25T18:04:48.505+0000][2810.234s][info ][safepoint   ] Safepoint "Cleanup", Time since last: 14001622469 ns, Reaching safepoint: 90848 ns, Cleanup: 12346 ns, At safepoint: 4939 ns, Total: 108133 ns
[2025-04-25T18:04:59.506+0000][2821.235s][debug][safepoint   ] Safepoint synchronization initiated using futex wait barrier. (265 threads)
[2025-04-25T18:04:59.506+0000][2821.235s][info ][safepoint   ] Safepoint "Cleanup", Time since last: 11001118556 ns, Reaching safepoint: 93489 ns, Cleanup: 14134 ns, At safepoint: 31618 ns, Total: 139241 ns
[2025-04-25T18:05:06.366+0000][2828.094s][debug][safepoint   ] Safepoint synchronization initiated using futex wait barrier. (265 threads)
[2025-04-25T18:05:06.366+0000][2828.095s][info ][safepoint   ] Safepoint "Cleanup", Time since last: 6859396383 ns, Reaching safepoint: 297172 ns, Cleanup: 34621 ns, At safepoint: 27807 ns, Total: 359600 ns
[2025-04-25T18:06:06.412+0000][2888.140s][debug][safepoint   ] Safepoint synchronization initiated using futex wait barrier. (260 threads)
[2025-04-25T18:06:06.412+0000][2888.141s][info ][safepoint   ] Safepoint "Cleanup", Time since last: 60045684957 ns, Reaching safepoint: 228568 ns, Cleanup: 48439 ns, At safepoint: 44491 ns, Total: 321498 ns
[2025-04-25T18:07:07.453+0000][2949.182s][debug][safepoint   ] Safepoint synchronization initiated using futex wait barrier. (259 threads)
[2025-04-25T18:07:07.453+0000][2949.182s][info ][safepoint   ] Safepoint "Cleanup", Time since last: 61040937217 ns, Reaching safepoint: 238097 ns, Cleanup: 46292 ns, At safepoint: 33066 ns, Total: 317455 ns
[2025-04-25T18:07:15.454+0000][2957.183s][debug][safepoint   ] Safepoint synchronization initiated using futex wait barrier. (257 threads)
[2025-04-25T18:07:15.454+0000][2957.183s][info ][safepoint   ] Safepoint "Cleanup", Time since last: 8000819654 ns, Reaching safepoint: 197076 ns, Cleanup: 28553 ns, At safepoint: 21617 ns, Total: 247246 ns
[2025-04-25T18:07:40.458+0000][2982.187s][debug][safepoint   ] Safepoint synchronization initiated using futex wait barrier. (257 threads)
[2025-04-25T18:07:40.459+0000][2982.187s][info ][safepoint   ] Safepoint "Cleanup", Time since last: 25003909022 ns, Reaching safepoint: 250711 ns, Cleanup: 68205 ns, At safepoint: 30313 ns, Total: 349229 ns
[2025-04-25T18:07:49.546+0000][2991.274s][debug][safepoint   ] Safepoint synchronization initiated using futex wait barrier. (257 threads)
[2025-04-25T18:07:49.548+0000][2991.276s][info ][gc,start    ] GC(71) Pause Young (Normal) (G1 Evacuation Pause)
[2025-04-25T18:07:49.549+0000][2991.277s][info ][gc,task     ] GC(71) Using 4 workers of 4 for evacuation
[2025-04-25T18:07:49.707+0000][2991.436s][info ][gc,phases   ] GC(71)   Pre Evacuate Collection Set: 1.1ms
[2025-04-25T18:07:49.707+0000][2991.436s][info ][gc,phases   ] GC(71)   Merge Heap Roots: 1.2ms
[2025-04-25T18:07:49.707+0000][2991.436s][info ][gc,phases   ] GC(71)   Evacuate Collection Set: 140.7ms
[2025-04-25T18:07:49.707+0000][2991.436s][info ][gc,phases   ] GC(71)   Post Evacuate Collection Set: 12.9ms
[2025-04-25T18:07:49.707+0000][2991.436s][info ][gc,phases   ] GC(71)   Other: 4.5ms
[2025-04-25T18:07:49.707+0000][2991.436s][info ][gc,heap     ] GC(71) Eden regions: 553->0(564)
[2025-04-25T18:07:49.707+0000][2991.436s][info ][gc,heap     ] GC(71) Survivor regions: 32->21(74)
[2025-04-25T18:07:49.707+0000][2991.436s][info ][gc,heap     ] GC(71) Old regions: 172->182
[2025-04-25T18:07:49.707+0000][2991.436s][info ][gc,heap     ] GC(71) Archive regions: 2->2
[2025-04-25T18:07:49.707+0000][2991.436s][info ][gc,heap     ] GC(71) Humongous regions: 19->2
[2025-04-25T18:07:49.707+0000][2991.436s][info ][gc,metaspace] GC(71) Metaspace: 201167K(202816K)->201167K(202816K) NonClass: 177150K(177984K)->177150K(177984K) Class: 24017K(24832K)->24017K(24832K)
[2025-04-25T18:07:49.708+0000][2991.436s][info ][gc          ] GC(71) Pause Young (Normal) (G1 Evacuation Pause) 775M->205M(976M) 159.965ms
[2025-04-25T18:07:49.708+0000][2991.436s][info ][gc,cpu      ] GC(71) User=0.29s Sys=0.00s Real=0.16s
[2025-04-25T18:07:49.708+0000][2991.437s][info ][safepoint   ] Safepoint "G1CollectForAllocation", Time since last: 9087056200 ns, Reaching safepoint: 249482 ns, Cleanup: 14609 ns, At safepoint: 162220306 ns, Total: 162484397 ns
[2025-04-25T18:07:50.709+0000][2992.437s][debug][safepoint   ] Safepoint synchronization initiated using futex wait barrier. (257 threads)
[2025-04-25T18:07:50.709+0000][2992.438s][info ][safepoint   ] Safepoint "Cleanup", Time since last: 1000730310 ns, Reaching safepoint: 278348 ns, Cleanup: 52328 ns, At safepoint: 33533 ns, Total: 364209 ns
[2025-04-25T18:07:59.710+0000][3001.439s][debug][safepoint   ] Safepoint synchronization initiated using futex wait barrier. (257 threads)
[2025-04-25T18:07:59.711+0000][3001.439s][info ][safepoint   ] Safepoint "Cleanup", Time since last: 9001019234 ns, Reaching safepoint: 126240 ns, Cleanup: 17015 ns, At safepoint: 11060 ns, Total: 154315 ns
[2025-04-25T18:08:15.495+0000][3017.223s][debug][safepoint   ] Safepoint synchronization initiated using futex wait barrier. (255 threads)
[2025-04-25T18:08:15.495+0000][3017.224s][info ][safepoint   ] Safepoint "Cleanup", Time since last: 15784399360 ns, Reaching safepoint: 288150 ns, Cleanup: 73773 ns, At safepoint: 34571 ns, Total: 396494 ns
[2025-04-25T18:09:40.545+0000][3102.273s][debug][safepoint   ] Safepoint synchronization initiated using futex wait barrier. (254 threads)
[2025-04-25T18:09:40.545+0000][3102.273s][info ][safepoint   ] Safepoint "Cleanup", Time since last: 85049161465 ns, Reaching safepoint: 320550 ns, Cleanup: 38228 ns, At safepoint: 24468 ns, Total: 383246 ns
[2025-04-25T18:09:44.546+0000][3106.274s][debug][safepoint   ] Safepoint synchronization initiated using futex wait barrier. (254 threads)
[2025-04-25T18:09:44.546+0000][3106.274s][info ][safepoint   ] Safepoint "Cleanup", Time since last: 4000656879 ns, Reaching safepoint: 204736 ns, Cleanup: 22256 ns, At safepoint: 15902 ns, Total: 242894 ns
[2025-04-25T18:09:46.546+0000][3108.275s][debug][safepoint   ] Safepoint synchronization initiated using futex wait barrier. (254 threads)
[2025-04-25T18:09:46.547+0000][3108.275s][info ][safepoint   ] Safepoint "Cleanup", Time since last: 2000358402 ns, Reaching safepoint: 436510 ns, Cleanup: 40867 ns, At safepoint: 73546 ns, Total: 550923 ns
[2025-04-25T18:09:55.550+0000][3117.278s][debug][safepoint   ] Safepoint synchronization initiated using futex wait barrier. (254 threads)
[2025-04-25T18:09:55.551+0000][3117.279s][info ][safepoint   ] Safepoint "Cleanup", Time since last: 9002873801 ns, Reaching safepoint: 1032441 ns, Cleanup: 37680 ns, At safepoint: 72032 ns, Total: 1142153 ns
[2025-04-25T18:10:27.585+0000][3149.314s][debug][safepoint   ] Safepoint synchronization initiated using futex wait barrier. (252 threads)
[2025-04-25T18:10:27.586+0000][3149.314s][info ][safepoint   ] Safepoint "Cleanup", Time since last: 32034664349 ns, Reaching safepoint: 360979 ns, Cleanup: 45971 ns, At safepoint: 63581 ns, Total: 470531 ns
[2025-04-25T18:10:42.588+0000][3164.316s][debug][safepoint   ] Safepoint synchronization initiated using futex wait barrier. (251 threads)
[2025-04-25T18:10:42.588+0000][3164.317s][info ][safepoint   ] Safepoint "Cleanup", Time since last: 15002078580 ns, Reaching safepoint: 252863 ns, Cleanup: 35588 ns, At safepoint: 32424 ns, Total: 320875 ns
[2025-04-25T18:10:47.589+0000][3169.318s][debug][safepoint   ] Safepoint synchronization initiated using futex wait barrier. (251 threads)
[2025-04-25T18:10:47.590+0000][3169.318s][info ][safepoint   ] Safepoint "Cleanup", Time since last: 5001143204 ns, Reaching safepoint: 87138 ns, Cleanup: 14440 ns, At safepoint: 7143 ns, Total: 108721 ns
[2025-04-25T18:10:48.590+0000][3170.318s][debug][safepoint   ] Safepoint synchronization initiated using futex wait barrier. (251 threads)
[2025-04-25T18:10:48.590+0000][3170.318s][info ][safepoint   ] Safepoint "Cleanup", Time since last: 1000241102 ns, Reaching safepoint: 217095 ns, Cleanup: 45441 ns, At safepoint: 26583 ns, Total: 289119 ns
[2025-04-25T18:11:12.626+0000][3194.354s][debug][safepoint   ] Safepoint synchronization initiated using futex wait barrier. (250 threads)
[2025-04-25T18:11:12.629+0000][3194.358s][info ][safepoint   ] Safepoint "Cleanup", Time since last: 24035636658 ns, Reaching safepoint: 3502996 ns, Cleanup: 70611 ns, At safepoint: 42149 ns, Total: 3615756 ns
[2025-04-25T18:11:31.632+0000][3213.361s][debug][safepoint   ] Safepoint synchronization initiated using futex wait barrier. (250 threads)
[2025-04-25T18:11:31.634+0000][3213.363s][info ][safepoint   ] Safepoint "Cleanup", Time since last: 19003162932 ns, Reaching safepoint: 1308317 ns, Cleanup: 111361 ns, At safepoint: 273425 ns, Total: 1693103 ns
[2025-04-25T18:11:36.635+0000][3218.364s][debug][safepoint   ] Safepoint synchronization initiated using futex wait barrier. (250 threads)
[2025-04-25T18:11:36.636+0000][3218.364s][info ][safepoint   ] Safepoint "Cleanup", Time since last: 5001317731 ns, Reaching safepoint: 116645 ns, Cleanup: 14121 ns, At safepoint: 12738 ns, Total: 143504 ns
[2025-04-25T18:11:40.636+0000][3222.365s][debug][safepoint   ] Safepoint synchronization initiated using futex wait barrier. (250 threads)
[2025-04-25T18:11:40.636+0000][3222.365s][info ][safepoint   ] Safepoint "Cleanup", Time since last: 4000536214 ns, Reaching safepoint: 57010 ns, Cleanup: 9125 ns, At safepoint: 4919 ns, Total: 71054 ns
[2025-04-25T18:11:55.639+0000][3237.368s][debug][safepoint   ] Safepoint synchronization initiated using futex wait barrier. (250 threads)
[2025-04-25T18:11:55.640+0000][3237.368s][info ][safepoint   ] Safepoint "Cleanup", Time since last: 15003159078 ns, Reaching safepoint: 369819 ns, Cleanup: 39885 ns, At safepoint: 96593 ns, Total: 506297 ns
[2025-04-25T18:12:09.663+0000][3251.391s][debug][safepoint   ] Safepoint synchronization initiated using futex wait barrier. (249 threads)
[2025-04-25T18:12:09.663+0000][3251.391s][info ][safepoint   ] Safepoint "Cleanup", Time since last: 14022626599 ns, Reaching safepoint: 73117 ns, Cleanup: 11677 ns, At safepoint: 7513 ns, Total: 92307 ns
[2025-04-25T18:58:24.285+0000][3260.396s][debug][safepoint   ] Safepoint synchronization initiated using futex wait barrier. (244 threads)
[2025-04-25T18:58:24.285+0000][3260.396s][info ][safepoint   ] Safepoint "Cleanup", Time since last: 9004560833 ns, Reaching safepoint: 215295 ns, Cleanup: 20032 ns, At safepoint: 6631 ns, Total: 241958 ns
[2025-04-25T18:58:27.287+0000][3263.397s][debug][safepoint   ] Safepoint synchronization initiated using futex wait barrier. (243 threads)
[2025-04-25T18:58:27.287+0000][3263.397s][info ][safepoint   ] Safepoint "Cleanup", Time since last: 3001475717 ns, Reaching safepoint: 115796 ns, Cleanup: 14202 ns, At safepoint: 5132 ns, Total: 135130 ns
[2025-04-25T18:58:28.287+0000][3264.398s][debug][safepoint   ] Safepoint synchronization initiated using futex wait barrier. (244 threads)
[2025-04-25T18:58:28.287+0000][3264.398s][info ][safepoint   ] Safepoint "Cleanup", Time since last: 1000140632 ns, Reaching safepoint: 59905 ns, Cleanup: 15220 ns, At safepoint: 4362 ns, Total: 79487 ns
[2025-04-25T18:58:37.288+0000][3273.399s][debug][safepoint   ] Safepoint synchronization initiated using futex wait barrier. (244 threads)
[2025-04-25T18:58:37.288+0000][3273.399s][info ][safepoint   ] Safepoint "Cleanup", Time since last: 9001135590 ns, Reaching safepoint: 96590 ns, Cleanup: 14626 ns, At safepoint: 8015 ns, Total: 119231 ns
[2025-04-25T18:58:39.289+0000][3275.399s][debug][safepoint   ] Safepoint synchronization initiated using futex wait barrier. (245 threads)
[2025-04-25T18:58:39.289+0000][3275.399s][info ][safepoint   ] Safepoint "Cleanup", Time since last: 2000248820 ns, Reaching safepoint: 112685 ns, Cleanup: 26310 ns, At safepoint: 7851 ns, Total: 146846 ns
[2025-04-25T18:58:57.293+0000][3293.403s][debug][safepoint   ] Safepoint synchronization initiated using futex wait barrier. (246 threads)
[2025-04-25T18:58:57.293+0000][3293.404s][info ][safepoint   ] Safepoint "Cleanup", Time since last: 18003964365 ns, Reaching safepoint: 248519 ns, Cleanup: 37166 ns, At safepoint: 26772 ns, Total: 312457 ns
[2025-04-25T18:58:58.293+0000][3294.404s][debug][safepoint   ] Safepoint synchronization initiated using futex wait barrier. (246 threads)
[2025-04-25T18:58:58.293+0000][3294.404s][info ][safepoint   ] Safepoint "Cleanup", Time since last: 1000193475 ns, Reaching safepoint: 79328 ns, Cleanup: 12194 ns, At safepoint: 7767 ns, Total: 99289 ns
[2025-04-25T18:59:01.294+0000][3297.404s][debug][safepoint   ] Safepoint synchronization initiated using futex wait barrier. (246 threads)
[2025-04-25T18:59:01.294+0000][3297.405s][info ][safepoint   ] Safepoint "Cleanup", Time since last: 3000584331 ns, Reaching safepoint: 297139 ns, Cleanup: 43133 ns, At safepoint: 30044 ns, Total: 370316 ns
[2025-04-25T18:59:05.295+0000][3301.405s][debug][safepoint   ] Safepoint synchronization initiated using futex wait barrier. (246 threads)
[2025-04-25T18:59:05.295+0000][3301.406s][info ][safepoint   ] Safepoint "Cleanup", Time since last: 4000555399 ns, Reaching safepoint: 222058 ns, Cleanup: 41921 ns, At safepoint: 26161 ns, Total: 290140 ns
[2025-04-25T18:59:06.296+0000][3302.406s][debug][safepoint   ] Safepoint synchronization initiated using futex wait barrier. (246 threads)
[2025-04-25T18:59:06.296+0000][3302.406s][info ][safepoint   ] Safepoint "Cleanup", Time since last: 1000261617 ns, Reaching safepoint: 254476 ns, Cleanup: 33879 ns, At safepoint: 27729 ns, Total: 316084 ns
[2025-04-25T18:59:15.315+0000][3311.425s][debug][safepoint   ] Safepoint synchronization initiated using futex wait barrier. (246 threads)
[2025-04-25T18:59:15.315+0000][3311.425s][info ][safepoint   ] Safepoint "Cleanup", Time since last: 9018692451 ns, Reaching safepoint: 264906 ns, Cleanup: 60684 ns, At safepoint: 24920 ns, Total: 350510 ns
[2025-04-25T18:59:51.314+0000][3347.424s][debug][safepoint   ] Safepoint synchronization initiated using futex wait barrier. (245 threads)
[2025-04-25T18:59:51.319+0000][3347.430s][info ][gc,start    ] GC(72) Pause Young (Normal) (G1 Evacuation Pause)
[2025-04-25T18:59:51.322+0000][3347.433s][info ][gc,task     ] GC(72) Using 4 workers of 4 for evacuation
[2025-04-25T18:59:51.448+0000][3347.558s][info ][gc,phases   ] GC(72)   Pre Evacuate Collection Set: 2.1ms
[2025-04-25T18:59:51.448+0000][3347.558s][info ][gc,phases   ] GC(72)   Merge Heap Roots: 1.7ms
[2025-04-25T18:59:51.448+0000][3347.558s][info ][gc,phases   ] GC(72)   Evacuate Collection Set: 101.7ms
[2025-04-25T18:59:51.448+0000][3347.558s][info ][gc,phases   ] GC(72)   Post Evacuate Collection Set: 17.1ms
[2025-04-25T18:59:51.448+0000][3347.558s][info ][gc,phases   ] GC(72)   Other: 8.7ms
[2025-04-25T18:59:51.448+0000][3347.558s][info ][gc,heap     ] GC(72) Eden regions: 564->0(572)
[2025-04-25T18:59:51.448+0000][3347.558s][info ][gc,heap     ] GC(72) Survivor regions: 21->13(74)
[2025-04-25T18:59:51.448+0000][3347.558s][info ][gc,heap     ] GC(72) Old regions: 182->191
[2025-04-25T18:59:51.448+0000][3347.558s][info ][gc,heap     ] GC(72) Archive regions: 2->2
[2025-04-25T18:59:51.448+0000][3347.558s][info ][gc,heap     ] GC(72) Humongous regions: 2->2
[2025-04-25T18:59:51.448+0000][3347.558s][info ][gc,metaspace] GC(72) Metaspace: 201195K(202816K)->201195K(202816K) NonClass: 177177K(177984K)->177177K(177984K) Class: 24017K(24832K)->24017K(24832K)
[2025-04-25T18:59:51.448+0000][3347.558s][info ][gc          ] GC(72) Pause Young (Normal) (G1 Evacuation Pause) 769M->206M(976M) 129.201ms
[2025-04-25T18:59:51.448+0000][3347.558s][info ][gc,cpu      ] GC(72) User=0.20s Sys=0.01s Real=0.13s
[2025-04-25T18:59:51.449+0000][3347.559s][info ][safepoint   ] Safepoint "G1CollectForAllocation", Time since last: 35998638211 ns, Reaching safepoint: 347891 ns, Cleanup: 72063 ns, At safepoint: 134670832 ns, Total: 135090786 ns
[2025-04-25T19:00:02.452+0000][3358.562s][debug][safepoint   ] Safepoint synchronization initiated using futex wait barrier. (245 threads)
[2025-04-25T19:00:02.452+0000][3358.562s][info ][safepoint   ] Safepoint "Cleanup", Time since last: 11003001551 ns, Reaching safepoint: 357160 ns, Cleanup: 83125 ns, At safepoint: 31798 ns, Total: 472083 ns
[2025-04-25T19:00:03.452+0000][3359.563s][debug][safepoint   ] Safepoint synchronization initiated using futex wait barrier. (245 threads)
[2025-04-25T19:00:03.452+0000][3359.563s][info ][safepoint   ] Safepoint "Cleanup", Time since last: 1000261666 ns, Reaching safepoint: 70446 ns, Cleanup: 11064 ns, At safepoint: 7818 ns, Total: 89328 ns
[2025-04-25T19:00:40.358+0000][3396.468s][debug][safepoint   ] Safepoint synchronization initiated using futex wait barrier. (244 threads)
[2025-04-25T19:00:40.358+0000][3396.469s][info ][safepoint   ] Safepoint "Cleanup", Time since last: 36905478261 ns, Reaching safepoint: 244773 ns, Cleanup: 14535 ns, At safepoint: 7642 ns, Total: 266950 ns
[2025-04-25T19:01:22.393+0000][3438.504s][debug][safepoint   ] Safepoint synchronization initiated using futex wait barrier. (244 threads)
[2025-04-25T19:01:22.394+0000][3438.504s][info ][safepoint   ] Safepoint "Cleanup", Time since last: 42035221752 ns, Reaching safepoint: 98820 ns, Cleanup: 22649 ns, At safepoint: 9262 ns, Total: 130731 ns
[2025-04-25T19:01:24.394+0000][3440.504s][debug][safepoint   ] Safepoint synchronization initiated using futex wait barrier. (243 threads)
[2025-04-25T19:01:24.394+0000][3440.504s][info ][safepoint   ] Safepoint "Cleanup", Time since last: 2000186734 ns, Reaching safepoint: 95138 ns, Cleanup: 24806 ns, At safepoint: 7103 ns, Total: 127047 ns
[2025-04-25T19:01:25.394+0000][3441.504s][debug][safepoint   ] Safepoint synchronization initiated using futex wait barrier. (258 threads)
[2025-04-25T19:01:25.394+0000][3441.505s][info ][safepoint   ] Safepoint "Cleanup", Time since last: 1000171979 ns, Reaching safepoint: 96416 ns, Cleanup: 28675 ns, At safepoint: 14338 ns, Total: 139429 ns
[2025-04-25T19:01:32.395+0000][3448.505s][debug][safepoint   ] Safepoint synchronization initiated using futex wait barrier. (260 threads)
[2025-04-25T19:01:32.395+0000][3448.505s][info ][safepoint   ] Safepoint "Cleanup", Time since last: 7000553565 ns, Reaching safepoint: 98247 ns, Cleanup: 48477 ns, At safepoint: 13246 ns, Total: 159970 ns
[2025-04-25T19:01:47.397+0000][3463.507s][debug][safepoint   ] Safepoint synchronization initiated using futex wait barrier. (261 threads)
[2025-04-25T19:01:47.397+0000][3463.507s][info ][safepoint   ] Safepoint "Cleanup", Time since last: 15002119146 ns, Reaching safepoint: 104470 ns, Cleanup: 20312 ns, At safepoint: 8106 ns, Total: 132888 ns
[2025-04-25T19:01:52.398+0000][3468.508s][debug][safepoint   ] Safepoint synchronization initiated using futex wait barrier. (261 threads)
[2025-04-25T19:01:52.398+0000][3468.508s][info ][safepoint   ] Safepoint "Cleanup", Time since last: 5000539130 ns, Reaching safepoint: 245284 ns, Cleanup: 45767 ns, At safepoint: 14013 ns, Total: 305064 ns
[2025-04-25T19:01:56.398+0000][3472.509s][debug][safepoint   ] Safepoint synchronization initiated using futex wait barrier. (261 threads)
[2025-04-25T19:01:56.398+0000][3472.509s][info ][safepoint   ] Safepoint "Cleanup", Time since last: 4000418068 ns, Reaching safepoint: 108308 ns, Cleanup: 18055 ns, At safepoint: 6801 ns, Total: 133164 ns
[2025-04-25T19:02:02.399+0000][3478.509s][debug][safepoint   ] Safepoint synchronization initiated using futex wait barrier. (262 threads)
[2025-04-25T19:02:02.399+0000][3478.510s][info ][safepoint   ] Safepoint "Cleanup", Time since last: 6000510956 ns, Reaching safepoint: 224934 ns, Cleanup: 31051 ns, At safepoint: 16982 ns, Total: 272967 ns
[2025-04-25T19:02:10.424+0000][3486.535s][debug][safepoint   ] Safepoint synchronization initiated using futex wait barrier. (262 threads)
[2025-04-25T19:02:10.424+0000][3486.535s][info ][safepoint   ] Safepoint "Cleanup", Time since last: 8024980514 ns, Reaching safepoint: 78887 ns, Cleanup: 13305 ns, At safepoint: 7217 ns, Total: 99409 ns
[2025-04-25T19:02:13.020+0000][3489.131s][debug][safepoint   ] Safepoint synchronization initiated using futex wait barrier. (264 threads)
[2025-04-25T19:02:13.020+0000][3489.131s][info ][safepoint   ] Safepoint "Cleanup", Time since last: 2595783549 ns, Reaching safepoint: 79176 ns, Cleanup: 69472 ns, At safepoint: 12817 ns, Total: 161465 ns
[2025-04-25T19:02:14.020+0000][3490.131s][debug][safepoint   ] Safepoint synchronization initiated using futex wait barrier. (264 threads)
[2025-04-25T19:02:14.020+0000][3490.131s][info ][safepoint   ] Safepoint "Cleanup", Time since last: 1000087598 ns, Reaching safepoint: 90379 ns, Cleanup: 12472 ns, At safepoint: 8370 ns, Total: 111221 ns
[2025-04-25T19:02:45.025+0000][3521.136s][debug][safepoint   ] Safepoint synchronization initiated using futex wait barrier. (264 threads)
[2025-04-25T19:02:45.025+0000][3521.136s][info ][safepoint   ] Safepoint "Cleanup", Time since last: 31004767612 ns, Reaching safepoint: 158493 ns, Cleanup: 22214 ns, At safepoint: 8094 ns, Total: 188801 ns
[2025-04-25T19:02:56.027+0000][3532.137s][debug][safepoint   ] Safepoint synchronization initiated using futex wait barrier. (264 threads)
[2025-04-25T19:02:56.027+0000][3532.137s][info ][safepoint   ] Safepoint "Cleanup", Time since last: 11001240648 ns, Reaching safepoint: 187201 ns, Cleanup: 27360 ns, At safepoint: 21893 ns, Total: 236454 ns
[2025-04-25T19:03:03.028+0000][3539.138s][debug][safepoint   ] Safepoint synchronization initiated using futex wait barrier. (266 threads)
[2025-04-25T19:03:03.028+0000][3539.138s][info ][safepoint   ] Safepoint "Cleanup", Time since last: 7000756715 ns, Reaching safepoint: 133267 ns, Cleanup: 24811 ns, At safepoint: 9333 ns, Total: 167411 ns
[2025-04-25T19:03:08.453+0000][3544.563s][debug][safepoint   ] Safepoint synchronization initiated using futex wait barrier. (266 threads)
[2025-04-25T19:03:08.456+0000][3544.566s][info ][safepoint   ] Safepoint "Cleanup", Time since last: 5424826918 ns, Reaching safepoint: 3012571 ns, Cleanup: 15682 ns, At safepoint: 133618 ns, Total: 3161871 ns
[2025-04-25T19:03:09.456+0000][3545.566s][debug][safepoint   ] Safepoint synchronization initiated using futex wait barrier. (264 threads)
[2025-04-25T19:03:09.456+0000][3545.566s][info ][safepoint   ] Safepoint "Cleanup", Time since last: 1000122746 ns, Reaching safepoint: 80930 ns, Cleanup: 13983 ns, At safepoint: 6047 ns, Total: 100960 ns
[2025-04-25T19:03:16.457+0000][3552.567s][debug][safepoint   ] Safepoint synchronization initiated using futex wait barrier. (266 threads)
[2025-04-25T19:03:16.457+0000][3552.567s][info ][safepoint   ] Safepoint "Cleanup", Time since last: 7000621447 ns, Reaching safepoint: 149582 ns, Cleanup: 15619 ns, At safepoint: 5936 ns, Total: 171137 ns
[2025-04-25T19:03:25.458+0000][3561.568s][debug][safepoint   ] Safepoint synchronization initiated using futex wait barrier. (263 threads)
[2025-04-25T19:03:25.458+0000][3561.568s][info ][safepoint   ] Safepoint "Cleanup", Time since last: 9000660461 ns, Reaching safepoint: 81504 ns, Cleanup: 14156 ns, At safepoint: 6150 ns, Total: 101810 ns
[2025-04-25T19:03:27.458+0000][3563.568s][debug][safepoint   ] Safepoint synchronization initiated using futex wait barrier. (265 threads)
[2025-04-25T19:03:27.458+0000][3563.568s][info ][safepoint   ] Safepoint "Cleanup", Time since last: 2000145046 ns, Reaching safepoint: 104774 ns, Cleanup: 15053 ns, At safepoint: 7293 ns, Total: 127120 ns
[2025-04-25T19:03:32.459+0000][3568.570s][debug][safepoint   ] Safepoint synchronization initiated using futex wait barrier. (265 threads)
[2025-04-25T19:03:32.459+0000][3568.570s][info ][safepoint   ] Safepoint "Cleanup", Time since last: 5001231973 ns, Reaching safepoint: 170733 ns, Cleanup: 20263 ns, At safepoint: 36274 ns, Total: 227270 ns
[2025-04-25T19:04:03.468+0000][3599.578s][debug][safepoint   ] Safepoint synchronization initiated using futex wait barrier. (262 threads)
[2025-04-25T19:04:03.468+0000][3599.578s][info ][safepoint   ] Safepoint "Cleanup", Time since last: 31008178654 ns, Reaching safepoint: 90924 ns, Cleanup: 33615 ns, At safepoint: 25374 ns, Total: 149913 ns
[2025-04-25T19:04:04.468+0000][3600.578s][debug][safepoint   ] Safepoint synchronization initiated using futex wait barrier. (262 threads)
[2025-04-25T19:04:04.468+0000][3600.579s][info ][safepoint   ] Safepoint "Cleanup", Time since last: 1000130173 ns, Reaching safepoint: 283123 ns, Cleanup: 13225 ns, At safepoint: 189716 ns, Total: 486064 ns
[2025-04-25T19:04:05.468+0000][3601.579s][debug][safepoint   ] Safepoint synchronization initiated using futex wait barrier. (262 threads)
[2025-04-25T19:04:05.469+0000][3601.579s][info ][safepoint   ] Safepoint "Cleanup", Time since last: 1000135892 ns, Reaching safepoint: 105651 ns, Cleanup: 11405 ns, At safepoint: 4466 ns, Total: 121522 ns
[2025-04-25T19:04:06.469+0000][3602.579s][debug][safepoint   ] Safepoint synchronization initiated using futex wait barrier. (262 threads)
[2025-04-25T19:04:06.469+0000][3602.580s][info ][safepoint   ] Safepoint "Cleanup", Time since last: 1000163983 ns, Reaching safepoint: 341333 ns, Cleanup: 93008 ns, At safepoint: 38864 ns, Total: 473205 ns
[2025-04-25T19:04:07.487+0000][3603.597s][debug][safepoint   ] Safepoint synchronization initiated using futex wait barrier. (262 threads)
[2025-04-25T19:04:07.487+0000][3603.598s][info ][safepoint   ] Safepoint "Cleanup", Time since last: 1017694118 ns, Reaching safepoint: 240393 ns, Cleanup: 21225 ns, At safepoint: 7718 ns, Total: 269336 ns
[2025-04-25T19:04:14.488+0000][3610.598s][debug][safepoint   ] Safepoint synchronization initiated using futex wait barrier. (262 threads)
[2025-04-25T19:04:14.488+0000][3610.598s][info ][safepoint   ] Safepoint "Cleanup", Time since last: 7000554700 ns, Reaching safepoint: 100588 ns, Cleanup: 18034 ns, At safepoint: 6261 ns, Total: 124883 ns
[2025-04-25T19:04:15.488+0000][3611.598s][debug][safepoint   ] Safepoint synchronization initiated using futex wait barrier. (264 threads)
[2025-04-25T19:04:15.488+0000][3611.598s][info ][safepoint   ] Safepoint "Cleanup", Time since last: 1000116662 ns, Reaching safepoint: 79521 ns, Cleanup: 12598 ns, At safepoint: 7031 ns, Total: 99150 ns
[2025-04-25T19:04:44.244+0000][3640.354s][debug][safepoint   ] Safepoint synchronization initiated using futex wait barrier. (260 threads)
[2025-04-25T19:04:44.245+0000][3640.356s][info ][gc,start    ] GC(73) Pause Young (Normal) (G1 Evacuation Pause)
[2025-04-25T19:04:44.246+0000][3640.357s][info ][gc,task     ] GC(73) Using 4 workers of 4 for evacuation
[2025-04-25T19:04:44.303+0000][3640.413s][info ][gc,phases   ] GC(73)   Pre Evacuate Collection Set: 1.1ms
[2025-04-25T19:04:44.303+0000][3640.413s][info ][gc,phases   ] GC(73)   Merge Heap Roots: 2.1ms
[2025-04-25T19:04:44.303+0000][3640.413s][info ][gc,phases   ] GC(73)   Evacuate Collection Set: 41.2ms
[2025-04-25T19:04:44.303+0000][3640.413s][info ][gc,phases   ] GC(73)   Post Evacuate Collection Set: 10.5ms
[2025-04-25T19:04:44.304+0000][3640.414s][info ][gc,phases   ] GC(73)   Other: 3.5ms
[2025-04-25T19:04:44.304+0000][3640.414s][info ][gc,heap     ] GC(73) Eden regions: 572->0(572)
[2025-04-25T19:04:44.304+0000][3640.414s][info ][gc,heap     ] GC(73) Survivor regions: 13->13(74)
[2025-04-25T19:04:44.304+0000][3640.414s][info ][gc,heap     ] GC(73) Old regions: 191->193
[2025-04-25T19:04:44.304+0000][3640.414s][info ][gc,heap     ] GC(73) Archive regions: 2->2
[2025-04-25T19:04:44.304+0000][3640.414s][info ][gc,heap     ] GC(73) Humongous regions: 2->2
[2025-04-25T19:04:44.304+0000][3640.415s][info ][gc,metaspace] GC(73) Metaspace: 201481K(203072K)->201481K(203072K) NonClass: 177451K(178240K)->177451K(178240K) Class: 24030K(24832K)->24030K(24832K)
[2025-04-25T19:04:44.305+0000][3640.415s][info ][gc          ] GC(73) Pause Young (Normal) (G1 Evacuation Pause) 778M->207M(976M) 59.030ms
[2025-04-25T19:04:44.305+0000][3640.416s][info ][gc,cpu      ] GC(73) User=0.09s Sys=0.00s Real=0.06s
[2025-04-25T19:04:44.305+0000][3640.416s][info ][safepoint   ] Safepoint "G1CollectForAllocation", Time since last: 28755704671 ns, Reaching safepoint: 450245 ns, Cleanup: 19120 ns, At safepoint: 61224808 ns, Total: 61694173 ns
[2025-04-25T19:04:45.306+0000][3641.416s][debug][safepoint   ] Safepoint synchronization initiated using futex wait barrier. (260 threads)
[2025-04-25T19:04:45.306+0000][3641.416s][info ][safepoint   ] Safepoint "Cleanup", Time since last: 1000332303 ns, Reaching safepoint: 80554 ns, Cleanup: 17235 ns, At safepoint: 15095 ns, Total: 112884 ns
[2025-04-25T19:05:00.308+0000][3656.418s][debug][safepoint   ] Safepoint synchronization initiated using futex wait barrier. (260 threads)
[2025-04-25T19:05:00.308+0000][3656.418s][info ][safepoint   ] Safepoint "Cleanup", Time since last: 15001929232 ns, Reaching safepoint: 116474 ns, Cleanup: 24410 ns, At safepoint: 10018 ns, Total: 150902 ns
[2025-04-25T19:05:04.309+0000][3660.419s][debug][safepoint   ] Safepoint synchronization initiated using futex wait barrier. (260 threads)
[2025-04-25T19:05:04.309+0000][3660.419s][info ][safepoint   ] Safepoint "Cleanup", Time since last: 4000936065 ns, Reaching safepoint: 136700 ns, Cleanup: 23245 ns, At safepoint: 10157 ns, Total: 170102 ns
[2025-04-25T19:05:08.527+0000][3664.638s][debug][safepoint   ] Safepoint synchronization initiated using futex wait barrier. (260 threads)
[2025-04-25T19:05:08.528+0000][3664.638s][info ][safepoint   ] Safepoint "Cleanup", Time since last: 4218288456 ns, Reaching safepoint: 160833 ns, Cleanup: 23229 ns, At safepoint: 16892 ns, Total: 200954 ns
[2025-04-25T19:05:09.528+0000][3665.639s][debug][safepoint   ] Safepoint synchronization initiated using futex wait barrier. (260 threads)
[2025-04-25T19:05:09.528+0000][3665.639s][info ][safepoint   ] Safepoint "Cleanup", Time since last: 1000570043 ns, Reaching safepoint: 218322 ns, Cleanup: 36855 ns, At safepoint: 18069 ns, Total: 273246 ns
[2025-04-25T19:05:35.531+0000][3691.642s][debug][safepoint   ] Safepoint synchronization initiated using futex wait barrier. (259 threads)
[2025-04-25T19:05:35.532+0000][3691.642s][info ][safepoint   ] Safepoint "Cleanup", Time since last: 26003064933 ns, Reaching safepoint: 279295 ns, Cleanup: 44796 ns, At safepoint: 33572 ns, Total: 357663 ns
[2025-04-25T19:05:40.532+0000][3696.643s][debug][safepoint   ] Safepoint synchronization initiated using futex wait barrier. (259 threads)
[2025-04-25T19:05:40.533+0000][3696.643s][info ][safepoint   ] Safepoint "Cleanup", Time since last: 5000641481 ns, Reaching safepoint: 63736 ns, Cleanup: 9425 ns, At safepoint: 5142 ns, Total: 78303 ns
[2025-04-25T19:05:41.533+0000][3697.643s][debug][safepoint   ] Safepoint synchronization initiated using futex wait barrier. (259 threads)
[2025-04-25T19:05:41.533+0000][3697.644s][info ][safepoint   ] Safepoint "Cleanup", Time since last: 1000258001 ns, Reaching safepoint: 262626 ns, Cleanup: 33856 ns, At safepoint: 24116 ns, Total: 320598 ns
[2025-04-25T19:05:42.533+0000][3698.644s][debug][safepoint   ] Safepoint synchronization initiated using futex wait barrier. (259 threads)
[2025-04-25T19:05:42.534+0000][3698.644s][info ][safepoint   ] Safepoint "Cleanup", Time since last: 1000213558 ns, Reaching safepoint: 287880 ns, Cleanup: 67500 ns, At safepoint: 34047 ns, Total: 389427 ns
[2025-04-25T19:05:45.534+0000][3701.645s][debug][safepoint   ] Safepoint synchronization initiated using futex wait barrier. (258 threads)
[2025-04-25T19:05:45.534+0000][3701.645s][info ][safepoint   ] Safepoint "Cleanup", Time since last: 3000397435 ns, Reaching safepoint: 118580 ns, Cleanup: 22146 ns, At safepoint: 15362 ns, Total: 156088 ns
[2025-04-25T19:05:48.535+0000][3704.645s][debug][safepoint   ] Safepoint synchronization initiated using futex wait barrier. (258 threads)
[2025-04-25T19:05:48.535+0000][3704.646s][info ][safepoint   ] Safepoint "Cleanup", Time since last: 3000761993 ns, Reaching safepoint: 263661 ns, Cleanup: 33092 ns, At safepoint: 26445 ns, Total: 323198 ns
[2025-04-25T19:06:04.537+0000][3720.648s][debug][safepoint   ] Safepoint synchronization initiated using futex wait barrier. (258 threads)
[2025-04-25T19:06:04.538+0000][3720.648s][info ][safepoint   ] Safepoint "Cleanup", Time since last: 16002004252 ns, Reaching safepoint: 267672 ns, Cleanup: 180144 ns, At safepoint: 36218 ns, Total: 484034 ns
[2025-04-25T19:06:08.566+0000][3724.677s][debug][safepoint   ] Safepoint synchronization initiated using futex wait barrier. (258 threads)
[2025-04-25T19:06:08.567+0000][3724.677s][info ][safepoint   ] Safepoint "Cleanup", Time since last: 4028387883 ns, Reaching safepoint: 581783 ns, Cleanup: 35128 ns, At safepoint: 26420 ns, Total: 643331 ns
[2025-04-25T19:06:23.568+0000][3739.679s][debug][safepoint   ] Safepoint synchronization initiated using futex wait barrier. (258 threads)
[2025-04-25T19:06:23.569+0000][3739.679s][info ][safepoint   ] Safepoint "Cleanup", Time since last: 15001588812 ns, Reaching safepoint: 430100 ns, Cleanup: 41847 ns, At safepoint: 18910 ns, Total: 490857 ns
[2025-04-25T19:06:25.569+0000][3741.680s][debug][safepoint   ] Safepoint synchronization initiated using futex wait barrier. (259 threads)
[2025-04-25T19:06:25.569+0000][3741.680s][info ][safepoint   ] Safepoint "Cleanup", Time since last: 2000228474 ns, Reaching safepoint: 86384 ns, Cleanup: 13320 ns, At safepoint: 7064 ns, Total: 106768 ns
[2025-04-25T19:06:43.571+0000][3759.681s][debug][safepoint   ] Safepoint synchronization initiated using futex wait barrier. (259 threads)
[2025-04-25T19:06:43.571+0000][3759.681s][info ][safepoint   ] Safepoint "Cleanup", Time since last: 18001389269 ns, Reaching safepoint: 266461 ns, Cleanup: 17124 ns, At safepoint: 9529 ns, Total: 293114 ns
[2025-04-25T19:06:46.571+0000][3762.682s][debug][safepoint   ] Safepoint synchronization initiated using futex wait barrier. (259 threads)
[2025-04-25T19:06:46.571+0000][3762.682s][info ][safepoint   ] Safepoint "Cleanup", Time since last: 3000260262 ns, Reaching safepoint: 107330 ns, Cleanup: 19125 ns, At safepoint: 9392 ns, Total: 135847 ns
[2025-04-25T19:06:54.572+0000][3770.682s][debug][safepoint   ] Safepoint synchronization initiated using futex wait barrier. (259 threads)
[2025-04-25T19:06:54.572+0000][3770.683s][info ][safepoint   ] Safepoint "Cleanup", Time since last: 8000692492 ns, Reaching safepoint: 77063 ns, Cleanup: 12649 ns, At safepoint: 5401 ns, Total: 95113 ns
[2025-04-25T19:06:55.572+0000][3771.683s][debug][safepoint   ] Safepoint synchronization initiated using futex wait barrier. (259 threads)
[2025-04-25T19:06:55.572+0000][3771.683s][info ][safepoint   ] Safepoint "Cleanup", Time since last: 1000083066 ns, Reaching safepoint: 78797 ns, Cleanup: 11188 ns, At safepoint: 7481 ns, Total: 97466 ns
[2025-04-25T19:07:01.869+0000][3777.980s][debug][safepoint   ] Safepoint synchronization initiated using futex wait barrier. (262 threads)
[2025-04-25T19:07:01.872+0000][3777.982s][info ][safepoint   ] Safepoint "Cleanup", Time since last: 6293752817 ns, Reaching safepoint: 3474692 ns, Cleanup: 15931 ns, At safepoint: 2245941 ns, Total: 5736564 ns
[2025-04-25T19:07:02.872+0000][3778.982s][debug][safepoint   ] Safepoint synchronization initiated using futex wait barrier. (262 threads)
[2025-04-25T19:07:02.872+0000][3778.983s][info ][safepoint   ] Safepoint "Cleanup", Time since last: 1000239599 ns, Reaching safepoint: 205165 ns, Cleanup: 77985 ns, At safepoint: 26404 ns, Total: 309554 ns
[2025-04-25T19:07:19.610+0000][3795.720s][debug][safepoint   ] Safepoint synchronization initiated using futex wait barrier. (262 threads)
[2025-04-25T19:07:19.610+0000][3795.720s][info ][safepoint   ] Safepoint "Cleanup", Time since last: 16737330839 ns, Reaching safepoint: 257156 ns, Cleanup: 35320 ns, At safepoint: 13324 ns, Total: 305800 ns
[2025-04-25T19:07:20.610+0000][3796.721s][debug][safepoint   ] Safepoint synchronization initiated using futex wait barrier. (262 threads)
[2025-04-25T19:07:20.610+0000][3796.721s][info ][safepoint   ] Safepoint "Cleanup", Time since last: 1000185364 ns, Reaching safepoint: 119518 ns, Cleanup: 13702 ns, At safepoint: 9171 ns, Total: 142391 ns
[2025-04-25T19:07:23.611+0000][3799.721s][debug][safepoint   ] Safepoint synchronization initiated using futex wait barrier. (262 threads)
[2025-04-25T19:07:23.611+0000][3799.721s][info ][safepoint   ] Safepoint "Cleanup", Time since last: 3000485151 ns, Reaching safepoint: 110088 ns, Cleanup: 21418 ns, At safepoint: 8997 ns, Total: 140503 ns
[2025-04-25T19:07:31.614+0000][3807.724s][debug][safepoint   ] Safepoint synchronization initiated using futex wait barrier. (262 threads)
[2025-04-25T19:07:31.614+0000][3807.724s][info ][safepoint   ] Safepoint "Cleanup", Time since last: 8002830826 ns, Reaching safepoint: 91723 ns, Cleanup: 29553 ns, At safepoint: 16972 ns, Total: 138248 ns
[2025-04-25T19:07:34.614+0000][3810.725s][debug][safepoint   ] Safepoint synchronization initiated using futex wait barrier. (262 threads)
[2025-04-25T19:07:34.615+0000][3810.725s][info ][safepoint   ] Safepoint "Cleanup", Time since last: 3000310912 ns, Reaching safepoint: 183914 ns, Cleanup: 35913 ns, At safepoint: 11734 ns, Total: 231561 ns
[2025-04-25T19:07:43.615+0000][3819.726s][debug][safepoint   ] Safepoint synchronization initiated using futex wait barrier. (262 threads)
[2025-04-25T19:07:43.615+0000][3819.726s][info ][safepoint   ] Safepoint "Cleanup", Time since last: 9000675280 ns, Reaching safepoint: 112529 ns, Cleanup: 17056 ns, At safepoint: 8582 ns, Total: 138167 ns
[2025-04-25T19:07:44.616+0000][3820.726s][debug][safepoint   ] Safepoint synchronization initiated using futex wait barrier. (262 threads)
[2025-04-25T19:07:44.616+0000][3820.726s][info ][safepoint   ] Safepoint "Cleanup", Time since last: 1000229834 ns, Reaching safepoint: 145040 ns, Cleanup: 14230 ns, At safepoint: 10800 ns, Total: 170070 ns
[2025-04-25T19:07:59.617+0000][3835.727s][debug][safepoint   ] Safepoint synchronization initiated using futex wait barrier. (263 threads)
[2025-04-25T19:07:59.618+0000][3835.728s][info ][safepoint   ] Safepoint "Cleanup", Time since last: 15001248208 ns, Reaching safepoint: 801004 ns, Cleanup: 20371 ns, At safepoint: 15820 ns, Total: 837195 ns
[2025-04-25T19:08:03.618+0000][3839.729s][debug][safepoint   ] Safepoint synchronization initiated using futex wait barrier. (262 threads)
[2025-04-25T19:08:03.618+0000][3839.729s][info ][safepoint   ] Safepoint "Cleanup", Time since last: 4000551453 ns, Reaching safepoint: 73002 ns, Cleanup: 11488 ns, At safepoint: 4957 ns, Total: 89447 ns
[2025-04-25T19:08:15.638+0000][3851.749s][debug][safepoint   ] Safepoint synchronization initiated using futex wait barrier. (262 threads)
[2025-04-25T19:08:15.639+0000][3851.749s][info ][safepoint   ] Safepoint "Cleanup", Time since last: 12019901530 ns, Reaching safepoint: 270648 ns, Cleanup: 36810 ns, At safepoint: 66036 ns, Total: 373494 ns
[2025-04-25T19:08:16.639+0000][3852.749s][debug][safepoint   ] Safepoint synchronization initiated using futex wait barrier. (262 threads)
[2025-04-25T19:08:16.640+0000][3852.750s][info ][safepoint   ] Safepoint "Cleanup", Time since last: 1000286279 ns, Reaching safepoint: 692729 ns, Cleanup: 37202 ns, At safepoint: 29907 ns, Total: 759838 ns
[2025-04-25T19:08:25.641+0000][3861.751s][debug][safepoint   ] Safepoint synchronization initiated using futex wait barrier. (262 threads)
[2025-04-25T19:08:25.641+0000][3861.751s][info ][safepoint   ] Safepoint "Cleanup", Time since last: 9000993240 ns, Reaching safepoint: 72378 ns, Cleanup: 10599 ns, At safepoint: 5562 ns, Total: 88539 ns
[2025-04-25T19:08:28.641+0000][3864.752s][debug][safepoint   ] Safepoint synchronization initiated using futex wait barrier. (262 threads)
[2025-04-25T19:08:28.641+0000][3864.752s][info ][safepoint   ] Safepoint "Cleanup", Time since last: 3000254340 ns, Reaching safepoint: 104937 ns, Cleanup: 12530 ns, At safepoint: 6240 ns, Total: 123707 ns
[2025-04-25T19:08:31.642+0000][3867.752s][debug][safepoint   ] Safepoint synchronization initiated using futex wait barrier. (262 threads)
[2025-04-25T19:08:31.642+0000][3867.752s][info ][safepoint   ] Safepoint "Cleanup", Time since last: 3000297282 ns, Reaching safepoint: 246741 ns, Cleanup: 22973 ns, At safepoint: 24390 ns, Total: 294104 ns
[2025-04-25T19:08:34.646+0000][3870.756s][debug][safepoint   ] Safepoint synchronization initiated using futex wait barrier. (262 threads)
[2025-04-25T19:08:34.647+0000][3870.757s][info ][safepoint   ] Safepoint "Cleanup", Time since last: 3003963437 ns, Reaching safepoint: 638146 ns, Cleanup: 64583 ns, At safepoint: 29343 ns, Total: 732072 ns
[2025-04-25T19:08:36.647+0000][3872.757s][debug][safepoint   ] Safepoint synchronization initiated using futex wait barrier. (262 threads)
[2025-04-25T19:08:36.647+0000][3872.757s][info ][safepoint   ] Safepoint "Cleanup", Time since last: 2000463639 ns, Reaching safepoint: 80159 ns, Cleanup: 13014 ns, At safepoint: 9378 ns, Total: 102551 ns
[2025-04-25T19:08:38.647+0000][3874.758s][debug][safepoint   ] Safepoint synchronization initiated using futex wait barrier. (262 threads)
[2025-04-25T19:08:38.647+0000][3874.758s][info ][safepoint   ] Safepoint "Cleanup", Time since last: 2000176730 ns, Reaching safepoint: 87483 ns, Cleanup: 14253 ns, At safepoint: 6670 ns, Total: 108406 ns
[2025-04-25T19:08:54.651+0000][3890.762s][debug][safepoint   ] Safepoint synchronization initiated using futex wait barrier. (262 threads)
[2025-04-25T19:08:54.651+0000][3890.762s][info ][safepoint   ] Safepoint "Cleanup", Time since last: 16003767595 ns, Reaching safepoint: 221011 ns, Cleanup: 17621 ns, At safepoint: 9366 ns, Total: 247998 ns
[2025-04-25T19:09:08.674+0000][3904.785s][debug][safepoint   ] Safepoint synchronization initiated using futex wait barrier. (259 threads)
[2025-04-25T19:09:08.675+0000][3904.785s][info ][safepoint   ] Safepoint "Cleanup", Time since last: 14022980586 ns, Reaching safepoint: 124702 ns, Cleanup: 18277 ns, At safepoint: 7396 ns, Total: 150375 ns
[2025-04-25T19:09:10.264+0000][3906.374s][debug][safepoint   ] Safepoint synchronization initiated using futex wait barrier. (265 threads)
[2025-04-25T19:09:10.264+0000][3906.374s][info ][safepoint   ] Safepoint "Cleanup", Time since last: 1589208018 ns, Reaching safepoint: 93647 ns, Cleanup: 67592 ns, At safepoint: 7566 ns, Total: 168805 ns
[2025-04-25T19:09:36.266+0000][3932.377s][debug][safepoint   ] Safepoint synchronization initiated using futex wait barrier. (264 threads)
[2025-04-25T19:09:36.266+0000][3932.377s][info ][safepoint   ] Safepoint "Cleanup", Time since last: 26002270137 ns, Reaching safepoint: 93592 ns, Cleanup: 12722 ns, At safepoint: 7684 ns, Total: 113998 ns
[2025-04-25T19:09:58.631+0000][3954.742s][debug][safepoint   ] Safepoint synchronization initiated using futex wait barrier. (264 threads)
[2025-04-25T19:09:58.634+0000][3954.745s][info ][gc,start    ] GC(74) Pause Young (Normal) (G1 Evacuation Pause)
[2025-04-25T19:09:58.636+0000][3954.746s][info ][gc,task     ] GC(74) Using 4 workers of 4 for evacuation
[2025-04-25T19:09:58.684+0000][3954.795s][info ][gc,phases   ] GC(74)   Pre Evacuate Collection Set: 0.8ms
[2025-04-25T19:09:58.684+0000][3954.795s][info ][gc,phases   ] GC(74)   Merge Heap Roots: 1.0ms
[2025-04-25T19:09:58.684+0000][3954.795s][info ][gc,phases   ] GC(74)   Evacuate Collection Set: 37.2ms
[2025-04-25T19:09:58.684+0000][3954.795s][info ][gc,phases   ] GC(74)   Post Evacuate Collection Set: 7.4ms
[2025-04-25T19:09:58.685+0000][3954.795s][info ][gc,phases   ] GC(74)   Other: 5.2ms
[2025-04-25T19:09:58.685+0000][3954.795s][info ][gc,heap     ] GC(74) Eden regions: 572->0(573)
[2025-04-25T19:09:58.685+0000][3954.795s][info ][gc,heap     ] GC(74) Survivor regions: 13->12(74)
[2025-04-25T19:09:58.685+0000][3954.795s][info ][gc,heap     ] GC(74) Old regions: 193->193
[2025-04-25T19:09:58.685+0000][3954.795s][info ][gc,heap     ] GC(74) Archive regions: 2->2
[2025-04-25T19:09:58.685+0000][3954.795s][info ][gc,heap     ] GC(74) Humongous regions: 2->2
[2025-04-25T19:09:58.685+0000][3954.795s][info ][gc,metaspace] GC(74) Metaspace: 201648K(203264K)->201648K(203264K) NonClass: 177607K(178432K)->177607K(178432K) Class: 24041K(24832K)->24041K(24832K)
[2025-04-25T19:09:58.685+0000][3954.795s][info ][gc          ] GC(74) Pause Young (Normal) (G1 Evacuation Pause) 779M->207M(976M) 50.959ms
[2025-04-25T19:09:58.685+0000][3954.795s][info ][gc,cpu      ] GC(74) User=0.07s Sys=0.00s Real=0.05s
[2025-04-25T19:09:58.685+0000][3954.796s][info ][safepoint   ] Safepoint "G1CollectForAllocation", Time since last: 22365064594 ns, Reaching safepoint: 112105 ns, Cleanup: 7114 ns, At safepoint: 53955851 ns, Total: 54075070 ns
[2025-04-25T19:09:59.686+0000][3955.796s][debug][safepoint   ] Safepoint synchronization initiated using futex wait barrier. (265 threads)
[2025-04-25T19:09:59.686+0000][3955.796s][info ][safepoint   ] Safepoint "Cleanup", Time since last: 1000153955 ns, Reaching safepoint: 82378 ns, Cleanup: 13609 ns, At safepoint: 24590 ns, Total: 120577 ns
[2025-04-25T19:10:29.714+0000][3985.824s][debug][safepoint   ] Safepoint synchronization initiated using futex wait barrier. (267 threads)
[2025-04-25T19:10:29.714+0000][3985.824s][info ][safepoint   ] Safepoint "Cleanup", Time since last: 30027974158 ns, Reaching safepoint: 130168 ns, Cleanup: 38643 ns, At safepoint: 10901 ns, Total: 179712 ns
[2025-04-25T19:10:33.714+0000][3989.825s][debug][safepoint   ] Safepoint synchronization initiated using futex wait barrier. (267 threads)
[2025-04-25T19:10:33.714+0000][3989.825s][info ][safepoint   ] Safepoint "Cleanup", Time since last: 4000361988 ns, Reaching safepoint: 128888 ns, Cleanup: 16360 ns, At safepoint: 7831 ns, Total: 153079 ns
[2025-04-25T19:11:04.718+0000][4020.829s][debug][safepoint   ] Safepoint synchronization initiated using futex wait barrier. (267 threads)
[2025-04-25T19:11:04.720+0000][4020.830s][info ][safepoint   ] Safepoint "Cleanup", Time since last: 31004045289 ns, Reaching safepoint: 1337425 ns, Cleanup: 56870 ns, At safepoint: 78512 ns, Total: 1472807 ns
[2025-04-25T19:11:18.753+0000][4034.863s][debug][safepoint   ] Safepoint synchronization initiated using futex wait barrier. (267 threads)
[2025-04-25T19:11:18.753+0000][4034.864s][info ][safepoint   ] Safepoint "Cleanup", Time since last: 14033163859 ns, Reaching safepoint: 94875 ns, Cleanup: 10890 ns, At safepoint: 6052 ns, Total: 111817 ns
[2025-04-25T19:11:55.766+0000][4071.876s][debug][safepoint   ] Safepoint synchronization initiated using futex wait barrier. (263 threads)
[2025-04-25T19:11:55.767+0000][4071.877s][info ][safepoint   ] Safepoint "Cleanup", Time since last: 37012806787 ns, Reaching safepoint: 893865 ns, Cleanup: 37186 ns, At safepoint: 28017 ns, Total: 959068 ns
[2025-04-25T19:12:13.797+0000][4089.907s][debug][safepoint   ] Safepoint synchronization initiated using futex wait barrier. (263 threads)
[2025-04-25T19:12:13.797+0000][4089.908s][info ][safepoint   ] Safepoint "Cleanup", Time since last: 18030022009 ns, Reaching safepoint: 204085 ns, Cleanup: 26792 ns, At safepoint: 20754 ns, Total: 251631 ns
[2025-04-25T19:12:38.800+0000][4114.911s][debug][safepoint   ] Safepoint synchronization initiated using futex wait barrier. (261 threads)
[2025-04-25T19:12:38.801+0000][4114.911s][info ][safepoint   ] Safepoint "Cleanup", Time since last: 25003086548 ns, Reaching safepoint: 292661 ns, Cleanup: 48401 ns, At safepoint: 103468 ns, Total: 444530 ns
[2025-04-25T19:13:43.838+0000][4179.949s][debug][safepoint   ] Safepoint synchronization initiated using futex wait barrier. (260 threads)
[2025-04-25T19:13:43.839+0000][4179.949s][info ][safepoint   ] Safepoint "Cleanup", Time since last: 65037740318 ns, Reaching safepoint: 108168 ns, Cleanup: 14879 ns, At safepoint: 7280 ns, Total: 130327 ns
[2025-04-25T19:13:45.839+0000][4181.949s][debug][safepoint   ] Safepoint synchronization initiated using futex wait barrier. (260 threads)
[2025-04-25T19:13:45.839+0000][4181.949s][info ][safepoint   ] Safepoint "Cleanup", Time since last: 2000192272 ns, Reaching safepoint: 112143 ns, Cleanup: 17145 ns, At safepoint: 5192 ns, Total: 134480 ns
[2025-04-25T19:14:09.871+0000][4205.982s][debug][safepoint   ] Safepoint synchronization initiated using futex wait barrier. (260 threads)
[2025-04-25T19:14:09.871+0000][4205.982s][info ][safepoint   ] Safepoint "Cleanup", Time since last: 24032277505 ns, Reaching safepoint: 103754 ns, Cleanup: 14188 ns, At safepoint: 7447 ns, Total: 125389 ns
[2025-04-25T19:14:14.872+0000][4210.982s][debug][safepoint   ] Safepoint synchronization initiated using futex wait barrier. (263 threads)
[2025-04-25T19:14:14.872+0000][4210.982s][info ][safepoint   ] Safepoint "Cleanup", Time since last: 5000382195 ns, Reaching safepoint: 92778 ns, Cleanup: 33954 ns, At safepoint: 8648 ns, Total: 135380 ns
[2025-04-25T19:14:15.872+0000][4211.982s][debug][safepoint   ] Safepoint synchronization initiated using futex wait barrier. (263 threads)
[2025-04-25T19:14:15.872+0000][4211.982s][info ][safepoint   ] Safepoint "Cleanup", Time since last: 1000113673 ns, Reaching safepoint: 75830 ns, Cleanup: 21446 ns, At safepoint: 5705 ns, Total: 102981 ns
[2025-04-25T19:14:24.873+0000][4220.983s][debug][safepoint   ] Safepoint synchronization initiated using futex wait barrier. (263 threads)
[2025-04-25T19:14:24.873+0000][4220.984s][info ][safepoint   ] Safepoint "Cleanup", Time since last: 9000957872 ns, Reaching safepoint: 91201 ns, Cleanup: 14142 ns, At safepoint: 7147 ns, Total: 112490 ns
[2025-04-25T19:14:25.873+0000][4221.984s][debug][safepoint   ] Safepoint synchronization initiated using futex wait barrier. (263 threads)
[2025-04-25T19:14:25.873+0000][4221.984s][info ][safepoint   ] Safepoint "Cleanup", Time since last: 1000156204 ns, Reaching safepoint: 76413 ns, Cleanup: 25277 ns, At safepoint: 6010 ns, Total: 107700 ns
[2025-04-25T19:14:32.874+0000][4228.984s][debug][safepoint   ] Safepoint synchronization initiated using futex wait barrier. (263 threads)
[2025-04-25T19:14:32.875+0000][4228.985s][info ][safepoint   ] Safepoint "Cleanup", Time since last: 7000652574 ns, Reaching safepoint: 974927 ns, Cleanup: 53846 ns, At safepoint: 13236 ns, Total: 1042009 ns
[2025-04-25T19:14:34.875+0000][4230.986s][debug][safepoint   ] Safepoint synchronization initiated using futex wait barrier. (263 threads)
[2025-04-25T19:14:34.876+0000][4230.986s][info ][safepoint   ] Safepoint "Cleanup", Time since last: 2000257363 ns, Reaching safepoint: 146472 ns, Cleanup: 66981 ns, At safepoint: 12436 ns, Total: 225889 ns
[2025-04-25T19:14:38.876+0000][4234.986s][debug][safepoint   ] Safepoint synchronization initiated using futex wait barrier. (263 threads)
[2025-04-25T19:14:38.876+0000][4234.987s][info ][safepoint   ] Safepoint "Cleanup", Time since last: 4000453881 ns, Reaching safepoint: 172961 ns, Cleanup: 29569 ns, At safepoint: 19780 ns, Total: 222310 ns
[2025-04-25T19:14:39.876+0000][4235.987s][debug][safepoint   ] Safepoint synchronization initiated using futex wait barrier. (263 threads)
[2025-04-25T19:14:39.877+0000][4235.987s][info ][safepoint   ] Safepoint "Cleanup", Time since last: 1000170534 ns, Reaching safepoint: 189866 ns, Cleanup: 32399 ns, At safepoint: 22277 ns, Total: 244542 ns
[2025-04-25T19:14:59.880+0000][4255.990s][debug][safepoint   ] Safepoint synchronization initiated using futex wait barrier. (263 threads)
[2025-04-25T19:14:59.880+0000][4255.990s][info ][safepoint   ] Safepoint "Cleanup", Time since last: 20003049197 ns, Reaching safepoint: 114441 ns, Cleanup: 23783 ns, At safepoint: 8379 ns, Total: 146603 ns
[2025-04-25T19:15:00.880+0000][4256.990s][debug][safepoint   ] Safepoint synchronization initiated using futex wait barrier. (267 threads)
[2025-04-25T19:15:00.880+0000][4256.990s][info ][safepoint   ] Safepoint "Cleanup", Time since last: 1000106769 ns, Reaching safepoint: 93472 ns, Cleanup: 19227 ns, At safepoint: 19765 ns, Total: 132464 ns
[2025-04-25T19:15:06.881+0000][4262.991s][debug][safepoint   ] Safepoint synchronization initiated using futex wait barrier. (266 threads)
[2025-04-25T19:15:06.881+0000][4262.991s][info ][safepoint   ] Safepoint "Cleanup", Time since last: 6000549090 ns, Reaching safepoint: 75876 ns, Cleanup: 11544 ns, At safepoint: 5678 ns, Total: 93098 ns
[2025-04-25T19:15:29.985+0000][4286.095s][debug][safepoint   ] Safepoint synchronization initiated using futex wait barrier. (266 threads)
[2025-04-25T19:15:29.988+0000][4286.098s][info ][gc,start    ] GC(75) Pause Young (Normal) (G1 Evacuation Pause)
[2025-04-25T19:15:29.989+0000][4286.099s][info ][gc,task     ] GC(75) Using 4 workers of 4 for evacuation
[2025-04-25T19:15:30.046+0000][4286.157s][info ][gc,phases   ] GC(75)   Pre Evacuate Collection Set: 0.8ms
[2025-04-25T19:15:30.046+0000][4286.157s][info ][gc,phases   ] GC(75)   Merge Heap Roots: 0.5ms
[2025-04-25T19:15:30.046+0000][4286.157s][info ][gc,phases   ] GC(75)   Evacuate Collection Set: 43.4ms
[2025-04-25T19:15:30.047+0000][4286.157s][info ][gc,phases   ] GC(75)   Post Evacuate Collection Set: 10.3ms
[2025-04-25T19:15:30.047+0000][4286.157s][info ][gc,phases   ] GC(75)   Other: 5.1ms
[2025-04-25T19:15:30.047+0000][4286.157s][info ][gc,heap     ] GC(75) Eden regions: 573->0(573)
[2025-04-25T19:15:30.047+0000][4286.157s][info ][gc,heap     ] GC(75) Survivor regions: 12->12(74)
[2025-04-25T19:15:30.047+0000][4286.157s][info ][gc,heap     ] GC(75) Old regions: 193->194
[2025-04-25T19:15:30.047+0000][4286.157s][info ][gc,heap     ] GC(75) Archive regions: 2->2
[2025-04-25T19:15:30.047+0000][4286.157s][info ][gc,heap     ] GC(75) Humongous regions: 2->2
[2025-04-25T19:15:30.047+0000][4286.157s][info ][gc,metaspace] GC(75) Metaspace: 201815K(203392K)->201815K(203392K) NonClass: 177768K(178560K)->177768K(178560K) Class: 24047K(24832K)->24047K(24832K)
[2025-04-25T19:15:30.047+0000][4286.157s][info ][gc          ] GC(75) Pause Young (Normal) (G1 Evacuation Pause) 780M->207M(976M) 59.413ms
[2025-04-25T19:15:30.047+0000][4286.157s][info ][gc,cpu      ] GC(75) User=0.16s Sys=0.00s Real=0.06s
[2025-04-25T19:15:30.048+0000][4286.159s][info ][safepoint   ] Safepoint "G1CollectForAllocation", Time since last: 23104035142 ns, Reaching safepoint: 148792 ns, Cleanup: 19994 ns, At safepoint: 63289001 ns, Total: 63457787 ns
[2025-04-25T19:17:05.939+0000][4382.049s][debug][safepoint   ] Safepoint synchronization initiated using futex wait barrier. (262 threads)
[2025-04-25T19:17:05.939+0000][4382.049s][info ][safepoint   ] Safepoint "Cleanup", Time since last: 95890713044 ns, Reaching safepoint: 114813 ns, Cleanup: 13525 ns, At safepoint: 7690 ns, Total: 136028 ns
[2025-04-25T19:17:50.969+0000][4427.079s][debug][safepoint   ] Safepoint synchronization initiated using futex wait barrier. (264 threads)
[2025-04-25T19:17:50.969+0000][4427.079s][info ][safepoint   ] Safepoint "Cleanup", Time since last: 45029437796 ns, Reaching safepoint: 370675 ns, Cleanup: 47068 ns, At safepoint: 61842 ns, Total: 479585 ns
[2025-04-25T19:17:59.970+0000][4436.080s][debug][safepoint   ] Safepoint synchronization initiated using futex wait barrier. (264 threads)
[2025-04-25T19:17:59.970+0000][4436.080s][info ][safepoint   ] Safepoint "Cleanup", Time since last: 9000875797 ns, Reaching safepoint: 103408 ns, Cleanup: 12737 ns, At safepoint: 8829 ns, Total: 124974 ns
[2025-04-25T19:18:05.971+0000][4442.081s][debug][safepoint   ] Safepoint synchronization initiated using futex wait barrier. (265 threads)
[2025-04-25T19:18:05.971+0000][4442.081s][info ][safepoint   ] Safepoint "Cleanup", Time since last: 6000522809 ns, Reaching safepoint: 100018 ns, Cleanup: 20935 ns, At safepoint: 6903 ns, Total: 127856 ns
[2025-04-25T19:18:09.992+0000][4446.102s][debug][safepoint   ] Safepoint synchronization initiated using futex wait barrier. (265 threads)
[2025-04-25T19:18:09.992+0000][4446.102s][info ][safepoint   ] Safepoint "Cleanup", Time since last: 4021274985 ns, Reaching safepoint: 115170 ns, Cleanup: 19844 ns, At safepoint: 7320 ns, Total: 142334 ns
[2025-04-25T19:18:12.992+0000][4449.103s][debug][safepoint   ] Safepoint synchronization initiated using futex wait barrier. (265 threads)
[2025-04-25T19:18:12.993+0000][4449.103s][info ][safepoint   ] Safepoint "Cleanup", Time since last: 3000318197 ns, Reaching safepoint: 178018 ns, Cleanup: 15957 ns, At safepoint: 14159 ns, Total: 208134 ns
[2025-04-25T19:18:14.594+0000][4450.704s][debug][safepoint   ] Safepoint synchronization initiated using futex wait barrier. (265 threads)
[2025-04-25T19:18:14.594+0000][4450.704s][info ][safepoint   ] Safepoint "Cleanup", Time since last: 1600919755 ns, Reaching safepoint: 86023 ns, Cleanup: 30736 ns, At safepoint: 5984 ns, Total: 122743 ns
[2025-04-25T19:18:37.596+0000][4473.707s][debug][safepoint   ] Safepoint synchronization initiated using futex wait barrier. (267 threads)
[2025-04-25T19:18:37.596+0000][4473.707s][info ][safepoint   ] Safepoint "Cleanup", Time since last: 23002544432 ns, Reaching safepoint: 123607 ns, Cleanup: 17836 ns, At safepoint: 7586 ns, Total: 149029 ns
[2025-04-25T19:18:51.598+0000][4487.708s][debug][safepoint   ] Safepoint synchronization initiated using futex wait barrier. (267 threads)
[2025-04-25T19:18:51.598+0000][4487.708s][info ][safepoint   ] Safepoint "Cleanup", Time since last: 14001263449 ns, Reaching safepoint: 269041 ns, Cleanup: 24355 ns, At safepoint: 8000 ns, Total: 301396 ns
[2025-04-25T19:18:52.598+0000][4488.709s][debug][safepoint   ] Safepoint synchronization initiated using futex wait barrier. (267 threads)
[2025-04-25T19:18:52.599+0000][4488.709s][info ][safepoint   ] Safepoint "Cleanup", Time since last: 1000550294 ns, Reaching safepoint: 74065 ns, Cleanup: 38410 ns, At safepoint: 6635 ns, Total: 119110 ns
[2025-04-25T19:18:55.599+0000][4491.709s][debug][safepoint   ] Safepoint synchronization initiated using futex wait barrier. (267 threads)
[2025-04-25T19:18:55.599+0000][4491.709s][info ][safepoint   ] Safepoint "Cleanup", Time since last: 3000277975 ns, Reaching safepoint: 118926 ns, Cleanup: 20720 ns, At safepoint: 8425 ns, Total: 148071 ns
[2025-04-25T19:18:56.599+0000][4492.710s][debug][safepoint   ] Safepoint synchronization initiated using futex wait barrier. (267 threads)
[2025-04-25T19:18:56.599+0000][4492.710s][info ][safepoint   ] Safepoint "Cleanup", Time since last: 1000134827 ns, Reaching safepoint: 89235 ns, Cleanup: 19998 ns, At safepoint: 7094 ns, Total: 116327 ns
[2025-04-25T19:19:08.034+0000][4504.145s][debug][safepoint   ] Safepoint synchronization initiated using futex wait barrier. (264 threads)
[2025-04-25T19:19:08.035+0000][4504.145s][info ][safepoint   ] Safepoint "Cleanup", Time since last: 11435265881 ns, Reaching safepoint: 83047 ns, Cleanup: 11794 ns, At safepoint: 6281 ns, Total: 101122 ns
[2025-04-25T19:19:15.035+0000][4511.146s][debug][safepoint   ] Safepoint synchronization initiated using futex wait barrier. (264 threads)
[2025-04-25T19:19:15.036+0000][4511.146s][info ][safepoint   ] Safepoint "Cleanup", Time since last: 7000712257 ns, Reaching safepoint: 265754 ns, Cleanup: 28586 ns, At safepoint: 19745 ns, Total: 314085 ns
[2025-04-25T19:19:17.036+0000][4513.146s][debug][safepoint   ] Safepoint synchronization initiated using futex wait barrier. (264 threads)
[2025-04-25T19:19:17.036+0000][4513.147s][info ][safepoint   ] Safepoint "Cleanup", Time since last: 2000299160 ns, Reaching safepoint: 254003 ns, Cleanup: 28051 ns, At safepoint: 11423 ns, Total: 293477 ns
[2025-04-25T19:19:18.036+0000][4514.147s][debug][safepoint   ] Safepoint synchronization initiated using futex wait barrier. (264 threads)
[2025-04-25T19:19:18.036+0000][4514.147s][info ][safepoint   ] Safepoint "Cleanup", Time since last: 1000098862 ns, Reaching safepoint: 106394 ns, Cleanup: 17279 ns, At safepoint: 6117 ns, Total: 129790 ns
[2025-04-25T19:19:28.037+0000][4524.148s][debug][safepoint   ] Safepoint synchronization initiated using futex wait barrier. (264 threads)
[2025-04-25T19:19:28.037+0000][4524.148s][info ][safepoint   ] Safepoint "Cleanup", Time since last: 10000765658 ns, Reaching safepoint: 70514 ns, Cleanup: 10677 ns, At safepoint: 5261 ns, Total: 86452 ns
[2025-04-25T19:19:30.038+0000][4526.148s][debug][safepoint   ] Safepoint synchronization initiated using futex wait barrier. (264 threads)
[2025-04-25T19:19:30.038+0000][4526.148s][info ][safepoint   ] Safepoint "Cleanup", Time since last: 2000314869 ns, Reaching safepoint: 150106 ns, Cleanup: 20188 ns, At safepoint: 11652 ns, Total: 181946 ns
[2025-04-25T19:19:43.040+0000][4539.150s][debug][safepoint   ] Safepoint synchronization initiated using futex wait barrier. (264 threads)
[2025-04-25T19:19:43.040+0000][4539.151s][info ][safepoint   ] Safepoint "Cleanup", Time since last: 13002066055 ns, Reaching safepoint: 280406 ns, Cleanup: 36624 ns, At safepoint: 29668 ns, Total: 346698 ns
[2025-04-25T19:19:45.040+0000][4541.151s][debug][safepoint   ] Safepoint synchronization initiated using futex wait barrier. (264 threads)
[2025-04-25T19:19:45.041+0000][4541.151s][info ][safepoint   ] Safepoint "Cleanup", Time since last: 2000265013 ns, Reaching safepoint: 183488 ns, Cleanup: 63137 ns, At safepoint: 20084 ns, Total: 266709 ns
[2025-04-25T19:20:54.565+0000][4610.676s][debug][safepoint   ] Safepoint synchronization initiated using futex wait barrier. (262 threads)
[2025-04-25T19:20:54.566+0000][4610.676s][info ][gc,start    ] GC(76) Pause Young (Normal) (G1 Evacuation Pause)
[2025-04-25T19:20:54.566+0000][4610.676s][info ][gc,task     ] GC(76) Using 4 workers of 4 for evacuation
[2025-04-25T19:20:54.657+0000][4610.768s][info ][gc,phases   ] GC(76)   Pre Evacuate Collection Set: 1.0ms
[2025-04-25T19:20:54.657+0000][4610.768s][info ][gc,phases   ] GC(76)   Merge Heap Roots: 0.9ms
[2025-04-25T19:20:54.657+0000][4610.768s][info ][gc,phases   ] GC(76)   Evacuate Collection Set: 80.7ms
[2025-04-25T19:20:54.657+0000][4610.768s][info ][gc,phases   ] GC(76)   Post Evacuate Collection Set: 8.4ms
[2025-04-25T19:20:54.657+0000][4610.768s][info ][gc,phases   ] GC(76)   Other: 0.6ms
[2025-04-25T19:20:54.657+0000][4610.768s][info ][gc,heap     ] GC(76) Eden regions: 573->0(574)
[2025-04-25T19:20:54.657+0000][4610.768s][info ][gc,heap     ] GC(76) Survivor regions: 12->11(74)
[2025-04-25T19:20:54.658+0000][4610.768s][info ][gc,heap     ] GC(76) Old regions: 194->195
[2025-04-25T19:20:54.658+0000][4610.768s][info ][gc,heap     ] GC(76) Archive regions: 2->2
[2025-04-25T19:20:54.658+0000][4610.768s][info ][gc,heap     ] GC(76) Humongous regions: 2->2
[2025-04-25T19:20:54.658+0000][4610.768s][info ][gc,metaspace] GC(76) Metaspace: 201944K(203584K)->201944K(203584K) NonClass: 177892K(178752K)->177892K(178752K) Class: 24052K(24832K)->24052K(24832K)
[2025-04-25T19:20:54.658+0000][4610.768s][info ][gc          ] GC(76) Pause Young (Normal) (G1 Evacuation Pause) 780M->208M(976M) 91.914ms
[2025-04-25T19:20:54.658+0000][4610.768s][info ][gc,cpu      ] GC(76) User=0.26s Sys=0.00s Real=0.09s
[2025-04-25T19:20:54.659+0000][4610.769s][info ][safepoint   ] Safepoint "G1CollectForAllocation", Time since last: 69524544779 ns, Reaching safepoint: 257324 ns, Cleanup: 22287 ns, At safepoint: 93056562 ns, Total: 93336173 ns
[2025-04-25T19:21:39.122+0000][4655.233s][debug][safepoint   ] Safepoint synchronization initiated using futex wait barrier. (260 threads)
[2025-04-25T19:21:39.123+0000][4655.233s][info ][safepoint   ] Safepoint "Cleanup", Time since last: 44463760189 ns, Reaching safepoint: 337176 ns, Cleanup: 39235 ns, At safepoint: 33768 ns, Total: 410179 ns
[2025-04-25T19:22:39.170+0000][4715.281s][debug][safepoint   ] Safepoint synchronization initiated using futex wait barrier. (257 threads)
[2025-04-25T19:22:39.172+0000][4715.282s][info ][safepoint   ] Safepoint "Cleanup", Time since last: 60047634307 ns, Reaching safepoint: 1099566 ns, Cleanup: 33946 ns, At safepoint: 29262 ns, Total: 1162774 ns
[2025-04-25T19:22:58.176+0000][4734.287s][debug][safepoint   ] Safepoint synchronization initiated using futex wait barrier. (257 threads)
[2025-04-25T19:22:58.176+0000][4734.287s][info ][safepoint   ] Safepoint "Cleanup", Time since last: 19004525991 ns, Reaching safepoint: 297459 ns, Cleanup: 37956 ns, At safepoint: 31095 ns, Total: 366510 ns
[2025-04-25T19:23:40.213+0000][4776.324s][debug][safepoint   ] Safepoint synchronization initiated using futex wait barrier. (255 threads)
[2025-04-25T19:23:40.214+0000][4776.324s][info ][safepoint   ] Safepoint "Cleanup", Time since last: 42036882280 ns, Reaching safepoint: 222846 ns, Cleanup: 30209 ns, At safepoint: 25648 ns, Total: 278703 ns
[2025-04-25T19:23:45.214+0000][4781.325s][debug][safepoint   ] Safepoint synchronization initiated using futex wait barrier. (255 threads)
[2025-04-25T19:23:45.215+0000][4781.326s][info ][safepoint   ] Safepoint "Cleanup", Time since last: 5000582166 ns, Reaching safepoint: 1050119 ns, Cleanup: 40407 ns, At safepoint: 33590 ns, Total: 1124116 ns
[2025-04-25T19:26:16.321+0000][4932.431s][debug][safepoint   ] Safepoint synchronization initiated using futex wait barrier. (251 threads)
[2025-04-25T19:26:16.321+0000][4932.432s][info ][safepoint   ] Safepoint "Cleanup", Time since last: 151105636336 ns, Reaching safepoint: 115965 ns, Cleanup: 14831 ns, At safepoint: 9274 ns, Total: 140070 ns
[2025-04-25T19:26:33.323+0000][4949.433s][debug][safepoint   ] Safepoint synchronization initiated using futex wait barrier. (251 threads)
[2025-04-25T19:26:33.323+0000][4949.434s][info ][safepoint   ] Safepoint "Cleanup", Time since last: 17001910642 ns, Reaching safepoint: 284676 ns, Cleanup: 35180 ns, At safepoint: 56029 ns, Total: 375885 ns
[2025-04-25T19:26:56.222+0000][4972.333s][debug][safepoint   ] Safepoint synchronization initiated using futex wait barrier. (251 threads)
[2025-04-25T19:26:56.223+0000][4972.333s][info ][gc,start    ] GC(77) Pause Young (Normal) (G1 Evacuation Pause)
[2025-04-25T19:26:56.223+0000][4972.333s][info ][gc,task     ] GC(77) Using 4 workers of 4 for evacuation
[2025-04-25T19:26:56.261+0000][4972.371s][info ][gc,phases   ] GC(77)   Pre Evacuate Collection Set: 0.5ms
[2025-04-25T19:26:56.261+0000][4972.371s][info ][gc,phases   ] GC(77)   Merge Heap Roots: 0.3ms
[2025-04-25T19:26:56.261+0000][4972.371s][info ][gc,phases   ] GC(77)   Evacuate Collection Set: 31.0ms
[2025-04-25T19:26:56.261+0000][4972.371s][info ][gc,phases   ] GC(77)   Post Evacuate Collection Set: 5.8ms
[2025-04-25T19:26:56.261+0000][4972.371s][info ][gc,phases   ] GC(77)   Other: 0.5ms
[2025-04-25T19:26:56.261+0000][4972.371s][info ][gc,heap     ] GC(77) Eden regions: 574->0(578)
[2025-04-25T19:26:56.261+0000][4972.371s][info ][gc,heap     ] GC(77) Survivor regions: 11->7(74)
[2025-04-25T19:26:56.261+0000][4972.371s][info ][gc,heap     ] GC(77) Old regions: 195->199
[2025-04-25T19:26:56.261+0000][4972.371s][info ][gc,heap     ] GC(77) Archive regions: 2->2
[2025-04-25T19:26:56.261+0000][4972.371s][info ][gc,heap     ] GC(77) Humongous regions: 2->2
[2025-04-25T19:26:56.261+0000][4972.371s][info ][gc,metaspace] GC(77) Metaspace: 201958K(203584K)->201958K(203584K) NonClass: 177905K(178752K)->177905K(178752K) Class: 24052K(24832K)->24052K(24832K)
[2025-04-25T19:26:56.261+0000][4972.372s][info ][gc          ] GC(77) Pause Young (Normal) (G1 Evacuation Pause) 782M->207M(976M) 38.371ms
[2025-04-25T19:26:56.261+0000][4972.372s][info ][gc,cpu      ] GC(77) User=0.11s Sys=0.00s Real=0.04s
[2025-04-25T19:26:56.262+0000][4972.372s][info ][safepoint   ] Safepoint "G1CollectForAllocation", Time since last: 22899069685 ns, Reaching safepoint: 150600 ns, Cleanup: 10748 ns, At safepoint: 38986713 ns, Total: 39148061 ns
[2025-04-25T19:27:27.355+0000][5003.465s][debug][safepoint   ] Safepoint synchronization initiated using futex wait barrier. (251 threads)
[2025-04-25T19:27:27.355+0000][5003.465s][info ][safepoint   ] Safepoint "Cleanup", Time since last: 31092890100 ns, Reaching safepoint: 319687 ns, Cleanup: 43978 ns, At safepoint: 25584 ns, Total: 389249 ns
[2025-04-25T19:27:33.356+0000][5009.466s][debug][safepoint   ] Safepoint synchronization initiated using futex wait barrier. (251 threads)
[2025-04-25T19:27:33.356+0000][5009.466s][info ][safepoint   ] Safepoint "Cleanup", Time since last: 6000860541 ns, Reaching safepoint: 122207 ns, Cleanup: 20192 ns, At safepoint: 13234 ns, Total: 155633 ns
[2025-04-25T19:27:34.356+0000][5010.467s][debug][safepoint   ] Safepoint synchronization initiated using futex wait barrier. (251 threads)
[2025-04-25T19:27:34.357+0000][5010.467s][info ][safepoint   ] Safepoint "Cleanup", Time since last: 1000467262 ns, Reaching safepoint: 217575 ns, Cleanup: 22699 ns, At safepoint: 18599 ns, Total: 258873 ns
[2025-04-25T19:27:42.360+0000][5018.470s][debug][safepoint   ] Safepoint synchronization initiated using futex wait barrier. (252 threads)
[2025-04-25T19:27:42.360+0000][5018.471s][info ][safepoint   ] Safepoint "Cleanup", Time since last: 8003165491 ns, Reaching safepoint: 294986 ns, Cleanup: 45317 ns, At safepoint: 32220 ns, Total: 372523 ns
[2025-04-25T19:27:58.363+0000][5034.474s][debug][safepoint   ] Safepoint synchronization initiated using futex wait barrier. (254 threads)
[2025-04-25T19:27:58.364+0000][5034.474s][info ][safepoint   ] Safepoint "Cleanup", Time since last: 16002896763 ns, Reaching safepoint: 549844 ns, Cleanup: 67519 ns, At safepoint: 32949 ns, Total: 650312 ns
[2025-04-25T19:28:14.383+0000][5050.493s][debug][safepoint   ] Safepoint synchronization initiated using futex wait barrier. (256 threads)
[2025-04-25T19:28:14.383+0000][5050.494s][info ][safepoint   ] Safepoint "Cleanup", Time since last: 16019231065 ns, Reaching safepoint: 265913 ns, Cleanup: 30281 ns, At safepoint: 21401 ns, Total: 317595 ns
[2025-04-25T19:28:16.384+0000][5052.494s][debug][safepoint   ] Safepoint synchronization initiated using futex wait barrier. (257 threads)
[2025-04-25T19:28:16.384+0000][5052.494s][info ][safepoint   ] Safepoint "Cleanup", Time since last: 2000250709 ns, Reaching safepoint: 94117 ns, Cleanup: 23798 ns, At safepoint: 58884 ns, Total: 176799 ns
[2025-04-25T19:28:17.384+0000][5053.494s][debug][safepoint   ] Safepoint synchronization initiated using futex wait barrier. (257 threads)
[2025-04-25T19:28:17.384+0000][5053.495s][info ][safepoint   ] Safepoint "Cleanup", Time since last: 1000129887 ns, Reaching safepoint: 256490 ns, Cleanup: 32750 ns, At safepoint: 22987 ns, Total: 312227 ns
[2025-04-25T19:28:22.385+0000][5058.495s][debug][safepoint   ] Safepoint synchronization initiated using futex wait barrier. (257 threads)
[2025-04-25T19:28:22.385+0000][5058.496s][info ][safepoint   ] Safepoint "Cleanup", Time since last: 5000659413 ns, Reaching safepoint: 237357 ns, Cleanup: 39861 ns, At safepoint: 27420 ns, Total: 304638 ns
[2025-04-25T19:28:30.386+0000][5066.496s][debug][safepoint   ] Safepoint synchronization initiated using futex wait barrier. (258 threads)
[2025-04-25T19:28:30.386+0000][5066.496s][info ][safepoint   ] Safepoint "Cleanup", Time since last: 8000747993 ns, Reaching safepoint: 58625 ns, Cleanup: 10613 ns, At safepoint: 4834 ns, Total: 74072 ns
[2025-04-25T19:29:04.390+0000][5100.501s][debug][safepoint   ] Safepoint synchronization initiated using futex wait barrier. (258 threads)
[2025-04-25T19:29:04.391+0000][5100.501s][info ][safepoint   ] Safepoint "Cleanup", Time since last: 34004555698 ns, Reaching safepoint: 71004 ns, Cleanup: 10728 ns, At safepoint: 5040 ns, Total: 86772 ns
[2025-04-25T19:29:19.422+0000][5115.532s][debug][safepoint   ] Safepoint synchronization initiated using futex wait barrier. (257 threads)
[2025-04-25T19:29:19.422+0000][5115.532s][info ][safepoint   ] Safepoint "Cleanup", Time since last: 15031322611 ns, Reaching safepoint: 138411 ns, Cleanup: 20289 ns, At safepoint: 11150 ns, Total: 169850 ns
[2025-04-25T19:29:36.424+0000][5132.534s][debug][safepoint   ] Safepoint synchronization initiated using futex wait barrier. (258 threads)
[2025-04-25T19:29:36.424+0000][5132.535s][info ][safepoint   ] Safepoint "Cleanup", Time since last: 17001736850 ns, Reaching safepoint: 359358 ns, Cleanup: 23107 ns, At safepoint: 19548 ns, Total: 402013 ns
[2025-04-25T19:29:43.425+0000][5139.536s][debug][safepoint   ] Safepoint synchronization initiated using futex wait barrier. (258 threads)
[2025-04-25T19:29:43.426+0000][5139.536s][info ][safepoint   ] Safepoint "Cleanup", Time since last: 7001115218 ns, Reaching safepoint: 265104 ns, Cleanup: 29132 ns, At safepoint: 25105 ns, Total: 319341 ns
[2025-04-25T19:29:45.426+0000][5141.536s][debug][safepoint   ] Safepoint synchronization initiated using futex wait barrier. (258 threads)
[2025-04-25T19:29:45.426+0000][5141.536s][info ][safepoint   ] Safepoint "Cleanup", Time since last: 2000277991 ns, Reaching safepoint: 88583 ns, Cleanup: 40031 ns, At safepoint: 11552 ns, Total: 140166 ns
[2025-04-25T19:29:51.427+0000][5147.537s][debug][safepoint   ] Safepoint synchronization initiated using futex wait barrier. (258 threads)
[2025-04-25T19:29:51.427+0000][5147.538s][info ][safepoint   ] Safepoint "Cleanup", Time since last: 6000794802 ns, Reaching safepoint: 200434 ns, Cleanup: 32682 ns, At safepoint: 23791 ns, Total: 256907 ns
[2025-04-25T19:29:52.427+0000][5148.538s][debug][safepoint   ] Safepoint synchronization initiated using futex wait barrier. (258 threads)
[2025-04-25T19:29:52.427+0000][5148.538s][info ][safepoint   ] Safepoint "Cleanup", Time since last: 1000219991 ns, Reaching safepoint: 79849 ns, Cleanup: 12615 ns, At safepoint: 6703 ns, Total: 99167 ns
[2025-04-25T19:29:57.428+0000][5153.538s][debug][safepoint   ] Safepoint synchronization initiated using futex wait barrier. (258 threads)
[2025-04-25T19:29:57.428+0000][5153.539s][info ][safepoint   ] Safepoint "Cleanup", Time since last: 5000561422 ns, Reaching safepoint: 112032 ns, Cleanup: 17365 ns, At safepoint: 10089 ns, Total: 139486 ns
[2025-04-25T19:30:00.428+0000][5156.539s][debug][safepoint   ] Safepoint synchronization initiated using futex wait barrier. (258 threads)
[2025-04-25T19:30:00.429+0000][5156.539s][info ][safepoint   ] Safepoint "Cleanup", Time since last: 3000313549 ns, Reaching safepoint: 198270 ns, Cleanup: 62661 ns, At safepoint: 22759 ns, Total: 283690 ns
[2025-04-25T19:30:07.431+0000][5163.541s][debug][safepoint   ] Safepoint synchronization initiated using futex wait barrier. (258 threads)
[2025-04-25T19:30:07.431+0000][5163.542s][info ][safepoint   ] Safepoint "Cleanup", Time since last: 7002101823 ns, Reaching safepoint: 299608 ns, Cleanup: 36158 ns, At safepoint: 29050 ns, Total: 364816 ns
[2025-04-25T19:30:10.458+0000][5166.568s][debug][safepoint   ] Safepoint synchronization initiated using futex wait barrier. (258 threads)
[2025-04-25T19:30:10.458+0000][5166.568s][info ][safepoint   ] Safepoint "Cleanup", Time since last: 3026711465 ns, Reaching safepoint: 91705 ns, Cleanup: 20967 ns, At safepoint: 8693 ns, Total: 121365 ns
[2025-04-25T19:30:19.461+0000][5175.571s][debug][safepoint   ] Safepoint synchronization initiated using futex wait barrier. (258 threads)
[2025-04-25T19:30:19.461+0000][5175.572s][info ][safepoint   ] Safepoint "Cleanup", Time since last: 9002788020 ns, Reaching safepoint: 333348 ns, Cleanup: 71640 ns, At safepoint: 32542 ns, Total: 437530 ns
[2025-04-25T19:30:39.464+0000][5195.575s][debug][safepoint   ] Safepoint synchronization initiated using futex wait barrier. (257 threads)
[2025-04-25T19:30:39.464+0000][5195.575s][info ][safepoint   ] Safepoint "Cleanup", Time since last: 20002978859 ns, Reaching safepoint: 113464 ns, Cleanup: 22432 ns, At safepoint: 11597 ns, Total: 147493 ns
[2025-04-25T19:30:45.465+0000][5201.576s][debug][safepoint   ] Safepoint synchronization initiated using futex wait barrier. (257 threads)
[2025-04-25T19:30:45.465+0000][5201.576s][info ][safepoint   ] Safepoint "Cleanup", Time since last: 6000731684 ns, Reaching safepoint: 85745 ns, Cleanup: 11845 ns, At safepoint: 10030 ns, Total: 107620 ns
[2025-04-25T19:30:48.466+0000][5204.576s][debug][safepoint   ] Safepoint synchronization initiated using futex wait barrier. (257 threads)
[2025-04-25T19:30:48.466+0000][5204.576s][info ][safepoint   ] Safepoint "Cleanup", Time since last: 3000408275 ns, Reaching safepoint: 109626 ns, Cleanup: 11882 ns, At safepoint: 8547 ns, Total: 130055 ns
[2025-04-25T19:30:49.466+0000][5205.576s][debug][safepoint   ] Safepoint synchronization initiated using futex wait barrier. (257 threads)
[2025-04-25T19:30:49.466+0000][5205.576s][info ][safepoint   ] Safepoint "Cleanup", Time since last: 1000100080 ns, Reaching safepoint: 81800 ns, Cleanup: 12529 ns, At safepoint: 6434 ns, Total: 100763 ns
[2025-04-25T19:30:50.466+0000][5206.576s][debug][safepoint   ] Safepoint synchronization initiated using futex wait barrier. (257 threads)
[2025-04-25T19:30:50.466+0000][5206.577s][info ][safepoint   ] Safepoint "Cleanup", Time since last: 1000118262 ns, Reaching safepoint: 113245 ns, Cleanup: 18190 ns, At safepoint: 17847 ns, Total: 149282 ns
[2025-04-25T19:31:25.496+0000][5241.606s][debug][safepoint   ] Safepoint synchronization initiated using futex wait barrier. (257 threads)
[2025-04-25T19:31:25.496+0000][5241.606s][info ][safepoint   ] Safepoint "Cleanup", Time since last: 35029646222 ns, Reaching safepoint: 66052 ns, Cleanup: 9203 ns, At safepoint: 4221 ns, Total: 79476 ns
[2025-04-25T19:31:47.498+0000][5263.608s][debug][safepoint   ] Safepoint synchronization initiated using futex wait barrier. (257 threads)
[2025-04-25T19:31:47.499+0000][5263.609s][info ][safepoint   ] Safepoint "Cleanup", Time since last: 22002040609 ns, Reaching safepoint: 540546 ns, Cleanup: 13899 ns, At safepoint: 8759 ns, Total: 563204 ns
[2025-04-25T19:32:01.500+0000][5277.610s][debug][safepoint   ] Safepoint synchronization initiated using futex wait barrier. (257 threads)
[2025-04-25T19:32:01.500+0000][5277.611s][info ][safepoint   ] Safepoint "Cleanup", Time since last: 14001463802 ns, Reaching safepoint: 82886 ns, Cleanup: 14331 ns, At safepoint: 6769 ns, Total: 103986 ns
[2025-04-25T19:32:05.501+0000][5281.611s][debug][safepoint   ] Safepoint synchronization initiated using futex wait barrier. (257 threads)
[2025-04-25T19:32:05.501+0000][5281.611s][info ][safepoint   ] Safepoint "Cleanup", Time since last: 4000407437 ns, Reaching safepoint: 100462 ns, Cleanup: 59316 ns, At safepoint: 11753 ns, Total: 171531 ns
[2025-04-25T19:32:21.539+0000][5297.649s][debug][safepoint   ] Safepoint synchronization initiated using futex wait barrier. (257 threads)
[2025-04-25T19:32:21.539+0000][5297.649s][info ][safepoint   ] Safepoint "Cleanup", Time since last: 16038165057 ns, Reaching safepoint: 145466 ns, Cleanup: 21130 ns, At safepoint: 13728 ns, Total: 180324 ns
[2025-04-25T19:32:28.990+0000][5305.100s][debug][safepoint   ] Safepoint synchronization initiated using futex wait barrier. (256 threads)
[2025-04-25T19:32:28.990+0000][5305.101s][info ][safepoint   ] Safepoint "Cleanup", Time since last: 7450806384 ns, Reaching safepoint: 162386 ns, Cleanup: 53272 ns, At safepoint: 16839 ns, Total: 232497 ns
[2025-04-25T19:32:36.200+0000][5311.102s][debug][safepoint   ] Safepoint synchronization initiated using futex wait barrier. (256 threads)
[2025-04-25T19:32:36.201+0000][5311.102s][info ][safepoint   ] Safepoint "Cleanup", Time since last: 6001528554 ns, Reaching safepoint: 267780 ns, Cleanup: 37284 ns, At safepoint: 29064 ns, Total: 334128 ns
[2025-04-25T19:32:41.202+0000][5316.104s][debug][safepoint   ] Safepoint synchronization initiated using futex wait barrier. (256 threads)
[2025-04-25T19:32:41.204+0000][5316.105s][info ][safepoint   ] Safepoint "Cleanup", Time since last: 5001191624 ns, Reaching safepoint: 1502921 ns, Cleanup: 68770 ns, At safepoint: 32332 ns, Total: 1604023 ns
[2025-04-25T19:32:52.061+0000][5326.963s][debug][safepoint   ] Safepoint synchronization initiated using futex wait barrier. (258 threads)
[2025-04-25T19:32:52.062+0000][5326.963s][info ][gc,start    ] GC(78) Pause Young (Normal) (G1 Evacuation Pause)
[2025-04-25T19:32:52.062+0000][5326.964s][info ][gc,task     ] GC(78) Using 4 workers of 4 for evacuation
[2025-04-25T19:32:52.119+0000][5327.020s][info ][gc,phases   ] GC(78)   Pre Evacuate Collection Set: 1.1ms
[2025-04-25T19:32:52.119+0000][5327.021s][info ][gc,phases   ] GC(78)   Merge Heap Roots: 1.7ms
[2025-04-25T19:32:52.119+0000][5327.021s][info ][gc,phases   ] GC(78)   Evacuate Collection Set: 45.7ms
[2025-04-25T19:32:52.119+0000][5327.021s][info ][gc,phases   ] GC(78)   Post Evacuate Collection Set: 7.2ms
[2025-04-25T19:32:52.119+0000][5327.021s][info ][gc,phases   ] GC(78)   Other: 1.5ms
[2025-04-25T19:32:52.119+0000][5327.021s][info ][gc,heap     ] GC(78) Eden regions: 578->0(579)
[2025-04-25T19:32:52.119+0000][5327.021s][info ][gc,heap     ] GC(78) Survivor regions: 7->6(74)
[2025-04-25T19:32:52.119+0000][5327.021s][info ][gc,heap     ] GC(78) Old regions: 199->201
[2025-04-25T19:32:52.119+0000][5327.021s][info ][gc,heap     ] GC(78) Archive regions: 2->2
[2025-04-25T19:32:52.119+0000][5327.021s][info ][gc,heap     ] GC(78) Humongous regions: 2->2
[2025-04-25T19:32:52.119+0000][5327.021s][info ][gc,metaspace] GC(78) Metaspace: 202158K(203840K)->202158K(203840K) NonClass: 178096K(178944K)->178096K(178944K) Class: 24061K(24896K)->24061K(24896K)
[2025-04-25T19:32:52.119+0000][5327.021s][info ][gc          ] GC(78) Pause Young (Normal) (G1 Evacuation Pause) 785M->208M(976M) 57.380ms
[2025-04-25T19:32:52.119+0000][5327.021s][info ][gc,cpu      ] GC(78) User=0.12s Sys=0.00s Real=0.06s
[2025-04-25T19:32:52.120+0000][5327.021s][info ][safepoint   ] Safepoint "G1CollectForAllocation", Time since last: 10857666706 ns, Reaching safepoint: 424237 ns, Cleanup: 16515 ns, At safepoint: 58112198 ns, Total: 58552950 ns
[2025-04-25T19:33:06.123+0000][5341.024s][debug][safepoint   ] Safepoint synchronization initiated using futex wait barrier. (258 threads)
[2025-04-25T19:33:06.123+0000][5341.025s][info ][safepoint   ] Safepoint "Cleanup", Time since last: 14002978289 ns, Reaching safepoint: 295308 ns, Cleanup: 64544 ns, At safepoint: 302743 ns, Total: 662595 ns
[2025-04-25T19:33:23.791+0000][5358.692s][debug][safepoint   ] Safepoint synchronization initiated using futex wait barrier. (257 threads)
[2025-04-25T19:33:23.791+0000][5358.692s][info ][safepoint   ] Safepoint "Cleanup", Time since last: 17667282353 ns, Reaching safepoint: 108524 ns, Cleanup: 16930 ns, At safepoint: 11781 ns, Total: 137235 ns
[2025-04-25T19:33:51.794+0000][5386.696s][debug][safepoint   ] Safepoint synchronization initiated using futex wait barrier. (257 threads)
[2025-04-25T19:33:51.794+0000][5386.696s][info ][safepoint   ] Safepoint "Cleanup", Time since last: 28003226113 ns, Reaching safepoint: 189613 ns, Cleanup: 28029 ns, At safepoint: 19568 ns, Total: 237210 ns
[2025-04-25T19:33:55.795+0000][5390.696s][debug][safepoint   ] Safepoint synchronization initiated using futex wait barrier. (255 threads)
[2025-04-25T19:33:55.795+0000][5390.697s][info ][safepoint   ] Safepoint "Cleanup", Time since last: 4000554843 ns, Reaching safepoint: 69715 ns, Cleanup: 14425 ns, At safepoint: 7034 ns, Total: 91174 ns
[2025-04-25T19:33:58.795+0000][5393.697s][debug][safepoint   ] Safepoint synchronization initiated using futex wait barrier. (255 threads)
[2025-04-25T19:33:58.795+0000][5393.697s][info ][safepoint   ] Safepoint "Cleanup", Time since last: 3000188043 ns, Reaching safepoint: 63754 ns, Cleanup: 9899 ns, At safepoint: 5593 ns, Total: 79246 ns
[2025-04-25T19:34:06.796+0000][5401.698s][debug][safepoint   ] Safepoint synchronization initiated using futex wait barrier. (257 threads)
[2025-04-25T19:34:06.797+0000][5401.699s][info ][safepoint   ] Safepoint "Cleanup", Time since last: 8001157119 ns, Reaching safepoint: 915954 ns, Cleanup: 44998 ns, At safepoint: 93635 ns, Total: 1054587 ns
[2025-04-25T19:34:11.825+0000][5406.727s][debug][safepoint   ] Safepoint synchronization initiated using futex wait barrier. (255 threads)
[2025-04-25T19:34:11.825+0000][5406.727s][info ][safepoint   ] Safepoint "Cleanup", Time since last: 5027740590 ns, Reaching safepoint: 115764 ns, Cleanup: 18124 ns, At safepoint: 13268 ns, Total: 147156 ns
[2025-04-25T19:34:55.830+0000][5450.731s][debug][safepoint   ] Safepoint synchronization initiated using futex wait barrier. (253 threads)
[2025-04-25T19:34:55.830+0000][5450.732s][info ][safepoint   ] Safepoint "Cleanup", Time since last: 44004392053 ns, Reaching safepoint: 259623 ns, Cleanup: 42091 ns, At safepoint: 27710 ns, Total: 329424 ns
[2025-04-25T19:34:58.830+0000][5453.732s][debug][safepoint   ] Safepoint synchronization initiated using futex wait barrier. (253 threads)
[2025-04-25T19:34:58.831+0000][5453.732s][info ][safepoint   ] Safepoint "Cleanup", Time since last: 3000409560 ns, Reaching safepoint: 84446 ns, Cleanup: 13021 ns, At safepoint: 5359 ns, Total: 102826 ns
[2025-04-25T19:34:59.831+0000][5454.732s][debug][safepoint   ] Safepoint synchronization initiated using futex wait barrier. (253 threads)
[2025-04-25T19:34:59.831+0000][5454.733s][info ][safepoint   ] Safepoint "Cleanup", Time since last: 1000298339 ns, Reaching safepoint: 201205 ns, Cleanup: 33345 ns, At safepoint: 16398 ns, Total: 250948 ns
[2025-04-25T19:35:23.857+0000][5478.758s][debug][safepoint   ] Safepoint synchronization initiated using futex wait barrier. (252 threads)
[2025-04-25T19:35:23.857+0000][5478.759s][info ][safepoint   ] Safepoint "Cleanup", Time since last: 24025524103 ns, Reaching safepoint: 262603 ns, Cleanup: 33938 ns, At safepoint: 22985 ns, Total: 319526 ns
[2025-04-25T19:35:32.858+0000][5487.759s][debug][safepoint   ] Safepoint synchronization initiated using futex wait barrier. (252 threads)
[2025-04-25T19:35:32.858+0000][5487.759s][info ][safepoint   ] Safepoint "Cleanup", Time since last: 9000772575 ns, Reaching safepoint: 80784 ns, Cleanup: 13245 ns, At safepoint: 6856 ns, Total: 100885 ns
[2025-04-25T19:35:35.858+0000][5490.760s][debug][safepoint   ] Safepoint synchronization initiated using futex wait barrier. (252 threads)
[2025-04-25T19:35:35.858+0000][5490.760s][info ][safepoint   ] Safepoint "Cleanup", Time since last: 3000222979 ns, Reaching safepoint: 99906 ns, Cleanup: 13880 ns, At safepoint: 6222 ns, Total: 120008 ns
[2025-04-25T19:35:49.860+0000][5504.761s][debug][safepoint   ] Safepoint synchronization initiated using futex wait barrier. (252 threads)
[2025-04-25T19:35:49.860+0000][5504.761s][info ][safepoint   ] Safepoint "Cleanup", Time since last: 14001428879 ns, Reaching safepoint: 80970 ns, Cleanup: 13296 ns, At safepoint: 5565 ns, Total: 99831 ns
[2025-04-25T19:36:18.889+0000][5533.791s][debug][safepoint   ] Safepoint synchronization initiated using futex wait barrier. (252 threads)
[2025-04-25T19:36:18.889+0000][5533.791s][info ][safepoint   ] Safepoint "Cleanup", Time since last: 29029401054 ns, Reaching safepoint: 128343 ns, Cleanup: 17704 ns, At safepoint: 7736 ns, Total: 153783 ns
[2025-04-25T19:36:19.890+0000][5534.791s][debug][safepoint   ] Safepoint synchronization initiated using futex wait barrier. (252 threads)
[2025-04-25T19:36:19.890+0000][5534.792s][info ][safepoint   ] Safepoint "Cleanup", Time since last: 1000447786 ns, Reaching safepoint: 435949 ns, Cleanup: 17200 ns, At safepoint: 10767 ns, Total: 463916 ns
[2025-04-25T19:36:20.890+0000][5535.792s][debug][safepoint   ] Safepoint synchronization initiated using futex wait barrier. (252 threads)
[2025-04-25T19:36:20.890+0000][5535.792s][info ][safepoint   ] Safepoint "Cleanup", Time since last: 1000158988 ns, Reaching safepoint: 78957 ns, Cleanup: 13295 ns, At safepoint: 7052 ns, Total: 99304 ns
[2025-04-25T19:36:26.891+0000][5541.792s][debug][safepoint   ] Safepoint synchronization initiated using futex wait barrier. (251 threads)
[2025-04-25T19:36:26.891+0000][5541.793s][info ][safepoint   ] Safepoint "Cleanup", Time since last: 6000426786 ns, Reaching safepoint: 61901 ns, Cleanup: 11505 ns, At safepoint: 4778 ns, Total: 78184 ns
[2025-04-25T19:36:38.892+0000][5553.794s][debug][safepoint   ] Safepoint synchronization initiated using futex wait barrier. (251 threads)
[2025-04-25T19:36:38.892+0000][5553.794s][info ][safepoint   ] Safepoint "Cleanup", Time since last: 12001041487 ns, Reaching safepoint: 71360 ns, Cleanup: 11820 ns, At safepoint: 5273 ns, Total: 88453 ns
[2025-04-25T19:36:51.893+0000][5566.795s][debug][safepoint   ] Safepoint synchronization initiated using futex wait barrier. (251 threads)
[2025-04-25T19:36:51.894+0000][5566.795s][info ][safepoint   ] Safepoint "Cleanup", Time since last: 13001473915 ns, Reaching safepoint: 118757 ns, Cleanup: 18586 ns, At safepoint: 10245 ns, Total: 147588 ns
[2025-04-25T19:37:07.895+0000][5582.797s][debug][safepoint   ] Safepoint synchronization initiated using futex wait barrier. (251 threads)
[2025-04-25T19:37:07.895+0000][5582.797s][info ][safepoint   ] Safepoint "Cleanup", Time since last: 16001481847 ns, Reaching safepoint: 55538 ns, Cleanup: 14429 ns, At safepoint: 5124 ns, Total: 75091 ns
[2025-04-25T19:37:23.924+0000][5598.825s][debug][safepoint   ] Safepoint synchronization initiated using futex wait barrier. (250 threads)
[2025-04-25T19:37:23.924+0000][5598.826s][info ][safepoint   ] Safepoint "Cleanup", Time since last: 16028493854 ns, Reaching safepoint: 355799 ns, Cleanup: 16257 ns, At safepoint: 6411 ns, Total: 378467 ns
[2025-04-25T19:37:24.924+0000][5599.826s][debug][safepoint   ] Safepoint synchronization initiated using futex wait barrier. (250 threads)
[2025-04-25T19:37:24.924+0000][5599.826s][info ][safepoint   ] Safepoint "Cleanup", Time since last: 1000098639 ns, Reaching safepoint: 82568 ns, Cleanup: 10223 ns, At safepoint: 5709 ns, Total: 98500 ns
[2025-04-25T19:38:08.958+0000][5643.859s][debug][safepoint   ] Safepoint synchronization initiated using futex wait barrier. (250 threads)
[2025-04-25T19:38:08.958+0000][5643.859s][info ][safepoint   ] Safepoint "Cleanup", Time since last: 44033268300 ns, Reaching safepoint: 63928 ns, Cleanup: 25669 ns, At safepoint: 5607 ns, Total: 95204 ns
[2025-04-25T19:38:33.964+0000][5668.866s][debug][safepoint   ] Safepoint synchronization initiated using futex wait barrier. (250 threads)
[2025-04-25T19:38:33.965+0000][5668.866s][info ][safepoint   ] Safepoint "Cleanup", Time since last: 25006651093 ns, Reaching safepoint: 321289 ns, Cleanup: 32609 ns, At safepoint: 9614 ns, Total: 363512 ns
[2025-04-25T19:38:41.966+0000][5676.868s][debug][safepoint   ] Safepoint synchronization initiated using futex wait barrier. (250 threads)
[2025-04-25T19:38:41.966+0000][5676.868s][info ][safepoint   ] Safepoint "Cleanup", Time since last: 8001270976 ns, Reaching safepoint: 130086 ns, Cleanup: 20088 ns, At safepoint: 11339 ns, Total: 161513 ns
[2025-04-25T19:38:44.967+0000][5679.868s][debug][safepoint   ] Safepoint synchronization initiated using futex wait barrier. (250 threads)
[2025-04-25T19:38:44.967+0000][5679.869s][info ][safepoint   ] Safepoint "Cleanup", Time since last: 3000511768 ns, Reaching safepoint: 291894 ns, Cleanup: 90439 ns, At safepoint: 27022 ns, Total: 409355 ns
[2025-04-25T19:38:51.387+0000][5686.289s][debug][safepoint   ] Safepoint synchronization initiated using futex wait barrier. (250 threads)
[2025-04-25T19:38:51.392+0000][5686.293s][info ][gc,start    ] GC(79) Pause Young (Normal) (G1 Evacuation Pause)
[2025-04-25T19:38:51.392+0000][5686.293s][info ][gc,task     ] GC(79) Using 4 workers of 4 for evacuation
[2025-04-25T19:38:51.441+0000][5686.342s][info ][gc,phases   ] GC(79)   Pre Evacuate Collection Set: 1.4ms
[2025-04-25T19:38:51.441+0000][5686.342s][info ][gc,phases   ] GC(79)   Merge Heap Roots: 1.3ms
[2025-04-25T19:38:51.441+0000][5686.342s][info ][gc,phases   ] GC(79)   Evacuate Collection Set: 29.9ms
[2025-04-25T19:38:51.441+0000][5686.342s][info ][gc,phases   ] GC(79)   Post Evacuate Collection Set: 11.5ms
[2025-04-25T19:38:51.441+0000][5686.342s][info ][gc,phases   ] GC(79)   Other: 7.0ms
[2025-04-25T19:38:51.441+0000][5686.343s][info ][gc,heap     ] GC(79) Eden regions: 579->0(580)
[2025-04-25T19:38:51.441+0000][5686.343s][info ][gc,heap     ] GC(79) Survivor regions: 6->5(74)
[2025-04-25T19:38:51.441+0000][5686.343s][info ][gc,heap     ] GC(79) Old regions: 201->202
[2025-04-25T19:38:51.441+0000][5686.343s][info ][gc,heap     ] GC(79) Archive regions: 2->2
[2025-04-25T19:38:51.441+0000][5686.343s][info ][gc,heap     ] GC(79) Humongous regions: 2->2
[2025-04-25T19:38:51.442+0000][5686.343s][info ][gc,metaspace] GC(79) Metaspace: 202280K(203968K)->202280K(203968K) NonClass: 178218K(179072K)->178218K(179072K) Class: 24062K(24896K)->24062K(24896K)
[2025-04-25T19:38:51.442+0000][5686.343s][info ][gc          ] GC(79) Pause Young (Normal) (G1 Evacuation Pause) 787M->208M(976M) 50.193ms
[2025-04-25T19:38:51.442+0000][5686.344s][info ][gc,cpu      ] GC(79) User=0.14s Sys=0.00s Real=0.05s
[2025-04-25T19:38:51.443+0000][5686.345s][info ][safepoint   ] Safepoint "G1CollectForAllocation", Time since last: 6420308691 ns, Reaching safepoint: 293727 ns, Cleanup: 14652 ns, At safepoint: 55744957 ns, Total: 56053336 ns
[2025-04-25T19:39:03.449+0000][5698.350s][debug][safepoint   ] Safepoint synchronization initiated using futex wait barrier. (250 threads)
[2025-04-25T19:39:03.449+0000][5698.350s][info ][safepoint   ] Safepoint "Cleanup", Time since last: 12005208214 ns, Reaching safepoint: 86761 ns, Cleanup: 39200 ns, At safepoint: 10815 ns, Total: 136776 ns
[2025-04-25T19:39:04.449+0000][5699.350s][debug][safepoint   ] Safepoint synchronization initiated using futex wait barrier. (268 threads)
[2025-04-25T19:39:04.449+0000][5699.351s][info ][safepoint   ] Safepoint "Cleanup", Time since last: 1000153877 ns, Reaching safepoint: 510238 ns, Cleanup: 31681 ns, At safepoint: 7127 ns, Total: 549046 ns
[2025-04-25T19:39:13.999+0000][5708.901s][debug][safepoint   ] Safepoint synchronization initiated using futex wait barrier. (270 threads)
[2025-04-25T19:39:13.999+0000][5708.901s][info ][safepoint   ] Safepoint "Cleanup", Time since last: 9549881359 ns, Reaching safepoint: 118641 ns, Cleanup: 15514 ns, At safepoint: 9217 ns, Total: 143372 ns
[2025-04-25T19:39:18.000+0000][5712.902s][debug][safepoint   ] Safepoint synchronization initiated using futex wait barrier. (270 threads)
[2025-04-25T19:39:18.000+0000][5712.902s][info ][safepoint   ] Safepoint "Cleanup", Time since last: 4000548079 ns, Reaching safepoint: 343570 ns, Cleanup: 70558 ns, At safepoint: 68933 ns, Total: 483061 ns
[2025-04-25T19:39:31.002+0000][5725.903s][debug][safepoint   ] Safepoint synchronization initiated using futex wait barrier. (274 threads)
[2025-04-25T19:39:31.002+0000][5725.904s][info ][safepoint   ] Safepoint "Cleanup", Time since last: 13001355515 ns, Reaching safepoint: 127096 ns, Cleanup: 11803 ns, At safepoint: 5374 ns, Total: 144273 ns
[2025-04-25T19:39:49.004+0000][5743.906s][debug][safepoint   ] Safepoint synchronization initiated using futex wait barrier. (274 threads)
[2025-04-25T19:39:49.004+0000][5743.906s][info ][safepoint   ] Safepoint "Cleanup", Time since last: 18002227161 ns, Reaching safepoint: 191141 ns, Cleanup: 25252 ns, At safepoint: 20279 ns, Total: 236672 ns
[2025-04-25T19:39:50.005+0000][5744.906s][debug][safepoint   ] Safepoint synchronization initiated using futex wait barrier. (276 threads)
[2025-04-25T19:39:50.005+0000][5744.906s][info ][safepoint   ] Safepoint "Cleanup", Time since last: 1000266102 ns, Reaching safepoint: 82802 ns, Cleanup: 27784 ns, At safepoint: 7170 ns, Total: 117756 ns
[2025-04-25T19:39:54.005+0000][5748.907s][debug][safepoint   ] Safepoint synchronization initiated using futex wait barrier. (276 threads)
[2025-04-25T19:39:54.005+0000][5748.907s][info ][safepoint   ] Safepoint "Cleanup", Time since last: 4000454668 ns, Reaching safepoint: 123126 ns, Cleanup: 15842 ns, At safepoint: 9130 ns, Total: 148098 ns
[2025-04-25T19:40:00.006+0000][5754.908s][debug][safepoint   ] Safepoint synchronization initiated using futex wait barrier. (276 threads)
[2025-04-25T19:40:00.006+0000][5754.908s][info ][safepoint   ] Safepoint "Cleanup", Time since last: 6000479840 ns, Reaching safepoint: 74305 ns, Cleanup: 12293 ns, At safepoint: 6198 ns, Total: 92796 ns
[2025-04-25T19:40:01.006+0000][5755.908s][debug][safepoint   ] Safepoint synchronization initiated using futex wait barrier. (276 threads)
[2025-04-25T19:40:01.006+0000][5755.908s][info ][safepoint   ] Safepoint "Cleanup", Time since last: 1000125114 ns, Reaching safepoint: 112590 ns, Cleanup: 18114 ns, At safepoint: 9652 ns, Total: 140356 ns
[2025-04-25T19:40:02.006+0000][5756.908s][debug][safepoint   ] Safepoint synchronization initiated using futex wait barrier. (276 threads)
[2025-04-25T19:40:02.007+0000][5756.908s][info ][safepoint   ] Safepoint "Cleanup", Time since last: 1000107249 ns, Reaching safepoint: 150752 ns, Cleanup: 29560 ns, At safepoint: 18790 ns, Total: 199102 ns
[2025-04-25T19:40:07.007+0000][5761.909s][debug][safepoint   ] Safepoint synchronization initiated using futex wait barrier. (276 threads)
[2025-04-25T19:40:07.007+0000][5761.909s][info ][safepoint   ] Safepoint "Cleanup", Time since last: 5000691632 ns, Reaching safepoint: 80225 ns, Cleanup: 9760 ns, At safepoint: 9159 ns, Total: 99144 ns
[2025-04-25T19:40:54.034+0000][5808.935s][debug][safepoint   ] Safepoint synchronization initiated using futex wait barrier. (273 threads)
[2025-04-25T19:40:54.034+0000][5808.935s][info ][safepoint   ] Safepoint "Cleanup", Time since last: 47026172459 ns, Reaching safepoint: 229898 ns, Cleanup: 34302 ns, At safepoint: 30170 ns, Total: 294370 ns
[2025-04-25T19:40:55.034+0000][5809.936s][debug][safepoint   ] Safepoint synchronization initiated using futex wait barrier. (273 threads)
[2025-04-25T19:40:55.034+0000][5809.936s][info ][safepoint   ] Safepoint "Cleanup", Time since last: 1000247260 ns, Reaching safepoint: 232071 ns, Cleanup: 38862 ns, At safepoint: 33488 ns, Total: 304421 ns
[2025-04-25T19:40:56.035+0000][5810.936s][debug][safepoint   ] Safepoint synchronization initiated using futex wait barrier. (274 threads)
[2025-04-25T19:40:56.035+0000][5810.936s][info ][safepoint   ] Safepoint "Cleanup", Time since last: 1000169752 ns, Reaching safepoint: 242151 ns, Cleanup: 28478 ns, At safepoint: 30725 ns, Total: 301354 ns
[2025-04-25T19:41:10.069+0000][5824.971s][debug][safepoint   ] Safepoint synchronization initiated using futex wait barrier. (272 threads)
[2025-04-25T19:41:10.070+0000][5824.972s][info ][safepoint   ] Safepoint "Cleanup", Time since last: 14034157247 ns, Reaching safepoint: 868302 ns, Cleanup: 31648 ns, At safepoint: 21774 ns, Total: 921724 ns
[2025-04-25T19:41:44.074+0000][5858.976s][debug][safepoint   ] Safepoint synchronization initiated using futex wait barrier. (272 threads)
[2025-04-25T19:41:44.075+0000][5858.976s][info ][safepoint   ] Safepoint "Cleanup", Time since last: 34004319139 ns, Reaching safepoint: 261029 ns, Cleanup: 32819 ns, At safepoint: 26265 ns, Total: 320113 ns
[2025-04-25T19:41:45.075+0000][5859.976s][debug][safepoint   ] Safepoint synchronization initiated using futex wait barrier. (272 threads)
[2025-04-25T19:41:45.075+0000][5859.977s][info ][safepoint   ] Safepoint "Cleanup", Time since last: 1000191591 ns, Reaching safepoint: 240197 ns, Cleanup: 31402 ns, At safepoint: 21932 ns, Total: 293531 ns
[2025-04-25T19:41:58.077+0000][5872.978s][debug][safepoint   ] Safepoint synchronization initiated using futex wait barrier. (270 threads)
[2025-04-25T19:41:58.077+0000][5872.979s][info ][safepoint   ] Safepoint "Cleanup", Time since last: 13001725059 ns, Reaching safepoint: 289905 ns, Cleanup: 32564 ns, At safepoint: 36479 ns, Total: 358948 ns
[2025-04-25T19:42:06.078+0000][5880.980s][debug][safepoint   ] Safepoint synchronization initiated using futex wait barrier. (269 threads)
[2025-04-25T19:42:06.078+0000][5880.980s][info ][safepoint   ] Safepoint "Cleanup", Time since last: 8000942244 ns, Reaching safepoint: 142171 ns, Cleanup: 17140 ns, At safepoint: 15075 ns, Total: 174386 ns
[2025-04-25T19:42:07.078+0000][5881.980s][debug][safepoint   ] Safepoint synchronization initiated using futex wait barrier. (268 threads)
[2025-04-25T19:42:07.078+0000][5881.980s][info ][safepoint   ] Safepoint "Cleanup", Time since last: 1000152838 ns, Reaching safepoint: 82980 ns, Cleanup: 13709 ns, At safepoint: 5531 ns, Total: 102220 ns
[2025-04-25T19:42:08.079+0000][5882.980s][debug][safepoint   ] Safepoint synchronization initiated using futex wait barrier. (270 threads)
[2025-04-25T19:42:08.079+0000][5882.980s][info ][safepoint   ] Safepoint "Cleanup", Time since last: 1000125411 ns, Reaching safepoint: 92159 ns, Cleanup: 26034 ns, At safepoint: 9406 ns, Total: 127599 ns
[2025-04-25T19:42:14.104+0000][5889.006s][debug][safepoint   ] Safepoint synchronization initiated using futex wait barrier. (272 threads)
[2025-04-25T19:42:14.104+0000][5889.006s][info ][safepoint   ] Safepoint "Cleanup", Time since last: 6025617028 ns, Reaching safepoint: 101644 ns, Cleanup: 10378 ns, At safepoint: 7020 ns, Total: 119042 ns
[2025-04-25T19:42:31.106+0000][5906.008s][debug][safepoint   ] Safepoint synchronization initiated using futex wait barrier. (272 threads)
[2025-04-25T19:42:31.106+0000][5906.008s][info ][safepoint   ] Safepoint "Cleanup", Time since last: 17001452304 ns, Reaching safepoint: 159069 ns, Cleanup: 26810 ns, At safepoint: 16100 ns, Total: 201979 ns
[2025-04-25T19:42:37.594+0000][5912.495s][debug][safepoint   ] Safepoint synchronization initiated using futex wait barrier. (272 threads)
[2025-04-25T19:42:37.594+0000][5912.496s][info ][safepoint   ] Safepoint "Cleanup", Time since last: 6487574454 ns, Reaching safepoint: 118856 ns, Cleanup: 33981 ns, At safepoint: 9436 ns, Total: 162273 ns
[2025-04-25T19:42:46.595+0000][5921.496s][debug][safepoint   ] Safepoint synchronization initiated using futex wait barrier. (272 threads)
[2025-04-25T19:42:46.595+0000][5921.496s][info ][safepoint   ] Safepoint "Cleanup", Time since last: 9000862957 ns, Reaching safepoint: 88230 ns, Cleanup: 12240 ns, At safepoint: 9933 ns, Total: 110403 ns
[2025-04-25T19:43:13.132+0000][5948.033s][debug][safepoint   ] Safepoint synchronization initiated using futex wait barrier. (273 threads)
[2025-04-25T19:43:13.132+0000][5948.033s][info ][safepoint   ] Safepoint "Cleanup", Time since last: 26536769012 ns, Reaching safepoint: 78766 ns, Cleanup: 13157 ns, At safepoint: 4947 ns, Total: 96870 ns
[2025-04-25T19:43:17.132+0000][5952.034s][debug][safepoint   ] Safepoint synchronization initiated using futex wait barrier. (273 threads)
[2025-04-25T19:43:17.132+0000][5952.034s][info ][safepoint   ] Safepoint "Cleanup", Time since last: 4000508460 ns, Reaching safepoint: 88794 ns, Cleanup: 11717 ns, At safepoint: 5729 ns, Total: 106240 ns
[2025-04-25T19:43:36.134+0000][5971.036s][debug][safepoint   ] Safepoint synchronization initiated using futex wait barrier. (272 threads)
[2025-04-25T19:43:36.135+0000][5971.036s][info ][safepoint   ] Safepoint "Cleanup", Time since last: 19002137595 ns, Reaching safepoint: 102470 ns, Cleanup: 13411 ns, At safepoint: 10952 ns, Total: 126833 ns
[2025-04-25T19:43:45.135+0000][5980.037s][debug][safepoint   ] Safepoint synchronization initiated using futex wait barrier. (274 threads)
[2025-04-25T19:43:45.135+0000][5980.037s][info ][safepoint   ] Safepoint "Cleanup", Time since last: 9000666699 ns, Reaching safepoint: 152793 ns, Cleanup: 40750 ns, At safepoint: 11811 ns, Total: 205354 ns
[2025-04-25T19:44:24.167+0000][6019.069s][debug][safepoint   ] Safepoint synchronization initiated using futex wait barrier. (274 threads)
[2025-04-25T19:44:24.167+0000][6019.069s][info ][safepoint   ] Safepoint "Cleanup", Time since last: 39031739281 ns, Reaching safepoint: 263261 ns, Cleanup: 17676 ns, At safepoint: 10636 ns, Total: 291573 ns
[2025-04-25T19:44:27.308+0000][6022.210s][debug][safepoint   ] Safepoint synchronization initiated using futex wait barrier. (274 threads)
[2025-04-25T19:44:27.309+0000][6022.211s][info ][gc,start    ] GC(80) Pause Young (Normal) (G1 Evacuation Pause)
[2025-04-25T19:44:27.310+0000][6022.211s][info ][gc,task     ] GC(80) Using 4 workers of 4 for evacuation
[2025-04-25T19:44:27.326+0000][6022.228s][info ][gc,phases   ] GC(80)   Pre Evacuate Collection Set: 0.5ms
[2025-04-25T19:44:27.326+0000][6022.228s][info ][gc,phases   ] GC(80)   Merge Heap Roots: 0.2ms
[2025-04-25T19:44:27.326+0000][6022.228s][info ][gc,phases   ] GC(80)   Evacuate Collection Set: 7.4ms
[2025-04-25T19:44:27.326+0000][6022.228s][info ][gc,phases   ] GC(80)   Post Evacuate Collection Set: 8.4ms
[2025-04-25T19:44:27.326+0000][6022.228s][info ][gc,phases   ] GC(80)   Other: 1.2ms
[2025-04-25T19:44:27.326+0000][6022.228s][info ][gc,heap     ] GC(80) Eden regions: 580->0(580)
[2025-04-25T19:44:27.326+0000][6022.228s][info ][gc,heap     ] GC(80) Survivor regions: 5->5(74)
[2025-04-25T19:44:27.326+0000][6022.228s][info ][gc,heap     ] GC(80) Old regions: 202->202
[2025-04-25T19:44:27.326+0000][6022.228s][info ][gc,heap     ] GC(80) Archive regions: 2->2
[2025-04-25T19:44:27.326+0000][6022.228s][info ][gc,heap     ] GC(80) Humongous regions: 2->2
[2025-04-25T19:44:27.326+0000][6022.228s][info ][gc,metaspace] GC(80) Metaspace: 202491K(204096K)->202491K(204096K) NonClass: 178426K(179200K)->178426K(179200K) Class: 24064K(24896K)->24064K(24896K)
[2025-04-25T19:44:27.327+0000][6022.228s][info ][gc          ] GC(80) Pause Young (Normal) (G1 Evacuation Pause) 788M->209M(976M) 17.133ms
[2025-04-25T19:44:27.327+0000][6022.228s][info ][gc,cpu      ] GC(80) User=0.03s Sys=0.00s Real=0.01s
[2025-04-25T19:44:27.327+0000][6022.229s][info ][safepoint   ] Safepoint "G1CollectForAllocation", Time since last: 3141014904 ns, Reaching safepoint: 144485 ns, Cleanup: 7040 ns, At safepoint: 18273283 ns, Total: 18424808 ns
[2025-04-25T19:44:39.329+0000][6034.230s][debug][safepoint   ] Safepoint synchronization initiated using futex wait barrier. (275 threads)
[2025-04-25T19:44:39.329+0000][6034.230s][info ][safepoint   ] Safepoint "Cleanup", Time since last: 12001717613 ns, Reaching safepoint: 112759 ns, Cleanup: 20703 ns, At safepoint: 15327 ns, Total: 148789 ns
[2025-04-25T19:47:01.238+0000][6176.139s][debug][safepoint   ] Safepoint synchronization initiated using futex wait barrier. (270 threads)
[2025-04-25T19:47:01.238+0000][6176.140s][info ][safepoint   ] Safepoint "Cleanup", Time since last: 141909021464 ns, Reaching safepoint: 246924 ns, Cleanup: 23703 ns, At safepoint: 6674 ns, Total: 277301 ns
[2025-04-25T19:47:03.238+0000][6178.140s][debug][safepoint   ] Safepoint synchronization initiated using futex wait barrier. (270 threads)
[2025-04-25T19:47:03.238+0000][6178.140s][info ][safepoint   ] Safepoint "Cleanup", Time since last: 2000225287 ns, Reaching safepoint: 72956 ns, Cleanup: 15678 ns, At safepoint: 5987 ns, Total: 94621 ns
[2025-04-25T19:47:17.258+0000][6192.160s][debug][safepoint   ] Safepoint synchronization initiated using futex wait barrier. (270 threads)
[2025-04-25T19:47:17.260+0000][6192.161s][info ][safepoint   ] Safepoint "Cleanup", Time since last: 14019785306 ns, Reaching safepoint: 1356196 ns, Cleanup: 14514 ns, At safepoint: 10289 ns, Total: 1380999 ns
[2025-04-25T19:47:20.260+0000][6195.161s][debug][safepoint   ] Safepoint synchronization initiated using futex wait barrier. (270 threads)
[2025-04-25T19:47:20.260+0000][6195.162s][info ][safepoint   ] Safepoint "Cleanup", Time since last: 3000258419 ns, Reaching safepoint: 127746 ns, Cleanup: 22769 ns, At safepoint: 6565 ns, Total: 157080 ns
[2025-04-25T19:47:23.260+0000][6198.162s][debug][safepoint   ] Safepoint synchronization initiated using futex wait barrier. (270 threads)
[2025-04-25T19:47:23.260+0000][6198.162s][info ][safepoint   ] Safepoint "Cleanup", Time since last: 3000238489 ns, Reaching safepoint: 134534 ns, Cleanup: 19980 ns, At safepoint: 9484 ns, Total: 163998 ns
[2025-04-25T19:47:53.264+0000][6228.166s][debug][safepoint   ] Safepoint synchronization initiated using futex wait barrier. (269 threads)
[2025-04-25T19:47:53.264+0000][6228.166s][info ][safepoint   ] Safepoint "Cleanup", Time since last: 30003610719 ns, Reaching safepoint: 89249 ns, Cleanup: 13629 ns, At safepoint: 7729 ns, Total: 110607 ns
[2025-04-25T19:47:54.264+0000][6229.166s][debug][safepoint   ] Safepoint synchronization initiated using futex wait barrier. (269 threads)
[2025-04-25T19:47:54.264+0000][6229.166s][info ][safepoint   ] Safepoint "Cleanup", Time since last: 1000093135 ns, Reaching safepoint: 89281 ns, Cleanup: 18765 ns, At safepoint: 6718 ns, Total: 114764 ns
[2025-04-25T19:48:09.266+0000][6244.168s][debug][safepoint   ] Safepoint synchronization initiated using futex wait barrier. (269 threads)
[2025-04-25T19:48:09.266+0000][6244.168s][info ][safepoint   ] Safepoint "Cleanup", Time since last: 15001618633 ns, Reaching safepoint: 90084 ns, Cleanup: 20539 ns, At safepoint: 6092 ns, Total: 116715 ns
[2025-04-25T19:48:12.286+0000][6247.187s][debug][safepoint   ] Safepoint synchronization initiated using futex wait barrier. (269 threads)
[2025-04-25T19:48:12.286+0000][6247.188s][info ][safepoint   ] Safepoint "Cleanup", Time since last: 3019609266 ns, Reaching safepoint: 169419 ns, Cleanup: 21379 ns, At safepoint: 15363 ns, Total: 206161 ns
[2025-04-25T19:48:13.286+0000][6248.188s][debug][safepoint   ] Safepoint synchronization initiated using futex wait barrier. (269 threads)
[2025-04-25T19:48:13.286+0000][6248.188s][info ][safepoint   ] Safepoint "Cleanup", Time since last: 1000118477 ns, Reaching safepoint: 125143 ns, Cleanup: 14739 ns, At safepoint: 7572 ns, Total: 147454 ns
[2025-04-25T19:49:08.293+0000][6303.194s][debug][safepoint   ] Safepoint synchronization initiated using futex wait barrier. (267 threads)
[2025-04-25T19:49:08.293+0000][6303.195s][info ][safepoint   ] Safepoint "Cleanup", Time since last: 55006602632 ns, Reaching safepoint: 169429 ns, Cleanup: 56054 ns, At safepoint: 24112 ns, Total: 249595 ns
[2025-04-25T19:49:18.326+0000][6313.228s][debug][safepoint   ] Safepoint synchronization initiated using futex wait barrier. (267 threads)
[2025-04-25T19:49:18.326+0000][6313.228s][info ][safepoint   ] Safepoint "Cleanup", Time since last: 10032994673 ns, Reaching safepoint: 239361 ns, Cleanup: 36499 ns, At safepoint: 29187 ns, Total: 305047 ns
[2025-04-25T19:49:20.327+0000][6315.228s][debug][safepoint   ] Safepoint synchronization initiated using futex wait barrier. (267 threads)
[2025-04-25T19:49:20.327+0000][6315.229s][info ][safepoint   ] Safepoint "Cleanup", Time since last: 2000299651 ns, Reaching safepoint: 274416 ns, Cleanup: 67182 ns, At safepoint: 48398 ns, Total: 389996 ns
[2025-04-25T19:49:30.328+0000][6325.230s][debug][safepoint   ] Safepoint synchronization initiated using futex wait barrier. (267 threads)
[2025-04-25T19:49:30.328+0000][6325.230s][info ][safepoint   ] Safepoint "Cleanup", Time since last: 10001194432 ns, Reaching safepoint: 91745 ns, Cleanup: 12006 ns, At safepoint: 12884 ns, Total: 116635 ns
[2025-04-25T19:49:45.330+0000][6340.232s][debug][safepoint   ] Safepoint synchronization initiated using futex wait barrier. (267 threads)
[2025-04-25T19:49:45.330+0000][6340.232s][info ][safepoint   ] Safepoint "Cleanup", Time since last: 15001679514 ns, Reaching safepoint: 324806 ns, Cleanup: 41154 ns, At safepoint: 32493 ns, Total: 398453 ns
[2025-04-25T19:49:52.838+0000][6347.740s][debug][safepoint   ] Safepoint synchronization initiated using futex wait barrier. (266 threads)
[2025-04-25T19:49:52.838+0000][6347.740s][info ][gc,start    ] GC(81) Pause Young (Normal) (G1 Evacuation Pause)
[2025-04-25T19:49:52.838+0000][6347.740s][info ][gc,task     ] GC(81) Using 4 workers of 4 for evacuation
[2025-04-25T19:49:52.847+0000][6347.749s][info ][gc,phases   ] GC(81)   Pre Evacuate Collection Set: 0.2ms
[2025-04-25T19:49:52.847+0000][6347.749s][info ][gc,phases   ] GC(81)   Merge Heap Roots: 0.1ms
[2025-04-25T19:49:52.847+0000][6347.749s][info ][gc,phases   ] GC(81)   Evacuate Collection Set: 5.1ms
[2025-04-25T19:49:52.847+0000][6347.749s][info ][gc,phases   ] GC(81)   Post Evacuate Collection Set: 2.9ms
[2025-04-25T19:49:52.847+0000][6347.749s][info ][gc,phases   ] GC(81)   Other: 0.5ms
[2025-04-25T19:49:52.847+0000][6347.749s][info ][gc,heap     ] GC(81) Eden regions: 580->0(581)
[2025-04-25T19:49:52.847+0000][6347.749s][info ][gc,heap     ] GC(81) Survivor regions: 5->4(74)
[2025-04-25T19:49:52.847+0000][6347.749s][info ][gc,heap     ] GC(81) Old regions: 202->203
[2025-04-25T19:49:52.847+0000][6347.749s][info ][gc,heap     ] GC(81) Archive regions: 2->2
[2025-04-25T19:49:52.847+0000][6347.749s][info ][gc,heap     ] GC(81) Humongous regions: 2->2
[2025-04-25T19:49:52.847+0000][6347.749s][info ][gc,metaspace] GC(81) Metaspace: 202586K(204288K)->202586K(204288K) NonClass: 178520K(179392K)->178520K(179392K) Class: 24065K(24896K)->24065K(24896K)
[2025-04-25T19:49:52.847+0000][6347.749s][info ][gc          ] GC(81) Pause Young (Normal) (G1 Evacuation Pause) 789M->208M(976M) 8.793ms
[2025-04-25T19:49:52.847+0000][6347.749s][info ][gc,cpu      ] GC(81) User=0.03s Sys=0.01s Real=0.01s
[2025-04-25T19:49:52.847+0000][6347.749s][info ][safepoint   ] Safepoint "G1CollectForAllocation", Time since last: 7507835974 ns, Reaching safepoint: 66545 ns, Cleanup: 4011 ns, At safepoint: 8973943 ns, Total: 9044499 ns
[2025-04-25T19:51:00.366+0000][6415.267s][debug][safepoint   ] Safepoint synchronization initiated using futex wait barrier. (263 threads)
[2025-04-25T19:51:00.367+0000][6415.268s][info ][safepoint   ] Safepoint "Cleanup", Time since last: 67518360006 ns, Reaching safepoint: 598231 ns, Cleanup: 294197 ns, At safepoint: 52258 ns, Total: 944686 ns
[2025-04-25T19:51:23.393+0000][6438.294s][debug][safepoint   ] Safepoint synchronization initiated using futex wait barrier. (263 threads)
[2025-04-25T19:51:23.393+0000][6438.294s][info ][safepoint   ] Safepoint "Cleanup", Time since last: 23026039111 ns, Reaching safepoint: 95948 ns, Cleanup: 41982 ns, At safepoint: 8250 ns, Total: 146180 ns
[2025-04-25T19:51:26.393+0000][6441.295s][debug][safepoint   ] Safepoint synchronization initiated using futex wait barrier. (266 threads)
[2025-04-25T19:51:26.393+0000][6441.295s][info ][safepoint   ] Safepoint "Cleanup", Time since last: 3000303781 ns, Reaching safepoint: 112222 ns, Cleanup: 16695 ns, At safepoint: 6864 ns, Total: 135781 ns
[2025-04-25T19:51:31.394+0000][6446.295s][debug][safepoint   ] Safepoint synchronization initiated using futex wait barrier. (266 threads)
[2025-04-25T19:51:31.394+0000][6446.296s][info ][safepoint   ] Safepoint "Cleanup", Time since last: 5000673414 ns, Reaching safepoint: 69611 ns, Cleanup: 24436 ns, At safepoint: 6253 ns, Total: 100300 ns
[2025-04-25T19:51:54.397+0000][6469.298s][debug][safepoint   ] Safepoint synchronization initiated using futex wait barrier. (266 threads)
[2025-04-25T19:51:54.398+0000][6469.300s][info ][safepoint   ] Safepoint "Cleanup", Time since last: 23002858418 ns, Reaching safepoint: 1108870 ns, Cleanup: 19261 ns, At safepoint: 9505 ns, Total: 1137636 ns
[2025-04-25T19:52:10.425+0000][6485.327s][debug][safepoint   ] Safepoint synchronization initiated using futex wait barrier. (266 threads)
[2025-04-25T19:52:10.426+0000][6485.327s][info ][safepoint   ] Safepoint "Cleanup", Time since last: 16027130909 ns, Reaching safepoint: 302941 ns, Cleanup: 36550 ns, At safepoint: 71717 ns, Total: 411208 ns
[2025-04-25T19:52:13.427+0000][6488.328s][debug][safepoint   ] Safepoint synchronization initiated using futex wait barrier. (266 threads)
[2025-04-25T19:52:13.427+0000][6488.329s][info ][safepoint   ] Safepoint "Cleanup", Time since last: 3001102325 ns, Reaching safepoint: 281973 ns, Cleanup: 34705 ns, At safepoint: 30451 ns, Total: 347129 ns
[2025-04-25T19:52:17.428+0000][6492.329s][debug][safepoint   ] Safepoint synchronization initiated using futex wait barrier. (266 threads)
[2025-04-25T19:52:17.428+0000][6492.329s][info ][safepoint   ] Safepoint "Cleanup", Time since last: 4000633117 ns, Reaching safepoint: 212440 ns, Cleanup: 32648 ns, At safepoint: 27189 ns, Total: 272277 ns
[2025-04-25T19:52:30.430+0000][6505.332s][debug][safepoint   ] Safepoint synchronization initiated using futex wait barrier. (263 threads)
[2025-04-25T19:52:30.431+0000][6505.332s][info ][safepoint   ] Safepoint "Cleanup", Time since last: 13002092695 ns, Reaching safepoint: 744904 ns, Cleanup: 64958 ns, At safepoint: 42123 ns, Total: 851985 ns
[2025-04-25T19:52:33.431+0000][6508.333s][debug][safepoint   ] Safepoint synchronization initiated using futex wait barrier. (262 threads)
[2025-04-25T19:52:33.433+0000][6508.334s][info ][safepoint   ] Safepoint "Cleanup", Time since last: 3000566623 ns, Reaching safepoint: 1192127 ns, Cleanup: 47619 ns, At safepoint: 38565 ns, Total: 1278311 ns
[2025-04-25T19:53:08.441+0000][6543.342s][debug][safepoint   ] Safepoint synchronization initiated using futex wait barrier. (263 threads)
[2025-04-25T19:53:08.441+0000][6543.343s][info ][safepoint   ] Safepoint "Cleanup", Time since last: 35007840660 ns, Reaching safepoint: 824053 ns, Cleanup: 12710 ns, At safepoint: 5862 ns, Total: 842625 ns
[2025-04-25T19:53:23.461+0000][6558.363s][debug][safepoint   ] Safepoint synchronization initiated using futex wait barrier. (263 threads)
[2025-04-25T19:53:23.463+0000][6558.364s][info ][safepoint   ] Safepoint "Cleanup", Time since last: 15019621583 ns, Reaching safepoint: 1335660 ns, Cleanup: 395012 ns, At safepoint: 158814 ns, Total: 1889486 ns
[2025-04-25T19:53:25.463+0000][6560.365s][debug][safepoint   ] Safepoint synchronization initiated using futex wait barrier. (263 threads)
[2025-04-25T19:53:25.463+0000][6560.365s][info ][safepoint   ] Safepoint "Cleanup", Time since last: 2000322161 ns, Reaching safepoint: 178717 ns, Cleanup: 51507 ns, At safepoint: 21743 ns, Total: 251967 ns
[2025-04-25T19:53:44.469+0000][6579.371s][debug][safepoint   ] Safepoint synchronization initiated using futex wait barrier. (262 threads)
[2025-04-25T19:53:44.469+0000][6579.371s][info ][safepoint   ] Safepoint "Cleanup", Time since last: 19005612128 ns, Reaching safepoint: 104239 ns, Cleanup: 14291 ns, At safepoint: 27406 ns, Total: 145936 ns
[2025-04-25T19:53:45.471+0000][6580.372s][debug][safepoint   ] Safepoint synchronization initiated using futex wait barrier. (262 threads)
[2025-04-25T19:53:45.471+0000][6580.373s][info ][safepoint   ] Safepoint "Cleanup", Time since last: 1001620439 ns, Reaching safepoint: 321399 ns, Cleanup: 36892 ns, At safepoint: 30203 ns, Total: 388494 ns
[2025-04-25T19:53:58.624+0000][6593.526s][debug][safepoint   ] Safepoint synchronization initiated using futex wait barrier. (262 threads)
[2025-04-25T19:53:58.625+0000][6593.526s][info ][safepoint   ] Safepoint "Cleanup", Time since last: 13153286089 ns, Reaching safepoint: 87233 ns, Cleanup: 24111 ns, At safepoint: 7679 ns, Total: 119023 ns
[2025-04-25T19:54:05.625+0000][6600.527s][debug][safepoint   ] Safepoint synchronization initiated using futex wait barrier. (262 threads)
[2025-04-25T19:54:05.626+0000][6600.527s][info ][safepoint   ] Safepoint "Cleanup", Time since last: 7000803454 ns, Reaching safepoint: 301309 ns, Cleanup: 38907 ns, At safepoint: 28309 ns, Total: 368525 ns
[2025-04-25T19:54:07.626+0000][6602.528s][debug][safepoint   ] Safepoint synchronization initiated using futex wait barrier. (262 threads)
[2025-04-25T19:54:07.627+0000][6602.528s][info ][safepoint   ] Safepoint "Cleanup", Time since last: 2000431105 ns, Reaching safepoint: 298533 ns, Cleanup: 40801 ns, At safepoint: 37935 ns, Total: 377269 ns
[2025-04-25T19:54:11.493+0000][6606.395s][debug][safepoint   ] Safepoint synchronization initiated using futex wait barrier. (262 threads)
[2025-04-25T19:54:11.493+0000][6606.395s][info ][safepoint   ] Safepoint "Cleanup", Time since last: 3866497955 ns, Reaching safepoint: 291401 ns, Cleanup: 12784 ns, At safepoint: 8612 ns, Total: 312797 ns
[2025-04-25T19:54:12.493+0000][6607.395s][debug][safepoint   ] Safepoint synchronization initiated using futex wait barrier. (262 threads)
[2025-04-25T19:54:12.494+0000][6607.395s][info ][safepoint   ] Safepoint "Cleanup", Time since last: 1000101909 ns, Reaching safepoint: 214234 ns, Cleanup: 26676 ns, At safepoint: 17127 ns, Total: 258037 ns
[2025-04-25T19:54:43.499+0000][6638.401s][debug][safepoint   ] Safepoint synchronization initiated using futex wait barrier. (261 threads)
[2025-04-25T19:54:43.500+0000][6638.401s][info ][safepoint   ] Safepoint "Cleanup", Time since last: 31005399305 ns, Reaching safepoint: 440576 ns, Cleanup: 14706 ns, At safepoint: 8224 ns, Total: 463506 ns
[2025-04-25T19:54:49.500+0000][6644.402s][debug][safepoint   ] Safepoint synchronization initiated using futex wait barrier. (261 threads)
[2025-04-25T19:54:49.500+0000][6644.402s][info ][safepoint   ] Safepoint "Cleanup", Time since last: 6000546832 ns, Reaching safepoint: 109177 ns, Cleanup: 14583 ns, At safepoint: 6654 ns, Total: 130414 ns
[2025-04-25T19:54:51.510+0000][6646.411s][debug][safepoint   ] Safepoint synchronization initiated using futex wait barrier. (266 threads)
[2025-04-25T19:54:51.514+0000][6646.416s][info ][safepoint   ] Safepoint "Cleanup", Time since last: 2000237473 ns, Reaching safepoint: 12658853 ns, Cleanup: 20022 ns, At safepoint: 944417 ns, Total: 13623292 ns
[2025-04-25T19:55:11.529+0000][6666.431s][debug][safepoint   ] Safepoint synchronization initiated using futex wait barrier. (271 threads)
[2025-04-25T19:55:11.529+0000][6666.431s][info ][safepoint   ] Safepoint "Cleanup", Time since last: 20014742982 ns, Reaching safepoint: 98402 ns, Cleanup: 14654 ns, At safepoint: 5324 ns, Total: 118380 ns
[2025-04-25T19:55:23.532+0000][6678.433s][debug][safepoint   ] Safepoint synchronization initiated using futex wait barrier. (271 threads)
[2025-04-25T19:55:23.532+0000][6678.433s][info ][safepoint   ] Safepoint "Cleanup", Time since last: 12002598573 ns, Reaching safepoint: 235172 ns, Cleanup: 15401 ns, At safepoint: 15433 ns, Total: 266006 ns
[2025-04-25T19:55:41.533+0000][6696.435s][debug][safepoint   ] Safepoint synchronization initiated using futex wait barrier. (269 threads)
[2025-04-25T19:55:41.534+0000][6696.435s][info ][safepoint   ] Safepoint "Cleanup", Time since last: 18001594117 ns, Reaching safepoint: 94530 ns, Cleanup: 16757 ns, At safepoint: 6519 ns, Total: 117806 ns
[2025-04-25T19:55:45.534+0000][6700.436s][debug][safepoint   ] Safepoint synchronization initiated using futex wait barrier. (269 threads)
[2025-04-25T19:55:45.534+0000][6700.436s][info ][safepoint   ] Safepoint "Cleanup", Time since last: 4000458066 ns, Reaching safepoint: 285836 ns, Cleanup: 26623 ns, At safepoint: 14192 ns, Total: 326651 ns
[2025-04-25T19:55:48.442+0000][6703.344s][debug][safepoint   ] Safepoint synchronization initiated using futex wait barrier. (269 threads)
[2025-04-25T19:55:48.446+0000][6703.347s][info ][gc,start    ] GC(82) Pause Young (Normal) (G1 Evacuation Pause)
[2025-04-25T19:55:48.446+0000][6703.348s][info ][gc,task     ] GC(82) Using 4 workers of 4 for evacuation
[2025-04-25T19:55:48.469+0000][6703.371s][info ][gc,phases   ] GC(82)   Pre Evacuate Collection Set: 0.9ms
[2025-04-25T19:55:48.469+0000][6703.371s][info ][gc,phases   ] GC(82)   Merge Heap Roots: 0.8ms
[2025-04-25T19:55:48.469+0000][6703.371s][info ][gc,phases   ] GC(82)   Evacuate Collection Set: 10.0ms
[2025-04-25T19:55:48.469+0000][6703.371s][info ][gc,phases   ] GC(82)   Post Evacuate Collection Set: 8.0ms
[2025-04-25T19:55:48.470+0000][6703.372s][info ][gc,phases   ] GC(82)   Other: 5.4ms
[2025-04-25T19:55:48.471+0000][6703.372s][info ][gc,heap     ] GC(82) Eden regions: 581->0(581)
[2025-04-25T19:55:48.471+0000][6703.372s][info ][gc,heap     ] GC(82) Survivor regions: 4->4(74)
[2025-04-25T19:55:48.471+0000][6703.372s][info ][gc,heap     ] GC(82) Old regions: 203->203
[2025-04-25T19:55:48.471+0000][6703.372s][info ][gc,heap     ] GC(82) Archive regions: 2->2
[2025-04-25T19:55:48.471+0000][6703.372s][info ][gc,heap     ] GC(82) Humongous regions: 3->2
[2025-04-25T19:55:48.471+0000][6703.373s][info ][gc,metaspace] GC(82) Metaspace: 202745K(204416K)->202745K(204416K) NonClass: 178668K(179520K)->178668K(179520K) Class: 24077K(24896K)->24077K(24896K)
[2025-04-25T19:55:48.472+0000][6703.373s][info ][gc          ] GC(82) Pause Young (Normal) (G1 Evacuation Pause) 790M->209M(976M) 25.482ms
[2025-04-25T19:55:48.472+0000][6703.374s][info ][gc,cpu      ] GC(82) User=0.01s Sys=0.00s Real=0.03s
[2025-04-25T19:55:48.472+0000][6703.374s][info ][safepoint   ] Safepoint "G1CollectForAllocation", Time since last: 2907601087 ns, Reaching safepoint: 113332 ns, Cleanup: 7004 ns, At safepoint: 30070356 ns, Total: 30190692 ns
[2025-04-25T19:55:50.472+0000][6705.374s][debug][safepoint   ] Safepoint synchronization initiated using futex wait barrier. (269 threads)
[2025-04-25T19:55:50.473+0000][6705.374s][info ][safepoint   ] Safepoint "Cleanup", Time since last: 2000357836 ns, Reaching safepoint: 65361 ns, Cleanup: 17001 ns, At safepoint: 6710 ns, Total: 89072 ns
[2025-04-25T19:55:51.473+0000][6706.374s][debug][safepoint   ] Safepoint synchronization initiated using futex wait barrier. (269 threads)
[2025-04-25T19:55:51.473+0000][6706.375s][info ][safepoint   ] Safepoint "Cleanup", Time since last: 1000125173 ns, Reaching safepoint: 484466 ns, Cleanup: 30510 ns, At safepoint: 22726 ns, Total: 537702 ns
[2025-04-25T19:55:53.474+0000][6708.375s][debug][safepoint   ] Safepoint synchronization initiated using futex wait barrier. (267 threads)
[2025-04-25T19:55:53.474+0000][6708.375s][info ][safepoint   ] Safepoint "Cleanup", Time since last: 2000265265 ns, Reaching safepoint: 121358 ns, Cleanup: 11743 ns, At safepoint: 6429 ns, Total: 139530 ns
[2025-04-25T19:56:00.474+0000][6715.376s][debug][safepoint   ] Safepoint synchronization initiated using futex wait barrier. (267 threads)
[2025-04-25T19:56:00.475+0000][6715.376s][info ][safepoint   ] Safepoint "Cleanup", Time since last: 7000640179 ns, Reaching safepoint: 259338 ns, Cleanup: 47281 ns, At safepoint: 16919 ns, Total: 323538 ns
[2025-04-25T19:56:01.475+0000][6716.376s][debug][safepoint   ] Safepoint synchronization initiated using futex wait barrier. (267 threads)
[2025-04-25T19:56:01.475+0000][6716.376s][info ][safepoint   ] Safepoint "Cleanup", Time since last: 1000128903 ns, Reaching safepoint: 83926 ns, Cleanup: 11226 ns, At safepoint: 7471 ns, Total: 102623 ns
[2025-04-25T19:56:17.560+0000][6732.462s][debug][safepoint   ] Safepoint synchronization initiated using futex wait barrier. (267 threads)
[2025-04-25T19:56:17.561+0000][6732.462s][info ][safepoint   ] Safepoint "Cleanup", Time since last: 16085282045 ns, Reaching safepoint: 336573 ns, Cleanup: 48218 ns, At safepoint: 32474 ns, Total: 417265 ns
[2025-04-25T19:56:18.562+0000][6733.464s][debug][safepoint   ] Safepoint synchronization initiated using futex wait barrier. (267 threads)
[2025-04-25T19:56:18.564+0000][6733.466s][info ][safepoint   ] Safepoint "Cleanup", Time since last: 1001682966 ns, Reaching safepoint: 2012855 ns, Cleanup: 38136 ns, At safepoint: 51898 ns, Total: 2102889 ns
[2025-04-25T19:56:41.574+0000][6756.475s][debug][safepoint   ] Safepoint synchronization initiated using futex wait barrier. (265 threads)
[2025-04-25T19:56:41.574+0000][6756.475s][info ][safepoint   ] Safepoint "Cleanup", Time since last: 23009302298 ns, Reaching safepoint: 115264 ns, Cleanup: 31567 ns, At safepoint: 7406 ns, Total: 154237 ns
[2025-04-25T19:57:14.595+0000][6789.496s][debug][safepoint   ] Safepoint synchronization initiated using futex wait barrier. (267 threads)
[2025-04-25T19:57:14.595+0000][6789.497s][info ][safepoint   ] Safepoint "Cleanup", Time since last: 33020855297 ns, Reaching safepoint: 233316 ns, Cleanup: 17798 ns, At safepoint: 6141 ns, Total: 257255 ns
[2025-04-25T19:57:15.595+0000][6790.497s][debug][safepoint   ] Safepoint synchronization initiated using futex wait barrier. (267 threads)
[2025-04-25T19:57:15.595+0000][6790.497s][info ][safepoint   ] Safepoint "Cleanup", Time since last: 1000100311 ns, Reaching safepoint: 75123 ns, Cleanup: 13212 ns, At safepoint: 11981 ns, Total: 100316 ns
[2025-04-25T19:57:19.596+0000][6794.498s][debug][safepoint   ] Safepoint synchronization initiated using futex wait barrier. (272 threads)
[2025-04-25T19:57:19.596+0000][6794.498s][info ][safepoint   ] Safepoint "Cleanup", Time since last: 4000787964 ns, Reaching safepoint: 92363 ns, Cleanup: 96190 ns, At safepoint: 13427 ns, Total: 201980 ns
[2025-04-25T19:57:20.596+0000][6795.498s][debug][safepoint   ] Safepoint synchronization initiated using futex wait barrier. (272 threads)
[2025-04-25T19:57:20.596+0000][6795.498s][info ][safepoint   ] Safepoint "Cleanup", Time since last: 1000088440 ns, Reaching safepoint: 68779 ns, Cleanup: 11400 ns, At safepoint: 4861 ns, Total: 85040 ns
[2025-04-25T19:57:21.596+0000][6796.498s][debug][safepoint   ] Safepoint synchronization initiated using futex wait barrier. (272 threads)
[2025-04-25T19:57:21.596+0000][6796.498s][info ][safepoint   ] Safepoint "Cleanup", Time since last: 1000078980 ns, Reaching safepoint: 79253 ns, Cleanup: 14612 ns, At safepoint: 5933 ns, Total: 99798 ns
[2025-04-25T19:57:23.597+0000][6798.498s][debug][safepoint   ] Safepoint synchronization initiated using futex wait barrier. (272 threads)
[2025-04-25T19:57:23.597+0000][6798.499s][info ][safepoint   ] Safepoint "Cleanup", Time since last: 2000207970 ns, Reaching safepoint: 263418 ns, Cleanup: 38481 ns, At safepoint: 29191 ns, Total: 331090 ns
[2025-04-25T19:57:26.597+0000][6801.499s][debug][safepoint   ] Safepoint synchronization initiated using futex wait barrier. (272 threads)
[2025-04-25T19:57:26.598+0000][6801.499s][info ][safepoint   ] Safepoint "Cleanup", Time since last: 3000383138 ns, Reaching safepoint: 170225 ns, Cleanup: 20398 ns, At safepoint: 12117 ns, Total: 202740 ns
[2025-04-25T19:57:29.598+0000][6804.500s][debug][safepoint   ] Safepoint synchronization initiated using futex wait barrier. (272 threads)
[2025-04-25T19:57:29.598+0000][6804.500s][info ][safepoint   ] Safepoint "Cleanup", Time since last: 3000383631 ns, Reaching safepoint: 256487 ns, Cleanup: 30808 ns, At safepoint: 24039 ns, Total: 311334 ns
[2025-04-25T19:57:42.602+0000][6817.503s][debug][safepoint   ] Safepoint synchronization initiated using futex wait barrier. (270 threads)
[2025-04-25T19:57:42.602+0000][6817.504s][info ][safepoint   ] Safepoint "Cleanup", Time since last: 13003395649 ns, Reaching safepoint: 229388 ns, Cleanup: 33258 ns, At safepoint: 25530 ns, Total: 288176 ns
[2025-04-25T19:57:43.602+0000][6818.504s][debug][safepoint   ] Safepoint synchronization initiated using futex wait barrier. (270 threads)
[2025-04-25T19:57:43.603+0000][6818.504s][info ][safepoint   ] Safepoint "Cleanup", Time since last: 1000181543 ns, Reaching safepoint: 276255 ns, Cleanup: 72114 ns, At safepoint: 28010 ns, Total: 376379 ns
[2025-04-25T19:57:44.603+0000][6819.504s][debug][safepoint   ] Safepoint synchronization initiated using futex wait barrier. (270 threads)
[2025-04-25T19:57:44.603+0000][6819.505s][info ][safepoint   ] Safepoint "Cleanup", Time since last: 1000243164 ns, Reaching safepoint: 259838 ns, Cleanup: 42052 ns, At safepoint: 60005 ns, Total: 361895 ns
[2025-04-25T19:57:56.606+0000][6831.507s][debug][safepoint   ] Safepoint synchronization initiated using futex wait barrier. (270 threads)
[2025-04-25T19:57:56.606+0000][6831.507s][info ][safepoint   ] Safepoint "Cleanup", Time since last: 12002415643 ns, Reaching safepoint: 143177 ns, Cleanup: 21406 ns, At safepoint: 7593 ns, Total: 172176 ns
[2025-04-25T19:58:28.634+0000][6863.536s][debug][safepoint   ] Safepoint synchronization initiated using futex wait barrier. (265 threads)
[2025-04-25T19:58:28.634+0000][6863.536s][info ][safepoint   ] Safepoint "Cleanup", Time since last: 32028340914 ns, Reaching safepoint: 75704 ns, Cleanup: 15784 ns, At safepoint: 5237 ns, Total: 96725 ns
[2025-04-25T19:58:41.636+0000][6876.537s][debug][safepoint   ] Safepoint synchronization initiated using futex wait barrier. (265 threads)
[2025-04-25T19:58:41.636+0000][6876.538s][info ][safepoint   ] Safepoint "Cleanup", Time since last: 13001563611 ns, Reaching safepoint: 168385 ns, Cleanup: 24823 ns, At safepoint: 17254 ns, Total: 210462 ns
[2025-04-25T19:58:52.637+0000][6887.539s][debug][safepoint   ] Safepoint synchronization initiated using futex wait barrier. (265 threads)
[2025-04-25T19:58:52.637+0000][6887.539s][info ][safepoint   ] Safepoint "Cleanup", Time since last: 11001226466 ns, Reaching safepoint: 124817 ns, Cleanup: 26596 ns, At safepoint: 9968 ns, Total: 161381 ns
[2025-04-25T19:59:11.641+0000][6906.543s][debug][safepoint   ] Safepoint synchronization initiated using futex wait barrier. (265 threads)
[2025-04-25T19:59:11.641+0000][6906.543s][info ][safepoint   ] Safepoint "Cleanup", Time since last: 19003686987 ns, Reaching safepoint: 56736 ns, Cleanup: 7195 ns, At safepoint: 4288 ns, Total: 68219 ns
[2025-04-25T19:59:16.642+0000][6911.543s][debug][safepoint   ] Safepoint synchronization initiated using futex wait barrier. (265 threads)
[2025-04-25T19:59:16.642+0000][6911.544s][info ][safepoint   ] Safepoint "Cleanup", Time since last: 5000603285 ns, Reaching safepoint: 204051 ns, Cleanup: 29713 ns, At safepoint: 16567 ns, Total: 250331 ns
[2025-04-25T19:59:27.643+0000][6922.545s][debug][safepoint   ] Safepoint synchronization initiated using futex wait barrier. (263 threads)
[2025-04-25T19:59:27.643+0000][6922.545s][info ][safepoint   ] Safepoint "Cleanup", Time since last: 11001187866 ns, Reaching safepoint: 115771 ns, Cleanup: 13569 ns, At safepoint: 6116 ns, Total: 135456 ns
[2025-04-25T19:59:31.644+0000][6926.545s][debug][safepoint   ] Safepoint synchronization initiated using futex wait barrier. (263 threads)
[2025-04-25T19:59:31.644+0000][6926.546s][info ][safepoint   ] Safepoint "Cleanup", Time since last: 4000359225 ns, Reaching safepoint: 288865 ns, Cleanup: 20796 ns, At safepoint: 9464 ns, Total: 319125 ns
[2025-04-25T19:59:32.644+0000][6927.546s][debug][safepoint   ] Safepoint synchronization initiated using futex wait barrier. (266 threads)
[2025-04-25T19:59:32.644+0000][6927.546s][info ][safepoint   ] Safepoint "Cleanup", Time since last: 1000224176 ns, Reaching safepoint: 226970 ns, Cleanup: 19925 ns, At safepoint: 5639 ns, Total: 252534 ns
[2025-04-25T19:59:34.645+0000][6929.546s][debug][safepoint   ] Safepoint synchronization initiated using futex wait barrier. (266 threads)
[2025-04-25T19:59:34.645+0000][6929.546s][info ][safepoint   ] Safepoint "Cleanup", Time since last: 2000143027 ns, Reaching safepoint: 136135 ns, Cleanup: 20567 ns, At safepoint: 10166 ns, Total: 166868 ns
[2025-04-25T19:59:37.645+0000][6932.547s][debug][safepoint   ] Safepoint synchronization initiated using futex wait barrier. (266 threads)
[2025-04-25T19:59:37.645+0000][6932.547s][info ][safepoint   ] Safepoint "Cleanup", Time since last: 3000329781 ns, Reaching safepoint: 126264 ns, Cleanup: 26442 ns, At safepoint: 16789 ns, Total: 169495 ns
[2025-04-25T19:59:40.645+0000][6935.547s][debug][safepoint   ] Safepoint synchronization initiated using futex wait barrier. (266 threads)
[2025-04-25T19:59:40.646+0000][6935.547s][info ][safepoint   ] Safepoint "Cleanup", Time since last: 3000298055 ns, Reaching safepoint: 101237 ns, Cleanup: 11469 ns, At safepoint: 12074 ns, Total: 124780 ns
[2025-04-25T19:59:42.646+0000][6937.547s][debug][safepoint   ] Safepoint synchronization initiated using futex wait barrier. (269 threads)
[2025-04-25T19:59:42.646+0000][6937.548s][info ][safepoint   ] Safepoint "Cleanup", Time since last: 2000186615 ns, Reaching safepoint: 137799 ns, Cleanup: 17227 ns, At safepoint: 11561 ns, Total: 166587 ns
[2025-04-25T20:00:18.706+0000][6973.607s][debug][safepoint   ] Safepoint synchronization initiated using futex wait barrier. (269 threads)
[2025-04-25T20:00:18.707+0000][6973.608s][info ][safepoint   ] Safepoint "Cleanup", Time since last: 36059552930 ns, Reaching safepoint: 1286003 ns, Cleanup: 24220 ns, At safepoint: 7379 ns, Total: 1317602 ns
[2025-04-25T20:00:26.708+0000][6981.609s][debug][safepoint   ] Safepoint synchronization initiated using futex wait barrier. (268 threads)
[2025-04-25T20:00:26.708+0000][6981.609s][info ][safepoint   ] Safepoint "Cleanup", Time since last: 8000800371 ns, Reaching safepoint: 154827 ns, Cleanup: 31464 ns, At safepoint: 7109 ns, Total: 193400 ns
[2025-04-25T20:00:34.708+0000][6989.610s][debug][safepoint   ] Safepoint synchronization initiated using futex wait barrier. (267 threads)
[2025-04-25T20:00:34.709+0000][6989.610s][info ][safepoint   ] Safepoint "Cleanup", Time since last: 8000633767 ns, Reaching safepoint: 115321 ns, Cleanup: 19014 ns, At safepoint: 8147 ns, Total: 142482 ns
[2025-04-25T20:00:40.711+0000][6995.612s][debug][safepoint   ] Safepoint synchronization initiated using futex wait barrier. (269 threads)
[2025-04-25T20:00:40.711+0000][6995.613s][info ][safepoint   ] Safepoint "Cleanup", Time since last: 6002084986 ns, Reaching safepoint: 208933 ns, Cleanup: 29172 ns, At safepoint: 11087 ns, Total: 249192 ns
[2025-04-25T20:01:12.733+0000][7027.634s][debug][safepoint   ] Safepoint synchronization initiated using futex wait barrier. (269 threads)
[2025-04-25T20:01:12.733+0000][7027.635s][info ][safepoint   ] Safepoint "Cleanup", Time since last: 32021783664 ns, Reaching safepoint: 131289 ns, Cleanup: 16670 ns, At safepoint: 8744 ns, Total: 156703 ns
[2025-04-25T20:01:15.733+0000][7030.635s][debug][safepoint   ] Safepoint synchronization initiated using futex wait barrier. (269 threads)
[2025-04-25T20:01:15.733+0000][7030.635s][info ][safepoint   ] Safepoint "Cleanup", Time since last: 3000259262 ns, Reaching safepoint: 95660 ns, Cleanup: 15847 ns, At safepoint: 10820 ns, Total: 122327 ns
[2025-04-25T20:01:16.733+0000][7031.635s][debug][safepoint   ] Safepoint synchronization initiated using futex wait barrier. (269 threads)
[2025-04-25T20:01:16.733+0000][7031.635s][info ][safepoint   ] Safepoint "Cleanup", Time since last: 1000095727 ns, Reaching safepoint: 110199 ns, Cleanup: 12131 ns, At safepoint: 6523 ns, Total: 128853 ns
[2025-04-25T20:01:19.734+0000][7034.635s][debug][safepoint   ] Safepoint synchronization initiated using futex wait barrier. (269 threads)
[2025-04-25T20:01:19.734+0000][7034.636s][info ][safepoint   ] Safepoint "Cleanup", Time since last: 3000352848 ns, Reaching safepoint: 206114 ns, Cleanup: 31488 ns, At safepoint: 18642 ns, Total: 256244 ns
[2025-04-25T20:01:24.735+0000][7039.637s][debug][safepoint   ] Safepoint synchronization initiated using futex wait barrier. (269 threads)
[2025-04-25T20:01:24.735+0000][7039.637s][info ][safepoint   ] Safepoint "Cleanup", Time since last: 5000901353 ns, Reaching safepoint: 61912 ns, Cleanup: 11212 ns, At safepoint: 5455 ns, Total: 78579 ns
[2025-04-25T20:01:26.735+0000][7041.637s][debug][safepoint   ] Safepoint synchronization initiated using futex wait barrier. (269 threads)
[2025-04-25T20:01:26.735+0000][7041.637s][info ][safepoint   ] Safepoint "Cleanup", Time since last: 2000192255 ns, Reaching safepoint: 122942 ns, Cleanup: 17602 ns, At safepoint: 24027 ns, Total: 164571 ns
[2025-04-25T20:01:41.737+0000][7056.638s][debug][safepoint   ] Safepoint synchronization initiated using futex wait barrier. (266 threads)
[2025-04-25T20:01:41.738+0000][7056.639s][info ][safepoint   ] Safepoint "Cleanup", Time since last: 15001373653 ns, Reaching safepoint: 670112 ns, Cleanup: 37163 ns, At safepoint: 33319 ns, Total: 740594 ns
[2025-04-25T20:01:50.738+0000][7065.640s][debug][safepoint   ] Safepoint synchronization initiated using futex wait barrier. (268 threads)
[2025-04-25T20:01:50.739+0000][7065.640s][info ][safepoint   ] Safepoint "Cleanup", Time since last: 9000883122 ns, Reaching safepoint: 66309 ns, Cleanup: 13234 ns, At safepoint: 4133 ns, Total: 83676 ns
[2025-04-25T20:02:00.741+0000][7075.642s][debug][safepoint   ] Safepoint synchronization initiated using futex wait barrier. (268 threads)
[2025-04-25T20:02:00.741+0000][7075.642s][info ][safepoint   ] Safepoint "Cleanup", Time since last: 10002072371 ns, Reaching safepoint: 69466 ns, Cleanup: 11845 ns, At safepoint: 4416 ns, Total: 85727 ns
[2025-04-25T20:02:20.521+0000][7095.423s][debug][safepoint   ] Safepoint synchronization initiated using futex wait barrier. (269 threads)
[2025-04-25T20:02:20.524+0000][7095.426s][info ][gc,start    ] GC(83) Pause Young (Normal) (G1 Evacuation Pause)
[2025-04-25T20:02:20.524+0000][7095.426s][info ][gc,task     ] GC(83) Using 4 workers of 4 for evacuation
[2025-04-25T20:02:20.539+0000][7095.440s][info ][gc,phases   ] GC(83)   Pre Evacuate Collection Set: 0.6ms
[2025-04-25T20:02:20.539+0000][7095.440s][info ][gc,phases   ] GC(83)   Merge Heap Roots: 0.1ms
[2025-04-25T20:02:20.539+0000][7095.440s][info ][gc,phases   ] GC(83)   Evacuate Collection Set: 6.8ms
[2025-04-25T20:02:20.539+0000][7095.440s][info ][gc,phases   ] GC(83)   Post Evacuate Collection Set: 6.4ms
[2025-04-25T20:02:20.539+0000][7095.440s][info ][gc,phases   ] GC(83)   Other: 2.1ms
[2025-04-25T20:02:20.539+0000][7095.440s][info ][gc,heap     ] GC(83) Eden regions: 581->0(580)
[2025-04-25T20:02:20.539+0000][7095.440s][info ][gc,heap     ] GC(83) Survivor regions: 4->5(74)
[2025-04-25T20:02:20.539+0000][7095.440s][info ][gc,heap     ] GC(83) Old regions: 203->203
[2025-04-25T20:02:20.539+0000][7095.440s][info ][gc,heap     ] GC(83) Archive regions: 2->2
[2025-04-25T20:02:20.539+0000][7095.440s][info ][gc,heap     ] GC(83) Humongous regions: 2->2
[2025-04-25T20:02:20.539+0000][7095.441s][info ][gc,metaspace] GC(83) Metaspace: 203016K(204672K)->203016K(204672K) NonClass: 178919K(179776K)->178919K(179776K) Class: 24097K(24896K)->24097K(24896K)
[2025-04-25T20:02:20.540+0000][7095.441s][info ][gc          ] GC(83) Pause Young (Normal) (G1 Evacuation Pause) 790M->209M(976M) 14.504ms
[2025-04-25T20:02:20.540+0000][7095.441s][info ][gc,cpu      ] GC(83) User=0.02s Sys=0.01s Real=0.02s
[2025-04-25T20:02:20.540+0000][7095.442s][info ][safepoint   ] Safepoint "G1CollectForAllocation", Time since last: 19780288089 ns, Reaching safepoint: 90364 ns, Cleanup: 291395 ns, At safepoint: 18943008 ns, Total: 19324767 ns
[2025-04-25T20:02:21.541+0000][7096.442s][debug][safepoint   ] Safepoint synchronization initiated using futex wait barrier. (269 threads)
[2025-04-25T20:02:21.541+0000][7096.442s][info ][safepoint   ] Safepoint "Cleanup", Time since last: 1000242977 ns, Reaching safepoint: 58160 ns, Cleanup: 8821 ns, At safepoint: 4769 ns, Total: 71750 ns
[2025-04-25T20:02:31.542+0000][7106.443s][debug][safepoint   ] Safepoint synchronization initiated using futex wait barrier. (267 threads)
[2025-04-25T20:02:31.542+0000][7106.443s][info ][safepoint   ] Safepoint "Cleanup", Time since last: 10001115105 ns, Reaching safepoint: 71780 ns, Cleanup: 12073 ns, At safepoint: 4810 ns, Total: 88663 ns
[2025-04-25T20:03:10.546+0000][7145.448s][debug][safepoint   ] Safepoint synchronization initiated using futex wait barrier. (264 threads)
[2025-04-25T20:03:10.546+0000][7145.448s][info ][safepoint   ] Safepoint "Cleanup", Time since last: 39004122662 ns, Reaching safepoint: 133876 ns, Cleanup: 28091 ns, At safepoint: 36615 ns, Total: 198582 ns
[2025-04-25T20:03:11.546+0000][7146.448s][debug][safepoint   ] Safepoint synchronization initiated using futex wait barrier. (263 threads)
[2025-04-25T20:03:11.546+0000][7146.448s][info ][safepoint   ] Safepoint "Cleanup", Time since last: 1000162801 ns, Reaching safepoint: 70344 ns, Cleanup: 30467 ns, At safepoint: 6035 ns, Total: 106846 ns
[2025-04-25T20:03:13.547+0000][7148.448s][debug][safepoint   ] Safepoint synchronization initiated using futex wait barrier. (265 threads)
[2025-04-25T20:03:13.547+0000][7148.448s][info ][safepoint   ] Safepoint "Cleanup", Time since last: 2000128776 ns, Reaching safepoint: 104382 ns, Cleanup: 15959 ns, At safepoint: 6618 ns, Total: 126959 ns
[2025-04-25T20:03:14.547+0000][7149.448s][debug][safepoint   ] Safepoint synchronization initiated using futex wait barrier. (266 threads)
[2025-04-25T20:03:14.547+0000][7149.449s][info ][safepoint   ] Safepoint "Cleanup", Time since last: 1000173781 ns, Reaching safepoint: 107069 ns, Cleanup: 22382 ns, At safepoint: 4921 ns, Total: 134372 ns
[2025-04-25T20:03:18.547+0000][7153.449s][debug][safepoint   ] Safepoint synchronization initiated using futex wait barrier. (267 threads)
[2025-04-25T20:03:18.548+0000][7153.449s][info ][safepoint   ] Safepoint "Cleanup", Time since last: 4000505707 ns, Reaching safepoint: 133960 ns, Cleanup: 18095 ns, At safepoint: 9368 ns, Total: 161423 ns
[2025-04-25T20:04:53.832+0000][7248.733s][debug][safepoint   ] Safepoint synchronization initiated using futex wait barrier. (265 threads)
[2025-04-25T20:04:53.833+0000][7248.734s][info ][safepoint   ] Safepoint "Cleanup", Time since last: 95283880922 ns, Reaching safepoint: 561908 ns, Cleanup: 438669 ns, At safepoint: 125067 ns, Total: 1125644 ns
[2025-04-25T20:05:09.835+0000][7264.736s][debug][safepoint   ] Safepoint synchronization initiated using futex wait barrier. (264 threads)
[2025-04-25T20:05:09.835+0000][7264.736s][info ][safepoint   ] Safepoint "Cleanup", Time since last: 16001894920 ns, Reaching safepoint: 152139 ns, Cleanup: 25611 ns, At safepoint: 15833 ns, Total: 193583 ns
[2025-04-25T20:05:10.864+0000][7265.766s][debug][safepoint   ] Safepoint synchronization initiated using futex wait barrier. (264 threads)
[2025-04-25T20:05:10.864+0000][7265.766s][info ][safepoint   ] Safepoint "Cleanup", Time since last: 1029408200 ns, Reaching safepoint: 105485 ns, Cleanup: 16193 ns, At safepoint: 12258 ns, Total: 133936 ns
[2025-04-25T20:05:16.867+0000][7271.769s][debug][safepoint   ] Safepoint synchronization initiated using futex wait barrier. (264 threads)
[2025-04-25T20:05:16.868+0000][7271.769s][info ][safepoint   ] Safepoint "Cleanup", Time since last: 6002945054 ns, Reaching safepoint: 387424 ns, Cleanup: 33894 ns, At safepoint: 29162 ns, Total: 450480 ns
[2025-04-25T20:06:58.904+0000][7373.805s][debug][safepoint   ] Safepoint synchronization initiated using futex wait barrier. (265 threads)
[2025-04-25T20:06:58.906+0000][7373.807s][info ][safepoint   ] Safepoint "Cleanup", Time since last: 102036088168 ns, Reaching safepoint: 1782279 ns, Cleanup: 37055 ns, At safepoint: 25501 ns, Total: 1844835 ns
[2025-04-25T20:07:47.937+0000][7422.838s][debug][safepoint   ] Safepoint synchronization initiated using futex wait barrier. (265 threads)
[2025-04-25T20:07:47.938+0000][7422.839s][info ][safepoint   ] Safepoint "Cleanup", Time since last: 49031047700 ns, Reaching safepoint: 803672 ns, Cleanup: 22710 ns, At safepoint: 68610 ns, Total: 894992 ns
[2025-04-25T20:07:56.939+0000][7431.840s][debug][safepoint   ] Safepoint synchronization initiated using futex wait barrier. (265 threads)
[2025-04-25T20:07:56.939+0000][7431.840s][info ][safepoint   ] Safepoint "Cleanup", Time since last: 9001013581 ns, Reaching safepoint: 86724 ns, Cleanup: 10627 ns, At safepoint: 4486 ns, Total: 101837 ns
[2025-04-25T20:07:57.939+0000][7432.840s][debug][safepoint   ] Safepoint synchronization initiated using futex wait barrier. (265 threads)
[2025-04-25T20:07:57.939+0000][7432.841s][info ][safepoint   ] Safepoint "Cleanup", Time since last: 1000087385 ns, Reaching safepoint: 106877 ns, Cleanup: 17197 ns, At safepoint: 7749 ns, Total: 131823 ns
[2025-04-25T20:07:58.939+0000][7433.841s][debug][safepoint   ] Safepoint synchronization initiated using futex wait barrier. (265 threads)
[2025-04-25T20:07:58.939+0000][7433.841s][info ][safepoint   ] Safepoint "Cleanup", Time since last: 1000091476 ns, Reaching safepoint: 60617 ns, Cleanup: 11094 ns, At safepoint: 3998 ns, Total: 75709 ns
[2025-04-25T20:08:12.968+0000][7447.870s][debug][safepoint   ] Safepoint synchronization initiated using futex wait barrier. (265 threads)
[2025-04-25T20:08:12.969+0000][7447.870s][info ][safepoint   ] Safepoint "Cleanup", Time since last: 14029369801 ns, Reaching safepoint: 123321 ns, Cleanup: 17488 ns, At safepoint: 10053 ns, Total: 150862 ns
[2025-04-25T20:08:15.970+0000][7450.871s][debug][safepoint   ] Safepoint synchronization initiated using futex wait barrier. (265 threads)
[2025-04-25T20:08:15.970+0000][7450.871s][info ][safepoint   ] Safepoint "Cleanup", Time since last: 3000929778 ns, Reaching safepoint: 249247 ns, Cleanup: 41386 ns, At safepoint: 23837 ns, Total: 314470 ns
[2025-04-25T20:08:18.971+0000][7453.872s][debug][safepoint   ] Safepoint synchronization initiated using futex wait barrier. (265 threads)
[2025-04-25T20:08:18.971+0000][7453.873s][info ][safepoint   ] Safepoint "Cleanup", Time since last: 3000764407 ns, Reaching safepoint: 284452 ns, Cleanup: 81535 ns, At safepoint: 33157 ns, Total: 399144 ns
[2025-04-25T20:08:42.975+0000][7477.877s][debug][safepoint   ] Safepoint synchronization initiated using futex wait barrier. (263 threads)
[2025-04-25T20:08:42.975+0000][7477.877s][info ][safepoint   ] Safepoint "Cleanup", Time since last: 24004023855 ns, Reaching safepoint: 76124 ns, Cleanup: 13505 ns, At safepoint: 6188 ns, Total: 95817 ns
[2025-04-25T20:08:55.278+0000][7490.180s][debug][safepoint   ] Safepoint synchronization initiated using futex wait barrier. (263 threads)
[2025-04-25T20:08:55.282+0000][7490.184s][info ][gc,start    ] GC(84) Pause Young (Normal) (G1 Evacuation Pause)
[2025-04-25T20:08:55.284+0000][7490.185s][info ][gc,task     ] GC(84) Using 4 workers of 4 for evacuation
[2025-04-25T20:08:55.333+0000][7490.235s][info ][gc,phases   ] GC(84)   Pre Evacuate Collection Set: 0.9ms
[2025-04-25T20:08:55.333+0000][7490.235s][info ][gc,phases   ] GC(84)   Merge Heap Roots: 0.8ms
[2025-04-25T20:08:55.333+0000][7490.235s][info ][gc,phases   ] GC(84)   Evacuate Collection Set: 33.3ms
[2025-04-25T20:08:55.333+0000][7490.235s][info ][gc,phases   ] GC(84)   Post Evacuate Collection Set: 11.1ms
[2025-04-25T20:08:55.333+0000][7490.235s][info ][gc,phases   ] GC(84)   Other: 5.8ms
[2025-04-25T20:08:55.333+0000][7490.235s][info ][gc,heap     ] GC(84) Eden regions: 580->0(581)
[2025-04-25T20:08:55.333+0000][7490.235s][info ][gc,heap     ] GC(84) Survivor regions: 5->4(74)
[2025-04-25T20:08:55.334+0000][7490.235s][info ][gc,heap     ] GC(84) Old regions: 203->203
[2025-04-25T20:08:55.334+0000][7490.235s][info ][gc,heap     ] GC(84) Archive regions: 2->2
[2025-04-25T20:08:55.334+0000][7490.235s][info ][gc,heap     ] GC(84) Humongous regions: 2->2
[2025-04-25T20:08:55.334+0000][7490.235s][info ][gc,metaspace] GC(84) Metaspace: 203095K(204736K)->203095K(204736K) NonClass: 178996K(179840K)->178996K(179840K) Class: 24098K(24896K)->24098K(24896K)
[2025-04-25T20:08:55.334+0000][7490.236s][info ][gc          ] GC(84) Pause Young (Normal) (G1 Evacuation Pause) 789M->209M(976M) 51.231ms
[2025-04-25T20:08:55.334+0000][7490.236s][info ][gc,cpu      ] GC(84) User=0.10s Sys=0.01s Real=0.05s
[2025-04-25T20:08:55.335+0000][7490.237s][info ][safepoint   ] Safepoint "G1CollectForAllocation", Time since last: 12303373908 ns, Reaching safepoint: 333250 ns, Cleanup: 20972 ns, At safepoint: 56095355 ns, Total: 56449577 ns
[2025-04-25T20:09:12.337+0000][7507.239s][debug][safepoint   ] Safepoint synchronization initiated using futex wait barrier. (262 threads)
[2025-04-25T20:09:12.340+0000][7507.241s][info ][safepoint   ] Safepoint "Cleanup", Time since last: 17002469717 ns, Reaching safepoint: 2225079 ns, Cleanup: 56158 ns, At safepoint: 37135 ns, Total: 2318372 ns
[2025-04-25T20:09:42.344+0000][7537.245s][debug][safepoint   ] Safepoint synchronization initiated using futex wait barrier. (261 threads)
[2025-04-25T20:09:42.344+0000][7537.246s][info ][safepoint   ] Safepoint "Cleanup", Time since last: 30003789456 ns, Reaching safepoint: 706882 ns, Cleanup: 42765 ns, At safepoint: 30369 ns, Total: 780016 ns
[2025-04-25T20:10:20.349+0000][7575.251s][debug][safepoint   ] Safepoint synchronization initiated using futex wait barrier. (260 threads)
[2025-04-25T20:10:20.350+0000][7575.251s][info ][safepoint   ] Safepoint "Cleanup", Time since last: 38004974138 ns, Reaching safepoint: 281004 ns, Cleanup: 44714 ns, At safepoint: 32385 ns, Total: 358103 ns
[2025-04-25T20:10:42.357+0000][7597.259s][debug][safepoint   ] Safepoint synchronization initiated using futex wait barrier. (261 threads)
[2025-04-25T20:10:42.357+0000][7597.259s][info ][safepoint   ] Safepoint "Cleanup", Time since last: 22007416286 ns, Reaching safepoint: 237006 ns, Cleanup: 31012 ns, At safepoint: 17436 ns, Total: 285454 ns
[2025-04-25T20:10:44.358+0000][7599.260s][debug][safepoint   ] Safepoint synchronization initiated using futex wait barrier. (261 threads)
[2025-04-25T20:10:44.359+0000][7599.260s][info ][safepoint   ] Safepoint "Cleanup", Time since last: 2001050616 ns, Reaching safepoint: 309044 ns, Cleanup: 39996 ns, At safepoint: 29443 ns, Total: 378483 ns
[2025-04-25T20:10:49.359+0000][7604.261s][debug][safepoint   ] Safepoint synchronization initiated using futex wait barrier. (261 threads)
[2025-04-25T20:10:49.360+0000][7604.261s][info ][safepoint   ] Safepoint "Cleanup", Time since last: 5000567612 ns, Reaching safepoint: 274588 ns, Cleanup: 37868 ns, At safepoint: 13520 ns, Total: 325976 ns
[2025-04-25T20:11:03.361+0000][7618.263s][debug][safepoint   ] Safepoint synchronization initiated using futex wait barrier. (260 threads)
[2025-04-25T20:11:03.362+0000][7618.263s][info ][safepoint   ] Safepoint "Cleanup", Time since last: 14001745832 ns, Reaching safepoint: 129090 ns, Cleanup: 16010 ns, At safepoint: 9330 ns, Total: 154430 ns
[2025-04-25T20:11:04.362+0000][7619.264s][debug][safepoint   ] Safepoint synchronization initiated using futex wait barrier. (264 threads)
[2025-04-25T20:11:04.363+0000][7619.264s][info ][safepoint   ] Safepoint "Cleanup", Time since last: 1000323896 ns, Reaching safepoint: 462307 ns, Cleanup: 41027 ns, At safepoint: 160039 ns, Total: 663373 ns
[2025-04-25T20:11:08.363+0000][7623.265s][debug][safepoint   ] Safepoint synchronization initiated using futex wait barrier. (265 threads)
[2025-04-25T20:11:08.363+0000][7623.265s][info ][safepoint   ] Safepoint "Cleanup", Time since last: 4000423177 ns, Reaching safepoint: 103037 ns, Cleanup: 12264 ns, At safepoint: 6445 ns, Total: 121746 ns
[2025-04-25T20:11:28.088+0000][7642.990s][debug][safepoint   ] Safepoint synchronization initiated using futex wait barrier. (266 threads)
[2025-04-25T20:11:28.088+0000][7642.990s][info ][safepoint   ] Safepoint "Cleanup", Time since last: 19724805743 ns, Reaching safepoint: 222339 ns, Cleanup: 39363 ns, At safepoint: 30105 ns, Total: 291807 ns
[2025-04-25T20:12:11.119+0000][7686.021s][debug][safepoint   ] Safepoint synchronization initiated using futex wait barrier. (264 threads)
[2025-04-25T20:12:11.120+0000][7686.021s][info ][safepoint   ] Safepoint "Cleanup", Time since last: 43030913688 ns, Reaching safepoint: 527148 ns, Cleanup: 22343 ns, At safepoint: 17067 ns, Total: 566558 ns
[2025-04-25T20:12:13.120+0000][7688.022s][debug][safepoint   ] Safepoint synchronization initiated using futex wait barrier. (264 threads)
[2025-04-25T20:12:13.120+0000][7688.022s][info ][safepoint   ] Safepoint "Cleanup", Time since last: 2000251051 ns, Reaching safepoint: 103757 ns, Cleanup: 11775 ns, At safepoint: 7030 ns, Total: 122562 ns
[2025-04-25T20:12:15.120+0000][7690.022s][debug][safepoint   ] Safepoint synchronization initiated using futex wait barrier. (264 threads)
[2025-04-25T20:12:15.120+0000][7690.022s][info ][safepoint   ] Safepoint "Cleanup", Time since last: 2000177918 ns, Reaching safepoint: 120441 ns, Cleanup: 13827 ns, At safepoint: 8503 ns, Total: 142771 ns
[2025-04-25T20:12:19.121+0000][7694.022s][debug][safepoint   ] Safepoint synchronization initiated using futex wait barrier. (264 threads)
[2025-04-25T20:12:19.121+0000][7694.023s][info ][safepoint   ] Safepoint "Cleanup", Time since last: 4000424149 ns, Reaching safepoint: 109564 ns, Cleanup: 20243 ns, At safepoint: 13223 ns, Total: 143030 ns
[2025-04-25T20:12:28.122+0000][7703.023s][debug][safepoint   ] Safepoint synchronization initiated using futex wait barrier. (264 threads)
[2025-04-25T20:12:28.122+0000][7703.023s][info ][safepoint   ] Safepoint "Cleanup", Time since last: 9000752122 ns, Reaching safepoint: 138781 ns, Cleanup: 14872 ns, At safepoint: 16260 ns, Total: 169913 ns
[2025-04-25T20:12:33.123+0000][7708.025s][debug][safepoint   ] Safepoint synchronization initiated using futex wait barrier. (264 threads)
[2025-04-25T20:12:33.123+0000][7708.025s][info ][safepoint   ] Safepoint "Cleanup", Time since last: 5001038087 ns, Reaching safepoint: 105067 ns, Cleanup: 13014 ns, At safepoint: 7027 ns, Total: 125108 ns
[2025-04-25T20:12:38.124+0000][7713.025s][debug][safepoint   ] Safepoint synchronization initiated using futex wait barrier. (267 threads)
[2025-04-25T20:12:38.124+0000][7713.025s][info ][safepoint   ] Safepoint "Cleanup", Time since last: 5000522947 ns, Reaching safepoint: 88577 ns, Cleanup: 18078 ns, At safepoint: 5578 ns, Total: 112233 ns
[2025-04-25T20:13:29.145+0000][7764.047s][debug][safepoint   ] Safepoint synchronization initiated using futex wait barrier. (266 threads)
[2025-04-25T20:13:29.146+0000][7764.048s][info ][safepoint   ] Safepoint "Cleanup", Time since last: 51021874318 ns, Reaching safepoint: 347352 ns, Cleanup: 21134 ns, At safepoint: 7198 ns, Total: 375684 ns
[2025-04-25T20:14:08.150+0000][7803.051s][debug][safepoint   ] Safepoint synchronization initiated using futex wait barrier. (268 threads)
[2025-04-25T20:14:08.150+0000][7803.051s][info ][safepoint   ] Safepoint "Cleanup", Time since last: 39003838723 ns, Reaching safepoint: 81671 ns, Cleanup: 20336 ns, At safepoint: 6160 ns, Total: 108167 ns
[2025-04-25T20:14:11.173+0000][7806.075s][debug][safepoint   ] Safepoint synchronization initiated using futex wait barrier. (268 threads)
[2025-04-25T20:14:11.173+0000][7806.075s][info ][safepoint   ] Safepoint "Cleanup", Time since last: 3023267203 ns, Reaching safepoint: 95946 ns, Cleanup: 11995 ns, At safepoint: 6481 ns, Total: 114422 ns
[2025-04-25T20:14:14.174+0000][7809.075s][debug][safepoint   ] Safepoint synchronization initiated using futex wait barrier. (268 threads)
[2025-04-25T20:14:14.174+0000][7809.075s][info ][safepoint   ] Safepoint "Cleanup", Time since last: 3000450317 ns, Reaching safepoint: 98280 ns, Cleanup: 15696 ns, At safepoint: 14673 ns, Total: 128649 ns
[2025-04-25T20:14:31.176+0000][7826.077s][debug][safepoint   ] Safepoint synchronization initiated using futex wait barrier. (268 threads)
[2025-04-25T20:14:31.176+0000][7826.077s][info ][safepoint   ] Safepoint "Cleanup", Time since last: 17001866049 ns, Reaching safepoint: 91128 ns, Cleanup: 13352 ns, At safepoint: 4849 ns, Total: 109329 ns
[2025-04-25T20:14:34.176+0000][7829.078s][debug][safepoint   ] Safepoint synchronization initiated using futex wait barrier. (268 threads)
[2025-04-25T20:14:34.176+0000][7829.078s][info ][safepoint   ] Safepoint "Cleanup", Time since last: 3000342685 ns, Reaching safepoint: 97795 ns, Cleanup: 15501 ns, At safepoint: 5649 ns, Total: 118945 ns
[2025-04-25T20:15:29.827+0000][7884.729s][debug][safepoint   ] Safepoint synchronization initiated using futex wait barrier. (264 threads)
[2025-04-25T20:15:29.830+0000][7884.732s][info ][gc,start    ] GC(85) Pause Young (Normal) (G1 Evacuation Pause)
[2025-04-25T20:15:29.830+0000][7884.732s][info ][gc,task     ] GC(85) Using 4 workers of 4 for evacuation
[2025-04-25T20:15:29.897+0000][7884.798s][info ][gc,phases   ] GC(85)   Pre Evacuate Collection Set: 1.3ms
[2025-04-25T20:15:29.898+0000][7884.799s][info ][gc,phases   ] GC(85)   Merge Heap Roots: 1.3ms
[2025-04-25T20:15:29.898+0000][7884.799s][info ][gc,phases   ] GC(85)   Evacuate Collection Set: 33.0ms
[2025-04-25T20:15:29.898+0000][7884.799s][info ][gc,phases   ] GC(85)   Post Evacuate Collection Set: 28.2ms
[2025-04-25T20:15:29.899+0000][7884.800s][info ][gc,phases   ] GC(85)   Other: 3.4ms
[2025-04-25T20:15:29.901+0000][7884.803s][info ][gc,heap     ] GC(85) Eden regions: 581->0(581)
[2025-04-25T20:15:29.902+0000][7884.804s][info ][gc,heap     ] GC(85) Survivor regions: 4->4(74)
[2025-04-25T20:15:29.902+0000][7884.804s][info ][gc,heap     ] GC(85) Old regions: 203->204
[2025-04-25T20:15:29.902+0000][7884.804s][info ][gc,heap     ] GC(85) Archive regions: 2->2
[2025-04-25T20:15:29.902+0000][7884.804s][info ][gc,heap     ] GC(85) Humongous regions: 2->2
[2025-04-25T20:15:29.902+0000][7884.804s][info ][gc,metaspace] GC(85) Metaspace: 203233K(204928K)->203233K(204928K) NonClass: 179130K(179968K)->179130K(179968K) Class: 24103K(24960K)->24103K(24960K)
[2025-04-25T20:15:29.903+0000][7884.804s][info ][gc          ] GC(85) Pause Young (Normal) (G1 Evacuation Pause) 790M->210M(976M) 72.616ms
[2025-04-25T20:15:29.903+0000][7884.805s][info ][gc,cpu      ] GC(85) User=0.10s Sys=0.01s Real=0.07s
[2025-04-25T20:15:29.905+0000][7884.806s][info ][safepoint   ] Safepoint "G1CollectForAllocation", Time since last: 55650704619 ns, Reaching safepoint: 953603 ns, Cleanup: 21948 ns, At safepoint: 76739064 ns, Total: 77714615 ns
[2025-04-25T20:18:09.285+0000][8044.187s][debug][safepoint   ] Safepoint synchronization initiated using futex wait barrier. (258 threads)
[2025-04-25T20:18:09.286+0000][8044.188s][info ][safepoint   ] Safepoint "Cleanup", Time since last: 159380513399 ns, Reaching safepoint: 871444 ns, Cleanup: 52811 ns, At safepoint: 73668 ns, Total: 997923 ns
[2025-04-25T20:18:18.288+0000][8053.190s][debug][safepoint   ] Safepoint synchronization initiated using futex wait barrier. (258 threads)
[2025-04-25T20:18:18.288+0000][8053.190s][info ][safepoint   ] Safepoint "Cleanup", Time since last: 9001773453 ns, Reaching safepoint: 265631 ns, Cleanup: 34604 ns, At safepoint: 30860 ns, Total: 331095 ns
[2025-04-25T20:18:19.290+0000][8054.192s][debug][safepoint   ] Safepoint synchronization initiated using futex wait barrier. (263 threads)
[2025-04-25T20:18:19.291+0000][8054.193s][info ][safepoint   ] Safepoint "Cleanup", Time since last: 1002047369 ns, Reaching safepoint: 859697 ns, Cleanup: 20180 ns, At safepoint: 80725 ns, Total: 960602 ns
[2025-04-25T20:18:21.291+0000][8056.193s][debug][safepoint   ] Safepoint synchronization initiated using futex wait barrier. (265 threads)
[2025-04-25T20:18:21.292+0000][8056.193s][info ][safepoint   ] Safepoint "Cleanup", Time since last: 2000188930 ns, Reaching safepoint: 73246 ns, Cleanup: 12204 ns, At safepoint: 5546 ns, Total: 90996 ns
[2025-04-25T20:19:00.296+0000][8095.198s][debug][safepoint   ] Safepoint synchronization initiated using futex wait barrier. (266 threads)
[2025-04-25T20:19:00.297+0000][8095.198s][info ][safepoint   ] Safepoint "Cleanup", Time since last: 39004741109 ns, Reaching safepoint: 330550 ns, Cleanup: 82170 ns, At safepoint: 49588 ns, Total: 462308 ns
[2025-04-25T20:20:41.380+0000][8196.282s][debug][safepoint   ] Safepoint synchronization initiated using futex wait barrier. (266 threads)
[2025-04-25T20:20:41.380+0000][8196.282s][info ][safepoint   ] Safepoint "Cleanup", Time since last: 101083192855 ns, Reaching safepoint: 470993 ns, Cleanup: 12896 ns, At safepoint: 13017 ns, Total: 496906 ns
[2025-04-25T20:20:43.381+0000][8198.282s][debug][safepoint   ] Safepoint synchronization initiated using futex wait barrier. (269 threads)
[2025-04-25T20:20:43.381+0000][8198.282s][info ][safepoint   ] Safepoint "Cleanup", Time since last: 2000188588 ns, Reaching safepoint: 112980 ns, Cleanup: 17617 ns, At safepoint: 6520 ns, Total: 137117 ns
[2025-04-25T20:22:16.956+0000][8291.857s][debug][safepoint   ] Safepoint synchronization initiated using futex wait barrier. (263 threads)
[2025-04-25T20:22:16.959+0000][8291.861s][info ][gc,start    ] GC(86) Pause Young (Normal) (G1 Evacuation Pause)
[2025-04-25T20:22:16.959+0000][8291.861s][info ][gc,task     ] GC(86) Using 4 workers of 4 for evacuation
[2025-04-25T20:22:16.975+0000][8291.877s][info ][gc,phases   ] GC(86)   Pre Evacuate Collection Set: 0.5ms
[2025-04-25T20:22:16.975+0000][8291.877s][info ][gc,phases   ] GC(86)   Merge Heap Roots: 0.1ms
[2025-04-25T20:22:16.975+0000][8291.877s][info ][gc,phases   ] GC(86)   Evacuate Collection Set: 5.3ms
[2025-04-25T20:22:16.975+0000][8291.877s][info ][gc,phases   ] GC(86)   Post Evacuate Collection Set: 6.7ms
[2025-04-25T20:22:16.975+0000][8291.877s][info ][gc,phases   ] GC(86)   Other: 4.4ms
[2025-04-25T20:22:16.976+0000][8291.877s][info ][gc,heap     ] GC(86) Eden regions: 581->0(581)
[2025-04-25T20:22:16.976+0000][8291.878s][info ][gc,heap     ] GC(86) Survivor regions: 4->4(74)
[2025-04-25T20:22:16.976+0000][8291.878s][info ][gc,heap     ] GC(86) Old regions: 204->204
[2025-04-25T20:22:16.976+0000][8291.878s][info ][gc,heap     ] GC(86) Archive regions: 2->2
[2025-04-25T20:22:16.976+0000][8291.878s][info ][gc,heap     ] GC(86) Humongous regions: 2->2
[2025-04-25T20:22:16.976+0000][8291.878s][info ][gc,metaspace] GC(86) Metaspace: 203308K(204992K)->203308K(204992K) NonClass: 179200K(180032K)->179200K(180032K) Class: 24108K(24960K)->24108K(24960K)
[2025-04-25T20:22:16.977+0000][8291.879s][info ][gc          ] GC(86) Pause Young (Normal) (G1 Evacuation Pause) 791M->210M(976M) 17.898ms
[2025-04-25T20:22:16.977+0000][8291.879s][info ][gc,cpu      ] GC(86) User=0.03s Sys=0.00s Real=0.01s
[2025-04-25T20:22:16.977+0000][8291.879s][info ][safepoint   ] Safepoint "G1CollectForAllocation", Time since last: 93575044618 ns, Reaching safepoint: 228656 ns, Cleanup: 264291 ns, At safepoint: 21110667 ns, Total: 21603614 ns
[2025-04-25T20:22:29.979+0000][8304.880s][debug][safepoint   ] Safepoint synchronization initiated using futex wait barrier. (265 threads)
[2025-04-25T20:22:29.979+0000][8304.880s][info ][safepoint   ] Safepoint "Cleanup", Time since last: 13001145005 ns, Reaching safepoint: 98736 ns, Cleanup: 14742 ns, At safepoint: 5172 ns, Total: 118650 ns
[2025-04-25T20:22:52.981+0000][8327.883s][debug][safepoint   ] Safepoint synchronization initiated using futex wait barrier. (265 threads)
[2025-04-25T20:22:52.981+0000][8327.883s][info ][safepoint   ] Safepoint "Cleanup", Time since last: 23002660098 ns, Reaching safepoint: 106273 ns, Cleanup: 13514 ns, At safepoint: 8504 ns, Total: 128291 ns
[2025-04-25T20:22:53.982+0000][8328.883s][debug][safepoint   ] Safepoint synchronization initiated using futex wait barrier. (265 threads)
[2025-04-25T20:22:53.982+0000][8328.883s][info ][safepoint   ] Safepoint "Cleanup", Time since last: 1000102075 ns, Reaching safepoint: 203834 ns, Cleanup: 32404 ns, At safepoint: 8971 ns, Total: 245209 ns
[2025-04-25T20:22:54.982+0000][8329.884s][debug][safepoint   ] Safepoint synchronization initiated using futex wait barrier. (265 threads)
[2025-04-25T20:22:54.982+0000][8329.884s][info ][safepoint   ] Safepoint "Cleanup", Time since last: 1000090453 ns, Reaching safepoint: 62441 ns, Cleanup: 10619 ns, At safepoint: 3826 ns, Total: 76886 ns
[2025-04-25T20:22:55.982+0000][8330.884s][debug][safepoint   ] Safepoint synchronization initiated using futex wait barrier. (264 threads)
[2025-04-25T20:22:55.982+0000][8330.884s][info ][safepoint   ] Safepoint "Cleanup", Time since last: 1000086281 ns, Reaching safepoint: 74882 ns, Cleanup: 11859 ns, At safepoint: 7534 ns, Total: 94275 ns
[2025-04-25T20:23:14.465+0000][8349.366s][debug][safepoint   ] Safepoint synchronization initiated using futex wait barrier. (264 threads)
[2025-04-25T20:23:14.465+0000][8349.367s][info ][safepoint   ] Safepoint "Cleanup", Time since last: 18482627083 ns, Reaching safepoint: 95460 ns, Cleanup: 10514 ns, At safepoint: 5263 ns, Total: 111237 ns
[2025-04-25T20:23:15.465+0000][8350.367s][debug][safepoint   ] Safepoint synchronization initiated using futex wait barrier. (264 threads)
[2025-04-25T20:23:15.465+0000][8350.367s][info ][safepoint   ] Safepoint "Cleanup", Time since last: 1000149217 ns, Reaching safepoint: 253109 ns, Cleanup: 39829 ns, At safepoint: 26122 ns, Total: 319060 ns
[2025-04-25T20:23:18.466+0000][8353.367s][debug][safepoint   ] Safepoint synchronization initiated using futex wait barrier. (264 threads)
[2025-04-25T20:23:18.466+0000][8353.368s][info ][safepoint   ] Safepoint "Cleanup", Time since last: 3000455321 ns, Reaching safepoint: 107682 ns, Cleanup: 23501 ns, At safepoint: 5623 ns, Total: 136806 ns
[2025-04-25T20:23:26.470+0000][8361.371s][debug][safepoint   ] Safepoint synchronization initiated using futex wait barrier. (264 threads)
[2025-04-25T20:23:26.470+0000][8361.371s][info ][safepoint   ] Safepoint "Cleanup", Time since last: 8003604896 ns, Reaching safepoint: 112892 ns, Cleanup: 18124 ns, At safepoint: 6776 ns, Total: 137792 ns
[2025-04-25T20:23:37.471+0000][8372.372s][debug][safepoint   ] Safepoint synchronization initiated using futex wait barrier. (263 threads)
[2025-04-25T20:23:37.471+0000][8372.372s][info ][safepoint   ] Safepoint "Cleanup", Time since last: 11000922689 ns, Reaching safepoint: 116877 ns, Cleanup: 15139 ns, At safepoint: 7474 ns, Total: 139490 ns
[2025-04-25T20:24:05.474+0000][8400.375s][debug][safepoint   ] Safepoint synchronization initiated using futex wait barrier. (264 threads)
[2025-04-25T20:24:05.474+0000][8400.375s][info ][safepoint   ] Safepoint "Cleanup", Time since last: 28002866465 ns, Reaching safepoint: 98552 ns, Cleanup: 15225 ns, At safepoint: 7419 ns, Total: 121196 ns
[2025-04-25T20:24:06.474+0000][8401.376s][debug][safepoint   ] Safepoint synchronization initiated using futex wait barrier. (264 threads)
[2025-04-25T20:24:06.474+0000][8401.376s][info ][safepoint   ] Safepoint "Cleanup", Time since last: 1000130048 ns, Reaching safepoint: 189728 ns, Cleanup: 26922 ns, At safepoint: 34060 ns, Total: 250710 ns
[2025-04-25T20:24:07.474+0000][8402.376s][debug][safepoint   ] Safepoint synchronization initiated using futex wait barrier. (264 threads)
[2025-04-25T20:24:07.475+0000][8402.376s][info ][safepoint   ] Safepoint "Cleanup", Time since last: 1000208516 ns, Reaching safepoint: 319862 ns, Cleanup: 54418 ns, At safepoint: 31319 ns, Total: 405599 ns
[2025-04-25T20:24:08.475+0000][8403.377s][debug][safepoint   ] Safepoint synchronization initiated using futex wait barrier. (264 threads)
[2025-04-25T20:24:08.475+0000][8403.377s][info ][safepoint   ] Safepoint "Cleanup", Time since last: 1000183940 ns, Reaching safepoint: 91907 ns, Cleanup: 13573 ns, At safepoint: 6074 ns, Total: 111554 ns
[2025-04-25T20:24:23.492+0000][8418.394s][debug][safepoint   ] Safepoint synchronization initiated using futex wait barrier. (264 threads)
[2025-04-25T20:24:23.493+0000][8418.394s][info ][safepoint   ] Safepoint "Cleanup", Time since last: 15017060409 ns, Reaching safepoint: 309966 ns, Cleanup: 82064 ns, At safepoint: 37003 ns, Total: 429033 ns
[2025-04-25T20:25:03.499+0000][8458.400s][debug][safepoint   ] Safepoint synchronization initiated using futex wait barrier. (264 threads)
[2025-04-25T20:25:03.499+0000][8458.401s][info ][safepoint   ] Safepoint "Cleanup", Time since last: 40006202759 ns, Reaching safepoint: 214743 ns, Cleanup: 32533 ns, At safepoint: 21290 ns, Total: 268566 ns
[2025-04-25T20:25:30.535+0000][8485.437s][debug][safepoint   ] Safepoint synchronization initiated using futex wait barrier. (260 threads)
[2025-04-25T20:25:30.535+0000][8485.437s][info ][safepoint   ] Safepoint "Cleanup", Time since last: 27036169071 ns, Reaching safepoint: 120040 ns, Cleanup: 20796 ns, At safepoint: 11271 ns, Total: 152107 ns
[2025-04-25T20:25:35.536+0000][8490.438s][debug][safepoint   ] Safepoint synchronization initiated using futex wait barrier. (260 threads)
[2025-04-25T20:25:35.536+0000][8490.438s][info ][safepoint   ] Safepoint "Cleanup", Time since last: 5000579254 ns, Reaching safepoint: 271039 ns, Cleanup: 35641 ns, At safepoint: 29444 ns, Total: 336124 ns
[2025-04-25T20:25:47.538+0000][8502.439s][debug][safepoint   ] Safepoint synchronization initiated using futex wait barrier. (262 threads)
[2025-04-25T20:25:47.538+0000][8502.440s][info ][safepoint   ] Safepoint "Cleanup", Time since last: 12001582172 ns, Reaching safepoint: 146505 ns, Cleanup: 22339 ns, At safepoint: 14261 ns, Total: 183105 ns
[2025-04-25T20:25:54.539+0000][8509.441s][debug][safepoint   ] Safepoint synchronization initiated using futex wait barrier. (262 threads)
[2025-04-25T20:25:54.539+0000][8509.441s][info ][safepoint   ] Safepoint "Cleanup", Time since last: 7000997394 ns, Reaching safepoint: 230486 ns, Cleanup: 30804 ns, At safepoint: 13922 ns, Total: 275212 ns
[2025-04-25T20:25:56.540+0000][8511.441s][debug][safepoint   ] Safepoint synchronization initiated using futex wait barrier. (262 threads)
[2025-04-25T20:25:56.540+0000][8511.441s][debug][safepoint   ] ... found polling page loop exception at pc = 0x00007ff98914219c, stub =0x00007ff98898e400
[2025-04-25T20:25:56.541+0000][8511.442s][info ][safepoint   ] Safepoint "Cleanup", Time since last: 2000224028 ns, Reaching safepoint: 1103008 ns, Cleanup: 16793 ns, At safepoint: 86890 ns, Total: 1206691 ns
[2025-04-25T20:25:59.541+0000][8514.443s][debug][safepoint   ] Safepoint synchronization initiated using futex wait barrier. (262 threads)
[2025-04-25T20:25:59.541+0000][8514.443s][info ][safepoint   ] Safepoint "Cleanup", Time since last: 3000349238 ns, Reaching safepoint: 122504 ns, Cleanup: 18678 ns, At safepoint: 9771 ns, Total: 150953 ns
[2025-04-25T20:26:10.543+0000][8525.445s][debug][safepoint   ] Safepoint synchronization initiated using futex wait barrier. (262 threads)
[2025-04-25T20:26:10.544+0000][8525.445s][info ][safepoint   ] Safepoint "Cleanup", Time since last: 11002143816 ns, Reaching safepoint: 197015 ns, Cleanup: 39616 ns, At safepoint: 16843 ns, Total: 253474 ns
[2025-04-25T20:26:13.575+0000][8528.477s][debug][safepoint   ] Safepoint synchronization initiated using futex wait barrier. (262 threads)
[2025-04-25T20:26:13.576+0000][8528.477s][info ][safepoint   ] Safepoint "Cleanup", Time since last: 3031883736 ns, Reaching safepoint: 106485 ns, Cleanup: 13299 ns, At safepoint: 7866 ns, Total: 127650 ns
[2025-04-25T20:26:29.577+0000][8544.478s][debug][safepoint   ] Safepoint synchronization initiated using futex wait barrier. (262 threads)
[2025-04-25T20:26:29.577+0000][8544.479s][info ][safepoint   ] Safepoint "Cleanup", Time since last: 16001165337 ns, Reaching safepoint: 275247 ns, Cleanup: 33465 ns, At safepoint: 19392 ns, Total: 328104 ns
[2025-04-25T20:27:18.601+0000][8593.503s][debug][safepoint   ] Safepoint synchronization initiated using futex wait barrier. (262 threads)
[2025-04-25T20:27:18.601+0000][8593.503s][info ][safepoint   ] Safepoint "Cleanup", Time since last: 49023925931 ns, Reaching safepoint: 215068 ns, Cleanup: 14466 ns, At safepoint: 4512 ns, Total: 234046 ns
[2025-04-25T20:27:19.601+0000][8594.503s][debug][safepoint   ] Safepoint synchronization initiated using futex wait barrier. (262 threads)
[2025-04-25T20:27:19.602+0000][8594.503s][info ][safepoint   ] Safepoint "Cleanup", Time since last: 1000099311 ns, Reaching safepoint: 161407 ns, Cleanup: 64430 ns, At safepoint: 12857 ns, Total: 238694 ns
[2025-04-25T20:27:20.602+0000][8595.503s][debug][safepoint   ] Safepoint synchronization initiated using futex wait barrier. (262 threads)
[2025-04-25T20:27:20.602+0000][8595.503s][info ][safepoint   ] Safepoint "Cleanup", Time since last: 1000130256 ns, Reaching safepoint: 86589 ns, Cleanup: 20569 ns, At safepoint: 8510 ns, Total: 115668 ns
[2025-04-25T20:27:30.603+0000][8605.504s][debug][safepoint   ] Safepoint synchronization initiated using futex wait barrier. (262 threads)
[2025-04-25T20:27:30.603+0000][8605.505s][info ][safepoint   ] Safepoint "Cleanup", Time since last: 10000990932 ns, Reaching safepoint: 278129 ns, Cleanup: 69228 ns, At safepoint: 28584 ns, Total: 375941 ns
[2025-04-25T20:27:48.605+0000][8623.507s][debug][safepoint   ] Safepoint synchronization initiated using futex wait barrier. (262 threads)
[2025-04-25T20:27:48.606+0000][8623.507s][info ][safepoint   ] Safepoint "Cleanup", Time since last: 18002253402 ns, Reaching safepoint: 115379 ns, Cleanup: 21165 ns, At safepoint: 7326 ns, Total: 143870 ns
[2025-04-25T20:27:49.606+0000][8624.507s][debug][safepoint   ] Safepoint synchronization initiated using futex wait barrier. (267 threads)
[2025-04-25T20:27:49.606+0000][8624.508s][info ][safepoint   ] Safepoint "Cleanup", Time since last: 1000126461 ns, Reaching safepoint: 104973 ns, Cleanup: 16643 ns, At safepoint: 6769 ns, Total: 128385 ns
[2025-04-25T20:28:06.608+0000][8641.509s][debug][safepoint   ] Safepoint synchronization initiated using futex wait barrier. (265 threads)
[2025-04-25T20:28:06.608+0000][8641.510s][info ][safepoint   ] Safepoint "Cleanup", Time since last: 17001852772 ns, Reaching safepoint: 115636 ns, Cleanup: 27239 ns, At safepoint: 7962 ns, Total: 150837 ns
[2025-04-25T20:28:50.824+0000][8685.725s][debug][safepoint   ] Safepoint synchronization initiated using futex wait barrier. (265 threads)
[2025-04-25T20:28:50.829+0000][8685.731s][info ][gc,start    ] GC(87) Pause Young (Normal) (G1 Evacuation Pause)
[2025-04-25T20:28:50.831+0000][8685.732s][info ][gc,task     ] GC(87) Using 4 workers of 4 for evacuation
[2025-04-25T20:28:50.870+0000][8685.772s][info ][gc,phases   ] GC(87)   Pre Evacuate Collection Set: 0.9ms
[2025-04-25T20:28:50.870+0000][8685.772s][info ][gc,phases   ] GC(87)   Merge Heap Roots: 0.7ms
[2025-04-25T20:28:50.870+0000][8685.772s][info ][gc,phases   ] GC(87)   Evacuate Collection Set: 19.9ms
[2025-04-25T20:28:50.870+0000][8685.772s][info ][gc,phases   ] GC(87)   Post Evacuate Collection Set: 14.0ms
[2025-04-25T20:28:50.871+0000][8685.773s][info ][gc,phases   ] GC(87)   Other: 7.6ms
[2025-04-25T20:28:50.871+0000][8685.773s][info ][gc,heap     ] GC(87) Eden regions: 581->0(581)
[2025-04-25T20:28:50.871+0000][8685.773s][info ][gc,heap     ] GC(87) Survivor regions: 4->4(74)
[2025-04-25T20:28:50.871+0000][8685.773s][info ][gc,heap     ] GC(87) Old regions: 204->204
[2025-04-25T20:28:50.871+0000][8685.773s][info ][gc,heap     ] GC(87) Archive regions: 2->2
[2025-04-25T20:28:50.871+0000][8685.773s][info ][gc,heap     ] GC(87) Humongous regions: 2->2
[2025-04-25T20:28:50.871+0000][8685.773s][info ][gc,metaspace] GC(87) Metaspace: 203379K(205120K)->203379K(205120K) NonClass: 179269K(180160K)->179269K(180160K) Class: 24109K(24960K)->24109K(24960K)
[2025-04-25T20:28:50.872+0000][8685.774s][info ][gc          ] GC(87) Pause Young (Normal) (G1 Evacuation Pause) 791M->209M(976M) 42.488ms
[2025-04-25T20:28:50.872+0000][8685.774s][info ][gc,cpu      ] GC(87) User=0.05s Sys=0.00s Real=0.05s
[2025-04-25T20:28:50.873+0000][8685.775s][info ][safepoint   ] Safepoint "G1CollectForAllocation", Time since last: 44215690542 ns, Reaching safepoint: 405011 ns, Cleanup: 16728 ns, At safepoint: 48879208 ns, Total: 49300947 ns
[2025-04-25T20:32:22.773+0000][8897.674s][debug][safepoint   ] Safepoint synchronization initiated using futex wait barrier. (262 threads)
[2025-04-25T20:32:22.773+0000][8897.675s][info ][safepoint   ] Safepoint "Cleanup", Time since last: 211899743101 ns, Reaching safepoint: 551965 ns, Cleanup: 39321 ns, At safepoint: 21638 ns, Total: 612924 ns
[2025-04-25T20:33:06.780+0000][8941.682s][debug][safepoint   ] Safepoint synchronization initiated using futex wait barrier. (263 threads)
[2025-04-25T20:33:06.781+0000][8941.682s][info ][safepoint   ] Safepoint "Cleanup", Time since last: 44006939984 ns, Reaching safepoint: 309797 ns, Cleanup: 45097 ns, At safepoint: 38493 ns, Total: 393387 ns
[2025-04-25T20:35:23.762+0000][9078.664s][debug][safepoint   ] Safepoint synchronization initiated using futex wait barrier. (261 threads)
[2025-04-25T20:35:23.763+0000][9078.665s][info ][safepoint   ] Safepoint "Cleanup", Time since last: 136981922630 ns, Reaching safepoint: 543634 ns, Cleanup: 48931 ns, At safepoint: 5564 ns, Total: 598129 ns
[2025-04-25T20:35:36.411+0000][9091.313s][debug][safepoint   ] Safepoint synchronization initiated using futex wait barrier. (260 threads)
[2025-04-25T20:35:36.416+0000][9091.318s][info ][gc,start    ] GC(88) Pause Young (Normal) (G1 Evacuation Pause)
[2025-04-25T20:35:36.417+0000][9091.319s][info ][gc,task     ] GC(88) Using 4 workers of 4 for evacuation
[2025-04-25T20:35:36.434+0000][9091.336s][info ][gc,phases   ] GC(88)   Pre Evacuate Collection Set: 0.5ms
[2025-04-25T20:35:36.434+0000][9091.336s][info ][gc,phases   ] GC(88)   Merge Heap Roots: 0.1ms
[2025-04-25T20:35:36.434+0000][9091.336s][info ][gc,phases   ] GC(88)   Evacuate Collection Set: 8.0ms
[2025-04-25T20:35:36.434+0000][9091.336s][info ][gc,phases   ] GC(88)   Post Evacuate Collection Set: 4.8ms
[2025-04-25T20:35:36.435+0000][9091.337s][info ][gc,phases   ] GC(88)   Other: 5.8ms
[2025-04-25T20:35:36.436+0000][9091.337s][info ][gc,heap     ] GC(88) Eden regions: 581->0(582)
[2025-04-25T20:35:36.436+0000][9091.337s][info ][gc,heap     ] GC(88) Survivor regions: 4->3(74)
[2025-04-25T20:35:36.436+0000][9091.337s][info ][gc,heap     ] GC(88) Old regions: 204->205
[2025-04-25T20:35:36.436+0000][9091.337s][info ][gc,heap     ] GC(88) Archive regions: 2->2
[2025-04-25T20:35:36.436+0000][9091.337s][info ][gc,heap     ] GC(88) Humongous regions: 2->2
[2025-04-25T20:35:36.436+0000][9091.338s][info ][gc,metaspace] GC(88) Metaspace: 203414K(205120K)->203414K(205120K) NonClass: 179305K(180160K)->179305K(180160K) Class: 24109K(24960K)->24109K(24960K)
[2025-04-25T20:35:36.437+0000][9091.339s][info ][gc          ] GC(88) Pause Young (Normal) (G1 Evacuation Pause) 790M->209M(976M) 20.387ms
[2025-04-25T20:35:36.437+0000][9091.339s][info ][gc,cpu      ] GC(88) User=0.03s Sys=0.00s Real=0.02s
[2025-04-25T20:35:36.437+0000][9091.339s][info ][safepoint   ] Safepoint "G1CollectForAllocation", Time since last: 12648310754 ns, Reaching safepoint: 104223 ns, Cleanup: 683832 ns, At safepoint: 25128875 ns, Total: 25916930 ns
[2025-04-25T20:35:44.439+0000][9099.340s][debug][safepoint   ] Safepoint synchronization initiated using futex wait barrier. (263 threads)
[2025-04-25T20:35:44.439+0000][9099.341s][info ][safepoint   ] Safepoint "Cleanup", Time since last: 8001537580 ns, Reaching safepoint: 189581 ns, Cleanup: 48995 ns, At safepoint: 15927 ns, Total: 254503 ns
[2025-04-25T20:35:51.440+0000][9106.342s][debug][safepoint   ] Safepoint synchronization initiated using futex wait barrier. (263 threads)
[2025-04-25T20:35:51.440+0000][9106.342s][info ][safepoint   ] Safepoint "Cleanup", Time since last: 7000828316 ns, Reaching safepoint: 146934 ns, Cleanup: 16184 ns, At safepoint: 8410 ns, Total: 171528 ns
[2025-04-25T20:35:53.440+0000][9108.342s][debug][safepoint   ] Safepoint synchronization initiated using futex wait barrier. (263 threads)
[2025-04-25T20:35:53.440+0000][9108.342s][info ][safepoint   ] Safepoint "Cleanup", Time since last: 2000173979 ns, Reaching safepoint: 111610 ns, Cleanup: 15648 ns, At safepoint: 7505 ns, Total: 134763 ns
[2025-04-25T20:35:55.441+0000][9110.342s][debug][safepoint   ] Safepoint synchronization initiated using futex wait barrier. (263 threads)
[2025-04-25T20:35:55.441+0000][9110.342s][info ][safepoint   ] Safepoint "Cleanup", Time since last: 2000118022 ns, Reaching safepoint: 75203 ns, Cleanup: 13281 ns, At safepoint: 5853 ns, Total: 94337 ns
[2025-04-25T20:35:59.441+0000][9114.343s][debug][safepoint   ] Safepoint synchronization initiated using futex wait barrier. (263 threads)
[2025-04-25T20:35:59.441+0000][9114.343s][info ][safepoint   ] Safepoint "Cleanup", Time since last: 4000384777 ns, Reaching safepoint: 87163 ns, Cleanup: 11048 ns, At safepoint: 6345 ns, Total: 104556 ns
[2025-04-25T20:36:10.442+0000][9125.344s][debug][safepoint   ] Safepoint synchronization initiated using futex wait barrier. (270 threads)
[2025-04-25T20:36:10.442+0000][9125.344s][info ][safepoint   ] Safepoint "Cleanup", Time since last: 11001187102 ns, Reaching safepoint: 91502 ns, Cleanup: 17040 ns, At safepoint: 6463 ns, Total: 115005 ns
[2025-04-25T20:36:21.907+0000][9136.808s][debug][safepoint   ] Safepoint synchronization initiated using futex wait barrier. (272 threads)
[2025-04-25T20:36:21.907+0000][9136.808s][info ][safepoint   ] Safepoint "Cleanup", Time since last: 11464264556 ns, Reaching safepoint: 117693 ns, Cleanup: 12775 ns, At safepoint: 5473 ns, Total: 135941 ns
[2025-04-25T20:36:41.909+0000][9156.810s][debug][safepoint   ] Safepoint synchronization initiated using futex wait barrier. (270 threads)
[2025-04-25T20:36:41.909+0000][9156.811s][info ][safepoint   ] Safepoint "Cleanup", Time since last: 20001870909 ns, Reaching safepoint: 175537 ns, Cleanup: 13905 ns, At safepoint: 8347 ns, Total: 197789 ns
[2025-04-25T20:37:20.936+0000][9195.838s][debug][safepoint   ] Safepoint synchronization initiated using futex wait barrier. (271 threads)
[2025-04-25T20:37:20.937+0000][9195.839s][info ][safepoint   ] Safepoint "Cleanup", Time since last: 39027350921 ns, Reaching safepoint: 1014918 ns, Cleanup: 46554 ns, At safepoint: 19105 ns, Total: 1080577 ns
[2025-04-25T20:38:10.943+0000][9245.845s][debug][safepoint   ] Safepoint synchronization initiated using futex wait barrier. (271 threads)
[2025-04-25T20:38:10.943+0000][9245.845s][info ][safepoint   ] Safepoint "Cleanup", Time since last: 50005892817 ns, Reaching safepoint: 67016 ns, Cleanup: 11428 ns, At safepoint: 4891 ns, Total: 83335 ns
[2025-04-25T20:38:39.978+0000][9274.880s][debug][safepoint   ] Safepoint synchronization initiated using futex wait barrier. (268 threads)
[2025-04-25T20:38:39.983+0000][9274.885s][info ][safepoint   ] Safepoint "Cleanup", Time since last: 29034758698 ns, Reaching safepoint: 5222784 ns, Cleanup: 53059 ns, At safepoint: 30412 ns, Total: 5306255 ns
[2025-04-25T20:40:09.028+0000][9363.930s][debug][safepoint   ] Safepoint synchronization initiated using futex wait barrier. (266 threads)
[2025-04-25T20:40:09.029+0000][9363.930s][info ][safepoint   ] Safepoint "Cleanup", Time since last: 89044512428 ns, Reaching safepoint: 866502 ns, Cleanup: 38894 ns, At safepoint: 37542 ns, Total: 942938 ns
[2025-04-25T20:40:12.048+0000][9366.949s][debug][safepoint   ] Safepoint synchronization initiated using futex wait barrier. (266 threads)
[2025-04-25T20:40:12.048+0000][9366.950s][info ][safepoint   ] Safepoint "Cleanup", Time since last: 3018981775 ns, Reaching safepoint: 89934 ns, Cleanup: 15916 ns, At safepoint: 6463 ns, Total: 112313 ns
[2025-04-25T20:40:14.048+0000][9368.950s][debug][safepoint   ] Safepoint synchronization initiated using futex wait barrier. (266 threads)
[2025-04-25T20:40:14.048+0000][9368.950s][info ][safepoint   ] Safepoint "Cleanup", Time since last: 2000224398 ns, Reaching safepoint: 167500 ns, Cleanup: 23124 ns, At safepoint: 12144 ns, Total: 202768 ns
[2025-04-25T20:40:19.049+0000][9373.950s][debug][safepoint   ] Safepoint synchronization initiated using futex wait barrier. (266 threads)
[2025-04-25T20:40:19.049+0000][9373.950s][info ][safepoint   ] Safepoint "Cleanup", Time since last: 5000404883 ns, Reaching safepoint: 101827 ns, Cleanup: 13237 ns, At safepoint: 5879 ns, Total: 120943 ns
[2025-04-25T20:40:36.051+0000][9390.952s][debug][safepoint   ] Safepoint synchronization initiated using futex wait barrier. (266 threads)
[2025-04-25T20:40:36.051+0000][9390.953s][info ][safepoint   ] Safepoint "Cleanup", Time since last: 17001897084 ns, Reaching safepoint: 137595 ns, Cleanup: 27729 ns, At safepoint: 8232 ns, Total: 173556 ns
[2025-04-25T20:40:42.052+0000][9396.953s][debug][safepoint   ] Safepoint synchronization initiated using futex wait barrier. (268 threads)
[2025-04-25T20:40:42.052+0000][9396.954s][info ][safepoint   ] Safepoint "Cleanup", Time since last: 6000832556 ns, Reaching safepoint: 120875 ns, Cleanup: 10488 ns, At safepoint: 8855 ns, Total: 140218 ns
[2025-04-25T20:40:43.052+0000][9397.954s][debug][safepoint   ] Safepoint synchronization initiated using futex wait barrier. (269 threads)
[2025-04-25T20:40:43.052+0000][9397.954s][info ][safepoint   ] Safepoint "Cleanup", Time since last: 1000254990 ns, Reaching safepoint: 87743 ns, Cleanup: 15262 ns, At safepoint: 5529 ns, Total: 108534 ns
[2025-04-25T20:40:58.056+0000][9412.957s][debug][safepoint   ] Safepoint synchronization initiated using futex wait barrier. (270 threads)
[2025-04-25T20:40:58.056+0000][9412.958s][info ][safepoint   ] Safepoint "Cleanup", Time since last: 15003591132 ns, Reaching safepoint: 233707 ns, Cleanup: 44825 ns, At safepoint: 23317 ns, Total: 301849 ns
[2025-04-25T20:41:06.058+0000][9420.959s][debug][safepoint   ] Safepoint synchronization initiated using futex wait barrier. (270 threads)
[2025-04-25T20:41:06.058+0000][9420.960s][info ][safepoint   ] Safepoint "Cleanup", Time since last: 8001453996 ns, Reaching safepoint: 255667 ns, Cleanup: 31278 ns, At safepoint: 23984 ns, Total: 310929 ns
[2025-04-25T20:41:59.695+0000][9474.597s][debug][safepoint   ] Safepoint synchronization initiated using futex wait barrier. (266 threads)
[2025-04-25T20:41:59.699+0000][9474.601s][info ][gc,start    ] GC(89) Pause Young (Normal) (G1 Evacuation Pause)
[2025-04-25T20:41:59.699+0000][9474.601s][info ][gc,task     ] GC(89) Using 4 workers of 4 for evacuation
[2025-04-25T20:41:59.720+0000][9474.622s][info ][gc,phases   ] GC(89)   Pre Evacuate Collection Set: 0.8ms
[2025-04-25T20:41:59.720+0000][9474.622s][info ][gc,phases   ] GC(89)   Merge Heap Roots: 0.3ms
[2025-04-25T20:41:59.720+0000][9474.622s][info ][gc,phases   ] GC(89)   Evacuate Collection Set: 9.0ms
[2025-04-25T20:41:59.720+0000][9474.622s][info ][gc,phases   ] GC(89)   Post Evacuate Collection Set: 7.9ms
[2025-04-25T20:41:59.720+0000][9474.622s][info ][gc,phases   ] GC(89)   Other: 4.5ms
[2025-04-25T20:41:59.720+0000][9474.622s][info ][gc,heap     ] GC(89) Eden regions: 582->0(581)
[2025-04-25T20:41:59.720+0000][9474.622s][info ][gc,heap     ] GC(89) Survivor regions: 3->4(74)
[2025-04-25T20:41:59.720+0000][9474.622s][info ][gc,heap     ] GC(89) Old regions: 205->205
[2025-04-25T20:41:59.720+0000][9474.622s][info ][gc,heap     ] GC(89) Archive regions: 2->2
[2025-04-25T20:41:59.720+0000][9474.622s][info ][gc,heap     ] GC(89) Humongous regions: 2->2
[2025-04-25T20:41:59.721+0000][9474.622s][info ][gc,metaspace] GC(89) Metaspace: 203477K(205184K)->203477K(205184K) NonClass: 179361K(180224K)->179361K(180224K) Class: 24115K(24960K)->24115K(24960K)
[2025-04-25T20:41:59.721+0000][9474.623s][info ][gc          ] GC(89) Pause Young (Normal) (G1 Evacuation Pause) 791M->210M(976M) 21.828ms
[2025-04-25T20:41:59.721+0000][9474.623s][info ][gc,cpu      ] GC(89) User=0.03s Sys=0.00s Real=0.02s
[2025-04-25T20:41:59.722+0000][9474.624s][info ][safepoint   ] Safepoint "G1CollectForAllocation", Time since last: 53637141215 ns, Reaching safepoint: 593631 ns, Cleanup: 330666 ns, At safepoint: 26009137 ns, Total: 26933434 ns
[2025-04-25T20:42:12.109+0000][9487.011s][debug][safepoint   ] Safepoint synchronization initiated using futex wait barrier. (266 threads)
[2025-04-25T20:42:12.110+0000][9487.011s][info ][safepoint   ] Safepoint "Cleanup", Time since last: 12387303677 ns, Reaching safepoint: 203416 ns, Cleanup: 39887 ns, At safepoint: 17845 ns, Total: 261148 ns
[2025-04-25T20:42:38.113+0000][9513.014s][debug][safepoint   ] Safepoint synchronization initiated using futex wait barrier. (266 threads)
[2025-04-25T20:42:38.114+0000][9513.015s][info ][safepoint   ] Safepoint "Cleanup", Time since last: 26003133167 ns, Reaching safepoint: 994093 ns, Cleanup: 35016 ns, At safepoint: 32330 ns, Total: 1061439 ns
[2025-04-25T20:43:21.138+0000][9556.040s][debug][safepoint   ] Safepoint synchronization initiated using futex wait barrier. (266 threads)
[2025-04-25T20:43:21.139+0000][9556.040s][info ][safepoint   ] Safepoint "Cleanup", Time since last: 43024422915 ns, Reaching safepoint: 239228 ns, Cleanup: 65828 ns, At safepoint: 32132 ns, Total: 337188 ns
[2025-04-25T20:43:33.140+0000][9568.042s][debug][safepoint   ] Safepoint synchronization initiated using futex wait barrier. (266 threads)
[2025-04-25T20:43:33.141+0000][9568.042s][info ][safepoint   ] Safepoint "Cleanup", Time since last: 12001876486 ns, Reaching safepoint: 223875 ns, Cleanup: 22160 ns, At safepoint: 10941 ns, Total: 256976 ns
[2025-04-25T20:43:46.142+0000][9581.044s][debug][safepoint   ] Safepoint synchronization initiated using futex wait barrier. (266 threads)
[2025-04-25T20:43:46.142+0000][9581.044s][info ][safepoint   ] Safepoint "Cleanup", Time since last: 13001259538 ns, Reaching safepoint: 198410 ns, Cleanup: 32122 ns, At safepoint: 16278 ns, Total: 246810 ns
[2025-04-25T20:43:47.142+0000][9582.044s][debug][safepoint   ] Safepoint synchronization initiated using futex wait barrier. (268 threads)
[2025-04-25T20:43:47.142+0000][9582.044s][info ][safepoint   ] Safepoint "Cleanup", Time since last: 1000146702 ns, Reaching safepoint: 98934 ns, Cleanup: 17387 ns, At safepoint: 7450 ns, Total: 123771 ns
[2025-04-25T20:43:56.143+0000][9591.045s][debug][safepoint   ] Safepoint synchronization initiated using futex wait barrier. (268 threads)
[2025-04-25T20:43:56.144+0000][9591.046s][info ][safepoint   ] Safepoint "Cleanup", Time since last: 9001054919 ns, Reaching safepoint: 518589 ns, Cleanup: 14806 ns, At safepoint: 9695 ns, Total: 543090 ns
[2025-04-25T20:43:58.144+0000][9593.046s][debug][safepoint   ] Safepoint synchronization initiated using futex wait barrier. (268 threads)
[2025-04-25T20:43:58.145+0000][9593.046s][info ][safepoint   ] Safepoint "Cleanup", Time since last: 2000210286 ns, Reaching safepoint: 308450 ns, Cleanup: 17710 ns, At safepoint: 9757 ns, Total: 335917 ns
[2025-04-25T20:44:00.145+0000][9595.047s][debug][safepoint   ] Safepoint synchronization initiated using futex wait barrier. (268 threads)
[2025-04-25T20:44:00.146+0000][9595.047s][info ][safepoint   ] Safepoint "Cleanup", Time since last: 2000910946 ns, Reaching safepoint: 140868 ns, Cleanup: 17490 ns, At safepoint: 7561 ns, Total: 165919 ns
[2025-04-25T20:44:15.169+0000][9610.071s][debug][safepoint   ] Safepoint synchronization initiated using futex wait barrier. (268 threads)
[2025-04-25T20:44:15.170+0000][9610.071s][info ][safepoint   ] Safepoint "Cleanup", Time since last: 15023727884 ns, Reaching safepoint: 287546 ns, Cleanup: 12483 ns, At safepoint: 7246 ns, Total: 307275 ns
[2025-04-25T20:45:40.203+0000][9695.104s][debug][safepoint   ] Safepoint synchronization initiated using futex wait barrier. (263 threads)
[2025-04-25T20:45:40.203+0000][9695.105s][info ][safepoint   ] Safepoint "Cleanup", Time since last: 85032843091 ns, Reaching safepoint: 555411 ns, Cleanup: 48215 ns, At safepoint: 32661 ns, Total: 636287 ns
[2025-04-25T20:46:21.233+0000][9736.135s][debug][safepoint   ] Safepoint synchronization initiated using futex wait barrier. (265 threads)
[2025-04-25T20:46:21.234+0000][9736.136s][info ][safepoint   ] Safepoint "Cleanup", Time since last: 41030213124 ns, Reaching safepoint: 418224 ns, Cleanup: 46047 ns, At safepoint: 75292 ns, Total: 539563 ns
[2025-04-25T20:48:31.305+0000][9866.207s][debug][safepoint   ] Safepoint synchronization initiated using futex wait barrier. (261 threads)
[2025-04-25T20:48:31.306+0000][9866.207s][info ][safepoint   ] Safepoint "Cleanup", Time since last: 130071194872 ns, Reaching safepoint: 478141 ns, Cleanup: 18662 ns, At safepoint: 8436 ns, Total: 505239 ns
[2025-04-25T20:48:36.306+0000][9871.208s][debug][safepoint   ] Safepoint synchronization initiated using futex wait barrier. (261 threads)
[2025-04-25T20:48:36.306+0000][9871.208s][info ][safepoint   ] Safepoint "Cleanup", Time since last: 5000358754 ns, Reaching safepoint: 141532 ns, Cleanup: 15676 ns, At safepoint: 7923 ns, Total: 165131 ns
[2025-04-25T20:48:38.275+0000][9873.177s][debug][safepoint   ] Safepoint synchronization initiated using futex wait barrier. (261 threads)
[2025-04-25T20:48:38.280+0000][9873.181s][info ][gc,start    ] GC(90) Pause Young (Normal) (G1 Evacuation Pause)
[2025-04-25T20:48:38.280+0000][9873.181s][info ][gc,task     ] GC(90) Using 4 workers of 4 for evacuation
[2025-04-25T20:48:38.300+0000][9873.202s][info ][gc,phases   ] GC(90)   Pre Evacuate Collection Set: 0.4ms
[2025-04-25T20:48:38.300+0000][9873.202s][info ][gc,phases   ] GC(90)   Merge Heap Roots: 0.7ms
[2025-04-25T20:48:38.300+0000][9873.202s][info ][gc,phases   ] GC(90)   Evacuate Collection Set: 11.9ms
[2025-04-25T20:48:38.300+0000][9873.202s][info ][gc,phases   ] GC(90)   Post Evacuate Collection Set: 6.1ms
[2025-04-25T20:48:38.300+0000][9873.202s][info ][gc,phases   ] GC(90)   Other: 3.2ms
[2025-04-25T20:48:38.300+0000][9873.202s][info ][gc,heap     ] GC(90) Eden regions: 581->0(582)
[2025-04-25T20:48:38.300+0000][9873.202s][info ][gc,heap     ] GC(90) Survivor regions: 4->3(74)
[2025-04-25T20:48:38.300+0000][9873.202s][info ][gc,heap     ] GC(90) Old regions: 205->205
[2025-04-25T20:48:38.300+0000][9873.202s][info ][gc,heap     ] GC(90) Archive regions: 2->2
[2025-04-25T20:48:38.300+0000][9873.202s][info ][gc,heap     ] GC(90) Humongous regions: 2->2
[2025-04-25T20:48:38.300+0000][9873.202s][info ][gc,metaspace] GC(90) Metaspace: 203500K(205184K)->203500K(205184K) NonClass: 179384K(180224K)->179384K(180224K) Class: 24115K(24960K)->24115K(24960K)
[2025-04-25T20:48:38.302+0000][9873.203s][info ][gc          ] GC(90) Pause Young (Normal) (G1 Evacuation Pause) 791M->210M(976M) 21.086ms
[2025-04-25T20:48:38.302+0000][9873.203s][info ][gc,cpu      ] GC(90) User=0.03s Sys=0.00s Real=0.02s
[2025-04-25T20:48:38.302+0000][9873.204s][info ][safepoint   ] Safepoint "G1CollectForAllocation", Time since last: 1969135077 ns, Reaching safepoint: 152155 ns, Cleanup: 654188 ns, At safepoint: 26125427 ns, Total: 26931770 ns
[2025-04-25T20:50:14.379+0000][9969.281s][debug][safepoint   ] Safepoint synchronization initiated using futex wait barrier. (260 threads)
[2025-04-25T20:50:14.382+0000][9969.284s][info ][safepoint   ] Safepoint "Cleanup", Time since last: 96076054552 ns, Reaching safepoint: 1956599 ns, Cleanup: 1822192 ns, At safepoint: 46226 ns, Total: 3825017 ns
[2025-04-25T20:52:31.458+0000][10106.360s][debug][safepoint   ] Safepoint synchronization initiated using futex wait barrier. (258 threads)
[2025-04-25T20:52:31.464+0000][10106.366s][info ][safepoint   ] Safepoint "Cleanup", Time since last: 137076089931 ns, Reaching safepoint: 2576939 ns, Cleanup: 3557988 ns, At safepoint: 103320 ns, Total: 6238247 ns
