[2025-04-24T20:53:29.326+0000][0.008s][info][gc] Using G1
[2025-04-24T20:53:29.329+0000][0.011s][info][gc,init] Version: 17.0.14+7-Debian-1deb12u1 (release)
[2025-04-24T20:53:29.329+0000][0.011s][info][gc,init] CPUs: 4 total, 4 available
[2025-04-24T20:53:29.329+0000][0.011s][info][gc,init] Memory: 7823M
[2025-04-24T20:53:29.329+0000][0.011s][info][gc,init] Large Page Support: Disabled
[2025-04-24T20:53:29.329+0000][0.011s][info][gc,init] NUMA Support: Disabled
[2025-04-24T20:53:29.329+0000][0.011s][info][gc,init] Compressed Oops: Enabled (32-bit)
[2025-04-24T20:53:29.329+0000][0.011s][info][gc,init] Heap Region Size: 1M
[2025-04-24T20:53:29.329+0000][0.011s][info][gc,init] Heap Min Capacity: 8M
[2025-04-24T20:53:29.329+0000][0.011s][info][gc,init] Heap Initial Capacity: 124M
[2025-04-24T20:53:29.329+0000][0.011s][info][gc,init] Heap Max Capacity: 1956M
[2025-04-24T20:53:29.329+0000][0.011s][info][gc,init] Pre-touch: Disabled
[2025-04-24T20:53:29.329+0000][0.011s][info][gc,init] Parallel Workers: 4
[2025-04-24T20:53:29.329+0000][0.011s][info][gc,init] Concurrent Workers: 1
[2025-04-24T20:53:29.329+0000][0.011s][info][gc,init] Concurrent Refinement Workers: 4
[2025-04-24T20:53:29.329+0000][0.011s][info][gc,init] Periodic GC: Disabled
[2025-04-24T20:53:29.359+0000][0.040s][info][gc,metaspace] CDS archive(s) mapped at: [0x00007d7207000000-0x00007d7207bc9000-0x00007d7207bc9000), size 12357632, SharedBaseAddress: 0x00007d7207000000, ArchiveRelocationMode: 1.
[2025-04-24T20:53:29.359+0000][0.040s][info][gc,metaspace] Compressed class space mapped at: 0x00007d7208000000-0x00007d7248000000, reserved size: 1073741824
[2025-04-24T20:53:29.359+0000][0.040s][info][gc,metaspace] Narrow klass base: 0x00007d7207000000, Narrow klass shift: 0, Narrow klass range: 0x100000000
[2025-04-24T20:53:29.370+0000][0.052s][info][cds,heap    ] initialize_from_archived_subgraph java.lang.Module$ArchivedData 0x00007d7207183798 (early)
[2025-04-24T20:53:29.371+0000][0.052s][info][cds,heap    ] initialize_from_archived_subgraph java.util.ImmutableCollections 0x00007d7207072308 (early)
[2025-04-24T20:53:29.373+0000][0.055s][info][cds,heap    ] initialize_from_archived_subgraph java.lang.Integer$IntegerCache 0x00007d7207037660 (early)
[2025-04-24T20:53:29.377+0000][0.059s][info][cds,heap    ] initialize_from_archived_subgraph java.lang.module.Configuration 0x00007d7207171718 (early)
[2025-04-24T20:53:29.377+0000][0.059s][info][cds,heap    ] initialize_from_archived_subgraph java.lang.ModuleLayer 0x00007d7207145b50 (early)
[2025-04-24T20:53:29.378+0000][0.059s][info][cds,heap    ] initialize_from_archived_subgraph jdk.internal.loader.ArchivedClassLoaders 0x00007d72071a7e00 (early)
[2025-04-24T20:53:29.378+0000][0.059s][info][cds,heap    ] initialize_from_archived_subgraph jdk.internal.module.ArchivedBootLayer 0x00007d7207178358 (early)
[2025-04-24T20:53:29.381+0000][0.062s][info][cds,heap    ] initialize_from_archived_subgraph sun.util.locale.BaseLocale 0x00007d720726eb88
[2025-04-24T20:53:29.394+0000][0.075s][info][cds,heap    ] initialize_from_archived_subgraph java.util.jar.Attributes$Name 0x00007d7207199878
[2025-04-24T20:53:29.435+0000][0.116s][info][cds,heap    ] initialize_from_archived_subgraph java.lang.Long$LongCache 0x00007d7207020f98
[2025-04-24T20:53:29.557+0000][0.238s][info][cds,heap    ] initialize_from_archived_subgraph java.lang.Character$CharacterCache 0x00007d720703a9e8
[2025-04-24T20:53:30.128+0000][0.810s][debug][safepoint   ] Safepoint synchronization initiated using futex wait barrier. (13 threads)
[2025-04-24T20:53:30.128+0000][0.810s][info ][gc,start    ] GC(0) Pause Young (Normal) (G1 Evacuation Pause)
[2025-04-24T20:53:30.129+0000][0.810s][info ][gc,task     ] GC(0) Using 3 workers of 4 for evacuation
[2025-04-24T20:53:30.136+0000][0.817s][info ][gc,phases   ] GC(0)   Pre Evacuate Collection Set: 0.1ms
[2025-04-24T20:53:30.136+0000][0.817s][info ][gc,phases   ] GC(0)   Merge Heap Roots: 0.1ms
[2025-04-24T20:53:30.136+0000][0.818s][info ][gc,phases   ] GC(0)   Evacuate Collection Set: 6.0ms
[2025-04-24T20:53:30.136+0000][0.818s][info ][gc,phases   ] GC(0)   Post Evacuate Collection Set: 0.8ms
[2025-04-24T20:53:30.136+0000][0.818s][info ][gc,phases   ] GC(0)   Other: 0.4ms
[2025-04-24T20:53:30.136+0000][0.818s][info ][gc,heap     ] GC(0) Eden regions: 37->0(52)
[2025-04-24T20:53:30.137+0000][0.818s][info ][gc,heap     ] GC(0) Survivor regions: 0->5(5)
[2025-04-24T20:53:30.137+0000][0.818s][info ][gc,heap     ] GC(0) Old regions: 0->2
[2025-04-24T20:53:30.137+0000][0.818s][info ][gc,heap     ] GC(0) Archive regions: 2->2
[2025-04-24T20:53:30.137+0000][0.818s][info ][gc,heap     ] GC(0) Humongous regions: 0->0
[2025-04-24T20:53:30.137+0000][0.819s][info ][gc,metaspace] GC(0) Metaspace: 2065K(2304K)->2065K(2304K) NonClass: 1859K(1984K)->1859K(1984K) Class: 205K(320K)->205K(320K)
[2025-04-24T20:53:30.137+0000][0.819s][info ][gc          ] GC(0) Pause Young (Normal) (G1 Evacuation Pause) 37M->7M(126M) 8.849ms
[2025-04-24T20:53:30.137+0000][0.819s][info ][gc,cpu      ] GC(0) User=0.01s Sys=0.00s Real=0.00s
[2025-04-24T20:53:30.137+0000][0.819s][info ][safepoint   ] Safepoint "G1CollectForAllocation", Time since last: 758644688 ns, Reaching safepoint: 67210 ns, Cleanup: 77431 ns, At safepoint: 9153309 ns, Total: 9297950 ns
[2025-04-24T20:53:31.003+0000][1.684s][debug][safepoint   ] Safepoint synchronization initiated using futex wait barrier. (13 threads)
[2025-04-24T20:53:31.003+0000][1.685s][info ][gc,start    ] GC(1) Pause Young (Normal) (G1 Evacuation Pause)
[2025-04-24T20:53:31.003+0000][1.685s][info ][gc,task     ] GC(1) Using 3 workers of 4 for evacuation
[2025-04-24T20:53:31.018+0000][1.700s][info ][gc,phases   ] GC(1)   Pre Evacuate Collection Set: 0.1ms
[2025-04-24T20:53:31.019+0000][1.700s][info ][gc,phases   ] GC(1)   Merge Heap Roots: 0.1ms
[2025-04-24T20:53:31.019+0000][1.700s][info ][gc,phases   ] GC(1)   Evacuate Collection Set: 14.2ms
[2025-04-24T20:53:31.019+0000][1.700s][info ][gc,phases   ] GC(1)   Post Evacuate Collection Set: 0.9ms
[2025-04-24T20:53:31.019+0000][1.700s][info ][gc,phases   ] GC(1)   Other: 0.1ms
[2025-04-24T20:53:31.019+0000][1.700s][info ][gc,heap     ] GC(1) Eden regions: 52->0(63)
[2025-04-24T20:53:31.019+0000][1.700s][info ][gc,heap     ] GC(1) Survivor regions: 5->4(8)
[2025-04-24T20:53:31.019+0000][1.700s][info ][gc,heap     ] GC(1) Old regions: 2->7
[2025-04-24T20:53:31.019+0000][1.700s][info ][gc,heap     ] GC(1) Archive regions: 2->2
[2025-04-24T20:53:31.019+0000][1.700s][info ][gc,heap     ] GC(1) Humongous regions: 0->0
[2025-04-24T20:53:31.019+0000][1.700s][info ][gc,metaspace] GC(1) Metaspace: 4340K(4608K)->4340K(4608K) NonClass: 3873K(4032K)->3873K(4032K) Class: 466K(576K)->466K(576K)
[2025-04-24T20:53:31.019+0000][1.700s][info ][gc          ] GC(1) Pause Young (Normal) (G1 Evacuation Pause) 59M->10M(126M) 15.504ms
[2025-04-24T20:53:31.019+0000][1.700s][info ][gc,cpu      ] GC(1) User=0.04s Sys=0.01s Real=0.02s
[2025-04-24T20:53:31.019+0000][1.700s][info ][safepoint   ] Safepoint "G1CollectForAllocation", Time since last: 865527850 ns, Reaching safepoint: 54356 ns, Cleanup: 77246 ns, At safepoint: 15593426 ns, Total: 15725028 ns
[2025-04-24T20:53:31.797+0000][2.478s][debug][safepoint   ] Safepoint synchronization initiated using futex wait barrier. (14 threads)
[2025-04-24T20:53:31.797+0000][2.479s][info ][gc,start    ] GC(2) Pause Young (Normal) (G1 Evacuation Pause)
[2025-04-24T20:53:31.797+0000][2.479s][info ][gc,task     ] GC(2) Using 3 workers of 4 for evacuation
[2025-04-24T20:53:31.803+0000][2.484s][info ][gc,phases   ] GC(2)   Pre Evacuate Collection Set: 0.1ms
[2025-04-24T20:53:31.803+0000][2.484s][info ][gc,phases   ] GC(2)   Merge Heap Roots: 0.0ms
[2025-04-24T20:53:31.803+0000][2.484s][info ][gc,phases   ] GC(2)   Evacuate Collection Set: 5.0ms
[2025-04-24T20:53:31.803+0000][2.484s][info ][gc,phases   ] GC(2)   Post Evacuate Collection Set: 0.4ms
[2025-04-24T20:53:31.803+0000][2.484s][info ][gc,phases   ] GC(2)   Other: 0.1ms
[2025-04-24T20:53:31.803+0000][2.484s][info ][gc,heap     ] GC(2) Eden regions: 63->0(69)
[2025-04-24T20:53:31.803+0000][2.484s][info ][gc,heap     ] GC(2) Survivor regions: 4->5(9)
[2025-04-24T20:53:31.803+0000][2.484s][info ][gc,heap     ] GC(2) Old regions: 7->7
[2025-04-24T20:53:31.803+0000][2.484s][info ][gc,heap     ] GC(2) Archive regions: 2->2
[2025-04-24T20:53:31.803+0000][2.484s][info ][gc,heap     ] GC(2) Humongous regions: 0->0
[2025-04-24T20:53:31.803+0000][2.484s][info ][gc,metaspace] GC(2) Metaspace: 6322K(6592K)->6322K(6592K) NonClass: 5522K(5632K)->5522K(5632K) Class: 800K(960K)->800K(960K)
[2025-04-24T20:53:31.803+0000][2.484s][info ][gc          ] GC(2) Pause Young (Normal) (G1 Evacuation Pause) 73M->12M(126M) 5.729ms
[2025-04-24T20:53:31.803+0000][2.484s][info ][gc,cpu      ] GC(2) User=0.02s Sys=0.00s Real=0.01s
[2025-04-24T20:53:31.803+0000][2.484s][info ][safepoint   ] Safepoint "G1CollectForAllocation", Time since last: 778163051 ns, Reaching safepoint: 45615 ns, Cleanup: 146020 ns, At safepoint: 5772905 ns, Total: 5964540 ns
[2025-04-24T20:53:32.399+0000][3.080s][debug][safepoint   ] Safepoint synchronization initiated using futex wait barrier. (14 threads)
[2025-04-24T20:53:32.399+0000][3.080s][info ][gc,start    ] GC(3) Pause Young (Normal) (G1 Evacuation Pause)
[2025-04-24T20:53:32.399+0000][3.080s][info ][gc,task     ] GC(3) Using 3 workers of 4 for evacuation
[2025-04-24T20:53:32.405+0000][3.086s][info ][gc,phases   ] GC(3)   Pre Evacuate Collection Set: 0.1ms
[2025-04-24T20:53:32.405+0000][3.086s][info ][gc,phases   ] GC(3)   Merge Heap Roots: 0.0ms
[2025-04-24T20:53:32.405+0000][3.086s][info ][gc,phases   ] GC(3)   Evacuate Collection Set: 4.9ms
[2025-04-24T20:53:32.405+0000][3.086s][info ][gc,phases   ] GC(3)   Post Evacuate Collection Set: 0.7ms
[2025-04-24T20:53:32.405+0000][3.086s][info ][gc,phases   ] GC(3)   Other: 0.1ms
[2025-04-24T20:53:32.405+0000][3.086s][info ][gc,heap     ] GC(3) Eden regions: 69->0(68)
[2025-04-24T20:53:32.405+0000][3.086s][info ][gc,heap     ] GC(3) Survivor regions: 5->6(10)
[2025-04-24T20:53:32.405+0000][3.086s][info ][gc,heap     ] GC(3) Old regions: 7->7
[2025-04-24T20:53:32.405+0000][3.086s][info ][gc,heap     ] GC(3) Archive regions: 2->2
[2025-04-24T20:53:32.405+0000][3.086s][info ][gc,heap     ] GC(3) Humongous regions: 0->0
[2025-04-24T20:53:32.405+0000][3.086s][info ][gc,metaspace] GC(3) Metaspace: 10323K(10624K)->10323K(10624K) NonClass: 8984K(9152K)->8984K(9152K) Class: 1338K(1472K)->1338K(1472K)
[2025-04-24T20:53:32.405+0000][3.086s][info ][gc          ] GC(3) Pause Young (Normal) (G1 Evacuation Pause) 81M->13M(126M) 5.985ms
[2025-04-24T20:53:32.405+0000][3.086s][info ][gc,cpu      ] GC(3) User=0.02s Sys=0.00s Real=0.00s
[2025-04-24T20:53:32.405+0000][3.086s][info ][safepoint   ] Safepoint "G1CollectForAllocation", Time since last: 595797757 ns, Reaching safepoint: 34690 ns, Cleanup: 94243 ns, At safepoint: 6031726 ns, Total: 6160659 ns
[2025-04-24T20:53:32.761+0000][3.442s][debug][safepoint   ] Safepoint synchronization initiated using futex wait barrier. (14 threads)
[2025-04-24T20:53:32.761+0000][3.443s][info ][safepoint   ] Safepoint "ICBufferFull", Time since last: 356034674 ns, Reaching safepoint: 112252 ns, Cleanup: 104435 ns, At safepoint: 3508 ns, Total: 220195 ns
[2025-04-24T20:53:32.890+0000][3.571s][debug][safepoint   ] Safepoint synchronization initiated using futex wait barrier. (14 threads)
[2025-04-24T20:53:32.890+0000][3.571s][info ][gc,start    ] GC(4) Pause Young (Normal) (G1 Evacuation Pause)
[2025-04-24T20:53:32.890+0000][3.571s][info ][gc,task     ] GC(4) Using 3 workers of 4 for evacuation
[2025-04-24T20:53:32.899+0000][3.580s][info ][gc,phases   ] GC(4)   Pre Evacuate Collection Set: 0.1ms
[2025-04-24T20:53:32.899+0000][3.580s][info ][gc,phases   ] GC(4)   Merge Heap Roots: 0.0ms
[2025-04-24T20:53:32.899+0000][3.580s][info ][gc,phases   ] GC(4)   Evacuate Collection Set: 7.8ms
[2025-04-24T20:53:32.899+0000][3.580s][info ][gc,phases   ] GC(4)   Post Evacuate Collection Set: 0.8ms
[2025-04-24T20:53:32.899+0000][3.580s][info ][gc,phases   ] GC(4)   Other: 0.1ms
[2025-04-24T20:53:32.899+0000][3.580s][info ][gc,heap     ] GC(4) Eden regions: 68->0(69)
[2025-04-24T20:53:32.899+0000][3.580s][info ][gc,heap     ] GC(4) Survivor regions: 6->5(10)
[2025-04-24T20:53:32.899+0000][3.580s][info ][gc,heap     ] GC(4) Old regions: 7->10
[2025-04-24T20:53:32.899+0000][3.580s][info ][gc,heap     ] GC(4) Archive regions: 2->2
[2025-04-24T20:53:32.899+0000][3.580s][info ][gc,heap     ] GC(4) Humongous regions: 0->0
[2025-04-24T20:53:32.899+0000][3.580s][info ][gc,metaspace] GC(4) Metaspace: 12188K(12544K)->12188K(12544K) NonClass: 10619K(10816K)->10619K(10816K) Class: 1569K(1728K)->1569K(1728K)
[2025-04-24T20:53:32.899+0000][3.580s][info ][gc          ] GC(4) Pause Young (Normal) (G1 Evacuation Pause) 81M->15M(126M) 8.955ms
[2025-04-24T20:53:32.899+0000][3.580s][info ][gc,cpu      ] GC(4) User=0.03s Sys=0.00s Real=0.01s
[2025-04-24T20:53:32.899+0000][3.580s][info ][safepoint   ] Safepoint "G1CollectForAllocation", Time since last: 128714213 ns, Reaching safepoint: 52356 ns, Cleanup: 90157 ns, At safepoint: 9006144 ns, Total: 9148657 ns
[2025-04-24T20:53:33.215+0000][3.897s][debug][safepoint   ] Safepoint synchronization initiated using futex wait barrier. (15 threads)
[2025-04-24T20:53:33.215+0000][3.897s][info ][gc,start    ] GC(5) Pause Young (Normal) (G1 Evacuation Pause)
[2025-04-24T20:53:33.215+0000][3.897s][info ][gc,task     ] GC(5) Using 4 workers of 4 for evacuation
[2025-04-24T20:53:33.221+0000][3.903s][info ][gc,phases   ] GC(5)   Pre Evacuate Collection Set: 0.1ms
[2025-04-24T20:53:33.221+0000][3.903s][info ][gc,phases   ] GC(5)   Merge Heap Roots: 0.1ms
[2025-04-24T20:53:33.221+0000][3.903s][info ][gc,phases   ] GC(5)   Evacuate Collection Set: 5.1ms
[2025-04-24T20:53:33.221+0000][3.903s][info ][gc,phases   ] GC(5)   Post Evacuate Collection Set: 0.6ms
[2025-04-24T20:53:33.221+0000][3.903s][info ][gc,phases   ] GC(5)   Other: 0.1ms
[2025-04-24T20:53:33.221+0000][3.903s][info ][gc,heap     ] GC(5) Eden regions: 69->0(68)
[2025-04-24T20:53:33.221+0000][3.903s][info ][gc,heap     ] GC(5) Survivor regions: 5->6(10)
[2025-04-24T20:53:33.221+0000][3.903s][info ][gc,heap     ] GC(5) Old regions: 10->10
[2025-04-24T20:53:33.221+0000][3.903s][info ][gc,heap     ] GC(5) Archive regions: 2->2
[2025-04-24T20:53:33.221+0000][3.903s][info ][gc,heap     ] GC(5) Humongous regions: 0->0
[2025-04-24T20:53:33.221+0000][3.903s][info ][gc,metaspace] GC(5) Metaspace: 14792K(15168K)->14792K(15168K) NonClass: 12873K(13056K)->12873K(13056K) Class: 1918K(2112K)->1918K(2112K)
[2025-04-24T20:53:33.221+0000][3.903s][info ][gc          ] GC(5) Pause Young (Normal) (G1 Evacuation Pause) 84M->15M(126M) 6.034ms
[2025-04-24T20:53:33.221+0000][3.903s][info ][gc,cpu      ] GC(5) User=0.02s Sys=0.00s Real=0.01s
[2025-04-24T20:53:33.221+0000][3.903s][info ][safepoint   ] Safepoint "G1CollectForAllocation", Time since last: 316155405 ns, Reaching safepoint: 129108 ns, Cleanup: 66939 ns, At safepoint: 6085845 ns, Total: 6281892 ns
[2025-04-24T20:53:33.393+0000][4.075s][info ][cds,heap    ] initialize_from_archived_subgraph java.lang.Byte$ByteCache 0x00007d720703abf8
[2025-04-24T20:53:33.393+0000][4.075s][info ][cds,heap    ] initialize_from_archived_subgraph java.lang.Short$ShortCache 0x00007d72070412e8
[2025-04-24T20:53:33.489+0000][4.170s][debug][safepoint   ] Safepoint synchronization initiated using futex wait barrier. (15 threads)
[2025-04-24T20:53:33.489+0000][4.171s][info ][gc,start    ] GC(6) Pause Young (Normal) (G1 Evacuation Pause)
[2025-04-24T20:53:33.489+0000][4.171s][info ][gc,task     ] GC(6) Using 4 workers of 4 for evacuation
[2025-04-24T20:53:33.497+0000][4.178s][info ][gc,phases   ] GC(6)   Pre Evacuate Collection Set: 0.1ms
[2025-04-24T20:53:33.497+0000][4.178s][info ][gc,phases   ] GC(6)   Merge Heap Roots: 0.0ms
[2025-04-24T20:53:33.497+0000][4.178s][info ][gc,phases   ] GC(6)   Evacuate Collection Set: 6.6ms
[2025-04-24T20:53:33.497+0000][4.178s][info ][gc,phases   ] GC(6)   Post Evacuate Collection Set: 0.8ms
[2025-04-24T20:53:33.497+0000][4.178s][info ][gc,phases   ] GC(6)   Other: 0.1ms
[2025-04-24T20:53:33.497+0000][4.178s][info ][gc,heap     ] GC(6) Eden regions: 68->0(69)
[2025-04-24T20:53:33.497+0000][4.178s][info ][gc,heap     ] GC(6) Survivor regions: 6->5(10)
[2025-04-24T20:53:33.497+0000][4.178s][info ][gc,heap     ] GC(6) Old regions: 10->11
[2025-04-24T20:53:33.497+0000][4.178s][info ][gc,heap     ] GC(6) Archive regions: 2->2
[2025-04-24T20:53:33.497+0000][4.178s][info ][gc,heap     ] GC(6) Humongous regions: 0->0
[2025-04-24T20:53:33.497+0000][4.178s][info ][gc,metaspace] GC(6) Metaspace: 16777K(17088K)->16777K(17088K) NonClass: 14491K(14656K)->14491K(14656K) Class: 2286K(2432K)->2286K(2432K)
[2025-04-24T20:53:33.497+0000][4.178s][info ][gc          ] GC(6) Pause Young (Normal) (G1 Evacuation Pause) 83M->16M(126M) 7.752ms
[2025-04-24T20:53:33.497+0000][4.178s][info ][gc,cpu      ] GC(6) User=0.03s Sys=0.00s Real=0.00s
[2025-04-24T20:53:33.497+0000][4.178s][info ][safepoint   ] Safepoint "G1CollectForAllocation", Time since last: 267465059 ns, Reaching safepoint: 234421 ns, Cleanup: 52207 ns, At safepoint: 7873926 ns, Total: 8160554 ns
[2025-04-24T20:53:33.821+0000][4.502s][debug][safepoint   ] Safepoint synchronization initiated using futex wait barrier. (15 threads)
[2025-04-24T20:53:33.821+0000][4.502s][info ][gc,start    ] GC(7) Pause Young (Normal) (G1 Evacuation Pause)
[2025-04-24T20:53:33.821+0000][4.502s][info ][gc,task     ] GC(7) Using 4 workers of 4 for evacuation
[2025-04-24T20:53:33.862+0000][4.544s][info ][gc,phases   ] GC(7)   Pre Evacuate Collection Set: 0.1ms
[2025-04-24T20:53:33.862+0000][4.544s][info ][gc,phases   ] GC(7)   Merge Heap Roots: 0.2ms
[2025-04-24T20:53:33.862+0000][4.544s][info ][gc,phases   ] GC(7)   Evacuate Collection Set: 36.5ms
[2025-04-24T20:53:33.862+0000][4.544s][info ][gc,phases   ] GC(7)   Post Evacuate Collection Set: 4.5ms
[2025-04-24T20:53:33.862+0000][4.544s][info ][gc,phases   ] GC(7)   Other: 0.1ms
[2025-04-24T20:53:33.862+0000][4.544s][info ][gc,heap     ] GC(7) Eden regions: 69->0(83)
[2025-04-24T20:53:33.862+0000][4.544s][info ][gc,heap     ] GC(7) Survivor regions: 5->8(10)
[2025-04-24T20:53:33.862+0000][4.544s][info ][gc,heap     ] GC(7) Old regions: 11->11
[2025-04-24T20:53:33.862+0000][4.544s][info ][gc,heap     ] GC(7) Archive regions: 2->2
[2025-04-24T20:53:33.862+0000][4.544s][info ][gc,heap     ] GC(7) Humongous regions: 0->0
[2025-04-24T20:53:33.862+0000][4.544s][info ][gc,metaspace] GC(7) Metaspace: 19393K(19712K)->19393K(19712K) NonClass: 16833K(17024K)->16833K(17024K) Class: 2560K(2688K)->2560K(2688K)
[2025-04-24T20:53:33.862+0000][4.544s][info ][gc          ] GC(7) Pause Young (Normal) (G1 Evacuation Pause) 85M->19M(152M) 41.554ms
[2025-04-24T20:53:33.862+0000][4.544s][info ][gc,cpu      ] GC(7) User=0.07s Sys=0.00s Real=0.04s
[2025-04-24T20:53:33.862+0000][4.544s][info ][safepoint   ] Safepoint "G1CollectForAllocation", Time since last: 323795895 ns, Reaching safepoint: 62811 ns, Cleanup: 67345 ns, At safepoint: 41621390 ns, Total: 41751546 ns
[2025-04-24T20:53:34.171+0000][4.852s][debug][safepoint   ] Safepoint synchronization initiated using futex wait barrier. (15 threads)
[2025-04-24T20:53:34.171+0000][4.852s][info ][gc,start    ] GC(8) Pause Young (Concurrent Start) (Metadata GC Threshold)
[2025-04-24T20:53:34.171+0000][4.853s][info ][gc,task     ] GC(8) Using 4 workers of 4 for evacuation
[2025-04-24T20:53:34.179+0000][4.860s][info ][gc,phases   ] GC(8)   Pre Evacuate Collection Set: 0.1ms
[2025-04-24T20:53:34.179+0000][4.860s][info ][gc,phases   ] GC(8)   Merge Heap Roots: 0.0ms
[2025-04-24T20:53:34.179+0000][4.860s][info ][gc,phases   ] GC(8)   Evacuate Collection Set: 6.7ms
[2025-04-24T20:53:34.179+0000][4.860s][info ][gc,phases   ] GC(8)   Post Evacuate Collection Set: 0.7ms
[2025-04-24T20:53:34.179+0000][4.860s][info ][gc,phases   ] GC(8)   Other: 0.2ms
[2025-04-24T20:53:34.179+0000][4.860s][info ][gc,heap     ] GC(8) Eden regions: 33->0(85)
[2025-04-24T20:53:34.179+0000][4.860s][info ][gc,heap     ] GC(8) Survivor regions: 8->6(12)
[2025-04-24T20:53:34.179+0000][4.860s][info ][gc,heap     ] GC(8) Old regions: 11->14
[2025-04-24T20:53:34.179+0000][4.860s][info ][gc,heap     ] GC(8) Archive regions: 2->2
[2025-04-24T20:53:34.179+0000][4.860s][info ][gc,heap     ] GC(8) Humongous regions: 0->0
[2025-04-24T20:53:34.179+0000][4.860s][info ][gc,metaspace] GC(8) Metaspace: 21151K(21504K)->21151K(21504K) NonClass: 18396K(18560K)->18396K(18560K) Class: 2755K(2944K)->2755K(2944K)
[2025-04-24T20:53:34.179+0000][4.860s][info ][gc          ] GC(8) Pause Young (Concurrent Start) (Metadata GC Threshold) 52M->20M(152M) 7.922ms
[2025-04-24T20:53:34.179+0000][4.860s][info ][gc,cpu      ] GC(8) User=0.03s Sys=0.01s Real=0.01s
[2025-04-24T20:53:34.179+0000][4.860s][info ][gc          ] GC(9) Concurrent Mark Cycle
[2025-04-24T20:53:34.179+0000][4.860s][info ][gc,marking  ] GC(9) Concurrent Clear Claimed Marks
[2025-04-24T20:53:34.179+0000][4.861s][info ][gc,marking  ] GC(9) Concurrent Clear Claimed Marks 0.036ms
[2025-04-24T20:53:34.179+0000][4.861s][info ][gc,marking  ] GC(9) Concurrent Scan Root Regions
[2025-04-24T20:53:34.179+0000][4.860s][info ][safepoint   ] Safepoint "CollectForMetadataAllocation", Time since last: 308118730 ns, Reaching safepoint: 209366 ns, Cleanup: 68908 ns, At safepoint: 8044374 ns, Total: 8322648 ns
[2025-04-24T20:53:34.191+0000][4.873s][info ][gc,marking  ] GC(9) Concurrent Scan Root Regions 12.525ms
[2025-04-24T20:53:34.192+0000][4.873s][info ][gc,marking  ] GC(9) Concurrent Mark
[2025-04-24T20:53:34.192+0000][4.873s][info ][gc,marking  ] GC(9) Concurrent Mark From Roots
[2025-04-24T20:53:34.192+0000][4.873s][info ][gc,task     ] GC(9) Using 1 workers of 1 for marking
[2025-04-24T20:53:34.213+0000][4.895s][info ][gc,marking  ] GC(9) Concurrent Mark From Roots 21.694ms
[2025-04-24T20:53:34.213+0000][4.895s][info ][gc,marking  ] GC(9) Concurrent Preclean
[2025-04-24T20:53:34.214+0000][4.896s][info ][gc,marking  ] GC(9) Concurrent Preclean 0.646ms
[2025-04-24T20:53:34.215+0000][4.897s][debug][safepoint   ] Safepoint synchronization initiated using futex wait barrier. (15 threads)
[2025-04-24T20:53:34.216+0000][4.897s][info ][gc,start    ] GC(9) Pause Remark
[2025-04-24T20:53:34.219+0000][4.901s][info ][gc          ] GC(9) Pause Remark 24M->24M(87M) 3.598ms
[2025-04-24T20:53:34.219+0000][4.901s][info ][gc,cpu      ] GC(9) User=0.01s Sys=0.00s Real=0.01s
[2025-04-24T20:53:34.219+0000][4.901s][info ][safepoint   ] Safepoint "G1PauseRemark", Time since last: 36326754 ns, Reaching safepoint: 251096 ns, Cleanup: 14316 ns, At safepoint: 3811686 ns, Total: 4077098 ns
[2025-04-24T20:53:34.220+0000][4.901s][info ][gc,marking  ] GC(9) Concurrent Mark 28.369ms
[2025-04-24T20:53:34.220+0000][4.902s][info ][gc,marking  ] GC(9) Concurrent Rebuild Remembered Sets
[2025-04-24T20:53:34.233+0000][4.914s][info ][gc,marking  ] GC(9) Concurrent Rebuild Remembered Sets 12.365ms
[2025-04-24T20:53:34.233+0000][4.914s][debug][safepoint   ] Safepoint synchronization initiated using futex wait barrier. (15 threads)
[2025-04-24T20:53:34.233+0000][4.915s][info ][gc,start    ] GC(9) Pause Cleanup
[2025-04-24T20:53:34.233+0000][4.915s][info ][gc          ] GC(9) Pause Cleanup 26M->26M(87M) 0.178ms
[2025-04-24T20:53:34.233+0000][4.915s][info ][gc,cpu      ] GC(9) User=0.00s Sys=0.00s Real=0.00s
[2025-04-24T20:53:34.233+0000][4.915s][info ][safepoint   ] Safepoint "G1PauseCleanup", Time since last: 13528561 ns, Reaching safepoint: 210859 ns, Cleanup: 8967 ns, At safepoint: 359334 ns, Total: 579160 ns
[2025-04-24T20:53:34.234+0000][4.915s][info ][gc,marking  ] GC(9) Concurrent Cleanup for Next Mark
[2025-04-24T20:53:34.236+0000][4.917s][info ][gc,marking  ] GC(9) Concurrent Cleanup for Next Mark 2.246ms
[2025-04-24T20:53:34.236+0000][4.918s][info ][gc          ] GC(9) Concurrent Mark Cycle 57.083ms
[2025-04-24T20:53:34.484+0000][5.165s][debug][safepoint   ] Safepoint synchronization initiated using futex wait barrier. (15 threads)
[2025-04-24T20:53:34.484+0000][5.166s][info ][gc,start    ] GC(10) Pause Young (Normal) (G1 Evacuation Pause)
[2025-04-24T20:53:34.484+0000][5.166s][info ][gc,task     ] GC(10) Using 4 workers of 4 for evacuation
[2025-04-24T20:53:34.493+0000][5.175s][info ][gc,phases   ] GC(10)   Pre Evacuate Collection Set: 0.1ms
[2025-04-24T20:53:34.494+0000][5.175s][info ][gc,phases   ] GC(10)   Merge Heap Roots: 0.1ms
[2025-04-24T20:53:34.494+0000][5.175s][info ][gc,phases   ] GC(10)   Evacuate Collection Set: 7.8ms
[2025-04-24T20:53:34.494+0000][5.175s][info ][gc,phases   ] GC(10)   Post Evacuate Collection Set: 1.0ms
[2025-04-24T20:53:34.494+0000][5.175s][info ][gc,phases   ] GC(10)   Other: 0.5ms
[2025-04-24T20:53:34.494+0000][5.175s][info ][gc,heap     ] GC(10) Eden regions: 46->0(46)
[2025-04-24T20:53:34.494+0000][5.175s][info ][gc,heap     ] GC(10) Survivor regions: 6->4(7)
[2025-04-24T20:53:34.494+0000][5.175s][info ][gc,heap     ] GC(10) Old regions: 14->19
[2025-04-24T20:53:34.494+0000][5.175s][info ][gc,heap     ] GC(10) Archive regions: 2->2
[2025-04-24T20:53:34.494+0000][5.175s][info ][gc,heap     ] GC(10) Humongous regions: 0->0
[2025-04-24T20:53:34.494+0000][5.175s][info ][gc,metaspace] GC(10) Metaspace: 23023K(23360K)->23023K(23360K) NonClass: 19994K(20160K)->19994K(20160K) Class: 3028K(3200K)->3028K(3200K)
[2025-04-24T20:53:34.494+0000][5.175s][info ][gc          ] GC(10) Pause Young (Normal) (G1 Evacuation Pause) 66M->22M(87M) 9.835ms
[2025-04-24T20:53:34.494+0000][5.175s][info ][gc,cpu      ] GC(10) User=0.03s Sys=0.01s Real=0.01s
[2025-04-24T20:53:34.494+0000][5.175s][info ][safepoint   ] Safepoint "G1CollectForAllocation", Time since last: 250157931 ns, Reaching safepoint: 322188 ns, Cleanup: 55232 ns, At safepoint: 9886407 ns, Total: 10263827 ns
[2025-04-24T20:53:34.697+0000][5.379s][debug][safepoint   ] Safepoint synchronization initiated using futex wait barrier. (15 threads)
[2025-04-24T20:53:34.697+0000][5.379s][debug][safepoint   ] ... found polling page loop exception at pc = 0x00007d7269b72a09, stub =0x00007d727098e400
[2025-04-24T20:53:34.697+0000][5.379s][info ][gc,start    ] GC(11) Pause Young (Normal) (G1 Evacuation Pause)
[2025-04-24T20:53:34.697+0000][5.379s][info ][gc,task     ] GC(11) Using 4 workers of 4 for evacuation
[2025-04-24T20:53:34.705+0000][5.386s][info ][gc,phases   ] GC(11)   Pre Evacuate Collection Set: 0.1ms
[2025-04-24T20:53:34.705+0000][5.386s][info ][gc,phases   ] GC(11)   Merge Heap Roots: 0.0ms
[2025-04-24T20:53:34.705+0000][5.386s][info ][gc,phases   ] GC(11)   Evacuate Collection Set: 6.4ms
[2025-04-24T20:53:34.705+0000][5.386s][info ][gc,phases   ] GC(11)   Post Evacuate Collection Set: 0.6ms
[2025-04-24T20:53:34.705+0000][5.386s][info ][gc,phases   ] GC(11)   Other: 0.1ms
[2025-04-24T20:53:34.705+0000][5.386s][info ][gc,heap     ] GC(11) Eden regions: 46->0(44)
[2025-04-24T20:53:34.705+0000][5.386s][info ][gc,heap     ] GC(11) Survivor regions: 4->6(7)
[2025-04-24T20:53:34.705+0000][5.386s][info ][gc,heap     ] GC(11) Old regions: 19->19
[2025-04-24T20:53:34.705+0000][5.386s][info ][gc,heap     ] GC(11) Archive regions: 2->2
[2025-04-24T20:53:34.705+0000][5.386s][info ][gc,heap     ] GC(11) Humongous regions: 0->0
[2025-04-24T20:53:34.705+0000][5.386s][info ][gc,metaspace] GC(11) Metaspace: 23898K(24192K)->23898K(24192K) NonClass: 20780K(20928K)->20780K(20928K) Class: 3117K(3264K)->3117K(3264K)
[2025-04-24T20:53:34.705+0000][5.386s][info ][gc          ] GC(11) Pause Young (Normal) (G1 Evacuation Pause) 68M->24M(87M) 7.331ms
[2025-04-24T20:53:34.705+0000][5.386s][info ][gc,cpu      ] GC(11) User=0.03s Sys=0.00s Real=0.01s
[2025-04-24T20:53:34.705+0000][5.386s][info ][safepoint   ] Safepoint "G1CollectForAllocation", Time since last: 203379907 ns, Reaching safepoint: 144320 ns, Cleanup: 59468 ns, At safepoint: 7384744 ns, Total: 7588532 ns
[2025-04-24T20:53:34.863+0000][5.544s][debug][safepoint   ] Safepoint synchronization initiated using futex wait barrier. (14 threads)
[2025-04-24T20:53:34.863+0000][5.545s][info ][gc,start    ] GC(12) Pause Young (Normal) (G1 Evacuation Pause)
[2025-04-24T20:53:34.863+0000][5.545s][info ][gc,task     ] GC(12) Using 3 workers of 4 for evacuation
[2025-04-24T20:53:34.874+0000][5.556s][info ][gc,phases   ] GC(12)   Pre Evacuate Collection Set: 0.1ms
[2025-04-24T20:53:34.875+0000][5.556s][info ][gc,phases   ] GC(12)   Merge Heap Roots: 0.1ms
[2025-04-24T20:53:34.875+0000][5.556s][info ][gc,phases   ] GC(12)   Evacuate Collection Set: 10.4ms
[2025-04-24T20:53:34.875+0000][5.556s][info ][gc,phases   ] GC(12)   Post Evacuate Collection Set: 0.9ms
[2025-04-24T20:53:34.875+0000][5.556s][info ][gc,phases   ] GC(12)   Other: 0.1ms
[2025-04-24T20:53:34.875+0000][5.556s][info ][gc,heap     ] GC(12) Eden regions: 44->0(37)
[2025-04-24T20:53:34.875+0000][5.556s][info ][gc,heap     ] GC(12) Survivor regions: 6->7(7)
[2025-04-24T20:53:34.875+0000][5.556s][info ][gc,heap     ] GC(12) Old regions: 19->23
[2025-04-24T20:53:34.875+0000][5.556s][info ][gc,heap     ] GC(12) Archive regions: 2->2
[2025-04-24T20:53:34.875+0000][5.556s][info ][gc,heap     ] GC(12) Humongous regions: 0->0
[2025-04-24T20:53:34.875+0000][5.556s][info ][gc,metaspace] GC(12) Metaspace: 24448K(24832K)->24448K(24832K) NonClass: 21251K(21440K)->21251K(21440K) Class: 3197K(3392K)->3197K(3392K)
[2025-04-24T20:53:34.875+0000][5.556s][info ][gc          ] GC(12) Pause Young (Normal) (G1 Evacuation Pause) 68M->29M(87M) 11.677ms
[2025-04-24T20:53:34.875+0000][5.556s][info ][gc,cpu      ] GC(12) User=0.04s Sys=0.00s Real=0.01s
[2025-04-24T20:53:34.875+0000][5.556s][info ][safepoint   ] Safepoint "G1CollectForAllocation", Time since last: 158042543 ns, Reaching safepoint: 42274 ns, Cleanup: 33213 ns, At safepoint: 11726804 ns, Total: 11802291 ns
[2025-04-24T20:53:34.926+0000][5.608s][debug][safepoint   ] Safepoint synchronization initiated using futex wait barrier. (14 threads)
[2025-04-24T20:53:34.926+0000][5.608s][info ][gc,start    ] GC(13) Pause Young (Normal) (G1 Evacuation Pause)
[2025-04-24T20:53:34.926+0000][5.608s][info ][gc,task     ] GC(13) Using 2 workers of 4 for evacuation
[2025-04-24T20:53:34.946+0000][5.628s][info ][gc,phases   ] GC(13)   Pre Evacuate Collection Set: 0.1ms
[2025-04-24T20:53:34.946+0000][5.628s][info ][gc,phases   ] GC(13)   Merge Heap Roots: 0.1ms
[2025-04-24T20:53:34.946+0000][5.628s][info ][gc,phases   ] GC(13)   Evacuate Collection Set: 17.4ms
[2025-04-24T20:53:34.946+0000][5.628s][info ][gc,phases   ] GC(13)   Post Evacuate Collection Set: 2.2ms
[2025-04-24T20:53:34.946+0000][5.628s][info ][gc,phases   ] GC(13)   Other: 0.1ms
[2025-04-24T20:53:34.946+0000][5.628s][info ][gc,heap     ] GC(13) Eden regions: 37->0(74)
[2025-04-24T20:53:34.946+0000][5.628s][info ][gc,heap     ] GC(13) Survivor regions: 7->5(6)
[2025-04-24T20:53:34.946+0000][5.628s][info ][gc,heap     ] GC(13) Old regions: 23->30
[2025-04-24T20:53:34.946+0000][5.628s][info ][gc,heap     ] GC(13) Archive regions: 2->2
[2025-04-24T20:53:34.946+0000][5.628s][info ][gc,heap     ] GC(13) Humongous regions: 0->0
[2025-04-24T20:53:34.946+0000][5.628s][info ][gc,metaspace] GC(13) Metaspace: 24448K(24832K)->24448K(24832K) NonClass: 21251K(21440K)->21251K(21440K) Class: 3197K(3392K)->3197K(3392K)
[2025-04-24T20:53:34.946+0000][5.628s][info ][gc          ] GC(13) Pause Young (Normal) (G1 Evacuation Pause) 66M->35M(147M) 19.997ms
[2025-04-24T20:53:34.946+0000][5.628s][info ][gc,cpu      ] GC(13) User=0.06s Sys=0.00s Real=0.02s
[2025-04-24T20:53:34.946+0000][5.628s][info ][safepoint   ] Safepoint "G1CollectForAllocation", Time since last: 51685136 ns, Reaching safepoint: 47526 ns, Cleanup: 4153 ns, At safepoint: 20057575 ns, Total: 20109254 ns
[2025-04-24T20:53:35.242+0000][5.924s][debug][safepoint   ] Safepoint synchronization initiated using futex wait barrier. (14 threads)
[2025-04-24T20:53:35.243+0000][5.924s][info ][gc,start    ] GC(14) Pause Young (Normal) (G1 Evacuation Pause)
[2025-04-24T20:53:35.243+0000][5.924s][info ][gc,task     ] GC(14) Using 3 workers of 4 for evacuation
[2025-04-24T20:53:35.257+0000][5.939s][info ][gc,phases   ] GC(14)   Pre Evacuate Collection Set: 0.1ms
[2025-04-24T20:53:35.257+0000][5.939s][info ][gc,phases   ] GC(14)   Merge Heap Roots: 0.1ms
[2025-04-24T20:53:35.257+0000][5.939s][info ][gc,phases   ] GC(14)   Evacuate Collection Set: 13.4ms
[2025-04-24T20:53:35.258+0000][5.939s][info ][gc,phases   ] GC(14)   Post Evacuate Collection Set: 1.1ms
[2025-04-24T20:53:35.258+0000][5.939s][info ][gc,phases   ] GC(14)   Other: 0.2ms
[2025-04-24T20:53:35.258+0000][5.939s][info ][gc,heap     ] GC(14) Eden regions: 74->0(69)
[2025-04-24T20:53:35.258+0000][5.939s][info ][gc,heap     ] GC(14) Survivor regions: 5->10(10)
[2025-04-24T20:53:35.258+0000][5.939s][info ][gc,heap     ] GC(14) Old regions: 30->32
[2025-04-24T20:53:35.258+0000][5.939s][info ][gc,heap     ] GC(14) Archive regions: 2->2
[2025-04-24T20:53:35.258+0000][5.939s][info ][gc,heap     ] GC(14) Humongous regions: 0->0
[2025-04-24T20:53:35.258+0000][5.939s][info ][gc,metaspace] GC(14) Metaspace: 24675K(25024K)->24675K(25024K) NonClass: 21447K(21632K)->21447K(21632K) Class: 3228K(3392K)->3228K(3392K)
[2025-04-24T20:53:35.258+0000][5.939s][info ][gc          ] GC(14) Pause Young (Normal) (G1 Evacuation Pause) 109M->42M(147M) 15.224ms
[2025-04-24T20:53:35.258+0000][5.939s][info ][gc,cpu      ] GC(14) User=0.06s Sys=0.00s Real=0.02s
[2025-04-24T20:53:35.258+0000][5.939s][info ][safepoint   ] Safepoint "G1CollectForAllocation", Time since last: 295891148 ns, Reaching safepoint: 139387 ns, Cleanup: 33362 ns, At safepoint: 15296809 ns, Total: 15469558 ns
[2025-04-24T20:53:35.509+0000][6.190s][debug][safepoint   ] ... found polling page loop exception at pc = 0x00007d72710150c2, stub =0x00007d727098e400
[2025-04-24T20:53:35.576+0000][6.258s][debug][safepoint   ] Safepoint synchronization initiated using futex wait barrier. (14 threads)
[2025-04-24T20:53:35.576+0000][6.258s][info ][gc,start    ] GC(15) Pause Young (Normal) (G1 Evacuation Pause)
[2025-04-24T20:53:35.576+0000][6.258s][info ][gc,task     ] GC(15) Using 3 workers of 4 for evacuation
[2025-04-24T20:53:35.591+0000][6.273s][info ][gc,phases   ] GC(15)   Pre Evacuate Collection Set: 0.1ms
[2025-04-24T20:53:35.591+0000][6.273s][info ][gc,phases   ] GC(15)   Merge Heap Roots: 0.1ms
[2025-04-24T20:53:35.591+0000][6.273s][info ][gc,phases   ] GC(15)   Evacuate Collection Set: 12.9ms
[2025-04-24T20:53:35.591+0000][6.273s][info ][gc,phases   ] GC(15)   Post Evacuate Collection Set: 1.5ms
[2025-04-24T20:53:35.591+0000][6.273s][info ][gc,phases   ] GC(15)   Other: 0.1ms
[2025-04-24T20:53:35.591+0000][6.273s][info ][gc,heap     ] GC(15) Eden regions: 69->0(63)
[2025-04-24T20:53:35.591+0000][6.273s][info ][gc,heap     ] GC(15) Survivor regions: 10->7(10)
[2025-04-24T20:53:35.591+0000][6.273s][info ][gc,heap     ] GC(15) Old regions: 32->43
[2025-04-24T20:53:35.591+0000][6.273s][info ][gc,heap     ] GC(15) Archive regions: 2->2
[2025-04-24T20:53:35.591+0000][6.273s][info ][gc,heap     ] GC(15) Humongous regions: 0->0
[2025-04-24T20:53:35.591+0000][6.273s][info ][gc,metaspace] GC(15) Metaspace: 25017K(25408K)->25017K(25408K) NonClass: 21752K(21952K)->21752K(21952K) Class: 3265K(3456K)->3265K(3456K)
[2025-04-24T20:53:35.591+0000][6.273s][info ][gc          ] GC(15) Pause Young (Normal) (G1 Evacuation Pause) 111M->49M(147M) 14.777ms
[2025-04-24T20:53:35.591+0000][6.273s][info ][gc,cpu      ] GC(15) User=0.04s Sys=0.00s Real=0.02s
[2025-04-24T20:53:35.591+0000][6.273s][info ][safepoint   ] Safepoint "G1CollectForAllocation", Time since last: 318221078 ns, Reaching safepoint: 235277 ns, Cleanup: 81763 ns, At safepoint: 14830144 ns, Total: 15147184 ns
[2025-04-24T20:53:35.953+0000][6.634s][debug][safepoint   ] Safepoint synchronization initiated using futex wait barrier. (14 threads)
[2025-04-24T20:53:35.953+0000][6.634s][info ][gc,start    ] GC(16) Pause Young (Normal) (G1 Evacuation Pause)
[2025-04-24T20:53:35.953+0000][6.634s][info ][gc,task     ] GC(16) Using 3 workers of 4 for evacuation
[2025-04-24T20:53:35.962+0000][6.643s][info ][gc,phases   ] GC(16)   Pre Evacuate Collection Set: 0.1ms
[2025-04-24T20:53:35.962+0000][6.643s][info ][gc,phases   ] GC(16)   Merge Heap Roots: 0.1ms
[2025-04-24T20:53:35.962+0000][6.643s][info ][gc,phases   ] GC(16)   Evacuate Collection Set: 7.6ms
[2025-04-24T20:53:35.962+0000][6.643s][info ][gc,phases   ] GC(16)   Post Evacuate Collection Set: 1.1ms
[2025-04-24T20:53:35.962+0000][6.643s][info ][gc,phases   ] GC(16)   Other: 0.1ms
[2025-04-24T20:53:35.962+0000][6.643s][info ][gc,heap     ] GC(16) Eden regions: 63->0(63)
[2025-04-24T20:53:35.962+0000][6.643s][info ][gc,heap     ] GC(16) Survivor regions: 7->3(9)
[2025-04-24T20:53:35.962+0000][6.643s][info ][gc,heap     ] GC(16) Old regions: 43->49
[2025-04-24T20:53:35.962+0000][6.643s][info ][gc,heap     ] GC(16) Archive regions: 2->2
[2025-04-24T20:53:35.962+0000][6.643s][info ][gc,heap     ] GC(16) Humongous regions: 0->0
[2025-04-24T20:53:35.962+0000][6.643s][info ][gc,metaspace] GC(16) Metaspace: 25172K(25536K)->25172K(25536K) NonClass: 21898K(22080K)->21898K(22080K) Class: 3273K(3456K)->3273K(3456K)
[2025-04-24T20:53:35.962+0000][6.644s][info ][gc          ] GC(16) Pause Young (Normal) (G1 Evacuation Pause) 112M->52M(147M) 9.103ms
[2025-04-24T20:53:35.962+0000][6.644s][info ][gc,cpu      ] GC(16) User=0.03s Sys=0.00s Real=0.01s
[2025-04-24T20:53:35.962+0000][6.644s][info ][safepoint   ] Safepoint "G1CollectForAllocation", Time since last: 361475390 ns, Reaching safepoint: 79952 ns, Cleanup: 85635 ns, At safepoint: 9173314 ns, Total: 9338901 ns
[2025-04-24T20:53:36.236+0000][6.918s][debug][safepoint   ] Safepoint synchronization initiated using futex wait barrier. (14 threads)
[2025-04-24T20:53:36.236+0000][6.918s][info ][gc,start    ] GC(17) Pause Young (Normal) (G1 Evacuation Pause)
[2025-04-24T20:53:36.236+0000][6.918s][info ][gc,task     ] GC(17) Using 3 workers of 4 for evacuation
[2025-04-24T20:53:36.245+0000][6.927s][info ][gc,phases   ] GC(17)   Pre Evacuate Collection Set: 0.1ms
[2025-04-24T20:53:36.245+0000][6.927s][info ][gc,phases   ] GC(17)   Merge Heap Roots: 0.1ms
[2025-04-24T20:53:36.245+0000][6.927s][info ][gc,phases   ] GC(17)   Evacuate Collection Set: 6.4ms
[2025-04-24T20:53:36.245+0000][6.927s][info ][gc,phases   ] GC(17)   Post Evacuate Collection Set: 2.2ms
[2025-04-24T20:53:36.245+0000][6.927s][info ][gc,phases   ] GC(17)   Other: 0.1ms
[2025-04-24T20:53:36.245+0000][6.927s][info ][gc,heap     ] GC(17) Eden regions: 63->0(171)
[2025-04-24T20:53:36.245+0000][6.927s][info ][gc,heap     ] GC(17) Survivor regions: 3->5(9)
[2025-04-24T20:53:36.245+0000][6.927s][info ][gc,heap     ] GC(17) Old regions: 49->49
[2025-04-24T20:53:36.245+0000][6.927s][info ][gc,heap     ] GC(17) Archive regions: 2->2
[2025-04-24T20:53:36.245+0000][6.927s][info ][gc,heap     ] GC(17) Humongous regions: 0->0
[2025-04-24T20:53:36.245+0000][6.927s][info ][gc,metaspace] GC(17) Metaspace: 25199K(25536K)->25199K(25536K) NonClass: 21922K(22080K)->21922K(22080K) Class: 3276K(3456K)->3276K(3456K)
[2025-04-24T20:53:36.245+0000][6.927s][info ][gc          ] GC(17) Pause Young (Normal) (G1 Evacuation Pause) 115M->54M(294M) 8.961ms
[2025-04-24T20:53:36.245+0000][6.927s][info ][gc,cpu      ] GC(17) User=0.03s Sys=0.00s Real=0.01s
[2025-04-24T20:53:36.245+0000][6.927s][info ][safepoint   ] Safepoint "G1CollectForAllocation", Time since last: 274136061 ns, Reaching safepoint: 50296 ns, Cleanup: 27812 ns, At safepoint: 9028300 ns, Total: 9106408 ns
[2025-04-24T20:53:36.864+0000][7.545s][debug][safepoint   ] Safepoint synchronization initiated using futex wait barrier. (15 threads)
[2025-04-24T20:53:36.864+0000][7.545s][debug][safepoint   ] ... found polling page loop exception at pc = 0x00007d7270ffb0cc, stub =0x00007d727098e400
[2025-04-24T20:53:36.864+0000][7.546s][info ][gc,start    ] GC(18) Pause Young (Normal) (G1 Evacuation Pause)
[2025-04-24T20:53:36.864+0000][7.546s][info ][gc,task     ] GC(18) Using 4 workers of 4 for evacuation
[2025-04-24T20:53:36.872+0000][7.554s][info ][gc,phases   ] GC(18)   Pre Evacuate Collection Set: 0.1ms
[2025-04-24T20:53:36.873+0000][7.554s][info ][gc,phases   ] GC(18)   Merge Heap Roots: 0.1ms
[2025-04-24T20:53:36.873+0000][7.554s][info ][gc,phases   ] GC(18)   Evacuate Collection Set: 7.0ms
[2025-04-24T20:53:36.873+0000][7.554s][info ][gc,phases   ] GC(18)   Post Evacuate Collection Set: 1.1ms
[2025-04-24T20:53:36.873+0000][7.554s][info ][gc,phases   ] GC(18)   Other: 0.2ms
[2025-04-24T20:53:36.873+0000][7.554s][info ][gc,heap     ] GC(18) Eden regions: 171->0(168)
[2025-04-24T20:53:36.873+0000][7.554s][info ][gc,heap     ] GC(18) Survivor regions: 5->8(22)
[2025-04-24T20:53:36.873+0000][7.554s][info ][gc,heap     ] GC(18) Old regions: 49->49
[2025-04-24T20:53:36.873+0000][7.554s][info ][gc,heap     ] GC(18) Archive regions: 2->2
[2025-04-24T20:53:36.873+0000][7.554s][info ][gc,heap     ] GC(18) Humongous regions: 0->0
[2025-04-24T20:53:36.873+0000][7.554s][info ][gc,metaspace] GC(18) Metaspace: 26908K(27264K)->26908K(27264K) NonClass: 23493K(23680K)->23493K(23680K) Class: 3415K(3584K)->3415K(3584K)
[2025-04-24T20:53:36.873+0000][7.554s][info ][gc          ] GC(18) Pause Young (Normal) (G1 Evacuation Pause) 225M->57M(294M) 8.590ms
[2025-04-24T20:53:36.873+0000][7.554s][info ][gc,cpu      ] GC(18) User=0.03s Sys=0.00s Real=0.01s
[2025-04-24T20:53:36.873+0000][7.554s][info ][safepoint   ] Safepoint "G1CollectForAllocation", Time since last: 618578131 ns, Reaching safepoint: 124119 ns, Cleanup: 64552 ns, At safepoint: 8639158 ns, Total: 8827829 ns
[2025-04-24T20:53:37.851+0000][8.533s][debug][safepoint   ] Safepoint synchronization initiated using futex wait barrier. (14 threads)
[2025-04-24T20:53:37.851+0000][8.533s][info ][gc,start    ] GC(19) Pause Young (Normal) (G1 Evacuation Pause)
[2025-04-24T20:53:37.851+0000][8.533s][info ][gc,task     ] GC(19) Using 4 workers of 4 for evacuation
[2025-04-24T20:53:37.864+0000][8.546s][info ][gc,phases   ] GC(19)   Pre Evacuate Collection Set: 0.1ms
[2025-04-24T20:53:37.864+0000][8.546s][info ][gc,phases   ] GC(19)   Merge Heap Roots: 0.1ms
[2025-04-24T20:53:37.864+0000][8.546s][info ][gc,phases   ] GC(19)   Evacuate Collection Set: 10.6ms
[2025-04-24T20:53:37.864+0000][8.546s][info ][gc,phases   ] GC(19)   Post Evacuate Collection Set: 1.6ms
[2025-04-24T20:53:37.864+0000][8.546s][info ][gc,phases   ] GC(19)   Other: 0.2ms
[2025-04-24T20:53:37.864+0000][8.546s][info ][gc,heap     ] GC(19) Eden regions: 168->0(165)
[2025-04-24T20:53:37.864+0000][8.546s][info ][gc,heap     ] GC(19) Survivor regions: 8->11(22)
[2025-04-24T20:53:37.864+0000][8.546s][info ][gc,heap     ] GC(19) Old regions: 49->49
[2025-04-24T20:53:37.864+0000][8.546s][info ][gc,heap     ] GC(19) Archive regions: 2->2
[2025-04-24T20:53:37.864+0000][8.546s][info ][gc,heap     ] GC(19) Humongous regions: 0->0
[2025-04-24T20:53:37.864+0000][8.546s][info ][gc,metaspace] GC(19) Metaspace: 33850K(34176K)->33850K(34176K) NonClass: 29688K(29824K)->29688K(29824K) Class: 4161K(4352K)->4161K(4352K)
[2025-04-24T20:53:37.864+0000][8.546s][info ][gc          ] GC(19) Pause Young (Normal) (G1 Evacuation Pause) 225M->60M(294M) 12.741ms
[2025-04-24T20:53:37.864+0000][8.546s][info ][gc,cpu      ] GC(19) User=0.04s Sys=0.00s Real=0.01s
[2025-04-24T20:53:37.864+0000][8.546s][info ][safepoint   ] Safepoint "G1CollectForAllocation", Time since last: 978426232 ns, Reaching safepoint: 170531 ns, Cleanup: 142416 ns, At safepoint: 12816467 ns, Total: 13129414 ns
[2025-04-24T20:53:38.587+0000][9.269s][debug][safepoint   ] Safepoint synchronization initiated using futex wait barrier. (14 threads)
[2025-04-24T20:53:38.587+0000][9.269s][info ][safepoint   ] Safepoint "ICBufferFull", Time since last: 722897307 ns, Reaching safepoint: 241176 ns, Cleanup: 135817 ns, At safepoint: 4310 ns, Total: 381303 ns
[2025-04-24T20:53:38.781+0000][9.463s][debug][safepoint   ] Safepoint synchronization initiated using futex wait barrier. (14 threads)
[2025-04-24T20:53:38.781+0000][9.463s][info ][gc,start    ] GC(20) Pause Young (Concurrent Start) (Metadata GC Threshold)
[2025-04-24T20:53:38.781+0000][9.463s][info ][gc,task     ] GC(20) Using 4 workers of 4 for evacuation
[2025-04-24T20:53:38.793+0000][9.474s][info ][gc,phases   ] GC(20)   Pre Evacuate Collection Set: 0.1ms
[2025-04-24T20:53:38.793+0000][9.474s][info ][gc,phases   ] GC(20)   Merge Heap Roots: 1.3ms
[2025-04-24T20:53:38.793+0000][9.474s][info ][gc,phases   ] GC(20)   Evacuate Collection Set: 8.5ms
[2025-04-24T20:53:38.793+0000][9.474s][info ][gc,phases   ] GC(20)   Post Evacuate Collection Set: 1.3ms
[2025-04-24T20:53:38.793+0000][9.474s][info ][gc,phases   ] GC(20)   Other: 0.1ms
[2025-04-24T20:53:38.793+0000][9.474s][info ][gc,heap     ] GC(20) Eden regions: 157->0(165)
[2025-04-24T20:53:38.793+0000][9.474s][info ][gc,heap     ] GC(20) Survivor regions: 11->11(22)
[2025-04-24T20:53:38.793+0000][9.474s][info ][gc,heap     ] GC(20) Old regions: 49->49
[2025-04-24T20:53:38.793+0000][9.474s][info ][gc,heap     ] GC(20) Archive regions: 2->2
[2025-04-24T20:53:38.793+0000][9.474s][info ][gc,heap     ] GC(20) Humongous regions: 0->0
[2025-04-24T20:53:38.793+0000][9.474s][info ][gc,metaspace] GC(20) Metaspace: 35965K(36288K)->35965K(36288K) NonClass: 31526K(31680K)->31526K(31680K) Class: 4439K(4608K)->4439K(4608K)
[2025-04-24T20:53:38.793+0000][9.474s][info ][gc          ] GC(20) Pause Young (Concurrent Start) (Metadata GC Threshold) 217M->60M(294M) 11.462ms
[2025-04-24T20:53:38.793+0000][9.474s][info ][gc,cpu      ] GC(20) User=0.03s Sys=0.00s Real=0.01s
[2025-04-24T20:53:38.793+0000][9.474s][info ][gc          ] GC(21) Concurrent Mark Cycle
[2025-04-24T20:53:38.793+0000][9.474s][info ][gc,marking  ] GC(21) Concurrent Clear Claimed Marks
[2025-04-24T20:53:38.793+0000][9.474s][info ][gc,marking  ] GC(21) Concurrent Clear Claimed Marks 0.034ms
[2025-04-24T20:53:38.793+0000][9.474s][info ][gc,marking  ] GC(21) Concurrent Scan Root Regions
[2025-04-24T20:53:38.793+0000][9.474s][info ][safepoint   ] Safepoint "CollectForMetadataAllocation", Time since last: 193624447 ns, Reaching safepoint: 43972 ns, Cleanup: 43741 ns, At safepoint: 11549660 ns, Total: 11637373 ns
[2025-04-24T20:53:38.805+0000][9.486s][info ][gc,marking  ] GC(21) Concurrent Scan Root Regions 11.735ms
[2025-04-24T20:53:38.805+0000][9.486s][info ][gc,marking  ] GC(21) Concurrent Mark
[2025-04-24T20:53:38.805+0000][9.486s][info ][gc,marking  ] GC(21) Concurrent Mark From Roots
[2025-04-24T20:53:38.805+0000][9.486s][info ][gc,task     ] GC(21) Using 1 workers of 1 for marking
[2025-04-24T20:53:38.848+0000][9.529s][debug][safepoint   ] Safepoint synchronization initiated using futex wait barrier. (14 threads)
[2025-04-24T20:53:38.848+0000][9.529s][info ][safepoint   ] Safepoint "CollectForMetadataAllocation", Time since last: 54781172 ns, Reaching safepoint: 62747 ns, Cleanup: 11154 ns, At safepoint: 34845 ns, Total: 108746 ns
[2025-04-24T20:53:38.899+0000][9.581s][info ][gc,marking  ] GC(21) Concurrent Mark From Roots 94.558ms
[2025-04-24T20:53:38.899+0000][9.581s][info ][gc,marking  ] GC(21) Concurrent Preclean
[2025-04-24T20:53:38.900+0000][9.581s][info ][gc,marking  ] GC(21) Concurrent Preclean 0.265ms
[2025-04-24T20:53:38.900+0000][9.581s][debug][safepoint   ] Safepoint synchronization initiated using futex wait barrier. (14 threads)
[2025-04-24T20:53:38.900+0000][9.581s][info ][gc,start    ] GC(21) Pause Remark
[2025-04-24T20:53:38.906+0000][9.588s][info ][gc          ] GC(21) Pause Remark 70M->70M(244M) 6.173ms
[2025-04-24T20:53:38.906+0000][9.588s][info ][gc,cpu      ] GC(21) User=0.02s Sys=0.00s Real=0.00s
[2025-04-24T20:53:38.906+0000][9.588s][info ][safepoint   ] Safepoint "G1PauseRemark", Time since last: 52092516 ns, Reaching safepoint: 91038 ns, Cleanup: 16048 ns, At safepoint: 6264631 ns, Total: 6371717 ns
[2025-04-24T20:53:38.909+0000][9.590s][info ][gc,marking  ] GC(21) Concurrent Mark 104.012ms
[2025-04-24T20:53:38.909+0000][9.590s][info ][gc,marking  ] GC(21) Concurrent Rebuild Remembered Sets
[2025-04-24T20:53:38.958+0000][9.640s][info ][gc,marking  ] GC(21) Concurrent Rebuild Remembered Sets 49.656ms
[2025-04-24T20:53:38.959+0000][9.640s][debug][safepoint   ] Safepoint synchronization initiated using futex wait barrier. (14 threads)
[2025-04-24T20:53:38.959+0000][9.640s][info ][gc,start    ] GC(21) Pause Cleanup
[2025-04-24T20:53:38.959+0000][9.640s][info ][gc          ] GC(21) Pause Cleanup 74M->74M(244M) 0.154ms
[2025-04-24T20:53:38.959+0000][9.640s][info ][gc,cpu      ] GC(21) User=0.00s Sys=0.00s Real=0.00s
[2025-04-24T20:53:38.959+0000][9.640s][info ][safepoint   ] Safepoint "G1PauseCleanup", Time since last: 52397634 ns, Reaching safepoint: 83176 ns, Cleanup: 3902 ns, At safepoint: 199182 ns, Total: 286260 ns
[2025-04-24T20:53:38.959+0000][9.640s][info ][gc,marking  ] GC(21) Concurrent Cleanup for Next Mark
[2025-04-24T20:53:38.961+0000][9.643s][info ][gc,marking  ] GC(21) Concurrent Cleanup for Next Mark 2.457ms
[2025-04-24T20:53:38.961+0000][9.643s][info ][gc          ] GC(21) Concurrent Mark Cycle 168.718ms
[2025-04-24T20:53:39.571+0000][10.253s][debug][safepoint   ] Safepoint synchronization initiated using futex wait barrier. (14 threads)
[2025-04-24T20:53:39.571+0000][10.253s][info ][gc,start    ] GC(22) Pause Young (Prepare Mixed) (G1 Evacuation Pause)
[2025-04-24T20:53:39.571+0000][10.253s][info ][gc,task     ] GC(22) Using 4 workers of 4 for evacuation
[2025-04-24T20:53:39.581+0000][10.263s][info ][gc,phases   ] GC(22)   Pre Evacuate Collection Set: 0.1ms
[2025-04-24T20:53:39.581+0000][10.263s][info ][gc,phases   ] GC(22)   Merge Heap Roots: 0.1ms
[2025-04-24T20:53:39.581+0000][10.263s][info ][gc,phases   ] GC(22)   Evacuate Collection Set: 8.9ms
[2025-04-24T20:53:39.581+0000][10.263s][info ][gc,phases   ] GC(22)   Post Evacuate Collection Set: 1.1ms
[2025-04-24T20:53:39.581+0000][10.263s][info ][gc,phases   ] GC(22)   Other: 0.1ms
[2025-04-24T20:53:39.581+0000][10.263s][info ][gc,heap     ] GC(22) Eden regions: 135->0(3)
[2025-04-24T20:53:39.581+0000][10.263s][info ][gc,heap     ] GC(22) Survivor regions: 11->9(19)
[2025-04-24T20:53:39.581+0000][10.263s][info ][gc,heap     ] GC(22) Old regions: 49->51
[2025-04-24T20:53:39.581+0000][10.263s][info ][gc,heap     ] GC(22) Archive regions: 2->2
[2025-04-24T20:53:39.581+0000][10.263s][info ][gc,heap     ] GC(22) Humongous regions: 0->0
[2025-04-24T20:53:39.581+0000][10.263s][info ][gc,metaspace] GC(22) Metaspace: 39288K(39680K)->39288K(39680K) NonClass: 34366K(34560K)->34366K(34560K) Class: 4922K(5120K)->4922K(5120K)
[2025-04-24T20:53:39.581+0000][10.263s][info ][gc          ] GC(22) Pause Young (Prepare Mixed) (G1 Evacuation Pause) 195M->60M(244M) 10.312ms
[2025-04-24T20:53:39.581+0000][10.263s][info ][gc,cpu      ] GC(22) User=0.04s Sys=0.00s Real=0.01s
[2025-04-24T20:53:39.581+0000][10.263s][info ][safepoint   ] Safepoint "G1CollectForAllocation", Time since last: 612190138 ns, Reaching safepoint: 38807 ns, Cleanup: 87590 ns, At safepoint: 10360319 ns, Total: 10486716 ns
[2025-04-24T20:53:39.606+0000][10.288s][debug][safepoint   ] Safepoint synchronization initiated using futex wait barrier. (14 threads)
[2025-04-24T20:53:39.606+0000][10.288s][info ][gc,start    ] GC(23) Pause Young (Mixed) (G1 Evacuation Pause)
[2025-04-24T20:53:39.606+0000][10.288s][info ][gc,task     ] GC(23) Using 4 workers of 4 for evacuation
[2025-04-24T20:53:39.618+0000][10.299s][info ][gc,phases   ] GC(23)   Pre Evacuate Collection Set: 0.1ms
[2025-04-24T20:53:39.618+0000][10.299s][info ][gc,phases   ] GC(23)   Merge Heap Roots: 0.1ms
[2025-04-24T20:53:39.618+0000][10.299s][info ][gc,phases   ] GC(23)   Evacuate Collection Set: 9.8ms
[2025-04-24T20:53:39.618+0000][10.299s][info ][gc,phases   ] GC(23)   Post Evacuate Collection Set: 1.1ms
[2025-04-24T20:53:39.618+0000][10.299s][info ][gc,phases   ] GC(23)   Other: 0.1ms
[2025-04-24T20:53:39.618+0000][10.299s][info ][gc,heap     ] GC(23) Eden regions: 3->0(144)
[2025-04-24T20:53:39.618+0000][10.299s][info ][gc,heap     ] GC(23) Survivor regions: 9->2(2)
[2025-04-24T20:53:39.618+0000][10.299s][info ][gc,heap     ] GC(23) Old regions: 51->57
[2025-04-24T20:53:39.618+0000][10.299s][info ][gc,heap     ] GC(23) Archive regions: 2->2
[2025-04-24T20:53:39.618+0000][10.299s][info ][gc,heap     ] GC(23) Humongous regions: 0->0
[2025-04-24T20:53:39.618+0000][10.299s][info ][gc,metaspace] GC(23) Metaspace: 39322K(39680K)->39322K(39680K) NonClass: 34399K(34560K)->34399K(34560K) Class: 4922K(5120K)->4922K(5120K)
[2025-04-24T20:53:39.618+0000][10.299s][info ][gc          ] GC(23) Pause Young (Mixed) (G1 Evacuation Pause) 63M->58M(244M) 11.270ms
[2025-04-24T20:53:39.618+0000][10.299s][info ][gc,cpu      ] GC(23) User=0.05s Sys=0.00s Real=0.02s
[2025-04-24T20:53:39.618+0000][10.299s][info ][safepoint   ] Safepoint "G1CollectForAllocation", Time since last: 24887497 ns, Reaching safepoint: 47099 ns, Cleanup: 17758 ns, At safepoint: 11323943 ns, Total: 11388800 ns
[2025-04-24T20:53:40.602+0000][11.283s][debug][safepoint   ] Safepoint synchronization initiated using futex wait barrier. (14 threads)
[2025-04-24T20:53:40.602+0000][11.284s][info ][safepoint   ] Safepoint "ICBufferFull", Time since last: 983987093 ns, Reaching safepoint: 82387 ns, Cleanup: 152861 ns, At safepoint: 3586 ns, Total: 238834 ns
[2025-04-24T20:53:40.821+0000][11.503s][debug][safepoint   ] Safepoint synchronization initiated using futex wait barrier. (14 threads)
[2025-04-24T20:53:40.821+0000][11.503s][info ][gc,start    ] GC(24) Pause Young (Concurrent Start) (G1 Evacuation Pause)
[2025-04-24T20:53:40.821+0000][11.503s][info ][gc,task     ] GC(24) Using 4 workers of 4 for evacuation
[2025-04-24T20:53:40.827+0000][11.508s][info ][gc,phases   ] GC(24)   Pre Evacuate Collection Set: 0.1ms
[2025-04-24T20:53:40.827+0000][11.508s][info ][gc,phases   ] GC(24)   Merge Heap Roots: 0.1ms
[2025-04-24T20:53:40.827+0000][11.508s][info ][gc,phases   ] GC(24)   Evacuate Collection Set: 4.2ms
[2025-04-24T20:53:40.827+0000][11.508s][info ][gc,phases   ] GC(24)   Post Evacuate Collection Set: 0.8ms
[2025-04-24T20:53:40.827+0000][11.508s][info ][gc,phases   ] GC(24)   Other: 0.3ms
[2025-04-24T20:53:40.827+0000][11.508s][info ][gc,heap     ] GC(24) Eden regions: 144->0(143)
[2025-04-24T20:53:40.827+0000][11.508s][info ][gc,heap     ] GC(24) Survivor regions: 2->3(19)
[2025-04-24T20:53:40.827+0000][11.508s][info ][gc,heap     ] GC(24) Old regions: 57->57
[2025-04-24T20:53:40.827+0000][11.508s][info ][gc,heap     ] GC(24) Archive regions: 2->2
[2025-04-24T20:53:40.827+0000][11.508s][info ][gc,heap     ] GC(24) Humongous regions: 0->0
[2025-04-24T20:53:40.827+0000][11.508s][info ][gc,metaspace] GC(24) Metaspace: 41917K(42368K)->41917K(42368K) NonClass: 36629K(36864K)->36629K(36864K) Class: 5288K(5504K)->5288K(5504K)
[2025-04-24T20:53:40.827+0000][11.508s][info ][gc          ] GC(24) Pause Young (Concurrent Start) (G1 Evacuation Pause) 202M->59M(244M) 5.577ms
[2025-04-24T20:53:40.827+0000][11.508s][info ][gc,cpu      ] GC(24) User=0.02s Sys=0.00s Real=0.00s
[2025-04-24T20:53:40.827+0000][11.508s][info ][gc          ] GC(25) Concurrent Mark Cycle
[2025-04-24T20:53:40.827+0000][11.508s][info ][gc,marking  ] GC(25) Concurrent Clear Claimed Marks
[2025-04-24T20:53:40.827+0000][11.508s][info ][gc,marking  ] GC(25) Concurrent Clear Claimed Marks 0.034ms
[2025-04-24T20:53:40.827+0000][11.508s][info ][gc,marking  ] GC(25) Concurrent Scan Root Regions
[2025-04-24T20:53:40.830+0000][11.511s][info ][safepoint   ] Safepoint "G1CollectForAllocation", Time since last: 219036289 ns, Reaching safepoint: 205744 ns, Cleanup: 31281 ns, At safepoint: 8475767 ns, Total: 8712792 ns
[2025-04-24T20:53:40.836+0000][11.518s][info ][gc,marking  ] GC(25) Concurrent Scan Root Regions 9.448ms
[2025-04-24T20:53:40.836+0000][11.518s][info ][gc,marking  ] GC(25) Concurrent Mark
[2025-04-24T20:53:40.836+0000][11.518s][info ][gc,marking  ] GC(25) Concurrent Mark From Roots
[2025-04-24T20:53:40.836+0000][11.518s][info ][gc,task     ] GC(25) Using 1 workers of 1 for marking
[2025-04-24T20:53:40.968+0000][11.650s][info ][gc,marking  ] GC(25) Concurrent Mark From Roots 131.599ms
[2025-04-24T20:53:40.968+0000][11.650s][info ][gc,marking  ] GC(25) Concurrent Preclean
[2025-04-24T20:53:40.969+0000][11.650s][info ][gc,marking  ] GC(25) Concurrent Preclean 0.313ms
[2025-04-24T20:53:40.969+0000][11.650s][debug][safepoint   ] Safepoint synchronization initiated using futex wait barrier. (14 threads)
[2025-04-24T20:53:40.969+0000][11.651s][info ][gc,start    ] GC(25) Pause Remark
[2025-04-24T20:53:40.974+0000][11.655s][info ][gc          ] GC(25) Pause Remark 75M->75M(244M) 4.613ms
[2025-04-24T20:53:40.974+0000][11.655s][info ][gc,cpu      ] GC(25) User=0.02s Sys=0.00s Real=0.00s
[2025-04-24T20:53:40.974+0000][11.655s][info ][safepoint   ] Safepoint "G1PauseRemark", Time since last: 139129533 ns, Reaching safepoint: 119064 ns, Cleanup: 20421 ns, At safepoint: 4773183 ns, Total: 4912668 ns
[2025-04-24T20:53:40.974+0000][11.655s][info ][gc,marking  ] GC(25) Concurrent Mark 137.345ms
[2025-04-24T20:53:40.974+0000][11.655s][info ][gc,marking  ] GC(25) Concurrent Rebuild Remembered Sets
[2025-04-24T20:53:41.036+0000][11.718s][info ][gc,marking  ] GC(25) Concurrent Rebuild Remembered Sets 62.596ms
[2025-04-24T20:53:41.037+0000][11.718s][debug][safepoint   ] Safepoint synchronization initiated using futex wait barrier. (14 threads)
[2025-04-24T20:53:41.037+0000][11.718s][debug][safepoint   ] ... found polling page loop exception at pc = 0x00007d72710532fb, stub =0x00007d727098e400
[2025-04-24T20:53:41.037+0000][11.718s][info ][gc,start    ] GC(25) Pause Cleanup
[2025-04-24T20:53:41.037+0000][11.719s][info ][gc          ] GC(25) Pause Cleanup 82M->82M(244M) 0.220ms
[2025-04-24T20:53:41.037+0000][11.719s][info ][gc,cpu      ] GC(25) User=0.00s Sys=0.00s Real=0.00s
[2025-04-24T20:53:41.037+0000][11.719s][info ][safepoint   ] Safepoint "G1PauseCleanup", Time since last: 62841989 ns, Reaching safepoint: 215026 ns, Cleanup: 10140 ns, At safepoint: 393721 ns, Total: 618887 ns
[2025-04-24T20:53:41.037+0000][11.719s][info ][gc,marking  ] GC(25) Concurrent Cleanup for Next Mark
[2025-04-24T20:53:41.039+0000][11.721s][info ][gc,marking  ] GC(25) Concurrent Cleanup for Next Mark 2.070ms
[2025-04-24T20:53:41.040+0000][11.721s][info ][gc          ] GC(25) Concurrent Mark Cycle 212.699ms
[2025-04-24T20:53:41.486+0000][12.168s][debug][safepoint   ] ... found polling page loop exception at pc = 0x00007d7270f6479b, stub =0x00007d727098e400
[2025-04-24T20:53:41.659+0000][12.341s][debug][safepoint   ] Safepoint synchronization initiated using futex wait barrier. (14 threads)
[2025-04-24T20:53:41.660+0000][12.341s][info ][safepoint   ] Safepoint "ICBufferFull", Time since last: 622153767 ns, Reaching safepoint: 55530 ns, Cleanup: 127855 ns, At safepoint: 2929 ns, Total: 186314 ns
[2025-04-24T20:53:42.077+0000][12.758s][debug][safepoint   ] Safepoint synchronization initiated using futex wait barrier. (14 threads)
[2025-04-24T20:53:42.077+0000][12.758s][info ][gc,start    ] GC(26) Pause Young (Prepare Mixed) (G1 Evacuation Pause)
[2025-04-24T20:53:42.077+0000][12.758s][info ][gc,task     ] GC(26) Using 4 workers of 4 for evacuation
[2025-04-24T20:53:42.088+0000][12.770s][info ][gc,phases   ] GC(26)   Pre Evacuate Collection Set: 0.1ms
[2025-04-24T20:53:42.088+0000][12.770s][info ][gc,phases   ] GC(26)   Merge Heap Roots: 0.1ms
[2025-04-24T20:53:42.088+0000][12.770s][info ][gc,phases   ] GC(26)   Evacuate Collection Set: 10.0ms
[2025-04-24T20:53:42.088+0000][12.770s][info ][gc,phases   ] GC(26)   Post Evacuate Collection Set: 1.1ms
[2025-04-24T20:53:42.088+0000][12.770s][info ][gc,phases   ] GC(26)   Other: 0.1ms
[2025-04-24T20:53:42.088+0000][12.770s][info ][gc,heap     ] GC(26) Eden regions: 143->0(6)
[2025-04-24T20:53:42.088+0000][12.770s][info ][gc,heap     ] GC(26) Survivor regions: 3->6(19)
[2025-04-24T20:53:42.088+0000][12.770s][info ][gc,heap     ] GC(26) Old regions: 57->57
[2025-04-24T20:53:42.088+0000][12.770s][info ][gc,heap     ] GC(26) Archive regions: 2->2
[2025-04-24T20:53:42.088+0000][12.770s][info ][gc,heap     ] GC(26) Humongous regions: 0->0
[2025-04-24T20:53:42.088+0000][12.770s][info ][gc,metaspace] GC(26) Metaspace: 45793K(46144K)->45793K(46144K) NonClass: 39946K(40128K)->39946K(40128K) Class: 5847K(6016K)->5847K(6016K)
[2025-04-24T20:53:42.088+0000][12.770s][info ][gc          ] GC(26) Pause Young (Prepare Mixed) (G1 Evacuation Pause) 202M->63M(244M) 11.571ms
[2025-04-24T20:53:42.088+0000][12.770s][info ][gc,cpu      ] GC(26) User=0.04s Sys=0.00s Real=0.02s
[2025-04-24T20:53:42.088+0000][12.770s][info ][safepoint   ] Safepoint "G1CollectForAllocation", Time since last: 417035412 ns, Reaching safepoint: 54416 ns, Cleanup: 67705 ns, At safepoint: 11629837 ns, Total: 11751958 ns
[2025-04-24T20:53:42.147+0000][12.829s][debug][safepoint   ] Safepoint synchronization initiated using futex wait barrier. (14 threads)
[2025-04-24T20:53:42.147+0000][12.829s][info ][gc,start    ] GC(27) Pause Young (Mixed) (G1 Evacuation Pause)
[2025-04-24T20:53:42.147+0000][12.829s][info ][gc,task     ] GC(27) Using 4 workers of 4 for evacuation
[2025-04-24T20:53:42.158+0000][12.840s][info ][gc,phases   ] GC(27)   Pre Evacuate Collection Set: 0.1ms
[2025-04-24T20:53:42.158+0000][12.840s][info ][gc,phases   ] GC(27)   Merge Heap Roots: 0.1ms
[2025-04-24T20:53:42.158+0000][12.840s][info ][gc,phases   ] GC(27)   Evacuate Collection Set: 9.7ms
[2025-04-24T20:53:42.158+0000][12.840s][info ][gc,phases   ] GC(27)   Post Evacuate Collection Set: 1.1ms
[2025-04-24T20:53:42.158+0000][12.840s][info ][gc,phases   ] GC(27)   Other: 0.1ms
[2025-04-24T20:53:42.158+0000][12.840s][info ][gc,heap     ] GC(27) Eden regions: 6->0(143)
[2025-04-24T20:53:42.158+0000][12.840s][info ][gc,heap     ] GC(27) Survivor regions: 6->1(2)
[2025-04-24T20:53:42.158+0000][12.840s][info ][gc,heap     ] GC(27) Old regions: 57->62
[2025-04-24T20:53:42.158+0000][12.840s][info ][gc,heap     ] GC(27) Archive regions: 2->2
[2025-04-24T20:53:42.158+0000][12.840s][info ][gc,heap     ] GC(27) Humongous regions: 0->0
[2025-04-24T20:53:42.158+0000][12.840s][info ][gc,metaspace] GC(27) Metaspace: 45971K(46400K)->45971K(46400K) NonClass: 40096K(40320K)->40096K(40320K) Class: 5875K(6080K)->5875K(6080K)
[2025-04-24T20:53:42.158+0000][12.840s][info ][gc          ] GC(27) Pause Young (Mixed) (G1 Evacuation Pause) 69M->62M(244M) 11.219ms
[2025-04-24T20:53:42.158+0000][12.840s][info ][gc,cpu      ] GC(27) User=0.04s Sys=0.00s Real=0.02s
[2025-04-24T20:53:42.158+0000][12.840s][info ][safepoint   ] Safepoint "G1CollectForAllocation", Time since last: 58755658 ns, Reaching safepoint: 52684 ns, Cleanup: 33023 ns, At safepoint: 11267760 ns, Total: 11353467 ns
[2025-04-24T20:53:43.017+0000][13.699s][debug][safepoint   ] Safepoint synchronization initiated using futex wait barrier. (15 threads)
[2025-04-24T20:53:43.017+0000][13.699s][info ][safepoint   ] Safepoint "ICBufferFull", Time since last: 858547177 ns, Reaching safepoint: 320512 ns, Cleanup: 125982 ns, At safepoint: 5343 ns, Total: 451837 ns
[2025-04-24T20:53:44.570+0000][15.251s][debug][safepoint   ] Safepoint synchronization initiated using futex wait barrier. (17 threads)
[2025-04-24T20:53:44.570+0000][15.251s][info ][safepoint   ] Safepoint "Cleanup", Time since last: 1552354252 ns, Reaching safepoint: 52791 ns, Cleanup: 65905 ns, At safepoint: 2875 ns, Total: 121571 ns
[2025-04-24T20:53:44.637+0000][15.319s][debug][safepoint   ] Safepoint synchronization initiated using futex wait barrier. (17 threads)
[2025-04-24T20:53:44.638+0000][15.319s][info ][gc,start    ] GC(28) Pause Young (Normal) (G1 Evacuation Pause)
[2025-04-24T20:53:44.638+0000][15.319s][info ][gc,task     ] GC(28) Using 4 workers of 4 for evacuation
[2025-04-24T20:53:44.644+0000][15.326s][info ][gc,phases   ] GC(28)   Pre Evacuate Collection Set: 0.1ms
[2025-04-24T20:53:44.644+0000][15.326s][info ][gc,phases   ] GC(28)   Merge Heap Roots: 0.1ms
[2025-04-24T20:53:44.644+0000][15.326s][info ][gc,phases   ] GC(28)   Evacuate Collection Set: 5.6ms
[2025-04-24T20:53:44.644+0000][15.326s][info ][gc,phases   ] GC(28)   Post Evacuate Collection Set: 0.9ms
[2025-04-24T20:53:44.644+0000][15.326s][info ][gc,phases   ] GC(28)   Other: 0.1ms
[2025-04-24T20:53:44.644+0000][15.326s][info ][gc,heap     ] GC(28) Eden regions: 143->0(142)
[2025-04-24T20:53:44.644+0000][15.326s][info ][gc,heap     ] GC(28) Survivor regions: 1->3(18)
[2025-04-24T20:53:44.644+0000][15.326s][info ][gc,heap     ] GC(28) Old regions: 62->62
[2025-04-24T20:53:44.644+0000][15.326s][info ][gc,heap     ] GC(28) Archive regions: 2->2
[2025-04-24T20:53:44.644+0000][15.326s][info ][gc,heap     ] GC(28) Humongous regions: 0->0
[2025-04-24T20:53:44.644+0000][15.326s][info ][gc,metaspace] GC(28) Metaspace: 53750K(54144K)->53750K(54144K) NonClass: 46972K(47168K)->46972K(47168K) Class: 6777K(6976K)->6777K(6976K)
[2025-04-24T20:53:44.644+0000][15.326s][info ][gc          ] GC(28) Pause Young (Normal) (G1 Evacuation Pause) 205M->64M(244M) 6.874ms
[2025-04-24T20:53:44.644+0000][15.326s][info ][gc,cpu      ] GC(28) User=0.02s Sys=0.00s Real=0.01s
[2025-04-24T20:53:44.644+0000][15.326s][info ][safepoint   ] Safepoint "G1CollectForAllocation", Time since last: 67515354 ns, Reaching safepoint: 53150 ns, Cleanup: 30605 ns, At safepoint: 6923776 ns, Total: 7007531 ns
[2025-04-24T20:53:45.190+0000][15.872s][debug][safepoint   ] Safepoint synchronization initiated using futex wait barrier. (17 threads)
[2025-04-24T20:53:45.191+0000][15.872s][info ][safepoint   ] Safepoint "ICBufferFull", Time since last: 545499642 ns, Reaching safepoint: 444699 ns, Cleanup: 215807 ns, At safepoint: 7590 ns, Total: 668096 ns
[2025-04-24T20:53:45.807+0000][16.488s][debug][safepoint   ] Safepoint synchronization initiated using futex wait barrier. (17 threads)
[2025-04-24T20:53:45.807+0000][16.489s][info ][gc,start    ] GC(29) Pause Young (Normal) (G1 Evacuation Pause)
[2025-04-24T20:53:45.807+0000][16.489s][info ][gc,task     ] GC(29) Using 4 workers of 4 for evacuation
[2025-04-24T20:53:45.814+0000][16.496s][info ][gc,phases   ] GC(29)   Pre Evacuate Collection Set: 0.1ms
[2025-04-24T20:53:45.814+0000][16.496s][info ][gc,phases   ] GC(29)   Merge Heap Roots: 0.1ms
[2025-04-24T20:53:45.814+0000][16.496s][info ][gc,phases   ] GC(29)   Evacuate Collection Set: 5.8ms
[2025-04-24T20:53:45.814+0000][16.496s][info ][gc,phases   ] GC(29)   Post Evacuate Collection Set: 1.1ms
[2025-04-24T20:53:45.814+0000][16.496s][info ][gc,phases   ] GC(29)   Other: 0.1ms
[2025-04-24T20:53:45.814+0000][16.496s][info ][gc,heap     ] GC(29) Eden regions: 142->0(140)
[2025-04-24T20:53:45.814+0000][16.496s][info ][gc,heap     ] GC(29) Survivor regions: 3->5(19)
[2025-04-24T20:53:45.814+0000][16.496s][info ][gc,heap     ] GC(29) Old regions: 62->62
[2025-04-24T20:53:45.814+0000][16.496s][info ][gc,heap     ] GC(29) Archive regions: 2->2
[2025-04-24T20:53:45.814+0000][16.496s][info ][gc,heap     ] GC(29) Humongous regions: 0->0
[2025-04-24T20:53:45.814+0000][16.496s][info ][gc,metaspace] GC(29) Metaspace: 57374K(57856K)->57374K(57856K) NonClass: 50114K(50368K)->50114K(50368K) Class: 7259K(7488K)->7259K(7488K)
[2025-04-24T20:53:45.814+0000][16.496s][info ][gc          ] GC(29) Pause Young (Normal) (G1 Evacuation Pause) 206M->66M(244M) 7.241ms
[2025-04-24T20:53:45.814+0000][16.496s][info ][gc,cpu      ] GC(29) User=0.02s Sys=0.00s Real=0.01s
[2025-04-24T20:53:45.814+0000][16.496s][info ][safepoint   ] Safepoint "G1CollectForAllocation", Time since last: 616317072 ns, Reaching safepoint: 36068 ns, Cleanup: 59311 ns, At safepoint: 7288797 ns, Total: 7384176 ns
[2025-04-24T20:53:46.446+0000][17.128s][debug][safepoint   ] Safepoint synchronization initiated using futex wait barrier. (20 threads)
[2025-04-24T20:53:46.446+0000][17.128s][info ][safepoint   ] Safepoint "ICBufferFull", Time since last: 631992280 ns, Reaching safepoint: 45379 ns, Cleanup: 101630 ns, At safepoint: 3684 ns, Total: 150693 ns
[2025-04-24T20:53:46.644+0000][17.326s][debug][safepoint   ] Safepoint synchronization initiated using futex wait barrier. (20 threads)
[2025-04-24T20:53:46.645+0000][17.326s][info ][gc,start    ] GC(30) Pause Young (Normal) (G1 Evacuation Pause)
[2025-04-24T20:53:46.645+0000][17.326s][info ][gc,task     ] GC(30) Using 4 workers of 4 for evacuation
[2025-04-24T20:53:46.661+0000][17.342s][info ][gc,phases   ] GC(30)   Pre Evacuate Collection Set: 0.3ms
[2025-04-24T20:53:46.661+0000][17.342s][info ][gc,phases   ] GC(30)   Merge Heap Roots: 0.1ms
[2025-04-24T20:53:46.661+0000][17.342s][info ][gc,phases   ] GC(30)   Evacuate Collection Set: 13.7ms
[2025-04-24T20:53:46.661+0000][17.342s][info ][gc,phases   ] GC(30)   Post Evacuate Collection Set: 1.7ms
[2025-04-24T20:53:46.661+0000][17.342s][info ][gc,phases   ] GC(30)   Other: 0.1ms
[2025-04-24T20:53:46.661+0000][17.342s][info ][gc,heap     ] GC(30) Eden regions: 140->0(137)
[2025-04-24T20:53:46.661+0000][17.342s][info ][gc,heap     ] GC(30) Survivor regions: 5->8(19)
[2025-04-24T20:53:46.661+0000][17.342s][info ][gc,heap     ] GC(30) Old regions: 62->62
[2025-04-24T20:53:46.661+0000][17.342s][info ][gc,heap     ] GC(30) Archive regions: 2->2
[2025-04-24T20:53:46.661+0000][17.342s][info ][gc,heap     ] GC(30) Humongous regions: 0->0
[2025-04-24T20:53:46.661+0000][17.342s][info ][gc,metaspace] GC(30) Metaspace: 63038K(63488K)->63038K(63488K) NonClass: 55070K(55296K)->55070K(55296K) Class: 7968K(8192K)->7968K(8192K)
[2025-04-24T20:53:46.661+0000][17.342s][info ][gc          ] GC(30) Pause Young (Normal) (G1 Evacuation Pause) 206M->69M(244M) 16.100ms
[2025-04-24T20:53:46.661+0000][17.342s][info ][gc,cpu      ] GC(30) User=0.07s Sys=0.00s Real=0.02s
[2025-04-24T20:53:46.661+0000][17.342s][info ][safepoint   ] Safepoint "G1CollectForAllocation", Time since last: 198012526 ns, Reaching safepoint: 68085 ns, Cleanup: 49593 ns, At safepoint: 16167551 ns, Total: 16285229 ns
[2025-04-24T20:53:47.290+0000][17.972s][debug][safepoint   ] Safepoint synchronization initiated using futex wait barrier. (20 threads)
[2025-04-24T20:53:47.291+0000][17.973s][info ][gc,start    ] GC(31) Pause Young (Normal) (G1 Evacuation Pause)
[2025-04-24T20:53:47.291+0000][17.973s][info ][gc,task     ] GC(31) Using 4 workers of 4 for evacuation
[2025-04-24T20:53:47.299+0000][17.980s][info ][gc,phases   ] GC(31)   Pre Evacuate Collection Set: 0.1ms
[2025-04-24T20:53:47.299+0000][17.980s][info ][gc,phases   ] GC(31)   Merge Heap Roots: 0.1ms
[2025-04-24T20:53:47.299+0000][17.980s][info ][gc,phases   ] GC(31)   Evacuate Collection Set: 6.3ms
[2025-04-24T20:53:47.299+0000][17.980s][info ][gc,phases   ] GC(31)   Post Evacuate Collection Set: 1.1ms
[2025-04-24T20:53:47.299+0000][17.980s][info ][gc,phases   ] GC(31)   Other: 0.1ms
[2025-04-24T20:53:47.299+0000][17.980s][info ][gc,heap     ] GC(31) Eden regions: 137->0(139)
[2025-04-24T20:53:47.299+0000][17.980s][info ][gc,heap     ] GC(31) Survivor regions: 8->7(19)
[2025-04-24T20:53:47.299+0000][17.980s][info ][gc,heap     ] GC(31) Old regions: 62->62
[2025-04-24T20:53:47.299+0000][17.980s][info ][gc,heap     ] GC(31) Archive regions: 2->2
[2025-04-24T20:53:47.299+0000][17.980s][info ][gc,heap     ] GC(31) Humongous regions: 0->0
[2025-04-24T20:53:47.299+0000][17.980s][info ][gc,metaspace] GC(31) Metaspace: 65222K(65728K)->65222K(65728K) NonClass: 56891K(57152K)->56891K(57152K) Class: 8331K(8576K)->8331K(8576K)
[2025-04-24T20:53:47.299+0000][17.980s][info ][gc          ] GC(31) Pause Young (Normal) (G1 Evacuation Pause) 206M->68M(244M) 7.700ms
[2025-04-24T20:53:47.299+0000][17.980s][info ][gc,cpu      ] GC(31) User=0.02s Sys=0.00s Real=0.01s
[2025-04-24T20:53:47.299+0000][17.980s][info ][safepoint   ] Safepoint "G1CollectForAllocation", Time since last: 629306378 ns, Reaching safepoint: 37453 ns, Cleanup: 1064403 ns, At safepoint: 7745244 ns, Total: 8847100 ns
[2025-04-24T20:53:47.727+0000][18.409s][debug][safepoint   ] Safepoint synchronization initiated using futex wait barrier. (20 threads)
[2025-04-24T20:53:47.727+0000][18.409s][info ][safepoint   ] Safepoint "ICBufferFull", Time since last: 428330761 ns, Reaching safepoint: 37154 ns, Cleanup: 74912 ns, At safepoint: 2469 ns, Total: 114535 ns
[2025-04-24T20:53:48.037+0000][18.719s][debug][safepoint   ] Safepoint synchronization initiated using futex wait barrier. (20 threads)
[2025-04-24T20:53:48.038+0000][18.719s][info ][gc,start    ] GC(32) Pause Young (Normal) (G1 Evacuation Pause)
[2025-04-24T20:53:48.038+0000][18.719s][info ][gc,task     ] GC(32) Using 4 workers of 4 for evacuation
[2025-04-24T20:53:48.048+0000][18.729s][info ][gc,phases   ] GC(32)   Pre Evacuate Collection Set: 0.1ms
[2025-04-24T20:53:48.048+0000][18.729s][info ][gc,phases   ] GC(32)   Merge Heap Roots: 0.1ms
[2025-04-24T20:53:48.048+0000][18.729s][info ][gc,phases   ] GC(32)   Evacuate Collection Set: 8.7ms
[2025-04-24T20:53:48.048+0000][18.729s][info ][gc,phases   ] GC(32)   Post Evacuate Collection Set: 1.2ms
[2025-04-24T20:53:48.048+0000][18.730s][info ][gc,phases   ] GC(32)   Other: 0.1ms
[2025-04-24T20:53:48.048+0000][18.730s][info ][gc,heap     ] GC(32) Eden regions: 139->0(133)
[2025-04-24T20:53:48.048+0000][18.730s][info ][gc,heap     ] GC(32) Survivor regions: 7->11(19)
[2025-04-24T20:53:48.048+0000][18.730s][info ][gc,heap     ] GC(32) Old regions: 62->62
[2025-04-24T20:53:48.048+0000][18.730s][info ][gc,heap     ] GC(32) Archive regions: 2->2
[2025-04-24T20:53:48.048+0000][18.730s][info ][gc,heap     ] GC(32) Humongous regions: 0->0
[2025-04-24T20:53:48.048+0000][18.730s][info ][gc,metaspace] GC(32) Metaspace: 68767K(69248K)->68767K(69248K) NonClass: 60007K(60224K)->60007K(60224K) Class: 8759K(9024K)->8759K(9024K)
[2025-04-24T20:53:48.048+0000][18.730s][info ][gc          ] GC(32) Pause Young (Normal) (G1 Evacuation Pause) 207M->72M(244M) 10.374ms
[2025-04-24T20:53:48.048+0000][18.730s][info ][gc,cpu      ] GC(32) User=0.04s Sys=0.00s Real=0.02s
[2025-04-24T20:53:48.048+0000][18.730s][info ][safepoint   ] Safepoint "G1CollectForAllocation", Time since last: 310096059 ns, Reaching safepoint: 118188 ns, Cleanup: 66368 ns, At safepoint: 10426437 ns, Total: 10610993 ns
[2025-04-24T20:53:48.337+0000][19.019s][debug][safepoint   ] Safepoint synchronization initiated using futex wait barrier. (20 threads)
[2025-04-24T20:53:48.338+0000][19.019s][info ][gc,start    ] GC(33) Pause Young (Concurrent Start) (Metadata GC Threshold)
[2025-04-24T20:53:48.338+0000][19.019s][info ][gc,task     ] GC(33) Using 4 workers of 4 for evacuation
[2025-04-24T20:53:48.348+0000][19.030s][info ][gc,phases   ] GC(33)   Pre Evacuate Collection Set: 0.1ms
[2025-04-24T20:53:48.348+0000][19.030s][info ][gc,phases   ] GC(33)   Merge Heap Roots: 0.1ms
[2025-04-24T20:53:48.348+0000][19.030s][info ][gc,phases   ] GC(33)   Evacuate Collection Set: 9.5ms
[2025-04-24T20:53:48.348+0000][19.030s][info ][gc,phases   ] GC(33)   Post Evacuate Collection Set: 1.2ms
[2025-04-24T20:53:48.348+0000][19.030s][info ][gc,phases   ] GC(33)   Other: 0.1ms
[2025-04-24T20:53:48.348+0000][19.030s][info ][gc,heap     ] GC(33) Eden regions: 52->0(130)
[2025-04-24T20:53:48.348+0000][19.030s][info ][gc,heap     ] GC(33) Survivor regions: 11->10(18)
[2025-04-24T20:53:48.348+0000][19.030s][info ][gc,heap     ] GC(33) Old regions: 62->64
[2025-04-24T20:53:48.348+0000][19.030s][info ][gc,heap     ] GC(33) Archive regions: 2->2
[2025-04-24T20:53:48.348+0000][19.030s][info ][gc,heap     ] GC(33) Humongous regions: 0->0
[2025-04-24T20:53:48.348+0000][19.030s][info ][gc,metaspace] GC(33) Metaspace: 70303K(70720K)->70303K(70720K) NonClass: 61358K(61568K)->61358K(61568K) Class: 8945K(9152K)->8945K(9152K)
[2025-04-24T20:53:48.349+0000][19.030s][info ][gc          ] GC(33) Pause Young (Concurrent Start) (Metadata GC Threshold) 123M->73M(244M) 10.966ms
[2025-04-24T20:53:48.349+0000][19.030s][info ][gc,cpu      ] GC(33) User=0.04s Sys=0.01s Real=0.02s
[2025-04-24T20:53:48.349+0000][19.030s][info ][gc          ] GC(34) Concurrent Mark Cycle
[2025-04-24T20:53:48.349+0000][19.030s][info ][gc,marking  ] GC(34) Concurrent Clear Claimed Marks
[2025-04-24T20:53:48.349+0000][19.030s][info ][safepoint   ] Safepoint "CollectForMetadataAllocation", Time since last: 289362495 ns, Reaching safepoint: 35139 ns, Cleanup: 60288 ns, At safepoint: 11033917 ns, Total: 11129344 ns
[2025-04-24T20:53:48.349+0000][19.030s][info ][gc,marking  ] GC(34) Concurrent Clear Claimed Marks 0.039ms
[2025-04-24T20:53:48.349+0000][19.030s][info ][gc,marking  ] GC(34) Concurrent Scan Root Regions
[2025-04-24T20:53:48.360+0000][19.041s][info ][gc,marking  ] GC(34) Concurrent Scan Root Regions 11.227ms
[2025-04-24T20:53:48.360+0000][19.041s][info ][gc,marking  ] GC(34) Concurrent Mark
[2025-04-24T20:53:48.360+0000][19.041s][info ][gc,marking  ] GC(34) Concurrent Mark From Roots
[2025-04-24T20:53:48.360+0000][19.041s][info ][gc,task     ] GC(34) Using 1 workers of 1 for marking
[2025-04-24T20:53:48.402+0000][19.084s][debug][safepoint   ] Safepoint synchronization initiated using futex wait barrier. (20 threads)
[2025-04-24T20:53:48.402+0000][19.084s][info ][safepoint   ] Safepoint "CollectForMetadataAllocation", Time since last: 53594366 ns, Reaching safepoint: 64842 ns, Cleanup: 8477 ns, At safepoint: 25891 ns, Total: 99210 ns
[2025-04-24T20:53:48.443+0000][19.124s][debug][safepoint   ] Safepoint synchronization initiated using futex wait barrier. (19 threads)
[2025-04-24T20:53:48.443+0000][19.125s][info ][safepoint   ] Safepoint "CollectForMetadataAllocation", Time since last: 40570859 ns, Reaching safepoint: 161462 ns, Cleanup: 10140 ns, At safepoint: 40818 ns, Total: 212420 ns
[2025-04-24T20:53:48.444+0000][19.125s][info ][gc,marking  ] GC(34) Concurrent Mark From Roots 83.638ms
[2025-04-24T20:53:48.444+0000][19.125s][info ][gc,marking  ] GC(34) Concurrent Preclean
[2025-04-24T20:53:48.444+0000][19.125s][info ][gc,marking  ] GC(34) Concurrent Preclean 0.325ms
[2025-04-24T20:53:48.444+0000][19.125s][debug][safepoint   ] Safepoint synchronization initiated using futex wait barrier. (19 threads)
[2025-04-24T20:53:48.444+0000][19.126s][info ][gc,start    ] GC(34) Pause Remark
[2025-04-24T20:53:48.449+0000][19.131s][info ][gc          ] GC(34) Pause Remark 100M->100M(244M) 5.119ms
[2025-04-24T20:53:48.449+0000][19.131s][info ][gc,cpu      ] GC(34) User=0.02s Sys=0.00s Real=0.01s
[2025-04-24T20:53:48.449+0000][19.131s][info ][safepoint   ] Safepoint "G1PauseRemark", Time since last: 888022 ns, Reaching safepoint: 79673 ns, Cleanup: 2567 ns, At safepoint: 5188032 ns, Total: 5270272 ns
[2025-04-24T20:53:48.449+0000][19.131s][info ][gc,marking  ] GC(34) Concurrent Mark 89.347ms
[2025-04-24T20:53:48.449+0000][19.131s][info ][gc,marking  ] GC(34) Concurrent Rebuild Remembered Sets
[2025-04-24T20:53:48.513+0000][19.195s][info ][gc,marking  ] GC(34) Concurrent Rebuild Remembered Sets 63.955ms
[2025-04-24T20:53:48.513+0000][19.195s][debug][safepoint   ] Safepoint synchronization initiated using futex wait barrier. (19 threads)
[2025-04-24T20:53:48.513+0000][19.195s][info ][gc,start    ] GC(34) Pause Cleanup
[2025-04-24T20:53:48.513+0000][19.195s][info ][gc          ] GC(34) Pause Cleanup 111M->111M(244M) 0.134ms
[2025-04-24T20:53:48.513+0000][19.195s][info ][gc,cpu      ] GC(34) User=0.00s Sys=0.00s Real=0.00s
[2025-04-24T20:53:48.513+0000][19.195s][info ][safepoint   ] Safepoint "G1PauseCleanup", Time since last: 64059393 ns, Reaching safepoint: 21473 ns, Cleanup: 24714 ns, At safepoint: 170985 ns, Total: 217172 ns
[2025-04-24T20:53:48.513+0000][19.195s][info ][gc,marking  ] GC(34) Concurrent Cleanup for Next Mark
[2025-04-24T20:53:48.514+0000][19.195s][info ][gc,marking  ] GC(34) Concurrent Cleanup for Next Mark 0.329ms
[2025-04-24T20:53:48.514+0000][19.195s][info ][gc          ] GC(34) Concurrent Mark Cycle 165.351ms
[2025-04-24T20:53:48.655+0000][19.336s][debug][safepoint   ] Safepoint synchronization initiated using futex wait barrier. (20 threads)
[2025-04-24T20:53:48.655+0000][19.336s][info ][safepoint   ] Safepoint "ICBufferFull", Time since last: 141245252 ns, Reaching safepoint: 52881 ns, Cleanup: 80564 ns, At safepoint: 3221 ns, Total: 136666 ns
[2025-04-24T20:53:49.120+0000][19.802s][debug][safepoint   ] Safepoint synchronization initiated using futex wait barrier. (19 threads)
[2025-04-24T20:53:49.120+0000][19.802s][info ][gc,start    ] GC(35) Pause Young (Prepare Mixed) (G1 Evacuation Pause)
[2025-04-24T20:53:49.120+0000][19.802s][info ][gc,task     ] GC(35) Using 4 workers of 4 for evacuation
[2025-04-24T20:53:49.131+0000][19.812s][info ][gc,phases   ] GC(35)   Pre Evacuate Collection Set: 0.1ms
[2025-04-24T20:53:49.131+0000][19.812s][info ][gc,phases   ] GC(35)   Merge Heap Roots: 0.1ms
[2025-04-24T20:53:49.131+0000][19.812s][info ][gc,phases   ] GC(35)   Evacuate Collection Set: 9.0ms
[2025-04-24T20:53:49.131+0000][19.812s][info ][gc,phases   ] GC(35)   Post Evacuate Collection Set: 1.2ms
[2025-04-24T20:53:49.131+0000][19.812s][info ][gc,phases   ] GC(35)   Other: 0.1ms
[2025-04-24T20:53:49.131+0000][19.812s][info ][gc,heap     ] GC(35) Eden regions: 130->0(1)
[2025-04-24T20:53:49.131+0000][19.812s][info ][gc,heap     ] GC(35) Survivor regions: 10->12(18)
[2025-04-24T20:53:49.131+0000][19.812s][info ][gc,heap     ] GC(35) Old regions: 64->64
[2025-04-24T20:53:49.131+0000][19.812s][info ][gc,heap     ] GC(35) Archive regions: 2->2
[2025-04-24T20:53:49.131+0000][19.812s][info ][gc,heap     ] GC(35) Humongous regions: 0->0
[2025-04-24T20:53:49.131+0000][19.812s][info ][gc,metaspace] GC(35) Metaspace: 74658K(75136K)->74658K(75136K) NonClass: 65027K(65280K)->65027K(65280K) Class: 9630K(9856K)->9630K(9856K)
[2025-04-24T20:53:49.131+0000][19.813s][info ][gc          ] GC(35) Pause Young (Prepare Mixed) (G1 Evacuation Pause) 203M->75M(244M) 10.598ms
[2025-04-24T20:53:49.131+0000][19.813s][info ][gc,cpu      ] GC(35) User=0.04s Sys=0.01s Real=0.01s
[2025-04-24T20:53:49.131+0000][19.813s][info ][safepoint   ] Safepoint "G1CollectForAllocation", Time since last: 465432292 ns, Reaching safepoint: 37244 ns, Cleanup: 40119 ns, At safepoint: 10644021 ns, Total: 10721384 ns
[2025-04-24T20:53:49.146+0000][19.828s][debug][safepoint   ] Safepoint synchronization initiated using futex wait barrier. (19 threads)
[2025-04-24T20:53:49.146+0000][19.828s][info ][gc,start    ] GC(36) Pause Young (Mixed) (G1 Evacuation Pause)
[2025-04-24T20:53:49.146+0000][19.828s][info ][gc,task     ] GC(36) Using 4 workers of 4 for evacuation
[2025-04-24T20:53:49.159+0000][19.841s][info ][gc,phases   ] GC(36)   Pre Evacuate Collection Set: 0.1ms
[2025-04-24T20:53:49.159+0000][19.841s][info ][gc,phases   ] GC(36)   Merge Heap Roots: 0.1ms
[2025-04-24T20:53:49.159+0000][19.841s][info ][gc,phases   ] GC(36)   Evacuate Collection Set: 11.3ms
[2025-04-24T20:53:49.159+0000][19.841s][info ][gc,phases   ] GC(36)   Post Evacuate Collection Set: 1.1ms
[2025-04-24T20:53:49.159+0000][19.841s][info ][gc,phases   ] GC(36)   Other: 0.1ms
[2025-04-24T20:53:49.159+0000][19.841s][info ][gc,heap     ] GC(36) Eden regions: 1->0(131)
[2025-04-24T20:53:49.159+0000][19.841s][info ][gc,heap     ] GC(36) Survivor regions: 12->2(2)
[2025-04-24T20:53:49.159+0000][19.841s][info ][gc,heap     ] GC(36) Old regions: 64->73
[2025-04-24T20:53:49.159+0000][19.841s][info ][gc,heap     ] GC(36) Archive regions: 2->2
[2025-04-24T20:53:49.159+0000][19.841s][info ][gc,heap     ] GC(36) Humongous regions: 0->0
[2025-04-24T20:53:49.159+0000][19.841s][info ][gc,metaspace] GC(36) Metaspace: 75076K(75584K)->75076K(75584K) NonClass: 65400K(65664K)->65400K(65664K) Class: 9676K(9920K)->9676K(9920K)
[2025-04-24T20:53:49.159+0000][19.841s][info ][gc          ] GC(36) Pause Young (Mixed) (G1 Evacuation Pause) 76M->74M(244M) 12.783ms
[2025-04-24T20:53:49.159+0000][19.841s][info ][gc,cpu      ] GC(36) User=0.05s Sys=0.00s Real=0.02s
[2025-04-24T20:53:49.159+0000][19.841s][info ][safepoint   ] Safepoint "G1CollectForAllocation", Time since last: 15343723 ns, Reaching safepoint: 34665 ns, Cleanup: 2212 ns, At safepoint: 12830803 ns, Total: 12867680 ns
[2025-04-24T20:53:49.582+0000][20.263s][debug][safepoint   ] Safepoint synchronization initiated using futex wait barrier. (19 threads)
[2025-04-24T20:53:49.582+0000][20.263s][info ][gc,start    ] GC(37) Pause Young (Concurrent Start) (G1 Evacuation Pause)
[2025-04-24T20:53:49.582+0000][20.263s][info ][gc,task     ] GC(37) Using 4 workers of 4 for evacuation
[2025-04-24T20:53:49.586+0000][20.267s][info ][gc,phases   ] GC(37)   Pre Evacuate Collection Set: 0.1ms
[2025-04-24T20:53:49.586+0000][20.267s][info ][gc,phases   ] GC(37)   Merge Heap Roots: 0.1ms
[2025-04-24T20:53:49.586+0000][20.267s][info ][gc,phases   ] GC(37)   Evacuate Collection Set: 3.1ms
[2025-04-24T20:53:49.586+0000][20.267s][info ][gc,phases   ] GC(37)   Post Evacuate Collection Set: 0.8ms
[2025-04-24T20:53:49.586+0000][20.267s][info ][gc,phases   ] GC(37)   Other: 0.1ms
[2025-04-24T20:53:49.586+0000][20.267s][info ][gc,heap     ] GC(37) Eden regions: 131->0(132)
[2025-04-24T20:53:49.586+0000][20.267s][info ][gc,heap     ] GC(37) Survivor regions: 2->2(17)
[2025-04-24T20:53:49.586+0000][20.267s][info ][gc,heap     ] GC(37) Old regions: 73->73
[2025-04-24T20:53:49.586+0000][20.268s][info ][gc,heap     ] GC(37) Archive regions: 2->2
[2025-04-24T20:53:49.586+0000][20.268s][info ][gc,heap     ] GC(37) Humongous regions: 0->0
[2025-04-24T20:53:49.586+0000][20.268s][info ][gc,metaspace] GC(37) Metaspace: 77515K(78016K)->77515K(78016K) NonClass: 67377K(67648K)->67377K(67648K) Class: 10138K(10368K)->10138K(10368K)
[2025-04-24T20:53:49.586+0000][20.268s][info ][gc          ] GC(37) Pause Young (Concurrent Start) (G1 Evacuation Pause) 205M->74M(244M) 4.183ms
[2025-04-24T20:53:49.586+0000][20.268s][info ][gc,cpu      ] GC(37) User=0.02s Sys=0.00s Real=0.00s
[2025-04-24T20:53:49.586+0000][20.268s][info ][gc          ] GC(38) Concurrent Mark Cycle
[2025-04-24T20:53:49.586+0000][20.268s][info ][gc,marking  ] GC(38) Concurrent Clear Claimed Marks
[2025-04-24T20:53:49.586+0000][20.268s][info ][gc,marking  ] GC(38) Concurrent Clear Claimed Marks 0.046ms
[2025-04-24T20:53:49.586+0000][20.268s][info ][gc,marking  ] GC(38) Concurrent Scan Root Regions
[2025-04-24T20:53:49.586+0000][20.268s][info ][safepoint   ] Safepoint "G1CollectForAllocation", Time since last: 422437000 ns, Reaching safepoint: 69690 ns, Cleanup: 54254 ns, At safepoint: 4242789 ns, Total: 4366733 ns
[2025-04-24T20:53:49.590+0000][20.272s][info ][gc,marking  ] GC(38) Concurrent Scan Root Regions 3.975ms
[2025-04-24T20:53:49.590+0000][20.272s][info ][gc,marking  ] GC(38) Concurrent Mark
[2025-04-24T20:53:49.590+0000][20.272s][info ][gc,marking  ] GC(38) Concurrent Mark From Roots
[2025-04-24T20:53:49.590+0000][20.272s][info ][gc,task     ] GC(38) Using 1 workers of 1 for marking
[2025-04-24T20:53:49.694+0000][20.376s][info ][gc,marking  ] GC(38) Concurrent Mark From Roots 104.242ms
[2025-04-24T20:53:49.694+0000][20.376s][info ][gc,marking  ] GC(38) Concurrent Preclean
[2025-04-24T20:53:49.695+0000][20.376s][info ][gc,marking  ] GC(38) Concurrent Preclean 0.303ms
[2025-04-24T20:53:49.695+0000][20.376s][debug][safepoint   ] Safepoint synchronization initiated using futex wait barrier. (19 threads)
[2025-04-24T20:53:49.695+0000][20.377s][info ][gc,start    ] GC(38) Pause Remark
[2025-04-24T20:53:49.700+0000][20.382s][info ][gc          ] GC(38) Pause Remark 101M->101M(244M) 5.187ms
[2025-04-24T20:53:49.700+0000][20.382s][info ][gc,cpu      ] GC(38) User=0.02s Sys=0.00s Real=0.01s
[2025-04-24T20:53:49.700+0000][20.382s][info ][safepoint   ] Safepoint "G1PauseRemark", Time since last: 108754614 ns, Reaching safepoint: 343473 ns, Cleanup: 45052 ns, At safepoint: 5256492 ns, Total: 5645017 ns
[2025-04-24T20:53:49.700+0000][20.382s][info ][gc,marking  ] GC(38) Concurrent Mark 110.347ms
[2025-04-24T20:53:49.700+0000][20.382s][info ][gc,marking  ] GC(38) Concurrent Rebuild Remembered Sets
[2025-04-24T20:53:49.769+0000][20.450s][info ][gc,marking  ] GC(38) Concurrent Rebuild Remembered Sets 68.472ms
[2025-04-24T20:53:49.769+0000][20.451s][debug][safepoint   ] Safepoint synchronization initiated using futex wait barrier. (20 threads)
[2025-04-24T20:53:49.769+0000][20.451s][info ][gc,start    ] GC(38) Pause Cleanup
[2025-04-24T20:53:49.769+0000][20.451s][info ][gc          ] GC(38) Pause Cleanup 113M->113M(244M) 0.135ms
[2025-04-24T20:53:49.769+0000][20.451s][info ][gc,cpu      ] GC(38) User=0.00s Sys=0.00s Real=0.00s
[2025-04-24T20:53:49.769+0000][20.451s][info ][safepoint   ] Safepoint "G1PauseCleanup", Time since last: 68591653 ns, Reaching safepoint: 90407 ns, Cleanup: 47848 ns, At safepoint: 175174 ns, Total: 313429 ns
[2025-04-24T20:53:49.769+0000][20.451s][info ][gc,marking  ] GC(38) Concurrent Cleanup for Next Mark
[2025-04-24T20:53:49.770+0000][20.451s][info ][gc,marking  ] GC(38) Concurrent Cleanup for Next Mark 0.432ms
[2025-04-24T20:53:49.770+0000][20.451s][info ][gc          ] GC(38) Concurrent Mark Cycle 183.852ms
[2025-04-24T20:53:49.854+0000][20.536s][debug][safepoint   ] Safepoint synchronization initiated using futex wait barrier. (20 threads)
[2025-04-24T20:53:49.854+0000][20.536s][info ][safepoint   ] Safepoint "ICBufferFull", Time since last: 84747030 ns, Reaching safepoint: 106044 ns, Cleanup: 95825 ns, At safepoint: 3633 ns, Total: 205502 ns
[2025-04-24T20:53:49.950+0000][20.632s][debug][safepoint   ] Safepoint synchronization initiated using futex wait barrier. (20 threads)
[2025-04-24T20:53:49.951+0000][20.632s][info ][safepoint   ] Safepoint "ICBufferFull", Time since last: 96146183 ns, Reaching safepoint: 123808 ns, Cleanup: 129116 ns, At safepoint: 4390 ns, Total: 257314 ns
[2025-04-24T20:53:50.043+0000][20.724s][debug][safepoint   ] Safepoint synchronization initiated using futex wait barrier. (20 threads)
[2025-04-24T20:53:50.043+0000][20.725s][info ][safepoint   ] Safepoint "ICBufferFull", Time since last: 92218771 ns, Reaching safepoint: 58783 ns, Cleanup: 118093 ns, At safepoint: 5344 ns, Total: 182220 ns
[2025-04-24T20:53:50.229+0000][20.910s][debug][safepoint   ] Safepoint synchronization initiated using futex wait barrier. (20 threads)
[2025-04-24T20:53:50.229+0000][20.910s][info ][safepoint   ] Safepoint "ICBufferFull", Time since last: 185655808 ns, Reaching safepoint: 61466 ns, Cleanup: 106388 ns, At safepoint: 2781 ns, Total: 170635 ns
[2025-04-24T20:53:50.460+0000][21.141s][debug][safepoint   ] Safepoint synchronization initiated using futex wait barrier. (20 threads)
[2025-04-24T20:53:50.460+0000][21.142s][info ][safepoint   ] Safepoint "ICBufferFull", Time since last: 230870486 ns, Reaching safepoint: 61584 ns, Cleanup: 110794 ns, At safepoint: 4433 ns, Total: 176811 ns
[2025-04-24T20:53:50.503+0000][21.185s][debug][safepoint   ] Safepoint synchronization initiated using futex wait barrier. (20 threads)
[2025-04-24T20:53:50.503+0000][21.185s][info ][gc,start    ] GC(39) Pause Young (Prepare Mixed) (G1 Evacuation Pause)
[2025-04-24T20:53:50.503+0000][21.185s][info ][gc,task     ] GC(39) Using 4 workers of 4 for evacuation
[2025-04-24T20:53:50.508+0000][21.189s][info ][gc,phases   ] GC(39)   Pre Evacuate Collection Set: 0.1ms
[2025-04-24T20:53:50.508+0000][21.189s][info ][gc,phases   ] GC(39)   Merge Heap Roots: 0.1ms
[2025-04-24T20:53:50.508+0000][21.189s][info ][gc,phases   ] GC(39)   Evacuate Collection Set: 3.5ms
[2025-04-24T20:53:50.508+0000][21.189s][info ][gc,phases   ] GC(39)   Post Evacuate Collection Set: 0.8ms
[2025-04-24T20:53:50.508+0000][21.189s][info ][gc,phases   ] GC(39)   Other: 0.1ms
[2025-04-24T20:53:50.508+0000][21.189s][info ][gc,heap     ] GC(39) Eden regions: 132->0(9)
[2025-04-24T20:53:50.508+0000][21.189s][info ][gc,heap     ] GC(39) Survivor regions: 2->3(17)
[2025-04-24T20:53:50.508+0000][21.189s][info ][gc,heap     ] GC(39) Old regions: 73->73
[2025-04-24T20:53:50.508+0000][21.189s][info ][gc,heap     ] GC(39) Archive regions: 2->2
[2025-04-24T20:53:50.508+0000][21.189s][info ][gc,heap     ] GC(39) Humongous regions: 0->0
[2025-04-24T20:53:50.508+0000][21.189s][info ][gc,metaspace] GC(39) Metaspace: 79755K(80192K)->79755K(80192K) NonClass: 69351K(69568K)->69351K(69568K) Class: 10404K(10624K)->10404K(10624K)
[2025-04-24T20:53:50.508+0000][21.190s][info ][gc          ] GC(39) Pause Young (Prepare Mixed) (G1 Evacuation Pause) 206M->75M(244M) 4.697ms
[2025-04-24T20:53:50.508+0000][21.190s][info ][gc,cpu      ] GC(39) User=0.01s Sys=0.00s Real=0.01s
[2025-04-24T20:53:50.508+0000][21.190s][info ][safepoint   ] Safepoint "G1CollectForAllocation", Time since last: 43217531 ns, Reaching safepoint: 56802 ns, Cleanup: 18432 ns, At safepoint: 4748738 ns, Total: 4823972 ns
[2025-04-24T20:53:50.553+0000][21.234s][debug][safepoint   ] Safepoint synchronization initiated using futex wait barrier. (20 threads)
[2025-04-24T20:53:50.553+0000][21.234s][info ][gc,start    ] GC(40) Pause Young (Mixed) (G1 Evacuation Pause)
[2025-04-24T20:53:50.553+0000][21.234s][info ][gc,task     ] GC(40) Using 4 workers of 4 for evacuation
[2025-04-24T20:53:50.558+0000][21.240s][info ][gc,phases   ] GC(40)   Pre Evacuate Collection Set: 0.1ms
[2025-04-24T20:53:50.558+0000][21.240s][info ][gc,phases   ] GC(40)   Merge Heap Roots: 0.1ms
[2025-04-24T20:53:50.558+0000][21.240s][info ][gc,phases   ] GC(40)   Evacuate Collection Set: 4.2ms
[2025-04-24T20:53:50.558+0000][21.240s][info ][gc,phases   ] GC(40)   Post Evacuate Collection Set: 0.8ms
[2025-04-24T20:53:50.558+0000][21.240s][info ][gc,phases   ] GC(40)   Other: 0.1ms
[2025-04-24T20:53:50.558+0000][21.240s][info ][gc,heap     ] GC(40) Eden regions: 9->0(133)
[2025-04-24T20:53:50.558+0000][21.240s][info ][gc,heap     ] GC(40) Survivor regions: 3->1(2)
[2025-04-24T20:53:50.558+0000][21.240s][info ][gc,heap     ] GC(40) Old regions: 73->74
[2025-04-24T20:53:50.558+0000][21.240s][info ][gc,heap     ] GC(40) Archive regions: 2->2
[2025-04-24T20:53:50.558+0000][21.240s][info ][gc,heap     ] GC(40) Humongous regions: 0->0
[2025-04-24T20:53:50.558+0000][21.240s][info ][gc,metaspace] GC(40) Metaspace: 80199K(80704K)->80199K(80704K) NonClass: 69717K(69952K)->69717K(69952K) Class: 10481K(10752K)->10481K(10752K)
[2025-04-24T20:53:50.558+0000][21.240s][info ][gc          ] GC(40) Pause Young (Mixed) (G1 Evacuation Pause) 84M->74M(244M) 5.416ms
[2025-04-24T20:53:50.558+0000][21.240s][info ][gc,cpu      ] GC(40) User=0.02s Sys=0.00s Real=0.01s
[2025-04-24T20:53:50.558+0000][21.240s][info ][safepoint   ] Safepoint "G1CollectForAllocation", Time since last: 44620704 ns, Reaching safepoint: 37743 ns, Cleanup: 10925 ns, At safepoint: 5463797 ns, Total: 5512465 ns
[2025-04-24T20:53:51.067+0000][21.748s][debug][safepoint   ] Safepoint synchronization initiated using futex wait barrier. (19 threads)
[2025-04-24T20:53:51.067+0000][21.749s][info ][gc,start    ] GC(41) Pause Young (Normal) (G1 Evacuation Pause)
[2025-04-24T20:53:51.067+0000][21.749s][info ][gc,task     ] GC(41) Using 4 workers of 4 for evacuation
[2025-04-24T20:53:51.072+0000][21.753s][info ][gc,phases   ] GC(41)   Pre Evacuate Collection Set: 0.1ms
[2025-04-24T20:53:51.072+0000][21.753s][info ][gc,phases   ] GC(41)   Merge Heap Roots: 0.1ms
[2025-04-24T20:53:51.072+0000][21.753s][info ][gc,phases   ] GC(41)   Evacuate Collection Set: 3.5ms
[2025-04-24T20:53:51.072+0000][21.753s][info ][gc,phases   ] GC(41)   Post Evacuate Collection Set: 0.8ms
[2025-04-24T20:53:51.072+0000][21.753s][info ][gc,phases   ] GC(41)   Other: 0.1ms
[2025-04-24T20:53:51.072+0000][21.753s][info ][gc,heap     ] GC(41) Eden regions: 133->0(131)
[2025-04-24T20:53:51.072+0000][21.753s][info ][gc,heap     ] GC(41) Survivor regions: 1->3(17)
[2025-04-24T20:53:51.072+0000][21.753s][info ][gc,heap     ] GC(41) Old regions: 74->74
[2025-04-24T20:53:51.072+0000][21.753s][info ][gc,heap     ] GC(41) Archive regions: 2->2
[2025-04-24T20:53:51.072+0000][21.753s][info ][gc,heap     ] GC(41) Humongous regions: 0->0
[2025-04-24T20:53:51.072+0000][21.753s][info ][gc,metaspace] GC(41) Metaspace: 83109K(83648K)->83109K(83648K) NonClass: 72243K(72512K)->72243K(72512K) Class: 10865K(11136K)->10865K(11136K)
[2025-04-24T20:53:51.072+0000][21.753s][info ][gc          ] GC(41) Pause Young (Normal) (G1 Evacuation Pause) 207M->76M(244M) 4.751ms
[2025-04-24T20:53:51.072+0000][21.753s][info ][gc,cpu      ] GC(41) User=0.02s Sys=0.00s Real=0.01s
[2025-04-24T20:53:51.072+0000][21.753s][info ][safepoint   ] Safepoint "G1CollectForAllocation", Time since last: 508789787 ns, Reaching safepoint: 40420 ns, Cleanup: 93636 ns, At safepoint: 4797947 ns, Total: 4932003 ns
[2025-04-24T20:53:51.591+0000][22.273s][debug][safepoint   ] Safepoint synchronization initiated using futex wait barrier. (19 threads)
[2025-04-24T20:53:51.592+0000][22.273s][info ][safepoint   ] Safepoint "ICBufferFull", Time since last: 519604916 ns, Reaching safepoint: 132669 ns, Cleanup: 116041 ns, At safepoint: 3416 ns, Total: 252126 ns
[2025-04-24T20:53:52.291+0000][22.972s][debug][safepoint   ] Safepoint synchronization initiated using futex wait barrier. (19 threads)
[2025-04-24T20:53:52.291+0000][22.973s][info ][gc,start    ] GC(42) Pause Young (Normal) (G1 Evacuation Pause)
[2025-04-24T20:53:52.291+0000][22.973s][info ][gc,task     ] GC(42) Using 4 workers of 4 for evacuation
[2025-04-24T20:53:52.306+0000][22.988s][info ][gc,phases   ] GC(42)   Pre Evacuate Collection Set: 0.1ms
[2025-04-24T20:53:52.306+0000][22.988s][info ][gc,phases   ] GC(42)   Merge Heap Roots: 0.1ms
[2025-04-24T20:53:52.306+0000][22.988s][info ][gc,phases   ] GC(42)   Evacuate Collection Set: 11.3ms
[2025-04-24T20:53:52.306+0000][22.988s][info ][gc,phases   ] GC(42)   Post Evacuate Collection Set: 3.2ms
[2025-04-24T20:53:52.306+0000][22.988s][info ][gc,phases   ] GC(42)   Other: 0.3ms
[2025-04-24T20:53:52.306+0000][22.988s][info ][gc,heap     ] GC(42) Eden regions: 131->0(127)
[2025-04-24T20:53:52.306+0000][22.988s][info ][gc,heap     ] GC(42) Survivor regions: 3->7(17)
[2025-04-24T20:53:52.306+0000][22.988s][info ][gc,heap     ] GC(42) Old regions: 74->74
[2025-04-24T20:53:52.306+0000][22.988s][info ][gc,heap     ] GC(42) Archive regions: 2->2
[2025-04-24T20:53:52.306+0000][22.988s][info ][gc,heap     ] GC(42) Humongous regions: 0->0
[2025-04-24T20:53:52.306+0000][22.988s][info ][gc,metaspace] GC(42) Metaspace: 85512K(86080K)->85512K(86080K) NonClass: 74472K(74752K)->74472K(74752K) Class: 11040K(11328K)->11040K(11328K)
[2025-04-24T20:53:52.306+0000][22.988s][info ][gc          ] GC(42) Pause Young (Normal) (G1 Evacuation Pause) 207M->80M(244M) 15.332ms
[2025-04-24T20:53:52.306+0000][22.988s][info ][gc,cpu      ] GC(42) User=0.04s Sys=0.00s Real=0.01s
[2025-04-24T20:53:52.306+0000][22.988s][info ][safepoint   ] Safepoint "G1CollectForAllocation", Time since last: 698924355 ns, Reaching safepoint: 369416 ns, Cleanup: 94323 ns, At safepoint: 15392038 ns, Total: 15855777 ns
[2025-04-24T20:53:53.187+0000][23.869s][debug][safepoint   ] Safepoint synchronization initiated using futex wait barrier. (24 threads)
[2025-04-24T20:53:53.188+0000][23.870s][info ][safepoint   ] Safepoint "ICBufferFull", Time since last: 880926277 ns, Reaching safepoint: 479944 ns, Cleanup: 114638 ns, At safepoint: 8319 ns, Total: 602901 ns
[2025-04-24T20:53:53.329+0000][24.011s][debug][safepoint   ] Safepoint synchronization initiated using futex wait barrier. (24 threads)
[2025-04-24T20:53:53.329+0000][24.011s][info ][gc,start    ] GC(43) Pause Young (Normal) (G1 Evacuation Pause)
[2025-04-24T20:53:53.329+0000][24.011s][info ][gc,task     ] GC(43) Using 4 workers of 4 for evacuation
[2025-04-24T20:53:53.345+0000][24.027s][info ][gc,phases   ] GC(43)   Pre Evacuate Collection Set: 0.1ms
[2025-04-24T20:53:53.345+0000][24.027s][info ][gc,phases   ] GC(43)   Merge Heap Roots: 0.1ms
[2025-04-24T20:53:53.345+0000][24.027s][info ][gc,phases   ] GC(43)   Evacuate Collection Set: 13.8ms
[2025-04-24T20:53:53.345+0000][24.027s][info ][gc,phases   ] GC(43)   Post Evacuate Collection Set: 1.4ms
[2025-04-24T20:53:53.345+0000][24.027s][info ][gc,phases   ] GC(43)   Other: 0.1ms
[2025-04-24T20:53:53.345+0000][24.027s][info ][gc,heap     ] GC(43) Eden regions: 127->0(123)
[2025-04-24T20:53:53.345+0000][24.027s][info ][gc,heap     ] GC(43) Survivor regions: 7->10(17)
[2025-04-24T20:53:53.345+0000][24.027s][info ][gc,heap     ] GC(43) Old regions: 74->74
[2025-04-24T20:53:53.345+0000][24.027s][info ][gc,heap     ] GC(43) Archive regions: 2->2
[2025-04-24T20:53:53.345+0000][24.027s][info ][gc,heap     ] GC(43) Humongous regions: 0->0
[2025-04-24T20:53:53.345+0000][24.027s][info ][gc,metaspace] GC(43) Metaspace: 87820K(88448K)->87820K(88448K) NonClass: 76588K(76928K)->76588K(76928K) Class: 11232K(11520K)->11232K(11520K)
[2025-04-24T20:53:53.345+0000][24.027s][info ][gc          ] GC(43) Pause Young (Normal) (G1 Evacuation Pause) 207M->84M(244M) 15.783ms
[2025-04-24T20:53:53.345+0000][24.027s][info ][gc,cpu      ] GC(43) User=0.06s Sys=0.00s Real=0.01s
[2025-04-24T20:53:53.345+0000][24.027s][info ][safepoint   ] Safepoint "G1CollectForAllocation", Time since last: 141261471 ns, Reaching safepoint: 53975 ns, Cleanup: 31039 ns, At safepoint: 15833522 ns, Total: 15918536 ns
[2025-04-24T20:53:54.227+0000][24.908s][debug][safepoint   ] Safepoint synchronization initiated using futex wait barrier. (24 threads)
[2025-04-24T20:53:54.227+0000][24.908s][info ][gc,start    ] GC(44) Pause Young (Normal) (G1 Evacuation Pause)
[2025-04-24T20:53:54.227+0000][24.908s][info ][gc,task     ] GC(44) Using 4 workers of 4 for evacuation
[2025-04-24T20:53:54.245+0000][24.926s][info ][gc,phases   ] GC(44)   Pre Evacuate Collection Set: 0.2ms
[2025-04-24T20:53:54.245+0000][24.927s][info ][gc,phases   ] GC(44)   Merge Heap Roots: 0.1ms
[2025-04-24T20:53:54.245+0000][24.927s][info ][gc,phases   ] GC(44)   Evacuate Collection Set: 15.4ms
[2025-04-24T20:53:54.245+0000][24.927s][info ][gc,phases   ] GC(44)   Post Evacuate Collection Set: 2.3ms
[2025-04-24T20:53:54.245+0000][24.927s][info ][gc,phases   ] GC(44)   Other: 0.2ms
[2025-04-24T20:53:54.245+0000][24.927s][info ][gc,heap     ] GC(44) Eden regions: 123->0(119)
[2025-04-24T20:53:54.245+0000][24.927s][info ][gc,heap     ] GC(44) Survivor regions: 10->11(17)
[2025-04-24T20:53:54.245+0000][24.927s][info ][gc,heap     ] GC(44) Old regions: 74->76
[2025-04-24T20:53:54.245+0000][24.927s][info ][gc,heap     ] GC(44) Archive regions: 2->2
[2025-04-24T20:53:54.245+0000][24.927s][info ][gc,heap     ] GC(44) Humongous regions: 0->0
[2025-04-24T20:53:54.245+0000][24.927s][info ][gc,metaspace] GC(44) Metaspace: 90994K(91584K)->90994K(91584K) NonClass: 79372K(79680K)->79372K(79680K) Class: 11621K(11904K)->11621K(11904K)
[2025-04-24T20:53:54.245+0000][24.927s][info ][gc          ] GC(44) Pause Young (Normal) (G1 Evacuation Pause) 207M->87M(244M) 18.296ms
[2025-04-24T20:53:54.245+0000][24.927s][info ][gc,cpu      ] GC(44) User=0.07s Sys=0.00s Real=0.02s
[2025-04-24T20:53:54.245+0000][24.927s][info ][safepoint   ] Safepoint "G1CollectForAllocation", Time since last: 881350879 ns, Reaching safepoint: 54347 ns, Cleanup: 136210 ns, At safepoint: 18363948 ns, Total: 18554505 ns
[2025-04-24T20:53:54.885+0000][25.567s][debug][safepoint   ] Safepoint synchronization initiated using futex wait barrier. (24 threads)
[2025-04-24T20:53:54.886+0000][25.567s][info ][safepoint   ] Safepoint "ICBufferFull", Time since last: 640334877 ns, Reaching safepoint: 50721 ns, Cleanup: 148391 ns, At safepoint: 6254 ns, Total: 205366 ns
[2025-04-24T20:53:55.131+0000][25.812s][debug][safepoint   ] Safepoint synchronization initiated using futex wait barrier. (24 threads)
[2025-04-24T20:53:55.131+0000][25.813s][info ][gc,start    ] GC(45) Pause Young (Normal) (G1 Evacuation Pause)
[2025-04-24T20:53:55.131+0000][25.813s][info ][gc,task     ] GC(45) Using 4 workers of 4 for evacuation
[2025-04-24T20:53:55.153+0000][25.834s][info ][gc,phases   ] GC(45)   Pre Evacuate Collection Set: 0.1ms
[2025-04-24T20:53:55.153+0000][25.834s][info ][gc,phases   ] GC(45)   Merge Heap Roots: 0.2ms
[2025-04-24T20:53:55.153+0000][25.834s][info ][gc,phases   ] GC(45)   Evacuate Collection Set: 19.7ms
[2025-04-24T20:53:55.153+0000][25.835s][info ][gc,phases   ] GC(45)   Post Evacuate Collection Set: 1.6ms
[2025-04-24T20:53:55.153+0000][25.835s][info ][gc,phases   ] GC(45)   Other: 0.1ms
[2025-04-24T20:53:55.153+0000][25.835s][info ][gc,heap     ] GC(45) Eden regions: 119->0(117)
[2025-04-24T20:53:55.153+0000][25.835s][info ][gc,heap     ] GC(45) Survivor regions: 11->10(17)
[2025-04-24T20:53:55.153+0000][25.835s][info ][gc,heap     ] GC(45) Old regions: 76->80
[2025-04-24T20:53:55.153+0000][25.835s][info ][gc,heap     ] GC(45) Archive regions: 2->2
[2025-04-24T20:53:55.153+0000][25.835s][info ][gc,heap     ] GC(45) Humongous regions: 0->0
[2025-04-24T20:53:55.154+0000][25.835s][info ][gc,metaspace] GC(45) Metaspace: 94614K(95168K)->94614K(95168K) NonClass: 82383K(82688K)->82383K(82688K) Class: 12231K(12480K)->12231K(12480K)
[2025-04-24T20:53:55.154+0000][25.835s][info ][gc          ] GC(45) Pause Young (Normal) (G1 Evacuation Pause) 206M->89M(244M) 22.531ms
[2025-04-24T20:53:55.154+0000][25.835s][info ][gc,cpu      ] GC(45) User=0.09s Sys=0.00s Real=0.02s
[2025-04-24T20:53:55.154+0000][25.835s][info ][safepoint   ] Safepoint "G1CollectForAllocation", Time since last: 245247473 ns, Reaching safepoint: 141511 ns, Cleanup: 45997 ns, At safepoint: 22717589 ns, Total: 22905097 ns
[2025-04-24T20:53:55.593+0000][26.275s][debug][safepoint   ] Safepoint synchronization initiated using futex wait barrier. (24 threads)
[2025-04-24T20:53:55.593+0000][26.275s][info ][gc,start    ] GC(46) Pause Young (Normal) (G1 Evacuation Pause)
[2025-04-24T20:53:55.593+0000][26.275s][info ][gc,task     ] GC(46) Using 4 workers of 4 for evacuation
[2025-04-24T20:53:55.612+0000][26.294s][info ][gc,phases   ] GC(46)   Pre Evacuate Collection Set: 0.1ms
[2025-04-24T20:53:55.612+0000][26.294s][info ][gc,phases   ] GC(46)   Merge Heap Roots: 0.1ms
[2025-04-24T20:53:55.612+0000][26.294s][info ][gc,phases   ] GC(46)   Evacuate Collection Set: 13.9ms
[2025-04-24T20:53:55.612+0000][26.294s][info ][gc,phases   ] GC(46)   Post Evacuate Collection Set: 4.2ms
[2025-04-24T20:53:55.612+0000][26.294s][info ][gc,phases   ] GC(46)   Other: 0.1ms
[2025-04-24T20:53:55.612+0000][26.294s][info ][gc,heap     ] GC(46) Eden regions: 117->0(297)
[2025-04-24T20:53:55.612+0000][26.294s][info ][gc,heap     ] GC(46) Survivor regions: 10->9(16)
[2025-04-24T20:53:55.612+0000][26.294s][info ][gc,heap     ] GC(46) Old regions: 80->83
[2025-04-24T20:53:55.612+0000][26.294s][info ][gc,heap     ] GC(46) Archive regions: 2->2
[2025-04-24T20:53:55.612+0000][26.294s][info ][gc,heap     ] GC(46) Humongous regions: 0->0
[2025-04-24T20:53:55.612+0000][26.294s][info ][gc,metaspace] GC(46) Metaspace: 95691K(96256K)->95691K(96256K) NonClass: 83211K(83520K)->83211K(83520K) Class: 12480K(12736K)->12480K(12736K)
[2025-04-24T20:53:55.612+0000][26.294s][info ][gc          ] GC(46) Pause Young (Normal) (G1 Evacuation Pause) 206M->91M(511M) 18.708ms
[2025-04-24T20:53:55.612+0000][26.294s][info ][gc,cpu      ] GC(46) User=0.07s Sys=0.00s Real=0.02s
[2025-04-24T20:53:55.612+0000][26.294s][info ][safepoint   ] Safepoint "G1CollectForAllocation", Time since last: 439521719 ns, Reaching safepoint: 81367 ns, Cleanup: 42208 ns, At safepoint: 18784649 ns, Total: 18908224 ns
[2025-04-24T20:53:56.595+0000][27.277s][debug][safepoint   ] Safepoint synchronization initiated using futex wait barrier. (25 threads)
[2025-04-24T20:53:56.595+0000][27.277s][info ][safepoint   ] Safepoint "ICBufferFull", Time since last: 982737507 ns, Reaching safepoint: 339284 ns, Cleanup: 105662 ns, At safepoint: 3486 ns, Total: 448432 ns
[2025-04-24T20:53:57.684+0000][28.365s][debug][safepoint   ] Safepoint synchronization initiated using futex wait barrier. (27 threads)
[2025-04-24T20:53:57.685+0000][28.366s][info ][safepoint   ] Safepoint "Cleanup", Time since last: 1088331357 ns, Reaching safepoint: 868554 ns, Cleanup: 109527 ns, At safepoint: 11438 ns, Total: 989519 ns
[2025-04-24T20:53:57.982+0000][28.664s][debug][safepoint   ] Safepoint synchronization initiated using futex wait barrier. (27 threads)
[2025-04-24T20:53:57.982+0000][28.664s][info ][gc,start    ] GC(47) Pause Young (Normal) (G1 Evacuation Pause)
[2025-04-24T20:53:57.982+0000][28.664s][info ][gc,task     ] GC(47) Using 4 workers of 4 for evacuation
[2025-04-24T20:53:58.038+0000][28.719s][info ][gc,phases   ] GC(47)   Pre Evacuate Collection Set: 2.3ms
[2025-04-24T20:53:58.038+0000][28.719s][info ][gc,phases   ] GC(47)   Merge Heap Roots: 0.5ms
[2025-04-24T20:53:58.038+0000][28.719s][info ][gc,phases   ] GC(47)   Evacuate Collection Set: 45.2ms
[2025-04-24T20:53:58.038+0000][28.719s][info ][gc,phases   ] GC(47)   Post Evacuate Collection Set: 7.1ms
[2025-04-24T20:53:58.038+0000][28.719s][info ][gc,phases   ] GC(47)   Other: 0.2ms
[2025-04-24T20:53:58.038+0000][28.719s][info ][gc,heap     ] GC(47) Eden regions: 297->0(293)
[2025-04-24T20:53:58.038+0000][28.719s][info ][gc,heap     ] GC(47) Survivor regions: 9->13(39)
[2025-04-24T20:53:58.038+0000][28.719s][info ][gc,heap     ] GC(47) Old regions: 83->83
[2025-04-24T20:53:58.038+0000][28.719s][info ][gc,heap     ] GC(47) Archive regions: 2->2
[2025-04-24T20:53:58.038+0000][28.719s][info ][gc,heap     ] GC(47) Humongous regions: 0->0
[2025-04-24T20:53:58.038+0000][28.719s][info ][gc,metaspace] GC(47) Metaspace: 106009K(106688K)->106009K(106688K) NonClass: 92164K(92544K)->92164K(92544K) Class: 13844K(14144K)->13844K(14144K)
[2025-04-24T20:53:58.038+0000][28.719s][info ][gc          ] GC(47) Pause Young (Normal) (G1 Evacuation Pause) 388M->96M(511M) 55.624ms
[2025-04-24T20:53:58.038+0000][28.719s][info ][gc,cpu      ] GC(47) User=0.12s Sys=0.01s Real=0.06s
[2025-04-24T20:53:58.040+0000][28.721s][info ][safepoint   ] Safepoint "G1CollectForAllocation", Time since last: 297405315 ns, Reaching safepoint: 81980 ns, Cleanup: 36757 ns, At safepoint: 57447546 ns, Total: 57566283 ns
[2025-04-24T20:53:59.040+0000][29.721s][debug][safepoint   ] Safepoint synchronization initiated using futex wait barrier. (30 threads)
[2025-04-24T20:53:59.040+0000][29.721s][debug][safepoint   ] ... found polling page loop exception at pc = 0x00007d72713536b8, stub =0x00007d727098e400
[2025-04-24T20:53:59.040+0000][29.722s][info ][safepoint   ] Safepoint "Cleanup", Time since last: 1000150668 ns, Reaching safepoint: 246893 ns, Cleanup: 94233 ns, At safepoint: 7261 ns, Total: 348387 ns
[2025-04-24T20:54:00.144+0000][30.826s][debug][safepoint   ] Safepoint synchronization initiated using futex wait barrier. (37 threads)
[2025-04-24T20:54:00.148+0000][30.830s][info ][safepoint   ] Safepoint "Cleanup", Time since last: 1103893893 ns, Reaching safepoint: 3886845 ns, Cleanup: 131925 ns, At safepoint: 16761 ns, Total: 4035531 ns
[2025-04-24T20:54:00.528+0000][31.209s][debug][safepoint   ] Safepoint synchronization initiated using futex wait barrier. (37 threads)
[2025-04-24T20:54:00.528+0000][31.209s][info ][safepoint   ] Safepoint "ICBufferFull", Time since last: 379568475 ns, Reaching safepoint: 73104 ns, Cleanup: 130800 ns, At safepoint: 6446 ns, Total: 210350 ns
[2025-04-24T20:54:00.559+0000][31.240s][debug][safepoint   ] Safepoint synchronization initiated using futex wait barrier. (37 threads)
[2025-04-24T20:54:00.559+0000][31.240s][info ][gc,start    ] GC(48) Pause Young (Normal) (G1 Evacuation Pause)
[2025-04-24T20:54:00.559+0000][31.240s][info ][gc,task     ] GC(48) Using 4 workers of 4 for evacuation
[2025-04-24T20:54:00.588+0000][31.270s][info ][gc,phases   ] GC(48)   Pre Evacuate Collection Set: 0.1ms
[2025-04-24T20:54:00.588+0000][31.270s][info ][gc,phases   ] GC(48)   Merge Heap Roots: 0.7ms
[2025-04-24T20:54:00.588+0000][31.270s][info ][gc,phases   ] GC(48)   Evacuate Collection Set: 25.6ms
[2025-04-24T20:54:00.588+0000][31.270s][info ][gc,phases   ] GC(48)   Post Evacuate Collection Set: 2.8ms
[2025-04-24T20:54:00.588+0000][31.270s][info ][gc,phases   ] GC(48)   Other: 0.1ms
[2025-04-24T20:54:00.588+0000][31.270s][info ][gc,heap     ] GC(48) Eden regions: 293->0(284)
[2025-04-24T20:54:00.588+0000][31.270s][info ][gc,heap     ] GC(48) Survivor regions: 13->22(39)
[2025-04-24T20:54:00.588+0000][31.270s][info ][gc,heap     ] GC(48) Old regions: 83->83
[2025-04-24T20:54:00.588+0000][31.270s][info ][gc,heap     ] GC(48) Archive regions: 2->2
[2025-04-24T20:54:00.588+0000][31.270s][info ][gc,heap     ] GC(48) Humongous regions: 0->0
[2025-04-24T20:54:00.588+0000][31.270s][info ][gc,metaspace] GC(48) Metaspace: 112032K(112704K)->112032K(112704K) NonClass: 97593K(97920K)->97593K(97920K) Class: 14439K(14784K)->14439K(14784K)
[2025-04-24T20:54:00.588+0000][31.270s][info ][gc          ] GC(48) Pause Young (Normal) (G1 Evacuation Pause) 389M->104M(511M) 29.511ms
[2025-04-24T20:54:00.588+0000][31.270s][info ][gc,cpu      ] GC(48) User=0.10s Sys=0.00s Real=0.03s
[2025-04-24T20:54:00.589+0000][31.270s][info ][safepoint   ] Safepoint "G1CollectForAllocation", Time since last: 30869591 ns, Reaching safepoint: 61432 ns, Cleanup: 22500 ns, At safepoint: 29894651 ns, Total: 29978583 ns
[2025-04-24T20:54:01.457+0000][32.139s][debug][safepoint   ] Safepoint synchronization initiated using futex wait barrier. (37 threads)
[2025-04-24T20:54:01.457+0000][32.139s][info ][safepoint   ] Safepoint "ICBufferFull", Time since last: 868259006 ns, Reaching safepoint: 64072 ns, Cleanup: 127407 ns, At safepoint: 10057 ns, Total: 201536 ns
[2025-04-24T20:54:02.511+0000][33.193s][debug][safepoint   ] Safepoint synchronization initiated using futex wait barrier. (40 threads)
[2025-04-24T20:54:02.512+0000][33.194s][info ][safepoint   ] Safepoint "Cleanup", Time since last: 1054224513 ns, Reaching safepoint: 387632 ns, Cleanup: 121215 ns, At safepoint: 6921 ns, Total: 515768 ns
[2025-04-24T20:54:03.715+0000][34.397s][debug][safepoint   ] Safepoint synchronization initiated using futex wait barrier. (49 threads)
[2025-04-24T20:54:03.715+0000][34.397s][info ][gc,start    ] GC(49) Pause Young (Normal) (G1 Evacuation Pause)
[2025-04-24T20:54:03.715+0000][34.397s][info ][gc,task     ] GC(49) Using 4 workers of 4 for evacuation
[2025-04-24T20:54:03.758+0000][34.439s][info ][gc,phases   ] GC(49)   Pre Evacuate Collection Set: 0.3ms
[2025-04-24T20:54:03.758+0000][34.439s][info ][gc,phases   ] GC(49)   Merge Heap Roots: 0.5ms
[2025-04-24T20:54:03.758+0000][34.439s][info ][gc,phases   ] GC(49)   Evacuate Collection Set: 39.1ms
[2025-04-24T20:54:03.758+0000][34.439s][info ][gc,phases   ] GC(49)   Post Evacuate Collection Set: 2.2ms
[2025-04-24T20:54:03.758+0000][34.439s][info ][gc,phases   ] GC(49)   Other: 0.1ms
[2025-04-24T20:54:03.758+0000][34.439s][info ][gc,heap     ] GC(49) Eden regions: 284->0(281)
[2025-04-24T20:54:03.758+0000][34.439s][info ][gc,heap     ] GC(49) Survivor regions: 22->25(39)
[2025-04-24T20:54:03.758+0000][34.439s][info ][gc,heap     ] GC(49) Old regions: 83->86
[2025-04-24T20:54:03.758+0000][34.439s][info ][gc,heap     ] GC(49) Archive regions: 2->2
[2025-04-24T20:54:03.758+0000][34.439s][info ][gc,heap     ] GC(49) Humongous regions: 0->0
[2025-04-24T20:54:03.758+0000][34.439s][info ][gc,metaspace] GC(49) Metaspace: 125170K(126144K)->125170K(126144K) NonClass: 109215K(109760K)->109215K(109760K) Class: 15955K(16384K)->15955K(16384K)
[2025-04-24T20:54:03.758+0000][34.439s][info ][gc          ] GC(49) Pause Young (Normal) (G1 Evacuation Pause) 388M->110M(511M) 42.424ms
[2025-04-24T20:54:03.758+0000][34.439s][info ][gc,cpu      ] GC(49) User=0.14s Sys=0.00s Real=0.05s
[2025-04-24T20:54:03.758+0000][34.439s][info ][safepoint   ] Safepoint "G1CollectForAllocation", Time since last: 1203153800 ns, Reaching safepoint: 63886 ns, Cleanup: 104706 ns, At safepoint: 42606472 ns, Total: 42775064 ns
[2025-04-24T20:54:03.768+0000][34.449s][debug][safepoint   ] ... found polling page loop exception at pc = 0x00007d72710532fb, stub =0x00007d727098e400
[2025-04-24T20:54:03.800+0000][34.481s][debug][safepoint   ] ... found polling page loop exception at pc = 0x00007d7270fbac74, stub =0x00007d727098e400
[2025-04-24T20:54:04.837+0000][35.518s][debug][safepoint   ] Safepoint synchronization initiated using futex wait barrier. (50 threads)
[2025-04-24T20:54:04.837+0000][35.519s][info ][safepoint   ] Safepoint "Cleanup", Time since last: 1078847199 ns, Reaching safepoint: 163570 ns, Cleanup: 113199 ns, At safepoint: 7208 ns, Total: 283977 ns
[2025-04-24T20:54:05.743+0000][36.424s][debug][safepoint   ] Safepoint synchronization initiated using futex wait barrier. (53 threads)
[2025-04-24T20:54:05.743+0000][36.424s][info ][gc,start    ] GC(50) Pause Young (Concurrent Start) (Metadata GC Threshold)
[2025-04-24T20:54:05.743+0000][36.424s][info ][gc,task     ] GC(50) Using 4 workers of 4 for evacuation
[2025-04-24T20:54:05.775+0000][36.457s][info ][gc,phases   ] GC(50)   Pre Evacuate Collection Set: 0.2ms
[2025-04-24T20:54:05.775+0000][36.457s][info ][gc,phases   ] GC(50)   Merge Heap Roots: 0.2ms
[2025-04-24T20:54:05.775+0000][36.457s][info ][gc,phases   ] GC(50)   Evacuate Collection Set: 29.6ms
[2025-04-24T20:54:05.775+0000][36.457s][info ][gc,phases   ] GC(50)   Post Evacuate Collection Set: 2.1ms
[2025-04-24T20:54:05.775+0000][36.457s][info ][gc,phases   ] GC(50)   Other: 0.2ms
[2025-04-24T20:54:05.775+0000][36.457s][info ][gc,heap     ] GC(50) Eden regions: 269->0(284)
[2025-04-24T20:54:05.775+0000][36.457s][info ][gc,heap     ] GC(50) Survivor regions: 25->22(39)
[2025-04-24T20:54:05.775+0000][36.457s][info ][gc,heap     ] GC(50) Old regions: 86->95
[2025-04-24T20:54:05.775+0000][36.457s][info ][gc,heap     ] GC(50) Archive regions: 2->2
[2025-04-24T20:54:05.775+0000][36.457s][info ][gc,heap     ] GC(50) Humongous regions: 1->0
[2025-04-24T20:54:05.775+0000][36.457s][info ][gc,metaspace] GC(50) Metaspace: 130168K(131200K)->130168K(131200K) NonClass: 113788K(114304K)->113788K(114304K) Class: 16379K(16896K)->16379K(16896K)
[2025-04-24T20:54:05.775+0000][36.457s][info ][gc          ] GC(50) Pause Young (Concurrent Start) (Metadata GC Threshold) 380M->116M(511M) 32.430ms
[2025-04-24T20:54:05.775+0000][36.457s][info ][gc,cpu      ] GC(50) User=0.13s Sys=0.00s Real=0.03s
[2025-04-24T20:54:05.775+0000][36.457s][info ][gc          ] GC(51) Concurrent Mark Cycle
[2025-04-24T20:54:05.775+0000][36.457s][info ][gc,marking  ] GC(51) Concurrent Clear Claimed Marks
[2025-04-24T20:54:05.775+0000][36.457s][info ][gc,marking  ] GC(51) Concurrent Clear Claimed Marks 0.130ms
[2025-04-24T20:54:05.776+0000][36.457s][info ][gc,marking  ] GC(51) Concurrent Scan Root Regions
[2025-04-24T20:54:05.775+0000][36.457s][info ][safepoint   ] Safepoint "CollectForMetadataAllocation", Time since last: 905617215 ns, Reaching safepoint: 76611 ns, Cleanup: 104331 ns, At safepoint: 32673739 ns, Total: 32854681 ns
[2025-04-24T20:54:05.814+0000][36.496s][info ][gc,marking  ] GC(51) Concurrent Scan Root Regions 38.525ms
[2025-04-24T20:54:05.814+0000][36.496s][info ][gc,marking  ] GC(51) Concurrent Mark
[2025-04-24T20:54:05.814+0000][36.496s][info ][gc,marking  ] GC(51) Concurrent Mark From Roots
[2025-04-24T20:54:05.814+0000][36.496s][info ][gc,task     ] GC(51) Using 1 workers of 1 for marking
[2025-04-24T20:54:05.875+0000][36.556s][debug][safepoint   ] Safepoint synchronization initiated using futex wait barrier. (53 threads)
[2025-04-24T20:54:05.875+0000][36.557s][info ][safepoint   ] Safepoint "CollectForMetadataAllocation", Time since last: 99397941 ns, Reaching safepoint: 237507 ns, Cleanup: 4769 ns, At safepoint: 44938 ns, Total: 287214 ns
[2025-04-24T20:54:05.938+0000][36.619s][debug][safepoint   ] Safepoint synchronization initiated using futex wait barrier. (53 threads)
[2025-04-24T20:54:05.939+0000][36.620s][info ][safepoint   ] Safepoint "CollectForMetadataAllocation", Time since last: 62355877 ns, Reaching safepoint: 99332 ns, Cleanup: 4189 ns, At safepoint: 1081327 ns, Total: 1184848 ns
[2025-04-24T20:54:06.029+0000][36.710s][debug][safepoint   ] Safepoint synchronization initiated using futex wait barrier. (53 threads)
[2025-04-24T20:54:06.029+0000][36.710s][info ][safepoint   ] Safepoint "CollectForMetadataAllocation", Time since last: 89728035 ns, Reaching safepoint: 352995 ns, Cleanup: 11292 ns, At safepoint: 37498 ns, Total: 401785 ns
[2025-04-24T20:54:06.038+0000][36.720s][info ][gc,marking  ] GC(51) Concurrent Mark From Roots 223.669ms
[2025-04-24T20:54:06.038+0000][36.720s][info ][gc,marking  ] GC(51) Concurrent Preclean
[2025-04-24T20:54:06.039+0000][36.720s][info ][gc,marking  ] GC(51) Concurrent Preclean 0.408ms
[2025-04-24T20:54:06.039+0000][36.720s][debug][safepoint   ] Safepoint synchronization initiated using futex wait barrier. (53 threads)
[2025-04-24T20:54:06.039+0000][36.720s][debug][safepoint   ] ... found polling page loop exception at pc = 0x00007d727105337e, stub =0x00007d727098e400
[2025-04-24T20:54:06.039+0000][36.721s][info ][gc,start    ] GC(51) Pause Remark
[2025-04-24T20:54:06.050+0000][36.731s][info ][gc          ] GC(51) Pause Remark 153M->153M(511M) 10.881ms
[2025-04-24T20:54:06.050+0000][36.731s][info ][gc,cpu      ] GC(51) User=0.04s Sys=0.00s Real=0.01s
[2025-04-24T20:54:06.050+0000][36.732s][info ][safepoint   ] Safepoint "G1PauseRemark", Time since last: 9906858 ns, Reaching safepoint: 227338 ns, Cleanup: 3115 ns, At safepoint: 10971790 ns, Total: 11202243 ns
[2025-04-24T20:54:06.050+0000][36.732s][info ][gc,marking  ] GC(51) Concurrent Mark 235.870ms
[2025-04-24T20:54:06.050+0000][36.732s][info ][gc,marking  ] GC(51) Concurrent Rebuild Remembered Sets
[2025-04-24T20:54:06.183+0000][36.864s][info ][gc,marking  ] GC(51) Concurrent Rebuild Remembered Sets 132.727ms
[2025-04-24T20:54:06.183+0000][36.865s][debug][safepoint   ] Safepoint synchronization initiated using futex wait barrier. (53 threads)
[2025-04-24T20:54:06.183+0000][36.865s][debug][safepoint   ] ... found polling page loop exception at pc = 0x00007d72710532fb, stub =0x00007d727098e400
[2025-04-24T20:54:06.183+0000][36.865s][info ][gc,start    ] GC(51) Pause Cleanup
[2025-04-24T20:54:06.184+0000][36.865s][info ][gc          ] GC(51) Pause Cleanup 171M->171M(511M) 0.252ms
[2025-04-24T20:54:06.184+0000][36.865s][info ][gc,cpu      ] GC(51) User=0.00s Sys=0.00s Real=0.00s
[2025-04-24T20:54:06.184+0000][36.865s][info ][safepoint   ] Safepoint "G1PauseCleanup", Time since last: 133116352 ns, Reaching safepoint: 340483 ns, Cleanup: 7677 ns, At safepoint: 501734 ns, Total: 849894 ns
[2025-04-24T20:54:06.186+0000][36.868s][info ][gc,marking  ] GC(51) Concurrent Cleanup for Next Mark
[2025-04-24T20:54:06.191+0000][36.873s][info ][gc,marking  ] GC(51) Concurrent Cleanup for Next Mark 5.114ms
[2025-04-24T20:54:06.192+0000][36.873s][info ][gc          ] GC(51) Concurrent Mark Cycle 416.253ms
[2025-04-24T20:54:07.186+0000][37.868s][debug][safepoint   ] Safepoint synchronization initiated using futex wait barrier. (54 threads)
[2025-04-24T20:54:07.187+0000][37.868s][info ][safepoint   ] Safepoint "Cleanup", Time since last: 1002398014 ns, Reaching safepoint: 355738 ns, Cleanup: 62962 ns, At safepoint: 15832 ns, Total: 434532 ns
[2025-04-24T20:54:07.561+0000][38.242s][debug][safepoint   ] Safepoint synchronization initiated using futex wait barrier. (54 threads)
[2025-04-24T20:54:07.561+0000][38.242s][info ][gc,start    ] GC(52) Pause Young (Prepare Mixed) (G1 Evacuation Pause)
[2025-04-24T20:54:07.561+0000][38.243s][info ][gc,task     ] GC(52) Using 4 workers of 4 for evacuation
[2025-04-24T20:54:07.618+0000][38.299s][info ][gc,phases   ] GC(52)   Pre Evacuate Collection Set: 0.1ms
[2025-04-24T20:54:07.618+0000][38.299s][info ][gc,phases   ] GC(52)   Merge Heap Roots: 0.5ms
[2025-04-24T20:54:07.618+0000][38.299s][info ][gc,phases   ] GC(52)   Evacuate Collection Set: 52.7ms
[2025-04-24T20:54:07.618+0000][38.299s][info ][gc,phases   ] GC(52)   Post Evacuate Collection Set: 3.1ms
[2025-04-24T20:54:07.618+0000][38.299s][info ][gc,phases   ] GC(52)   Other: 0.3ms
[2025-04-24T20:54:07.618+0000][38.299s][info ][gc,heap     ] GC(52) Eden regions: 284->0(5)
[2025-04-24T20:54:07.618+0000][38.299s][info ][gc,heap     ] GC(52) Survivor regions: 22->20(39)
[2025-04-24T20:54:07.618+0000][38.299s][info ][gc,heap     ] GC(52) Old regions: 95->101
[2025-04-24T20:54:07.618+0000][38.299s][info ][gc,heap     ] GC(52) Archive regions: 2->2
[2025-04-24T20:54:07.618+0000][38.299s][info ][gc,heap     ] GC(52) Humongous regions: 0->0
[2025-04-24T20:54:07.618+0000][38.299s][info ][gc,metaspace] GC(52) Metaspace: 136233K(137280K)->136233K(137280K) NonClass: 119199K(119744K)->119199K(119744K) Class: 17033K(17536K)->17033K(17536K)
[2025-04-24T20:54:07.618+0000][38.299s][info ][gc          ] GC(52) Pause Young (Prepare Mixed) (G1 Evacuation Pause) 400M->120M(511M) 56.957ms
[2025-04-24T20:54:07.618+0000][38.299s][info ][gc,cpu      ] GC(52) User=0.16s Sys=0.00s Real=0.06s
[2025-04-24T20:54:07.618+0000][38.299s][info ][safepoint   ] Safepoint "G1CollectForAllocation", Time since last: 373825689 ns, Reaching safepoint: 200867 ns, Cleanup: 47254 ns, At safepoint: 57067710 ns, Total: 57315831 ns
[2025-04-24T20:54:07.661+0000][38.342s][debug][safepoint   ] Safepoint synchronization initiated using futex wait barrier. (54 threads)
[2025-04-24T20:54:07.661+0000][38.343s][info ][gc,start    ] GC(53) Pause Young (Mixed) (G1 Evacuation Pause)
[2025-04-24T20:54:07.661+0000][38.343s][info ][gc,task     ] GC(53) Using 4 workers of 4 for evacuation
[2025-04-24T20:54:07.704+0000][38.386s][info ][gc,phases   ] GC(53)   Pre Evacuate Collection Set: 0.1ms
[2025-04-24T20:54:07.704+0000][38.386s][info ][gc,phases   ] GC(53)   Merge Heap Roots: 0.5ms
[2025-04-24T20:54:07.704+0000][38.386s][info ][gc,phases   ] GC(53)   Evacuate Collection Set: 40.3ms
[2025-04-24T20:54:07.704+0000][38.386s][info ][gc,phases   ] GC(53)   Post Evacuate Collection Set: 2.0ms
[2025-04-24T20:54:07.704+0000][38.386s][info ][gc,phases   ] GC(53)   Other: 0.3ms
[2025-04-24T20:54:07.704+0000][38.386s][info ][gc,heap     ] GC(53) Eden regions: 5->0(304)
[2025-04-24T20:54:07.704+0000][38.386s][info ][gc,heap     ] GC(53) Survivor regions: 20->2(4)
[2025-04-24T20:54:07.704+0000][38.386s][info ][gc,heap     ] GC(53) Old regions: 101->118
[2025-04-24T20:54:07.704+0000][38.386s][info ][gc,heap     ] GC(53) Archive regions: 2->2
[2025-04-24T20:54:07.704+0000][38.386s][info ][gc,heap     ] GC(53) Humongous regions: 0->0
[2025-04-24T20:54:07.704+0000][38.386s][info ][gc,metaspace] GC(53) Metaspace: 136315K(137408K)->136315K(137408K) NonClass: 119278K(119872K)->119278K(119872K) Class: 17037K(17536K)->17037K(17536K)
[2025-04-24T20:54:07.704+0000][38.386s][info ][gc          ] GC(53) Pause Young (Mixed) (G1 Evacuation Pause) 125M->120M(511M) 43.327ms
[2025-04-24T20:54:07.704+0000][38.386s][info ][gc,cpu      ] GC(53) User=0.10s Sys=0.00s Real=0.04s
[2025-04-24T20:54:07.705+0000][38.386s][info ][safepoint   ] Safepoint "G1CollectForAllocation", Time since last: 42819096 ns, Reaching safepoint: 378969 ns, Cleanup: 17327 ns, At safepoint: 43420600 ns, Total: 43816896 ns
[2025-04-24T20:54:09.134+0000][39.816s][debug][safepoint   ] Safepoint synchronization initiated using futex wait barrier. (58 threads)
[2025-04-24T20:54:09.134+0000][39.816s][info ][safepoint   ] Safepoint "ICBufferFull", Time since last: 1429542627 ns, Reaching safepoint: 52660 ns, Cleanup: 120543 ns, At safepoint: 4748 ns, Total: 177951 ns
[2025-04-24T20:54:09.557+0000][40.239s][debug][safepoint   ] Safepoint synchronization initiated using futex wait barrier. (58 threads)
[2025-04-24T20:54:09.557+0000][40.239s][info ][gc,start    ] GC(54) Pause Young (Concurrent Start) (G1 Evacuation Pause)
[2025-04-24T20:54:09.557+0000][40.239s][info ][gc,task     ] GC(54) Using 4 workers of 4 for evacuation
[2025-04-24T20:54:09.583+0000][40.264s][info ][gc,phases   ] GC(54)   Pre Evacuate Collection Set: 0.3ms
[2025-04-24T20:54:09.583+0000][40.264s][info ][gc,phases   ] GC(54)   Merge Heap Roots: 0.3ms
[2025-04-24T20:54:09.583+0000][40.264s][info ][gc,phases   ] GC(54)   Evacuate Collection Set: 19.6ms
[2025-04-24T20:54:09.583+0000][40.264s][info ][gc,phases   ] GC(54)   Post Evacuate Collection Set: 4.8ms
[2025-04-24T20:54:09.583+0000][40.264s][info ][gc,phases   ] GC(54)   Other: 0.2ms
[2025-04-24T20:54:09.583+0000][40.264s][info ][gc,heap     ] GC(54) Eden regions: 304->0(294)
[2025-04-24T20:54:09.583+0000][40.264s][info ][gc,heap     ] GC(54) Survivor regions: 2->12(39)
[2025-04-24T20:54:09.583+0000][40.264s][info ][gc,heap     ] GC(54) Old regions: 118->118
[2025-04-24T20:54:09.583+0000][40.264s][info ][gc,heap     ] GC(54) Archive regions: 2->2
[2025-04-24T20:54:09.583+0000][40.264s][info ][gc,heap     ] GC(54) Humongous regions: 0->0
[2025-04-24T20:54:09.583+0000][40.264s][info ][gc,metaspace] GC(54) Metaspace: 142187K(143232K)->142187K(143232K) NonClass: 124829K(125376K)->124829K(125376K) Class: 17357K(17856K)->17357K(17856K)
[2025-04-24T20:54:09.583+0000][40.264s][info ][gc          ] GC(54) Pause Young (Concurrent Start) (G1 Evacuation Pause) 424M->129M(511M) 25.342ms
[2025-04-24T20:54:09.583+0000][40.264s][info ][gc,cpu      ] GC(54) User=0.10s Sys=0.00s Real=0.03s
[2025-04-24T20:54:09.583+0000][40.265s][info ][safepoint   ] Safepoint "G1CollectForAllocation", Time since last: 423085121 ns, Reaching safepoint: 53897 ns, Cleanup: 29517 ns, At safepoint: 25531252 ns, Total: 25614666 ns
[2025-04-24T20:54:09.584+0000][40.265s][info ][gc          ] GC(55) Concurrent Mark Cycle
[2025-04-24T20:54:09.584+0000][40.265s][info ][gc,marking  ] GC(55) Concurrent Clear Claimed Marks
[2025-04-24T20:54:09.584+0000][40.265s][info ][gc,marking  ] GC(55) Concurrent Clear Claimed Marks 0.098ms
[2025-04-24T20:54:09.584+0000][40.265s][info ][gc,marking  ] GC(55) Concurrent Scan Root Regions
[2025-04-24T20:54:09.607+0000][40.288s][info ][gc,marking  ] GC(55) Concurrent Scan Root Regions 22.886ms
[2025-04-24T20:54:09.607+0000][40.288s][info ][gc,marking  ] GC(55) Concurrent Mark
[2025-04-24T20:54:09.607+0000][40.288s][info ][gc,marking  ] GC(55) Concurrent Mark From Roots
[2025-04-24T20:54:09.607+0000][40.288s][info ][gc,task     ] GC(55) Using 1 workers of 1 for marking
[2025-04-24T20:54:09.910+0000][40.591s][info ][gc,marking  ] GC(55) Concurrent Mark From Roots 303.111ms
[2025-04-24T20:54:09.910+0000][40.592s][info ][gc,marking  ] GC(55) Concurrent Preclean
[2025-04-24T20:54:09.911+0000][40.592s][info ][gc,marking  ] GC(55) Concurrent Preclean 0.498ms
[2025-04-24T20:54:09.911+0000][40.592s][debug][safepoint   ] Safepoint synchronization initiated using futex wait barrier. (59 threads)
[2025-04-24T20:54:09.911+0000][40.593s][info ][gc,start    ] GC(55) Pause Remark
[2025-04-24T20:54:09.918+0000][40.600s][info ][gc          ] GC(55) Pause Remark 161M->161M(511M) 7.298ms
[2025-04-24T20:54:09.918+0000][40.600s][info ][gc,cpu      ] GC(55) User=0.03s Sys=0.00s Real=0.01s
[2025-04-24T20:54:09.918+0000][40.600s][info ][safepoint   ] Safepoint "G1PauseRemark", Time since last: 327831658 ns, Reaching safepoint: 169191 ns, Cleanup: 21617 ns, At safepoint: 7408106 ns, Total: 7598914 ns
[2025-04-24T20:54:09.918+0000][40.600s][info ][gc,marking  ] GC(55) Concurrent Mark 311.619ms
[2025-04-24T20:54:09.918+0000][40.600s][info ][gc,marking  ] GC(55) Concurrent Rebuild Remembered Sets
[2025-04-24T20:54:10.086+0000][40.767s][info ][gc,marking  ] GC(55) Concurrent Rebuild Remembered Sets 167.314ms
[2025-04-24T20:54:10.086+0000][40.767s][debug][safepoint   ] Safepoint synchronization initiated using futex wait barrier. (64 threads)
[2025-04-24T20:54:10.086+0000][40.768s][info ][gc,start    ] GC(55) Pause Cleanup
[2025-04-24T20:54:10.086+0000][40.768s][info ][gc          ] GC(55) Pause Cleanup 184M->184M(511M) 0.214ms
[2025-04-24T20:54:10.086+0000][40.768s][info ][gc,cpu      ] GC(55) User=0.00s Sys=0.00s Real=0.00s
[2025-04-24T20:54:10.086+0000][40.768s][info ][safepoint   ] Safepoint "G1PauseCleanup", Time since last: 167460643 ns, Reaching safepoint: 89826 ns, Cleanup: 13653 ns, At safepoint: 266413 ns, Total: 369892 ns
[2025-04-24T20:54:10.087+0000][40.768s][info ][gc,marking  ] GC(55) Concurrent Cleanup for Next Mark
[2025-04-24T20:54:10.090+0000][40.772s][info ][gc,marking  ] GC(55) Concurrent Cleanup for Next Mark 3.570ms
[2025-04-24T20:54:10.090+0000][40.772s][info ][gc          ] GC(55) Concurrent Mark Cycle 506.771ms
[2025-04-24T20:54:10.459+0000][41.141s][info ][cds,heap    ] initialize_from_archived_subgraph jdk.internal.math.FDBigInteger 0x00007d720714dd00
[2025-04-24T20:54:11.086+0000][41.768s][debug][safepoint   ] Safepoint synchronization initiated using futex wait barrier. (77 threads)
[2025-04-24T20:54:11.087+0000][41.768s][info ][safepoint   ] Safepoint "Cleanup", Time since last: 1000088426 ns, Reaching safepoint: 200991 ns, Cleanup: 96667 ns, At safepoint: 5507 ns, Total: 303165 ns
[2025-04-24T20:54:11.732+0000][42.414s][debug][safepoint   ] Safepoint synchronization initiated using futex wait barrier. (78 threads)
[2025-04-24T20:54:11.732+0000][42.414s][info ][gc,start    ] GC(56) Pause Young (Prepare Mixed) (G1 Evacuation Pause)
[2025-04-24T20:54:11.732+0000][42.414s][info ][gc,task     ] GC(56) Using 4 workers of 4 for evacuation
[2025-04-24T20:54:11.754+0000][42.436s][info ][gc,phases   ] GC(56)   Pre Evacuate Collection Set: 0.1ms
[2025-04-24T20:54:11.754+0000][42.436s][info ][gc,phases   ] GC(56)   Merge Heap Roots: 0.3ms
[2025-04-24T20:54:11.754+0000][42.436s][info ][gc,phases   ] GC(56)   Evacuate Collection Set: 19.6ms
[2025-04-24T20:54:11.754+0000][42.436s][info ][gc,phases   ] GC(56)   Post Evacuate Collection Set: 1.7ms
[2025-04-24T20:54:11.754+0000][42.436s][info ][gc,phases   ] GC(56)   Other: 0.1ms
[2025-04-24T20:54:11.754+0000][42.436s][info ][gc,heap     ] GC(56) Eden regions: 294->0(8)
[2025-04-24T20:54:11.754+0000][42.436s][info ][gc,heap     ] GC(56) Survivor regions: 12->17(39)
[2025-04-24T20:54:11.754+0000][42.436s][info ][gc,heap     ] GC(56) Old regions: 118->118
[2025-04-24T20:54:11.754+0000][42.436s][info ][gc,heap     ] GC(56) Archive regions: 2->2
[2025-04-24T20:54:11.754+0000][42.436s][info ][gc,heap     ] GC(56) Humongous regions: 0->0
[2025-04-24T20:54:11.754+0000][42.436s][info ][gc,metaspace] GC(56) Metaspace: 150475K(151552K)->150475K(151552K) NonClass: 132117K(132672K)->132117K(132672K) Class: 18358K(18880K)->18358K(18880K)
[2025-04-24T20:54:11.754+0000][42.436s][info ][gc          ] GC(56) Pause Young (Prepare Mixed) (G1 Evacuation Pause) 423M->135M(511M) 21.989ms
[2025-04-24T20:54:11.754+0000][42.436s][info ][gc,cpu      ] GC(56) User=0.08s Sys=0.00s Real=0.02s
[2025-04-24T20:54:11.755+0000][42.436s][info ][safepoint   ] Safepoint "G1CollectForAllocation", Time since last: 645687838 ns, Reaching safepoint: 63029 ns, Cleanup: 71679 ns, At safepoint: 22074956 ns, Total: 22209664 ns
[2025-04-24T20:54:11.793+0000][42.475s][debug][safepoint   ] Safepoint synchronization initiated using futex wait barrier. (78 threads)
[2025-04-24T20:54:11.794+0000][42.475s][info ][gc,start    ] GC(57) Pause Young (Mixed) (G1 Evacuation Pause)
[2025-04-24T20:54:11.794+0000][42.475s][info ][gc,task     ] GC(57) Using 4 workers of 4 for evacuation
[2025-04-24T20:54:11.826+0000][42.508s][info ][gc,phases   ] GC(57)   Pre Evacuate Collection Set: 0.2ms
[2025-04-24T20:54:11.826+0000][42.508s][info ][gc,phases   ] GC(57)   Merge Heap Roots: 0.5ms
[2025-04-24T20:54:11.826+0000][42.508s][info ][gc,phases   ] GC(57)   Evacuate Collection Set: 29.0ms
[2025-04-24T20:54:11.826+0000][42.508s][info ][gc,phases   ] GC(57)   Post Evacuate Collection Set: 2.6ms
[2025-04-24T20:54:11.826+0000][42.508s][info ][gc,phases   ] GC(57)   Other: 0.1ms
[2025-04-24T20:54:11.826+0000][42.508s][info ][gc,heap     ] GC(57) Eden regions: 8->0(300)
[2025-04-24T20:54:11.826+0000][42.508s][info ][gc,heap     ] GC(57) Survivor regions: 17->2(4)
[2025-04-24T20:54:11.826+0000][42.508s][info ][gc,heap     ] GC(57) Old regions: 118->132
[2025-04-24T20:54:11.826+0000][42.508s][info ][gc,heap     ] GC(57) Archive regions: 2->2
[2025-04-24T20:54:11.826+0000][42.508s][info ][gc,heap     ] GC(57) Humongous regions: 0->0
[2025-04-24T20:54:11.826+0000][42.508s][info ][gc,metaspace] GC(57) Metaspace: 150517K(151616K)->150517K(151616K) NonClass: 132152K(132736K)->132152K(132736K) Class: 18365K(18880K)->18365K(18880K)
[2025-04-24T20:54:11.826+0000][42.508s][info ][gc          ] GC(57) Pause Young (Mixed) (G1 Evacuation Pause) 143M->134M(511M) 32.510ms
[2025-04-24T20:54:11.826+0000][42.508s][info ][gc,cpu      ] GC(57) User=0.10s Sys=0.00s Real=0.03s
[2025-04-24T20:54:11.826+0000][42.508s][info ][safepoint   ] Safepoint "G1CollectForAllocation", Time since last: 38976241 ns, Reaching safepoint: 64077 ns, Cleanup: 14347 ns, At safepoint: 32630149 ns, Total: 32708573 ns
[2025-04-24T20:54:12.796+0000][43.478s][debug][safepoint   ] Safepoint synchronization initiated using futex wait barrier. (78 threads)
[2025-04-24T20:54:12.797+0000][43.478s][info ][safepoint   ] Safepoint "ICBufferFull", Time since last: 969806802 ns, Reaching safepoint: 174820 ns, Cleanup: 214381 ns, At safepoint: 185840 ns, Total: 575041 ns
[2025-04-24T20:54:13.622+0000][44.303s][debug][safepoint   ] Safepoint synchronization initiated using futex wait barrier. (78 threads)
[2025-04-24T20:54:13.622+0000][44.303s][info ][gc,start    ] GC(58) Pause Young (Normal) (G1 Evacuation Pause)
[2025-04-24T20:54:13.622+0000][44.303s][info ][gc,task     ] GC(58) Using 4 workers of 4 for evacuation
[2025-04-24T20:54:13.646+0000][44.328s][info ][gc,phases   ] GC(58)   Pre Evacuate Collection Set: 0.1ms
[2025-04-24T20:54:13.646+0000][44.328s][info ][gc,phases   ] GC(58)   Merge Heap Roots: 0.2ms
[2025-04-24T20:54:13.646+0000][44.328s][info ][gc,phases   ] GC(58)   Evacuate Collection Set: 21.2ms
[2025-04-24T20:54:13.646+0000][44.328s][info ][gc,phases   ] GC(58)   Post Evacuate Collection Set: 3.0ms
[2025-04-24T20:54:13.647+0000][44.328s][info ][gc,phases   ] GC(58)   Other: 0.1ms
[2025-04-24T20:54:13.647+0000][44.328s][info ][gc,heap     ] GC(58) Eden regions: 300->0(291)
[2025-04-24T20:54:13.647+0000][44.328s][info ][gc,heap     ] GC(58) Survivor regions: 2->10(38)
[2025-04-24T20:54:13.647+0000][44.328s][info ][gc,heap     ] GC(58) Old regions: 132->132
[2025-04-24T20:54:13.647+0000][44.328s][info ][gc,heap     ] GC(58) Archive regions: 2->2
[2025-04-24T20:54:13.647+0000][44.328s][info ][gc,heap     ] GC(58) Humongous regions: 0->0
[2025-04-24T20:54:13.647+0000][44.328s][info ][gc,metaspace] GC(58) Metaspace: 154404K(155520K)->154404K(155520K) NonClass: 135472K(136064K)->135472K(136064K) Class: 18931K(19456K)->18931K(19456K)
[2025-04-24T20:54:13.647+0000][44.328s][info ][gc          ] GC(58) Pause Young (Normal) (G1 Evacuation Pause) 434M->142M(511M) 24.709ms
[2025-04-24T20:54:13.647+0000][44.328s][info ][gc,cpu      ] GC(58) User=0.08s Sys=0.00s Real=0.02s
[2025-04-24T20:54:13.647+0000][44.328s][info ][safepoint   ] Safepoint "G1CollectForAllocation", Time since last: 824935033 ns, Reaching safepoint: 247966 ns, Cleanup: 79104 ns, At safepoint: 24811240 ns, Total: 25138310 ns
[2025-04-24T20:54:14.912+0000][45.594s][debug][safepoint   ] Safepoint synchronization initiated using futex wait barrier. (78 threads)
[2025-04-24T20:54:14.912+0000][45.594s][info ][safepoint   ] Safepoint "Cleanup", Time since last: 1265376318 ns, Reaching safepoint: 57233 ns, Cleanup: 98295 ns, At safepoint: 4648 ns, Total: 160176 ns
[2025-04-24T20:54:15.623+0000][46.305s][debug][safepoint   ] Safepoint synchronization initiated using futex wait barrier. (83 threads)
[2025-04-24T20:54:15.623+0000][46.305s][info ][gc,start    ] GC(59) Pause Young (Normal) (G1 Evacuation Pause)
[2025-04-24T20:54:15.623+0000][46.305s][info ][gc,task     ] GC(59) Using 4 workers of 4 for evacuation
[2025-04-24T20:54:15.646+0000][46.328s][info ][gc,phases   ] GC(59)   Pre Evacuate Collection Set: 0.2ms
[2025-04-24T20:54:15.646+0000][46.328s][info ][gc,phases   ] GC(59)   Merge Heap Roots: 0.4ms
[2025-04-24T20:54:15.646+0000][46.328s][info ][gc,phases   ] GC(59)   Evacuate Collection Set: 20.0ms
[2025-04-24T20:54:15.646+0000][46.328s][info ][gc,phases   ] GC(59)   Post Evacuate Collection Set: 2.2ms
[2025-04-24T20:54:15.646+0000][46.328s][info ][gc,phases   ] GC(59)   Other: 0.1ms
[2025-04-24T20:54:15.646+0000][46.328s][info ][gc,heap     ] GC(59) Eden regions: 291->0(286)
[2025-04-24T20:54:15.646+0000][46.328s][info ][gc,heap     ] GC(59) Survivor regions: 10->16(38)
[2025-04-24T20:54:15.646+0000][46.328s][info ][gc,heap     ] GC(59) Old regions: 132->132
[2025-04-24T20:54:15.646+0000][46.328s][info ][gc,heap     ] GC(59) Archive regions: 2->2
[2025-04-24T20:54:15.646+0000][46.328s][info ][gc,heap     ] GC(59) Humongous regions: 0->0
[2025-04-24T20:54:15.646+0000][46.328s][info ][gc,metaspace] GC(59) Metaspace: 157592K(158720K)->157592K(158720K) NonClass: 138174K(138752K)->138174K(138752K) Class: 19417K(19968K)->19417K(19968K)
[2025-04-24T20:54:15.646+0000][46.328s][info ][gc          ] GC(59) Pause Young (Normal) (G1 Evacuation Pause) 433M->148M(511M) 22.990ms
[2025-04-24T20:54:15.646+0000][46.328s][info ][gc,cpu      ] GC(59) User=0.08s Sys=0.00s Real=0.02s
[2025-04-24T20:54:15.647+0000][46.328s][info ][safepoint   ] Safepoint "G1CollectForAllocation", Time since last: 710853815 ns, Reaching safepoint: 64070 ns, Cleanup: 122174 ns, At safepoint: 23333190 ns, Total: 23519434 ns
[2025-04-24T20:54:16.795+0000][47.476s][debug][safepoint   ] Safepoint synchronization initiated using futex wait barrier. (99 threads)
[2025-04-24T20:54:16.796+0000][47.477s][info ][safepoint   ] Safepoint "Cleanup", Time since last: 1148202318 ns, Reaching safepoint: 666586 ns, Cleanup: 85906 ns, At safepoint: 23049 ns, Total: 775541 ns
[2025-04-24T20:54:17.797+0000][48.479s][debug][safepoint   ] Safepoint synchronization initiated using futex wait barrier. (117 threads)
[2025-04-24T20:54:17.798+0000][48.479s][info ][safepoint   ] Safepoint "Cleanup", Time since last: 1001729684 ns, Reaching safepoint: 191249 ns, Cleanup: 294283 ns, At safepoint: 20039 ns, Total: 505571 ns
[2025-04-24T20:54:17.931+0000][48.612s][debug][safepoint   ] Safepoint synchronization initiated using futex wait barrier. (117 threads)
[2025-04-24T20:54:17.931+0000][48.613s][info ][gc,start    ] GC(60) Pause Young (Normal) (G1 Evacuation Pause)
[2025-04-24T20:54:17.932+0000][48.613s][info ][gc,task     ] GC(60) Using 4 workers of 4 for evacuation
[2025-04-24T20:54:17.984+0000][48.665s][info ][gc,phases   ] GC(60)   Pre Evacuate Collection Set: 0.3ms
[2025-04-24T20:54:17.984+0000][48.666s][info ][gc,phases   ] GC(60)   Merge Heap Roots: 0.6ms
[2025-04-24T20:54:17.984+0000][48.666s][info ][gc,phases   ] GC(60)   Evacuate Collection Set: 48.7ms
[2025-04-24T20:54:17.984+0000][48.666s][info ][gc,phases   ] GC(60)   Post Evacuate Collection Set: 2.7ms
[2025-04-24T20:54:17.984+0000][48.666s][info ][gc,phases   ] GC(60)   Other: 0.3ms
[2025-04-24T20:54:17.984+0000][48.666s][info ][gc,heap     ] GC(60) Eden regions: 286->0(279)
[2025-04-24T20:54:17.984+0000][48.666s][info ][gc,heap     ] GC(60) Survivor regions: 16->23(38)
[2025-04-24T20:54:17.984+0000][48.666s][info ][gc,heap     ] GC(60) Old regions: 132->132
[2025-04-24T20:54:17.985+0000][48.666s][info ][gc,heap     ] GC(60) Archive regions: 2->2
[2025-04-24T20:54:17.985+0000][48.666s][info ][gc,heap     ] GC(60) Humongous regions: 0->0
[2025-04-24T20:54:17.985+0000][48.666s][info ][gc,metaspace] GC(60) Metaspace: 162243K(163456K)->162243K(163456K) NonClass: 142230K(142848K)->142230K(142848K) Class: 20013K(20608K)->20013K(20608K)
[2025-04-24T20:54:17.985+0000][48.666s][info ][gc          ] GC(60) Pause Young (Normal) (G1 Evacuation Pause) 434M->154M(511M) 53.129ms
[2025-04-24T20:54:17.985+0000][48.666s][info ][gc,cpu      ] GC(60) User=0.16s Sys=0.00s Real=0.05s
[2025-04-24T20:54:17.985+0000][48.666s][info ][safepoint   ] Safepoint "G1CollectForAllocation", Time since last: 133065875 ns, Reaching safepoint: 537165 ns, Cleanup: 31085 ns, At safepoint: 53491245 ns, Total: 54059495 ns
[2025-04-24T20:54:18.648+0000][49.330s][debug][safepoint   ] Safepoint synchronization initiated using futex wait barrier. (196 threads)
[2025-04-24T20:54:18.650+0000][49.331s][info ][safepoint   ] Safepoint "ICBufferFull", Time since last: 663585334 ns, Reaching safepoint: 374707 ns, Cleanup: 133782 ns, At safepoint: 746040 ns, Total: 1254529 ns
[2025-04-24T20:54:19.173+0000][49.855s][debug][safepoint   ] Safepoint synchronization initiated using futex wait barrier. (202 threads)
[2025-04-24T20:54:19.173+0000][49.855s][debug][safepoint   ] ... found polling page loop exception at pc = 0x00007d726a789f83, stub =0x00007d727098e400
[2025-04-24T20:54:19.174+0000][49.855s][info ][safepoint   ] Safepoint "ICBufferFull", Time since last: 523427501 ns, Reaching safepoint: 336897 ns, Cleanup: 140868 ns, At safepoint: 14137 ns, Total: 491902 ns
[2025-04-24T20:54:20.033+0000][50.714s][debug][safepoint   ] Safepoint synchronization initiated using futex wait barrier. (214 threads)
[2025-04-24T20:54:20.034+0000][50.715s][info ][safepoint   ] Safepoint "ICBufferFull", Time since last: 858234457 ns, Reaching safepoint: 1441923 ns, Cleanup: 154669 ns, At safepoint: 58341 ns, Total: 1654933 ns
[2025-04-24T20:54:20.145+0000][50.827s][debug][safepoint   ] Safepoint synchronization initiated using futex wait barrier. (218 threads)
[2025-04-24T20:54:20.146+0000][50.827s][debug][safepoint   ] ... found polling page loop exception at pc = 0x00007d7270fe1259, stub =0x00007d727098e400
[2025-04-24T20:54:20.146+0000][50.828s][info ][gc,start    ] GC(61) Pause Young (Normal) (G1 Evacuation Pause)
[2025-04-24T20:54:20.146+0000][50.828s][info ][gc,task     ] GC(61) Using 4 workers of 4 for evacuation
[2025-04-24T20:54:20.217+0000][50.898s][info ][gc,phases   ] GC(61)   Pre Evacuate Collection Set: 0.4ms
[2025-04-24T20:54:20.217+0000][50.898s][info ][gc,phases   ] GC(61)   Merge Heap Roots: 0.4ms
[2025-04-24T20:54:20.217+0000][50.898s][info ][gc,phases   ] GC(61)   Evacuate Collection Set: 66.2ms
[2025-04-24T20:54:20.217+0000][50.898s][info ][gc,phases   ] GC(61)   Post Evacuate Collection Set: 3.6ms
[2025-04-24T20:54:20.217+0000][50.899s][info ][gc,phases   ] GC(61)   Other: 0.4ms
[2025-04-24T20:54:20.217+0000][50.899s][info ][gc,heap     ] GC(61) Eden regions: 279->0(271)
[2025-04-24T20:54:20.217+0000][50.899s][info ][gc,heap     ] GC(61) Survivor regions: 23->22(38)
[2025-04-24T20:54:20.217+0000][50.899s][info ][gc,heap     ] GC(61) Old regions: 132->141
[2025-04-24T20:54:20.217+0000][50.899s][info ][gc,heap     ] GC(61) Archive regions: 2->2
[2025-04-24T20:54:20.217+0000][50.899s][info ][gc,heap     ] GC(61) Humongous regions: 0->0
[2025-04-24T20:54:20.217+0000][50.899s][info ][gc,metaspace] GC(61) Metaspace: 168293K(169536K)->168293K(169536K) NonClass: 147542K(148224K)->147542K(148224K) Class: 20750K(21312K)->20750K(21312K)
[2025-04-24T20:54:20.217+0000][50.899s][info ][gc          ] GC(61) Pause Young (Normal) (G1 Evacuation Pause) 433M->162M(511M) 71.029ms
[2025-04-24T20:54:20.217+0000][50.899s][info ][gc,cpu      ] GC(61) User=0.17s Sys=0.00s Real=0.07s
[2025-04-24T20:54:20.217+0000][50.899s][info ][safepoint   ] Safepoint "G1CollectForAllocation", Time since last: 111577969 ns, Reaching safepoint: 731347 ns, Cleanup: 78606 ns, At safepoint: 71389273 ns, Total: 72199226 ns
[2025-04-24T20:54:21.501+0000][52.183s][debug][safepoint   ] Safepoint synchronization initiated using futex wait barrier. (218 threads)
[2025-04-24T20:54:21.502+0000][52.183s][info ][safepoint   ] Safepoint "Cleanup", Time since last: 1284098688 ns, Reaching safepoint: 90291 ns, Cleanup: 59634 ns, At safepoint: 16240 ns, Total: 166165 ns
[2025-04-24T20:54:22.972+0000][53.654s][debug][safepoint   ] Safepoint synchronization initiated using futex wait barrier. (218 threads)
[2025-04-24T20:54:22.973+0000][53.655s][info ][safepoint   ] Safepoint "Cleanup", Time since last: 1470502818 ns, Reaching safepoint: 626771 ns, Cleanup: 253585 ns, At safepoint: 46391 ns, Total: 926747 ns
[2025-04-24T20:54:24.017+0000][54.699s][debug][safepoint   ] Safepoint synchronization initiated using futex wait barrier. (218 threads)
[2025-04-24T20:54:24.018+0000][54.700s][info ][safepoint   ] Safepoint "ICBufferFull", Time since last: 1044319084 ns, Reaching safepoint: 854993 ns, Cleanup: 138400 ns, At safepoint: 48249 ns, Total: 1041642 ns
[2025-04-24T20:54:24.534+0000][55.215s][debug][safepoint   ] Safepoint synchronization initiated using futex wait barrier. (218 threads)
[2025-04-24T20:54:24.534+0000][55.216s][info ][gc,start    ] GC(62) Pause Young (Concurrent Start) (G1 Humongous Allocation)
[2025-04-24T20:54:24.534+0000][55.216s][info ][gc,task     ] GC(62) Using 4 workers of 4 for evacuation
[2025-04-24T20:54:24.586+0000][55.268s][info ][gc,phases   ] GC(62)   Pre Evacuate Collection Set: 1.7ms
[2025-04-24T20:54:24.586+0000][55.268s][info ][gc,phases   ] GC(62)   Merge Heap Roots: 2.6ms
[2025-04-24T20:54:24.586+0000][55.268s][info ][gc,phases   ] GC(62)   Evacuate Collection Set: 45.3ms
[2025-04-24T20:54:24.586+0000][55.268s][info ][gc,phases   ] GC(62)   Post Evacuate Collection Set: 2.0ms
[2025-04-24T20:54:24.586+0000][55.268s][info ][gc,phases   ] GC(62)   Other: 0.4ms
[2025-04-24T20:54:24.587+0000][55.268s][info ][gc,heap     ] GC(62) Eden regions: 200->0(266)
[2025-04-24T20:54:24.587+0000][55.268s][info ][gc,heap     ] GC(62) Survivor regions: 22->18(37)
[2025-04-24T20:54:24.587+0000][55.268s][info ][gc,heap     ] GC(62) Old regions: 141->147
[2025-04-24T20:54:24.587+0000][55.268s][info ][gc,heap     ] GC(62) Archive regions: 2->2
[2025-04-24T20:54:24.587+0000][55.268s][info ][gc,heap     ] GC(62) Humongous regions: 38->6
[2025-04-24T20:54:24.587+0000][55.268s][info ][gc,metaspace] GC(62) Metaspace: 172672K(173888K)->172672K(173888K) NonClass: 151405K(152064K)->151405K(152064K) Class: 21267K(21824K)->21267K(21824K)
[2025-04-24T20:54:24.587+0000][55.268s][info ][gc          ] GC(62) Pause Young (Concurrent Start) (G1 Humongous Allocation) 399M->170M(511M) 52.661ms
[2025-04-24T20:54:24.587+0000][55.268s][info ][gc,cpu      ] GC(62) User=0.11s Sys=0.00s Real=0.05s
[2025-04-24T20:54:24.587+0000][55.269s][info ][gc          ] GC(63) Concurrent Undo Cycle
[2025-04-24T20:54:24.587+0000][55.269s][info ][gc,marking  ] GC(63) Concurrent Cleanup for Next Mark
[2025-04-24T20:54:24.587+0000][55.269s][info ][safepoint   ] Safepoint "G1TryInitiateConcMark", Time since last: 515150444 ns, Reaching safepoint: 452264 ns, Cleanup: 132289 ns, At safepoint: 53234317 ns, Total: 53818870 ns
[2025-04-24T20:54:24.589+0000][55.271s][info ][gc,marking  ] GC(63) Concurrent Cleanup for Next Mark 2.158ms
[2025-04-24T20:54:24.589+0000][55.271s][info ][gc          ] GC(63) Concurrent Undo Cycle 2.369ms
[2025-04-24T20:54:24.837+0000][55.519s][debug][safepoint   ] Safepoint synchronization initiated using futex wait barrier. (218 threads)
[2025-04-24T20:54:24.837+0000][55.519s][info ][gc,start    ] GC(64) Pause Young (Concurrent Start) (G1 Humongous Allocation)
[2025-04-24T20:54:24.837+0000][55.519s][info ][gc,task     ] GC(64) Using 4 workers of 4 for evacuation
[2025-04-24T20:54:24.865+0000][55.546s][info ][gc,phases   ] GC(64)   Pre Evacuate Collection Set: 0.3ms
[2025-04-24T20:54:24.865+0000][55.546s][info ][gc,phases   ] GC(64)   Merge Heap Roots: 0.1ms
[2025-04-24T20:54:24.865+0000][55.546s][info ][gc,phases   ] GC(64)   Evacuate Collection Set: 25.0ms
[2025-04-24T20:54:24.865+0000][55.547s][info ][gc,phases   ] GC(64)   Post Evacuate Collection Set: 2.0ms
[2025-04-24T20:54:24.865+0000][55.547s][info ][gc,phases   ] GC(64)   Other: 0.2ms
[2025-04-24T20:54:24.865+0000][55.547s][info ][gc,heap     ] GC(64) Eden regions: 5->0(270)
[2025-04-24T20:54:24.865+0000][55.547s][info ][gc,heap     ] GC(64) Survivor regions: 18->18(36)
[2025-04-24T20:54:24.865+0000][55.547s][info ][gc,heap     ] GC(64) Old regions: 147->147
[2025-04-24T20:54:24.865+0000][55.547s][info ][gc,heap     ] GC(64) Archive regions: 2->2
[2025-04-24T20:54:24.865+0000][55.547s][info ][gc,heap     ] GC(64) Humongous regions: 41->4
[2025-04-24T20:54:24.865+0000][55.547s][info ][gc,metaspace] GC(64) Metaspace: 172697K(173888K)->172697K(173888K) NonClass: 151427K(152064K)->151427K(152064K) Class: 21270K(21824K)->21270K(21824K)
[2025-04-24T20:54:24.865+0000][55.547s][info ][gc          ] GC(64) Pause Young (Concurrent Start) (G1 Humongous Allocation) 210M->168M(511M) 27.662ms
[2025-04-24T20:54:24.865+0000][55.547s][info ][gc,cpu      ] GC(64) User=0.10s Sys=0.00s Real=0.03s
[2025-04-24T20:54:24.865+0000][55.547s][info ][gc          ] GC(65) Concurrent Undo Cycle
[2025-04-24T20:54:24.865+0000][55.547s][info ][gc,marking  ] GC(65) Concurrent Cleanup for Next Mark
[2025-04-24T20:54:24.865+0000][55.547s][info ][safepoint   ] Safepoint "G1TryInitiateConcMark", Time since last: 249933305 ns, Reaching safepoint: 48191 ns, Cleanup: 18320 ns, At safepoint: 27961749 ns, Total: 28028260 ns
[2025-04-24T20:54:24.867+0000][55.549s][info ][gc,marking  ] GC(65) Concurrent Cleanup for Next Mark 2.090ms
[2025-04-24T20:54:24.867+0000][55.549s][info ][gc          ] GC(65) Concurrent Undo Cycle 2.208ms
[2025-04-24T20:54:25.901+0000][56.583s][debug][safepoint   ] Safepoint synchronization initiated using futex wait barrier. (219 threads)
[2025-04-24T20:54:25.901+0000][56.583s][info ][gc,start    ] GC(66) Pause Young (Concurrent Start) (G1 Humongous Allocation)
[2025-04-24T20:54:25.901+0000][56.583s][info ][gc,task     ] GC(66) Using 4 workers of 4 for evacuation
[2025-04-24T20:54:25.924+0000][56.606s][info ][gc,phases   ] GC(66)   Pre Evacuate Collection Set: 0.4ms
[2025-04-24T20:54:25.924+0000][56.606s][info ][gc,phases   ] GC(66)   Merge Heap Roots: 0.2ms
[2025-04-24T20:54:25.924+0000][56.606s][info ][gc,phases   ] GC(66)   Evacuate Collection Set: 20.6ms
[2025-04-24T20:54:25.924+0000][56.606s][info ][gc,phases   ] GC(66)   Post Evacuate Collection Set: 1.6ms
[2025-04-24T20:54:25.925+0000][56.606s][info ][gc,phases   ] GC(66)   Other: 0.2ms
[2025-04-24T20:54:25.925+0000][56.606s][info ][gc,heap     ] GC(66) Eden regions: 179->0(262)
[2025-04-24T20:54:25.925+0000][56.606s][info ][gc,heap     ] GC(66) Survivor regions: 18->22(36)
[2025-04-24T20:54:25.925+0000][56.606s][info ][gc,heap     ] GC(66) Old regions: 147->147
[2025-04-24T20:54:25.925+0000][56.606s][info ][gc,heap     ] GC(66) Archive regions: 2->2
[2025-04-24T20:54:25.925+0000][56.606s][info ][gc,heap     ] GC(66) Humongous regions: 35->4
[2025-04-24T20:54:25.925+0000][56.606s][info ][gc,metaspace] GC(66) Metaspace: 175687K(176896K)->175687K(176896K) NonClass: 154061K(154688K)->154061K(154688K) Class: 21625K(22208K)->21625K(22208K)
[2025-04-24T20:54:25.925+0000][56.606s][info ][gc          ] GC(66) Pause Young (Concurrent Start) (G1 Humongous Allocation) 378M->173M(511M) 23.143ms
[2025-04-24T20:54:25.925+0000][56.606s][info ][gc,cpu      ] GC(66) User=0.08s Sys=0.00s Real=0.02s
[2025-04-24T20:54:25.925+0000][56.606s][info ][gc          ] GC(67) Concurrent Undo Cycle
[2025-04-24T20:54:25.925+0000][56.606s][info ][gc,marking  ] GC(67) Concurrent Cleanup for Next Mark
[2025-04-24T20:54:25.925+0000][56.606s][info ][safepoint   ] Safepoint "G1TryInitiateConcMark", Time since last: 1035745170 ns, Reaching safepoint: 195437 ns, Cleanup: 135380 ns, At safepoint: 23553475 ns, Total: 23884292 ns
[2025-04-24T20:54:25.926+0000][56.608s][info ][gc,marking  ] GC(67) Concurrent Cleanup for Next Mark 1.715ms
[2025-04-24T20:54:25.927+0000][56.608s][info ][gc          ] GC(67) Concurrent Undo Cycle 1.916ms
[2025-04-24T20:54:26.339+0000][57.020s][debug][safepoint   ] Safepoint synchronization initiated using futex wait barrier. (221 threads)
[2025-04-24T20:54:26.339+0000][57.020s][info ][safepoint   ] Safepoint "ICBufferFull", Time since last: 413731612 ns, Reaching safepoint: 135030 ns, Cleanup: 95759 ns, At safepoint: 6225 ns, Total: 237014 ns
[2025-04-24T20:54:26.882+0000][57.564s][debug][safepoint   ] Safepoint synchronization initiated using futex wait barrier. (221 threads)
[2025-04-24T20:54:26.884+0000][57.566s][info ][safepoint   ] Safepoint "ICBufferFull", Time since last: 543331035 ns, Reaching safepoint: 1572617 ns, Cleanup: 143177 ns, At safepoint: 26693 ns, Total: 1742487 ns
[2025-04-24T20:54:27.064+0000][57.746s][debug][safepoint   ] ... found polling page loop exception at pc = 0x00007d7270ffb0cc, stub =0x00007d727098e400
[2025-04-24T20:54:27.353+0000][58.035s][debug][safepoint   ] Safepoint synchronization initiated using futex wait barrier. (222 threads)
[2025-04-24T20:54:27.353+0000][58.035s][info ][safepoint   ] Safepoint "ICBufferFull", Time since last: 469285161 ns, Reaching safepoint: 53922 ns, Cleanup: 147433 ns, At safepoint: 9679 ns, Total: 211034 ns
[2025-04-24T20:54:28.566+0000][59.248s][debug][safepoint   ] Safepoint synchronization initiated using futex wait barrier. (225 threads)
[2025-04-24T20:54:28.567+0000][59.248s][info ][safepoint   ] Safepoint "Cleanup", Time since last: 1213002209 ns, Reaching safepoint: 99426 ns, Cleanup: 239563 ns, At safepoint: 12355 ns, Total: 351344 ns
[2025-04-24T20:54:31.473+0000][62.154s][debug][safepoint   ] Safepoint synchronization initiated using futex wait barrier. (225 threads)
[2025-04-24T20:54:31.473+0000][62.154s][info ][safepoint   ] Safepoint "Cleanup", Time since last: 2905978494 ns, Reaching safepoint: 62780 ns, Cleanup: 14048 ns, At safepoint: 7176 ns, Total: 84004 ns
[2025-04-24T20:54:33.473+0000][64.155s][debug][safepoint   ] Safepoint synchronization initiated using futex wait barrier. (224 threads)
[2025-04-24T20:54:33.473+0000][64.155s][info ][safepoint   ] Safepoint "Cleanup", Time since last: 2000261446 ns, Reaching safepoint: 64115 ns, Cleanup: 12483 ns, At safepoint: 5633 ns, Total: 82231 ns
[2025-04-24T20:54:37.474+0000][68.155s][debug][safepoint   ] Safepoint synchronization initiated using futex wait barrier. (224 threads)
[2025-04-24T20:54:37.474+0000][68.155s][info ][safepoint   ] Safepoint "Cleanup", Time since last: 4000403391 ns, Reaching safepoint: 87030 ns, Cleanup: 17796 ns, At safepoint: 7808 ns, Total: 112634 ns
[2025-04-24T20:54:54.476+0000][85.158s][debug][safepoint   ] Safepoint synchronization initiated using futex wait barrier. (224 threads)
[2025-04-24T20:54:54.476+0000][85.158s][info ][safepoint   ] Safepoint "Cleanup", Time since last: 17002261049 ns, Reaching safepoint: 64990 ns, Cleanup: 9666 ns, At safepoint: 6968 ns, Total: 81624 ns
[2025-04-24T20:54:55.477+0000][86.158s][debug][safepoint   ] Safepoint synchronization initiated using futex wait barrier. (224 threads)
[2025-04-24T20:54:55.477+0000][86.159s][info ][safepoint   ] Safepoint "Cleanup", Time since last: 1000466250 ns, Reaching safepoint: 314441 ns, Cleanup: 41418 ns, At safepoint: 29893 ns, Total: 385752 ns
[2025-04-24T20:54:58.478+0000][89.159s][debug][safepoint   ] Safepoint synchronization initiated using futex wait barrier. (224 threads)
[2025-04-24T20:54:58.478+0000][89.160s][info ][safepoint   ] Safepoint "Cleanup", Time since last: 3000837174 ns, Reaching safepoint: 232999 ns, Cleanup: 69609 ns, At safepoint: 30352 ns, Total: 332960 ns
[2025-04-24T20:55:02.039+0000][92.720s][debug][safepoint   ] Safepoint synchronization initiated using futex wait barrier. (224 threads)
[2025-04-24T20:55:02.039+0000][92.721s][info ][gc,start    ] GC(68) Pause Young (Normal) (G1 Evacuation Pause)
[2025-04-24T20:55:02.039+0000][92.721s][info ][gc,task     ] GC(68) Using 4 workers of 4 for evacuation
[2025-04-24T20:55:02.167+0000][92.849s][info ][gc,phases   ] GC(68)   Pre Evacuate Collection Set: 0.9ms
[2025-04-24T20:55:02.168+0000][92.849s][info ][gc,phases   ] GC(68)   Merge Heap Roots: 1.4ms
[2025-04-24T20:55:02.168+0000][92.849s][info ][gc,phases   ] GC(68)   Evacuate Collection Set: 122.7ms
[2025-04-24T20:55:02.168+0000][92.849s][info ][gc,phases   ] GC(68)   Post Evacuate Collection Set: 2.8ms
[2025-04-24T20:55:02.168+0000][92.849s][info ][gc,phases   ] GC(68)   Other: 0.8ms
[2025-04-24T20:55:02.168+0000][92.849s][info ][gc,heap     ] GC(68) Eden regions: 262->0(258)
[2025-04-24T20:55:02.168+0000][92.849s][info ][gc,heap     ] GC(68) Survivor regions: 22->22(36)
[2025-04-24T20:55:02.168+0000][92.849s][info ][gc,heap     ] GC(68) Old regions: 147->153
[2025-04-24T20:55:02.168+0000][92.849s][info ][gc,heap     ] GC(68) Archive regions: 2->2
[2025-04-24T20:55:02.168+0000][92.849s][info ][gc,heap     ] GC(68) Humongous regions: 12->2
[2025-04-24T20:55:02.168+0000][92.849s][info ][gc,metaspace] GC(68) Metaspace: 181980K(183296K)->181980K(183296K) NonClass: 159601K(160256K)->159601K(160256K) Class: 22379K(23040K)->22379K(23040K)
[2025-04-24T20:55:02.168+0000][92.849s][info ][gc          ] GC(68) Pause Young (Normal) (G1 Evacuation Pause) 443M->177M(511M) 128.669ms
[2025-04-24T20:55:02.168+0000][92.849s][info ][gc,cpu      ] GC(68) User=0.35s Sys=0.00s Real=0.12s
[2025-04-24T20:55:02.169+0000][92.851s][info ][safepoint   ] Safepoint "G1CollectForAllocation", Time since last: 3560404467 ns, Reaching safepoint: 299613 ns, Cleanup: 17506 ns, At safepoint: 130476887 ns, Total: 130794006 ns
[2025-04-24T20:55:03.170+0000][93.851s][debug][safepoint   ] Safepoint synchronization initiated using futex wait barrier. (224 threads)
[2025-04-24T20:55:03.170+0000][93.852s][info ][safepoint   ] Safepoint "Cleanup", Time since last: 1000459477 ns, Reaching safepoint: 251695 ns, Cleanup: 45936 ns, At safepoint: 27915 ns, Total: 325546 ns
[2025-04-24T20:55:09.171+0000][99.853s][debug][safepoint   ] Safepoint synchronization initiated using futex wait barrier. (224 threads)
[2025-04-24T20:55:09.172+0000][99.853s][info ][safepoint   ] Safepoint "Cleanup", Time since last: 6000970871 ns, Reaching safepoint: 341702 ns, Cleanup: 48331 ns, At safepoint: 44269 ns, Total: 434302 ns
[2025-04-24T20:55:10.903+0000][101.585s][debug][safepoint   ] Safepoint synchronization initiated using futex wait barrier. (224 threads)
[2025-04-24T20:55:10.905+0000][101.587s][info ][safepoint   ] Safepoint "Cleanup", Time since last: 1731682870 ns, Reaching safepoint: 113609 ns, Cleanup: 1498397 ns, At safepoint: 215171 ns, Total: 1827177 ns
[2025-04-24T20:55:12.178+0000][102.859s][debug][safepoint   ] Safepoint synchronization initiated using futex wait barrier. (224 threads)
[2025-04-24T20:55:12.178+0000][102.860s][info ][safepoint   ] Safepoint "Cleanup", Time since last: 1272640667 ns, Reaching safepoint: 121727 ns, Cleanup: 160800 ns, At safepoint: 37306 ns, Total: 319833 ns
[2025-04-24T20:55:12.828+0000][103.510s][debug][safepoint   ] Safepoint synchronization initiated using futex wait barrier. (225 threads)
[2025-04-24T20:55:12.833+0000][103.515s][info ][safepoint   ] Safepoint "ICBufferFull", Time since last: 650234859 ns, Reaching safepoint: 597811 ns, Cleanup: 209844 ns, At safepoint: 4117690 ns, Total: 4925345 ns
[2025-04-24T20:55:13.833+0000][104.515s][debug][safepoint   ] Safepoint synchronization initiated using futex wait barrier. (225 threads)
[2025-04-24T20:55:13.834+0000][104.515s][info ][safepoint   ] Safepoint "Cleanup", Time since last: 1000263449 ns, Reaching safepoint: 166812 ns, Cleanup: 167008 ns, At safepoint: 65767 ns, Total: 399587 ns
[2025-04-24T20:55:15.841+0000][106.522s][debug][safepoint   ] Safepoint synchronization initiated using futex wait barrier. (225 threads)
[2025-04-24T20:55:15.841+0000][106.523s][info ][safepoint   ] Safepoint "Cleanup", Time since last: 2006931090 ns, Reaching safepoint: 185794 ns, Cleanup: 72292 ns, At safepoint: 17555 ns, Total: 275641 ns
[2025-04-24T20:55:17.018+0000][107.700s][debug][safepoint   ] Safepoint synchronization initiated using futex wait barrier. (222 threads)
[2025-04-24T20:55:17.018+0000][107.700s][info ][safepoint   ] Safepoint "Cleanup", Time since last: 1177019965 ns, Reaching safepoint: 59591 ns, Cleanup: 74215 ns, At safepoint: 5227 ns, Total: 139033 ns
[2025-04-24T20:55:18.018+0000][108.700s][debug][safepoint   ] Safepoint synchronization initiated using futex wait barrier. (222 threads)
[2025-04-24T20:55:18.019+0000][108.700s][info ][safepoint   ] Safepoint "Cleanup", Time since last: 1000182440 ns, Reaching safepoint: 143920 ns, Cleanup: 27751 ns, At safepoint: 19448 ns, Total: 191119 ns
[2025-04-24T20:55:19.019+0000][109.700s][debug][safepoint   ] Safepoint synchronization initiated using futex wait barrier. (216 threads)
[2025-04-24T20:55:19.019+0000][109.700s][info ][safepoint   ] Safepoint "Cleanup", Time since last: 1000224580 ns, Reaching safepoint: 95262 ns, Cleanup: 17452 ns, At safepoint: 9151 ns, Total: 121865 ns
[2025-04-24T20:55:20.019+0000][110.701s][debug][safepoint   ] Safepoint synchronization initiated using futex wait barrier. (214 threads)
[2025-04-24T20:55:20.019+0000][110.701s][info ][safepoint   ] Safepoint "Cleanup", Time since last: 1000206305 ns, Reaching safepoint: 116624 ns, Cleanup: 28518 ns, At safepoint: 14025 ns, Total: 159167 ns
[2025-04-24T20:55:26.363+0000][117.044s][debug][safepoint   ] Safepoint synchronization initiated using futex wait barrier. (215 threads)
[2025-04-24T20:55:26.363+0000][117.045s][info ][gc,start    ] GC(69) Pause Young (Normal) (G1 Evacuation Pause)
[2025-04-24T20:55:26.363+0000][117.045s][info ][gc,task     ] GC(69) Using 4 workers of 4 for evacuation
[2025-04-24T20:55:26.396+0000][117.077s][info ][gc,phases   ] GC(69)   Pre Evacuate Collection Set: 0.2ms
[2025-04-24T20:55:26.396+0000][117.077s][info ][gc,phases   ] GC(69)   Merge Heap Roots: 0.2ms
[2025-04-24T20:55:26.396+0000][117.077s][info ][gc,phases   ] GC(69)   Evacuate Collection Set: 29.9ms
[2025-04-24T20:55:26.396+0000][117.077s][info ][gc,phases   ] GC(69)   Post Evacuate Collection Set: 2.0ms
[2025-04-24T20:55:26.396+0000][117.077s][info ][gc,phases   ] GC(69)   Other: 0.2ms
[2025-04-24T20:55:26.396+0000][117.077s][info ][gc,heap     ] GC(69) Eden regions: 258->0(248)
[2025-04-24T20:55:26.396+0000][117.077s][info ][gc,heap     ] GC(69) Survivor regions: 22->23(35)
[2025-04-24T20:55:26.396+0000][117.077s][info ][gc,heap     ] GC(69) Old regions: 153->161
[2025-04-24T20:55:26.396+0000][117.077s][info ][gc,heap     ] GC(69) Archive regions: 2->2
[2025-04-24T20:55:26.396+0000][117.077s][info ][gc,heap     ] GC(69) Humongous regions: 18->2
[2025-04-24T20:55:26.396+0000][117.077s][info ][gc,metaspace] GC(69) Metaspace: 184570K(185920K)->184570K(185920K) NonClass: 161922K(162624K)->161922K(162624K) Class: 22647K(23296K)->22647K(23296K)
[2025-04-24T20:55:26.396+0000][117.077s][info ][gc          ] GC(69) Pause Young (Normal) (G1 Evacuation Pause) 451M->186M(511M) 32.695ms
[2025-04-24T20:55:26.396+0000][117.077s][info ][gc,cpu      ] GC(69) User=0.12s Sys=0.00s Real=0.03s
[2025-04-24T20:55:26.396+0000][117.078s][info ][safepoint   ] Safepoint "G1CollectForAllocation", Time since last: 6343630176 ns, Reaching safepoint: 87740 ns, Cleanup: 13746 ns, At safepoint: 33089663 ns, Total: 33191149 ns
[2025-04-24T20:55:27.396+0000][118.078s][debug][safepoint   ] Safepoint synchronization initiated using futex wait barrier. (222 threads)
[2025-04-24T20:55:27.397+0000][118.078s][info ][safepoint   ] Safepoint "Cleanup", Time since last: 1000155874 ns, Reaching safepoint: 160623 ns, Cleanup: 239845 ns, At safepoint: 19941 ns, Total: 420409 ns
[2025-04-24T20:55:28.397+0000][119.079s][debug][safepoint   ] Safepoint synchronization initiated using futex wait barrier. (221 threads)
[2025-04-24T20:55:28.397+0000][119.079s][info ][safepoint   ] Safepoint "Cleanup", Time since last: 1000330581 ns, Reaching safepoint: 341477 ns, Cleanup: 53504 ns, At safepoint: 33779 ns, Total: 428760 ns
[2025-04-24T20:55:30.525+0000][121.207s][debug][safepoint   ] Safepoint synchronization initiated using futex wait barrier. (221 threads)
[2025-04-24T20:55:30.526+0000][121.207s][info ][safepoint   ] Safepoint "Cleanup", Time since last: 2127650464 ns, Reaching safepoint: 307682 ns, Cleanup: 135898 ns, At safepoint: 63785 ns, Total: 507365 ns
[2025-04-24T20:55:32.526+0000][123.208s][debug][safepoint   ] Safepoint synchronization initiated using futex wait barrier. (220 threads)
[2025-04-24T20:55:32.526+0000][123.208s][info ][safepoint   ] Safepoint "Cleanup", Time since last: 2000539398 ns, Reaching safepoint: 197661 ns, Cleanup: 62316 ns, At safepoint: 20430 ns, Total: 280407 ns
[2025-04-24T20:55:33.527+0000][124.208s][debug][safepoint   ] Safepoint synchronization initiated using futex wait barrier. (220 threads)
[2025-04-24T20:55:33.527+0000][124.208s][info ][safepoint   ] Safepoint "Cleanup", Time since last: 1000200687 ns, Reaching safepoint: 69714 ns, Cleanup: 25133 ns, At safepoint: 7863 ns, Total: 102710 ns
[2025-04-24T20:55:34.527+0000][125.208s][debug][safepoint   ] Safepoint synchronization initiated using futex wait barrier. (220 threads)
[2025-04-24T20:55:34.527+0000][125.209s][info ][safepoint   ] Safepoint "Cleanup", Time since last: 1000154007 ns, Reaching safepoint: 130850 ns, Cleanup: 39156 ns, At safepoint: 11918 ns, Total: 181924 ns
[2025-04-24T20:55:37.527+0000][128.209s][debug][safepoint   ] Safepoint synchronization initiated using futex wait barrier. (220 threads)
[2025-04-24T20:55:37.528+0000][128.209s][info ][safepoint   ] Safepoint "Cleanup", Time since last: 3000451524 ns, Reaching safepoint: 252922 ns, Cleanup: 42348 ns, At safepoint: 35581 ns, Total: 330851 ns
[2025-04-24T20:55:38.528+0000][129.210s][debug][safepoint   ] Safepoint synchronization initiated using futex wait barrier. (220 threads)
[2025-04-24T20:55:38.528+0000][129.210s][info ][safepoint   ] Safepoint "Cleanup", Time since last: 1000319235 ns, Reaching safepoint: 236937 ns, Cleanup: 83954 ns, At safepoint: 27724 ns, Total: 348615 ns
[2025-04-24T20:55:42.529+0000][133.211s][debug][safepoint   ] Safepoint synchronization initiated using futex wait barrier. (221 threads)
[2025-04-24T20:55:42.529+0000][133.211s][info ][safepoint   ] Safepoint "Cleanup", Time since last: 4000595901 ns, Reaching safepoint: 70877 ns, Cleanup: 58864 ns, At safepoint: 6497 ns, Total: 136238 ns
[2025-04-24T20:55:43.530+0000][134.211s][debug][safepoint   ] Safepoint synchronization initiated using futex wait barrier. (221 threads)
[2025-04-24T20:55:43.530+0000][134.211s][info ][safepoint   ] Safepoint "Cleanup", Time since last: 1000518693 ns, Reaching safepoint: 153030 ns, Cleanup: 53046 ns, At safepoint: 4534 ns, Total: 210610 ns
[2025-04-24T20:55:44.530+0000][135.212s][debug][safepoint   ] Safepoint synchronization initiated using futex wait barrier. (221 threads)
[2025-04-24T20:55:44.531+0000][135.212s][info ][safepoint   ] Safepoint "Cleanup", Time since last: 1000395190 ns, Reaching safepoint: 175194 ns, Cleanup: 181388 ns, At safepoint: 61922 ns, Total: 418504 ns
[2025-04-24T20:55:53.532+0000][144.214s][debug][safepoint   ] Safepoint synchronization initiated using futex wait barrier. (222 threads)
[2025-04-24T20:55:53.533+0000][144.214s][info ][safepoint   ] Safepoint "Cleanup", Time since last: 9001512419 ns, Reaching safepoint: 194768 ns, Cleanup: 90189 ns, At safepoint: 19031 ns, Total: 303988 ns
[2025-04-24T20:56:00.534+0000][151.215s][debug][safepoint   ] Safepoint synchronization initiated using futex wait barrier. (222 threads)
[2025-04-24T20:56:00.534+0000][151.216s][info ][safepoint   ] Safepoint "Cleanup", Time since last: 7001329438 ns, Reaching safepoint: 218893 ns, Cleanup: 37582 ns, At safepoint: 26157 ns, Total: 282632 ns
[2025-04-24T20:56:06.536+0000][157.217s][debug][safepoint   ] Safepoint synchronization initiated using futex wait barrier. (222 threads)
[2025-04-24T20:56:06.536+0000][157.218s][info ][safepoint   ] Safepoint "Cleanup", Time since last: 6001460201 ns, Reaching safepoint: 268112 ns, Cleanup: 34904 ns, At safepoint: 22218 ns, Total: 325234 ns
[2025-04-24T20:56:17.539+0000][168.221s][debug][safepoint   ] Safepoint synchronization initiated using futex wait barrier. (223 threads)
[2025-04-24T20:56:17.539+0000][168.221s][info ][safepoint   ] Safepoint "Cleanup", Time since last: 11003015259 ns, Reaching safepoint: 305117 ns, Cleanup: 146670 ns, At safepoint: 35026 ns, Total: 486813 ns
[2025-04-24T20:56:38.578+0000][189.259s][debug][safepoint   ] Safepoint synchronization initiated using futex wait barrier. (218 threads)
[2025-04-24T20:56:38.578+0000][189.260s][info ][safepoint   ] Safepoint "Cleanup", Time since last: 21038364468 ns, Reaching safepoint: 297778 ns, Cleanup: 53944 ns, At safepoint: 34093 ns, Total: 385815 ns
[2025-04-24T20:56:39.578+0000][190.260s][debug][safepoint   ] Safepoint synchronization initiated using futex wait barrier. (218 threads)
[2025-04-24T20:56:39.579+0000][190.260s][info ][safepoint   ] Safepoint "Cleanup", Time since last: 1000204773 ns, Reaching safepoint: 160245 ns, Cleanup: 25587 ns, At safepoint: 14789 ns, Total: 200621 ns
[2025-04-24T20:56:55.396+0000][206.077s][debug][safepoint   ] Safepoint synchronization initiated using futex wait barrier. (212 threads)
[2025-04-24T20:56:55.396+0000][206.078s][debug][safepoint   ] ... found polling page loop exception at pc = 0x00007d72715395b3, stub =0x00007d727098e400
[2025-04-24T20:56:55.397+0000][206.079s][info ][gc,start    ] GC(70) Pause Young (Normal) (G1 Evacuation Pause)
[2025-04-24T20:56:55.397+0000][206.079s][info ][gc,task     ] GC(70) Using 4 workers of 4 for evacuation
[2025-04-24T20:56:55.527+0000][206.209s][info ][gc,phases   ] GC(70)   Pre Evacuate Collection Set: 0.7ms
[2025-04-24T20:56:55.527+0000][206.209s][info ][gc,phases   ] GC(70)   Merge Heap Roots: 1.2ms
[2025-04-24T20:56:55.527+0000][206.209s][info ][gc,phases   ] GC(70)   Evacuate Collection Set: 124.9ms
[2025-04-24T20:56:55.527+0000][206.209s][info ][gc,phases   ] GC(70)   Post Evacuate Collection Set: 2.9ms
[2025-04-24T20:56:55.527+0000][206.209s][info ][gc,phases   ] GC(70)   Other: 0.6ms
[2025-04-24T20:56:55.527+0000][206.209s][info ][gc,heap     ] GC(70) Eden regions: 248->0(248)
[2025-04-24T20:56:55.527+0000][206.209s][info ][gc,heap     ] GC(70) Survivor regions: 23->19(34)
[2025-04-24T20:56:55.527+0000][206.209s][info ][gc,heap     ] GC(70) Old regions: 161->168
[2025-04-24T20:56:55.527+0000][206.209s][info ][gc,heap     ] GC(70) Archive regions: 2->2
[2025-04-24T20:56:55.527+0000][206.209s][info ][gc,heap     ] GC(70) Humongous regions: 2->2
[2025-04-24T20:56:55.527+0000][206.209s][info ][gc,metaspace] GC(70) Metaspace: 187881K(189184K)->187881K(189184K) NonClass: 164907K(165568K)->164907K(165568K) Class: 22973K(23616K)->22973K(23616K)
[2025-04-24T20:56:55.527+0000][206.209s][info ][gc          ] GC(70) Pause Young (Normal) (G1 Evacuation Pause) 434M->189M(511M) 130.473ms
[2025-04-24T20:56:55.527+0000][206.209s][info ][gc,cpu      ] GC(70) User=0.46s Sys=0.01s Real=0.13s
[2025-04-24T20:56:55.528+0000][206.209s][info ][safepoint   ] Safepoint "G1CollectForAllocation", Time since last: 15817144894 ns, Reaching safepoint: 1051940 ns, Cleanup: 16960 ns, At safepoint: 131072808 ns, Total: 132141708 ns
[2025-04-24T20:56:56.528+0000][207.210s][debug][safepoint   ] Safepoint synchronization initiated using futex wait barrier. (212 threads)
[2025-04-24T20:56:56.528+0000][207.210s][info ][safepoint   ] Safepoint "Cleanup", Time since last: 1000220577 ns, Reaching safepoint: 290433 ns, Cleanup: 39260 ns, At safepoint: 27730 ns, Total: 357423 ns
[2025-04-24T20:57:02.530+0000][213.211s][debug][safepoint   ] Safepoint synchronization initiated using futex wait barrier. (212 threads)
[2025-04-24T20:57:02.530+0000][213.211s][info ][safepoint   ] Safepoint "Cleanup", Time since last: 6001099770 ns, Reaching safepoint: 274339 ns, Cleanup: 39174 ns, At safepoint: 27449 ns, Total: 340962 ns
[2025-04-24T20:57:06.531+0000][217.212s][debug][safepoint   ] Safepoint synchronization initiated using futex wait barrier. (212 threads)
[2025-04-24T20:57:06.531+0000][217.212s][info ][safepoint   ] Safepoint "Cleanup", Time since last: 4000785984 ns, Reaching safepoint: 140405 ns, Cleanup: 23995 ns, At safepoint: 15909 ns, Total: 180309 ns
[2025-04-24T20:57:22.534+0000][233.215s][debug][safepoint   ] Safepoint synchronization initiated using futex wait barrier. (210 threads)
[2025-04-24T20:57:22.534+0000][233.216s][info ][safepoint   ] Safepoint "Cleanup", Time since last: 16002776042 ns, Reaching safepoint: 325111 ns, Cleanup: 172411 ns, At safepoint: 43501 ns, Total: 541023 ns
[2025-04-24T20:57:33.620+0000][244.301s][debug][safepoint   ] Safepoint synchronization initiated using futex wait barrier. (209 threads)
[2025-04-24T20:57:33.620+0000][244.302s][info ][safepoint   ] Safepoint "Cleanup", Time since last: 11085665767 ns, Reaching safepoint: 177620 ns, Cleanup: 25567 ns, At safepoint: 14164 ns, Total: 217351 ns
[2025-04-24T20:57:38.621+0000][249.302s][debug][safepoint   ] Safepoint synchronization initiated using futex wait barrier. (208 threads)
[2025-04-24T20:57:38.621+0000][249.303s][info ][safepoint   ] Safepoint "Cleanup", Time since last: 5000710763 ns, Reaching safepoint: 251438 ns, Cleanup: 75675 ns, At safepoint: 27724 ns, Total: 354837 ns
[2025-04-24T20:57:39.621+0000][250.303s][debug][safepoint   ] Safepoint synchronization initiated using futex wait barrier. (208 threads)
[2025-04-24T20:57:39.622+0000][250.303s][info ][safepoint   ] Safepoint "Cleanup", Time since last: 1000246936 ns, Reaching safepoint: 90716 ns, Cleanup: 12696 ns, At safepoint: 16222 ns, Total: 119634 ns
[2025-04-24T20:57:54.624+0000][265.306s][debug][safepoint   ] Safepoint synchronization initiated using futex wait barrier. (206 threads)
[2025-04-24T20:57:54.624+0000][265.306s][info ][safepoint   ] Safepoint "Cleanup", Time since last: 15002687549 ns, Reaching safepoint: 195036 ns, Cleanup: 34780 ns, At safepoint: 22532 ns, Total: 252348 ns
[2025-04-24T20:58:05.628+0000][276.309s][debug][safepoint   ] Safepoint synchronization initiated using futex wait barrier. (206 threads)
[2025-04-24T20:58:05.628+0000][276.310s][info ][safepoint   ] Safepoint "Cleanup", Time since last: 11003309427 ns, Reaching safepoint: 178357 ns, Cleanup: 27426 ns, At safepoint: 16545 ns, Total: 222328 ns
[2025-04-24T20:58:22.631+0000][293.313s][debug][safepoint   ] Safepoint synchronization initiated using futex wait barrier. (205 threads)
[2025-04-24T20:58:22.631+0000][293.313s][info ][safepoint   ] Safepoint "Cleanup", Time since last: 17003001080 ns, Reaching safepoint: 89319 ns, Cleanup: 13783 ns, At safepoint: 6932 ns, Total: 110034 ns
[2025-04-24T20:58:34.633+0000][305.314s][debug][safepoint   ] Safepoint synchronization initiated using futex wait barrier. (203 threads)
[2025-04-24T20:58:34.633+0000][305.314s][info ][safepoint   ] Safepoint "Cleanup", Time since last: 12001551779 ns, Reaching safepoint: 147009 ns, Cleanup: 16495 ns, At safepoint: 15705 ns, Total: 179209 ns
[2025-04-24T20:58:38.633+0000][309.315s][debug][safepoint   ] Safepoint synchronization initiated using futex wait barrier. (203 threads)
[2025-04-24T20:58:38.637+0000][309.319s][info ][safepoint   ] Safepoint "Cleanup", Time since last: 4000541742 ns, Reaching safepoint: 266309 ns, Cleanup: 3223532 ns, At safepoint: 86792 ns, Total: 3576633 ns
[2025-04-24T20:58:47.639+0000][318.320s][debug][safepoint   ] Safepoint synchronization initiated using futex wait barrier. (203 threads)
[2025-04-24T20:58:47.639+0000][318.321s][info ][safepoint   ] Safepoint "Cleanup", Time since last: 9001776660 ns, Reaching safepoint: 223403 ns, Cleanup: 40194 ns, At safepoint: 27266 ns, Total: 290863 ns
[2025-04-24T20:58:48.639+0000][319.321s][debug][safepoint   ] Safepoint synchronization initiated using futex wait barrier. (203 threads)
[2025-04-24T20:58:48.639+0000][319.321s][info ][safepoint   ] Safepoint "Cleanup", Time since last: 1000238504 ns, Reaching safepoint: 165237 ns, Cleanup: 24263 ns, At safepoint: 14062 ns, Total: 203562 ns
[2025-04-24T20:59:17.644+0000][348.326s][debug][safepoint   ] Safepoint synchronization initiated using futex wait barrier. (203 threads)
[2025-04-24T20:59:17.644+0000][348.326s][info ][safepoint   ] Safepoint "Cleanup", Time since last: 29004614992 ns, Reaching safepoint: 247560 ns, Cleanup: 63510 ns, At safepoint: 18155 ns, Total: 329225 ns
[2025-04-24T20:59:23.645+0000][354.327s][debug][safepoint   ] Safepoint synchronization initiated using futex wait barrier. (202 threads)
[2025-04-24T20:59:23.645+0000][354.327s][info ][safepoint   ] Safepoint "Cleanup", Time since last: 6000718172 ns, Reaching safepoint: 159899 ns, Cleanup: 19747 ns, At safepoint: 14868 ns, Total: 194514 ns
[2025-04-24T20:59:38.711+0000][369.393s][debug][safepoint   ] Safepoint synchronization initiated using futex wait barrier. (201 threads)
[2025-04-24T20:59:38.712+0000][369.393s][info ][safepoint   ] Safepoint "Cleanup", Time since last: 15066156395 ns, Reaching safepoint: 294547 ns, Cleanup: 42986 ns, At safepoint: 32315 ns, Total: 369848 ns
[2025-04-24T20:59:51.714+0000][382.395s][debug][safepoint   ] Safepoint synchronization initiated using futex wait barrier. (201 threads)
[2025-04-24T20:59:51.714+0000][382.396s][info ][safepoint   ] Safepoint "Cleanup", Time since last: 13002089623 ns, Reaching safepoint: 242248 ns, Cleanup: 39370 ns, At safepoint: 29381 ns, Total: 310999 ns
[2025-04-24T20:59:53.715+0000][384.396s][debug][safepoint   ] Safepoint synchronization initiated using futex wait barrier. (201 threads)
[2025-04-24T20:59:53.715+0000][384.397s][info ][safepoint   ] Safepoint "Cleanup", Time since last: 2000522503 ns, Reaching safepoint: 260666 ns, Cleanup: 39500 ns, At safepoint: 31826 ns, Total: 331992 ns
[2025-04-24T21:00:20.254+0000][410.935s][debug][safepoint   ] Safepoint synchronization initiated using futex wait barrier. (200 threads)
[2025-04-24T21:00:20.254+0000][410.936s][info ][gc,start    ] GC(71) Pause Young (Normal) (G1 Evacuation Pause)
[2025-04-24T21:00:20.254+0000][410.936s][info ][gc,task     ] GC(71) Using 4 workers of 4 for evacuation
[2025-04-24T21:00:20.377+0000][411.058s][info ][gc,phases   ] GC(71)   Pre Evacuate Collection Set: 0.6ms
[2025-04-24T21:00:20.377+0000][411.059s][info ][gc,phases   ] GC(71)   Merge Heap Roots: 0.9ms
[2025-04-24T21:00:20.377+0000][411.059s][info ][gc,phases   ] GC(71)   Evacuate Collection Set: 117.3ms
[2025-04-24T21:00:20.377+0000][411.059s][info ][gc,phases   ] GC(71)   Post Evacuate Collection Set: 3.5ms
[2025-04-24T21:00:20.377+0000][411.059s][info ][gc,phases   ] GC(71)   Other: 0.5ms
[2025-04-24T21:00:20.377+0000][411.059s][info ][gc,heap     ] GC(71) Eden regions: 248->0(251)
[2025-04-24T21:00:20.377+0000][411.059s][info ][gc,heap     ] GC(71) Survivor regions: 19->13(34)
[2025-04-24T21:00:20.377+0000][411.059s][info ][gc,heap     ] GC(71) Old regions: 168->175
[2025-04-24T21:00:20.377+0000][411.059s][info ][gc,heap     ] GC(71) Archive regions: 2->2
[2025-04-24T21:00:20.377+0000][411.059s][info ][gc,heap     ] GC(71) Humongous regions: 2->2
[2025-04-24T21:00:20.377+0000][411.059s][info ][gc,metaspace] GC(71) Metaspace: 188021K(189376K)->188021K(189376K) NonClass: 165046K(165760K)->165046K(165760K) Class: 22974K(23616K)->22974K(23616K)
[2025-04-24T21:00:20.377+0000][411.059s][info ][gc          ] GC(71) Pause Young (Normal) (G1 Evacuation Pause) 437M->190M(511M) 123.119ms
[2025-04-24T21:00:20.377+0000][411.059s][info ][gc,cpu      ] GC(71) User=0.41s Sys=0.00s Real=0.12s
[2025-04-24T21:00:20.379+0000][411.060s][info ][safepoint   ] Safepoint "G1CollectForAllocation", Time since last: 26538753477 ns, Reaching safepoint: 212697 ns, Cleanup: 13167 ns, At safepoint: 124495238 ns, Total: 124721102 ns
[2025-04-24T21:00:21.379+0000][412.060s][debug][safepoint   ] Safepoint synchronization initiated using futex wait barrier. (200 threads)
[2025-04-24T21:00:21.379+0000][412.061s][info ][safepoint   ] Safepoint "Cleanup", Time since last: 1000288827 ns, Reaching safepoint: 192378 ns, Cleanup: 49220 ns, At safepoint: 25346 ns, Total: 266944 ns
[2025-04-24T21:00:25.380+0000][416.062s][debug][safepoint   ] Safepoint synchronization initiated using futex wait barrier. (200 threads)
[2025-04-24T21:00:25.381+0000][416.063s][info ][safepoint   ] Safepoint "Cleanup", Time since last: 4001295475 ns, Reaching safepoint: 768895 ns, Cleanup: 66549 ns, At safepoint: 168648 ns, Total: 1004092 ns
[2025-04-24T21:00:29.382+0000][420.064s][debug][safepoint   ] Safepoint synchronization initiated using futex wait barrier. (199 threads)
[2025-04-24T21:00:29.383+0000][420.064s][info ][safepoint   ] Safepoint "Cleanup", Time since last: 4000827386 ns, Reaching safepoint: 266301 ns, Cleanup: 30059 ns, At safepoint: 26884 ns, Total: 323244 ns
[2025-04-24T21:00:38.755+0000][429.437s][debug][safepoint   ] Safepoint synchronization initiated using futex wait barrier. (199 threads)
[2025-04-24T21:00:38.755+0000][429.437s][info ][safepoint   ] Safepoint "Cleanup", Time since last: 9372478869 ns, Reaching safepoint: 228279 ns, Cleanup: 130602 ns, At safepoint: 27403 ns, Total: 386284 ns
[2025-04-24T21:01:05.760+0000][456.442s][debug][safepoint   ] Safepoint synchronization initiated using futex wait barrier. (199 threads)
[2025-04-24T21:01:05.760+0000][456.442s][info ][safepoint   ] Safepoint "Cleanup", Time since last: 27004621254 ns, Reaching safepoint: 227058 ns, Cleanup: 35614 ns, At safepoint: 25575 ns, Total: 288247 ns
[2025-04-24T21:01:15.762+0000][466.444s][debug][safepoint   ] Safepoint synchronization initiated using futex wait barrier. (199 threads)
[2025-04-24T21:01:15.762+0000][466.444s][info ][safepoint   ] Safepoint "Cleanup", Time since last: 10001655131 ns, Reaching safepoint: 203585 ns, Cleanup: 41392 ns, At safepoint: 22992 ns, Total: 267969 ns
[2025-04-24T21:01:20.763+0000][471.445s][debug][safepoint   ] Safepoint synchronization initiated using futex wait barrier. (198 threads)
[2025-04-24T21:01:20.763+0000][471.445s][info ][safepoint   ] Safepoint "Cleanup", Time since last: 5000783758 ns, Reaching safepoint: 194472 ns, Cleanup: 30927 ns, At safepoint: 17685 ns, Total: 243084 ns
[2025-04-24T21:01:22.764+0000][473.445s][debug][safepoint   ] Safepoint synchronization initiated using futex wait barrier. (198 threads)
[2025-04-24T21:01:22.764+0000][473.446s][info ][safepoint   ] Safepoint "Cleanup", Time since last: 2000353459 ns, Reaching safepoint: 306166 ns, Cleanup: 43572 ns, At safepoint: 30372 ns, Total: 380110 ns
[2025-04-24T21:01:25.764+0000][476.446s][debug][safepoint   ] Safepoint synchronization initiated using futex wait barrier. (198 threads)
[2025-04-24T21:01:25.765+0000][476.446s][info ][safepoint   ] Safepoint "Cleanup", Time since last: 3000397732 ns, Reaching safepoint: 94455 ns, Cleanup: 30621 ns, At safepoint: 9858 ns, Total: 134934 ns
[2025-04-24T21:01:38.805+0000][489.486s][debug][safepoint   ] Safepoint synchronization initiated using futex wait barrier. (197 threads)
[2025-04-24T21:01:38.805+0000][489.487s][info ][safepoint   ] Safepoint "Cleanup", Time since last: 13040059386 ns, Reaching safepoint: 274895 ns, Cleanup: 39918 ns, At safepoint: 31694 ns, Total: 346507 ns
[2025-04-24T21:02:04.042+0000][514.723s][debug][safepoint   ] Safepoint synchronization initiated using futex wait barrier. (201 threads)
[2025-04-24T21:02:04.042+0000][514.724s][debug][safepoint   ] ... found polling page loop exception at pc = 0x00007d72712f3f68, stub =0x00007d727098e400
[2025-04-24T21:02:04.042+0000][514.724s][info ][safepoint   ] Safepoint "Cleanup", Time since last: 25236956640 ns, Reaching safepoint: 150428 ns, Cleanup: 35853 ns, At safepoint: 17638 ns, Total: 203919 ns
[2025-04-24T21:02:05.042+0000][515.724s][debug][safepoint   ] Safepoint synchronization initiated using futex wait barrier. (202 threads)
[2025-04-24T21:02:05.043+0000][515.724s][info ][safepoint   ] Safepoint "Cleanup", Time since last: 1000247666 ns, Reaching safepoint: 213452 ns, Cleanup: 62853 ns, At safepoint: 82683 ns, Total: 358988 ns
[2025-04-24T21:02:13.044+0000][523.726s][debug][safepoint   ] Safepoint synchronization initiated using futex wait barrier. (201 threads)
[2025-04-24T21:02:13.044+0000][523.726s][info ][safepoint   ] Safepoint "Cleanup", Time since last: 8001278490 ns, Reaching safepoint: 81087 ns, Cleanup: 35312 ns, At safepoint: 6199 ns, Total: 122598 ns
[2025-04-24T21:02:14.046+0000][524.727s][debug][safepoint   ] Safepoint synchronization initiated using futex wait barrier. (201 threads)
[2025-04-24T21:02:14.046+0000][524.728s][info ][safepoint   ] Safepoint "Cleanup", Time since last: 1001650773 ns, Reaching safepoint: 281338 ns, Cleanup: 52523 ns, At safepoint: 44568 ns, Total: 378429 ns
[2025-04-24T21:02:15.046+0000][525.728s][debug][safepoint   ] Safepoint synchronization initiated using futex wait barrier. (201 threads)
[2025-04-24T21:02:15.047+0000][525.728s][info ][safepoint   ] Safepoint "Cleanup", Time since last: 1000297719 ns, Reaching safepoint: 191753 ns, Cleanup: 125551 ns, At safepoint: 27247 ns, Total: 344551 ns
[2025-04-24T21:02:16.047+0000][526.729s][debug][safepoint   ] Safepoint synchronization initiated using futex wait barrier. (201 threads)
[2025-04-24T21:02:16.047+0000][526.729s][info ][safepoint   ] Safepoint "Cleanup", Time since last: 1000163501 ns, Reaching safepoint: 79577 ns, Cleanup: 27329 ns, At safepoint: 10161 ns, Total: 117067 ns
[2025-04-24T21:02:17.047+0000][527.729s][debug][safepoint   ] Safepoint synchronization initiated using futex wait barrier. (201 threads)
[2025-04-24T21:02:17.047+0000][527.729s][info ][safepoint   ] Safepoint "Cleanup", Time since last: 1000182125 ns, Reaching safepoint: 107948 ns, Cleanup: 15827 ns, At safepoint: 7910 ns, Total: 131685 ns
[2025-04-24T21:02:18.048+0000][528.729s][debug][safepoint   ] Safepoint synchronization initiated using futex wait barrier. (202 threads)
[2025-04-24T21:02:18.048+0000][528.729s][info ][safepoint   ] Safepoint "Cleanup", Time since last: 1000221471 ns, Reaching safepoint: 239537 ns, Cleanup: 40016 ns, At safepoint: 22527 ns, Total: 302080 ns
[2025-04-24T21:02:19.374+0000][530.056s][debug][safepoint   ] Safepoint synchronization initiated using futex wait barrier. (203 threads)
[2025-04-24T21:02:19.374+0000][530.056s][info ][safepoint   ] Safepoint "Cleanup", Time since last: 1326217317 ns, Reaching safepoint: 98605 ns, Cleanup: 39043 ns, At safepoint: 9010 ns, Total: 146658 ns
[2025-04-24T21:02:20.374+0000][531.056s][debug][safepoint   ] Safepoint synchronization initiated using futex wait barrier. (203 threads)
[2025-04-24T21:02:20.375+0000][531.056s][info ][safepoint   ] Safepoint "Cleanup", Time since last: 1000127351 ns, Reaching safepoint: 84485 ns, Cleanup: 25161 ns, At safepoint: 6075 ns, Total: 115721 ns
[2025-04-24T21:02:21.375+0000][532.056s][debug][safepoint   ] Safepoint synchronization initiated using futex wait barrier. (203 threads)
[2025-04-24T21:02:21.375+0000][532.056s][info ][safepoint   ] Safepoint "Cleanup", Time since last: 1000094862 ns, Reaching safepoint: 77137 ns, Cleanup: 42440 ns, At safepoint: 4626 ns, Total: 124203 ns
[2025-04-24T21:02:22.053+0000][532.735s][debug][safepoint   ] Safepoint synchronization initiated using futex wait barrier. (203 threads)
[2025-04-24T21:02:22.053+0000][532.735s][info ][gc,start    ] GC(72) Pause Young (Normal) (G1 Evacuation Pause)
[2025-04-24T21:02:22.053+0000][532.735s][info ][gc,task     ] GC(72) Using 4 workers of 4 for evacuation
[2025-04-24T21:02:22.096+0000][532.777s][info ][gc,phases   ] GC(72)   Pre Evacuate Collection Set: 0.2ms
[2025-04-24T21:02:22.096+0000][532.777s][info ][gc,phases   ] GC(72)   Merge Heap Roots: 0.2ms
[2025-04-24T21:02:22.096+0000][532.777s][info ][gc,phases   ] GC(72)   Evacuate Collection Set: 39.0ms
[2025-04-24T21:02:22.096+0000][532.777s][info ][gc,phases   ] GC(72)   Post Evacuate Collection Set: 2.9ms
[2025-04-24T21:02:22.096+0000][532.777s][info ][gc,phases   ] GC(72)   Other: 0.2ms
[2025-04-24T21:02:22.096+0000][532.777s][info ][gc,heap     ] GC(72) Eden regions: 251->0(240)
[2025-04-24T21:02:22.096+0000][532.777s][info ][gc,heap     ] GC(72) Survivor regions: 13->20(33)
[2025-04-24T21:02:22.096+0000][532.777s][info ][gc,heap     ] GC(72) Old regions: 175->175
[2025-04-24T21:02:22.096+0000][532.777s][info ][gc,heap     ] GC(72) Archive regions: 2->2
[2025-04-24T21:02:22.096+0000][532.777s][info ][gc,heap     ] GC(72) Humongous regions: 2->2
[2025-04-24T21:02:22.096+0000][532.777s][info ][gc,metaspace] GC(72) Metaspace: 188702K(190080K)->188702K(190080K) NonClass: 165655K(166336K)->165655K(166336K) Class: 23046K(23744K)->23046K(23744K)
[2025-04-24T21:02:22.096+0000][532.777s][info ][gc          ] GC(72) Pause Young (Normal) (G1 Evacuation Pause) 441M->197M(511M) 42.633ms
[2025-04-24T21:02:22.096+0000][532.778s][info ][gc,cpu      ] GC(72) User=0.11s Sys=0.00s Real=0.04s
[2025-04-24T21:02:22.097+0000][532.779s][info ][safepoint   ] Safepoint "G1CollectForAllocation", Time since last: 678242113 ns, Reaching safepoint: 90057 ns, Cleanup: 21272 ns, At safepoint: 43969315 ns, Total: 44080644 ns
[2025-04-24T21:02:23.097+0000][533.779s][debug][safepoint   ] Safepoint synchronization initiated using futex wait barrier. (203 threads)
[2025-04-24T21:02:23.097+0000][533.779s][info ][safepoint   ] Safepoint "Cleanup", Time since last: 1000233533 ns, Reaching safepoint: 78008 ns, Cleanup: 62941 ns, At safepoint: 7046 ns, Total: 147995 ns
[2025-04-24T21:02:24.098+0000][534.779s][debug][safepoint   ] Safepoint synchronization initiated using futex wait barrier. (203 threads)
[2025-04-24T21:02:24.098+0000][534.779s][info ][safepoint   ] Safepoint "Cleanup", Time since last: 1000159638 ns, Reaching safepoint: 154762 ns, Cleanup: 35893 ns, At safepoint: 13527 ns, Total: 204182 ns
[2025-04-24T21:02:27.098+0000][537.780s][debug][safepoint   ] Safepoint synchronization initiated using futex wait barrier. (202 threads)
[2025-04-24T21:02:27.098+0000][537.780s][info ][safepoint   ] Safepoint "Cleanup", Time since last: 3000540476 ns, Reaching safepoint: 78642 ns, Cleanup: 29588 ns, At safepoint: 7813 ns, Total: 116043 ns
[2025-04-24T21:02:37.855+0000][548.537s][debug][safepoint   ] Safepoint synchronization initiated using futex wait barrier. (202 threads)
[2025-04-24T21:02:37.855+0000][548.537s][info ][safepoint   ] Safepoint "Cleanup", Time since last: 10756648720 ns, Reaching safepoint: 284541 ns, Cleanup: 37605 ns, At safepoint: 26392 ns, Total: 348538 ns
[2025-04-24T21:02:38.856+0000][549.537s][debug][safepoint   ] Safepoint synchronization initiated using futex wait barrier. (202 threads)
[2025-04-24T21:02:38.856+0000][549.538s][info ][safepoint   ] Safepoint "Cleanup", Time since last: 1000261707 ns, Reaching safepoint: 285897 ns, Cleanup: 46082 ns, At safepoint: 30711 ns, Total: 362690 ns
[2025-04-24T21:02:47.858+0000][558.539s][debug][safepoint   ] Safepoint synchronization initiated using futex wait barrier. (202 threads)
[2025-04-24T21:02:47.858+0000][558.540s][info ][safepoint   ] Safepoint "Cleanup", Time since last: 9001733466 ns, Reaching safepoint: 228822 ns, Cleanup: 39039 ns, At safepoint: 29032 ns, Total: 296893 ns
[2025-04-24T21:02:58.861+0000][569.542s][debug][safepoint   ] Safepoint synchronization initiated using futex wait barrier. (202 threads)
[2025-04-24T21:02:58.861+0000][569.543s][info ][safepoint   ] Safepoint "Cleanup", Time since last: 11002689774 ns, Reaching safepoint: 260767 ns, Cleanup: 38093 ns, At safepoint: 30991 ns, Total: 329851 ns
[2025-04-24T21:03:00.862+0000][571.543s][debug][safepoint   ] Safepoint synchronization initiated using futex wait barrier. (202 threads)
[2025-04-24T21:03:00.862+0000][571.543s][info ][safepoint   ] Safepoint "Cleanup", Time since last: 2000401067 ns, Reaching safepoint: 113621 ns, Cleanup: 53782 ns, At safepoint: 14722 ns, Total: 182125 ns
[2025-04-24T21:03:27.866+0000][598.548s][debug][safepoint   ] Safepoint synchronization initiated using futex wait barrier. (195 threads)
[2025-04-24T21:03:27.866+0000][598.548s][info ][safepoint   ] Safepoint "Cleanup", Time since last: 27004279906 ns, Reaching safepoint: 217539 ns, Cleanup: 39141 ns, At safepoint: 21932 ns, Total: 278612 ns
[2025-04-24T21:03:37.895+0000][608.577s][debug][safepoint   ] Safepoint synchronization initiated using futex wait barrier. (201 threads)
[2025-04-24T21:03:37.896+0000][608.577s][info ][safepoint   ] Safepoint "Cleanup", Time since last: 10029040297 ns, Reaching safepoint: 251307 ns, Cleanup: 189908 ns, At safepoint: 29031 ns, Total: 470246 ns
[2025-04-24T21:03:38.896+0000][609.578s][debug][safepoint   ] Safepoint synchronization initiated using futex wait barrier. (202 threads)
[2025-04-24T21:03:38.897+0000][609.578s][info ][safepoint   ] Safepoint "Cleanup", Time since last: 1000407105 ns, Reaching safepoint: 241136 ns, Cleanup: 43494 ns, At safepoint: 22535 ns, Total: 307165 ns
[2025-04-24T21:03:49.729+0000][620.410s][debug][safepoint   ] Safepoint synchronization initiated using futex wait barrier. (202 threads)
[2025-04-24T21:03:49.729+0000][620.411s][info ][safepoint   ] Safepoint "Cleanup", Time since last: 10832153790 ns, Reaching safepoint: 252081 ns, Cleanup: 229993 ns, At safepoint: 32081 ns, Total: 514155 ns
[2025-04-24T21:04:07.733+0000][638.414s][debug][safepoint   ] Safepoint synchronization initiated using futex wait barrier. (202 threads)
[2025-04-24T21:04:07.733+0000][638.415s][info ][safepoint   ] Safepoint "Cleanup", Time since last: 18003587773 ns, Reaching safepoint: 270692 ns, Cleanup: 43397 ns, At safepoint: 33056 ns, Total: 347145 ns
[2025-04-24T21:04:08.733+0000][639.415s][debug][safepoint   ] Safepoint synchronization initiated using futex wait barrier. (202 threads)
[2025-04-24T21:04:08.734+0000][639.415s][info ][safepoint   ] Safepoint "Cleanup", Time since last: 1000223751 ns, Reaching safepoint: 217429 ns, Cleanup: 49009 ns, At safepoint: 26583 ns, Total: 293021 ns
[2025-04-24T21:04:17.735+0000][648.416s][debug][safepoint   ] Safepoint synchronization initiated using futex wait barrier. (202 threads)
[2025-04-24T21:04:17.735+0000][648.417s][info ][safepoint   ] Safepoint "Cleanup", Time since last: 9001244896 ns, Reaching safepoint: 159794 ns, Cleanup: 45610 ns, At safepoint: 17936 ns, Total: 223340 ns
[2025-04-24T21:04:38.739+0000][669.420s][debug][safepoint   ] Safepoint synchronization initiated using futex wait barrier. (202 threads)
[2025-04-24T21:04:38.739+0000][669.421s][info ][safepoint   ] Safepoint "Cleanup", Time since last: 21003722616 ns, Reaching safepoint: 232245 ns, Cleanup: 87392 ns, At safepoint: 29557 ns, Total: 349194 ns
[2025-04-24T21:04:55.742+0000][686.423s][debug][safepoint   ] Safepoint synchronization initiated using futex wait barrier. (202 threads)
[2025-04-24T21:04:55.742+0000][686.423s][info ][safepoint   ] Safepoint "Cleanup", Time since last: 17002544942 ns, Reaching safepoint: 89550 ns, Cleanup: 16397 ns, At safepoint: 7834 ns, Total: 113781 ns
[2025-04-24T21:05:09.166+0000][699.848s][debug][safepoint   ] Safepoint synchronization initiated using futex wait barrier. (196 threads)
[2025-04-24T21:05:09.167+0000][699.848s][info ][gc,start    ] GC(73) Pause Young (Normal) (G1 Evacuation Pause)
[2025-04-24T21:05:09.167+0000][699.848s][info ][gc,task     ] GC(73) Using 4 workers of 4 for evacuation
[2025-04-24T21:05:09.251+0000][699.933s][info ][gc,phases   ] GC(73)   Pre Evacuate Collection Set: 0.6ms
[2025-04-24T21:05:09.251+0000][699.933s][info ][gc,phases   ] GC(73)   Merge Heap Roots: 0.9ms
[2025-04-24T21:05:09.251+0000][699.933s][info ][gc,phases   ] GC(73)   Evacuate Collection Set: 80.1ms
[2025-04-24T21:05:09.251+0000][699.933s][info ][gc,phases   ] GC(73)   Post Evacuate Collection Set: 2.8ms
[2025-04-24T21:05:09.251+0000][699.933s][info ][gc,phases   ] GC(73)   Other: 0.5ms
[2025-04-24T21:05:09.251+0000][699.933s][info ][gc,heap     ] GC(73) Eden regions: 240->0(245)
[2025-04-24T21:05:09.251+0000][699.933s][info ][gc,heap     ] GC(73) Survivor regions: 20->9(33)
[2025-04-24T21:05:09.251+0000][699.933s][info ][gc,heap     ] GC(73) Old regions: 175->184
[2025-04-24T21:05:09.251+0000][699.933s][info ][gc,heap     ] GC(73) Archive regions: 2->2
[2025-04-24T21:05:09.252+0000][699.933s][info ][gc,heap     ] GC(73) Humongous regions: 2->2
[2025-04-24T21:05:09.252+0000][699.933s][info ][gc,metaspace] GC(73) Metaspace: 188985K(190336K)->188985K(190336K) NonClass: 165931K(166592K)->165931K(166592K) Class: 23054K(23744K)->23054K(23744K)
[2025-04-24T21:05:09.252+0000][699.933s][info ][gc          ] GC(73) Pause Young (Normal) (G1 Evacuation Pause) 437M->195M(511M) 85.032ms
[2025-04-24T21:05:09.252+0000][699.933s][info ][gc,cpu      ] GC(73) User=0.33s Sys=0.00s Real=0.09s
[2025-04-24T21:05:09.252+0000][699.934s][info ][safepoint   ] Safepoint "G1CollectForAllocation", Time since last: 13424413139 ns, Reaching safepoint: 189484 ns, Cleanup: 12732 ns, At safepoint: 85826086 ns, Total: 86028302 ns
[2025-04-24T21:05:10.252+0000][700.934s][debug][safepoint   ] Safepoint synchronization initiated using futex wait barrier. (196 threads)
[2025-04-24T21:05:10.253+0000][700.934s][info ][safepoint   ] Safepoint "Cleanup", Time since last: 1000158816 ns, Reaching safepoint: 130848 ns, Cleanup: 43463 ns, At safepoint: 11031 ns, Total: 185342 ns
[2025-04-24T21:05:19.254+0000][709.936s][debug][safepoint   ] Safepoint synchronization initiated using futex wait barrier. (196 threads)
[2025-04-24T21:05:19.255+0000][709.936s][info ][safepoint   ] Safepoint "Cleanup", Time since last: 9001532099 ns, Reaching safepoint: 477427 ns, Cleanup: 46111 ns, At safepoint: 97933 ns, Total: 621471 ns
[2025-04-24T21:05:29.258+0000][719.940s][debug][safepoint   ] Safepoint synchronization initiated using futex wait barrier. (196 threads)
[2025-04-24T21:05:29.258+0000][719.940s][info ][safepoint   ] Safepoint "Cleanup", Time since last: 10003370337 ns, Reaching safepoint: 236356 ns, Cleanup: 40559 ns, At safepoint: 27776 ns, Total: 304691 ns
[2025-04-24T21:05:30.971+0000][721.653s][debug][safepoint   ] Safepoint synchronization initiated using futex wait barrier. (196 threads)
[2025-04-24T21:05:30.972+0000][721.653s][info ][safepoint   ] Safepoint "Cleanup", Time since last: 1713011757 ns, Reaching safepoint: 63189 ns, Cleanup: 17561 ns, At safepoint: 6277 ns, Total: 87027 ns
[2025-04-24T21:05:49.974+0000][740.656s][debug][safepoint   ] Safepoint synchronization initiated using futex wait barrier. (202 threads)
[2025-04-24T21:05:49.976+0000][740.658s][info ][safepoint   ] Safepoint "Cleanup", Time since last: 19002741174 ns, Reaching safepoint: 1237751 ns, Cleanup: 92624 ns, At safepoint: 644769 ns, Total: 1975144 ns
[2025-04-24T21:05:56.978+0000][747.659s][debug][safepoint   ] Safepoint synchronization initiated using futex wait barrier. (204 threads)
[2025-04-24T21:05:56.978+0000][747.660s][info ][safepoint   ] Safepoint "Cleanup", Time since last: 7001567195 ns, Reaching safepoint: 127867 ns, Cleanup: 33428 ns, At safepoint: 8989 ns, Total: 170284 ns
[2025-04-24T21:05:59.487+0000][750.169s][debug][safepoint   ] Safepoint synchronization initiated using futex wait barrier. (204 threads)
[2025-04-24T21:05:59.488+0000][750.169s][info ][safepoint   ] Safepoint "Cleanup", Time since last: 2509309888 ns, Reaching safepoint: 423918 ns, Cleanup: 42894 ns, At safepoint: 45084 ns, Total: 511896 ns
[2025-04-24T21:06:00.488+0000][751.170s][debug][safepoint   ] Safepoint synchronization initiated using futex wait barrier. (204 threads)
[2025-04-24T21:06:00.488+0000][751.170s][info ][safepoint   ] Safepoint "Cleanup", Time since last: 1000199214 ns, Reaching safepoint: 71597 ns, Cleanup: 36646 ns, At safepoint: 4715 ns, Total: 112958 ns
[2025-04-24T21:06:01.488+0000][752.170s][debug][safepoint   ] Safepoint synchronization initiated using futex wait barrier. (204 threads)
[2025-04-24T21:06:01.489+0000][752.170s][info ][safepoint   ] Safepoint "Cleanup", Time since last: 1000219562 ns, Reaching safepoint: 255489 ns, Cleanup: 64043 ns, At safepoint: 109703 ns, Total: 429235 ns
[2025-04-24T21:06:14.491+0000][765.173s][debug][safepoint   ] Safepoint synchronization initiated using futex wait barrier. (204 threads)
[2025-04-24T21:06:14.491+0000][765.173s][info ][safepoint   ] Safepoint "Cleanup", Time since last: 13002195447 ns, Reaching safepoint: 328278 ns, Cleanup: 47000 ns, At safepoint: 41909 ns, Total: 417187 ns
[2025-04-24T21:06:17.492+0000][768.174s][debug][safepoint   ] Safepoint synchronization initiated using futex wait barrier. (204 threads)
[2025-04-24T21:06:17.492+0000][768.174s][info ][safepoint   ] Safepoint "Cleanup", Time since last: 3000625708 ns, Reaching safepoint: 246684 ns, Cleanup: 38874 ns, At safepoint: 33621 ns, Total: 319179 ns
[2025-04-24T21:06:26.494+0000][777.175s][debug][safepoint   ] Safepoint synchronization initiated using futex wait barrier. (204 threads)
[2025-04-24T21:06:26.494+0000][777.176s][info ][safepoint   ] Safepoint "Cleanup", Time since last: 9001414008 ns, Reaching safepoint: 279671 ns, Cleanup: 38102 ns, At safepoint: 26781 ns, Total: 344554 ns
[2025-04-24T21:06:27.494+0000][778.176s][debug][safepoint   ] Safepoint synchronization initiated using futex wait barrier. (204 threads)
[2025-04-24T21:06:27.495+0000][778.176s][info ][safepoint   ] Safepoint "Cleanup", Time since last: 1000314662 ns, Reaching safepoint: 374912 ns, Cleanup: 50001 ns, At safepoint: 33334 ns, Total: 458247 ns
[2025-04-24T21:06:31.013+0000][781.694s][debug][safepoint   ] Safepoint synchronization initiated using futex wait barrier. (204 threads)
[2025-04-24T21:06:31.013+0000][781.695s][info ][safepoint   ] Safepoint "Cleanup", Time since last: 3517927019 ns, Reaching safepoint: 282202 ns, Cleanup: 32777 ns, At safepoint: 62472 ns, Total: 377451 ns
[2025-04-24T21:06:36.014+0000][786.695s][debug][safepoint   ] Safepoint synchronization initiated using futex wait barrier. (204 threads)
[2025-04-24T21:06:36.014+0000][786.696s][info ][safepoint   ] Safepoint "Cleanup", Time since last: 5000727240 ns, Reaching safepoint: 70773 ns, Cleanup: 11197 ns, At safepoint: 5312 ns, Total: 87282 ns
[2025-04-24T21:06:37.014+0000][787.696s][debug][safepoint   ] Safepoint synchronization initiated using futex wait barrier. (204 threads)
[2025-04-24T21:06:37.015+0000][787.697s][info ][safepoint   ] Safepoint "Cleanup", Time since last: 1000161299 ns, Reaching safepoint: 1000683 ns, Cleanup: 54132 ns, At safepoint: 38328 ns, Total: 1093143 ns
[2025-04-24T21:06:39.016+0000][789.697s][debug][safepoint   ] Safepoint synchronization initiated using futex wait barrier. (204 threads)
[2025-04-24T21:06:39.016+0000][789.698s][info ][safepoint   ] Safepoint "Cleanup", Time since last: 2000555879 ns, Reaching safepoint: 278302 ns, Cleanup: 101016 ns, At safepoint: 52702 ns, Total: 432020 ns
[2025-04-24T21:06:47.018+0000][797.699s][debug][safepoint   ] Safepoint synchronization initiated using futex wait barrier. (204 threads)
[2025-04-24T21:06:47.018+0000][797.700s][info ][safepoint   ] Safepoint "Cleanup", Time since last: 8001638977 ns, Reaching safepoint: 266338 ns, Cleanup: 41952 ns, At safepoint: 41581 ns, Total: 349871 ns
[2025-04-24T21:07:00.021+0000][810.702s][debug][safepoint   ] Safepoint synchronization initiated using futex wait barrier. (198 threads)
[2025-04-24T21:07:00.021+0000][810.703s][info ][safepoint   ] Safepoint "Cleanup", Time since last: 13002662014 ns, Reaching safepoint: 68344 ns, Cleanup: 10113 ns, At safepoint: 5149 ns, Total: 83606 ns
[2025-04-24T21:07:07.022+0000][817.704s][debug][safepoint   ] Safepoint synchronization initiated using futex wait barrier. (197 threads)
[2025-04-24T21:07:07.022+0000][817.704s][info ][safepoint   ] Safepoint "Cleanup", Time since last: 7001130510 ns, Reaching safepoint: 234167 ns, Cleanup: 44491 ns, At safepoint: 20908 ns, Total: 299566 ns
[2025-04-24T21:07:16.024+0000][826.706s][debug][safepoint   ] Safepoint synchronization initiated using futex wait barrier. (197 threads)
[2025-04-24T21:07:16.025+0000][826.706s][info ][safepoint   ] Safepoint "Cleanup", Time since last: 9001919042 ns, Reaching safepoint: 265326 ns, Cleanup: 40446 ns, At safepoint: 22855 ns, Total: 328627 ns
[2025-04-24T21:07:17.025+0000][827.707s][debug][safepoint   ] Safepoint synchronization initiated using futex wait barrier. (197 threads)
[2025-04-24T21:07:17.025+0000][827.707s][info ][safepoint   ] Safepoint "Cleanup", Time since last: 1000325552 ns, Reaching safepoint: 222217 ns, Cleanup: 57704 ns, At safepoint: 27896 ns, Total: 307817 ns
[2025-04-24T21:07:19.026+0000][829.707s][debug][safepoint   ] Safepoint synchronization initiated using futex wait barrier. (197 threads)
[2025-04-24T21:07:19.026+0000][829.708s][info ][safepoint   ] Safepoint "Cleanup", Time since last: 2000573871 ns, Reaching safepoint: 205025 ns, Cleanup: 32196 ns, At safepoint: 22616 ns, Total: 259837 ns
[2025-04-24T21:07:32.052+0000][842.733s][debug][safepoint   ] Safepoint synchronization initiated using futex wait barrier. (197 threads)
[2025-04-24T21:07:32.052+0000][842.733s][info ][safepoint   ] Safepoint "Cleanup", Time since last: 13025698481 ns, Reaching safepoint: 53769 ns, Cleanup: 11359 ns, At safepoint: 4248 ns, Total: 69376 ns
[2025-04-24T21:08:30.486+0000][901.168s][debug][safepoint   ] Safepoint synchronization initiated using futex wait barrier. (195 threads)
[2025-04-24T21:08:30.487+0000][901.168s][info ][gc,start    ] GC(74) Pause Young (Normal) (G1 Evacuation Pause)
[2025-04-24T21:08:30.487+0000][901.169s][info ][gc,task     ] GC(74) Using 4 workers of 4 for evacuation
[2025-04-24T21:08:30.598+0000][901.280s][info ][gc,phases   ] GC(74)   Pre Evacuate Collection Set: 1.1ms
[2025-04-24T21:08:30.598+0000][901.280s][info ][gc,phases   ] GC(74)   Merge Heap Roots: 2.0ms
[2025-04-24T21:08:30.598+0000][901.280s][info ][gc,phases   ] GC(74)   Evacuate Collection Set: 101.9ms
[2025-04-24T21:08:30.598+0000][901.280s][info ][gc,phases   ] GC(74)   Post Evacuate Collection Set: 5.6ms
[2025-04-24T21:08:30.598+0000][901.280s][info ][gc,phases   ] GC(74)   Other: 0.7ms
[2025-04-24T21:08:30.598+0000][901.280s][info ][gc,heap     ] GC(74) Eden regions: 245->0(249)
[2025-04-24T21:08:30.598+0000][901.280s][info ][gc,heap     ] GC(74) Survivor regions: 9->9(32)
[2025-04-24T21:08:30.598+0000][901.280s][info ][gc,heap     ] GC(74) Old regions: 184->184
[2025-04-24T21:08:30.598+0000][901.280s][info ][gc,heap     ] GC(74) Archive regions: 2->2
[2025-04-24T21:08:30.598+0000][901.280s][info ][gc,heap     ] GC(74) Humongous regions: 2->2
[2025-04-24T21:08:30.598+0000][901.280s][info ][gc,metaspace] GC(74) Metaspace: 189204K(190528K)->189204K(190528K) NonClass: 166137K(166784K)->166137K(166784K) Class: 23067K(23744K)->23067K(23744K)
[2025-04-24T21:08:30.598+0000][901.280s][info ][gc          ] GC(74) Pause Young (Normal) (G1 Evacuation Pause) 440M->194M(511M) 111.586ms
[2025-04-24T21:08:30.599+0000][901.280s][info ][gc,cpu      ] GC(74) User=0.25s Sys=0.00s Real=0.12s
[2025-04-24T21:08:30.600+0000][901.281s][info ][safepoint   ] Safepoint "G1CollectForAllocation", Time since last: 58434510843 ns, Reaching safepoint: 257804 ns, Cleanup: 19367 ns, At safepoint: 113083331 ns, Total: 113360502 ns
[2025-04-24T21:08:31.600+0000][902.282s][debug][safepoint   ] Safepoint synchronization initiated using futex wait barrier. (195 threads)
[2025-04-24T21:08:31.600+0000][902.282s][info ][safepoint   ] Safepoint "Cleanup", Time since last: 1000217424 ns, Reaching safepoint: 194361 ns, Cleanup: 36363 ns, At safepoint: 21506 ns, Total: 252230 ns
[2025-04-24T21:08:33.601+0000][904.282s][debug][safepoint   ] Safepoint synchronization initiated using futex wait barrier. (195 threads)
[2025-04-24T21:08:33.601+0000][904.282s][info ][safepoint   ] Safepoint "Cleanup", Time since last: 2000278576 ns, Reaching safepoint: 254358 ns, Cleanup: 42643 ns, At safepoint: 27452 ns, Total: 324453 ns
[2025-04-24T21:08:34.601+0000][905.283s][debug][safepoint   ] Safepoint synchronization initiated using futex wait barrier. (195 threads)
[2025-04-24T21:08:34.601+0000][905.283s][info ][safepoint   ] Safepoint "Cleanup", Time since last: 1000207152 ns, Reaching safepoint: 78037 ns, Cleanup: 14344 ns, At safepoint: 7901 ns, Total: 100282 ns
[2025-04-24T21:08:35.868+0000][906.550s][debug][safepoint   ] Safepoint synchronization initiated using futex wait barrier. (195 threads)
[2025-04-24T21:08:35.868+0000][906.550s][info ][safepoint   ] Safepoint "Cleanup", Time since last: 1266841762 ns, Reaching safepoint: 206295 ns, Cleanup: 69230 ns, At safepoint: 28999 ns, Total: 304524 ns
[2025-04-24T21:08:38.869+0000][909.550s][debug][safepoint   ] Safepoint synchronization initiated using futex wait barrier. (195 threads)
[2025-04-24T21:08:38.869+0000][909.551s][info ][safepoint   ] Safepoint "Cleanup", Time since last: 3000499044 ns, Reaching safepoint: 244197 ns, Cleanup: 36160 ns, At safepoint: 24040 ns, Total: 304397 ns
[2025-04-24T21:08:56.873+0000][927.555s][debug][safepoint   ] Safepoint synchronization initiated using futex wait barrier. (195 threads)
[2025-04-24T21:08:56.873+0000][927.555s][info ][safepoint   ] Safepoint "Cleanup", Time since last: 18003877609 ns, Reaching safepoint: 209911 ns, Cleanup: 31328 ns, At safepoint: 20298 ns, Total: 261537 ns
[2025-04-24T21:09:05.876+0000][936.558s][debug][safepoint   ] Safepoint synchronization initiated using futex wait barrier. (195 threads)
[2025-04-24T21:09:05.876+0000][936.558s][info ][safepoint   ] Safepoint "Cleanup", Time since last: 9002737751 ns, Reaching safepoint: 254349 ns, Cleanup: 40260 ns, At safepoint: 28423 ns, Total: 323032 ns
[2025-04-24T21:09:06.876+0000][937.558s][debug][safepoint   ] Safepoint synchronization initiated using futex wait barrier. (195 threads)
[2025-04-24T21:09:06.877+0000][937.558s][info ][safepoint   ] Safepoint "Cleanup", Time since last: 1000177078 ns, Reaching safepoint: 119759 ns, Cleanup: 19656 ns, At safepoint: 11678 ns, Total: 151093 ns
[2025-04-24T21:09:08.877+0000][939.559s][debug][safepoint   ] Safepoint synchronization initiated using futex wait barrier. (195 threads)
[2025-04-24T21:09:08.878+0000][939.559s][info ][safepoint   ] Safepoint "Cleanup", Time since last: 2000337329 ns, Reaching safepoint: 911257 ns, Cleanup: 19541 ns, At safepoint: 11651 ns, Total: 942449 ns
[2025-04-24T21:09:34.128+0000][964.809s][debug][safepoint   ] Safepoint synchronization initiated using futex wait barrier. (195 threads)
[2025-04-24T21:09:34.128+0000][964.809s][info ][safepoint   ] Safepoint "Cleanup", Time since last: 25249836820 ns, Reaching safepoint: 112064 ns, Cleanup: 16113 ns, At safepoint: 8082 ns, Total: 136259 ns
[2025-04-24T21:09:36.128+0000][966.810s][debug][safepoint   ] Safepoint synchronization initiated using futex wait barrier. (195 threads)
[2025-04-24T21:09:36.128+0000][966.810s][info ][safepoint   ] Safepoint "Cleanup", Time since last: 2000248271 ns, Reaching safepoint: 115056 ns, Cleanup: 17282 ns, At safepoint: 9396 ns, Total: 141734 ns
[2025-04-24T21:09:39.129+0000][969.810s][debug][safepoint   ] Safepoint synchronization initiated using futex wait barrier. (195 threads)
[2025-04-24T21:09:39.129+0000][969.811s][info ][safepoint   ] Safepoint "Cleanup", Time since last: 3000379740 ns, Reaching safepoint: 262878 ns, Cleanup: 43986 ns, At safepoint: 25579 ns, Total: 332443 ns
[2025-04-24T21:09:45.130+0000][975.811s][debug][safepoint   ] Safepoint synchronization initiated using futex wait barrier. (195 threads)
[2025-04-24T21:09:45.130+0000][975.811s][info ][safepoint   ] Safepoint "Cleanup", Time since last: 6000621669 ns, Reaching safepoint: 81136 ns, Cleanup: 25349 ns, At safepoint: 8947 ns, Total: 115432 ns
[2025-04-24T21:09:46.130+0000][976.811s][debug][safepoint   ] Safepoint synchronization initiated using futex wait barrier. (195 threads)
[2025-04-24T21:09:46.130+0000][976.811s][info ][safepoint   ] Safepoint "Cleanup", Time since last: 1000100331 ns, Reaching safepoint: 72808 ns, Cleanup: 14612 ns, At safepoint: 6603 ns, Total: 94023 ns
[2025-04-24T21:09:47.130+0000][977.812s][debug][safepoint   ] Safepoint synchronization initiated using futex wait barrier. (195 threads)
[2025-04-24T21:09:47.130+0000][977.812s][info ][safepoint   ] Safepoint "Cleanup", Time since last: 1000094685 ns, Reaching safepoint: 75190 ns, Cleanup: 12286 ns, At safepoint: 6323 ns, Total: 93799 ns
[2025-04-24T21:09:49.130+0000][979.812s][debug][safepoint   ] Safepoint synchronization initiated using futex wait barrier. (195 threads)
[2025-04-24T21:09:49.131+0000][979.812s][info ][safepoint   ] Safepoint "Cleanup", Time since last: 2000357424 ns, Reaching safepoint: 74339 ns, Cleanup: 12413 ns, At safepoint: 8214 ns, Total: 94966 ns
[2025-04-24T21:10:35.158+0000][1025.839s][debug][safepoint   ] Safepoint synchronization initiated using futex wait barrier. (195 threads)
[2025-04-24T21:10:35.158+0000][1025.839s][info ][safepoint   ] Safepoint "Cleanup", Time since last: 46027017254 ns, Reaching safepoint: 165928 ns, Cleanup: 22970 ns, At safepoint: 8147 ns, Total: 197045 ns
[2025-04-24T21:11:03.161+0000][1053.843s][debug][safepoint   ] Safepoint synchronization initiated using futex wait barrier. (195 threads)
[2025-04-24T21:11:03.161+0000][1053.843s][info ][safepoint   ] Safepoint "Cleanup", Time since last: 28003191227 ns, Reaching safepoint: 101101 ns, Cleanup: 13194 ns, At safepoint: 6281 ns, Total: 120576 ns
[2025-04-24T21:11:20.163+0000][1070.845s][debug][safepoint   ] Safepoint synchronization initiated using futex wait barrier. (195 threads)
[2025-04-24T21:11:20.163+0000][1070.845s][info ][safepoint   ] Safepoint "Cleanup", Time since last: 17001946601 ns, Reaching safepoint: 207989 ns, Cleanup: 30897 ns, At safepoint: 19554 ns, Total: 258440 ns
[2025-04-24T21:11:36.188+0000][1086.869s][debug][safepoint   ] Safepoint synchronization initiated using futex wait barrier. (195 threads)
[2025-04-24T21:11:36.188+0000][1086.870s][info ][safepoint   ] Safepoint "Cleanup", Time since last: 16024361125 ns, Reaching safepoint: 245764 ns, Cleanup: 50906 ns, At safepoint: 24502 ns, Total: 321172 ns
[2025-04-24T21:11:39.188+0000][1089.870s][debug][safepoint   ] Safepoint synchronization initiated using futex wait barrier. (195 threads)
[2025-04-24T21:11:39.189+0000][1089.870s][info ][safepoint   ] Safepoint "Cleanup", Time since last: 3000455654 ns, Reaching safepoint: 79204 ns, Cleanup: 28232 ns, At safepoint: 7464 ns, Total: 114900 ns
[2025-04-24T21:11:57.191+0000][1107.873s][debug][safepoint   ] Safepoint synchronization initiated using futex wait barrier. (195 threads)
[2025-04-24T21:11:57.191+0000][1107.873s][info ][safepoint   ] Safepoint "Cleanup", Time since last: 18002514022 ns, Reaching safepoint: 213376 ns, Cleanup: 34482 ns, At safepoint: 16735 ns, Total: 264593 ns
[2025-04-24T21:11:57.216+0000][1107.898s][debug][safepoint   ] Safepoint synchronization initiated using futex wait barrier. (195 threads)
[2025-04-24T21:11:57.216+0000][1107.898s][info ][gc,start    ] GC(75) Pause Young (Normal) (G1 Evacuation Pause)
[2025-04-24T21:11:57.216+0000][1107.898s][info ][gc,task     ] GC(75) Using 4 workers of 4 for evacuation
[2025-04-24T21:11:57.279+0000][1107.960s][info ][gc,phases   ] GC(75)   Pre Evacuate Collection Set: 0.7ms
[2025-04-24T21:11:57.279+0000][1107.960s][info ][gc,phases   ] GC(75)   Merge Heap Roots: 0.7ms
[2025-04-24T21:11:57.279+0000][1107.960s][info ][gc,phases   ] GC(75)   Evacuate Collection Set: 52.5ms
[2025-04-24T21:11:57.279+0000][1107.960s][info ][gc,phases   ] GC(75)   Post Evacuate Collection Set: 7.8ms
[2025-04-24T21:11:57.279+0000][1107.960s][info ][gc,phases   ] GC(75)   Other: 0.5ms
[2025-04-24T21:11:57.279+0000][1107.960s][info ][gc,heap     ] GC(75) Eden regions: 249->0(251)
[2025-04-24T21:11:57.279+0000][1107.961s][info ][gc,heap     ] GC(75) Survivor regions: 9->9(33)
[2025-04-24T21:11:57.279+0000][1107.961s][info ][gc,heap     ] GC(75) Old regions: 184->184
[2025-04-24T21:11:57.279+0000][1107.961s][info ][gc,heap     ] GC(75) Archive regions: 2->2
[2025-04-24T21:11:57.279+0000][1107.961s][info ][gc,heap     ] GC(75) Humongous regions: 2->2
[2025-04-24T21:11:57.279+0000][1107.961s][info ][gc,metaspace] GC(75) Metaspace: 189356K(190720K)->189356K(190720K) NonClass: 166279K(166976K)->166279K(166976K) Class: 23077K(23744K)->23077K(23744K)
[2025-04-24T21:11:57.279+0000][1107.961s][info ][gc          ] GC(75) Pause Young (Normal) (G1 Evacuation Pause) 443M->194M(511M) 62.951ms
[2025-04-24T21:11:57.280+0000][1107.961s][info ][gc,cpu      ] GC(75) User=0.22s Sys=0.00s Real=0.07s
[2025-04-24T21:11:57.281+0000][1107.963s][info ][safepoint   ] Safepoint "G1CollectForAllocation", Time since last: 24712990 ns, Reaching safepoint: 251739 ns, Cleanup: 13086 ns, At safepoint: 64954584 ns, Total: 65219409 ns
[2025-04-24T21:12:06.283+0000][1116.965s][debug][safepoint   ] Safepoint synchronization initiated using futex wait barrier. (195 threads)
[2025-04-24T21:12:06.283+0000][1116.965s][info ][safepoint   ] Safepoint "Cleanup", Time since last: 9001855565 ns, Reaching safepoint: 68701 ns, Cleanup: 15092 ns, At safepoint: 6138 ns, Total: 89931 ns
[2025-04-24T21:12:37.289+0000][1147.970s][debug][safepoint   ] Safepoint synchronization initiated using futex wait barrier. (195 threads)
[2025-04-24T21:12:37.289+0000][1147.970s][info ][safepoint   ] Safepoint "Cleanup", Time since last: 31005326893 ns, Reaching safepoint: 111399 ns, Cleanup: 56616 ns, At safepoint: 23498 ns, Total: 191513 ns
[2025-04-24T21:13:07.292+0000][1177.974s][debug][safepoint   ] Safepoint synchronization initiated using futex wait barrier. (195 threads)
[2025-04-24T21:13:07.292+0000][1177.974s][info ][safepoint   ] Safepoint "Cleanup", Time since last: 30003266996 ns, Reaching safepoint: 98196 ns, Cleanup: 15645 ns, At safepoint: 5833 ns, Total: 119674 ns
[2025-04-24T21:13:11.292+0000][1181.974s][debug][safepoint   ] Safepoint synchronization initiated using futex wait barrier. (195 threads)
[2025-04-24T21:13:11.293+0000][1181.974s][info ][safepoint   ] Safepoint "Cleanup", Time since last: 4000360428 ns, Reaching safepoint: 71389 ns, Cleanup: 12502 ns, At safepoint: 5705 ns, Total: 89596 ns
[2025-04-24T21:13:24.294+0000][1194.975s][debug][safepoint   ] Safepoint synchronization initiated using futex wait barrier. (195 threads)
[2025-04-24T21:13:24.294+0000][1194.975s][info ][safepoint   ] Safepoint "Cleanup", Time since last: 13001192053 ns, Reaching safepoint: 90361 ns, Cleanup: 15123 ns, At safepoint: 7335 ns, Total: 112819 ns
[2025-04-24T21:13:29.294+0000][1199.976s][debug][safepoint   ] Safepoint synchronization initiated using futex wait barrier. (195 threads)
[2025-04-24T21:13:29.295+0000][1199.976s][info ][safepoint   ] Safepoint "Cleanup", Time since last: 5000584877 ns, Reaching safepoint: 229221 ns, Cleanup: 66861 ns, At safepoint: 29450 ns, Total: 325532 ns
[2025-04-24T21:13:39.255+0000][1209.936s][debug][safepoint   ] Safepoint synchronization initiated using futex wait barrier. (195 threads)
[2025-04-24T21:13:39.255+0000][1209.936s][info ][safepoint   ] Safepoint "Cleanup", Time since last: 9960061641 ns, Reaching safepoint: 64173 ns, Cleanup: 14925 ns, At safepoint: 5309 ns, Total: 84407 ns
[2025-04-24T21:13:47.256+0000][1217.938s][debug][safepoint   ] Safepoint synchronization initiated using futex wait barrier. (195 threads)
[2025-04-24T21:13:47.256+0000][1217.938s][info ][safepoint   ] Safepoint "Cleanup", Time since last: 8001068771 ns, Reaching safepoint: 97794 ns, Cleanup: 15980 ns, At safepoint: 9364 ns, Total: 123138 ns
[2025-04-24T21:14:39.288+0000][1269.970s][debug][safepoint   ] Safepoint synchronization initiated using futex wait barrier. (195 threads)
[2025-04-24T21:14:39.288+0000][1269.970s][info ][safepoint   ] Safepoint "Cleanup", Time since last: 52032159192 ns, Reaching safepoint: 109940 ns, Cleanup: 15291 ns, At safepoint: 6713 ns, Total: 131944 ns
[2025-04-24T21:14:43.289+0000][1273.970s][debug][safepoint   ] Safepoint synchronization initiated using futex wait barrier. (201 threads)
[2025-04-24T21:14:43.289+0000][1273.971s][info ][safepoint   ] Safepoint "Cleanup", Time since last: 4000523121 ns, Reaching safepoint: 224027 ns, Cleanup: 81269 ns, At safepoint: 28131 ns, Total: 333427 ns
[2025-04-24T21:14:45.290+0000][1275.971s][debug][safepoint   ] Safepoint synchronization initiated using futex wait barrier. (202 threads)
[2025-04-24T21:14:45.290+0000][1275.971s][info ][safepoint   ] Safepoint "Cleanup", Time since last: 2000326651 ns, Reaching safepoint: 278892 ns, Cleanup: 57665 ns, At safepoint: 23459 ns, Total: 360016 ns
[2025-04-24T21:15:05.212+0000][1295.893s][debug][safepoint   ] Safepoint synchronization initiated using futex wait barrier. (204 threads)
[2025-04-24T21:15:05.212+0000][1295.893s][info ][gc,start    ] GC(76) Pause Young (Normal) (G1 Evacuation Pause)
[2025-04-24T21:15:05.212+0000][1295.893s][info ][gc,task     ] GC(76) Using 4 workers of 4 for evacuation
[2025-04-24T21:15:05.234+0000][1295.916s][info ][gc,phases   ] GC(76)   Pre Evacuate Collection Set: 0.2ms
[2025-04-24T21:15:05.234+0000][1295.916s][info ][gc,phases   ] GC(76)   Merge Heap Roots: 0.1ms
[2025-04-24T21:15:05.234+0000][1295.916s][info ][gc,phases   ] GC(76)   Evacuate Collection Set: 19.7ms
[2025-04-24T21:15:05.234+0000][1295.916s][info ][gc,phases   ] GC(76)   Post Evacuate Collection Set: 2.3ms
[2025-04-24T21:15:05.234+0000][1295.916s][info ][gc,phases   ] GC(76)   Other: 0.2ms
[2025-04-24T21:15:05.234+0000][1295.916s][info ][gc,heap     ] GC(76) Eden regions: 251->0(249)
[2025-04-24T21:15:05.234+0000][1295.916s][info ][gc,heap     ] GC(76) Survivor regions: 9->11(33)
[2025-04-24T21:15:05.234+0000][1295.916s][info ][gc,heap     ] GC(76) Old regions: 184->184
[2025-04-24T21:15:05.234+0000][1295.916s][info ][gc,heap     ] GC(76) Archive regions: 2->2
[2025-04-24T21:15:05.235+0000][1295.916s][info ][gc,heap     ] GC(76) Humongous regions: 2->2
[2025-04-24T21:15:05.235+0000][1295.916s][info ][gc,metaspace] GC(76) Metaspace: 189457K(190848K)->189457K(190848K) NonClass: 166363K(167104K)->166363K(167104K) Class: 23094K(23744K)->23094K(23744K)
[2025-04-24T21:15:05.235+0000][1295.916s][info ][gc          ] GC(76) Pause Young (Normal) (G1 Evacuation Pause) 445M->196M(511M) 22.672ms
[2025-04-24T21:15:05.235+0000][1295.916s][info ][gc,cpu      ] GC(76) User=0.05s Sys=0.00s Real=0.02s
[2025-04-24T21:15:05.235+0000][1295.916s][info ][safepoint   ] Safepoint "G1CollectForAllocation", Time since last: 19921733582 ns, Reaching safepoint: 92809 ns, Cleanup: 30978 ns, At safepoint: 23117296 ns, Total: 23241083 ns
[2025-04-24T21:15:06.235+0000][1296.917s][debug][safepoint   ] Safepoint synchronization initiated using futex wait barrier. (205 threads)
[2025-04-24T21:15:06.236+0000][1296.917s][info ][safepoint   ] Safepoint "Cleanup", Time since last: 1000211538 ns, Reaching safepoint: 186202 ns, Cleanup: 188435 ns, At safepoint: 24299 ns, Total: 398936 ns
[2025-04-24T21:15:09.236+0000][1299.917s][debug][safepoint   ] Safepoint synchronization initiated using futex wait barrier. (204 threads)
[2025-04-24T21:15:09.236+0000][1299.918s][info ][safepoint   ] Safepoint "Cleanup", Time since last: 3000376264 ns, Reaching safepoint: 215243 ns, Cleanup: 72468 ns, At safepoint: 26276 ns, Total: 313987 ns
[2025-04-24T21:15:11.238+0000][1301.919s][debug][safepoint   ] Safepoint synchronization initiated using futex wait barrier. (204 threads)
[2025-04-24T21:15:11.238+0000][1301.919s][info ][safepoint   ] Safepoint "Cleanup", Time since last: 2001595305 ns, Reaching safepoint: 71515 ns, Cleanup: 53783 ns, At safepoint: 5133 ns, Total: 130431 ns
[2025-04-24T21:15:13.238+0000][1303.920s][debug][safepoint   ] Safepoint synchronization initiated using futex wait barrier. (204 threads)
[2025-04-24T21:15:13.238+0000][1303.920s][info ][safepoint   ] Safepoint "Cleanup", Time since last: 2000243671 ns, Reaching safepoint: 176678 ns, Cleanup: 45601 ns, At safepoint: 15766 ns, Total: 238045 ns
[2025-04-24T21:15:17.239+0000][1307.921s][debug][safepoint   ] Safepoint synchronization initiated using futex wait barrier. (204 threads)
[2025-04-24T21:15:17.239+0000][1307.921s][info ][safepoint   ] Safepoint "Cleanup", Time since last: 4000549524 ns, Reaching safepoint: 236751 ns, Cleanup: 47417 ns, At safepoint: 21356 ns, Total: 305524 ns
[2025-04-24T21:15:20.240+0000][1310.921s][debug][safepoint   ] Safepoint synchronization initiated using futex wait barrier. (204 threads)
[2025-04-24T21:15:20.241+0000][1310.922s][info ][safepoint   ] Safepoint "Cleanup", Time since last: 3000419988 ns, Reaching safepoint: 918669 ns, Cleanup: 163922 ns, At safepoint: 39581 ns, Total: 1122172 ns
[2025-04-24T21:15:24.242+0000][1314.923s][debug][safepoint   ] Safepoint synchronization initiated using futex wait barrier. (204 threads)
[2025-04-24T21:15:24.242+0000][1314.924s][info ][safepoint   ] Safepoint "Cleanup", Time since last: 4000953175 ns, Reaching safepoint: 212937 ns, Cleanup: 46500 ns, At safepoint: 27167 ns, Total: 286604 ns
[2025-04-24T21:15:39.323+0000][1330.005s][debug][safepoint   ] Safepoint synchronization initiated using futex wait barrier. (204 threads)
[2025-04-24T21:15:39.323+0000][1330.005s][info ][safepoint   ] Safepoint "Cleanup", Time since last: 15081153251 ns, Reaching safepoint: 58400 ns, Cleanup: 13018 ns, At safepoint: 4539 ns, Total: 75957 ns
[2025-04-24T21:16:09.326+0000][1360.008s][debug][safepoint   ] Safepoint synchronization initiated using futex wait barrier. (204 threads)
[2025-04-24T21:16:09.327+0000][1360.008s][info ][safepoint   ] Safepoint "Cleanup", Time since last: 30002967717 ns, Reaching safepoint: 241461 ns, Cleanup: 42478 ns, At safepoint: 24743 ns, Total: 308682 ns
[2025-04-24T21:16:37.356+0000][1388.038s][debug][safepoint   ] Safepoint synchronization initiated using futex wait barrier. (197 threads)
[2025-04-24T21:16:37.357+0000][1388.038s][info ][safepoint   ] Safepoint "Cleanup", Time since last: 28029739036 ns, Reaching safepoint: 222333 ns, Cleanup: 39754 ns, At safepoint: 25244 ns, Total: 287331 ns
[2025-04-24T21:16:39.357+0000][1390.039s][debug][safepoint   ] Safepoint synchronization initiated using futex wait barrier. (197 threads)
[2025-04-24T21:16:39.357+0000][1390.039s][info ][safepoint   ] Safepoint "Cleanup", Time since last: 2000419136 ns, Reaching safepoint: 256645 ns, Cleanup: 33534 ns, At safepoint: 24008 ns, Total: 314187 ns
[2025-04-24T21:16:41.358+0000][1392.039s][debug][safepoint   ] Safepoint synchronization initiated using futex wait barrier. (197 threads)
[2025-04-24T21:16:41.358+0000][1392.040s][info ][safepoint   ] Safepoint "Cleanup", Time since last: 2000488886 ns, Reaching safepoint: 245206 ns, Cleanup: 44619 ns, At safepoint: 27840 ns, Total: 317665 ns
[2025-04-24T21:17:03.362+0000][1414.043s][debug][safepoint   ] Safepoint synchronization initiated using futex wait barrier. (202 threads)
[2025-04-24T21:17:03.362+0000][1414.044s][info ][safepoint   ] Safepoint "Cleanup", Time since last: 22003701357 ns, Reaching safepoint: 110918 ns, Cleanup: 22645 ns, At safepoint: 7303 ns, Total: 140866 ns
[2025-04-24T21:17:04.362+0000][1415.044s][debug][safepoint   ] Safepoint synchronization initiated using futex wait barrier. (202 threads)
[2025-04-24T21:17:04.363+0000][1415.044s][info ][safepoint   ] Safepoint "Cleanup", Time since last: 1000234108 ns, Reaching safepoint: 371620 ns, Cleanup: 103101 ns, At safepoint: 115097 ns, Total: 589818 ns
[2025-04-24T21:17:05.363+0000][1416.045s][debug][safepoint   ] Safepoint synchronization initiated using futex wait barrier. (202 threads)
[2025-04-24T21:17:05.363+0000][1416.045s][info ][safepoint   ] Safepoint "Cleanup", Time since last: 1000249130 ns, Reaching safepoint: 192471 ns, Cleanup: 33814 ns, At safepoint: 12863 ns, Total: 239148 ns
[2025-04-24T21:17:06.364+0000][1417.045s][debug][safepoint   ] Safepoint synchronization initiated using futex wait barrier. (203 threads)
[2025-04-24T21:17:06.364+0000][1417.046s][info ][safepoint   ] Safepoint "Cleanup", Time since last: 1000290684 ns, Reaching safepoint: 297102 ns, Cleanup: 69693 ns, At safepoint: 26776 ns, Total: 393571 ns
[2025-04-24T21:17:07.364+0000][1418.046s][debug][safepoint   ] Safepoint synchronization initiated using futex wait barrier. (203 threads)
[2025-04-24T21:17:07.364+0000][1418.046s][info ][safepoint   ] Safepoint "Cleanup", Time since last: 1000175729 ns, Reaching safepoint: 113463 ns, Cleanup: 23130 ns, At safepoint: 7106 ns, Total: 143699 ns
[2025-04-24T21:17:08.364+0000][1419.046s][debug][safepoint   ] Safepoint synchronization initiated using futex wait barrier. (203 threads)
[2025-04-24T21:17:08.365+0000][1419.046s][info ][safepoint   ] Safepoint "Cleanup", Time since last: 1000168546 ns, Reaching safepoint: 65109 ns, Cleanup: 17033 ns, At safepoint: 7346 ns, Total: 89488 ns
[2025-04-24T21:17:09.365+0000][1420.046s][debug][safepoint   ] Safepoint synchronization initiated using futex wait barrier. (204 threads)
[2025-04-24T21:17:09.365+0000][1420.047s][info ][safepoint   ] Safepoint "Cleanup", Time since last: 1000204248 ns, Reaching safepoint: 268438 ns, Cleanup: 77130 ns, At safepoint: 30936 ns, Total: 376504 ns
[2025-04-24T21:17:10.365+0000][1421.047s][debug][safepoint   ] Safepoint synchronization initiated using futex wait barrier. (204 threads)
[2025-04-24T21:17:10.365+0000][1421.047s][info ][safepoint   ] Safepoint "Cleanup", Time since last: 1000182697 ns, Reaching safepoint: 95362 ns, Cleanup: 18927 ns, At safepoint: 8254 ns, Total: 122543 ns
[2025-04-24T21:17:11.366+0000][1422.047s][debug][safepoint   ] Safepoint synchronization initiated using futex wait barrier. (204 threads)
[2025-04-24T21:17:11.366+0000][1422.047s][info ][safepoint   ] Safepoint "Cleanup", Time since last: 1000092283 ns, Reaching safepoint: 48086 ns, Cleanup: 8060 ns, At safepoint: 3826 ns, Total: 59972 ns
[2025-04-24T21:17:12.366+0000][1423.047s][debug][safepoint   ] Safepoint synchronization initiated using futex wait barrier. (204 threads)
[2025-04-24T21:17:12.366+0000][1423.048s][info ][safepoint   ] Safepoint "Cleanup", Time since last: 1000290781 ns, Reaching safepoint: 232047 ns, Cleanup: 35889 ns, At safepoint: 27851 ns, Total: 295787 ns
[2025-04-24T21:17:14.367+0000][1425.048s][debug][safepoint   ] Safepoint synchronization initiated using futex wait barrier. (203 threads)
[2025-04-24T21:17:14.367+0000][1425.048s][info ][safepoint   ] Safepoint "Cleanup", Time since last: 2000378355 ns, Reaching safepoint: 216038 ns, Cleanup: 62037 ns, At safepoint: 14058 ns, Total: 292133 ns
[2025-04-24T21:17:15.367+0000][1426.049s][debug][safepoint   ] Safepoint synchronization initiated using futex wait barrier. (204 threads)
[2025-04-24T21:17:15.367+0000][1426.049s][info ][safepoint   ] Safepoint "Cleanup", Time since last: 1000182896 ns, Reaching safepoint: 97623 ns, Cleanup: 62630 ns, At safepoint: 14086 ns, Total: 174339 ns
[2025-04-24T21:17:15.996+0000][1426.677s][debug][safepoint   ] Safepoint synchronization initiated using futex wait barrier. (210 threads)
[2025-04-24T21:17:15.996+0000][1426.678s][info ][gc,start    ] GC(77) Pause Young (Normal) (G1 Evacuation Pause)
[2025-04-24T21:17:15.996+0000][1426.678s][info ][gc,task     ] GC(77) Using 4 workers of 4 for evacuation
[2025-04-24T21:17:16.037+0000][1426.718s][info ][gc,phases   ] GC(77)   Pre Evacuate Collection Set: 0.7ms
[2025-04-24T21:17:16.037+0000][1426.718s][info ][gc,phases   ] GC(77)   Merge Heap Roots: 0.4ms
[2025-04-24T21:17:16.037+0000][1426.718s][info ][gc,phases   ] GC(77)   Evacuate Collection Set: 35.6ms
[2025-04-24T21:17:16.037+0000][1426.719s][info ][gc,phases   ] GC(77)   Post Evacuate Collection Set: 3.3ms
[2025-04-24T21:17:16.037+0000][1426.719s][info ][gc,phases   ] GC(77)   Other: 0.4ms
[2025-04-24T21:17:16.037+0000][1426.719s][info ][gc,heap     ] GC(77) Eden regions: 249->0(245)
[2025-04-24T21:17:16.037+0000][1426.719s][info ][gc,heap     ] GC(77) Survivor regions: 11->13(33)
[2025-04-24T21:17:16.037+0000][1426.719s][info ][gc,heap     ] GC(77) Old regions: 184->184
[2025-04-24T21:17:16.037+0000][1426.719s][info ][gc,heap     ] GC(77) Archive regions: 2->2
[2025-04-24T21:17:16.038+0000][1426.719s][info ][gc,heap     ] GC(77) Humongous regions: 2->2
[2025-04-24T21:17:16.038+0000][1426.719s][info ][gc,metaspace] GC(77) Metaspace: 190421K(191872K)->190421K(191872K) NonClass: 167257K(168000K)->167257K(168000K) Class: 23164K(23872K)->23164K(23872K)
[2025-04-24T21:17:16.038+0000][1426.719s][info ][gc          ] GC(77) Pause Young (Normal) (G1 Evacuation Pause) 445M->199M(511M) 41.551ms
[2025-04-24T21:17:16.039+0000][1426.720s][info ][gc,cpu      ] GC(77) User=0.10s Sys=0.00s Real=0.05s
[2025-04-24T21:17:16.040+0000][1426.722s][info ][safepoint   ] Safepoint "G1CollectForAllocation", Time since last: 628721575 ns, Reaching safepoint: 125197 ns, Cleanup: 95755 ns, At safepoint: 44086432 ns, Total: 44307384 ns
[2025-04-24T21:17:17.040+0000][1427.722s][debug][safepoint   ] Safepoint synchronization initiated using futex wait barrier. (209 threads)
[2025-04-24T21:17:17.041+0000][1427.722s][info ][safepoint   ] Safepoint "Cleanup", Time since last: 1000252078 ns, Reaching safepoint: 56465 ns, Cleanup: 54045 ns, At safepoint: 5695 ns, Total: 116205 ns
[2025-04-24T21:17:18.041+0000][1428.722s][debug][safepoint   ] Safepoint synchronization initiated using futex wait barrier. (209 threads)
[2025-04-24T21:17:18.041+0000][1428.723s][info ][safepoint   ] Safepoint "Cleanup", Time since last: 1000163865 ns, Reaching safepoint: 169529 ns, Cleanup: 78580 ns, At safepoint: 15431 ns, Total: 263540 ns
[2025-04-24T21:17:20.041+0000][1430.723s][debug][safepoint   ] Safepoint synchronization initiated using futex wait barrier. (209 threads)
[2025-04-24T21:17:20.042+0000][1430.723s][info ][safepoint   ] Safepoint "Cleanup", Time since last: 2000432040 ns, Reaching safepoint: 272296 ns, Cleanup: 48064 ns, At safepoint: 27238 ns, Total: 347598 ns
[2025-04-24T21:17:21.042+0000][1431.724s][debug][safepoint   ] Safepoint synchronization initiated using futex wait barrier. (209 threads)
[2025-04-24T21:17:21.042+0000][1431.724s][info ][safepoint   ] Safepoint "Cleanup", Time since last: 1000287940 ns, Reaching safepoint: 229929 ns, Cleanup: 73346 ns, At safepoint: 26185 ns, Total: 329460 ns
[2025-04-24T21:17:22.043+0000][1432.724s][debug][safepoint   ] Safepoint synchronization initiated using futex wait barrier. (209 threads)
[2025-04-24T21:17:22.043+0000][1432.725s][info ][safepoint   ] Safepoint "Cleanup", Time since last: 1000206555 ns, Reaching safepoint: 261165 ns, Cleanup: 41608 ns, At safepoint: 19584 ns, Total: 322357 ns
[2025-04-24T21:17:24.043+0000][1434.725s][debug][safepoint   ] Safepoint synchronization initiated using futex wait barrier. (209 threads)
[2025-04-24T21:17:24.043+0000][1434.725s][info ][safepoint   ] Safepoint "Cleanup", Time since last: 2000367616 ns, Reaching safepoint: 103539 ns, Cleanup: 23916 ns, At safepoint: 12172 ns, Total: 139627 ns
[2025-04-24T21:17:25.044+0000][1435.725s][debug][safepoint   ] Safepoint synchronization initiated using futex wait barrier. (209 threads)
[2025-04-24T21:17:25.044+0000][1435.726s][info ][safepoint   ] Safepoint "Cleanup", Time since last: 1000171180 ns, Reaching safepoint: 302895 ns, Cleanup: 46636 ns, At safepoint: 31138 ns, Total: 380669 ns
[2025-04-24T21:17:26.044+0000][1436.726s][debug][safepoint   ] Safepoint synchronization initiated using futex wait barrier. (209 threads)
[2025-04-24T21:17:26.044+0000][1436.726s][info ][safepoint   ] Safepoint "Cleanup", Time since last: 1000234650 ns, Reaching safepoint: 147255 ns, Cleanup: 29340 ns, At safepoint: 9165 ns, Total: 185760 ns
[2025-04-24T21:17:27.045+0000][1437.726s][debug][safepoint   ] Safepoint synchronization initiated using futex wait barrier. (209 threads)
[2025-04-24T21:17:27.045+0000][1437.726s][info ][safepoint   ] Safepoint "Cleanup", Time since last: 1000165532 ns, Reaching safepoint: 93691 ns, Cleanup: 110235 ns, At safepoint: 14889 ns, Total: 218815 ns
[2025-04-24T21:17:28.045+0000][1438.726s][debug][safepoint   ] Safepoint synchronization initiated using futex wait barrier. (209 threads)
[2025-04-24T21:17:28.045+0000][1438.727s][info ][safepoint   ] Safepoint "Cleanup", Time since last: 1000104335 ns, Reaching safepoint: 84062 ns, Cleanup: 60856 ns, At safepoint: 6547 ns, Total: 151465 ns
[2025-04-24T21:17:29.045+0000][1439.727s][debug][safepoint   ] Safepoint synchronization initiated using futex wait barrier. (209 threads)
[2025-04-24T21:17:29.045+0000][1439.727s][info ][safepoint   ] Safepoint "Cleanup", Time since last: 1000178319 ns, Reaching safepoint: 55489 ns, Cleanup: 11135 ns, At safepoint: 4762 ns, Total: 71386 ns
[2025-04-24T21:17:30.046+0000][1440.727s][debug][safepoint   ] Safepoint synchronization initiated using futex wait barrier. (209 threads)
[2025-04-24T21:17:30.046+0000][1440.727s][info ][safepoint   ] Safepoint "Cleanup", Time since last: 1000209225 ns, Reaching safepoint: 258637 ns, Cleanup: 53583 ns, At safepoint: 25859 ns, Total: 338079 ns
[2025-04-24T21:17:31.414+0000][1442.095s][debug][safepoint   ] Safepoint synchronization initiated using futex wait barrier. (209 threads)
[2025-04-24T21:17:31.414+0000][1442.095s][info ][safepoint   ] Safepoint "Cleanup", Time since last: 1367860946 ns, Reaching safepoint: 85193 ns, Cleanup: 14680 ns, At safepoint: 9881 ns, Total: 109754 ns
[2025-04-24T21:17:32.414+0000][1443.096s][debug][safepoint   ] Safepoint synchronization initiated using futex wait barrier. (209 threads)
[2025-04-24T21:17:32.414+0000][1443.096s][info ][safepoint   ] Safepoint "Cleanup", Time since last: 1000138907 ns, Reaching safepoint: 210502 ns, Cleanup: 77815 ns, At safepoint: 24981 ns, Total: 313298 ns
[2025-04-24T21:17:33.414+0000][1444.096s][debug][safepoint   ] Safepoint synchronization initiated using futex wait barrier. (209 threads)
[2025-04-24T21:17:33.415+0000][1444.096s][info ][safepoint   ] Safepoint "Cleanup", Time since last: 1000200312 ns, Reaching safepoint: 278839 ns, Cleanup: 36148 ns, At safepoint: 24891 ns, Total: 339878 ns
[2025-04-24T21:17:34.415+0000][1445.097s][debug][safepoint   ] Safepoint synchronization initiated using futex wait barrier. (209 threads)
[2025-04-24T21:17:34.416+0000][1445.097s][info ][safepoint   ] Safepoint "Cleanup", Time since last: 1000366848 ns, Reaching safepoint: 329861 ns, Cleanup: 61668 ns, At safepoint: 40110 ns, Total: 431639 ns
[2025-04-24T21:17:35.416+0000][1446.098s][debug][safepoint   ] Safepoint synchronization initiated using futex wait barrier. (209 threads)
[2025-04-24T21:17:35.416+0000][1446.098s][info ][safepoint   ] Safepoint "Cleanup", Time since last: 1000421753 ns, Reaching safepoint: 226604 ns, Cleanup: 71508 ns, At safepoint: 30527 ns, Total: 328639 ns
[2025-04-24T21:17:36.417+0000][1447.098s][debug][safepoint   ] Safepoint synchronization initiated using futex wait barrier. (209 threads)
[2025-04-24T21:17:36.417+0000][1447.098s][info ][safepoint   ] Safepoint "Cleanup", Time since last: 1000175369 ns, Reaching safepoint: 247343 ns, Cleanup: 75724 ns, At safepoint: 28111 ns, Total: 351178 ns
[2025-04-24T21:17:37.417+0000][1448.099s][debug][safepoint   ] Safepoint synchronization initiated using futex wait barrier. (209 threads)
[2025-04-24T21:17:37.418+0000][1448.099s][info ][safepoint   ] Safepoint "Cleanup", Time since last: 1000287724 ns, Reaching safepoint: 249438 ns, Cleanup: 76188 ns, At safepoint: 23807 ns, Total: 349433 ns
[2025-04-24T21:17:38.418+0000][1449.099s][debug][safepoint   ] Safepoint synchronization initiated using futex wait barrier. (209 threads)
[2025-04-24T21:17:38.418+0000][1449.100s][info ][safepoint   ] Safepoint "Cleanup", Time since last: 1000317604 ns, Reaching safepoint: 284323 ns, Cleanup: 47869 ns, At safepoint: 35480 ns, Total: 367672 ns
[2025-04-24T21:17:39.419+0000][1450.100s][debug][safepoint   ] Safepoint synchronization initiated using futex wait barrier. (209 threads)
[2025-04-24T21:17:39.419+0000][1450.101s][info ][safepoint   ] Safepoint "Cleanup", Time since last: 1000284597 ns, Reaching safepoint: 317917 ns, Cleanup: 101814 ns, At safepoint: 30771 ns, Total: 450502 ns
[2025-04-24T21:17:40.419+0000][1451.101s][debug][safepoint   ] Safepoint synchronization initiated using futex wait barrier. (209 threads)
[2025-04-24T21:17:40.420+0000][1451.101s][info ][safepoint   ] Safepoint "Cleanup", Time since last: 1000320751 ns, Reaching safepoint: 358105 ns, Cleanup: 41741 ns, At safepoint: 58897 ns, Total: 458743 ns
[2025-04-24T21:17:41.420+0000][1452.102s][debug][safepoint   ] Safepoint synchronization initiated using futex wait barrier. (209 threads)
[2025-04-24T21:17:41.420+0000][1452.102s][info ][safepoint   ] Safepoint "Cleanup", Time since last: 1000532875 ns, Reaching safepoint: 106833 ns, Cleanup: 26908 ns, At safepoint: 11487 ns, Total: 145228 ns
[2025-04-24T21:17:42.421+0000][1453.102s][debug][safepoint   ] Safepoint synchronization initiated using futex wait barrier. (209 threads)
[2025-04-24T21:17:42.421+0000][1453.103s][info ][safepoint   ] Safepoint "Cleanup", Time since last: 1000224320 ns, Reaching safepoint: 265086 ns, Cleanup: 83719 ns, At safepoint: 27596 ns, Total: 376401 ns
[2025-04-24T21:17:44.421+0000][1455.103s][debug][safepoint   ] Safepoint synchronization initiated using futex wait barrier. (209 threads)
[2025-04-24T21:17:44.422+0000][1455.103s][info ][safepoint   ] Safepoint "Cleanup", Time since last: 2000387020 ns, Reaching safepoint: 260564 ns, Cleanup: 119300 ns, At safepoint: 41771 ns, Total: 421635 ns
[2025-04-24T21:17:45.422+0000][1456.104s][debug][safepoint   ] Safepoint synchronization initiated using futex wait barrier. (209 threads)
[2025-04-24T21:17:45.422+0000][1456.104s][info ][safepoint   ] Safepoint "Cleanup", Time since last: 1000265584 ns, Reaching safepoint: 220109 ns, Cleanup: 42060 ns, At safepoint: 23934 ns, Total: 286103 ns
[2025-04-24T21:17:46.423+0000][1457.104s][debug][safepoint   ] Safepoint synchronization initiated using futex wait barrier. (209 threads)
[2025-04-24T21:17:46.423+0000][1457.105s][info ][safepoint   ] Safepoint "Cleanup", Time since last: 1000277159 ns, Reaching safepoint: 305522 ns, Cleanup: 41292 ns, At safepoint: 27649 ns, Total: 374463 ns
[2025-04-24T21:17:47.423+0000][1458.105s][debug][safepoint   ] Safepoint synchronization initiated using futex wait barrier. (209 threads)
[2025-04-24T21:17:47.423+0000][1458.105s][info ][safepoint   ] Safepoint "Cleanup", Time since last: 1000275450 ns, Reaching safepoint: 131437 ns, Cleanup: 26346 ns, At safepoint: 8988 ns, Total: 166771 ns
[2025-04-24T21:17:48.424+0000][1459.105s][debug][safepoint   ] Safepoint synchronization initiated using futex wait barrier. (209 threads)
[2025-04-24T21:17:48.424+0000][1459.105s][info ][safepoint   ] Safepoint "Cleanup", Time since last: 1000219027 ns, Reaching safepoint: 94808 ns, Cleanup: 67501 ns, At safepoint: 7699 ns, Total: 170008 ns
[2025-04-24T21:17:49.424+0000][1460.106s][debug][safepoint   ] Safepoint synchronization initiated using futex wait barrier. (209 threads)
[2025-04-24T21:17:49.424+0000][1460.106s][info ][safepoint   ] Safepoint "Cleanup", Time since last: 1000175128 ns, Reaching safepoint: 236261 ns, Cleanup: 66334 ns, At safepoint: 24258 ns, Total: 326853 ns
[2025-04-24T21:17:50.425+0000][1461.106s][debug][safepoint   ] Safepoint synchronization initiated using futex wait barrier. (209 threads)
[2025-04-24T21:17:50.425+0000][1461.106s][info ][safepoint   ] Safepoint "Cleanup", Time since last: 1000202359 ns, Reaching safepoint: 58376 ns, Cleanup: 20358 ns, At safepoint: 5043 ns, Total: 83777 ns
[2025-04-24T21:17:51.425+0000][1462.106s][debug][safepoint   ] Safepoint synchronization initiated using futex wait barrier. (209 threads)
[2025-04-24T21:17:51.425+0000][1462.107s][info ][safepoint   ] Safepoint "Cleanup", Time since last: 1000171809 ns, Reaching safepoint: 87141 ns, Cleanup: 104763 ns, At safepoint: 18756 ns, Total: 210660 ns
[2025-04-24T21:17:52.425+0000][1463.107s][debug][safepoint   ] Safepoint synchronization initiated using futex wait barrier. (209 threads)
[2025-04-24T21:17:52.425+0000][1463.107s][info ][safepoint   ] Safepoint "Cleanup", Time since last: 1000114060 ns, Reaching safepoint: 76328 ns, Cleanup: 28024 ns, At safepoint: 7389 ns, Total: 111741 ns
[2025-04-24T21:17:53.425+0000][1464.107s][debug][safepoint   ] Safepoint synchronization initiated using futex wait barrier. (210 threads)
[2025-04-24T21:17:53.426+0000][1464.107s][info ][safepoint   ] Safepoint "Cleanup", Time since last: 1000206552 ns, Reaching safepoint: 58443 ns, Cleanup: 16475 ns, At safepoint: 6955 ns, Total: 81873 ns
[2025-04-24T21:17:54.426+0000][1465.107s][debug][safepoint   ] Safepoint synchronization initiated using futex wait barrier. (212 threads)
[2025-04-24T21:17:54.426+0000][1465.108s][info ][safepoint   ] Safepoint "Cleanup", Time since last: 1000243743 ns, Reaching safepoint: 201064 ns, Cleanup: 88508 ns, At safepoint: 25013 ns, Total: 314585 ns
[2025-04-24T21:17:55.426+0000][1466.108s][debug][safepoint   ] Safepoint synchronization initiated using futex wait barrier. (212 threads)
[2025-04-24T21:17:55.426+0000][1466.108s][info ][safepoint   ] Safepoint "Cleanup", Time since last: 1000201694 ns, Reaching safepoint: 151475 ns, Cleanup: 19517 ns, At safepoint: 14408 ns, Total: 185400 ns
[2025-04-24T21:17:56.427+0000][1467.108s][debug][safepoint   ] Safepoint synchronization initiated using futex wait barrier. (212 threads)
[2025-04-24T21:17:56.427+0000][1467.109s][info ][safepoint   ] Safepoint "Cleanup", Time since last: 1000300079 ns, Reaching safepoint: 238385 ns, Cleanup: 66081 ns, At safepoint: 25262 ns, Total: 329728 ns
[2025-04-24T21:17:57.427+0000][1468.109s][debug][safepoint   ] Safepoint synchronization initiated using futex wait barrier. (212 threads)
[2025-04-24T21:17:57.428+0000][1468.109s][info ][safepoint   ] Safepoint "Cleanup", Time since last: 1000200333 ns, Reaching safepoint: 134019 ns, Cleanup: 29076 ns, At safepoint: 16111 ns, Total: 179206 ns
[2025-04-24T21:17:58.486+0000][1469.167s][debug][safepoint   ] Safepoint synchronization initiated using futex wait barrier. (212 threads)
[2025-04-24T21:17:58.486+0000][1469.168s][info ][safepoint   ] Safepoint "Cleanup", Time since last: 1058065350 ns, Reaching safepoint: 341797 ns, Cleanup: 303700 ns, At safepoint: 39447 ns, Total: 684944 ns
[2025-04-24T21:17:59.486+0000][1470.168s][debug][safepoint   ] Safepoint synchronization initiated using futex wait barrier. (212 threads)
[2025-04-24T21:17:59.487+0000][1470.168s][info ][safepoint   ] Safepoint "Cleanup", Time since last: 1000237894 ns, Reaching safepoint: 60931 ns, Cleanup: 16539 ns, At safepoint: 5107 ns, Total: 82577 ns
[2025-04-24T21:18:00.487+0000][1471.168s][debug][safepoint   ] Safepoint synchronization initiated using futex wait barrier. (212 threads)
[2025-04-24T21:18:00.487+0000][1471.168s][info ][safepoint   ] Safepoint "Cleanup", Time since last: 1000191166 ns, Reaching safepoint: 59765 ns, Cleanup: 16026 ns, At safepoint: 4699 ns, Total: 80490 ns
[2025-04-24T21:18:01.487+0000][1472.168s][debug][safepoint   ] Safepoint synchronization initiated using futex wait barrier. (212 threads)
[2025-04-24T21:18:01.487+0000][1472.169s][info ][safepoint   ] Safepoint "Cleanup", Time since last: 1000088252 ns, Reaching safepoint: 83727 ns, Cleanup: 22847 ns, At safepoint: 7530 ns, Total: 114104 ns
[2025-04-24T21:18:02.487+0000][1473.169s][debug][safepoint   ] Safepoint synchronization initiated using futex wait barrier. (212 threads)
[2025-04-24T21:18:02.487+0000][1473.169s][info ][safepoint   ] Safepoint "Cleanup", Time since last: 1000179901 ns, Reaching safepoint: 71668 ns, Cleanup: 17080 ns, At safepoint: 8664 ns, Total: 97412 ns
[2025-04-24T21:18:03.488+0000][1474.169s][debug][safepoint   ] Safepoint synchronization initiated using futex wait barrier. (212 threads)
[2025-04-24T21:18:03.488+0000][1474.169s][info ][safepoint   ] Safepoint "Cleanup", Time since last: 1000222631 ns, Reaching safepoint: 261346 ns, Cleanup: 59091 ns, At safepoint: 26245 ns, Total: 346682 ns
[2025-04-24T21:18:06.488+0000][1477.170s][debug][safepoint   ] Safepoint synchronization initiated using futex wait barrier. (214 threads)
[2025-04-24T21:18:06.489+0000][1477.170s][info ][safepoint   ] Safepoint "Cleanup", Time since last: 3000384667 ns, Reaching safepoint: 271476 ns, Cleanup: 37232 ns, At safepoint: 25803 ns, Total: 334511 ns
[2025-04-24T21:18:07.489+0000][1478.170s][debug][safepoint   ] Safepoint synchronization initiated using futex wait barrier. (214 threads)
[2025-04-24T21:18:07.489+0000][1478.170s][info ][safepoint   ] Safepoint "Cleanup", Time since last: 1000238652 ns, Reaching safepoint: 63589 ns, Cleanup: 14220 ns, At safepoint: 5343 ns, Total: 83152 ns
[2025-04-24T21:18:12.490+0000][1483.172s][debug][safepoint   ] Safepoint synchronization initiated using futex wait barrier. (214 threads)
[2025-04-24T21:18:12.490+0000][1483.172s][info ][safepoint   ] Safepoint "Cleanup", Time since last: 5001014223 ns, Reaching safepoint: 281592 ns, Cleanup: 44002 ns, At safepoint: 50778 ns, Total: 376372 ns
[2025-04-24T21:18:13.491+0000][1484.172s][debug][safepoint   ] Safepoint synchronization initiated using futex wait barrier. (214 threads)
[2025-04-24T21:18:13.491+0000][1484.172s][info ][safepoint   ] Safepoint "Cleanup", Time since last: 1000204975 ns, Reaching safepoint: 81132 ns, Cleanup: 17050 ns, At safepoint: 7029 ns, Total: 105211 ns
[2025-04-24T21:18:14.491+0000][1485.172s][debug][safepoint   ] Safepoint synchronization initiated using futex wait barrier. (213 threads)
[2025-04-24T21:18:14.491+0000][1485.173s][info ][safepoint   ] Safepoint "Cleanup", Time since last: 1000274356 ns, Reaching safepoint: 204096 ns, Cleanup: 13153 ns, At safepoint: 11714 ns, Total: 228963 ns
[2025-04-24T21:18:15.491+0000][1486.173s][debug][safepoint   ] Safepoint synchronization initiated using futex wait barrier. (213 threads)
[2025-04-24T21:18:15.491+0000][1486.173s][info ][safepoint   ] Safepoint "Cleanup", Time since last: 1000177533 ns, Reaching safepoint: 96085 ns, Cleanup: 17854 ns, At safepoint: 11563 ns, Total: 125502 ns
[2025-04-24T21:18:16.492+0000][1487.173s][debug][safepoint   ] Safepoint synchronization initiated using futex wait barrier. (212 threads)
[2025-04-24T21:18:16.492+0000][1487.174s][info ][safepoint   ] Safepoint "Cleanup", Time since last: 1000218065 ns, Reaching safepoint: 286843 ns, Cleanup: 48840 ns, At safepoint: 28008 ns, Total: 363691 ns
[2025-04-24T21:18:17.492+0000][1488.174s][debug][safepoint   ] Safepoint synchronization initiated using futex wait barrier. (212 threads)
[2025-04-24T21:18:17.492+0000][1488.174s][info ][safepoint   ] Safepoint "Cleanup", Time since last: 1000199864 ns, Reaching safepoint: 63269 ns, Cleanup: 22704 ns, At safepoint: 4710 ns, Total: 90683 ns
[2025-04-24T21:18:18.493+0000][1489.174s][debug][safepoint   ] Safepoint synchronization initiated using futex wait barrier. (212 threads)
[2025-04-24T21:18:18.493+0000][1489.174s][info ][safepoint   ] Safepoint "Cleanup", Time since last: 1000199716 ns, Reaching safepoint: 252322 ns, Cleanup: 39906 ns, At safepoint: 19731 ns, Total: 311959 ns
[2025-04-24T21:18:20.493+0000][1491.175s][debug][safepoint   ] Safepoint synchronization initiated using futex wait barrier. (212 threads)
[2025-04-24T21:18:20.493+0000][1491.175s][info ][safepoint   ] Safepoint "Cleanup", Time since last: 2000224463 ns, Reaching safepoint: 62372 ns, Cleanup: 14692 ns, At safepoint: 4007 ns, Total: 81071 ns
[2025-04-24T21:18:21.493+0000][1492.175s][debug][safepoint   ] Safepoint synchronization initiated using futex wait barrier. (212 threads)
[2025-04-24T21:18:21.494+0000][1492.175s][info ][safepoint   ] Safepoint "Cleanup", Time since last: 1000160426 ns, Reaching safepoint: 260002 ns, Cleanup: 42852 ns, At safepoint: 23588 ns, Total: 326442 ns
[2025-04-24T21:18:23.494+0000][1494.175s][debug][safepoint   ] Safepoint synchronization initiated using futex wait barrier. (212 threads)
[2025-04-24T21:18:23.494+0000][1494.176s][info ][safepoint   ] Safepoint "Cleanup", Time since last: 2000271444 ns, Reaching safepoint: 84023 ns, Cleanup: 34329 ns, At safepoint: 10999 ns, Total: 129351 ns
[2025-04-24T21:18:24.494+0000][1495.176s][debug][safepoint   ] Safepoint synchronization initiated using futex wait barrier. (212 threads)
[2025-04-24T21:18:24.495+0000][1495.176s][info ][safepoint   ] Safepoint "Cleanup", Time since last: 1000223107 ns, Reaching safepoint: 318857 ns, Cleanup: 40798 ns, At safepoint: 30184 ns, Total: 389839 ns
[2025-04-24T21:18:25.496+0000][1496.177s][debug][safepoint   ] Safepoint synchronization initiated using futex wait barrier. (212 threads)
[2025-04-24T21:18:25.496+0000][1496.177s][info ][safepoint   ] Safepoint "Cleanup", Time since last: 1000876823 ns, Reaching safepoint: 89642 ns, Cleanup: 17522 ns, At safepoint: 10366 ns, Total: 117530 ns
[2025-04-24T21:18:26.496+0000][1497.177s][debug][safepoint   ] Safepoint synchronization initiated using futex wait barrier. (213 threads)
[2025-04-24T21:18:26.496+0000][1497.178s][info ][safepoint   ] Safepoint "Cleanup", Time since last: 1000286510 ns, Reaching safepoint: 245759 ns, Cleanup: 63229 ns, At safepoint: 31725 ns, Total: 340713 ns
[2025-04-24T21:18:27.497+0000][1498.178s][debug][safepoint   ] Safepoint synchronization initiated using futex wait barrier. (213 threads)
[2025-04-24T21:18:27.497+0000][1498.178s][info ][safepoint   ] Safepoint "Cleanup", Time since last: 1000274647 ns, Reaching safepoint: 291790 ns, Cleanup: 51026 ns, At safepoint: 33375 ns, Total: 376191 ns
[2025-04-24T21:18:28.497+0000][1499.179s][debug][safepoint   ] Safepoint synchronization initiated using futex wait barrier. (213 threads)
[2025-04-24T21:18:28.497+0000][1499.179s][info ][safepoint   ] Safepoint "Cleanup", Time since last: 1000183156 ns, Reaching safepoint: 71651 ns, Cleanup: 11695 ns, At safepoint: 6938 ns, Total: 90284 ns
[2025-04-24T21:18:29.497+0000][1500.179s][debug][safepoint   ] Safepoint synchronization initiated using futex wait barrier. (213 threads)
[2025-04-24T21:18:29.497+0000][1500.179s][info ][safepoint   ] Safepoint "Cleanup", Time since last: 1000140305 ns, Reaching safepoint: 89780 ns, Cleanup: 17699 ns, At safepoint: 12720 ns, Total: 120199 ns
[2025-04-24T21:18:31.447+0000][1502.129s][debug][safepoint   ] Safepoint synchronization initiated using futex wait barrier. (213 threads)
[2025-04-24T21:18:31.448+0000][1502.129s][info ][safepoint   ] Safepoint "Cleanup", Time since last: 1949974846 ns, Reaching safepoint: 129644 ns, Cleanup: 43862 ns, At safepoint: 11461 ns, Total: 184967 ns
[2025-04-24T21:18:32.448+0000][1503.129s][debug][safepoint   ] Safepoint synchronization initiated using futex wait barrier. (213 threads)
[2025-04-24T21:18:32.448+0000][1503.129s][info ][safepoint   ] Safepoint "Cleanup", Time since last: 1000095227 ns, Reaching safepoint: 74602 ns, Cleanup: 12175 ns, At safepoint: 3990 ns, Total: 90767 ns
[2025-04-24T21:18:34.448+0000][1505.130s][debug][safepoint   ] Safepoint synchronization initiated using futex wait barrier. (213 threads)
[2025-04-24T21:18:34.448+0000][1505.130s][info ][safepoint   ] Safepoint "Cleanup", Time since last: 2000174150 ns, Reaching safepoint: 100592 ns, Cleanup: 20173 ns, At safepoint: 10588 ns, Total: 131353 ns
[2025-04-24T21:18:35.995+0000][1506.677s][debug][safepoint   ] Safepoint synchronization initiated using futex wait barrier. (229 threads)
[2025-04-24T21:18:35.996+0000][1506.677s][info ][safepoint   ] Safepoint "Cleanup", Time since last: 1546862390 ns, Reaching safepoint: 259500 ns, Cleanup: 235282 ns, At safepoint: 58972 ns, Total: 553754 ns
[2025-04-24T21:18:38.996+0000][1509.677s][debug][safepoint   ] Safepoint synchronization initiated using futex wait barrier. (229 threads)
[2025-04-24T21:18:38.996+0000][1509.678s][info ][safepoint   ] Safepoint "Cleanup", Time since last: 3000428707 ns, Reaching safepoint: 111415 ns, Cleanup: 41219 ns, At safepoint: 11016 ns, Total: 163650 ns
[2025-04-24T21:18:39.996+0000][1510.678s][debug][safepoint   ] Safepoint synchronization initiated using futex wait barrier. (228 threads)
[2025-04-24T21:18:39.997+0000][1510.678s][info ][safepoint   ] Safepoint "Cleanup", Time since last: 1000236162 ns, Reaching safepoint: 291045 ns, Cleanup: 37940 ns, At safepoint: 31017 ns, Total: 360002 ns
[2025-04-24T21:18:40.997+0000][1511.678s][debug][safepoint   ] Safepoint synchronization initiated using futex wait barrier. (228 threads)
[2025-04-24T21:18:40.997+0000][1511.679s][info ][safepoint   ] Safepoint "Cleanup", Time since last: 1000243180 ns, Reaching safepoint: 71153 ns, Cleanup: 25172 ns, At safepoint: 6407 ns, Total: 102732 ns
[2025-04-24T21:18:41.997+0000][1512.679s][debug][safepoint   ] Safepoint synchronization initiated using futex wait barrier. (228 threads)
[2025-04-24T21:18:41.997+0000][1512.679s][info ][safepoint   ] Safepoint "Cleanup", Time since last: 1000176858 ns, Reaching safepoint: 162089 ns, Cleanup: 38101 ns, At safepoint: 18859 ns, Total: 219049 ns
[2025-04-24T21:18:42.998+0000][1513.679s][debug][safepoint   ] Safepoint synchronization initiated using futex wait barrier. (228 threads)
[2025-04-24T21:18:42.998+0000][1513.679s][info ][safepoint   ] Safepoint "Cleanup", Time since last: 1000160442 ns, Reaching safepoint: 232912 ns, Cleanup: 71955 ns, At safepoint: 18863 ns, Total: 323730 ns
[2025-04-24T21:18:44.998+0000][1515.680s][debug][safepoint   ] Safepoint synchronization initiated using futex wait barrier. (228 threads)
[2025-04-24T21:18:44.999+0000][1515.680s][info ][safepoint   ] Safepoint "Cleanup", Time since last: 2000304913 ns, Reaching safepoint: 243224 ns, Cleanup: 48187 ns, At safepoint: 49218 ns, Total: 340629 ns
[2025-04-24T21:18:48.999+0000][1519.681s][debug][safepoint   ] Safepoint synchronization initiated using futex wait barrier. (228 threads)
[2025-04-24T21:18:49.000+0000][1519.681s][info ][safepoint   ] Safepoint "Cleanup", Time since last: 4000674705 ns, Reaching safepoint: 329106 ns, Cleanup: 45913 ns, At safepoint: 28689 ns, Total: 403708 ns
[2025-04-24T21:18:50.000+0000][1520.681s][debug][safepoint   ] Safepoint synchronization initiated using futex wait barrier. (228 threads)
[2025-04-24T21:18:50.000+0000][1520.682s][info ][safepoint   ] Safepoint "Cleanup", Time since last: 1000262047 ns, Reaching safepoint: 218441 ns, Cleanup: 35719 ns, At safepoint: 26176 ns, Total: 280336 ns
[2025-04-24T21:18:51.001+0000][1521.682s][debug][safepoint   ] Safepoint synchronization initiated using futex wait barrier. (228 threads)
[2025-04-24T21:18:51.001+0000][1521.683s][info ][safepoint   ] Safepoint "Cleanup", Time since last: 1000380341 ns, Reaching safepoint: 291690 ns, Cleanup: 64432 ns, At safepoint: 32559 ns, Total: 388681 ns
[2025-04-24T21:18:52.001+0000][1522.683s][debug][safepoint   ] Safepoint synchronization initiated using futex wait barrier. (228 threads)
[2025-04-24T21:18:52.001+0000][1522.683s][info ][safepoint   ] Safepoint "Cleanup", Time since last: 1000218065 ns, Reaching safepoint: 72220 ns, Cleanup: 12479 ns, At safepoint: 5075 ns, Total: 89774 ns
[2025-04-24T21:18:53.001+0000][1523.683s][debug][safepoint   ] Safepoint synchronization initiated using futex wait barrier. (228 threads)
[2025-04-24T21:18:53.001+0000][1523.683s][info ][safepoint   ] Safepoint "Cleanup", Time since last: 1000096927 ns, Reaching safepoint: 83369 ns, Cleanup: 33579 ns, At safepoint: 8739 ns, Total: 125687 ns
[2025-04-24T21:18:54.002+0000][1524.683s][debug][safepoint   ] Safepoint synchronization initiated using futex wait barrier. (228 threads)
[2025-04-24T21:18:54.002+0000][1524.683s][info ][safepoint   ] Safepoint "Cleanup", Time since last: 1000160163 ns, Reaching safepoint: 136815 ns, Cleanup: 33039 ns, At safepoint: 14329 ns, Total: 184183 ns
[2025-04-24T21:18:55.002+0000][1525.684s][debug][safepoint   ] Safepoint synchronization initiated using futex wait barrier. (228 threads)
[2025-04-24T21:18:55.002+0000][1525.684s][info ][safepoint   ] Safepoint "Cleanup", Time since last: 1000127345 ns, Reaching safepoint: 86416 ns, Cleanup: 46489 ns, At safepoint: 7378 ns, Total: 140283 ns
[2025-04-24T21:18:56.002+0000][1526.684s][debug][safepoint   ] Safepoint synchronization initiated using futex wait barrier. (228 threads)
[2025-04-24T21:18:56.003+0000][1526.684s][info ][safepoint   ] Safepoint "Cleanup", Time since last: 1000231371 ns, Reaching safepoint: 233730 ns, Cleanup: 58667 ns, At safepoint: 28012 ns, Total: 320409 ns
[2025-04-24T21:18:57.003+0000][1527.685s][debug][safepoint   ] Safepoint synchronization initiated using futex wait barrier. (228 threads)
[2025-04-24T21:18:57.003+0000][1527.685s][info ][safepoint   ] Safepoint "Cleanup", Time since last: 1000319364 ns, Reaching safepoint: 265137 ns, Cleanup: 77909 ns, At safepoint: 33229 ns, Total: 376275 ns
[2025-04-24T21:18:58.003+0000][1528.685s][debug][safepoint   ] Safepoint synchronization initiated using futex wait barrier. (228 threads)
[2025-04-24T21:18:58.004+0000][1528.685s][info ][safepoint   ] Safepoint "Cleanup", Time since last: 1000148923 ns, Reaching safepoint: 56509 ns, Cleanup: 17081 ns, At safepoint: 5289 ns, Total: 78879 ns
[2025-04-24T21:18:59.004+0000][1529.685s][debug][safepoint   ] Safepoint synchronization initiated using futex wait barrier. (229 threads)
[2025-04-24T21:18:59.004+0000][1529.685s][info ][safepoint   ] Safepoint "Cleanup", Time since last: 1000137574 ns, Reaching safepoint: 67229 ns, Cleanup: 16807 ns, At safepoint: 5024 ns, Total: 89060 ns
[2025-04-24T21:19:00.004+0000][1530.685s][debug][safepoint   ] Safepoint synchronization initiated using futex wait barrier. (229 threads)
[2025-04-24T21:19:00.004+0000][1530.686s][info ][safepoint   ] Safepoint "Cleanup", Time since last: 1000084596 ns, Reaching safepoint: 58257 ns, Cleanup: 14969 ns, At safepoint: 3677 ns, Total: 76903 ns
[2025-04-24T21:19:01.004+0000][1531.686s][debug][safepoint   ] Safepoint synchronization initiated using futex wait barrier. (229 threads)
[2025-04-24T21:19:01.004+0000][1531.686s][info ][safepoint   ] Safepoint "Cleanup", Time since last: 1000076405 ns, Reaching safepoint: 55191 ns, Cleanup: 13530 ns, At safepoint: 4275 ns, Total: 72996 ns
[2025-04-24T21:19:02.004+0000][1532.686s][debug][safepoint   ] Safepoint synchronization initiated using futex wait barrier. (229 threads)
[2025-04-24T21:19:02.004+0000][1532.686s][info ][safepoint   ] Safepoint "Cleanup", Time since last: 1000082416 ns, Reaching safepoint: 59748 ns, Cleanup: 26429 ns, At safepoint: 6091 ns, Total: 92268 ns
[2025-04-24T21:19:03.005+0000][1533.686s][debug][safepoint   ] Safepoint synchronization initiated using futex wait barrier. (229 threads)
[2025-04-24T21:19:03.005+0000][1533.686s][info ][safepoint   ] Safepoint "Cleanup", Time since last: 1000209404 ns, Reaching safepoint: 82841 ns, Cleanup: 16305 ns, At safepoint: 3734 ns, Total: 102880 ns
[2025-04-24T21:19:04.005+0000][1534.686s][debug][safepoint   ] Safepoint synchronization initiated using futex wait barrier. (229 threads)
[2025-04-24T21:19:04.005+0000][1534.686s][info ][safepoint   ] Safepoint "Cleanup", Time since last: 1000252137 ns, Reaching safepoint: 54923 ns, Cleanup: 8409 ns, At safepoint: 4308 ns, Total: 67640 ns
[2025-04-24T21:19:06.005+0000][1536.687s][debug][safepoint   ] Safepoint synchronization initiated using futex wait barrier. (229 threads)
[2025-04-24T21:19:06.005+0000][1536.687s][info ][safepoint   ] Safepoint "Cleanup", Time since last: 2000140180 ns, Reaching safepoint: 81822 ns, Cleanup: 19459 ns, At safepoint: 5534 ns, Total: 106815 ns
[2025-04-24T21:19:09.006+0000][1539.687s][debug][safepoint   ] Safepoint synchronization initiated using futex wait barrier. (229 threads)
[2025-04-24T21:19:09.006+0000][1539.687s][info ][safepoint   ] Safepoint "Cleanup", Time since last: 3000385108 ns, Reaching safepoint: 60737 ns, Cleanup: 18193 ns, At safepoint: 5188 ns, Total: 84118 ns
[2025-04-24T21:19:11.006+0000][1541.687s][debug][safepoint   ] Safepoint synchronization initiated using futex wait barrier. (229 threads)
[2025-04-24T21:19:11.006+0000][1541.688s][info ][safepoint   ] Safepoint "Cleanup", Time since last: 2000288501 ns, Reaching safepoint: 87077 ns, Cleanup: 12384 ns, At safepoint: 4805 ns, Total: 104266 ns
[2025-04-24T21:19:12.006+0000][1542.688s][debug][safepoint   ] Safepoint synchronization initiated using futex wait barrier. (229 threads)
[2025-04-24T21:19:12.006+0000][1542.688s][info ][safepoint   ] Safepoint "Cleanup", Time since last: 1000103948 ns, Reaching safepoint: 121214 ns, Cleanup: 56976 ns, At safepoint: 10664 ns, Total: 188854 ns
[2025-04-24T21:19:13.006+0000][1543.688s][debug][safepoint   ] Safepoint synchronization initiated using futex wait barrier. (229 threads)
[2025-04-24T21:19:13.007+0000][1543.688s][info ][safepoint   ] Safepoint "Cleanup", Time since last: 1000118534 ns, Reaching safepoint: 102378 ns, Cleanup: 15745 ns, At safepoint: 7047 ns, Total: 125170 ns
[2025-04-24T21:19:13.441+0000][1544.122s][debug][safepoint   ] Safepoint synchronization initiated using futex wait barrier. (229 threads)
[2025-04-24T21:19:13.441+0000][1544.123s][info ][gc,start    ] GC(78) Pause Young (Normal) (G1 Evacuation Pause)
[2025-04-24T21:19:13.441+0000][1544.123s][info ][gc,task     ] GC(78) Using 4 workers of 4 for evacuation
[2025-04-24T21:19:13.464+0000][1544.145s][info ][gc,phases   ] GC(78)   Pre Evacuate Collection Set: 0.2ms
[2025-04-24T21:19:13.464+0000][1544.145s][info ][gc,phases   ] GC(78)   Merge Heap Roots: 0.3ms
[2025-04-24T21:19:13.464+0000][1544.145s][info ][gc,phases   ] GC(78)   Evacuate Collection Set: 19.8ms
[2025-04-24T21:19:13.464+0000][1544.145s][info ][gc,phases   ] GC(78)   Post Evacuate Collection Set: 2.0ms
[2025-04-24T21:19:13.464+0000][1544.145s][info ][gc,phases   ] GC(78)   Other: 0.2ms
[2025-04-24T21:19:13.464+0000][1544.145s][info ][gc,heap     ] GC(78) Eden regions: 245->0(241)
[2025-04-24T21:19:13.464+0000][1544.145s][info ][gc,heap     ] GC(78) Survivor regions: 13->15(33)
[2025-04-24T21:19:13.464+0000][1544.145s][info ][gc,heap     ] GC(78) Old regions: 184->184
[2025-04-24T21:19:13.464+0000][1544.145s][info ][gc,heap     ] GC(78) Archive regions: 2->2
[2025-04-24T21:19:13.464+0000][1544.145s][info ][gc,heap     ] GC(78) Humongous regions: 2->2
[2025-04-24T21:19:13.464+0000][1544.145s][info ][gc,metaspace] GC(78) Metaspace: 192726K(194176K)->192726K(194176K) NonClass: 169450K(170176K)->169450K(170176K) Class: 23276K(24000K)->23276K(24000K)
[2025-04-24T21:19:13.464+0000][1544.145s][info ][gc          ] GC(78) Pause Young (Normal) (G1 Evacuation Pause) 444M->200M(511M) 22.647ms
[2025-04-24T21:19:13.464+0000][1544.145s][info ][gc,cpu      ] GC(78) User=0.07s Sys=0.00s Real=0.02s
[2025-04-24T21:19:13.464+0000][1544.146s][info ][safepoint   ] Safepoint "G1CollectForAllocation", Time since last: 434333579 ns, Reaching safepoint: 101760 ns, Cleanup: 7749 ns, At safepoint: 23015362 ns, Total: 23124871 ns
[2025-04-24T21:19:14.464+0000][1545.146s][debug][safepoint   ] Safepoint synchronization initiated using futex wait barrier. (229 threads)
[2025-04-24T21:19:14.464+0000][1545.146s][info ][safepoint   ] Safepoint "Cleanup", Time since last: 1000111290 ns, Reaching safepoint: 97017 ns, Cleanup: 13806 ns, At safepoint: 5826 ns, Total: 116649 ns
[2025-04-24T21:19:15.464+0000][1546.146s][debug][safepoint   ] Safepoint synchronization initiated using futex wait barrier. (229 threads)
[2025-04-24T21:19:15.464+0000][1546.146s][info ][safepoint   ] Safepoint "Cleanup", Time since last: 1000130322 ns, Reaching safepoint: 76528 ns, Cleanup: 15083 ns, At safepoint: 5743 ns, Total: 97354 ns
[2025-04-24T21:19:16.465+0000][1547.146s][debug][safepoint   ] Safepoint synchronization initiated using futex wait barrier. (229 threads)
[2025-04-24T21:19:16.465+0000][1547.146s][info ][safepoint   ] Safepoint "Cleanup", Time since last: 1000100996 ns, Reaching safepoint: 104652 ns, Cleanup: 42236 ns, At safepoint: 12941 ns, Total: 159829 ns
[2025-04-24T21:19:17.465+0000][1548.146s][debug][safepoint   ] Safepoint synchronization initiated using futex wait barrier. (229 threads)
[2025-04-24T21:19:17.465+0000][1548.147s][info ][safepoint   ] Safepoint "Cleanup", Time since last: 1000107637 ns, Reaching safepoint: 75078 ns, Cleanup: 80435 ns, At safepoint: 7744 ns, Total: 163257 ns
[2025-04-24T21:19:18.465+0000][1549.147s][debug][safepoint   ] Safepoint synchronization initiated using futex wait barrier. (229 threads)
[2025-04-24T21:19:18.465+0000][1549.147s][info ][safepoint   ] Safepoint "Cleanup", Time since last: 1000093034 ns, Reaching safepoint: 89331 ns, Cleanup: 16311 ns, At safepoint: 7412 ns, Total: 113054 ns
[2025-04-24T21:19:19.465+0000][1550.147s][debug][safepoint   ] Safepoint synchronization initiated using futex wait barrier. (229 threads)
[2025-04-24T21:19:19.465+0000][1550.147s][info ][safepoint   ] Safepoint "Cleanup", Time since last: 1000097905 ns, Reaching safepoint: 151779 ns, Cleanup: 27504 ns, At safepoint: 9666 ns, Total: 188949 ns
[2025-04-24T21:19:20.466+0000][1551.147s][debug][safepoint   ] Safepoint synchronization initiated using futex wait barrier. (229 threads)
[2025-04-24T21:19:20.466+0000][1551.147s][info ][safepoint   ] Safepoint "Cleanup", Time since last: 1000128874 ns, Reaching safepoint: 55089 ns, Cleanup: 32718 ns, At safepoint: 4807 ns, Total: 92614 ns
[2025-04-24T21:19:21.466+0000][1552.147s][debug][safepoint   ] Safepoint synchronization initiated using futex wait barrier. (229 threads)
[2025-04-24T21:19:21.466+0000][1552.147s][info ][safepoint   ] Safepoint "Cleanup", Time since last: 1000087431 ns, Reaching safepoint: 81844 ns, Cleanup: 13334 ns, At safepoint: 6233 ns, Total: 101411 ns
[2025-04-24T21:19:22.466+0000][1553.148s][debug][safepoint   ] Safepoint synchronization initiated using futex wait barrier. (229 threads)
[2025-04-24T21:19:22.466+0000][1553.148s][info ][safepoint   ] Safepoint "Cleanup", Time since last: 1000205984 ns, Reaching safepoint: 59752 ns, Cleanup: 12072 ns, At safepoint: 4769 ns, Total: 76593 ns
[2025-04-24T21:19:23.466+0000][1554.148s][debug][safepoint   ] Safepoint synchronization initiated using futex wait barrier. (229 threads)
[2025-04-24T21:19:23.466+0000][1554.148s][info ][safepoint   ] Safepoint "Cleanup", Time since last: 1000137255 ns, Reaching safepoint: 92157 ns, Cleanup: 28544 ns, At safepoint: 8693 ns, Total: 129394 ns
[2025-04-24T21:19:24.467+0000][1555.148s][debug][safepoint   ] Safepoint synchronization initiated using futex wait barrier. (229 threads)
[2025-04-24T21:19:24.467+0000][1555.148s][info ][safepoint   ] Safepoint "Cleanup", Time since last: 1000230827 ns, Reaching safepoint: 79012 ns, Cleanup: 22055 ns, At safepoint: 9995 ns, Total: 111062 ns
[2025-04-24T21:19:25.467+0000][1556.149s][debug][safepoint   ] Safepoint synchronization initiated using futex wait barrier. (229 threads)
[2025-04-24T21:19:25.467+0000][1556.149s][info ][safepoint   ] Safepoint "Cleanup", Time since last: 1000404153 ns, Reaching safepoint: 56828 ns, Cleanup: 12410 ns, At safepoint: 4923 ns, Total: 74161 ns
[2025-04-24T21:19:26.467+0000][1557.149s][debug][safepoint   ] Safepoint synchronization initiated using futex wait barrier. (229 threads)
[2025-04-24T21:19:26.468+0000][1557.149s][info ][safepoint   ] Safepoint "Cleanup", Time since last: 1000089577 ns, Reaching safepoint: 118931 ns, Cleanup: 14505 ns, At safepoint: 5876 ns, Total: 139312 ns
[2025-04-24T21:19:27.468+0000][1558.149s][debug][safepoint   ] Safepoint synchronization initiated using futex wait barrier. (229 threads)
[2025-04-24T21:19:27.468+0000][1558.149s][info ][safepoint   ] Safepoint "Cleanup", Time since last: 1000129206 ns, Reaching safepoint: 92936 ns, Cleanup: 12613 ns, At safepoint: 6442 ns, Total: 111991 ns
[2025-04-24T21:19:29.468+0000][1560.150s][debug][safepoint   ] Safepoint synchronization initiated using futex wait barrier. (229 threads)
[2025-04-24T21:19:29.468+0000][1560.150s][info ][safepoint   ] Safepoint "Cleanup", Time since last: 2000220794 ns, Reaching safepoint: 83066 ns, Cleanup: 17567 ns, At safepoint: 6500 ns, Total: 107133 ns
[2025-04-24T21:19:31.483+0000][1562.164s][debug][safepoint   ] Safepoint synchronization initiated using futex wait barrier. (229 threads)
[2025-04-24T21:19:31.483+0000][1562.165s][info ][safepoint   ] Safepoint "Cleanup", Time since last: 2014830423 ns, Reaching safepoint: 279770 ns, Cleanup: 43926 ns, At safepoint: 24872 ns, Total: 348568 ns
[2025-04-24T21:19:32.483+0000][1563.165s][debug][safepoint   ] Safepoint synchronization initiated using futex wait barrier. (229 threads)
[2025-04-24T21:19:32.484+0000][1563.165s][info ][safepoint   ] Safepoint "Cleanup", Time since last: 1000237522 ns, Reaching safepoint: 198665 ns, Cleanup: 26249 ns, At safepoint: 6880 ns, Total: 231794 ns
[2025-04-24T21:19:33.484+0000][1564.165s][debug][safepoint   ] Safepoint synchronization initiated using futex wait barrier. (229 threads)
[2025-04-24T21:19:33.484+0000][1564.166s][info ][safepoint   ] Safepoint "Cleanup", Time since last: 1000110513 ns, Reaching safepoint: 207426 ns, Cleanup: 12358 ns, At safepoint: 7425 ns, Total: 227209 ns
[2025-04-24T21:19:34.484+0000][1565.166s][debug][safepoint   ] Safepoint synchronization initiated using futex wait barrier. (229 threads)
[2025-04-24T21:19:34.484+0000][1565.166s][info ][safepoint   ] Safepoint "Cleanup", Time since last: 1000159084 ns, Reaching safepoint: 198589 ns, Cleanup: 31801 ns, At safepoint: 23563 ns, Total: 253953 ns
[2025-04-24T21:19:35.485+0000][1566.166s][debug][safepoint   ] Safepoint synchronization initiated using futex wait barrier. (229 threads)
[2025-04-24T21:19:35.485+0000][1566.166s][info ][safepoint   ] Safepoint "Cleanup", Time since last: 1000147186 ns, Reaching safepoint: 112851 ns, Cleanup: 14070 ns, At safepoint: 6265 ns, Total: 133186 ns
[2025-04-24T21:19:36.485+0000][1567.166s][debug][safepoint   ] Safepoint synchronization initiated using futex wait barrier. (229 threads)
[2025-04-24T21:19:36.485+0000][1567.167s][info ][safepoint   ] Safepoint "Cleanup", Time since last: 1000105202 ns, Reaching safepoint: 99546 ns, Cleanup: 20614 ns, At safepoint: 7203 ns, Total: 127363 ns
[2025-04-24T21:19:37.485+0000][1568.167s][debug][safepoint   ] Safepoint synchronization initiated using futex wait barrier. (229 threads)
[2025-04-24T21:19:37.485+0000][1568.167s][info ][safepoint   ] Safepoint "Cleanup", Time since last: 1000084105 ns, Reaching safepoint: 72337 ns, Cleanup: 14184 ns, At safepoint: 6266 ns, Total: 92787 ns
[2025-04-24T21:19:38.485+0000][1569.167s][debug][safepoint   ] Safepoint synchronization initiated using futex wait barrier. (229 threads)
[2025-04-24T21:19:38.485+0000][1569.167s][info ][safepoint   ] Safepoint "Cleanup", Time since last: 1000127168 ns, Reaching safepoint: 67321 ns, Cleanup: 13992 ns, At safepoint: 5255 ns, Total: 86568 ns
[2025-04-24T21:19:39.486+0000][1570.167s][debug][safepoint   ] Safepoint synchronization initiated using futex wait barrier. (229 threads)
[2025-04-24T21:19:39.486+0000][1570.167s][info ][safepoint   ] Safepoint "Cleanup", Time since last: 1000129021 ns, Reaching safepoint: 77538 ns, Cleanup: 14779 ns, At safepoint: 5572 ns, Total: 97889 ns
[2025-04-24T21:19:43.486+0000][1574.168s][debug][safepoint   ] Safepoint synchronization initiated using futex wait barrier. (229 threads)
[2025-04-24T21:19:43.487+0000][1574.168s][info ][safepoint   ] Safepoint "Cleanup", Time since last: 4000665276 ns, Reaching safepoint: 257706 ns, Cleanup: 33719 ns, At safepoint: 9893 ns, Total: 301318 ns
[2025-04-24T21:19:44.487+0000][1575.168s][debug][safepoint   ] Safepoint synchronization initiated using futex wait barrier. (229 threads)
[2025-04-24T21:19:44.487+0000][1575.168s][info ][safepoint   ] Safepoint "Cleanup", Time since last: 1000126779 ns, Reaching safepoint: 94880 ns, Cleanup: 14086 ns, At safepoint: 6125 ns, Total: 115091 ns
[2025-04-24T21:19:45.487+0000][1576.168s][debug][safepoint   ] Safepoint synchronization initiated using futex wait barrier. (229 threads)
[2025-04-24T21:19:45.487+0000][1576.169s][info ][safepoint   ] Safepoint "Cleanup", Time since last: 1000085881 ns, Reaching safepoint: 85267 ns, Cleanup: 62848 ns, At safepoint: 7956 ns, Total: 156071 ns
[2025-04-24T21:19:46.487+0000][1577.169s][debug][safepoint   ] Safepoint synchronization initiated using futex wait barrier. (229 threads)
[2025-04-24T21:19:46.487+0000][1577.169s][info ][safepoint   ] Safepoint "Cleanup", Time since last: 1000089987 ns, Reaching safepoint: 127748 ns, Cleanup: 20754 ns, At safepoint: 5778 ns, Total: 154280 ns
[2025-04-24T21:19:47.487+0000][1578.169s][debug][safepoint   ] Safepoint synchronization initiated using futex wait barrier. (229 threads)
[2025-04-24T21:19:47.488+0000][1578.169s][info ][safepoint   ] Safepoint "Cleanup", Time since last: 1000198195 ns, Reaching safepoint: 96940 ns, Cleanup: 35498 ns, At safepoint: 9469 ns, Total: 141907 ns
[2025-04-24T21:19:48.488+0000][1579.169s][debug][safepoint   ] Safepoint synchronization initiated using futex wait barrier. (229 threads)
[2025-04-24T21:19:48.488+0000][1579.170s][info ][safepoint   ] Safepoint "Cleanup", Time since last: 1000244777 ns, Reaching safepoint: 55687 ns, Cleanup: 15520 ns, At safepoint: 3967 ns, Total: 75174 ns
[2025-04-24T21:19:49.488+0000][1580.170s][debug][safepoint   ] Safepoint synchronization initiated using futex wait barrier. (229 threads)
[2025-04-24T21:19:49.488+0000][1580.170s][info ][safepoint   ] Safepoint "Cleanup", Time since last: 1000079872 ns, Reaching safepoint: 57241 ns, Cleanup: 8275 ns, At safepoint: 3553 ns, Total: 69069 ns
[2025-04-24T21:19:50.488+0000][1581.170s][debug][safepoint   ] Safepoint synchronization initiated using futex wait barrier. (229 threads)
[2025-04-24T21:19:50.488+0000][1581.170s][info ][safepoint   ] Safepoint "Cleanup", Time since last: 1000206999 ns, Reaching safepoint: 61113 ns, Cleanup: 13957 ns, At safepoint: 6660 ns, Total: 81730 ns
[2025-04-24T21:19:51.488+0000][1582.170s][debug][safepoint   ] Safepoint synchronization initiated using futex wait barrier. (229 threads)
[2025-04-24T21:19:51.489+0000][1582.171s][info ][safepoint   ] Safepoint "Cleanup", Time since last: 1000099253 ns, Reaching safepoint: 727643 ns, Cleanup: 19284 ns, At safepoint: 6673 ns, Total: 753600 ns
[2025-04-24T21:19:52.490+0000][1583.171s][debug][safepoint   ] Safepoint synchronization initiated using futex wait barrier. (229 threads)
[2025-04-24T21:19:52.490+0000][1583.171s][info ][safepoint   ] Safepoint "Cleanup", Time since last: 1000561533 ns, Reaching safepoint: 70289 ns, Cleanup: 16672 ns, At safepoint: 4952 ns, Total: 91913 ns
[2025-04-24T21:19:53.490+0000][1584.172s][debug][safepoint   ] Safepoint synchronization initiated using futex wait barrier. (229 threads)
[2025-04-24T21:19:53.490+0000][1584.172s][info ][safepoint   ] Safepoint "Cleanup", Time since last: 1000120769 ns, Reaching safepoint: 60879 ns, Cleanup: 9083 ns, At safepoint: 4948 ns, Total: 74910 ns
[2025-04-24T21:19:56.490+0000][1587.172s][debug][safepoint   ] Safepoint synchronization initiated using futex wait barrier. (229 threads)
[2025-04-24T21:19:56.491+0000][1587.172s][info ][safepoint   ] Safepoint "Cleanup", Time since last: 3000266211 ns, Reaching safepoint: 187362 ns, Cleanup: 44221 ns, At safepoint: 14112 ns, Total: 245695 ns
[2025-04-24T21:19:57.491+0000][1588.172s][debug][safepoint   ] Safepoint synchronization initiated using futex wait barrier. (229 threads)
[2025-04-24T21:19:57.491+0000][1588.172s][info ][safepoint   ] Safepoint "Cleanup", Time since last: 1000175702 ns, Reaching safepoint: 119732 ns, Cleanup: 23831 ns, At safepoint: 11114 ns, Total: 154677 ns
[2025-04-24T21:19:58.491+0000][1589.173s][debug][safepoint   ] Safepoint synchronization initiated using futex wait barrier. (229 threads)
[2025-04-24T21:19:58.491+0000][1589.173s][info ][safepoint   ] Safepoint "Cleanup", Time since last: 1000100394 ns, Reaching safepoint: 151966 ns, Cleanup: 10040 ns, At safepoint: 10939 ns, Total: 172945 ns
[2025-04-24T21:19:59.491+0000][1590.173s][debug][safepoint   ] Safepoint synchronization initiated using futex wait barrier. (229 threads)
[2025-04-24T21:19:59.491+0000][1590.173s][info ][safepoint   ] Safepoint "Cleanup", Time since last: 1000093065 ns, Reaching safepoint: 78713 ns, Cleanup: 22853 ns, At safepoint: 5556 ns, Total: 107122 ns
[2025-04-24T21:20:01.492+0000][1592.173s][debug][safepoint   ] Safepoint synchronization initiated using futex wait barrier. (229 threads)
[2025-04-24T21:20:01.492+0000][1592.173s][info ][safepoint   ] Safepoint "Cleanup", Time since last: 2000227620 ns, Reaching safepoint: 144492 ns, Cleanup: 18526 ns, At safepoint: 12637 ns, Total: 175655 ns
[2025-04-24T21:20:02.492+0000][1593.174s][debug][safepoint   ] Safepoint synchronization initiated using futex wait barrier. (229 threads)
[2025-04-24T21:20:02.492+0000][1593.174s][info ][safepoint   ] Safepoint "Cleanup", Time since last: 1000178023 ns, Reaching safepoint: 100160 ns, Cleanup: 15258 ns, At safepoint: 6287 ns, Total: 121705 ns
[2025-04-24T21:20:04.492+0000][1595.174s][debug][safepoint   ] Safepoint synchronization initiated using futex wait barrier. (229 threads)
[2025-04-24T21:20:04.492+0000][1595.174s][info ][safepoint   ] Safepoint "Cleanup", Time since last: 2000246663 ns, Reaching safepoint: 75464 ns, Cleanup: 13554 ns, At safepoint: 5248 ns, Total: 94266 ns
[2025-04-24T21:20:05.493+0000][1596.174s][debug][safepoint   ] Safepoint synchronization initiated using futex wait barrier. (229 threads)
[2025-04-24T21:20:05.493+0000][1596.174s][info ][safepoint   ] Safepoint "Cleanup", Time since last: 1000100833 ns, Reaching safepoint: 171672 ns, Cleanup: 24459 ns, At safepoint: 7721 ns, Total: 203852 ns
[2025-04-24T21:20:07.493+0000][1598.175s][debug][safepoint   ] Safepoint synchronization initiated using futex wait barrier. (229 threads)
[2025-04-24T21:20:07.493+0000][1598.175s][info ][safepoint   ] Safepoint "Cleanup", Time since last: 2000207322 ns, Reaching safepoint: 70084 ns, Cleanup: 18531 ns, At safepoint: 5407 ns, Total: 94022 ns
[2025-04-24T21:20:08.493+0000][1599.175s][debug][safepoint   ] Safepoint synchronization initiated using futex wait barrier. (229 threads)
[2025-04-24T21:20:08.493+0000][1599.175s][info ][safepoint   ] Safepoint "Cleanup", Time since last: 1000124350 ns, Reaching safepoint: 115615 ns, Cleanup: 29831 ns, At safepoint: 6720 ns, Total: 152166 ns
[2025-04-24T21:20:11.494+0000][1602.175s][debug][safepoint   ] Safepoint synchronization initiated using futex wait barrier. (229 threads)
[2025-04-24T21:20:11.494+0000][1602.175s][info ][safepoint   ] Safepoint "Cleanup", Time since last: 3000336761 ns, Reaching safepoint: 97498 ns, Cleanup: 11774 ns, At safepoint: 5882 ns, Total: 115154 ns
[2025-04-24T21:20:12.494+0000][1603.175s][debug][safepoint   ] Safepoint synchronization initiated using futex wait barrier. (229 threads)
[2025-04-24T21:20:12.494+0000][1603.176s][info ][safepoint   ] Safepoint "Cleanup", Time since last: 1000131062 ns, Reaching safepoint: 83461 ns, Cleanup: 13899 ns, At safepoint: 6901 ns, Total: 104261 ns
[2025-04-24T21:20:13.494+0000][1604.176s][debug][safepoint   ] Safepoint synchronization initiated using futex wait barrier. (229 threads)
[2025-04-24T21:20:13.494+0000][1604.176s][info ][safepoint   ] Safepoint "Cleanup", Time since last: 1000146763 ns, Reaching safepoint: 76996 ns, Cleanup: 38274 ns, At safepoint: 5321 ns, Total: 120591 ns
[2025-04-24T21:20:14.494+0000][1605.176s][debug][safepoint   ] Safepoint synchronization initiated using futex wait barrier. (229 threads)
[2025-04-24T21:20:14.495+0000][1605.176s][info ][safepoint   ] Safepoint "Cleanup", Time since last: 1000122499 ns, Reaching safepoint: 61871 ns, Cleanup: 28886 ns, At safepoint: 5483 ns, Total: 96240 ns
[2025-04-24T21:20:15.495+0000][1606.176s][debug][safepoint   ] Safepoint synchronization initiated using futex wait barrier. (230 threads)
[2025-04-24T21:20:15.495+0000][1606.176s][info ][safepoint   ] Safepoint "Cleanup", Time since last: 1000124467 ns, Reaching safepoint: 106015 ns, Cleanup: 61482 ns, At safepoint: 7859 ns, Total: 175356 ns
[2025-04-24T21:20:16.495+0000][1607.176s][debug][safepoint   ] Safepoint synchronization initiated using futex wait barrier. (230 threads)
[2025-04-24T21:20:16.495+0000][1607.177s][info ][safepoint   ] Safepoint "Cleanup", Time since last: 1000101639 ns, Reaching safepoint: 81359 ns, Cleanup: 13817 ns, At safepoint: 8193 ns, Total: 103369 ns
[2025-04-24T21:20:17.495+0000][1608.177s][debug][safepoint   ] Safepoint synchronization initiated using futex wait barrier. (230 threads)
[2025-04-24T21:20:17.495+0000][1608.177s][info ][safepoint   ] Safepoint "Cleanup", Time since last: 1000115883 ns, Reaching safepoint: 87103 ns, Cleanup: 27379 ns, At safepoint: 6278 ns, Total: 120760 ns
[2025-04-24T21:20:18.495+0000][1609.177s][debug][safepoint   ] Safepoint synchronization initiated using futex wait barrier. (230 threads)
[2025-04-24T21:20:18.495+0000][1609.177s][info ][safepoint   ] Safepoint "Cleanup", Time since last: 1000109742 ns, Reaching safepoint: 92312 ns, Cleanup: 13905 ns, At safepoint: 6900 ns, Total: 113117 ns
[2025-04-24T21:20:19.496+0000][1610.177s][debug][safepoint   ] Safepoint synchronization initiated using futex wait barrier. (230 threads)
[2025-04-24T21:20:19.496+0000][1610.177s][info ][safepoint   ] Safepoint "Cleanup", Time since last: 1000112845 ns, Reaching safepoint: 122986 ns, Cleanup: 32646 ns, At safepoint: 8092 ns, Total: 163724 ns
[2025-04-24T21:20:20.496+0000][1611.177s][debug][safepoint   ] Safepoint synchronization initiated using futex wait barrier. (230 threads)
[2025-04-24T21:20:20.496+0000][1611.178s][info ][safepoint   ] Safepoint "Cleanup", Time since last: 1000148759 ns, Reaching safepoint: 63374 ns, Cleanup: 13696 ns, At safepoint: 4887 ns, Total: 81957 ns
[2025-04-24T21:20:22.496+0000][1613.178s][debug][safepoint   ] Safepoint synchronization initiated using futex wait barrier. (230 threads)
[2025-04-24T21:20:22.496+0000][1613.178s][info ][safepoint   ] Safepoint "Cleanup", Time since last: 2000196752 ns, Reaching safepoint: 61678 ns, Cleanup: 16859 ns, At safepoint: 4337 ns, Total: 82874 ns
[2025-04-24T21:20:23.496+0000][1614.178s][debug][safepoint   ] Safepoint synchronization initiated using futex wait barrier. (232 threads)
[2025-04-24T21:20:23.496+0000][1614.178s][info ][safepoint   ] Safepoint "Cleanup", Time since last: 1000088671 ns, Reaching safepoint: 101034 ns, Cleanup: 16143 ns, At safepoint: 6621 ns, Total: 123798 ns
[2025-04-24T21:20:26.497+0000][1617.178s][debug][safepoint   ] Safepoint synchronization initiated using futex wait barrier. (232 threads)
[2025-04-24T21:20:26.497+0000][1617.179s][info ][safepoint   ] Safepoint "Cleanup", Time since last: 3000376449 ns, Reaching safepoint: 89883 ns, Cleanup: 11765 ns, At safepoint: 8323 ns, Total: 109971 ns
[2025-04-24T21:20:27.497+0000][1618.179s][debug][safepoint   ] Safepoint synchronization initiated using futex wait barrier. (232 threads)
[2025-04-24T21:20:27.497+0000][1618.179s][info ][safepoint   ] Safepoint "Cleanup", Time since last: 1000116600 ns, Reaching safepoint: 65285 ns, Cleanup: 14708 ns, At safepoint: 5271 ns, Total: 85264 ns
[2025-04-24T21:20:29.497+0000][1620.179s][debug][safepoint   ] Safepoint synchronization initiated using futex wait barrier. (232 threads)
[2025-04-24T21:20:29.498+0000][1620.179s][info ][safepoint   ] Safepoint "Cleanup", Time since last: 2000241147 ns, Reaching safepoint: 112207 ns, Cleanup: 14292 ns, At safepoint: 10818 ns, Total: 137317 ns
[2025-04-24T21:20:30.658+0000][1621.340s][debug][safepoint   ] Safepoint synchronization initiated using futex wait barrier. (232 threads)
[2025-04-24T21:20:30.658+0000][1621.340s][info ][safepoint   ] Safepoint "Cleanup", Time since last: 1160814229 ns, Reaching safepoint: 115408 ns, Cleanup: 9791 ns, At safepoint: 12199 ns, Total: 137398 ns
[2025-04-24T21:20:31.659+0000][1622.340s][debug][safepoint   ] Safepoint synchronization initiated using futex wait barrier. (232 threads)
[2025-04-24T21:20:31.659+0000][1622.340s][info ][safepoint   ] Safepoint "Cleanup", Time since last: 1000133620 ns, Reaching safepoint: 87805 ns, Cleanup: 72908 ns, At safepoint: 6268 ns, Total: 166981 ns
[2025-04-24T21:20:32.659+0000][1623.340s][debug][safepoint   ] Safepoint synchronization initiated using futex wait barrier. (232 threads)
[2025-04-24T21:20:32.660+0000][1623.341s][info ][safepoint   ] Safepoint "Cleanup", Time since last: 1000117825 ns, Reaching safepoint: 593120 ns, Cleanup: 23380 ns, At safepoint: 17332 ns, Total: 633832 ns
[2025-04-24T21:20:34.661+0000][1625.343s][debug][safepoint   ] Safepoint synchronization initiated using futex wait barrier. (232 threads)
[2025-04-24T21:20:34.662+0000][1625.343s][info ][safepoint   ] Safepoint "Cleanup", Time since last: 2001946080 ns, Reaching safepoint: 87740 ns, Cleanup: 25405 ns, At safepoint: 7683 ns, Total: 120828 ns
[2025-04-24T21:20:35.662+0000][1626.343s][debug][safepoint   ] Safepoint synchronization initiated using futex wait barrier. (232 threads)
[2025-04-24T21:20:35.662+0000][1626.343s][info ][safepoint   ] Safepoint "Cleanup", Time since last: 1000124678 ns, Reaching safepoint: 117901 ns, Cleanup: 43653 ns, At safepoint: 12917 ns, Total: 174471 ns
[2025-04-24T21:20:36.664+0000][1627.345s][debug][safepoint   ] Safepoint synchronization initiated using futex wait barrier. (231 threads)
[2025-04-24T21:20:36.664+0000][1627.345s][info ][safepoint   ] Safepoint "Cleanup", Time since last: 1001860385 ns, Reaching safepoint: 93794 ns, Cleanup: 58785 ns, At safepoint: 9307 ns, Total: 161886 ns
[2025-04-24T21:20:37.792+0000][1628.473s][debug][safepoint   ] Safepoint synchronization initiated using futex wait barrier. (231 threads)
[2025-04-24T21:20:37.792+0000][1628.474s][info ][safepoint   ] Safepoint "Cleanup", Time since last: 1127881233 ns, Reaching safepoint: 269897 ns, Cleanup: 162749 ns, At safepoint: 22397 ns, Total: 455043 ns
[2025-04-24T21:20:38.792+0000][1629.474s][debug][safepoint   ] Safepoint synchronization initiated using futex wait barrier. (231 threads)
[2025-04-24T21:20:38.792+0000][1629.474s][info ][safepoint   ] Safepoint "Cleanup", Time since last: 1000096873 ns, Reaching safepoint: 81967 ns, Cleanup: 17880 ns, At safepoint: 7063 ns, Total: 106910 ns
[2025-04-24T21:20:39.793+0000][1630.474s][debug][safepoint   ] Safepoint synchronization initiated using futex wait barrier. (231 threads)
[2025-04-24T21:20:39.793+0000][1630.474s][info ][safepoint   ] Safepoint "Cleanup", Time since last: 1000156707 ns, Reaching safepoint: 145866 ns, Cleanup: 20693 ns, At safepoint: 15936 ns, Total: 182495 ns
[2025-04-24T21:20:40.793+0000][1631.475s][debug][safepoint   ] Safepoint synchronization initiated using futex wait barrier. (231 threads)
[2025-04-24T21:20:40.793+0000][1631.475s][info ][safepoint   ] Safepoint "Cleanup", Time since last: 1000213716 ns, Reaching safepoint: 267886 ns, Cleanup: 74954 ns, At safepoint: 29926 ns, Total: 372766 ns
[2025-04-24T21:20:41.794+0000][1632.475s][debug][safepoint   ] Safepoint synchronization initiated using futex wait barrier. (231 threads)
[2025-04-24T21:20:41.794+0000][1632.475s][info ][safepoint   ] Safepoint "Cleanup", Time since last: 1000163434 ns, Reaching safepoint: 135153 ns, Cleanup: 14023 ns, At safepoint: 7603 ns, Total: 156779 ns
[2025-04-24T21:20:43.794+0000][1634.475s][debug][safepoint   ] Safepoint synchronization initiated using futex wait barrier. (231 threads)
[2025-04-24T21:20:43.794+0000][1634.476s][info ][safepoint   ] Safepoint "Cleanup", Time since last: 2000148347 ns, Reaching safepoint: 76949 ns, Cleanup: 20524 ns, At safepoint: 4901 ns, Total: 102374 ns
[2025-04-24T21:20:44.794+0000][1635.476s][debug][safepoint   ] Safepoint synchronization initiated using futex wait barrier. (231 threads)
[2025-04-24T21:20:44.794+0000][1635.476s][info ][safepoint   ] Safepoint "Cleanup", Time since last: 1000086812 ns, Reaching safepoint: 85323 ns, Cleanup: 26948 ns, At safepoint: 6330 ns, Total: 118601 ns
[2025-04-24T21:20:45.794+0000][1636.476s][debug][safepoint   ] Safepoint synchronization initiated using futex wait barrier. (231 threads)
[2025-04-24T21:20:45.794+0000][1636.476s][info ][safepoint   ] Safepoint "Cleanup", Time since last: 1000212148 ns, Reaching safepoint: 47552 ns, Cleanup: 11928 ns, At safepoint: 4984 ns, Total: 64464 ns
[2025-04-24T21:20:46.795+0000][1637.476s][debug][safepoint   ] Safepoint synchronization initiated using futex wait barrier. (231 threads)
[2025-04-24T21:20:46.795+0000][1637.476s][info ][safepoint   ] Safepoint "Cleanup", Time since last: 1000081175 ns, Reaching safepoint: 64781 ns, Cleanup: 16775 ns, At safepoint: 4837 ns, Total: 86393 ns
[2025-04-24T21:20:47.795+0000][1638.476s][debug][safepoint   ] Safepoint synchronization initiated using futex wait barrier. (231 threads)
[2025-04-24T21:20:47.795+0000][1638.476s][info ][safepoint   ] Safepoint "Cleanup", Time since last: 1000089454 ns, Reaching safepoint: 73282 ns, Cleanup: 13161 ns, At safepoint: 5856 ns, Total: 92299 ns
[2025-04-24T21:20:48.795+0000][1639.476s][debug][safepoint   ] Safepoint synchronization initiated using futex wait barrier. (231 threads)
[2025-04-24T21:20:48.795+0000][1639.477s][info ][safepoint   ] Safepoint "Cleanup", Time since last: 1000088117 ns, Reaching safepoint: 78324 ns, Cleanup: 13978 ns, At safepoint: 7011 ns, Total: 99313 ns
[2025-04-24T21:20:52.795+0000][1643.477s][debug][safepoint   ] Safepoint synchronization initiated using futex wait barrier. (231 threads)
[2025-04-24T21:20:52.796+0000][1643.477s][info ][safepoint   ] Safepoint "Cleanup", Time since last: 4000485811 ns, Reaching safepoint: 313293 ns, Cleanup: 31310 ns, At safepoint: 22537 ns, Total: 367140 ns
[2025-04-24T21:20:54.796+0000][1645.478s][debug][safepoint   ] Safepoint synchronization initiated using futex wait barrier. (231 threads)
[2025-04-24T21:20:54.796+0000][1645.478s][info ][safepoint   ] Safepoint "Cleanup", Time since last: 2000260303 ns, Reaching safepoint: 136962 ns, Cleanup: 54352 ns, At safepoint: 18789 ns, Total: 210103 ns
[2025-04-24T21:20:55.796+0000][1646.478s][debug][safepoint   ] Safepoint synchronization initiated using futex wait barrier. (231 threads)
[2025-04-24T21:20:55.797+0000][1646.478s][info ][safepoint   ] Safepoint "Cleanup", Time since last: 1000167932 ns, Reaching safepoint: 105849 ns, Cleanup: 17338 ns, At safepoint: 8575 ns, Total: 131762 ns
[2025-04-24T21:20:57.391+0000][1648.072s][debug][safepoint   ] Safepoint synchronization initiated using futex wait barrier. (231 threads)
[2025-04-24T21:20:57.391+0000][1648.072s][info ][safepoint   ] Safepoint "Cleanup", Time since last: 1593895817 ns, Reaching safepoint: 113600 ns, Cleanup: 49041 ns, At safepoint: 11146 ns, Total: 173787 ns
[2025-04-24T21:20:58.391+0000][1649.072s][debug][safepoint   ] Safepoint synchronization initiated using futex wait barrier. (231 threads)
[2025-04-24T21:20:58.391+0000][1649.072s][info ][safepoint   ] Safepoint "Cleanup", Time since last: 1000112532 ns, Reaching safepoint: 75282 ns, Cleanup: 16566 ns, At safepoint: 5233 ns, Total: 97081 ns
[2025-04-24T21:20:59.391+0000][1650.073s][debug][safepoint   ] Safepoint synchronization initiated using futex wait barrier. (231 threads)
[2025-04-24T21:20:59.391+0000][1650.073s][info ][safepoint   ] Safepoint "Cleanup", Time since last: 1000092693 ns, Reaching safepoint: 106853 ns, Cleanup: 14426 ns, At safepoint: 14387 ns, Total: 135666 ns
[2025-04-24T21:21:01.391+0000][1652.073s][debug][safepoint   ] Safepoint synchronization initiated using futex wait barrier. (231 threads)
[2025-04-24T21:21:01.391+0000][1652.073s][info ][safepoint   ] Safepoint "Cleanup", Time since last: 2000147882 ns, Reaching safepoint: 65098 ns, Cleanup: 29523 ns, At safepoint: 5279 ns, Total: 99900 ns
[2025-04-24T21:21:02.392+0000][1653.073s][debug][safepoint   ] Safepoint synchronization initiated using futex wait barrier. (231 threads)
[2025-04-24T21:21:02.392+0000][1653.073s][info ][safepoint   ] Safepoint "Cleanup", Time since last: 1000134266 ns, Reaching safepoint: 277497 ns, Cleanup: 32163 ns, At safepoint: 10977 ns, Total: 320637 ns
[2025-04-24T21:21:03.392+0000][1654.074s][debug][safepoint   ] Safepoint synchronization initiated using futex wait barrier. (231 threads)
[2025-04-24T21:21:03.392+0000][1654.074s][info ][safepoint   ] Safepoint "Cleanup", Time since last: 1000122329 ns, Reaching safepoint: 100174 ns, Cleanup: 25132 ns, At safepoint: 11143 ns, Total: 136449 ns
[2025-04-24T21:21:04.392+0000][1655.074s][debug][safepoint   ] Safepoint synchronization initiated using futex wait barrier. (231 threads)
[2025-04-24T21:21:04.392+0000][1655.074s][info ][safepoint   ] Safepoint "Cleanup", Time since last: 1000146102 ns, Reaching safepoint: 76706 ns, Cleanup: 19525 ns, At safepoint: 6685 ns, Total: 102916 ns
[2025-04-24T21:21:05.392+0000][1656.074s][debug][safepoint   ] Safepoint synchronization initiated using futex wait barrier. (231 threads)
[2025-04-24T21:21:05.393+0000][1656.074s][info ][safepoint   ] Safepoint "Cleanup", Time since last: 1000124557 ns, Reaching safepoint: 75405 ns, Cleanup: 13121 ns, At safepoint: 6773 ns, Total: 95299 ns
[2025-04-24T21:21:06.393+0000][1657.074s][debug][safepoint   ] Safepoint synchronization initiated using futex wait barrier. (231 threads)
[2025-04-24T21:21:06.393+0000][1657.074s][info ][safepoint   ] Safepoint "Cleanup", Time since last: 1000099442 ns, Reaching safepoint: 89523 ns, Cleanup: 13326 ns, At safepoint: 6712 ns, Total: 109561 ns
[2025-04-24T21:21:09.393+0000][1660.075s][debug][safepoint   ] Safepoint synchronization initiated using futex wait barrier. (231 threads)
[2025-04-24T21:21:09.393+0000][1660.075s][info ][safepoint   ] Safepoint "Cleanup", Time since last: 3000222409 ns, Reaching safepoint: 97419 ns, Cleanup: 13731 ns, At safepoint: 7010 ns, Total: 118160 ns
[2025-04-24T21:21:10.393+0000][1661.075s][debug][safepoint   ] Safepoint synchronization initiated using futex wait barrier. (231 threads)
[2025-04-24T21:21:10.393+0000][1661.075s][info ][safepoint   ] Safepoint "Cleanup", Time since last: 1000092115 ns, Reaching safepoint: 93141 ns, Cleanup: 44654 ns, At safepoint: 8137 ns, Total: 145932 ns
[2025-04-24T21:21:11.393+0000][1662.075s][debug][safepoint   ] Safepoint synchronization initiated using futex wait barrier. (231 threads)
[2025-04-24T21:21:11.394+0000][1662.075s][info ][safepoint   ] Safepoint "Cleanup", Time since last: 1000123581 ns, Reaching safepoint: 70156 ns, Cleanup: 19050 ns, At safepoint: 5809 ns, Total: 95015 ns
[2025-04-24T21:21:11.843+0000][1662.524s][debug][safepoint   ] Safepoint synchronization initiated using futex wait barrier. (231 threads)
[2025-04-24T21:21:11.843+0000][1662.524s][info ][gc,start    ] GC(79) Pause Young (Normal) (G1 Evacuation Pause)
[2025-04-24T21:21:11.843+0000][1662.525s][info ][gc,task     ] GC(79) Using 4 workers of 4 for evacuation
[2025-04-24T21:21:11.876+0000][1662.558s][info ][gc,phases   ] GC(79)   Pre Evacuate Collection Set: 0.2ms
[2025-04-24T21:21:11.876+0000][1662.558s][info ][gc,phases   ] GC(79)   Merge Heap Roots: 0.2ms
[2025-04-24T21:21:11.876+0000][1662.558s][info ][gc,phases   ] GC(79)   Evacuate Collection Set: 28.3ms
[2025-04-24T21:21:11.876+0000][1662.558s][info ][gc,phases   ] GC(79)   Post Evacuate Collection Set: 4.2ms
[2025-04-24T21:21:11.876+0000][1662.558s][info ][gc,phases   ] GC(79)   Other: 0.3ms
[2025-04-24T21:21:11.877+0000][1662.558s][info ][gc,heap     ] GC(79) Eden regions: 241->0(241)
[2025-04-24T21:21:11.877+0000][1662.558s][info ][gc,heap     ] GC(79) Survivor regions: 15->15(32)
[2025-04-24T21:21:11.877+0000][1662.558s][info ][gc,heap     ] GC(79) Old regions: 184->184
[2025-04-24T21:21:11.877+0000][1662.558s][info ][gc,heap     ] GC(79) Archive regions: 2->2
[2025-04-24T21:21:11.877+0000][1662.558s][info ][gc,heap     ] GC(79) Humongous regions: 3->2
[2025-04-24T21:21:11.877+0000][1662.558s][info ][gc,metaspace] GC(79) Metaspace: 194181K(195648K)->194181K(195648K) NonClass: 170871K(171584K)->170871K(171584K) Class: 23309K(24064K)->23309K(24064K)
[2025-04-24T21:21:11.877+0000][1662.558s][info ][gc          ] GC(79) Pause Young (Normal) (G1 Evacuation Pause) 442M->200M(511M) 33.794ms
[2025-04-24T21:21:11.877+0000][1662.558s][info ][gc,cpu      ] GC(79) User=0.09s Sys=0.01s Real=0.03s
[2025-04-24T21:21:11.878+0000][1662.559s][info ][safepoint   ] Safepoint "G1CollectForAllocation", Time since last: 449217710 ns, Reaching safepoint: 70796 ns, Cleanup: 13195 ns, At safepoint: 34890585 ns, Total: 34974576 ns
[2025-04-24T21:21:12.878+0000][1663.559s][debug][safepoint   ] Safepoint synchronization initiated using futex wait barrier. (231 threads)
[2025-04-24T21:21:12.878+0000][1663.560s][info ][safepoint   ] Safepoint "Cleanup", Time since last: 1000150009 ns, Reaching safepoint: 62713 ns, Cleanup: 19274 ns, At safepoint: 5305 ns, Total: 87292 ns
[2025-04-24T21:21:13.878+0000][1664.560s][debug][safepoint   ] Safepoint synchronization initiated using futex wait barrier. (231 threads)
[2025-04-24T21:21:13.878+0000][1664.560s][info ][safepoint   ] Safepoint "Cleanup", Time since last: 1000094816 ns, Reaching safepoint: 115567 ns, Cleanup: 15928 ns, At safepoint: 8109 ns, Total: 139604 ns
[2025-04-24T21:21:14.879+0000][1665.560s][debug][safepoint   ] Safepoint synchronization initiated using futex wait barrier. (231 threads)
[2025-04-24T21:21:14.879+0000][1665.560s][info ][safepoint   ] Safepoint "Cleanup", Time since last: 1000256975 ns, Reaching safepoint: 317022 ns, Cleanup: 49979 ns, At safepoint: 37139 ns, Total: 404140 ns
[2025-04-24T21:21:15.879+0000][1666.561s][debug][safepoint   ] Safepoint synchronization initiated using futex wait barrier. (231 threads)
[2025-04-24T21:21:15.879+0000][1666.561s][info ][safepoint   ] Safepoint "Cleanup", Time since last: 1000255691 ns, Reaching safepoint: 108895 ns, Cleanup: 15671 ns, At safepoint: 9524 ns, Total: 134090 ns
[2025-04-24T21:21:16.879+0000][1667.561s][debug][safepoint   ] Safepoint synchronization initiated using futex wait barrier. (231 threads)
[2025-04-24T21:21:16.879+0000][1667.561s][info ][safepoint   ] Safepoint "Cleanup", Time since last: 1000129297 ns, Reaching safepoint: 52530 ns, Cleanup: 25077 ns, At safepoint: 4855 ns, Total: 82462 ns
[2025-04-24T21:21:17.880+0000][1668.561s][debug][safepoint   ] Safepoint synchronization initiated using futex wait barrier. (231 threads)
[2025-04-24T21:21:17.880+0000][1668.561s][info ][safepoint   ] Safepoint "Cleanup", Time since last: 1000089387 ns, Reaching safepoint: 90924 ns, Cleanup: 17845 ns, At safepoint: 16412 ns, Total: 125181 ns
[2025-04-24T21:21:22.880+0000][1673.562s][debug][safepoint   ] Safepoint synchronization initiated using futex wait barrier. (231 threads)
[2025-04-24T21:21:22.880+0000][1673.562s][info ][safepoint   ] Safepoint "Cleanup", Time since last: 5000588767 ns, Reaching safepoint: 99217 ns, Cleanup: 22373 ns, At safepoint: 7196 ns, Total: 128786 ns
[2025-04-24T21:21:23.881+0000][1674.562s][debug][safepoint   ] Safepoint synchronization initiated using futex wait barrier. (231 threads)
[2025-04-24T21:21:23.881+0000][1674.562s][info ][safepoint   ] Safepoint "Cleanup", Time since last: 1000107178 ns, Reaching safepoint: 121262 ns, Cleanup: 28464 ns, At safepoint: 5784 ns, Total: 155510 ns
[2025-04-24T21:21:25.881+0000][1676.562s][debug][safepoint   ] Safepoint synchronization initiated using futex wait barrier. (231 threads)
[2025-04-24T21:21:25.881+0000][1676.563s][info ][safepoint   ] Safepoint "Cleanup", Time since last: 2000249498 ns, Reaching safepoint: 129114 ns, Cleanup: 23926 ns, At safepoint: 13419 ns, Total: 166459 ns
[2025-04-24T21:21:33.556+0000][1684.238s][debug][safepoint   ] Safepoint synchronization initiated using futex wait barrier. (231 threads)
[2025-04-24T21:21:33.557+0000][1684.238s][info ][safepoint   ] Safepoint "Cleanup", Time since last: 7675167762 ns, Reaching safepoint: 217399 ns, Cleanup: 30534 ns, At safepoint: 52290 ns, Total: 300223 ns
[2025-04-24T21:21:35.557+0000][1686.238s][debug][safepoint   ] Safepoint synchronization initiated using futex wait barrier. (231 threads)
[2025-04-24T21:21:35.558+0000][1686.240s][info ][safepoint   ] Safepoint "Cleanup", Time since last: 2000282334 ns, Reaching safepoint: 297273 ns, Cleanup: 49487 ns, At safepoint: 988837 ns, Total: 1335597 ns
[2025-04-24T21:21:36.558+0000][1687.240s][debug][safepoint   ] Safepoint synchronization initiated using futex wait barrier. (230 threads)
[2025-04-24T21:21:36.559+0000][1687.240s][info ][safepoint   ] Safepoint "Cleanup", Time since last: 1000239815 ns, Reaching safepoint: 93560 ns, Cleanup: 11685 ns, At safepoint: 5402 ns, Total: 110647 ns
[2025-04-24T21:21:38.559+0000][1689.240s][debug][safepoint   ] Safepoint synchronization initiated using futex wait barrier. (230 threads)
[2025-04-24T21:21:38.559+0000][1689.240s][info ][safepoint   ] Safepoint "Cleanup", Time since last: 2000214564 ns, Reaching safepoint: 123787 ns, Cleanup: 29096 ns, At safepoint: 8826 ns, Total: 161709 ns
[2025-04-24T21:21:39.559+0000][1690.241s][debug][safepoint   ] Safepoint synchronization initiated using futex wait barrier. (230 threads)
[2025-04-24T21:21:39.559+0000][1690.241s][info ][safepoint   ] Safepoint "Cleanup", Time since last: 1000132348 ns, Reaching safepoint: 155833 ns, Cleanup: 24927 ns, At safepoint: 10582 ns, Total: 191342 ns
[2025-04-24T21:21:41.559+0000][1692.241s][debug][safepoint   ] Safepoint synchronization initiated using futex wait barrier. (230 threads)
[2025-04-24T21:21:41.560+0000][1692.241s][info ][safepoint   ] Safepoint "Cleanup", Time since last: 2000182901 ns, Reaching safepoint: 76619 ns, Cleanup: 16347 ns, At safepoint: 6966 ns, Total: 99932 ns
[2025-04-24T21:21:42.560+0000][1693.241s][debug][safepoint   ] Safepoint synchronization initiated using futex wait barrier. (230 threads)
[2025-04-24T21:21:42.560+0000][1693.241s][info ][safepoint   ] Safepoint "Cleanup", Time since last: 1000082723 ns, Reaching safepoint: 148102 ns, Cleanup: 16600 ns, At safepoint: 8514 ns, Total: 173216 ns
[2025-04-24T21:21:44.560+0000][1695.241s][debug][safepoint   ] Safepoint synchronization initiated using futex wait barrier. (230 threads)
[2025-04-24T21:21:44.560+0000][1695.242s][info ][safepoint   ] Safepoint "Cleanup", Time since last: 2000172253 ns, Reaching safepoint: 106855 ns, Cleanup: 22588 ns, At safepoint: 7384 ns, Total: 136827 ns
[2025-04-24T21:21:45.560+0000][1696.242s][debug][safepoint   ] Safepoint synchronization initiated using futex wait barrier. (230 threads)
[2025-04-24T21:21:45.560+0000][1696.242s][info ][safepoint   ] Safepoint "Cleanup", Time since last: 1000119385 ns, Reaching safepoint: 134891 ns, Cleanup: 17664 ns, At safepoint: 9198 ns, Total: 161753 ns
[2025-04-24T21:21:46.560+0000][1697.242s][debug][safepoint   ] Safepoint synchronization initiated using futex wait barrier. (230 threads)
[2025-04-24T21:21:46.561+0000][1697.242s][info ][safepoint   ] Safepoint "Cleanup", Time since last: 1000105237 ns, Reaching safepoint: 148612 ns, Cleanup: 18219 ns, At safepoint: 7359 ns, Total: 174190 ns
[2025-04-24T21:21:47.561+0000][1698.242s][debug][safepoint   ] Safepoint synchronization initiated using futex wait barrier. (230 threads)
[2025-04-24T21:21:47.561+0000][1698.242s][info ][safepoint   ] Safepoint "Cleanup", Time since last: 1000116832 ns, Reaching safepoint: 68792 ns, Cleanup: 25607 ns, At safepoint: 5559 ns, Total: 99958 ns
[2025-04-24T21:21:48.561+0000][1699.242s][debug][safepoint   ] Safepoint synchronization initiated using futex wait barrier. (230 threads)
[2025-04-24T21:21:48.561+0000][1699.243s][info ][safepoint   ] Safepoint "Cleanup", Time since last: 1000079178 ns, Reaching safepoint: 75126 ns, Cleanup: 13027 ns, At safepoint: 5274 ns, Total: 93427 ns
[2025-04-24T21:21:50.561+0000][1701.243s][debug][safepoint   ] Safepoint synchronization initiated using futex wait barrier. (230 threads)
[2025-04-24T21:21:50.561+0000][1701.243s][info ][safepoint   ] Safepoint "Cleanup", Time since last: 2000149933 ns, Reaching safepoint: 78134 ns, Cleanup: 16259 ns, At safepoint: 5573 ns, Total: 99966 ns
[2025-04-24T21:21:51.561+0000][1702.243s][debug][safepoint   ] Safepoint synchronization initiated using futex wait barrier. (230 threads)
[2025-04-24T21:21:51.562+0000][1702.243s][info ][safepoint   ] Safepoint "Cleanup", Time since last: 1000179883 ns, Reaching safepoint: 95024 ns, Cleanup: 19436 ns, At safepoint: 7060 ns, Total: 121520 ns
[2025-04-24T21:21:53.562+0000][1704.244s][debug][safepoint   ] Safepoint synchronization initiated using futex wait barrier. (230 threads)
[2025-04-24T21:21:53.562+0000][1704.244s][info ][safepoint   ] Safepoint "Cleanup", Time since last: 2000501216 ns, Reaching safepoint: 231781 ns, Cleanup: 38537 ns, At safepoint: 33487 ns, Total: 303805 ns
[2025-04-24T21:21:55.563+0000][1706.245s][debug][safepoint   ] Safepoint synchronization initiated using futex wait barrier. (230 threads)
[2025-04-24T21:21:55.564+0000][1706.245s][info ][safepoint   ] Safepoint "Cleanup", Time since last: 2000569015 ns, Reaching safepoint: 474519 ns, Cleanup: 54343 ns, At safepoint: 307477 ns, Total: 836339 ns
[2025-04-24T21:21:58.564+0000][1709.246s][debug][safepoint   ] Safepoint synchronization initiated using futex wait barrier. (230 threads)
[2025-04-24T21:21:58.565+0000][1709.246s][info ][safepoint   ] Safepoint "Cleanup", Time since last: 3000544365 ns, Reaching safepoint: 229688 ns, Cleanup: 45429 ns, At safepoint: 38117 ns, Total: 313234 ns
