[2025-04-24T21:28:43.395+0000][0.006s][info][gc] Using G1
[2025-04-24T21:28:43.404+0000][0.014s][info][gc,init] Version: 17.0.14+7-Debian-1deb12u1 (release)
[2025-04-24T21:28:43.404+0000][0.014s][info][gc,init] CPUs: 4 total, 4 available
[2025-04-24T21:28:43.404+0000][0.014s][info][gc,init] Memory: 7823M
[2025-04-24T21:28:43.404+0000][0.014s][info][gc,init] Large Page Support: Disabled
[2025-04-24T21:28:43.404+0000][0.014s][info][gc,init] NUMA Support: Disabled
[2025-04-24T21:28:43.404+0000][0.014s][info][gc,init] Compressed Oops: Enabled (32-bit)
[2025-04-24T21:28:43.404+0000][0.014s][info][gc,init] Heap Region Size: 1M
[2025-04-24T21:28:43.404+0000][0.014s][info][gc,init] Heap Min Capacity: 8M
[2025-04-24T21:28:43.404+0000][0.014s][info][gc,init] Heap Initial Capacity: 124M
[2025-04-24T21:28:43.404+0000][0.014s][info][gc,init] Heap Max Capacity: 1956M
[2025-04-24T21:28:43.404+0000][0.014s][info][gc,init] Pre-touch: Disabled
[2025-04-24T21:28:43.404+0000][0.014s][info][gc,init] Parallel Workers: 4
[2025-04-24T21:28:43.404+0000][0.014s][info][gc,init] Concurrent Workers: 1
[2025-04-24T21:28:43.404+0000][0.014s][info][gc,init] Concurrent Refinement Workers: 4
[2025-04-24T21:28:43.404+0000][0.014s][info][gc,init] Periodic GC: Disabled
[2025-04-24T21:28:43.421+0000][0.031s][info][gc,metaspace] CDS archive(s) mapped at: [0x00007cdcdb000000-0x00007cdcdbbc9000-0x00007cdcdbbc9000), size 12357632, SharedBaseAddress: 0x00007cdcdb000000, ArchiveRelocationMode: 1.
[2025-04-24T21:28:43.421+0000][0.031s][info][gc,metaspace] Compressed class space mapped at: 0x00007cdcdc000000-0x00007cdd1c000000, reserved size: 1073741824
[2025-04-24T21:28:43.421+0000][0.031s][info][gc,metaspace] Narrow klass base: 0x00007cdcdb000000, Narrow klass shift: 0, Narrow klass range: 0x100000000
[2025-04-24T21:28:43.429+0000][0.040s][info][cds,heap    ] initialize_from_archived_subgraph java.lang.Module$ArchivedData 0x00007cdcdb183798 (early)
[2025-04-24T21:28:43.430+0000][0.041s][info][cds,heap    ] initialize_from_archived_subgraph java.util.ImmutableCollections 0x00007cdcdb072308 (early)
[2025-04-24T21:28:43.437+0000][0.048s][info][cds,heap    ] initialize_from_archived_subgraph java.lang.Integer$IntegerCache 0x00007cdcdb037660 (early)
[2025-04-24T21:28:43.448+0000][0.058s][info][cds,heap    ] initialize_from_archived_subgraph java.lang.module.Configuration 0x00007cdcdb171718 (early)
[2025-04-24T21:28:43.450+0000][0.060s][info][cds,heap    ] initialize_from_archived_subgraph java.lang.ModuleLayer 0x00007cdcdb145b50 (early)
[2025-04-24T21:28:43.451+0000][0.061s][info][cds,heap    ] initialize_from_archived_subgraph jdk.internal.loader.ArchivedClassLoaders 0x00007cdcdb1a7e00 (early)
[2025-04-24T21:28:43.451+0000][0.061s][info][cds,heap    ] initialize_from_archived_subgraph jdk.internal.module.ArchivedBootLayer 0x00007cdcdb178358 (early)
[2025-04-24T21:28:43.459+0000][0.070s][info][cds,heap    ] initialize_from_archived_subgraph sun.util.locale.BaseLocale 0x00007cdcdb26eb88
[2025-04-24T21:28:43.493+0000][0.103s][info][cds,heap    ] initialize_from_archived_subgraph java.util.jar.Attributes$Name 0x00007cdcdb199878
[2025-04-24T21:28:43.568+0000][0.178s][info][cds,heap    ] initialize_from_archived_subgraph java.lang.Long$LongCache 0x00007cdcdb020f98
[2025-04-24T21:28:43.815+0000][0.425s][info][cds,heap    ] initialize_from_archived_subgraph java.lang.Character$CharacterCache 0x00007cdcdb03a9e8
[2025-04-24T21:28:44.679+0000][1.290s][debug][safepoint   ] Safepoint synchronization initiated using futex wait barrier. (13 threads)
[2025-04-24T21:28:44.679+0000][1.290s][info ][gc,start    ] GC(0) Pause Young (Normal) (G1 Evacuation Pause)
[2025-04-24T21:28:44.680+0000][1.290s][info ][gc,task     ] GC(0) Using 3 workers of 4 for evacuation
[2025-04-24T21:28:44.688+0000][1.299s][info ][gc,phases   ] GC(0)   Pre Evacuate Collection Set: 0.1ms
[2025-04-24T21:28:44.688+0000][1.299s][info ][gc,phases   ] GC(0)   Merge Heap Roots: 0.1ms
[2025-04-24T21:28:44.688+0000][1.299s][info ][gc,phases   ] GC(0)   Evacuate Collection Set: 7.1ms
[2025-04-24T21:28:44.688+0000][1.299s][info ][gc,phases   ] GC(0)   Post Evacuate Collection Set: 0.8ms
[2025-04-24T21:28:44.688+0000][1.299s][info ][gc,phases   ] GC(0)   Other: 0.5ms
[2025-04-24T21:28:44.688+0000][1.299s][info ][gc,heap     ] GC(0) Eden regions: 37->0(52)
[2025-04-24T21:28:44.688+0000][1.299s][info ][gc,heap     ] GC(0) Survivor regions: 0->5(5)
[2025-04-24T21:28:44.688+0000][1.299s][info ][gc,heap     ] GC(0) Old regions: 0->2
[2025-04-24T21:28:44.688+0000][1.299s][info ][gc,heap     ] GC(0) Archive regions: 2->2
[2025-04-24T21:28:44.688+0000][1.299s][info ][gc,heap     ] GC(0) Humongous regions: 0->0
[2025-04-24T21:28:44.688+0000][1.299s][info ][gc,metaspace] GC(0) Metaspace: 2039K(2240K)->2039K(2240K) NonClass: 1833K(1920K)->1833K(1920K) Class: 205K(320K)->205K(320K)
[2025-04-24T21:28:44.688+0000][1.299s][info ][gc          ] GC(0) Pause Young (Normal) (G1 Evacuation Pause) 37M->7M(126M) 8.865ms
[2025-04-24T21:28:44.688+0000][1.299s][info ][gc,cpu      ] GC(0) User=0.02s Sys=0.01s Real=0.01s
[2025-04-24T21:28:44.688+0000][1.299s][info ][safepoint   ] Safepoint "G1CollectForAllocation", Time since last: 1250547538 ns, Reaching safepoint: 47707 ns, Cleanup: 90248 ns, At safepoint: 8956093 ns, Total: 9094048 ns
[2025-04-24T21:28:45.690+0000][2.301s][debug][safepoint   ] Safepoint synchronization initiated using futex wait barrier. (13 threads)
[2025-04-24T21:28:45.691+0000][2.302s][info ][gc,start    ] GC(1) Pause Young (Normal) (G1 Evacuation Pause)
[2025-04-24T21:28:45.692+0000][2.302s][info ][gc,task     ] GC(1) Using 3 workers of 4 for evacuation
[2025-04-24T21:28:45.704+0000][2.314s][info ][gc,phases   ] GC(1)   Pre Evacuate Collection Set: 0.2ms
[2025-04-24T21:28:45.704+0000][2.314s][info ][gc,phases   ] GC(1)   Merge Heap Roots: 0.1ms
[2025-04-24T21:28:45.704+0000][2.314s][info ][gc,phases   ] GC(1)   Evacuate Collection Set: 11.0ms
[2025-04-24T21:28:45.704+0000][2.314s][info ][gc,phases   ] GC(1)   Post Evacuate Collection Set: 0.9ms
[2025-04-24T21:28:45.704+0000][2.314s][info ][gc,phases   ] GC(1)   Other: 0.4ms
[2025-04-24T21:28:45.704+0000][2.314s][info ][gc,heap     ] GC(1) Eden regions: 52->0(69)
[2025-04-24T21:28:45.704+0000][2.314s][info ][gc,heap     ] GC(1) Survivor regions: 5->4(8)
[2025-04-24T21:28:45.704+0000][2.314s][info ][gc,heap     ] GC(1) Old regions: 2->7
[2025-04-24T21:28:45.704+0000][2.314s][info ][gc,heap     ] GC(1) Archive regions: 2->2
[2025-04-24T21:28:45.704+0000][2.314s][info ][gc,heap     ] GC(1) Humongous regions: 0->0
[2025-04-24T21:28:45.704+0000][2.314s][info ][gc,metaspace] GC(1) Metaspace: 4300K(4544K)->4300K(4544K) NonClass: 3835K(3968K)->3835K(3968K) Class: 464K(576K)->464K(576K)
[2025-04-24T21:28:45.704+0000][2.314s][info ][gc          ] GC(1) Pause Young (Normal) (G1 Evacuation Pause) 59M->10M(126M) 12.626ms
[2025-04-24T21:28:45.704+0000][2.314s][info ][gc,cpu      ] GC(1) User=0.03s Sys=0.00s Real=0.01s
[2025-04-24T21:28:45.704+0000][2.315s][info ][safepoint   ] Safepoint "G1CollectForAllocation", Time since last: 1001833056 ns, Reaching safepoint: 970404 ns, Cleanup: 205531 ns, At safepoint: 12779514 ns, Total: 13955449 ns
[2025-04-24T21:28:46.893+0000][3.504s][debug][safepoint   ] Safepoint synchronization initiated using futex wait barrier. (14 threads)
[2025-04-24T21:28:46.894+0000][3.504s][info ][safepoint   ] Safepoint "Cleanup", Time since last: 1189204413 ns, Reaching safepoint: 45045 ns, Cleanup: 196797 ns, At safepoint: 6056 ns, Total: 247898 ns
[2025-04-24T21:28:46.979+0000][3.589s][debug][safepoint   ] Safepoint synchronization initiated using futex wait barrier. (14 threads)
[2025-04-24T21:28:46.979+0000][3.589s][info ][gc,start    ] GC(2) Pause Young (Normal) (G1 Evacuation Pause)
[2025-04-24T21:28:46.979+0000][3.589s][info ][gc,task     ] GC(2) Using 3 workers of 4 for evacuation
[2025-04-24T21:28:47.008+0000][3.618s][info ][gc,phases   ] GC(2)   Pre Evacuate Collection Set: 0.3ms
[2025-04-24T21:28:47.008+0000][3.618s][info ][gc,phases   ] GC(2)   Merge Heap Roots: 0.4ms
[2025-04-24T21:28:47.008+0000][3.618s][info ][gc,phases   ] GC(2)   Evacuate Collection Set: 24.2ms
[2025-04-24T21:28:47.008+0000][3.618s][info ][gc,phases   ] GC(2)   Post Evacuate Collection Set: 4.1ms
[2025-04-24T21:28:47.008+0000][3.618s][info ][gc,phases   ] GC(2)   Other: 0.1ms
[2025-04-24T21:28:47.008+0000][3.618s][info ][gc,heap     ] GC(2) Eden regions: 69->0(69)
[2025-04-24T21:28:47.008+0000][3.618s][info ][gc,heap     ] GC(2) Survivor regions: 4->5(10)
[2025-04-24T21:28:47.008+0000][3.618s][info ][gc,heap     ] GC(2) Old regions: 7->7
[2025-04-24T21:28:47.008+0000][3.618s][info ][gc,heap     ] GC(2) Archive regions: 2->2
[2025-04-24T21:28:47.008+0000][3.618s][info ][gc,heap     ] GC(2) Humongous regions: 0->0
[2025-04-24T21:28:47.008+0000][3.618s][info ][gc,metaspace] GC(2) Metaspace: 6460K(6720K)->6460K(6720K) NonClass: 5637K(5760K)->5637K(5760K) Class: 823K(960K)->823K(960K)
[2025-04-24T21:28:47.008+0000][3.618s][info ][gc          ] GC(2) Pause Young (Normal) (G1 Evacuation Pause) 79M->12M(126M) 29.301ms
[2025-04-24T21:28:47.008+0000][3.618s][info ][gc,cpu      ] GC(2) User=0.04s Sys=0.01s Real=0.03s
[2025-04-24T21:28:47.008+0000][3.618s][info ][safepoint   ] Safepoint "G1CollectForAllocation", Time since last: 85026113 ns, Reaching safepoint: 47612 ns, Cleanup: 22854 ns, At safepoint: 29366473 ns, Total: 29436939 ns
[2025-04-24T21:28:47.886+0000][4.496s][debug][safepoint   ] Safepoint synchronization initiated using futex wait barrier. (14 threads)
[2025-04-24T21:28:47.886+0000][4.497s][info ][gc,start    ] GC(3) Pause Young (Normal) (G1 Evacuation Pause)
[2025-04-24T21:28:47.887+0000][4.497s][info ][gc,task     ] GC(3) Using 3 workers of 4 for evacuation
[2025-04-24T21:28:47.894+0000][4.504s][info ][gc,phases   ] GC(3)   Pre Evacuate Collection Set: 0.1ms
[2025-04-24T21:28:47.894+0000][4.504s][info ][gc,phases   ] GC(3)   Merge Heap Roots: 0.1ms
[2025-04-24T21:28:47.894+0000][4.504s][info ][gc,phases   ] GC(3)   Evacuate Collection Set: 6.1ms
[2025-04-24T21:28:47.894+0000][4.504s][info ][gc,phases   ] GC(3)   Post Evacuate Collection Set: 0.8ms
[2025-04-24T21:28:47.894+0000][4.504s][info ][gc,phases   ] GC(3)   Other: 0.3ms
[2025-04-24T21:28:47.894+0000][4.504s][info ][gc,heap     ] GC(3) Eden regions: 69->0(67)
[2025-04-24T21:28:47.894+0000][4.504s][info ][gc,heap     ] GC(3) Survivor regions: 5->7(10)
[2025-04-24T21:28:47.894+0000][4.504s][info ][gc,heap     ] GC(3) Old regions: 7->7
[2025-04-24T21:28:47.894+0000][4.504s][info ][gc,heap     ] GC(3) Archive regions: 2->2
[2025-04-24T21:28:47.894+0000][4.504s][info ][gc,heap     ] GC(3) Humongous regions: 0->0
[2025-04-24T21:28:47.894+0000][4.504s][info ][gc,metaspace] GC(3) Metaspace: 10517K(10880K)->10517K(10880K) NonClass: 9139K(9344K)->9139K(9344K) Class: 1377K(1536K)->1377K(1536K)
[2025-04-24T21:28:47.894+0000][4.504s][info ][gc          ] GC(3) Pause Young (Normal) (G1 Evacuation Pause) 81M->13M(126M) 7.541ms
[2025-04-24T21:28:47.894+0000][4.504s][info ][gc,cpu      ] GC(3) User=0.02s Sys=0.00s Real=0.01s
[2025-04-24T21:28:47.894+0000][4.504s][info ][safepoint   ] Safepoint "G1CollectForAllocation", Time since last: 877830361 ns, Reaching safepoint: 459195 ns, Cleanup: 92128 ns, At safepoint: 7598690 ns, Total: 8150013 ns
[2025-04-24T21:28:48.284+0000][4.894s][debug][safepoint   ] Safepoint synchronization initiated using futex wait barrier. (14 threads)
[2025-04-24T21:28:48.284+0000][4.894s][info ][safepoint   ] Safepoint "ICBufferFull", Time since last: 389583293 ns, Reaching safepoint: 132185 ns, Cleanup: 112624 ns, At safepoint: 9661 ns, Total: 254470 ns
[2025-04-24T21:28:48.531+0000][5.142s][debug][safepoint   ] Safepoint synchronization initiated using futex wait barrier. (15 threads)
[2025-04-24T21:28:48.532+0000][5.142s][info ][gc,start    ] GC(4) Pause Young (Normal) (G1 Evacuation Pause)
[2025-04-24T21:28:48.532+0000][5.142s][info ][gc,task     ] GC(4) Using 4 workers of 4 for evacuation
[2025-04-24T21:28:48.551+0000][5.161s][info ][gc,phases   ] GC(4)   Pre Evacuate Collection Set: 1.2ms
[2025-04-24T21:28:48.551+0000][5.161s][info ][gc,phases   ] GC(4)   Merge Heap Roots: 0.1ms
[2025-04-24T21:28:48.551+0000][5.161s][info ][gc,phases   ] GC(4)   Evacuate Collection Set: 16.2ms
[2025-04-24T21:28:48.551+0000][5.161s][info ][gc,phases   ] GC(4)   Post Evacuate Collection Set: 1.7ms
[2025-04-24T21:28:48.551+0000][5.161s][info ][gc,phases   ] GC(4)   Other: 0.1ms
[2025-04-24T21:28:48.551+0000][5.161s][info ][gc,heap     ] GC(4) Eden regions: 67->0(68)
[2025-04-24T21:28:48.551+0000][5.161s][info ][gc,heap     ] GC(4) Survivor regions: 7->6(10)
[2025-04-24T21:28:48.551+0000][5.161s][info ][gc,heap     ] GC(4) Old regions: 7->10
[2025-04-24T21:28:48.551+0000][5.161s][info ][gc,heap     ] GC(4) Archive regions: 2->2
[2025-04-24T21:28:48.551+0000][5.161s][info ][gc,heap     ] GC(4) Humongous regions: 0->0
[2025-04-24T21:28:48.551+0000][5.161s][info ][gc,metaspace] GC(4) Metaspace: 12251K(12544K)->12251K(12544K) NonClass: 10659K(10816K)->10659K(10816K) Class: 1591K(1728K)->1591K(1728K)
[2025-04-24T21:28:48.551+0000][5.161s][info ][gc          ] GC(4) Pause Young (Normal) (G1 Evacuation Pause) 80M->15M(126M) 19.455ms
[2025-04-24T21:28:48.551+0000][5.161s][info ][gc,cpu      ] GC(4) User=0.06s Sys=0.00s Real=0.02s
[2025-04-24T21:28:48.551+0000][5.161s][info ][safepoint   ] Safepoint "G1CollectForAllocation", Time since last: 247463117 ns, Reaching safepoint: 148684 ns, Cleanup: 84743 ns, At safepoint: 19517336 ns, Total: 19750763 ns
[2025-04-24T21:28:48.916+0000][5.527s][debug][safepoint   ] Safepoint synchronization initiated using futex wait barrier. (15 threads)
[2025-04-24T21:28:48.916+0000][5.527s][info ][gc,start    ] GC(5) Pause Young (Normal) (G1 Evacuation Pause)
[2025-04-24T21:28:48.916+0000][5.527s][info ][gc,task     ] GC(5) Using 4 workers of 4 for evacuation
[2025-04-24T21:28:48.927+0000][5.537s][info ][gc,phases   ] GC(5)   Pre Evacuate Collection Set: 0.1ms
[2025-04-24T21:28:48.927+0000][5.538s][info ][gc,phases   ] GC(5)   Merge Heap Roots: 0.1ms
[2025-04-24T21:28:48.927+0000][5.538s][info ][gc,phases   ] GC(5)   Evacuate Collection Set: 8.5ms
[2025-04-24T21:28:48.927+0000][5.538s][info ][gc,phases   ] GC(5)   Post Evacuate Collection Set: 1.7ms
[2025-04-24T21:28:48.927+0000][5.538s][info ][gc,phases   ] GC(5)   Other: 0.1ms
[2025-04-24T21:28:48.927+0000][5.538s][info ][gc,heap     ] GC(5) Eden regions: 68->0(68)
[2025-04-24T21:28:48.927+0000][5.538s][info ][gc,heap     ] GC(5) Survivor regions: 6->6(10)
[2025-04-24T21:28:48.927+0000][5.538s][info ][gc,heap     ] GC(5) Old regions: 10->10
[2025-04-24T21:28:48.927+0000][5.538s][info ][gc,heap     ] GC(5) Archive regions: 2->2
[2025-04-24T21:28:48.927+0000][5.538s][info ][gc,heap     ] GC(5) Humongous regions: 0->0
[2025-04-24T21:28:48.927+0000][5.538s][info ][gc,metaspace] GC(5) Metaspace: 14780K(15168K)->14780K(15168K) NonClass: 12852K(13056K)->12852K(13056K) Class: 1928K(2112K)->1928K(2112K)
[2025-04-24T21:28:48.927+0000][5.538s][info ][gc          ] GC(5) Pause Young (Normal) (G1 Evacuation Pause) 83M->16M(126M) 10.839ms
[2025-04-24T21:28:48.927+0000][5.538s][info ][gc,cpu      ] GC(5) User=0.02s Sys=0.01s Real=0.01s
[2025-04-24T21:28:48.929+0000][5.540s][info ][safepoint   ] Safepoint "G1CollectForAllocation", Time since last: 365213346 ns, Reaching safepoint: 61423 ns, Cleanup: 66232 ns, At safepoint: 13091902 ns, Total: 13219557 ns
[2025-04-24T21:28:49.160+0000][5.770s][info ][cds,heap    ] initialize_from_archived_subgraph java.lang.Byte$ByteCache 0x00007cdcdb03abf8
[2025-04-24T21:28:49.161+0000][5.771s][info ][cds,heap    ] initialize_from_archived_subgraph java.lang.Short$ShortCache 0x00007cdcdb0412e8
[2025-04-24T21:28:49.362+0000][5.972s][debug][safepoint   ] Safepoint synchronization initiated using futex wait barrier. (15 threads)
[2025-04-24T21:28:49.362+0000][5.973s][info ][gc,start    ] GC(6) Pause Young (Normal) (G1 Evacuation Pause)
[2025-04-24T21:28:49.362+0000][5.973s][info ][gc,task     ] GC(6) Using 4 workers of 4 for evacuation
[2025-04-24T21:28:49.375+0000][5.986s][info ][gc,phases   ] GC(6)   Pre Evacuate Collection Set: 0.1ms
[2025-04-24T21:28:49.375+0000][5.986s][info ][gc,phases   ] GC(6)   Merge Heap Roots: 0.1ms
[2025-04-24T21:28:49.375+0000][5.986s][info ][gc,phases   ] GC(6)   Evacuate Collection Set: 11.2ms
[2025-04-24T21:28:49.375+0000][5.986s][info ][gc,phases   ] GC(6)   Post Evacuate Collection Set: 1.5ms
[2025-04-24T21:28:49.375+0000][5.986s][info ][gc,phases   ] GC(6)   Other: 0.1ms
[2025-04-24T21:28:49.375+0000][5.986s][info ][gc,heap     ] GC(6) Eden regions: 68->0(85)
[2025-04-24T21:28:49.375+0000][5.986s][info ][gc,heap     ] GC(6) Survivor regions: 6->6(10)
[2025-04-24T21:28:49.375+0000][5.986s][info ][gc,heap     ] GC(6) Old regions: 10->11
[2025-04-24T21:28:49.375+0000][5.986s][info ][gc,heap     ] GC(6) Archive regions: 2->2
[2025-04-24T21:28:49.375+0000][5.986s][info ][gc,heap     ] GC(6) Humongous regions: 0->0
[2025-04-24T21:28:49.375+0000][5.986s][info ][gc,metaspace] GC(6) Metaspace: 16765K(17088K)->16765K(17088K) NonClass: 14475K(14656K)->14475K(14656K) Class: 2290K(2432K)->2290K(2432K)
[2025-04-24T21:28:49.375+0000][5.986s][info ][gc          ] GC(6) Pause Young (Normal) (G1 Evacuation Pause) 84M->16M(152M) 13.075ms
[2025-04-24T21:28:49.375+0000][5.986s][info ][gc,cpu      ] GC(6) User=0.02s Sys=0.01s Real=0.01s
[2025-04-24T21:28:49.375+0000][5.986s][info ][safepoint   ] Safepoint "G1CollectForAllocation", Time since last: 432486193 ns, Reaching safepoint: 191764 ns, Cleanup: 56865 ns, At safepoint: 13142049 ns, Total: 13390678 ns
[2025-04-24T21:28:50.273+0000][6.883s][debug][safepoint   ] Safepoint synchronization initiated using futex wait barrier. (15 threads)
[2025-04-24T21:28:50.273+0000][6.884s][info ][gc,start    ] GC(7) Pause Young (Normal) (G1 Evacuation Pause)
[2025-04-24T21:28:50.273+0000][6.884s][info ][gc,task     ] GC(7) Using 4 workers of 4 for evacuation
[2025-04-24T21:28:50.291+0000][6.902s][info ][gc,phases   ] GC(7)   Pre Evacuate Collection Set: 0.1ms
[2025-04-24T21:28:50.291+0000][6.902s][info ][gc,phases   ] GC(7)   Merge Heap Roots: 0.1ms
[2025-04-24T21:28:50.291+0000][6.902s][info ][gc,phases   ] GC(7)   Evacuate Collection Set: 15.7ms
[2025-04-24T21:28:50.291+0000][6.902s][info ][gc,phases   ] GC(7)   Post Evacuate Collection Set: 1.7ms
[2025-04-24T21:28:50.291+0000][6.902s][info ][gc,phases   ] GC(7)   Other: 0.1ms
[2025-04-24T21:28:50.291+0000][6.902s][info ][gc,heap     ] GC(7) Eden regions: 85->0(82)
[2025-04-24T21:28:50.291+0000][6.902s][info ][gc,heap     ] GC(7) Survivor regions: 6->9(12)
[2025-04-24T21:28:50.291+0000][6.902s][info ][gc,heap     ] GC(7) Old regions: 11->11
[2025-04-24T21:28:50.291+0000][6.902s][info ][gc,heap     ] GC(7) Archive regions: 2->2
[2025-04-24T21:28:50.291+0000][6.902s][info ][gc,heap     ] GC(7) Humongous regions: 0->0
[2025-04-24T21:28:50.291+0000][6.902s][info ][gc,metaspace] GC(7) Metaspace: 20303K(20672K)->20303K(20672K) NonClass: 17646K(17856K)->17646K(17856K) Class: 2656K(2816K)->2656K(2816K)
[2025-04-24T21:28:50.291+0000][6.902s][info ][gc          ] GC(7) Pause Young (Normal) (G1 Evacuation Pause) 101M->20M(152M) 17.955ms
[2025-04-24T21:28:50.291+0000][6.902s][info ][gc,cpu      ] GC(7) User=0.05s Sys=0.00s Real=0.02s
[2025-04-24T21:28:50.291+0000][6.902s][info ][safepoint   ] Safepoint "G1CollectForAllocation", Time since last: 897634110 ns, Reaching safepoint: 192030 ns, Cleanup: 70295 ns, At safepoint: 18044859 ns, Total: 18307184 ns
[2025-04-24T21:28:50.432+0000][7.043s][debug][safepoint   ] Safepoint synchronization initiated using futex wait barrier. (15 threads)
[2025-04-24T21:28:50.435+0000][7.045s][info ][gc,start    ] GC(8) Pause Young (Concurrent Start) (Metadata GC Threshold)
[2025-04-24T21:28:50.435+0000][7.045s][info ][gc,task     ] GC(8) Using 4 workers of 4 for evacuation
[2025-04-24T21:28:50.445+0000][7.056s][info ][gc,phases   ] GC(8)   Pre Evacuate Collection Set: 0.2ms
[2025-04-24T21:28:50.445+0000][7.056s][info ][gc,phases   ] GC(8)   Merge Heap Roots: 0.1ms
[2025-04-24T21:28:50.445+0000][7.056s][info ][gc,phases   ] GC(8)   Evacuate Collection Set: 8.2ms
[2025-04-24T21:28:50.445+0000][7.056s][info ][gc,phases   ] GC(8)   Post Evacuate Collection Set: 1.6ms
[2025-04-24T21:28:50.445+0000][7.056s][info ][gc,phases   ] GC(8)   Other: 0.2ms
[2025-04-24T21:28:50.445+0000][7.056s][info ][gc,heap     ] GC(8) Eden regions: 18->0(84)
[2025-04-24T21:28:50.445+0000][7.056s][info ][gc,heap     ] GC(8) Survivor regions: 9->7(12)
[2025-04-24T21:28:50.445+0000][7.056s][info ][gc,heap     ] GC(8) Old regions: 11->14
[2025-04-24T21:28:50.445+0000][7.056s][info ][gc,heap     ] GC(8) Archive regions: 2->2
[2025-04-24T21:28:50.445+0000][7.056s][info ][gc,heap     ] GC(8) Humongous regions: 0->0
[2025-04-24T21:28:50.445+0000][7.056s][info ][gc,metaspace] GC(8) Metaspace: 21182K(21504K)->21182K(21504K) NonClass: 18419K(18560K)->18419K(18560K) Class: 2762K(2944K)->2762K(2944K)
[2025-04-24T21:28:50.445+0000][7.056s][info ][gc          ] GC(8) Pause Young (Concurrent Start) (Metadata GC Threshold) 37M->21M(152M) 10.449ms
[2025-04-24T21:28:50.445+0000][7.056s][info ][gc,cpu      ] GC(8) User=0.02s Sys=0.00s Real=0.01s
[2025-04-24T21:28:50.445+0000][7.056s][info ][gc          ] GC(9) Concurrent Mark Cycle
[2025-04-24T21:28:50.445+0000][7.056s][info ][gc,marking  ] GC(9) Concurrent Clear Claimed Marks
[2025-04-24T21:28:50.445+0000][7.056s][info ][gc,marking  ] GC(9) Concurrent Clear Claimed Marks 0.029ms
[2025-04-24T21:28:50.445+0000][7.056s][info ][gc,marking  ] GC(9) Concurrent Scan Root Regions
[2025-04-24T21:28:50.445+0000][7.056s][info ][safepoint   ] Safepoint "CollectForMetadataAllocation", Time since last: 140950390 ns, Reaching safepoint: 2516294 ns, Cleanup: 34484 ns, At safepoint: 10561644 ns, Total: 13112422 ns
[2025-04-24T21:28:50.454+0000][7.065s][info ][gc,marking  ] GC(9) Concurrent Scan Root Regions 8.892ms
[2025-04-24T21:28:50.454+0000][7.065s][info ][gc,marking  ] GC(9) Concurrent Mark
[2025-04-24T21:28:50.455+0000][7.065s][info ][gc,marking  ] GC(9) Concurrent Mark From Roots
[2025-04-24T21:28:50.455+0000][7.065s][info ][gc,task     ] GC(9) Using 1 workers of 1 for marking
[2025-04-24T21:28:50.468+0000][7.079s][debug][safepoint   ] Safepoint synchronization initiated using futex wait barrier. (15 threads)
[2025-04-24T21:28:50.468+0000][7.079s][info ][safepoint   ] Safepoint "CollectForMetadataAllocation", Time since last: 22318211 ns, Reaching safepoint: 706947 ns, Cleanup: 16481 ns, At safepoint: 37515 ns, Total: 760943 ns
[2025-04-24T21:28:50.470+0000][7.080s][debug][safepoint   ] Safepoint synchronization initiated using futex wait barrier. (15 threads)
[2025-04-24T21:28:50.470+0000][7.080s][info ][safepoint   ] Safepoint "CollectForMetadataAllocation", Time since last: 1033925 ns, Reaching safepoint: 260843 ns, Cleanup: 3793 ns, At safepoint: 11171 ns, Total: 275807 ns
[2025-04-24T21:28:50.485+0000][7.096s][info ][gc,marking  ] GC(9) Concurrent Mark From Roots 30.549ms
[2025-04-24T21:28:50.485+0000][7.096s][info ][gc,marking  ] GC(9) Concurrent Preclean
[2025-04-24T21:28:50.486+0000][7.096s][info ][gc,marking  ] GC(9) Concurrent Preclean 0.438ms
[2025-04-24T21:28:50.486+0000][7.096s][debug][safepoint   ] Safepoint synchronization initiated using futex wait barrier. (15 threads)
[2025-04-24T21:28:50.488+0000][7.099s][info ][gc,start    ] GC(9) Pause Remark
[2025-04-24T21:28:50.491+0000][7.101s][info ][gc          ] GC(9) Pause Remark 26M->26M(94M) 2.917ms
[2025-04-24T21:28:50.491+0000][7.102s][info ][gc,cpu      ] GC(9) User=0.00s Sys=0.00s Real=0.00s
[2025-04-24T21:28:50.493+0000][7.103s][info ][safepoint   ] Safepoint "G1PauseRemark", Time since last: 16161301 ns, Reaching safepoint: 2194690 ns, Cleanup: 4549 ns, At safepoint: 4811814 ns, Total: 7011053 ns
[2025-04-24T21:28:50.499+0000][7.109s][info ][gc,marking  ] GC(9) Concurrent Mark 44.571ms
[2025-04-24T21:28:50.499+0000][7.110s][info ][gc,marking  ] GC(9) Concurrent Rebuild Remembered Sets
[2025-04-24T21:28:50.538+0000][7.148s][info ][gc,marking  ] GC(9) Concurrent Rebuild Remembered Sets 38.728ms
[2025-04-24T21:28:50.538+0000][7.148s][debug][safepoint   ] Safepoint synchronization initiated using futex wait barrier. (15 threads)
[2025-04-24T21:28:50.539+0000][7.149s][info ][gc,start    ] GC(9) Pause Cleanup
[2025-04-24T21:28:50.539+0000][7.149s][info ][gc          ] GC(9) Pause Cleanup 27M->27M(94M) 0.138ms
[2025-04-24T21:28:50.539+0000][7.149s][info ][gc,cpu      ] GC(9) User=0.00s Sys=0.00s Real=0.00s
[2025-04-24T21:28:50.539+0000][7.149s][info ][safepoint   ] Safepoint "G1PauseCleanup", Time since last: 44990677 ns, Reaching safepoint: 837630 ns, Cleanup: 15789 ns, At safepoint: 203539 ns, Total: 1056958 ns
[2025-04-24T21:28:50.541+0000][7.152s][info ][gc,marking  ] GC(9) Concurrent Cleanup for Next Mark
[2025-04-24T21:28:50.542+0000][7.153s][info ][gc,marking  ] GC(9) Concurrent Cleanup for Next Mark 1.186ms
[2025-04-24T21:28:50.543+0000][7.153s][info ][gc          ] GC(9) Concurrent Mark Cycle 97.194ms
[2025-04-24T21:28:50.885+0000][7.495s][debug][safepoint   ] Safepoint synchronization initiated using futex wait barrier. (15 threads)
[2025-04-24T21:28:50.885+0000][7.495s][debug][safepoint   ] ... found polling page loop exception at pc = 0x00007cdd4507871c, stub =0x00007cdd4498e400
[2025-04-24T21:28:50.885+0000][7.496s][info ][gc,start    ] GC(10) Pause Young (Prepare Mixed) (G1 Evacuation Pause)
[2025-04-24T21:28:50.885+0000][7.496s][info ][gc,task     ] GC(10) Using 4 workers of 4 for evacuation
[2025-04-24T21:28:50.903+0000][7.514s][info ][gc,phases   ] GC(10)   Pre Evacuate Collection Set: 0.3ms
[2025-04-24T21:28:50.903+0000][7.514s][info ][gc,phases   ] GC(10)   Merge Heap Roots: 0.1ms
[2025-04-24T21:28:50.903+0000][7.514s][info ][gc,phases   ] GC(10)   Evacuate Collection Set: 16.0ms
[2025-04-24T21:28:50.903+0000][7.514s][info ][gc,phases   ] GC(10)   Post Evacuate Collection Set: 1.6ms
[2025-04-24T21:28:50.903+0000][7.514s][info ][gc,phases   ] GC(10)   Other: 0.3ms
[2025-04-24T21:28:50.903+0000][7.514s][info ][gc,heap     ] GC(10) Eden regions: 49->0(1)
[2025-04-24T21:28:50.903+0000][7.514s][info ][gc,heap     ] GC(10) Survivor regions: 7->3(7)
[2025-04-24T21:28:50.903+0000][7.514s][info ][gc,heap     ] GC(10) Old regions: 14->19
[2025-04-24T21:28:50.903+0000][7.514s][info ][gc,heap     ] GC(10) Archive regions: 2->2
[2025-04-24T21:28:50.903+0000][7.514s][info ][gc,heap     ] GC(10) Humongous regions: 0->0
[2025-04-24T21:28:50.903+0000][7.514s][info ][gc,metaspace] GC(10) Metaspace: 23125K(23424K)->23125K(23424K) NonClass: 20081K(20224K)->20081K(20224K) Class: 3044K(3200K)->3044K(3200K)
[2025-04-24T21:28:50.903+0000][7.514s][info ][gc          ] GC(10) Pause Young (Prepare Mixed) (G1 Evacuation Pause) 70M->22M(94M) 18.352ms
[2025-04-24T21:28:50.903+0000][7.514s][info ][gc,cpu      ] GC(10) User=0.03s Sys=0.01s Real=0.02s
[2025-04-24T21:28:50.904+0000][7.514s][info ][safepoint   ] Safepoint "G1CollectForAllocation", Time since last: 345614349 ns, Reaching safepoint: 370679 ns, Cleanup: 137613 ns, At safepoint: 18510424 ns, Total: 19018716 ns
[2025-04-24T21:28:50.908+0000][7.519s][debug][safepoint   ] Safepoint synchronization initiated using futex wait barrier. (15 threads)
[2025-04-24T21:28:50.909+0000][7.519s][info ][gc,start    ] GC(11) Pause Young (Mixed) (G1 Evacuation Pause)
[2025-04-24T21:28:50.909+0000][7.519s][info ][gc,task     ] GC(11) Using 4 workers of 4 for evacuation
[2025-04-24T21:28:50.917+0000][7.528s][info ][gc,phases   ] GC(11)   Pre Evacuate Collection Set: 0.2ms
[2025-04-24T21:28:50.917+0000][7.528s][info ][gc,phases   ] GC(11)   Merge Heap Roots: 0.0ms
[2025-04-24T21:28:50.917+0000][7.528s][info ][gc,phases   ] GC(11)   Evacuate Collection Set: 7.2ms
[2025-04-24T21:28:50.917+0000][7.528s][info ][gc,phases   ] GC(11)   Post Evacuate Collection Set: 0.8ms
[2025-04-24T21:28:50.917+0000][7.528s][info ][gc,phases   ] GC(11)   Other: 0.2ms
[2025-04-24T21:28:50.917+0000][7.528s][info ][gc,heap     ] GC(11) Eden regions: 1->0(51)
[2025-04-24T21:28:50.917+0000][7.528s][info ][gc,heap     ] GC(11) Survivor regions: 3->1(1)
[2025-04-24T21:28:50.917+0000][7.528s][info ][gc,heap     ] GC(11) Old regions: 19->22
[2025-04-24T21:28:50.917+0000][7.528s][info ][gc,heap     ] GC(11) Archive regions: 2->2
[2025-04-24T21:28:50.917+0000][7.528s][info ][gc,heap     ] GC(11) Humongous regions: 0->0
[2025-04-24T21:28:50.917+0000][7.528s][info ][gc,metaspace] GC(11) Metaspace: 23137K(23424K)->23137K(23424K) NonClass: 20093K(20224K)->20093K(20224K) Class: 3044K(3200K)->3044K(3200K)
[2025-04-24T21:28:50.917+0000][7.528s][info ][gc          ] GC(11) Pause Young (Mixed) (G1 Evacuation Pause) 23M->22M(94M) 8.619ms
[2025-04-24T21:28:50.917+0000][7.528s][info ][gc,cpu      ] GC(11) User=0.02s Sys=0.00s Real=0.00s
[2025-04-24T21:28:50.917+0000][7.528s][info ][safepoint   ] Safepoint "G1CollectForAllocation", Time since last: 4796029 ns, Reaching safepoint: 280462 ns, Cleanup: 5538 ns, At safepoint: 8698031 ns, Total: 8984031 ns
[2025-04-24T21:28:51.374+0000][7.984s][debug][safepoint   ] Safepoint synchronization initiated using futex wait barrier. (14 threads)
[2025-04-24T21:28:51.374+0000][7.984s][info ][gc,start    ] GC(12) Pause Young (Concurrent Start) (G1 Evacuation Pause)
[2025-04-24T21:28:51.374+0000][7.984s][info ][gc,task     ] GC(12) Using 3 workers of 4 for evacuation
[2025-04-24T21:28:51.405+0000][8.016s][info ][gc,phases   ] GC(12)   Pre Evacuate Collection Set: 0.4ms
[2025-04-24T21:28:51.405+0000][8.016s][info ][gc,phases   ] GC(12)   Merge Heap Roots: 0.1ms
[2025-04-24T21:28:51.405+0000][8.016s][info ][gc,phases   ] GC(12)   Evacuate Collection Set: 23.5ms
[2025-04-24T21:28:51.405+0000][8.016s][info ][gc,phases   ] GC(12)   Post Evacuate Collection Set: 4.9ms
[2025-04-24T21:28:51.405+0000][8.016s][info ][gc,phases   ] GC(12)   Other: 2.3ms
[2025-04-24T21:28:51.405+0000][8.016s][info ][gc,heap     ] GC(12) Eden regions: 51->0(126)
[2025-04-24T21:28:51.405+0000][8.016s][info ][gc,heap     ] GC(12) Survivor regions: 1->5(7)
[2025-04-24T21:28:51.405+0000][8.016s][info ][gc,heap     ] GC(12) Old regions: 22->22
[2025-04-24T21:28:51.405+0000][8.016s][info ][gc,heap     ] GC(12) Archive regions: 2->2
[2025-04-24T21:28:51.405+0000][8.016s][info ][gc,heap     ] GC(12) Humongous regions: 0->0
[2025-04-24T21:28:51.405+0000][8.016s][info ][gc,metaspace] GC(12) Metaspace: 24370K(24768K)->24370K(24768K) NonClass: 21181K(21376K)->21181K(21376K) Class: 3189K(3392K)->3189K(3392K)
[2025-04-24T21:28:51.405+0000][8.016s][info ][gc          ] GC(12) Pause Young (Concurrent Start) (G1 Evacuation Pause) 73M->26M(219M) 31.334ms
[2025-04-24T21:28:51.405+0000][8.016s][info ][gc,cpu      ] GC(12) User=0.05s Sys=0.00s Real=0.03s
[2025-04-24T21:28:51.405+0000][8.016s][info ][gc          ] GC(13) Concurrent Mark Cycle
[2025-04-24T21:28:51.405+0000][8.016s][info ][gc,marking  ] GC(13) Concurrent Clear Claimed Marks
[2025-04-24T21:28:51.405+0000][8.016s][info ][gc,marking  ] GC(13) Concurrent Clear Claimed Marks 0.025ms
[2025-04-24T21:28:51.405+0000][8.016s][info ][gc,marking  ] GC(13) Concurrent Scan Root Regions
[2025-04-24T21:28:51.405+0000][8.016s][info ][safepoint   ] Safepoint "G1CollectForAllocation", Time since last: 456479240 ns, Reaching safepoint: 53502 ns, Cleanup: 60023 ns, At safepoint: 31499563 ns, Total: 31613088 ns
[2025-04-24T21:28:51.420+0000][8.031s][info ][gc,marking  ] GC(13) Concurrent Scan Root Regions 14.854ms
[2025-04-24T21:28:51.420+0000][8.031s][info ][gc,marking  ] GC(13) Concurrent Mark
[2025-04-24T21:28:51.420+0000][8.031s][info ][gc,marking  ] GC(13) Concurrent Mark From Roots
[2025-04-24T21:28:51.420+0000][8.031s][info ][gc,task     ] GC(13) Using 1 workers of 1 for marking
[2025-04-24T21:28:51.510+0000][8.120s][info ][gc,marking  ] GC(13) Concurrent Mark From Roots 89.272ms
[2025-04-24T21:28:51.510+0000][8.120s][info ][gc,marking  ] GC(13) Concurrent Preclean
[2025-04-24T21:28:51.510+0000][8.120s][info ][gc,marking  ] GC(13) Concurrent Preclean 0.355ms
[2025-04-24T21:28:51.510+0000][8.121s][debug][safepoint   ] Safepoint synchronization initiated using futex wait barrier. (14 threads)
[2025-04-24T21:28:51.510+0000][8.121s][info ][gc,start    ] GC(13) Pause Remark
[2025-04-24T21:28:51.517+0000][8.128s][info ][gc          ] GC(13) Pause Remark 42M->42M(150M) 6.945ms
[2025-04-24T21:28:51.517+0000][8.128s][info ][gc,cpu      ] GC(13) User=0.01s Sys=0.00s Real=0.00s
[2025-04-24T21:28:51.517+0000][8.128s][info ][safepoint   ] Safepoint "G1PauseRemark", Time since last: 104715478 ns, Reaching safepoint: 171767 ns, Cleanup: 4284 ns, At safepoint: 7059219 ns, Total: 7235270 ns
[2025-04-24T21:28:51.518+0000][8.128s][info ][gc,marking  ] GC(13) Concurrent Mark 97.323ms
[2025-04-24T21:28:51.518+0000][8.128s][info ][gc,marking  ] GC(13) Concurrent Rebuild Remembered Sets
[2025-04-24T21:28:51.545+0000][8.155s][info ][gc,marking  ] GC(13) Concurrent Rebuild Remembered Sets 26.969ms
[2025-04-24T21:28:51.545+0000][8.155s][debug][safepoint   ] Safepoint synchronization initiated using futex wait barrier. (14 threads)
[2025-04-24T21:28:51.545+0000][8.156s][info ][gc,start    ] GC(13) Pause Cleanup
[2025-04-24T21:28:51.549+0000][8.159s][info ][gc          ] GC(13) Pause Cleanup 46M->46M(150M) 3.750ms
[2025-04-24T21:28:51.549+0000][8.159s][info ][gc,cpu      ] GC(13) User=0.01s Sys=0.00s Real=0.01s
[2025-04-24T21:28:51.549+0000][8.159s][info ][safepoint   ] Safepoint "G1PauseCleanup", Time since last: 27516437 ns, Reaching safepoint: 214564 ns, Cleanup: 13310 ns, At safepoint: 3877796 ns, Total: 4105670 ns
[2025-04-24T21:28:51.554+0000][8.165s][info ][gc,marking  ] GC(13) Concurrent Cleanup for Next Mark
[2025-04-24T21:28:51.558+0000][8.168s][info ][gc,marking  ] GC(13) Concurrent Cleanup for Next Mark 3.880ms
[2025-04-24T21:28:51.558+0000][8.169s][info ][gc          ] GC(13) Concurrent Mark Cycle 153.048ms
[2025-04-24T21:28:52.005+0000][8.616s][debug][safepoint   ] Safepoint synchronization initiated using futex wait barrier. (14 threads)
[2025-04-24T21:28:52.010+0000][8.620s][info ][gc,start    ] GC(14) Pause Young (Normal) (G1 Evacuation Pause)
[2025-04-24T21:28:52.010+0000][8.620s][info ][gc,task     ] GC(14) Using 3 workers of 4 for evacuation
[2025-04-24T21:28:52.069+0000][8.679s][info ][gc,phases   ] GC(14)   Pre Evacuate Collection Set: 0.1ms
[2025-04-24T21:28:52.069+0000][8.679s][info ][gc,phases   ] GC(14)   Merge Heap Roots: 0.1ms
[2025-04-24T21:28:52.069+0000][8.679s][info ][gc,phases   ] GC(14)   Evacuate Collection Set: 51.5ms
[2025-04-24T21:28:52.069+0000][8.679s][info ][gc,phases   ] GC(14)   Post Evacuate Collection Set: 7.2ms
[2025-04-24T21:28:52.069+0000][8.679s][info ][gc,phases   ] GC(14)   Other: 0.2ms
[2025-04-24T21:28:52.069+0000][8.679s][info ][gc,heap     ] GC(14) Eden regions: 85->0(78)
[2025-04-24T21:28:52.069+0000][8.679s][info ][gc,heap     ] GC(14) Survivor regions: 5->12(12)
[2025-04-24T21:28:52.069+0000][8.679s][info ][gc,heap     ] GC(14) Old regions: 22->25
[2025-04-24T21:28:52.069+0000][8.679s][info ][gc,heap     ] GC(14) Archive regions: 2->2
[2025-04-24T21:28:52.069+0000][8.679s][info ][gc,heap     ] GC(14) Humongous regions: 0->0
[2025-04-24T21:28:52.069+0000][8.679s][info ][gc,metaspace] GC(14) Metaspace: 24387K(24768K)->24387K(24768K) NonClass: 21193K(21376K)->21193K(21376K) Class: 3194K(3392K)->3194K(3392K)
[2025-04-24T21:28:52.069+0000][8.680s][info ][gc          ] GC(14) Pause Young (Normal) (G1 Evacuation Pause) 111M->37M(150M) 59.311ms
[2025-04-24T21:28:52.069+0000][8.680s][info ][gc,cpu      ] GC(14) User=0.10s Sys=0.00s Real=0.06s
[2025-04-24T21:28:52.069+0000][8.680s][info ][safepoint   ] Safepoint "G1CollectForAllocation", Time since last: 456199436 ns, Reaching safepoint: 4494961 ns, Cleanup: 17508 ns, At safepoint: 59443711 ns, Total: 63956180 ns
[2025-04-24T21:28:53.069+0000][9.680s][debug][safepoint   ] Safepoint synchronization initiated using futex wait barrier. (14 threads)
[2025-04-24T21:28:53.073+0000][9.683s][info ][safepoint   ] Safepoint "Cleanup", Time since last: 1000119733 ns, Reaching safepoint: 3310895 ns, Cleanup: 136779 ns, At safepoint: 37513 ns, Total: 3485187 ns
[2025-04-24T21:28:53.113+0000][9.724s][debug][safepoint   ] Safepoint synchronization initiated using futex wait barrier. (14 threads)
[2025-04-24T21:28:53.113+0000][9.724s][info ][gc,start    ] GC(15) Pause Young (Normal) (G1 Evacuation Pause)
[2025-04-24T21:28:53.113+0000][9.724s][info ][gc,task     ] GC(15) Using 3 workers of 4 for evacuation
[2025-04-24T21:28:53.165+0000][9.776s][info ][gc,phases   ] GC(15)   Pre Evacuate Collection Set: 0.1ms
[2025-04-24T21:28:53.166+0000][9.776s][info ][gc,phases   ] GC(15)   Merge Heap Roots: 0.1ms
[2025-04-24T21:28:53.166+0000][9.776s][info ][gc,phases   ] GC(15)   Evacuate Collection Set: 46.8ms
[2025-04-24T21:28:53.166+0000][9.776s][info ][gc,phases   ] GC(15)   Post Evacuate Collection Set: 4.9ms
[2025-04-24T21:28:53.166+0000][9.776s][info ][gc,phases   ] GC(15)   Other: 0.1ms
[2025-04-24T21:28:53.166+0000][9.776s][info ][gc,heap     ] GC(15) Eden regions: 78->0(71)
[2025-04-24T21:28:53.166+0000][9.776s][info ][gc,heap     ] GC(15) Survivor regions: 12->8(12)
[2025-04-24T21:28:53.166+0000][9.776s][info ][gc,heap     ] GC(15) Old regions: 25->37
[2025-04-24T21:28:53.166+0000][9.776s][info ][gc,heap     ] GC(15) Archive regions: 2->2
[2025-04-24T21:28:53.166+0000][9.776s][info ][gc,heap     ] GC(15) Humongous regions: 0->0
[2025-04-24T21:28:53.166+0000][9.776s][info ][gc,metaspace] GC(15) Metaspace: 24734K(25152K)->24734K(25152K) NonClass: 21493K(21696K)->21493K(21696K) Class: 3240K(3456K)->3240K(3456K)
[2025-04-24T21:28:53.166+0000][9.776s][info ][gc          ] GC(15) Pause Young (Normal) (G1 Evacuation Pause) 115M->44M(150M) 52.741ms
[2025-04-24T21:28:53.166+0000][9.776s][info ][gc,cpu      ] GC(15) User=0.10s Sys=0.00s Real=0.05s
[2025-04-24T21:28:53.166+0000][9.776s][info ][safepoint   ] Safepoint "G1CollectForAllocation", Time since last: 40290112 ns, Reaching safepoint: 58228 ns, Cleanup: 4963 ns, At safepoint: 52821901 ns, Total: 52885092 ns
[2025-04-24T21:28:53.238+0000][9.848s][debug][safepoint   ] ... found polling page loop exception at pc = 0x00007cdd44f20e85, stub =0x00007cdd4498e400
[2025-04-24T21:28:54.123+0000][10.733s][debug][safepoint   ] Safepoint synchronization initiated using futex wait barrier. (14 threads)
[2025-04-24T21:28:54.123+0000][10.734s][info ][gc,start    ] GC(16) Pause Young (Normal) (G1 Evacuation Pause)
[2025-04-24T21:28:54.123+0000][10.734s][info ][gc,task     ] GC(16) Using 3 workers of 4 for evacuation
[2025-04-24T21:28:54.151+0000][10.761s][info ][gc,phases   ] GC(16)   Pre Evacuate Collection Set: 0.7ms
[2025-04-24T21:28:54.151+0000][10.761s][info ][gc,phases   ] GC(16)   Merge Heap Roots: 0.1ms
[2025-04-24T21:28:54.151+0000][10.761s][info ][gc,phases   ] GC(16)   Evacuate Collection Set: 24.3ms
[2025-04-24T21:28:54.151+0000][10.761s][info ][gc,phases   ] GC(16)   Post Evacuate Collection Set: 2.4ms
[2025-04-24T21:28:54.151+0000][10.761s][info ][gc,phases   ] GC(16)   Other: 0.1ms
[2025-04-24T21:28:54.151+0000][10.761s][info ][gc,heap     ] GC(16) Eden regions: 71->0(67)
[2025-04-24T21:28:54.151+0000][10.761s][info ][gc,heap     ] GC(16) Survivor regions: 8->6(10)
[2025-04-24T21:28:54.151+0000][10.761s][info ][gc,heap     ] GC(16) Old regions: 37->45
[2025-04-24T21:28:54.151+0000][10.761s][info ][gc,heap     ] GC(16) Archive regions: 2->2
[2025-04-24T21:28:54.151+0000][10.761s][info ][gc,heap     ] GC(16) Humongous regions: 0->0
[2025-04-24T21:28:54.151+0000][10.761s][info ][gc,metaspace] GC(16) Metaspace: 25051K(25408K)->25051K(25408K) NonClass: 21780K(21952K)->21780K(21952K) Class: 3270K(3456K)->3270K(3456K)
[2025-04-24T21:28:54.151+0000][10.761s][info ][gc          ] GC(16) Pause Young (Normal) (G1 Evacuation Pause) 115M->50M(150M) 27.740ms
[2025-04-24T21:28:54.151+0000][10.761s][info ][gc,cpu      ] GC(16) User=0.06s Sys=0.00s Real=0.03s
[2025-04-24T21:28:54.151+0000][10.762s][info ][safepoint   ] Safepoint "G1CollectForAllocation", Time since last: 956975124 ns, Reaching safepoint: 66852 ns, Cleanup: 120228 ns, At safepoint: 28160797 ns, Total: 28347877 ns
[2025-04-24T21:28:54.990+0000][11.600s][debug][safepoint   ] Safepoint synchronization initiated using futex wait barrier. (14 threads)
[2025-04-24T21:28:54.990+0000][11.600s][info ][gc,start    ] GC(17) Pause Young (Normal) (G1 Evacuation Pause)
[2025-04-24T21:28:54.990+0000][11.600s][info ][gc,task     ] GC(17) Using 3 workers of 4 for evacuation
[2025-04-24T21:28:55.027+0000][11.637s][info ][gc,phases   ] GC(17)   Pre Evacuate Collection Set: 0.1ms
[2025-04-24T21:28:55.027+0000][11.637s][info ][gc,phases   ] GC(17)   Merge Heap Roots: 0.1ms
[2025-04-24T21:28:55.027+0000][11.637s][info ][gc,phases   ] GC(17)   Evacuate Collection Set: 27.1ms
[2025-04-24T21:28:55.027+0000][11.637s][info ][gc,phases   ] GC(17)   Post Evacuate Collection Set: 9.1ms
[2025-04-24T21:28:55.027+0000][11.637s][info ][gc,phases   ] GC(17)   Other: 0.2ms
[2025-04-24T21:28:55.027+0000][11.637s][info ][gc,heap     ] GC(17) Eden regions: 67->0(157)
[2025-04-24T21:28:55.027+0000][11.637s][info ][gc,heap     ] GC(17) Survivor regions: 6->8(10)
[2025-04-24T21:28:55.027+0000][11.637s][info ][gc,heap     ] GC(17) Old regions: 45->45
[2025-04-24T21:28:55.027+0000][11.637s][info ][gc,heap     ] GC(17) Archive regions: 2->2
[2025-04-24T21:28:55.027+0000][11.637s][info ][gc,heap     ] GC(17) Humongous regions: 0->0
[2025-04-24T21:28:55.027+0000][11.637s][info ][gc,metaspace] GC(17) Metaspace: 25148K(25536K)->25148K(25536K) NonClass: 21874K(22080K)->21874K(22080K) Class: 3274K(3456K)->3274K(3456K)
[2025-04-24T21:28:55.027+0000][11.638s][info ][gc          ] GC(17) Pause Young (Normal) (G1 Evacuation Pause) 117M->52M(276M) 37.078ms
[2025-04-24T21:28:55.027+0000][11.638s][info ][gc,cpu      ] GC(17) User=0.06s Sys=0.00s Real=0.03s
[2025-04-24T21:28:55.028+0000][11.638s][info ][safepoint   ] Safepoint "G1CollectForAllocation", Time since last: 838461003 ns, Reaching safepoint: 81731 ns, Cleanup: 114347 ns, At safepoint: 37901007 ns, Total: 38097085 ns
[2025-04-24T21:28:56.032+0000][12.642s][debug][safepoint   ] Safepoint synchronization initiated using futex wait barrier. (14 threads)
[2025-04-24T21:28:56.033+0000][12.644s][debug][safepoint   ] ... found polling page loop exception at pc = 0x00007cdd44f657d1, stub =0x00007cdd4498e400
[2025-04-24T21:28:56.034+0000][12.645s][info ][safepoint   ] Safepoint "Cleanup", Time since last: 1003813262 ns, Reaching safepoint: 2474263 ns, Cleanup: 177636 ns, At safepoint: 23713 ns, Total: 2675612 ns
[2025-04-24T21:28:57.036+0000][13.646s][debug][safepoint   ] Safepoint synchronization initiated using futex wait barrier. (15 threads)
[2025-04-24T21:28:57.036+0000][13.646s][info ][safepoint   ] Safepoint "Cleanup", Time since last: 1001435305 ns, Reaching safepoint: 150676 ns, Cleanup: 77312 ns, At safepoint: 13067 ns, Total: 241055 ns
[2025-04-24T21:28:57.380+0000][13.991s][debug][safepoint   ] Safepoint synchronization initiated using futex wait barrier. (15 threads)
[2025-04-24T21:28:57.381+0000][13.991s][info ][gc,start    ] GC(18) Pause Young (Normal) (G1 Evacuation Pause)
[2025-04-24T21:28:57.381+0000][13.991s][info ][gc,task     ] GC(18) Using 4 workers of 4 for evacuation
[2025-04-24T21:28:57.399+0000][14.009s][info ][gc,phases   ] GC(18)   Pre Evacuate Collection Set: 0.6ms
[2025-04-24T21:28:57.399+0000][14.010s][info ][gc,phases   ] GC(18)   Merge Heap Roots: 0.1ms
[2025-04-24T21:28:57.399+0000][14.010s][info ][gc,phases   ] GC(18)   Evacuate Collection Set: 15.8ms
[2025-04-24T21:28:57.399+0000][14.010s][info ][gc,phases   ] GC(18)   Post Evacuate Collection Set: 1.8ms
[2025-04-24T21:28:57.399+0000][14.010s][info ][gc,phases   ] GC(18)   Other: 0.2ms
[2025-04-24T21:28:57.399+0000][14.010s][info ][gc,heap     ] GC(18) Eden regions: 157->0(153)
[2025-04-24T21:28:57.399+0000][14.010s][info ][gc,heap     ] GC(18) Survivor regions: 8->12(21)
[2025-04-24T21:28:57.399+0000][14.010s][info ][gc,heap     ] GC(18) Old regions: 45->45
[2025-04-24T21:28:57.399+0000][14.010s][info ][gc,heap     ] GC(18) Archive regions: 2->2
[2025-04-24T21:28:57.399+0000][14.010s][info ][gc,heap     ] GC(18) Humongous regions: 0->0
[2025-04-24T21:28:57.399+0000][14.010s][info ][gc,metaspace] GC(18) Metaspace: 26848K(27200K)->26848K(27200K) NonClass: 23435K(23616K)->23435K(23616K) Class: 3412K(3584K)->3412K(3584K)
[2025-04-24T21:28:57.399+0000][14.010s][info ][gc          ] GC(18) Pause Young (Normal) (G1 Evacuation Pause) 209M->56M(276M) 18.656ms
[2025-04-24T21:28:57.399+0000][14.010s][info ][gc,cpu      ] GC(18) User=0.03s Sys=0.00s Real=0.02s
[2025-04-24T21:28:57.399+0000][14.010s][info ][safepoint   ] Safepoint "G1CollectForAllocation", Time since last: 344422740 ns, Reaching safepoint: 65124 ns, Cleanup: 19684 ns, At safepoint: 18720777 ns, Total: 18805585 ns
[2025-04-24T21:28:58.399+0000][15.010s][debug][safepoint   ] Safepoint synchronization initiated using futex wait barrier. (14 threads)
[2025-04-24T21:28:58.400+0000][15.010s][info ][safepoint   ] Safepoint "Cleanup", Time since last: 1000092072 ns, Reaching safepoint: 273235 ns, Cleanup: 67104 ns, At safepoint: 8293 ns, Total: 348632 ns
[2025-04-24T21:28:58.799+0000][15.410s][debug][safepoint   ] Safepoint synchronization initiated using futex wait barrier. (15 threads)
[2025-04-24T21:28:58.799+0000][15.410s][info ][gc,start    ] GC(19) Pause Young (Normal) (G1 Evacuation Pause)
[2025-04-24T21:28:58.799+0000][15.410s][info ][gc,task     ] GC(19) Using 4 workers of 4 for evacuation
[2025-04-24T21:28:58.811+0000][15.422s][info ][gc,phases   ] GC(19)   Pre Evacuate Collection Set: 0.1ms
[2025-04-24T21:28:58.811+0000][15.422s][info ][gc,phases   ] GC(19)   Merge Heap Roots: 0.2ms
[2025-04-24T21:28:58.811+0000][15.422s][info ][gc,phases   ] GC(19)   Evacuate Collection Set: 10.6ms
[2025-04-24T21:28:58.811+0000][15.422s][info ][gc,phases   ] GC(19)   Post Evacuate Collection Set: 1.2ms
[2025-04-24T21:28:58.811+0000][15.422s][info ][gc,phases   ] GC(19)   Other: 0.1ms
[2025-04-24T21:28:58.811+0000][15.422s][info ][gc,heap     ] GC(19) Eden regions: 153->0(156)
[2025-04-24T21:28:58.811+0000][15.422s][info ][gc,heap     ] GC(19) Survivor regions: 12->9(21)
[2025-04-24T21:28:58.811+0000][15.422s][info ][gc,heap     ] GC(19) Old regions: 45->48
[2025-04-24T21:28:58.811+0000][15.422s][info ][gc,heap     ] GC(19) Archive regions: 2->2
[2025-04-24T21:28:58.811+0000][15.422s][info ][gc,heap     ] GC(19) Humongous regions: 0->0
[2025-04-24T21:28:58.811+0000][15.422s][info ][gc,metaspace] GC(19) Metaspace: 31860K(32192K)->31860K(32192K) NonClass: 27935K(28096K)->27935K(28096K) Class: 3925K(4096K)->3925K(4096K)
[2025-04-24T21:28:58.812+0000][15.422s][info ][gc          ] GC(19) Pause Young (Normal) (G1 Evacuation Pause) 209M->57M(276M) 12.241ms
[2025-04-24T21:28:58.812+0000][15.422s][info ][gc,cpu      ] GC(19) User=0.04s Sys=0.00s Real=0.01s
[2025-04-24T21:28:58.812+0000][15.422s][info ][safepoint   ] Safepoint "G1CollectForAllocation", Time since last: 399519632 ns, Reaching safepoint: 44213 ns, Cleanup: 16956 ns, At safepoint: 12288553 ns, Total: 12349722 ns
[2025-04-24T21:28:59.639+0000][16.249s][debug][safepoint   ] Safepoint synchronization initiated using futex wait barrier. (15 threads)
[2025-04-24T21:28:59.641+0000][16.252s][info ][safepoint   ] Safepoint "ICBufferFull", Time since last: 827026081 ns, Reaching safepoint: 266664 ns, Cleanup: 111527 ns, At safepoint: 2164749 ns, Total: 2542940 ns
[2025-04-24T21:29:00.144+0000][16.755s][debug][safepoint   ] Safepoint synchronization initiated using futex wait barrier. (15 threads)
[2025-04-24T21:29:00.144+0000][16.755s][info ][gc,start    ] GC(20) Pause Young (Normal) (G1 Evacuation Pause)
[2025-04-24T21:29:00.145+0000][16.755s][info ][gc,task     ] GC(20) Using 4 workers of 4 for evacuation
[2025-04-24T21:29:00.169+0000][16.779s][info ][gc,phases   ] GC(20)   Pre Evacuate Collection Set: 0.2ms
[2025-04-24T21:29:00.169+0000][16.779s][info ][gc,phases   ] GC(20)   Merge Heap Roots: 0.1ms
[2025-04-24T21:29:00.169+0000][16.779s][info ][gc,phases   ] GC(20)   Evacuate Collection Set: 21.1ms
[2025-04-24T21:29:00.169+0000][16.779s][info ][gc,phases   ] GC(20)   Post Evacuate Collection Set: 2.5ms
[2025-04-24T21:29:00.169+0000][16.779s][info ][gc,phases   ] GC(20)   Other: 0.4ms
[2025-04-24T21:29:00.169+0000][16.779s][info ][gc,heap     ] GC(20) Eden regions: 156->0(154)
[2025-04-24T21:29:00.169+0000][16.779s][info ][gc,heap     ] GC(20) Survivor regions: 9->11(21)
[2025-04-24T21:29:00.169+0000][16.779s][info ][gc,heap     ] GC(20) Old regions: 48->48
[2025-04-24T21:29:00.169+0000][16.779s][info ][gc,heap     ] GC(20) Archive regions: 2->2
[2025-04-24T21:29:00.169+0000][16.779s][info ][gc,heap     ] GC(20) Humongous regions: 0->0
[2025-04-24T21:29:00.169+0000][16.779s][info ][gc,metaspace] GC(20) Metaspace: 34767K(35136K)->34767K(35136K) NonClass: 30479K(30656K)->30479K(30656K) Class: 4287K(4480K)->4287K(4480K)
[2025-04-24T21:29:00.169+0000][16.779s][info ][gc          ] GC(20) Pause Young (Normal) (G1 Evacuation Pause) 213M->58M(276M) 24.505ms
[2025-04-24T21:29:00.169+0000][16.779s][info ][gc,cpu      ] GC(20) User=0.07s Sys=0.00s Real=0.03s
[2025-04-24T21:29:00.169+0000][16.779s][info ][safepoint   ] Safepoint "G1CollectForAllocation", Time since last: 503013235 ns, Reaching safepoint: 277863 ns, Cleanup: 68312 ns, At safepoint: 24569498 ns, Total: 24915673 ns
[2025-04-24T21:29:01.267+0000][17.877s][debug][safepoint   ] Safepoint synchronization initiated using futex wait barrier. (15 threads)
[2025-04-24T21:29:01.267+0000][17.878s][info ][safepoint   ] Safepoint "Cleanup", Time since last: 1097704896 ns, Reaching safepoint: 240067 ns, Cleanup: 88280 ns, At safepoint: 5517 ns, Total: 333864 ns
[2025-04-24T21:29:01.580+0000][18.190s][debug][safepoint   ] Safepoint synchronization initiated using futex wait barrier. (15 threads)
[2025-04-24T21:29:01.580+0000][18.190s][info ][gc,start    ] GC(21) Pause Young (Normal) (G1 Evacuation Pause)
[2025-04-24T21:29:01.580+0000][18.190s][info ][gc,task     ] GC(21) Using 4 workers of 4 for evacuation
[2025-04-24T21:29:01.601+0000][18.211s][info ][gc,phases   ] GC(21)   Pre Evacuate Collection Set: 0.1ms
[2025-04-24T21:29:01.601+0000][18.211s][info ][gc,phases   ] GC(21)   Merge Heap Roots: 0.1ms
[2025-04-24T21:29:01.601+0000][18.211s][info ][gc,phases   ] GC(21)   Evacuate Collection Set: 15.2ms
[2025-04-24T21:29:01.601+0000][18.211s][info ][gc,phases   ] GC(21)   Post Evacuate Collection Set: 5.2ms
[2025-04-24T21:29:01.601+0000][18.211s][info ][gc,phases   ] GC(21)   Other: 0.1ms
[2025-04-24T21:29:01.601+0000][18.211s][info ][gc,heap     ] GC(21) Eden regions: 154->0(154)
[2025-04-24T21:29:01.601+0000][18.211s][info ][gc,heap     ] GC(21) Survivor regions: 11->11(21)
[2025-04-24T21:29:01.601+0000][18.211s][info ][gc,heap     ] GC(21) Old regions: 48->48
[2025-04-24T21:29:01.601+0000][18.211s][info ][gc,heap     ] GC(21) Archive regions: 2->2
[2025-04-24T21:29:01.601+0000][18.211s][info ][gc,heap     ] GC(21) Humongous regions: 0->0
[2025-04-24T21:29:01.601+0000][18.211s][info ][gc,metaspace] GC(21) Metaspace: 38390K(38784K)->38390K(38784K) NonClass: 33548K(33728K)->33548K(33728K) Class: 4842K(5056K)->4842K(5056K)
[2025-04-24T21:29:01.601+0000][18.211s][info ][gc          ] GC(21) Pause Young (Normal) (G1 Evacuation Pause) 212M->58M(276M) 20.864ms
[2025-04-24T21:29:01.601+0000][18.211s][info ][gc,cpu      ] GC(21) User=0.04s Sys=0.00s Real=0.02s
[2025-04-24T21:29:01.601+0000][18.211s][info ][safepoint   ] Safepoint "G1CollectForAllocation", Time since last: 312647170 ns, Reaching safepoint: 71573 ns, Cleanup: 55677 ns, At safepoint: 20921895 ns, Total: 21049145 ns
[2025-04-24T21:29:02.601+0000][19.211s][debug][safepoint   ] Safepoint synchronization initiated using futex wait barrier. (15 threads)
[2025-04-24T21:29:02.602+0000][19.212s][info ][safepoint   ] Safepoint "Cleanup", Time since last: 1000100432 ns, Reaching safepoint: 840240 ns, Cleanup: 150633 ns, At safepoint: 7267 ns, Total: 998140 ns
[2025-04-24T21:29:02.900+0000][19.510s][debug][safepoint   ] Safepoint synchronization initiated using futex wait barrier. (15 threads)
[2025-04-24T21:29:02.900+0000][19.510s][info ][gc,start    ] GC(22) Pause Young (Concurrent Start) (Metadata GC Threshold)
[2025-04-24T21:29:02.900+0000][19.511s][info ][gc,task     ] GC(22) Using 4 workers of 4 for evacuation
[2025-04-24T21:29:02.921+0000][19.532s][info ][gc,phases   ] GC(22)   Pre Evacuate Collection Set: 0.2ms
[2025-04-24T21:29:02.921+0000][19.532s][info ][gc,phases   ] GC(22)   Merge Heap Roots: 0.1ms
[2025-04-24T21:29:02.921+0000][19.532s][info ][gc,phases   ] GC(22)   Evacuate Collection Set: 19.2ms
[2025-04-24T21:29:02.921+0000][19.532s][info ][gc,phases   ] GC(22)   Post Evacuate Collection Set: 1.4ms
[2025-04-24T21:29:02.921+0000][19.532s][info ][gc,phases   ] GC(22)   Other: 0.3ms
[2025-04-24T21:29:02.921+0000][19.532s][info ][gc,heap     ] GC(22) Eden regions: 127->0(153)
[2025-04-24T21:29:02.921+0000][19.532s][info ][gc,heap     ] GC(22) Survivor regions: 11->12(21)
[2025-04-24T21:29:02.921+0000][19.532s][info ][gc,heap     ] GC(22) Old regions: 48->48
[2025-04-24T21:29:02.921+0000][19.532s][info ][gc,heap     ] GC(22) Archive regions: 2->2
[2025-04-24T21:29:02.921+0000][19.532s][info ][gc,heap     ] GC(22) Humongous regions: 0->0
[2025-04-24T21:29:02.921+0000][19.532s][info ][gc,metaspace] GC(22) Metaspace: 40923K(41280K)->40923K(41280K) NonClass: 35812K(35968K)->35812K(35968K) Class: 5110K(5312K)->5110K(5312K)
[2025-04-24T21:29:02.921+0000][19.532s][info ][gc          ] GC(22) Pause Young (Concurrent Start) (Metadata GC Threshold) 185M->60M(276M) 21.356ms
[2025-04-24T21:29:02.921+0000][19.532s][info ][gc,cpu      ] GC(22) User=0.05s Sys=0.00s Real=0.02s
[2025-04-24T21:29:02.921+0000][19.532s][info ][safepoint   ] Safepoint "CollectForMetadataAllocation", Time since last: 297862135 ns, Reaching safepoint: 174879 ns, Cleanup: 23007 ns, At safepoint: 21449165 ns, Total: 21647051 ns
[2025-04-24T21:29:02.921+0000][19.532s][info ][gc          ] GC(23) Concurrent Mark Cycle
[2025-04-24T21:29:02.922+0000][19.532s][info ][gc,marking  ] GC(23) Concurrent Clear Claimed Marks
[2025-04-24T21:29:02.922+0000][19.532s][info ][gc,marking  ] GC(23) Concurrent Clear Claimed Marks 0.034ms
[2025-04-24T21:29:02.922+0000][19.532s][info ][gc,marking  ] GC(23) Concurrent Scan Root Regions
[2025-04-24T21:29:02.960+0000][19.570s][info ][gc,marking  ] GC(23) Concurrent Scan Root Regions 38.109ms
[2025-04-24T21:29:02.960+0000][19.570s][info ][gc,marking  ] GC(23) Concurrent Mark
[2025-04-24T21:29:02.960+0000][19.570s][info ][gc,marking  ] GC(23) Concurrent Mark From Roots
[2025-04-24T21:29:02.960+0000][19.570s][info ][gc,task     ] GC(23) Using 1 workers of 1 for marking
[2025-04-24T21:29:03.079+0000][19.690s][info ][gc,marking  ] GC(23) Concurrent Mark From Roots 119.737ms
[2025-04-24T21:29:03.080+0000][19.690s][info ][gc,marking  ] GC(23) Concurrent Preclean
[2025-04-24T21:29:03.080+0000][19.690s][info ][gc,marking  ] GC(23) Concurrent Preclean 0.391ms
[2025-04-24T21:29:03.083+0000][19.693s][debug][safepoint   ] Safepoint synchronization initiated using futex wait barrier. (15 threads)
[2025-04-24T21:29:03.083+0000][19.693s][info ][gc,start    ] GC(23) Pause Remark
[2025-04-24T21:29:03.096+0000][19.706s][info ][gc          ] GC(23) Pause Remark 71M->71M(244M) 12.752ms
[2025-04-24T21:29:03.096+0000][19.706s][info ][gc,cpu      ] GC(23) User=0.02s Sys=0.00s Real=0.01s
[2025-04-24T21:29:03.096+0000][19.706s][info ][safepoint   ] Safepoint "G1PauseRemark", Time since last: 161342333 ns, Reaching safepoint: 254345 ns, Cleanup: 13119 ns, At safepoint: 12842202 ns, Total: 13109666 ns
[2025-04-24T21:29:03.096+0000][19.706s][info ][gc,marking  ] GC(23) Concurrent Mark 136.132ms
[2025-04-24T21:29:03.096+0000][19.706s][info ][gc,marking  ] GC(23) Concurrent Rebuild Remembered Sets
[2025-04-24T21:29:03.185+0000][19.796s][info ][gc,marking  ] GC(23) Concurrent Rebuild Remembered Sets 89.292ms
[2025-04-24T21:29:03.185+0000][19.796s][debug][safepoint   ] Safepoint synchronization initiated using futex wait barrier. (15 threads)
[2025-04-24T21:29:03.186+0000][19.797s][info ][gc,start    ] GC(23) Pause Cleanup
[2025-04-24T21:29:03.187+0000][19.797s][info ][gc          ] GC(23) Pause Cleanup 80M->80M(244M) 0.160ms
[2025-04-24T21:29:03.187+0000][19.797s][info ][gc,cpu      ] GC(23) User=0.00s Sys=0.00s Real=0.00s
[2025-04-24T21:29:03.187+0000][19.797s][info ][safepoint   ] Safepoint "G1PauseCleanup", Time since last: 89406182 ns, Reaching safepoint: 1208298 ns, Cleanup: 23570 ns, At safepoint: 206721 ns, Total: 1438589 ns
[2025-04-24T21:29:03.187+0000][19.797s][info ][gc,marking  ] GC(23) Concurrent Cleanup for Next Mark
[2025-04-24T21:29:03.190+0000][19.801s][info ][gc,marking  ] GC(23) Concurrent Cleanup for Next Mark 3.360ms
[2025-04-24T21:29:03.191+0000][19.801s][info ][gc          ] GC(23) Concurrent Mark Cycle 269.106ms
[2025-04-24T21:29:03.837+0000][20.448s][debug][safepoint   ] ... found polling page loop exception at pc = 0x00007cdd452916a7, stub =0x00007cdd4498e400
[2025-04-24T21:29:04.190+0000][20.801s][debug][safepoint   ] Safepoint synchronization initiated using futex wait barrier. (15 threads)
[2025-04-24T21:29:04.191+0000][20.801s][info ][safepoint   ] Safepoint "Cleanup", Time since last: 1003403021 ns, Reaching safepoint: 626731 ns, Cleanup: 76981 ns, At safepoint: 10697 ns, Total: 714409 ns
[2025-04-24T21:29:04.352+0000][20.963s][debug][safepoint   ] Safepoint synchronization initiated using futex wait barrier. (15 threads)
[2025-04-24T21:29:04.352+0000][20.963s][info ][gc,start    ] GC(24) Pause Young (Prepare Mixed) (G1 Evacuation Pause)
[2025-04-24T21:29:04.352+0000][20.963s][info ][gc,task     ] GC(24) Using 4 workers of 4 for evacuation
[2025-04-24T21:29:04.365+0000][20.975s][info ][gc,phases   ] GC(24)   Pre Evacuate Collection Set: 0.2ms
[2025-04-24T21:29:04.365+0000][20.976s][info ][gc,phases   ] GC(24)   Merge Heap Roots: 0.1ms
[2025-04-24T21:29:04.365+0000][20.976s][info ][gc,phases   ] GC(24)   Evacuate Collection Set: 11.1ms
[2025-04-24T21:29:04.365+0000][20.976s][info ][gc,phases   ] GC(24)   Post Evacuate Collection Set: 1.2ms
[2025-04-24T21:29:04.365+0000][20.976s][info ][gc,phases   ] GC(24)   Other: 0.1ms
[2025-04-24T21:29:04.365+0000][20.976s][info ][gc,heap     ] GC(24) Eden regions: 134->0(2)
[2025-04-24T21:29:04.365+0000][20.976s][info ][gc,heap     ] GC(24) Survivor regions: 12->10(19)
[2025-04-24T21:29:04.365+0000][20.976s][info ][gc,heap     ] GC(24) Old regions: 48->52
[2025-04-24T21:29:04.365+0000][20.976s][info ][gc,heap     ] GC(24) Archive regions: 2->2
[2025-04-24T21:29:04.365+0000][20.976s][info ][gc,heap     ] GC(24) Humongous regions: 0->0
[2025-04-24T21:29:04.365+0000][20.976s][info ][gc,metaspace] GC(24) Metaspace: 43028K(43456K)->43028K(43456K) NonClass: 37547K(37760K)->37547K(37760K) Class: 5480K(5696K)->5480K(5696K)
[2025-04-24T21:29:04.365+0000][20.976s][info ][gc          ] GC(24) Pause Young (Prepare Mixed) (G1 Evacuation Pause) 194M->61M(244M) 12.739ms
[2025-04-24T21:29:04.365+0000][20.976s][info ][gc,cpu      ] GC(24) User=0.05s Sys=0.00s Real=0.01s
[2025-04-24T21:29:04.366+0000][20.977s][info ][safepoint   ] Safepoint "G1CollectForAllocation", Time since last: 161482311 ns, Reaching safepoint: 64412 ns, Cleanup: 28692 ns, At safepoint: 14029019 ns, Total: 14122123 ns
[2025-04-24T21:29:04.382+0000][20.992s][debug][safepoint   ] Safepoint synchronization initiated using futex wait barrier. (15 threads)
[2025-04-24T21:29:04.382+0000][20.992s][info ][gc,start    ] GC(25) Pause Young (Mixed) (G1 Evacuation Pause)
[2025-04-24T21:29:04.382+0000][20.992s][info ][gc,task     ] GC(25) Using 4 workers of 4 for evacuation
[2025-04-24T21:29:04.394+0000][21.005s][info ][gc,phases   ] GC(25)   Pre Evacuate Collection Set: 0.1ms
[2025-04-24T21:29:04.394+0000][21.005s][info ][gc,phases   ] GC(25)   Merge Heap Roots: 0.1ms
[2025-04-24T21:29:04.394+0000][21.005s][info ][gc,phases   ] GC(25)   Evacuate Collection Set: 11.1ms
[2025-04-24T21:29:04.394+0000][21.005s][info ][gc,phases   ] GC(25)   Post Evacuate Collection Set: 1.2ms
[2025-04-24T21:29:04.394+0000][21.005s][info ][gc,phases   ] GC(25)   Other: 0.1ms
[2025-04-24T21:29:04.394+0000][21.005s][info ][gc,heap     ] GC(25) Eden regions: 2->0(144)
[2025-04-24T21:29:04.394+0000][21.005s][info ][gc,heap     ] GC(25) Survivor regions: 10->2(2)
[2025-04-24T21:29:04.394+0000][21.005s][info ][gc,heap     ] GC(25) Old regions: 52->59
[2025-04-24T21:29:04.394+0000][21.005s][info ][gc,heap     ] GC(25) Archive regions: 2->2
[2025-04-24T21:29:04.394+0000][21.005s][info ][gc,heap     ] GC(25) Humongous regions: 0->0
[2025-04-24T21:29:04.394+0000][21.005s][info ][gc,metaspace] GC(25) Metaspace: 43081K(43520K)->43081K(43520K) NonClass: 37588K(37824K)->37588K(37824K) Class: 5493K(5696K)->5493K(5696K)
[2025-04-24T21:29:04.394+0000][21.005s][info ][gc          ] GC(25) Pause Young (Mixed) (G1 Evacuation Pause) 63M->60M(244M) 12.651ms
[2025-04-24T21:29:04.394+0000][21.005s][info ][gc,cpu      ] GC(25) User=0.05s Sys=0.00s Real=0.01s
[2025-04-24T21:29:04.394+0000][21.005s][info ][safepoint   ] Safepoint "G1CollectForAllocation", Time since last: 15336327 ns, Reaching safepoint: 51933 ns, Cleanup: 3929 ns, At safepoint: 12703374 ns, Total: 12759236 ns
[2025-04-24T21:29:05.436+0000][22.046s][debug][safepoint   ] Safepoint synchronization initiated using futex wait barrier. (15 threads)
[2025-04-24T21:29:05.437+0000][22.047s][info ][safepoint   ] Safepoint "Cleanup", Time since last: 1041236749 ns, Reaching safepoint: 847648 ns, Cleanup: 106418 ns, At safepoint: 6761 ns, Total: 960827 ns
[2025-04-24T21:29:06.252+0000][22.863s][debug][safepoint   ] Safepoint synchronization initiated using futex wait barrier. (15 threads)
[2025-04-24T21:29:06.252+0000][22.863s][info ][gc,start    ] GC(26) Pause Young (Normal) (G1 Evacuation Pause)
[2025-04-24T21:29:06.253+0000][22.863s][info ][gc,task     ] GC(26) Using 4 workers of 4 for evacuation
[2025-04-24T21:29:06.261+0000][22.872s][info ][gc,phases   ] GC(26)   Pre Evacuate Collection Set: 0.1ms
[2025-04-24T21:29:06.261+0000][22.872s][info ][gc,phases   ] GC(26)   Merge Heap Roots: 0.3ms
[2025-04-24T21:29:06.261+0000][22.872s][info ][gc,phases   ] GC(26)   Evacuate Collection Set: 7.3ms
[2025-04-24T21:29:06.261+0000][22.872s][info ][gc,phases   ] GC(26)   Post Evacuate Collection Set: 1.0ms
[2025-04-24T21:29:06.261+0000][22.872s][info ][gc,phases   ] GC(26)   Other: 0.2ms
[2025-04-24T21:29:06.261+0000][22.872s][info ][gc,heap     ] GC(26) Eden regions: 144->0(142)
[2025-04-24T21:29:06.261+0000][22.872s][info ][gc,heap     ] GC(26) Survivor regions: 2->4(19)
[2025-04-24T21:29:06.261+0000][22.872s][info ][gc,heap     ] GC(26) Old regions: 59->59
[2025-04-24T21:29:06.261+0000][22.872s][info ][gc,heap     ] GC(26) Archive regions: 2->2
[2025-04-24T21:29:06.261+0000][22.872s][info ][gc,heap     ] GC(26) Humongous regions: 0->0
[2025-04-24T21:29:06.261+0000][22.872s][info ][gc,metaspace] GC(26) Metaspace: 48357K(48768K)->48357K(48768K) NonClass: 42173K(42368K)->42173K(42368K) Class: 6183K(6400K)->6183K(6400K)
[2025-04-24T21:29:06.261+0000][22.872s][info ][gc          ] GC(26) Pause Young (Normal) (G1 Evacuation Pause) 204M->62M(244M) 8.969ms
[2025-04-24T21:29:06.261+0000][22.872s][info ][gc,cpu      ] GC(26) User=0.03s Sys=0.00s Real=0.01s
[2025-04-24T21:29:06.262+0000][22.872s][info ][safepoint   ] Safepoint "G1CollectForAllocation", Time since last: 815439078 ns, Reaching safepoint: 219137 ns, Cleanup: 66486 ns, At safepoint: 9112691 ns, Total: 9398314 ns
[2025-04-24T21:29:06.876+0000][23.486s][debug][safepoint   ] Safepoint synchronization initiated using futex wait barrier. (15 threads)
[2025-04-24T21:29:06.876+0000][23.487s][info ][safepoint   ] Safepoint "ICBufferFull", Time since last: 614196878 ns, Reaching safepoint: 466678 ns, Cleanup: 126492 ns, At safepoint: 5272 ns, Total: 598442 ns
[2025-04-24T21:29:08.197+0000][24.808s][debug][safepoint   ] Safepoint synchronization initiated using futex wait barrier. (17 threads)
[2025-04-24T21:29:08.197+0000][24.808s][info ][safepoint   ] Safepoint "Cleanup", Time since last: 1320870018 ns, Reaching safepoint: 120059 ns, Cleanup: 83205 ns, At safepoint: 12569 ns, Total: 215833 ns
[2025-04-24T21:29:08.501+0000][25.111s][debug][safepoint   ] ... found polling page loop exception at pc = 0x00007cdd450ed046, stub =0x00007cdd4498e400
[2025-04-24T21:29:08.826+0000][25.436s][debug][safepoint   ] Safepoint synchronization initiated using futex wait barrier. (17 threads)
[2025-04-24T21:29:08.826+0000][25.437s][info ][safepoint   ] Safepoint "ICBufferFull", Time since last: 628187857 ns, Reaching safepoint: 434281 ns, Cleanup: 116883 ns, At safepoint: 4701 ns, Total: 555865 ns
[2025-04-24T21:29:08.911+0000][25.522s][debug][safepoint   ] Safepoint synchronization initiated using futex wait barrier. (17 threads)
[2025-04-24T21:29:08.911+0000][25.522s][info ][gc,start    ] GC(27) Pause Young (Normal) (G1 Evacuation Pause)
[2025-04-24T21:29:08.912+0000][25.522s][info ][gc,task     ] GC(27) Using 4 workers of 4 for evacuation
[2025-04-24T21:29:08.923+0000][25.533s][info ][gc,phases   ] GC(27)   Pre Evacuate Collection Set: 0.1ms
[2025-04-24T21:29:08.923+0000][25.533s][info ][gc,phases   ] GC(27)   Merge Heap Roots: 0.1ms
[2025-04-24T21:29:08.923+0000][25.533s][info ][gc,phases   ] GC(27)   Evacuate Collection Set: 9.8ms
[2025-04-24T21:29:08.923+0000][25.533s][info ][gc,phases   ] GC(27)   Post Evacuate Collection Set: 1.2ms
[2025-04-24T21:29:08.923+0000][25.533s][info ][gc,phases   ] GC(27)   Other: 0.1ms
[2025-04-24T21:29:08.923+0000][25.533s][info ][gc,heap     ] GC(27) Eden regions: 142->0(138)
[2025-04-24T21:29:08.923+0000][25.533s][info ][gc,heap     ] GC(27) Survivor regions: 4->8(19)
[2025-04-24T21:29:08.923+0000][25.533s][info ][gc,heap     ] GC(27) Old regions: 59->59
[2025-04-24T21:29:08.923+0000][25.533s][info ][gc,heap     ] GC(27) Archive regions: 2->2
[2025-04-24T21:29:08.923+0000][25.533s][info ][gc,heap     ] GC(27) Humongous regions: 0->0
[2025-04-24T21:29:08.923+0000][25.533s][info ][gc,metaspace] GC(27) Metaspace: 55182K(55616K)->55182K(55616K) NonClass: 48202K(48448K)->48202K(48448K) Class: 6980K(7168K)->6980K(7168K)
[2025-04-24T21:29:08.923+0000][25.533s][info ][gc          ] GC(27) Pause Young (Normal) (G1 Evacuation Pause) 204M->66M(244M) 11.501ms
[2025-04-24T21:29:08.923+0000][25.533s][info ][gc,cpu      ] GC(27) User=0.04s Sys=0.00s Real=0.01s
[2025-04-24T21:29:08.923+0000][25.533s][info ][safepoint   ] Safepoint "G1CollectForAllocation", Time since last: 85235682 ns, Reaching safepoint: 66981 ns, Cleanup: 21285 ns, At safepoint: 11556766 ns, Total: 11645032 ns
[2025-04-24T21:29:09.727+0000][26.338s][debug][safepoint   ] Safepoint synchronization initiated using futex wait barrier. (17 threads)
[2025-04-24T21:29:09.727+0000][26.338s][info ][gc,start    ] GC(28) Pause Young (Normal) (G1 Evacuation Pause)
[2025-04-24T21:29:09.727+0000][26.338s][info ][gc,task     ] GC(28) Using 4 workers of 4 for evacuation
[2025-04-24T21:29:09.745+0000][26.355s][info ][gc,phases   ] GC(28)   Pre Evacuate Collection Set: 0.2ms
[2025-04-24T21:29:09.745+0000][26.355s][info ][gc,phases   ] GC(28)   Merge Heap Roots: 0.1ms
[2025-04-24T21:29:09.745+0000][26.355s][info ][gc,phases   ] GC(28)   Evacuate Collection Set: 15.5ms
[2025-04-24T21:29:09.745+0000][26.355s][info ][gc,phases   ] GC(28)   Post Evacuate Collection Set: 1.8ms
[2025-04-24T21:29:09.745+0000][26.355s][info ][gc,phases   ] GC(28)   Other: 0.1ms
[2025-04-24T21:29:09.745+0000][26.355s][info ][gc,heap     ] GC(28) Eden regions: 138->0(138)
[2025-04-24T21:29:09.745+0000][26.355s][info ][gc,heap     ] GC(28) Survivor regions: 8->8(19)
[2025-04-24T21:29:09.745+0000][26.355s][info ][gc,heap     ] GC(28) Old regions: 59->59
[2025-04-24T21:29:09.745+0000][26.355s][info ][gc,heap     ] GC(28) Archive regions: 2->2
[2025-04-24T21:29:09.745+0000][26.355s][info ][gc,heap     ] GC(28) Humongous regions: 0->0
[2025-04-24T21:29:09.745+0000][26.355s][info ][gc,metaspace] GC(28) Metaspace: 59272K(59648K)->59272K(59648K) NonClass: 51716K(51904K)->51716K(51904K) Class: 7555K(7744K)->7555K(7744K)
[2025-04-24T21:29:09.745+0000][26.355s][info ][gc          ] GC(28) Pause Young (Normal) (G1 Evacuation Pause) 204M->67M(244M) 17.786ms
[2025-04-24T21:29:09.745+0000][26.355s][info ][gc,cpu      ] GC(28) User=0.05s Sys=0.00s Real=0.02s
[2025-04-24T21:29:09.745+0000][26.355s][info ][safepoint   ] Safepoint "G1CollectForAllocation", Time since last: 804002478 ns, Reaching safepoint: 43855 ns, Cleanup: 29217 ns, At safepoint: 17842712 ns, Total: 17915784 ns
[2025-04-24T21:29:10.467+0000][27.078s][debug][safepoint   ] Safepoint synchronization initiated using futex wait barrier. (20 threads)
[2025-04-24T21:29:10.467+0000][27.078s][info ][safepoint   ] Safepoint "ICBufferFull", Time since last: 722173923 ns, Reaching safepoint: 39702 ns, Cleanup: 97090 ns, At safepoint: 3502 ns, Total: 140294 ns
[2025-04-24T21:29:10.710+0000][27.320s][debug][safepoint   ] Safepoint synchronization initiated using futex wait barrier. (20 threads)
[2025-04-24T21:29:10.711+0000][27.321s][info ][gc,start    ] GC(29) Pause Young (Normal) (G1 Evacuation Pause)
[2025-04-24T21:29:10.711+0000][27.322s][info ][gc,task     ] GC(29) Using 4 workers of 4 for evacuation
[2025-04-24T21:29:10.724+0000][27.335s][info ][gc,phases   ] GC(29)   Pre Evacuate Collection Set: 0.1ms
[2025-04-24T21:29:10.724+0000][27.335s][info ][gc,phases   ] GC(29)   Merge Heap Roots: 0.1ms
[2025-04-24T21:29:10.724+0000][27.335s][info ][gc,phases   ] GC(29)   Evacuate Collection Set: 11.3ms
[2025-04-24T21:29:10.724+0000][27.335s][info ][gc,phases   ] GC(29)   Post Evacuate Collection Set: 1.5ms
[2025-04-24T21:29:10.724+0000][27.335s][info ][gc,phases   ] GC(29)   Other: 0.1ms
[2025-04-24T21:29:10.724+0000][27.335s][info ][gc,heap     ] GC(29) Eden regions: 138->0(136)
[2025-04-24T21:29:10.724+0000][27.335s][info ][gc,heap     ] GC(29) Survivor regions: 8->10(19)
[2025-04-24T21:29:10.724+0000][27.335s][info ][gc,heap     ] GC(29) Old regions: 59->59
[2025-04-24T21:29:10.724+0000][27.335s][info ][gc,heap     ] GC(29) Archive regions: 2->2
[2025-04-24T21:29:10.724+0000][27.335s][info ][gc,heap     ] GC(29) Humongous regions: 0->0
[2025-04-24T21:29:10.724+0000][27.335s][info ][gc,metaspace] GC(29) Metaspace: 63737K(64256K)->63737K(64256K) NonClass: 55671K(55936K)->55671K(55936K) Class: 8065K(8320K)->8065K(8320K)
[2025-04-24T21:29:10.724+0000][27.335s][info ][gc          ] GC(29) Pause Young (Normal) (G1 Evacuation Pause) 205M->68M(244M) 13.242ms
[2025-04-24T21:29:10.724+0000][27.335s][info ][gc,cpu      ] GC(29) User=0.05s Sys=0.00s Real=0.01s
[2025-04-24T21:29:10.724+0000][27.335s][info ][safepoint   ] Safepoint "G1CollectForAllocation", Time since last: 242347239 ns, Reaching safepoint: 47283 ns, Cleanup: 1344750 ns, At safepoint: 13299737 ns, Total: 14691770 ns
[2025-04-24T21:29:11.347+0000][27.958s][debug][safepoint   ] Safepoint synchronization initiated using futex wait barrier. (20 threads)
[2025-04-24T21:29:11.347+0000][27.958s][info ][gc,start    ] GC(30) Pause Young (Normal) (G1 Evacuation Pause)
[2025-04-24T21:29:11.347+0000][27.958s][info ][gc,task     ] GC(30) Using 4 workers of 4 for evacuation
[2025-04-24T21:29:11.362+0000][27.973s][info ][gc,phases   ] GC(30)   Pre Evacuate Collection Set: 0.1ms
[2025-04-24T21:29:11.362+0000][27.973s][info ][gc,phases   ] GC(30)   Merge Heap Roots: 0.1ms
[2025-04-24T21:29:11.363+0000][27.973s][info ][gc,phases   ] GC(30)   Evacuate Collection Set: 13.3ms
[2025-04-24T21:29:11.363+0000][27.973s][info ][gc,phases   ] GC(30)   Post Evacuate Collection Set: 1.6ms
[2025-04-24T21:29:11.363+0000][27.973s][info ][gc,phases   ] GC(30)   Other: 0.1ms
[2025-04-24T21:29:11.363+0000][27.973s][info ][gc,heap     ] GC(30) Eden regions: 136->0(135)
[2025-04-24T21:29:11.363+0000][27.973s][info ][gc,heap     ] GC(30) Survivor regions: 10->11(19)
[2025-04-24T21:29:11.363+0000][27.973s][info ][gc,heap     ] GC(30) Old regions: 59->59
[2025-04-24T21:29:11.363+0000][27.973s][info ][gc,heap     ] GC(30) Archive regions: 2->2
[2025-04-24T21:29:11.363+0000][27.973s][info ][gc,heap     ] GC(30) Humongous regions: 0->0
[2025-04-24T21:29:11.363+0000][27.973s][info ][gc,metaspace] GC(30) Metaspace: 67571K(68096K)->67571K(68096K) NonClass: 58929K(59200K)->58929K(59200K) Class: 8641K(8896K)->8641K(8896K)
[2025-04-24T21:29:11.363+0000][27.973s][info ][gc          ] GC(30) Pause Young (Normal) (G1 Evacuation Pause) 204M->69M(244M) 15.296ms
[2025-04-24T21:29:11.363+0000][27.973s][info ][gc,cpu      ] GC(30) User=0.05s Sys=0.00s Real=0.02s
[2025-04-24T21:29:11.363+0000][27.973s][info ][safepoint   ] Safepoint "G1CollectForAllocation", Time since last: 622879248 ns, Reaching safepoint: 53782 ns, Cleanup: 52016 ns, At safepoint: 15350179 ns, Total: 15455977 ns
[2025-04-24T21:29:11.795+0000][28.405s][debug][safepoint   ] Safepoint synchronization initiated using futex wait barrier. (20 threads)
[2025-04-24T21:29:11.795+0000][28.405s][info ][gc,start    ] GC(31) Pause Young (Concurrent Start) (Metadata GC Threshold)
[2025-04-24T21:29:11.795+0000][28.405s][info ][gc,task     ] GC(31) Using 4 workers of 4 for evacuation
[2025-04-24T21:29:11.812+0000][28.423s][info ][gc,phases   ] GC(31)   Pre Evacuate Collection Set: 0.1ms
[2025-04-24T21:29:11.812+0000][28.423s][info ][gc,phases   ] GC(31)   Merge Heap Roots: 0.1ms
[2025-04-24T21:29:11.813+0000][28.423s][info ][gc,phases   ] GC(31)   Evacuate Collection Set: 15.6ms
[2025-04-24T21:29:11.813+0000][28.423s][info ][gc,phases   ] GC(31)   Post Evacuate Collection Set: 1.6ms
[2025-04-24T21:29:11.813+0000][28.423s][info ][gc,phases   ] GC(31)   Other: 0.1ms
[2025-04-24T21:29:11.813+0000][28.423s][info ][gc,heap     ] GC(31) Eden regions: 69->0(137)
[2025-04-24T21:29:11.813+0000][28.423s][info ][gc,heap     ] GC(31) Survivor regions: 11->9(19)
[2025-04-24T21:29:11.813+0000][28.423s][info ][gc,heap     ] GC(31) Old regions: 59->62
[2025-04-24T21:29:11.813+0000][28.423s][info ][gc,heap     ] GC(31) Archive regions: 2->2
[2025-04-24T21:29:11.813+0000][28.423s][info ][gc,heap     ] GC(31) Humongous regions: 0->0
[2025-04-24T21:29:11.813+0000][28.423s][info ][gc,metaspace] GC(31) Metaspace: 68593K(69056K)->68593K(69056K) NonClass: 59842K(60096K)->59842K(60096K) Class: 8750K(8960K)->8750K(8960K)
[2025-04-24T21:29:11.813+0000][28.423s][info ][gc          ] GC(31) Pause Young (Concurrent Start) (Metadata GC Threshold) 138M->71M(244M) 17.674ms
[2025-04-24T21:29:11.813+0000][28.423s][info ][gc,cpu      ] GC(31) User=0.07s Sys=0.00s Real=0.02s
[2025-04-24T21:29:11.813+0000][28.423s][info ][gc          ] GC(32) Concurrent Mark Cycle
[2025-04-24T21:29:11.813+0000][28.423s][info ][gc,marking  ] GC(32) Concurrent Clear Claimed Marks
[2025-04-24T21:29:11.813+0000][28.423s][info ][safepoint   ] Safepoint "CollectForMetadataAllocation", Time since last: 432125331 ns, Reaching safepoint: 45960 ns, Cleanup: 95550 ns, At safepoint: 17764894 ns, Total: 17906404 ns
[2025-04-24T21:29:11.813+0000][28.423s][info ][gc,marking  ] GC(32) Concurrent Clear Claimed Marks 0.048ms
[2025-04-24T21:29:11.813+0000][28.423s][info ][gc,marking  ] GC(32) Concurrent Scan Root Regions
[2025-04-24T21:29:11.829+0000][28.439s][info ][gc,marking  ] GC(32) Concurrent Scan Root Regions 15.985ms
[2025-04-24T21:29:11.829+0000][28.439s][info ][gc,marking  ] GC(32) Concurrent Mark
[2025-04-24T21:29:11.829+0000][28.439s][info ][gc,marking  ] GC(32) Concurrent Mark From Roots
[2025-04-24T21:29:11.829+0000][28.439s][info ][gc,task     ] GC(32) Using 1 workers of 1 for marking
[2025-04-24T21:29:11.954+0000][28.565s][info ][gc,marking  ] GC(32) Concurrent Mark From Roots 125.685ms
[2025-04-24T21:29:11.955+0000][28.565s][info ][gc,marking  ] GC(32) Concurrent Preclean
[2025-04-24T21:29:11.955+0000][28.565s][info ][gc,marking  ] GC(32) Concurrent Preclean 0.272ms
[2025-04-24T21:29:11.955+0000][28.565s][debug][safepoint   ] Safepoint synchronization initiated using futex wait barrier. (20 threads)
[2025-04-24T21:29:11.955+0000][28.566s][info ][gc,start    ] GC(32) Pause Remark
[2025-04-24T21:29:11.961+0000][28.571s][info ][gc          ] GC(32) Pause Remark 94M->94M(244M) 5.508ms
[2025-04-24T21:29:11.961+0000][28.571s][info ][gc,cpu      ] GC(32) User=0.02s Sys=0.00s Real=0.01s
[2025-04-24T21:29:11.961+0000][28.571s][info ][safepoint   ] Safepoint "G1PauseRemark", Time since last: 142315107 ns, Reaching safepoint: 119131 ns, Cleanup: 55847 ns, At safepoint: 5733572 ns, Total: 5908550 ns
[2025-04-24T21:29:11.961+0000][28.571s][info ][gc,marking  ] GC(32) Concurrent Mark 132.236ms
[2025-04-24T21:29:11.961+0000][28.571s][info ][gc,marking  ] GC(32) Concurrent Rebuild Remembered Sets
[2025-04-24T21:29:12.012+0000][28.623s][info ][gc,marking  ] GC(32) Concurrent Rebuild Remembered Sets 51.114ms
[2025-04-24T21:29:12.012+0000][28.623s][debug][safepoint   ] Safepoint synchronization initiated using futex wait barrier. (20 threads)
[2025-04-24T21:29:12.012+0000][28.623s][info ][gc,start    ] GC(32) Pause Cleanup
[2025-04-24T21:29:12.012+0000][28.623s][info ][gc          ] GC(32) Pause Cleanup 101M->101M(244M) 0.137ms
[2025-04-24T21:29:12.012+0000][28.623s][info ][gc,cpu      ] GC(32) User=0.00s Sys=0.00s Real=0.00s
[2025-04-24T21:29:12.012+0000][28.623s][info ][safepoint   ] Safepoint "G1PauseCleanup", Time since last: 51304699 ns, Reaching safepoint: 84030 ns, Cleanup: 17002 ns, At safepoint: 171885 ns, Total: 272917 ns
[2025-04-24T21:29:12.012+0000][28.623s][info ][gc,marking  ] GC(32) Concurrent Cleanup for Next Mark
[2025-04-24T21:29:12.014+0000][28.624s][info ][gc,marking  ] GC(32) Concurrent Cleanup for Next Mark 1.116ms
[2025-04-24T21:29:12.014+0000][28.624s][info ][gc          ] GC(32) Concurrent Mark Cycle 201.029ms
[2025-04-24T21:29:12.464+0000][29.075s][debug][safepoint   ] Safepoint synchronization initiated using futex wait barrier. (20 threads)
[2025-04-24T21:29:12.464+0000][29.075s][info ][safepoint   ] Safepoint "ICBufferFull", Time since last: 451816132 ns, Reaching safepoint: 62065 ns, Cleanup: 140203 ns, At safepoint: 4361 ns, Total: 206629 ns
[2025-04-24T21:29:12.576+0000][29.187s][debug][safepoint   ] Safepoint synchronization initiated using futex wait barrier. (20 threads)
[2025-04-24T21:29:12.576+0000][29.187s][info ][safepoint   ] Safepoint "ICBufferFull", Time since last: 111756909 ns, Reaching safepoint: 51732 ns, Cleanup: 105240 ns, At safepoint: 4417 ns, Total: 161389 ns
[2025-04-24T21:29:12.717+0000][29.327s][debug][safepoint   ] Safepoint synchronization initiated using futex wait barrier. (20 threads)
[2025-04-24T21:29:12.717+0000][29.327s][info ][gc,start    ] GC(33) Pause Young (Prepare Mixed) (G1 Evacuation Pause)
[2025-04-24T21:29:12.717+0000][29.327s][info ][gc,task     ] GC(33) Using 4 workers of 4 for evacuation
[2025-04-24T21:29:12.742+0000][29.352s][info ][gc,phases   ] GC(33)   Pre Evacuate Collection Set: 2.8ms
[2025-04-24T21:29:12.742+0000][29.352s][info ][gc,phases   ] GC(33)   Merge Heap Roots: 0.3ms
[2025-04-24T21:29:12.742+0000][29.352s][info ][gc,phases   ] GC(33)   Evacuate Collection Set: 19.4ms
[2025-04-24T21:29:12.742+0000][29.352s][info ][gc,phases   ] GC(33)   Post Evacuate Collection Set: 2.3ms
[2025-04-24T21:29:12.742+0000][29.352s][info ][gc,phases   ] GC(33)   Other: 0.1ms
[2025-04-24T21:29:12.742+0000][29.352s][info ][gc,heap     ] GC(33) Eden regions: 137->0(1)
[2025-04-24T21:29:12.742+0000][29.352s][info ][gc,heap     ] GC(33) Survivor regions: 9->12(19)
[2025-04-24T21:29:12.742+0000][29.352s][info ][gc,heap     ] GC(33) Old regions: 62->62
[2025-04-24T21:29:12.742+0000][29.352s][info ][gc,heap     ] GC(33) Archive regions: 2->2
[2025-04-24T21:29:12.742+0000][29.352s][info ][gc,heap     ] GC(33) Humongous regions: 0->0
[2025-04-24T21:29:12.742+0000][29.352s][info ][gc,metaspace] GC(33) Metaspace: 71546K(72064K)->71546K(72064K) NonClass: 62429K(62720K)->62429K(62720K) Class: 9116K(9344K)->9116K(9344K)
[2025-04-24T21:29:12.742+0000][29.352s][info ][gc          ] GC(33) Pause Young (Prepare Mixed) (G1 Evacuation Pause) 208M->74M(244M) 24.951ms
[2025-04-24T21:29:12.742+0000][29.352s][info ][gc,cpu      ] GC(33) User=0.07s Sys=0.00s Real=0.03s
[2025-04-24T21:29:12.742+0000][29.352s][info ][safepoint   ] Safepoint "G1CollectForAllocation", Time since last: 140221750 ns, Reaching safepoint: 72004 ns, Cleanup: 122096 ns, At safepoint: 25030207 ns, Total: 25224307 ns
[2025-04-24T21:29:12.749+0000][29.360s][debug][safepoint   ] Safepoint synchronization initiated using futex wait barrier. (20 threads)
[2025-04-24T21:29:12.750+0000][29.360s][info ][gc,start    ] GC(34) Pause Young (Mixed) (G1 Evacuation Pause)
[2025-04-24T21:29:12.750+0000][29.360s][info ][gc,task     ] GC(34) Using 4 workers of 4 for evacuation
[2025-04-24T21:29:12.781+0000][29.391s][info ][gc,phases   ] GC(34)   Pre Evacuate Collection Set: 0.1ms
[2025-04-24T21:29:12.781+0000][29.392s][info ][gc,phases   ] GC(34)   Merge Heap Roots: 0.1ms
[2025-04-24T21:29:12.781+0000][29.392s][info ][gc,phases   ] GC(34)   Evacuate Collection Set: 28.9ms
[2025-04-24T21:29:12.781+0000][29.392s][info ][gc,phases   ] GC(34)   Post Evacuate Collection Set: 2.1ms
[2025-04-24T21:29:12.781+0000][29.392s][info ][gc,phases   ] GC(34)   Other: 0.1ms
[2025-04-24T21:29:12.781+0000][29.392s][info ][gc,heap     ] GC(34) Eden regions: 1->0(134)
[2025-04-24T21:29:12.781+0000][29.392s][info ][gc,heap     ] GC(34) Survivor regions: 12->2(2)
[2025-04-24T21:29:12.781+0000][29.392s][info ][gc,heap     ] GC(34) Old regions: 62->72
[2025-04-24T21:29:12.781+0000][29.392s][info ][gc,heap     ] GC(34) Archive regions: 2->2
[2025-04-24T21:29:12.781+0000][29.392s][info ][gc,heap     ] GC(34) Humongous regions: 0->0
[2025-04-24T21:29:12.781+0000][29.392s][info ][gc,metaspace] GC(34) Metaspace: 71556K(72064K)->71556K(72064K) NonClass: 62436K(62720K)->62436K(62720K) Class: 9120K(9344K)->9120K(9344K)
[2025-04-24T21:29:12.782+0000][29.392s][info ][gc          ] GC(34) Pause Young (Mixed) (G1 Evacuation Pause) 75M->74M(244M) 31.997ms
[2025-04-24T21:29:12.782+0000][29.392s][info ][gc,cpu      ] GC(34) User=0.08s Sys=0.00s Real=0.03s
[2025-04-24T21:29:12.782+0000][29.392s][info ][safepoint   ] Safepoint "G1CollectForAllocation", Time since last: 7541508 ns, Reaching safepoint: 138706 ns, Cleanup: 3753 ns, At safepoint: 32134315 ns, Total: 32276774 ns
[2025-04-24T21:29:13.400+0000][30.011s][debug][safepoint   ] Safepoint synchronization initiated using futex wait barrier. (20 threads)
[2025-04-24T21:29:13.400+0000][30.011s][info ][gc,start    ] GC(35) Pause Young (Normal) (G1 Evacuation Pause)
[2025-04-24T21:29:13.400+0000][30.011s][info ][gc,task     ] GC(35) Using 4 workers of 4 for evacuation
[2025-04-24T21:29:13.406+0000][30.016s][info ][gc,phases   ] GC(35)   Pre Evacuate Collection Set: 0.1ms
[2025-04-24T21:29:13.406+0000][30.016s][info ][gc,phases   ] GC(35)   Merge Heap Roots: 0.1ms
[2025-04-24T21:29:13.406+0000][30.016s][info ][gc,phases   ] GC(35)   Evacuate Collection Set: 4.0ms
[2025-04-24T21:29:13.406+0000][30.016s][info ][gc,phases   ] GC(35)   Post Evacuate Collection Set: 1.2ms
[2025-04-24T21:29:13.406+0000][30.016s][info ][gc,phases   ] GC(35)   Other: 0.1ms
[2025-04-24T21:29:13.406+0000][30.016s][info ][gc,heap     ] GC(35) Eden regions: 134->0(137)
[2025-04-24T21:29:13.406+0000][30.016s][info ][gc,heap     ] GC(35) Survivor regions: 2->1(17)
[2025-04-24T21:29:13.406+0000][30.016s][info ][gc,heap     ] GC(35) Old regions: 72->72
[2025-04-24T21:29:13.406+0000][30.016s][info ][gc,heap     ] GC(35) Archive regions: 2->2
[2025-04-24T21:29:13.406+0000][30.016s][info ][gc,heap     ] GC(35) Humongous regions: 0->0
[2025-04-24T21:29:13.406+0000][30.016s][info ][gc,metaspace] GC(35) Metaspace: 76454K(76928K)->76454K(76928K) NonClass: 66497K(66752K)->66497K(66752K) Class: 9957K(10176K)->9957K(10176K)
[2025-04-24T21:29:13.406+0000][30.016s][info ][gc          ] GC(35) Pause Young (Normal) (G1 Evacuation Pause) 208M->73M(244M) 5.641ms
[2025-04-24T21:29:13.406+0000][30.016s][info ][gc,cpu      ] GC(35) User=0.01s Sys=0.00s Real=0.00s
[2025-04-24T21:29:13.406+0000][30.017s][info ][safepoint   ] Safepoint "G1CollectForAllocation", Time since last: 618555696 ns, Reaching safepoint: 54346 ns, Cleanup: 65073 ns, At safepoint: 5700352 ns, Total: 5819771 ns
[2025-04-24T21:29:13.759+0000][30.369s][debug][safepoint   ] Safepoint synchronization initiated using futex wait barrier. (20 threads)
[2025-04-24T21:29:13.759+0000][30.370s][info ][safepoint   ] Safepoint "ICBufferFull", Time since last: 352959543 ns, Reaching safepoint: 37147 ns, Cleanup: 87083 ns, At safepoint: 4126 ns, Total: 128356 ns
[2025-04-24T21:29:13.899+0000][30.510s][debug][safepoint   ] Safepoint synchronization initiated using futex wait barrier. (20 threads)
[2025-04-24T21:29:13.899+0000][30.510s][info ][safepoint   ] Safepoint "ICBufferFull", Time since last: 140045037 ns, Reaching safepoint: 109778 ns, Cleanup: 108462 ns, At safepoint: 3785 ns, Total: 222025 ns
[2025-04-24T21:29:13.983+0000][30.594s][debug][safepoint   ] Safepoint synchronization initiated using futex wait barrier. (20 threads)
[2025-04-24T21:29:13.983+0000][30.594s][info ][safepoint   ] Safepoint "ICBufferFull", Time since last: 83913729 ns, Reaching safepoint: 43538 ns, Cleanup: 111637 ns, At safepoint: 3928 ns, Total: 159103 ns
[2025-04-24T21:29:14.039+0000][30.650s][debug][safepoint   ] Safepoint synchronization initiated using futex wait barrier. (20 threads)
[2025-04-24T21:29:14.040+0000][30.650s][info ][safepoint   ] Safepoint "ICBufferFull", Time since last: 55878788 ns, Reaching safepoint: 42408 ns, Cleanup: 98793 ns, At safepoint: 6168 ns, Total: 147369 ns
[2025-04-24T21:29:14.137+0000][30.748s][debug][safepoint   ] Safepoint synchronization initiated using futex wait barrier. (20 threads)
[2025-04-24T21:29:14.138+0000][30.748s][info ][safepoint   ] Safepoint "ICBufferFull", Time since last: 97822654 ns, Reaching safepoint: 60972 ns, Cleanup: 104878 ns, At safepoint: 4104 ns, Total: 169954 ns
[2025-04-24T21:29:14.149+0000][30.759s][debug][safepoint   ] Safepoint synchronization initiated using futex wait barrier. (20 threads)
[2025-04-24T21:29:14.149+0000][30.759s][info ][gc,start    ] GC(36) Pause Young (Normal) (G1 Evacuation Pause)
[2025-04-24T21:29:14.149+0000][30.759s][info ][gc,task     ] GC(36) Using 4 workers of 4 for evacuation
[2025-04-24T21:29:14.154+0000][30.765s][info ][gc,phases   ] GC(36)   Pre Evacuate Collection Set: 0.1ms
[2025-04-24T21:29:14.154+0000][30.765s][info ][gc,phases   ] GC(36)   Merge Heap Roots: 0.1ms
[2025-04-24T21:29:14.154+0000][30.765s][info ][gc,phases   ] GC(36)   Evacuate Collection Set: 4.3ms
[2025-04-24T21:29:14.154+0000][30.765s][info ][gc,phases   ] GC(36)   Post Evacuate Collection Set: 0.9ms
[2025-04-24T21:29:14.154+0000][30.765s][info ][gc,phases   ] GC(36)   Other: 0.1ms
[2025-04-24T21:29:14.154+0000][30.765s][info ][gc,heap     ] GC(36) Eden regions: 137->0(135)
[2025-04-24T21:29:14.154+0000][30.765s][info ][gc,heap     ] GC(36) Survivor regions: 1->3(18)
[2025-04-24T21:29:14.154+0000][30.765s][info ][gc,heap     ] GC(36) Old regions: 72->72
[2025-04-24T21:29:14.154+0000][30.765s][info ][gc,heap     ] GC(36) Archive regions: 2->2
[2025-04-24T21:29:14.154+0000][30.765s][info ][gc,heap     ] GC(36) Humongous regions: 0->0
[2025-04-24T21:29:14.154+0000][30.765s][info ][gc,metaspace] GC(36) Metaspace: 79228K(79680K)->79228K(79680K) NonClass: 68889K(69120K)->68889K(69120K) Class: 10339K(10560K)->10339K(10560K)
[2025-04-24T21:29:14.154+0000][30.765s][info ][gc          ] GC(36) Pause Young (Normal) (G1 Evacuation Pause) 210M->74M(244M) 5.559ms
[2025-04-24T21:29:14.154+0000][30.765s][info ][gc,cpu      ] GC(36) User=0.02s Sys=0.00s Real=0.00s
[2025-04-24T21:29:14.154+0000][30.765s][info ][safepoint   ] Safepoint "G1CollectForAllocation", Time since last: 11056431 ns, Reaching safepoint: 44926 ns, Cleanup: 27558 ns, At safepoint: 5608024 ns, Total: 5680508 ns
[2025-04-24T21:29:14.257+0000][30.868s][debug][safepoint   ] Safepoint synchronization initiated using futex wait barrier. (20 threads)
[2025-04-24T21:29:14.257+0000][30.868s][info ][safepoint   ] Safepoint "ICBufferFull", Time since last: 103094931 ns, Reaching safepoint: 48301 ns, Cleanup: 77493 ns, At safepoint: 4092 ns, Total: 129886 ns
[2025-04-24T21:29:14.407+0000][31.018s][debug][safepoint   ] Safepoint synchronization initiated using futex wait barrier. (20 threads)
[2025-04-24T21:29:14.407+0000][31.018s][info ][safepoint   ] Safepoint "ICBufferFull", Time since last: 149727733 ns, Reaching safepoint: 123074 ns, Cleanup: 145640 ns, At safepoint: 7421 ns, Total: 276135 ns
[2025-04-24T21:29:14.831+0000][31.441s][debug][safepoint   ] Safepoint synchronization initiated using futex wait barrier. (20 threads)
[2025-04-24T21:29:14.831+0000][31.441s][info ][gc,start    ] GC(37) Pause Young (Normal) (G1 Evacuation Pause)
[2025-04-24T21:29:14.831+0000][31.441s][info ][gc,task     ] GC(37) Using 4 workers of 4 for evacuation
[2025-04-24T21:29:14.837+0000][31.448s][info ][gc,phases   ] GC(37)   Pre Evacuate Collection Set: 0.1ms
[2025-04-24T21:29:14.837+0000][31.448s][info ][gc,phases   ] GC(37)   Merge Heap Roots: 0.0ms
[2025-04-24T21:29:14.837+0000][31.448s][info ][gc,phases   ] GC(37)   Evacuate Collection Set: 5.1ms
[2025-04-24T21:29:14.837+0000][31.448s][info ][gc,phases   ] GC(37)   Post Evacuate Collection Set: 1.1ms
[2025-04-24T21:29:14.837+0000][31.448s][info ][gc,phases   ] GC(37)   Other: 0.1ms
[2025-04-24T21:29:14.837+0000][31.448s][info ][gc,heap     ] GC(37) Eden regions: 135->0(132)
[2025-04-24T21:29:14.837+0000][31.448s][info ][gc,heap     ] GC(37) Survivor regions: 3->5(18)
[2025-04-24T21:29:14.837+0000][31.448s][info ][gc,heap     ] GC(37) Old regions: 72->72
[2025-04-24T21:29:14.837+0000][31.448s][info ][gc,heap     ] GC(37) Archive regions: 2->2
[2025-04-24T21:29:14.837+0000][31.448s][info ][gc,heap     ] GC(37) Humongous regions: 0->0
[2025-04-24T21:29:14.837+0000][31.448s][info ][gc,metaspace] GC(37) Metaspace: 82631K(83136K)->82631K(83136K) NonClass: 71798K(72064K)->71798K(72064K) Class: 10833K(11072K)->10833K(11072K)
[2025-04-24T21:29:14.837+0000][31.448s][info ][gc          ] GC(37) Pause Young (Normal) (G1 Evacuation Pause) 209M->77M(244M) 6.434ms
[2025-04-24T21:29:14.837+0000][31.448s][info ][gc,cpu      ] GC(37) User=0.02s Sys=0.00s Real=0.00s
[2025-04-24T21:29:14.837+0000][31.448s][info ][safepoint   ] Safepoint "G1CollectForAllocation", Time since last: 423352445 ns, Reaching safepoint: 41016 ns, Cleanup: 70041 ns, At safepoint: 6484379 ns, Total: 6595436 ns
[2025-04-24T21:29:15.168+0000][31.778s][debug][safepoint   ] Safepoint synchronization initiated using futex wait barrier. (20 threads)
[2025-04-24T21:29:15.168+0000][31.778s][info ][safepoint   ] Safepoint "ICBufferFull", Time since last: 330205026 ns, Reaching safepoint: 45821 ns, Cleanup: 133854 ns, At safepoint: 4142 ns, Total: 183817 ns
[2025-04-24T21:29:15.373+0000][31.984s][debug][safepoint   ] Safepoint synchronization initiated using futex wait barrier. (19 threads)
[2025-04-24T21:29:15.374+0000][31.984s][info ][safepoint   ] Safepoint "ICBufferFull", Time since last: 205594929 ns, Reaching safepoint: 238040 ns, Cleanup: 132605 ns, At safepoint: 4836 ns, Total: 375481 ns
[2025-04-24T21:29:15.379+0000][31.990s][debug][safepoint   ] Safepoint synchronization initiated using futex wait barrier. (19 threads)
[2025-04-24T21:29:15.380+0000][31.990s][info ][safepoint   ] Safepoint "ICBufferFull", Time since last: 5632987 ns, Reaching safepoint: 249759 ns, Cleanup: 109417 ns, At safepoint: 4473 ns, Total: 363649 ns
[2025-04-24T21:29:15.408+0000][32.018s][debug][safepoint   ] Safepoint synchronization initiated using futex wait barrier. (19 threads)
[2025-04-24T21:29:15.408+0000][32.019s][info ][gc,start    ] GC(38) Pause Young (Normal) (G1 Evacuation Pause)
[2025-04-24T21:29:15.408+0000][32.019s][info ][gc,task     ] GC(38) Using 4 workers of 4 for evacuation
[2025-04-24T21:29:15.420+0000][32.030s][info ][gc,phases   ] GC(38)   Pre Evacuate Collection Set: 0.1ms
[2025-04-24T21:29:15.420+0000][32.030s][info ][gc,phases   ] GC(38)   Merge Heap Roots: 0.1ms
[2025-04-24T21:29:15.420+0000][32.030s][info ][gc,phases   ] GC(38)   Evacuate Collection Set: 10.0ms
[2025-04-24T21:29:15.420+0000][32.030s][info ][gc,phases   ] GC(38)   Post Evacuate Collection Set: 1.3ms
[2025-04-24T21:29:15.420+0000][32.030s][info ][gc,phases   ] GC(38)   Other: 0.1ms
[2025-04-24T21:29:15.420+0000][32.030s][info ][gc,heap     ] GC(38) Eden regions: 132->0(129)
[2025-04-24T21:29:15.420+0000][32.030s][info ][gc,heap     ] GC(38) Survivor regions: 5->8(18)
[2025-04-24T21:29:15.420+0000][32.030s][info ][gc,heap     ] GC(38) Old regions: 72->72
[2025-04-24T21:29:15.420+0000][32.030s][info ][gc,heap     ] GC(38) Archive regions: 2->2
[2025-04-24T21:29:15.420+0000][32.030s][info ][gc,heap     ] GC(38) Humongous regions: 0->0
[2025-04-24T21:29:15.420+0000][32.030s][info ][gc,metaspace] GC(38) Metaspace: 84361K(84928K)->84361K(84928K) NonClass: 73387K(73664K)->73387K(73664K) Class: 10973K(11264K)->10973K(11264K)
[2025-04-24T21:29:15.420+0000][32.030s][info ][gc          ] GC(38) Pause Young (Normal) (G1 Evacuation Pause) 209M->79M(244M) 11.704ms
[2025-04-24T21:29:15.420+0000][32.030s][info ][gc,cpu      ] GC(38) User=0.04s Sys=0.00s Real=0.01s
[2025-04-24T21:29:15.420+0000][32.030s][info ][safepoint   ] Safepoint "G1CollectForAllocation", Time since last: 28244090 ns, Reaching safepoint: 44125 ns, Cleanup: 77267 ns, At safepoint: 11756331 ns, Total: 11877723 ns
[2025-04-24T21:29:16.365+0000][32.976s][debug][safepoint   ] Safepoint synchronization initiated using futex wait barrier. (19 threads)
[2025-04-24T21:29:16.366+0000][32.976s][info ][gc,start    ] GC(39) Pause Young (Normal) (G1 Evacuation Pause)
[2025-04-24T21:29:16.366+0000][32.976s][info ][gc,task     ] GC(39) Using 4 workers of 4 for evacuation
[2025-04-24T21:29:16.386+0000][32.996s][info ][gc,phases   ] GC(39)   Pre Evacuate Collection Set: 0.2ms
[2025-04-24T21:29:16.386+0000][32.996s][info ][gc,phases   ] GC(39)   Merge Heap Roots: 0.2ms
[2025-04-24T21:29:16.386+0000][32.996s][info ][gc,phases   ] GC(39)   Evacuate Collection Set: 14.1ms
[2025-04-24T21:29:16.386+0000][32.996s][info ][gc,phases   ] GC(39)   Post Evacuate Collection Set: 5.2ms
[2025-04-24T21:29:16.386+0000][32.996s][info ][gc,phases   ] GC(39)   Other: 0.3ms
[2025-04-24T21:29:16.386+0000][32.996s][info ][gc,heap     ] GC(39) Eden regions: 129->0(362)
[2025-04-24T21:29:16.386+0000][32.996s][info ][gc,heap     ] GC(39) Survivor regions: 8->11(18)
[2025-04-24T21:29:16.386+0000][32.996s][info ][gc,heap     ] GC(39) Old regions: 72->72
[2025-04-24T21:29:16.386+0000][32.996s][info ][gc,heap     ] GC(39) Archive regions: 2->2
[2025-04-24T21:29:16.386+0000][32.996s][info ][gc,heap     ] GC(39) Humongous regions: 0->0
[2025-04-24T21:29:16.386+0000][32.996s][info ][gc,metaspace] GC(39) Metaspace: 86912K(87488K)->86912K(87488K) NonClass: 75784K(76096K)->75784K(76096K) Class: 11128K(11392K)->11128K(11392K)
[2025-04-24T21:29:16.386+0000][32.996s][info ][gc          ] GC(39) Pause Young (Normal) (G1 Evacuation Pause) 208M->83M(622M) 20.221ms
[2025-04-24T21:29:16.386+0000][32.996s][info ][gc,cpu      ] GC(39) User=0.07s Sys=0.00s Real=0.02s
[2025-04-24T21:29:16.386+0000][32.996s][info ][safepoint   ] Safepoint "G1CollectForAllocation", Time since last: 945562196 ns, Reaching safepoint: 161634 ns, Cleanup: 90665 ns, At safepoint: 20283695 ns, Total: 20535994 ns
[2025-04-24T21:29:17.395+0000][34.006s][debug][safepoint   ] Safepoint synchronization initiated using futex wait barrier. (23 threads)
[2025-04-24T21:29:17.396+0000][34.006s][info ][safepoint   ] Safepoint "Cleanup", Time since last: 1009398939 ns, Reaching safepoint: 167151 ns, Cleanup: 86992 ns, At safepoint: 7250 ns, Total: 261393 ns
[2025-04-24T21:29:18.486+0000][35.096s][debug][safepoint   ] Safepoint synchronization initiated using futex wait barrier. (23 threads)
[2025-04-24T21:29:18.486+0000][35.097s][info ][safepoint   ] Safepoint "ICBufferFull", Time since last: 1090373758 ns, Reaching safepoint: 203527 ns, Cleanup: 144460 ns, At safepoint: 5336 ns, Total: 353323 ns
[2025-04-24T21:29:19.035+0000][35.645s][debug][safepoint   ] Safepoint synchronization initiated using futex wait barrier. (24 threads)
[2025-04-24T21:29:19.035+0000][35.646s][info ][safepoint   ] Safepoint "ICBufferFull", Time since last: 548657394 ns, Reaching safepoint: 299293 ns, Cleanup: 91470 ns, At safepoint: 4601 ns, Total: 395364 ns
[2025-04-24T21:29:19.150+0000][35.761s][debug][safepoint   ] Safepoint synchronization initiated using futex wait barrier. (24 threads)
[2025-04-24T21:29:19.150+0000][35.761s][info ][gc,start    ] GC(40) Pause Young (Normal) (G1 Evacuation Pause)
[2025-04-24T21:29:19.150+0000][35.761s][info ][gc,task     ] GC(40) Using 4 workers of 4 for evacuation
[2025-04-24T21:29:19.200+0000][35.810s][info ][gc,phases   ] GC(40)   Pre Evacuate Collection Set: 0.5ms
[2025-04-24T21:29:19.200+0000][35.810s][info ][gc,phases   ] GC(40)   Merge Heap Roots: 0.3ms
[2025-04-24T21:29:19.200+0000][35.810s][info ][gc,phases   ] GC(40)   Evacuate Collection Set: 44.0ms
[2025-04-24T21:29:19.200+0000][35.810s][info ][gc,phases   ] GC(40)   Post Evacuate Collection Set: 4.3ms
[2025-04-24T21:29:19.200+0000][35.810s][info ][gc,phases   ] GC(40)   Other: 0.3ms
[2025-04-24T21:29:19.200+0000][35.810s][info ][gc,heap     ] GC(40) Eden regions: 362->0(349)
[2025-04-24T21:29:19.200+0000][35.810s][info ][gc,heap     ] GC(40) Survivor regions: 11->24(47)
[2025-04-24T21:29:19.200+0000][35.810s][info ][gc,heap     ] GC(40) Old regions: 72->72
[2025-04-24T21:29:19.200+0000][35.810s][info ][gc,heap     ] GC(40) Archive regions: 2->2
[2025-04-24T21:29:19.200+0000][35.810s][info ][gc,heap     ] GC(40) Humongous regions: 0->0
[2025-04-24T21:29:19.200+0000][35.810s][info ][gc,metaspace] GC(40) Metaspace: 95646K(96192K)->95646K(96192K) NonClass: 83157K(83456K)->83157K(83456K) Class: 12488K(12736K)->12488K(12736K)
[2025-04-24T21:29:19.200+0000][35.810s][info ][gc          ] GC(40) Pause Young (Normal) (G1 Evacuation Pause) 445M->96M(622M) 49.496ms
[2025-04-24T21:29:19.200+0000][35.810s][info ][gc,cpu      ] GC(40) User=0.14s Sys=0.02s Real=0.05s
[2025-04-24T21:29:19.200+0000][35.811s][info ][safepoint   ] Safepoint "G1CollectForAllocation", Time since last: 114869033 ns, Reaching safepoint: 77619 ns, Cleanup: 62899 ns, At safepoint: 49641066 ns, Total: 49781584 ns
[2025-04-24T21:29:20.841+0000][37.451s][debug][safepoint   ] Safepoint synchronization initiated using futex wait barrier. (27 threads)
[2025-04-24T21:29:20.842+0000][37.453s][info ][safepoint   ] Safepoint "Cleanup", Time since last: 1640677904 ns, Reaching safepoint: 325619 ns, Cleanup: 1006899 ns, At safepoint: 20253 ns, Total: 1352771 ns
[2025-04-24T21:29:21.721+0000][38.332s][debug][safepoint   ] Safepoint synchronization initiated using futex wait barrier. (27 threads)
[2025-04-24T21:29:21.722+0000][38.332s][info ][gc,start    ] GC(41) Pause Young (Normal) (G1 Evacuation Pause)
[2025-04-24T21:29:21.722+0000][38.332s][info ][gc,task     ] GC(41) Using 4 workers of 4 for evacuation
[2025-04-24T21:29:21.752+0000][38.363s][info ][gc,phases   ] GC(41)   Pre Evacuate Collection Set: 0.2ms
[2025-04-24T21:29:21.752+0000][38.363s][info ][gc,phases   ] GC(41)   Merge Heap Roots: 0.2ms
[2025-04-24T21:29:21.752+0000][38.363s][info ][gc,phases   ] GC(41)   Evacuate Collection Set: 26.9ms
[2025-04-24T21:29:21.752+0000][38.363s][info ][gc,phases   ] GC(41)   Post Evacuate Collection Set: 3.3ms
[2025-04-24T21:29:21.752+0000][38.363s][info ][gc,phases   ] GC(41)   Other: 0.1ms
[2025-04-24T21:29:21.752+0000][38.363s][info ][gc,heap     ] GC(41) Eden regions: 349->0(347)
[2025-04-24T21:29:21.752+0000][38.363s][info ][gc,heap     ] GC(41) Survivor regions: 24->26(47)
[2025-04-24T21:29:21.752+0000][38.363s][info ][gc,heap     ] GC(41) Old regions: 72->72
[2025-04-24T21:29:21.752+0000][38.363s][info ][gc,heap     ] GC(41) Archive regions: 2->2
[2025-04-24T21:29:21.752+0000][38.363s][info ][gc,heap     ] GC(41) Humongous regions: 0->0
[2025-04-24T21:29:21.752+0000][38.363s][info ][gc,metaspace] GC(41) Metaspace: 106068K(106688K)->106068K(106688K) NonClass: 92229K(92544K)->92229K(92544K) Class: 13839K(14144K)->13839K(14144K)
[2025-04-24T21:29:21.752+0000][38.363s][info ][gc          ] GC(41) Pause Young (Normal) (G1 Evacuation Pause) 445M->97M(622M) 30.792ms
[2025-04-24T21:29:21.752+0000][38.363s][info ][gc,cpu      ] GC(41) User=0.11s Sys=0.01s Real=0.03s
[2025-04-24T21:29:21.752+0000][38.363s][info ][safepoint   ] Safepoint "G1CollectForAllocation", Time since last: 879255851 ns, Reaching safepoint: 56559 ns, Cleanup: 70947 ns, At safepoint: 30934524 ns, Total: 31062030 ns
[2025-04-24T21:29:22.753+0000][39.363s][debug][safepoint   ] Safepoint synchronization initiated using futex wait barrier. (36 threads)
[2025-04-24T21:29:22.754+0000][39.364s][info ][safepoint   ] Safepoint "Cleanup", Time since last: 1000103630 ns, Reaching safepoint: 1280719 ns, Cleanup: 38727 ns, At safepoint: 10402 ns, Total: 1329848 ns
[2025-04-24T21:29:23.797+0000][40.408s][debug][safepoint   ] Safepoint synchronization initiated using futex wait barrier. (37 threads)
[2025-04-24T21:29:23.799+0000][40.410s][info ][safepoint   ] Safepoint "Cleanup", Time since last: 1043593716 ns, Reaching safepoint: 1596163 ns, Cleanup: 60505 ns, At safepoint: 7028 ns, Total: 1663696 ns
[2025-04-24T21:29:24.624+0000][41.234s][debug][safepoint   ] Safepoint synchronization initiated using futex wait barrier. (37 threads)
[2025-04-24T21:29:24.624+0000][41.235s][info ][safepoint   ] Safepoint "ICBufferFull", Time since last: 824902308 ns, Reaching safepoint: 56780 ns, Cleanup: 117115 ns, At safepoint: 3896 ns, Total: 177791 ns
[2025-04-24T21:29:24.878+0000][41.489s][debug][safepoint   ] Safepoint synchronization initiated using futex wait barrier. (38 threads)
[2025-04-24T21:29:24.878+0000][41.489s][info ][gc,start    ] GC(42) Pause Young (Normal) (G1 Evacuation Pause)
[2025-04-24T21:29:24.878+0000][41.489s][info ][gc,task     ] GC(42) Using 4 workers of 4 for evacuation
[2025-04-24T21:29:24.947+0000][41.558s][info ][gc,phases   ] GC(42)   Pre Evacuate Collection Set: 0.2ms
[2025-04-24T21:29:24.947+0000][41.558s][info ][gc,phases   ] GC(42)   Merge Heap Roots: 0.9ms
[2025-04-24T21:29:24.947+0000][41.558s][info ][gc,phases   ] GC(42)   Evacuate Collection Set: 56.7ms
[2025-04-24T21:29:24.947+0000][41.558s][info ][gc,phases   ] GC(42)   Post Evacuate Collection Set: 10.8ms
[2025-04-24T21:29:24.947+0000][41.558s][info ][gc,phases   ] GC(42)   Other: 0.3ms
[2025-04-24T21:29:24.947+0000][41.558s][info ][gc,heap     ] GC(42) Eden regions: 347->0(341)
[2025-04-24T21:29:24.947+0000][41.558s][info ][gc,heap     ] GC(42) Survivor regions: 26->32(47)
[2025-04-24T21:29:24.947+0000][41.558s][info ][gc,heap     ] GC(42) Old regions: 72->73
[2025-04-24T21:29:24.947+0000][41.558s][info ][gc,heap     ] GC(42) Archive regions: 2->2
[2025-04-24T21:29:24.947+0000][41.558s][info ][gc,heap     ] GC(42) Humongous regions: 0->0
[2025-04-24T21:29:24.947+0000][41.558s][info ][gc,metaspace] GC(42) Metaspace: 114076K(114752K)->114076K(114752K) NonClass: 99455K(99776K)->99455K(99776K) Class: 14620K(14976K)->14620K(14976K)
[2025-04-24T21:29:24.947+0000][41.558s][info ][gc          ] GC(42) Pause Young (Normal) (G1 Evacuation Pause) 444M->104M(622M) 69.097ms
[2025-04-24T21:29:24.947+0000][41.558s][info ][gc,cpu      ] GC(42) User=0.16s Sys=0.01s Real=0.06s
[2025-04-24T21:29:24.949+0000][41.559s][info ][safepoint   ] Safepoint "G1CollectForAllocation", Time since last: 253894382 ns, Reaching safepoint: 195068 ns, Cleanup: 41909 ns, At safepoint: 70523153 ns, Total: 70760130 ns
[2025-04-24T21:29:25.641+0000][42.251s][debug][safepoint   ] Safepoint synchronization initiated using futex wait barrier. (38 threads)
[2025-04-24T21:29:25.641+0000][42.252s][info ][gc,start    ] GC(43) Pause Young (Concurrent Start) (Metadata GC Threshold)
[2025-04-24T21:29:25.641+0000][42.252s][info ][gc,task     ] GC(43) Using 4 workers of 4 for evacuation
[2025-04-24T21:29:25.716+0000][42.326s][info ][gc,phases   ] GC(43)   Pre Evacuate Collection Set: 0.4ms
[2025-04-24T21:29:25.716+0000][42.326s][info ][gc,phases   ] GC(43)   Merge Heap Roots: 0.2ms
[2025-04-24T21:29:25.716+0000][42.326s][info ][gc,phases   ] GC(43)   Evacuate Collection Set: 67.9ms
[2025-04-24T21:29:25.716+0000][42.326s][info ][gc,phases   ] GC(43)   Post Evacuate Collection Set: 6.1ms
[2025-04-24T21:29:25.716+0000][42.326s][info ][gc,phases   ] GC(43)   Other: 0.2ms
[2025-04-24T21:29:25.716+0000][42.326s][info ][gc,heap     ] GC(43) Eden regions: 18->0(350)
[2025-04-24T21:29:25.716+0000][42.326s][info ][gc,heap     ] GC(43) Survivor regions: 32->23(47)
[2025-04-24T21:29:25.716+0000][42.326s][info ][gc,heap     ] GC(43) Old regions: 73->82
[2025-04-24T21:29:25.716+0000][42.326s][info ][gc,heap     ] GC(43) Archive regions: 2->2
[2025-04-24T21:29:25.716+0000][42.326s][info ][gc,heap     ] GC(43) Humongous regions: 0->0
[2025-04-24T21:29:25.716+0000][42.326s][info ][gc,metaspace] GC(43) Metaspace: 114859K(115456K)->114859K(115456K) NonClass: 100179K(100480K)->100179K(100480K) Class: 14679K(14976K)->14679K(14976K)
[2025-04-24T21:29:25.716+0000][42.326s][info ][gc          ] GC(43) Pause Young (Concurrent Start) (Metadata GC Threshold) 122M->104M(622M) 74.922ms
[2025-04-24T21:29:25.716+0000][42.326s][info ][gc,cpu      ] GC(43) User=0.20s Sys=0.00s Real=0.07s
[2025-04-24T21:29:25.716+0000][42.327s][info ][safepoint   ] Safepoint "CollectForMetadataAllocation", Time since last: 691863872 ns, Reaching safepoint: 193501 ns, Cleanup: 122076 ns, At safepoint: 75058591 ns, Total: 75374168 ns
[2025-04-24T21:29:25.716+0000][42.327s][info ][gc          ] GC(44) Concurrent Mark Cycle
[2025-04-24T21:29:25.716+0000][42.327s][info ][gc,marking  ] GC(44) Concurrent Clear Claimed Marks
[2025-04-24T21:29:25.717+0000][42.327s][info ][gc,marking  ] GC(44) Concurrent Clear Claimed Marks 0.081ms
[2025-04-24T21:29:25.717+0000][42.327s][info ][gc,marking  ] GC(44) Concurrent Scan Root Regions
[2025-04-24T21:29:25.731+0000][42.341s][debug][safepoint   ] Safepoint synchronization initiated using futex wait barrier. (38 threads)
[2025-04-24T21:29:25.731+0000][42.342s][info ][safepoint   ] Safepoint "CollectForMetadataAllocation", Time since last: 13867517 ns, Reaching safepoint: 1060928 ns, Cleanup: 9424 ns, At safepoint: 11206 ns, Total: 1081558 ns
[2025-04-24T21:29:25.796+0000][42.407s][info ][gc,marking  ] GC(44) Concurrent Scan Root Regions 79.711ms
[2025-04-24T21:29:25.796+0000][42.407s][info ][gc,marking  ] GC(44) Concurrent Mark
[2025-04-24T21:29:25.796+0000][42.407s][info ][gc,marking  ] GC(44) Concurrent Mark From Roots
[2025-04-24T21:29:25.796+0000][42.407s][info ][gc,task     ] GC(44) Using 1 workers of 1 for marking
[2025-04-24T21:29:26.023+0000][42.633s][debug][safepoint   ] Safepoint synchronization initiated using futex wait barrier. (38 threads)
[2025-04-24T21:29:26.023+0000][42.634s][info ][safepoint   ] Safepoint "CollectForMetadataAllocation", Time since last: 286700530 ns, Reaching safepoint: 5261819 ns, Cleanup: 53291 ns, At safepoint: 66402 ns, Total: 5381512 ns
[2025-04-24T21:29:26.166+0000][42.776s][info ][gc,marking  ] GC(44) Concurrent Mark From Roots 369.378ms
[2025-04-24T21:29:26.166+0000][42.777s][info ][gc,marking  ] GC(44) Concurrent Preclean
[2025-04-24T21:29:26.167+0000][42.778s][info ][gc,marking  ] GC(44) Concurrent Preclean 1.148ms
[2025-04-24T21:29:26.167+0000][42.778s][debug][safepoint   ] Safepoint synchronization initiated using futex wait barrier. (38 threads)
[2025-04-24T21:29:26.168+0000][42.778s][info ][gc,start    ] GC(44) Pause Remark
[2025-04-24T21:29:26.216+0000][42.826s][info ][gc          ] GC(44) Pause Remark 117M->117M(400M) 48.247ms
[2025-04-24T21:29:26.218+0000][42.828s][info ][gc,cpu      ] GC(44) User=0.11s Sys=0.00s Real=0.06s
[2025-04-24T21:29:26.218+0000][42.829s][info ][safepoint   ] Safepoint "G1PauseRemark", Time since last: 144351210 ns, Reaching safepoint: 171543 ns, Cleanup: 27103 ns, At safepoint: 50380199 ns, Total: 50578845 ns
[2025-04-24T21:29:26.218+0000][42.829s][info ][gc,marking  ] GC(44) Concurrent Mark 421.949ms
[2025-04-24T21:29:26.218+0000][42.829s][info ][gc,marking  ] GC(44) Concurrent Rebuild Remembered Sets
[2025-04-24T21:29:26.481+0000][43.091s][info ][gc,marking  ] GC(44) Concurrent Rebuild Remembered Sets 262.336ms
[2025-04-24T21:29:26.481+0000][43.091s][debug][safepoint   ] Safepoint synchronization initiated using futex wait barrier. (38 threads)
[2025-04-24T21:29:26.481+0000][43.091s][info ][gc,start    ] GC(44) Pause Cleanup
[2025-04-24T21:29:26.482+0000][43.092s][info ][gc          ] GC(44) Pause Cleanup 123M->123M(400M) 0.936ms
[2025-04-24T21:29:26.482+0000][43.092s][info ][gc,cpu      ] GC(44) User=0.00s Sys=0.00s Real=0.00s
[2025-04-24T21:29:26.482+0000][43.092s][info ][safepoint   ] Safepoint "G1PauseCleanup", Time since last: 262719247 ns, Reaching safepoint: 97797 ns, Cleanup: 31149 ns, At safepoint: 1076205 ns, Total: 1205151 ns
[2025-04-24T21:29:26.482+0000][43.093s][info ][gc,marking  ] GC(44) Concurrent Cleanup for Next Mark
[2025-04-24T21:29:26.487+0000][43.097s][info ][gc,marking  ] GC(44) Concurrent Cleanup for Next Mark 4.407ms
[2025-04-24T21:29:26.487+0000][43.097s][info ][gc          ] GC(44) Concurrent Mark Cycle 770.276ms
[2025-04-24T21:29:27.855+0000][44.465s][debug][safepoint   ] Safepoint synchronization initiated using futex wait barrier. (41 threads)
[2025-04-24T21:29:27.858+0000][44.469s][info ][safepoint   ] Safepoint "Cleanup", Time since last: 1372654599 ns, Reaching safepoint: 3366877 ns, Cleanup: 103646 ns, At safepoint: 21425 ns, Total: 3491948 ns
[2025-04-24T21:29:29.648+0000][46.259s][debug][safepoint   ] Safepoint synchronization initiated using futex wait barrier. (41 threads)
[2025-04-24T21:29:29.649+0000][46.259s][info ][safepoint   ] Safepoint "Cleanup", Time since last: 1790196925 ns, Reaching safepoint: 142420 ns, Cleanup: 93457 ns, At safepoint: 10882 ns, Total: 246759 ns
[2025-04-24T21:29:30.752+0000][47.362s][debug][safepoint   ] Safepoint synchronization initiated using futex wait barrier. (45 threads)
[2025-04-24T21:29:30.758+0000][47.368s][info ][safepoint   ] Safepoint "Cleanup", Time since last: 1103194469 ns, Reaching safepoint: 360795 ns, Cleanup: 75161 ns, At safepoint: 5476973 ns, Total: 5912929 ns
[2025-04-24T21:29:30.982+0000][47.593s][debug][safepoint   ] Safepoint synchronization initiated using futex wait barrier. (49 threads)
[2025-04-24T21:29:30.983+0000][47.593s][info ][gc,start    ] GC(45) Pause Young (Prepare Mixed) (G1 Evacuation Pause)
[2025-04-24T21:29:30.983+0000][47.593s][info ][gc,task     ] GC(45) Using 4 workers of 4 for evacuation
[2025-04-24T21:29:31.043+0000][47.653s][info ][gc,phases   ] GC(45)   Pre Evacuate Collection Set: 0.6ms
[2025-04-24T21:29:31.046+0000][47.656s][info ][gc,phases   ] GC(45)   Merge Heap Roots: 0.3ms
[2025-04-24T21:29:31.046+0000][47.656s][info ][gc,phases   ] GC(45)   Evacuate Collection Set: 53.6ms
[2025-04-24T21:29:31.046+0000][47.656s][info ][gc,phases   ] GC(45)   Post Evacuate Collection Set: 5.6ms
[2025-04-24T21:29:31.046+0000][47.656s][info ][gc,phases   ] GC(45)   Other: 0.2ms
[2025-04-24T21:29:31.046+0000][47.656s][info ][gc,heap     ] GC(45) Eden regions: 217->0(1)
[2025-04-24T21:29:31.046+0000][47.656s][info ][gc,heap     ] GC(45) Survivor regions: 23->21(30)
[2025-04-24T21:29:31.046+0000][47.656s][info ][gc,heap     ] GC(45) Old regions: 82->90
[2025-04-24T21:29:31.046+0000][47.656s][info ][gc,heap     ] GC(45) Archive regions: 2->2
[2025-04-24T21:29:31.046+0000][47.656s][info ][gc,heap     ] GC(45) Humongous regions: 0->0
[2025-04-24T21:29:31.046+0000][47.656s][info ][gc,metaspace] GC(45) Metaspace: 124881K(125824K)->124881K(125824K) NonClass: 108917K(109440K)->108917K(109440K) Class: 15964K(16384K)->15964K(16384K)
[2025-04-24T21:29:31.046+0000][47.656s][info ][gc          ] GC(45) Pause Young (Prepare Mixed) (G1 Evacuation Pause) 321M->110M(400M) 63.251ms
[2025-04-24T21:29:31.046+0000][47.656s][info ][gc,cpu      ] GC(45) User=0.11s Sys=0.00s Real=0.06s
[2025-04-24T21:29:31.052+0000][47.662s][info ][safepoint   ] Safepoint "G1CollectForAllocation", Time since last: 224729757 ns, Reaching safepoint: 65218 ns, Cleanup: 129119 ns, At safepoint: 69152681 ns, Total: 69347018 ns
[2025-04-24T21:29:31.072+0000][47.682s][debug][safepoint   ] Safepoint synchronization initiated using futex wait barrier. (49 threads)
[2025-04-24T21:29:31.072+0000][47.683s][info ][gc,start    ] GC(46) Pause Young (Mixed) (G1 Evacuation Pause)
[2025-04-24T21:29:31.072+0000][47.683s][info ][gc,task     ] GC(46) Using 4 workers of 4 for evacuation
[2025-04-24T21:29:31.105+0000][47.715s][info ][gc,phases   ] GC(46)   Pre Evacuate Collection Set: 0.1ms
[2025-04-24T21:29:31.105+0000][47.715s][info ][gc,phases   ] GC(46)   Merge Heap Roots: 0.1ms
[2025-04-24T21:29:31.105+0000][47.715s][info ][gc,phases   ] GC(46)   Evacuate Collection Set: 29.9ms
[2025-04-24T21:29:31.105+0000][47.715s][info ][gc,phases   ] GC(46)   Post Evacuate Collection Set: 2.4ms
[2025-04-24T21:29:31.105+0000][47.715s][info ][gc,phases   ] GC(46)   Other: 0.3ms
[2025-04-24T21:29:31.105+0000][47.715s][info ][gc,heap     ] GC(46) Eden regions: 1->0(229)
[2025-04-24T21:29:31.105+0000][47.715s][info ][gc,heap     ] GC(46) Survivor regions: 21->2(3)
[2025-04-24T21:29:31.105+0000][47.715s][info ][gc,heap     ] GC(46) Old regions: 90->109
[2025-04-24T21:29:31.105+0000][47.715s][info ][gc,heap     ] GC(46) Archive regions: 2->2
[2025-04-24T21:29:31.105+0000][47.715s][info ][gc,heap     ] GC(46) Humongous regions: 0->0
[2025-04-24T21:29:31.105+0000][47.715s][info ][gc,metaspace] GC(46) Metaspace: 124908K(125824K)->124908K(125824K) NonClass: 108943K(109440K)->108943K(109440K) Class: 15965K(16384K)->15965K(16384K)
[2025-04-24T21:29:31.105+0000][47.715s][info ][gc          ] GC(46) Pause Young (Mixed) (G1 Evacuation Pause) 111M->111M(400M) 32.980ms
[2025-04-24T21:29:31.105+0000][47.716s][info ][gc,cpu      ] GC(46) User=0.10s Sys=0.00s Real=0.03s
[2025-04-24T21:29:31.105+0000][47.716s][info ][safepoint   ] Safepoint "G1CollectForAllocation", Time since last: 19969687 ns, Reaching safepoint: 290403 ns, Cleanup: 4630 ns, At safepoint: 33111536 ns, Total: 33406569 ns
[2025-04-24T21:29:32.108+0000][48.718s][debug][safepoint   ] Safepoint synchronization initiated using futex wait barrier. (49 threads)
[2025-04-24T21:29:32.108+0000][48.719s][info ][safepoint   ] Safepoint "Cleanup", Time since last: 1002615866 ns, Reaching safepoint: 405343 ns, Cleanup: 58321 ns, At safepoint: 12026 ns, Total: 475690 ns
[2025-04-24T21:29:33.109+0000][49.720s][debug][safepoint   ] Safepoint synchronization initiated using futex wait barrier. (50 threads)
[2025-04-24T21:29:33.109+0000][49.720s][info ][safepoint   ] Safepoint "Cleanup", Time since last: 1000910944 ns, Reaching safepoint: 137706 ns, Cleanup: 45381 ns, At safepoint: 11368 ns, Total: 194455 ns
[2025-04-24T21:29:34.567+0000][51.177s][debug][safepoint   ] Safepoint synchronization initiated using futex wait barrier. (50 threads)
[2025-04-24T21:29:34.567+0000][51.177s][info ][safepoint   ] Safepoint "Cleanup", Time since last: 1457392160 ns, Reaching safepoint: 194324 ns, Cleanup: 78769 ns, At safepoint: 8060 ns, Total: 281153 ns
[2025-04-24T21:29:34.922+0000][51.532s][debug][safepoint   ] Safepoint synchronization initiated using futex wait barrier. (50 threads)
[2025-04-24T21:29:34.922+0000][51.532s][info ][gc,start    ] GC(47) Pause Young (Concurrent Start) (G1 Evacuation Pause)
[2025-04-24T21:29:34.922+0000][51.533s][info ][gc,task     ] GC(47) Using 4 workers of 4 for evacuation
[2025-04-24T21:29:34.961+0000][51.572s][info ][gc,phases   ] GC(47)   Pre Evacuate Collection Set: 0.2ms
[2025-04-24T21:29:34.961+0000][51.572s][info ][gc,phases   ] GC(47)   Merge Heap Roots: 0.3ms
[2025-04-24T21:29:34.961+0000][51.572s][info ][gc,phases   ] GC(47)   Evacuate Collection Set: 31.1ms
[2025-04-24T21:29:34.961+0000][51.572s][info ][gc,phases   ] GC(47)   Post Evacuate Collection Set: 7.5ms
[2025-04-24T21:29:34.961+0000][51.572s][info ][gc,phases   ] GC(47)   Other: 0.2ms
[2025-04-24T21:29:34.961+0000][51.572s][info ][gc,heap     ] GC(47) Eden regions: 229->0(226)
[2025-04-24T21:29:34.961+0000][51.572s][info ][gc,heap     ] GC(47) Survivor regions: 2->6(29)
[2025-04-24T21:29:34.961+0000][51.572s][info ][gc,heap     ] GC(47) Old regions: 109->109
[2025-04-24T21:29:34.961+0000][51.572s][info ][gc,heap     ] GC(47) Archive regions: 2->2
[2025-04-24T21:29:34.961+0000][51.572s][info ][gc,heap     ] GC(47) Humongous regions: 1->0
[2025-04-24T21:29:34.961+0000][51.572s][info ][gc,metaspace] GC(47) Metaspace: 128884K(129920K)->128884K(129920K) NonClass: 112600K(113152K)->112600K(113152K) Class: 16284K(16768K)->16284K(16768K)
[2025-04-24T21:29:34.961+0000][51.572s][info ][gc          ] GC(47) Pause Young (Concurrent Start) (G1 Evacuation Pause) 341M->114M(400M) 39.423ms
[2025-04-24T21:29:34.961+0000][51.572s][info ][gc,cpu      ] GC(47) User=0.06s Sys=0.01s Real=0.04s
[2025-04-24T21:29:34.962+0000][51.572s][info ][gc          ] GC(48) Concurrent Mark Cycle
[2025-04-24T21:29:34.962+0000][51.572s][info ][gc,marking  ] GC(48) Concurrent Clear Claimed Marks
[2025-04-24T21:29:34.962+0000][51.572s][info ][gc,marking  ] GC(48) Concurrent Clear Claimed Marks 0.112ms
[2025-04-24T21:29:34.962+0000][51.572s][info ][gc,marking  ] GC(48) Concurrent Scan Root Regions
[2025-04-24T21:29:34.963+0000][51.573s][info ][safepoint   ] Safepoint "G1CollectForAllocation", Time since last: 354917624 ns, Reaching safepoint: 56064 ns, Cleanup: 30818 ns, At safepoint: 40859627 ns, Total: 40946509 ns
[2025-04-24T21:29:34.985+0000][51.595s][info ][gc,marking  ] GC(48) Concurrent Scan Root Regions 22.760ms
[2025-04-24T21:29:34.985+0000][51.595s][info ][gc,marking  ] GC(48) Concurrent Mark
[2025-04-24T21:29:34.985+0000][51.595s][info ][gc,marking  ] GC(48) Concurrent Mark From Roots
[2025-04-24T21:29:34.985+0000][51.595s][info ][gc,task     ] GC(48) Using 1 workers of 1 for marking
[2025-04-24T21:29:35.586+0000][52.196s][info ][gc,marking  ] GC(48) Concurrent Mark From Roots 601.186ms
[2025-04-24T21:29:35.586+0000][52.197s][info ][gc,marking  ] GC(48) Concurrent Preclean
[2025-04-24T21:29:35.586+0000][52.197s][info ][gc,marking  ] GC(48) Concurrent Preclean 0.403ms
[2025-04-24T21:29:35.587+0000][52.197s][debug][safepoint   ] Safepoint synchronization initiated using futex wait barrier. (53 threads)
[2025-04-24T21:29:35.590+0000][52.200s][info ][gc,start    ] GC(48) Pause Remark
[2025-04-24T21:29:35.617+0000][52.228s][info ][gc          ] GC(48) Pause Remark 140M->140M(400M) 27.479ms
[2025-04-24T21:29:35.617+0000][52.228s][info ][gc,cpu      ] GC(48) User=0.05s Sys=0.00s Real=0.02s
[2025-04-24T21:29:35.617+0000][52.228s][info ][safepoint   ] Safepoint "G1PauseRemark", Time since last: 623641806 ns, Reaching safepoint: 3169369 ns, Cleanup: 65259 ns, At safepoint: 27691709 ns, Total: 30926337 ns
[2025-04-24T21:29:35.617+0000][52.228s][info ][gc,marking  ] GC(48) Concurrent Mark 632.801ms
[2025-04-24T21:29:35.617+0000][52.228s][info ][gc,marking  ] GC(48) Concurrent Rebuild Remembered Sets
[2025-04-24T21:29:35.889+0000][52.500s][info ][gc,marking  ] GC(48) Concurrent Rebuild Remembered Sets 271.955ms
[2025-04-24T21:29:35.890+0000][52.500s][debug][safepoint   ] Safepoint synchronization initiated using futex wait barrier. (53 threads)
[2025-04-24T21:29:35.890+0000][52.501s][info ][gc,start    ] GC(48) Pause Cleanup
[2025-04-24T21:29:35.891+0000][52.501s][info ][gc          ] GC(48) Pause Cleanup 154M->154M(400M) 0.474ms
[2025-04-24T21:29:35.891+0000][52.501s][info ][gc,cpu      ] GC(48) User=0.00s Sys=0.00s Real=0.00s
[2025-04-24T21:29:35.891+0000][52.501s][info ][safepoint   ] Safepoint "G1PauseCleanup", Time since last: 272081532 ns, Reaching safepoint: 726707 ns, Cleanup: 28367 ns, At safepoint: 576735 ns, Total: 1331809 ns
[2025-04-24T21:29:35.892+0000][52.502s][info ][gc,marking  ] GC(48) Concurrent Cleanup for Next Mark
[2025-04-24T21:29:35.898+0000][52.508s][info ][gc,marking  ] GC(48) Concurrent Cleanup for Next Mark 5.981ms
[2025-04-24T21:29:35.898+0000][52.508s][info ][gc          ] GC(48) Concurrent Mark Cycle 936.142ms
[2025-04-24T21:29:36.893+0000][53.503s][debug][safepoint   ] Safepoint synchronization initiated using futex wait barrier. (53 threads)
[2025-04-24T21:29:36.893+0000][53.503s][info ][safepoint   ] Safepoint "Cleanup", Time since last: 1001766406 ns, Reaching safepoint: 197846 ns, Cleanup: 23261 ns, At safepoint: 5454 ns, Total: 226561 ns
[2025-04-24T21:29:37.894+0000][54.504s][debug][safepoint   ] Safepoint synchronization initiated using futex wait barrier. (54 threads)
[2025-04-24T21:29:37.894+0000][54.505s][info ][safepoint   ] Safepoint "Cleanup", Time since last: 1000836664 ns, Reaching safepoint: 496975 ns, Cleanup: 78441 ns, At safepoint: 17539 ns, Total: 592955 ns
[2025-04-24T21:29:38.126+0000][54.736s][debug][safepoint   ] Safepoint synchronization initiated using futex wait barrier. (54 threads)
[2025-04-24T21:29:38.126+0000][54.736s][info ][gc,start    ] GC(49) Pause Young (Prepare Mixed) (G1 Evacuation Pause)
[2025-04-24T21:29:38.126+0000][54.736s][info ][gc,task     ] GC(49) Using 4 workers of 4 for evacuation
[2025-04-24T21:29:38.152+0000][54.762s][info ][gc,phases   ] GC(49)   Pre Evacuate Collection Set: 0.2ms
[2025-04-24T21:29:38.152+0000][54.762s][info ][gc,phases   ] GC(49)   Merge Heap Roots: 0.3ms
[2025-04-24T21:29:38.152+0000][54.762s][info ][gc,phases   ] GC(49)   Evacuate Collection Set: 23.1ms
[2025-04-24T21:29:38.152+0000][54.762s][info ][gc,phases   ] GC(49)   Post Evacuate Collection Set: 2.3ms
[2025-04-24T21:29:38.152+0000][54.763s][info ][gc,phases   ] GC(49)   Other: 0.1ms
[2025-04-24T21:29:38.152+0000][54.763s][info ][gc,heap     ] GC(49) Eden regions: 226->0(11)
[2025-04-24T21:29:38.152+0000][54.763s][info ][gc,heap     ] GC(49) Survivor regions: 6->9(29)
[2025-04-24T21:29:38.152+0000][54.763s][info ][gc,heap     ] GC(49) Old regions: 109->109
[2025-04-24T21:29:38.152+0000][54.763s][info ][gc,heap     ] GC(49) Archive regions: 2->2
[2025-04-24T21:29:38.152+0000][54.763s][info ][gc,heap     ] GC(49) Humongous regions: 0->0
[2025-04-24T21:29:38.152+0000][54.763s][info ][gc,metaspace] GC(49) Metaspace: 134393K(135424K)->134393K(135424K) NonClass: 117460K(118016K)->117460K(118016K) Class: 16933K(17408K)->16933K(17408K)
[2025-04-24T21:29:38.152+0000][54.763s][info ][gc          ] GC(49) Pause Young (Prepare Mixed) (G1 Evacuation Pause) 340M->118M(400M) 26.107ms
[2025-04-24T21:29:38.152+0000][54.763s][info ][gc,cpu      ] GC(49) User=0.07s Sys=0.01s Real=0.03s
[2025-04-24T21:29:38.153+0000][54.763s][info ][safepoint   ] Safepoint "G1CollectForAllocation", Time since last: 231637112 ns, Reaching safepoint: 67972 ns, Cleanup: 17926 ns, At safepoint: 26723094 ns, Total: 26808992 ns
[2025-04-24T21:29:38.231+0000][54.841s][debug][safepoint   ] Safepoint synchronization initiated using futex wait barrier. (54 threads)
[2025-04-24T21:29:38.231+0000][54.842s][info ][gc,start    ] GC(50) Pause Young (Mixed) (G1 Evacuation Pause)
[2025-04-24T21:29:38.232+0000][54.842s][info ][gc,task     ] GC(50) Using 4 workers of 4 for evacuation
[2025-04-24T21:29:38.250+0000][54.861s][info ][gc,phases   ] GC(50)   Pre Evacuate Collection Set: 0.1ms
[2025-04-24T21:29:38.250+0000][54.861s][info ][gc,phases   ] GC(50)   Merge Heap Roots: 0.1ms
[2025-04-24T21:29:38.250+0000][54.861s][info ][gc,phases   ] GC(50)   Evacuate Collection Set: 16.9ms
[2025-04-24T21:29:38.250+0000][54.861s][info ][gc,phases   ] GC(50)   Post Evacuate Collection Set: 1.6ms
[2025-04-24T21:29:38.250+0000][54.861s][info ][gc,phases   ] GC(50)   Other: 0.3ms
[2025-04-24T21:29:38.251+0000][54.861s][info ][gc,heap     ] GC(50) Eden regions: 11->0(224)
[2025-04-24T21:29:38.251+0000][54.861s][info ][gc,heap     ] GC(50) Survivor regions: 9->2(3)
[2025-04-24T21:29:38.251+0000][54.861s][info ][gc,heap     ] GC(50) Old regions: 109->116
[2025-04-24T21:29:38.251+0000][54.861s][info ][gc,heap     ] GC(50) Archive regions: 2->2
[2025-04-24T21:29:38.251+0000][54.861s][info ][gc,heap     ] GC(50) Humongous regions: 0->0
[2025-04-24T21:29:38.251+0000][54.861s][info ][gc,metaspace] GC(50) Metaspace: 134684K(135680K)->134684K(135680K) NonClass: 117740K(118272K)->117740K(118272K) Class: 16944K(17408K)->16944K(17408K)
[2025-04-24T21:29:38.251+0000][54.861s][info ][gc          ] GC(50) Pause Young (Mixed) (G1 Evacuation Pause) 129M->117M(400M) 19.078ms
[2025-04-24T21:29:38.251+0000][54.861s][info ][gc,cpu      ] GC(50) User=0.06s Sys=0.00s Real=0.02s
[2025-04-24T21:29:38.251+0000][54.861s][info ][safepoint   ] Safepoint "G1CollectForAllocation", Time since last: 78169889 ns, Reaching safepoint: 560610 ns, Cleanup: 9699 ns, At safepoint: 19148503 ns, Total: 19718812 ns
[2025-04-24T21:29:39.251+0000][55.861s][debug][safepoint   ] Safepoint synchronization initiated using futex wait barrier. (54 threads)
[2025-04-24T21:29:39.251+0000][55.862s][info ][safepoint   ] Safepoint "Cleanup", Time since last: 1000109029 ns, Reaching safepoint: 406694 ns, Cleanup: 54525 ns, At safepoint: 9992 ns, Total: 471211 ns
[2025-04-24T21:29:40.883+0000][57.494s][debug][safepoint   ] Safepoint synchronization initiated using futex wait barrier. (58 threads)
[2025-04-24T21:29:40.884+0000][57.494s][info ][gc,start    ] GC(51) Pause Young (Normal) (G1 Evacuation Pause)
[2025-04-24T21:29:40.884+0000][57.494s][info ][gc,task     ] GC(51) Using 4 workers of 4 for evacuation
[2025-04-24T21:29:40.920+0000][57.530s][info ][gc,phases   ] GC(51)   Pre Evacuate Collection Set: 0.2ms
[2025-04-24T21:29:40.920+0000][57.530s][info ][gc,phases   ] GC(51)   Merge Heap Roots: 0.4ms
[2025-04-24T21:29:40.920+0000][57.530s][info ][gc,phases   ] GC(51)   Evacuate Collection Set: 32.3ms
[2025-04-24T21:29:40.920+0000][57.530s][info ][gc,phases   ] GC(51)   Post Evacuate Collection Set: 3.0ms
[2025-04-24T21:29:40.920+0000][57.530s][info ][gc,phases   ] GC(51)   Other: 0.3ms
[2025-04-24T21:29:40.920+0000][57.530s][info ][gc,heap     ] GC(51) Eden regions: 224->0(215)
[2025-04-24T21:29:40.920+0000][57.530s][info ][gc,heap     ] GC(51) Survivor regions: 2->9(29)
[2025-04-24T21:29:40.920+0000][57.530s][info ][gc,heap     ] GC(51) Old regions: 116->116
[2025-04-24T21:29:40.920+0000][57.530s][info ][gc,heap     ] GC(51) Archive regions: 2->2
[2025-04-24T21:29:40.920+0000][57.530s][info ][gc,heap     ] GC(51) Humongous regions: 0->0
[2025-04-24T21:29:40.920+0000][57.530s][info ][gc,metaspace] GC(51) Metaspace: 138977K(140032K)->138977K(140032K) NonClass: 121750K(122304K)->121750K(122304K) Class: 17226K(17728K)->17226K(17728K)
[2025-04-24T21:29:40.920+0000][57.530s][info ][gc          ] GC(51) Pause Young (Normal) (G1 Evacuation Pause) 341M->124M(400M) 36.393ms
[2025-04-24T21:29:40.920+0000][57.530s][info ][gc,cpu      ] GC(51) User=0.10s Sys=0.00s Real=0.04s
[2025-04-24T21:29:40.923+0000][57.533s][info ][safepoint   ] Safepoint "G1CollectForAllocation", Time since last: 1632025494 ns, Reaching safepoint: 222006 ns, Cleanup: 122012 ns, At safepoint: 39152941 ns, Total: 39496959 ns
[2025-04-24T21:29:41.924+0000][58.535s][debug][safepoint   ] Safepoint synchronization initiated using futex wait barrier. (58 threads)
[2025-04-24T21:29:41.925+0000][58.535s][info ][safepoint   ] Safepoint "Cleanup", Time since last: 1001648943 ns, Reaching safepoint: 98863 ns, Cleanup: 44210 ns, At safepoint: 10976 ns, Total: 154049 ns
[2025-04-24T21:29:42.573+0000][59.183s][debug][safepoint   ] ... found polling page loop exception at pc = 0x00007cdd4518c20e, stub =0x00007cdd4498e400
[2025-04-24T21:29:43.133+0000][59.744s][debug][safepoint   ] Safepoint synchronization initiated using futex wait barrier. (63 threads)
[2025-04-24T21:29:43.133+0000][59.744s][info ][gc,start    ] GC(52) Pause Young (Normal) (G1 Evacuation Pause)
[2025-04-24T21:29:43.133+0000][59.744s][info ][gc,task     ] GC(52) Using 4 workers of 4 for evacuation
[2025-04-24T21:29:43.165+0000][59.775s][info ][gc,phases   ] GC(52)   Pre Evacuate Collection Set: 1.2ms
[2025-04-24T21:29:43.165+0000][59.776s][info ][gc,phases   ] GC(52)   Merge Heap Roots: 0.3ms
[2025-04-24T21:29:43.165+0000][59.776s][info ][gc,phases   ] GC(52)   Evacuate Collection Set: 25.6ms
[2025-04-24T21:29:43.165+0000][59.776s][info ][gc,phases   ] GC(52)   Post Evacuate Collection Set: 4.2ms
[2025-04-24T21:29:43.165+0000][59.776s][info ][gc,phases   ] GC(52)   Other: 0.2ms
[2025-04-24T21:29:43.165+0000][59.776s][info ][gc,heap     ] GC(52) Eden regions: 215->0(207)
[2025-04-24T21:29:43.165+0000][59.776s][info ][gc,heap     ] GC(52) Survivor regions: 9->16(28)
[2025-04-24T21:29:43.165+0000][59.776s][info ][gc,heap     ] GC(52) Old regions: 116->116
[2025-04-24T21:29:43.165+0000][59.776s][info ][gc,heap     ] GC(52) Archive regions: 2->2
[2025-04-24T21:29:43.165+0000][59.776s][info ][gc,heap     ] GC(52) Humongous regions: 0->0
[2025-04-24T21:29:43.165+0000][59.776s][info ][gc,metaspace] GC(52) Metaspace: 144898K(145984K)->144898K(145984K) NonClass: 127205K(127808K)->127205K(127808K) Class: 17692K(18176K)->17692K(18176K)
[2025-04-24T21:29:43.165+0000][59.776s][info ][gc          ] GC(52) Pause Young (Normal) (G1 Evacuation Pause) 339M->131M(400M) 31.942ms
[2025-04-24T21:29:43.165+0000][59.776s][info ][gc,cpu      ] GC(52) User=0.07s Sys=0.00s Real=0.03s
[2025-04-24T21:29:43.166+0000][59.776s][info ][safepoint   ] Safepoint "G1CollectForAllocation", Time since last: 1208763530 ns, Reaching safepoint: 57657 ns, Cleanup: 82104 ns, At safepoint: 32274543 ns, Total: 32414304 ns
[2025-04-24T21:29:43.940+0000][60.550s][info ][cds,heap    ] initialize_from_archived_subgraph jdk.internal.math.FDBigInteger 0x00007cdcdb14dd00
[2025-04-24T21:29:44.600+0000][61.210s][debug][safepoint   ] Safepoint synchronization initiated using futex wait barrier. (63 threads)
[2025-04-24T21:29:44.600+0000][61.211s][info ][safepoint   ] Safepoint "Cleanup", Time since last: 1434158716 ns, Reaching safepoint: 156844 ns, Cleanup: 109475 ns, At safepoint: 15750 ns, Total: 282069 ns
[2025-04-24T21:29:45.604+0000][62.215s][debug][safepoint   ] Safepoint synchronization initiated using futex wait barrier. (77 threads)
[2025-04-24T21:29:45.608+0000][62.219s][info ][safepoint   ] Safepoint "Cleanup", Time since last: 1004332106 ns, Reaching safepoint: 3449063 ns, Cleanup: 136132 ns, At safepoint: 18407 ns, Total: 3603602 ns
[2025-04-24T21:29:45.853+0000][62.464s][debug][safepoint   ] Safepoint synchronization initiated using futex wait barrier. (77 threads)
[2025-04-24T21:29:45.854+0000][62.464s][info ][gc,start    ] GC(53) Pause Young (Normal) (G1 Evacuation Pause)
[2025-04-24T21:29:45.854+0000][62.464s][info ][gc,task     ] GC(53) Using 4 workers of 4 for evacuation
[2025-04-24T21:29:45.890+0000][62.500s][info ][gc,phases   ] GC(53)   Pre Evacuate Collection Set: 0.3ms
[2025-04-24T21:29:45.890+0000][62.500s][info ][gc,phases   ] GC(53)   Merge Heap Roots: 0.2ms
[2025-04-24T21:29:45.890+0000][62.500s][info ][gc,phases   ] GC(53)   Evacuate Collection Set: 30.7ms
[2025-04-24T21:29:45.890+0000][62.500s][info ][gc,phases   ] GC(53)   Post Evacuate Collection Set: 4.9ms
[2025-04-24T21:29:45.890+0000][62.500s][info ][gc,phases   ] GC(53)   Other: 0.2ms
[2025-04-24T21:29:45.890+0000][62.500s][info ][gc,heap     ] GC(53) Eden regions: 207->0(205)
[2025-04-24T21:29:45.890+0000][62.500s][info ][gc,heap     ] GC(53) Survivor regions: 16->12(28)
[2025-04-24T21:29:45.890+0000][62.500s][info ][gc,heap     ] GC(53) Old regions: 116->124
[2025-04-24T21:29:45.890+0000][62.500s][info ][gc,heap     ] GC(53) Archive regions: 2->2
[2025-04-24T21:29:45.890+0000][62.500s][info ][gc,heap     ] GC(53) Humongous regions: 0->0
[2025-04-24T21:29:45.890+0000][62.500s][info ][gc,metaspace] GC(53) Metaspace: 149959K(151040K)->149959K(151040K) NonClass: 131662K(132224K)->131662K(132224K) Class: 18296K(18816K)->18296K(18816K)
[2025-04-24T21:29:45.890+0000][62.500s][info ][gc          ] GC(53) Pause Young (Normal) (G1 Evacuation Pause) 338M->135M(400M) 36.473ms
[2025-04-24T21:29:45.890+0000][62.500s][info ][gc,cpu      ] GC(53) User=0.09s Sys=0.00s Real=0.04s
[2025-04-24T21:29:45.892+0000][62.503s][info ][safepoint   ] Safepoint "G1CollectForAllocation", Time since last: 245348248 ns, Reaching safepoint: 65281 ns, Cleanup: 32292 ns, At safepoint: 37324192 ns, Total: 37421765 ns
[2025-04-24T21:29:47.649+0000][64.260s][debug][safepoint   ] Safepoint synchronization initiated using futex wait barrier. (77 threads)
[2025-04-24T21:29:47.649+0000][64.260s][info ][safepoint   ] Safepoint "Cleanup", Time since last: 1758427602 ns, Reaching safepoint: 81476 ns, Cleanup: 52890 ns, At safepoint: 10839 ns, Total: 145205 ns
[2025-04-24T21:29:49.094+0000][65.704s][debug][safepoint   ] Safepoint synchronization initiated using futex wait barrier. (77 threads)
[2025-04-24T21:29:49.094+0000][65.705s][info ][safepoint   ] Safepoint "Cleanup", Time since last: 1444543569 ns, Reaching safepoint: 77910 ns, Cleanup: 107470 ns, At safepoint: 8474 ns, Total: 193854 ns
[2025-04-24T21:29:49.365+0000][65.975s][debug][safepoint   ] Safepoint synchronization initiated using futex wait barrier. (77 threads)
[2025-04-24T21:29:49.365+0000][65.976s][info ][gc,start    ] GC(54) Pause Young (Normal) (G1 Evacuation Pause)
[2025-04-24T21:29:49.365+0000][65.976s][info ][gc,task     ] GC(54) Using 4 workers of 4 for evacuation
[2025-04-24T21:29:49.386+0000][65.997s][info ][gc,phases   ] GC(54)   Pre Evacuate Collection Set: 0.1ms
[2025-04-24T21:29:49.386+0000][65.997s][info ][gc,phases   ] GC(54)   Merge Heap Roots: 0.2ms
[2025-04-24T21:29:49.386+0000][65.997s][info ][gc,phases   ] GC(54)   Evacuate Collection Set: 18.8ms
[2025-04-24T21:29:49.386+0000][65.997s][info ][gc,phases   ] GC(54)   Post Evacuate Collection Set: 1.9ms
[2025-04-24T21:29:49.386+0000][65.997s][info ][gc,phases   ] GC(54)   Other: 0.1ms
[2025-04-24T21:29:49.386+0000][65.997s][info ][gc,heap     ] GC(54) Eden regions: 205->0(198)
[2025-04-24T21:29:49.386+0000][65.997s][info ][gc,heap     ] GC(54) Survivor regions: 12->18(28)
[2025-04-24T21:29:49.386+0000][65.997s][info ][gc,heap     ] GC(54) Old regions: 124->124
[2025-04-24T21:29:49.386+0000][65.997s][info ][gc,heap     ] GC(54) Archive regions: 2->2
[2025-04-24T21:29:49.386+0000][65.997s][info ][gc,heap     ] GC(54) Humongous regions: 0->0
[2025-04-24T21:29:49.386+0000][65.997s][info ][gc,metaspace] GC(54) Metaspace: 152011K(153024K)->152011K(153024K) NonClass: 133433K(133952K)->133433K(133952K) Class: 18578K(19072K)->18578K(19072K)
[2025-04-24T21:29:49.386+0000][65.997s][info ][gc          ] GC(54) Pause Young (Normal) (G1 Evacuation Pause) 340M->141M(400M) 21.279ms
[2025-04-24T21:29:49.386+0000][65.997s][info ][gc,cpu      ] GC(54) User=0.08s Sys=0.00s Real=0.02s
[2025-04-24T21:29:49.386+0000][65.997s][info ][safepoint   ] Safepoint "G1CollectForAllocation", Time since last: 270848635 ns, Reaching safepoint: 54499 ns, Cleanup: 11033 ns, At safepoint: 21401774 ns, Total: 21467306 ns
[2025-04-24T21:29:50.388+0000][66.998s][debug][safepoint   ] Safepoint synchronization initiated using futex wait barrier. (77 threads)
[2025-04-24T21:29:50.388+0000][66.999s][info ][safepoint   ] Safepoint "Cleanup", Time since last: 1001259849 ns, Reaching safepoint: 444918 ns, Cleanup: 50342 ns, At safepoint: 25550 ns, Total: 520810 ns
[2025-04-24T21:29:51.543+0000][68.154s][debug][safepoint   ] Safepoint synchronization initiated using futex wait barrier. (77 threads)
[2025-04-24T21:29:51.545+0000][68.156s][info ][safepoint   ] Safepoint "Cleanup", Time since last: 1154873970 ns, Reaching safepoint: 2133833 ns, Cleanup: 70714 ns, At safepoint: 8366 ns, Total: 2212913 ns
[2025-04-24T21:29:52.095+0000][68.705s][debug][safepoint   ] Safepoint synchronization initiated using futex wait barrier. (77 threads)
[2025-04-24T21:29:52.095+0000][68.705s][info ][gc,start    ] GC(55) Pause Young (Normal) (G1 Evacuation Pause)
[2025-04-24T21:29:52.095+0000][68.705s][info ][gc,task     ] GC(55) Using 4 workers of 4 for evacuation
[2025-04-24T21:29:52.148+0000][68.758s][info ][gc,phases   ] GC(55)   Pre Evacuate Collection Set: 0.1ms
[2025-04-24T21:29:52.148+0000][68.758s][info ][gc,phases   ] GC(55)   Merge Heap Roots: 0.4ms
[2025-04-24T21:29:52.148+0000][68.758s][info ][gc,phases   ] GC(55)   Evacuate Collection Set: 48.7ms
[2025-04-24T21:29:52.148+0000][68.758s][info ][gc,phases   ] GC(55)   Post Evacuate Collection Set: 3.7ms
[2025-04-24T21:29:52.148+0000][68.758s][info ][gc,phases   ] GC(55)   Other: 0.2ms
[2025-04-24T21:29:52.148+0000][68.758s][info ][gc,heap     ] GC(55) Eden regions: 198->0(196)
[2025-04-24T21:29:52.148+0000][68.758s][info ][gc,heap     ] GC(55) Survivor regions: 18->15(27)
[2025-04-24T21:29:52.148+0000][68.758s][info ][gc,heap     ] GC(55) Old regions: 124->131
[2025-04-24T21:29:52.148+0000][68.758s][info ][gc,heap     ] GC(55) Archive regions: 2->2
[2025-04-24T21:29:52.148+0000][68.758s][info ][gc,heap     ] GC(55) Humongous regions: 0->0
[2025-04-24T21:29:52.148+0000][68.758s][info ][gc,metaspace] GC(55) Metaspace: 154557K(155648K)->154557K(155648K) NonClass: 135596K(136192K)->135596K(136192K) Class: 18961K(19456K)->18961K(19456K)
[2025-04-24T21:29:52.148+0000][68.758s][info ][gc          ] GC(55) Pause Young (Normal) (G1 Evacuation Pause) 339M->145M(400M) 53.155ms
[2025-04-24T21:29:52.148+0000][68.758s][info ][gc,cpu      ] GC(55) User=0.12s Sys=0.00s Real=0.06s
[2025-04-24T21:29:52.151+0000][68.761s][info ][safepoint   ] Safepoint "G1CollectForAllocation", Time since last: 549301313 ns, Reaching safepoint: 114009 ns, Cleanup: 70340 ns, At safepoint: 55765662 ns, Total: 55950011 ns
[2025-04-24T21:29:53.648+0000][70.258s][debug][safepoint   ] Safepoint synchronization initiated using futex wait barrier. (77 threads)
[2025-04-24T21:29:53.648+0000][70.258s][info ][gc,start    ] GC(56) Pause Young (Normal) (G1 Evacuation Pause)
[2025-04-24T21:29:53.648+0000][70.258s][info ][gc,task     ] GC(56) Using 4 workers of 4 for evacuation
[2025-04-24T21:29:53.697+0000][70.307s][info ][gc,phases   ] GC(56)   Pre Evacuate Collection Set: 0.2ms
[2025-04-24T21:29:53.697+0000][70.307s][info ][gc,phases   ] GC(56)   Merge Heap Roots: 0.5ms
[2025-04-24T21:29:53.697+0000][70.307s][info ][gc,phases   ] GC(56)   Evacuate Collection Set: 44.5ms
[2025-04-24T21:29:53.697+0000][70.307s][info ][gc,phases   ] GC(56)   Post Evacuate Collection Set: 3.4ms
[2025-04-24T21:29:53.697+0000][70.307s][info ][gc,phases   ] GC(56)   Other: 0.1ms
[2025-04-24T21:29:53.697+0000][70.307s][info ][gc,heap     ] GC(56) Eden regions: 196->0(192)
[2025-04-24T21:29:53.697+0000][70.307s][info ][gc,heap     ] GC(56) Survivor regions: 15->16(27)
[2025-04-24T21:29:53.697+0000][70.307s][info ][gc,heap     ] GC(56) Old regions: 131->134
[2025-04-24T21:29:53.697+0000][70.307s][info ][gc,heap     ] GC(56) Archive regions: 2->2
[2025-04-24T21:29:53.697+0000][70.307s][info ][gc,heap     ] GC(56) Humongous regions: 0->0
[2025-04-24T21:29:53.697+0000][70.307s][info ][gc,metaspace] GC(56) Metaspace: 157336K(158464K)->157336K(158464K) NonClass: 137961K(138560K)->137961K(138560K) Class: 19374K(19904K)->19374K(19904K)
[2025-04-24T21:29:53.697+0000][70.307s][info ][gc          ] GC(56) Pause Young (Normal) (G1 Evacuation Pause) 341M->150M(400M) 48.894ms
[2025-04-24T21:29:53.697+0000][70.307s][info ][gc,cpu      ] GC(56) User=0.10s Sys=0.00s Real=0.04s
[2025-04-24T21:29:53.700+0000][70.311s][info ][safepoint   ] Safepoint "G1CollectForAllocation", Time since last: 1497203509 ns, Reaching safepoint: 65916 ns, Cleanup: 120896 ns, At safepoint: 52469363 ns, Total: 52656175 ns
[2025-04-24T21:29:54.701+0000][71.311s][debug][safepoint   ] Safepoint synchronization initiated using futex wait barrier. (82 threads)
[2025-04-24T21:29:54.701+0000][71.311s][info ][safepoint   ] Safepoint "Cleanup", Time since last: 1000148448 ns, Reaching safepoint: 74858 ns, Cleanup: 73335 ns, At safepoint: 11828 ns, Total: 160021 ns
[2025-04-24T21:29:55.819+0000][72.429s][debug][safepoint   ] Safepoint synchronization initiated using futex wait barrier. (114 threads)
[2025-04-24T21:29:55.819+0000][72.430s][info ][safepoint   ] Safepoint "ICBufferFull", Time since last: 1118288624 ns, Reaching safepoint: 138419 ns, Cleanup: 136698 ns, At safepoint: 12684 ns, Total: 287801 ns
[2025-04-24T21:29:55.850+0000][72.460s][debug][safepoint   ] Safepoint synchronization initiated using futex wait barrier. (114 threads)
[2025-04-24T21:29:55.850+0000][72.460s][debug][safepoint   ] ... found polling page loop exception at pc = 0x00007cdd4518c20e, stub =0x00007cdd4498e400
[2025-04-24T21:29:55.850+0000][72.460s][info ][gc,start    ] GC(57) Pause Young (Normal) (G1 Evacuation Pause)
[2025-04-24T21:29:55.850+0000][72.460s][info ][gc,task     ] GC(57) Using 4 workers of 4 for evacuation
[2025-04-24T21:29:55.891+0000][72.501s][info ][gc,phases   ] GC(57)   Pre Evacuate Collection Set: 0.1ms
[2025-04-24T21:29:55.891+0000][72.501s][info ][gc,phases   ] GC(57)   Merge Heap Roots: 0.2ms
[2025-04-24T21:29:55.891+0000][72.501s][info ][gc,phases   ] GC(57)   Evacuate Collection Set: 32.6ms
[2025-04-24T21:29:55.891+0000][72.501s][info ][gc,phases   ] GC(57)   Post Evacuate Collection Set: 7.8ms
[2025-04-24T21:29:55.891+0000][72.501s][info ][gc,phases   ] GC(57)   Other: 0.1ms
[2025-04-24T21:29:55.891+0000][72.501s][info ][gc,heap     ] GC(57) Eden regions: 192->0(186)
[2025-04-24T21:29:55.891+0000][72.501s][info ][gc,heap     ] GC(57) Survivor regions: 16->15(26)
[2025-04-24T21:29:55.891+0000][72.501s][info ][gc,heap     ] GC(57) Old regions: 134->141
[2025-04-24T21:29:55.891+0000][72.501s][info ][gc,heap     ] GC(57) Archive regions: 2->2
[2025-04-24T21:29:55.891+0000][72.501s][info ][gc,heap     ] GC(57) Humongous regions: 0->0
[2025-04-24T21:29:55.891+0000][72.501s][info ][gc,metaspace] GC(57) Metaspace: 160439K(161664K)->160439K(161664K) NonClass: 140611K(141248K)->140611K(141248K) Class: 19828K(20416K)->19828K(20416K)
[2025-04-24T21:29:55.891+0000][72.501s][info ][gc          ] GC(57) Pause Young (Normal) (G1 Evacuation Pause) 342M->155M(400M) 40.970ms
[2025-04-24T21:29:55.891+0000][72.501s][info ][gc,cpu      ] GC(57) User=0.12s Sys=0.00s Real=0.04s
[2025-04-24T21:29:55.891+0000][72.502s][info ][safepoint   ] Safepoint "G1CollectForAllocation", Time since last: 30526831 ns, Reaching safepoint: 126364 ns, Cleanup: 18922 ns, At safepoint: 41208177 ns, Total: 41353463 ns
[2025-04-24T21:29:56.688+0000][73.298s][debug][safepoint   ] Safepoint synchronization initiated using futex wait barrier. (172 threads)
[2025-04-24T21:29:56.688+0000][73.299s][info ][safepoint   ] Safepoint "ICBufferFull", Time since last: 796699695 ns, Reaching safepoint: 218066 ns, Cleanup: 97397 ns, At safepoint: 12114 ns, Total: 327577 ns
[2025-04-24T21:29:56.727+0000][73.337s][debug][safepoint   ] Safepoint synchronization initiated using futex wait barrier. (172 threads)
[2025-04-24T21:29:56.729+0000][73.340s][info ][gc,start    ] GC(58) Pause Young (Normal) (G1 Evacuation Pause)
[2025-04-24T21:29:56.729+0000][73.340s][info ][gc,task     ] GC(58) Using 4 workers of 4 for evacuation
[2025-04-24T21:29:56.766+0000][73.376s][info ][gc,phases   ] GC(58)   Pre Evacuate Collection Set: 0.2ms
[2025-04-24T21:29:56.766+0000][73.376s][info ][gc,phases   ] GC(58)   Merge Heap Roots: 0.2ms
[2025-04-24T21:29:56.766+0000][73.376s][info ][gc,phases   ] GC(58)   Evacuate Collection Set: 34.7ms
[2025-04-24T21:29:56.766+0000][73.376s][info ][gc,phases   ] GC(58)   Post Evacuate Collection Set: 1.6ms
[2025-04-24T21:29:56.766+0000][73.376s][info ][gc,phases   ] GC(58)   Other: 0.2ms
[2025-04-24T21:29:56.766+0000][73.376s][info ][gc,heap     ] GC(58) Eden regions: 186->0(183)
[2025-04-24T21:29:56.766+0000][73.376s][info ][gc,heap     ] GC(58) Survivor regions: 15->17(26)
[2025-04-24T21:29:56.766+0000][73.376s][info ][gc,heap     ] GC(58) Old regions: 141->141
[2025-04-24T21:29:56.766+0000][73.376s][info ][gc,heap     ] GC(58) Archive regions: 2->2
[2025-04-24T21:29:56.766+0000][73.376s][info ][gc,heap     ] GC(58) Humongous regions: 0->0
[2025-04-24T21:29:56.766+0000][73.376s][info ][gc,metaspace] GC(58) Metaspace: 164083K(165248K)->164083K(165248K) NonClass: 143832K(144448K)->143832K(144448K) Class: 20250K(20800K)->20250K(20800K)
[2025-04-24T21:29:56.766+0000][73.376s][info ][gc          ] GC(58) Pause Young (Normal) (G1 Evacuation Pause) 341M->158M(400M) 36.923ms
[2025-04-24T21:29:56.766+0000][73.376s][info ][gc,cpu      ] GC(58) User=0.11s Sys=0.00s Real=0.03s
[2025-04-24T21:29:56.766+0000][73.377s][info ][safepoint   ] Safepoint "G1CollectForAllocation", Time since last: 38579464 ns, Reaching safepoint: 2188354 ns, Cleanup: 18118 ns, At safepoint: 37480624 ns, Total: 39687096 ns
[2025-04-24T21:29:57.232+0000][73.842s][debug][safepoint   ] ... found polling page loop exception at pc = 0x00007cdd452b53f2, stub =0x00007cdd4498e400
[2025-04-24T21:29:57.349+0000][73.959s][debug][safepoint   ] Safepoint synchronization initiated using futex wait barrier. (195 threads)
[2025-04-24T21:29:57.349+0000][73.960s][info ][safepoint   ] Safepoint "ICBufferFull", Time since last: 582439035 ns, Reaching safepoint: 178491 ns, Cleanup: 146818 ns, At safepoint: 14354 ns, Total: 339663 ns
[2025-04-24T21:29:57.505+0000][74.116s][debug][safepoint   ] Safepoint synchronization initiated using futex wait barrier. (195 threads)
[2025-04-24T21:29:57.505+0000][74.116s][info ][gc,start    ] GC(59) Pause Young (Normal) (G1 Evacuation Pause)
[2025-04-24T21:29:57.505+0000][74.116s][info ][gc,task     ] GC(59) Using 4 workers of 4 for evacuation
[2025-04-24T21:29:57.532+0000][74.142s][info ][gc,phases   ] GC(59)   Pre Evacuate Collection Set: 0.2ms
[2025-04-24T21:29:57.532+0000][74.142s][info ][gc,phases   ] GC(59)   Merge Heap Roots: 0.2ms
[2025-04-24T21:29:57.532+0000][74.142s][info ][gc,phases   ] GC(59)   Evacuate Collection Set: 23.7ms
[2025-04-24T21:29:57.532+0000][74.142s][info ][gc,phases   ] GC(59)   Post Evacuate Collection Set: 2.3ms
[2025-04-24T21:29:57.532+0000][74.142s][info ][gc,phases   ] GC(59)   Other: 0.2ms
[2025-04-24T21:29:57.532+0000][74.142s][info ][gc,heap     ] GC(59) Eden regions: 183->0(177)
[2025-04-24T21:29:57.532+0000][74.142s][info ][gc,heap     ] GC(59) Survivor regions: 17->18(25)
[2025-04-24T21:29:57.532+0000][74.142s][info ][gc,heap     ] GC(59) Old regions: 141->145
[2025-04-24T21:29:57.532+0000][74.142s][info ][gc,heap     ] GC(59) Archive regions: 2->2
[2025-04-24T21:29:57.532+0000][74.142s][info ][gc,heap     ] GC(59) Humongous regions: 0->0
[2025-04-24T21:29:57.532+0000][74.142s][info ][gc,metaspace] GC(59) Metaspace: 168098K(169280K)->168098K(169280K) NonClass: 147327K(147968K)->147327K(147968K) Class: 20771K(21312K)->20771K(21312K)
[2025-04-24T21:29:57.532+0000][74.142s][info ][gc          ] GC(59) Pause Young (Normal) (G1 Evacuation Pause) 341M->163M(400M) 26.635ms
[2025-04-24T21:29:57.532+0000][74.142s][info ][gc,cpu      ] GC(59) User=0.10s Sys=0.00s Real=0.03s
[2025-04-24T21:29:57.533+0000][74.143s][info ][safepoint   ] Safepoint "G1CollectForAllocation", Time since last: 155788632 ns, Reaching safepoint: 189068 ns, Cleanup: 61897 ns, At safepoint: 27203447 ns, Total: 27454412 ns
[2025-04-24T21:29:58.230+0000][74.840s][debug][safepoint   ] Safepoint synchronization initiated using futex wait barrier. (202 threads)
[2025-04-24T21:29:58.230+0000][74.841s][info ][safepoint   ] Safepoint "ICBufferFull", Time since last: 697326975 ns, Reaching safepoint: 132282 ns, Cleanup: 125606 ns, At safepoint: 21509 ns, Total: 279397 ns
[2025-04-24T21:29:58.714+0000][75.324s][debug][safepoint   ] Safepoint synchronization initiated using futex wait barrier. (217 threads)
[2025-04-24T21:29:58.714+0000][75.324s][info ][gc,start    ] GC(60) Pause Young (Normal) (G1 Evacuation Pause)
[2025-04-24T21:29:58.714+0000][75.324s][info ][gc,task     ] GC(60) Using 4 workers of 4 for evacuation
[2025-04-24T21:29:58.755+0000][75.365s][info ][gc,phases   ] GC(60)   Pre Evacuate Collection Set: 0.2ms
[2025-04-24T21:29:58.755+0000][75.365s][info ][gc,phases   ] GC(60)   Merge Heap Roots: 0.3ms
[2025-04-24T21:29:58.755+0000][75.365s][info ][gc,phases   ] GC(60)   Evacuate Collection Set: 38.2ms
[2025-04-24T21:29:58.755+0000][75.365s][info ][gc,phases   ] GC(60)   Post Evacuate Collection Set: 2.0ms
[2025-04-24T21:29:58.755+0000][75.365s][info ][gc,phases   ] GC(60)   Other: 0.2ms
[2025-04-24T21:29:58.755+0000][75.365s][info ][gc,heap     ] GC(60) Eden regions: 177->0(175)
[2025-04-24T21:29:58.755+0000][75.365s][info ][gc,heap     ] GC(60) Survivor regions: 18->15(25)
[2025-04-24T21:29:58.755+0000][75.365s][info ][gc,heap     ] GC(60) Old regions: 145->153
[2025-04-24T21:29:58.755+0000][75.365s][info ][gc,heap     ] GC(60) Archive regions: 2->2
[2025-04-24T21:29:58.755+0000][75.365s][info ][gc,heap     ] GC(60) Humongous regions: 0->0
[2025-04-24T21:29:58.755+0000][75.365s][info ][gc,metaspace] GC(60) Metaspace: 170238K(171520K)->170238K(171520K) NonClass: 149244K(149888K)->149244K(149888K) Class: 20994K(21632K)->20994K(21632K)
[2025-04-24T21:29:58.755+0000][75.365s][info ][gc          ] GC(60) Pause Young (Normal) (G1 Evacuation Pause) 340M->167M(400M) 41.162ms
[2025-04-24T21:29:58.755+0000][75.365s][info ][gc,cpu      ] GC(60) User=0.10s Sys=0.00s Real=0.04s
[2025-04-24T21:29:58.756+0000][75.366s][info ][safepoint   ] Safepoint "G1CollectForAllocation", Time since last: 483441345 ns, Reaching safepoint: 70378 ns, Cleanup: 108297 ns, At safepoint: 42249935 ns, Total: 42428610 ns
[2025-04-24T21:29:59.518+0000][76.128s][debug][safepoint   ] Safepoint synchronization initiated using futex wait barrier. (220 threads)
[2025-04-24T21:29:59.518+0000][76.128s][info ][safepoint   ] Safepoint "ICBufferFull", Time since last: 761676138 ns, Reaching safepoint: 217915 ns, Cleanup: 116475 ns, At safepoint: 29095 ns, Total: 363485 ns
[2025-04-24T21:29:59.904+0000][76.514s][debug][safepoint   ] Safepoint synchronization initiated using futex wait barrier. (222 threads)
[2025-04-24T21:29:59.904+0000][76.514s][info ][gc,start    ] GC(61) Pause Young (Normal) (G1 Evacuation Pause)
[2025-04-24T21:29:59.904+0000][76.514s][info ][gc,task     ] GC(61) Using 4 workers of 4 for evacuation
[2025-04-24T21:29:59.961+0000][76.572s][info ][gc,phases   ] GC(61)   Pre Evacuate Collection Set: 4.8ms
[2025-04-24T21:29:59.961+0000][76.572s][info ][gc,phases   ] GC(61)   Merge Heap Roots: 0.1ms
[2025-04-24T21:29:59.961+0000][76.572s][info ][gc,phases   ] GC(61)   Evacuate Collection Set: 49.2ms
[2025-04-24T21:29:59.962+0000][76.572s][info ][gc,phases   ] GC(61)   Post Evacuate Collection Set: 3.0ms
[2025-04-24T21:29:59.962+0000][76.572s][info ][gc,phases   ] GC(61)   Other: 0.3ms
[2025-04-24T21:29:59.962+0000][76.572s][info ][gc,heap     ] GC(61) Eden regions: 175->0(169)
[2025-04-24T21:29:59.962+0000][76.572s][info ][gc,heap     ] GC(61) Survivor regions: 15->16(24)
[2025-04-24T21:29:59.962+0000][76.572s][info ][gc,heap     ] GC(61) Old regions: 153->157
[2025-04-24T21:29:59.962+0000][76.572s][info ][gc,heap     ] GC(61) Archive regions: 2->2
[2025-04-24T21:29:59.962+0000][76.572s][info ][gc,heap     ] GC(61) Humongous regions: 0->0
[2025-04-24T21:29:59.962+0000][76.572s][info ][gc,metaspace] GC(61) Metaspace: 171664K(172928K)->171664K(172928K) NonClass: 150519K(151168K)->150519K(151168K) Class: 21144K(21760K)->21144K(21760K)
[2025-04-24T21:29:59.962+0000][76.572s][info ][gc          ] GC(61) Pause Young (Normal) (G1 Evacuation Pause) 342M->172M(400M) 58.239ms
[2025-04-24T21:29:59.962+0000][76.573s][info ][gc,cpu      ] GC(61) User=0.10s Sys=0.00s Real=0.06s
[2025-04-24T21:29:59.964+0000][76.574s][info ][safepoint   ] Safepoint "G1CollectForAllocation", Time since last: 385532799 ns, Reaching safepoint: 81223 ns, Cleanup: 89024 ns, At safepoint: 60243388 ns, Total: 60413635 ns
[2025-04-24T21:30:00.963+0000][77.573s][debug][safepoint   ] Safepoint synchronization initiated using futex wait barrier. (232 threads)
[2025-04-24T21:30:00.966+0000][77.576s][info ][safepoint   ] Safepoint "ICBufferFull", Time since last: 999053596 ns, Reaching safepoint: 693914 ns, Cleanup: 148450 ns, At safepoint: 1700083 ns, Total: 2542447 ns
[2025-04-24T21:30:01.966+0000][78.577s][debug][safepoint   ] Safepoint synchronization initiated using futex wait barrier. (233 threads)
[2025-04-24T21:30:01.966+0000][78.577s][info ][safepoint   ] Safepoint "Cleanup", Time since last: 1000691862 ns, Reaching safepoint: 58216 ns, Cleanup: 31098 ns, At safepoint: 5435 ns, Total: 94749 ns
[2025-04-24T21:30:02.967+0000][79.577s][debug][safepoint   ] Safepoint synchronization initiated using futex wait barrier. (233 threads)
[2025-04-24T21:30:02.967+0000][79.577s][info ][safepoint   ] Safepoint "Cleanup", Time since last: 1000184146 ns, Reaching safepoint: 155895 ns, Cleanup: 79486 ns, At safepoint: 18727 ns, Total: 254108 ns
[2025-04-24T21:30:03.624+0000][80.234s][debug][safepoint   ] Safepoint synchronization initiated using futex wait barrier. (237 threads)
[2025-04-24T21:30:03.624+0000][80.234s][info ][safepoint   ] Safepoint "ICBufferFull", Time since last: 656953560 ns, Reaching safepoint: 88196 ns, Cleanup: 102426 ns, At safepoint: 17551 ns, Total: 208173 ns
[2025-04-24T21:30:03.981+0000][80.592s][debug][safepoint   ] Safepoint synchronization initiated using futex wait barrier. (237 threads)
[2025-04-24T21:30:03.982+0000][80.592s][info ][gc,start    ] GC(62) Pause Young (Concurrent Start) (G1 Humongous Allocation)
[2025-04-24T21:30:03.982+0000][80.592s][info ][gc,task     ] GC(62) Using 4 workers of 4 for evacuation
[2025-04-24T21:30:04.017+0000][80.627s][info ][gc,phases   ] GC(62)   Pre Evacuate Collection Set: 0.3ms
[2025-04-24T21:30:04.017+0000][80.627s][info ][gc,phases   ] GC(62)   Merge Heap Roots: 0.2ms
[2025-04-24T21:30:04.017+0000][80.627s][info ][gc,phases   ] GC(62)   Evacuate Collection Set: 30.9ms
[2025-04-24T21:30:04.017+0000][80.627s][info ][gc,phases   ] GC(62)   Post Evacuate Collection Set: 3.3ms
[2025-04-24T21:30:04.017+0000][80.627s][info ][gc,phases   ] GC(62)   Other: 0.2ms
[2025-04-24T21:30:04.017+0000][80.627s][info ][gc,heap     ] GC(62) Eden regions: 124->0(220)
[2025-04-24T21:30:04.017+0000][80.627s][info ][gc,heap     ] GC(62) Survivor regions: 16->14(24)
[2025-04-24T21:30:04.017+0000][80.627s][info ][gc,heap     ] GC(62) Old regions: 157->162
[2025-04-24T21:30:04.017+0000][80.627s][info ][gc,heap     ] GC(62) Archive regions: 2->2
[2025-04-24T21:30:04.017+0000][80.627s][info ][gc,heap     ] GC(62) Humongous regions: 28->2
[2025-04-24T21:30:04.017+0000][80.627s][info ][gc,metaspace] GC(62) Metaspace: 179786K(180992K)->179786K(180992K) NonClass: 157708K(158336K)->157708K(158336K) Class: 22078K(22656K)->22078K(22656K)
[2025-04-24T21:30:04.017+0000][80.627s][info ][gc          ] GC(62) Pause Young (Concurrent Start) (G1 Humongous Allocation) 324M->177M(463M) 35.364ms
[2025-04-24T21:30:04.017+0000][80.628s][info ][gc,cpu      ] GC(62) User=0.11s Sys=0.00s Real=0.03s
[2025-04-24T21:30:04.018+0000][80.628s][info ][gc          ] GC(63) Concurrent Undo Cycle
[2025-04-24T21:30:04.018+0000][80.628s][info ][gc,marking  ] GC(63) Concurrent Cleanup for Next Mark
[2025-04-24T21:30:04.019+0000][80.629s][info ][safepoint   ] Safepoint "G1TryInitiateConcMark", Time since last: 357532566 ns, Reaching safepoint: 101333 ns, Cleanup: 11587 ns, At safepoint: 37345968 ns, Total: 37458888 ns
[2025-04-24T21:30:04.019+0000][80.630s][info ][gc,marking  ] GC(63) Concurrent Cleanup for Next Mark 1.750ms
[2025-04-24T21:30:04.021+0000][80.631s][info ][gc          ] GC(63) Concurrent Undo Cycle 3.080ms
[2025-04-24T21:30:04.058+0000][80.669s][debug][safepoint   ] Safepoint synchronization initiated using futex wait barrier. (237 threads)
[2025-04-24T21:30:04.058+0000][80.669s][debug][safepoint   ] ... found polling page loop exception at pc = 0x00007cdd3ee90af5, stub =0x00007cdd4498e400
[2025-04-24T21:30:04.059+0000][80.669s][info ][safepoint   ] Safepoint "ICBufferFull", Time since last: 39221810 ns, Reaching safepoint: 403237 ns, Cleanup: 183495 ns, At safepoint: 14391 ns, Total: 601123 ns
[2025-04-24T21:30:04.309+0000][80.920s][debug][safepoint   ] Safepoint synchronization initiated using futex wait barrier. (237 threads)
[2025-04-24T21:30:04.309+0000][80.920s][info ][gc,start    ] GC(64) Pause Young (Concurrent Start) (G1 Humongous Allocation)
[2025-04-24T21:30:04.309+0000][80.920s][info ][gc,task     ] GC(64) Using 4 workers of 4 for evacuation
[2025-04-24T21:30:04.328+0000][80.938s][info ][gc,phases   ] GC(64)   Pre Evacuate Collection Set: 0.3ms
[2025-04-24T21:30:04.328+0000][80.938s][info ][gc,phases   ] GC(64)   Merge Heap Roots: 0.1ms
[2025-04-24T21:30:04.328+0000][80.938s][info ][gc,phases   ] GC(64)   Evacuate Collection Set: 16.3ms
[2025-04-24T21:30:04.328+0000][80.938s][info ][gc,phases   ] GC(64)   Post Evacuate Collection Set: 1.5ms
[2025-04-24T21:30:04.328+0000][80.938s][info ][gc,phases   ] GC(64)   Other: 0.2ms
[2025-04-24T21:30:04.328+0000][80.938s][info ][gc,heap     ] GC(64) Eden regions: 4->0(218)
[2025-04-24T21:30:04.328+0000][80.938s][info ][gc,heap     ] GC(64) Survivor regions: 14->14(30)
[2025-04-24T21:30:04.328+0000][80.938s][info ][gc,heap     ] GC(64) Old regions: 162->162
[2025-04-24T21:30:04.328+0000][80.938s][info ][gc,heap     ] GC(64) Archive regions: 2->2
[2025-04-24T21:30:04.328+0000][80.938s][info ][gc,heap     ] GC(64) Humongous regions: 35->6
[2025-04-24T21:30:04.328+0000][80.938s][info ][gc,metaspace] GC(64) Metaspace: 179810K(181056K)->179810K(181056K) NonClass: 157728K(158400K)->157728K(158400K) Class: 22081K(22656K)->22081K(22656K)
[2025-04-24T21:30:04.328+0000][80.938s][info ][gc          ] GC(64) Pause Young (Concurrent Start) (G1 Humongous Allocation) 213M->182M(463M) 18.521ms
[2025-04-24T21:30:04.328+0000][80.938s][info ][gc,cpu      ] GC(64) User=0.06s Sys=0.00s Real=0.02s
[2025-04-24T21:30:04.328+0000][80.938s][info ][gc          ] GC(65) Concurrent Undo Cycle
[2025-04-24T21:30:04.328+0000][80.938s][info ][gc,marking  ] GC(65) Concurrent Cleanup for Next Mark
[2025-04-24T21:30:04.328+0000][80.939s][info ][safepoint   ] Safepoint "G1TryInitiateConcMark", Time since last: 250429079 ns, Reaching safepoint: 77653 ns, Cleanup: 26580 ns, At safepoint: 18873352 ns, Total: 18977585 ns
[2025-04-24T21:30:04.330+0000][80.940s][info ][gc,marking  ] GC(65) Concurrent Cleanup for Next Mark 1.437ms
[2025-04-24T21:30:04.330+0000][80.940s][info ][gc          ] GC(65) Concurrent Undo Cycle 1.708ms
[2025-04-24T21:30:04.764+0000][81.374s][debug][safepoint   ] Safepoint synchronization initiated using futex wait barrier. (238 threads)
[2025-04-24T21:30:04.764+0000][81.375s][info ][gc,start    ] GC(66) Pause Young (Concurrent Start) (G1 Humongous Allocation)
[2025-04-24T21:30:04.764+0000][81.375s][info ][gc,task     ] GC(66) Using 4 workers of 4 for evacuation
[2025-04-24T21:30:04.794+0000][81.405s][info ][gc,phases   ] GC(66)   Pre Evacuate Collection Set: 0.4ms
[2025-04-24T21:30:04.794+0000][81.405s][info ][gc,phases   ] GC(66)   Merge Heap Roots: 0.1ms
[2025-04-24T21:30:04.795+0000][81.405s][info ][gc,phases   ] GC(66)   Evacuate Collection Set: 25.9ms
[2025-04-24T21:30:04.795+0000][81.405s][info ][gc,phases   ] GC(66)   Post Evacuate Collection Set: 3.4ms
[2025-04-24T21:30:04.795+0000][81.405s][info ][gc,phases   ] GC(66)   Other: 0.3ms
[2025-04-24T21:30:04.795+0000][81.405s][info ][gc,heap     ] GC(66) Eden regions: 16->0(218)
[2025-04-24T21:30:04.795+0000][81.405s][info ][gc,heap     ] GC(66) Survivor regions: 14->15(29)
[2025-04-24T21:30:04.795+0000][81.405s][info ][gc,heap     ] GC(66) Old regions: 162->162
[2025-04-24T21:30:04.795+0000][81.405s][info ][gc,heap     ] GC(66) Archive regions: 2->2
[2025-04-24T21:30:04.795+0000][81.405s][info ][gc,heap     ] GC(66) Humongous regions: 37->4
[2025-04-24T21:30:04.795+0000][81.405s][info ][gc,metaspace] GC(66) Metaspace: 180359K(181568K)->180359K(181568K) NonClass: 158211K(158848K)->158211K(158848K) Class: 22147K(22720K)->22147K(22720K)
[2025-04-24T21:30:04.795+0000][81.405s][info ][gc          ] GC(66) Pause Young (Concurrent Start) (G1 Humongous Allocation) 228M->180M(463M) 30.316ms
[2025-04-24T21:30:04.795+0000][81.405s][info ][gc,cpu      ] GC(66) User=0.06s Sys=0.00s Real=0.03s
[2025-04-24T21:30:04.795+0000][81.405s][info ][gc          ] GC(67) Concurrent Undo Cycle
[2025-04-24T21:30:04.795+0000][81.405s][info ][gc,marking  ] GC(67) Concurrent Cleanup for Next Mark
[2025-04-24T21:30:04.796+0000][81.406s][info ][safepoint   ] Safepoint "G1TryInitiateConcMark", Time since last: 435832758 ns, Reaching safepoint: 198631 ns, Cleanup: 48046 ns, At safepoint: 31257389 ns, Total: 31504066 ns
[2025-04-24T21:30:04.797+0000][81.408s][info ][gc,marking  ] GC(67) Concurrent Cleanup for Next Mark 2.749ms
[2025-04-24T21:30:04.798+0000][81.408s][info ][gc          ] GC(67) Concurrent Undo Cycle 2.903ms
[2025-04-24T21:30:05.796+0000][82.407s][debug][safepoint   ] Safepoint synchronization initiated using futex wait barrier. (238 threads)
[2025-04-24T21:30:05.797+0000][82.407s][info ][safepoint   ] Safepoint "Cleanup", Time since last: 1000842959 ns, Reaching safepoint: 95032 ns, Cleanup: 106578 ns, At safepoint: 16610 ns, Total: 218220 ns
[2025-04-24T21:30:06.810+0000][83.421s][debug][safepoint   ] Safepoint synchronization initiated using futex wait barrier. (240 threads)
[2025-04-24T21:30:06.811+0000][83.421s][debug][safepoint   ] ... found polling page loop exception at pc = 0x00007cdd3eae2cdc, stub =0x00007cdd4498e400
[2025-04-24T21:30:06.811+0000][83.422s][info ][safepoint   ] Safepoint "Cleanup", Time since last: 1013853001 ns, Reaching safepoint: 165412 ns, Cleanup: 118194 ns, At safepoint: 630441 ns, Total: 914047 ns
[2025-04-24T21:30:08.046+0000][84.656s][debug][safepoint   ] Safepoint synchronization initiated using futex wait barrier. (240 threads)
[2025-04-24T21:30:08.046+0000][84.657s][info ][safepoint   ] Safepoint "Cleanup", Time since last: 1234595002 ns, Reaching safepoint: 63997 ns, Cleanup: 117457 ns, At safepoint: 11674 ns, Total: 193128 ns
[2025-04-24T21:30:09.046+0000][85.657s][debug][safepoint   ] Safepoint synchronization initiated using futex wait barrier. (240 threads)
[2025-04-24T21:30:09.047+0000][85.657s][info ][safepoint   ] Safepoint "Cleanup", Time since last: 1000141300 ns, Reaching safepoint: 178985 ns, Cleanup: 65030 ns, At safepoint: 17121 ns, Total: 261136 ns
[2025-04-24T21:30:10.151+0000][86.762s][debug][safepoint   ] Safepoint synchronization initiated using futex wait barrier. (240 threads)
[2025-04-24T21:30:10.151+0000][86.762s][info ][safepoint   ] Safepoint "Cleanup", Time since last: 1104489752 ns, Reaching safepoint: 166044 ns, Cleanup: 74311 ns, At safepoint: 18227 ns, Total: 258582 ns
[2025-04-24T21:30:10.513+0000][87.123s][debug][safepoint   ] Safepoint synchronization initiated using futex wait barrier. (240 threads)
[2025-04-24T21:30:10.513+0000][87.123s][info ][gc,start    ] GC(68) Pause Young (Normal) (G1 Evacuation Pause)
[2025-04-24T21:30:10.513+0000][87.123s][info ][gc,task     ] GC(68) Using 4 workers of 4 for evacuation
[2025-04-24T21:30:10.539+0000][87.150s][info ][gc,phases   ] GC(68)   Pre Evacuate Collection Set: 0.2ms
[2025-04-24T21:30:10.539+0000][87.150s][info ][gc,phases   ] GC(68)   Merge Heap Roots: 0.2ms
[2025-04-24T21:30:10.539+0000][87.150s][info ][gc,phases   ] GC(68)   Evacuate Collection Set: 24.0ms
[2025-04-24T21:30:10.539+0000][87.150s][info ][gc,phases   ] GC(68)   Post Evacuate Collection Set: 1.9ms
[2025-04-24T21:30:10.539+0000][87.150s][info ][gc,phases   ] GC(68)   Other: 0.3ms
[2025-04-24T21:30:10.539+0000][87.150s][info ][gc,heap     ] GC(68) Eden regions: 218->0(208)
[2025-04-24T21:30:10.539+0000][87.150s][info ][gc,heap     ] GC(68) Survivor regions: 15->21(30)
[2025-04-24T21:30:10.539+0000][87.150s][info ][gc,heap     ] GC(68) Old regions: 162->162
[2025-04-24T21:30:10.539+0000][87.150s][info ][gc,heap     ] GC(68) Archive regions: 2->2
[2025-04-24T21:30:10.539+0000][87.150s][info ][gc,heap     ] GC(68) Humongous regions: 24->2
[2025-04-24T21:30:10.539+0000][87.150s][info ][gc,metaspace] GC(68) Metaspace: 183339K(184640K)->183339K(184640K) NonClass: 160937K(161600K)->160937K(161600K) Class: 22401K(23040K)->22401K(23040K)
[2025-04-24T21:30:10.540+0000][87.150s][info ][gc          ] GC(68) Pause Young (Normal) (G1 Evacuation Pause) 418M->184M(463M) 26.723ms
[2025-04-24T21:30:10.540+0000][87.150s][info ][gc,cpu      ] GC(68) User=0.10s Sys=0.00s Real=0.03s
[2025-04-24T21:30:10.540+0000][87.150s][info ][safepoint   ] Safepoint "G1CollectForAllocation", Time since last: 361270166 ns, Reaching safepoint: 96523 ns, Cleanup: 63694 ns, At safepoint: 27212129 ns, Total: 27372346 ns
[2025-04-24T21:30:11.540+0000][88.151s][debug][safepoint   ] Safepoint synchronization initiated using futex wait barrier. (239 threads)
[2025-04-24T21:30:11.540+0000][88.151s][info ][safepoint   ] Safepoint "Cleanup", Time since last: 1000108869 ns, Reaching safepoint: 97529 ns, Cleanup: 32353 ns, At safepoint: 14026 ns, Total: 143908 ns
[2025-04-24T21:30:12.540+0000][89.151s][debug][safepoint   ] Safepoint synchronization initiated using futex wait barrier. (239 threads)
[2025-04-24T21:30:12.540+0000][89.151s][info ][safepoint   ] Safepoint "Cleanup", Time since last: 1000091595 ns, Reaching safepoint: 83840 ns, Cleanup: 24051 ns, At safepoint: 6000 ns, Total: 113891 ns
[2025-04-24T21:30:13.541+0000][90.151s][debug][safepoint   ] Safepoint synchronization initiated using futex wait barrier. (239 threads)
[2025-04-24T21:30:13.541+0000][90.151s][info ][safepoint   ] Safepoint "Cleanup", Time since last: 1000166235 ns, Reaching safepoint: 226237 ns, Cleanup: 41728 ns, At safepoint: 20340 ns, Total: 288305 ns
[2025-04-24T21:30:14.541+0000][91.151s][debug][safepoint   ] Safepoint synchronization initiated using futex wait barrier. (239 threads)
[2025-04-24T21:30:14.541+0000][91.152s][info ][safepoint   ] Safepoint "Cleanup", Time since last: 1000155003 ns, Reaching safepoint: 74252 ns, Cleanup: 15161 ns, At safepoint: 4621 ns, Total: 94034 ns
[2025-04-24T21:30:15.541+0000][92.152s][debug][safepoint   ] Safepoint synchronization initiated using futex wait barrier. (239 threads)
[2025-04-24T21:30:15.541+0000][92.152s][info ][safepoint   ] Safepoint "Cleanup", Time since last: 1000089025 ns, Reaching safepoint: 82780 ns, Cleanup: 33721 ns, At safepoint: 8171 ns, Total: 124672 ns
[2025-04-24T21:30:16.541+0000][93.152s][debug][safepoint   ] Safepoint synchronization initiated using futex wait barrier. (239 threads)
[2025-04-24T21:30:16.541+0000][93.152s][info ][safepoint   ] Safepoint "Cleanup", Time since last: 1000116578 ns, Reaching safepoint: 59270 ns, Cleanup: 11098 ns, At safepoint: 5406 ns, Total: 75774 ns
[2025-04-24T21:30:17.542+0000][94.152s][debug][safepoint   ] Safepoint synchronization initiated using futex wait barrier. (239 threads)
[2025-04-24T21:30:17.542+0000][94.152s][info ][safepoint   ] Safepoint "Cleanup", Time since last: 1000123804 ns, Reaching safepoint: 87893 ns, Cleanup: 21803 ns, At safepoint: 6590 ns, Total: 116286 ns
[2025-04-24T21:30:18.542+0000][95.152s][debug][safepoint   ] Safepoint synchronization initiated using futex wait barrier. (239 threads)
[2025-04-24T21:30:18.542+0000][95.152s][info ][safepoint   ] Safepoint "Cleanup", Time since last: 1000096356 ns, Reaching safepoint: 91674 ns, Cleanup: 24027 ns, At safepoint: 6196 ns, Total: 121897 ns
[2025-04-24T21:30:19.542+0000][96.153s][debug][safepoint   ] Safepoint synchronization initiated using futex wait barrier. (239 threads)
[2025-04-24T21:30:19.542+0000][96.153s][info ][safepoint   ] Safepoint "Cleanup", Time since last: 1000133649 ns, Reaching safepoint: 221470 ns, Cleanup: 73198 ns, At safepoint: 18694 ns, Total: 313362 ns
[2025-04-24T21:30:20.543+0000][97.153s][debug][safepoint   ] Safepoint synchronization initiated using futex wait barrier. (239 threads)
[2025-04-24T21:30:20.619+0000][97.229s][info ][safepoint   ] Safepoint "Cleanup", Time since last: 1000398810 ns, Reaching safepoint: 76042528 ns, Cleanup: 27413 ns, At safepoint: 10379 ns, Total: 76080320 ns
[2025-04-24T21:30:21.619+0000][98.229s][debug][safepoint   ] Safepoint synchronization initiated using futex wait barrier. (239 threads)
[2025-04-24T21:30:21.620+0000][98.230s][info ][safepoint   ] Safepoint "Cleanup", Time since last: 1000135071 ns, Reaching safepoint: 438989 ns, Cleanup: 21910 ns, At safepoint: 22726 ns, Total: 483625 ns
[2025-04-24T21:30:22.620+0000][99.230s][debug][safepoint   ] Safepoint synchronization initiated using futex wait barrier. (239 threads)
[2025-04-24T21:30:22.620+0000][99.230s][info ][safepoint   ] Safepoint "Cleanup", Time since last: 1000150640 ns, Reaching safepoint: 106036 ns, Cleanup: 23657 ns, At safepoint: 7642 ns, Total: 137335 ns
[2025-04-24T21:30:23.620+0000][100.230s][debug][safepoint   ] Safepoint synchronization initiated using futex wait barrier. (239 threads)
[2025-04-24T21:30:23.620+0000][100.230s][info ][safepoint   ] Safepoint "Cleanup", Time since last: 1000113348 ns, Reaching safepoint: 97020 ns, Cleanup: 23657 ns, At safepoint: 9030 ns, Total: 129707 ns
[2025-04-24T21:30:24.620+0000][101.231s][debug][safepoint   ] Safepoint synchronization initiated using futex wait barrier. (239 threads)
[2025-04-24T21:30:24.621+0000][101.231s][info ][safepoint   ] Safepoint "Cleanup", Time since last: 1000169291 ns, Reaching safepoint: 272841 ns, Cleanup: 58344 ns, At safepoint: 64032 ns, Total: 395217 ns
[2025-04-24T21:30:25.621+0000][102.231s][debug][safepoint   ] Safepoint synchronization initiated using futex wait barrier. (239 threads)
[2025-04-24T21:30:25.621+0000][102.231s][info ][safepoint   ] Safepoint "Cleanup", Time since last: 1000167390 ns, Reaching safepoint: 106883 ns, Cleanup: 25026 ns, At safepoint: 6855 ns, Total: 138764 ns
[2025-04-24T21:30:27.621+0000][104.232s][debug][safepoint   ] Safepoint synchronization initiated using futex wait barrier. (239 threads)
[2025-04-24T21:30:27.621+0000][104.232s][info ][safepoint   ] Safepoint "Cleanup", Time since last: 2000192731 ns, Reaching safepoint: 106684 ns, Cleanup: 15289 ns, At safepoint: 7859 ns, Total: 129832 ns
[2025-04-24T21:30:28.621+0000][105.232s][debug][safepoint   ] Safepoint synchronization initiated using futex wait barrier. (239 threads)
[2025-04-24T21:30:28.621+0000][105.232s][info ][safepoint   ] Safepoint "Cleanup", Time since last: 1000090045 ns, Reaching safepoint: 65497 ns, Cleanup: 19581 ns, At safepoint: 6128 ns, Total: 91206 ns
[2025-04-24T21:30:29.622+0000][106.232s][debug][safepoint   ] Safepoint synchronization initiated using futex wait barrier. (239 threads)
[2025-04-24T21:30:29.622+0000][106.232s][info ][safepoint   ] Safepoint "Cleanup", Time since last: 1000188120 ns, Reaching safepoint: 195290 ns, Cleanup: 41054 ns, At safepoint: 20272 ns, Total: 256616 ns
[2025-04-24T21:30:30.622+0000][107.233s][debug][safepoint   ] Safepoint synchronization initiated using futex wait barrier. (239 threads)
[2025-04-24T21:30:30.622+0000][107.233s][info ][safepoint   ] Safepoint "Cleanup", Time since last: 1000185935 ns, Reaching safepoint: 128470 ns, Cleanup: 37840 ns, At safepoint: 14725 ns, Total: 181035 ns
[2025-04-24T21:30:31.622+0000][108.233s][debug][safepoint   ] Safepoint synchronization initiated using futex wait barrier. (239 threads)
[2025-04-24T21:30:31.622+0000][108.233s][info ][safepoint   ] Safepoint "Cleanup", Time since last: 1000112764 ns, Reaching safepoint: 70705 ns, Cleanup: 14769 ns, At safepoint: 4733 ns, Total: 90207 ns
[2025-04-24T21:30:32.623+0000][109.233s][debug][safepoint   ] Safepoint synchronization initiated using futex wait barrier. (239 threads)
[2025-04-24T21:30:32.623+0000][109.233s][info ][safepoint   ] Safepoint "Cleanup", Time since last: 1000189236 ns, Reaching safepoint: 316093 ns, Cleanup: 55759 ns, At safepoint: 22072 ns, Total: 393924 ns
[2025-04-24T21:30:33.623+0000][110.234s][debug][safepoint   ] Safepoint synchronization initiated using futex wait barrier. (240 threads)
[2025-04-24T21:30:33.623+0000][110.234s][info ][safepoint   ] Safepoint "Cleanup", Time since last: 1000163253 ns, Reaching safepoint: 110247 ns, Cleanup: 41077 ns, At safepoint: 8231 ns, Total: 159555 ns
[2025-04-24T21:30:34.623+0000][111.234s][debug][safepoint   ] Safepoint synchronization initiated using futex wait barrier. (240 threads)
[2025-04-24T21:30:34.623+0000][111.234s][info ][safepoint   ] Safepoint "Cleanup", Time since last: 1000089027 ns, Reaching safepoint: 59949 ns, Cleanup: 15838 ns, At safepoint: 4191 ns, Total: 79978 ns
[2025-04-24T21:30:35.624+0000][112.234s][debug][safepoint   ] Safepoint synchronization initiated using futex wait barrier. (240 threads)
[2025-04-24T21:30:35.624+0000][112.234s][info ][safepoint   ] Safepoint "Cleanup", Time since last: 1000177292 ns, Reaching safepoint: 79862 ns, Cleanup: 17175 ns, At safepoint: 10803 ns, Total: 107840 ns
[2025-04-24T21:30:36.624+0000][113.234s][debug][safepoint   ] Safepoint synchronization initiated using futex wait barrier. (240 threads)
[2025-04-24T21:30:36.624+0000][113.234s][info ][safepoint   ] Safepoint "Cleanup", Time since last: 1000047176 ns, Reaching safepoint: 92944 ns, Cleanup: 15232 ns, At safepoint: 8397 ns, Total: 116573 ns
[2025-04-24T21:30:37.624+0000][114.235s][debug][safepoint   ] Safepoint synchronization initiated using futex wait barrier. (240 threads)
[2025-04-24T21:30:37.625+0000][114.235s][info ][safepoint   ] Safepoint "Cleanup", Time since last: 1000176697 ns, Reaching safepoint: 309255 ns, Cleanup: 50710 ns, At safepoint: 29033 ns, Total: 388998 ns
[2025-04-24T21:30:38.625+0000][115.235s][debug][safepoint   ] Safepoint synchronization initiated using futex wait barrier. (240 threads)
[2025-04-24T21:30:38.626+0000][115.236s][info ][safepoint   ] Safepoint "Cleanup", Time since last: 1000361223 ns, Reaching safepoint: 935934 ns, Cleanup: 50902 ns, At safepoint: 127049 ns, Total: 1113885 ns
[2025-04-24T21:30:39.626+0000][116.237s][debug][safepoint   ] Safepoint synchronization initiated using futex wait barrier. (240 threads)
[2025-04-24T21:30:39.627+0000][116.237s][info ][safepoint   ] Safepoint "Cleanup", Time since last: 1000431785 ns, Reaching safepoint: 232165 ns, Cleanup: 159387 ns, At safepoint: 30660 ns, Total: 422212 ns
[2025-04-24T21:30:40.627+0000][117.238s][debug][safepoint   ] Safepoint synchronization initiated using futex wait barrier. (240 threads)
[2025-04-24T21:30:40.628+0000][117.238s][info ][safepoint   ] Safepoint "Cleanup", Time since last: 1000267487 ns, Reaching safepoint: 282005 ns, Cleanup: 139139 ns, At safepoint: 32135 ns, Total: 453279 ns
[2025-04-24T21:30:42.628+0000][119.238s][debug][safepoint   ] Safepoint synchronization initiated using futex wait barrier. (240 threads)
[2025-04-24T21:30:42.628+0000][119.239s][info ][safepoint   ] Safepoint "Cleanup", Time since last: 2000378832 ns, Reaching safepoint: 145119 ns, Cleanup: 23376 ns, At safepoint: 13327 ns, Total: 181822 ns
[2025-04-24T21:30:43.628+0000][120.239s][debug][safepoint   ] Safepoint synchronization initiated using futex wait barrier. (240 threads)
[2025-04-24T21:30:43.629+0000][120.239s][info ][safepoint   ] Safepoint "Cleanup", Time since last: 1000166516 ns, Reaching safepoint: 218253 ns, Cleanup: 33515 ns, At safepoint: 13938 ns, Total: 265706 ns
[2025-04-24T21:30:44.654+0000][121.264s][debug][safepoint   ] Safepoint synchronization initiated using futex wait barrier. (240 threads)
[2025-04-24T21:30:44.654+0000][121.264s][info ][safepoint   ] Safepoint "Cleanup", Time since last: 1025160443 ns, Reaching safepoint: 75322 ns, Cleanup: 21874 ns, At safepoint: 7010 ns, Total: 104206 ns
[2025-04-24T21:30:45.654+0000][122.264s][debug][safepoint   ] Safepoint synchronization initiated using futex wait barrier. (240 threads)
[2025-04-24T21:30:45.654+0000][122.265s][info ][safepoint   ] Safepoint "Cleanup", Time since last: 1000110552 ns, Reaching safepoint: 134320 ns, Cleanup: 35785 ns, At safepoint: 11746 ns, Total: 181851 ns
[2025-04-24T21:30:46.654+0000][123.265s][debug][safepoint   ] Safepoint synchronization initiated using futex wait barrier. (240 threads)
[2025-04-24T21:30:46.655+0000][123.265s][info ][safepoint   ] Safepoint "Cleanup", Time since last: 1000143766 ns, Reaching safepoint: 201673 ns, Cleanup: 149183 ns, At safepoint: 25563 ns, Total: 376419 ns
[2025-04-24T21:30:47.655+0000][124.265s][debug][safepoint   ] Safepoint synchronization initiated using futex wait barrier. (240 threads)
[2025-04-24T21:30:47.655+0000][124.266s][info ][safepoint   ] Safepoint "Cleanup", Time since last: 1000222510 ns, Reaching safepoint: 192471 ns, Cleanup: 26113 ns, At safepoint: 10302 ns, Total: 228886 ns
[2025-04-24T21:30:48.655+0000][125.266s][debug][safepoint   ] Safepoint synchronization initiated using futex wait barrier. (240 threads)
[2025-04-24T21:30:48.656+0000][125.266s][info ][safepoint   ] Safepoint "Cleanup", Time since last: 1000170567 ns, Reaching safepoint: 265633 ns, Cleanup: 52802 ns, At safepoint: 33666 ns, Total: 352101 ns
[2025-04-24T21:30:49.656+0000][126.266s][debug][safepoint   ] Safepoint synchronization initiated using futex wait barrier. (240 threads)
[2025-04-24T21:30:49.656+0000][126.267s][info ][safepoint   ] Safepoint "Cleanup", Time since last: 1000301504 ns, Reaching safepoint: 222849 ns, Cleanup: 33241 ns, At safepoint: 35930 ns, Total: 292020 ns
[2025-04-24T21:30:50.656+0000][127.267s][debug][safepoint   ] Safepoint synchronization initiated using futex wait barrier. (240 threads)
[2025-04-24T21:30:50.657+0000][127.267s][info ][safepoint   ] Safepoint "Cleanup", Time since last: 1000119306 ns, Reaching safepoint: 144480 ns, Cleanup: 56913 ns, At safepoint: 26756 ns, Total: 228149 ns
[2025-04-24T21:30:51.657+0000][128.267s][debug][safepoint   ] Safepoint synchronization initiated using futex wait barrier. (240 threads)
[2025-04-24T21:30:51.658+0000][128.268s][info ][safepoint   ] Safepoint "Cleanup", Time since last: 1000286792 ns, Reaching safepoint: 502375 ns, Cleanup: 98997 ns, At safepoint: 144646 ns, Total: 746018 ns
[2025-04-24T21:30:52.658+0000][129.268s][debug][safepoint   ] Safepoint synchronization initiated using futex wait barrier. (240 threads)
[2025-04-24T21:30:52.658+0000][129.269s][info ][safepoint   ] Safepoint "Cleanup", Time since last: 1000296468 ns, Reaching safepoint: 125352 ns, Cleanup: 29570 ns, At safepoint: 299451 ns, Total: 454373 ns
[2025-04-24T21:30:53.659+0000][130.269s][debug][safepoint   ] Safepoint synchronization initiated using futex wait barrier. (240 threads)
[2025-04-24T21:30:53.659+0000][130.270s][info ][safepoint   ] Safepoint "Cleanup", Time since last: 1000542670 ns, Reaching safepoint: 293838 ns, Cleanup: 39805 ns, At safepoint: 34486 ns, Total: 368129 ns
[2025-04-24T21:30:54.659+0000][131.270s][debug][safepoint   ] Safepoint synchronization initiated using futex wait barrier. (240 threads)
[2025-04-24T21:30:54.660+0000][131.270s][info ][safepoint   ] Safepoint "Cleanup", Time since last: 1000199028 ns, Reaching safepoint: 65037 ns, Cleanup: 21946 ns, At safepoint: 6166 ns, Total: 93149 ns
[2025-04-24T21:30:55.660+0000][132.271s][debug][safepoint   ] Safepoint synchronization initiated using futex wait barrier. (240 threads)
[2025-04-24T21:30:55.660+0000][132.271s][debug][safepoint   ] ... found polling page loop exception at pc = 0x00007cdd454dea67, stub =0x00007cdd4498e400
[2025-04-24T21:30:55.661+0000][132.272s][info ][safepoint   ] Safepoint "Cleanup", Time since last: 1000704033 ns, Reaching safepoint: 918369 ns, Cleanup: 62810 ns, At safepoint: 44272 ns, Total: 1025451 ns
[2025-04-24T21:30:56.662+0000][133.272s][debug][safepoint   ] Safepoint synchronization initiated using futex wait barrier. (235 threads)
[2025-04-24T21:30:56.662+0000][133.273s][info ][safepoint   ] Safepoint "Cleanup", Time since last: 1000676371 ns, Reaching safepoint: 204997 ns, Cleanup: 165620 ns, At safepoint: 25852 ns, Total: 396469 ns
[2025-04-24T21:30:57.663+0000][134.273s][debug][safepoint   ] Safepoint synchronization initiated using futex wait barrier. (233 threads)
[2025-04-24T21:30:57.663+0000][134.273s][info ][safepoint   ] Safepoint "Cleanup", Time since last: 1000217058 ns, Reaching safepoint: 99063 ns, Cleanup: 36682 ns, At safepoint: 25807 ns, Total: 161552 ns
[2025-04-24T21:30:58.663+0000][135.274s][debug][safepoint   ] Safepoint synchronization initiated using futex wait barrier. (232 threads)
[2025-04-24T21:30:58.664+0000][135.274s][info ][safepoint   ] Safepoint "Cleanup", Time since last: 1000601496 ns, Reaching safepoint: 285030 ns, Cleanup: 41028 ns, At safepoint: 28406 ns, Total: 354464 ns
[2025-04-24T21:30:59.664+0000][136.275s][debug][safepoint   ] Safepoint synchronization initiated using futex wait barrier. (231 threads)
[2025-04-24T21:30:59.665+0000][136.275s][info ][safepoint   ] Safepoint "Cleanup", Time since last: 1000390715 ns, Reaching safepoint: 343464 ns, Cleanup: 81066 ns, At safepoint: 53613 ns, Total: 478143 ns
[2025-04-24T21:31:00.665+0000][137.275s][debug][safepoint   ] Safepoint synchronization initiated using futex wait barrier. (231 threads)
[2025-04-24T21:31:00.665+0000][137.276s][info ][safepoint   ] Safepoint "Cleanup", Time since last: 1000294884 ns, Reaching safepoint: 283829 ns, Cleanup: 61745 ns, At safepoint: 35841 ns, Total: 381415 ns
[2025-04-24T21:31:01.665+0000][138.276s][debug][safepoint   ] Safepoint synchronization initiated using futex wait barrier. (230 threads)
[2025-04-24T21:31:01.666+0000][138.276s][info ][safepoint   ] Safepoint "Cleanup", Time since last: 1000266156 ns, Reaching safepoint: 351530 ns, Cleanup: 70340 ns, At safepoint: 29926 ns, Total: 451796 ns
[2025-04-24T21:31:02.666+0000][139.277s][debug][safepoint   ] Safepoint synchronization initiated using futex wait barrier. (230 threads)
[2025-04-24T21:31:02.667+0000][139.277s][info ][safepoint   ] Safepoint "Cleanup", Time since last: 1000300422 ns, Reaching safepoint: 260976 ns, Cleanup: 65709 ns, At safepoint: 32072 ns, Total: 358757 ns
[2025-04-24T21:31:03.668+0000][140.279s][debug][safepoint   ] Safepoint synchronization initiated using futex wait barrier. (230 threads)
[2025-04-24T21:31:03.668+0000][140.279s][info ][safepoint   ] Safepoint "Cleanup", Time since last: 1001682622 ns, Reaching safepoint: 119462 ns, Cleanup: 26932 ns, At safepoint: 18005 ns, Total: 164399 ns
[2025-04-24T21:31:04.669+0000][141.279s][debug][safepoint   ] Safepoint synchronization initiated using futex wait barrier. (230 threads)
[2025-04-24T21:31:04.669+0000][141.279s][info ][safepoint   ] Safepoint "Cleanup", Time since last: 1000139204 ns, Reaching safepoint: 278451 ns, Cleanup: 78296 ns, At safepoint: 33691 ns, Total: 390438 ns
[2025-04-24T21:31:05.669+0000][142.280s][debug][safepoint   ] Safepoint synchronization initiated using futex wait barrier. (230 threads)
[2025-04-24T21:31:05.669+0000][142.280s][info ][safepoint   ] Safepoint "Cleanup", Time since last: 1000238691 ns, Reaching safepoint: 109858 ns, Cleanup: 25916 ns, At safepoint: 12047 ns, Total: 147821 ns
[2025-04-24T21:31:06.670+0000][143.280s][debug][safepoint   ] Safepoint synchronization initiated using futex wait barrier. (230 threads)
[2025-04-24T21:31:06.670+0000][143.281s][info ][safepoint   ] Safepoint "Cleanup", Time since last: 1000242747 ns, Reaching safepoint: 314104 ns, Cleanup: 95442 ns, At safepoint: 34654 ns, Total: 444200 ns
[2025-04-24T21:31:07.670+0000][144.281s][debug][safepoint   ] Safepoint synchronization initiated using futex wait barrier. (228 threads)
[2025-04-24T21:31:07.670+0000][144.281s][info ][safepoint   ] Safepoint "Cleanup", Time since last: 1000236767 ns, Reaching safepoint: 79459 ns, Cleanup: 16967 ns, At safepoint: 6672 ns, Total: 103098 ns
[2025-04-24T21:31:08.671+0000][145.281s][debug][safepoint   ] Safepoint synchronization initiated using futex wait barrier. (228 threads)
[2025-04-24T21:31:08.671+0000][145.281s][info ][safepoint   ] Safepoint "Cleanup", Time since last: 1000459192 ns, Reaching safepoint: 59253 ns, Cleanup: 15401 ns, At safepoint: 5037 ns, Total: 79691 ns
[2025-04-24T21:31:09.671+0000][146.282s][debug][safepoint   ] Safepoint synchronization initiated using futex wait barrier. (228 threads)
[2025-04-24T21:31:09.671+0000][146.282s][info ][safepoint   ] Safepoint "Cleanup", Time since last: 1000134904 ns, Reaching safepoint: 114287 ns, Cleanup: 35966 ns, At safepoint: 8993 ns, Total: 159246 ns
[2025-04-24T21:31:10.671+0000][147.282s][debug][safepoint   ] Safepoint synchronization initiated using futex wait barrier. (228 threads)
[2025-04-24T21:31:10.672+0000][147.282s][info ][safepoint   ] Safepoint "Cleanup", Time since last: 1000176992 ns, Reaching safepoint: 412850 ns, Cleanup: 22173 ns, At safepoint: 13792 ns, Total: 448815 ns
[2025-04-24T21:31:12.672+0000][149.283s][debug][safepoint   ] Safepoint synchronization initiated using futex wait barrier. (228 threads)
[2025-04-24T21:31:12.673+0000][149.284s][info ][safepoint   ] Safepoint "Cleanup", Time since last: 2000336659 ns, Reaching safepoint: 758656 ns, Cleanup: 92189 ns, At safepoint: 84292 ns, Total: 935137 ns
[2025-04-24T21:31:13.673+0000][150.284s][debug][safepoint   ] Safepoint synchronization initiated using futex wait barrier. (228 threads)
[2025-04-24T21:31:13.674+0000][150.284s][info ][safepoint   ] Safepoint "Cleanup", Time since last: 1000328610 ns, Reaching safepoint: 55537 ns, Cleanup: 9127 ns, At safepoint: 5830 ns, Total: 70494 ns
[2025-04-24T21:31:14.674+0000][151.284s][debug][safepoint   ] Safepoint synchronization initiated using futex wait barrier. (228 threads)
[2025-04-24T21:31:14.674+0000][151.285s][info ][safepoint   ] Safepoint "Cleanup", Time since last: 1000253690 ns, Reaching safepoint: 245690 ns, Cleanup: 56641 ns, At safepoint: 29701 ns, Total: 332032 ns
[2025-04-24T21:31:15.674+0000][152.285s][debug][safepoint   ] Safepoint synchronization initiated using futex wait barrier. (228 threads)
[2025-04-24T21:31:15.674+0000][152.285s][info ][safepoint   ] Safepoint "Cleanup", Time since last: 1000245636 ns, Reaching safepoint: 64417 ns, Cleanup: 13933 ns, At safepoint: 7423 ns, Total: 85773 ns
[2025-04-24T21:31:16.675+0000][153.285s][debug][safepoint   ] Safepoint synchronization initiated using futex wait barrier. (228 threads)
[2025-04-24T21:31:16.675+0000][153.285s][info ][safepoint   ] Safepoint "Cleanup", Time since last: 1000229773 ns, Reaching safepoint: 275987 ns, Cleanup: 50659 ns, At safepoint: 25849 ns, Total: 352495 ns
[2025-04-24T21:31:17.675+0000][154.286s][debug][safepoint   ] Safepoint synchronization initiated using futex wait barrier. (228 threads)
[2025-04-24T21:31:17.675+0000][154.286s][info ][safepoint   ] Safepoint "Cleanup", Time since last: 1000184463 ns, Reaching safepoint: 207961 ns, Cleanup: 70086 ns, At safepoint: 18823 ns, Total: 296870 ns
[2025-04-24T21:31:18.676+0000][155.286s][debug][safepoint   ] Safepoint synchronization initiated using futex wait barrier. (228 threads)
[2025-04-24T21:31:18.676+0000][155.286s][info ][safepoint   ] Safepoint "Cleanup", Time since last: 1000255139 ns, Reaching safepoint: 63253 ns, Cleanup: 15161 ns, At safepoint: 6292 ns, Total: 84706 ns
[2025-04-24T21:31:19.676+0000][156.287s][debug][safepoint   ] Safepoint synchronization initiated using futex wait barrier. (228 threads)
[2025-04-24T21:31:19.677+0000][156.287s][info ][safepoint   ] Safepoint "Cleanup", Time since last: 1000197770 ns, Reaching safepoint: 558778 ns, Cleanup: 38793 ns, At safepoint: 26800 ns, Total: 624371 ns
[2025-04-24T21:31:20.677+0000][157.287s][debug][safepoint   ] Safepoint synchronization initiated using futex wait barrier. (228 threads)
[2025-04-24T21:31:20.677+0000][157.288s][info ][safepoint   ] Safepoint "Cleanup", Time since last: 1000315860 ns, Reaching safepoint: 147464 ns, Cleanup: 23937 ns, At safepoint: 19751 ns, Total: 191152 ns
[2025-04-24T21:31:21.677+0000][158.288s][debug][safepoint   ] Safepoint synchronization initiated using futex wait barrier. (228 threads)
[2025-04-24T21:31:21.678+0000][158.288s][info ][safepoint   ] Safepoint "Cleanup", Time since last: 1000261054 ns, Reaching safepoint: 314137 ns, Cleanup: 76240 ns, At safepoint: 31781 ns, Total: 422158 ns
[2025-04-24T21:31:22.678+0000][159.289s][debug][safepoint   ] Safepoint synchronization initiated using futex wait barrier. (228 threads)
[2025-04-24T21:31:22.679+0000][159.289s][info ][safepoint   ] Safepoint "Cleanup", Time since last: 1000290394 ns, Reaching safepoint: 669333 ns, Cleanup: 70774 ns, At safepoint: 55106 ns, Total: 795213 ns
[2025-04-24T21:31:23.679+0000][160.290s][debug][safepoint   ] Safepoint synchronization initiated using futex wait barrier. (228 threads)
[2025-04-24T21:31:23.680+0000][160.290s][info ][safepoint   ] Safepoint "Cleanup", Time since last: 1000259912 ns, Reaching safepoint: 315944 ns, Cleanup: 109548 ns, At safepoint: 28783 ns, Total: 454275 ns
[2025-04-24T21:31:24.680+0000][161.290s][debug][safepoint   ] Safepoint synchronization initiated using futex wait barrier. (228 threads)
[2025-04-24T21:31:24.680+0000][161.291s][info ][safepoint   ] Safepoint "Cleanup", Time since last: 1000309723 ns, Reaching safepoint: 268411 ns, Cleanup: 72445 ns, At safepoint: 36617 ns, Total: 377473 ns
[2025-04-24T21:31:25.681+0000][162.291s][debug][safepoint   ] Safepoint synchronization initiated using futex wait barrier. (228 threads)
[2025-04-24T21:31:25.681+0000][162.291s][info ][safepoint   ] Safepoint "Cleanup", Time since last: 1000248696 ns, Reaching safepoint: 140516 ns, Cleanup: 31318 ns, At safepoint: 12384 ns, Total: 184218 ns
[2025-04-24T21:31:26.681+0000][163.291s][debug][safepoint   ] Safepoint synchronization initiated using futex wait barrier. (228 threads)
[2025-04-24T21:31:26.681+0000][163.291s][info ][safepoint   ] Safepoint "Cleanup", Time since last: 1000139508 ns, Reaching safepoint: 91484 ns, Cleanup: 16730 ns, At safepoint: 7846 ns, Total: 116060 ns
[2025-04-24T21:31:27.681+0000][164.292s][debug][safepoint   ] Safepoint synchronization initiated using futex wait barrier. (228 threads)
[2025-04-24T21:31:27.682+0000][164.292s][info ][safepoint   ] Safepoint "Cleanup", Time since last: 1000203878 ns, Reaching safepoint: 224087 ns, Cleanup: 56677 ns, At safepoint: 27468 ns, Total: 308232 ns
[2025-04-24T21:31:28.682+0000][165.292s][debug][safepoint   ] Safepoint synchronization initiated using futex wait barrier. (228 threads)
[2025-04-24T21:31:28.682+0000][165.292s][info ][safepoint   ] Safepoint "Cleanup", Time since last: 1000193815 ns, Reaching safepoint: 118374 ns, Cleanup: 19980 ns, At safepoint: 11229 ns, Total: 149583 ns
[2025-04-24T21:31:29.682+0000][166.293s][debug][safepoint   ] Safepoint synchronization initiated using futex wait barrier. (228 threads)
[2025-04-24T21:31:29.682+0000][166.293s][info ][safepoint   ] Safepoint "Cleanup", Time since last: 1000184916 ns, Reaching safepoint: 272978 ns, Cleanup: 39697 ns, At safepoint: 27230 ns, Total: 339905 ns
[2025-04-24T21:31:31.683+0000][168.293s][debug][safepoint   ] Safepoint synchronization initiated using futex wait barrier. (228 threads)
[2025-04-24T21:31:31.683+0000][168.294s][info ][safepoint   ] Safepoint "Cleanup", Time since last: 2000356533 ns, Reaching safepoint: 241861 ns, Cleanup: 43627 ns, At safepoint: 33911 ns, Total: 319399 ns
[2025-04-24T21:31:32.683+0000][169.294s][debug][safepoint   ] Safepoint synchronization initiated using futex wait barrier. (228 threads)
[2025-04-24T21:31:32.683+0000][169.294s][info ][safepoint   ] Safepoint "Cleanup", Time since last: 1000159244 ns, Reaching safepoint: 129796 ns, Cleanup: 20821 ns, At safepoint: 13998 ns, Total: 164615 ns
[2025-04-24T21:31:33.684+0000][170.294s][debug][safepoint   ] Safepoint synchronization initiated using futex wait barrier. (228 threads)
[2025-04-24T21:31:33.684+0000][170.295s][info ][safepoint   ] Safepoint "Cleanup", Time since last: 1000201031 ns, Reaching safepoint: 319440 ns, Cleanup: 80211 ns, At safepoint: 41382 ns, Total: 441033 ns
[2025-04-24T21:31:34.684+0000][171.295s][debug][safepoint   ] Safepoint synchronization initiated using futex wait barrier. (228 threads)
[2025-04-24T21:31:34.685+0000][171.295s][info ][safepoint   ] Safepoint "Cleanup", Time since last: 1000289763 ns, Reaching safepoint: 356315 ns, Cleanup: 82815 ns, At safepoint: 53146 ns, Total: 492276 ns
[2025-04-24T21:31:35.685+0000][172.295s][debug][safepoint   ] Safepoint synchronization initiated using futex wait barrier. (228 threads)
[2025-04-24T21:31:35.685+0000][172.296s][info ][safepoint   ] Safepoint "Cleanup", Time since last: 1000168009 ns, Reaching safepoint: 57693 ns, Cleanup: 14566 ns, At safepoint: 6194 ns, Total: 78453 ns
[2025-04-24T21:31:36.685+0000][173.296s][debug][safepoint   ] Safepoint synchronization initiated using futex wait barrier. (228 threads)
[2025-04-24T21:31:36.685+0000][173.296s][info ][safepoint   ] Safepoint "Cleanup", Time since last: 1000127960 ns, Reaching safepoint: 169068 ns, Cleanup: 46233 ns, At safepoint: 19875 ns, Total: 235176 ns
[2025-04-24T21:31:38.490+0000][175.101s][debug][safepoint   ] Safepoint synchronization initiated using futex wait barrier. (228 threads)
[2025-04-24T21:31:38.491+0000][175.101s][info ][safepoint   ] Safepoint "Cleanup", Time since last: 1804857538 ns, Reaching safepoint: 107219 ns, Cleanup: 199892 ns, At safepoint: 14678 ns, Total: 321789 ns
[2025-04-24T21:31:42.491+0000][179.101s][debug][safepoint   ] Safepoint synchronization initiated using futex wait barrier. (228 threads)
[2025-04-24T21:31:42.491+0000][179.102s][info ][safepoint   ] Safepoint "Cleanup", Time since last: 4000378595 ns, Reaching safepoint: 288625 ns, Cleanup: 76397 ns, At safepoint: 13160 ns, Total: 378182 ns
[2025-04-24T21:31:45.701+0000][182.311s][debug][safepoint   ] Safepoint synchronization initiated using futex wait barrier. (228 threads)
[2025-04-24T21:31:45.702+0000][182.312s][info ][safepoint   ] Safepoint "Cleanup", Time since last: 3209630839 ns, Reaching safepoint: 282133 ns, Cleanup: 99229 ns, At safepoint: 109192 ns, Total: 490554 ns
[2025-04-24T21:31:46.702+0000][183.312s][debug][safepoint   ] Safepoint synchronization initiated using futex wait barrier. (228 threads)
[2025-04-24T21:31:46.702+0000][183.313s][info ][safepoint   ] Safepoint "Cleanup", Time since last: 1000393821 ns, Reaching safepoint: 248116 ns, Cleanup: 103968 ns, At safepoint: 55193 ns, Total: 407277 ns
[2025-04-24T21:31:47.703+0000][184.313s][debug][safepoint   ] Safepoint synchronization initiated using futex wait barrier. (228 threads)
[2025-04-24T21:31:47.703+0000][184.313s][info ][safepoint   ] Safepoint "Cleanup", Time since last: 1000212582 ns, Reaching safepoint: 131137 ns, Cleanup: 20201 ns, At safepoint: 13145 ns, Total: 164483 ns
[2025-04-24T21:31:48.703+0000][185.313s][debug][safepoint   ] Safepoint synchronization initiated using futex wait barrier. (228 threads)
[2025-04-24T21:31:48.703+0000][185.314s][info ][safepoint   ] Safepoint "Cleanup", Time since last: 1000178926 ns, Reaching safepoint: 183283 ns, Cleanup: 58191 ns, At safepoint: 22138 ns, Total: 263612 ns
[2025-04-24T21:31:49.703+0000][186.314s][debug][safepoint   ] Safepoint synchronization initiated using futex wait barrier. (228 threads)
[2025-04-24T21:31:49.704+0000][186.315s][info ][safepoint   ] Safepoint "Cleanup", Time since last: 1000215826 ns, Reaching safepoint: 951366 ns, Cleanup: 59930 ns, At safepoint: 71540 ns, Total: 1082836 ns
[2025-04-24T21:31:50.705+0000][187.315s][debug][safepoint   ] Safepoint synchronization initiated using futex wait barrier. (228 threads)
[2025-04-24T21:31:50.705+0000][187.316s][info ][safepoint   ] Safepoint "Cleanup", Time since last: 1000370297 ns, Reaching safepoint: 263958 ns, Cleanup: 47475 ns, At safepoint: 28730 ns, Total: 340163 ns
[2025-04-24T21:31:51.705+0000][188.316s][debug][safepoint   ] Safepoint synchronization initiated using futex wait barrier. (228 threads)
[2025-04-24T21:31:51.706+0000][188.316s][info ][safepoint   ] Safepoint "Cleanup", Time since last: 1000179020 ns, Reaching safepoint: 557118 ns, Cleanup: 62069 ns, At safepoint: 44873 ns, Total: 664060 ns
[2025-04-24T21:31:52.706+0000][189.317s][debug][safepoint   ] Safepoint synchronization initiated using futex wait barrier. (228 threads)
[2025-04-24T21:31:52.707+0000][189.317s][info ][safepoint   ] Safepoint "Cleanup", Time since last: 1000340150 ns, Reaching safepoint: 323744 ns, Cleanup: 60662 ns, At safepoint: 80253 ns, Total: 464659 ns
[2025-04-24T21:31:53.707+0000][190.317s][debug][safepoint   ] Safepoint synchronization initiated using futex wait barrier. (228 threads)
[2025-04-24T21:31:53.707+0000][190.318s][info ][safepoint   ] Safepoint "Cleanup", Time since last: 1000243729 ns, Reaching safepoint: 217848 ns, Cleanup: 36500 ns, At safepoint: 31457 ns, Total: 285805 ns
[2025-04-24T21:31:54.708+0000][191.318s][debug][safepoint   ] Safepoint synchronization initiated using futex wait barrier. (228 threads)
[2025-04-24T21:31:54.708+0000][191.318s][info ][safepoint   ] Safepoint "Cleanup", Time since last: 1000231471 ns, Reaching safepoint: 288307 ns, Cleanup: 56626 ns, At safepoint: 30605 ns, Total: 375538 ns
[2025-04-24T21:31:55.708+0000][192.319s][debug][safepoint   ] Safepoint synchronization initiated using futex wait barrier. (228 threads)
[2025-04-24T21:31:55.708+0000][192.319s][info ][safepoint   ] Safepoint "Cleanup", Time since last: 1000264215 ns, Reaching safepoint: 133011 ns, Cleanup: 45131 ns, At safepoint: 27205 ns, Total: 205347 ns
[2025-04-24T21:31:56.709+0000][193.319s][debug][safepoint   ] Safepoint synchronization initiated using futex wait barrier. (227 threads)
[2025-04-24T21:31:56.709+0000][193.319s][info ][safepoint   ] Safepoint "Cleanup", Time since last: 1000221836 ns, Reaching safepoint: 289365 ns, Cleanup: 98512 ns, At safepoint: 31894 ns, Total: 419771 ns
[2025-04-24T21:31:57.709+0000][194.320s][debug][safepoint   ] Safepoint synchronization initiated using futex wait barrier. (227 threads)
[2025-04-24T21:31:57.709+0000][194.320s][info ][safepoint   ] Safepoint "Cleanup", Time since last: 1000208146 ns, Reaching safepoint: 208048 ns, Cleanup: 34456 ns, At safepoint: 22214 ns, Total: 264718 ns
[2025-04-24T21:31:58.710+0000][195.320s][debug][safepoint   ] Safepoint synchronization initiated using futex wait barrier. (226 threads)
[2025-04-24T21:31:58.710+0000][195.321s][info ][safepoint   ] Safepoint "Cleanup", Time since last: 1000311589 ns, Reaching safepoint: 196833 ns, Cleanup: 58345 ns, At safepoint: 25070 ns, Total: 280248 ns
[2025-04-24T21:31:59.710+0000][196.321s][debug][safepoint   ] Safepoint synchronization initiated using futex wait barrier. (225 threads)
[2025-04-24T21:31:59.711+0000][196.321s][info ][safepoint   ] Safepoint "Cleanup", Time since last: 1000311981 ns, Reaching safepoint: 296070 ns, Cleanup: 73113 ns, At safepoint: 34647 ns, Total: 403830 ns
[2025-04-24T21:32:00.711+0000][197.322s][debug][safepoint   ] Safepoint synchronization initiated using futex wait barrier. (225 threads)
[2025-04-24T21:32:00.711+0000][197.322s][info ][safepoint   ] Safepoint "Cleanup", Time since last: 1000275239 ns, Reaching safepoint: 59788 ns, Cleanup: 12139 ns, At safepoint: 5446 ns, Total: 77373 ns
[2025-04-24T21:32:01.711+0000][198.322s][debug][safepoint   ] Safepoint synchronization initiated using futex wait barrier. (224 threads)
[2025-04-24T21:32:01.712+0000][198.322s][info ][safepoint   ] Safepoint "Cleanup", Time since last: 1000223756 ns, Reaching safepoint: 457023 ns, Cleanup: 38052 ns, At safepoint: 35431 ns, Total: 530506 ns
[2025-04-24T21:32:02.713+0000][199.323s][debug][safepoint   ] Safepoint synchronization initiated using futex wait barrier. (224 threads)
[2025-04-24T21:32:02.714+0000][199.324s][info ][safepoint   ] Safepoint "Cleanup", Time since last: 1000588543 ns, Reaching safepoint: 972475 ns, Cleanup: 87102 ns, At safepoint: 85548 ns, Total: 1145125 ns
[2025-04-24T21:32:03.714+0000][200.324s][debug][safepoint   ] Safepoint synchronization initiated using futex wait barrier. (224 threads)
[2025-04-24T21:32:03.714+0000][200.325s][info ][safepoint   ] Safepoint "Cleanup", Time since last: 1000269267 ns, Reaching safepoint: 100367 ns, Cleanup: 23835 ns, At safepoint: 7707 ns, Total: 131909 ns
[2025-04-24T21:32:04.714+0000][201.325s][debug][safepoint   ] Safepoint synchronization initiated using futex wait barrier. (224 threads)
[2025-04-24T21:32:04.715+0000][201.325s][info ][safepoint   ] Safepoint "Cleanup", Time since last: 1000144496 ns, Reaching safepoint: 237292 ns, Cleanup: 77333 ns, At safepoint: 53085 ns, Total: 367710 ns
[2025-04-24T21:32:06.716+0000][203.326s][debug][safepoint   ] Safepoint synchronization initiated using futex wait barrier. (224 threads)
[2025-04-24T21:32:06.716+0000][203.326s][info ][safepoint   ] Safepoint "Cleanup", Time since last: 2001193999 ns, Reaching safepoint: 122583 ns, Cleanup: 18703 ns, At safepoint: 8173 ns, Total: 149459 ns
[2025-04-24T21:32:08.716+0000][205.327s][debug][safepoint   ] Safepoint synchronization initiated using futex wait barrier. (224 threads)
[2025-04-24T21:32:08.716+0000][205.327s][info ][safepoint   ] Safepoint "Cleanup", Time since last: 2000286907 ns, Reaching safepoint: 83460 ns, Cleanup: 16295 ns, At safepoint: 6673 ns, Total: 106428 ns
[2025-04-24T21:32:09.716+0000][206.327s][debug][safepoint   ] Safepoint synchronization initiated using futex wait barrier. (224 threads)
[2025-04-24T21:32:09.717+0000][206.327s][info ][safepoint   ] Safepoint "Cleanup", Time since last: 1000158327 ns, Reaching safepoint: 130148 ns, Cleanup: 23503 ns, At safepoint: 14973 ns, Total: 168624 ns
[2025-04-24T21:32:10.717+0000][207.327s][debug][safepoint   ] Safepoint synchronization initiated using futex wait barrier. (224 threads)
[2025-04-24T21:32:10.717+0000][207.328s][info ][safepoint   ] Safepoint "Cleanup", Time since last: 1000275217 ns, Reaching safepoint: 271746 ns, Cleanup: 83386 ns, At safepoint: 37484 ns, Total: 392616 ns
[2025-04-24T21:32:12.338+0000][208.948s][debug][safepoint   ] Safepoint synchronization initiated using futex wait barrier. (224 threads)
[2025-04-24T21:32:12.338+0000][208.948s][info ][gc,start    ] GC(69) Pause Young (Normal) (G1 Evacuation Pause)
[2025-04-24T21:32:12.338+0000][208.948s][info ][gc,task     ] GC(69) Using 4 workers of 4 for evacuation
[2025-04-24T21:32:12.385+0000][208.996s][info ][gc,phases   ] GC(69)   Pre Evacuate Collection Set: 0.2ms
[2025-04-24T21:32:12.385+0000][208.996s][info ][gc,phases   ] GC(69)   Merge Heap Roots: 0.2ms
[2025-04-24T21:32:12.385+0000][208.996s][info ][gc,phases   ] GC(69)   Evacuate Collection Set: 43.6ms
[2025-04-24T21:32:12.385+0000][208.996s][info ][gc,phases   ] GC(69)   Post Evacuate Collection Set: 3.0ms
[2025-04-24T21:32:12.385+0000][208.996s][info ][gc,phases   ] GC(69)   Other: 0.2ms
[2025-04-24T21:32:12.385+0000][208.996s][info ][gc,heap     ] GC(69) Eden regions: 208->0(217)
[2025-04-24T21:32:12.385+0000][208.996s][info ][gc,heap     ] GC(69) Survivor regions: 21->12(29)
[2025-04-24T21:32:12.385+0000][208.996s][info ][gc,heap     ] GC(69) Old regions: 162->171
[2025-04-24T21:32:12.385+0000][208.996s][info ][gc,heap     ] GC(69) Archive regions: 2->2
[2025-04-24T21:32:12.385+0000][208.996s][info ][gc,heap     ] GC(69) Humongous regions: 2->2
[2025-04-24T21:32:12.385+0000][208.996s][info ][gc,metaspace] GC(69) Metaspace: 185266K(186560K)->185266K(186560K) NonClass: 162808K(163456K)->162808K(163456K) Class: 22458K(23104K)->22458K(23104K)
[2025-04-24T21:32:12.385+0000][208.996s][info ][gc          ] GC(69) Pause Young (Normal) (G1 Evacuation Pause) 392M->185M(463M) 47.565ms
[2025-04-24T21:32:12.386+0000][208.996s][info ][gc,cpu      ] GC(69) User=0.18s Sys=0.00s Real=0.04s
[2025-04-24T21:32:12.386+0000][208.997s][info ][safepoint   ] Safepoint "G1CollectForAllocation", Time since last: 1620484666 ns, Reaching safepoint: 89357 ns, Cleanup: 6354 ns, At safepoint: 48446367 ns, Total: 48542078 ns
[2025-04-24T21:32:13.387+0000][209.997s][debug][safepoint   ] Safepoint synchronization initiated using futex wait barrier. (224 threads)
[2025-04-24T21:32:13.387+0000][209.997s][info ][safepoint   ] Safepoint "Cleanup", Time since last: 1000192495 ns, Reaching safepoint: 81928 ns, Cleanup: 14531 ns, At safepoint: 8916 ns, Total: 105375 ns
[2025-04-24T21:32:15.387+0000][211.997s][debug][safepoint   ] Safepoint synchronization initiated using futex wait barrier. (224 threads)
[2025-04-24T21:32:15.387+0000][211.998s][info ][safepoint   ] Safepoint "Cleanup", Time since last: 2000308224 ns, Reaching safepoint: 163434 ns, Cleanup: 30202 ns, At safepoint: 11255 ns, Total: 204891 ns
[2025-04-24T21:32:17.387+0000][213.998s][debug][safepoint   ] Safepoint synchronization initiated using futex wait barrier. (224 threads)
[2025-04-24T21:32:17.388+0000][213.998s][info ][safepoint   ] Safepoint "Cleanup", Time since last: 2000284364 ns, Reaching safepoint: 190326 ns, Cleanup: 34689 ns, At safepoint: 23728 ns, Total: 248743 ns
[2025-04-24T21:32:19.388+0000][215.998s][debug][safepoint   ] Safepoint synchronization initiated using futex wait barrier. (224 threads)
[2025-04-24T21:32:19.388+0000][215.999s][info ][safepoint   ] Safepoint "Cleanup", Time since last: 2000339373 ns, Reaching safepoint: 220815 ns, Cleanup: 36256 ns, At safepoint: 25489 ns, Total: 282560 ns
[2025-04-24T21:32:21.389+0000][217.999s][debug][safepoint   ] Safepoint synchronization initiated using futex wait barrier. (224 threads)
[2025-04-24T21:32:21.389+0000][217.999s][info ][safepoint   ] Safepoint "Cleanup", Time since last: 2000360978 ns, Reaching safepoint: 284996 ns, Cleanup: 38700 ns, At safepoint: 29529 ns, Total: 353225 ns
[2025-04-24T21:32:22.389+0000][219.000s][debug][safepoint   ] Safepoint synchronization initiated using futex wait barrier. (224 threads)
[2025-04-24T21:32:22.389+0000][219.000s][info ][safepoint   ] Safepoint "Cleanup", Time since last: 1000156331 ns, Reaching safepoint: 82938 ns, Cleanup: 18352 ns, At safepoint: 12222 ns, Total: 113512 ns
[2025-04-24T21:32:23.389+0000][220.000s][debug][safepoint   ] Safepoint synchronization initiated using futex wait barrier. (224 threads)
[2025-04-24T21:32:23.390+0000][220.000s][info ][safepoint   ] Safepoint "Cleanup", Time since last: 1000198458 ns, Reaching safepoint: 300796 ns, Cleanup: 48554 ns, At safepoint: 37422 ns, Total: 386772 ns
[2025-04-24T21:32:24.390+0000][221.001s][debug][safepoint   ] Safepoint synchronization initiated using futex wait barrier. (224 threads)
[2025-04-24T21:32:24.391+0000][221.001s][info ][safepoint   ] Safepoint "Cleanup", Time since last: 1000244886 ns, Reaching safepoint: 268437 ns, Cleanup: 141803 ns, At safepoint: 50881 ns, Total: 461121 ns
[2025-04-24T21:32:25.391+0000][222.001s][debug][safepoint   ] Safepoint synchronization initiated using futex wait barrier. (224 threads)
[2025-04-24T21:32:25.392+0000][222.002s][info ][safepoint   ] Safepoint "Cleanup", Time since last: 1000257603 ns, Reaching safepoint: 940643 ns, Cleanup: 39835 ns, At safepoint: 28369 ns, Total: 1008847 ns
[2025-04-24T21:32:26.392+0000][223.003s][debug][safepoint   ] Safepoint synchronization initiated using futex wait barrier. (224 threads)
[2025-04-24T21:32:26.392+0000][223.003s][info ][safepoint   ] Safepoint "Cleanup", Time since last: 1000284675 ns, Reaching safepoint: 216576 ns, Cleanup: 35068 ns, At safepoint: 22590 ns, Total: 274234 ns
[2025-04-24T21:32:27.393+0000][224.003s][debug][safepoint   ] Safepoint synchronization initiated using futex wait barrier. (224 threads)
[2025-04-24T21:32:27.393+0000][224.004s][info ][safepoint   ] Safepoint "Cleanup", Time since last: 1000260553 ns, Reaching safepoint: 374399 ns, Cleanup: 69964 ns, At safepoint: 32771 ns, Total: 477134 ns
[2025-04-24T21:32:28.394+0000][225.004s][debug][safepoint   ] Safepoint synchronization initiated using futex wait barrier. (224 threads)
[2025-04-24T21:32:28.394+0000][225.005s][info ][safepoint   ] Safepoint "Cleanup", Time since last: 1000556555 ns, Reaching safepoint: 321914 ns, Cleanup: 96768 ns, At safepoint: 26765 ns, Total: 445447 ns
[2025-04-24T21:32:29.394+0000][226.005s][debug][safepoint   ] Safepoint synchronization initiated using futex wait barrier. (224 threads)
[2025-04-24T21:32:29.394+0000][226.005s][info ][safepoint   ] Safepoint "Cleanup", Time since last: 1000169129 ns, Reaching safepoint: 77287 ns, Cleanup: 19067 ns, At safepoint: 6675 ns, Total: 103029 ns
[2025-04-24T21:32:30.395+0000][227.005s][debug][safepoint   ] Safepoint synchronization initiated using futex wait barrier. (224 threads)
[2025-04-24T21:32:30.395+0000][227.005s][info ][safepoint   ] Safepoint "Cleanup", Time since last: 1000166302 ns, Reaching safepoint: 376222 ns, Cleanup: 42790 ns, At safepoint: 31992 ns, Total: 451004 ns
[2025-04-24T21:32:32.395+0000][229.006s][debug][safepoint   ] Safepoint synchronization initiated using futex wait barrier. (224 threads)
[2025-04-24T21:32:32.396+0000][229.006s][info ][safepoint   ] Safepoint "Cleanup", Time since last: 2000311467 ns, Reaching safepoint: 208786 ns, Cleanup: 30172 ns, At safepoint: 18591 ns, Total: 257549 ns
[2025-04-24T21:32:34.397+0000][231.008s][debug][safepoint   ] Safepoint synchronization initiated using futex wait barrier. (224 threads)
[2025-04-24T21:32:34.398+0000][231.008s][info ][safepoint   ] Safepoint "Cleanup", Time since last: 2001891568 ns, Reaching safepoint: 74411 ns, Cleanup: 13777 ns, At safepoint: 7546 ns, Total: 95734 ns
[2025-04-24T21:32:35.398+0000][232.008s][debug][safepoint   ] Safepoint synchronization initiated using futex wait barrier. (224 threads)
[2025-04-24T21:32:35.398+0000][232.008s][info ][safepoint   ] Safepoint "Cleanup", Time since last: 1000145033 ns, Reaching safepoint: 97127 ns, Cleanup: 15510 ns, At safepoint: 6664 ns, Total: 119301 ns
[2025-04-24T21:32:36.398+0000][233.008s][debug][safepoint   ] Safepoint synchronization initiated using futex wait barrier. (224 threads)
[2025-04-24T21:32:36.398+0000][233.008s][info ][safepoint   ] Safepoint "Cleanup", Time since last: 1000098061 ns, Reaching safepoint: 77925 ns, Cleanup: 13755 ns, At safepoint: 6138 ns, Total: 97818 ns
[2025-04-24T21:32:38.399+0000][235.009s][debug][safepoint   ] Safepoint synchronization initiated using futex wait barrier. (224 threads)
[2025-04-24T21:32:38.399+0000][235.010s][info ][safepoint   ] Safepoint "Cleanup", Time since last: 2000804528 ns, Reaching safepoint: 229611 ns, Cleanup: 15805 ns, At safepoint: 6973 ns, Total: 252389 ns
[2025-04-24T21:32:39.399+0000][236.010s][debug][safepoint   ] Safepoint synchronization initiated using futex wait barrier. (224 threads)
[2025-04-24T21:32:39.399+0000][236.010s][info ][safepoint   ] Safepoint "Cleanup", Time since last: 1000109592 ns, Reaching safepoint: 128816 ns, Cleanup: 39722 ns, At safepoint: 13165 ns, Total: 181703 ns
[2025-04-24T21:32:40.400+0000][237.010s][debug][safepoint   ] Safepoint synchronization initiated using futex wait barrier. (224 threads)
[2025-04-24T21:32:40.400+0000][237.010s][info ][safepoint   ] Safepoint "Cleanup", Time since last: 1000217149 ns, Reaching safepoint: 233789 ns, Cleanup: 50452 ns, At safepoint: 26466 ns, Total: 310707 ns
[2025-04-24T21:32:41.400+0000][238.011s][debug][safepoint   ] Safepoint synchronization initiated using futex wait barrier. (224 threads)
[2025-04-24T21:32:41.400+0000][238.011s][info ][safepoint   ] Safepoint "Cleanup", Time since last: 1000193476 ns, Reaching safepoint: 106280 ns, Cleanup: 19584 ns, At safepoint: 18826 ns, Total: 144690 ns
[2025-04-24T21:32:43.746+0000][240.356s][debug][safepoint   ] Safepoint synchronization initiated using futex wait barrier. (224 threads)
[2025-04-24T21:32:43.746+0000][240.356s][info ][safepoint   ] Safepoint "Cleanup", Time since last: 2345569794 ns, Reaching safepoint: 59219 ns, Cleanup: 9249 ns, At safepoint: 4032 ns, Total: 72500 ns
[2025-04-24T21:32:45.746+0000][242.357s][debug][safepoint   ] Safepoint synchronization initiated using futex wait barrier. (224 threads)
[2025-04-24T21:32:45.746+0000][242.357s][info ][safepoint   ] Safepoint "Cleanup", Time since last: 2000245853 ns, Reaching safepoint: 212450 ns, Cleanup: 38802 ns, At safepoint: 21628 ns, Total: 272880 ns
[2025-04-24T21:32:46.747+0000][243.357s][debug][safepoint   ] Safepoint synchronization initiated using futex wait barrier. (224 threads)
[2025-04-24T21:32:46.747+0000][243.357s][info ][safepoint   ] Safepoint "Cleanup", Time since last: 1000186019 ns, Reaching safepoint: 212599 ns, Cleanup: 69626 ns, At safepoint: 21019 ns, Total: 303244 ns
[2025-04-24T21:32:48.747+0000][245.358s][debug][safepoint   ] Safepoint synchronization initiated using futex wait barrier. (224 threads)
[2025-04-24T21:32:48.748+0000][245.358s][info ][safepoint   ] Safepoint "Cleanup", Time since last: 2000361162 ns, Reaching safepoint: 257951 ns, Cleanup: 81150 ns, At safepoint: 28728 ns, Total: 367829 ns
[2025-04-24T21:32:49.748+0000][246.358s][debug][safepoint   ] Safepoint synchronization initiated using futex wait barrier. (224 threads)
[2025-04-24T21:32:49.748+0000][246.359s][info ][safepoint   ] Safepoint "Cleanup", Time since last: 1000283140 ns, Reaching safepoint: 239195 ns, Cleanup: 35187 ns, At safepoint: 23629 ns, Total: 298011 ns
[2025-04-24T21:32:51.749+0000][248.359s][debug][safepoint   ] Safepoint synchronization initiated using futex wait barrier. (224 threads)
[2025-04-24T21:32:51.749+0000][248.359s][info ][safepoint   ] Safepoint "Cleanup", Time since last: 2000361111 ns, Reaching safepoint: 65425 ns, Cleanup: 17004 ns, At safepoint: 7040 ns, Total: 89469 ns
[2025-04-24T21:32:52.749+0000][249.359s][debug][safepoint   ] Safepoint synchronization initiated using futex wait barrier. (224 threads)
[2025-04-24T21:32:52.749+0000][249.359s][info ][safepoint   ] Safepoint "Cleanup", Time since last: 1000080108 ns, Reaching safepoint: 93794 ns, Cleanup: 15587 ns, At safepoint: 9665 ns, Total: 119046 ns
[2025-04-24T21:32:54.749+0000][251.360s][debug][safepoint   ] Safepoint synchronization initiated using futex wait barrier. (224 threads)
[2025-04-24T21:32:54.749+0000][251.360s][info ][safepoint   ] Safepoint "Cleanup", Time since last: 2000255565 ns, Reaching safepoint: 75013 ns, Cleanup: 29079 ns, At safepoint: 6624 ns, Total: 110716 ns
[2025-04-24T21:32:55.750+0000][252.360s][debug][safepoint   ] Safepoint synchronization initiated using futex wait barrier. (224 threads)
[2025-04-24T21:32:55.750+0000][252.361s][info ][safepoint   ] Safepoint "Cleanup", Time since last: 1000356713 ns, Reaching safepoint: 455452 ns, Cleanup: 87079 ns, At safepoint: 41007 ns, Total: 583538 ns
[2025-04-24T21:32:56.751+0000][253.361s][debug][safepoint   ] Safepoint synchronization initiated using futex wait barrier. (223 threads)
[2025-04-24T21:32:56.751+0000][253.362s][info ][safepoint   ] Safepoint "Cleanup", Time since last: 1000471188 ns, Reaching safepoint: 393409 ns, Cleanup: 49412 ns, At safepoint: 43840 ns, Total: 486661 ns
[2025-04-24T21:32:57.751+0000][254.362s][debug][safepoint   ] Safepoint synchronization initiated using futex wait barrier. (223 threads)
[2025-04-24T21:32:57.751+0000][254.362s][info ][safepoint   ] Safepoint "Cleanup", Time since last: 1000203516 ns, Reaching safepoint: 79643 ns, Cleanup: 12706 ns, At safepoint: 4724 ns, Total: 97073 ns
[2025-04-24T21:32:59.752+0000][256.362s][debug][safepoint   ] Safepoint synchronization initiated using futex wait barrier. (222 threads)
[2025-04-24T21:32:59.752+0000][256.363s][info ][safepoint   ] Safepoint "Cleanup", Time since last: 2000547514 ns, Reaching safepoint: 135365 ns, Cleanup: 18191 ns, At safepoint: 6917 ns, Total: 160473 ns
[2025-04-24T21:33:01.752+0000][258.363s][debug][safepoint   ] Safepoint synchronization initiated using futex wait barrier. (221 threads)
[2025-04-24T21:33:01.753+0000][258.363s][info ][safepoint   ] Safepoint "Cleanup", Time since last: 2000361049 ns, Reaching safepoint: 177119 ns, Cleanup: 30479 ns, At safepoint: 62152 ns, Total: 269750 ns
[2025-04-24T21:33:05.753+0000][262.364s][debug][safepoint   ] Safepoint synchronization initiated using futex wait barrier. (221 threads)
[2025-04-24T21:33:05.754+0000][262.364s][info ][safepoint   ] Safepoint "Cleanup", Time since last: 4000637410 ns, Reaching safepoint: 216342 ns, Cleanup: 42568 ns, At safepoint: 26931 ns, Total: 285841 ns
[2025-04-24T21:33:07.754+0000][264.365s][debug][safepoint   ] Safepoint synchronization initiated using futex wait barrier. (221 threads)
[2025-04-24T21:33:07.754+0000][264.365s][info ][safepoint   ] Safepoint "Cleanup", Time since last: 2000380836 ns, Reaching safepoint: 233235 ns, Cleanup: 50629 ns, At safepoint: 29840 ns, Total: 313704 ns
[2025-04-24T21:33:08.755+0000][265.365s][debug][safepoint   ] Safepoint synchronization initiated using futex wait barrier. (221 threads)
[2025-04-24T21:33:08.755+0000][265.365s][info ][safepoint   ] Safepoint "Cleanup", Time since last: 1000163843 ns, Reaching safepoint: 125452 ns, Cleanup: 17703 ns, At safepoint: 10179 ns, Total: 153334 ns
[2025-04-24T21:33:09.755+0000][266.365s][debug][safepoint   ] Safepoint synchronization initiated using futex wait barrier. (221 threads)
[2025-04-24T21:33:09.755+0000][266.365s][info ][safepoint   ] Safepoint "Cleanup", Time since last: 1000212209 ns, Reaching safepoint: 88679 ns, Cleanup: 23348 ns, At safepoint: 8612 ns, Total: 120639 ns
[2025-04-24T21:33:10.755+0000][267.366s][debug][safepoint   ] Safepoint synchronization initiated using futex wait barrier. (221 threads)
[2025-04-24T21:33:10.755+0000][267.366s][info ][safepoint   ] Safepoint "Cleanup", Time since last: 1000138811 ns, Reaching safepoint: 224006 ns, Cleanup: 32951 ns, At safepoint: 20100 ns, Total: 277057 ns
[2025-04-24T21:33:12.756+0000][269.366s][debug][safepoint   ] Safepoint synchronization initiated using futex wait barrier. (221 threads)
[2025-04-24T21:33:12.756+0000][269.367s][info ][safepoint   ] Safepoint "Cleanup", Time since last: 2000331670 ns, Reaching safepoint: 222176 ns, Cleanup: 63069 ns, At safepoint: 28417 ns, Total: 313662 ns
[2025-04-24T21:33:13.756+0000][270.367s][debug][safepoint   ] Safepoint synchronization initiated using futex wait barrier. (221 threads)
[2025-04-24T21:33:13.757+0000][270.367s][info ][safepoint   ] Safepoint "Cleanup", Time since last: 1000338657 ns, Reaching safepoint: 78483 ns, Cleanup: 13381 ns, At safepoint: 9344 ns, Total: 101208 ns
[2025-04-24T21:33:14.757+0000][271.367s][debug][safepoint   ] Safepoint synchronization initiated using futex wait barrier. (221 threads)
[2025-04-24T21:33:14.757+0000][271.368s][info ][safepoint   ] Safepoint "Cleanup", Time since last: 1000239053 ns, Reaching safepoint: 194943 ns, Cleanup: 103485 ns, At safepoint: 28320 ns, Total: 326748 ns
[2025-04-24T21:33:15.757+0000][272.368s][debug][safepoint   ] Safepoint synchronization initiated using futex wait barrier. (221 threads)
[2025-04-24T21:33:15.758+0000][272.368s][info ][safepoint   ] Safepoint "Cleanup", Time since last: 1000201824 ns, Reaching safepoint: 218232 ns, Cleanup: 51131 ns, At safepoint: 19394 ns, Total: 288757 ns
[2025-04-24T21:33:16.758+0000][273.368s][debug][safepoint   ] Safepoint synchronization initiated using futex wait barrier. (221 threads)
[2025-04-24T21:33:16.758+0000][273.368s][info ][safepoint   ] Safepoint "Cleanup", Time since last: 1000244748 ns, Reaching safepoint: 66189 ns, Cleanup: 22356 ns, At safepoint: 6280 ns, Total: 94825 ns
[2025-04-24T21:33:17.758+0000][274.369s][debug][safepoint   ] Safepoint synchronization initiated using futex wait barrier. (221 threads)
[2025-04-24T21:33:17.758+0000][274.369s][info ][safepoint   ] Safepoint "Cleanup", Time since last: 1000168394 ns, Reaching safepoint: 69136 ns, Cleanup: 15581 ns, At safepoint: 5226 ns, Total: 89943 ns
[2025-04-24T21:33:18.758+0000][275.369s][debug][safepoint   ] Safepoint synchronization initiated using futex wait barrier. (221 threads)
[2025-04-24T21:33:18.758+0000][275.369s][info ][safepoint   ] Safepoint "Cleanup", Time since last: 1000133011 ns, Reaching safepoint: 79183 ns, Cleanup: 17365 ns, At safepoint: 13865 ns, Total: 110413 ns
[2025-04-24T21:33:19.759+0000][276.369s][debug][safepoint   ] Safepoint synchronization initiated using futex wait barrier. (221 threads)
[2025-04-24T21:33:19.759+0000][276.369s][info ][safepoint   ] Safepoint "Cleanup", Time since last: 1000098637 ns, Reaching safepoint: 112446 ns, Cleanup: 17653 ns, At safepoint: 10724 ns, Total: 140823 ns
[2025-04-24T21:33:21.759+0000][278.369s][debug][safepoint   ] Safepoint synchronization initiated using futex wait barrier. (221 threads)
[2025-04-24T21:33:21.759+0000][278.370s][info ][safepoint   ] Safepoint "Cleanup", Time since last: 2000287167 ns, Reaching safepoint: 246558 ns, Cleanup: 36457 ns, At safepoint: 20823 ns, Total: 303838 ns
[2025-04-24T21:33:22.759+0000][279.370s][debug][safepoint   ] Safepoint synchronization initiated using futex wait barrier. (221 threads)
[2025-04-24T21:33:22.760+0000][279.370s][info ][safepoint   ] Safepoint "Cleanup", Time since last: 1000218265 ns, Reaching safepoint: 122868 ns, Cleanup: 17407 ns, At safepoint: 12877 ns, Total: 153152 ns
[2025-04-24T21:33:24.760+0000][281.370s][debug][safepoint   ] Safepoint synchronization initiated using futex wait barrier. (221 threads)
[2025-04-24T21:33:24.760+0000][281.371s][info ][safepoint   ] Safepoint "Cleanup", Time since last: 2000279451 ns, Reaching safepoint: 129073 ns, Cleanup: 28212 ns, At safepoint: 12055 ns, Total: 169340 ns
[2025-04-24T21:33:26.760+0000][283.371s][debug][safepoint   ] Safepoint synchronization initiated using futex wait barrier. (221 threads)
[2025-04-24T21:33:26.761+0000][283.371s][info ][safepoint   ] Safepoint "Cleanup", Time since last: 2000357728 ns, Reaching safepoint: 263623 ns, Cleanup: 71314 ns, At safepoint: 24792 ns, Total: 359729 ns
[2025-04-24T21:33:29.761+0000][286.372s][debug][safepoint   ] Safepoint synchronization initiated using futex wait barrier. (221 threads)
[2025-04-24T21:33:29.762+0000][286.372s][info ][safepoint   ] Safepoint "Cleanup", Time since last: 3000613302 ns, Reaching safepoint: 224759 ns, Cleanup: 47083 ns, At safepoint: 64500 ns, Total: 336342 ns
[2025-04-24T21:33:31.762+0000][288.373s][debug][safepoint   ] Safepoint synchronization initiated using futex wait barrier. (221 threads)
[2025-04-24T21:33:31.763+0000][288.374s][info ][safepoint   ] Safepoint "Cleanup", Time since last: 2000384230 ns, Reaching safepoint: 1233975 ns, Cleanup: 56049 ns, At safepoint: 28857 ns, Total: 1318881 ns
[2025-04-24T21:33:35.764+0000][292.375s][debug][safepoint   ] Safepoint synchronization initiated using futex wait barrier. (221 threads)
[2025-04-24T21:33:35.764+0000][292.375s][info ][safepoint   ] Safepoint "Cleanup", Time since last: 4000603520 ns, Reaching safepoint: 296665 ns, Cleanup: 53640 ns, At safepoint: 23404 ns, Total: 373709 ns
[2025-04-24T21:33:36.765+0000][293.375s][debug][safepoint   ] Safepoint synchronization initiated using futex wait barrier. (221 threads)
[2025-04-24T21:33:36.765+0000][293.375s][info ][safepoint   ] Safepoint "Cleanup", Time since last: 1000274890 ns, Reaching safepoint: 235539 ns, Cleanup: 38989 ns, At safepoint: 23129 ns, Total: 297657 ns
[2025-04-24T21:33:37.765+0000][294.376s][debug][safepoint   ] Safepoint synchronization initiated using futex wait barrier. (221 threads)
[2025-04-24T21:33:37.766+0000][294.376s][info ][safepoint   ] Safepoint "Cleanup", Time since last: 1000209990 ns, Reaching safepoint: 311606 ns, Cleanup: 39387 ns, At safepoint: 84039 ns, Total: 435032 ns
[2025-04-24T21:33:41.766+0000][298.377s][debug][safepoint   ] Safepoint synchronization initiated using futex wait barrier. (221 threads)
[2025-04-24T21:33:41.766+0000][298.377s][info ][safepoint   ] Safepoint "Cleanup", Time since last: 4000686246 ns, Reaching safepoint: 120482 ns, Cleanup: 14995 ns, At safepoint: 9614 ns, Total: 145091 ns
[2025-04-24T21:33:42.767+0000][299.377s][debug][safepoint   ] Safepoint synchronization initiated using futex wait barrier. (221 threads)
[2025-04-24T21:33:42.767+0000][299.378s][info ][safepoint   ] Safepoint "Cleanup", Time since last: 1000416771 ns, Reaching safepoint: 300064 ns, Cleanup: 80856 ns, At safepoint: 24706 ns, Total: 405626 ns
[2025-04-24T21:33:43.768+0000][300.378s][debug][safepoint   ] Safepoint synchronization initiated using futex wait barrier. (221 threads)
[2025-04-24T21:33:43.768+0000][300.378s][info ][safepoint   ] Safepoint "Cleanup", Time since last: 1000329947 ns, Reaching safepoint: 95185 ns, Cleanup: 11824 ns, At safepoint: 7504 ns, Total: 114513 ns
[2025-04-24T21:33:45.787+0000][302.397s][debug][safepoint   ] Safepoint synchronization initiated using futex wait barrier. (221 threads)
[2025-04-24T21:33:45.787+0000][302.397s][info ][safepoint   ] Safepoint "Cleanup", Time since last: 2018908388 ns, Reaching safepoint: 104302 ns, Cleanup: 19950 ns, At safepoint: 9609 ns, Total: 133861 ns
[2025-04-24T21:33:46.787+0000][303.397s][debug][safepoint   ] Safepoint synchronization initiated using futex wait barrier. (221 threads)
[2025-04-24T21:33:46.787+0000][303.398s][info ][safepoint   ] Safepoint "Cleanup", Time since last: 1000192666 ns, Reaching safepoint: 220878 ns, Cleanup: 131877 ns, At safepoint: 29912 ns, Total: 382667 ns
[2025-04-24T21:33:48.788+0000][305.398s][debug][safepoint   ] Safepoint synchronization initiated using futex wait barrier. (221 threads)
[2025-04-24T21:33:48.788+0000][305.398s][info ][safepoint   ] Safepoint "Cleanup", Time since last: 2000238658 ns, Reaching safepoint: 93198 ns, Cleanup: 34169 ns, At safepoint: 11370 ns, Total: 138737 ns
[2025-04-24T21:33:52.788+0000][309.399s][debug][safepoint   ] Safepoint synchronization initiated using futex wait barrier. (221 threads)
[2025-04-24T21:33:52.788+0000][309.399s][info ][safepoint   ] Safepoint "Cleanup", Time since last: 4000490765 ns, Reaching safepoint: 60739 ns, Cleanup: 18053 ns, At safepoint: 5875 ns, Total: 84667 ns
[2025-04-24T21:33:55.789+0000][312.399s][debug][safepoint   ] Safepoint synchronization initiated using futex wait barrier. (221 threads)
[2025-04-24T21:33:55.789+0000][312.400s][info ][safepoint   ] Safepoint "Cleanup", Time since last: 3000565363 ns, Reaching safepoint: 280403 ns, Cleanup: 36721 ns, At safepoint: 32034 ns, Total: 349158 ns
[2025-04-24T21:33:56.789+0000][313.400s][debug][safepoint   ] Safepoint synchronization initiated using futex wait barrier. (221 threads)
[2025-04-24T21:33:56.789+0000][313.400s][info ][safepoint   ] Safepoint "Cleanup", Time since last: 1000171519 ns, Reaching safepoint: 76133 ns, Cleanup: 14939 ns, At safepoint: 7433 ns, Total: 98505 ns
[2025-04-24T21:33:58.790+0000][315.400s][debug][safepoint   ] Safepoint synchronization initiated using futex wait barrier. (221 threads)
[2025-04-24T21:33:58.790+0000][315.401s][info ][safepoint   ] Safepoint "Cleanup", Time since last: 2000359586 ns, Reaching safepoint: 238646 ns, Cleanup: 41599 ns, At safepoint: 28624 ns, Total: 308869 ns
[2025-04-24T21:34:00.791+0000][317.401s][debug][safepoint   ] Safepoint synchronization initiated using futex wait barrier. (220 threads)
[2025-04-24T21:34:00.791+0000][317.401s][info ][safepoint   ] Safepoint "Cleanup", Time since last: 2000396647 ns, Reaching safepoint: 213199 ns, Cleanup: 31186 ns, At safepoint: 28255 ns, Total: 272640 ns
[2025-04-24T21:34:01.791+0000][318.401s][debug][safepoint   ] Safepoint synchronization initiated using futex wait barrier. (219 threads)
[2025-04-24T21:34:01.791+0000][318.402s][info ][safepoint   ] Safepoint "Cleanup", Time since last: 1000185538 ns, Reaching safepoint: 131028 ns, Cleanup: 20726 ns, At safepoint: 14179 ns, Total: 165933 ns
[2025-04-24T21:34:02.791+0000][319.402s][debug][safepoint   ] Safepoint synchronization initiated using futex wait barrier. (219 threads)
[2025-04-24T21:34:02.791+0000][319.402s][info ][safepoint   ] Safepoint "Cleanup", Time since last: 1000204401 ns, Reaching safepoint: 62598 ns, Cleanup: 16912 ns, At safepoint: 7248 ns, Total: 86758 ns
[2025-04-24T21:34:04.792+0000][321.402s][debug][safepoint   ] Safepoint synchronization initiated using futex wait barrier. (219 threads)
[2025-04-24T21:34:04.792+0000][321.402s][info ][safepoint   ] Safepoint "Cleanup", Time since last: 2000167344 ns, Reaching safepoint: 88684 ns, Cleanup: 13125 ns, At safepoint: 7999 ns, Total: 109808 ns
[2025-04-24T21:34:13.793+0000][330.403s][debug][safepoint   ] Safepoint synchronization initiated using futex wait barrier. (219 threads)
[2025-04-24T21:34:13.793+0000][330.404s][info ][safepoint   ] Safepoint "Cleanup", Time since last: 9001111775 ns, Reaching safepoint: 211599 ns, Cleanup: 36902 ns, At safepoint: 24725 ns, Total: 273226 ns
[2025-04-24T21:34:41.405+0000][358.015s][debug][safepoint   ] Safepoint synchronization initiated using futex wait barrier. (219 threads)
[2025-04-24T21:34:41.406+0000][358.016s][info ][gc,start    ] GC(70) Pause Young (Normal) (G1 Evacuation Pause)
[2025-04-24T21:34:41.406+0000][358.016s][info ][gc,task     ] GC(70) Using 4 workers of 4 for evacuation
[2025-04-24T21:34:41.487+0000][358.098s][info ][gc,phases   ] GC(70)   Pre Evacuate Collection Set: 0.8ms
[2025-04-24T21:34:41.487+0000][358.098s][info ][gc,phases   ] GC(70)   Merge Heap Roots: 0.9ms
[2025-04-24T21:34:41.487+0000][358.098s][info ][gc,phases   ] GC(70)   Evacuate Collection Set: 70.8ms
[2025-04-24T21:34:41.488+0000][358.098s][info ][gc,phases   ] GC(70)   Post Evacuate Collection Set: 8.3ms
[2025-04-24T21:34:41.488+0000][358.098s][info ][gc,phases   ] GC(70)   Other: 0.9ms
[2025-04-24T21:34:41.488+0000][358.098s][info ][gc,heap     ] GC(70) Eden regions: 217->0(217)
[2025-04-24T21:34:41.488+0000][358.098s][info ][gc,heap     ] GC(70) Survivor regions: 12->12(29)
[2025-04-24T21:34:41.488+0000][358.098s][info ][gc,heap     ] GC(70) Old regions: 171->171
[2025-04-24T21:34:41.488+0000][358.099s][info ][gc,heap     ] GC(70) Archive regions: 2->2
[2025-04-24T21:34:41.488+0000][358.099s][info ][gc,heap     ] GC(70) Humongous regions: 2->2
[2025-04-24T21:34:41.488+0000][358.099s][info ][gc,metaspace] GC(70) Metaspace: 185940K(187264K)->185940K(187264K) NonClass: 163477K(164160K)->163477K(164160K) Class: 22462K(23104K)->22462K(23104K)
[2025-04-24T21:34:41.488+0000][358.099s][info ][gc          ] GC(70) Pause Young (Normal) (G1 Evacuation Pause) 402M->185M(463M) 82.637ms
[2025-04-24T21:34:41.488+0000][358.099s][info ][gc,cpu      ] GC(70) User=0.27s Sys=0.00s Real=0.09s
[2025-04-24T21:34:41.490+0000][358.101s][info ][safepoint   ] Safepoint "G1CollectForAllocation", Time since last: 27611623568 ns, Reaching safepoint: 752489 ns, Cleanup: 17390 ns, At safepoint: 84881674 ns, Total: 85651553 ns
[2025-04-24T21:34:42.491+0000][359.101s][debug][safepoint   ] Safepoint synchronization initiated using futex wait barrier. (219 threads)
[2025-04-24T21:34:42.491+0000][359.102s][info ][safepoint   ] Safepoint "Cleanup", Time since last: 1000448561 ns, Reaching safepoint: 217109 ns, Cleanup: 117887 ns, At safepoint: 37135 ns, Total: 372131 ns
[2025-04-24T21:34:46.835+0000][363.445s][debug][safepoint   ] Safepoint synchronization initiated using futex wait barrier. (219 threads)
[2025-04-24T21:34:46.835+0000][363.445s][info ][safepoint   ] Safepoint "Cleanup", Time since last: 4343310945 ns, Reaching safepoint: 280144 ns, Cleanup: 50508 ns, At safepoint: 29135 ns, Total: 359787 ns
[2025-04-24T21:35:06.838+0000][383.449s][debug][safepoint   ] Safepoint synchronization initiated using futex wait barrier. (217 threads)
[2025-04-24T21:35:06.838+0000][383.449s][info ][safepoint   ] Safepoint "Cleanup", Time since last: 20003305174 ns, Reaching safepoint: 224432 ns, Cleanup: 32979 ns, At safepoint: 26046 ns, Total: 283457 ns
[2025-04-24T21:36:04.846+0000][441.457s][debug][safepoint   ] Safepoint synchronization initiated using futex wait barrier. (211 threads)
[2025-04-24T21:36:04.847+0000][441.457s][info ][safepoint   ] Safepoint "Cleanup", Time since last: 58007598249 ns, Reaching safepoint: 504365 ns, Cleanup: 35622 ns, At safepoint: 14676 ns, Total: 554663 ns
[2025-04-24T21:37:30.859+0000][527.470s][debug][safepoint   ] Safepoint synchronization initiated using futex wait barrier. (203 threads)
[2025-04-24T21:37:30.860+0000][527.470s][info ][safepoint   ] Safepoint "Cleanup", Time since last: 86012775700 ns, Reaching safepoint: 255125 ns, Cleanup: 79663 ns, At safepoint: 26386 ns, Total: 361174 ns
[2025-04-24T21:37:31.860+0000][528.470s][debug][safepoint   ] Safepoint synchronization initiated using futex wait barrier. (203 threads)
[2025-04-24T21:37:31.860+0000][528.471s][info ][safepoint   ] Safepoint "Cleanup", Time since last: 1000166980 ns, Reaching safepoint: 95622 ns, Cleanup: 16427 ns, At safepoint: 9826 ns, Total: 121875 ns
[2025-04-24T21:37:42.621+0000][539.232s][debug][safepoint   ] Safepoint synchronization initiated using futex wait barrier. (203 threads)
[2025-04-24T21:37:42.622+0000][539.232s][info ][gc,start    ] GC(71) Pause Young (Normal) (G1 Evacuation Pause)
[2025-04-24T21:37:42.622+0000][539.232s][info ][gc,task     ] GC(71) Using 4 workers of 4 for evacuation
[2025-04-24T21:37:42.717+0000][539.327s][info ][gc,phases   ] GC(71)   Pre Evacuate Collection Set: 0.6ms
[2025-04-24T21:37:42.717+0000][539.328s][info ][gc,phases   ] GC(71)   Merge Heap Roots: 0.7ms
[2025-04-24T21:37:42.717+0000][539.328s][info ][gc,phases   ] GC(71)   Evacuate Collection Set: 83.9ms
[2025-04-24T21:37:42.717+0000][539.328s][info ][gc,phases   ] GC(71)   Post Evacuate Collection Set: 9.5ms
[2025-04-24T21:37:42.717+0000][539.328s][info ][gc,phases   ] GC(71)   Other: 0.7ms
[2025-04-24T21:37:42.717+0000][539.328s][info ][gc,heap     ] GC(71) Eden regions: 217->0(217)
[2025-04-24T21:37:42.717+0000][539.328s][info ][gc,heap     ] GC(71) Survivor regions: 12->12(29)
[2025-04-24T21:37:42.717+0000][539.328s][info ][gc,heap     ] GC(71) Old regions: 171->171
[2025-04-24T21:37:42.717+0000][539.328s][info ][gc,heap     ] GC(71) Archive regions: 2->2
[2025-04-24T21:37:42.717+0000][539.328s][info ][gc,heap     ] GC(71) Humongous regions: 2->2
[2025-04-24T21:37:42.718+0000][539.328s][info ][gc,metaspace] GC(71) Metaspace: 185958K(187264K)->185958K(187264K) NonClass: 163494K(164160K)->163494K(164160K) Class: 22464K(23104K)->22464K(23104K)
[2025-04-24T21:37:42.718+0000][539.328s][info ][gc          ] GC(71) Pause Young (Normal) (G1 Evacuation Pause) 402M->185M(463M) 96.093ms
[2025-04-24T21:37:42.718+0000][539.328s][info ][gc,cpu      ] GC(71) User=0.27s Sys=0.00s Real=0.10s
[2025-04-24T21:37:42.720+0000][539.330s][info ][safepoint   ] Safepoint "G1CollectForAllocation", Time since last: 10761116606 ns, Reaching safepoint: 256699 ns, Cleanup: 19777 ns, At safepoint: 98434708 ns, Total: 98711184 ns
[2025-04-24T21:37:43.720+0000][540.331s][debug][safepoint   ] Safepoint synchronization initiated using futex wait barrier. (203 threads)
[2025-04-24T21:37:43.721+0000][540.331s][info ][safepoint   ] Safepoint "Cleanup", Time since last: 1000372953 ns, Reaching safepoint: 209469 ns, Cleanup: 50162 ns, At safepoint: 54100 ns, Total: 313731 ns
[2025-04-24T21:37:46.721+0000][543.332s][debug][safepoint   ] Safepoint synchronization initiated using futex wait barrier. (203 threads)
[2025-04-24T21:37:46.721+0000][543.332s][info ][safepoint   ] Safepoint "Cleanup", Time since last: 3000525235 ns, Reaching safepoint: 206732 ns, Cleanup: 38877 ns, At safepoint: 25557 ns, Total: 271166 ns
[2025-04-24T21:37:58.723+0000][555.334s][debug][safepoint   ] Safepoint synchronization initiated using futex wait barrier. (203 threads)
[2025-04-24T21:37:58.723+0000][555.334s][info ][safepoint   ] Safepoint "Cleanup", Time since last: 12001906346 ns, Reaching safepoint: 142610 ns, Cleanup: 22946 ns, At safepoint: 15849 ns, Total: 181405 ns
[2025-04-24T21:38:05.724+0000][562.335s][debug][safepoint   ] Safepoint synchronization initiated using futex wait barrier. (202 threads)
[2025-04-24T21:38:05.725+0000][562.335s][info ][safepoint   ] Safepoint "Cleanup", Time since last: 7000991086 ns, Reaching safepoint: 202609 ns, Cleanup: 33954 ns, At safepoint: 58058 ns, Total: 294621 ns
[2025-04-24T21:38:31.749+0000][588.359s][debug][safepoint   ] Safepoint synchronization initiated using futex wait barrier. (200 threads)
[2025-04-24T21:38:31.749+0000][588.359s][info ][safepoint   ] Safepoint "Cleanup", Time since last: 26023995531 ns, Reaching safepoint: 99180 ns, Cleanup: 90711 ns, At safepoint: 15060 ns, Total: 204951 ns
[2025-04-24T21:39:03.753+0000][620.363s][debug][safepoint   ] Safepoint synchronization initiated using futex wait barrier. (199 threads)
[2025-04-24T21:39:03.753+0000][620.363s][info ][safepoint   ] Safepoint "Cleanup", Time since last: 32003862197 ns, Reaching safepoint: 110932 ns, Cleanup: 16619 ns, At safepoint: 9685 ns, Total: 137236 ns
[2025-04-24T21:39:30.297+0000][646.908s][debug][safepoint   ] Safepoint synchronization initiated using futex wait barrier. (198 threads)
[2025-04-24T21:39:30.301+0000][646.911s][info ][safepoint   ] Safepoint "Cleanup", Time since last: 26544330590 ns, Reaching safepoint: 3398831 ns, Cleanup: 29136 ns, At safepoint: 8921 ns, Total: 3436888 ns
[2025-04-24T21:39:31.301+0000][647.911s][debug][safepoint   ] Safepoint synchronization initiated using futex wait barrier. (198 threads)
[2025-04-24T21:39:31.301+0000][647.912s][info ][safepoint   ] Safepoint "Cleanup", Time since last: 1000306319 ns, Reaching safepoint: 263281 ns, Cleanup: 51601 ns, At safepoint: 20997 ns, Total: 335879 ns
[2025-04-24T21:39:40.303+0000][656.913s][debug][safepoint   ] Safepoint synchronization initiated using futex wait barrier. (198 threads)
[2025-04-24T21:39:40.303+0000][656.914s][info ][safepoint   ] Safepoint "Cleanup", Time since last: 9001405233 ns, Reaching safepoint: 200488 ns, Cleanup: 35151 ns, At safepoint: 383358 ns, Total: 618997 ns
[2025-04-24T21:39:56.305+0000][672.916s][debug][safepoint   ] Safepoint synchronization initiated using futex wait barrier. (198 threads)
[2025-04-24T21:39:56.305+0000][672.916s][info ][safepoint   ] Safepoint "Cleanup", Time since last: 16001952356 ns, Reaching safepoint: 73156 ns, Cleanup: 12754 ns, At safepoint: 5870 ns, Total: 91780 ns
[2025-04-24T21:40:25.309+0000][701.919s][debug][safepoint   ] Safepoint synchronization initiated using futex wait barrier. (196 threads)
[2025-04-24T21:40:25.309+0000][701.919s][info ][safepoint   ] Safepoint "Cleanup", Time since last: 29003197526 ns, Reaching safepoint: 309043 ns, Cleanup: 37537 ns, At safepoint: 21641 ns, Total: 368221 ns
[2025-04-24T21:40:44.889+0000][721.499s][debug][safepoint   ] Safepoint synchronization initiated using futex wait barrier. (196 threads)
[2025-04-24T21:40:44.889+0000][721.500s][info ][gc,start    ] GC(72) Pause Young (Normal) (G1 Evacuation Pause)
[2025-04-24T21:40:44.889+0000][721.500s][info ][gc,task     ] GC(72) Using 4 workers of 4 for evacuation
[2025-04-24T21:40:44.921+0000][721.532s][info ][gc,phases   ] GC(72)   Pre Evacuate Collection Set: 0.5ms
[2025-04-24T21:40:44.921+0000][721.532s][info ][gc,phases   ] GC(72)   Merge Heap Roots: 0.3ms
[2025-04-24T21:40:44.921+0000][721.532s][info ][gc,phases   ] GC(72)   Evacuate Collection Set: 26.8ms
[2025-04-24T21:40:44.921+0000][721.532s][info ][gc,phases   ] GC(72)   Post Evacuate Collection Set: 4.3ms
[2025-04-24T21:40:44.921+0000][721.532s][info ][gc,phases   ] GC(72)   Other: 0.3ms
[2025-04-24T21:40:44.921+0000][721.532s][info ][gc,heap     ] GC(72) Eden regions: 217->0(217)
[2025-04-24T21:40:44.921+0000][721.532s][info ][gc,heap     ] GC(72) Survivor regions: 12->12(29)
[2025-04-24T21:40:44.921+0000][721.532s][info ][gc,heap     ] GC(72) Old regions: 171->171
[2025-04-24T21:40:44.922+0000][721.532s][info ][gc,heap     ] GC(72) Archive regions: 2->2
[2025-04-24T21:40:44.922+0000][721.532s][info ][gc,heap     ] GC(72) Humongous regions: 2->2
[2025-04-24T21:40:44.922+0000][721.532s][info ][gc,metaspace] GC(72) Metaspace: 185994K(187264K)->185994K(187264K) NonClass: 163530K(164160K)->163530K(164160K) Class: 22464K(23104K)->22464K(23104K)
[2025-04-24T21:40:44.922+0000][721.532s][info ][gc          ] GC(72) Pause Young (Normal) (G1 Evacuation Pause) 402M->185M(463M) 32.286ms
[2025-04-24T21:40:44.922+0000][721.532s][info ][gc,cpu      ] GC(72) User=0.09s Sys=0.00s Real=0.03s
[2025-04-24T21:40:44.922+0000][721.533s][info ][safepoint   ] Safepoint "G1CollectForAllocation", Time since last: 19579986404 ns, Reaching safepoint: 274132 ns, Cleanup: 7043 ns, At safepoint: 33017473 ns, Total: 33298648 ns
[2025-04-24T21:40:45.923+0000][722.533s][debug][safepoint   ] Safepoint synchronization initiated using futex wait barrier. (196 threads)
[2025-04-24T21:40:45.923+0000][722.533s][info ][safepoint   ] Safepoint "Cleanup", Time since last: 1000207900 ns, Reaching safepoint: 279973 ns, Cleanup: 66640 ns, At safepoint: 20698 ns, Total: 367311 ns
[2025-04-24T21:41:09.926+0000][746.536s][debug][safepoint   ] Safepoint synchronization initiated using futex wait barrier. (195 threads)
[2025-04-24T21:41:09.926+0000][746.536s][info ][safepoint   ] Safepoint "Cleanup", Time since last: 24002961338 ns, Reaching safepoint: 72250 ns, Cleanup: 10676 ns, At safepoint: 5134 ns, Total: 88060 ns
[2025-04-24T21:41:32.928+0000][769.538s][debug][safepoint   ] Safepoint synchronization initiated using futex wait barrier. (195 threads)
[2025-04-24T21:41:32.928+0000][769.539s][info ][safepoint   ] Safepoint "Cleanup", Time since last: 23002085221 ns, Reaching safepoint: 140306 ns, Cleanup: 55905 ns, At safepoint: 12183 ns, Total: 208394 ns
[2025-04-24T21:42:05.936+0000][802.546s][debug][safepoint   ] Safepoint synchronization initiated using futex wait barrier. (195 threads)
[2025-04-24T21:42:05.936+0000][802.546s][info ][safepoint   ] Safepoint "Cleanup", Time since last: 33007381926 ns, Reaching safepoint: 127959 ns, Cleanup: 15879 ns, At safepoint: 8817 ns, Total: 152655 ns
[2025-04-24T21:42:09.936+0000][806.547s][debug][safepoint   ] Safepoint synchronization initiated using futex wait barrier. (194 threads)
[2025-04-24T21:42:09.936+0000][806.547s][info ][safepoint   ] Safepoint "Cleanup", Time since last: 4000471849 ns, Reaching safepoint: 150981 ns, Cleanup: 20135 ns, At safepoint: 12955 ns, Total: 184071 ns
[2025-04-24T21:42:15.937+0000][812.547s][debug][safepoint   ] Safepoint synchronization initiated using futex wait barrier. (194 threads)
[2025-04-24T21:42:15.937+0000][812.548s][info ][safepoint   ] Safepoint "Cleanup", Time since last: 6000567240 ns, Reaching safepoint: 78169 ns, Cleanup: 13134 ns, At safepoint: 7141 ns, Total: 98444 ns
[2025-04-24T21:42:31.938+0000][828.549s][debug][safepoint   ] Safepoint synchronization initiated using futex wait barrier. (194 threads)
[2025-04-24T21:42:31.939+0000][828.549s][info ][safepoint   ] Safepoint "Cleanup", Time since last: 16001353693 ns, Reaching safepoint: 85643 ns, Cleanup: 15589 ns, At safepoint: 8414 ns, Total: 109646 ns
[2025-04-24T21:42:45.942+0000][842.552s][debug][safepoint   ] Safepoint synchronization initiated using futex wait barrier. (194 threads)
[2025-04-24T21:42:45.944+0000][842.554s][info ][safepoint   ] Safepoint "Cleanup", Time since last: 14003035811 ns, Reaching safepoint: 643040 ns, Cleanup: 278413 ns, At safepoint: 1065247 ns, Total: 1986700 ns
[2025-04-24T21:42:56.946+0000][853.557s][debug][safepoint   ] Safepoint synchronization initiated using futex wait barrier. (194 threads)
[2025-04-24T21:42:56.947+0000][853.557s][info ][safepoint   ] Safepoint "Cleanup", Time since last: 11002911079 ns, Reaching safepoint: 79160 ns, Cleanup: 13404 ns, At safepoint: 7078 ns, Total: 99642 ns
[2025-04-24T21:43:10.948+0000][867.558s][debug][safepoint   ] Safepoint synchronization initiated using futex wait barrier. (194 threads)
[2025-04-24T21:43:10.948+0000][867.559s][info ][safepoint   ] Safepoint "Cleanup", Time since last: 14001474477 ns, Reaching safepoint: 76933 ns, Cleanup: 14141 ns, At safepoint: 5312 ns, Total: 96386 ns
[2025-04-24T21:43:11.948+0000][868.559s][debug][safepoint   ] Safepoint synchronization initiated using futex wait barrier. (194 threads)
[2025-04-24T21:43:11.949+0000][868.559s][info ][safepoint   ] Safepoint "Cleanup", Time since last: 1000164451 ns, Reaching safepoint: 177143 ns, Cleanup: 25386 ns, At safepoint: 16194 ns, Total: 218723 ns
[2025-04-24T21:43:14.949+0000][871.559s][debug][safepoint   ] Safepoint synchronization initiated using futex wait barrier. (194 threads)
[2025-04-24T21:43:14.949+0000][871.559s][info ][safepoint   ] Safepoint "Cleanup", Time since last: 3000383295 ns, Reaching safepoint: 85932 ns, Cleanup: 15455 ns, At safepoint: 7150 ns, Total: 108537 ns
[2025-04-24T21:43:15.949+0000][872.560s][debug][safepoint   ] Safepoint synchronization initiated using futex wait barrier. (194 threads)
[2025-04-24T21:43:15.949+0000][872.560s][info ][safepoint   ] Safepoint "Cleanup", Time since last: 1000205319 ns, Reaching safepoint: 73366 ns, Cleanup: 14341 ns, At safepoint: 8556 ns, Total: 96263 ns
[2025-04-24T21:43:46.953+0000][903.564s][debug][safepoint   ] Safepoint synchronization initiated using futex wait barrier. (194 threads)
[2025-04-24T21:43:46.954+0000][903.564s][info ][safepoint   ] Safepoint "Cleanup", Time since last: 31003829253 ns, Reaching safepoint: 429133 ns, Cleanup: 36290 ns, At safepoint: 20042 ns, Total: 485465 ns
[2025-04-24T21:43:47.166+0000][903.776s][debug][safepoint   ] Safepoint synchronization initiated using futex wait barrier. (194 threads)
[2025-04-24T21:43:47.166+0000][903.777s][info ][gc,start    ] GC(73) Pause Young (Normal) (G1 Evacuation Pause)
[2025-04-24T21:43:47.166+0000][903.777s][info ][gc,task     ] GC(73) Using 4 workers of 4 for evacuation
[2025-04-24T21:43:47.264+0000][903.874s][info ][gc,phases   ] GC(73)   Pre Evacuate Collection Set: 0.7ms
[2025-04-24T21:43:47.264+0000][903.874s][info ][gc,phases   ] GC(73)   Merge Heap Roots: 0.6ms
[2025-04-24T21:43:47.264+0000][903.874s][info ][gc,phases   ] GC(73)   Evacuate Collection Set: 90.5ms
[2025-04-24T21:43:47.264+0000][903.874s][info ][gc,phases   ] GC(73)   Post Evacuate Collection Set: 5.1ms
[2025-04-24T21:43:47.264+0000][903.874s][info ][gc,phases   ] GC(73)   Other: 0.5ms
[2025-04-24T21:43:47.264+0000][903.874s][info ][gc,heap     ] GC(73) Eden regions: 217->0(217)
[2025-04-24T21:43:47.264+0000][903.874s][info ][gc,heap     ] GC(73) Survivor regions: 12->12(29)
[2025-04-24T21:43:47.264+0000][903.874s][info ][gc,heap     ] GC(73) Old regions: 171->171
[2025-04-24T21:43:47.264+0000][903.874s][info ][gc,heap     ] GC(73) Archive regions: 2->2
[2025-04-24T21:43:47.264+0000][903.874s][info ][gc,heap     ] GC(73) Humongous regions: 2->2
[2025-04-24T21:43:47.264+0000][903.874s][info ][gc,metaspace] GC(73) Metaspace: 186014K(187328K)->186014K(187328K) NonClass: 163550K(164224K)->163550K(164224K) Class: 22464K(23104K)->22464K(23104K)
[2025-04-24T21:43:47.264+0000][903.874s][info ][gc          ] GC(73) Pause Young (Normal) (G1 Evacuation Pause) 402M->185M(463M) 97.537ms
[2025-04-24T21:43:47.264+0000][903.874s][info ][gc,cpu      ] GC(73) User=0.21s Sys=0.00s Real=0.10s
[2025-04-24T21:43:47.264+0000][903.875s][info ][safepoint   ] Safepoint "G1CollectForAllocation", Time since last: 212285533 ns, Reaching safepoint: 233559 ns, Cleanup: 17734 ns, At safepoint: 98176647 ns, Total: 98427940 ns
[2025-04-24T21:43:48.265+0000][904.875s][debug][safepoint   ] Safepoint synchronization initiated using futex wait barrier. (194 threads)
[2025-04-24T21:43:48.265+0000][904.875s][info ][safepoint   ] Safepoint "Cleanup", Time since last: 1000247122 ns, Reaching safepoint: 206522 ns, Cleanup: 39636 ns, At safepoint: 20158 ns, Total: 266316 ns
[2025-04-24T21:44:12.268+0000][928.878s][debug][safepoint   ] Safepoint synchronization initiated using futex wait barrier. (194 threads)
[2025-04-24T21:44:12.268+0000][928.878s][info ][safepoint   ] Safepoint "Cleanup", Time since last: 24002759682 ns, Reaching safepoint: 295423 ns, Cleanup: 35750 ns, At safepoint: 61251 ns, Total: 392424 ns
[2025-04-24T21:45:02.275+0000][978.885s][debug][safepoint   ] Safepoint synchronization initiated using futex wait barrier. (196 threads)
[2025-04-24T21:45:02.275+0000][978.886s][info ][safepoint   ] Safepoint "Cleanup", Time since last: 50006682913 ns, Reaching safepoint: 573919 ns, Cleanup: 90702 ns, At safepoint: 18692 ns, Total: 683313 ns
[2025-04-24T21:45:06.276+0000][982.886s][debug][safepoint   ] Safepoint synchronization initiated using futex wait barrier. (196 threads)
[2025-04-24T21:45:06.276+0000][982.887s][info ][safepoint   ] Safepoint "Cleanup", Time since last: 4000577123 ns, Reaching safepoint: 250082 ns, Cleanup: 39430 ns, At safepoint: 21780 ns, Total: 311292 ns
[2025-04-24T21:46:15.287+0000][1051.897s][debug][safepoint   ] Safepoint synchronization initiated using futex wait barrier. (194 threads)
[2025-04-24T21:46:15.287+0000][1051.898s][info ][safepoint   ] Safepoint "Cleanup", Time since last: 69010746130 ns, Reaching safepoint: 105057 ns, Cleanup: 22426 ns, At safepoint: 13704 ns, Total: 141187 ns
[2025-04-24T21:46:46.290+0000][1082.901s][debug][safepoint   ] Safepoint synchronization initiated using futex wait barrier. (194 threads)
[2025-04-24T21:46:46.290+0000][1082.901s][info ][safepoint   ] Safepoint "Cleanup", Time since last: 31003213265 ns, Reaching safepoint: 87727 ns, Cleanup: 15196 ns, At safepoint: 5535 ns, Total: 108458 ns
[2025-04-24T21:46:49.526+0000][1086.136s][debug][safepoint   ] Safepoint synchronization initiated using futex wait barrier. (194 threads)
[2025-04-24T21:46:49.526+0000][1086.136s][info ][gc,start    ] GC(74) Pause Young (Normal) (G1 Evacuation Pause)
[2025-04-24T21:46:49.526+0000][1086.136s][info ][gc,task     ] GC(74) Using 4 workers of 4 for evacuation
[2025-04-24T21:46:49.583+0000][1086.194s][info ][gc,phases   ] GC(74)   Pre Evacuate Collection Set: 0.5ms
[2025-04-24T21:46:49.583+0000][1086.194s][info ][gc,phases   ] GC(74)   Merge Heap Roots: 1.3ms
[2025-04-24T21:46:49.583+0000][1086.194s][info ][gc,phases   ] GC(74)   Evacuate Collection Set: 52.2ms
[2025-04-24T21:46:49.583+0000][1086.194s][info ][gc,phases   ] GC(74)   Post Evacuate Collection Set: 2.9ms
[2025-04-24T21:46:49.583+0000][1086.194s][info ][gc,phases   ] GC(74)   Other: 0.4ms
[2025-04-24T21:46:49.583+0000][1086.194s][info ][gc,heap     ] GC(74) Eden regions: 217->0(217)
[2025-04-24T21:46:49.583+0000][1086.194s][info ][gc,heap     ] GC(74) Survivor regions: 12->12(29)
[2025-04-24T21:46:49.583+0000][1086.194s][info ][gc,heap     ] GC(74) Old regions: 171->171
[2025-04-24T21:46:49.583+0000][1086.194s][info ][gc,heap     ] GC(74) Archive regions: 2->2
[2025-04-24T21:46:49.583+0000][1086.194s][info ][gc,heap     ] GC(74) Humongous regions: 2->2
[2025-04-24T21:46:49.583+0000][1086.194s][info ][gc,metaspace] GC(74) Metaspace: 186093K(187392K)->186093K(187392K) NonClass: 163624K(164288K)->163624K(164288K) Class: 22469K(23104K)->22469K(23104K)
[2025-04-24T21:46:49.583+0000][1086.194s][info ][gc          ] GC(74) Pause Young (Normal) (G1 Evacuation Pause) 402M->185M(463M) 57.417ms
[2025-04-24T21:46:49.583+0000][1086.194s][info ][gc,cpu      ] GC(74) User=0.13s Sys=0.01s Real=0.06s
[2025-04-24T21:46:49.584+0000][1086.194s][info ][safepoint   ] Safepoint "G1CollectForAllocation", Time since last: 3235091775 ns, Reaching safepoint: 235896 ns, Cleanup: 11430 ns, At safepoint: 57957932 ns, Total: 58205258 ns
[2025-04-24T21:47:14.588+0000][1111.199s][debug][safepoint   ] Safepoint synchronization initiated using futex wait barrier. (194 threads)
[2025-04-24T21:47:14.589+0000][1111.199s][info ][safepoint   ] Safepoint "Cleanup", Time since last: 25004511712 ns, Reaching safepoint: 593146 ns, Cleanup: 110752 ns, At safepoint: 48724 ns, Total: 752622 ns
[2025-04-24T21:47:15.589+0000][1112.200s][debug][safepoint   ] Safepoint synchronization initiated using futex wait barrier. (194 threads)
[2025-04-24T21:47:15.590+0000][1112.200s][info ][safepoint   ] Safepoint "Cleanup", Time since last: 1000475857 ns, Reaching safepoint: 80960 ns, Cleanup: 12176 ns, At safepoint: 4667 ns, Total: 97803 ns
[2025-04-24T21:47:46.593+0000][1143.204s][debug][safepoint   ] Safepoint synchronization initiated using futex wait barrier. (194 threads)
[2025-04-24T21:47:46.593+0000][1143.204s][info ][safepoint   ] Safepoint "Cleanup", Time since last: 31003511652 ns, Reaching safepoint: 121997 ns, Cleanup: 25608 ns, At safepoint: 11563 ns, Total: 159168 ns
[2025-04-24T21:48:33.600+0000][1190.210s][debug][safepoint   ] Safepoint synchronization initiated using futex wait barrier. (194 threads)
[2025-04-24T21:48:33.600+0000][1190.210s][info ][safepoint   ] Safepoint "Cleanup", Time since last: 47006595927 ns, Reaching safepoint: 95897 ns, Cleanup: 16052 ns, At safepoint: 8015 ns, Total: 119964 ns
[2025-04-24T21:48:46.602+0000][1203.212s][debug][safepoint   ] Safepoint synchronization initiated using futex wait barrier. (194 threads)
[2025-04-24T21:48:46.602+0000][1203.212s][info ][safepoint   ] Safepoint "Cleanup", Time since last: 13001714181 ns, Reaching safepoint: 257372 ns, Cleanup: 23548 ns, At safepoint: 50501 ns, Total: 331421 ns
[2025-04-24T21:48:56.603+0000][1213.214s][debug][safepoint   ] Safepoint synchronization initiated using futex wait barrier. (194 threads)
[2025-04-24T21:48:56.604+0000][1213.214s][info ][safepoint   ] Safepoint "Cleanup", Time since last: 10001283334 ns, Reaching safepoint: 246200 ns, Cleanup: 36318 ns, At safepoint: 22257 ns, Total: 304775 ns
[2025-04-24T21:49:17.606+0000][1234.216s][debug][safepoint   ] Safepoint synchronization initiated using futex wait barrier. (194 threads)
[2025-04-24T21:49:17.606+0000][1234.217s][info ][safepoint   ] Safepoint "Cleanup", Time since last: 21002357579 ns, Reaching safepoint: 212396 ns, Cleanup: 29533 ns, At safepoint: 5505 ns, Total: 247434 ns
[2025-04-24T21:49:52.317+0000][1268.928s][debug][safepoint   ] Safepoint synchronization initiated using futex wait barrier. (194 threads)
[2025-04-24T21:49:52.318+0000][1268.928s][info ][gc,start    ] GC(75) Pause Young (Normal) (G1 Evacuation Pause)
[2025-04-24T21:49:52.318+0000][1268.928s][info ][gc,task     ] GC(75) Using 4 workers of 4 for evacuation
[2025-04-24T21:49:52.412+0000][1269.022s][info ][gc,phases   ] GC(75)   Pre Evacuate Collection Set: 0.7ms
[2025-04-24T21:49:52.412+0000][1269.022s][info ][gc,phases   ] GC(75)   Merge Heap Roots: 0.8ms
[2025-04-24T21:49:52.412+0000][1269.022s][info ][gc,phases   ] GC(75)   Evacuate Collection Set: 89.3ms
[2025-04-24T21:49:52.412+0000][1269.022s][info ][gc,phases   ] GC(75)   Post Evacuate Collection Set: 2.5ms
[2025-04-24T21:49:52.412+0000][1269.022s][info ][gc,phases   ] GC(75)   Other: 0.6ms
[2025-04-24T21:49:52.412+0000][1269.022s][info ][gc,heap     ] GC(75) Eden regions: 217->0(220)
[2025-04-24T21:49:52.412+0000][1269.022s][info ][gc,heap     ] GC(75) Survivor regions: 12->9(29)
[2025-04-24T21:49:52.412+0000][1269.022s][info ][gc,heap     ] GC(75) Old regions: 171->174
[2025-04-24T21:49:52.412+0000][1269.022s][info ][gc,heap     ] GC(75) Archive regions: 2->2
[2025-04-24T21:49:52.412+0000][1269.022s][info ][gc,heap     ] GC(75) Humongous regions: 2->2
[2025-04-24T21:49:52.412+0000][1269.022s][info ][gc,metaspace] GC(75) Metaspace: 186094K(187456K)->186094K(187456K) NonClass: 163625K(164352K)->163625K(164352K) Class: 22469K(23104K)->22469K(23104K)
[2025-04-24T21:49:52.412+0000][1269.022s][info ][gc          ] GC(75) Pause Young (Normal) (G1 Evacuation Pause) 402M->185M(463M) 94.025ms
[2025-04-24T21:49:52.412+0000][1269.022s][info ][gc,cpu      ] GC(75) User=0.19s Sys=0.00s Real=0.09s
[2025-04-24T21:49:52.412+0000][1269.023s][info ][safepoint   ] Safepoint "G1CollectForAllocation", Time since last: 34710981435 ns, Reaching safepoint: 458321 ns, Cleanup: 16366 ns, At safepoint: 94701823 ns, Total: 95176510 ns
[2025-04-24T21:50:06.414+0000][1283.024s][debug][safepoint   ] Safepoint synchronization initiated using futex wait barrier. (194 threads)
[2025-04-24T21:50:06.414+0000][1283.025s][info ][safepoint   ] Safepoint "Cleanup", Time since last: 14001592871 ns, Reaching safepoint: 110544 ns, Cleanup: 18893 ns, At safepoint: 11736 ns, Total: 141173 ns
[2025-04-24T21:50:10.415+0000][1287.025s][debug][safepoint   ] Safepoint synchronization initiated using futex wait barrier. (194 threads)
[2025-04-24T21:50:10.415+0000][1287.025s][info ][safepoint   ] Safepoint "Cleanup", Time since last: 4000526423 ns, Reaching safepoint: 203930 ns, Cleanup: 69308 ns, At safepoint: 98682 ns, Total: 371920 ns
[2025-04-24T21:50:23.417+0000][1300.027s][debug][safepoint   ] Safepoint synchronization initiated using futex wait barrier. (194 threads)
[2025-04-24T21:50:23.417+0000][1300.027s][info ][safepoint   ] Safepoint "Cleanup", Time since last: 13001721765 ns, Reaching safepoint: 122277 ns, Cleanup: 14313 ns, At safepoint: 5410 ns, Total: 142000 ns
[2025-04-24T21:50:46.419+0000][1323.030s][debug][safepoint   ] Safepoint synchronization initiated using futex wait barrier. (194 threads)
[2025-04-24T21:50:46.419+0000][1323.030s][info ][safepoint   ] Safepoint "Cleanup", Time since last: 23002252175 ns, Reaching safepoint: 117174 ns, Cleanup: 16632 ns, At safepoint: 6914 ns, Total: 140720 ns
[2025-04-24T21:50:56.420+0000][1333.031s][debug][safepoint   ] Safepoint synchronization initiated using futex wait barrier. (194 threads)
[2025-04-24T21:50:56.420+0000][1333.031s][info ][safepoint   ] Safepoint "Cleanup", Time since last: 10000941690 ns, Reaching safepoint: 77919 ns, Cleanup: 12982 ns, At safepoint: 5427 ns, Total: 96328 ns
[2025-04-24T21:50:58.420+0000][1335.031s][debug][safepoint   ] Safepoint synchronization initiated using futex wait barrier. (194 threads)
[2025-04-24T21:50:58.421+0000][1335.031s][info ][safepoint   ] Safepoint "Cleanup", Time since last: 2000198260 ns, Reaching safepoint: 123695 ns, Cleanup: 14928 ns, At safepoint: 6158 ns, Total: 144781 ns
[2025-04-24T21:51:03.422+0000][1340.032s][debug][safepoint   ] Safepoint synchronization initiated using futex wait barrier. (194 threads)
[2025-04-24T21:51:03.422+0000][1340.033s][info ][safepoint   ] Safepoint "Cleanup", Time since last: 5001170165 ns, Reaching safepoint: 300142 ns, Cleanup: 13325 ns, At safepoint: 6584 ns, Total: 320051 ns
[2025-04-24T21:51:06.423+0000][1343.033s][debug][safepoint   ] Safepoint synchronization initiated using futex wait barrier. (194 threads)
[2025-04-24T21:51:06.423+0000][1343.033s][info ][safepoint   ] Safepoint "Cleanup", Time since last: 3000434294 ns, Reaching safepoint: 60667 ns, Cleanup: 10490 ns, At safepoint: 4961 ns, Total: 76118 ns
[2025-04-24T21:51:16.424+0000][1353.034s][debug][safepoint   ] Safepoint synchronization initiated using futex wait barrier. (194 threads)
[2025-04-24T21:51:16.424+0000][1353.034s][info ][safepoint   ] Safepoint "Cleanup", Time since last: 10000994000 ns, Reaching safepoint: 115448 ns, Cleanup: 14856 ns, At safepoint: 7322 ns, Total: 137626 ns
[2025-04-24T21:51:19.424+0000][1356.035s][debug][safepoint   ] Safepoint synchronization initiated using futex wait barrier. (194 threads)
[2025-04-24T21:51:19.424+0000][1356.035s][info ][safepoint   ] Safepoint "Cleanup", Time since last: 3000351196 ns, Reaching safepoint: 83693 ns, Cleanup: 26115 ns, At safepoint: 8178 ns, Total: 117986 ns
[2025-04-24T21:51:56.430+0000][1393.040s][debug][safepoint   ] Safepoint synchronization initiated using futex wait barrier. (199 threads)
[2025-04-24T21:51:56.430+0000][1393.040s][info ][safepoint   ] Safepoint "Cleanup", Time since last: 37005461112 ns, Reaching safepoint: 68185 ns, Cleanup: 35353 ns, At safepoint: 6060 ns, Total: 109598 ns
[2025-04-24T21:51:57.431+0000][1394.042s][debug][safepoint   ] Safepoint synchronization initiated using futex wait barrier. (201 threads)
[2025-04-24T21:51:57.432+0000][1394.042s][info ][safepoint   ] Safepoint "Cleanup", Time since last: 1000189343 ns, Reaching safepoint: 1532861 ns, Cleanup: 86284 ns, At safepoint: 55611 ns, Total: 1674756 ns
[2025-04-24T21:51:59.432+0000][1396.043s][debug][safepoint   ] Safepoint synchronization initiated using futex wait barrier. (201 threads)
[2025-04-24T21:51:59.433+0000][1396.043s][info ][safepoint   ] Safepoint "Cleanup", Time since last: 2000378691 ns, Reaching safepoint: 538368 ns, Cleanup: 18838 ns, At safepoint: 8212 ns, Total: 565418 ns
[2025-04-24T21:52:00.433+0000][1397.044s][debug][safepoint   ] Safepoint synchronization initiated using futex wait barrier. (201 threads)
[2025-04-24T21:52:00.433+0000][1397.044s][info ][safepoint   ] Safepoint "Cleanup", Time since last: 1000480497 ns, Reaching safepoint: 106239 ns, Cleanup: 32940 ns, At safepoint: 11005 ns, Total: 150184 ns
[2025-04-24T21:52:01.433+0000][1398.044s][debug][safepoint   ] Safepoint synchronization initiated using futex wait barrier. (201 threads)
[2025-04-24T21:52:01.433+0000][1398.044s][info ][safepoint   ] Safepoint "Cleanup", Time since last: 1000109941 ns, Reaching safepoint: 83097 ns, Cleanup: 31852 ns, At safepoint: 5842 ns, Total: 120791 ns
[2025-04-24T21:52:02.434+0000][1399.044s][debug][safepoint   ] Safepoint synchronization initiated using futex wait barrier. (201 threads)
[2025-04-24T21:52:02.434+0000][1399.045s][info ][safepoint   ] Safepoint "Cleanup", Time since last: 1000371769 ns, Reaching safepoint: 267543 ns, Cleanup: 25403 ns, At safepoint: 7310 ns, Total: 300256 ns
[2025-04-24T21:52:03.437+0000][1400.048s][debug][safepoint   ] Safepoint synchronization initiated using futex wait barrier. (201 threads)
[2025-04-24T21:52:03.438+0000][1400.049s][info ][safepoint   ] Safepoint "Cleanup", Time since last: 1003074889 ns, Reaching safepoint: 845061 ns, Cleanup: 38479 ns, At safepoint: 168216 ns, Total: 1051756 ns
[2025-04-24T21:52:04.439+0000][1401.049s][debug][safepoint   ] Safepoint synchronization initiated using futex wait barrier. (201 threads)
[2025-04-24T21:52:04.439+0000][1401.049s][info ][safepoint   ] Safepoint "Cleanup", Time since last: 1000251475 ns, Reaching safepoint: 90109 ns, Cleanup: 13333 ns, At safepoint: 6806 ns, Total: 110248 ns
[2025-04-24T21:52:05.208+0000][1401.818s][debug][safepoint   ] ... found polling page loop exception at pc = 0x00007cdd45b138d4, stub =0x00007cdd4498e400
[2025-04-24T21:52:06.208+0000][1402.819s][debug][safepoint   ] Safepoint synchronization initiated using futex wait barrier. (201 threads)
[2025-04-24T21:52:06.209+0000][1402.819s][info ][safepoint   ] Safepoint "Cleanup", Time since last: 1769684466 ns, Reaching safepoint: 93486 ns, Cleanup: 192949 ns, At safepoint: 20676 ns, Total: 307111 ns
[2025-04-24T21:52:06.375+0000][1402.985s][debug][safepoint   ] Safepoint synchronization initiated using futex wait barrier. (201 threads)
[2025-04-24T21:52:06.375+0000][1402.986s][info ][gc,start    ] GC(76) Pause Young (Normal) (G1 Evacuation Pause)
[2025-04-24T21:52:06.376+0000][1402.987s][info ][gc,task     ] GC(76) Using 4 workers of 4 for evacuation
[2025-04-24T21:52:06.412+0000][1403.022s][info ][gc,phases   ] GC(76)   Pre Evacuate Collection Set: 0.4ms
[2025-04-24T21:52:06.412+0000][1403.022s][info ][gc,phases   ] GC(76)   Merge Heap Roots: 0.3ms
[2025-04-24T21:52:06.412+0000][1403.022s][info ][gc,phases   ] GC(76)   Evacuate Collection Set: 27.4ms
[2025-04-24T21:52:06.412+0000][1403.022s][info ][gc,phases   ] GC(76)   Post Evacuate Collection Set: 7.2ms
[2025-04-24T21:52:06.412+0000][1403.022s][info ][gc,phases   ] GC(76)   Other: 1.1ms
[2025-04-24T21:52:06.412+0000][1403.022s][info ][gc,heap     ] GC(76) Eden regions: 220->0(218)
[2025-04-24T21:52:06.412+0000][1403.022s][info ][gc,heap     ] GC(76) Survivor regions: 9->10(29)
[2025-04-24T21:52:06.412+0000][1403.022s][info ][gc,heap     ] GC(76) Old regions: 174->174
[2025-04-24T21:52:06.412+0000][1403.022s][info ][gc,heap     ] GC(76) Archive regions: 2->2
[2025-04-24T21:52:06.412+0000][1403.022s][info ][gc,heap     ] GC(76) Humongous regions: 8->2
[2025-04-24T21:52:06.412+0000][1403.022s][info ][gc,metaspace] GC(76) Metaspace: 186933K(188224K)->186933K(188224K) NonClass: 164419K(165056K)->164419K(165056K) Class: 22513K(23168K)->22513K(23168K)
[2025-04-24T21:52:06.412+0000][1403.022s][info ][gc          ] GC(76) Pause Young (Normal) (G1 Evacuation Pause) 411M->186M(463M) 36.583ms
[2025-04-24T21:52:06.412+0000][1403.023s][info ][gc,cpu      ] GC(76) User=0.09s Sys=0.00s Real=0.04s
[2025-04-24T21:52:06.413+0000][1403.023s][info ][safepoint   ] Safepoint "G1CollectForAllocation", Time since last: 165981431 ns, Reaching safepoint: 679805 ns, Cleanup: 39735 ns, At safepoint: 37394553 ns, Total: 38114093 ns
[2025-04-24T21:52:07.509+0000][1404.120s][debug][safepoint   ] Safepoint synchronization initiated using futex wait barrier. (201 threads)
[2025-04-24T21:52:07.510+0000][1404.120s][info ][safepoint   ] Safepoint "Cleanup", Time since last: 1096690450 ns, Reaching safepoint: 86071 ns, Cleanup: 152533 ns, At safepoint: 21603 ns, Total: 260207 ns
[2025-04-24T21:52:08.223+0000][1404.834s][debug][safepoint   ] Safepoint synchronization initiated using futex wait barrier. (201 threads)
[2025-04-24T21:52:08.237+0000][1404.847s][info ][safepoint   ] Safepoint "ICBufferFull", Time since last: 713786237 ns, Reaching safepoint: 2591879 ns, Cleanup: 1086579 ns, At safepoint: 9746786 ns, Total: 13425244 ns
[2025-04-24T21:52:08.311+0000][1404.922s][debug][safepoint   ] ... found polling page loop exception at pc = 0x00007cdd451c6015, stub =0x00007cdd4498e400
[2025-04-24T21:52:09.314+0000][1405.925s][debug][safepoint   ] Safepoint synchronization initiated using futex wait barrier. (204 threads)
[2025-04-24T21:52:09.315+0000][1405.925s][info ][safepoint   ] Safepoint "Cleanup", Time since last: 1077547657 ns, Reaching safepoint: 128297 ns, Cleanup: 165624 ns, At safepoint: 21504 ns, Total: 315425 ns
[2025-04-24T21:52:09.592+0000][1406.203s][debug][safepoint   ] Safepoint synchronization initiated using futex wait barrier. (204 threads)
[2025-04-24T21:52:09.592+0000][1406.203s][info ][gc,start    ] GC(77) Pause Young (Normal) (G1 Evacuation Pause)
[2025-04-24T21:52:09.592+0000][1406.203s][info ][gc,task     ] GC(77) Using 4 workers of 4 for evacuation
[2025-04-24T21:52:09.615+0000][1406.226s][info ][gc,phases   ] GC(77)   Pre Evacuate Collection Set: 0.1ms
[2025-04-24T21:52:09.615+0000][1406.226s][info ][gc,phases   ] GC(77)   Merge Heap Roots: 0.1ms
[2025-04-24T21:52:09.615+0000][1406.226s][info ][gc,phases   ] GC(77)   Evacuate Collection Set: 20.8ms
[2025-04-24T21:52:09.615+0000][1406.226s][info ][gc,phases   ] GC(77)   Post Evacuate Collection Set: 1.7ms
[2025-04-24T21:52:09.615+0000][1406.226s][info ][gc,phases   ] GC(77)   Other: 0.2ms
[2025-04-24T21:52:09.615+0000][1406.226s][info ][gc,heap     ] GC(77) Eden regions: 218->0(209)
[2025-04-24T21:52:09.615+0000][1406.226s][info ][gc,heap     ] GC(77) Survivor regions: 10->14(29)
[2025-04-24T21:52:09.615+0000][1406.226s][info ][gc,heap     ] GC(77) Old regions: 174->175
[2025-04-24T21:52:09.615+0000][1406.226s][info ][gc,heap     ] GC(77) Archive regions: 2->2
[2025-04-24T21:52:09.615+0000][1406.226s][info ][gc,heap     ] GC(77) Humongous regions: 12->2
[2025-04-24T21:52:09.615+0000][1406.226s][info ][gc,metaspace] GC(77) Metaspace: 189368K(190656K)->189368K(190656K) NonClass: 166510K(167168K)->166510K(167168K) Class: 22858K(23488K)->22858K(23488K)
[2025-04-24T21:52:09.615+0000][1406.226s][info ][gc          ] GC(77) Pause Young (Normal) (G1 Evacuation Pause) 414M->191M(463M) 23.109ms
[2025-04-24T21:52:09.615+0000][1406.226s][info ][gc,cpu      ] GC(77) User=0.08s Sys=0.00s Real=0.02s
[2025-04-24T21:52:09.616+0000][1406.226s][info ][safepoint   ] Safepoint "G1CollectForAllocation", Time since last: 277475106 ns, Reaching safepoint: 68211 ns, Cleanup: 10861 ns, At safepoint: 23310425 ns, Total: 23389497 ns
[2025-04-24T21:52:10.616+0000][1407.226s][debug][safepoint   ] Safepoint synchronization initiated using futex wait barrier. (204 threads)
[2025-04-24T21:52:10.616+0000][1407.226s][info ][safepoint   ] Safepoint "Cleanup", Time since last: 1000191269 ns, Reaching safepoint: 62353 ns, Cleanup: 34560 ns, At safepoint: 5958 ns, Total: 102871 ns
[2025-04-24T21:52:12.328+0000][1408.939s][debug][safepoint   ] Safepoint synchronization initiated using futex wait barrier. (204 threads)
[2025-04-24T21:52:12.329+0000][1408.939s][info ][safepoint   ] Safepoint "Cleanup", Time since last: 1712538489 ns, Reaching safepoint: 166050 ns, Cleanup: 181901 ns, At safepoint: 25032 ns, Total: 372983 ns
[2025-04-24T21:52:13.330+0000][1409.940s][debug][safepoint   ] Safepoint synchronization initiated using futex wait barrier. (204 threads)
[2025-04-24T21:52:13.332+0000][1409.943s][info ][safepoint   ] Safepoint "Cleanup", Time since last: 1000775747 ns, Reaching safepoint: 2404618 ns, Cleanup: 64113 ns, At safepoint: 49102 ns, Total: 2517833 ns
[2025-04-24T21:52:14.334+0000][1410.944s][debug][safepoint   ] Safepoint synchronization initiated using futex wait barrier. (204 threads)
[2025-04-24T21:52:14.334+0000][1410.945s][info ][safepoint   ] Safepoint "Cleanup", Time since last: 1001858827 ns, Reaching safepoint: 96417 ns, Cleanup: 17434 ns, At safepoint: 8208 ns, Total: 122059 ns
[2025-04-24T21:52:15.334+0000][1411.945s][debug][safepoint   ] Safepoint synchronization initiated using futex wait barrier. (209 threads)
[2025-04-24T21:52:15.335+0000][1411.945s][info ][safepoint   ] Safepoint "Cleanup", Time since last: 1000109755 ns, Reaching safepoint: 162658 ns, Cleanup: 49916 ns, At safepoint: 134743 ns, Total: 347317 ns
[2025-04-24T21:52:16.336+0000][1412.946s][debug][safepoint   ] Safepoint synchronization initiated using futex wait barrier. (209 threads)
[2025-04-24T21:52:16.337+0000][1412.947s][info ][safepoint   ] Safepoint "Cleanup", Time since last: 1001269754 ns, Reaching safepoint: 833525 ns, Cleanup: 68045 ns, At safepoint: 28958 ns, Total: 930528 ns
[2025-04-24T21:52:17.337+0000][1413.947s][debug][safepoint   ] Safepoint synchronization initiated using futex wait barrier. (209 threads)
[2025-04-24T21:52:17.337+0000][1413.948s][info ][safepoint   ] Safepoint "Cleanup", Time since last: 1000229166 ns, Reaching safepoint: 124081 ns, Cleanup: 51367 ns, At safepoint: 10650 ns, Total: 186098 ns
[2025-04-24T21:52:18.337+0000][1414.948s][debug][safepoint   ] Safepoint synchronization initiated using futex wait barrier. (209 threads)
[2025-04-24T21:52:18.337+0000][1414.948s][info ][safepoint   ] Safepoint "Cleanup", Time since last: 1000173094 ns, Reaching safepoint: 61329 ns, Cleanup: 16198 ns, At safepoint: 4821 ns, Total: 82348 ns
[2025-04-24T21:52:19.338+0000][1415.948s][debug][safepoint   ] Safepoint synchronization initiated using futex wait barrier. (210 threads)
[2025-04-24T21:52:19.341+0000][1415.951s][info ][safepoint   ] Safepoint "Cleanup", Time since last: 1000396629 ns, Reaching safepoint: 118775 ns, Cleanup: 2360816 ns, At safepoint: 301410 ns, Total: 2781001 ns
[2025-04-24T21:52:20.408+0000][1417.019s][debug][safepoint   ] Safepoint synchronization initiated using futex wait barrier. (210 threads)
[2025-04-24T21:52:20.409+0000][1417.019s][info ][safepoint   ] Safepoint "Cleanup", Time since last: 1067876346 ns, Reaching safepoint: 68758 ns, Cleanup: 56833 ns, At safepoint: 10183 ns, Total: 135774 ns
[2025-04-24T21:52:21.409+0000][1418.019s][debug][safepoint   ] Safepoint synchronization initiated using futex wait barrier. (210 threads)
[2025-04-24T21:52:21.409+0000][1418.020s][info ][safepoint   ] Safepoint "Cleanup", Time since last: 1000157036 ns, Reaching safepoint: 192468 ns, Cleanup: 66520 ns, At safepoint: 27103 ns, Total: 286091 ns
[2025-04-24T21:52:22.409+0000][1419.020s][debug][safepoint   ] Safepoint synchronization initiated using futex wait barrier. (210 threads)
[2025-04-24T21:52:22.410+0000][1419.020s][info ][safepoint   ] Safepoint "Cleanup", Time since last: 1000212448 ns, Reaching safepoint: 209266 ns, Cleanup: 124325 ns, At safepoint: 46485 ns, Total: 380076 ns
[2025-04-24T21:52:23.410+0000][1420.020s][debug][safepoint   ] Safepoint synchronization initiated using futex wait barrier. (210 threads)
[2025-04-24T21:52:23.410+0000][1420.020s][info ][safepoint   ] Safepoint "Cleanup", Time since last: 1000202154 ns, Reaching safepoint: 120496 ns, Cleanup: 25570 ns, At safepoint: 9918 ns, Total: 155984 ns
[2025-04-24T21:52:24.410+0000][1421.021s][debug][safepoint   ] Safepoint synchronization initiated using futex wait barrier. (210 threads)
[2025-04-24T21:52:24.410+0000][1421.021s][info ][safepoint   ] Safepoint "Cleanup", Time since last: 1000199117 ns, Reaching safepoint: 207710 ns, Cleanup: 34882 ns, At safepoint: 25368 ns, Total: 267960 ns
[2025-04-24T21:52:25.413+0000][1422.023s][debug][safepoint   ] Safepoint synchronization initiated using futex wait barrier. (210 threads)
[2025-04-24T21:52:25.413+0000][1422.024s][info ][safepoint   ] Safepoint "Cleanup", Time since last: 1002412836 ns, Reaching safepoint: 316746 ns, Cleanup: 39279 ns, At safepoint: 23520 ns, Total: 379545 ns
[2025-04-24T21:52:26.413+0000][1423.024s][debug][safepoint   ] Safepoint synchronization initiated using futex wait barrier. (210 threads)
[2025-04-24T21:52:26.414+0000][1423.024s][info ][safepoint   ] Safepoint "Cleanup", Time since last: 1000182880 ns, Reaching safepoint: 234998 ns, Cleanup: 26451 ns, At safepoint: 6851 ns, Total: 268300 ns
[2025-04-24T21:52:28.414+0000][1425.024s][debug][safepoint   ] Safepoint synchronization initiated using futex wait barrier. (210 threads)
[2025-04-24T21:52:28.414+0000][1425.025s][info ][safepoint   ] Safepoint "Cleanup", Time since last: 2000203343 ns, Reaching safepoint: 125621 ns, Cleanup: 52437 ns, At safepoint: 45125 ns, Total: 223183 ns
[2025-04-24T21:52:30.414+0000][1427.025s][debug][safepoint   ] Safepoint synchronization initiated using futex wait barrier. (210 threads)
[2025-04-24T21:52:30.415+0000][1427.025s][info ][safepoint   ] Safepoint "Cleanup", Time since last: 2000322040 ns, Reaching safepoint: 49869 ns, Cleanup: 15115 ns, At safepoint: 3835 ns, Total: 68819 ns
[2025-04-24T21:52:31.415+0000][1428.025s][debug][safepoint   ] Safepoint synchronization initiated using futex wait barrier. (210 threads)
[2025-04-24T21:52:31.415+0000][1428.025s][info ][safepoint   ] Safepoint "Cleanup", Time since last: 1000075401 ns, Reaching safepoint: 66265 ns, Cleanup: 28092 ns, At safepoint: 5606 ns, Total: 99963 ns
[2025-04-24T21:52:32.415+0000][1429.025s][debug][safepoint   ] Safepoint synchronization initiated using futex wait barrier. (210 threads)
[2025-04-24T21:52:32.415+0000][1429.025s][info ][safepoint   ] Safepoint "Cleanup", Time since last: 1000077228 ns, Reaching safepoint: 128698 ns, Cleanup: 26878 ns, At safepoint: 12473 ns, Total: 168049 ns
[2025-04-24T21:52:33.415+0000][1430.026s][debug][safepoint   ] Safepoint synchronization initiated using futex wait barrier. (210 threads)
[2025-04-24T21:52:33.415+0000][1430.026s][info ][safepoint   ] Safepoint "Cleanup", Time since last: 1000231455 ns, Reaching safepoint: 51613 ns, Cleanup: 10151 ns, At safepoint: 4824 ns, Total: 66588 ns
[2025-04-24T21:52:34.415+0000][1431.026s][debug][safepoint   ] Safepoint synchronization initiated using futex wait barrier. (210 threads)
[2025-04-24T21:52:34.415+0000][1431.026s][info ][safepoint   ] Safepoint "Cleanup", Time since last: 1000086891 ns, Reaching safepoint: 90474 ns, Cleanup: 18094 ns, At safepoint: 6179 ns, Total: 114747 ns
[2025-04-24T21:52:35.416+0000][1432.026s][debug][safepoint   ] Safepoint synchronization initiated using futex wait barrier. (210 threads)
[2025-04-24T21:52:35.416+0000][1432.026s][info ][safepoint   ] Safepoint "Cleanup", Time since last: 1000111745 ns, Reaching safepoint: 102473 ns, Cleanup: 57799 ns, At safepoint: 14523 ns, Total: 174795 ns
[2025-04-24T21:52:37.416+0000][1434.026s][debug][safepoint   ] Safepoint synchronization initiated using futex wait barrier. (210 threads)
[2025-04-24T21:52:37.416+0000][1434.027s][info ][safepoint   ] Safepoint "Cleanup", Time since last: 2000188038 ns, Reaching safepoint: 96990 ns, Cleanup: 10459 ns, At safepoint: 5494 ns, Total: 112943 ns
[2025-04-24T21:52:38.416+0000][1435.027s][debug][safepoint   ] Safepoint synchronization initiated using futex wait barrier. (210 threads)
[2025-04-24T21:52:38.416+0000][1435.027s][info ][safepoint   ] Safepoint "Cleanup", Time since last: 1000088917 ns, Reaching safepoint: 70861 ns, Cleanup: 17077 ns, At safepoint: 5644 ns, Total: 93582 ns
[2025-04-24T21:52:39.416+0000][1436.027s][debug][safepoint   ] Safepoint synchronization initiated using futex wait barrier. (210 threads)
[2025-04-24T21:52:39.417+0000][1436.027s][info ][safepoint   ] Safepoint "Cleanup", Time since last: 1000112762 ns, Reaching safepoint: 175145 ns, Cleanup: 29046 ns, At safepoint: 8345 ns, Total: 212536 ns
[2025-04-24T21:52:40.417+0000][1437.027s][debug][safepoint   ] Safepoint synchronization initiated using futex wait barrier. (210 threads)
[2025-04-24T21:52:40.417+0000][1437.028s][info ][safepoint   ] Safepoint "Cleanup", Time since last: 1000214787 ns, Reaching safepoint: 294005 ns, Cleanup: 47095 ns, At safepoint: 27060 ns, Total: 368160 ns
[2025-04-24T21:52:41.417+0000][1438.028s][debug][safepoint   ] Safepoint synchronization initiated using futex wait barrier. (210 threads)
[2025-04-24T21:52:41.417+0000][1438.028s][info ][safepoint   ] Safepoint "Cleanup", Time since last: 1000214326 ns, Reaching safepoint: 105225 ns, Cleanup: 18644 ns, At safepoint: 5352 ns, Total: 129221 ns
[2025-04-24T21:52:43.418+0000][1440.028s][debug][safepoint   ] Safepoint synchronization initiated using futex wait barrier. (210 threads)
[2025-04-24T21:52:43.418+0000][1440.029s][info ][safepoint   ] Safepoint "Cleanup", Time since last: 2000418501 ns, Reaching safepoint: 388750 ns, Cleanup: 15841 ns, At safepoint: 31375 ns, Total: 435966 ns
[2025-04-24T21:52:44.418+0000][1441.029s][debug][safepoint   ] Safepoint synchronization initiated using futex wait barrier. (210 threads)
[2025-04-24T21:52:44.419+0000][1441.029s][info ][safepoint   ] Safepoint "Cleanup", Time since last: 1000132385 ns, Reaching safepoint: 77842 ns, Cleanup: 13097 ns, At safepoint: 7912 ns, Total: 98851 ns
[2025-04-24T21:52:45.467+0000][1442.077s][debug][safepoint   ] Safepoint synchronization initiated using futex wait barrier. (210 threads)
[2025-04-24T21:52:45.467+0000][1442.077s][info ][safepoint   ] Safepoint "Cleanup", Time since last: 1047926099 ns, Reaching safepoint: 359621 ns, Cleanup: 60136 ns, At safepoint: 38076 ns, Total: 457833 ns
[2025-04-24T21:52:46.467+0000][1443.078s][debug][safepoint   ] Safepoint synchronization initiated using futex wait barrier. (210 threads)
[2025-04-24T21:52:46.467+0000][1443.078s][info ][safepoint   ] Safepoint "Cleanup", Time since last: 1000222670 ns, Reaching safepoint: 79529 ns, Cleanup: 17473 ns, At safepoint: 5905 ns, Total: 102907 ns
[2025-04-24T21:52:48.468+0000][1445.078s][debug][safepoint   ] Safepoint synchronization initiated using futex wait barrier. (210 threads)
[2025-04-24T21:52:48.468+0000][1445.078s][info ][safepoint   ] Safepoint "Cleanup", Time since last: 2000279224 ns, Reaching safepoint: 241947 ns, Cleanup: 50487 ns, At safepoint: 27525 ns, Total: 319959 ns
[2025-04-24T21:52:49.468+0000][1446.078s][debug][safepoint   ] Safepoint synchronization initiated using futex wait barrier. (210 threads)
[2025-04-24T21:52:49.468+0000][1446.079s][info ][safepoint   ] Safepoint "Cleanup", Time since last: 1000142377 ns, Reaching safepoint: 75969 ns, Cleanup: 17119 ns, At safepoint: 7965 ns, Total: 101053 ns
[2025-04-24T21:52:50.468+0000][1447.079s][debug][safepoint   ] Safepoint synchronization initiated using futex wait barrier. (210 threads)
[2025-04-24T21:52:50.468+0000][1447.079s][info ][safepoint   ] Safepoint "Cleanup", Time since last: 1000226891 ns, Reaching safepoint: 97497 ns, Cleanup: 14509 ns, At safepoint: 5097 ns, Total: 117103 ns
[2025-04-24T21:52:52.469+0000][1449.079s][debug][safepoint   ] Safepoint synchronization initiated using futex wait barrier. (210 threads)
[2025-04-24T21:52:52.469+0000][1449.080s][info ][safepoint   ] Safepoint "Cleanup", Time since last: 2000391219 ns, Reaching safepoint: 209988 ns, Cleanup: 46720 ns, At safepoint: 23771 ns, Total: 280479 ns
[2025-04-24T21:52:53.469+0000][1450.080s][debug][safepoint   ] Safepoint synchronization initiated using futex wait barrier. (210 threads)
[2025-04-24T21:52:53.470+0000][1450.080s][info ][safepoint   ] Safepoint "Cleanup", Time since last: 1000276206 ns, Reaching safepoint: 199773 ns, Cleanup: 42231 ns, At safepoint: 25819 ns, Total: 267823 ns
[2025-04-24T21:52:54.470+0000][1451.080s][debug][safepoint   ] Safepoint synchronization initiated using futex wait barrier. (210 threads)
[2025-04-24T21:52:54.470+0000][1451.081s][info ][safepoint   ] Safepoint "Cleanup", Time since last: 1000232327 ns, Reaching safepoint: 218532 ns, Cleanup: 45847 ns, At safepoint: 23678 ns, Total: 288057 ns
[2025-04-24T21:52:55.470+0000][1452.081s][debug][safepoint   ] Safepoint synchronization initiated using futex wait barrier. (210 threads)
[2025-04-24T21:52:55.471+0000][1452.081s][info ][safepoint   ] Safepoint "Cleanup", Time since last: 1000282006 ns, Reaching safepoint: 250334 ns, Cleanup: 68421 ns, At safepoint: 35271 ns, Total: 354026 ns
[2025-04-24T21:52:56.471+0000][1453.082s][debug][safepoint   ] Safepoint synchronization initiated using futex wait barrier. (210 threads)
[2025-04-24T21:52:56.471+0000][1453.082s][info ][safepoint   ] Safepoint "Cleanup", Time since last: 1000256253 ns, Reaching safepoint: 178948 ns, Cleanup: 37898 ns, At safepoint: 20832 ns, Total: 237678 ns
[2025-04-24T21:52:57.472+0000][1454.082s][debug][safepoint   ] Safepoint synchronization initiated using futex wait barrier. (209 threads)
[2025-04-24T21:52:57.472+0000][1454.082s][info ][safepoint   ] Safepoint "Cleanup", Time since last: 1000272081 ns, Reaching safepoint: 272216 ns, Cleanup: 63548 ns, At safepoint: 26489 ns, Total: 362253 ns
[2025-04-24T21:52:58.472+0000][1455.083s][debug][safepoint   ] Safepoint synchronization initiated using futex wait barrier. (209 threads)
[2025-04-24T21:52:58.473+0000][1455.083s][info ][safepoint   ] Safepoint "Cleanup", Time since last: 1000240933 ns, Reaching safepoint: 305545 ns, Cleanup: 52192 ns, At safepoint: 60094 ns, Total: 417831 ns
[2025-04-24T21:52:59.473+0000][1456.083s][debug][safepoint   ] Safepoint synchronization initiated using futex wait barrier. (209 threads)
[2025-04-24T21:52:59.473+0000][1456.083s][info ][safepoint   ] Safepoint "Cleanup", Time since last: 1000210875 ns, Reaching safepoint: 159343 ns, Cleanup: 23613 ns, At safepoint: 10773 ns, Total: 193729 ns
[2025-04-24T21:53:02.474+0000][1459.084s][debug][safepoint   ] Safepoint synchronization initiated using futex wait barrier. (209 threads)
[2025-04-24T21:53:02.474+0000][1459.084s][info ][safepoint   ] Safepoint "Cleanup", Time since last: 3000521336 ns, Reaching safepoint: 280880 ns, Cleanup: 48850 ns, At safepoint: 25793 ns, Total: 355523 ns
[2025-04-24T21:53:03.474+0000][1460.085s][debug][safepoint   ] Safepoint synchronization initiated using futex wait barrier. (209 threads)
[2025-04-24T21:53:03.474+0000][1460.085s][info ][safepoint   ] Safepoint "Cleanup", Time since last: 1000253252 ns, Reaching safepoint: 147523 ns, Cleanup: 25299 ns, At safepoint: 13359 ns, Total: 186181 ns
[2025-04-24T21:53:04.474+0000][1461.085s][debug][safepoint   ] Safepoint synchronization initiated using futex wait barrier. (209 threads)
[2025-04-24T21:53:04.475+0000][1461.085s][info ][safepoint   ] Safepoint "Cleanup", Time since last: 1000149129 ns, Reaching safepoint: 137891 ns, Cleanup: 30042 ns, At safepoint: 12715 ns, Total: 180648 ns
[2025-04-24T21:53:05.475+0000][1462.085s][debug][safepoint   ] Safepoint synchronization initiated using futex wait barrier. (209 threads)
[2025-04-24T21:53:05.475+0000][1462.085s][info ][safepoint   ] Safepoint "Cleanup", Time since last: 1000169839 ns, Reaching safepoint: 134220 ns, Cleanup: 26378 ns, At safepoint: 12787 ns, Total: 173385 ns
[2025-04-24T21:53:06.475+0000][1463.086s][debug][safepoint   ] Safepoint synchronization initiated using futex wait barrier. (209 threads)
[2025-04-24T21:53:06.475+0000][1463.086s][info ][safepoint   ] Safepoint "Cleanup", Time since last: 1000113289 ns, Reaching safepoint: 85445 ns, Cleanup: 20989 ns, At safepoint: 9321 ns, Total: 115755 ns
[2025-04-24T21:53:07.475+0000][1464.086s][debug][safepoint   ] Safepoint synchronization initiated using futex wait barrier. (209 threads)
[2025-04-24T21:53:07.475+0000][1464.086s][info ][safepoint   ] Safepoint "Cleanup", Time since last: 1000107104 ns, Reaching safepoint: 100591 ns, Cleanup: 16015 ns, At safepoint: 8855 ns, Total: 125461 ns
[2025-04-24T21:53:08.476+0000][1465.086s][debug][safepoint   ] Safepoint synchronization initiated using futex wait barrier. (209 threads)
[2025-04-24T21:53:08.477+0000][1465.087s][info ][safepoint   ] Safepoint "Cleanup", Time since last: 1000140669 ns, Reaching safepoint: 1167063 ns, Cleanup: 18330 ns, At safepoint: 17452 ns, Total: 1202845 ns
[2025-04-24T21:53:11.477+0000][1468.088s][debug][safepoint   ] Safepoint synchronization initiated using futex wait barrier. (209 threads)
[2025-04-24T21:53:11.477+0000][1468.088s][info ][safepoint   ] Safepoint "Cleanup", Time since last: 3000489348 ns, Reaching safepoint: 83419 ns, Cleanup: 17846 ns, At safepoint: 6120 ns, Total: 107385 ns
[2025-04-24T21:53:12.478+0000][1469.088s][debug][safepoint   ] Safepoint synchronization initiated using futex wait barrier. (209 threads)
[2025-04-24T21:53:12.478+0000][1469.088s][info ][safepoint   ] Safepoint "Cleanup", Time since last: 1000163195 ns, Reaching safepoint: 277914 ns, Cleanup: 62722 ns, At safepoint: 23264 ns, Total: 363900 ns
[2025-04-24T21:53:13.479+0000][1470.089s][debug][safepoint   ] Safepoint synchronization initiated using futex wait barrier. (209 threads)
[2025-04-24T21:53:13.479+0000][1470.089s][info ][safepoint   ] Safepoint "Cleanup", Time since last: 1000807575 ns, Reaching safepoint: 61991 ns, Cleanup: 12452 ns, At safepoint: 4593 ns, Total: 79036 ns
[2025-04-24T21:53:17.479+0000][1474.090s][debug][safepoint   ] Safepoint synchronization initiated using futex wait barrier. (209 threads)
[2025-04-24T21:53:17.479+0000][1474.090s][info ][safepoint   ] Safepoint "Cleanup", Time since last: 4000331964 ns, Reaching safepoint: 84864 ns, Cleanup: 21453 ns, At safepoint: 6069 ns, Total: 112386 ns
[2025-04-24T21:53:18.479+0000][1475.090s][debug][safepoint   ] Safepoint synchronization initiated using futex wait barrier. (209 threads)
[2025-04-24T21:53:18.480+0000][1475.090s][info ][safepoint   ] Safepoint "Cleanup", Time since last: 1000137157 ns, Reaching safepoint: 90033 ns, Cleanup: 14055 ns, At safepoint: 6877 ns, Total: 110965 ns
[2025-04-24T21:53:20.480+0000][1477.090s][debug][safepoint   ] Safepoint synchronization initiated using futex wait barrier. (209 threads)
[2025-04-24T21:53:20.480+0000][1477.091s][info ][safepoint   ] Safepoint "Cleanup", Time since last: 2000405412 ns, Reaching safepoint: 194873 ns, Cleanup: 37263 ns, At safepoint: 23844 ns, Total: 255980 ns
[2025-04-24T21:53:21.480+0000][1478.091s][debug][safepoint   ] Safepoint synchronization initiated using futex wait barrier. (209 threads)
[2025-04-24T21:53:21.481+0000][1478.091s][info ][safepoint   ] Safepoint "Cleanup", Time since last: 1000172783 ns, Reaching safepoint: 432644 ns, Cleanup: 20172 ns, At safepoint: 7535 ns, Total: 460351 ns
[2025-04-24T21:53:23.481+0000][1480.091s][debug][safepoint   ] Safepoint synchronization initiated using futex wait barrier. (208 threads)
[2025-04-24T21:53:23.481+0000][1480.092s][info ][safepoint   ] Safepoint "Cleanup", Time since last: 2000196873 ns, Reaching safepoint: 92537 ns, Cleanup: 12106 ns, At safepoint: 6105 ns, Total: 110748 ns
[2025-04-24T21:53:24.482+0000][1481.092s][debug][safepoint   ] Safepoint synchronization initiated using futex wait barrier. (208 threads)
[2025-04-24T21:53:24.482+0000][1481.092s][info ][safepoint   ] Safepoint "Cleanup", Time since last: 1000514927 ns, Reaching safepoint: 249699 ns, Cleanup: 41374 ns, At safepoint: 12791 ns, Total: 303864 ns
[2025-04-24T21:53:25.482+0000][1482.093s][debug][safepoint   ] Safepoint synchronization initiated using futex wait barrier. (208 threads)
[2025-04-24T21:53:25.482+0000][1482.093s][info ][safepoint   ] Safepoint "Cleanup", Time since last: 1000188509 ns, Reaching safepoint: 232069 ns, Cleanup: 50987 ns, At safepoint: 25578 ns, Total: 308634 ns
[2025-04-24T21:53:26.483+0000][1483.093s][debug][safepoint   ] Safepoint synchronization initiated using futex wait barrier. (208 threads)
[2025-04-24T21:53:26.483+0000][1483.093s][info ][safepoint   ] Safepoint "Cleanup", Time since last: 1000247762 ns, Reaching safepoint: 92416 ns, Cleanup: 15729 ns, At safepoint: 20930 ns, Total: 129075 ns
[2025-04-24T21:53:27.483+0000][1484.093s][debug][safepoint   ] Safepoint synchronization initiated using futex wait barrier. (208 threads)
[2025-04-24T21:53:27.483+0000][1484.093s][info ][safepoint   ] Safepoint "Cleanup", Time since last: 1000095226 ns, Reaching safepoint: 57723 ns, Cleanup: 25933 ns, At safepoint: 5020 ns, Total: 88676 ns
[2025-04-24T21:53:28.483+0000][1485.094s][debug][safepoint   ] Safepoint synchronization initiated using futex wait barrier. (208 threads)
[2025-04-24T21:53:28.483+0000][1485.094s][info ][safepoint   ] Safepoint "Cleanup", Time since last: 1000115445 ns, Reaching safepoint: 71894 ns, Cleanup: 14939 ns, At safepoint: 5235 ns, Total: 92068 ns
[2025-04-24T21:53:29.217+0000][1485.828s][debug][safepoint   ] Safepoint synchronization initiated using futex wait barrier. (208 threads)
[2025-04-24T21:53:29.218+0000][1485.828s][info ][gc,start    ] GC(78) Pause Young (Normal) (G1 Evacuation Pause)
[2025-04-24T21:53:29.218+0000][1485.828s][info ][gc,task     ] GC(78) Using 4 workers of 4 for evacuation
[2025-04-24T21:53:29.322+0000][1485.932s][info ][gc,phases   ] GC(78)   Pre Evacuate Collection Set: 0.4ms
[2025-04-24T21:53:29.322+0000][1485.933s][info ][gc,phases   ] GC(78)   Merge Heap Roots: 0.4ms
[2025-04-24T21:53:29.322+0000][1485.933s][info ][gc,phases   ] GC(78)   Evacuate Collection Set: 93.4ms
[2025-04-24T21:53:29.322+0000][1485.933s][info ][gc,phases   ] GC(78)   Post Evacuate Collection Set: 9.8ms
[2025-04-24T21:53:29.322+0000][1485.933s][info ][gc,phases   ] GC(78)   Other: 0.4ms
[2025-04-24T21:53:29.322+0000][1485.933s][info ][gc,heap     ] GC(78) Eden regions: 209->0(210)
[2025-04-24T21:53:29.322+0000][1485.933s][info ][gc,heap     ] GC(78) Survivor regions: 14->10(28)
[2025-04-24T21:53:29.323+0000][1485.933s][info ][gc,heap     ] GC(78) Old regions: 175->182
[2025-04-24T21:53:29.323+0000][1485.933s][info ][gc,heap     ] GC(78) Archive regions: 2->2
[2025-04-24T21:53:29.323+0000][1485.933s][info ][gc,heap     ] GC(78) Humongous regions: 2->2
[2025-04-24T21:53:29.323+0000][1485.933s][info ][gc,metaspace] GC(78) Metaspace: 190293K(191680K)->190293K(191680K) NonClass: 167355K(168064K)->167355K(168064K) Class: 22937K(23616K)->22937K(23616K)
[2025-04-24T21:53:29.323+0000][1485.933s][info ][gc          ] GC(78) Pause Young (Normal) (G1 Evacuation Pause) 400M->194M(463M) 105.019ms
[2025-04-24T21:53:29.323+0000][1485.933s][info ][gc,cpu      ] GC(78) User=0.23s Sys=0.00s Real=0.11s
[2025-04-24T21:53:29.323+0000][1485.934s][info ][safepoint   ] Safepoint "G1CollectForAllocation", Time since last: 734188103 ns, Reaching safepoint: 124170 ns, Cleanup: 23081 ns, At safepoint: 105849629 ns, Total: 105996880 ns
[2025-04-24T21:53:30.324+0000][1486.934s][debug][safepoint   ] Safepoint synchronization initiated using futex wait barrier. (208 threads)
[2025-04-24T21:53:30.324+0000][1486.934s][info ][safepoint   ] Safepoint "Cleanup", Time since last: 1000155693 ns, Reaching safepoint: 126338 ns, Cleanup: 72893 ns, At safepoint: 20104 ns, Total: 219335 ns
[2025-04-24T21:53:37.325+0000][1493.935s][debug][safepoint   ] Safepoint synchronization initiated using futex wait barrier. (208 threads)
[2025-04-24T21:53:37.325+0000][1493.936s][info ][safepoint   ] Safepoint "Cleanup", Time since last: 7000920307 ns, Reaching safepoint: 425209 ns, Cleanup: 54475 ns, At safepoint: 24984 ns, Total: 504668 ns
[2025-04-24T21:53:38.325+0000][1494.936s][debug][safepoint   ] Safepoint synchronization initiated using futex wait barrier. (208 threads)
[2025-04-24T21:53:38.326+0000][1494.936s][info ][safepoint   ] Safepoint "Cleanup", Time since last: 1000279318 ns, Reaching safepoint: 50563 ns, Cleanup: 13755 ns, At safepoint: 6275 ns, Total: 70593 ns
[2025-04-24T21:53:39.326+0000][1495.936s][debug][safepoint   ] Safepoint synchronization initiated using futex wait barrier. (208 threads)
[2025-04-24T21:53:39.326+0000][1495.936s][info ][safepoint   ] Safepoint "Cleanup", Time since last: 1000106780 ns, Reaching safepoint: 135424 ns, Cleanup: 17770 ns, At safepoint: 9672 ns, Total: 162866 ns
[2025-04-24T21:53:45.507+0000][1502.118s][debug][safepoint   ] Safepoint synchronization initiated using futex wait barrier. (208 threads)
[2025-04-24T21:53:45.507+0000][1502.118s][info ][safepoint   ] Safepoint "Cleanup", Time since last: 6181279350 ns, Reaching safepoint: 132488 ns, Cleanup: 25753 ns, At safepoint: 12503 ns, Total: 170744 ns
[2025-04-24T21:53:46.508+0000][1503.118s][debug][safepoint   ] Safepoint synchronization initiated using futex wait barrier. (208 threads)
[2025-04-24T21:53:46.508+0000][1503.118s][info ][safepoint   ] Safepoint "Cleanup", Time since last: 1000235871 ns, Reaching safepoint: 56171 ns, Cleanup: 11136 ns, At safepoint: 4490 ns, Total: 71797 ns
[2025-04-24T21:53:50.508+0000][1507.118s][debug][safepoint   ] Safepoint synchronization initiated using futex wait barrier. (208 threads)
[2025-04-24T21:53:50.508+0000][1507.118s][info ][safepoint   ] Safepoint "Cleanup", Time since last: 4000328980 ns, Reaching safepoint: 85571 ns, Cleanup: 12896 ns, At safepoint: 5687 ns, Total: 104154 ns
[2025-04-24T21:53:53.508+0000][1510.119s][debug][safepoint   ] Safepoint synchronization initiated using futex wait barrier. (208 threads)
[2025-04-24T21:53:53.508+0000][1510.119s][info ][safepoint   ] Safepoint "Cleanup", Time since last: 3000354111 ns, Reaching safepoint: 72211 ns, Cleanup: 12125 ns, At safepoint: 6309 ns, Total: 90645 ns
[2025-04-24T21:53:55.509+0000][1512.119s][debug][safepoint   ] Safepoint synchronization initiated using futex wait barrier. (208 threads)
[2025-04-24T21:53:55.509+0000][1512.119s][info ][safepoint   ] Safepoint "Cleanup", Time since last: 2000192156 ns, Reaching safepoint: 95331 ns, Cleanup: 15460 ns, At safepoint: 6958 ns, Total: 117749 ns
[2025-04-24T21:53:56.509+0000][1513.119s][debug][safepoint   ] Safepoint synchronization initiated using futex wait barrier. (208 threads)
[2025-04-24T21:53:56.509+0000][1513.119s][info ][safepoint   ] Safepoint "Cleanup", Time since last: 1000124700 ns, Reaching safepoint: 93160 ns, Cleanup: 13297 ns, At safepoint: 7731 ns, Total: 114188 ns
[2025-04-24T21:53:58.511+0000][1515.121s][debug][safepoint   ] Safepoint synchronization initiated using futex wait barrier. (208 threads)
[2025-04-24T21:53:58.511+0000][1515.121s][info ][safepoint   ] Safepoint "Cleanup", Time since last: 2001532070 ns, Reaching safepoint: 113776 ns, Cleanup: 19530 ns, At safepoint: 8906 ns, Total: 142212 ns
[2025-04-24T21:53:59.511+0000][1516.121s][debug][safepoint   ] Safepoint synchronization initiated using futex wait barrier. (208 threads)
[2025-04-24T21:53:59.511+0000][1516.122s][info ][safepoint   ] Safepoint "Cleanup", Time since last: 1000200868 ns, Reaching safepoint: 125814 ns, Cleanup: 29469 ns, At safepoint: 13803 ns, Total: 169086 ns
[2025-04-24T21:54:00.511+0000][1517.122s][debug][safepoint   ] Safepoint synchronization initiated using futex wait barrier. (208 threads)
[2025-04-24T21:54:00.511+0000][1517.122s][info ][safepoint   ] Safepoint "Cleanup", Time since last: 1000142230 ns, Reaching safepoint: 68608 ns, Cleanup: 23393 ns, At safepoint: 19048 ns, Total: 111049 ns
[2025-04-24T21:54:01.511+0000][1518.122s][debug][safepoint   ] Safepoint synchronization initiated using futex wait barrier. (208 threads)
[2025-04-24T21:54:01.512+0000][1518.122s][info ][safepoint   ] Safepoint "Cleanup", Time since last: 1000170602 ns, Reaching safepoint: 64054 ns, Cleanup: 11085 ns, At safepoint: 5768 ns, Total: 80907 ns
[2025-04-24T21:54:02.512+0000][1519.122s][debug][safepoint   ] Safepoint synchronization initiated using futex wait barrier. (208 threads)
[2025-04-24T21:54:02.512+0000][1519.122s][info ][safepoint   ] Safepoint "Cleanup", Time since last: 1000124853 ns, Reaching safepoint: 98245 ns, Cleanup: 20583 ns, At safepoint: 6033 ns, Total: 124861 ns
[2025-04-24T21:54:03.512+0000][1520.122s][debug][safepoint   ] Safepoint synchronization initiated using futex wait barrier. (208 threads)
[2025-04-24T21:54:03.512+0000][1520.122s][info ][safepoint   ] Safepoint "Cleanup", Time since last: 1000101552 ns, Reaching safepoint: 70873 ns, Cleanup: 11196 ns, At safepoint: 6054 ns, Total: 88123 ns
[2025-04-24T21:54:04.512+0000][1521.123s][debug][safepoint   ] Safepoint synchronization initiated using futex wait barrier. (208 threads)
[2025-04-24T21:54:04.512+0000][1521.123s][info ][safepoint   ] Safepoint "Cleanup", Time since last: 1000109092 ns, Reaching safepoint: 137410 ns, Cleanup: 27298 ns, At safepoint: 14217 ns, Total: 178925 ns
[2025-04-24T21:54:05.512+0000][1522.123s][debug][safepoint   ] Safepoint synchronization initiated using futex wait barrier. (208 threads)
[2025-04-24T21:54:05.513+0000][1522.123s][info ][safepoint   ] Safepoint "Cleanup", Time since last: 1000147077 ns, Reaching safepoint: 98210 ns, Cleanup: 24357 ns, At safepoint: 8285 ns, Total: 130852 ns
[2025-04-24T21:54:07.513+0000][1524.123s][debug][safepoint   ] Safepoint synchronization initiated using futex wait barrier. (208 threads)
[2025-04-24T21:54:07.513+0000][1524.123s][info ][safepoint   ] Safepoint "Cleanup", Time since last: 2000171227 ns, Reaching safepoint: 89576 ns, Cleanup: 15181 ns, At safepoint: 6191 ns, Total: 110948 ns
[2025-04-24T21:54:08.513+0000][1525.123s][debug][safepoint   ] Safepoint synchronization initiated using futex wait barrier. (208 threads)
[2025-04-24T21:54:08.513+0000][1525.124s][info ][safepoint   ] Safepoint "Cleanup", Time since last: 1000091182 ns, Reaching safepoint: 91632 ns, Cleanup: 16299 ns, At safepoint: 11052 ns, Total: 118983 ns
[2025-04-24T21:54:09.513+0000][1526.124s][debug][safepoint   ] Safepoint synchronization initiated using futex wait barrier. (208 threads)
[2025-04-24T21:54:09.514+0000][1526.124s][info ][safepoint   ] Safepoint "Cleanup", Time since last: 1000163512 ns, Reaching safepoint: 229657 ns, Cleanup: 55777 ns, At safepoint: 20994 ns, Total: 306428 ns
[2025-04-24T21:54:11.514+0000][1528.124s][debug][safepoint   ] Safepoint synchronization initiated using futex wait barrier. (208 threads)
[2025-04-24T21:54:11.514+0000][1528.124s][info ][safepoint   ] Safepoint "Cleanup", Time since last: 2000346112 ns, Reaching safepoint: 114385 ns, Cleanup: 22068 ns, At safepoint: 11383 ns, Total: 147836 ns
[2025-04-24T21:54:12.514+0000][1529.125s][debug][safepoint   ] Safepoint synchronization initiated using futex wait barrier. (208 threads)
[2025-04-24T21:54:12.514+0000][1529.125s][info ][safepoint   ] Safepoint "Cleanup", Time since last: 1000179349 ns, Reaching safepoint: 90291 ns, Cleanup: 17853 ns, At safepoint: 9314 ns, Total: 117458 ns
[2025-04-24T21:54:13.514+0000][1530.125s][debug][safepoint   ] Safepoint synchronization initiated using futex wait barrier. (208 threads)
[2025-04-24T21:54:13.515+0000][1530.125s][info ][safepoint   ] Safepoint "Cleanup", Time since last: 1000183750 ns, Reaching safepoint: 77018 ns, Cleanup: 23188 ns, At safepoint: 8867 ns, Total: 109073 ns
[2025-04-24T21:54:14.515+0000][1531.125s][debug][safepoint   ] Safepoint synchronization initiated using futex wait barrier. (208 threads)
[2025-04-24T21:54:14.515+0000][1531.125s][info ][safepoint   ] Safepoint "Cleanup", Time since last: 1000120897 ns, Reaching safepoint: 58280 ns, Cleanup: 11750 ns, At safepoint: 4987 ns, Total: 75017 ns
[2025-04-24T21:54:15.515+0000][1532.125s][debug][safepoint   ] Safepoint synchronization initiated using futex wait barrier. (208 threads)
[2025-04-24T21:54:15.515+0000][1532.126s][info ][safepoint   ] Safepoint "Cleanup", Time since last: 1000114311 ns, Reaching safepoint: 167077 ns, Cleanup: 34529 ns, At safepoint: 28700 ns, Total: 230306 ns
[2025-04-24T21:54:19.516+0000][1536.126s][debug][safepoint   ] Safepoint synchronization initiated using futex wait barrier. (208 threads)
[2025-04-24T21:54:19.518+0000][1536.129s][info ][safepoint   ] Safepoint "Cleanup", Time since last: 4000599203 ns, Reaching safepoint: 2547446 ns, Cleanup: 55868 ns, At safepoint: 107319 ns, Total: 2710633 ns
[2025-04-24T21:54:20.520+0000][1537.130s][debug][safepoint   ] Safepoint synchronization initiated using futex wait barrier. (208 threads)
[2025-04-24T21:54:20.520+0000][1537.131s][info ][safepoint   ] Safepoint "Cleanup", Time since last: 1001404397 ns, Reaching safepoint: 205438 ns, Cleanup: 35912 ns, At safepoint: 32298 ns, Total: 273648 ns
[2025-04-24T21:54:21.520+0000][1538.131s][debug][safepoint   ] Safepoint synchronization initiated using futex wait barrier. (208 threads)
[2025-04-24T21:54:21.520+0000][1538.131s][info ][safepoint   ] Safepoint "Cleanup", Time since last: 1000262062 ns, Reaching safepoint: 74636 ns, Cleanup: 13102 ns, At safepoint: 5956 ns, Total: 93694 ns
[2025-04-24T21:54:22.521+0000][1539.131s][debug][safepoint   ] Safepoint synchronization initiated using futex wait barrier. (207 threads)
[2025-04-24T21:54:22.521+0000][1539.132s][info ][safepoint   ] Safepoint "Cleanup", Time since last: 1000257713 ns, Reaching safepoint: 250414 ns, Cleanup: 40177 ns, At safepoint: 30312 ns, Total: 320903 ns
[2025-04-24T21:54:23.521+0000][1540.132s][debug][safepoint   ] Safepoint synchronization initiated using futex wait barrier. (207 threads)
[2025-04-24T21:54:23.521+0000][1540.132s][info ][safepoint   ] Safepoint "Cleanup", Time since last: 1000192285 ns, Reaching safepoint: 99596 ns, Cleanup: 13925 ns, At safepoint: 12019 ns, Total: 125540 ns
[2025-04-24T21:54:24.522+0000][1541.132s][debug][safepoint   ] Safepoint synchronization initiated using futex wait barrier. (207 threads)
[2025-04-24T21:54:24.522+0000][1541.132s][info ][safepoint   ] Safepoint "Cleanup", Time since last: 1000144806 ns, Reaching safepoint: 142547 ns, Cleanup: 124585 ns, At safepoint: 13454 ns, Total: 280586 ns
[2025-04-24T21:54:25.522+0000][1542.132s][debug][safepoint   ] Safepoint synchronization initiated using futex wait barrier. (207 threads)
[2025-04-24T21:54:25.522+0000][1542.133s][info ][safepoint   ] Safepoint "Cleanup", Time since last: 1000144476 ns, Reaching safepoint: 185888 ns, Cleanup: 34413 ns, At safepoint: 31431 ns, Total: 251732 ns
[2025-04-24T21:54:27.523+0000][1544.133s][debug][safepoint   ] Safepoint synchronization initiated using futex wait barrier. (207 threads)
[2025-04-24T21:54:27.523+0000][1544.133s][info ][safepoint   ] Safepoint "Cleanup", Time since last: 2000434251 ns, Reaching safepoint: 301968 ns, Cleanup: 40766 ns, At safepoint: 27509 ns, Total: 370243 ns
[2025-04-24T21:54:28.523+0000][1545.134s][debug][safepoint   ] Safepoint synchronization initiated using futex wait barrier. (207 threads)
[2025-04-24T21:54:28.524+0000][1545.134s][info ][safepoint   ] Safepoint "Cleanup", Time since last: 1000199094 ns, Reaching safepoint: 220013 ns, Cleanup: 130598 ns, At safepoint: 26563 ns, Total: 377174 ns
[2025-04-24T21:54:29.524+0000][1546.134s][debug][safepoint   ] Safepoint synchronization initiated using futex wait barrier. (207 threads)
[2025-04-24T21:54:29.524+0000][1546.134s][info ][safepoint   ] Safepoint "Cleanup", Time since last: 1000193128 ns, Reaching safepoint: 174936 ns, Cleanup: 47085 ns, At safepoint: 21825 ns, Total: 243846 ns
[2025-04-24T21:54:30.525+0000][1547.135s][debug][safepoint   ] Safepoint synchronization initiated using futex wait barrier. (207 threads)
[2025-04-24T21:54:30.526+0000][1547.136s][info ][safepoint   ] Safepoint "Cleanup", Time since last: 1000518068 ns, Reaching safepoint: 1066165 ns, Cleanup: 157827 ns, At safepoint: 78245 ns, Total: 1302237 ns
[2025-04-24T21:54:31.526+0000][1548.137s][debug][safepoint   ] Safepoint synchronization initiated using futex wait barrier. (207 threads)
[2025-04-24T21:54:31.526+0000][1548.137s][info ][safepoint   ] Safepoint "Cleanup", Time since last: 1000260750 ns, Reaching safepoint: 81620 ns, Cleanup: 20918 ns, At safepoint: 6758 ns, Total: 109296 ns
[2025-04-24T21:54:33.527+0000][1550.137s][debug][safepoint   ] Safepoint synchronization initiated using futex wait barrier. (207 threads)
[2025-04-24T21:54:33.528+0000][1550.138s][info ][safepoint   ] Safepoint "Cleanup", Time since last: 2000522857 ns, Reaching safepoint: 751878 ns, Cleanup: 38421 ns, At safepoint: 52969 ns, Total: 843268 ns
[2025-04-24T21:54:35.196+0000][1551.806s][debug][safepoint   ] Safepoint synchronization initiated using futex wait barrier. (207 threads)
[2025-04-24T21:54:35.196+0000][1551.806s][info ][safepoint   ] Safepoint "Cleanup", Time since last: 1668017286 ns, Reaching safepoint: 167020 ns, Cleanup: 56289 ns, At safepoint: 24057 ns, Total: 247366 ns
[2025-04-24T21:54:36.196+0000][1552.806s][debug][safepoint   ] Safepoint synchronization initiated using futex wait barrier. (207 threads)
[2025-04-24T21:54:36.196+0000][1552.807s][info ][safepoint   ] Safepoint "Cleanup", Time since last: 1000143761 ns, Reaching safepoint: 75558 ns, Cleanup: 149233 ns, At safepoint: 29623 ns, Total: 254414 ns
[2025-04-24T21:54:37.196+0000][1553.807s][debug][safepoint   ] Safepoint synchronization initiated using futex wait barrier. (207 threads)
[2025-04-24T21:54:37.199+0000][1553.809s][info ][safepoint   ] Safepoint "Cleanup", Time since last: 1000106853 ns, Reaching safepoint: 2211886 ns, Cleanup: 67176 ns, At safepoint: 276199 ns, Total: 2555261 ns
[2025-04-24T21:54:38.199+0000][1554.810s][debug][safepoint   ] Safepoint synchronization initiated using futex wait barrier. (207 threads)
[2025-04-24T21:54:38.199+0000][1554.810s][info ][safepoint   ] Safepoint "Cleanup", Time since last: 1000160567 ns, Reaching safepoint: 73390 ns, Cleanup: 23662 ns, At safepoint: 5486 ns, Total: 102538 ns
[2025-04-24T21:54:39.199+0000][1555.810s][debug][safepoint   ] Safepoint synchronization initiated using futex wait barrier. (207 threads)
[2025-04-24T21:54:39.199+0000][1555.810s][info ][safepoint   ] Safepoint "Cleanup", Time since last: 1000132146 ns, Reaching safepoint: 53654 ns, Cleanup: 13217 ns, At safepoint: 4634 ns, Total: 71505 ns
[2025-04-24T21:54:41.200+0000][1557.810s][debug][safepoint   ] Safepoint synchronization initiated using futex wait barrier. (207 threads)
[2025-04-24T21:54:41.200+0000][1557.810s][info ][safepoint   ] Safepoint "Cleanup", Time since last: 2000313831 ns, Reaching safepoint: 66475 ns, Cleanup: 29542 ns, At safepoint: 4495 ns, Total: 100512 ns
[2025-04-24T21:54:42.200+0000][1558.810s][debug][safepoint   ] Safepoint synchronization initiated using futex wait barrier. (209 threads)
[2025-04-24T21:54:42.200+0000][1558.810s][info ][safepoint   ] Safepoint "Cleanup", Time since last: 1000098287 ns, Reaching safepoint: 75493 ns, Cleanup: 55681 ns, At safepoint: 7978 ns, Total: 139152 ns
[2025-04-24T21:54:43.200+0000][1559.811s][debug][safepoint   ] Safepoint synchronization initiated using futex wait barrier. (209 threads)
[2025-04-24T21:54:43.201+0000][1559.811s][info ][safepoint   ] Safepoint "Cleanup", Time since last: 1000165566 ns, Reaching safepoint: 265111 ns, Cleanup: 41254 ns, At safepoint: 25041 ns, Total: 331406 ns
[2025-04-24T21:54:44.201+0000][1560.811s][debug][safepoint   ] Safepoint synchronization initiated using futex wait barrier. (209 threads)
[2025-04-24T21:54:44.201+0000][1560.812s][info ][safepoint   ] Safepoint "Cleanup", Time since last: 1000237664 ns, Reaching safepoint: 244687 ns, Cleanup: 42021 ns, At safepoint: 23876 ns, Total: 310584 ns
[2025-04-24T21:54:45.555+0000][1562.166s][debug][safepoint   ] Safepoint synchronization initiated using futex wait barrier. (209 threads)
[2025-04-24T21:54:45.556+0000][1562.166s][info ][safepoint   ] Safepoint "Cleanup", Time since last: 1354138274 ns, Reaching safepoint: 249878 ns, Cleanup: 77318 ns, At safepoint: 26751 ns, Total: 353947 ns
[2025-04-24T21:54:46.556+0000][1563.166s][debug][safepoint   ] Safepoint synchronization initiated using futex wait barrier. (209 threads)
[2025-04-24T21:54:46.556+0000][1563.166s][info ][safepoint   ] Safepoint "Cleanup", Time since last: 1000251627 ns, Reaching safepoint: 90656 ns, Cleanup: 17769 ns, At safepoint: 10378 ns, Total: 118803 ns
[2025-04-24T21:54:47.556+0000][1564.167s][debug][safepoint   ] Safepoint synchronization initiated using futex wait barrier. (209 threads)
[2025-04-24T21:54:47.556+0000][1564.167s][info ][safepoint   ] Safepoint "Cleanup", Time since last: 1000114381 ns, Reaching safepoint: 94859 ns, Cleanup: 18161 ns, At safepoint: 7360 ns, Total: 120380 ns
[2025-04-24T21:54:48.556+0000][1565.167s][debug][safepoint   ] Safepoint synchronization initiated using futex wait barrier. (209 threads)
[2025-04-24T21:54:48.556+0000][1565.167s][info ][safepoint   ] Safepoint "Cleanup", Time since last: 1000096423 ns, Reaching safepoint: 76163 ns, Cleanup: 16473 ns, At safepoint: 6387 ns, Total: 99023 ns
[2025-04-24T21:54:49.556+0000][1566.167s][debug][safepoint   ] Safepoint synchronization initiated using futex wait barrier. (209 threads)
[2025-04-24T21:54:49.557+0000][1566.167s][info ][safepoint   ] Safepoint "Cleanup", Time since last: 1000113670 ns, Reaching safepoint: 110728 ns, Cleanup: 24906 ns, At safepoint: 8623 ns, Total: 144257 ns
[2025-04-24T21:54:53.557+0000][1570.167s][debug][safepoint   ] Safepoint synchronization initiated using futex wait barrier. (209 threads)
[2025-04-24T21:54:53.557+0000][1570.167s][info ][safepoint   ] Safepoint "Cleanup", Time since last: 4000317209 ns, Reaching safepoint: 66170 ns, Cleanup: 17482 ns, At safepoint: 5435 ns, Total: 89087 ns
[2025-04-24T21:54:55.557+0000][1572.168s][debug][safepoint   ] Safepoint synchronization initiated using futex wait barrier. (210 threads)
[2025-04-24T21:54:55.557+0000][1572.168s][info ][safepoint   ] Safepoint "Cleanup", Time since last: 2000221301 ns, Reaching safepoint: 87733 ns, Cleanup: 29322 ns, At safepoint: 11858 ns, Total: 128913 ns
[2025-04-24T21:54:56.557+0000][1573.168s][debug][safepoint   ] Safepoint synchronization initiated using futex wait barrier. (210 threads)
[2025-04-24T21:54:56.558+0000][1573.168s][debug][safepoint   ] ... found polling page loop exception at pc = 0x00007cdd45b0602c, stub =0x00007cdd4498e400
[2025-04-24T21:54:56.558+0000][1573.168s][info ][safepoint   ] Safepoint "Cleanup", Time since last: 1000114165 ns, Reaching safepoint: 153998 ns, Cleanup: 9672 ns, At safepoint: 10921 ns, Total: 174591 ns
[2025-04-24T21:54:57.982+0000][1574.593s][debug][safepoint   ] Safepoint synchronization initiated using futex wait barrier. (210 threads)
[2025-04-24T21:54:57.983+0000][1574.593s][info ][safepoint   ] Safepoint "Cleanup", Time since last: 1424482433 ns, Reaching safepoint: 246585 ns, Cleanup: 100074 ns, At safepoint: 28991 ns, Total: 375650 ns
[2025-04-24T21:54:59.983+0000][1576.593s][debug][safepoint   ] Safepoint synchronization initiated using futex wait barrier. (210 threads)
[2025-04-24T21:54:59.983+0000][1576.593s][info ][safepoint   ] Safepoint "Cleanup", Time since last: 2000285438 ns, Reaching safepoint: 57163 ns, Cleanup: 13682 ns, At safepoint: 4583 ns, Total: 75428 ns
[2025-04-24T21:55:00.983+0000][1577.593s][debug][safepoint   ] Safepoint synchronization initiated using futex wait barrier. (210 threads)
[2025-04-24T21:55:00.983+0000][1577.593s][info ][safepoint   ] Safepoint "Cleanup", Time since last: 1000080740 ns, Reaching safepoint: 50429 ns, Cleanup: 11643 ns, At safepoint: 4728 ns, Total: 66800 ns
[2025-04-24T21:55:01.983+0000][1578.594s][debug][safepoint   ] Safepoint synchronization initiated using futex wait barrier. (210 threads)
[2025-04-24T21:55:01.983+0000][1578.594s][info ][safepoint   ] Safepoint "Cleanup", Time since last: 1000080951 ns, Reaching safepoint: 65933 ns, Cleanup: 16294 ns, At safepoint: 4942 ns, Total: 87169 ns
[2025-04-24T21:55:03.128+0000][1579.739s][debug][safepoint   ] Safepoint synchronization initiated using futex wait barrier. (228 threads)
[2025-04-24T21:55:03.128+0000][1579.739s][info ][safepoint   ] Safepoint "Cleanup", Time since last: 1145041110 ns, Reaching safepoint: 89458 ns, Cleanup: 63360 ns, At safepoint: 13503 ns, Total: 166321 ns
[2025-04-24T21:55:04.136+0000][1580.746s][debug][safepoint   ] Safepoint synchronization initiated using futex wait barrier. (228 threads)
[2025-04-24T21:55:04.136+0000][1580.746s][info ][safepoint   ] Safepoint "Cleanup", Time since last: 1007325011 ns, Reaching safepoint: 93853 ns, Cleanup: 14736 ns, At safepoint: 7701 ns, Total: 116290 ns
[2025-04-24T21:55:08.136+0000][1584.747s][debug][safepoint   ] Safepoint synchronization initiated using futex wait barrier. (227 threads)
[2025-04-24T21:55:08.137+0000][1584.747s][info ][safepoint   ] Safepoint "Cleanup", Time since last: 4000482185 ns, Reaching safepoint: 301468 ns, Cleanup: 33973 ns, At safepoint: 20993 ns, Total: 356434 ns
[2025-04-24T21:55:08.918+0000][1585.528s][debug][safepoint   ] Safepoint synchronization initiated using futex wait barrier. (227 threads)
[2025-04-24T21:55:08.918+0000][1585.529s][info ][gc,start    ] GC(79) Pause Young (Normal) (G1 Evacuation Pause)
[2025-04-24T21:55:08.918+0000][1585.529s][info ][gc,task     ] GC(79) Using 4 workers of 4 for evacuation
[2025-04-24T21:55:09.009+0000][1585.620s][info ][gc,phases   ] GC(79)   Pre Evacuate Collection Set: 0.8ms
[2025-04-24T21:55:09.009+0000][1585.620s][info ][gc,phases   ] GC(79)   Merge Heap Roots: 0.9ms
[2025-04-24T21:55:09.009+0000][1585.620s][info ][gc,phases   ] GC(79)   Evacuate Collection Set: 85.8ms
[2025-04-24T21:55:09.009+0000][1585.620s][info ][gc,phases   ] GC(79)   Post Evacuate Collection Set: 2.8ms
[2025-04-24T21:55:09.009+0000][1585.620s][info ][gc,phases   ] GC(79)   Other: 0.6ms
[2025-04-24T21:55:09.009+0000][1585.620s][info ][gc,heap     ] GC(79) Eden regions: 210->0(207)
[2025-04-24T21:55:09.009+0000][1585.620s][info ][gc,heap     ] GC(79) Survivor regions: 10->11(28)
[2025-04-24T21:55:09.009+0000][1585.620s][info ][gc,heap     ] GC(79) Old regions: 182->183
[2025-04-24T21:55:09.009+0000][1585.620s][info ][gc,heap     ] GC(79) Archive regions: 2->2
[2025-04-24T21:55:09.009+0000][1585.620s][info ][gc,heap     ] GC(79) Humongous regions: 2->2
[2025-04-24T21:55:09.009+0000][1585.620s][info ][gc,metaspace] GC(79) Metaspace: 191266K(192704K)->191266K(192704K) NonClass: 168262K(169024K)->168262K(169024K) Class: 23004K(23680K)->23004K(23680K)
[2025-04-24T21:55:09.009+0000][1585.620s][info ][gc          ] GC(79) Pause Young (Normal) (G1 Evacuation Pause) 404M->195M(463M) 91.095ms
[2025-04-24T21:55:09.009+0000][1585.620s][info ][gc,cpu      ] GC(79) User=0.19s Sys=0.00s Real=0.09s
[2025-04-24T21:55:09.010+0000][1585.621s][info ][safepoint   ] Safepoint "G1CollectForAllocation", Time since last: 781216506 ns, Reaching safepoint: 233992 ns, Cleanup: 49013 ns, At safepoint: 91925004 ns, Total: 92208009 ns
[2025-04-24T21:55:10.011+0000][1586.621s][debug][safepoint   ] Safepoint synchronization initiated using futex wait barrier. (227 threads)
[2025-04-24T21:55:10.011+0000][1586.621s][info ][safepoint   ] Safepoint "Cleanup", Time since last: 1000425631 ns, Reaching safepoint: 148115 ns, Cleanup: 67453 ns, At safepoint: 13297 ns, Total: 228865 ns
[2025-04-24T21:55:11.011+0000][1587.621s][debug][safepoint   ] Safepoint synchronization initiated using futex wait barrier. (227 threads)
[2025-04-24T21:55:11.011+0000][1587.621s][info ][safepoint   ] Safepoint "Cleanup", Time since last: 1000152961 ns, Reaching safepoint: 58020 ns, Cleanup: 32435 ns, At safepoint: 5177 ns, Total: 95632 ns
[2025-04-24T21:55:12.011+0000][1588.622s][debug][safepoint   ] Safepoint synchronization initiated using futex wait barrier. (227 threads)
[2025-04-24T21:55:12.011+0000][1588.622s][info ][safepoint   ] Safepoint "Cleanup", Time since last: 1000136938 ns, Reaching safepoint: 151239 ns, Cleanup: 29831 ns, At safepoint: 21908 ns, Total: 202978 ns
[2025-04-24T21:55:13.012+0000][1589.622s][debug][safepoint   ] Safepoint synchronization initiated using futex wait barrier. (227 threads)
[2025-04-24T21:55:13.012+0000][1589.622s][info ][safepoint   ] Safepoint "Cleanup", Time since last: 1000155173 ns, Reaching safepoint: 65223 ns, Cleanup: 11385 ns, At safepoint: 4567 ns, Total: 81175 ns
[2025-04-24T21:55:14.012+0000][1590.622s][debug][safepoint   ] Safepoint synchronization initiated using futex wait barrier. (227 threads)
[2025-04-24T21:55:14.012+0000][1590.622s][info ][safepoint   ] Safepoint "Cleanup", Time since last: 1000149423 ns, Reaching safepoint: 58018 ns, Cleanup: 37325 ns, At safepoint: 5909 ns, Total: 101252 ns
[2025-04-24T21:55:16.012+0000][1592.622s][debug][safepoint   ] Safepoint synchronization initiated using futex wait barrier. (227 threads)
[2025-04-24T21:55:16.012+0000][1592.623s][info ][safepoint   ] Safepoint "Cleanup", Time since last: 2000147419 ns, Reaching safepoint: 53550 ns, Cleanup: 17716 ns, At safepoint: 4136 ns, Total: 75402 ns
[2025-04-24T21:55:17.012+0000][1593.623s][debug][safepoint   ] Safepoint synchronization initiated using futex wait barrier. (227 threads)
[2025-04-24T21:55:17.013+0000][1593.623s][info ][safepoint   ] Safepoint "Cleanup", Time since last: 1000141851 ns, Reaching safepoint: 315191 ns, Cleanup: 36452 ns, At safepoint: 54383 ns, Total: 406026 ns
[2025-04-24T21:55:18.014+0000][1594.624s][debug][safepoint   ] Safepoint synchronization initiated using futex wait barrier. (227 threads)
[2025-04-24T21:55:18.014+0000][1594.624s][info ][safepoint   ] Safepoint "Cleanup", Time since last: 1001115971 ns, Reaching safepoint: 73324 ns, Cleanup: 63720 ns, At safepoint: 18786 ns, Total: 155830 ns
[2025-04-24T21:55:20.014+0000][1596.625s][debug][safepoint   ] Safepoint synchronization initiated using futex wait barrier. (227 threads)
[2025-04-24T21:55:20.014+0000][1596.625s][info ][safepoint   ] Safepoint "Cleanup", Time since last: 2000157027 ns, Reaching safepoint: 97768 ns, Cleanup: 24660 ns, At safepoint: 8848 ns, Total: 131276 ns
[2025-04-24T21:55:21.014+0000][1597.625s][debug][safepoint   ] Safepoint synchronization initiated using futex wait barrier. (228 threads)
[2025-04-24T21:55:21.015+0000][1597.625s][info ][safepoint   ] Safepoint "Cleanup", Time since last: 1000215343 ns, Reaching safepoint: 223356 ns, Cleanup: 39108 ns, At safepoint: 23436 ns, Total: 285900 ns
[2025-04-24T21:55:24.016+0000][1600.626s][debug][safepoint   ] Safepoint synchronization initiated using futex wait barrier. (228 threads)
[2025-04-24T21:55:24.016+0000][1600.627s][info ][safepoint   ] Safepoint "Cleanup", Time since last: 3001314398 ns, Reaching safepoint: 76067 ns, Cleanup: 28757 ns, At safepoint: 6991 ns, Total: 111815 ns
[2025-04-24T21:55:25.016+0000][1601.627s][debug][safepoint   ] Safepoint synchronization initiated using futex wait barrier. (228 threads)
[2025-04-24T21:55:25.016+0000][1601.627s][info ][safepoint   ] Safepoint "Cleanup", Time since last: 1000113474 ns, Reaching safepoint: 81144 ns, Cleanup: 11644 ns, At safepoint: 6620 ns, Total: 99408 ns
[2025-04-24T21:55:30.017+0000][1606.628s][debug][safepoint   ] Safepoint synchronization initiated using futex wait barrier. (228 threads)
[2025-04-24T21:55:30.017+0000][1606.628s][info ][safepoint   ] Safepoint "Cleanup", Time since last: 5000756195 ns, Reaching safepoint: 91770 ns, Cleanup: 14093 ns, At safepoint: 6274 ns, Total: 112137 ns
[2025-04-24T21:55:31.017+0000][1607.628s][debug][safepoint   ] Safepoint synchronization initiated using futex wait barrier. (228 threads)
[2025-04-24T21:55:31.018+0000][1607.628s][info ][safepoint   ] Safepoint "Cleanup", Time since last: 1000208974 ns, Reaching safepoint: 192151 ns, Cleanup: 37450 ns, At safepoint: 21800 ns, Total: 251401 ns
[2025-04-24T21:55:32.018+0000][1608.628s][debug][safepoint   ] Safepoint synchronization initiated using futex wait barrier. (229 threads)
[2025-04-24T21:55:32.018+0000][1608.628s][info ][safepoint   ] Safepoint "Cleanup", Time since last: 1000158508 ns, Reaching safepoint: 102248 ns, Cleanup: 28905 ns, At safepoint: 10505 ns, Total: 141658 ns
[2025-04-24T21:55:34.018+0000][1610.629s][debug][safepoint   ] Safepoint synchronization initiated using futex wait barrier. (229 threads)
[2025-04-24T21:55:34.018+0000][1610.629s][info ][safepoint   ] Safepoint "Cleanup", Time since last: 2000177262 ns, Reaching safepoint: 159536 ns, Cleanup: 28877 ns, At safepoint: 14088 ns, Total: 202501 ns
[2025-04-24T21:55:36.019+0000][1612.629s][debug][safepoint   ] Safepoint synchronization initiated using futex wait barrier. (229 threads)
[2025-04-24T21:55:36.019+0000][1612.629s][info ][safepoint   ] Safepoint "Cleanup", Time since last: 2000208828 ns, Reaching safepoint: 279106 ns, Cleanup: 35821 ns, At safepoint: 47176 ns, Total: 362103 ns
[2025-04-24T21:55:38.081+0000][1614.691s][debug][safepoint   ] Safepoint synchronization initiated using futex wait barrier. (229 threads)
[2025-04-24T21:55:38.081+0000][1614.692s][info ][safepoint   ] Safepoint "Cleanup", Time since last: 2061907134 ns, Reaching safepoint: 260509 ns, Cleanup: 45419 ns, At safepoint: 36379 ns, Total: 342307 ns
[2025-04-24T21:55:39.081+0000][1615.692s][debug][safepoint   ] Safepoint synchronization initiated using futex wait barrier. (229 threads)
[2025-04-24T21:55:39.082+0000][1615.692s][info ][safepoint   ] Safepoint "Cleanup", Time since last: 1000217063 ns, Reaching safepoint: 267505 ns, Cleanup: 132457 ns, At safepoint: 28181 ns, Total: 428143 ns
[2025-04-24T21:55:40.082+0000][1616.692s][debug][safepoint   ] Safepoint synchronization initiated using futex wait barrier. (229 threads)
[2025-04-24T21:55:40.082+0000][1616.693s][info ][safepoint   ] Safepoint "Cleanup", Time since last: 1000222488 ns, Reaching safepoint: 63875 ns, Cleanup: 21744 ns, At safepoint: 4910 ns, Total: 90529 ns
[2025-04-24T21:55:41.082+0000][1617.693s][debug][safepoint   ] Safepoint synchronization initiated using futex wait barrier. (229 threads)
[2025-04-24T21:55:41.082+0000][1617.693s][info ][safepoint   ] Safepoint "Cleanup", Time since last: 1000086164 ns, Reaching safepoint: 73273 ns, Cleanup: 17786 ns, At safepoint: 6843 ns, Total: 97902 ns
[2025-04-24T21:55:44.083+0000][1620.693s][debug][safepoint   ] Safepoint synchronization initiated using futex wait barrier. (229 threads)
[2025-04-24T21:55:44.091+0000][1620.701s][info ][safepoint   ] Safepoint "Cleanup", Time since last: 3000331313 ns, Reaching safepoint: 1345521 ns, Cleanup: 51584 ns, At safepoint: 6702627 ns, Total: 8099732 ns
[2025-04-24T21:55:44.144+0000][1620.754s][debug][safepoint   ] Safepoint synchronization initiated using futex wait barrier. (229 threads)
[2025-04-24T21:55:44.145+0000][1620.755s][info ][gc,start    ] GC(80) Pause Young (Normal) (G1 Evacuation Pause)
[2025-04-24T21:55:44.145+0000][1620.755s][info ][gc,task     ] GC(80) Using 4 workers of 4 for evacuation
[2025-04-24T21:55:44.174+0000][1620.784s][info ][gc,phases   ] GC(80)   Pre Evacuate Collection Set: 1.5ms
[2025-04-24T21:55:44.174+0000][1620.784s][info ][gc,phases   ] GC(80)   Merge Heap Roots: 0.6ms
[2025-04-24T21:55:44.174+0000][1620.784s][info ][gc,phases   ] GC(80)   Evacuate Collection Set: 23.2ms
[2025-04-24T21:55:44.174+0000][1620.784s][info ][gc,phases   ] GC(80)   Post Evacuate Collection Set: 2.7ms
[2025-04-24T21:55:44.174+0000][1620.784s][info ][gc,phases   ] GC(80)   Other: 1.2ms
[2025-04-24T21:55:44.174+0000][1620.784s][info ][gc,heap     ] GC(80) Eden regions: 207->0(207)
[2025-04-24T21:55:44.174+0000][1620.784s][info ][gc,heap     ] GC(80) Survivor regions: 11->11(28)
[2025-04-24T21:55:44.174+0000][1620.784s][info ][gc,heap     ] GC(80) Old regions: 183->183
[2025-04-24T21:55:44.174+0000][1620.784s][info ][gc,heap     ] GC(80) Archive regions: 2->2
[2025-04-24T21:55:44.174+0000][1620.784s][info ][gc,heap     ] GC(80) Humongous regions: 3->2
[2025-04-24T21:55:44.174+0000][1620.784s][info ][gc,metaspace] GC(80) Metaspace: 191627K(193088K)->191627K(193088K) NonClass: 168599K(169344K)->168599K(169344K) Class: 23028K(23744K)->23028K(23744K)
[2025-04-24T21:55:44.174+0000][1620.784s][info ][gc          ] GC(80) Pause Young (Normal) (G1 Evacuation Pause) 403M->196M(463M) 29.273ms
[2025-04-24T21:55:44.174+0000][1620.784s][info ][gc,cpu      ] GC(80) User=0.07s Sys=0.00s Real=0.03s
[2025-04-24T21:55:44.175+0000][1620.786s][info ][safepoint   ] Safepoint "G1CollectForAllocation", Time since last: 52826730 ns, Reaching safepoint: 1024705 ns, Cleanup: 15630 ns, At safepoint: 30586737 ns, Total: 31627072 ns
[2025-04-24T21:55:45.615+0000][1622.225s][debug][safepoint   ] Safepoint synchronization initiated using futex wait barrier. (229 threads)
[2025-04-24T21:55:45.615+0000][1622.226s][info ][safepoint   ] Safepoint "Cleanup", Time since last: 1439797971 ns, Reaching safepoint: 83134 ns, Cleanup: 30624 ns, At safepoint: 8447 ns, Total: 122205 ns
[2025-04-24T21:55:50.616+0000][1627.226s][debug][safepoint   ] Safepoint synchronization initiated using futex wait barrier. (229 threads)
[2025-04-24T21:55:50.616+0000][1627.226s][info ][safepoint   ] Safepoint "Cleanup", Time since last: 5000567536 ns, Reaching safepoint: 138333 ns, Cleanup: 14468 ns, At safepoint: 7362 ns, Total: 160163 ns
[2025-04-24T21:55:51.616+0000][1628.226s][debug][safepoint   ] Safepoint synchronization initiated using futex wait barrier. (231 threads)
[2025-04-24T21:55:51.616+0000][1628.227s][info ][safepoint   ] Safepoint "Cleanup", Time since last: 1000158645 ns, Reaching safepoint: 211170 ns, Cleanup: 64320 ns, At safepoint: 22377 ns, Total: 297867 ns
[2025-04-24T21:55:56.617+0000][1633.227s][debug][safepoint   ] Safepoint synchronization initiated using futex wait barrier. (231 threads)
[2025-04-24T21:55:56.617+0000][1633.227s][info ][safepoint   ] Safepoint "Cleanup", Time since last: 5000567023 ns, Reaching safepoint: 60849 ns, Cleanup: 12061 ns, At safepoint: 4391 ns, Total: 77301 ns
[2025-04-24T21:55:57.618+0000][1634.228s][debug][safepoint   ] Safepoint synchronization initiated using futex wait barrier. (231 threads)
[2025-04-24T21:55:57.622+0000][1634.232s][info ][safepoint   ] Safepoint "Cleanup", Time since last: 1000807139 ns, Reaching safepoint: 258642 ns, Cleanup: 28083 ns, At safepoint: 3751001 ns, Total: 4037726 ns
[2025-04-24T21:55:58.622+0000][1635.232s][debug][safepoint   ] Safepoint synchronization initiated using futex wait barrier. (231 threads)
[2025-04-24T21:55:58.622+0000][1635.233s][info ][safepoint   ] Safepoint "Cleanup", Time since last: 1000200988 ns, Reaching safepoint: 196012 ns, Cleanup: 56021 ns, At safepoint: 24408 ns, Total: 276441 ns
[2025-04-24T21:55:59.622+0000][1636.233s][debug][safepoint   ] Safepoint synchronization initiated using futex wait barrier. (231 threads)
[2025-04-24T21:55:59.623+0000][1636.233s][info ][safepoint   ] Safepoint "Cleanup", Time since last: 1000204913 ns, Reaching safepoint: 110317 ns, Cleanup: 47461 ns, At safepoint: 14723 ns, Total: 172501 ns
[2025-04-24T21:56:01.623+0000][1638.233s][debug][safepoint   ] Safepoint synchronization initiated using futex wait barrier. (231 threads)
[2025-04-24T21:56:01.623+0000][1638.234s][info ][safepoint   ] Safepoint "Cleanup", Time since last: 2000295558 ns, Reaching safepoint: 116384 ns, Cleanup: 19358 ns, At safepoint: 7883 ns, Total: 143625 ns
[2025-04-24T21:56:05.626+0000][1642.236s][debug][safepoint   ] Safepoint synchronization initiated using futex wait barrier. (230 threads)
[2025-04-24T21:56:05.626+0000][1642.236s][info ][safepoint   ] Safepoint "Cleanup", Time since last: 4002710301 ns, Reaching safepoint: 164887 ns, Cleanup: 38427 ns, At safepoint: 9391 ns, Total: 212705 ns
[2025-04-24T21:56:06.626+0000][1643.237s][debug][safepoint   ] Safepoint synchronization initiated using futex wait barrier. (230 threads)
[2025-04-24T21:56:06.626+0000][1643.237s][info ][safepoint   ] Safepoint "Cleanup", Time since last: 1000109522 ns, Reaching safepoint: 116695 ns, Cleanup: 82141 ns, At safepoint: 18551 ns, Total: 217387 ns
[2025-04-24T21:56:07.626+0000][1644.237s][debug][safepoint   ] Safepoint synchronization initiated using futex wait barrier. (230 threads)
[2025-04-24T21:56:07.626+0000][1644.237s][info ][safepoint   ] Safepoint "Cleanup", Time since last: 1000087604 ns, Reaching safepoint: 84755 ns, Cleanup: 14400 ns, At safepoint: 5567 ns, Total: 104722 ns
[2025-04-24T21:56:08.627+0000][1645.237s][debug][safepoint   ] Safepoint synchronization initiated using futex wait barrier. (230 threads)
[2025-04-24T21:56:08.627+0000][1645.237s][info ][safepoint   ] Safepoint "Cleanup", Time since last: 1000118567 ns, Reaching safepoint: 68309 ns, Cleanup: 22122 ns, At safepoint: 6738 ns, Total: 97169 ns
[2025-04-24T21:56:09.627+0000][1646.237s][debug][safepoint   ] Safepoint synchronization initiated using futex wait barrier. (230 threads)
[2025-04-24T21:56:09.627+0000][1646.237s][info ][safepoint   ] Safepoint "Cleanup", Time since last: 1000087407 ns, Reaching safepoint: 59134 ns, Cleanup: 10146 ns, At safepoint: 4786 ns, Total: 74066 ns
[2025-04-24T21:56:10.627+0000][1647.237s][debug][safepoint   ] Safepoint synchronization initiated using futex wait barrier. (230 threads)
[2025-04-24T21:56:10.627+0000][1647.238s][info ][safepoint   ] Safepoint "Cleanup", Time since last: 1000090967 ns, Reaching safepoint: 93289 ns, Cleanup: 21382 ns, At safepoint: 7048 ns, Total: 121719 ns
[2025-04-24T21:56:11.627+0000][1648.238s][debug][safepoint   ] Safepoint synchronization initiated using futex wait barrier. (231 threads)
[2025-04-24T21:56:11.627+0000][1648.238s][info ][safepoint   ] Safepoint "Cleanup", Time since last: 1000143432 ns, Reaching safepoint: 111186 ns, Cleanup: 56060 ns, At safepoint: 14245 ns, Total: 181491 ns
[2025-04-24T21:56:12.628+0000][1649.238s][debug][safepoint   ] Safepoint synchronization initiated using futex wait barrier. (231 threads)
[2025-04-24T21:56:12.628+0000][1649.238s][info ][safepoint   ] Safepoint "Cleanup", Time since last: 1000117614 ns, Reaching safepoint: 213290 ns, Cleanup: 28303 ns, At safepoint: 13963 ns, Total: 255556 ns
[2025-04-24T21:56:13.628+0000][1650.238s][debug][safepoint   ] Safepoint synchronization initiated using futex wait barrier. (231 threads)
[2025-04-24T21:56:13.628+0000][1650.238s][info ][safepoint   ] Safepoint "Cleanup", Time since last: 1000105030 ns, Reaching safepoint: 54852 ns, Cleanup: 9560 ns, At safepoint: 4706 ns, Total: 69118 ns
[2025-04-24T21:56:14.628+0000][1651.239s][debug][safepoint   ] Safepoint synchronization initiated using futex wait barrier. (231 threads)
[2025-04-24T21:56:14.628+0000][1651.239s][info ][safepoint   ] Safepoint "Cleanup", Time since last: 1000079825 ns, Reaching safepoint: 67320 ns, Cleanup: 14129 ns, At safepoint: 9605 ns, Total: 91054 ns
[2025-04-24T21:56:15.628+0000][1652.239s][debug][safepoint   ] Safepoint synchronization initiated using futex wait barrier. (231 threads)
[2025-04-24T21:56:15.628+0000][1652.239s][info ][safepoint   ] Safepoint "Cleanup", Time since last: 1000106322 ns, Reaching safepoint: 88485 ns, Cleanup: 18622 ns, At safepoint: 6455 ns, Total: 113562 ns
[2025-04-24T21:56:15.837+0000][1652.448s][debug][safepoint   ] Safepoint synchronization initiated using futex wait barrier. (231 threads)
[2025-04-24T21:56:15.838+0000][1652.449s][info ][gc,start    ] GC(81) Pause Young (Normal) (G1 Evacuation Pause)
[2025-04-24T21:56:15.838+0000][1652.449s][info ][gc,task     ] GC(81) Using 4 workers of 4 for evacuation
[2025-04-24T21:56:15.864+0000][1652.475s][info ][gc,phases   ] GC(81)   Pre Evacuate Collection Set: 0.3ms
[2025-04-24T21:56:15.864+0000][1652.475s][info ][gc,phases   ] GC(81)   Merge Heap Roots: 1.2ms
[2025-04-24T21:56:15.864+0000][1652.475s][info ][gc,phases   ] GC(81)   Evacuate Collection Set: 21.9ms
[2025-04-24T21:56:15.864+0000][1652.475s][info ][gc,phases   ] GC(81)   Post Evacuate Collection Set: 2.3ms
[2025-04-24T21:56:15.864+0000][1652.475s][info ][gc,phases   ] GC(81)   Other: 0.3ms
[2025-04-24T21:56:15.864+0000][1652.475s][info ][gc,heap     ] GC(81) Eden regions: 207->0(207)
[2025-04-24T21:56:15.864+0000][1652.475s][info ][gc,heap     ] GC(81) Survivor regions: 11->11(28)
[2025-04-24T21:56:15.864+0000][1652.475s][info ][gc,heap     ] GC(81) Old regions: 183->183
[2025-04-24T21:56:15.864+0000][1652.475s][info ][gc,heap     ] GC(81) Archive regions: 2->2
[2025-04-24T21:56:15.864+0000][1652.475s][info ][gc,heap     ] GC(81) Humongous regions: 2->2
[2025-04-24T21:56:15.864+0000][1652.475s][info ][gc,metaspace] GC(81) Metaspace: 191997K(193408K)->191997K(193408K) NonClass: 168968K(169664K)->168968K(169664K) Class: 23029K(23744K)->23029K(23744K)
[2025-04-24T21:56:15.864+0000][1652.475s][info ][gc          ] GC(81) Pause Young (Normal) (G1 Evacuation Pause) 403M->196M(463M) 26.193ms
[2025-04-24T21:56:15.864+0000][1652.475s][info ][gc,cpu      ] GC(81) User=0.07s Sys=0.00s Real=0.02s
[2025-04-24T21:56:15.865+0000][1652.475s][info ][safepoint   ] Safepoint "G1CollectForAllocation", Time since last: 208745552 ns, Reaching safepoint: 652013 ns, Cleanup: 269511 ns, At safepoint: 26736871 ns, Total: 27658395 ns
[2025-04-24T21:56:16.865+0000][1653.475s][debug][safepoint   ] Safepoint synchronization initiated using futex wait barrier. (231 threads)
[2025-04-24T21:56:16.865+0000][1653.476s][info ][safepoint   ] Safepoint "Cleanup", Time since last: 1000180103 ns, Reaching safepoint: 84154 ns, Cleanup: 62127 ns, At safepoint: 34557 ns, Total: 180838 ns
[2025-04-24T21:56:17.865+0000][1654.476s][debug][safepoint   ] Safepoint synchronization initiated using futex wait barrier. (231 threads)
[2025-04-24T21:56:17.866+0000][1654.476s][info ][safepoint   ] Safepoint "Cleanup", Time since last: 1000214322 ns, Reaching safepoint: 193277 ns, Cleanup: 33873 ns, At safepoint: 17750 ns, Total: 244900 ns
[2025-04-24T21:56:18.866+0000][1655.476s][debug][safepoint   ] Safepoint synchronization initiated using futex wait barrier. (231 threads)
[2025-04-24T21:56:18.866+0000][1655.476s][info ][safepoint   ] Safepoint "Cleanup", Time since last: 1000182353 ns, Reaching safepoint: 62826 ns, Cleanup: 13527 ns, At safepoint: 4763 ns, Total: 81116 ns
[2025-04-24T21:56:19.866+0000][1656.476s][debug][safepoint   ] Safepoint synchronization initiated using futex wait barrier. (231 threads)
[2025-04-24T21:56:19.866+0000][1656.476s][info ][safepoint   ] Safepoint "Cleanup", Time since last: 1000063514 ns, Reaching safepoint: 70759 ns, Cleanup: 13718 ns, At safepoint: 7162 ns, Total: 91639 ns
[2025-04-24T21:56:20.866+0000][1657.477s][debug][safepoint   ] Safepoint synchronization initiated using futex wait barrier. (231 threads)
[2025-04-24T21:56:20.866+0000][1657.477s][info ][safepoint   ] Safepoint "Cleanup", Time since last: 1000235395 ns, Reaching safepoint: 65378 ns, Cleanup: 12269 ns, At safepoint: 4471 ns, Total: 82118 ns
[2025-04-24T21:56:21.866+0000][1658.477s][debug][safepoint   ] Safepoint synchronization initiated using futex wait barrier. (231 threads)
[2025-04-24T21:56:21.867+0000][1658.477s][info ][safepoint   ] Safepoint "Cleanup", Time since last: 1000147937 ns, Reaching safepoint: 213267 ns, Cleanup: 53698 ns, At safepoint: 20964 ns, Total: 287929 ns
[2025-04-24T21:56:22.867+0000][1659.477s][debug][safepoint   ] Safepoint synchronization initiated using futex wait barrier. (231 threads)
[2025-04-24T21:56:22.867+0000][1659.478s][info ][safepoint   ] Safepoint "Cleanup", Time since last: 1000244927 ns, Reaching safepoint: 206100 ns, Cleanup: 57927 ns, At safepoint: 21147 ns, Total: 285174 ns
[2025-04-24T21:56:24.868+0000][1661.478s][debug][safepoint   ] Safepoint synchronization initiated using futex wait barrier. (231 threads)
[2025-04-24T21:56:24.868+0000][1661.478s][info ][safepoint   ] Safepoint "Cleanup", Time since last: 2000297043 ns, Reaching safepoint: 280522 ns, Cleanup: 38336 ns, At safepoint: 65276 ns, Total: 384134 ns
[2025-04-24T21:56:25.868+0000][1662.479s][debug][safepoint   ] Safepoint synchronization initiated using futex wait barrier. (231 threads)
[2025-04-24T21:56:25.868+0000][1662.479s][info ][safepoint   ] Safepoint "Cleanup", Time since last: 1000162677 ns, Reaching safepoint: 132569 ns, Cleanup: 14996 ns, At safepoint: 7286 ns, Total: 154851 ns
[2025-04-24T21:56:27.868+0000][1664.479s][debug][safepoint   ] Safepoint synchronization initiated using futex wait barrier. (231 threads)
[2025-04-24T21:56:27.869+0000][1664.479s][info ][safepoint   ] Safepoint "Cleanup", Time since last: 2000157299 ns, Reaching safepoint: 96560 ns, Cleanup: 14277 ns, At safepoint: 7004 ns, Total: 117841 ns
[2025-04-24T21:56:29.869+0000][1666.479s][debug][safepoint   ] Safepoint synchronization initiated using futex wait barrier. (231 threads)
[2025-04-24T21:56:29.869+0000][1666.479s][info ][safepoint   ] Safepoint "Cleanup", Time since last: 2000222953 ns, Reaching safepoint: 73229 ns, Cleanup: 13276 ns, At safepoint: 7397 ns, Total: 93902 ns
[2025-04-24T21:56:33.869+0000][1670.480s][debug][safepoint   ] Safepoint synchronization initiated using futex wait barrier. (231 threads)
[2025-04-24T21:56:33.870+0000][1670.480s][info ][safepoint   ] Safepoint "Cleanup", Time since last: 4000425515 ns, Reaching safepoint: 226584 ns, Cleanup: 64626 ns, At safepoint: 21010 ns, Total: 312220 ns
[2025-04-24T21:56:34.870+0000][1671.480s][debug][safepoint   ] Safepoint synchronization initiated using futex wait barrier. (231 threads)
[2025-04-24T21:56:34.870+0000][1671.480s][info ][safepoint   ] Safepoint "Cleanup", Time since last: 1000275565 ns, Reaching safepoint: 64066 ns, Cleanup: 10699 ns, At safepoint: 5846 ns, Total: 80611 ns
[2025-04-24T21:56:36.870+0000][1673.481s][debug][safepoint   ] Safepoint synchronization initiated using futex wait barrier. (231 threads)
[2025-04-24T21:56:36.870+0000][1673.481s][info ][safepoint   ] Safepoint "Cleanup", Time since last: 2000327082 ns, Reaching safepoint: 65508 ns, Cleanup: 11931 ns, At safepoint: 6114 ns, Total: 83553 ns
[2025-04-24T21:56:38.871+0000][1675.481s][debug][safepoint   ] Safepoint synchronization initiated using futex wait barrier. (231 threads)
[2025-04-24T21:56:38.871+0000][1675.481s][info ][safepoint   ] Safepoint "Cleanup", Time since last: 2000185523 ns, Reaching safepoint: 102101 ns, Cleanup: 15753 ns, At safepoint: 5549 ns, Total: 123403 ns
[2025-04-24T21:56:39.871+0000][1676.481s][debug][safepoint   ] Safepoint synchronization initiated using futex wait barrier. (231 threads)
[2025-04-24T21:56:39.871+0000][1676.482s][info ][safepoint   ] Safepoint "Cleanup", Time since last: 1000157353 ns, Reaching safepoint: 221269 ns, Cleanup: 52646 ns, At safepoint: 22742 ns, Total: 296657 ns
[2025-04-24T21:56:41.872+0000][1678.482s][debug][safepoint   ] Safepoint synchronization initiated using futex wait barrier. (231 threads)
[2025-04-24T21:56:41.872+0000][1678.482s][info ][safepoint   ] Safepoint "Cleanup", Time since last: 2000366093 ns, Reaching safepoint: 342223 ns, Cleanup: 42607 ns, At safepoint: 24657 ns, Total: 409487 ns
[2025-04-24T21:56:42.872+0000][1679.483s][debug][safepoint   ] Safepoint synchronization initiated using futex wait barrier. (231 threads)
[2025-04-24T21:56:42.872+0000][1679.483s][info ][safepoint   ] Safepoint "Cleanup", Time since last: 1000218751 ns, Reaching safepoint: 309638 ns, Cleanup: 24001 ns, At safepoint: 7118 ns, Total: 340757 ns
[2025-04-24T21:56:43.873+0000][1680.483s][debug][safepoint   ] Safepoint synchronization initiated using futex wait barrier. (231 threads)
[2025-04-24T21:56:43.873+0000][1680.483s][info ][safepoint   ] Safepoint "Cleanup", Time since last: 1000187895 ns, Reaching safepoint: 118380 ns, Cleanup: 23493 ns, At safepoint: 15006 ns, Total: 156879 ns
[2025-04-24T21:56:46.668+0000][1683.278s][debug][safepoint   ] Safepoint synchronization initiated using futex wait barrier. (231 threads)
[2025-04-24T21:56:46.668+0000][1683.279s][info ][safepoint   ] Safepoint "Cleanup", Time since last: 2794858550 ns, Reaching safepoint: 306149 ns, Cleanup: 104051 ns, At safepoint: 68275 ns, Total: 478475 ns
[2025-04-24T21:56:47.668+0000][1684.279s][debug][safepoint   ] Safepoint synchronization initiated using futex wait barrier. (231 threads)
[2025-04-24T21:56:47.669+0000][1684.279s][info ][safepoint   ] Safepoint "Cleanup", Time since last: 1000211044 ns, Reaching safepoint: 282575 ns, Cleanup: 34490 ns, At safepoint: 60742 ns, Total: 377807 ns
[2025-04-24T21:56:50.669+0000][1687.280s][debug][safepoint   ] Safepoint synchronization initiated using futex wait barrier. (231 threads)
[2025-04-24T21:56:50.670+0000][1687.280s][info ][safepoint   ] Safepoint "Cleanup", Time since last: 3000494207 ns, Reaching safepoint: 299467 ns, Cleanup: 44721 ns, At safepoint: 28723 ns, Total: 372911 ns
[2025-04-24T21:56:52.670+0000][1689.280s][debug][safepoint   ] Safepoint synchronization initiated using futex wait barrier. (231 threads)
[2025-04-24T21:56:52.670+0000][1689.281s][info ][safepoint   ] Safepoint "Cleanup", Time since last: 2000359431 ns, Reaching safepoint: 239204 ns, Cleanup: 37217 ns, At safepoint: 24222 ns, Total: 300643 ns
[2025-04-24T21:56:53.670+0000][1690.281s][debug][safepoint   ] Safepoint synchronization initiated using futex wait barrier. (231 threads)
[2025-04-24T21:56:53.670+0000][1690.281s][info ][safepoint   ] Safepoint "Cleanup", Time since last: 1000145785 ns, Reaching safepoint: 66926 ns, Cleanup: 12748 ns, At safepoint: 8025 ns, Total: 87699 ns
[2025-04-24T21:56:54.671+0000][1691.281s][debug][safepoint   ] Safepoint synchronization initiated using futex wait barrier. (231 threads)
[2025-04-24T21:56:54.671+0000][1691.281s][info ][safepoint   ] Safepoint "Cleanup", Time since last: 1000163102 ns, Reaching safepoint: 77034 ns, Cleanup: 14949 ns, At safepoint: 6857 ns, Total: 98840 ns
[2025-04-24T21:56:55.671+0000][1692.281s][debug][safepoint   ] Safepoint synchronization initiated using futex wait barrier. (231 threads)
[2025-04-24T21:56:55.671+0000][1692.282s][info ][safepoint   ] Safepoint "Cleanup", Time since last: 1000141802 ns, Reaching safepoint: 223196 ns, Cleanup: 33668 ns, At safepoint: 25002 ns, Total: 281866 ns
[2025-04-24T21:56:57.672+0000][1694.282s][debug][safepoint   ] Safepoint synchronization initiated using futex wait barrier. (231 threads)
[2025-04-24T21:56:57.672+0000][1694.282s][info ][safepoint   ] Safepoint "Cleanup", Time since last: 2000376742 ns, Reaching safepoint: 288859 ns, Cleanup: 44209 ns, At safepoint: 25355 ns, Total: 358423 ns
[2025-04-24T21:56:58.672+0000][1695.283s][debug][safepoint   ] Safepoint synchronization initiated using futex wait barrier. (231 threads)
[2025-04-24T21:56:58.672+0000][1695.283s][info ][safepoint   ] Safepoint "Cleanup", Time since last: 1000233639 ns, Reaching safepoint: 266855 ns, Cleanup: 35424 ns, At safepoint: 21494 ns, Total: 323773 ns
[2025-04-24T21:56:59.673+0000][1696.283s][debug][safepoint   ] Safepoint synchronization initiated using futex wait barrier. (231 threads)
[2025-04-24T21:56:59.673+0000][1696.283s][info ][safepoint   ] Safepoint "Cleanup", Time since last: 1000167576 ns, Reaching safepoint: 111773 ns, Cleanup: 18608 ns, At safepoint: 8528 ns, Total: 138909 ns
[2025-04-24T21:57:00.673+0000][1697.283s][debug][safepoint   ] Safepoint synchronization initiated using futex wait barrier. (231 threads)
[2025-04-24T21:57:00.673+0000][1697.284s][info ][safepoint   ] Safepoint "Cleanup", Time since last: 1000159859 ns, Reaching safepoint: 184487 ns, Cleanup: 35058 ns, At safepoint: 18604 ns, Total: 238149 ns
[2025-04-24T21:57:01.673+0000][1698.284s][debug][safepoint   ] Safepoint synchronization initiated using futex wait barrier. (231 threads)
[2025-04-24T21:57:01.674+0000][1698.284s][info ][safepoint   ] Safepoint "Cleanup", Time since last: 1000282025 ns, Reaching safepoint: 72996 ns, Cleanup: 12127 ns, At safepoint: 8295 ns, Total: 93418 ns
[2025-04-24T21:57:02.674+0000][1699.284s][debug][safepoint   ] Safepoint synchronization initiated using futex wait barrier. (230 threads)
[2025-04-24T21:57:02.674+0000][1699.285s][info ][safepoint   ] Safepoint "Cleanup", Time since last: 1000252455 ns, Reaching safepoint: 287870 ns, Cleanup: 50980 ns, At safepoint: 93565 ns, Total: 432415 ns
[2025-04-24T21:57:03.675+0000][1700.285s][debug][safepoint   ] Safepoint synchronization initiated using futex wait barrier. (230 threads)
[2025-04-24T21:57:03.675+0000][1700.285s][info ][safepoint   ] Safepoint "Cleanup", Time since last: 1000317892 ns, Reaching safepoint: 285693 ns, Cleanup: 37539 ns, At safepoint: 41563 ns, Total: 364795 ns
[2025-04-24T21:57:04.675+0000][1701.286s][debug][safepoint   ] Safepoint synchronization initiated using futex wait barrier. (230 threads)
[2025-04-24T21:57:04.675+0000][1701.286s][info ][safepoint   ] Safepoint "Cleanup", Time since last: 1000275713 ns, Reaching safepoint: 198725 ns, Cleanup: 30334 ns, At safepoint: 22437 ns, Total: 251496 ns
[2025-04-24T21:57:06.676+0000][1703.286s][debug][safepoint   ] Safepoint synchronization initiated using futex wait barrier. (230 threads)
[2025-04-24T21:57:06.676+0000][1703.286s][info ][safepoint   ] Safepoint "Cleanup", Time since last: 2000404868 ns, Reaching safepoint: 126903 ns, Cleanup: 24979 ns, At safepoint: 14731 ns, Total: 166613 ns
[2025-04-24T21:57:10.677+0000][1707.287s][debug][safepoint   ] Safepoint synchronization initiated using futex wait barrier. (230 threads)
[2025-04-24T21:57:10.677+0000][1707.287s][info ][safepoint   ] Safepoint "Cleanup", Time since last: 4000658061 ns, Reaching safepoint: 79465 ns, Cleanup: 14554 ns, At safepoint: 8421 ns, Total: 102440 ns
[2025-04-24T21:57:19.678+0000][1716.288s][debug][safepoint   ] Safepoint synchronization initiated using futex wait barrier. (229 threads)
[2025-04-24T21:57:19.678+0000][1716.288s][info ][safepoint   ] Safepoint "Cleanup", Time since last: 9000826865 ns, Reaching safepoint: 75938 ns, Cleanup: 35128 ns, At safepoint: 8818 ns, Total: 119884 ns
[2025-04-24T21:57:22.678+0000][1719.288s][debug][safepoint   ] Safepoint synchronization initiated using futex wait barrier. (229 threads)
[2025-04-24T21:57:22.678+0000][1719.289s][info ][safepoint   ] Safepoint "Cleanup", Time since last: 3000271956 ns, Reaching safepoint: 99713 ns, Cleanup: 20021 ns, At safepoint: 10240 ns, Total: 129974 ns
[2025-04-24T21:57:24.678+0000][1721.289s][debug][safepoint   ] Safepoint synchronization initiated using futex wait barrier. (229 threads)
[2025-04-24T21:57:24.678+0000][1721.289s][info ][safepoint   ] Safepoint "Cleanup", Time since last: 2000247906 ns, Reaching safepoint: 82410 ns, Cleanup: 13729 ns, At safepoint: 7748 ns, Total: 103887 ns
[2025-04-24T21:57:25.679+0000][1722.289s][debug][safepoint   ] Safepoint synchronization initiated using futex wait barrier. (229 threads)
[2025-04-24T21:57:25.679+0000][1722.289s][info ][safepoint   ] Safepoint "Cleanup", Time since last: 1000189948 ns, Reaching safepoint: 69905 ns, Cleanup: 14230 ns, At safepoint: 5699 ns, Total: 89834 ns
[2025-04-24T21:57:27.679+0000][1724.290s][debug][safepoint   ] Safepoint synchronization initiated using futex wait barrier. (229 threads)
[2025-04-24T21:57:27.679+0000][1724.290s][info ][safepoint   ] Safepoint "Cleanup", Time since last: 2000267982 ns, Reaching safepoint: 225139 ns, Cleanup: 35260 ns, At safepoint: 24834 ns, Total: 285233 ns
[2025-04-24T21:57:38.681+0000][1735.291s][debug][safepoint   ] Safepoint synchronization initiated using futex wait barrier. (229 threads)
[2025-04-24T21:57:38.681+0000][1735.291s][info ][safepoint   ] Safepoint "Cleanup", Time since last: 11001286266 ns, Reaching safepoint: 115570 ns, Cleanup: 13226 ns, At safepoint: 9263 ns, Total: 138059 ns
[2025-04-24T21:57:39.681+0000][1736.291s][debug][safepoint   ] Safepoint synchronization initiated using futex wait barrier. (229 threads)
[2025-04-24T21:57:39.681+0000][1736.291s][info ][safepoint   ] Safepoint "Cleanup", Time since last: 1000108033 ns, Reaching safepoint: 115287 ns, Cleanup: 12513 ns, At safepoint: 7051 ns, Total: 134851 ns
[2025-04-24T21:57:41.681+0000][1738.292s][debug][safepoint   ] Safepoint synchronization initiated using futex wait barrier. (229 threads)
[2025-04-24T21:57:41.682+0000][1738.292s][info ][safepoint   ] Safepoint "Cleanup", Time since last: 2000245481 ns, Reaching safepoint: 251334 ns, Cleanup: 39030 ns, At safepoint: 26336 ns, Total: 316700 ns
[2025-04-24T21:57:42.682+0000][1739.292s][debug][safepoint   ] Safepoint synchronization initiated using futex wait barrier. (229 threads)
[2025-04-24T21:57:42.682+0000][1739.293s][info ][safepoint   ] Safepoint "Cleanup", Time since last: 1000279091 ns, Reaching safepoint: 185728 ns, Cleanup: 29749 ns, At safepoint: 19631 ns, Total: 235108 ns
[2025-04-24T21:57:43.682+0000][1740.293s][debug][safepoint   ] Safepoint synchronization initiated using futex wait barrier. (229 threads)
[2025-04-24T21:57:43.682+0000][1740.293s][info ][safepoint   ] Safepoint "Cleanup", Time since last: 1000114623 ns, Reaching safepoint: 68634 ns, Cleanup: 12555 ns, At safepoint: 6489 ns, Total: 87678 ns
[2025-04-24T21:57:44.682+0000][1741.293s][debug][safepoint   ] Safepoint synchronization initiated using futex wait barrier. (229 threads)
[2025-04-24T21:57:44.683+0000][1741.293s][info ][safepoint   ] Safepoint "Cleanup", Time since last: 1000175346 ns, Reaching safepoint: 185507 ns, Cleanup: 37039 ns, At safepoint: 22015 ns, Total: 244561 ns
[2025-04-24T21:57:45.710+0000][1742.321s][debug][safepoint   ] Safepoint synchronization initiated using futex wait barrier. (229 threads)
[2025-04-24T21:57:45.711+0000][1742.321s][info ][safepoint   ] Safepoint "Cleanup", Time since last: 1027751411 ns, Reaching safepoint: 134818 ns, Cleanup: 42424 ns, At safepoint: 12500 ns, Total: 189742 ns
[2025-04-24T21:57:46.711+0000][1743.321s][debug][safepoint   ] Safepoint synchronization initiated using futex wait barrier. (229 threads)
[2025-04-24T21:57:46.711+0000][1743.322s][info ][safepoint   ] Safepoint "Cleanup", Time since last: 1000180647 ns, Reaching safepoint: 237527 ns, Cleanup: 33677 ns, At safepoint: 28010 ns, Total: 299214 ns
[2025-04-24T21:57:51.712+0000][1748.322s][debug][safepoint   ] Safepoint synchronization initiated using futex wait barrier. (229 threads)
[2025-04-24T21:57:51.712+0000][1748.322s][info ][safepoint   ] Safepoint "Cleanup", Time since last: 5000556929 ns, Reaching safepoint: 107365 ns, Cleanup: 15315 ns, At safepoint: 8600 ns, Total: 131280 ns
[2025-04-24T21:57:53.712+0000][1750.323s][debug][safepoint   ] Safepoint synchronization initiated using futex wait barrier. (229 threads)
[2025-04-24T21:57:53.712+0000][1750.323s][info ][safepoint   ] Safepoint "Cleanup", Time since last: 2000247354 ns, Reaching safepoint: 103242 ns, Cleanup: 20634 ns, At safepoint: 8819 ns, Total: 132695 ns
[2025-04-24T21:57:54.712+0000][1751.323s][debug][safepoint   ] Safepoint synchronization initiated using futex wait barrier. (229 threads)
[2025-04-24T21:57:54.713+0000][1751.323s][info ][safepoint   ] Safepoint "Cleanup", Time since last: 1000309398 ns, Reaching safepoint: 102515 ns, Cleanup: 20836 ns, At safepoint: 7267 ns, Total: 130618 ns
[2025-04-24T21:57:57.093+0000][1753.704s][debug][safepoint   ] Safepoint synchronization initiated using futex wait barrier. (229 threads)
[2025-04-24T21:57:57.094+0000][1753.704s][info ][safepoint   ] Safepoint "Cleanup", Time since last: 2380860662 ns, Reaching safepoint: 160341 ns, Cleanup: 18168 ns, At safepoint: 9695 ns, Total: 188204 ns
[2025-04-24T21:57:58.094+0000][1754.704s][debug][safepoint   ] Safepoint synchronization initiated using futex wait barrier. (229 threads)
[2025-04-24T21:57:58.094+0000][1754.705s][debug][safepoint   ] ... found polling page loop exception at pc = 0x00007cdd45e28b5c, stub =0x00007cdd4498e400
[2025-04-24T21:57:58.094+0000][1754.705s][info ][safepoint   ] Safepoint "Cleanup", Time since last: 1000158953 ns, Reaching safepoint: 327660 ns, Cleanup: 106051 ns, At safepoint: 70325 ns, Total: 504036 ns
[2025-04-24T21:58:03.097+0000][1759.708s][debug][safepoint   ] Safepoint synchronization initiated using futex wait barrier. (228 threads)
[2025-04-24T21:58:03.098+0000][1759.709s][info ][safepoint   ] Safepoint "Cleanup", Time since last: 5002938559 ns, Reaching safepoint: 927493 ns, Cleanup: 35182 ns, At safepoint: 71723 ns, Total: 1034398 ns
[2025-04-24T21:58:04.099+0000][1760.709s][debug][safepoint   ] Safepoint synchronization initiated using futex wait barrier. (228 threads)
[2025-04-24T21:58:04.099+0000][1760.709s][info ][safepoint   ] Safepoint "Cleanup", Time since last: 1000314125 ns, Reaching safepoint: 53829 ns, Cleanup: 10430 ns, At safepoint: 4103 ns, Total: 68362 ns
[2025-04-24T21:58:05.099+0000][1761.709s][debug][safepoint   ] Safepoint synchronization initiated using futex wait barrier. (228 threads)
[2025-04-24T21:58:05.099+0000][1761.709s][info ][safepoint   ] Safepoint "Cleanup", Time since last: 1000135605 ns, Reaching safepoint: 149159 ns, Cleanup: 23289 ns, At safepoint: 14773 ns, Total: 187221 ns
[2025-04-24T21:58:06.099+0000][1762.710s][debug][safepoint   ] Safepoint synchronization initiated using futex wait barrier. (228 threads)
[2025-04-24T21:58:06.099+0000][1762.710s][info ][safepoint   ] Safepoint "Cleanup", Time since last: 1000333227 ns, Reaching safepoint: 68003 ns, Cleanup: 11154 ns, At safepoint: 4580 ns, Total: 83737 ns
[2025-04-24T21:58:07.951+0000][1764.562s][debug][safepoint   ] Safepoint synchronization initiated using futex wait barrier. (228 threads)
[2025-04-24T21:58:07.952+0000][1764.562s][info ][gc,start    ] GC(82) Pause Young (Normal) (G1 Evacuation Pause)
[2025-04-24T21:58:07.952+0000][1764.562s][info ][gc,task     ] GC(82) Using 4 workers of 4 for evacuation
[2025-04-24T21:58:07.998+0000][1764.609s][info ][gc,phases   ] GC(82)   Pre Evacuate Collection Set: 0.6ms
[2025-04-24T21:58:07.998+0000][1764.609s][info ][gc,phases   ] GC(82)   Merge Heap Roots: 0.5ms
[2025-04-24T21:58:07.998+0000][1764.609s][info ][gc,phases   ] GC(82)   Evacuate Collection Set: 40.7ms
[2025-04-24T21:58:07.998+0000][1764.609s][info ][gc,phases   ] GC(82)   Post Evacuate Collection Set: 4.4ms
[2025-04-24T21:58:07.998+0000][1764.609s][info ][gc,phases   ] GC(82)   Other: 0.5ms
[2025-04-24T21:58:07.998+0000][1764.609s][info ][gc,heap     ] GC(82) Eden regions: 207->0(206)
[2025-04-24T21:58:07.998+0000][1764.609s][info ][gc,heap     ] GC(82) Survivor regions: 11->11(28)
[2025-04-24T21:58:07.998+0000][1764.609s][info ][gc,heap     ] GC(82) Old regions: 183->184
[2025-04-24T21:58:07.998+0000][1764.609s][info ][gc,heap     ] GC(82) Archive regions: 2->2
[2025-04-24T21:58:07.998+0000][1764.609s][info ][gc,heap     ] GC(82) Humongous regions: 3->2
[2025-04-24T21:58:07.998+0000][1764.609s][info ][gc,metaspace] GC(82) Metaspace: 192460K(193856K)->192460K(193856K) NonClass: 169430K(170112K)->169430K(170112K) Class: 23030K(23744K)->23030K(23744K)
[2025-04-24T21:58:07.998+0000][1764.609s][info ][gc          ] GC(82) Pause Young (Normal) (G1 Evacuation Pause) 404M->196M(463M) 46.745ms
[2025-04-24T21:58:07.998+0000][1764.609s][info ][gc,cpu      ] GC(82) User=0.11s Sys=0.00s Real=0.05s
[2025-04-24T21:58:07.999+0000][1764.609s][info ][safepoint   ] Safepoint "G1CollectForAllocation", Time since last: 1851949056 ns, Reaching safepoint: 123315 ns, Cleanup: 15579 ns, At safepoint: 47361588 ns, Total: 47500482 ns
[2025-04-24T21:58:09.999+0000][1766.610s][debug][safepoint   ] Safepoint synchronization initiated using futex wait barrier. (228 threads)
[2025-04-24T21:58:10.000+0000][1766.610s][info ][safepoint   ] Safepoint "Cleanup", Time since last: 2000447979 ns, Reaching safepoint: 271675 ns, Cleanup: 24433 ns, At safepoint: 10551 ns, Total: 306659 ns
[2025-04-24T21:58:11.000+0000][1767.610s][debug][safepoint   ] Safepoint synchronization initiated using futex wait barrier. (227 threads)
[2025-04-24T21:58:11.000+0000][1767.611s][info ][safepoint   ] Safepoint "Cleanup", Time since last: 1000141562 ns, Reaching safepoint: 213268 ns, Cleanup: 40910 ns, At safepoint: 17637 ns, Total: 271815 ns
[2025-04-24T21:58:15.000+0000][1771.611s][debug][safepoint   ] Safepoint synchronization initiated using futex wait barrier. (227 threads)
[2025-04-24T21:58:15.001+0000][1771.611s][info ][safepoint   ] Safepoint "Cleanup", Time since last: 4000443857 ns, Reaching safepoint: 53352 ns, Cleanup: 11284 ns, At safepoint: 5004 ns, Total: 69640 ns
[2025-04-24T21:58:16.001+0000][1772.611s][debug][safepoint   ] Safepoint synchronization initiated using futex wait barrier. (227 threads)
[2025-04-24T21:58:16.001+0000][1772.611s][info ][safepoint   ] Safepoint "Cleanup", Time since last: 1000116301 ns, Reaching safepoint: 249576 ns, Cleanup: 15531 ns, At safepoint: 6474 ns, Total: 271581 ns
[2025-04-24T21:58:18.001+0000][1774.612s][debug][safepoint   ] Safepoint synchronization initiated using futex wait barrier. (227 threads)
[2025-04-24T21:58:18.001+0000][1774.612s][info ][safepoint   ] Safepoint "Cleanup", Time since last: 2000271707 ns, Reaching safepoint: 96342 ns, Cleanup: 34126 ns, At safepoint: 8399 ns, Total: 138867 ns
[2025-04-24T21:58:20.002+0000][1776.612s][debug][safepoint   ] Safepoint synchronization initiated using futex wait barrier. (230 threads)
[2025-04-24T21:58:20.002+0000][1776.612s][info ][safepoint   ] Safepoint "Cleanup", Time since last: 2000294839 ns, Reaching safepoint: 105604 ns, Cleanup: 37144 ns, At safepoint: 10069 ns, Total: 152817 ns
[2025-04-24T21:58:26.002+0000][1782.613s][debug][safepoint   ] Safepoint synchronization initiated using futex wait barrier. (232 threads)
[2025-04-24T21:58:26.003+0000][1782.613s][info ][safepoint   ] Safepoint "Cleanup", Time since last: 6000559304 ns, Reaching safepoint: 139995 ns, Cleanup: 19757 ns, At safepoint: 12033 ns, Total: 171785 ns
[2025-04-24T21:58:28.003+0000][1784.613s][debug][safepoint   ] Safepoint synchronization initiated using futex wait barrier. (234 threads)
[2025-04-24T21:58:28.003+0000][1784.614s][info ][safepoint   ] Safepoint "Cleanup", Time since last: 2000310048 ns, Reaching safepoint: 158656 ns, Cleanup: 58208 ns, At safepoint: 17922 ns, Total: 234786 ns
[2025-04-24T21:58:29.003+0000][1785.614s][debug][safepoint   ] Safepoint synchronization initiated using futex wait barrier. (234 threads)
[2025-04-24T21:58:29.003+0000][1785.614s][info ][safepoint   ] Safepoint "Cleanup", Time since last: 1000134947 ns, Reaching safepoint: 99117 ns, Cleanup: 24186 ns, At safepoint: 6532 ns, Total: 129835 ns
[2025-04-24T21:58:30.003+0000][1786.614s][debug][safepoint   ] Safepoint synchronization initiated using futex wait barrier. (234 threads)
[2025-04-24T21:58:30.004+0000][1786.614s][info ][safepoint   ] Safepoint "Cleanup", Time since last: 1000112467 ns, Reaching safepoint: 55666 ns, Cleanup: 15363 ns, At safepoint: 5378 ns, Total: 76407 ns
[2025-04-24T21:58:31.004+0000][1787.614s][debug][safepoint   ] Safepoint synchronization initiated using futex wait barrier. (234 threads)
[2025-04-24T21:58:31.004+0000][1787.615s][info ][safepoint   ] Safepoint "Cleanup", Time since last: 1000148290 ns, Reaching safepoint: 285200 ns, Cleanup: 71232 ns, At safepoint: 22804 ns, Total: 379236 ns
[2025-04-24T21:58:33.004+0000][1789.615s][debug][safepoint   ] Safepoint synchronization initiated using futex wait barrier. (233 threads)
[2025-04-24T21:58:33.005+0000][1789.615s][info ][safepoint   ] Safepoint "Cleanup", Time since last: 2000325807 ns, Reaching safepoint: 172246 ns, Cleanup: 60815 ns, At safepoint: 17613 ns, Total: 250674 ns
[2025-04-24T21:58:34.005+0000][1790.615s][debug][safepoint   ] Safepoint synchronization initiated using futex wait barrier. (233 threads)
[2025-04-24T21:58:34.005+0000][1790.615s][info ][safepoint   ] Safepoint "Cleanup", Time since last: 1000207354 ns, Reaching safepoint: 154161 ns, Cleanup: 27691 ns, At safepoint: 15582 ns, Total: 197434 ns
[2025-04-24T21:58:35.005+0000][1791.616s][debug][safepoint   ] Safepoint synchronization initiated using futex wait barrier. (235 threads)
[2025-04-24T21:58:35.005+0000][1791.616s][info ][safepoint   ] Safepoint "Cleanup", Time since last: 1000212046 ns, Reaching safepoint: 177985 ns, Cleanup: 39951 ns, At safepoint: 24883 ns, Total: 242819 ns
[2025-04-24T21:58:36.006+0000][1792.616s][debug][safepoint   ] Safepoint synchronization initiated using futex wait barrier. (235 threads)
[2025-04-24T21:58:36.006+0000][1792.616s][info ][safepoint   ] Safepoint "Cleanup", Time since last: 1000257842 ns, Reaching safepoint: 154697 ns, Cleanup: 37599 ns, At safepoint: 22054 ns, Total: 214350 ns
[2025-04-24T21:58:38.006+0000][1794.617s][debug][safepoint   ] Safepoint synchronization initiated using futex wait barrier. (235 threads)
[2025-04-24T21:58:38.006+0000][1794.617s][info ][safepoint   ] Safepoint "Cleanup", Time since last: 2000340377 ns, Reaching safepoint: 58855 ns, Cleanup: 9572 ns, At safepoint: 4256 ns, Total: 72683 ns
[2025-04-24T21:58:39.006+0000][1795.617s][debug][safepoint   ] Safepoint synchronization initiated using futex wait barrier. (235 threads)
[2025-04-24T21:58:39.007+0000][1795.617s][info ][safepoint   ] Safepoint "Cleanup", Time since last: 1000092553 ns, Reaching safepoint: 123247 ns, Cleanup: 17254 ns, At safepoint: 8220 ns, Total: 148721 ns
[2025-04-24T21:58:40.007+0000][1796.617s][debug][safepoint   ] Safepoint synchronization initiated using futex wait barrier. (235 threads)
[2025-04-24T21:58:40.007+0000][1796.617s][info ][safepoint   ] Safepoint "Cleanup", Time since last: 1000105821 ns, Reaching safepoint: 107873 ns, Cleanup: 14835 ns, At safepoint: 6553 ns, Total: 129261 ns
[2025-04-24T21:58:43.008+0000][1799.618s][debug][safepoint   ] Safepoint synchronization initiated using futex wait barrier. (235 threads)
[2025-04-24T21:58:43.008+0000][1799.618s][info ][safepoint   ] Safepoint "Cleanup", Time since last: 3000812351 ns, Reaching safepoint: 158631 ns, Cleanup: 22533 ns, At safepoint: 19109 ns, Total: 200273 ns
[2025-04-24T21:58:44.744+0000][1801.354s][debug][safepoint   ] Safepoint synchronization initiated using futex wait barrier. (235 threads)
[2025-04-24T21:58:44.744+0000][1801.355s][info ][safepoint   ] Safepoint "Cleanup", Time since last: 1736003949 ns, Reaching safepoint: 188232 ns, Cleanup: 27260 ns, At safepoint: 17893 ns, Total: 233385 ns
[2025-04-24T21:58:45.744+0000][1802.355s][debug][safepoint   ] Safepoint synchronization initiated using futex wait barrier. (235 threads)
[2025-04-24T21:58:45.744+0000][1802.355s][info ][safepoint   ] Safepoint "Cleanup", Time since last: 1000148030 ns, Reaching safepoint: 113272 ns, Cleanup: 23641 ns, At safepoint: 9442 ns, Total: 146355 ns
[2025-04-24T21:58:49.746+0000][1806.357s][debug][safepoint   ] Safepoint synchronization initiated using futex wait barrier. (235 threads)
[2025-04-24T21:58:49.746+0000][1806.357s][info ][safepoint   ] Safepoint "Cleanup", Time since last: 4001792047 ns, Reaching safepoint: 171383 ns, Cleanup: 18444 ns, At safepoint: 15369 ns, Total: 205196 ns
[2025-04-24T21:58:50.747+0000][1807.357s][debug][safepoint   ] Safepoint synchronization initiated using futex wait barrier. (235 threads)
[2025-04-24T21:58:50.747+0000][1807.357s][info ][safepoint   ] Safepoint "Cleanup", Time since last: 1000133817 ns, Reaching safepoint: 78865 ns, Cleanup: 28950 ns, At safepoint: 9141 ns, Total: 116956 ns
[2025-04-24T21:58:51.747+0000][1808.357s][debug][safepoint   ] Safepoint synchronization initiated using futex wait barrier. (235 threads)
[2025-04-24T21:58:51.747+0000][1808.357s][info ][safepoint   ] Safepoint "Cleanup", Time since last: 1000112010 ns, Reaching safepoint: 96511 ns, Cleanup: 16490 ns, At safepoint: 6971 ns, Total: 119972 ns
[2025-04-24T21:58:54.747+0000][1811.358s][debug][safepoint   ] Safepoint synchronization initiated using futex wait barrier. (235 threads)
[2025-04-24T21:58:54.747+0000][1811.358s][info ][safepoint   ] Safepoint "Cleanup", Time since last: 3000336663 ns, Reaching safepoint: 170015 ns, Cleanup: 47056 ns, At safepoint: 30983 ns, Total: 248054 ns
[2025-04-24T21:58:55.748+0000][1812.358s][debug][safepoint   ] Safepoint synchronization initiated using futex wait barrier. (235 threads)
[2025-04-24T21:58:55.748+0000][1812.358s][info ][safepoint   ] Safepoint "Cleanup", Time since last: 1000263850 ns, Reaching safepoint: 72215 ns, Cleanup: 14125 ns, At safepoint: 5494 ns, Total: 91834 ns
[2025-04-24T21:58:56.748+0000][1813.358s][debug][safepoint   ] Safepoint synchronization initiated using futex wait barrier. (235 threads)
[2025-04-24T21:58:56.748+0000][1813.359s][info ][safepoint   ] Safepoint "Cleanup", Time since last: 1000107005 ns, Reaching safepoint: 109509 ns, Cleanup: 15189 ns, At safepoint: 6210 ns, Total: 130908 ns
[2025-04-24T21:58:57.748+0000][1814.359s][debug][safepoint   ] Safepoint synchronization initiated using futex wait barrier. (235 threads)
[2025-04-24T21:58:57.748+0000][1814.359s][info ][safepoint   ] Safepoint "Cleanup", Time since last: 1000090833 ns, Reaching safepoint: 100752 ns, Cleanup: 12608 ns, At safepoint: 5779 ns, Total: 119139 ns
[2025-04-24T21:59:00.749+0000][1817.359s][debug][safepoint   ] Safepoint synchronization initiated using futex wait barrier. (235 threads)
[2025-04-24T21:59:00.749+0000][1817.359s][info ][safepoint   ] Safepoint "Cleanup", Time since last: 3000268197 ns, Reaching safepoint: 101085 ns, Cleanup: 15051 ns, At safepoint: 6762 ns, Total: 122898 ns
[2025-04-24T21:59:01.749+0000][1818.359s][debug][safepoint   ] Safepoint synchronization initiated using futex wait barrier. (235 threads)
[2025-04-24T21:59:01.749+0000][1818.359s][info ][safepoint   ] Safepoint "Cleanup", Time since last: 1000200487 ns, Reaching safepoint: 58829 ns, Cleanup: 10309 ns, At safepoint: 4838 ns, Total: 73976 ns
[2025-04-24T21:59:05.749+0000][1822.360s][debug][safepoint   ] Safepoint synchronization initiated using futex wait barrier. (235 threads)
[2025-04-24T21:59:05.749+0000][1822.360s][info ][safepoint   ] Safepoint "Cleanup", Time since last: 4000331975 ns, Reaching safepoint: 69948 ns, Cleanup: 11443 ns, At safepoint: 5963 ns, Total: 87354 ns
[2025-04-24T21:59:06.749+0000][1823.360s][debug][safepoint   ] Safepoint synchronization initiated using futex wait barrier. (234 threads)
[2025-04-24T21:59:06.750+0000][1823.360s][info ][safepoint   ] Safepoint "Cleanup", Time since last: 1000091983 ns, Reaching safepoint: 95120 ns, Cleanup: 60760 ns, At safepoint: 44063 ns, Total: 199943 ns
[2025-04-24T21:59:07.750+0000][1824.360s][debug][safepoint   ] Safepoint synchronization initiated using futex wait barrier. (236 threads)
[2025-04-24T21:59:07.750+0000][1824.360s][info ][safepoint   ] Safepoint "Cleanup", Time since last: 1000085241 ns, Reaching safepoint: 102841 ns, Cleanup: 17953 ns, At safepoint: 6825 ns, Total: 127619 ns
[2025-04-24T21:59:08.750+0000][1825.360s][debug][safepoint   ] Safepoint synchronization initiated using futex wait barrier. (236 threads)
[2025-04-24T21:59:08.750+0000][1825.361s][info ][safepoint   ] Safepoint "Cleanup", Time since last: 1000127193 ns, Reaching safepoint: 85871 ns, Cleanup: 20405 ns, At safepoint: 7431 ns, Total: 113707 ns
[2025-04-24T21:59:09.750+0000][1826.361s][debug][safepoint   ] Safepoint synchronization initiated using futex wait barrier. (236 threads)
[2025-04-24T21:59:09.751+0000][1826.361s][info ][safepoint   ] Safepoint "Cleanup", Time since last: 1000167118 ns, Reaching safepoint: 294777 ns, Cleanup: 37209 ns, At safepoint: 47258 ns, Total: 379244 ns
[2025-04-24T21:59:16.751+0000][1833.362s][debug][safepoint   ] Safepoint synchronization initiated using futex wait barrier. (234 threads)
[2025-04-24T21:59:16.751+0000][1833.362s][info ][safepoint   ] Safepoint "Cleanup", Time since last: 7000653232 ns, Reaching safepoint: 118932 ns, Cleanup: 15172 ns, At safepoint: 6874 ns, Total: 140978 ns
[2025-04-24T21:59:20.752+0000][1837.362s][debug][safepoint   ] Safepoint synchronization initiated using futex wait barrier. (234 threads)
[2025-04-24T21:59:20.752+0000][1837.362s][info ][safepoint   ] Safepoint "Cleanup", Time since last: 4000321327 ns, Reaching safepoint: 93785 ns, Cleanup: 26764 ns, At safepoint: 8919 ns, Total: 129468 ns
[2025-04-24T21:59:25.752+0000][1842.363s][debug][safepoint   ] Safepoint synchronization initiated using futex wait barrier. (234 threads)
[2025-04-24T21:59:25.752+0000][1842.363s][info ][safepoint   ] Safepoint "Cleanup", Time since last: 5000427969 ns, Reaching safepoint: 92293 ns, Cleanup: 13437 ns, At safepoint: 5586 ns, Total: 111316 ns
[2025-04-24T21:59:27.753+0000][1844.363s][debug][safepoint   ] Safepoint synchronization initiated using futex wait barrier. (234 threads)
[2025-04-24T21:59:27.753+0000][1844.363s][info ][safepoint   ] Safepoint "Cleanup", Time since last: 2000157901 ns, Reaching safepoint: 214532 ns, Cleanup: 20092 ns, At safepoint: 8428 ns, Total: 243052 ns
[2025-04-24T21:59:35.754+0000][1852.364s][debug][safepoint   ] Safepoint synchronization initiated using futex wait barrier. (233 threads)
[2025-04-24T21:59:35.754+0000][1852.364s][info ][safepoint   ] Safepoint "Cleanup", Time since last: 8000686189 ns, Reaching safepoint: 231790 ns, Cleanup: 15989 ns, At safepoint: 10158 ns, Total: 257937 ns
[2025-04-24T21:59:37.755+0000][1854.365s][debug][safepoint   ] Safepoint synchronization initiated using futex wait barrier. (233 threads)
[2025-04-24T21:59:37.755+0000][1854.365s][info ][safepoint   ] Safepoint "Cleanup", Time since last: 2000940840 ns, Reaching safepoint: 244060 ns, Cleanup: 16609 ns, At safepoint: 6503 ns, Total: 267172 ns
[2025-04-24T21:59:39.755+0000][1856.366s][debug][safepoint   ] Safepoint synchronization initiated using futex wait barrier. (233 threads)
[2025-04-24T21:59:39.755+0000][1856.366s][info ][safepoint   ] Safepoint "Cleanup", Time since last: 2000179319 ns, Reaching safepoint: 92999 ns, Cleanup: 15013 ns, At safepoint: 9310 ns, Total: 117322 ns
[2025-04-24T21:59:42.756+0000][1859.366s][debug][safepoint   ] Safepoint synchronization initiated using futex wait barrier. (233 threads)
[2025-04-24T21:59:42.756+0000][1859.367s][info ][safepoint   ] Safepoint "Cleanup", Time since last: 3000675737 ns, Reaching safepoint: 188861 ns, Cleanup: 25912 ns, At safepoint: 26899 ns, Total: 241672 ns
[2025-04-24T21:59:43.756+0000][1860.367s][debug][safepoint   ] Safepoint synchronization initiated using futex wait barrier. (233 threads)
[2025-04-24T21:59:43.757+0000][1860.367s][info ][safepoint   ] Safepoint "Cleanup", Time since last: 1000200956 ns, Reaching safepoint: 236794 ns, Cleanup: 35776 ns, At safepoint: 75158 ns, Total: 347728 ns
[2025-04-24T21:59:45.775+0000][1862.385s][debug][safepoint   ] Safepoint synchronization initiated using futex wait barrier. (233 threads)
[2025-04-24T21:59:45.775+0000][1862.386s][info ][safepoint   ] Safepoint "Cleanup", Time since last: 2018250887 ns, Reaching safepoint: 67011 ns, Cleanup: 19021 ns, At safepoint: 4633 ns, Total: 90665 ns
[2025-04-24T21:59:46.775+0000][1863.386s][debug][safepoint   ] Safepoint synchronization initiated using futex wait barrier. (233 threads)
[2025-04-24T21:59:46.775+0000][1863.386s][info ][safepoint   ] Safepoint "Cleanup", Time since last: 1000087121 ns, Reaching safepoint: 127427 ns, Cleanup: 18261 ns, At safepoint: 10409 ns, Total: 156097 ns
[2025-04-24T21:59:47.775+0000][1864.386s][debug][safepoint   ] Safepoint synchronization initiated using futex wait barrier. (233 threads)
[2025-04-24T21:59:47.776+0000][1864.386s][info ][safepoint   ] Safepoint "Cleanup", Time since last: 1000126801 ns, Reaching safepoint: 138125 ns, Cleanup: 19358 ns, At safepoint: 10241 ns, Total: 167724 ns
[2025-04-24T21:59:51.776+0000][1868.386s][debug][safepoint   ] Safepoint synchronization initiated using futex wait barrier. (233 threads)
[2025-04-24T21:59:51.776+0000][1868.387s][info ][safepoint   ] Safepoint "Cleanup", Time since last: 4000342584 ns, Reaching safepoint: 134313 ns, Cleanup: 23278 ns, At safepoint: 11473 ns, Total: 169064 ns
[2025-04-24T21:59:54.780+0000][1871.390s][debug][safepoint   ] Safepoint synchronization initiated using futex wait barrier. (233 threads)
[2025-04-24T21:59:54.780+0000][1871.391s][info ][safepoint   ] Safepoint "Cleanup", Time since last: 3003649095 ns, Reaching safepoint: 230005 ns, Cleanup: 91331 ns, At safepoint: 20668 ns, Total: 342004 ns
[2025-04-24T21:59:55.780+0000][1872.391s][debug][safepoint   ] Safepoint synchronization initiated using futex wait barrier. (233 threads)
[2025-04-24T21:59:55.781+0000][1872.391s][info ][safepoint   ] Safepoint "Cleanup", Time since last: 1000260650 ns, Reaching safepoint: 152155 ns, Cleanup: 58684 ns, At safepoint: 16839 ns, Total: 227678 ns
[2025-04-24T21:59:57.781+0000][1874.391s][debug][safepoint   ] Safepoint synchronization initiated using futex wait barrier. (233 threads)
[2025-04-24T21:59:57.781+0000][1874.392s][info ][safepoint   ] Safepoint "Cleanup", Time since last: 2000220047 ns, Reaching safepoint: 184504 ns, Cleanup: 27196 ns, At safepoint: 12672 ns, Total: 224372 ns
[2025-04-24T21:59:58.781+0000][1875.392s][debug][safepoint   ] Safepoint synchronization initiated using futex wait barrier. (233 threads)
[2025-04-24T21:59:58.782+0000][1875.392s][info ][safepoint   ] Safepoint "Cleanup", Time since last: 1000239472 ns, Reaching safepoint: 308900 ns, Cleanup: 36556 ns, At safepoint: 23979 ns, Total: 369435 ns
[2025-04-24T21:59:59.782+0000][1876.392s][debug][safepoint   ] Safepoint synchronization initiated using futex wait barrier. (233 threads)
[2025-04-24T21:59:59.782+0000][1876.392s][info ][safepoint   ] Safepoint "Cleanup", Time since last: 1000194626 ns, Reaching safepoint: 89240 ns, Cleanup: 12958 ns, At safepoint: 8273 ns, Total: 110471 ns
[2025-04-24T22:00:02.782+0000][1879.393s][debug][safepoint   ] Safepoint synchronization initiated using futex wait barrier. (233 threads)
[2025-04-24T22:00:02.782+0000][1879.393s][info ][safepoint   ] Safepoint "Cleanup", Time since last: 3000306736 ns, Reaching safepoint: 140955 ns, Cleanup: 14746 ns, At safepoint: 8627 ns, Total: 164328 ns
[2025-04-24T22:00:05.783+0000][1882.393s][debug][safepoint   ] Safepoint synchronization initiated using futex wait barrier. (233 threads)
[2025-04-24T22:00:05.783+0000][1882.393s][info ][safepoint   ] Safepoint "Cleanup", Time since last: 3000379083 ns, Reaching safepoint: 128952 ns, Cleanup: 16865 ns, At safepoint: 10110 ns, Total: 155927 ns
[2025-04-24T22:00:09.674+0000][1886.285s][debug][safepoint   ] Safepoint synchronization initiated using futex wait barrier. (233 threads)
[2025-04-24T22:00:09.675+0000][1886.285s][info ][gc,start    ] GC(83) Pause Young (Normal) (G1 Evacuation Pause)
[2025-04-24T22:00:09.675+0000][1886.285s][info ][gc,task     ] GC(83) Using 4 workers of 4 for evacuation
[2025-04-24T22:00:09.775+0000][1886.385s][info ][gc,phases   ] GC(83)   Pre Evacuate Collection Set: 0.6ms
[2025-04-24T22:00:09.775+0000][1886.385s][info ][gc,phases   ] GC(83)   Merge Heap Roots: 0.9ms
[2025-04-24T22:00:09.775+0000][1886.385s][info ][gc,phases   ] GC(83)   Evacuate Collection Set: 88.7ms
[2025-04-24T22:00:09.775+0000][1886.385s][info ][gc,phases   ] GC(83)   Post Evacuate Collection Set: 9.2ms
[2025-04-24T22:00:09.775+0000][1886.385s][info ][gc,phases   ] GC(83)   Other: 0.6ms
[2025-04-24T22:00:09.775+0000][1886.385s][info ][gc,heap     ] GC(83) Eden regions: 206->0(204)
[2025-04-24T22:00:09.775+0000][1886.385s][info ][gc,heap     ] GC(83) Survivor regions: 11->12(28)
[2025-04-24T22:00:09.775+0000][1886.385s][info ][gc,heap     ] GC(83) Old regions: 184->184
[2025-04-24T22:00:09.775+0000][1886.385s][info ][gc,heap     ] GC(83) Archive regions: 2->2
[2025-04-24T22:00:09.775+0000][1886.385s][info ][gc,heap     ] GC(83) Humongous regions: 2->2
[2025-04-24T22:00:09.775+0000][1886.385s][info ][gc,metaspace] GC(83) Metaspace: 192724K(194176K)->192724K(194176K) NonClass: 169685K(170432K)->169685K(170432K) Class: 23039K(23744K)->23039K(23744K)
[2025-04-24T22:00:09.775+0000][1886.386s][info ][gc          ] GC(83) Pause Young (Normal) (G1 Evacuation Pause) 402M->197M(463M) 100.449ms
[2025-04-24T22:00:09.775+0000][1886.386s][info ][gc,cpu      ] GC(83) User=0.23s Sys=0.01s Real=0.10s
[2025-04-24T22:00:09.777+0000][1886.388s][info ][safepoint   ] Safepoint "G1CollectForAllocation", Time since last: 3891282931 ns, Reaching safepoint: 262568 ns, Cleanup: 15243 ns, At safepoint: 102852220 ns, Total: 103130031 ns
[2025-04-24T22:00:10.778+0000][1887.388s][debug][safepoint   ] Safepoint synchronization initiated using futex wait barrier. (233 threads)
[2025-04-24T22:00:10.778+0000][1887.388s][info ][safepoint   ] Safepoint "Cleanup", Time since last: 1000358375 ns, Reaching safepoint: 72140 ns, Cleanup: 19862 ns, At safepoint: 5846 ns, Total: 97848 ns
[2025-04-24T22:00:15.778+0000][1892.389s][debug][safepoint   ] Safepoint synchronization initiated using futex wait barrier. (233 threads)
[2025-04-24T22:00:15.778+0000][1892.389s][info ][safepoint   ] Safepoint "Cleanup", Time since last: 5000495468 ns, Reaching safepoint: 116332 ns, Cleanup: 21542 ns, At safepoint: 12287 ns, Total: 150161 ns
[2025-04-24T22:00:18.779+0000][1895.389s][debug][safepoint   ] Safepoint synchronization initiated using futex wait barrier. (233 threads)
[2025-04-24T22:00:18.779+0000][1895.389s][info ][safepoint   ] Safepoint "Cleanup", Time since last: 3000441193 ns, Reaching safepoint: 61889 ns, Cleanup: 10537 ns, At safepoint: 4817 ns, Total: 77243 ns
[2025-04-24T22:00:20.779+0000][1897.390s][debug][safepoint   ] Safepoint synchronization initiated using futex wait barrier. (232 threads)
[2025-04-24T22:00:20.780+0000][1897.390s][info ][safepoint   ] Safepoint "Cleanup", Time since last: 2000228547 ns, Reaching safepoint: 350589 ns, Cleanup: 18900 ns, At safepoint: 12571 ns, Total: 382060 ns
[2025-04-24T22:00:22.780+0000][1899.390s][debug][safepoint   ] Safepoint synchronization initiated using futex wait barrier. (232 threads)
[2025-04-24T22:00:22.780+0000][1899.390s][info ][safepoint   ] Safepoint "Cleanup", Time since last: 2000154813 ns, Reaching safepoint: 71148 ns, Cleanup: 10622 ns, At safepoint: 4885 ns, Total: 86655 ns
[2025-04-24T22:00:24.780+0000][1901.391s][debug][safepoint   ] Safepoint synchronization initiated using futex wait barrier. (232 threads)
[2025-04-24T22:00:24.780+0000][1901.391s][info ][safepoint   ] Safepoint "Cleanup", Time since last: 2000190324 ns, Reaching safepoint: 79300 ns, Cleanup: 16077 ns, At safepoint: 6242 ns, Total: 101619 ns
[2025-04-24T22:00:36.781+0000][1913.391s][debug][safepoint   ] Safepoint synchronization initiated using futex wait barrier. (231 threads)
[2025-04-24T22:00:36.781+0000][1913.392s][info ][safepoint   ] Safepoint "Cleanup", Time since last: 12000867829 ns, Reaching safepoint: 144022 ns, Cleanup: 20797 ns, At safepoint: 6573 ns, Total: 171392 ns
[2025-04-24T22:00:38.109+0000][1914.719s][debug][safepoint   ] Safepoint synchronization initiated using futex wait barrier. (234 threads)
[2025-04-24T22:00:38.109+0000][1914.720s][info ][safepoint   ] Safepoint "Cleanup", Time since last: 1327803405 ns, Reaching safepoint: 75832 ns, Cleanup: 168695 ns, At safepoint: 22181 ns, Total: 266708 ns
[2025-04-24T22:00:39.109+0000][1915.720s][debug][safepoint   ] Safepoint synchronization initiated using futex wait barrier. (234 threads)
[2025-04-24T22:00:39.109+0000][1915.720s][info ][safepoint   ] Safepoint "Cleanup", Time since last: 1000128327 ns, Reaching safepoint: 56689 ns, Cleanup: 40123 ns, At safepoint: 5990 ns, Total: 102802 ns
[2025-04-24T22:00:40.110+0000][1916.720s][debug][safepoint   ] Safepoint synchronization initiated using futex wait barrier. (234 threads)
[2025-04-24T22:00:40.110+0000][1916.720s][info ][safepoint   ] Safepoint "Cleanup", Time since last: 1000097140 ns, Reaching safepoint: 85667 ns, Cleanup: 13529 ns, At safepoint: 16753 ns, Total: 115949 ns
[2025-04-24T22:00:41.110+0000][1917.720s][debug][safepoint   ] Safepoint synchronization initiated using futex wait barrier. (234 threads)
[2025-04-24T22:00:41.110+0000][1917.720s][info ][safepoint   ] Safepoint "Cleanup", Time since last: 1000089798 ns, Reaching safepoint: 97595 ns, Cleanup: 18708 ns, At safepoint: 7467 ns, Total: 123770 ns
[2025-04-24T22:00:44.110+0000][1920.721s][debug][safepoint   ] Safepoint synchronization initiated using futex wait barrier. (234 threads)
[2025-04-24T22:00:44.110+0000][1920.721s][info ][safepoint   ] Safepoint "Cleanup", Time since last: 3000237229 ns, Reaching safepoint: 190780 ns, Cleanup: 18539 ns, At safepoint: 5884 ns, Total: 215203 ns
[2025-04-24T22:00:51.812+0000][1928.422s][debug][safepoint   ] Safepoint synchronization initiated using futex wait barrier. (234 threads)
[2025-04-24T22:00:51.812+0000][1928.422s][debug][safepoint   ] ... found polling page loop exception at pc = 0x00007cdd455058b8, stub =0x00007cdd4498e400
[2025-04-24T22:00:51.812+0000][1928.422s][info ][safepoint   ] Safepoint "Cleanup", Time since last: 7701175678 ns, Reaching safepoint: 233220 ns, Cleanup: 11666 ns, At safepoint: 38214 ns, Total: 283100 ns
[2025-04-24T22:00:55.815+0000][1932.425s][debug][safepoint   ] Safepoint synchronization initiated using futex wait barrier. (234 threads)
[2025-04-24T22:00:55.815+0000][1932.426s][info ][safepoint   ] Safepoint "Cleanup", Time since last: 4003024760 ns, Reaching safepoint: 254112 ns, Cleanup: 30987 ns, At safepoint: 27040 ns, Total: 312139 ns
[2025-04-24T22:01:05.816+0000][1942.427s][debug][safepoint   ] Safepoint synchronization initiated using futex wait barrier. (234 threads)
[2025-04-24T22:01:05.817+0000][1942.427s][info ][safepoint   ] Safepoint "Cleanup", Time since last: 10000925933 ns, Reaching safepoint: 282743 ns, Cleanup: 96983 ns, At safepoint: 27420 ns, Total: 407146 ns
[2025-04-24T22:01:07.817+0000][1944.428s][debug][safepoint   ] Safepoint synchronization initiated using futex wait barrier. (234 threads)
[2025-04-24T22:01:07.817+0000][1944.428s][info ][safepoint   ] Safepoint "Cleanup", Time since last: 2000533631 ns, Reaching safepoint: 216289 ns, Cleanup: 32437 ns, At safepoint: 24421 ns, Total: 273147 ns
[2025-04-24T22:01:11.818+0000][1948.428s][debug][safepoint   ] Safepoint synchronization initiated using futex wait barrier. (234 threads)
[2025-04-24T22:01:11.818+0000][1948.429s][info ][safepoint   ] Safepoint "Cleanup", Time since last: 4000599834 ns, Reaching safepoint: 136327 ns, Cleanup: 12365 ns, At safepoint: 5857 ns, Total: 154549 ns
[2025-04-24T22:01:12.818+0000][1949.429s][debug][safepoint   ] Safepoint synchronization initiated using futex wait barrier. (234 threads)
[2025-04-24T22:01:12.818+0000][1949.429s][info ][safepoint   ] Safepoint "Cleanup", Time since last: 1000097131 ns, Reaching safepoint: 84443 ns, Cleanup: 13489 ns, At safepoint: 5935 ns, Total: 103867 ns
[2025-04-24T22:01:17.819+0000][1954.429s][debug][safepoint   ] Safepoint synchronization initiated using futex wait barrier. (234 threads)
[2025-04-24T22:01:17.819+0000][1954.429s][info ][safepoint   ] Safepoint "Cleanup", Time since last: 5000564022 ns, Reaching safepoint: 89887 ns, Cleanup: 10238 ns, At safepoint: 3613 ns, Total: 103738 ns
[2025-04-24T22:01:22.819+0000][1959.430s][debug][safepoint   ] Safepoint synchronization initiated using futex wait barrier. (234 threads)
[2025-04-24T22:01:22.819+0000][1959.430s][info ][safepoint   ] Safepoint "Cleanup", Time since last: 5000447897 ns, Reaching safepoint: 62930 ns, Cleanup: 10623 ns, At safepoint: 3929 ns, Total: 77482 ns
[2025-04-24T22:01:24.820+0000][1961.430s][debug][safepoint   ] Safepoint synchronization initiated using futex wait barrier. (234 threads)
[2025-04-24T22:01:24.820+0000][1961.430s][info ][safepoint   ] Safepoint "Cleanup", Time since last: 2000386793 ns, Reaching safepoint: 109295 ns, Cleanup: 15906 ns, At safepoint: 12251 ns, Total: 137452 ns
[2025-04-24T22:01:25.820+0000][1962.431s][debug][safepoint   ] Safepoint synchronization initiated using futex wait barrier. (234 threads)
[2025-04-24T22:01:25.820+0000][1962.431s][info ][safepoint   ] Safepoint "Cleanup", Time since last: 1000120295 ns, Reaching safepoint: 110663 ns, Cleanup: 15540 ns, At safepoint: 8250 ns, Total: 134453 ns
[2025-04-24T22:01:26.820+0000][1963.431s][debug][safepoint   ] Safepoint synchronization initiated using futex wait barrier. (234 threads)
[2025-04-24T22:01:26.821+0000][1963.432s][info ][safepoint   ] Safepoint "Cleanup", Time since last: 1000162537 ns, Reaching safepoint: 806712 ns, Cleanup: 36378 ns, At safepoint: 28401 ns, Total: 871491 ns
[2025-04-24T22:01:29.822+0000][1966.432s][debug][safepoint   ] Safepoint synchronization initiated using futex wait barrier. (234 threads)
[2025-04-24T22:01:29.822+0000][1966.432s][info ][safepoint   ] Safepoint "Cleanup", Time since last: 3000560454 ns, Reaching safepoint: 70272 ns, Cleanup: 12604 ns, At safepoint: 6400 ns, Total: 89276 ns
[2025-04-24T22:01:30.822+0000][1967.433s][debug][safepoint   ] Safepoint synchronization initiated using futex wait barrier. (234 threads)
[2025-04-24T22:01:30.822+0000][1967.433s][info ][safepoint   ] Safepoint "Cleanup", Time since last: 1000182052 ns, Reaching safepoint: 285174 ns, Cleanup: 50664 ns, At safepoint: 48709 ns, Total: 384547 ns
[2025-04-24T22:01:38.823+0000][1975.434s][debug][safepoint   ] Safepoint synchronization initiated using futex wait barrier. (230 threads)
[2025-04-24T22:01:38.823+0000][1975.434s][info ][safepoint   ] Safepoint "Cleanup", Time since last: 8000853602 ns, Reaching safepoint: 110507 ns, Cleanup: 18029 ns, At safepoint: 6124 ns, Total: 134660 ns
[2025-04-24T22:01:42.824+0000][1979.435s][debug][safepoint   ] Safepoint synchronization initiated using futex wait barrier. (232 threads)
[2025-04-24T22:01:42.824+0000][1979.435s][debug][safepoint   ] ... found polling page loop exception at pc = 0x00007cdd45ae1cf8, stub =0x00007cdd4498e400
[2025-04-24T22:01:42.825+0000][1979.435s][info ][safepoint   ] Safepoint "Cleanup", Time since last: 4000573204 ns, Reaching safepoint: 683838 ns, Cleanup: 33391 ns, At safepoint: 91299 ns, Total: 808528 ns
[2025-04-24T22:01:47.841+0000][1984.452s][debug][safepoint   ] Safepoint synchronization initiated using futex wait barrier. (232 threads)
[2025-04-24T22:01:47.841+0000][1984.452s][info ][safepoint   ] Safepoint "Cleanup", Time since last: 5016335063 ns, Reaching safepoint: 113705 ns, Cleanup: 18391 ns, At safepoint: 6386 ns, Total: 138482 ns
[2025-04-24T22:01:50.842+0000][1987.452s][debug][safepoint   ] Safepoint synchronization initiated using futex wait barrier. (235 threads)
[2025-04-24T22:01:50.842+0000][1987.452s][info ][safepoint   ] Safepoint "Cleanup", Time since last: 3000270117 ns, Reaching safepoint: 131274 ns, Cleanup: 43179 ns, At safepoint: 9356 ns, Total: 183809 ns
[2025-04-24T22:01:57.843+0000][1994.453s][debug][safepoint   ] Safepoint synchronization initiated using futex wait barrier. (235 threads)
[2025-04-24T22:01:57.843+0000][1994.453s][info ][safepoint   ] Safepoint "Cleanup", Time since last: 7000734937 ns, Reaching safepoint: 96814 ns, Cleanup: 10350 ns, At safepoint: 4514 ns, Total: 111678 ns
[2025-04-24T22:02:01.843+0000][1998.454s][debug][safepoint   ] Safepoint synchronization initiated using futex wait barrier. (235 threads)
[2025-04-24T22:02:01.843+0000][1998.454s][info ][safepoint   ] Safepoint "Cleanup", Time since last: 4000493170 ns, Reaching safepoint: 234613 ns, Cleanup: 30228 ns, At safepoint: 24070 ns, Total: 288911 ns
[2025-04-24T22:02:03.844+0000][2000.454s][debug][safepoint   ] Safepoint synchronization initiated using futex wait barrier. (235 threads)
[2025-04-24T22:02:03.844+0000][2000.454s][info ][safepoint   ] Safepoint "Cleanup", Time since last: 2000216468 ns, Reaching safepoint: 145936 ns, Cleanup: 19021 ns, At safepoint: 7991 ns, Total: 172948 ns
[2025-04-24T22:02:04.844+0000][2001.454s][debug][safepoint   ] Safepoint synchronization initiated using futex wait barrier. (237 threads)
[2025-04-24T22:02:04.844+0000][2001.455s][info ][safepoint   ] Safepoint "Cleanup", Time since last: 1000105636 ns, Reaching safepoint: 110004 ns, Cleanup: 51069 ns, At safepoint: 11838 ns, Total: 172911 ns
[2025-04-24T22:02:05.844+0000][2002.455s][debug][safepoint   ] Safepoint synchronization initiated using futex wait barrier. (237 threads)
[2025-04-24T22:02:05.844+0000][2002.455s][info ][safepoint   ] Safepoint "Cleanup", Time since last: 1000102091 ns, Reaching safepoint: 77193 ns, Cleanup: 16381 ns, At safepoint: 7277 ns, Total: 100851 ns
[2025-04-24T22:02:06.844+0000][2003.455s][debug][safepoint   ] Safepoint synchronization initiated using futex wait barrier. (237 threads)
[2025-04-24T22:02:06.845+0000][2003.455s][info ][safepoint   ] Safepoint "Cleanup", Time since last: 1000142362 ns, Reaching safepoint: 293143 ns, Cleanup: 16621 ns, At safepoint: 21797 ns, Total: 331561 ns
[2025-04-24T22:02:08.565+0000][2005.176s][debug][safepoint   ] Safepoint synchronization initiated using futex wait barrier. (237 threads)
[2025-04-24T22:02:08.565+0000][2005.176s][info ][gc,start    ] GC(84) Pause Young (Normal) (G1 Evacuation Pause)
[2025-04-24T22:02:08.565+0000][2005.176s][info ][gc,task     ] GC(84) Using 4 workers of 4 for evacuation
[2025-04-24T22:02:08.590+0000][2005.200s][info ][gc,phases   ] GC(84)   Pre Evacuate Collection Set: 0.2ms
[2025-04-24T22:02:08.590+0000][2005.200s][info ][gc,phases   ] GC(84)   Merge Heap Roots: 0.2ms
[2025-04-24T22:02:08.590+0000][2005.200s][info ][gc,phases   ] GC(84)   Evacuate Collection Set: 20.4ms
[2025-04-24T22:02:08.590+0000][2005.200s][info ][gc,phases   ] GC(84)   Post Evacuate Collection Set: 3.3ms
[2025-04-24T22:02:08.590+0000][2005.200s][info ][gc,phases   ] GC(84)   Other: 0.3ms
[2025-04-24T22:02:08.590+0000][2005.200s][info ][gc,heap     ] GC(84) Eden regions: 204->0(204)
[2025-04-24T22:02:08.590+0000][2005.200s][info ][gc,heap     ] GC(84) Survivor regions: 12->12(27)
[2025-04-24T22:02:08.590+0000][2005.200s][info ][gc,heap     ] GC(84) Old regions: 184->184
[2025-04-24T22:02:08.590+0000][2005.200s][info ][gc,heap     ] GC(84) Archive regions: 2->2
[2025-04-24T22:02:08.590+0000][2005.200s][info ][gc,heap     ] GC(84) Humongous regions: 2->2
[2025-04-24T22:02:08.590+0000][2005.200s][info ][gc,metaspace] GC(84) Metaspace: 193044K(194496K)->193044K(194496K) NonClass: 169975K(170688K)->169975K(170688K) Class: 23068K(23808K)->23068K(23808K)
[2025-04-24T22:02:08.590+0000][2005.200s][info ][gc          ] GC(84) Pause Young (Normal) (G1 Evacuation Pause) 401M->197M(463M) 24.635ms
[2025-04-24T22:02:08.590+0000][2005.201s][info ][gc,cpu      ] GC(84) User=0.06s Sys=0.00s Real=0.03s
[2025-04-24T22:02:08.591+0000][2005.201s][info ][safepoint   ] Safepoint "G1CollectForAllocation", Time since last: 1720292673 ns, Reaching safepoint: 212409 ns, Cleanup: 8699 ns, At safepoint: 25710347 ns, Total: 25931455 ns
[2025-04-24T22:02:09.591+0000][2006.202s][debug][safepoint   ] Safepoint synchronization initiated using futex wait barrier. (237 threads)
[2025-04-24T22:02:09.592+0000][2006.202s][info ][safepoint   ] Safepoint "Cleanup", Time since last: 1000170028 ns, Reaching safepoint: 227247 ns, Cleanup: 19101 ns, At safepoint: 441645 ns, Total: 687993 ns
[2025-04-24T22:02:10.592+0000][2007.203s][debug][safepoint   ] Safepoint synchronization initiated using futex wait barrier. (237 threads)
[2025-04-24T22:02:10.592+0000][2007.203s][info ][safepoint   ] Safepoint "Cleanup", Time since last: 1000219760 ns, Reaching safepoint: 211306 ns, Cleanup: 41327 ns, At safepoint: 21978 ns, Total: 274611 ns
[2025-04-24T22:02:12.593+0000][2009.204s][debug][safepoint   ] Safepoint synchronization initiated using futex wait barrier. (237 threads)
[2025-04-24T22:02:12.593+0000][2009.204s][info ][safepoint   ] Safepoint "Cleanup", Time since last: 2000793987 ns, Reaching safepoint: 228203 ns, Cleanup: 13224 ns, At safepoint: 27411 ns, Total: 268838 ns
[2025-04-24T22:02:24.596+0000][2021.206s][debug][safepoint   ] Safepoint synchronization initiated using futex wait barrier. (237 threads)
[2025-04-24T22:02:24.596+0000][2021.206s][info ][safepoint   ] Safepoint "Cleanup", Time since last: 12002317855 ns, Reaching safepoint: 73236 ns, Cleanup: 18663 ns, At safepoint: 5651 ns, Total: 97550 ns
[2025-04-24T22:02:26.596+0000][2023.206s][debug][safepoint   ] Safepoint synchronization initiated using futex wait barrier. (237 threads)
[2025-04-24T22:02:26.596+0000][2023.207s][info ][safepoint   ] Safepoint "Cleanup", Time since last: 2000210796 ns, Reaching safepoint: 238507 ns, Cleanup: 43286 ns, At safepoint: 26054 ns, Total: 307847 ns
[2025-04-24T22:02:30.597+0000][2027.207s][debug][safepoint   ] Safepoint synchronization initiated using futex wait barrier. (237 threads)
[2025-04-24T22:02:30.597+0000][2027.208s][info ][safepoint   ] Safepoint "Cleanup", Time since last: 4000520511 ns, Reaching safepoint: 268473 ns, Cleanup: 40059 ns, At safepoint: 27739 ns, Total: 336271 ns
[2025-04-24T22:02:42.599+0000][2039.209s][debug][safepoint   ] Safepoint synchronization initiated using futex wait barrier. (237 threads)
[2025-04-24T22:02:42.599+0000][2039.210s][info ][safepoint   ] Safepoint "Cleanup", Time since last: 12001716302 ns, Reaching safepoint: 275661 ns, Cleanup: 17973 ns, At safepoint: 7070 ns, Total: 300704 ns
[2025-04-24T22:02:47.868+0000][2044.478s][debug][safepoint   ] Safepoint synchronization initiated using futex wait barrier. (237 threads)
[2025-04-24T22:02:47.868+0000][2044.478s][info ][safepoint   ] Safepoint "Cleanup", Time since last: 5268635745 ns, Reaching safepoint: 107365 ns, Cleanup: 19749 ns, At safepoint: 8352 ns, Total: 135466 ns
[2025-04-24T22:02:50.869+0000][2047.479s][debug][safepoint   ] Safepoint synchronization initiated using futex wait barrier. (237 threads)
[2025-04-24T22:02:50.869+0000][2047.479s][info ][safepoint   ] Safepoint "Cleanup", Time since last: 3000819696 ns, Reaching safepoint: 63853 ns, Cleanup: 10145 ns, At safepoint: 6207 ns, Total: 80205 ns
[2025-04-24T22:02:51.869+0000][2048.479s][debug][safepoint   ] Safepoint synchronization initiated using futex wait barrier. (237 threads)
[2025-04-24T22:02:51.869+0000][2048.480s][info ][safepoint   ] Safepoint "Cleanup", Time since last: 1000102470 ns, Reaching safepoint: 64812 ns, Cleanup: 10026 ns, At safepoint: 7417 ns, Total: 82255 ns
[2025-04-24T22:02:53.869+0000][2050.480s][debug][safepoint   ] Safepoint synchronization initiated using futex wait barrier. (237 threads)
[2025-04-24T22:02:53.869+0000][2050.480s][info ][safepoint   ] Safepoint "Cleanup", Time since last: 2000216374 ns, Reaching safepoint: 106004 ns, Cleanup: 28620 ns, At safepoint: 7406 ns, Total: 142030 ns
[2025-04-24T22:03:04.871+0000][2061.482s][debug][safepoint   ] Safepoint synchronization initiated using futex wait barrier. (233 threads)
[2025-04-24T22:03:04.871+0000][2061.482s][info ][safepoint   ] Safepoint "Cleanup", Time since last: 11001884263 ns, Reaching safepoint: 107713 ns, Cleanup: 14906 ns, At safepoint: 6873 ns, Total: 129492 ns
[2025-04-24T22:03:05.872+0000][2062.482s][debug][safepoint   ] Safepoint synchronization initiated using futex wait barrier. (233 threads)
[2025-04-24T22:03:05.872+0000][2062.482s][info ][safepoint   ] Safepoint "Cleanup", Time since last: 1000116356 ns, Reaching safepoint: 96508 ns, Cleanup: 12283 ns, At safepoint: 6814 ns, Total: 115605 ns
[2025-04-24T22:03:06.872+0000][2063.482s][debug][safepoint   ] Safepoint synchronization initiated using futex wait barrier. (233 threads)
[2025-04-24T22:03:06.873+0000][2063.483s][info ][safepoint   ] Safepoint "Cleanup", Time since last: 1000138825 ns, Reaching safepoint: 251875 ns, Cleanup: 420502 ns, At safepoint: 63977 ns, Total: 736354 ns
[2025-04-24T22:03:13.874+0000][2070.484s][debug][safepoint   ] Safepoint synchronization initiated using futex wait barrier. (233 threads)
[2025-04-24T22:03:13.874+0000][2070.485s][info ][safepoint   ] Safepoint "Cleanup", Time since last: 7001326809 ns, Reaching safepoint: 210064 ns, Cleanup: 31638 ns, At safepoint: 20263 ns, Total: 261965 ns
[2025-04-24T22:03:27.876+0000][2084.487s][debug][safepoint   ] Safepoint synchronization initiated using futex wait barrier. (233 threads)
[2025-04-24T22:03:27.876+0000][2084.487s][info ][safepoint   ] Safepoint "Cleanup", Time since last: 14001910556 ns, Reaching safepoint: 253540 ns, Cleanup: 36076 ns, At safepoint: 26613 ns, Total: 316229 ns
[2025-04-24T22:03:28.877+0000][2085.487s][debug][safepoint   ] Safepoint synchronization initiated using futex wait barrier. (233 threads)
[2025-04-24T22:03:28.877+0000][2085.487s][info ][safepoint   ] Safepoint "Cleanup", Time since last: 1000166793 ns, Reaching safepoint: 76980 ns, Cleanup: 15343 ns, At safepoint: 6759 ns, Total: 99082 ns
[2025-04-24T22:03:29.877+0000][2086.487s][debug][safepoint   ] Safepoint synchronization initiated using futex wait barrier. (233 threads)
[2025-04-24T22:03:29.877+0000][2086.488s][info ][safepoint   ] Safepoint "Cleanup", Time since last: 1000256478 ns, Reaching safepoint: 232067 ns, Cleanup: 34730 ns, At safepoint: 21374 ns, Total: 288171 ns
[2025-04-24T22:03:35.878+0000][2092.488s][debug][safepoint   ] Safepoint synchronization initiated using futex wait barrier. (233 threads)
[2025-04-24T22:03:35.878+0000][2092.489s][info ][safepoint   ] Safepoint "Cleanup", Time since last: 6000859569 ns, Reaching safepoint: 76543 ns, Cleanup: 13857 ns, At safepoint: 8271 ns, Total: 98671 ns
[2025-04-24T22:03:37.878+0000][2094.489s][debug][safepoint   ] Safepoint synchronization initiated using futex wait barrier. (233 threads)
[2025-04-24T22:03:37.879+0000][2094.489s][info ][safepoint   ] Safepoint "Cleanup", Time since last: 2000274440 ns, Reaching safepoint: 244835 ns, Cleanup: 79905 ns, At safepoint: 26099 ns, Total: 350839 ns
[2025-04-24T22:03:38.879+0000][2095.489s][debug][safepoint   ] Safepoint synchronization initiated using futex wait barrier. (233 threads)
[2025-04-24T22:03:38.879+0000][2095.489s][info ][safepoint   ] Safepoint "Cleanup", Time since last: 1000175357 ns, Reaching safepoint: 72237 ns, Cleanup: 11201 ns, At safepoint: 5180 ns, Total: 88618 ns
[2025-04-24T22:03:39.879+0000][2096.490s][debug][safepoint   ] Safepoint synchronization initiated using futex wait barrier. (233 threads)
[2025-04-24T22:03:39.879+0000][2096.490s][info ][safepoint   ] Safepoint "Cleanup", Time since last: 1000208687 ns, Reaching safepoint: 189420 ns, Cleanup: 30079 ns, At safepoint: 22606 ns, Total: 242105 ns
[2025-04-24T22:03:45.904+0000][2102.515s][debug][safepoint   ] Safepoint synchronization initiated using futex wait barrier. (233 threads)
[2025-04-24T22:03:45.904+0000][2102.515s][info ][safepoint   ] Safepoint "Cleanup", Time since last: 6024821311 ns, Reaching safepoint: 146056 ns, Cleanup: 26013 ns, At safepoint: 15231 ns, Total: 187300 ns
[2025-04-24T22:03:50.685+0000][2107.296s][debug][safepoint   ] Safepoint synchronization initiated using futex wait barrier. (233 threads)
[2025-04-24T22:03:50.685+0000][2107.296s][info ][safepoint   ] Safepoint "Cleanup", Time since last: 4780797468 ns, Reaching safepoint: 90968 ns, Cleanup: 39069 ns, At safepoint: 8086 ns, Total: 138123 ns
[2025-04-24T22:03:53.686+0000][2110.296s][debug][safepoint   ] Safepoint synchronization initiated using futex wait barrier. (233 threads)
[2025-04-24T22:03:53.686+0000][2110.297s][info ][safepoint   ] Safepoint "Cleanup", Time since last: 3000577354 ns, Reaching safepoint: 93549 ns, Cleanup: 14835 ns, At safepoint: 8466 ns, Total: 116850 ns
[2025-04-24T22:03:54.686+0000][2111.297s][debug][safepoint   ] Safepoint synchronization initiated using futex wait barrier. (233 threads)
[2025-04-24T22:03:54.686+0000][2111.297s][info ][safepoint   ] Safepoint "Cleanup", Time since last: 1000104709 ns, Reaching safepoint: 95212 ns, Cleanup: 16414 ns, At safepoint: 8712 ns, Total: 120338 ns
[2025-04-24T22:04:02.687+0000][2119.298s][debug][safepoint   ] Safepoint synchronization initiated using futex wait barrier. (233 threads)
[2025-04-24T22:04:02.687+0000][2119.298s][info ][safepoint   ] Safepoint "Cleanup", Time since last: 8000749354 ns, Reaching safepoint: 260329 ns, Cleanup: 44135 ns, At safepoint: 23940 ns, Total: 328404 ns
[2025-04-24T22:04:06.688+0000][2123.298s][debug][safepoint   ] Safepoint synchronization initiated using futex wait barrier. (231 threads)
[2025-04-24T22:04:06.688+0000][2123.299s][info ][safepoint   ] Safepoint "Cleanup", Time since last: 4000458321 ns, Reaching safepoint: 174240 ns, Cleanup: 38378 ns, At safepoint: 19708 ns, Total: 232326 ns
[2025-04-24T22:04:08.688+0000][2125.299s][debug][safepoint   ] Safepoint synchronization initiated using futex wait barrier. (231 threads)
[2025-04-24T22:04:08.689+0000][2125.299s][info ][safepoint   ] Safepoint "Cleanup", Time since last: 2000350338 ns, Reaching safepoint: 124729 ns, Cleanup: 16716 ns, At safepoint: 14687 ns, Total: 156132 ns
[2025-04-24T22:04:13.094+0000][2129.705s][debug][safepoint   ] Safepoint synchronization initiated using futex wait barrier. (231 threads)
[2025-04-24T22:04:13.095+0000][2129.705s][info ][gc,start    ] GC(85) Pause Young (Normal) (G1 Evacuation Pause)
[2025-04-24T22:04:13.096+0000][2129.706s][info ][gc,task     ] GC(85) Using 4 workers of 4 for evacuation
[2025-04-24T22:04:13.171+0000][2129.781s][info ][gc,phases   ] GC(85)   Pre Evacuate Collection Set: 0.8ms
[2025-04-24T22:04:13.171+0000][2129.781s][info ][gc,phases   ] GC(85)   Merge Heap Roots: 1.2ms
[2025-04-24T22:04:13.171+0000][2129.781s][info ][gc,phases   ] GC(85)   Evacuate Collection Set: 69.4ms
[2025-04-24T22:04:13.171+0000][2129.781s][info ][gc,phases   ] GC(85)   Post Evacuate Collection Set: 3.0ms
[2025-04-24T22:04:13.171+0000][2129.781s][info ][gc,phases   ] GC(85)   Other: 1.7ms
[2025-04-24T22:04:13.171+0000][2129.781s][info ][gc,heap     ] GC(85) Eden regions: 204->0(204)
[2025-04-24T22:04:13.171+0000][2129.781s][info ][gc,heap     ] GC(85) Survivor regions: 12->12(27)
[2025-04-24T22:04:13.171+0000][2129.781s][info ][gc,heap     ] GC(85) Old regions: 184->184
[2025-04-24T22:04:13.171+0000][2129.781s][info ][gc,heap     ] GC(85) Archive regions: 2->2
[2025-04-24T22:04:13.171+0000][2129.781s][info ][gc,heap     ] GC(85) Humongous regions: 2->2
[2025-04-24T22:04:13.171+0000][2129.781s][info ][gc,metaspace] GC(85) Metaspace: 193052K(194496K)->193052K(194496K) NonClass: 169984K(170688K)->169984K(170688K) Class: 23068K(23808K)->23068K(23808K)
[2025-04-24T22:04:13.171+0000][2129.781s][info ][gc          ] GC(85) Pause Young (Normal) (G1 Evacuation Pause) 401M->197M(463M) 76.164ms
[2025-04-24T22:04:13.171+0000][2129.781s][info ][gc,cpu      ] GC(85) User=0.19s Sys=0.00s Real=0.08s
[2025-04-24T22:04:13.171+0000][2129.782s][info ][safepoint   ] Safepoint "G1CollectForAllocation", Time since last: 4405598867 ns, Reaching safepoint: 381153 ns, Cleanup: 16204 ns, At safepoint: 76802138 ns, Total: 77199495 ns
[2025-04-24T22:04:22.172+0000][2138.783s][debug][safepoint   ] Safepoint synchronization initiated using futex wait barrier. (231 threads)
[2025-04-24T22:04:22.173+0000][2138.783s][info ][safepoint   ] Safepoint "Cleanup", Time since last: 9001026990 ns, Reaching safepoint: 95627 ns, Cleanup: 24568 ns, At safepoint: 9754 ns, Total: 129949 ns
[2025-04-24T22:04:44.948+0000][2161.559s][debug][safepoint   ] Safepoint synchronization initiated using futex wait barrier. (231 threads)
[2025-04-24T22:04:44.948+0000][2161.559s][info ][safepoint   ] Safepoint "Cleanup", Time since last: 22775656032 ns, Reaching safepoint: 76929 ns, Cleanup: 10519 ns, At safepoint: 7992 ns, Total: 95440 ns
[2025-04-24T22:04:50.949+0000][2167.560s][debug][safepoint   ] Safepoint synchronization initiated using futex wait barrier. (231 threads)
[2025-04-24T22:04:50.949+0000][2167.560s][info ][safepoint   ] Safepoint "Cleanup", Time since last: 6001074830 ns, Reaching safepoint: 76960 ns, Cleanup: 12357 ns, At safepoint: 6295 ns, Total: 95612 ns
[2025-04-24T22:04:51.950+0000][2168.560s][debug][safepoint   ] Safepoint synchronization initiated using futex wait barrier. (231 threads)
[2025-04-24T22:04:51.950+0000][2168.561s][info ][safepoint   ] Safepoint "Cleanup", Time since last: 1000540401 ns, Reaching safepoint: 257855 ns, Cleanup: 42941 ns, At safepoint: 25431 ns, Total: 326227 ns
[2025-04-24T22:04:54.954+0000][2171.564s][debug][safepoint   ] Safepoint synchronization initiated using futex wait barrier. (231 threads)
[2025-04-24T22:04:54.954+0000][2171.564s][info ][safepoint   ] Safepoint "Cleanup", Time since last: 3003191000 ns, Reaching safepoint: 187601 ns, Cleanup: 35479 ns, At safepoint: 17693 ns, Total: 240773 ns
[2025-04-24T22:04:55.954+0000][2172.565s][debug][safepoint   ] Safepoint synchronization initiated using futex wait barrier. (231 threads)
[2025-04-24T22:04:55.955+0000][2172.565s][info ][safepoint   ] Safepoint "Cleanup", Time since last: 1000603013 ns, Reaching safepoint: 285028 ns, Cleanup: 77196 ns, At safepoint: 29749 ns, Total: 391973 ns
[2025-04-24T22:04:56.955+0000][2173.565s][debug][safepoint   ] Safepoint synchronization initiated using futex wait barrier. (231 threads)
[2025-04-24T22:04:56.955+0000][2173.566s][info ][safepoint   ] Safepoint "Cleanup", Time since last: 1000212299 ns, Reaching safepoint: 135113 ns, Cleanup: 22320 ns, At safepoint: 9445 ns, Total: 166878 ns
[2025-04-24T22:04:58.955+0000][2175.566s][debug][safepoint   ] Safepoint synchronization initiated using futex wait barrier. (231 threads)
[2025-04-24T22:04:58.956+0000][2175.566s][info ][safepoint   ] Safepoint "Cleanup", Time since last: 2000272693 ns, Reaching safepoint: 136972 ns, Cleanup: 20069 ns, At safepoint: 12875 ns, Total: 169916 ns
[2025-04-24T22:05:08.957+0000][2185.567s][debug][safepoint   ] Safepoint synchronization initiated using futex wait barrier. (229 threads)
[2025-04-24T22:05:08.957+0000][2185.567s][info ][safepoint   ] Safepoint "Cleanup", Time since last: 10001134587 ns, Reaching safepoint: 91498 ns, Cleanup: 37183 ns, At safepoint: 16654 ns, Total: 145335 ns
[2025-04-24T22:05:15.958+0000][2192.568s][debug][safepoint   ] Safepoint synchronization initiated using futex wait barrier. (229 threads)
[2025-04-24T22:05:15.958+0000][2192.568s][info ][safepoint   ] Safepoint "Cleanup", Time since last: 7000923375 ns, Reaching safepoint: 99685 ns, Cleanup: 30295 ns, At safepoint: 12102 ns, Total: 142082 ns
[2025-04-24T22:05:26.960+0000][2203.570s][debug][safepoint   ] Safepoint synchronization initiated using futex wait barrier. (229 threads)
[2025-04-24T22:05:26.960+0000][2203.570s][info ][safepoint   ] Safepoint "Cleanup", Time since last: 11001634069 ns, Reaching safepoint: 294008 ns, Cleanup: 36722 ns, At safepoint: 29107 ns, Total: 359837 ns
[2025-04-24T22:05:32.961+0000][2209.571s][debug][safepoint   ] Safepoint synchronization initiated using futex wait barrier. (229 threads)
[2025-04-24T22:05:32.961+0000][2209.571s][info ][safepoint   ] Safepoint "Cleanup", Time since last: 6000661746 ns, Reaching safepoint: 90434 ns, Cleanup: 31186 ns, At safepoint: 9029 ns, Total: 130649 ns
[2025-04-24T22:05:35.961+0000][2212.572s][debug][safepoint   ] Safepoint synchronization initiated using futex wait barrier. (229 threads)
[2025-04-24T22:05:35.961+0000][2212.572s][info ][safepoint   ] Safepoint "Cleanup", Time since last: 3000328210 ns, Reaching safepoint: 263062 ns, Cleanup: 36652 ns, At safepoint: 36541 ns, Total: 336255 ns
[2025-04-24T22:05:40.963+0000][2217.574s][debug][safepoint   ] Safepoint synchronization initiated using futex wait barrier. (229 threads)
[2025-04-24T22:05:40.963+0000][2217.574s][info ][safepoint   ] Safepoint "Cleanup", Time since last: 5001884351 ns, Reaching safepoint: 115529 ns, Cleanup: 17176 ns, At safepoint: 5181 ns, Total: 137886 ns
[2025-04-24T22:05:45.994+0000][2222.605s][debug][safepoint   ] Safepoint synchronization initiated using futex wait barrier. (229 threads)
[2025-04-24T22:05:45.995+0000][2222.605s][info ][safepoint   ] Safepoint "Cleanup", Time since last: 5030975381 ns, Reaching safepoint: 178191 ns, Cleanup: 27159 ns, At safepoint: 19803 ns, Total: 225153 ns
[2025-04-24T22:05:47.995+0000][2224.605s][debug][safepoint   ] Safepoint synchronization initiated using futex wait barrier. (229 threads)
[2025-04-24T22:05:47.995+0000][2224.606s][info ][safepoint   ] Safepoint "Cleanup", Time since last: 2000167035 ns, Reaching safepoint: 255129 ns, Cleanup: 14738 ns, At safepoint: 7800 ns, Total: 277667 ns
[2025-04-24T22:05:57.996+0000][2234.607s][debug][safepoint   ] Safepoint synchronization initiated using futex wait barrier. (229 threads)
[2025-04-24T22:05:57.997+0000][2234.607s][info ][safepoint   ] Safepoint "Cleanup", Time since last: 10001162297 ns, Reaching safepoint: 225025 ns, Cleanup: 33236 ns, At safepoint: 25402 ns, Total: 283663 ns
[2025-04-24T22:06:02.997+0000][2239.607s][debug][safepoint   ] Safepoint synchronization initiated using futex wait barrier. (229 threads)
[2025-04-24T22:06:02.997+0000][2239.608s][info ][safepoint   ] Safepoint "Cleanup", Time since last: 5000487781 ns, Reaching safepoint: 58691 ns, Cleanup: 14954 ns, At safepoint: 4399 ns, Total: 78044 ns
[2025-04-24T22:06:18.675+0000][2255.286s][debug][safepoint   ] Safepoint synchronization initiated using futex wait barrier. (228 threads)
[2025-04-24T22:06:18.676+0000][2255.286s][info ][gc,start    ] GC(86) Pause Young (Normal) (G1 Evacuation Pause)
[2025-04-24T22:06:18.676+0000][2255.286s][info ][gc,task     ] GC(86) Using 4 workers of 4 for evacuation
[2025-04-24T22:06:18.709+0000][2255.320s][info ][gc,phases   ] GC(86)   Pre Evacuate Collection Set: 0.4ms
[2025-04-24T22:06:18.709+0000][2255.320s][info ][gc,phases   ] GC(86)   Merge Heap Roots: 0.2ms
[2025-04-24T22:06:18.709+0000][2255.320s][info ][gc,phases   ] GC(86)   Evacuate Collection Set: 30.5ms
[2025-04-24T22:06:18.709+0000][2255.320s][info ][gc,phases   ] GC(86)   Post Evacuate Collection Set: 2.1ms
[2025-04-24T22:06:18.709+0000][2255.320s][info ][gc,phases   ] GC(86)   Other: 0.3ms
[2025-04-24T22:06:18.709+0000][2255.320s][info ][gc,heap     ] GC(86) Eden regions: 204->0(204)
[2025-04-24T22:06:18.709+0000][2255.320s][info ][gc,heap     ] GC(86) Survivor regions: 12->12(27)
[2025-04-24T22:06:18.709+0000][2255.320s][info ][gc,heap     ] GC(86) Old regions: 184->184
[2025-04-24T22:06:18.709+0000][2255.320s][info ][gc,heap     ] GC(86) Archive regions: 2->2
[2025-04-24T22:06:18.709+0000][2255.320s][info ][gc,heap     ] GC(86) Humongous regions: 2->2
[2025-04-24T22:06:18.709+0000][2255.320s][info ][gc,metaspace] GC(86) Metaspace: 193073K(194560K)->193073K(194560K) NonClass: 170004K(170752K)->170004K(170752K) Class: 23068K(23808K)->23068K(23808K)
[2025-04-24T22:06:18.709+0000][2255.320s][info ][gc          ] GC(86) Pause Young (Normal) (G1 Evacuation Pause) 401M->198M(463M) 33.714ms
[2025-04-24T22:06:18.709+0000][2255.320s][info ][gc,cpu      ] GC(86) User=0.08s Sys=0.00s Real=0.04s
[2025-04-24T22:06:18.710+0000][2255.320s][info ][safepoint   ] Safepoint "G1CollectForAllocation", Time since last: 15678410622 ns, Reaching safepoint: 162723 ns, Cleanup: 9762 ns, At safepoint: 34141243 ns, Total: 34313728 ns
[2025-04-24T22:06:23.711+0000][2260.321s][debug][safepoint   ] Safepoint synchronization initiated using futex wait barrier. (228 threads)
[2025-04-24T22:06:23.711+0000][2260.321s][info ][safepoint   ] Safepoint "Cleanup", Time since last: 5000707281 ns, Reaching safepoint: 100872 ns, Cleanup: 27186 ns, At safepoint: 9231 ns, Total: 137289 ns
[2025-04-24T22:06:24.711+0000][2261.322s][debug][safepoint   ] Safepoint synchronization initiated using futex wait barrier. (228 threads)
[2025-04-24T22:06:24.712+0000][2261.322s][info ][safepoint   ] Safepoint "Cleanup", Time since last: 1000589562 ns, Reaching safepoint: 264247 ns, Cleanup: 55892 ns, At safepoint: 37093 ns, Total: 357232 ns
[2025-04-24T22:06:25.712+0000][2262.322s][debug][safepoint   ] Safepoint synchronization initiated using futex wait barrier. (228 threads)
[2025-04-24T22:06:25.712+0000][2262.322s][info ][safepoint   ] Safepoint "Cleanup", Time since last: 1000241295 ns, Reaching safepoint: 111586 ns, Cleanup: 15361 ns, At safepoint: 6351 ns, Total: 133298 ns
[2025-04-24T22:06:56.026+0000][2292.636s][debug][safepoint   ] Safepoint synchronization initiated using futex wait barrier. (228 threads)
[2025-04-24T22:06:56.026+0000][2292.637s][info ][safepoint   ] Safepoint "Cleanup", Time since last: 30314001604 ns, Reaching safepoint: 96593 ns, Cleanup: 23107 ns, At safepoint: 7412 ns, Total: 127112 ns
[2025-04-24T22:07:00.027+0000][2296.637s][debug][safepoint   ] Safepoint synchronization initiated using futex wait barrier. (228 threads)
[2025-04-24T22:07:00.027+0000][2296.637s][info ][safepoint   ] Safepoint "Cleanup", Time since last: 4000427662 ns, Reaching safepoint: 87458 ns, Cleanup: 14046 ns, At safepoint: 12986 ns, Total: 114490 ns
[2025-04-24T22:07:06.027+0000][2302.638s][debug][safepoint   ] Safepoint synchronization initiated using futex wait barrier. (227 threads)
[2025-04-24T22:07:06.027+0000][2302.638s][info ][safepoint   ] Safepoint "Cleanup", Time since last: 6000497382 ns, Reaching safepoint: 128450 ns, Cleanup: 35631 ns, At safepoint: 13252 ns, Total: 177333 ns
[2025-04-24T22:07:12.028+0000][2308.638s][debug][safepoint   ] Safepoint synchronization initiated using futex wait barrier. (227 threads)
[2025-04-24T22:07:12.028+0000][2308.639s][info ][safepoint   ] Safepoint "Cleanup", Time since last: 6000707079 ns, Reaching safepoint: 123138 ns, Cleanup: 16292 ns, At safepoint: 8797 ns, Total: 148227 ns
[2025-04-24T22:07:17.342+0000][2313.952s][debug][safepoint   ] Safepoint synchronization initiated using futex wait barrier. (227 threads)
[2025-04-24T22:07:17.342+0000][2313.953s][info ][safepoint   ] Safepoint "Cleanup", Time since last: 5313867393 ns, Reaching safepoint: 131716 ns, Cleanup: 37144 ns, At safepoint: 10552 ns, Total: 179412 ns
[2025-04-24T22:07:24.345+0000][2320.956s][debug][safepoint   ] Safepoint synchronization initiated using futex wait barrier. (227 threads)
[2025-04-24T22:07:24.345+0000][2320.956s][info ][safepoint   ] Safepoint "Cleanup", Time since last: 7002896900 ns, Reaching safepoint: 79466 ns, Cleanup: 12740 ns, At safepoint: 6575 ns, Total: 98781 ns
[2025-04-24T22:07:27.345+0000][2323.956s][debug][safepoint   ] Safepoint synchronization initiated using futex wait barrier. (227 threads)
[2025-04-24T22:07:27.346+0000][2323.956s][info ][safepoint   ] Safepoint "Cleanup", Time since last: 3000247106 ns, Reaching safepoint: 163745 ns, Cleanup: 15117 ns, At safepoint: 12819 ns, Total: 191681 ns
[2025-04-24T22:07:30.346+0000][2326.956s][debug][safepoint   ] Safepoint synchronization initiated using futex wait barrier. (227 threads)
[2025-04-24T22:07:30.346+0000][2326.956s][info ][safepoint   ] Safepoint "Cleanup", Time since last: 3000250857 ns, Reaching safepoint: 96517 ns, Cleanup: 15407 ns, At safepoint: 6836 ns, Total: 118760 ns
[2025-04-24T22:07:35.347+0000][2331.957s][debug][safepoint   ] Safepoint synchronization initiated using futex wait barrier. (227 threads)
[2025-04-24T22:07:35.347+0000][2331.957s][info ][safepoint   ] Safepoint "Cleanup", Time since last: 5000709974 ns, Reaching safepoint: 69766 ns, Cleanup: 42654 ns, At safepoint: 10796 ns, Total: 123216 ns
[2025-04-24T22:07:39.347+0000][2335.958s][debug][safepoint   ] Safepoint synchronization initiated using futex wait barrier. (227 threads)
[2025-04-24T22:07:39.347+0000][2335.958s][info ][safepoint   ] Safepoint "Cleanup", Time since last: 4000456367 ns, Reaching safepoint: 119405 ns, Cleanup: 18179 ns, At safepoint: 10808 ns, Total: 148392 ns
[2025-04-24T22:07:41.348+0000][2337.958s][debug][safepoint   ] Safepoint synchronization initiated using futex wait barrier. (227 threads)
[2025-04-24T22:07:41.348+0000][2337.958s][info ][safepoint   ] Safepoint "Cleanup", Time since last: 2000186397 ns, Reaching safepoint: 76857 ns, Cleanup: 11919 ns, At safepoint: 5093 ns, Total: 93869 ns
[2025-04-24T22:07:46.057+0000][2342.667s][debug][safepoint   ] Safepoint synchronization initiated using futex wait barrier. (227 threads)
[2025-04-24T22:07:46.057+0000][2342.667s][info ][safepoint   ] Safepoint "Cleanup", Time since last: 4708932809 ns, Reaching safepoint: 139539 ns, Cleanup: 23837 ns, At safepoint: 11735 ns, Total: 175111 ns
[2025-04-24T22:07:52.058+0000][2348.668s][debug][safepoint   ] Safepoint synchronization initiated using futex wait barrier. (227 threads)
[2025-04-24T22:07:52.058+0000][2348.668s][info ][safepoint   ] Safepoint "Cleanup", Time since last: 6000787895 ns, Reaching safepoint: 57205 ns, Cleanup: 24786 ns, At safepoint: 5457 ns, Total: 87448 ns
[2025-04-24T22:07:56.058+0000][2352.669s][debug][safepoint   ] Safepoint synchronization initiated using futex wait barrier. (227 threads)
[2025-04-24T22:07:56.059+0000][2352.669s][info ][safepoint   ] Safepoint "Cleanup", Time since last: 4000611003 ns, Reaching safepoint: 169760 ns, Cleanup: 33026 ns, At safepoint: 17200 ns, Total: 219986 ns
[2025-04-24T22:07:57.059+0000][2353.669s][debug][safepoint   ] Safepoint synchronization initiated using futex wait barrier. (227 threads)
[2025-04-24T22:07:57.059+0000][2353.670s][info ][safepoint   ] Safepoint "Cleanup", Time since last: 1000273855 ns, Reaching safepoint: 257932 ns, Cleanup: 33140 ns, At safepoint: 25399 ns, Total: 316471 ns
[2025-04-24T22:08:01.060+0000][2357.670s][debug][safepoint   ] Safepoint synchronization initiated using futex wait barrier. (227 threads)
[2025-04-24T22:08:01.060+0000][2357.670s][info ][safepoint   ] Safepoint "Cleanup", Time since last: 4000587569 ns, Reaching safepoint: 78216 ns, Cleanup: 12286 ns, At safepoint: 7048 ns, Total: 97550 ns
[2025-04-24T22:08:06.060+0000][2362.671s][debug][safepoint   ] Safepoint synchronization initiated using futex wait barrier. (226 threads)
[2025-04-24T22:08:06.061+0000][2362.671s][info ][safepoint   ] Safepoint "Cleanup", Time since last: 5000607235 ns, Reaching safepoint: 251184 ns, Cleanup: 110676 ns, At safepoint: 27165 ns, Total: 389025 ns
[2025-04-24T22:08:21.062+0000][2377.673s][debug][safepoint   ] Safepoint synchronization initiated using futex wait barrier. (226 threads)
[2025-04-24T22:08:21.063+0000][2377.673s][info ][safepoint   ] Safepoint "Cleanup", Time since last: 15001571522 ns, Reaching safepoint: 96132 ns, Cleanup: 13726 ns, At safepoint: 6522 ns, Total: 116380 ns
[2025-04-24T22:08:23.697+0000][2380.308s][debug][safepoint   ] Safepoint synchronization initiated using futex wait barrier. (226 threads)
[2025-04-24T22:08:23.697+0000][2380.308s][info ][gc,start    ] GC(87) Pause Young (Normal) (G1 Evacuation Pause)
[2025-04-24T22:08:23.698+0000][2380.308s][info ][gc,task     ] GC(87) Using 4 workers of 4 for evacuation
[2025-04-24T22:08:23.719+0000][2380.330s][info ][gc,phases   ] GC(87)   Pre Evacuate Collection Set: 0.3ms
[2025-04-24T22:08:23.719+0000][2380.330s][info ][gc,phases   ] GC(87)   Merge Heap Roots: 0.1ms
[2025-04-24T22:08:23.720+0000][2380.330s][info ][gc,phases   ] GC(87)   Evacuate Collection Set: 18.5ms
[2025-04-24T22:08:23.720+0000][2380.330s][info ][gc,phases   ] GC(87)   Post Evacuate Collection Set: 2.5ms
[2025-04-24T22:08:23.720+0000][2380.330s][info ][gc,phases   ] GC(87)   Other: 0.5ms
[2025-04-24T22:08:23.720+0000][2380.330s][info ][gc,heap     ] GC(87) Eden regions: 204->0(209)
[2025-04-24T22:08:23.720+0000][2380.330s][info ][gc,heap     ] GC(87) Survivor regions: 12->7(27)
[2025-04-24T22:08:23.720+0000][2380.330s][info ][gc,heap     ] GC(87) Old regions: 184->189
[2025-04-24T22:08:23.720+0000][2380.330s][info ][gc,heap     ] GC(87) Archive regions: 2->2
[2025-04-24T22:08:23.720+0000][2380.330s][info ][gc,heap     ] GC(87) Humongous regions: 2->2
[2025-04-24T22:08:23.720+0000][2380.330s][info ][gc,metaspace] GC(87) Metaspace: 193079K(194560K)->193079K(194560K) NonClass: 170011K(170752K)->170011K(170752K) Class: 23068K(23808K)->23068K(23808K)
[2025-04-24T22:08:23.720+0000][2380.331s][info ][gc          ] GC(87) Pause Young (Normal) (G1 Evacuation Pause) 402M->197M(463M) 22.825ms
[2025-04-24T22:08:23.720+0000][2380.331s][info ][gc,cpu      ] GC(87) User=0.06s Sys=0.00s Real=0.03s
[2025-04-24T22:08:23.721+0000][2380.332s][info ][safepoint   ] Safepoint "G1CollectForAllocation", Time since last: 2634591332 ns, Reaching safepoint: 74619 ns, Cleanup: 5034 ns, At safepoint: 23996934 ns, Total: 24076587 ns
[2025-04-24T22:08:24.722+0000][2381.332s][debug][safepoint   ] Safepoint synchronization initiated using futex wait barrier. (226 threads)
[2025-04-24T22:08:24.722+0000][2381.333s][info ][safepoint   ] Safepoint "Cleanup", Time since last: 1000610941 ns, Reaching safepoint: 233920 ns, Cleanup: 57509 ns, At safepoint: 31570 ns, Total: 322999 ns
[2025-04-24T22:08:25.722+0000][2382.333s][debug][safepoint   ] Safepoint synchronization initiated using futex wait barrier. (226 threads)
[2025-04-24T22:08:25.722+0000][2382.333s][info ][safepoint   ] Safepoint "Cleanup", Time since last: 1000227064 ns, Reaching safepoint: 102495 ns, Cleanup: 15154 ns, At safepoint: 9069 ns, Total: 126718 ns
[2025-04-24T22:08:36.724+0000][2393.334s][debug][safepoint   ] Safepoint synchronization initiated using futex wait barrier. (226 threads)
[2025-04-24T22:08:36.724+0000][2393.334s][info ][safepoint   ] Safepoint "Cleanup", Time since last: 11001425995 ns, Reaching safepoint: 107260 ns, Cleanup: 16521 ns, At safepoint: 6625 ns, Total: 130406 ns
[2025-04-24T22:08:37.724+0000][2394.335s][debug][safepoint   ] Safepoint synchronization initiated using futex wait barrier. (226 threads)
[2025-04-24T22:08:37.725+0000][2394.335s][info ][safepoint   ] Safepoint "Cleanup", Time since last: 1000141460 ns, Reaching safepoint: 255787 ns, Cleanup: 93156 ns, At safepoint: 24403 ns, Total: 373346 ns
[2025-04-24T22:08:38.725+0000][2395.335s][debug][safepoint   ] Safepoint synchronization initiated using futex wait barrier. (226 threads)
[2025-04-24T22:08:38.725+0000][2395.335s][info ][safepoint   ] Safepoint "Cleanup", Time since last: 1000181191 ns, Reaching safepoint: 71842 ns, Cleanup: 12073 ns, At safepoint: 5222 ns, Total: 89137 ns
[2025-04-24T22:08:55.086+0000][2411.696s][debug][safepoint   ] Safepoint synchronization initiated using futex wait barrier. (226 threads)
[2025-04-24T22:08:55.086+0000][2411.697s][info ][safepoint   ] Safepoint "Cleanup", Time since last: 16361118148 ns, Reaching safepoint: 108894 ns, Cleanup: 15914 ns, At safepoint: 9756 ns, Total: 134564 ns
[2025-04-24T22:08:59.086+0000][2415.697s][debug][safepoint   ] Safepoint synchronization initiated using futex wait barrier. (226 threads)
[2025-04-24T22:08:59.087+0000][2415.697s][info ][safepoint   ] Safepoint "Cleanup", Time since last: 4000337143 ns, Reaching safepoint: 111313 ns, Cleanup: 12767 ns, At safepoint: 7266 ns, Total: 131346 ns
[2025-04-24T22:09:02.087+0000][2418.697s][debug][safepoint   ] Safepoint synchronization initiated using futex wait barrier. (226 threads)
[2025-04-24T22:09:02.087+0000][2418.697s][info ][safepoint   ] Safepoint "Cleanup", Time since last: 3000374477 ns, Reaching safepoint: 62607 ns, Cleanup: 12117 ns, At safepoint: 5936 ns, Total: 80660 ns
[2025-04-24T22:09:14.089+0000][2430.699s][debug][safepoint   ] Safepoint synchronization initiated using futex wait barrier. (225 threads)
[2025-04-24T22:09:14.089+0000][2430.700s][info ][safepoint   ] Safepoint "Cleanup", Time since last: 12002044520 ns, Reaching safepoint: 190915 ns, Cleanup: 32152 ns, At safepoint: 18002 ns, Total: 241069 ns
[2025-04-24T22:09:36.091+0000][2452.702s][debug][safepoint   ] Safepoint synchronization initiated using futex wait barrier. (225 threads)
[2025-04-24T22:09:36.091+0000][2452.702s][info ][safepoint   ] Safepoint "Cleanup", Time since last: 22001905539 ns, Reaching safepoint: 162865 ns, Cleanup: 18048 ns, At safepoint: 11317 ns, Total: 192230 ns
[2025-04-24T22:09:39.092+0000][2455.702s][debug][safepoint   ] Safepoint synchronization initiated using futex wait barrier. (225 threads)
[2025-04-24T22:09:39.092+0000][2455.703s][info ][safepoint   ] Safepoint "Cleanup", Time since last: 3000430172 ns, Reaching safepoint: 274586 ns, Cleanup: 36116 ns, At safepoint: 24020 ns, Total: 334722 ns
[2025-04-24T22:09:48.119+0000][2464.729s][debug][safepoint   ] Safepoint synchronization initiated using futex wait barrier. (225 threads)
[2025-04-24T22:09:48.119+0000][2464.729s][info ][safepoint   ] Safepoint "Cleanup", Time since last: 9026676663 ns, Reaching safepoint: 54565 ns, Cleanup: 13797 ns, At safepoint: 4972 ns, Total: 73334 ns
[2025-04-24T22:09:53.119+0000][2469.730s][debug][safepoint   ] Safepoint synchronization initiated using futex wait barrier. (225 threads)
[2025-04-24T22:09:53.120+0000][2469.730s][info ][safepoint   ] Safepoint "Cleanup", Time since last: 5000519994 ns, Reaching safepoint: 92614 ns, Cleanup: 14921 ns, At safepoint: 6825 ns, Total: 114360 ns
[2025-04-24T22:09:54.120+0000][2470.730s][debug][safepoint   ] Safepoint synchronization initiated using futex wait barrier. (225 threads)
[2025-04-24T22:09:54.120+0000][2470.730s][info ][safepoint   ] Safepoint "Cleanup", Time since last: 1000107952 ns, Reaching safepoint: 287208 ns, Cleanup: 18954 ns, At safepoint: 10833 ns, Total: 316995 ns
[2025-04-24T22:10:04.123+0000][2480.733s][debug][safepoint   ] Safepoint synchronization initiated using futex wait barrier. (224 threads)
[2025-04-24T22:10:04.123+0000][2480.733s][info ][safepoint   ] Safepoint "Cleanup", Time since last: 10002797563 ns, Reaching safepoint: 126919 ns, Cleanup: 13050 ns, At safepoint: 6006 ns, Total: 145975 ns
[2025-04-24T22:10:05.123+0000][2481.734s][debug][safepoint   ] Safepoint synchronization initiated using futex wait barrier. (224 threads)
[2025-04-24T22:10:05.123+0000][2481.734s][info ][safepoint   ] Safepoint "Cleanup", Time since last: 1000255923 ns, Reaching safepoint: 92185 ns, Cleanup: 14832 ns, At safepoint: 6904 ns, Total: 113921 ns
[2025-04-24T22:10:07.124+0000][2483.734s][debug][safepoint   ] Safepoint synchronization initiated using futex wait barrier. (224 threads)
[2025-04-24T22:10:07.124+0000][2483.734s][info ][safepoint   ] Safepoint "Cleanup", Time since last: 2000352777 ns, Reaching safepoint: 76309 ns, Cleanup: 13072 ns, At safepoint: 21948 ns, Total: 111329 ns
[2025-04-24T22:10:16.124+0000][2492.735s][debug][safepoint   ] Safepoint synchronization initiated using futex wait barrier. (224 threads)
[2025-04-24T22:10:16.125+0000][2492.735s][info ][safepoint   ] Safepoint "Cleanup", Time since last: 9000740926 ns, Reaching safepoint: 77977 ns, Cleanup: 13673 ns, At safepoint: 5835 ns, Total: 97485 ns
[2025-04-24T22:10:20.125+0000][2496.735s][debug][safepoint   ] Safepoint synchronization initiated using futex wait barrier. (224 threads)
[2025-04-24T22:10:20.125+0000][2496.736s][info ][safepoint   ] Safepoint "Cleanup", Time since last: 4000365428 ns, Reaching safepoint: 121058 ns, Cleanup: 20029 ns, At safepoint: 13718 ns, Total: 154805 ns
[2025-04-24T22:10:21.125+0000][2497.736s][debug][safepoint   ] Safepoint synchronization initiated using futex wait barrier. (224 threads)
[2025-04-24T22:10:21.125+0000][2497.736s][info ][safepoint   ] Safepoint "Cleanup", Time since last: 1000233434 ns, Reaching safepoint: 56569 ns, Cleanup: 9429 ns, At safepoint: 4561 ns, Total: 70559 ns
[2025-04-24T22:10:31.476+0000][2508.086s][debug][safepoint   ] Safepoint synchronization initiated using futex wait barrier. (224 threads)
[2025-04-24T22:10:31.476+0000][2508.087s][info ][gc,start    ] GC(88) Pause Young (Normal) (G1 Evacuation Pause)
[2025-04-24T22:10:31.476+0000][2508.087s][info ][gc,task     ] GC(88) Using 4 workers of 4 for evacuation
[2025-04-24T22:10:31.491+0000][2508.101s][info ][gc,phases   ] GC(88)   Pre Evacuate Collection Set: 0.2ms
[2025-04-24T22:10:31.491+0000][2508.101s][info ][gc,phases   ] GC(88)   Merge Heap Roots: 0.1ms
[2025-04-24T22:10:31.491+0000][2508.101s][info ][gc,phases   ] GC(88)   Evacuate Collection Set: 12.1ms
[2025-04-24T22:10:31.491+0000][2508.101s][info ][gc,phases   ] GC(88)   Post Evacuate Collection Set: 2.2ms
[2025-04-24T22:10:31.491+0000][2508.101s][info ][gc,phases   ] GC(88)   Other: 0.2ms
[2025-04-24T22:10:31.491+0000][2508.101s][info ][gc,heap     ] GC(88) Eden regions: 209->0(212)
[2025-04-24T22:10:31.491+0000][2508.102s][info ][gc,heap     ] GC(88) Survivor regions: 7->4(27)
[2025-04-24T22:10:31.491+0000][2508.102s][info ][gc,heap     ] GC(88) Old regions: 189->192
[2025-04-24T22:10:31.491+0000][2508.102s][info ][gc,heap     ] GC(88) Archive regions: 2->2
[2025-04-24T22:10:31.491+0000][2508.102s][info ][gc,heap     ] GC(88) Humongous regions: 2->2
[2025-04-24T22:10:31.491+0000][2508.102s][info ][gc,metaspace] GC(88) Metaspace: 193091K(194560K)->193091K(194560K) NonClass: 170021K(170752K)->170021K(170752K) Class: 23070K(23808K)->23070K(23808K)
[2025-04-24T22:10:31.491+0000][2508.102s][info ][gc          ] GC(88) Pause Young (Normal) (G1 Evacuation Pause) 406M->197M(463M) 15.055ms
[2025-04-24T22:10:31.491+0000][2508.102s][info ][gc,cpu      ] GC(88) User=0.05s Sys=0.00s Real=0.02s
[2025-04-24T22:10:31.491+0000][2508.102s][info ][safepoint   ] Safepoint "G1CollectForAllocation", Time since last: 10350556966 ns, Reaching safepoint: 93309 ns, Cleanup: 4696 ns, At safepoint: 15422064 ns, Total: 15520069 ns
[2025-04-24T22:10:55.150+0000][2531.761s][debug][safepoint   ] Safepoint synchronization initiated using futex wait barrier. (224 threads)
[2025-04-24T22:10:55.150+0000][2531.761s][info ][safepoint   ] Safepoint "Cleanup", Time since last: 23658698702 ns, Reaching safepoint: 71281 ns, Cleanup: 14458 ns, At safepoint: 6207 ns, Total: 91946 ns
[2025-04-24T22:10:56.150+0000][2532.761s][debug][safepoint   ] Safepoint synchronization initiated using futex wait barrier. (224 threads)
[2025-04-24T22:10:56.151+0000][2532.761s][info ][safepoint   ] Safepoint "Cleanup", Time since last: 1000199620 ns, Reaching safepoint: 67096 ns, Cleanup: 10957 ns, At safepoint: 4432 ns, Total: 82485 ns
[2025-04-24T22:10:57.151+0000][2533.761s][debug][safepoint   ] Safepoint synchronization initiated using futex wait barrier. (224 threads)
[2025-04-24T22:10:57.151+0000][2533.761s][info ][safepoint   ] Safepoint "Cleanup", Time since last: 1000082669 ns, Reaching safepoint: 52631 ns, Cleanup: 8212 ns, At safepoint: 3650 ns, Total: 64493 ns
[2025-04-24T22:10:58.151+0000][2534.761s][debug][safepoint   ] Safepoint synchronization initiated using futex wait barrier. (224 threads)
[2025-04-24T22:10:58.151+0000][2534.761s][info ][safepoint   ] Safepoint "Cleanup", Time since last: 1000051076 ns, Reaching safepoint: 132314 ns, Cleanup: 19528 ns, At safepoint: 9874 ns, Total: 161716 ns
[2025-04-24T22:10:59.151+0000][2535.762s][debug][safepoint   ] Safepoint synchronization initiated using futex wait barrier. (224 threads)
[2025-04-24T22:10:59.152+0000][2535.762s][info ][safepoint   ] Safepoint "Cleanup", Time since last: 1000583002 ns, Reaching safepoint: 94060 ns, Cleanup: 16503 ns, At safepoint: 7807 ns, Total: 118370 ns
[2025-04-24T22:11:02.152+0000][2538.762s][debug][safepoint   ] Safepoint synchronization initiated using futex wait barrier. (224 threads)
[2025-04-24T22:11:02.152+0000][2538.763s][info ][safepoint   ] Safepoint "Cleanup", Time since last: 3000448258 ns, Reaching safepoint: 122777 ns, Cleanup: 18921 ns, At safepoint: 5774 ns, Total: 147472 ns
[2025-04-24T22:11:04.152+0000][2540.763s][debug][safepoint   ] Safepoint synchronization initiated using futex wait barrier. (223 threads)
[2025-04-24T22:11:04.153+0000][2540.763s][info ][safepoint   ] Safepoint "Cleanup", Time since last: 2000223600 ns, Reaching safepoint: 92983 ns, Cleanup: 17919 ns, At safepoint: 6486 ns, Total: 117388 ns
[2025-04-24T22:11:09.153+0000][2545.764s][debug][safepoint   ] Safepoint synchronization initiated using futex wait barrier. (223 threads)
[2025-04-24T22:11:09.153+0000][2545.764s][info ][safepoint   ] Safepoint "Cleanup", Time since last: 5000570418 ns, Reaching safepoint: 130196 ns, Cleanup: 21087 ns, At safepoint: 12503 ns, Total: 163786 ns
[2025-04-24T22:11:15.155+0000][2551.765s][debug][safepoint   ] Safepoint synchronization initiated using futex wait barrier. (223 threads)
[2025-04-24T22:11:15.155+0000][2551.766s][info ][safepoint   ] Safepoint "Cleanup", Time since last: 6001710086 ns, Reaching safepoint: 129926 ns, Cleanup: 18383 ns, At safepoint: 11024 ns, Total: 159333 ns
[2025-04-24T22:11:18.155+0000][2554.766s][debug][safepoint   ] Safepoint synchronization initiated using futex wait barrier. (223 threads)
[2025-04-24T22:11:18.156+0000][2554.766s][info ][safepoint   ] Safepoint "Cleanup", Time since last: 3000301628 ns, Reaching safepoint: 117427 ns, Cleanup: 17870 ns, At safepoint: 9213 ns, Total: 144510 ns
[2025-04-24T22:11:21.156+0000][2557.766s][debug][safepoint   ] Safepoint synchronization initiated using futex wait barrier. (223 threads)
[2025-04-24T22:11:21.156+0000][2557.766s][info ][safepoint   ] Safepoint "Cleanup", Time since last: 3000329625 ns, Reaching safepoint: 110329 ns, Cleanup: 16008 ns, At safepoint: 7059 ns, Total: 133396 ns
[2025-04-24T22:11:24.156+0000][2560.767s][debug][safepoint   ] Safepoint synchronization initiated using futex wait barrier. (223 threads)
[2025-04-24T22:11:24.157+0000][2560.767s][info ][safepoint   ] Safepoint "Cleanup", Time since last: 3000402990 ns, Reaching safepoint: 81185 ns, Cleanup: 15341 ns, At safepoint: 8332 ns, Total: 104858 ns
[2025-04-24T22:11:27.157+0000][2563.767s][debug][safepoint   ] Safepoint synchronization initiated using futex wait barrier. (223 threads)
[2025-04-24T22:11:27.157+0000][2563.768s][info ][safepoint   ] Safepoint "Cleanup", Time since last: 3000279419 ns, Reaching safepoint: 139940 ns, Cleanup: 70476 ns, At safepoint: 10986 ns, Total: 221402 ns
[2025-04-24T22:11:30.157+0000][2566.768s][debug][safepoint   ] Safepoint synchronization initiated using futex wait barrier. (223 threads)
[2025-04-24T22:11:30.157+0000][2566.768s][info ][safepoint   ] Safepoint "Cleanup", Time since last: 3000269371 ns, Reaching safepoint: 147155 ns, Cleanup: 20491 ns, At safepoint: 9485 ns, Total: 177131 ns
[2025-04-24T22:11:33.158+0000][2569.768s][debug][safepoint   ] Safepoint synchronization initiated using futex wait barrier. (223 threads)
[2025-04-24T22:11:33.158+0000][2569.768s][info ][safepoint   ] Safepoint "Cleanup", Time since last: 3000267391 ns, Reaching safepoint: 74324 ns, Cleanup: 17450 ns, At safepoint: 5220 ns, Total: 96994 ns
[2025-04-24T22:11:36.158+0000][2572.769s][debug][safepoint   ] Safepoint synchronization initiated using futex wait barrier. (223 threads)
[2025-04-24T22:11:36.158+0000][2572.769s][info ][safepoint   ] Safepoint "Cleanup", Time since last: 3000249009 ns, Reaching safepoint: 114890 ns, Cleanup: 15073 ns, At safepoint: 8102 ns, Total: 138065 ns
[2025-04-24T22:11:40.159+0000][2576.769s][debug][safepoint   ] Safepoint synchronization initiated using futex wait barrier. (223 threads)
[2025-04-24T22:11:40.159+0000][2576.769s][info ][safepoint   ] Safepoint "Cleanup", Time since last: 4000368401 ns, Reaching safepoint: 76072 ns, Cleanup: 22576 ns, At safepoint: 8055 ns, Total: 106703 ns
[2025-04-24T22:11:45.159+0000][2581.770s][debug][safepoint   ] Safepoint synchronization initiated using futex wait barrier. (223 threads)
[2025-04-24T22:11:45.159+0000][2581.770s][info ][safepoint   ] Safepoint "Cleanup", Time since last: 5000465579 ns, Reaching safepoint: 192136 ns, Cleanup: 27472 ns, At safepoint: 17908 ns, Total: 237516 ns
[2025-04-24T22:12:03.178+0000][2599.788s][debug][safepoint   ] Safepoint synchronization initiated using futex wait barrier. (223 threads)
[2025-04-24T22:12:03.178+0000][2599.789s][info ][safepoint   ] Safepoint "Cleanup", Time since last: 18018513502 ns, Reaching safepoint: 96982 ns, Cleanup: 15996 ns, At safepoint: 7062 ns, Total: 120040 ns
[2025-04-24T22:12:16.180+0000][2612.791s][debug][safepoint   ] Safepoint synchronization initiated using futex wait barrier. (222 threads)
[2025-04-24T22:12:16.180+0000][2612.791s][info ][safepoint   ] Safepoint "Cleanup", Time since last: 13002172556 ns, Reaching safepoint: 97701 ns, Cleanup: 14914 ns, At safepoint: 6247 ns, Total: 118862 ns
[2025-04-24T22:12:18.181+0000][2614.791s][debug][safepoint   ] Safepoint synchronization initiated using futex wait barrier. (222 threads)
[2025-04-24T22:12:18.181+0000][2614.791s][info ][safepoint   ] Safepoint "Cleanup", Time since last: 2000258963 ns, Reaching safepoint: 156652 ns, Cleanup: 30586 ns, At safepoint: 5123 ns, Total: 192361 ns
[2025-04-24T22:12:19.182+0000][2615.792s][debug][safepoint   ] Safepoint synchronization initiated using futex wait barrier. (222 threads)
[2025-04-24T22:12:19.182+0000][2615.793s][info ][safepoint   ] Safepoint "Cleanup", Time since last: 1001028350 ns, Reaching safepoint: 187650 ns, Cleanup: 24158 ns, At safepoint: 14524 ns, Total: 226332 ns
[2025-04-24T22:12:23.182+0000][2619.793s][debug][safepoint   ] Safepoint synchronization initiated using futex wait barrier. (222 threads)
[2025-04-24T22:12:23.183+0000][2619.793s][info ][safepoint   ] Safepoint "Cleanup", Time since last: 4000442672 ns, Reaching safepoint: 103334 ns, Cleanup: 17079 ns, At safepoint: 9813 ns, Total: 130226 ns
[2025-04-24T22:12:28.183+0000][2624.794s][debug][safepoint   ] Safepoint synchronization initiated using futex wait barrier. (222 threads)
[2025-04-24T22:12:28.183+0000][2624.794s][info ][safepoint   ] Safepoint "Cleanup", Time since last: 5000417180 ns, Reaching safepoint: 96684 ns, Cleanup: 15134 ns, At safepoint: 10885 ns, Total: 122703 ns
[2025-04-24T22:12:41.561+0000][2638.172s][debug][safepoint   ] Safepoint synchronization initiated using futex wait barrier. (222 threads)
[2025-04-24T22:12:41.561+0000][2638.172s][info ][gc,start    ] GC(89) Pause Young (Normal) (G1 Evacuation Pause)
[2025-04-24T22:12:41.561+0000][2638.172s][info ][gc,task     ] GC(89) Using 4 workers of 4 for evacuation
[2025-04-24T22:12:41.572+0000][2638.183s][info ][gc,phases   ] GC(89)   Pre Evacuate Collection Set: 0.2ms
[2025-04-24T22:12:41.572+0000][2638.183s][info ][gc,phases   ] GC(89)   Merge Heap Roots: 0.2ms
[2025-04-24T22:12:41.572+0000][2638.183s][info ][gc,phases   ] GC(89)   Evacuate Collection Set: 8.2ms
[2025-04-24T22:12:41.572+0000][2638.183s][info ][gc,phases   ] GC(89)   Post Evacuate Collection Set: 2.1ms
[2025-04-24T22:12:41.572+0000][2638.183s][info ][gc,phases   ] GC(89)   Other: 0.2ms
[2025-04-24T22:12:41.572+0000][2638.183s][info ][gc,heap     ] GC(89) Eden regions: 212->0(213)
[2025-04-24T22:12:41.572+0000][2638.183s][info ][gc,heap     ] GC(89) Survivor regions: 4->3(27)
[2025-04-24T22:12:41.572+0000][2638.183s][info ][gc,heap     ] GC(89) Old regions: 192->193
[2025-04-24T22:12:41.572+0000][2638.183s][info ][gc,heap     ] GC(89) Archive regions: 2->2
[2025-04-24T22:12:41.572+0000][2638.183s][info ][gc,heap     ] GC(89) Humongous regions: 2->2
[2025-04-24T22:12:41.572+0000][2638.183s][info ][gc,metaspace] GC(89) Metaspace: 193135K(194624K)->193135K(194624K) NonClass: 170064K(170816K)->170064K(170816K) Class: 23070K(23808K)->23070K(23808K)
[2025-04-24T22:12:41.573+0000][2638.183s][info ][gc          ] GC(89) Pause Young (Normal) (G1 Evacuation Pause) 409M->197M(463M) 11.074ms
[2025-04-24T22:12:41.573+0000][2638.183s][info ][gc,cpu      ] GC(89) User=0.03s Sys=0.01s Real=0.01s
[2025-04-24T22:12:41.573+0000][2638.183s][info ][safepoint   ] Safepoint "G1CollectForAllocation", Time since last: 13378151320 ns, Reaching safepoint: 92794 ns, Cleanup: 5716 ns, At safepoint: 11525631 ns, Total: 11624141 ns
[2025-04-24T22:12:42.573+0000][2639.184s][debug][safepoint   ] Safepoint synchronization initiated using futex wait barrier. (222 threads)
[2025-04-24T22:12:42.573+0000][2639.184s][info ][safepoint   ] Safepoint "Cleanup", Time since last: 1000171354 ns, Reaching safepoint: 204804 ns, Cleanup: 98932 ns, At safepoint: 19862 ns, Total: 323598 ns
[2025-04-24T22:12:43.574+0000][2640.184s][debug][safepoint   ] Safepoint synchronization initiated using futex wait barrier. (222 threads)
[2025-04-24T22:12:43.574+0000][2640.184s][info ][safepoint   ] Safepoint "Cleanup", Time since last: 1000210188 ns, Reaching safepoint: 74777 ns, Cleanup: 11163 ns, At safepoint: 7715 ns, Total: 93655 ns
[2025-04-24T22:12:53.706+0000][2650.317s][debug][safepoint   ] Safepoint synchronization initiated using futex wait barrier. (222 threads)
[2025-04-24T22:12:53.707+0000][2650.317s][info ][safepoint   ] Safepoint "Cleanup", Time since last: 10132545237 ns, Reaching safepoint: 238011 ns, Cleanup: 148476 ns, At safepoint: 56251 ns, Total: 442738 ns
[2025-04-24T22:13:18.712+0000][2675.322s][debug][safepoint   ] Safepoint synchronization initiated using futex wait barrier. (221 threads)
[2025-04-24T22:13:18.712+0000][2675.322s][info ][safepoint   ] Safepoint "Cleanup", Time since last: 25005107567 ns, Reaching safepoint: 76210 ns, Cleanup: 10990 ns, At safepoint: 7021 ns, Total: 94221 ns
[2025-04-24T22:13:38.715+0000][2695.326s][debug][safepoint   ] Safepoint synchronization initiated using futex wait barrier. (221 threads)
[2025-04-24T22:13:38.715+0000][2695.326s][info ][safepoint   ] Safepoint "Cleanup", Time since last: 20003191615 ns, Reaching safepoint: 63212 ns, Cleanup: 11496 ns, At safepoint: 6186 ns, Total: 80894 ns
[2025-04-24T22:13:46.237+0000][2702.848s][debug][safepoint   ] Safepoint synchronization initiated using futex wait barrier. (221 threads)
[2025-04-24T22:13:46.237+0000][2702.848s][info ][safepoint   ] Safepoint "Cleanup", Time since last: 7521898065 ns, Reaching safepoint: 161282 ns, Cleanup: 24791 ns, At safepoint: 13603 ns, Total: 199676 ns
[2025-04-24T22:14:00.239+0000][2716.850s][debug][safepoint   ] Safepoint synchronization initiated using futex wait barrier. (221 threads)
[2025-04-24T22:14:00.240+0000][2716.850s][info ][safepoint   ] Safepoint "Cleanup", Time since last: 14002071872 ns, Reaching safepoint: 105417 ns, Cleanup: 17593 ns, At safepoint: 9609 ns, Total: 132619 ns
[2025-04-24T22:14:18.243+0000][2734.854s][debug][safepoint   ] Safepoint synchronization initiated using futex wait barrier. (220 threads)
[2025-04-24T22:14:18.243+0000][2734.854s][info ][safepoint   ] Safepoint "Cleanup", Time since last: 18003810677 ns, Reaching safepoint: 66964 ns, Cleanup: 29537 ns, At safepoint: 7231 ns, Total: 103732 ns
[2025-04-24T22:14:26.244+0000][2742.855s][debug][safepoint   ] Safepoint synchronization initiated using futex wait barrier. (220 threads)
[2025-04-24T22:14:26.245+0000][2742.855s][info ][safepoint   ] Safepoint "Cleanup", Time since last: 8000993767 ns, Reaching safepoint: 76523 ns, Cleanup: 15172 ns, At safepoint: 6997 ns, Total: 98692 ns
[2025-04-24T22:14:27.245+0000][2743.855s][debug][safepoint   ] Safepoint synchronization initiated using futex wait barrier. (220 threads)
[2025-04-24T22:14:27.245+0000][2743.855s][info ][safepoint   ] Safepoint "Cleanup", Time since last: 1000092943 ns, Reaching safepoint: 72146 ns, Cleanup: 16683 ns, At safepoint: 16499 ns, Total: 105328 ns
[2025-04-24T22:14:30.245+0000][2746.855s][debug][safepoint   ] Safepoint synchronization initiated using futex wait barrier. (220 threads)
[2025-04-24T22:14:30.245+0000][2746.855s][info ][safepoint   ] Safepoint "Cleanup", Time since last: 3000233623 ns, Reaching safepoint: 77328 ns, Cleanup: 12414 ns, At safepoint: 6037 ns, Total: 95779 ns
[2025-04-24T22:14:31.245+0000][2747.856s][debug][safepoint   ] Safepoint synchronization initiated using futex wait barrier. (220 threads)
[2025-04-24T22:14:31.245+0000][2747.856s][info ][safepoint   ] Safepoint "Cleanup", Time since last: 1000133361 ns, Reaching safepoint: 77634 ns, Cleanup: 14578 ns, At safepoint: 7690 ns, Total: 99902 ns
[2025-04-24T22:14:35.246+0000][2751.856s][debug][safepoint   ] Safepoint synchronization initiated using futex wait barrier. (220 threads)
[2025-04-24T22:14:35.246+0000][2751.856s][info ][safepoint   ] Safepoint "Cleanup", Time since last: 4000483792 ns, Reaching safepoint: 91993 ns, Cleanup: 20790 ns, At safepoint: 9697 ns, Total: 122480 ns
[2025-04-24T22:14:39.246+0000][2755.857s][debug][safepoint   ] Safepoint synchronization initiated using futex wait barrier. (220 threads)
[2025-04-24T22:14:39.247+0000][2755.857s][info ][safepoint   ] Safepoint "Cleanup", Time since last: 4000580197 ns, Reaching safepoint: 91560 ns, Cleanup: 19157 ns, At safepoint: 10224 ns, Total: 120941 ns
[2025-04-24T22:14:50.269+0000][2766.879s][debug][safepoint   ] Safepoint synchronization initiated using futex wait barrier. (220 threads)
[2025-04-24T22:14:50.269+0000][2766.879s][info ][safepoint   ] Safepoint "Cleanup", Time since last: 11022142116 ns, Reaching safepoint: 92904 ns, Cleanup: 15941 ns, At safepoint: 8117 ns, Total: 116962 ns
[2025-04-24T22:14:52.529+0000][2769.139s][debug][safepoint   ] Safepoint synchronization initiated using futex wait barrier. (220 threads)
[2025-04-24T22:14:52.529+0000][2769.140s][info ][gc,start    ] GC(90) Pause Young (Normal) (G1 Evacuation Pause)
[2025-04-24T22:14:52.529+0000][2769.140s][info ][gc,task     ] GC(90) Using 4 workers of 4 for evacuation
[2025-04-24T22:14:52.540+0000][2769.150s][info ][gc,phases   ] GC(90)   Pre Evacuate Collection Set: 0.2ms
[2025-04-24T22:14:52.540+0000][2769.150s][info ][gc,phases   ] GC(90)   Merge Heap Roots: 0.2ms
[2025-04-24T22:14:52.540+0000][2769.150s][info ][gc,phases   ] GC(90)   Evacuate Collection Set: 7.6ms
[2025-04-24T22:14:52.540+0000][2769.150s][info ][gc,phases   ] GC(90)   Post Evacuate Collection Set: 2.4ms
[2025-04-24T22:14:52.540+0000][2769.150s][info ][gc,phases   ] GC(90)   Other: 0.2ms
[2025-04-24T22:14:52.540+0000][2769.150s][info ][gc,heap     ] GC(90) Eden regions: 213->0(214)
[2025-04-24T22:14:52.540+0000][2769.150s][info ][gc,heap     ] GC(90) Survivor regions: 3->2(27)
[2025-04-24T22:14:52.540+0000][2769.151s][info ][gc,heap     ] GC(90) Old regions: 193->194
[2025-04-24T22:14:52.540+0000][2769.151s][info ][gc,heap     ] GC(90) Archive regions: 2->2
[2025-04-24T22:14:52.540+0000][2769.151s][info ][gc,heap     ] GC(90) Humongous regions: 2->2
[2025-04-24T22:14:52.540+0000][2769.151s][info ][gc,metaspace] GC(90) Metaspace: 193137K(194624K)->193137K(194624K) NonClass: 170066K(170816K)->170066K(170816K) Class: 23070K(23808K)->23070K(23808K)
[2025-04-24T22:14:52.540+0000][2769.151s][info ][gc          ] GC(90) Pause Young (Normal) (G1 Evacuation Pause) 410M->197M(463M) 10.973ms
[2025-04-24T22:14:52.540+0000][2769.151s][info ][gc,cpu      ] GC(90) User=0.01s Sys=0.00s Real=0.01s
[2025-04-24T22:14:52.541+0000][2769.151s][info ][safepoint   ] Safepoint "G1CollectForAllocation", Time since last: 2259906959 ns, Reaching safepoint: 388366 ns, Cleanup: 7424 ns, At safepoint: 11466217 ns, Total: 11862007 ns
[2025-04-24T22:14:56.541+0000][2773.152s][debug][safepoint   ] Safepoint synchronization initiated using futex wait barrier. (220 threads)
[2025-04-24T22:14:56.541+0000][2773.152s][info ][safepoint   ] Safepoint "Cleanup", Time since last: 4000451142 ns, Reaching safepoint: 77336 ns, Cleanup: 11658 ns, At safepoint: 5306 ns, Total: 94300 ns
[2025-04-24T22:14:58.541+0000][2775.152s][debug][safepoint   ] Safepoint synchronization initiated using futex wait barrier. (220 threads)
[2025-04-24T22:14:58.541+0000][2775.152s][info ][safepoint   ] Safepoint "Cleanup", Time since last: 2000157380 ns, Reaching safepoint: 73493 ns, Cleanup: 16316 ns, At safepoint: 5921 ns, Total: 95730 ns
[2025-04-24T22:14:59.542+0000][2776.152s][debug][safepoint   ] Safepoint synchronization initiated using futex wait barrier. (220 threads)
[2025-04-24T22:14:59.542+0000][2776.152s][info ][safepoint   ] Safepoint "Cleanup", Time since last: 1000308970 ns, Reaching safepoint: 163462 ns, Cleanup: 30913 ns, At safepoint: 6902 ns, Total: 201277 ns
[2025-04-24T22:15:10.543+0000][2787.153s][debug][safepoint   ] Safepoint synchronization initiated using futex wait barrier. (219 threads)
[2025-04-24T22:15:10.543+0000][2787.153s][info ][safepoint   ] Safepoint "Cleanup", Time since last: 11000988775 ns, Reaching safepoint: 103542 ns, Cleanup: 13726 ns, At safepoint: 6233 ns, Total: 123501 ns
[2025-04-24T22:15:11.543+0000][2788.154s][debug][safepoint   ] Safepoint synchronization initiated using futex wait barrier. (219 threads)
[2025-04-24T22:15:11.543+0000][2788.154s][info ][safepoint   ] Safepoint "Cleanup", Time since last: 1000143967 ns, Reaching safepoint: 135263 ns, Cleanup: 22708 ns, At safepoint: 13438 ns, Total: 171409 ns
[2025-04-24T22:15:12.544+0000][2789.154s][debug][safepoint   ] Safepoint synchronization initiated using futex wait barrier. (219 threads)
[2025-04-24T22:15:12.544+0000][2789.154s][info ][safepoint   ] Safepoint "Cleanup", Time since last: 1000210843 ns, Reaching safepoint: 78102 ns, Cleanup: 12267 ns, At safepoint: 6333 ns, Total: 96702 ns
[2025-04-24T22:15:31.547+0000][2808.157s][debug][safepoint   ] Safepoint synchronization initiated using futex wait barrier. (219 threads)
[2025-04-24T22:15:31.547+0000][2808.158s][info ][safepoint   ] Safepoint "Cleanup", Time since last: 19003215726 ns, Reaching safepoint: 279588 ns, Cleanup: 51936 ns, At safepoint: 24190 ns, Total: 355714 ns
[2025-04-24T22:15:37.548+0000][2814.158s][debug][safepoint   ] Safepoint synchronization initiated using futex wait barrier. (219 threads)
[2025-04-24T22:15:37.548+0000][2814.158s][info ][safepoint   ] Safepoint "Cleanup", Time since last: 6000624765 ns, Reaching safepoint: 53116 ns, Cleanup: 9130 ns, At safepoint: 4300 ns, Total: 66546 ns
[2025-04-24T22:15:42.548+0000][2819.159s][debug][safepoint   ] Safepoint synchronization initiated using futex wait barrier. (219 threads)
[2025-04-24T22:15:42.548+0000][2819.159s][info ][safepoint   ] Safepoint "Cleanup", Time since last: 5000413240 ns, Reaching safepoint: 127378 ns, Cleanup: 15782 ns, At safepoint: 6418 ns, Total: 149578 ns
[2025-04-24T22:15:43.549+0000][2820.159s][debug][safepoint   ] Safepoint synchronization initiated using futex wait barrier. (219 threads)
[2025-04-24T22:15:43.549+0000][2820.159s][info ][safepoint   ] Safepoint "Cleanup", Time since last: 1000104126 ns, Reaching safepoint: 392865 ns, Cleanup: 33904 ns, At safepoint: 17971 ns, Total: 444740 ns
[2025-04-24T22:16:55.361+0000][2891.971s][debug][safepoint   ] Safepoint synchronization initiated using futex wait barrier. (232 threads)
[2025-04-24T22:16:55.361+0000][2891.971s][info ][safepoint   ] Safepoint "Cleanup", Time since last: 71811635597 ns, Reaching safepoint: 120633 ns, Cleanup: 31733 ns, At safepoint: 6629 ns, Total: 158995 ns
[2025-04-24T22:17:04.362+0000][2900.972s][debug][safepoint   ] Safepoint synchronization initiated using futex wait barrier. (232 threads)
[2025-04-24T22:17:04.362+0000][2900.972s][info ][safepoint   ] Safepoint "Cleanup", Time since last: 9000828340 ns, Reaching safepoint: 91506 ns, Cleanup: 13485 ns, At safepoint: 7084 ns, Total: 112075 ns
[2025-04-24T22:17:06.556+0000][2903.167s][debug][safepoint   ] Safepoint synchronization initiated using futex wait barrier. (233 threads)
[2025-04-24T22:17:06.557+0000][2903.167s][info ][gc,start    ] GC(91) Pause Young (Normal) (G1 Evacuation Pause)
[2025-04-24T22:17:06.557+0000][2903.167s][info ][gc,task     ] GC(91) Using 4 workers of 4 for evacuation
[2025-04-24T22:17:06.564+0000][2903.174s][info ][gc,phases   ] GC(91)   Pre Evacuate Collection Set: 0.3ms
[2025-04-24T22:17:06.564+0000][2903.174s][info ][gc,phases   ] GC(91)   Merge Heap Roots: 0.2ms
[2025-04-24T22:17:06.564+0000][2903.174s][info ][gc,phases   ] GC(91)   Evacuate Collection Set: 4.4ms
[2025-04-24T22:17:06.564+0000][2903.174s][info ][gc,phases   ] GC(91)   Post Evacuate Collection Set: 2.2ms
[2025-04-24T22:17:06.564+0000][2903.174s][info ][gc,phases   ] GC(91)   Other: 0.2ms
[2025-04-24T22:17:06.564+0000][2903.174s][info ][gc,heap     ] GC(91) Eden regions: 214->0(214)
[2025-04-24T22:17:06.564+0000][2903.174s][info ][gc,heap     ] GC(91) Survivor regions: 2->2(27)
[2025-04-24T22:17:06.564+0000][2903.174s][info ][gc,heap     ] GC(91) Old regions: 194->194
[2025-04-24T22:17:06.564+0000][2903.174s][info ][gc,heap     ] GC(91) Archive regions: 2->2
[2025-04-24T22:17:06.564+0000][2903.174s][info ][gc,heap     ] GC(91) Humongous regions: 2->2
[2025-04-24T22:17:06.564+0000][2903.174s][info ][gc,metaspace] GC(91) Metaspace: 193169K(194624K)->193169K(194624K) NonClass: 170099K(170816K)->170099K(170816K) Class: 23070K(23808K)->23070K(23808K)
[2025-04-24T22:17:06.564+0000][2903.174s][info ][gc          ] GC(91) Pause Young (Normal) (G1 Evacuation Pause) 411M->198M(463M) 7.446ms
[2025-04-24T22:17:06.564+0000][2903.174s][info ][gc,cpu      ] GC(91) User=0.02s Sys=0.00s Real=0.01s
[2025-04-24T22:17:06.564+0000][2903.175s][info ][safepoint   ] Safepoint "G1CollectForAllocation", Time since last: 2194628378 ns, Reaching safepoint: 90389 ns, Cleanup: 5989 ns, At safepoint: 7806212 ns, Total: 7902590 ns
[2025-04-24T22:17:16.565+0000][2913.176s][debug][safepoint   ] Safepoint synchronization initiated using futex wait barrier. (233 threads)
[2025-04-24T22:17:16.565+0000][2913.176s][info ][safepoint   ] Safepoint "Cleanup", Time since last: 10000946496 ns, Reaching safepoint: 104234 ns, Cleanup: 45983 ns, At safepoint: 24418 ns, Total: 174635 ns
[2025-04-24T22:17:22.566+0000][2919.177s][debug][safepoint   ] Safepoint synchronization initiated using futex wait barrier. (236 threads)
[2025-04-24T22:17:22.567+0000][2919.177s][info ][safepoint   ] Safepoint "Cleanup", Time since last: 6000976740 ns, Reaching safepoint: 105120 ns, Cleanup: 39870 ns, At safepoint: 9540 ns, Total: 154530 ns
[2025-04-24T22:17:36.569+0000][2933.179s][debug][safepoint   ] Safepoint synchronization initiated using futex wait barrier. (239 threads)
[2025-04-24T22:17:36.569+0000][2933.179s][info ][safepoint   ] Safepoint "Cleanup", Time since last: 14002196039 ns, Reaching safepoint: 90209 ns, Cleanup: 21137 ns, At safepoint: 7974 ns, Total: 119320 ns
[2025-04-24T22:17:48.388+0000][2944.998s][debug][safepoint   ] Safepoint synchronization initiated using futex wait barrier. (238 threads)
[2025-04-24T22:17:48.388+0000][2944.998s][info ][safepoint   ] Safepoint "Cleanup", Time since last: 11819033597 ns, Reaching safepoint: 74374 ns, Cleanup: 21044 ns, At safepoint: 4788 ns, Total: 100206 ns
[2025-04-24T22:17:49.388+0000][2945.999s][debug][safepoint   ] Safepoint synchronization initiated using futex wait barrier. (238 threads)
[2025-04-24T22:17:49.388+0000][2945.999s][info ][safepoint   ] Safepoint "Cleanup", Time since last: 1000109771 ns, Reaching safepoint: 103984 ns, Cleanup: 15581 ns, At safepoint: 6244 ns, Total: 125809 ns
[2025-04-24T22:17:56.389+0000][2952.999s][debug][safepoint   ] Safepoint synchronization initiated using futex wait barrier. (238 threads)
[2025-04-24T22:17:56.389+0000][2952.999s][info ][safepoint   ] Safepoint "Cleanup", Time since last: 7000556421 ns, Reaching safepoint: 201570 ns, Cleanup: 35136 ns, At safepoint: 10044 ns, Total: 246750 ns
[2025-04-24T22:17:59.389+0000][2956.000s][debug][safepoint   ] Safepoint synchronization initiated using futex wait barrier. (238 threads)
[2025-04-24T22:17:59.389+0000][2956.000s][info ][safepoint   ] Safepoint "Cleanup", Time since last: 3000301238 ns, Reaching safepoint: 64541 ns, Cleanup: 12997 ns, At safepoint: 5825 ns, Total: 83363 ns
[2025-04-24T22:18:05.390+0000][2962.000s][debug][safepoint   ] Safepoint synchronization initiated using futex wait barrier. (238 threads)
[2025-04-24T22:18:05.390+0000][2962.001s][info ][safepoint   ] Safepoint "Cleanup", Time since last: 6000541005 ns, Reaching safepoint: 78555 ns, Cleanup: 11703 ns, At safepoint: 6727 ns, Total: 96985 ns
[2025-04-24T22:18:09.391+0000][2966.001s][debug][safepoint   ] Safepoint synchronization initiated using futex wait barrier. (238 threads)
[2025-04-24T22:18:09.391+0000][2966.001s][info ][safepoint   ] Safepoint "Cleanup", Time since last: 4000783931 ns, Reaching safepoint: 72436 ns, Cleanup: 15079 ns, At safepoint: 8630 ns, Total: 96145 ns
[2025-04-24T22:18:11.391+0000][2968.002s][debug][safepoint   ] Safepoint synchronization initiated using futex wait barrier. (238 threads)
[2025-04-24T22:18:11.392+0000][2968.003s][info ][safepoint   ] Safepoint "Cleanup", Time since last: 2000290590 ns, Reaching safepoint: 383805 ns, Cleanup: 70210 ns, At safepoint: 430251 ns, Total: 884266 ns
[2025-04-24T22:18:16.393+0000][2973.003s][debug][safepoint   ] Safepoint synchronization initiated using futex wait barrier. (238 threads)
[2025-04-24T22:18:16.393+0000][2973.004s][info ][safepoint   ] Safepoint "Cleanup", Time since last: 5000719504 ns, Reaching safepoint: 235871 ns, Cleanup: 47138 ns, At safepoint: 29435 ns, Total: 312444 ns
[2025-04-24T22:18:30.395+0000][2987.006s][debug][safepoint   ] Safepoint synchronization initiated using futex wait barrier. (237 threads)
[2025-04-24T22:18:30.395+0000][2987.006s][info ][safepoint   ] Safepoint "Cleanup", Time since last: 14001973534 ns, Reaching safepoint: 118733 ns, Cleanup: 26069 ns, At safepoint: 13675 ns, Total: 158477 ns
[2025-04-24T22:18:33.396+0000][2990.006s][debug][safepoint   ] Safepoint synchronization initiated using futex wait barrier. (237 threads)
[2025-04-24T22:18:33.396+0000][2990.006s][info ][safepoint   ] Safepoint "Cleanup", Time since last: 3000260130 ns, Reaching safepoint: 77368 ns, Cleanup: 12477 ns, At safepoint: 7542 ns, Total: 97387 ns
[2025-04-24T22:18:41.396+0000][2998.007s][debug][safepoint   ] Safepoint synchronization initiated using futex wait barrier. (237 threads)
[2025-04-24T22:18:41.396+0000][2998.007s][info ][safepoint   ] Safepoint "Cleanup", Time since last: 8000591936 ns, Reaching safepoint: 90091 ns, Cleanup: 13567 ns, At safepoint: 6797 ns, Total: 110455 ns
[2025-04-24T22:18:42.885+0000][2999.495s][debug][safepoint   ] Safepoint synchronization initiated using futex wait barrier. (240 threads)
[2025-04-24T22:18:42.893+0000][2999.503s][info ][safepoint   ] Safepoint "Cleanup", Time since last: 1488519900 ns, Reaching safepoint: 2221157 ns, Cleanup: 52047 ns, At safepoint: 5402446 ns, Total: 7675650 ns
[2025-04-24T22:18:43.893+0000][3000.503s][debug][safepoint   ] Safepoint synchronization initiated using futex wait barrier. (240 threads)
[2025-04-24T22:18:43.893+0000][3000.503s][info ][safepoint   ] Safepoint "Cleanup", Time since last: 1000157469 ns, Reaching safepoint: 104919 ns, Cleanup: 217606 ns, At safepoint: 25249 ns, Total: 347774 ns
[2025-04-24T22:18:54.422+0000][3011.033s][debug][safepoint   ] Safepoint synchronization initiated using futex wait barrier. (239 threads)
[2025-04-24T22:18:54.422+0000][3011.033s][info ][safepoint   ] Safepoint "Cleanup", Time since last: 10529211381 ns, Reaching safepoint: 81791 ns, Cleanup: 14316 ns, At safepoint: 6636 ns, Total: 102743 ns
[2025-04-24T22:18:55.422+0000][3012.033s][debug][safepoint   ] Safepoint synchronization initiated using futex wait barrier. (239 threads)
[2025-04-24T22:18:55.423+0000][3012.033s][info ][safepoint   ] Safepoint "Cleanup", Time since last: 1000134323 ns, Reaching safepoint: 138837 ns, Cleanup: 17995 ns, At safepoint: 8152 ns, Total: 164984 ns
[2025-04-24T22:18:56.423+0000][3013.033s][debug][safepoint   ] Safepoint synchronization initiated using futex wait barrier. (239 threads)
[2025-04-24T22:18:56.423+0000][3013.033s][info ][safepoint   ] Safepoint "Cleanup", Time since last: 1000090229 ns, Reaching safepoint: 83662 ns, Cleanup: 12455 ns, At safepoint: 6521 ns, Total: 102638 ns
[2025-04-24T22:19:06.424+0000][3023.034s][debug][safepoint   ] Safepoint synchronization initiated using futex wait barrier. (239 threads)
[2025-04-24T22:19:06.424+0000][3023.034s][info ][safepoint   ] Safepoint "Cleanup", Time since last: 10001046256 ns, Reaching safepoint: 102126 ns, Cleanup: 18927 ns, At safepoint: 8051 ns, Total: 129104 ns
[2025-04-24T22:19:14.075+0000][3030.686s][debug][safepoint   ] Safepoint synchronization initiated using futex wait barrier. (239 threads)
[2025-04-24T22:19:14.075+0000][3030.686s][info ][gc,start    ] GC(92) Pause Young (Normal) (G1 Evacuation Pause)
[2025-04-24T22:19:14.075+0000][3030.686s][info ][gc,task     ] GC(92) Using 4 workers of 4 for evacuation
[2025-04-24T22:19:14.085+0000][3030.696s][info ][gc,phases   ] GC(92)   Pre Evacuate Collection Set: 0.2ms
[2025-04-24T22:19:14.085+0000][3030.696s][info ][gc,phases   ] GC(92)   Merge Heap Roots: 0.2ms
[2025-04-24T22:19:14.085+0000][3030.696s][info ][gc,phases   ] GC(92)   Evacuate Collection Set: 6.5ms
[2025-04-24T22:19:14.086+0000][3030.696s][info ][gc,phases   ] GC(92)   Post Evacuate Collection Set: 3.1ms
[2025-04-24T22:19:14.086+0000][3030.696s][info ][gc,phases   ] GC(92)   Other: 0.3ms
[2025-04-24T22:19:14.086+0000][3030.696s][info ][gc,heap     ] GC(92) Eden regions: 214->0(212)
[2025-04-24T22:19:14.086+0000][3030.696s][info ][gc,heap     ] GC(92) Survivor regions: 2->3(27)
[2025-04-24T22:19:14.086+0000][3030.696s][info ][gc,heap     ] GC(92) Old regions: 194->194
[2025-04-24T22:19:14.086+0000][3030.696s][info ][gc,heap     ] GC(92) Archive regions: 2->2
[2025-04-24T22:19:14.086+0000][3030.696s][info ][gc,heap     ] GC(92) Humongous regions: 2->2
[2025-04-24T22:19:14.086+0000][3030.696s][info ][gc,metaspace] GC(92) Metaspace: 193281K(194752K)->193281K(194752K) NonClass: 170205K(170944K)->170205K(170944K) Class: 23076K(23808K)->23076K(23808K)
[2025-04-24T22:19:14.086+0000][3030.696s][info ][gc          ] GC(92) Pause Young (Normal) (G1 Evacuation Pause) 412M->198M(463M) 10.447ms
[2025-04-24T22:19:14.086+0000][3030.696s][info ][gc,cpu      ] GC(92) User=0.03s Sys=0.00s Real=0.01s
[2025-04-24T22:19:14.086+0000][3030.696s][info ][safepoint   ] Safepoint "G1CollectForAllocation", Time since last: 7651057104 ns, Reaching safepoint: 82406 ns, Cleanup: 5391 ns, At safepoint: 10739320 ns, Total: 10827117 ns
[2025-04-24T22:19:15.086+0000][3031.697s][debug][safepoint   ] Safepoint synchronization initiated using futex wait barrier. (239 threads)
[2025-04-24T22:19:15.087+0000][3031.697s][info ][safepoint   ] Safepoint "Cleanup", Time since last: 1000311227 ns, Reaching safepoint: 276707 ns, Cleanup: 36080 ns, At safepoint: 22220 ns, Total: 335007 ns
[2025-04-24T22:19:45.453+0000][3062.064s][debug][safepoint   ] Safepoint synchronization initiated using futex wait barrier. (235 threads)
[2025-04-24T22:19:45.453+0000][3062.064s][info ][safepoint   ] Safepoint "Cleanup", Time since last: 30366776193 ns, Reaching safepoint: 113347 ns, Cleanup: 12149 ns, At safepoint: 7720 ns, Total: 133216 ns
[2025-04-24T22:19:47.454+0000][3064.064s][debug][safepoint   ] Safepoint synchronization initiated using futex wait barrier. (235 threads)
[2025-04-24T22:19:47.454+0000][3064.064s][info ][safepoint   ] Safepoint "Cleanup", Time since last: 2000223674 ns, Reaching safepoint: 124077 ns, Cleanup: 17122 ns, At safepoint: 10490 ns, Total: 151689 ns
[2025-04-24T22:19:49.454+0000][3066.065s][debug][safepoint   ] Safepoint synchronization initiated using futex wait barrier. (235 threads)
[2025-04-24T22:19:49.455+0000][3066.065s][info ][safepoint   ] Safepoint "Cleanup", Time since last: 2000240582 ns, Reaching safepoint: 526428 ns, Cleanup: 83848 ns, At safepoint: 73126 ns, Total: 683402 ns
[2025-04-24T22:20:19.461+0000][3096.071s][debug][safepoint   ] Safepoint synchronization initiated using futex wait barrier. (235 threads)
[2025-04-24T22:20:19.461+0000][3096.072s][info ][safepoint   ] Safepoint "Cleanup", Time since last: 30006238031 ns, Reaching safepoint: 77951 ns, Cleanup: 16082 ns, At safepoint: 6435 ns, Total: 100468 ns
[2025-04-24T22:20:33.465+0000][3110.076s][debug][safepoint   ] Safepoint synchronization initiated using futex wait barrier. (235 threads)
[2025-04-24T22:20:33.465+0000][3110.076s][info ][safepoint   ] Safepoint "Cleanup", Time since last: 14003984574 ns, Reaching safepoint: 91517 ns, Cleanup: 14977 ns, At safepoint: 7032 ns, Total: 113526 ns
[2025-04-24T22:21:19.489+0000][3156.100s][debug][safepoint   ] Safepoint synchronization initiated using futex wait barrier. (234 threads)
[2025-04-24T22:21:19.489+0000][3156.100s][info ][safepoint   ] Safepoint "Cleanup", Time since last: 46023947367 ns, Reaching safepoint: 148710 ns, Cleanup: 20095 ns, At safepoint: 13864 ns, Total: 182669 ns
[2025-04-24T22:21:21.251+0000][3157.862s][debug][safepoint   ] Safepoint synchronization initiated using futex wait barrier. (234 threads)
[2025-04-24T22:21:21.252+0000][3157.862s][info ][gc,start    ] GC(93) Pause Young (Normal) (G1 Evacuation Pause)
[2025-04-24T22:21:21.252+0000][3157.862s][info ][gc,task     ] GC(93) Using 4 workers of 4 for evacuation
[2025-04-24T22:21:21.265+0000][3157.875s][info ][gc,phases   ] GC(93)   Pre Evacuate Collection Set: 0.5ms
[2025-04-24T22:21:21.265+0000][3157.876s][info ][gc,phases   ] GC(93)   Merge Heap Roots: 0.3ms
[2025-04-24T22:21:21.265+0000][3157.876s][info ][gc,phases   ] GC(93)   Evacuate Collection Set: 8.2ms
[2025-04-24T22:21:21.265+0000][3157.876s][info ][gc,phases   ] GC(93)   Post Evacuate Collection Set: 4.0ms
[2025-04-24T22:21:21.265+0000][3157.876s][info ][gc,phases   ] GC(93)   Other: 0.4ms
[2025-04-24T22:21:21.265+0000][3157.876s][info ][gc,heap     ] GC(93) Eden regions: 212->0(213)
[2025-04-24T22:21:21.265+0000][3157.876s][info ][gc,heap     ] GC(93) Survivor regions: 3->2(27)
[2025-04-24T22:21:21.265+0000][3157.876s][info ][gc,heap     ] GC(93) Old regions: 194->195
[2025-04-24T22:21:21.265+0000][3157.876s][info ][gc,heap     ] GC(93) Archive regions: 2->2
[2025-04-24T22:21:21.265+0000][3157.876s][info ][gc,heap     ] GC(93) Humongous regions: 2->2
[2025-04-24T22:21:21.265+0000][3157.876s][info ][gc,metaspace] GC(93) Metaspace: 193286K(194816K)->193286K(194816K) NonClass: 170210K(171008K)->170210K(171008K) Class: 23076K(23808K)->23076K(23808K)
[2025-04-24T22:21:21.265+0000][3157.876s][info ][gc          ] GC(93) Pause Young (Normal) (G1 Evacuation Pause) 410M->198M(463M) 13.788ms
[2025-04-24T22:21:21.266+0000][3157.876s][info ][gc,cpu      ] GC(93) User=0.04s Sys=0.00s Real=0.01s
[2025-04-24T22:21:21.266+0000][3157.876s][info ][safepoint   ] Safepoint "G1CollectForAllocation", Time since last: 1762103733 ns, Reaching safepoint: 140522 ns, Cleanup: 18219 ns, At safepoint: 14378382 ns, Total: 14537123 ns
[2025-04-24T22:21:45.269+0000][3181.879s][debug][safepoint   ] Safepoint synchronization initiated using futex wait barrier. (233 threads)
[2025-04-24T22:21:45.269+0000][3181.879s][info ][safepoint   ] Safepoint "Cleanup", Time since last: 24002534442 ns, Reaching safepoint: 135761 ns, Cleanup: 20171 ns, At safepoint: 12825 ns, Total: 168757 ns
[2025-04-24T22:22:37.523+0000][3234.133s][debug][safepoint   ] Safepoint synchronization initiated using futex wait barrier. (233 threads)
[2025-04-24T22:22:37.523+0000][3234.134s][info ][safepoint   ] Safepoint "Cleanup", Time since last: 52254242221 ns, Reaching safepoint: 176406 ns, Cleanup: 31395 ns, At safepoint: 16253 ns, Total: 224054 ns
[2025-04-24T22:22:38.523+0000][3235.134s][debug][safepoint   ] Safepoint synchronization initiated using futex wait barrier. (233 threads)
[2025-04-24T22:22:38.523+0000][3235.134s][info ][safepoint   ] Safepoint "Cleanup", Time since last: 1000121696 ns, Reaching safepoint: 87206 ns, Cleanup: 15986 ns, At safepoint: 8105 ns, Total: 111297 ns
[2025-04-24T22:22:39.523+0000][3236.134s][debug][safepoint   ] Safepoint synchronization initiated using futex wait barrier. (233 threads)
[2025-04-24T22:22:39.524+0000][3236.134s][info ][safepoint   ] Safepoint "Cleanup", Time since last: 1000130645 ns, Reaching safepoint: 149740 ns, Cleanup: 44604 ns, At safepoint: 53110 ns, Total: 247454 ns
[2025-04-24T22:22:44.524+0000][3241.135s][debug][safepoint   ] Safepoint synchronization initiated using futex wait barrier. (232 threads)
[2025-04-24T22:22:44.525+0000][3241.136s][info ][safepoint   ] Safepoint "Cleanup", Time since last: 5000582503 ns, Reaching safepoint: 889779 ns, Cleanup: 176000 ns, At safepoint: 57767 ns, Total: 1123546 ns
[2025-04-24T22:22:46.552+0000][3243.163s][debug][safepoint   ] Safepoint synchronization initiated using futex wait barrier. (232 threads)
[2025-04-24T22:22:46.555+0000][3243.166s][info ][safepoint   ] Safepoint "Cleanup", Time since last: 2026891016 ns, Reaching safepoint: 2582189 ns, Cleanup: 85706 ns, At safepoint: 30937 ns, Total: 2698832 ns
[2025-04-24T22:22:47.555+0000][3244.166s][debug][safepoint   ] Safepoint synchronization initiated using futex wait barrier. (232 threads)
[2025-04-24T22:22:47.555+0000][3244.166s][info ][safepoint   ] Safepoint "Cleanup", Time since last: 1000252892 ns, Reaching safepoint: 90639 ns, Cleanup: 33660 ns, At safepoint: 7327 ns, Total: 131626 ns
[2025-04-24T22:23:01.558+0000][3258.168s][debug][safepoint   ] Safepoint synchronization initiated using futex wait barrier. (232 threads)
[2025-04-24T22:23:01.558+0000][3258.168s][info ][safepoint   ] Safepoint "Cleanup", Time since last: 14002309519 ns, Reaching safepoint: 66717 ns, Cleanup: 46014 ns, At safepoint: 5003 ns, Total: 117734 ns
[2025-04-24T22:23:03.558+0000][3260.169s][debug][safepoint   ] Safepoint synchronization initiated using futex wait barrier. (232 threads)
[2025-04-24T22:23:03.558+0000][3260.169s][info ][safepoint   ] Safepoint "Cleanup", Time since last: 2000199443 ns, Reaching safepoint: 120935 ns, Cleanup: 36899 ns, At safepoint: 10279 ns, Total: 168113 ns
[2025-04-24T22:23:11.559+0000][3268.170s][debug][safepoint   ] Safepoint synchronization initiated using futex wait barrier. (232 threads)
[2025-04-24T22:23:11.559+0000][3268.170s][info ][safepoint   ] Safepoint "Cleanup", Time since last: 8000869123 ns, Reaching safepoint: 125759 ns, Cleanup: 27059 ns, At safepoint: 13383 ns, Total: 166201 ns
[2025-04-24T22:23:12.560+0000][3269.170s][debug][safepoint   ] Safepoint synchronization initiated using futex wait barrier. (232 threads)
[2025-04-24T22:23:12.561+0000][3269.172s][info ][safepoint   ] Safepoint "Cleanup", Time since last: 1000379891 ns, Reaching safepoint: 1178267 ns, Cleanup: 97829 ns, At safepoint: 215598 ns, Total: 1491694 ns
[2025-04-24T22:23:13.563+0000][3270.173s][debug][safepoint   ] Safepoint synchronization initiated using futex wait barrier. (232 threads)
[2025-04-24T22:23:13.563+0000][3270.173s][info ][safepoint   ] Safepoint "Cleanup", Time since last: 1001763073 ns, Reaching safepoint: 104955 ns, Cleanup: 17859 ns, At safepoint: 14784 ns, Total: 137598 ns
[2025-04-24T22:23:21.485+0000][3278.096s][debug][safepoint   ] Safepoint synchronization initiated using futex wait barrier. (232 threads)
[2025-04-24T22:23:21.485+0000][3278.096s][info ][gc,start    ] GC(94) Pause Young (Normal) (G1 Evacuation Pause)
[2025-04-24T22:23:21.485+0000][3278.096s][info ][gc,task     ] GC(94) Using 4 workers of 4 for evacuation
[2025-04-24T22:23:21.494+0000][3278.105s][info ][gc,phases   ] GC(94)   Pre Evacuate Collection Set: 0.2ms
[2025-04-24T22:23:21.494+0000][3278.105s][info ][gc,phases   ] GC(94)   Merge Heap Roots: 0.2ms
[2025-04-24T22:23:21.494+0000][3278.105s][info ][gc,phases   ] GC(94)   Evacuate Collection Set: 5.8ms
[2025-04-24T22:23:21.494+0000][3278.105s][info ][gc,phases   ] GC(94)   Post Evacuate Collection Set: 2.6ms
[2025-04-24T22:23:21.494+0000][3278.105s][info ][gc,phases   ] GC(94)   Other: 0.2ms
[2025-04-24T22:23:21.495+0000][3278.105s][info ][gc,heap     ] GC(94) Eden regions: 213->0(214)
[2025-04-24T22:23:21.495+0000][3278.105s][info ][gc,heap     ] GC(94) Survivor regions: 2->1(27)
[2025-04-24T22:23:21.495+0000][3278.105s][info ][gc,heap     ] GC(94) Old regions: 195->195
[2025-04-24T22:23:21.495+0000][3278.105s][info ][gc,heap     ] GC(94) Archive regions: 2->2
[2025-04-24T22:23:21.495+0000][3278.105s][info ][gc,heap     ] GC(94) Humongous regions: 2->2
[2025-04-24T22:23:21.495+0000][3278.105s][info ][gc,metaspace] GC(94) Metaspace: 193837K(195328K)->193837K(195328K) NonClass: 170693K(171456K)->170693K(171456K) Class: 23143K(23872K)->23143K(23872K)
[2025-04-24T22:23:21.495+0000][3278.105s][info ][gc          ] GC(94) Pause Young (Normal) (G1 Evacuation Pause) 411M->198M(463M) 9.147ms
[2025-04-24T22:23:21.495+0000][3278.105s][info ][gc,cpu      ] GC(94) User=0.02s Sys=0.01s Real=0.01s
[2025-04-24T22:23:21.495+0000][3278.105s][info ][safepoint   ] Safepoint "G1CollectForAllocation", Time since last: 7922269260 ns, Reaching safepoint: 85937 ns, Cleanup: 13388 ns, At safepoint: 9460140 ns, Total: 9559465 ns
[2025-04-24T22:23:22.495+0000][3279.105s][debug][safepoint   ] Safepoint synchronization initiated using futex wait barrier. (232 threads)
[2025-04-24T22:23:22.495+0000][3279.106s][info ][safepoint   ] Safepoint "Cleanup", Time since last: 1000132906 ns, Reaching safepoint: 97948 ns, Cleanup: 22344 ns, At safepoint: 7138 ns, Total: 127430 ns
[2025-04-24T22:23:23.495+0000][3280.106s][debug][safepoint   ] Safepoint synchronization initiated using futex wait barrier. (232 threads)
[2025-04-24T22:23:23.495+0000][3280.106s][info ][safepoint   ] Safepoint "Cleanup", Time since last: 1000160377 ns, Reaching safepoint: 104736 ns, Cleanup: 18600 ns, At safepoint: 10633 ns, Total: 133969 ns
[2025-04-24T22:23:29.496+0000][3286.107s][debug][safepoint   ] Safepoint synchronization initiated using futex wait barrier. (232 threads)
[2025-04-24T22:23:29.496+0000][3286.107s][info ][safepoint   ] Safepoint "Cleanup", Time since last: 6000683578 ns, Reaching safepoint: 116146 ns, Cleanup: 31695 ns, At safepoint: 12999 ns, Total: 160840 ns
[2025-04-24T22:23:30.496+0000][3287.107s][debug][safepoint   ] Safepoint synchronization initiated using futex wait barrier. (232 threads)
[2025-04-24T22:23:30.497+0000][3287.107s][info ][safepoint   ] Safepoint "Cleanup", Time since last: 1000173785 ns, Reaching safepoint: 113855 ns, Cleanup: 21982 ns, At safepoint: 13045 ns, Total: 148882 ns
[2025-04-24T22:23:31.497+0000][3288.107s][debug][safepoint   ] Safepoint synchronization initiated using futex wait barrier. (232 threads)
[2025-04-24T22:23:31.497+0000][3288.107s][info ][safepoint   ] Safepoint "Cleanup", Time since last: 1000173559 ns, Reaching safepoint: 81232 ns, Cleanup: 13664 ns, At safepoint: 8549 ns, Total: 103445 ns
[2025-04-24T22:23:32.603+0000][3289.213s][debug][safepoint   ] Safepoint synchronization initiated using futex wait barrier. (232 threads)
[2025-04-24T22:23:32.603+0000][3289.214s][info ][safepoint   ] Safepoint "Cleanup", Time since last: 1106093905 ns, Reaching safepoint: 85689 ns, Cleanup: 36624 ns, At safepoint: 8460 ns, Total: 130773 ns
[2025-04-24T22:23:35.603+0000][3292.214s][debug][safepoint   ] Safepoint synchronization initiated using futex wait barrier. (232 threads)
[2025-04-24T22:23:35.604+0000][3292.214s][info ][safepoint   ] Safepoint "Cleanup", Time since last: 3000365571 ns, Reaching safepoint: 90262 ns, Cleanup: 44424 ns, At safepoint: 13828 ns, Total: 148514 ns
[2025-04-24T22:23:37.254+0000][3293.864s][debug][safepoint   ] Safepoint synchronization initiated using futex wait barrier. (233 threads)
[2025-04-24T22:23:37.254+0000][3293.864s][info ][safepoint   ] Safepoint "Cleanup", Time since last: 1650134060 ns, Reaching safepoint: 141134 ns, Cleanup: 46128 ns, At safepoint: 11136 ns, Total: 198398 ns
[2025-04-24T22:23:38.254+0000][3294.865s][debug][safepoint   ] Safepoint synchronization initiated using futex wait barrier. (233 threads)
[2025-04-24T22:23:38.254+0000][3294.865s][info ][safepoint   ] Safepoint "Cleanup", Time since last: 1000181968 ns, Reaching safepoint: 92490 ns, Cleanup: 40705 ns, At safepoint: 11427 ns, Total: 144622 ns
[2025-04-24T22:23:39.254+0000][3295.865s][debug][safepoint   ] Safepoint synchronization initiated using futex wait barrier. (233 threads)
[2025-04-24T22:23:39.255+0000][3295.865s][info ][safepoint   ] Safepoint "Cleanup", Time since last: 1000102795 ns, Reaching safepoint: 105347 ns, Cleanup: 64074 ns, At safepoint: 8434 ns, Total: 177855 ns
[2025-04-24T22:23:46.596+0000][3303.207s][debug][safepoint   ] Safepoint synchronization initiated using futex wait barrier. (232 threads)
[2025-04-24T22:23:46.597+0000][3303.207s][info ][safepoint   ] Safepoint "Cleanup", Time since last: 7341879853 ns, Reaching safepoint: 84807 ns, Cleanup: 28698 ns, At safepoint: 5738 ns, Total: 119243 ns
[2025-04-24T22:23:55.597+0000][3312.208s][debug][safepoint   ] Safepoint synchronization initiated using futex wait barrier. (232 threads)
[2025-04-24T22:23:55.598+0000][3312.208s][info ][safepoint   ] Safepoint "Cleanup", Time since last: 9000906599 ns, Reaching safepoint: 224921 ns, Cleanup: 23741 ns, At safepoint: 52078 ns, Total: 300740 ns
[2025-04-24T22:23:56.598+0000][3313.208s][debug][safepoint   ] Safepoint synchronization initiated using futex wait barrier. (232 threads)
[2025-04-24T22:23:56.598+0000][3313.208s][info ][safepoint   ] Safepoint "Cleanup", Time since last: 1000216928 ns, Reaching safepoint: 61999 ns, Cleanup: 13804 ns, At safepoint: 5197 ns, Total: 81000 ns
[2025-04-24T22:24:09.600+0000][3326.211s][debug][safepoint   ] Safepoint synchronization initiated using futex wait barrier. (232 threads)
[2025-04-24T22:24:09.600+0000][3326.211s][info ][safepoint   ] Safepoint "Cleanup", Time since last: 13002083682 ns, Reaching safepoint: 141354 ns, Cleanup: 21091 ns, At safepoint: 12984 ns, Total: 175429 ns
[2025-04-24T22:24:09.978+0000][3326.589s][debug][safepoint   ] Safepoint synchronization initiated using futex wait barrier. (232 threads)
[2025-04-24T22:24:09.978+0000][3326.589s][info ][gc,start    ] GC(95) Pause Young (Normal) (G1 Evacuation Pause)
[2025-04-24T22:24:09.979+0000][3326.589s][info ][gc,task     ] GC(95) Using 4 workers of 4 for evacuation
[2025-04-24T22:24:10.007+0000][3326.618s][info ][gc,phases   ] GC(95)   Pre Evacuate Collection Set: 0.4ms
[2025-04-24T22:24:10.007+0000][3326.618s][info ][gc,phases   ] GC(95)   Merge Heap Roots: 0.3ms
[2025-04-24T22:24:10.007+0000][3326.618s][info ][gc,phases   ] GC(95)   Evacuate Collection Set: 21.5ms
[2025-04-24T22:24:10.007+0000][3326.618s][info ][gc,phases   ] GC(95)   Post Evacuate Collection Set: 6.3ms
[2025-04-24T22:24:10.007+0000][3326.618s][info ][gc,phases   ] GC(95)   Other: 0.4ms
[2025-04-24T22:24:10.008+0000][3326.618s][info ][gc,heap     ] GC(95) Eden regions: 214->0(205)
[2025-04-24T22:24:10.008+0000][3326.618s][info ][gc,heap     ] GC(95) Survivor regions: 1->6(27)
[2025-04-24T22:24:10.008+0000][3326.618s][info ][gc,heap     ] GC(95) Old regions: 195->195
[2025-04-24T22:24:10.008+0000][3326.618s][info ][gc,heap     ] GC(95) Archive regions: 2->2
[2025-04-24T22:24:10.008+0000][3326.618s][info ][gc,heap     ] GC(95) Humongous regions: 2->2
[2025-04-24T22:24:10.008+0000][3326.618s][info ][gc,metaspace] GC(95) Metaspace: 194307K(195840K)->194307K(195840K) NonClass: 171114K(171904K)->171114K(171904K) Class: 23192K(23936K)->23192K(23936K)
[2025-04-24T22:24:10.008+0000][3326.618s][info ][gc          ] GC(95) Pause Young (Normal) (G1 Evacuation Pause) 412M->202M(463M) 29.193ms
[2025-04-24T22:24:10.008+0000][3326.618s][info ][gc,cpu      ] GC(95) User=0.07s Sys=0.01s Real=0.03s
[2025-04-24T22:24:10.009+0000][3326.619s][info ][safepoint   ] Safepoint "G1CollectForAllocation", Time since last: 378027873 ns, Reaching safepoint: 107473 ns, Cleanup: 7367 ns, At safepoint: 30084087 ns, Total: 30198927 ns
[2025-04-24T22:24:14.009+0000][3330.620s][debug][safepoint   ] Safepoint synchronization initiated using futex wait barrier. (232 threads)
[2025-04-24T22:24:14.009+0000][3330.620s][info ][safepoint   ] Safepoint "Cleanup", Time since last: 4000658335 ns, Reaching safepoint: 81647 ns, Cleanup: 18359 ns, At safepoint: 5743 ns, Total: 105749 ns
[2025-04-24T22:24:15.010+0000][3331.620s][debug][safepoint   ] Safepoint synchronization initiated using futex wait barrier. (232 threads)
[2025-04-24T22:24:15.010+0000][3331.620s][info ][safepoint   ] Safepoint "Cleanup", Time since last: 1000269274 ns, Reaching safepoint: 221312 ns, Cleanup: 30103 ns, At safepoint: 22896 ns, Total: 274311 ns
[2025-04-24T22:24:18.011+0000][3334.621s][debug][safepoint   ] Safepoint synchronization initiated using futex wait barrier. (232 threads)
[2025-04-24T22:24:18.011+0000][3334.621s][info ][safepoint   ] Safepoint "Cleanup", Time since last: 3000800003 ns, Reaching safepoint: 281862 ns, Cleanup: 38918 ns, At safepoint: 25205 ns, Total: 345985 ns
[2025-04-24T22:24:19.011+0000][3335.622s][debug][safepoint   ] Safepoint synchronization initiated using futex wait barrier. (232 threads)
[2025-04-24T22:24:19.011+0000][3335.622s][info ][safepoint   ] Safepoint "Cleanup", Time since last: 1000226429 ns, Reaching safepoint: 193452 ns, Cleanup: 32075 ns, At safepoint: 19260 ns, Total: 244787 ns
[2025-04-24T22:24:20.012+0000][3336.622s][debug][safepoint   ] Safepoint synchronization initiated using futex wait barrier. (232 threads)
[2025-04-24T22:24:20.012+0000][3336.622s][info ][safepoint   ] Safepoint "Cleanup", Time since last: 1000203550 ns, Reaching safepoint: 295420 ns, Cleanup: 36140 ns, At safepoint: 24704 ns, Total: 356264 ns
[2025-04-24T22:24:45.569+0000][3362.180s][debug][safepoint   ] Safepoint synchronization initiated using futex wait barrier. (231 threads)
[2025-04-24T22:24:45.570+0000][3362.180s][info ][safepoint   ] Safepoint "Cleanup", Time since last: 25557409249 ns, Reaching safepoint: 84298 ns, Cleanup: 27368 ns, At safepoint: 5445 ns, Total: 117111 ns
[2025-04-24T22:25:07.629+0000][3384.239s][debug][safepoint   ] Safepoint synchronization initiated using futex wait barrier. (231 threads)
[2025-04-24T22:25:07.629+0000][3384.239s][info ][safepoint   ] Safepoint "Cleanup", Time since last: 22059076985 ns, Reaching safepoint: 143538 ns, Cleanup: 17805 ns, At safepoint: 26356 ns, Total: 187699 ns
[2025-04-24T22:25:09.629+0000][3386.239s][debug][safepoint   ] Safepoint synchronization initiated using futex wait barrier. (231 threads)
[2025-04-24T22:25:09.629+0000][3386.240s][info ][safepoint   ] Safepoint "Cleanup", Time since last: 2000237126 ns, Reaching safepoint: 398286 ns, Cleanup: 34940 ns, At safepoint: 17595 ns, Total: 450821 ns
[2025-04-24T22:25:24.632+0000][3401.242s][debug][safepoint   ] Safepoint synchronization initiated using futex wait barrier. (231 threads)
[2025-04-24T22:25:24.632+0000][3401.242s][info ][safepoint   ] Safepoint "Cleanup", Time since last: 15002288537 ns, Reaching safepoint: 85885 ns, Cleanup: 13342 ns, At safepoint: 7202 ns, Total: 106429 ns
[2025-04-24T22:25:27.634+0000][3404.245s][debug][safepoint   ] Safepoint synchronization initiated using futex wait barrier. (231 threads)
[2025-04-24T22:25:27.634+0000][3404.245s][info ][safepoint   ] Safepoint "Cleanup", Time since last: 3002172621 ns, Reaching safepoint: 315122 ns, Cleanup: 18076 ns, At safepoint: 11351 ns, Total: 344549 ns
[2025-04-24T22:25:38.636+0000][3415.246s][debug][safepoint   ] Safepoint synchronization initiated using futex wait barrier. (230 threads)
[2025-04-24T22:25:38.636+0000][3415.247s][info ][safepoint   ] Safepoint "Cleanup", Time since last: 11001448002 ns, Reaching safepoint: 370603 ns, Cleanup: 31862 ns, At safepoint: 18285 ns, Total: 420750 ns
[2025-04-24T22:26:17.376+0000][3453.986s][debug][safepoint   ] Safepoint synchronization initiated using futex wait barrier. (230 threads)
[2025-04-24T22:26:17.376+0000][3453.987s][info ][gc,start    ] GC(96) Pause Young (Normal) (G1 Evacuation Pause)
[2025-04-24T22:26:17.376+0000][3453.987s][info ][gc,task     ] GC(96) Using 4 workers of 4 for evacuation
[2025-04-24T22:26:17.388+0000][3453.999s][info ][gc,phases   ] GC(96)   Pre Evacuate Collection Set: 0.3ms
[2025-04-24T22:26:17.389+0000][3453.999s][info ][gc,phases   ] GC(96)   Merge Heap Roots: 0.3ms
[2025-04-24T22:26:17.389+0000][3453.999s][info ][gc,phases   ] GC(96)   Evacuate Collection Set: 9.8ms
[2025-04-24T22:26:17.389+0000][3453.999s][info ][gc,phases   ] GC(96)   Post Evacuate Collection Set: 1.7ms
[2025-04-24T22:26:17.389+0000][3453.999s][info ][gc,phases   ] GC(96)   Other: 0.3ms
[2025-04-24T22:26:17.389+0000][3453.999s][info ][gc,heap     ] GC(96) Eden regions: 205->0(205)
[2025-04-24T22:26:17.389+0000][3453.999s][info ][gc,heap     ] GC(96) Survivor regions: 6->6(27)
[2025-04-24T22:26:17.389+0000][3453.999s][info ][gc,heap     ] GC(96) Old regions: 195->195
[2025-04-24T22:26:17.389+0000][3453.999s][info ][gc,heap     ] GC(96) Archive regions: 2->2
[2025-04-24T22:26:17.389+0000][3453.999s][info ][gc,heap     ] GC(96) Humongous regions: 2->2
[2025-04-24T22:26:17.389+0000][3453.999s][info ][gc,metaspace] GC(96) Metaspace: 194309K(195840K)->194309K(195840K) NonClass: 171117K(171904K)->171117K(171904K) Class: 23192K(23936K)->23192K(23936K)
[2025-04-24T22:26:17.389+0000][3453.999s][info ][gc          ] GC(96) Pause Young (Normal) (G1 Evacuation Pause) 407M->203M(463M) 12.513ms
[2025-04-24T22:26:17.389+0000][3453.999s][info ][gc,cpu      ] GC(96) User=0.04s Sys=0.00s Real=0.02s
[2025-04-24T22:26:17.389+0000][3453.999s][info ][safepoint   ] Safepoint "G1CollectForAllocation", Time since last: 38739343535 ns, Reaching safepoint: 410541 ns, Cleanup: 12144 ns, At safepoint: 12795859 ns, Total: 13218544 ns
[2025-04-24T22:26:18.389+0000][3455.000s][debug][safepoint   ] Safepoint synchronization initiated using futex wait barrier. (230 threads)
[2025-04-24T22:26:18.390+0000][3455.000s][info ][safepoint   ] Safepoint "Cleanup", Time since last: 1000370563 ns, Reaching safepoint: 433313 ns, Cleanup: 111710 ns, At safepoint: 45804 ns, Total: 590827 ns
[2025-04-24T22:26:52.684+0000][3489.294s][debug][safepoint   ] Safepoint synchronization initiated using futex wait barrier. (229 threads)
[2025-04-24T22:26:52.684+0000][3489.294s][info ][safepoint   ] Safepoint "Cleanup", Time since last: 34294110011 ns, Reaching safepoint: 68931 ns, Cleanup: 15510 ns, At safepoint: 4733 ns, Total: 89174 ns
[2025-04-24T22:27:02.685+0000][3499.295s][debug][safepoint   ] Safepoint synchronization initiated using futex wait barrier. (229 threads)
[2025-04-24T22:27:02.685+0000][3499.295s][info ][safepoint   ] Safepoint "Cleanup", Time since last: 10000861190 ns, Reaching safepoint: 48124 ns, Cleanup: 9978 ns, At safepoint: 4366 ns, Total: 62468 ns
[2025-04-24T22:27:12.690+0000][3509.300s][debug][safepoint   ] Safepoint synchronization initiated using futex wait barrier. (229 threads)
[2025-04-24T22:27:12.690+0000][3509.301s][info ][safepoint   ] Safepoint "Cleanup", Time since last: 10005033238 ns, Reaching safepoint: 440686 ns, Cleanup: 25369 ns, At safepoint: 12988 ns, Total: 479043 ns
[2025-04-24T22:27:42.694+0000][3539.304s][debug][safepoint   ] Safepoint synchronization initiated using futex wait barrier. (228 threads)
[2025-04-24T22:27:42.694+0000][3539.304s][info ][safepoint   ] Safepoint "Cleanup", Time since last: 30003293858 ns, Reaching safepoint: 87370 ns, Cleanup: 18130 ns, At safepoint: 7869 ns, Total: 113369 ns
[2025-04-24T22:28:01.712+0000][3558.322s][debug][safepoint   ] Safepoint synchronization initiated using futex wait barrier. (228 threads)
[2025-04-24T22:28:01.712+0000][3558.322s][info ][safepoint   ] Safepoint "Cleanup", Time since last: 19018025737 ns, Reaching safepoint: 108160 ns, Cleanup: 18842 ns, At safepoint: 7512 ns, Total: 134514 ns
[2025-04-24T22:28:02.712+0000][3559.323s][debug][safepoint   ] Safepoint synchronization initiated using futex wait barrier. (230 threads)
[2025-04-24T22:28:02.712+0000][3559.323s][info ][safepoint   ] Safepoint "Cleanup", Time since last: 1000124192 ns, Reaching safepoint: 127254 ns, Cleanup: 15218 ns, At safepoint: 7776 ns, Total: 150248 ns
[2025-04-24T22:28:05.713+0000][3562.323s][debug][safepoint   ] Safepoint synchronization initiated using futex wait barrier. (230 threads)
[2025-04-24T22:28:05.713+0000][3562.323s][info ][safepoint   ] Safepoint "Cleanup", Time since last: 3000292551 ns, Reaching safepoint: 216313 ns, Cleanup: 14196 ns, At safepoint: 7767 ns, Total: 238276 ns
[2025-04-24T22:28:18.714+0000][3575.324s][debug][safepoint   ] Safepoint synchronization initiated using futex wait barrier. (230 threads)
[2025-04-24T22:28:18.714+0000][3575.324s][info ][safepoint   ] Safepoint "Cleanup", Time since last: 13001038949 ns, Reaching safepoint: 144608 ns, Cleanup: 9612 ns, At safepoint: 5046 ns, Total: 159266 ns
[2025-04-24T22:28:24.291+0000][3580.902s][debug][safepoint   ] Safepoint synchronization initiated using futex wait barrier. (230 threads)
[2025-04-24T22:28:24.291+0000][3580.902s][info ][gc,start    ] GC(97) Pause Young (Normal) (G1 Evacuation Pause)
[2025-04-24T22:28:24.291+0000][3580.902s][info ][gc,task     ] GC(97) Using 4 workers of 4 for evacuation
[2025-04-24T22:28:24.306+0000][3580.917s][info ][gc,phases   ] GC(97)   Pre Evacuate Collection Set: 0.3ms
[2025-04-24T22:28:24.307+0000][3580.917s][info ][gc,phases   ] GC(97)   Merge Heap Roots: 0.1ms
[2025-04-24T22:28:24.307+0000][3580.917s][info ][gc,phases   ] GC(97)   Evacuate Collection Set: 10.3ms
[2025-04-24T22:28:24.307+0000][3580.917s][info ][gc,phases   ] GC(97)   Post Evacuate Collection Set: 4.1ms
[2025-04-24T22:28:24.307+0000][3580.917s][info ][gc,phases   ] GC(97)   Other: 0.2ms
[2025-04-24T22:28:24.307+0000][3580.917s][info ][gc,heap     ] GC(97) Eden regions: 205->0(205)
[2025-04-24T22:28:24.307+0000][3580.917s][info ][gc,heap     ] GC(97) Survivor regions: 6->6(27)
[2025-04-24T22:28:24.307+0000][3580.917s][info ][gc,heap     ] GC(97) Old regions: 195->195
[2025-04-24T22:28:24.307+0000][3580.917s][info ][gc,heap     ] GC(97) Archive regions: 2->2
[2025-04-24T22:28:24.307+0000][3580.917s][info ][gc,heap     ] GC(97) Humongous regions: 2->2
[2025-04-24T22:28:24.307+0000][3580.917s][info ][gc,metaspace] GC(97) Metaspace: 194315K(195840K)->194315K(195840K) NonClass: 171123K(171904K)->171123K(171904K) Class: 23192K(23936K)->23192K(23936K)
[2025-04-24T22:28:24.307+0000][3580.917s][info ][gc          ] GC(97) Pause Young (Normal) (G1 Evacuation Pause) 408M->203M(463M) 15.366ms
[2025-04-24T22:28:24.307+0000][3580.917s][info ][gc,cpu      ] GC(97) User=0.03s Sys=0.00s Real=0.01s
[2025-04-24T22:28:24.307+0000][3580.918s][info ][safepoint   ] Safepoint "G1CollectForAllocation", Time since last: 5577246850 ns, Reaching safepoint: 90814 ns, Cleanup: 7013 ns, At safepoint: 16140530 ns, Total: 16238357 ns
[2025-04-24T22:28:40.309+0000][3596.920s][debug][safepoint   ] Safepoint synchronization initiated using futex wait barrier. (229 threads)
[2025-04-24T22:28:40.309+0000][3596.920s][info ][safepoint   ] Safepoint "Cleanup", Time since last: 16001663340 ns, Reaching safepoint: 67634 ns, Cleanup: 13051 ns, At safepoint: 7127 ns, Total: 87812 ns
[2025-04-24T22:28:46.738+0000][3603.348s][debug][safepoint   ] Safepoint synchronization initiated using futex wait barrier. (229 threads)
[2025-04-24T22:28:46.738+0000][3603.348s][info ][safepoint   ] Safepoint "Cleanup", Time since last: 6428494867 ns, Reaching safepoint: 100467 ns, Cleanup: 15937 ns, At safepoint: 9473 ns, Total: 125877 ns
[2025-04-24T22:28:55.740+0000][3612.351s][debug][safepoint   ] Safepoint synchronization initiated using futex wait barrier. (229 threads)
[2025-04-24T22:28:55.740+0000][3612.351s][info ][safepoint   ] Safepoint "Cleanup", Time since last: 9002226966 ns, Reaching safepoint: 123068 ns, Cleanup: 36084 ns, At safepoint: 10204 ns, Total: 169356 ns
[2025-04-24T22:29:01.741+0000][3618.351s][debug][safepoint   ] Safepoint synchronization initiated using futex wait barrier. (225 threads)
[2025-04-24T22:29:01.741+0000][3618.351s][info ][safepoint   ] Safepoint "Cleanup", Time since last: 6000499265 ns, Reaching safepoint: 85901 ns, Cleanup: 14458 ns, At safepoint: 7882 ns, Total: 108241 ns
[2025-04-25T07:03:00.287+0000][3621.411s][debug][safepoint   ] Safepoint synchronization initiated using futex wait barrier. (218 threads)
[2025-04-25T07:03:00.287+0000][3621.411s][info ][safepoint   ] Safepoint "Cleanup", Time since last: 3059830156 ns, Reaching safepoint: 267710 ns, Cleanup: 29381 ns, At safepoint: 15785 ns, Total: 312876 ns
[2025-04-25T07:03:08.288+0000][3629.412s][debug][safepoint   ] Safepoint synchronization initiated using futex wait barrier. (218 threads)
[2025-04-25T07:03:08.288+0000][3629.413s][info ][safepoint   ] Safepoint "Cleanup", Time since last: 8000908567 ns, Reaching safepoint: 436569 ns, Cleanup: 38484 ns, At safepoint: 25599 ns, Total: 500652 ns
[2025-04-25T07:03:15.289+0000][3636.414s][debug][safepoint   ] Safepoint synchronization initiated using futex wait barrier. (218 threads)
[2025-04-25T07:03:15.290+0000][3636.414s][info ][safepoint   ] Safepoint "Cleanup", Time since last: 7000909540 ns, Reaching safepoint: 253126 ns, Cleanup: 36995 ns, At safepoint: 27256 ns, Total: 317377 ns
[2025-04-25T07:03:31.292+0000][3652.416s][debug][safepoint   ] Safepoint synchronization initiated using futex wait barrier. (220 threads)
[2025-04-25T07:03:31.293+0000][3652.417s][info ][safepoint   ] Safepoint "Cleanup", Time since last: 16002161336 ns, Reaching safepoint: 624965 ns, Cleanup: 61794 ns, At safepoint: 24605 ns, Total: 711364 ns
[2025-04-25T07:03:43.307+0000][3664.431s][debug][safepoint   ] Safepoint synchronization initiated using futex wait barrier. (220 threads)
[2025-04-25T07:03:43.307+0000][3664.431s][info ][safepoint   ] Safepoint "Cleanup", Time since last: 12014353001 ns, Reaching safepoint: 94330 ns, Cleanup: 29805 ns, At safepoint: 4882 ns, Total: 129017 ns
[2025-04-25T07:03:54.309+0000][3675.433s][debug][safepoint   ] Safepoint synchronization initiated using futex wait barrier. (221 threads)
[2025-04-25T07:03:54.309+0000][3675.433s][info ][safepoint   ] Safepoint "Cleanup", Time since last: 11001556276 ns, Reaching safepoint: 246523 ns, Cleanup: 77818 ns, At safepoint: 25654 ns, Total: 349995 ns
[2025-04-25T07:03:55.309+0000][3676.434s][debug][safepoint   ] Safepoint synchronization initiated using futex wait barrier. (220 threads)
[2025-04-25T07:03:55.309+0000][3676.434s][info ][safepoint   ] Safepoint "Cleanup", Time since last: 1000264391 ns, Reaching safepoint: 241028 ns, Cleanup: 48313 ns, At safepoint: 31948 ns, Total: 321289 ns
[2025-04-25T07:04:02.310+0000][3683.435s][debug][safepoint   ] Safepoint synchronization initiated using futex wait barrier. (217 threads)
[2025-04-25T07:04:02.310+0000][3683.435s][info ][safepoint   ] Safepoint "Cleanup", Time since last: 7000724776 ns, Reaching safepoint: 157756 ns, Cleanup: 14955 ns, At safepoint: 5115 ns, Total: 177826 ns
[2025-04-25T07:04:26.313+0000][3707.437s][debug][safepoint   ] Safepoint synchronization initiated using futex wait barrier. (218 threads)
[2025-04-25T07:04:26.313+0000][3707.437s][info ][safepoint   ] Safepoint "Cleanup", Time since last: 24002215682 ns, Reaching safepoint: 271023 ns, Cleanup: 38703 ns, At safepoint: 25038 ns, Total: 334764 ns
[2025-04-25T07:04:27.747+0000][3708.872s][debug][safepoint   ] Safepoint synchronization initiated using futex wait barrier. (218 threads)
[2025-04-25T07:04:27.747+0000][3708.872s][info ][gc,start    ] GC(98) Pause Young (Normal) (G1 Evacuation Pause)
[2025-04-25T07:04:27.747+0000][3708.872s][info ][gc,task     ] GC(98) Using 4 workers of 4 for evacuation
[2025-04-25T07:04:27.789+0000][3708.914s][info ][gc,phases   ] GC(98)   Pre Evacuate Collection Set: 0.5ms
[2025-04-25T07:04:27.789+0000][3708.914s][info ][gc,phases   ] GC(98)   Merge Heap Roots: 0.6ms
[2025-04-25T07:04:27.789+0000][3708.914s][info ][gc,phases   ] GC(98)   Evacuate Collection Set: 34.5ms
[2025-04-25T07:04:27.789+0000][3708.914s][info ][gc,phases   ] GC(98)   Post Evacuate Collection Set: 5.7ms
[2025-04-25T07:04:27.789+0000][3708.914s][info ][gc,phases   ] GC(98)   Other: 0.5ms
[2025-04-25T07:04:27.789+0000][3708.914s][info ][gc,heap     ] GC(98) Eden regions: 205->0(203)
[2025-04-25T07:04:27.789+0000][3708.914s][info ][gc,heap     ] GC(98) Survivor regions: 6->7(27)
[2025-04-25T07:04:27.789+0000][3708.914s][info ][gc,heap     ] GC(98) Old regions: 195->195
[2025-04-25T07:04:27.789+0000][3708.914s][info ][gc,heap     ] GC(98) Archive regions: 2->2
[2025-04-25T07:04:27.789+0000][3708.914s][info ][gc,heap     ] GC(98) Humongous regions: 2->2
[2025-04-25T07:04:27.790+0000][3708.914s][info ][gc,metaspace] GC(98) Metaspace: 194361K(195840K)->194361K(195840K) NonClass: 171162K(171904K)->171162K(171904K) Class: 23198K(23936K)->23198K(23936K)
[2025-04-25T07:04:27.790+0000][3708.914s][info ][gc          ] GC(98) Pause Young (Normal) (G1 Evacuation Pause) 408M->204M(463M) 42.212ms
[2025-04-25T07:04:27.790+0000][3708.914s][info ][gc,cpu      ] GC(98) User=0.16s Sys=0.00s Real=0.04s
[2025-04-25T07:04:27.791+0000][3708.915s][info ][safepoint   ] Safepoint "G1CollectForAllocation", Time since last: 1434154380 ns, Reaching safepoint: 216159 ns, Cleanup: 11141 ns, At safepoint: 43590813 ns, Total: 43818113 ns
[2025-04-25T07:04:28.791+0000][3709.916s][debug][safepoint   ] Safepoint synchronization initiated using futex wait barrier. (218 threads)
[2025-04-25T07:04:28.791+0000][3709.916s][info ][safepoint   ] Safepoint "Cleanup", Time since last: 1000219286 ns, Reaching safepoint: 188966 ns, Cleanup: 37508 ns, At safepoint: 13034 ns, Total: 239508 ns
[2025-04-25T07:04:36.944+0000][3718.068s][debug][safepoint   ] Safepoint synchronization initiated using futex wait barrier. (219 threads)
[2025-04-25T07:04:36.944+0000][3718.069s][info ][safepoint   ] Safepoint "Cleanup", Time since last: 8152537532 ns, Reaching safepoint: 71090 ns, Cleanup: 97736 ns, At safepoint: 10110 ns, Total: 178936 ns
[2025-04-25T07:04:37.944+0000][3719.069s][debug][safepoint   ] Safepoint synchronization initiated using futex wait barrier. (220 threads)
[2025-04-25T07:04:37.944+0000][3719.069s][info ][safepoint   ] Safepoint "Cleanup", Time since last: 1000092785 ns, Reaching safepoint: 96500 ns, Cleanup: 48122 ns, At safepoint: 8981 ns, Total: 153603 ns
[2025-04-25T07:04:38.945+0000][3720.070s][debug][safepoint   ] Safepoint synchronization initiated using futex wait barrier. (221 threads)
[2025-04-25T07:04:38.946+0000][3720.071s][info ][safepoint   ] Safepoint "Cleanup", Time since last: 1000728570 ns, Reaching safepoint: 790761 ns, Cleanup: 201733 ns, At safepoint: 129003 ns, Total: 1121497 ns
[2025-04-25T07:04:40.142+0000][3721.267s][debug][safepoint   ] Safepoint synchronization initiated using futex wait barrier. (222 threads)
[2025-04-25T07:04:40.143+0000][3721.267s][info ][safepoint   ] Safepoint "Cleanup", Time since last: 1196263407 ns, Reaching safepoint: 97076 ns, Cleanup: 83030 ns, At safepoint: 9115 ns, Total: 189221 ns
[2025-04-25T07:04:41.143+0000][3722.267s][debug][safepoint   ] Safepoint synchronization initiated using futex wait barrier. (222 threads)
[2025-04-25T07:04:41.143+0000][3722.267s][info ][safepoint   ] Safepoint "Cleanup", Time since last: 1000184097 ns, Reaching safepoint: 172106 ns, Cleanup: 24990 ns, At safepoint: 17740 ns, Total: 214836 ns
[2025-04-25T07:04:41.851+0000][3722.976s][debug][safepoint   ] Safepoint synchronization initiated using futex wait barrier. (222 threads)
[2025-04-25T07:04:41.851+0000][3722.976s][info ][gc,start    ] GC(99) Pause Young (Normal) (G1 Evacuation Pause)
[2025-04-25T07:04:41.851+0000][3722.976s][info ][gc,task     ] GC(99) Using 4 workers of 4 for evacuation
[2025-04-25T07:04:41.910+0000][3723.034s][info ][gc,phases   ] GC(99)   Pre Evacuate Collection Set: 0.4ms
[2025-04-25T07:04:41.910+0000][3723.035s][info ][gc,phases   ] GC(99)   Merge Heap Roots: 0.4ms
[2025-04-25T07:04:41.911+0000][3723.035s][info ][gc,phases   ] GC(99)   Evacuate Collection Set: 50.2ms
[2025-04-25T07:04:41.911+0000][3723.035s][info ][gc,phases   ] GC(99)   Post Evacuate Collection Set: 7.2ms
[2025-04-25T07:04:41.911+0000][3723.035s][info ][gc,phases   ] GC(99)   Other: 0.5ms
[2025-04-25T07:04:41.911+0000][3723.035s][info ][gc,heap     ] GC(99) Eden regions: 203->0(197)
[2025-04-25T07:04:41.911+0000][3723.035s][info ][gc,heap     ] GC(99) Survivor regions: 7->10(27)
[2025-04-25T07:04:41.911+0000][3723.035s][info ][gc,heap     ] GC(99) Old regions: 195->195
[2025-04-25T07:04:41.911+0000][3723.035s][info ][gc,heap     ] GC(99) Archive regions: 2->2
[2025-04-25T07:04:41.911+0000][3723.035s][info ][gc,heap     ] GC(99) Humongous regions: 18->2
[2025-04-25T07:04:41.911+0000][3723.035s][info ][gc,metaspace] GC(99) Metaspace: 194871K(196288K)->194871K(196288K) NonClass: 171628K(172352K)->171628K(172352K) Class: 23243K(23936K)->23243K(23936K)
[2025-04-25T07:04:41.911+0000][3723.036s][info ][gc          ] GC(99) Pause Young (Normal) (G1 Evacuation Pause) 423M->207M(463M) 59.677ms
[2025-04-25T07:04:41.911+0000][3723.036s][info ][gc,cpu      ] GC(99) User=0.16s Sys=0.00s Real=0.06s
[2025-04-25T07:04:41.912+0000][3723.037s][info ][safepoint   ] Safepoint "G1CollectForAllocation", Time since last: 708128235 ns, Reaching safepoint: 121085 ns, Cleanup: 15860 ns, At safepoint: 61155553 ns, Total: 61292498 ns
[2025-04-25T07:04:43.916+0000][3725.040s][debug][safepoint   ] Safepoint synchronization initiated using futex wait barrier. (222 threads)
[2025-04-25T07:04:43.919+0000][3725.043s][info ][safepoint   ] Safepoint "Cleanup", Time since last: 2003277956 ns, Reaching safepoint: 849758 ns, Cleanup: 23721 ns, At safepoint: 1996493 ns, Total: 2869972 ns
[2025-04-25T07:04:44.919+0000][3726.043s][debug][safepoint   ] Safepoint synchronization initiated using futex wait barrier. (222 threads)
[2025-04-25T07:04:44.919+0000][3726.043s][info ][safepoint   ] Safepoint "Cleanup", Time since last: 1000161832 ns, Reaching safepoint: 189427 ns, Cleanup: 25763 ns, At safepoint: 25488 ns, Total: 240678 ns
[2025-04-25T07:04:45.919+0000][3727.044s][debug][safepoint   ] Safepoint synchronization initiated using futex wait barrier. (232 threads)
[2025-04-25T07:04:45.927+0000][3727.052s][info ][safepoint   ] Safepoint "Cleanup", Time since last: 1000305621 ns, Reaching safepoint: 7542358 ns, Cleanup: 47593 ns, At safepoint: 154894 ns, Total: 7744845 ns
[2025-04-25T07:04:47.071+0000][3728.196s][debug][safepoint   ] Safepoint synchronization initiated using futex wait barrier. (239 threads)
[2025-04-25T07:04:47.072+0000][3728.196s][info ][safepoint   ] Safepoint "Cleanup", Time since last: 1144180746 ns, Reaching safepoint: 166018 ns, Cleanup: 143282 ns, At safepoint: 18356 ns, Total: 327656 ns
[2025-04-25T07:04:52.072+0000][3733.196s][debug][safepoint   ] Safepoint synchronization initiated using futex wait barrier. (240 threads)
[2025-04-25T07:04:52.072+0000][3733.197s][info ][safepoint   ] Safepoint "Cleanup", Time since last: 5000456948 ns, Reaching safepoint: 94795 ns, Cleanup: 21559 ns, At safepoint: 8038 ns, Total: 124392 ns
[2025-04-25T07:04:54.072+0000][3735.197s][debug][safepoint   ] Safepoint synchronization initiated using futex wait barrier. (240 threads)
[2025-04-25T07:04:54.072+0000][3735.197s][info ][safepoint   ] Safepoint "Cleanup", Time since last: 2000205397 ns, Reaching safepoint: 86859 ns, Cleanup: 12004 ns, At safepoint: 4629 ns, Total: 103492 ns
[2025-04-25T07:04:55.073+0000][3736.197s][debug][safepoint   ] Safepoint synchronization initiated using futex wait barrier. (240 threads)
[2025-04-25T07:04:55.073+0000][3736.197s][info ][safepoint   ] Safepoint "Cleanup", Time since last: 1000172102 ns, Reaching safepoint: 238822 ns, Cleanup: 44225 ns, At safepoint: 11923 ns, Total: 294970 ns
[2025-04-25T07:04:59.074+0000][3740.198s][debug][safepoint   ] Safepoint synchronization initiated using futex wait barrier. (240 threads)
[2025-04-25T07:04:59.074+0000][3740.198s][info ][safepoint   ] Safepoint "Cleanup", Time since last: 4000618661 ns, Reaching safepoint: 318899 ns, Cleanup: 66376 ns, At safepoint: 26755 ns, Total: 412030 ns
[2025-04-25T07:05:16.077+0000][3757.201s][debug][safepoint   ] Safepoint synchronization initiated using futex wait barrier. (242 threads)
[2025-04-25T07:05:16.077+0000][3757.202s][info ][safepoint   ] Safepoint "Cleanup", Time since last: 17003052818 ns, Reaching safepoint: 93152 ns, Cleanup: 17806 ns, At safepoint: 8237 ns, Total: 119195 ns
[2025-04-25T07:05:18.077+0000][3759.202s][debug][safepoint   ] Safepoint synchronization initiated using futex wait barrier. (242 threads)
[2025-04-25T07:05:18.077+0000][3759.202s][info ][safepoint   ] Safepoint "Cleanup", Time since last: 2000175972 ns, Reaching safepoint: 90326 ns, Cleanup: 13210 ns, At safepoint: 5546 ns, Total: 109082 ns
[2025-04-25T07:05:19.078+0000][3760.202s][debug][safepoint   ] Safepoint synchronization initiated using futex wait barrier. (242 threads)
[2025-04-25T07:05:19.078+0000][3760.202s][info ][safepoint   ] Safepoint "Cleanup", Time since last: 1000115570 ns, Reaching safepoint: 117018 ns, Cleanup: 14484 ns, At safepoint: 6378 ns, Total: 137880 ns
[2025-04-25T07:05:20.078+0000][3761.202s][debug][safepoint   ] Safepoint synchronization initiated using futex wait barrier. (242 threads)
[2025-04-25T07:05:20.078+0000][3761.203s][info ][safepoint   ] Safepoint "Cleanup", Time since last: 1000224917 ns, Reaching safepoint: 347040 ns, Cleanup: 43341 ns, At safepoint: 34630 ns, Total: 425011 ns
[2025-04-25T07:05:40.081+0000][3781.205s][debug][safepoint   ] Safepoint synchronization initiated using futex wait barrier. (242 threads)
[2025-04-25T07:05:40.082+0000][3781.207s][info ][safepoint   ] Safepoint "Cleanup", Time since last: 20002457163 ns, Reaching safepoint: 719823 ns, Cleanup: 580061 ns, At safepoint: 87902 ns, Total: 1387786 ns
[2025-04-25T07:05:46.406+0000][3787.531s][debug][safepoint   ] Safepoint synchronization initiated using futex wait barrier. (241 threads)
[2025-04-25T07:05:46.406+0000][3787.531s][info ][safepoint   ] Safepoint "Cleanup", Time since last: 6323947184 ns, Reaching safepoint: 98304 ns, Cleanup: 13045 ns, At safepoint: 5168 ns, Total: 116517 ns
[2025-04-25T07:06:08.409+0000][3809.533s][debug][safepoint   ] Safepoint synchronization initiated using futex wait barrier. (241 threads)
[2025-04-25T07:06:08.409+0000][3809.534s][info ][safepoint   ] Safepoint "Cleanup", Time since last: 22002773104 ns, Reaching safepoint: 176659 ns, Cleanup: 19409 ns, At safepoint: 9704 ns, Total: 205772 ns
[2025-04-25T07:06:26.412+0000][3827.536s][debug][safepoint   ] Safepoint synchronization initiated using futex wait barrier. (241 threads)
[2025-04-25T07:06:26.412+0000][3827.537s][info ][safepoint   ] Safepoint "Cleanup", Time since last: 18002805730 ns, Reaching safepoint: 58616 ns, Cleanup: 9433 ns, At safepoint: 4724 ns, Total: 72773 ns
[2025-04-25T07:06:28.226+0000][3829.351s][debug][safepoint   ] Safepoint synchronization initiated using futex wait barrier. (241 threads)
[2025-04-25T07:06:28.230+0000][3829.354s][info ][gc,start    ] GC(100) Pause Young (Normal) (G1 Evacuation Pause)
[2025-04-25T07:06:28.231+0000][3829.356s][info ][gc,task     ] GC(100) Using 4 workers of 4 for evacuation
[2025-04-25T07:06:28.308+0000][3829.432s][info ][gc,phases   ] GC(100)   Pre Evacuate Collection Set: 1.2ms
[2025-04-25T07:06:28.308+0000][3829.433s][info ][gc,phases   ] GC(100)   Merge Heap Roots: 0.8ms
[2025-04-25T07:06:28.308+0000][3829.433s][info ][gc,phases   ] GC(100)   Evacuate Collection Set: 63.4ms
[2025-04-25T07:06:28.308+0000][3829.433s][info ][gc,phases   ] GC(100)   Post Evacuate Collection Set: 9.2ms
[2025-04-25T07:06:28.308+0000][3829.433s][info ][gc,phases   ] GC(100)   Other: 4.5ms
[2025-04-25T07:06:28.308+0000][3829.433s][info ][gc,heap     ] GC(100) Eden regions: 197->0(197)
[2025-04-25T07:06:28.308+0000][3829.433s][info ][gc,heap     ] GC(100) Survivor regions: 10->10(26)
[2025-04-25T07:06:28.308+0000][3829.433s][info ][gc,heap     ] GC(100) Old regions: 195->195
[2025-04-25T07:06:28.308+0000][3829.433s][info ][gc,heap     ] GC(100) Archive regions: 2->2
[2025-04-25T07:06:28.308+0000][3829.433s][info ][gc,heap     ] GC(100) Humongous regions: 2->2
[2025-04-25T07:06:28.308+0000][3829.433s][info ][gc,metaspace] GC(100) Metaspace: 194915K(196352K)->194915K(196352K) NonClass: 171670K(172416K)->171670K(172416K) Class: 23245K(23936K)->23245K(23936K)
[2025-04-25T07:06:28.308+0000][3829.433s][info ][gc          ] GC(100) Pause Young (Normal) (G1 Evacuation Pause) 404M->207M(463M) 78.486ms
[2025-04-25T07:06:28.309+0000][3829.433s][info ][gc,cpu      ] GC(100) User=0.23s Sys=0.00s Real=0.08s
[2025-04-25T07:06:28.309+0000][3829.434s][info ][safepoint   ] Safepoint "G1CollectForAllocation", Time since last: 1814094064 ns, Reaching safepoint: 816356 ns, Cleanup: 50283 ns, At safepoint: 82174952 ns, Total: 83041591 ns
[2025-04-25T07:07:01.454+0000][3862.579s][debug][safepoint   ] Safepoint synchronization initiated using futex wait barrier. (240 threads)
[2025-04-25T07:07:01.454+0000][3862.579s][info ][safepoint   ] Safepoint "Cleanup", Time since last: 33145136428 ns, Reaching safepoint: 87508 ns, Cleanup: 13588 ns, At safepoint: 6121 ns, Total: 107217 ns
[2025-04-25T07:07:07.455+0000][3868.580s][debug][safepoint   ] Safepoint synchronization initiated using futex wait barrier. (240 threads)
[2025-04-25T07:07:07.455+0000][3868.580s][info ][safepoint   ] Safepoint "Cleanup", Time since last: 6000695357 ns, Reaching safepoint: 105703 ns, Cleanup: 16453 ns, At safepoint: 10938 ns, Total: 133094 ns
[2025-04-25T07:07:08.455+0000][3869.580s][debug][safepoint   ] Safepoint synchronization initiated using futex wait barrier. (240 threads)
[2025-04-25T07:07:08.456+0000][3869.580s][info ][safepoint   ] Safepoint "Cleanup", Time since last: 1000154772 ns, Reaching safepoint: 111413 ns, Cleanup: 18865 ns, At safepoint: 9230 ns, Total: 139508 ns
[2025-04-25T07:07:11.456+0000][3872.580s][debug][safepoint   ] Safepoint synchronization initiated using futex wait barrier. (240 threads)
[2025-04-25T07:07:11.457+0000][3872.581s][info ][safepoint   ] Safepoint "Cleanup", Time since last: 3000367212 ns, Reaching safepoint: 525017 ns, Cleanup: 32887 ns, At safepoint: 14805 ns, Total: 572709 ns
[2025-04-25T07:07:15.457+0000][3876.581s][debug][safepoint   ] Safepoint synchronization initiated using futex wait barrier. (240 threads)
[2025-04-25T07:07:15.457+0000][3876.582s][info ][safepoint   ] Safepoint "Cleanup", Time since last: 4000456502 ns, Reaching safepoint: 115279 ns, Cleanup: 22086 ns, At safepoint: 9051 ns, Total: 146416 ns
[2025-04-25T07:08:00.499+0000][3921.624s][debug][safepoint   ] Safepoint synchronization initiated using futex wait barrier. (239 threads)
[2025-04-25T07:08:00.500+0000][3921.624s][info ][safepoint   ] Safepoint "Cleanup", Time since last: 45042361254 ns, Reaching safepoint: 130532 ns, Cleanup: 16721 ns, At safepoint: 14347 ns, Total: 161600 ns
[2025-04-25T07:08:23.503+0000][3944.627s][debug][safepoint   ] Safepoint synchronization initiated using futex wait barrier. (239 threads)
[2025-04-25T07:08:23.503+0000][3944.628s][info ][safepoint   ] Safepoint "Cleanup", Time since last: 23003027358 ns, Reaching safepoint: 341494 ns, Cleanup: 34765 ns, At safepoint: 23535 ns, Total: 399794 ns
[2025-04-25T07:08:25.959+0000][3947.084s][debug][safepoint   ] Safepoint synchronization initiated using futex wait barrier. (239 threads)
[2025-04-25T07:08:25.959+0000][3947.084s][info ][gc,start    ] GC(101) Pause Young (Normal) (G1 Evacuation Pause)
[2025-04-25T07:08:25.959+0000][3947.084s][info ][gc,task     ] GC(101) Using 4 workers of 4 for evacuation
[2025-04-25T07:08:25.998+0000][3947.123s][info ][gc,phases   ] GC(101)   Pre Evacuate Collection Set: 0.3ms
[2025-04-25T07:08:25.998+0000][3947.123s][info ][gc,phases   ] GC(101)   Merge Heap Roots: 0.3ms
[2025-04-25T07:08:25.998+0000][3947.123s][info ][gc,phases   ] GC(101)   Evacuate Collection Set: 32.8ms
[2025-04-25T07:08:25.998+0000][3947.123s][info ][gc,phases   ] GC(101)   Post Evacuate Collection Set: 4.9ms
[2025-04-25T07:08:25.998+0000][3947.123s][info ][gc,phases   ] GC(101)   Other: 0.4ms
[2025-04-25T07:08:25.998+0000][3947.123s][info ][gc,heap     ] GC(101) Eden regions: 197->0(197)
[2025-04-25T07:08:25.998+0000][3947.123s][info ][gc,heap     ] GC(101) Survivor regions: 10->10(26)
[2025-04-25T07:08:25.999+0000][3947.123s][info ][gc,heap     ] GC(101) Old regions: 195->195
[2025-04-25T07:08:25.999+0000][3947.123s][info ][gc,heap     ] GC(101) Archive regions: 2->2
[2025-04-25T07:08:25.999+0000][3947.123s][info ][gc,heap     ] GC(101) Humongous regions: 2->2
[2025-04-25T07:08:25.999+0000][3947.123s][info ][gc,metaspace] GC(101) Metaspace: 194932K(196352K)->194932K(196352K) NonClass: 171687K(172416K)->171687K(172416K) Class: 23245K(23936K)->23245K(23936K)
[2025-04-25T07:08:25.999+0000][3947.123s][info ][gc          ] GC(101) Pause Young (Normal) (G1 Evacuation Pause) 404M->207M(463M) 39.360ms
[2025-04-25T07:08:25.999+0000][3947.123s][info ][gc,cpu      ] GC(101) User=0.11s Sys=0.00s Real=0.04s
[2025-04-25T07:08:25.999+0000][3947.124s][info ][safepoint   ] Safepoint "G1CollectForAllocation", Time since last: 2456121430 ns, Reaching safepoint: 128514 ns, Cleanup: 9662 ns, At safepoint: 40119963 ns, Total: 40258139 ns
[2025-04-25T07:09:07.540+0000][3988.664s][debug][safepoint   ] Safepoint synchronization initiated using futex wait barrier. (238 threads)
[2025-04-25T07:09:07.540+0000][3988.665s][info ][safepoint   ] Safepoint "Cleanup", Time since last: 41540437832 ns, Reaching safepoint: 304652 ns, Cleanup: 38405 ns, At safepoint: 24702 ns, Total: 367759 ns
[2025-04-25T07:09:18.542+0000][3999.666s][debug][safepoint   ] Safepoint synchronization initiated using futex wait barrier. (238 threads)
[2025-04-25T07:09:18.542+0000][3999.666s][info ][safepoint   ] Safepoint "Cleanup", Time since last: 11001525251 ns, Reaching safepoint: 89392 ns, Cleanup: 14699 ns, At safepoint: 8492 ns, Total: 112583 ns
[2025-04-25T07:09:20.542+0000][4001.667s][debug][safepoint   ] Safepoint synchronization initiated using futex wait barrier. (238 threads)
[2025-04-25T07:09:20.542+0000][4001.667s][info ][safepoint   ] Safepoint "Cleanup", Time since last: 2000244543 ns, Reaching safepoint: 250834 ns, Cleanup: 21143 ns, At safepoint: 65379 ns, Total: 337356 ns
[2025-04-25T07:09:22.543+0000][4003.667s][debug][safepoint   ] Safepoint synchronization initiated using futex wait barrier. (238 threads)
[2025-04-25T07:09:22.543+0000][4003.667s][info ][safepoint   ] Safepoint "Cleanup", Time since last: 2000276233 ns, Reaching safepoint: 167632 ns, Cleanup: 33777 ns, At safepoint: 12281 ns, Total: 213690 ns
[2025-04-25T07:09:31.544+0000][4012.668s][debug][safepoint   ] Safepoint synchronization initiated using futex wait barrier. (238 threads)
[2025-04-25T07:09:31.544+0000][4012.669s][info ][safepoint   ] Safepoint "Cleanup", Time since last: 9000900817 ns, Reaching safepoint: 526229 ns, Cleanup: 38934 ns, At safepoint: 35005 ns, Total: 600168 ns
[2025-04-25T07:09:44.574+0000][4025.699s][debug][safepoint   ] Safepoint synchronization initiated using futex wait barrier. (238 threads)
[2025-04-25T07:09:44.576+0000][4025.700s][info ][safepoint   ] Safepoint "Cleanup", Time since last: 13029970367 ns, Reaching safepoint: 1121023 ns, Cleanup: 26901 ns, At safepoint: 13548 ns, Total: 1161472 ns
[2025-04-25T07:10:08.578+0000][4049.703s][debug][safepoint   ] Safepoint synchronization initiated using futex wait barrier. (237 threads)
[2025-04-25T07:10:08.578+0000][4049.703s][info ][safepoint   ] Safepoint "Cleanup", Time since last: 24002601245 ns, Reaching safepoint: 106068 ns, Cleanup: 17302 ns, At safepoint: 12070 ns, Total: 135440 ns
[2025-04-25T07:10:23.487+0000][4064.611s][debug][safepoint   ] Safepoint synchronization initiated using futex wait barrier. (237 threads)
[2025-04-25T07:10:23.487+0000][4064.612s][info ][gc,start    ] GC(102) Pause Young (Normal) (G1 Evacuation Pause)
[2025-04-25T07:10:23.487+0000][4064.612s][info ][gc,task     ] GC(102) Using 4 workers of 4 for evacuation
[2025-04-25T07:10:23.592+0000][4064.716s][info ][gc,phases   ] GC(102)   Pre Evacuate Collection Set: 0.9ms
[2025-04-25T07:10:23.592+0000][4064.717s][info ][gc,phases   ] GC(102)   Merge Heap Roots: 1.1ms
[2025-04-25T07:10:23.592+0000][4064.717s][info ][gc,phases   ] GC(102)   Evacuate Collection Set: 98.6ms
[2025-04-25T07:10:23.592+0000][4064.717s][info ][gc,phases   ] GC(102)   Post Evacuate Collection Set: 3.7ms
[2025-04-25T07:10:23.592+0000][4064.717s][info ][gc,phases   ] GC(102)   Other: 0.7ms
[2025-04-25T07:10:23.592+0000][4064.717s][info ][gc,heap     ] GC(102) Eden regions: 197->0(196)
[2025-04-25T07:10:23.592+0000][4064.717s][info ][gc,heap     ] GC(102) Survivor regions: 10->10(26)
[2025-04-25T07:10:23.592+0000][4064.717s][info ][gc,heap     ] GC(102) Old regions: 195->196
[2025-04-25T07:10:23.592+0000][4064.717s][info ][gc,heap     ] GC(102) Archive regions: 2->2
[2025-04-25T07:10:23.592+0000][4064.717s][info ][gc,heap     ] GC(102) Humongous regions: 2->2
[2025-04-25T07:10:23.592+0000][4064.717s][info ][gc,metaspace] GC(102) Metaspace: 194935K(196352K)->194935K(196352K) NonClass: 171690K(172416K)->171690K(172416K) Class: 23245K(23936K)->23245K(23936K)
[2025-04-25T07:10:23.592+0000][4064.717s][info ][gc          ] GC(102) Pause Young (Normal) (G1 Evacuation Pause) 404M->207M(463M) 105.206ms
[2025-04-25T07:10:23.592+0000][4064.717s][info ][gc,cpu      ] GC(102) User=0.20s Sys=0.00s Real=0.10s
[2025-04-25T07:10:23.593+0000][4064.717s][info ][safepoint   ] Safepoint "G1CollectForAllocation", Time since last: 14908269222 ns, Reaching safepoint: 335323 ns, Cleanup: 16896 ns, At safepoint: 105927326 ns, Total: 106279545 ns
[2025-04-25T07:10:48.608+0000][4089.732s][debug][safepoint   ] Safepoint synchronization initiated using futex wait barrier. (236 threads)
[2025-04-25T07:10:48.608+0000][4089.732s][info ][safepoint   ] Safepoint "Cleanup", Time since last: 25014666894 ns, Reaching safepoint: 76126 ns, Cleanup: 15229 ns, At safepoint: 8209 ns, Total: 99564 ns
[2025-04-25T07:10:54.608+0000][4095.733s][debug][safepoint   ] Safepoint synchronization initiated using futex wait barrier. (236 threads)
[2025-04-25T07:10:54.608+0000][4095.733s][info ][safepoint   ] Safepoint "Cleanup", Time since last: 6000619208 ns, Reaching safepoint: 148170 ns, Cleanup: 21259 ns, At safepoint: 15403 ns, Total: 184832 ns
[2025-04-25T07:12:02.159+0000][4163.283s][debug][safepoint   ] Safepoint synchronization initiated using futex wait barrier. (235 threads)
[2025-04-25T07:12:02.159+0000][4163.283s][info ][safepoint   ] Safepoint "Cleanup", Time since last: 67550451867 ns, Reaching safepoint: 84224 ns, Cleanup: 27755 ns, At safepoint: 6789 ns, Total: 118768 ns
[2025-04-25T07:12:12.160+0000][4173.284s][debug][safepoint   ] Safepoint synchronization initiated using futex wait barrier. (235 threads)
[2025-04-25T07:12:12.160+0000][4173.285s][info ][safepoint   ] Safepoint "Cleanup", Time since last: 10000762319 ns, Reaching safepoint: 414277 ns, Cleanup: 21727 ns, At safepoint: 12605 ns, Total: 448609 ns
[2025-04-25T07:12:20.747+0000][4181.872s][debug][safepoint   ] Safepoint synchronization initiated using futex wait barrier. (235 threads)
[2025-04-25T07:12:20.747+0000][4181.872s][info ][gc,start    ] GC(103) Pause Young (Normal) (G1 Evacuation Pause)
[2025-04-25T07:12:20.747+0000][4181.872s][info ][gc,task     ] GC(103) Using 4 workers of 4 for evacuation
[2025-04-25T07:12:20.790+0000][4181.915s][info ][gc,phases   ] GC(103)   Pre Evacuate Collection Set: 0.5ms
[2025-04-25T07:12:20.790+0000][4181.915s][info ][gc,phases   ] GC(103)   Merge Heap Roots: 0.3ms
[2025-04-25T07:12:20.790+0000][4181.915s][info ][gc,phases   ] GC(103)   Evacuate Collection Set: 35.1ms
[2025-04-25T07:12:20.790+0000][4181.915s][info ][gc,phases   ] GC(103)   Post Evacuate Collection Set: 6.5ms
[2025-04-25T07:12:20.790+0000][4181.915s][info ][gc,phases   ] GC(103)   Other: 0.4ms
[2025-04-25T07:12:20.790+0000][4181.915s][info ][gc,heap     ] GC(103) Eden regions: 196->0(196)
[2025-04-25T07:12:20.790+0000][4181.915s][info ][gc,heap     ] GC(103) Survivor regions: 10->10(26)
[2025-04-25T07:12:20.790+0000][4181.915s][info ][gc,heap     ] GC(103) Old regions: 196->196
[2025-04-25T07:12:20.790+0000][4181.915s][info ][gc,heap     ] GC(103) Archive regions: 2->2
[2025-04-25T07:12:20.790+0000][4181.915s][info ][gc,heap     ] GC(103) Humongous regions: 2->2
[2025-04-25T07:12:20.790+0000][4181.915s][info ][gc,metaspace] GC(103) Metaspace: 194941K(196352K)->194941K(196352K) NonClass: 171695K(172416K)->171695K(172416K) Class: 23245K(23936K)->23245K(23936K)
[2025-04-25T07:12:20.791+0000][4181.915s][info ][gc          ] GC(103) Pause Young (Normal) (G1 Evacuation Pause) 403M->207M(463M) 43.155ms
[2025-04-25T07:12:20.791+0000][4181.915s][info ][gc,cpu      ] GC(103) User=0.12s Sys=0.00s Real=0.04s
[2025-04-25T07:12:20.791+0000][4181.916s][info ][safepoint   ] Safepoint "G1CollectForAllocation", Time since last: 8586920453 ns, Reaching safepoint: 138299 ns, Cleanup: 9739 ns, At safepoint: 43911044 ns, Total: 44059082 ns
[2025-04-25T07:12:21.792+0000][4182.916s][debug][safepoint   ] Safepoint synchronization initiated using futex wait barrier. (235 threads)
[2025-04-25T07:12:21.792+0000][4182.916s][info ][safepoint   ] Safepoint "Cleanup", Time since last: 1000410572 ns, Reaching safepoint: 123296 ns, Cleanup: 23983 ns, At safepoint: 11932 ns, Total: 159211 ns
[2025-04-25T07:12:31.793+0000][4192.918s][debug][safepoint   ] Safepoint synchronization initiated using futex wait barrier. (235 threads)
[2025-04-25T07:12:31.794+0000][4192.918s][info ][safepoint   ] Safepoint "Cleanup", Time since last: 10001533210 ns, Reaching safepoint: 213269 ns, Cleanup: 33797 ns, At safepoint: 27300 ns, Total: 274366 ns
[2025-04-25T07:12:48.686+0000][4209.810s][debug][safepoint   ] Safepoint synchronization initiated using futex wait barrier. (234 threads)
[2025-04-25T07:12:48.686+0000][4209.811s][info ][safepoint   ] Safepoint "Cleanup", Time since last: 16892413812 ns, Reaching safepoint: 269720 ns, Cleanup: 36249 ns, At safepoint: 24475 ns, Total: 330444 ns
[2025-04-25T07:13:13.690+0000][4234.814s][debug][safepoint   ] Safepoint synchronization initiated using futex wait barrier. (234 threads)
[2025-04-25T07:13:13.690+0000][4234.815s][info ][safepoint   ] Safepoint "Cleanup", Time since last: 25003608846 ns, Reaching safepoint: 335276 ns, Cleanup: 42655 ns, At safepoint: 118577 ns, Total: 496508 ns
[2025-04-25T07:13:14.691+0000][4235.815s][debug][safepoint   ] Safepoint synchronization initiated using futex wait barrier. (234 threads)
[2025-04-25T07:13:14.691+0000][4235.816s][info ][safepoint   ] Safepoint "Cleanup", Time since last: 1000348652 ns, Reaching safepoint: 186401 ns, Cleanup: 43110 ns, At safepoint: 18381 ns, Total: 247892 ns
[2025-04-25T07:13:15.691+0000][4236.816s][debug][safepoint   ] Safepoint synchronization initiated using futex wait barrier. (234 threads)
[2025-04-25T07:13:15.692+0000][4236.816s][info ][safepoint   ] Safepoint "Cleanup", Time since last: 1000256213 ns, Reaching safepoint: 204754 ns, Cleanup: 32946 ns, At safepoint: 27115 ns, Total: 264815 ns
[2025-04-25T07:13:50.720+0000][4271.844s][debug][safepoint   ] Safepoint synchronization initiated using futex wait barrier. (233 threads)
[2025-04-25T07:13:50.720+0000][4271.844s][info ][safepoint   ] Safepoint "Cleanup", Time since last: 35027975442 ns, Reaching safepoint: 67009 ns, Cleanup: 9952 ns, At safepoint: 4773 ns, Total: 81734 ns
[2025-04-25T07:14:03.723+0000][4284.847s][debug][safepoint   ] Safepoint synchronization initiated using futex wait barrier. (233 threads)
[2025-04-25T07:14:03.723+0000][4284.848s][info ][safepoint   ] Safepoint "Cleanup", Time since last: 13003388625 ns, Reaching safepoint: 190547 ns, Cleanup: 27487 ns, At safepoint: 10249 ns, Total: 228283 ns
[2025-04-25T07:14:15.725+0000][4296.849s][debug][safepoint   ] Safepoint synchronization initiated using futex wait barrier. (233 threads)
[2025-04-25T07:14:15.725+0000][4296.849s][info ][safepoint   ] Safepoint "Cleanup", Time since last: 12001470317 ns, Reaching safepoint: 83661 ns, Cleanup: 11868 ns, At safepoint: 5664 ns, Total: 101193 ns
[2025-04-25T07:14:18.081+0000][4299.205s][debug][safepoint   ] Safepoint synchronization initiated using futex wait barrier. (233 threads)
[2025-04-25T07:14:18.081+0000][4299.205s][info ][gc,start    ] GC(104) Pause Young (Normal) (G1 Evacuation Pause)
[2025-04-25T07:14:18.081+0000][4299.205s][info ][gc,task     ] GC(104) Using 4 workers of 4 for evacuation
[2025-04-25T07:14:18.103+0000][4299.227s][info ][gc,phases   ] GC(104)   Pre Evacuate Collection Set: 0.2ms
[2025-04-25T07:14:18.103+0000][4299.227s][info ][gc,phases   ] GC(104)   Merge Heap Roots: 0.2ms
[2025-04-25T07:14:18.103+0000][4299.228s][info ][gc,phases   ] GC(104)   Evacuate Collection Set: 18.6ms
[2025-04-25T07:14:18.103+0000][4299.228s][info ][gc,phases   ] GC(104)   Post Evacuate Collection Set: 2.8ms
[2025-04-25T07:14:18.103+0000][4299.228s][info ][gc,phases   ] GC(104)   Other: 0.2ms
[2025-04-25T07:14:18.103+0000][4299.228s][info ][gc,heap     ] GC(104) Eden regions: 196->0(198)
[2025-04-25T07:14:18.103+0000][4299.228s][info ][gc,heap     ] GC(104) Survivor regions: 10->9(26)
[2025-04-25T07:14:18.103+0000][4299.228s][info ][gc,heap     ] GC(104) Old regions: 196->196
[2025-04-25T07:14:18.103+0000][4299.228s][info ][gc,heap     ] GC(104) Archive regions: 2->2
[2025-04-25T07:14:18.103+0000][4299.228s][info ][gc,heap     ] GC(104) Humongous regions: 2->2
[2025-04-25T07:14:18.103+0000][4299.228s][info ][gc,metaspace] GC(104) Metaspace: 194941K(196352K)->194941K(196352K) NonClass: 171695K(172416K)->171695K(172416K) Class: 23245K(23936K)->23245K(23936K)
[2025-04-25T07:14:18.103+0000][4299.228s][info ][gc          ] GC(104) Pause Young (Normal) (G1 Evacuation Pause) 403M->207M(463M) 22.304ms
[2025-04-25T07:14:18.103+0000][4299.228s][info ][gc,cpu      ] GC(104) User=0.07s Sys=0.00s Real=0.02s
[2025-04-25T07:14:18.104+0000][4299.228s][info ][safepoint   ] Safepoint "G1CollectForAllocation", Time since last: 2356003718 ns, Reaching safepoint: 73148 ns, Cleanup: 5281 ns, At safepoint: 22901953 ns, Total: 22980382 ns
[2025-04-25T07:14:24.104+0000][4305.229s][debug][safepoint   ] Safepoint synchronization initiated using futex wait barrier. (233 threads)
[2025-04-25T07:14:24.105+0000][4305.229s][info ][safepoint   ] Safepoint "Cleanup", Time since last: 6000604438 ns, Reaching safepoint: 128719 ns, Cleanup: 24647 ns, At safepoint: 11959 ns, Total: 165325 ns
[2025-04-25T07:14:32.105+0000][4313.230s][debug][safepoint   ] Safepoint synchronization initiated using futex wait barrier. (233 threads)
[2025-04-25T07:14:32.105+0000][4313.230s][info ][safepoint   ] Safepoint "Cleanup", Time since last: 8000713588 ns, Reaching safepoint: 84920 ns, Cleanup: 19146 ns, At safepoint: 9464 ns, Total: 113530 ns
[2025-04-25T07:14:39.106+0000][4320.231s][debug][safepoint   ] Safepoint synchronization initiated using futex wait barrier. (233 threads)
[2025-04-25T07:14:39.107+0000][4320.231s][info ][safepoint   ] Safepoint "Cleanup", Time since last: 7001081453 ns, Reaching safepoint: 149031 ns, Cleanup: 21216 ns, At safepoint: 16299 ns, Total: 186546 ns
[2025-04-25T07:14:51.754+0000][4332.878s][debug][safepoint   ] Safepoint synchronization initiated using futex wait barrier. (232 threads)
[2025-04-25T07:14:51.754+0000][4332.879s][info ][safepoint   ] Safepoint "Cleanup", Time since last: 12647324576 ns, Reaching safepoint: 275672 ns, Cleanup: 60093 ns, At safepoint: 25264 ns, Total: 361029 ns
[2025-04-25T07:15:15.757+0000][4356.882s][debug][safepoint   ] Safepoint synchronization initiated using futex wait barrier. (232 threads)
[2025-04-25T07:15:15.758+0000][4356.882s][info ][safepoint   ] Safepoint "Cleanup", Time since last: 24003067025 ns, Reaching safepoint: 102093 ns, Cleanup: 54288 ns, At safepoint: 11110 ns, Total: 167491 ns
[2025-04-25T07:15:16.758+0000][4357.882s][debug][safepoint   ] Safepoint synchronization initiated using futex wait barrier. (232 threads)
[2025-04-25T07:15:16.758+0000][4357.882s][info ][safepoint   ] Safepoint "Cleanup", Time since last: 1000099002 ns, Reaching safepoint: 91775 ns, Cleanup: 11846 ns, At safepoint: 6429 ns, Total: 110050 ns
[2025-04-25T07:15:21.758+0000][4362.883s][debug][safepoint   ] Safepoint synchronization initiated using futex wait barrier. (232 threads)
[2025-04-25T07:15:21.758+0000][4362.883s][info ][safepoint   ] Safepoint "Cleanup", Time since last: 5000399357 ns, Reaching safepoint: 70448 ns, Cleanup: 24784 ns, At safepoint: 5185 ns, Total: 100417 ns
[2025-04-25T07:15:22.758+0000][4363.883s][debug][safepoint   ] Safepoint synchronization initiated using futex wait barrier. (232 threads)
[2025-04-25T07:15:22.759+0000][4363.883s][debug][safepoint   ] ... found polling page loop exception at pc = 0x00007cdd457ce055, stub =0x00007cdd4498e400
[2025-04-25T07:15:22.759+0000][4363.884s][debug][safepoint   ] ... found polling page loop exception at pc = 0x00007cdd4507871c, stub =0x00007cdd4498e400
[2025-04-25T07:15:22.759+0000][4363.884s][debug][safepoint   ] ... found polling page loop exception at pc = 0x00007cdd4518c32c, stub =0x00007cdd4498e400
[2025-04-25T07:15:22.763+0000][4363.888s][info ][safepoint   ] Safepoint "Cleanup", Time since last: 1000145585 ns, Reaching safepoint: 1812644 ns, Cleanup: 23770 ns, At safepoint: 3116652 ns, Total: 4953066 ns
[2025-04-25T07:15:23.765+0000][4364.890s][debug][safepoint   ] Safepoint synchronization initiated using futex wait barrier. (232 threads)
[2025-04-25T07:15:23.765+0000][4364.890s][info ][safepoint   ] Safepoint "Cleanup", Time since last: 1001834184 ns, Reaching safepoint: 101378 ns, Cleanup: 47063 ns, At safepoint: 18185 ns, Total: 166626 ns
[2025-04-25T07:15:36.347+0000][4377.471s][debug][safepoint   ] Safepoint synchronization initiated using futex wait barrier. (232 threads)
[2025-04-25T07:15:36.347+0000][4377.471s][info ][gc,start    ] GC(105) Pause Young (Normal) (G1 Evacuation Pause)
[2025-04-25T07:15:36.347+0000][4377.472s][info ][gc,task     ] GC(105) Using 4 workers of 4 for evacuation
[2025-04-25T07:15:36.399+0000][4377.524s][info ][gc,phases   ] GC(105)   Pre Evacuate Collection Set: 1.5ms
[2025-04-25T07:15:36.399+0000][4377.524s][info ][gc,phases   ] GC(105)   Merge Heap Roots: 0.8ms
[2025-04-25T07:15:36.399+0000][4377.524s][info ][gc,phases   ] GC(105)   Evacuate Collection Set: 43.5ms
[2025-04-25T07:15:36.399+0000][4377.524s][info ][gc,phases   ] GC(105)   Post Evacuate Collection Set: 5.8ms
[2025-04-25T07:15:36.399+0000][4377.524s][info ][gc,phases   ] GC(105)   Other: 0.6ms
[2025-04-25T07:15:36.399+0000][4377.524s][info ][gc,heap     ] GC(105) Eden regions: 198->0(202)
[2025-04-25T07:15:36.399+0000][4377.524s][info ][gc,heap     ] GC(105) Survivor regions: 9->5(26)
[2025-04-25T07:15:36.399+0000][4377.524s][info ][gc,heap     ] GC(105) Old regions: 196->200
[2025-04-25T07:15:36.399+0000][4377.524s][info ][gc,heap     ] GC(105) Archive regions: 2->2
[2025-04-25T07:15:36.399+0000][4377.524s][info ][gc,heap     ] GC(105) Humongous regions: 2->2
[2025-04-25T07:15:36.399+0000][4377.524s][info ][gc,metaspace] GC(105) Metaspace: 194983K(196416K)->194983K(196416K) NonClass: 171737K(172480K)->171737K(172480K) Class: 23245K(23936K)->23245K(23936K)
[2025-04-25T07:15:36.399+0000][4377.524s][info ][gc          ] GC(105) Pause Young (Normal) (G1 Evacuation Pause) 405M->207M(463M) 52.363ms
[2025-04-25T07:15:36.399+0000][4377.524s][info ][gc,cpu      ] GC(105) User=0.05s Sys=0.01s Real=0.05s
[2025-04-25T07:15:36.400+0000][4377.524s][info ][safepoint   ] Safepoint "G1CollectForAllocation", Time since last: 12581151352 ns, Reaching safepoint: 334585 ns, Cleanup: 36561 ns, At safepoint: 52923062 ns, Total: 53294208 ns
[2025-04-25T07:15:37.400+0000][4378.524s][debug][safepoint   ] Safepoint synchronization initiated using futex wait barrier. (232 threads)
[2025-04-25T07:15:37.400+0000][4378.525s][info ][safepoint   ] Safepoint "Cleanup", Time since last: 1000130008 ns, Reaching safepoint: 106650 ns, Cleanup: 36190 ns, At safepoint: 13488 ns, Total: 156328 ns
[2025-04-25T07:15:43.789+0000][4384.913s][debug][safepoint   ] Safepoint synchronization initiated using futex wait barrier. (232 threads)
[2025-04-25T07:15:43.789+0000][4384.913s][info ][safepoint   ] Safepoint "Cleanup", Time since last: 6388511911 ns, Reaching safepoint: 94888 ns, Cleanup: 37125 ns, At safepoint: 16783 ns, Total: 148796 ns
[2025-04-25T07:15:44.789+0000][4385.913s][debug][safepoint   ] Safepoint synchronization initiated using futex wait barrier. (232 threads)
[2025-04-25T07:15:44.789+0000][4385.913s][info ][safepoint   ] Safepoint "Cleanup", Time since last: 1000101257 ns, Reaching safepoint: 68254 ns, Cleanup: 10998 ns, At safepoint: 5667 ns, Total: 84919 ns
[2025-04-25T07:16:02.790+0000][4403.915s][debug][safepoint   ] Safepoint synchronization initiated using futex wait barrier. (231 threads)
[2025-04-25T07:16:02.791+0000][4403.915s][info ][safepoint   ] Safepoint "Cleanup", Time since last: 18001447541 ns, Reaching safepoint: 99361 ns, Cleanup: 15171 ns, At safepoint: 6194 ns, Total: 120726 ns
[2025-04-25T07:16:11.791+0000][4412.916s][debug][safepoint   ] Safepoint synchronization initiated using futex wait barrier. (231 threads)
[2025-04-25T07:16:11.791+0000][4412.916s][info ][safepoint   ] Safepoint "Cleanup", Time since last: 9000664489 ns, Reaching safepoint: 64101 ns, Cleanup: 9986 ns, At safepoint: 4065 ns, Total: 78152 ns
[2025-04-25T07:16:21.792+0000][4422.917s][debug][safepoint   ] Safepoint synchronization initiated using futex wait barrier. (231 threads)
[2025-04-25T07:16:21.793+0000][4422.917s][info ][safepoint   ] Safepoint "Cleanup", Time since last: 10001187806 ns, Reaching safepoint: 404204 ns, Cleanup: 11204 ns, At safepoint: 4741 ns, Total: 420149 ns
[2025-04-25T07:16:48.127+0000][4449.252s][debug][safepoint   ] Safepoint synchronization initiated using futex wait barrier. (230 threads)
[2025-04-25T07:16:48.128+0000][4449.253s][info ][safepoint   ] Safepoint "Cleanup", Time since last: 26334570805 ns, Reaching safepoint: 678383 ns, Cleanup: 14634 ns, At safepoint: 48819 ns, Total: 741836 ns
[2025-04-25T07:16:49.128+0000][4450.253s][debug][safepoint   ] Safepoint synchronization initiated using futex wait barrier. (230 threads)
[2025-04-25T07:16:49.129+0000][4450.253s][info ][safepoint   ] Safepoint "Cleanup", Time since last: 1000270590 ns, Reaching safepoint: 152791 ns, Cleanup: 93807 ns, At safepoint: 17229 ns, Total: 263827 ns
[2025-04-25T07:16:52.129+0000][4453.254s][debug][safepoint   ] Safepoint synchronization initiated using futex wait barrier. (230 threads)
[2025-04-25T07:16:52.130+0000][4453.254s][info ][safepoint   ] Safepoint "Cleanup", Time since last: 3000514374 ns, Reaching safepoint: 255369 ns, Cleanup: 36479 ns, At safepoint: 22808 ns, Total: 314656 ns
[2025-04-25T07:16:55.130+0000][4456.254s][debug][safepoint   ] Safepoint synchronization initiated using futex wait barrier. (230 threads)
[2025-04-25T07:16:55.130+0000][4456.254s][info ][safepoint   ] Safepoint "Cleanup", Time since last: 3000307916 ns, Reaching safepoint: 92186 ns, Cleanup: 15759 ns, At safepoint: 7720 ns, Total: 115665 ns
[2025-04-25T07:16:58.130+0000][4459.255s][debug][safepoint   ] Safepoint synchronization initiated using futex wait barrier. (230 threads)
[2025-04-25T07:16:58.131+0000][4459.255s][info ][safepoint   ] Safepoint "Cleanup", Time since last: 3000311202 ns, Reaching safepoint: 170304 ns, Cleanup: 159974 ns, At safepoint: 16414 ns, Total: 346692 ns
[2025-04-25T07:17:01.131+0000][4462.255s][debug][safepoint   ] Safepoint synchronization initiated using futex wait barrier. (230 threads)
[2025-04-25T07:17:01.131+0000][4462.256s][info ][safepoint   ] Safepoint "Cleanup", Time since last: 3000330892 ns, Reaching safepoint: 93879 ns, Cleanup: 19493 ns, At safepoint: 6463 ns, Total: 119835 ns
[2025-04-25T07:17:02.131+0000][4463.256s][debug][safepoint   ] Safepoint synchronization initiated using futex wait barrier. (230 threads)
[2025-04-25T07:17:02.131+0000][4463.256s][info ][safepoint   ] Safepoint "Cleanup", Time since last: 1000091804 ns, Reaching safepoint: 64150 ns, Cleanup: 13809 ns, At safepoint: 5739 ns, Total: 83698 ns
[2025-04-25T07:17:07.132+0000][4468.257s][debug][safepoint   ] Safepoint synchronization initiated using futex wait barrier. (230 threads)
[2025-04-25T07:17:07.132+0000][4468.257s][info ][safepoint   ] Safepoint "Cleanup", Time since last: 5000964188 ns, Reaching safepoint: 156925 ns, Cleanup: 25600 ns, At safepoint: 15863 ns, Total: 198388 ns
[2025-04-25T07:17:15.992+0000][4477.117s][debug][safepoint   ] Safepoint synchronization initiated using futex wait barrier. (230 threads)
[2025-04-25T07:17:15.992+0000][4477.117s][info ][gc,start    ] GC(106) Pause Young (Normal) (G1 Evacuation Pause)
[2025-04-25T07:17:15.993+0000][4477.117s][info ][gc,task     ] GC(106) Using 4 workers of 4 for evacuation
[2025-04-25T07:17:16.007+0000][4477.131s][info ][gc,phases   ] GC(106)   Pre Evacuate Collection Set: 0.3ms
[2025-04-25T07:17:16.007+0000][4477.131s][info ][gc,phases   ] GC(106)   Merge Heap Roots: 0.2ms
[2025-04-25T07:17:16.007+0000][4477.131s][info ][gc,phases   ] GC(106)   Evacuate Collection Set: 10.9ms
[2025-04-25T07:17:16.007+0000][4477.131s][info ][gc,phases   ] GC(106)   Post Evacuate Collection Set: 2.4ms
[2025-04-25T07:17:16.007+0000][4477.131s][info ][gc,phases   ] GC(106)   Other: 0.5ms
[2025-04-25T07:17:16.007+0000][4477.131s][info ][gc,heap     ] GC(106) Eden regions: 202->0(202)
[2025-04-25T07:17:16.007+0000][4477.131s][info ][gc,heap     ] GC(106) Survivor regions: 5->5(26)
[2025-04-25T07:17:16.007+0000][4477.131s][info ][gc,heap     ] GC(106) Old regions: 200->200
[2025-04-25T07:17:16.007+0000][4477.131s][info ][gc,heap     ] GC(106) Archive regions: 2->2
[2025-04-25T07:17:16.007+0000][4477.131s][info ][gc,heap     ] GC(106) Humongous regions: 2->2
[2025-04-25T07:17:16.007+0000][4477.131s][info ][gc,metaspace] GC(106) Metaspace: 195072K(196480K)->195072K(196480K) NonClass: 171826K(172544K)->171826K(172544K) Class: 23246K(23936K)->23246K(23936K)
[2025-04-25T07:17:16.007+0000][4477.131s][info ][gc          ] GC(106) Pause Young (Normal) (G1 Evacuation Pause) 409M->207M(463M) 14.429ms
[2025-04-25T07:17:16.007+0000][4477.132s][info ][gc,cpu      ] GC(106) User=0.03s Sys=0.00s Real=0.02s
[2025-04-25T07:17:16.008+0000][4477.132s][info ][safepoint   ] Safepoint "G1CollectForAllocation", Time since last: 8859922362 ns, Reaching safepoint: 105514 ns, Cleanup: 5443 ns, At safepoint: 15169642 ns, Total: 15280599 ns
[2025-04-25T07:17:28.009+0000][4489.134s][debug][safepoint   ] Safepoint synchronization initiated using futex wait barrier. (230 threads)
[2025-04-25T07:17:28.010+0000][4489.134s][info ][safepoint   ] Safepoint "Cleanup", Time since last: 12001612061 ns, Reaching safepoint: 231878 ns, Cleanup: 36281 ns, At safepoint: 23743 ns, Total: 291902 ns
[2025-04-25T07:17:29.010+0000][4490.134s][debug][safepoint   ] Safepoint synchronization initiated using futex wait barrier. (234 threads)
[2025-04-25T07:17:29.010+0000][4490.134s][info ][safepoint   ] Safepoint "Cleanup", Time since last: 1000213681 ns, Reaching safepoint: 148434 ns, Cleanup: 21142 ns, At safepoint: 8793 ns, Total: 178369 ns
[2025-04-25T07:17:30.010+0000][4491.135s][debug][safepoint   ] Safepoint synchronization initiated using futex wait barrier. (234 threads)
[2025-04-25T07:17:30.010+0000][4491.135s][info ][safepoint   ] Safepoint "Cleanup", Time since last: 1000138349 ns, Reaching safepoint: 158447 ns, Cleanup: 28254 ns, At safepoint: 16738 ns, Total: 203439 ns
[2025-04-25T07:17:31.010+0000][4492.135s][debug][safepoint   ] Safepoint synchronization initiated using futex wait barrier. (234 threads)
[2025-04-25T07:17:31.011+0000][4492.135s][info ][safepoint   ] Safepoint "Cleanup", Time since last: 1000226152 ns, Reaching safepoint: 179022 ns, Cleanup: 81504 ns, At safepoint: 23210 ns, Total: 283736 ns
[2025-04-25T07:17:32.011+0000][4493.135s][debug][safepoint   ] Safepoint synchronization initiated using futex wait barrier. (234 threads)
[2025-04-25T07:17:32.011+0000][4493.136s][info ][safepoint   ] Safepoint "Cleanup", Time since last: 1000153565 ns, Reaching safepoint: 127082 ns, Cleanup: 18915 ns, At safepoint: 10233 ns, Total: 156230 ns
[2025-04-25T07:17:37.012+0000][4498.136s][debug][safepoint   ] Safepoint synchronization initiated using futex wait barrier. (233 threads)
[2025-04-25T07:17:37.012+0000][4498.136s][info ][safepoint   ] Safepoint "Cleanup", Time since last: 5000629185 ns, Reaching safepoint: 60987 ns, Cleanup: 15637 ns, At safepoint: 4079 ns, Total: 80703 ns
[2025-04-25T07:17:38.012+0000][4499.136s][debug][safepoint   ] Safepoint synchronization initiated using futex wait barrier. (233 threads)
[2025-04-25T07:17:38.012+0000][4499.136s][info ][safepoint   ] Safepoint "Cleanup", Time since last: 1000085907 ns, Reaching safepoint: 90115 ns, Cleanup: 19146 ns, At safepoint: 7846 ns, Total: 117107 ns
[2025-04-25T07:17:58.866+0000][4519.990s][debug][safepoint   ] Safepoint synchronization initiated using futex wait barrier. (233 threads)
[2025-04-25T07:17:58.866+0000][4519.990s][info ][safepoint   ] Safepoint "Cleanup", Time since last: 20853557387 ns, Reaching safepoint: 92439 ns, Cleanup: 13934 ns, At safepoint: 7921 ns, Total: 114294 ns
[2025-04-25T07:17:59.866+0000][4520.990s][debug][safepoint   ] Safepoint synchronization initiated using futex wait barrier. (233 threads)
[2025-04-25T07:17:59.866+0000][4520.990s][info ][safepoint   ] Safepoint "Cleanup", Time since last: 1000125147 ns, Reaching safepoint: 195834 ns, Cleanup: 29530 ns, At safepoint: 6695 ns, Total: 232059 ns
[2025-04-25T07:18:01.866+0000][4522.991s][debug][safepoint   ] Safepoint synchronization initiated using futex wait barrier. (233 threads)
[2025-04-25T07:18:01.867+0000][4522.991s][info ][safepoint   ] Safepoint "Cleanup", Time since last: 2000234985 ns, Reaching safepoint: 310926 ns, Cleanup: 37267 ns, At safepoint: 22696 ns, Total: 370889 ns
[2025-04-25T07:18:04.867+0000][4525.992s][debug][safepoint   ] Safepoint synchronization initiated using futex wait barrier. (233 threads)
[2025-04-25T07:18:04.867+0000][4525.992s][info ][safepoint   ] Safepoint "Cleanup", Time since last: 3000441374 ns, Reaching safepoint: 149008 ns, Cleanup: 16191 ns, At safepoint: 8955 ns, Total: 174154 ns
[2025-04-25T07:18:46.898+0000][4568.023s][debug][safepoint   ] Safepoint synchronization initiated using futex wait barrier. (229 threads)
[2025-04-25T07:18:46.898+0000][4568.023s][info ][safepoint   ] Safepoint "Cleanup", Time since last: 42030933362 ns, Reaching safepoint: 202686 ns, Cleanup: 23174 ns, At safepoint: 16741 ns, Total: 242601 ns
[2025-04-25T07:19:14.673+0000][4595.797s][debug][safepoint   ] Safepoint synchronization initiated using futex wait barrier. (229 threads)
[2025-04-25T07:19:14.673+0000][4595.797s][info ][gc,start    ] GC(107) Pause Young (Normal) (G1 Evacuation Pause)
[2025-04-25T07:19:14.673+0000][4595.797s][info ][gc,task     ] GC(107) Using 4 workers of 4 for evacuation
[2025-04-25T07:19:14.700+0000][4595.825s][info ][gc,phases   ] GC(107)   Pre Evacuate Collection Set: 0.5ms
[2025-04-25T07:19:14.700+0000][4595.825s][info ][gc,phases   ] GC(107)   Merge Heap Roots: 0.4ms
[2025-04-25T07:19:14.700+0000][4595.825s][info ][gc,phases   ] GC(107)   Evacuate Collection Set: 21.4ms
[2025-04-25T07:19:14.700+0000][4595.825s][info ][gc,phases   ] GC(107)   Post Evacuate Collection Set: 4.6ms
[2025-04-25T07:19:14.700+0000][4595.825s][info ][gc,phases   ] GC(107)   Other: 0.4ms
[2025-04-25T07:19:14.700+0000][4595.825s][info ][gc,heap     ] GC(107) Eden regions: 202->0(203)
[2025-04-25T07:19:14.700+0000][4595.825s][info ][gc,heap     ] GC(107) Survivor regions: 5->4(26)
[2025-04-25T07:19:14.700+0000][4595.825s][info ][gc,heap     ] GC(107) Old regions: 200->201
[2025-04-25T07:19:14.700+0000][4595.825s][info ][gc,heap     ] GC(107) Archive regions: 2->2
[2025-04-25T07:19:14.700+0000][4595.825s][info ][gc,heap     ] GC(107) Humongous regions: 2->2
[2025-04-25T07:19:14.700+0000][4595.825s][info ][gc,metaspace] GC(107) Metaspace: 195097K(196608K)->195097K(196608K) NonClass: 171849K(172608K)->171849K(172608K) Class: 23247K(24000K)->23247K(24000K)
[2025-04-25T07:19:14.700+0000][4595.825s][info ][gc          ] GC(107) Pause Young (Normal) (G1 Evacuation Pause) 409M->207M(463M) 27.453ms
[2025-04-25T07:19:14.700+0000][4595.825s][info ][gc,cpu      ] GC(107) User=0.07s Sys=0.00s Real=0.03s
[2025-04-25T07:19:14.701+0000][4595.825s][info ][safepoint   ] Safepoint "G1CollectForAllocation", Time since last: 27774176534 ns, Reaching safepoint: 190408 ns, Cleanup: 10231 ns, At safepoint: 28174912 ns, Total: 28375551 ns
[2025-04-25T07:19:36.704+0000][4617.828s][debug][safepoint   ] Safepoint synchronization initiated using futex wait barrier. (228 threads)
[2025-04-25T07:19:36.704+0000][4617.828s][info ][safepoint   ] Safepoint "Cleanup", Time since last: 22002798995 ns, Reaching safepoint: 125008 ns, Cleanup: 16544 ns, At safepoint: 39605 ns, Total: 181157 ns
[2025-04-25T07:20:30.938+0000][4672.063s][debug][safepoint   ] Safepoint synchronization initiated using futex wait barrier. (227 threads)
[2025-04-25T07:20:30.938+0000][4672.063s][info ][safepoint   ] Safepoint "Cleanup", Time since last: 54234269573 ns, Reaching safepoint: 126668 ns, Cleanup: 28063 ns, At safepoint: 10379 ns, Total: 165110 ns
[2025-04-25T07:20:31.939+0000][4673.063s][debug][safepoint   ] Safepoint synchronization initiated using futex wait barrier. (227 threads)
[2025-04-25T07:20:31.939+0000][4673.063s][info ][safepoint   ] Safepoint "Cleanup", Time since last: 1000122216 ns, Reaching safepoint: 109267 ns, Cleanup: 15638 ns, At safepoint: 12054 ns, Total: 136959 ns
[2025-04-25T07:20:32.939+0000][4674.063s][debug][safepoint   ] Safepoint synchronization initiated using futex wait barrier. (227 threads)
[2025-04-25T07:20:32.939+0000][4674.063s][info ][safepoint   ] Safepoint "Cleanup", Time since last: 1000140355 ns, Reaching safepoint: 107632 ns, Cleanup: 24510 ns, At safepoint: 11873 ns, Total: 144015 ns
[2025-04-25T07:20:33.939+0000][4675.064s][debug][safepoint   ] Safepoint synchronization initiated using futex wait barrier. (227 threads)
[2025-04-25T07:20:33.939+0000][4675.064s][info ][safepoint   ] Safepoint "Cleanup", Time since last: 1000115753 ns, Reaching safepoint: 109915 ns, Cleanup: 16109 ns, At safepoint: 10284 ns, Total: 136308 ns
[2025-04-25T07:20:41.940+0000][4683.064s][debug][safepoint   ] Safepoint synchronization initiated using futex wait barrier. (227 threads)
[2025-04-25T07:20:41.940+0000][4683.064s][info ][safepoint   ] Safepoint "Cleanup", Time since last: 8000590365 ns, Reaching safepoint: 83479 ns, Cleanup: 26001 ns, At safepoint: 8416 ns, Total: 117896 ns
[2025-04-25T07:20:42.962+0000][4684.086s][debug][safepoint   ] Safepoint synchronization initiated using futex wait barrier. (227 threads)
[2025-04-25T07:20:42.962+0000][4684.086s][info ][safepoint   ] Safepoint "Cleanup", Time since last: 1021923389 ns, Reaching safepoint: 57212 ns, Cleanup: 11401 ns, At safepoint: 3801 ns, Total: 72414 ns
[2025-04-25T07:20:43.962+0000][4685.087s][debug][safepoint   ] Safepoint synchronization initiated using futex wait barrier. (227 threads)
[2025-04-25T07:20:43.962+0000][4685.087s][info ][safepoint   ] Safepoint "Cleanup", Time since last: 1000148042 ns, Reaching safepoint: 103866 ns, Cleanup: 34817 ns, At safepoint: 8187 ns, Total: 146870 ns
[2025-04-25T07:20:45.962+0000][4687.087s][debug][safepoint   ] Safepoint synchronization initiated using futex wait barrier. (227 threads)
[2025-04-25T07:20:45.963+0000][4687.087s][info ][safepoint   ] Safepoint "Cleanup", Time since last: 2000222151 ns, Reaching safepoint: 139305 ns, Cleanup: 28999 ns, At safepoint: 7394 ns, Total: 175698 ns
[2025-04-25T07:20:51.963+0000][4693.088s][debug][safepoint   ] Safepoint synchronization initiated using futex wait barrier. (227 threads)
[2025-04-25T07:20:51.964+0000][4693.088s][info ][safepoint   ] Safepoint "Cleanup", Time since last: 6000816553 ns, Reaching safepoint: 107643 ns, Cleanup: 19594 ns, At safepoint: 10928 ns, Total: 138165 ns
[2025-04-25T07:20:53.964+0000][4695.089s][debug][safepoint   ] Safepoint synchronization initiated using futex wait barrier. (230 threads)
[2025-04-25T07:20:53.965+0000][4695.089s][info ][safepoint   ] Safepoint "Cleanup", Time since last: 2000886050 ns, Reaching safepoint: 131165 ns, Cleanup: 44810 ns, At safepoint: 9369 ns, Total: 185344 ns
[2025-04-25T07:20:55.965+0000][4697.089s][debug][safepoint   ] Safepoint synchronization initiated using futex wait barrier. (229 threads)
[2025-04-25T07:20:55.965+0000][4697.089s][info ][safepoint   ] Safepoint "Cleanup", Time since last: 2000238416 ns, Reaching safepoint: 77110 ns, Cleanup: 17678 ns, At safepoint: 7454 ns, Total: 102242 ns
[2025-04-25T07:20:56.965+0000][4698.090s][debug][safepoint   ] Safepoint synchronization initiated using futex wait barrier. (229 threads)
[2025-04-25T07:20:56.965+0000][4698.090s][info ][safepoint   ] Safepoint "Cleanup", Time since last: 1000130501 ns, Reaching safepoint: 93228 ns, Cleanup: 13715 ns, At safepoint: 8310 ns, Total: 115253 ns
[2025-04-25T07:21:03.966+0000][4705.090s][debug][safepoint   ] Safepoint synchronization initiated using futex wait barrier. (229 threads)
[2025-04-25T07:21:03.966+0000][4705.090s][info ][safepoint   ] Safepoint "Cleanup", Time since last: 7000591675 ns, Reaching safepoint: 69307 ns, Cleanup: 12483 ns, At safepoint: 5324 ns, Total: 87114 ns
[2025-04-25T07:21:11.248+0000][4712.372s][debug][safepoint   ] Safepoint synchronization initiated using futex wait barrier. (229 threads)
[2025-04-25T07:21:11.248+0000][4712.373s][info ][gc,start    ] GC(108) Pause Young (Normal) (G1 Evacuation Pause)
[2025-04-25T07:21:11.248+0000][4712.373s][info ][gc,task     ] GC(108) Using 4 workers of 4 for evacuation
[2025-04-25T07:21:11.285+0000][4712.410s][info ][gc,phases   ] GC(108)   Pre Evacuate Collection Set: 0.7ms
[2025-04-25T07:21:11.286+0000][4712.410s][info ][gc,phases   ] GC(108)   Merge Heap Roots: 0.6ms
[2025-04-25T07:21:11.286+0000][4712.410s][info ][gc,phases   ] GC(108)   Evacuate Collection Set: 29.2ms
[2025-04-25T07:21:11.286+0000][4712.410s][info ][gc,phases   ] GC(108)   Post Evacuate Collection Set: 6.1ms
[2025-04-25T07:21:11.286+0000][4712.410s][info ][gc,phases   ] GC(108)   Other: 0.6ms
[2025-04-25T07:21:11.286+0000][4712.410s][info ][gc,heap     ] GC(108) Eden regions: 203->0(203)
[2025-04-25T07:21:11.286+0000][4712.410s][info ][gc,heap     ] GC(108) Survivor regions: 4->4(26)
[2025-04-25T07:21:11.286+0000][4712.410s][info ][gc,heap     ] GC(108) Old regions: 201->201
[2025-04-25T07:21:11.286+0000][4712.410s][info ][gc,heap     ] GC(108) Archive regions: 2->2
[2025-04-25T07:21:11.286+0000][4712.411s][info ][gc,heap     ] GC(108) Humongous regions: 2->2
[2025-04-25T07:21:11.286+0000][4712.411s][info ][gc,metaspace] GC(108) Metaspace: 195294K(196736K)->195294K(196736K) NonClass: 172019K(172736K)->172019K(172736K) Class: 23275K(24000K)->23275K(24000K)
[2025-04-25T07:21:11.286+0000][4712.411s][info ][gc          ] GC(108) Pause Young (Normal) (G1 Evacuation Pause) 410M->207M(463M) 38.029ms
[2025-04-25T07:21:11.286+0000][4712.411s][info ][gc,cpu      ] GC(108) User=0.12s Sys=0.00s Real=0.04s
[2025-04-25T07:21:11.288+0000][4712.412s][info ][safepoint   ] Safepoint "G1CollectForAllocation", Time since last: 7281885107 ns, Reaching safepoint: 285289 ns, Cleanup: 19165 ns, At safepoint: 39497376 ns, Total: 39801830 ns
[2025-04-25T07:21:20.289+0000][4721.413s][debug][safepoint   ] Safepoint synchronization initiated using futex wait barrier. (229 threads)
[2025-04-25T07:21:20.289+0000][4721.413s][info ][safepoint   ] Safepoint "Cleanup", Time since last: 9001253504 ns, Reaching safepoint: 97547 ns, Cleanup: 20077 ns, At safepoint: 11051 ns, Total: 128675 ns
[2025-04-25T07:21:27.290+0000][4728.415s][debug][safepoint   ] Safepoint synchronization initiated using futex wait barrier. (229 threads)
[2025-04-25T07:21:27.290+0000][4728.415s][info ][safepoint   ] Safepoint "Cleanup", Time since last: 7001133139 ns, Reaching safepoint: 248098 ns, Cleanup: 38727 ns, At safepoint: 37844 ns, Total: 324669 ns
[2025-04-25T07:21:38.292+0000][4739.417s][debug][safepoint   ] Safepoint synchronization initiated using futex wait barrier. (229 threads)
[2025-04-25T07:21:38.292+0000][4739.417s][info ][safepoint   ] Safepoint "Cleanup", Time since last: 11001770379 ns, Reaching safepoint: 132622 ns, Cleanup: 20810 ns, At safepoint: 18187 ns, Total: 171619 ns
[2025-04-25T07:21:40.293+0000][4741.417s][debug][safepoint   ] Safepoint synchronization initiated using futex wait barrier. (229 threads)
[2025-04-25T07:21:40.293+0000][4741.417s][info ][safepoint   ] Safepoint "Cleanup", Time since last: 2000332118 ns, Reaching safepoint: 266668 ns, Cleanup: 33075 ns, At safepoint: 28379 ns, Total: 328122 ns
[2025-04-25T07:21:44.007+0000][4745.132s][debug][safepoint   ] Safepoint synchronization initiated using futex wait barrier. (228 threads)
[2025-04-25T07:21:44.008+0000][4745.132s][info ][safepoint   ] Safepoint "Cleanup", Time since last: 3714262487 ns, Reaching safepoint: 304546 ns, Cleanup: 59479 ns, At safepoint: 25948 ns, Total: 389973 ns
[2025-04-25T07:21:50.008+0000][4751.133s][debug][safepoint   ] Safepoint synchronization initiated using futex wait barrier. (228 threads)
[2025-04-25T07:21:50.009+0000][4751.133s][info ][safepoint   ] Safepoint "Cleanup", Time since last: 6000759830 ns, Reaching safepoint: 125869 ns, Cleanup: 11750 ns, At safepoint: 4280 ns, Total: 141899 ns
[2025-04-25T07:21:55.009+0000][4756.133s][debug][safepoint   ] Safepoint synchronization initiated using futex wait barrier. (226 threads)
[2025-04-25T07:21:55.009+0000][4756.134s][info ][safepoint   ] Safepoint "Cleanup", Time since last: 5000437791 ns, Reaching safepoint: 120159 ns, Cleanup: 16077 ns, At safepoint: 10625 ns, Total: 146861 ns
[2025-04-25T07:23:09.655+0000][4830.779s][debug][safepoint   ] Safepoint synchronization initiated using futex wait barrier. (224 threads)
[2025-04-25T07:23:09.655+0000][4830.780s][info ][safepoint   ] Safepoint "Cleanup", Time since last: 74645495436 ns, Reaching safepoint: 274681 ns, Cleanup: 106197 ns, At safepoint: 32244 ns, Total: 413122 ns
[2025-04-25T07:23:18.479+0000][4839.603s][debug][safepoint   ] Safepoint synchronization initiated using futex wait barrier. (224 threads)
[2025-04-25T07:23:18.479+0000][4839.603s][info ][gc,start    ] GC(109) Pause Young (Normal) (G1 Evacuation Pause)
[2025-04-25T07:23:18.479+0000][4839.603s][info ][gc,task     ] GC(109) Using 4 workers of 4 for evacuation
[2025-04-25T07:23:18.506+0000][4839.630s][info ][gc,phases   ] GC(109)   Pre Evacuate Collection Set: 0.5ms
[2025-04-25T07:23:18.506+0000][4839.630s][info ][gc,phases   ] GC(109)   Merge Heap Roots: 0.4ms
[2025-04-25T07:23:18.506+0000][4839.630s][info ][gc,phases   ] GC(109)   Evacuate Collection Set: 22.5ms
[2025-04-25T07:23:18.506+0000][4839.630s][info ][gc,phases   ] GC(109)   Post Evacuate Collection Set: 2.8ms
[2025-04-25T07:23:18.506+0000][4839.630s][info ][gc,phases   ] GC(109)   Other: 0.4ms
[2025-04-25T07:23:18.506+0000][4839.630s][info ][gc,heap     ] GC(109) Eden regions: 203->0(204)
[2025-04-25T07:23:18.506+0000][4839.630s][info ][gc,heap     ] GC(109) Survivor regions: 4->2(26)
[2025-04-25T07:23:18.506+0000][4839.630s][info ][gc,heap     ] GC(109) Old regions: 201->204
[2025-04-25T07:23:18.506+0000][4839.630s][info ][gc,heap     ] GC(109) Archive regions: 2->2
[2025-04-25T07:23:18.506+0000][4839.630s][info ][gc,heap     ] GC(109) Humongous regions: 2->2
[2025-04-25T07:23:18.506+0000][4839.630s][info ][gc,metaspace] GC(109) Metaspace: 195300K(196800K)->195300K(196800K) NonClass: 172025K(172800K)->172025K(172800K) Class: 23275K(24000K)->23275K(24000K)
[2025-04-25T07:23:18.506+0000][4839.630s][info ][gc          ] GC(109) Pause Young (Normal) (G1 Evacuation Pause) 410M->207M(463M) 26.950ms
[2025-04-25T07:23:18.506+0000][4839.630s][info ][gc,cpu      ] GC(109) User=0.08s Sys=0.00s Real=0.03s
[2025-04-25T07:23:18.506+0000][4839.631s][info ][safepoint   ] Safepoint "G1CollectForAllocation", Time since last: 8823471472 ns, Reaching safepoint: 240717 ns, Cleanup: 14047 ns, At safepoint: 27590098 ns, Total: 27844862 ns
[2025-04-25T07:23:54.093+0000][4875.217s][debug][safepoint   ] Safepoint synchronization initiated using futex wait barrier. (223 threads)
[2025-04-25T07:23:54.093+0000][4875.217s][info ][safepoint   ] Safepoint "Cleanup", Time since last: 35586354099 ns, Reaching safepoint: 94693 ns, Cleanup: 14700 ns, At safepoint: 9602 ns, Total: 118995 ns
[2025-04-25T07:25:06.125+0000][4947.249s][debug][safepoint   ] Safepoint synchronization initiated using futex wait barrier. (222 threads)
[2025-04-25T07:25:06.125+0000][4947.249s][info ][safepoint   ] Safepoint "Cleanup", Time since last: 72031795323 ns, Reaching safepoint: 93436 ns, Cleanup: 13564 ns, At safepoint: 6700 ns, Total: 113700 ns
[2025-04-25T07:25:11.125+0000][4952.250s][debug][safepoint   ] Safepoint synchronization initiated using futex wait barrier. (222 threads)
[2025-04-25T07:25:11.125+0000][4952.250s][info ][safepoint   ] Safepoint "Cleanup", Time since last: 5000374976 ns, Reaching safepoint: 97303 ns, Cleanup: 16383 ns, At safepoint: 5848 ns, Total: 119534 ns
[2025-04-25T07:25:24.998+0000][4966.122s][debug][safepoint   ] Safepoint synchronization initiated using futex wait barrier. (222 threads)
[2025-04-25T07:25:24.998+0000][4966.123s][info ][gc,start    ] GC(110) Pause Young (Normal) (G1 Evacuation Pause)
[2025-04-25T07:25:24.999+0000][4966.123s][info ][gc,task     ] GC(110) Using 4 workers of 4 for evacuation
[2025-04-25T07:25:25.008+0000][4966.133s][info ][gc,phases   ] GC(110)   Pre Evacuate Collection Set: 0.3ms
[2025-04-25T07:25:25.008+0000][4966.133s][info ][gc,phases   ] GC(110)   Merge Heap Roots: 0.1ms
[2025-04-25T07:25:25.008+0000][4966.133s][info ][gc,phases   ] GC(110)   Evacuate Collection Set: 6.4ms
[2025-04-25T07:25:25.008+0000][4966.133s][info ][gc,phases   ] GC(110)   Post Evacuate Collection Set: 2.8ms
[2025-04-25T07:25:25.009+0000][4966.133s][info ][gc,phases   ] GC(110)   Other: 0.6ms
[2025-04-25T07:25:25.009+0000][4966.133s][info ][gc,heap     ] GC(110) Eden regions: 204->0(205)
[2025-04-25T07:25:25.009+0000][4966.133s][info ][gc,heap     ] GC(110) Survivor regions: 2->1(26)
[2025-04-25T07:25:25.009+0000][4966.133s][info ][gc,heap     ] GC(110) Old regions: 204->204
[2025-04-25T07:25:25.009+0000][4966.133s][info ][gc,heap     ] GC(110) Archive regions: 2->2
[2025-04-25T07:25:25.009+0000][4966.133s][info ][gc,heap     ] GC(110) Humongous regions: 2->2
[2025-04-25T07:25:25.009+0000][4966.133s][info ][gc,metaspace] GC(110) Metaspace: 195303K(196800K)->195303K(196800K) NonClass: 172027K(172800K)->172027K(172800K) Class: 23275K(24000K)->23275K(24000K)
[2025-04-25T07:25:25.009+0000][4966.133s][info ][gc          ] GC(110) Pause Young (Normal) (G1 Evacuation Pause) 411M->207M(463M) 10.563ms
[2025-04-25T07:25:25.009+0000][4966.133s][info ][gc,cpu      ] GC(110) User=0.03s Sys=0.00s Real=0.01s
[2025-04-25T07:25:25.009+0000][4966.133s][info ][safepoint   ] Safepoint "G1CollectForAllocation", Time since last: 13872777797 ns, Reaching safepoint: 97972 ns, Cleanup: 6776 ns, At safepoint: 10861096 ns, Total: 10965844 ns
[2025-04-25T07:25:45.157+0000][4986.282s][debug][safepoint   ] Safepoint synchronization initiated using futex wait barrier. (226 threads)
[2025-04-25T07:25:45.157+0000][4986.282s][debug][safepoint   ] ... found polling page loop exception at pc = 0x00007cdd45aa3e1c, stub =0x00007cdd4498e400
[2025-04-25T07:25:45.158+0000][4986.282s][info ][safepoint   ] Safepoint "Cleanup", Time since last: 20148294128 ns, Reaching safepoint: 559772 ns, Cleanup: 52384 ns, At safepoint: 32012 ns, Total: 644168 ns
[2025-04-25T07:25:46.505+0000][4987.630s][debug][safepoint   ] Safepoint synchronization initiated using futex wait barrier. (226 threads)
[2025-04-25T07:25:46.506+0000][4987.630s][info ][safepoint   ] Safepoint "Cleanup", Time since last: 1347287338 ns, Reaching safepoint: 201037 ns, Cleanup: 112404 ns, At safepoint: 35641 ns, Total: 349082 ns
[2025-04-25T07:25:51.506+0000][4992.631s][debug][safepoint   ] Safepoint synchronization initiated using futex wait barrier. (226 threads)
[2025-04-25T07:25:51.507+0000][4992.631s][info ][safepoint   ] Safepoint "Cleanup", Time since last: 5000676266 ns, Reaching safepoint: 216337 ns, Cleanup: 30477 ns, At safepoint: 20158 ns, Total: 266972 ns
[2025-04-25T07:25:55.507+0000][4996.632s][debug][safepoint   ] Safepoint synchronization initiated using futex wait barrier. (226 threads)
[2025-04-25T07:25:55.507+0000][4996.632s][info ][safepoint   ] Safepoint "Cleanup", Time since last: 4000642233 ns, Reaching safepoint: 200074 ns, Cleanup: 34206 ns, At safepoint: 26574 ns, Total: 260854 ns
[2025-04-25T07:25:56.508+0000][4997.632s][debug][safepoint   ] Safepoint synchronization initiated using futex wait barrier. (226 threads)
[2025-04-25T07:25:56.508+0000][4997.633s][info ][safepoint   ] Safepoint "Cleanup", Time since last: 1000226710 ns, Reaching safepoint: 337735 ns, Cleanup: 42122 ns, At safepoint: 59022 ns, Total: 438879 ns
[2025-04-25T07:25:57.508+0000][4998.633s][debug][safepoint   ] Safepoint synchronization initiated using futex wait barrier. (226 threads)
[2025-04-25T07:25:57.509+0000][4998.633s][info ][safepoint   ] Safepoint "Cleanup", Time since last: 1000303046 ns, Reaching safepoint: 226414 ns, Cleanup: 74915 ns, At safepoint: 60129 ns, Total: 361458 ns
[2025-04-25T07:25:58.509+0000][4999.633s][debug][safepoint   ] Safepoint synchronization initiated using futex wait barrier. (226 threads)
[2025-04-25T07:25:58.509+0000][4999.634s][info ][safepoint   ] Safepoint "Cleanup", Time since last: 1000222380 ns, Reaching safepoint: 119212 ns, Cleanup: 20642 ns, At safepoint: 15047 ns, Total: 154901 ns
[2025-04-25T07:26:06.510+0000][5007.635s][debug][safepoint   ] Safepoint synchronization initiated using futex wait barrier. (226 threads)
[2025-04-25T07:26:06.510+0000][5007.635s][info ][safepoint   ] Safepoint "Cleanup", Time since last: 8000989605 ns, Reaching safepoint: 152635 ns, Cleanup: 26302 ns, At safepoint: 8805 ns, Total: 187742 ns
[2025-04-25T07:26:11.511+0000][5012.635s][debug][safepoint   ] Safepoint synchronization initiated using futex wait barrier. (226 threads)
[2025-04-25T07:26:11.511+0000][5012.636s][info ][safepoint   ] Safepoint "Cleanup", Time since last: 5000693362 ns, Reaching safepoint: 86641 ns, Cleanup: 12002 ns, At safepoint: 6458 ns, Total: 105101 ns
[2025-04-25T07:26:13.511+0000][5014.636s][debug][safepoint   ] Safepoint synchronization initiated using futex wait barrier. (226 threads)
[2025-04-25T07:26:13.511+0000][5014.636s][info ][safepoint   ] Safepoint "Cleanup", Time since last: 2000184862 ns, Reaching safepoint: 85139 ns, Cleanup: 16892 ns, At safepoint: 6569 ns, Total: 108600 ns
[2025-04-25T07:26:18.512+0000][5019.636s][debug][safepoint   ] Safepoint synchronization initiated using futex wait barrier. (226 threads)
[2025-04-25T07:26:18.512+0000][5019.637s][info ][safepoint   ] Safepoint "Cleanup", Time since last: 5000627785 ns, Reaching safepoint: 275702 ns, Cleanup: 39680 ns, At safepoint: 23644 ns, Total: 339026 ns
[2025-04-25T07:26:19.893+0000][5021.017s][debug][safepoint   ] Safepoint synchronization initiated using futex wait barrier. (226 threads)
[2025-04-25T07:26:19.893+0000][5021.017s][info ][safepoint   ] Safepoint "Cleanup", Time since last: 1380200582 ns, Reaching safepoint: 272626 ns, Cleanup: 58404 ns, At safepoint: 20752 ns, Total: 351782 ns
[2025-04-25T07:26:20.893+0000][5022.018s][debug][safepoint   ] Safepoint synchronization initiated using futex wait barrier. (226 threads)
[2025-04-25T07:26:20.893+0000][5022.018s][info ][safepoint   ] Safepoint "Cleanup", Time since last: 1000199356 ns, Reaching safepoint: 66339 ns, Cleanup: 17793 ns, At safepoint: 4700 ns, Total: 88832 ns
[2025-04-25T07:26:21.893+0000][5023.018s][debug][safepoint   ] Safepoint synchronization initiated using futex wait barrier. (226 threads)
[2025-04-25T07:26:21.893+0000][5023.018s][info ][safepoint   ] Safepoint "Cleanup", Time since last: 1000096863 ns, Reaching safepoint: 69173 ns, Cleanup: 13027 ns, At safepoint: 5490 ns, Total: 87690 ns
[2025-04-25T07:26:22.894+0000][5024.018s][debug][safepoint   ] Safepoint synchronization initiated using futex wait barrier. (244 threads)
[2025-04-25T07:26:22.894+0000][5024.018s][info ][safepoint   ] Safepoint "Cleanup", Time since last: 1000152669 ns, Reaching safepoint: 126302 ns, Cleanup: 54349 ns, At safepoint: 7519 ns, Total: 188170 ns
[2025-04-25T07:26:23.894+0000][5025.018s][debug][safepoint   ] Safepoint synchronization initiated using futex wait barrier. (244 threads)
[2025-04-25T07:26:23.894+0000][5025.018s][info ][safepoint   ] Safepoint "Cleanup", Time since last: 1000129792 ns, Reaching safepoint: 61024 ns, Cleanup: 8629 ns, At safepoint: 4322 ns, Total: 73975 ns
[2025-04-25T07:26:26.894+0000][5028.019s][debug][safepoint   ] Safepoint synchronization initiated using futex wait barrier. (245 threads)
[2025-04-25T07:26:26.894+0000][5028.019s][info ][safepoint   ] Safepoint "Cleanup", Time since last: 3000265507 ns, Reaching safepoint: 106010 ns, Cleanup: 14180 ns, At safepoint: 5903 ns, Total: 126093 ns
[2025-04-25T07:26:27.369+0000][5028.493s][debug][safepoint   ] Safepoint synchronization initiated using futex wait barrier. (244 threads)
[2025-04-25T07:26:27.369+0000][5028.493s][info ][gc,start    ] GC(111) Pause Young (Normal) (G1 Evacuation Pause)
[2025-04-25T07:26:27.369+0000][5028.493s][info ][gc,task     ] GC(111) Using 4 workers of 4 for evacuation
[2025-04-25T07:26:27.378+0000][5028.503s][info ][gc,phases   ] GC(111)   Pre Evacuate Collection Set: 0.2ms
[2025-04-25T07:26:27.378+0000][5028.503s][info ][gc,phases   ] GC(111)   Merge Heap Roots: 0.1ms
[2025-04-25T07:26:27.378+0000][5028.503s][info ][gc,phases   ] GC(111)   Evacuate Collection Set: 7.0ms
[2025-04-25T07:26:27.378+0000][5028.503s][info ][gc,phases   ] GC(111)   Post Evacuate Collection Set: 1.9ms
[2025-04-25T07:26:27.378+0000][5028.503s][info ][gc,phases   ] GC(111)   Other: 0.2ms
[2025-04-25T07:26:27.378+0000][5028.503s][info ][gc,heap     ] GC(111) Eden regions: 205->0(200)
[2025-04-25T07:26:27.378+0000][5028.503s][info ][gc,heap     ] GC(111) Survivor regions: 1->3(26)
[2025-04-25T07:26:27.378+0000][5028.503s][info ][gc,heap     ] GC(111) Old regions: 204->205
[2025-04-25T07:26:27.378+0000][5028.503s][info ][gc,heap     ] GC(111) Archive regions: 2->2
[2025-04-25T07:26:27.378+0000][5028.503s][info ][gc,heap     ] GC(111) Humongous regions: 2->2
[2025-04-25T07:26:27.378+0000][5028.503s][info ][gc,metaspace] GC(111) Metaspace: 198583K(200128K)->198583K(200128K) NonClass: 174896K(175680K)->174896K(175680K) Class: 23686K(24448K)->23686K(24448K)
[2025-04-25T07:26:27.378+0000][5028.503s][info ][gc          ] GC(111) Pause Young (Normal) (G1 Evacuation Pause) 412M->209M(463M) 9.458ms
[2025-04-25T07:26:27.378+0000][5028.503s][info ][gc,cpu      ] GC(111) User=0.03s Sys=0.00s Real=0.01s
[2025-04-25T07:26:27.379+0000][5028.503s][info ][safepoint   ] Safepoint "G1CollectForAllocation", Time since last: 474450827 ns, Reaching safepoint: 112427 ns, Cleanup: 4269 ns, At safepoint: 9675720 ns, Total: 9792416 ns
[2025-04-25T07:26:39.380+0000][5040.504s][debug][safepoint   ] Safepoint synchronization initiated using futex wait barrier. (245 threads)
[2025-04-25T07:26:39.380+0000][5040.505s][info ][safepoint   ] Safepoint "Cleanup", Time since last: 12001392983 ns, Reaching safepoint: 82070 ns, Cleanup: 14028 ns, At safepoint: 5105 ns, Total: 101203 ns
[2025-04-25T07:26:44.200+0000][5045.324s][debug][safepoint   ] Safepoint synchronization initiated using futex wait barrier. (245 threads)
[2025-04-25T07:26:44.200+0000][5045.324s][info ][safepoint   ] Safepoint "Cleanup", Time since last: 4819850880 ns, Reaching safepoint: 99251 ns, Cleanup: 13974 ns, At safepoint: 7522 ns, Total: 120747 ns
[2025-04-25T07:26:47.200+0000][5048.325s][debug][safepoint   ] Safepoint synchronization initiated using futex wait barrier. (244 threads)
[2025-04-25T07:26:47.200+0000][5048.325s][info ][safepoint   ] Safepoint "Cleanup", Time since last: 3000385064 ns, Reaching safepoint: 76490 ns, Cleanup: 18063 ns, At safepoint: 5188 ns, Total: 99741 ns
[2025-04-25T07:26:48.201+0000][5049.325s][debug][safepoint   ] Safepoint synchronization initiated using futex wait barrier. (244 threads)
[2025-04-25T07:26:48.201+0000][5049.325s][info ][safepoint   ] Safepoint "Cleanup", Time since last: 1000171303 ns, Reaching safepoint: 121066 ns, Cleanup: 22587 ns, At safepoint: 14527 ns, Total: 158180 ns
[2025-04-25T07:27:23.205+0000][5084.330s][debug][safepoint   ] Safepoint synchronization initiated using futex wait barrier. (243 threads)
[2025-04-25T07:27:23.206+0000][5084.330s][info ][safepoint   ] Safepoint "Cleanup", Time since last: 35004524240 ns, Reaching safepoint: 226497 ns, Cleanup: 345126 ns, At safepoint: 37094 ns, Total: 608717 ns
[2025-04-25T07:27:42.208+0000][5103.332s][debug][safepoint   ] Safepoint synchronization initiated using futex wait barrier. (242 threads)
[2025-04-25T07:27:42.208+0000][5103.333s][info ][safepoint   ] Safepoint "Cleanup", Time since last: 19001954323 ns, Reaching safepoint: 250375 ns, Cleanup: 28583 ns, At safepoint: 14849 ns, Total: 293807 ns
[2025-04-25T07:28:02.243+0000][5123.367s][debug][safepoint   ] Safepoint synchronization initiated using futex wait barrier. (241 threads)
[2025-04-25T07:28:02.243+0000][5123.367s][info ][safepoint   ] Safepoint "Cleanup", Time since last: 20034531290 ns, Reaching safepoint: 250338 ns, Cleanup: 13293 ns, At safepoint: 12852 ns, Total: 276483 ns
[2025-04-25T07:28:11.244+0000][5132.368s][debug][safepoint   ] Safepoint synchronization initiated using futex wait barrier. (241 threads)
[2025-04-25T07:28:11.244+0000][5132.368s][info ][safepoint   ] Safepoint "Cleanup", Time since last: 9000779828 ns, Reaching safepoint: 64852 ns, Cleanup: 11036 ns, At safepoint: 4361 ns, Total: 80249 ns
[2025-04-25T07:28:22.245+0000][5143.370s][debug][safepoint   ] Safepoint synchronization initiated using futex wait barrier. (241 threads)
[2025-04-25T07:28:22.246+0000][5143.370s][info ][safepoint   ] Safepoint "Cleanup", Time since last: 11001324154 ns, Reaching safepoint: 240608 ns, Cleanup: 34354 ns, At safepoint: 20731 ns, Total: 295693 ns
[2025-04-25T07:28:28.247+0000][5149.371s][debug][safepoint   ] Safepoint synchronization initiated using futex wait barrier. (240 threads)
[2025-04-25T07:28:28.247+0000][5149.372s][info ][safepoint   ] Safepoint "Cleanup", Time since last: 6001008520 ns, Reaching safepoint: 527294 ns, Cleanup: 47678 ns, At safepoint: 52703 ns, Total: 627675 ns
[2025-04-25T07:28:28.676+0000][5149.800s][debug][safepoint   ] Safepoint synchronization initiated using futex wait barrier. (240 threads)
[2025-04-25T07:28:28.676+0000][5149.801s][info ][gc,start    ] GC(112) Pause Young (Normal) (G1 Evacuation Pause)
[2025-04-25T07:28:28.676+0000][5149.801s][info ][gc,task     ] GC(112) Using 4 workers of 4 for evacuation
[2025-04-25T07:28:28.705+0000][5149.830s][info ][gc,phases   ] GC(112)   Pre Evacuate Collection Set: 0.6ms
[2025-04-25T07:28:28.705+0000][5149.830s][info ][gc,phases   ] GC(112)   Merge Heap Roots: 0.5ms
[2025-04-25T07:28:28.706+0000][5149.830s][info ][gc,phases   ] GC(112)   Evacuate Collection Set: 21.2ms
[2025-04-25T07:28:28.706+0000][5149.830s][info ][gc,phases   ] GC(112)   Post Evacuate Collection Set: 6.3ms
[2025-04-25T07:28:28.706+0000][5149.830s][info ][gc,phases   ] GC(112)   Other: 0.6ms
[2025-04-25T07:28:28.706+0000][5149.830s][info ][gc,heap     ] GC(112) Eden regions: 200->0(201)
[2025-04-25T07:28:28.706+0000][5149.830s][info ][gc,heap     ] GC(112) Survivor regions: 3->3(26)
[2025-04-25T07:28:28.706+0000][5149.830s][info ][gc,heap     ] GC(112) Old regions: 205->205
[2025-04-25T07:28:28.706+0000][5149.830s][info ][gc,heap     ] GC(112) Archive regions: 2->2
[2025-04-25T07:28:28.706+0000][5149.830s][info ][gc,heap     ] GC(112) Humongous regions: 4->2
[2025-04-25T07:28:28.706+0000][5149.830s][info ][gc,metaspace] GC(112) Metaspace: 198590K(200128K)->198590K(200128K) NonClass: 174903K(175680K)->174903K(175680K) Class: 23687K(24448K)->23687K(24448K)
[2025-04-25T07:28:28.706+0000][5149.830s][info ][gc          ] GC(112) Pause Young (Normal) (G1 Evacuation Pause) 411M->209M(463M) 29.604ms
[2025-04-25T07:28:28.706+0000][5149.831s][info ][gc,cpu      ] GC(112) User=0.11s Sys=0.00s Real=0.03s
[2025-04-25T07:28:28.707+0000][5149.832s][info ][safepoint   ] Safepoint "G1CollectForAllocation", Time since last: 428802555 ns, Reaching safepoint: 210738 ns, Cleanup: 14505 ns, At safepoint: 31022743 ns, Total: 31247986 ns
[2025-04-25T07:28:29.708+0000][5150.832s][debug][safepoint   ] Safepoint synchronization initiated using futex wait barrier. (240 threads)
[2025-04-25T07:28:29.708+0000][5150.833s][info ][safepoint   ] Safepoint "Cleanup", Time since last: 1000693261 ns, Reaching safepoint: 244963 ns, Cleanup: 59721 ns, At safepoint: 34539 ns, Total: 339223 ns
[2025-04-25T07:29:19.275+0000][5200.399s][debug][safepoint   ] Safepoint synchronization initiated using futex wait barrier. (238 threads)
[2025-04-25T07:29:19.275+0000][5200.399s][info ][safepoint   ] Safepoint "Cleanup", Time since last: 49566564325 ns, Reaching safepoint: 158639 ns, Cleanup: 19709 ns, At safepoint: 11243 ns, Total: 189591 ns
[2025-04-25T07:29:23.275+0000][5204.400s][debug][safepoint   ] Safepoint synchronization initiated using futex wait barrier. (237 threads)
[2025-04-25T07:29:23.276+0000][5204.400s][info ][safepoint   ] Safepoint "Cleanup", Time since last: 4000320883 ns, Reaching safepoint: 247452 ns, Cleanup: 29576 ns, At safepoint: 19829 ns, Total: 296857 ns
[2025-04-25T07:29:28.276+0000][5209.401s][debug][safepoint   ] Safepoint synchronization initiated using futex wait barrier. (237 threads)
[2025-04-25T07:29:28.276+0000][5209.401s][info ][safepoint   ] Safepoint "Cleanup", Time since last: 5000558273 ns, Reaching safepoint: 226870 ns, Cleanup: 35218 ns, At safepoint: 15150 ns, Total: 277238 ns
[2025-04-25T07:29:58.245+0000][5239.370s][debug][safepoint   ] Safepoint synchronization initiated using futex wait barrier. (237 threads)
[2025-04-25T07:29:58.253+0000][5239.377s][info ][safepoint   ] Safepoint "Cleanup", Time since last: 29962988034 ns, Reaching safepoint: 6089532 ns, Cleanup: 31016 ns, At safepoint: 7302674 ns, Total: 13423222 ns
[2025-04-25T07:29:59.253+0000][5240.378s][debug][safepoint   ] Safepoint synchronization initiated using futex wait barrier. (237 threads)
[2025-04-25T07:29:59.253+0000][5240.378s][info ][safepoint   ] Safepoint "Cleanup", Time since last: 1000205544 ns, Reaching safepoint: 75118 ns, Cleanup: 35707 ns, At safepoint: 10146 ns, Total: 120971 ns
[2025-04-25T07:30:01.253+0000][5242.378s][debug][safepoint   ] Safepoint synchronization initiated using futex wait barrier. (237 threads)
[2025-04-25T07:30:01.253+0000][5242.378s][info ][safepoint   ] Safepoint "Cleanup", Time since last: 2000222505 ns, Reaching safepoint: 68919 ns, Cleanup: 16121 ns, At safepoint: 6179 ns, Total: 91219 ns
[2025-04-25T07:30:02.254+0000][5243.378s][debug][safepoint   ] Safepoint synchronization initiated using futex wait barrier. (237 threads)
[2025-04-25T07:30:02.254+0000][5243.378s][info ][safepoint   ] Safepoint "Cleanup", Time since last: 1000075110 ns, Reaching safepoint: 69010 ns, Cleanup: 12899 ns, At safepoint: 5699 ns, Total: 87608 ns
[2025-04-25T07:30:12.255+0000][5253.379s][debug][safepoint   ] Safepoint synchronization initiated using futex wait barrier. (238 threads)
[2025-04-25T07:30:12.255+0000][5253.380s][info ][safepoint   ] Safepoint "Cleanup", Time since last: 10001319708 ns, Reaching safepoint: 196143 ns, Cleanup: 51249 ns, At safepoint: 20388 ns, Total: 267780 ns
[2025-04-25T07:30:14.255+0000][5255.380s][debug][safepoint   ] Safepoint synchronization initiated using futex wait barrier. (238 threads)
[2025-04-25T07:30:14.256+0000][5255.380s][info ][safepoint   ] Safepoint "Cleanup", Time since last: 2000215486 ns, Reaching safepoint: 77726 ns, Cleanup: 12189 ns, At safepoint: 8074 ns, Total: 97989 ns
[2025-04-25T07:30:19.256+0000][5260.381s][debug][safepoint   ] Safepoint synchronization initiated using futex wait barrier. (238 threads)
[2025-04-25T07:30:19.256+0000][5260.381s][info ][safepoint   ] Safepoint "Cleanup", Time since last: 5000556826 ns, Reaching safepoint: 83644 ns, Cleanup: 13744 ns, At safepoint: 7336 ns, Total: 104724 ns
[2025-04-25T07:30:24.669+0000][5265.794s][debug][safepoint   ] Safepoint synchronization initiated using futex wait barrier. (238 threads)
[2025-04-25T07:30:24.670+0000][5265.794s][info ][gc,start    ] GC(113) Pause Young (Normal) (G1 Evacuation Pause)
[2025-04-25T07:30:24.670+0000][5265.794s][info ][gc,task     ] GC(113) Using 4 workers of 4 for evacuation
[2025-04-25T07:30:24.693+0000][5265.817s][info ][gc,phases   ] GC(113)   Pre Evacuate Collection Set: 0.5ms
[2025-04-25T07:30:24.693+0000][5265.817s][info ][gc,phases   ] GC(113)   Merge Heap Roots: 0.4ms
[2025-04-25T07:30:24.693+0000][5265.817s][info ][gc,phases   ] GC(113)   Evacuate Collection Set: 17.2ms
[2025-04-25T07:30:24.693+0000][5265.817s][info ][gc,phases   ] GC(113)   Post Evacuate Collection Set: 4.5ms
[2025-04-25T07:30:24.693+0000][5265.817s][info ][gc,phases   ] GC(113)   Other: 0.5ms
[2025-04-25T07:30:24.693+0000][5265.817s][info ][gc,heap     ] GC(113) Eden regions: 201->0(201)
[2025-04-25T07:30:24.693+0000][5265.817s][info ][gc,heap     ] GC(113) Survivor regions: 3->3(26)
[2025-04-25T07:30:24.693+0000][5265.818s][info ][gc,heap     ] GC(113) Old regions: 205->205
[2025-04-25T07:30:24.693+0000][5265.818s][info ][gc,heap     ] GC(113) Archive regions: 2->2
[2025-04-25T07:30:24.693+0000][5265.818s][info ][gc,heap     ] GC(113) Humongous regions: 3->2
[2025-04-25T07:30:24.693+0000][5265.818s][info ][gc,metaspace] GC(113) Metaspace: 198673K(200192K)->198673K(200192K) NonClass: 174981K(175744K)->174981K(175744K) Class: 23691K(24448K)->23691K(24448K)
[2025-04-25T07:30:24.693+0000][5265.818s][info ][gc          ] GC(113) Pause Young (Normal) (G1 Evacuation Pause) 411M->209M(463M) 23.582ms
[2025-04-25T07:30:24.693+0000][5265.818s][info ][gc,cpu      ] GC(113) User=0.07s Sys=0.01s Real=0.02s
[2025-04-25T07:30:24.694+0000][5265.819s][info ][safepoint   ] Safepoint "G1CollectForAllocation", Time since last: 5413170032 ns, Reaching safepoint: 152354 ns, Cleanup: 10617 ns, At safepoint: 24592804 ns, Total: 24755775 ns
[2025-04-25T07:30:25.695+0000][5266.819s][debug][safepoint   ] Safepoint synchronization initiated using futex wait barrier. (238 threads)
[2025-04-25T07:30:25.695+0000][5266.819s][info ][safepoint   ] Safepoint "Cleanup", Time since last: 1000390332 ns, Reaching safepoint: 275501 ns, Cleanup: 55446 ns, At safepoint: 30556 ns, Total: 361503 ns
[2025-04-25T07:30:29.696+0000][5270.820s][debug][safepoint   ] Safepoint synchronization initiated using futex wait barrier. (238 threads)
[2025-04-25T07:30:29.696+0000][5270.820s][info ][safepoint   ] Safepoint "Cleanup", Time since last: 4000766484 ns, Reaching safepoint: 149652 ns, Cleanup: 15688 ns, At safepoint: 10133 ns, Total: 175473 ns
[2025-04-25T07:30:30.812+0000][5271.936s][debug][safepoint   ] Safepoint synchronization initiated using futex wait barrier. (242 threads)
[2025-04-25T07:30:30.812+0000][5271.937s][info ][safepoint   ] Safepoint "Cleanup", Time since last: 1116118578 ns, Reaching safepoint: 82222 ns, Cleanup: 53066 ns, At safepoint: 9720 ns, Total: 145008 ns
[2025-04-25T07:30:33.813+0000][5274.937s][debug][safepoint   ] Safepoint synchronization initiated using futex wait barrier. (242 threads)
[2025-04-25T07:30:33.813+0000][5274.937s][info ][safepoint   ] Safepoint "Cleanup", Time since last: 3000456890 ns, Reaching safepoint: 214620 ns, Cleanup: 29706 ns, At safepoint: 23750 ns, Total: 268076 ns
[2025-04-25T07:30:54.333+0000][5295.457s][debug][safepoint   ] Safepoint synchronization initiated using futex wait barrier. (241 threads)
[2025-04-25T07:30:54.333+0000][5295.458s][info ][safepoint   ] Safepoint "Cleanup", Time since last: 20519923657 ns, Reaching safepoint: 287333 ns, Cleanup: 33397 ns, At safepoint: 25734 ns, Total: 346464 ns
[2025-04-25T07:31:03.334+0000][5304.459s][debug][safepoint   ] Safepoint synchronization initiated using futex wait barrier. (241 threads)
[2025-04-25T07:31:03.334+0000][5304.459s][info ][safepoint   ] Safepoint "Cleanup", Time since last: 9001169414 ns, Reaching safepoint: 126785 ns, Cleanup: 16999 ns, At safepoint: 9774 ns, Total: 153558 ns
[2025-04-25T07:31:22.338+0000][5323.462s][debug][safepoint   ] Safepoint synchronization initiated using futex wait barrier. (243 threads)
[2025-04-25T07:31:22.338+0000][5323.463s][info ][safepoint   ] Safepoint "Cleanup", Time since last: 19003619295 ns, Reaching safepoint: 163360 ns, Cleanup: 36914 ns, At safepoint: 19928 ns, Total: 220202 ns
[2025-04-25T07:31:30.339+0000][5331.464s][debug][safepoint   ] Safepoint synchronization initiated using futex wait barrier. (239 threads)
[2025-04-25T07:31:30.339+0000][5331.464s][info ][safepoint   ] Safepoint "Cleanup", Time since last: 8000787544 ns, Reaching safepoint: 192427 ns, Cleanup: 19621 ns, At safepoint: 15553 ns, Total: 227601 ns
[2025-04-25T07:31:34.341+0000][5335.465s][debug][safepoint   ] Safepoint synchronization initiated using futex wait barrier. (239 threads)
[2025-04-25T07:31:34.345+0000][5335.469s][info ][safepoint   ] Safepoint "Cleanup", Time since last: 4001249915 ns, Reaching safepoint: 4270465 ns, Cleanup: 42275 ns, At safepoint: 68534 ns, Total: 4381274 ns
[2025-04-25T07:31:43.360+0000][5344.484s][debug][safepoint   ] Safepoint synchronization initiated using futex wait barrier. (238 threads)
[2025-04-25T07:31:43.360+0000][5344.484s][info ][safepoint   ] Safepoint "Cleanup", Time since last: 9014824827 ns, Reaching safepoint: 112603 ns, Cleanup: 16747 ns, At safepoint: 9281 ns, Total: 138631 ns
[2025-04-25T07:32:09.052+0000][5370.176s][debug][safepoint   ] Safepoint synchronization initiated using futex wait barrier. (236 threads)
[2025-04-25T07:32:09.052+0000][5370.176s][info ][gc,start    ] GC(114) Pause Young (Normal) (G1 Evacuation Pause)
[2025-04-25T07:32:09.052+0000][5370.176s][info ][gc,task     ] GC(114) Using 4 workers of 4 for evacuation
[2025-04-25T07:32:09.062+0000][5370.187s][info ][gc,phases   ] GC(114)   Pre Evacuate Collection Set: 0.1ms
[2025-04-25T07:32:09.062+0000][5370.187s][info ][gc,phases   ] GC(114)   Merge Heap Roots: 0.1ms
[2025-04-25T07:32:09.062+0000][5370.187s][info ][gc,phases   ] GC(114)   Evacuate Collection Set: 8.6ms
[2025-04-25T07:32:09.062+0000][5370.187s][info ][gc,phases   ] GC(114)   Post Evacuate Collection Set: 1.6ms
[2025-04-25T07:32:09.063+0000][5370.187s][info ][gc,phases   ] GC(114)   Other: 0.1ms
[2025-04-25T07:32:09.063+0000][5370.187s][info ][gc,heap     ] GC(114) Eden regions: 201->0(197)
[2025-04-25T07:32:09.063+0000][5370.187s][info ][gc,heap     ] GC(114) Survivor regions: 3->5(26)
[2025-04-25T07:32:09.063+0000][5370.187s][info ][gc,heap     ] GC(114) Old regions: 205->205
[2025-04-25T07:32:09.063+0000][5370.187s][info ][gc,heap     ] GC(114) Archive regions: 2->2
[2025-04-25T07:32:09.063+0000][5370.187s][info ][gc,heap     ] GC(114) Humongous regions: 2->2
[2025-04-25T07:32:09.063+0000][5370.187s][info ][gc,metaspace] GC(114) Metaspace: 199097K(200640K)->199097K(200640K) NonClass: 175352K(176128K)->175352K(176128K) Class: 23745K(24512K)->23745K(24512K)
[2025-04-25T07:32:09.063+0000][5370.187s][info ][gc          ] GC(114) Pause Young (Normal) (G1 Evacuation Pause) 410M->211M(463M) 10.799ms
[2025-04-25T07:32:09.063+0000][5370.187s][info ][gc,cpu      ] GC(114) User=0.03s Sys=0.01s Real=0.01s
[2025-04-25T07:32:09.063+0000][5370.187s][info ][safepoint   ] Safepoint "G1CollectForAllocation", Time since last: 25691852470 ns, Reaching safepoint: 58815 ns, Cleanup: 3389 ns, At safepoint: 11156333 ns, Total: 11218537 ns
[2025-04-25T07:32:10.063+0000][5371.188s][debug][safepoint   ] Safepoint synchronization initiated using futex wait barrier. (238 threads)
[2025-04-25T07:32:10.063+0000][5371.188s][info ][safepoint   ] Safepoint "Cleanup", Time since last: 1000153626 ns, Reaching safepoint: 94368 ns, Cleanup: 15819 ns, At safepoint: 9784 ns, Total: 119971 ns
[2025-04-25T07:32:21.065+0000][5382.189s][debug][safepoint   ] Safepoint synchronization initiated using futex wait barrier. (238 threads)
[2025-04-25T07:32:21.065+0000][5382.190s][info ][safepoint   ] Safepoint "Cleanup", Time since last: 11001757189 ns, Reaching safepoint: 90253 ns, Cleanup: 17328 ns, At safepoint: 7766 ns, Total: 115347 ns
[2025-04-25T07:32:23.065+0000][5384.190s][debug][safepoint   ] Safepoint synchronization initiated using futex wait barrier. (238 threads)
[2025-04-25T07:32:23.065+0000][5384.190s][info ][safepoint   ] Safepoint "Cleanup", Time since last: 2000209224 ns, Reaching safepoint: 139800 ns, Cleanup: 22034 ns, At safepoint: 12295 ns, Total: 174129 ns
[2025-04-25T07:32:25.066+0000][5386.190s][debug][safepoint   ] Safepoint synchronization initiated using futex wait barrier. (238 threads)
[2025-04-25T07:32:25.066+0000][5386.190s][info ][safepoint   ] Safepoint "Cleanup", Time since last: 2000200366 ns, Reaching safepoint: 165160 ns, Cleanup: 20626 ns, At safepoint: 11430 ns, Total: 197216 ns
[2025-04-25T07:33:11.400+0000][5432.524s][debug][safepoint   ] Safepoint synchronization initiated using futex wait barrier. (233 threads)
[2025-04-25T07:33:11.400+0000][5432.525s][info ][safepoint   ] Safepoint "Cleanup", Time since last: 46334165077 ns, Reaching safepoint: 114675 ns, Cleanup: 16336 ns, At safepoint: 8962 ns, Total: 139973 ns
[2025-04-25T07:33:17.401+0000][5438.525s][debug][safepoint   ] Safepoint synchronization initiated using futex wait barrier. (234 threads)
[2025-04-25T07:33:17.401+0000][5438.525s][info ][safepoint   ] Safepoint "Cleanup", Time since last: 6000716611 ns, Reaching safepoint: 118214 ns, Cleanup: 15054 ns, At safepoint: 9743 ns, Total: 143011 ns
[2025-04-25T07:33:51.429+0000][5472.554s][debug][safepoint   ] Safepoint synchronization initiated using futex wait barrier. (233 threads)
[2025-04-25T07:33:51.430+0000][5472.554s][info ][safepoint   ] Safepoint "Cleanup", Time since last: 34028413714 ns, Reaching safepoint: 225831 ns, Cleanup: 52686 ns, At safepoint: 22720 ns, Total: 301237 ns
[2025-04-25T07:34:06.431+0000][5487.556s][debug][safepoint   ] Safepoint synchronization initiated using futex wait barrier. (233 threads)
[2025-04-25T07:34:06.431+0000][5487.556s][info ][safepoint   ] Safepoint "Cleanup", Time since last: 15001572396 ns, Reaching safepoint: 105040 ns, Cleanup: 79549 ns, At safepoint: 14426 ns, Total: 199015 ns
[2025-04-25T07:34:10.862+0000][5491.987s][debug][safepoint   ] Safepoint synchronization initiated using futex wait barrier. (233 threads)
[2025-04-25T07:34:10.863+0000][5491.987s][info ][gc,start    ] GC(115) Pause Young (Normal) (G1 Evacuation Pause)
[2025-04-25T07:34:10.863+0000][5491.987s][info ][gc,task     ] GC(115) Using 4 workers of 4 for evacuation
[2025-04-25T07:34:10.889+0000][5492.014s][info ][gc,phases   ] GC(115)   Pre Evacuate Collection Set: 0.3ms
[2025-04-25T07:34:10.889+0000][5492.014s][info ][gc,phases   ] GC(115)   Merge Heap Roots: 0.3ms
[2025-04-25T07:34:10.889+0000][5492.014s][info ][gc,phases   ] GC(115)   Evacuate Collection Set: 23.0ms
[2025-04-25T07:34:10.889+0000][5492.014s][info ][gc,phases   ] GC(115)   Post Evacuate Collection Set: 3.0ms
[2025-04-25T07:34:10.889+0000][5492.014s][info ][gc,phases   ] GC(115)   Other: 0.3ms
[2025-04-25T07:34:10.890+0000][5492.014s][info ][gc,heap     ] GC(115) Eden regions: 197->0(197)
[2025-04-25T07:34:10.890+0000][5492.014s][info ][gc,heap     ] GC(115) Survivor regions: 5->5(26)
[2025-04-25T07:34:10.890+0000][5492.014s][info ][gc,heap     ] GC(115) Old regions: 205->205
[2025-04-25T07:34:10.890+0000][5492.014s][info ][gc,heap     ] GC(115) Archive regions: 2->2
[2025-04-25T07:34:10.890+0000][5492.014s][info ][gc,heap     ] GC(115) Humongous regions: 2->2
[2025-04-25T07:34:10.890+0000][5492.014s][info ][gc,metaspace] GC(115) Metaspace: 199115K(200640K)->199115K(200640K) NonClass: 175369K(176128K)->175369K(176128K) Class: 23745K(24512K)->23745K(24512K)
[2025-04-25T07:34:10.890+0000][5492.014s][info ][gc          ] GC(115) Pause Young (Normal) (G1 Evacuation Pause) 408M->211M(463M) 27.092ms
[2025-04-25T07:34:10.890+0000][5492.014s][info ][gc,cpu      ] GC(115) User=0.05s Sys=0.00s Real=0.03s
[2025-04-25T07:34:10.890+0000][5492.015s][info ][safepoint   ] Safepoint "G1CollectForAllocation", Time since last: 4430837127 ns, Reaching safepoint: 113741 ns, Cleanup: 7154 ns, At safepoint: 27729272 ns, Total: 27850167 ns
[2025-04-25T07:34:14.891+0000][5496.015s][debug][safepoint   ] Safepoint synchronization initiated using futex wait barrier. (233 threads)
[2025-04-25T07:34:14.891+0000][5496.015s][info ][safepoint   ] Safepoint "Cleanup", Time since last: 4000569010 ns, Reaching safepoint: 133427 ns, Cleanup: 27831 ns, At safepoint: 11263 ns, Total: 172521 ns
[2025-04-25T07:34:54.461+0000][5535.585s][debug][safepoint   ] Safepoint synchronization initiated using futex wait barrier. (232 threads)
[2025-04-25T07:34:54.461+0000][5535.585s][info ][safepoint   ] Safepoint "Cleanup", Time since last: 39569764187 ns, Reaching safepoint: 108552 ns, Cleanup: 12903 ns, At safepoint: 6711 ns, Total: 128166 ns
[2025-04-25T07:35:29.464+0000][5570.588s][debug][safepoint   ] Safepoint synchronization initiated using futex wait barrier. (232 threads)
[2025-04-25T07:35:29.464+0000][5570.589s][info ][safepoint   ] Safepoint "Cleanup", Time since last: 35003192972 ns, Reaching safepoint: 105434 ns, Cleanup: 24618 ns, At safepoint: 5369 ns, Total: 135421 ns
[2025-04-25T07:35:50.492+0000][5591.617s][debug][safepoint   ] Safepoint synchronization initiated using futex wait barrier. (231 threads)
[2025-04-25T07:35:50.492+0000][5591.617s][info ][safepoint   ] Safepoint "Cleanup", Time since last: 21028115207 ns, Reaching safepoint: 110650 ns, Cleanup: 14657 ns, At safepoint: 7783 ns, Total: 133090 ns
[2025-04-25T07:36:13.380+0000][5614.504s][debug][safepoint   ] Safepoint synchronization initiated using futex wait barrier. (231 threads)
[2025-04-25T07:36:13.380+0000][5614.504s][info ][gc,start    ] GC(116) Pause Young (Normal) (G1 Evacuation Pause)
[2025-04-25T07:36:13.380+0000][5614.505s][info ][gc,task     ] GC(116) Using 4 workers of 4 for evacuation
[2025-04-25T07:36:13.423+0000][5614.547s][info ][gc,phases   ] GC(116)   Pre Evacuate Collection Set: 0.8ms
[2025-04-25T07:36:13.423+0000][5614.547s][info ][gc,phases   ] GC(116)   Merge Heap Roots: 0.6ms
[2025-04-25T07:36:13.423+0000][5614.547s][info ][gc,phases   ] GC(116)   Evacuate Collection Set: 31.3ms
[2025-04-25T07:36:13.423+0000][5614.547s][info ][gc,phases   ] GC(116)   Post Evacuate Collection Set: 9.5ms
[2025-04-25T07:36:13.423+0000][5614.548s][info ][gc,phases   ] GC(116)   Other: 0.6ms
[2025-04-25T07:36:13.423+0000][5614.548s][info ][gc,heap     ] GC(116) Eden regions: 197->0(195)
[2025-04-25T07:36:13.423+0000][5614.548s][info ][gc,heap     ] GC(116) Survivor regions: 5->6(26)
[2025-04-25T07:36:13.423+0000][5614.548s][info ][gc,heap     ] GC(116) Old regions: 205->205
[2025-04-25T07:36:13.423+0000][5614.548s][info ][gc,heap     ] GC(116) Archive regions: 2->2
[2025-04-25T07:36:13.423+0000][5614.548s][info ][gc,heap     ] GC(116) Humongous regions: 2->2
[2025-04-25T07:36:13.423+0000][5614.548s][info ][gc,metaspace] GC(116) Metaspace: 199135K(200704K)->199135K(200704K) NonClass: 175388K(176192K)->175388K(176192K) Class: 23747K(24512K)->23747K(24512K)
[2025-04-25T07:36:13.424+0000][5614.548s][info ][gc          ] GC(116) Pause Young (Normal) (G1 Evacuation Pause) 408M->212M(463M) 43.602ms
[2025-04-25T07:36:13.424+0000][5614.548s][info ][gc,cpu      ] GC(116) User=0.14s Sys=0.00s Real=0.05s
[2025-04-25T07:36:13.429+0000][5614.554s][info ][safepoint   ] Safepoint "G1CollectForAllocation", Time since last: 22887180170 ns, Reaching safepoint: 285649 ns, Cleanup: 16353 ns, At safepoint: 49331233 ns, Total: 49633235 ns
[2025-04-25T07:36:31.439+0000][5632.563s][debug][safepoint   ] Safepoint synchronization initiated using futex wait barrier. (230 threads)
[2025-04-25T07:36:31.440+0000][5632.565s][info ][safepoint   ] Safepoint "Cleanup", Time since last: 18009691938 ns, Reaching safepoint: 1054353 ns, Cleanup: 42846 ns, At safepoint: 60614 ns, Total: 1157813 ns
[2025-04-25T07:36:54.532+0000][5655.657s][debug][safepoint   ] Safepoint synchronization initiated using futex wait barrier. (230 threads)
[2025-04-25T07:36:54.534+0000][5655.659s][info ][safepoint   ] Safepoint "Cleanup", Time since last: 23092252087 ns, Reaching safepoint: 1191466 ns, Cleanup: 39022 ns, At safepoint: 701812 ns, Total: 1932300 ns
[2025-04-25T07:37:07.537+0000][5668.662s][debug][safepoint   ] Safepoint synchronization initiated using futex wait barrier. (230 threads)
[2025-04-25T07:37:07.539+0000][5668.663s][info ][safepoint   ] Safepoint "Cleanup", Time since last: 13002932086 ns, Reaching safepoint: 1703319 ns, Cleanup: 39136 ns, At safepoint: 26522 ns, Total: 1768977 ns
[2025-04-25T07:37:43.566+0000][5704.690s][debug][safepoint   ] Safepoint synchronization initiated using futex wait barrier. (229 threads)
[2025-04-25T07:37:43.566+0000][5704.690s][info ][safepoint   ] Safepoint "Cleanup", Time since last: 36026675065 ns, Reaching safepoint: 228707 ns, Cleanup: 13706 ns, At safepoint: 7437 ns, Total: 249850 ns
[2025-04-25T07:38:14.049+0000][5735.174s][debug][safepoint   ] Safepoint synchronization initiated using futex wait barrier. (229 threads)
[2025-04-25T07:38:14.050+0000][5735.174s][info ][gc,start    ] GC(117) Pause Young (Normal) (G1 Evacuation Pause)
[2025-04-25T07:38:14.050+0000][5735.174s][info ][gc,task     ] GC(117) Using 4 workers of 4 for evacuation
[2025-04-25T07:38:14.065+0000][5735.189s][info ][gc,phases   ] GC(117)   Pre Evacuate Collection Set: 0.3ms
[2025-04-25T07:38:14.065+0000][5735.189s][info ][gc,phases   ] GC(117)   Merge Heap Roots: 0.1ms
[2025-04-25T07:38:14.065+0000][5735.189s][info ][gc,phases   ] GC(117)   Evacuate Collection Set: 11.9ms
[2025-04-25T07:38:14.065+0000][5735.189s][info ][gc,phases   ] GC(117)   Post Evacuate Collection Set: 2.1ms
[2025-04-25T07:38:14.065+0000][5735.189s][info ][gc,phases   ] GC(117)   Other: 0.2ms
[2025-04-25T07:38:14.065+0000][5735.189s][info ][gc,heap     ] GC(117) Eden regions: 195->0(197)
[2025-04-25T07:38:14.065+0000][5735.189s][info ][gc,heap     ] GC(117) Survivor regions: 6->5(26)
[2025-04-25T07:38:14.065+0000][5735.189s][info ][gc,heap     ] GC(117) Old regions: 205->205
[2025-04-25T07:38:14.065+0000][5735.189s][info ][gc,heap     ] GC(117) Archive regions: 2->2
[2025-04-25T07:38:14.065+0000][5735.189s][info ][gc,heap     ] GC(117) Humongous regions: 3->2
[2025-04-25T07:38:14.065+0000][5735.189s][info ][gc,metaspace] GC(117) Metaspace: 199153K(200704K)->199153K(200704K) NonClass: 175406K(176192K)->175406K(176192K) Class: 23747K(24512K)->23747K(24512K)
[2025-04-25T07:38:14.065+0000][5735.189s][info ][gc          ] GC(117) Pause Young (Normal) (G1 Evacuation Pause) 408M->212M(463M) 14.829ms
[2025-04-25T07:38:14.065+0000][5735.189s][info ][gc,cpu      ] GC(117) User=0.03s Sys=0.00s Real=0.02s
[2025-04-25T07:38:14.065+0000][5735.190s][info ][safepoint   ] Safepoint "G1CollectForAllocation", Time since last: 30483525294 ns, Reaching safepoint: 501574 ns, Cleanup: 15920 ns, At safepoint: 15187288 ns, Total: 15704782 ns
[2025-04-25T07:39:46.633+0000][5827.757s][debug][safepoint   ] Safepoint synchronization initiated using futex wait barrier. (227 threads)
[2025-04-25T07:39:46.633+0000][5827.757s][info ][safepoint   ] Safepoint "Cleanup", Time since last: 92567645996 ns, Reaching safepoint: 205464 ns, Cleanup: 29631 ns, At safepoint: 16842 ns, Total: 251937 ns
[2025-04-25T07:39:51.634+0000][5832.758s][debug][safepoint   ] Safepoint synchronization initiated using futex wait barrier. (232 threads)
[2025-04-25T07:39:51.634+0000][5832.759s][info ][safepoint   ] Safepoint "Cleanup", Time since last: 5000577867 ns, Reaching safepoint: 256075 ns, Cleanup: 175000 ns, At safepoint: 22078 ns, Total: 453153 ns
[2025-04-25T07:39:52.634+0000][5833.759s][debug][safepoint   ] Safepoint synchronization initiated using futex wait barrier. (232 threads)
[2025-04-25T07:39:52.634+0000][5833.759s][info ][safepoint   ] Safepoint "Cleanup", Time since last: 1000126019 ns, Reaching safepoint: 85163 ns, Cleanup: 12789 ns, At safepoint: 5480 ns, Total: 103432 ns
[2025-04-25T07:39:56.635+0000][5837.759s][debug][safepoint   ] Safepoint synchronization initiated using futex wait barrier. (232 threads)
[2025-04-25T07:39:56.635+0000][5837.759s][info ][safepoint   ] Safepoint "Cleanup", Time since last: 4000474409 ns, Reaching safepoint: 103741 ns, Cleanup: 28014 ns, At safepoint: 17470 ns, Total: 149225 ns
[2025-04-25T07:39:57.635+0000][5838.759s][debug][safepoint   ] Safepoint synchronization initiated using futex wait barrier. (244 threads)
[2025-04-25T07:39:57.635+0000][5838.760s][info ][safepoint   ] Safepoint "Cleanup", Time since last: 1000113518 ns, Reaching safepoint: 72481 ns, Cleanup: 30399 ns, At safepoint: 4943 ns, Total: 107823 ns
[2025-04-25T07:40:06.637+0000][5847.761s][debug][safepoint   ] Safepoint synchronization initiated using futex wait barrier. (244 threads)
[2025-04-25T07:40:06.637+0000][5847.761s][info ][safepoint   ] Safepoint "Cleanup", Time since last: 9001706847 ns, Reaching safepoint: 92550 ns, Cleanup: 13128 ns, At safepoint: 7705 ns, Total: 113383 ns
[2025-04-25T07:40:10.637+0000][5851.762s][debug][safepoint   ] Safepoint synchronization initiated using futex wait barrier. (244 threads)
[2025-04-25T07:40:10.637+0000][5851.762s][info ][safepoint   ] Safepoint "Cleanup", Time since last: 4000421208 ns, Reaching safepoint: 80434 ns, Cleanup: 13456 ns, At safepoint: 6883 ns, Total: 100773 ns
[2025-04-25T07:40:11.105+0000][5852.230s][debug][safepoint   ] Safepoint synchronization initiated using futex wait barrier. (244 threads)
[2025-04-25T07:40:11.106+0000][5852.230s][info ][gc,start    ] GC(118) Pause Young (Normal) (G1 Evacuation Pause)
[2025-04-25T07:40:11.107+0000][5852.232s][info ][gc,task     ] GC(118) Using 4 workers of 4 for evacuation
[2025-04-25T07:40:11.128+0000][5852.252s][info ][gc,phases   ] GC(118)   Pre Evacuate Collection Set: 0.5ms
[2025-04-25T07:40:11.128+0000][5852.252s][info ][gc,phases   ] GC(118)   Merge Heap Roots: 0.4ms
[2025-04-25T07:40:11.128+0000][5852.252s][info ][gc,phases   ] GC(118)   Evacuate Collection Set: 14.2ms
[2025-04-25T07:40:11.128+0000][5852.252s][info ][gc,phases   ] GC(118)   Post Evacuate Collection Set: 5.2ms
[2025-04-25T07:40:11.128+0000][5852.252s][info ][gc,phases   ] GC(118)   Other: 2.0ms
[2025-04-25T07:40:11.128+0000][5852.252s][info ][gc,heap     ] GC(118) Eden regions: 197->0(197)
[2025-04-25T07:40:11.128+0000][5852.253s][info ][gc,heap     ] GC(118) Survivor regions: 5->5(26)
[2025-04-25T07:40:11.128+0000][5852.253s][info ][gc,heap     ] GC(118) Old regions: 205->205
[2025-04-25T07:40:11.128+0000][5852.253s][info ][gc,heap     ] GC(118) Archive regions: 2->2
[2025-04-25T07:40:11.128+0000][5852.253s][info ][gc,heap     ] GC(118) Humongous regions: 4->2
[2025-04-25T07:40:11.128+0000][5852.253s][info ][gc,metaspace] GC(118) Metaspace: 199356K(200896K)->199356K(200896K) NonClass: 175594K(176384K)->175594K(176384K) Class: 23761K(24512K)->23761K(24512K)
[2025-04-25T07:40:11.128+0000][5852.253s][info ][gc          ] GC(118) Pause Young (Normal) (G1 Evacuation Pause) 411M->212M(463M) 22.517ms
[2025-04-25T07:40:11.128+0000][5852.253s][info ][gc,cpu      ] GC(118) User=0.03s Sys=0.00s Real=0.02s
[2025-04-25T07:40:11.128+0000][5852.253s][info ][safepoint   ] Safepoint "G1CollectForAllocation", Time since last: 467758048 ns, Reaching safepoint: 289144 ns, Cleanup: 13195 ns, At safepoint: 22891064 ns, Total: 23193403 ns
[2025-04-25T07:40:29.136+0000][5870.261s][debug][safepoint   ] Safepoint synchronization initiated using futex wait barrier. (244 threads)
[2025-04-25T07:40:29.136+0000][5870.261s][info ][safepoint   ] Safepoint "Cleanup", Time since last: 18007627390 ns, Reaching safepoint: 135024 ns, Cleanup: 21307 ns, At safepoint: 14376 ns, Total: 170707 ns
[2025-04-25T07:40:43.661+0000][5884.785s][debug][safepoint   ] Safepoint synchronization initiated using futex wait barrier. (244 threads)
[2025-04-25T07:40:43.661+0000][5884.785s][info ][safepoint   ] Safepoint "Cleanup", Time since last: 14524472010 ns, Reaching safepoint: 81397 ns, Cleanup: 13494 ns, At safepoint: 10193 ns, Total: 105084 ns
[2025-04-25T07:41:24.667+0000][5925.791s][debug][safepoint   ] Safepoint synchronization initiated using futex wait barrier. (242 threads)
[2025-04-25T07:41:24.667+0000][5925.791s][info ][safepoint   ] Safepoint "Cleanup", Time since last: 41005743569 ns, Reaching safepoint: 73509 ns, Cleanup: 28306 ns, At safepoint: 4696 ns, Total: 106511 ns
[2025-04-25T07:41:25.667+0000][5926.791s][debug][safepoint   ] Safepoint synchronization initiated using futex wait barrier. (242 threads)
[2025-04-25T07:41:25.667+0000][5926.792s][info ][safepoint   ] Safepoint "Cleanup", Time since last: 1000166573 ns, Reaching safepoint: 221214 ns, Cleanup: 54479 ns, At safepoint: 25960 ns, Total: 301653 ns
[2025-04-25T07:41:26.667+0000][5927.792s][debug][safepoint   ] Safepoint synchronization initiated using futex wait barrier. (242 threads)
[2025-04-25T07:41:26.667+0000][5927.792s][info ][safepoint   ] Safepoint "Cleanup", Time since last: 1000197267 ns, Reaching safepoint: 84856 ns, Cleanup: 20362 ns, At safepoint: 6795 ns, Total: 112013 ns
[2025-04-25T07:41:30.668+0000][5931.792s][debug][safepoint   ] Safepoint synchronization initiated using futex wait barrier. (242 threads)
[2025-04-25T07:41:30.668+0000][5931.792s][info ][safepoint   ] Safepoint "Cleanup", Time since last: 4000459141 ns, Reaching safepoint: 70805 ns, Cleanup: 11618 ns, At safepoint: 5672 ns, Total: 88095 ns
[2025-04-25T07:41:34.668+0000][5935.793s][debug][safepoint   ] Safepoint synchronization initiated using futex wait barrier. (242 threads)
[2025-04-25T07:41:34.669+0000][5935.793s][info ][safepoint   ] Safepoint "Cleanup", Time since last: 4000510937 ns, Reaching safepoint: 194209 ns, Cleanup: 19982 ns, At safepoint: 31725 ns, Total: 245916 ns
[2025-04-25T07:41:43.702+0000][5944.826s][debug][safepoint   ] Safepoint synchronization initiated using futex wait barrier. (242 threads)
[2025-04-25T07:41:43.702+0000][5944.827s][info ][safepoint   ] Safepoint "Cleanup", Time since last: 9033264972 ns, Reaching safepoint: 266590 ns, Cleanup: 60587 ns, At safepoint: 30044 ns, Total: 357221 ns
[2025-04-25T07:41:44.703+0000][5945.827s][debug][safepoint   ] Safepoint synchronization initiated using futex wait barrier. (242 threads)
[2025-04-25T07:41:44.703+0000][5945.827s][info ][safepoint   ] Safepoint "Cleanup", Time since last: 1000202981 ns, Reaching safepoint: 81903 ns, Cleanup: 23053 ns, At safepoint: 7125 ns, Total: 112081 ns
[2025-04-25T07:41:46.703+0000][5947.827s][debug][safepoint   ] Safepoint synchronization initiated using futex wait barrier. (242 threads)
[2025-04-25T07:41:46.703+0000][5947.828s][info ][safepoint   ] Safepoint "Cleanup", Time since last: 2000313945 ns, Reaching safepoint: 261664 ns, Cleanup: 56968 ns, At safepoint: 35698 ns, Total: 354330 ns
[2025-04-25T07:41:53.704+0000][5954.829s][debug][safepoint   ] Safepoint synchronization initiated using futex wait barrier. (241 threads)
[2025-04-25T07:41:53.705+0000][5954.829s][info ][safepoint   ] Safepoint "Cleanup", Time since last: 7000942188 ns, Reaching safepoint: 273294 ns, Cleanup: 50130 ns, At safepoint: 29672 ns, Total: 353096 ns
[2025-04-25T07:41:58.705+0000][5959.830s][debug][safepoint   ] Safepoint synchronization initiated using futex wait barrier. (241 threads)
[2025-04-25T07:41:58.706+0000][5959.830s][info ][safepoint   ] Safepoint "Cleanup", Time since last: 5000684679 ns, Reaching safepoint: 226624 ns, Cleanup: 33737 ns, At safepoint: 24495 ns, Total: 284856 ns
[2025-04-25T07:42:24.888+0000][5986.013s][debug][safepoint   ] Safepoint synchronization initiated using futex wait barrier. (241 threads)
[2025-04-25T07:42:24.889+0000][5986.013s][info ][gc,start    ] GC(119) Pause Young (Normal) (G1 Evacuation Pause)
[2025-04-25T07:42:24.889+0000][5986.013s][info ][gc,task     ] GC(119) Using 4 workers of 4 for evacuation
[2025-04-25T07:42:24.984+0000][5986.109s][info ][gc,phases   ] GC(119)   Pre Evacuate Collection Set: 0.8ms
[2025-04-25T07:42:24.985+0000][5986.109s][info ][gc,phases   ] GC(119)   Merge Heap Roots: 0.8ms
[2025-04-25T07:42:24.985+0000][5986.109s][info ][gc,phases   ] GC(119)   Evacuate Collection Set: 85.3ms
[2025-04-25T07:42:24.985+0000][5986.109s][info ][gc,phases   ] GC(119)   Post Evacuate Collection Set: 8.5ms
[2025-04-25T07:42:24.985+0000][5986.109s][info ][gc,phases   ] GC(119)   Other: 0.7ms
[2025-04-25T07:42:24.985+0000][5986.109s][info ][gc,heap     ] GC(119) Eden regions: 197->0(197)
[2025-04-25T07:42:24.985+0000][5986.109s][info ][gc,heap     ] GC(119) Survivor regions: 5->5(26)
[2025-04-25T07:42:24.985+0000][5986.109s][info ][gc,heap     ] GC(119) Old regions: 205->205
[2025-04-25T07:42:24.985+0000][5986.109s][info ][gc,heap     ] GC(119) Archive regions: 2->2
[2025-04-25T07:42:24.985+0000][5986.109s][info ][gc,heap     ] GC(119) Humongous regions: 2->2
[2025-04-25T07:42:24.985+0000][5986.109s][info ][gc,metaspace] GC(119) Metaspace: 199374K(200896K)->199374K(200896K) NonClass: 175613K(176384K)->175613K(176384K) Class: 23761K(24512K)->23761K(24512K)
[2025-04-25T07:42:24.985+0000][5986.109s][info ][gc          ] GC(119) Pause Young (Normal) (G1 Evacuation Pause) 409M->212M(463M) 96.367ms
[2025-04-25T07:42:24.985+0000][5986.109s][info ][gc,cpu      ] GC(119) User=0.13s Sys=0.00s Real=0.10s
[2025-04-25T07:42:24.986+0000][5986.110s][info ][safepoint   ] Safepoint "G1CollectForAllocation", Time since last: 26182498449 ns, Reaching safepoint: 285351 ns, Cleanup: 17034 ns, At safepoint: 97225747 ns, Total: 97528132 ns
[2025-04-25T07:43:12.748+0000][6033.873s][debug][safepoint   ] Safepoint synchronization initiated using futex wait barrier. (240 threads)
[2025-04-25T07:43:12.748+0000][6033.873s][info ][safepoint   ] Safepoint "Cleanup", Time since last: 47762474139 ns, Reaching safepoint: 91597 ns, Cleanup: 14420 ns, At safepoint: 7144 ns, Total: 113161 ns
[2025-04-25T07:43:13.748+0000][6034.873s][debug][safepoint   ] Safepoint synchronization initiated using futex wait barrier. (240 threads)
[2025-04-25T07:43:13.748+0000][6034.873s][info ][safepoint   ] Safepoint "Cleanup", Time since last: 1000124240 ns, Reaching safepoint: 62422 ns, Cleanup: 13359 ns, At safepoint: 5513 ns, Total: 81294 ns
[2025-04-25T07:43:20.751+0000][6041.876s][debug][safepoint   ] Safepoint synchronization initiated using futex wait barrier. (243 threads)
[2025-04-25T07:43:20.751+0000][6041.876s][info ][safepoint   ] Safepoint "Cleanup", Time since last: 7002650521 ns, Reaching safepoint: 275642 ns, Cleanup: 101877 ns, At safepoint: 32893 ns, Total: 410412 ns
[2025-04-25T07:43:24.752+0000][6045.876s][debug][safepoint   ] Safepoint synchronization initiated using futex wait barrier. (243 threads)
[2025-04-25T07:43:24.752+0000][6045.877s][info ][safepoint   ] Safepoint "Cleanup", Time since last: 4000486950 ns, Reaching safepoint: 95678 ns, Cleanup: 33953 ns, At safepoint: 22938 ns, Total: 152569 ns
[2025-04-25T07:43:25.962+0000][6047.086s][debug][safepoint   ] Safepoint synchronization initiated using futex wait barrier. (243 threads)
[2025-04-25T07:43:25.962+0000][6047.086s][info ][safepoint   ] Safepoint "Cleanup", Time since last: 1209802830 ns, Reaching safepoint: 84110 ns, Cleanup: 11921 ns, At safepoint: 13473 ns, Total: 109504 ns
[2025-04-25T07:43:26.962+0000][6048.087s][debug][safepoint   ] Safepoint synchronization initiated using futex wait barrier. (245 threads)
[2025-04-25T07:43:26.962+0000][6048.087s][info ][safepoint   ] Safepoint "Cleanup", Time since last: 1000136015 ns, Reaching safepoint: 73248 ns, Cleanup: 57831 ns, At safepoint: 8304 ns, Total: 139383 ns
[2025-04-25T07:43:29.963+0000][6051.087s][debug][safepoint   ] Safepoint synchronization initiated using futex wait barrier. (245 threads)
[2025-04-25T07:43:29.963+0000][6051.087s][info ][safepoint   ] Safepoint "Cleanup", Time since last: 3000380807 ns, Reaching safepoint: 194066 ns, Cleanup: 28598 ns, At safepoint: 9792 ns, Total: 232456 ns
[2025-04-25T07:43:42.786+0000][6063.910s][debug][safepoint   ] Safepoint synchronization initiated using futex wait barrier. (245 threads)
[2025-04-25T07:43:42.786+0000][6063.910s][info ][safepoint   ] Safepoint "Cleanup", Time since last: 12822644367 ns, Reaching safepoint: 44298 ns, Cleanup: 9925 ns, At safepoint: 4840 ns, Total: 59063 ns
[2025-04-25T07:43:44.786+0000][6065.910s][debug][safepoint   ] Safepoint synchronization initiated using futex wait barrier. (245 threads)
[2025-04-25T07:43:44.786+0000][6065.910s][info ][safepoint   ] Safepoint "Cleanup", Time since last: 2000116193 ns, Reaching safepoint: 103235 ns, Cleanup: 18911 ns, At safepoint: 17223 ns, Total: 139369 ns
[2025-04-25T07:43:46.786+0000][6067.911s][debug][safepoint   ] Safepoint synchronization initiated using futex wait barrier. (245 threads)
[2025-04-25T07:43:46.786+0000][6067.911s][info ][safepoint   ] Safepoint "Cleanup", Time since last: 2000180681 ns, Reaching safepoint: 89569 ns, Cleanup: 21985 ns, At safepoint: 7642 ns, Total: 119196 ns
[2025-04-25T07:43:51.787+0000][6072.911s][debug][safepoint   ] Safepoint synchronization initiated using futex wait barrier. (245 threads)
[2025-04-25T07:43:51.787+0000][6072.911s][info ][safepoint   ] Safepoint "Cleanup", Time since last: 5000447249 ns, Reaching safepoint: 129983 ns, Cleanup: 21331 ns, At safepoint: 11052 ns, Total: 162366 ns
[2025-04-25T07:43:52.787+0000][6073.911s][debug][safepoint   ] Safepoint synchronization initiated using futex wait barrier. (245 threads)
[2025-04-25T07:43:52.787+0000][6073.911s][info ][safepoint   ] Safepoint "Cleanup", Time since last: 1000117103 ns, Reaching safepoint: 92764 ns, Cleanup: 20723 ns, At safepoint: 5776 ns, Total: 119263 ns
[2025-04-25T07:43:57.788+0000][6078.912s][debug][safepoint   ] Safepoint synchronization initiated using futex wait barrier. (245 threads)
[2025-04-25T07:43:57.788+0000][6078.912s][info ][safepoint   ] Safepoint "Cleanup", Time since last: 5000653206 ns, Reaching safepoint: 94505 ns, Cleanup: 11913 ns, At safepoint: 5969 ns, Total: 112387 ns
[2025-04-25T07:43:58.788+0000][6079.912s][debug][safepoint   ] Safepoint synchronization initiated using futex wait barrier. (245 threads)
[2025-04-25T07:43:58.788+0000][6079.913s][info ][safepoint   ] Safepoint "Cleanup", Time since last: 1000250169 ns, Reaching safepoint: 248799 ns, Cleanup: 42036 ns, At safepoint: 29717 ns, Total: 320552 ns
[2025-04-25T07:44:01.789+0000][6082.913s][debug][safepoint   ] Safepoint synchronization initiated using futex wait barrier. (245 threads)
[2025-04-25T07:44:01.789+0000][6082.914s][info ][safepoint   ] Safepoint "Cleanup", Time since last: 3000530015 ns, Reaching safepoint: 206349 ns, Cleanup: 42548 ns, At safepoint: 25457 ns, Total: 274354 ns
[2025-04-25T07:44:05.790+0000][6086.914s][debug][safepoint   ] Safepoint synchronization initiated using futex wait barrier. (245 threads)
[2025-04-25T07:44:05.790+0000][6086.915s][info ][safepoint   ] Safepoint "Cleanup", Time since last: 4000666698 ns, Reaching safepoint: 230607 ns, Cleanup: 59474 ns, At safepoint: 33005 ns, Total: 323086 ns
[2025-04-25T07:44:31.725+0000][6112.850s][debug][safepoint   ] Safepoint synchronization initiated using futex wait barrier. (244 threads)
[2025-04-25T07:44:31.725+0000][6112.850s][info ][gc,start    ] GC(120) Pause Young (Normal) (G1 Evacuation Pause)
[2025-04-25T07:44:31.725+0000][6112.850s][info ][gc,task     ] GC(120) Using 4 workers of 4 for evacuation
[2025-04-25T07:44:31.736+0000][6112.861s][info ][gc,phases   ] GC(120)   Pre Evacuate Collection Set: 0.2ms
[2025-04-25T07:44:31.736+0000][6112.861s][info ][gc,phases   ] GC(120)   Merge Heap Roots: 0.1ms
[2025-04-25T07:44:31.736+0000][6112.861s][info ][gc,phases   ] GC(120)   Evacuate Collection Set: 8.3ms
[2025-04-25T07:44:31.736+0000][6112.861s][info ][gc,phases   ] GC(120)   Post Evacuate Collection Set: 2.1ms
[2025-04-25T07:44:31.736+0000][6112.861s][info ][gc,phases   ] GC(120)   Other: 0.2ms
[2025-04-25T07:44:31.736+0000][6112.861s][info ][gc,heap     ] GC(120) Eden regions: 197->0(197)
[2025-04-25T07:44:31.736+0000][6112.861s][info ][gc,heap     ] GC(120) Survivor regions: 5->5(26)
[2025-04-25T07:44:31.736+0000][6112.861s][info ][gc,heap     ] GC(120) Old regions: 205->205
[2025-04-25T07:44:31.736+0000][6112.861s][info ][gc,heap     ] GC(120) Archive regions: 2->2
[2025-04-25T07:44:31.736+0000][6112.861s][info ][gc,heap     ] GC(120) Humongous regions: 2->2
[2025-04-25T07:44:31.736+0000][6112.861s][info ][gc,metaspace] GC(120) Metaspace: 199479K(201024K)->199479K(201024K) NonClass: 175708K(176512K)->175708K(176512K) Class: 23771K(24512K)->23771K(24512K)
[2025-04-25T07:44:31.736+0000][6112.861s][info ][gc          ] GC(120) Pause Young (Normal) (G1 Evacuation Pause) 409M->212M(463M) 10.986ms
[2025-04-25T07:44:31.736+0000][6112.861s][info ][gc,cpu      ] GC(120) User=0.03s Sys=0.00s Real=0.01s
[2025-04-25T07:44:31.736+0000][6112.861s][info ][safepoint   ] Safepoint "G1CollectForAllocation", Time since last: 25934993009 ns, Reaching safepoint: 58161 ns, Cleanup: 4015 ns, At safepoint: 11229940 ns, Total: 11292116 ns
[2025-04-25T07:45:34.825+0000][6175.949s][debug][safepoint   ] Safepoint synchronization initiated using futex wait barrier. (242 threads)
[2025-04-25T07:45:34.826+0000][6175.950s][info ][safepoint   ] Safepoint "Cleanup", Time since last: 63088598177 ns, Reaching safepoint: 830492 ns, Cleanup: 43533 ns, At safepoint: 29934 ns, Total: 903959 ns
[2025-04-25T12:29:56.059+0000][6248.081s][debug][safepoint   ] Safepoint synchronization initiated using futex wait barrier. (232 threads)
[2025-04-25T12:29:56.059+0000][6248.082s][info ][safepoint   ] Safepoint "Cleanup", Time since last: 72131036566 ns, Reaching safepoint: 186573 ns, Cleanup: 27922 ns, At safepoint: 19878 ns, Total: 234373 ns
[2025-04-25T12:29:57.072+0000][6249.095s][debug][safepoint   ] Safepoint synchronization initiated using futex wait barrier. (232 threads)
[2025-04-25T12:29:57.072+0000][6249.095s][info ][gc,start    ] GC(121) Pause Young (Normal) (G1 Evacuation Pause)
[2025-04-25T12:29:57.072+0000][6249.095s][info ][gc,task     ] GC(121) Using 4 workers of 4 for evacuation
[2025-04-25T12:29:57.091+0000][6249.114s][info ][gc,phases   ] GC(121)   Pre Evacuate Collection Set: 0.7ms
[2025-04-25T12:29:57.091+0000][6249.114s][info ][gc,phases   ] GC(121)   Merge Heap Roots: 0.5ms
[2025-04-25T12:29:57.091+0000][6249.114s][info ][gc,phases   ] GC(121)   Evacuate Collection Set: 15.2ms
[2025-04-25T12:29:57.091+0000][6249.114s][info ][gc,phases   ] GC(121)   Post Evacuate Collection Set: 1.9ms
[2025-04-25T12:29:57.091+0000][6249.114s][info ][gc,phases   ] GC(121)   Other: 0.3ms
[2025-04-25T12:29:57.091+0000][6249.114s][info ][gc,heap     ] GC(121) Eden regions: 197->0(199)
[2025-04-25T12:29:57.091+0000][6249.114s][info ][gc,heap     ] GC(121) Survivor regions: 5->3(26)
[2025-04-25T12:29:57.091+0000][6249.114s][info ][gc,heap     ] GC(121) Old regions: 205->207
[2025-04-25T12:29:57.091+0000][6249.114s][info ][gc,heap     ] GC(121) Archive regions: 2->2
[2025-04-25T12:29:57.091+0000][6249.114s][info ][gc,heap     ] GC(121) Humongous regions: 2->2
[2025-04-25T12:29:57.091+0000][6249.114s][info ][gc,metaspace] GC(121) Metaspace: 199490K(201024K)->199490K(201024K) NonClass: 175718K(176512K)->175718K(176512K) Class: 23772K(24512K)->23772K(24512K)
[2025-04-25T12:29:57.091+0000][6249.114s][info ][gc          ] GC(121) Pause Young (Normal) (G1 Evacuation Pause) 409M->212M(463M) 18.907ms
[2025-04-25T12:29:57.091+0000][6249.114s][info ][gc,cpu      ] GC(121) User=0.04s Sys=0.00s Real=0.02s
[2025-04-25T12:29:57.092+0000][6249.114s][info ][safepoint   ] Safepoint "G1CollectForAllocation", Time since last: 1013173775 ns, Reaching safepoint: 258946 ns, Cleanup: 11427 ns, At safepoint: 19334703 ns, Total: 19605076 ns
[2025-04-25T12:29:58.092+0000][6250.115s][debug][safepoint   ] Safepoint synchronization initiated using futex wait barrier. (233 threads)
[2025-04-25T12:29:58.092+0000][6250.115s][info ][safepoint   ] Safepoint "Cleanup", Time since last: 1000138018 ns, Reaching safepoint: 120297 ns, Cleanup: 63150 ns, At safepoint: 11291 ns, Total: 194738 ns
[2025-04-25T12:29:59.092+0000][6251.115s][debug][safepoint   ] Safepoint synchronization initiated using futex wait barrier. (233 threads)
[2025-04-25T12:29:59.092+0000][6251.115s][info ][safepoint   ] Safepoint "Cleanup", Time since last: 1000147936 ns, Reaching safepoint: 126293 ns, Cleanup: 16042 ns, At safepoint: 6065 ns, Total: 148400 ns
[2025-04-25T12:30:01.093+0000][6253.116s][debug][safepoint   ] Safepoint synchronization initiated using futex wait barrier. (233 threads)
[2025-04-25T12:30:01.094+0000][6253.117s][info ][safepoint   ] Safepoint "Cleanup", Time since last: 2001224354 ns, Reaching safepoint: 203547 ns, Cleanup: 39329 ns, At safepoint: 25672 ns, Total: 268548 ns
[2025-04-25T12:30:08.094+0000][6260.117s][debug][safepoint   ] Safepoint synchronization initiated using futex wait barrier. (232 threads)
[2025-04-25T12:30:08.095+0000][6260.117s][info ][safepoint   ] Safepoint "Cleanup", Time since last: 7000781350 ns, Reaching safepoint: 74928 ns, Cleanup: 46027 ns, At safepoint: 11392 ns, Total: 132347 ns
[2025-04-25T12:30:18.096+0000][6270.119s][debug][safepoint   ] Safepoint synchronization initiated using futex wait barrier. (233 threads)
[2025-04-25T12:30:18.096+0000][6270.119s][info ][safepoint   ] Safepoint "Cleanup", Time since last: 10001047584 ns, Reaching safepoint: 104940 ns, Cleanup: 27144 ns, At safepoint: 4243 ns, Total: 136327 ns
[2025-04-25T12:30:26.097+0000][6278.120s][debug][safepoint   ] Safepoint synchronization initiated using futex wait barrier. (233 threads)
[2025-04-25T12:30:26.097+0000][6278.120s][info ][safepoint   ] Safepoint "Cleanup", Time since last: 8000865001 ns, Reaching safepoint: 245897 ns, Cleanup: 40072 ns, At safepoint: 20827 ns, Total: 306796 ns
[2025-04-25T12:30:35.098+0000][6287.121s][debug][safepoint   ] Safepoint synchronization initiated using futex wait barrier. (233 threads)
[2025-04-25T12:30:35.099+0000][6287.122s][info ][safepoint   ] Safepoint "Cleanup", Time since last: 9001454086 ns, Reaching safepoint: 251093 ns, Cleanup: 45019 ns, At safepoint: 28560 ns, Total: 324672 ns
[2025-04-25T12:30:36.099+0000][6288.122s][debug][safepoint   ] Safepoint synchronization initiated using futex wait barrier. (233 threads)
[2025-04-25T12:30:36.099+0000][6288.122s][info ][safepoint   ] Safepoint "Cleanup", Time since last: 1000158860 ns, Reaching safepoint: 224813 ns, Cleanup: 44165 ns, At safepoint: 29714 ns, Total: 298692 ns
[2025-04-25T12:30:37.099+0000][6289.122s][debug][safepoint   ] Safepoint synchronization initiated using futex wait barrier. (233 threads)
[2025-04-25T12:30:37.100+0000][6289.123s][info ][safepoint   ] Safepoint "Cleanup", Time since last: 1000180510 ns, Reaching safepoint: 254491 ns, Cleanup: 56836 ns, At safepoint: 44515 ns, Total: 355842 ns
