[2025-04-24T19:53:56.613+0000][0.018s][info][gc] Using G1
[2025-04-24T19:53:56.623+0000][0.028s][info][gc,init] Version: 17.0.14+7-Debian-1deb12u1 (release)
[2025-04-24T19:53:56.623+0000][0.028s][info][gc,init] CPUs: 4 total, 4 available
[2025-04-24T19:53:56.623+0000][0.028s][info][gc,init] Memory: 7823M
[2025-04-24T19:53:56.623+0000][0.028s][info][gc,init] Large Page Support: Disabled
[2025-04-24T19:53:56.623+0000][0.028s][info][gc,init] NUMA Support: Disabled
[2025-04-24T19:53:56.623+0000][0.028s][info][gc,init] Compressed Oops: Enabled (32-bit)
[2025-04-24T19:53:56.623+0000][0.028s][info][gc,init] Heap Region Size: 1M
[2025-04-24T19:53:56.623+0000][0.028s][info][gc,init] Heap Min Capacity: 8M
[2025-04-24T19:53:56.623+0000][0.028s][info][gc,init] Heap Initial Capacity: 124M
[2025-04-24T19:53:56.623+0000][0.028s][info][gc,init] Heap Max Capacity: 1956M
[2025-04-24T19:53:56.623+0000][0.028s][info][gc,init] Pre-touch: Disabled
[2025-04-24T19:53:56.623+0000][0.028s][info][gc,init] Parallel Workers: 4
[2025-04-24T19:53:56.623+0000][0.028s][info][gc,init] Concurrent Workers: 1
[2025-04-24T19:53:56.623+0000][0.028s][info][gc,init] Concurrent Refinement Workers: 4
[2025-04-24T19:53:56.623+0000][0.028s][info][gc,init] Periodic GC: Disabled
[2025-04-24T19:53:56.674+0000][0.080s][info][gc,metaspace] CDS archive(s) mapped at: [0x0000762507000000-0x0000762507bc9000-0x0000762507bc9000), size 12357632, SharedBaseAddress: 0x0000762507000000, ArchiveRelocationMode: 1.
[2025-04-24T19:53:56.675+0000][0.080s][info][gc,metaspace] Compressed class space mapped at: 0x0000762508000000-0x0000762548000000, reserved size: 1073741824
[2025-04-24T19:53:56.675+0000][0.080s][info][gc,metaspace] Narrow klass base: 0x0000762507000000, Narrow klass shift: 0, Narrow klass range: 0x100000000
[2025-04-24T19:53:56.699+0000][0.104s][info][cds,heap    ] initialize_from_archived_subgraph java.lang.Module$ArchivedData 0x0000762507183798 (early)
[2025-04-24T19:53:56.699+0000][0.104s][info][cds,heap    ] initialize_from_archived_subgraph java.util.ImmutableCollections 0x0000762507072308 (early)
[2025-04-24T19:53:56.705+0000][0.111s][info][cds,heap    ] initialize_from_archived_subgraph java.lang.Integer$IntegerCache 0x0000762507037660 (early)
[2025-04-24T19:53:56.722+0000][0.127s][info][cds,heap    ] initialize_from_archived_subgraph java.lang.module.Configuration 0x0000762507171718 (early)
[2025-04-24T19:53:56.722+0000][0.127s][info][cds,heap    ] initialize_from_archived_subgraph java.lang.ModuleLayer 0x0000762507145b50 (early)
[2025-04-24T19:53:56.726+0000][0.131s][info][cds,heap    ] initialize_from_archived_subgraph jdk.internal.loader.ArchivedClassLoaders 0x00007625071a7e00 (early)
[2025-04-24T19:53:56.726+0000][0.131s][info][cds,heap    ] initialize_from_archived_subgraph jdk.internal.module.ArchivedBootLayer 0x0000762507178358 (early)
[2025-04-24T19:53:56.736+0000][0.142s][info][cds,heap    ] initialize_from_archived_subgraph sun.util.locale.BaseLocale 0x000076250726eb88
[2025-04-24T19:53:56.786+0000][0.191s][info][cds,heap    ] initialize_from_archived_subgraph java.util.jar.Attributes$Name 0x0000762507199878
[2025-04-24T19:53:56.873+0000][0.278s][info][cds,heap    ] initialize_from_archived_subgraph java.lang.Long$LongCache 0x0000762507020f98
[2025-04-24T19:53:57.172+0000][0.578s][info][cds,heap    ] initialize_from_archived_subgraph java.lang.Character$CharacterCache 0x000076250703a9e8
[2025-04-24T19:53:57.990+0000][1.395s][debug][safepoint   ] Safepoint synchronization initiated using futex wait barrier. (13 threads)
[2025-04-24T19:53:57.990+0000][1.395s][info ][gc,start    ] GC(0) Pause Young (Normal) (G1 Evacuation Pause)
[2025-04-24T19:53:57.990+0000][1.395s][info ][gc,task     ] GC(0) Using 3 workers of 4 for evacuation
[2025-04-24T19:53:58.000+0000][1.405s][info ][gc,phases   ] GC(0)   Pre Evacuate Collection Set: 0.1ms
[2025-04-24T19:53:58.000+0000][1.405s][info ][gc,phases   ] GC(0)   Merge Heap Roots: 0.1ms
[2025-04-24T19:53:58.000+0000][1.405s][info ][gc,phases   ] GC(0)   Evacuate Collection Set: 8.9ms
[2025-04-24T19:53:58.000+0000][1.405s][info ][gc,phases   ] GC(0)   Post Evacuate Collection Set: 0.7ms
[2025-04-24T19:53:58.000+0000][1.405s][info ][gc,phases   ] GC(0)   Other: 0.4ms
[2025-04-24T19:53:58.000+0000][1.405s][info ][gc,heap     ] GC(0) Eden regions: 37->0(48)
[2025-04-24T19:53:58.000+0000][1.405s][info ][gc,heap     ] GC(0) Survivor regions: 0->5(5)
[2025-04-24T19:53:58.000+0000][1.405s][info ][gc,heap     ] GC(0) Old regions: 0->2
[2025-04-24T19:53:58.000+0000][1.405s][info ][gc,heap     ] GC(0) Archive regions: 2->2
[2025-04-24T19:53:58.000+0000][1.405s][info ][gc,heap     ] GC(0) Humongous regions: 0->0
[2025-04-24T19:53:58.000+0000][1.405s][info ][gc,metaspace] GC(0) Metaspace: 2068K(2304K)->2068K(2304K) NonClass: 1862K(1984K)->1862K(1984K) Class: 205K(320K)->205K(320K)
[2025-04-24T19:53:58.000+0000][1.405s][info ][gc          ] GC(0) Pause Young (Normal) (G1 Evacuation Pause) 37M->7M(126M) 10.316ms
[2025-04-24T19:53:58.000+0000][1.405s][info ][gc,cpu      ] GC(0) User=0.02s Sys=0.00s Real=0.01s
[2025-04-24T19:53:58.000+0000][1.405s][info ][safepoint   ] Safepoint "G1CollectForAllocation", Time since last: 1292213900 ns, Reaching safepoint: 37858 ns, Cleanup: 92773 ns, At safepoint: 10418924 ns, Total: 10549555 ns
[2025-04-24T19:53:59.114+0000][2.519s][debug][safepoint   ] Safepoint synchronization initiated using futex wait barrier. (13 threads)
[2025-04-24T19:53:59.114+0000][2.520s][info ][safepoint   ] Safepoint "Cleanup", Time since last: 1114046187 ns, Reaching safepoint: 54178 ns, Cleanup: 54612 ns, At safepoint: 2903 ns, Total: 111693 ns
[2025-04-24T19:54:00.122+0000][3.527s][debug][safepoint   ] Safepoint synchronization initiated using futex wait barrier. (13 threads)
[2025-04-24T19:54:00.126+0000][3.531s][info ][safepoint   ] Safepoint "Cleanup", Time since last: 1007562383 ns, Reaching safepoint: 3554778 ns, Cleanup: 36447 ns, At safepoint: 12019 ns, Total: 3603244 ns
[2025-04-24T19:54:00.140+0000][3.545s][debug][safepoint   ] Safepoint synchronization initiated using futex wait barrier. (13 threads)
[2025-04-24T19:54:00.140+0000][3.545s][info ][gc,start    ] GC(1) Pause Young (Normal) (G1 Evacuation Pause)
[2025-04-24T19:54:00.140+0000][3.545s][info ][gc,task     ] GC(1) Using 3 workers of 4 for evacuation
[2025-04-24T19:54:00.166+0000][3.571s][info ][gc,phases   ] GC(1)   Pre Evacuate Collection Set: 0.1ms
[2025-04-24T19:54:00.166+0000][3.571s][info ][gc,phases   ] GC(1)   Merge Heap Roots: 0.0ms
[2025-04-24T19:54:00.166+0000][3.571s][info ][gc,phases   ] GC(1)   Evacuate Collection Set: 24.1ms
[2025-04-24T19:54:00.166+0000][3.571s][info ][gc,phases   ] GC(1)   Post Evacuate Collection Set: 1.1ms
[2025-04-24T19:54:00.166+0000][3.571s][info ][gc,phases   ] GC(1)   Other: 0.1ms
[2025-04-24T19:54:00.166+0000][3.571s][info ][gc,heap     ] GC(1) Eden regions: 48->0(61)
[2025-04-24T19:54:00.166+0000][3.571s][info ][gc,heap     ] GC(1) Survivor regions: 5->4(7)
[2025-04-24T19:54:00.166+0000][3.571s][info ][gc,heap     ] GC(1) Old regions: 2->7
[2025-04-24T19:54:00.166+0000][3.571s][info ][gc,heap     ] GC(1) Archive regions: 2->2
[2025-04-24T19:54:00.166+0000][3.571s][info ][gc,heap     ] GC(1) Humongous regions: 0->0
[2025-04-24T19:54:00.166+0000][3.571s][info ][gc,metaspace] GC(1) Metaspace: 4088K(4352K)->4088K(4352K) NonClass: 3657K(3776K)->3657K(3776K) Class: 430K(576K)->430K(576K)
[2025-04-24T19:54:00.166+0000][3.571s][info ][gc          ] GC(1) Pause Young (Normal) (G1 Evacuation Pause) 55M->10M(126M) 25.836ms
[2025-04-24T19:54:00.166+0000][3.571s][info ][gc,cpu      ] GC(1) User=0.03s Sys=0.01s Real=0.02s
[2025-04-24T19:54:00.167+0000][3.573s][info ][safepoint   ] Safepoint "G1CollectForAllocation", Time since last: 14523824 ns, Reaching safepoint: 66636 ns, Cleanup: 4393 ns, At safepoint: 27360241 ns, Total: 27431270 ns
[2025-04-24T19:54:01.174+0000][4.579s][debug][safepoint   ] Safepoint synchronization initiated using futex wait barrier. (14 threads)
[2025-04-24T19:54:01.175+0000][4.580s][info ][safepoint   ] Safepoint "Cleanup", Time since last: 1006292106 ns, Reaching safepoint: 968800 ns, Cleanup: 181560 ns, At safepoint: 15644 ns, Total: 1166004 ns
[2025-04-24T19:54:01.460+0000][4.865s][debug][safepoint   ] Safepoint synchronization initiated using futex wait barrier. (14 threads)
[2025-04-24T19:54:01.460+0000][4.865s][info ][gc,start    ] GC(2) Pause Young (Normal) (G1 Evacuation Pause)
[2025-04-24T19:54:01.460+0000][4.865s][info ][gc,task     ] GC(2) Using 3 workers of 4 for evacuation
[2025-04-24T19:54:01.480+0000][4.885s][info ][gc,phases   ] GC(2)   Pre Evacuate Collection Set: 0.1ms
[2025-04-24T19:54:01.480+0000][4.885s][info ][gc,phases   ] GC(2)   Merge Heap Roots: 0.1ms
[2025-04-24T19:54:01.480+0000][4.885s][info ][gc,phases   ] GC(2)   Evacuate Collection Set: 16.4ms
[2025-04-24T19:54:01.480+0000][4.885s][info ][gc,phases   ] GC(2)   Post Evacuate Collection Set: 3.0ms
[2025-04-24T19:54:01.480+0000][4.885s][info ][gc,phases   ] GC(2)   Other: 0.3ms
[2025-04-24T19:54:01.480+0000][4.886s][info ][gc,heap     ] GC(2) Eden regions: 61->0(69)
[2025-04-24T19:54:01.480+0000][4.886s][info ][gc,heap     ] GC(2) Survivor regions: 4->5(9)
[2025-04-24T19:54:01.480+0000][4.886s][info ][gc,heap     ] GC(2) Old regions: 7->7
[2025-04-24T19:54:01.481+0000][4.886s][info ][gc,heap     ] GC(2) Archive regions: 2->2
[2025-04-24T19:54:01.481+0000][4.886s][info ][gc,heap     ] GC(2) Humongous regions: 0->0
[2025-04-24T19:54:01.481+0000][4.886s][info ][gc,metaspace] GC(2) Metaspace: 6247K(6592K)->6247K(6592K) NonClass: 5469K(5632K)->5469K(5632K) Class: 777K(960K)->777K(960K)
[2025-04-24T19:54:01.481+0000][4.886s][info ][gc          ] GC(2) Pause Young (Normal) (G1 Evacuation Pause) 71M->11M(126M) 20.759ms
[2025-04-24T19:54:01.481+0000][4.886s][info ][gc,cpu      ] GC(2) User=0.04s Sys=0.00s Real=0.02s
[2025-04-24T19:54:01.481+0000][4.886s][info ][safepoint   ] Safepoint "G1CollectForAllocation", Time since last: 284963670 ns, Reaching safepoint: 176941 ns, Cleanup: 16726 ns, At safepoint: 20956979 ns, Total: 21150646 ns
[2025-04-24T19:54:02.761+0000][6.166s][debug][safepoint   ] Safepoint synchronization initiated using futex wait barrier. (14 threads)
[2025-04-24T19:54:02.766+0000][6.171s][info ][safepoint   ] Safepoint "Cleanup", Time since last: 1280096566 ns, Reaching safepoint: 521781 ns, Cleanup: 102278 ns, At safepoint: 3764297 ns, Total: 4388356 ns
[2025-04-24T19:54:02.887+0000][6.292s][debug][safepoint   ] Safepoint synchronization initiated using futex wait barrier. (14 threads)
[2025-04-24T19:54:02.887+0000][6.293s][info ][gc,start    ] GC(3) Pause Young (Normal) (G1 Evacuation Pause)
[2025-04-24T19:54:02.888+0000][6.293s][info ][gc,task     ] GC(3) Using 3 workers of 4 for evacuation
[2025-04-24T19:54:02.898+0000][6.303s][info ][gc,phases   ] GC(3)   Pre Evacuate Collection Set: 0.1ms
[2025-04-24T19:54:02.898+0000][6.303s][info ][gc,phases   ] GC(3)   Merge Heap Roots: 0.1ms
[2025-04-24T19:54:02.898+0000][6.303s][info ][gc,phases   ] GC(3)   Evacuate Collection Set: 8.9ms
[2025-04-24T19:54:02.898+0000][6.303s][info ][gc,phases   ] GC(3)   Post Evacuate Collection Set: 1.0ms
[2025-04-24T19:54:02.898+0000][6.303s][info ][gc,phases   ] GC(3)   Other: 0.3ms
[2025-04-24T19:54:02.898+0000][6.303s][info ][gc,heap     ] GC(3) Eden regions: 69->0(68)
[2025-04-24T19:54:02.898+0000][6.304s][info ][gc,heap     ] GC(3) Survivor regions: 5->6(10)
[2025-04-24T19:54:02.898+0000][6.304s][info ][gc,heap     ] GC(3) Old regions: 7->7
[2025-04-24T19:54:02.899+0000][6.304s][info ][gc,heap     ] GC(3) Archive regions: 2->2
[2025-04-24T19:54:02.899+0000][6.304s][info ][gc,heap     ] GC(3) Humongous regions: 0->0
[2025-04-24T19:54:02.899+0000][6.304s][info ][gc,metaspace] GC(3) Metaspace: 10101K(10432K)->10101K(10432K) NonClass: 8794K(8960K)->8794K(8960K) Class: 1306K(1472K)->1306K(1472K)
[2025-04-24T19:54:02.899+0000][6.304s][info ][gc          ] GC(3) Pause Young (Normal) (G1 Evacuation Pause) 80M->13M(126M) 11.331ms
[2025-04-24T19:54:02.899+0000][6.304s][info ][gc,cpu      ] GC(3) User=0.02s Sys=0.00s Real=0.02s
[2025-04-24T19:54:02.899+0000][6.304s][info ][safepoint   ] Safepoint "G1CollectForAllocation", Time since last: 121753423 ns, Reaching safepoint: 167152 ns, Cleanup: 19995 ns, At safepoint: 11530834 ns, Total: 11717981 ns
[2025-04-24T19:54:03.871+0000][7.276s][debug][safepoint   ] Safepoint synchronization initiated using futex wait barrier. (14 threads)
[2025-04-24T19:54:03.871+0000][7.276s][info ][safepoint   ] Safepoint "ICBufferFull", Time since last: 971928282 ns, Reaching safepoint: 57900 ns, Cleanup: 91529 ns, At safepoint: 3924 ns, Total: 153353 ns
[2025-04-24T19:54:03.918+0000][7.323s][debug][safepoint   ] ... found polling page loop exception at pc = 0x0000762570f65f0c, stub =0x000076257098e400
[2025-04-24T19:54:04.010+0000][7.416s][debug][safepoint   ] Safepoint synchronization initiated using futex wait barrier. (14 threads)
[2025-04-24T19:54:04.011+0000][7.416s][info ][gc,start    ] GC(4) Pause Young (Normal) (G1 Evacuation Pause)
[2025-04-24T19:54:04.011+0000][7.416s][info ][gc,task     ] GC(4) Using 3 workers of 4 for evacuation
[2025-04-24T19:54:04.021+0000][7.426s][info ][gc,phases   ] GC(4)   Pre Evacuate Collection Set: 0.2ms
[2025-04-24T19:54:04.021+0000][7.426s][info ][gc,phases   ] GC(4)   Merge Heap Roots: 0.0ms
[2025-04-24T19:54:04.021+0000][7.426s][info ][gc,phases   ] GC(4)   Evacuate Collection Set: 8.9ms
[2025-04-24T19:54:04.021+0000][7.426s][info ][gc,phases   ] GC(4)   Post Evacuate Collection Set: 1.2ms
[2025-04-24T19:54:04.021+0000][7.426s][info ][gc,phases   ] GC(4)   Other: 0.1ms
[2025-04-24T19:54:04.021+0000][7.426s][info ][gc,heap     ] GC(4) Eden regions: 68->0(69)
[2025-04-24T19:54:04.021+0000][7.426s][info ][gc,heap     ] GC(4) Survivor regions: 6->5(10)
[2025-04-24T19:54:04.021+0000][7.426s][info ][gc,heap     ] GC(4) Old regions: 7->10
[2025-04-24T19:54:04.021+0000][7.426s][info ][gc,heap     ] GC(4) Archive regions: 2->2
[2025-04-24T19:54:04.021+0000][7.426s][info ][gc,heap     ] GC(4) Humongous regions: 0->0
[2025-04-24T19:54:04.021+0000][7.426s][info ][gc,metaspace] GC(4) Metaspace: 11890K(12224K)->11890K(12224K) NonClass: 10348K(10560K)->10348K(10560K) Class: 1541K(1664K)->1541K(1664K)
[2025-04-24T19:54:04.021+0000][7.426s][info ][gc          ] GC(4) Pause Young (Normal) (G1 Evacuation Pause) 81M->14M(126M) 10.524ms
[2025-04-24T19:54:04.021+0000][7.426s][info ][gc,cpu      ] GC(4) User=0.02s Sys=0.01s Real=0.01s
[2025-04-24T19:54:04.025+0000][7.430s][info ][safepoint   ] Safepoint "G1CollectForAllocation", Time since last: 139406688 ns, Reaching safepoint: 51047 ns, Cleanup: 76274 ns, At safepoint: 14281636 ns, Total: 14408957 ns
[2025-04-24T19:54:04.872+0000][8.277s][debug][safepoint   ] Safepoint synchronization initiated using futex wait barrier. (14 threads)
[2025-04-24T19:54:04.872+0000][8.277s][info ][gc,start    ] GC(5) Pause Young (Normal) (G1 Evacuation Pause)
[2025-04-24T19:54:04.872+0000][8.277s][info ][gc,task     ] GC(5) Using 4 workers of 4 for evacuation
[2025-04-24T19:54:04.882+0000][8.287s][info ][gc,phases   ] GC(5)   Pre Evacuate Collection Set: 0.1ms
[2025-04-24T19:54:04.882+0000][8.287s][info ][gc,phases   ] GC(5)   Merge Heap Roots: 0.1ms
[2025-04-24T19:54:04.882+0000][8.287s][info ][gc,phases   ] GC(5)   Evacuate Collection Set: 8.6ms
[2025-04-24T19:54:04.882+0000][8.287s][info ][gc,phases   ] GC(5)   Post Evacuate Collection Set: 0.8ms
[2025-04-24T19:54:04.882+0000][8.287s][info ][gc,phases   ] GC(5)   Other: 0.1ms
[2025-04-24T19:54:04.882+0000][8.287s][info ][gc,heap     ] GC(5) Eden regions: 69->0(68)
[2025-04-24T19:54:04.882+0000][8.287s][info ][gc,heap     ] GC(5) Survivor regions: 5->6(10)
[2025-04-24T19:54:04.882+0000][8.287s][info ][gc,heap     ] GC(5) Old regions: 10->10
[2025-04-24T19:54:04.882+0000][8.287s][info ][gc,heap     ] GC(5) Archive regions: 2->2
[2025-04-24T19:54:04.882+0000][8.287s][info ][gc,heap     ] GC(5) Humongous regions: 0->0
[2025-04-24T19:54:04.882+0000][8.287s][info ][gc,metaspace] GC(5) Metaspace: 14585K(14912K)->14585K(14912K) NonClass: 12687K(12864K)->12687K(12864K) Class: 1898K(2048K)->1898K(2048K)
[2025-04-24T19:54:04.882+0000][8.287s][info ][gc          ] GC(5) Pause Young (Normal) (G1 Evacuation Pause) 83M->15M(126M) 9.824ms
[2025-04-24T19:54:04.882+0000][8.287s][info ][gc,cpu      ] GC(5) User=0.02s Sys=0.00s Real=0.01s
[2025-04-24T19:54:04.882+0000][8.287s][info ][safepoint   ] Safepoint "G1CollectForAllocation", Time since last: 846962407 ns, Reaching safepoint: 258954 ns, Cleanup: 66590 ns, At safepoint: 9895001 ns, Total: 10220545 ns
[2025-04-24T19:54:05.200+0000][8.605s][info ][cds,heap    ] initialize_from_archived_subgraph java.lang.Byte$ByteCache 0x000076250703abf8
[2025-04-24T19:54:05.201+0000][8.606s][info ][cds,heap    ] initialize_from_archived_subgraph java.lang.Short$ShortCache 0x00007625070412e8
[2025-04-24T19:54:05.394+0000][8.799s][debug][safepoint   ] Safepoint synchronization initiated using futex wait barrier. (14 threads)
[2025-04-24T19:54:05.394+0000][8.799s][info ][gc,start    ] GC(6) Pause Young (Normal) (G1 Evacuation Pause)
[2025-04-24T19:54:05.394+0000][8.799s][info ][gc,task     ] GC(6) Using 4 workers of 4 for evacuation
[2025-04-24T19:54:05.412+0000][8.817s][info ][gc,phases   ] GC(6)   Pre Evacuate Collection Set: 0.1ms
[2025-04-24T19:54:05.412+0000][8.818s][info ][gc,phases   ] GC(6)   Merge Heap Roots: 0.1ms
[2025-04-24T19:54:05.412+0000][8.818s][info ][gc,phases   ] GC(6)   Evacuate Collection Set: 16.5ms
[2025-04-24T19:54:05.413+0000][8.818s][info ][gc,phases   ] GC(6)   Post Evacuate Collection Set: 1.1ms
[2025-04-24T19:54:05.413+0000][8.818s][info ][gc,phases   ] GC(6)   Other: 0.3ms
[2025-04-24T19:54:05.413+0000][8.818s][info ][gc,heap     ] GC(6) Eden regions: 68->0(69)
[2025-04-24T19:54:05.413+0000][8.818s][info ][gc,heap     ] GC(6) Survivor regions: 6->5(10)
[2025-04-24T19:54:05.413+0000][8.818s][info ][gc,heap     ] GC(6) Old regions: 10->11
[2025-04-24T19:54:05.413+0000][8.818s][info ][gc,heap     ] GC(6) Archive regions: 2->2
[2025-04-24T19:54:05.413+0000][8.818s][info ][gc,heap     ] GC(6) Humongous regions: 0->0
[2025-04-24T19:54:05.413+0000][8.818s][info ][gc,metaspace] GC(6) Metaspace: 16570K(16896K)->16570K(16896K) NonClass: 14312K(14464K)->14312K(14464K) Class: 2257K(2432K)->2257K(2432K)
[2025-04-24T19:54:05.413+0000][8.818s][info ][gc          ] GC(6) Pause Young (Normal) (G1 Evacuation Pause) 83M->16M(126M) 19.026ms
[2025-04-24T19:54:05.413+0000][8.818s][info ][gc,cpu      ] GC(6) User=0.04s Sys=0.00s Real=0.02s
[2025-04-24T19:54:05.416+0000][8.821s][info ][safepoint   ] Safepoint "G1CollectForAllocation", Time since last: 511798891 ns, Reaching safepoint: 258894 ns, Cleanup: 66614 ns, At safepoint: 21607558 ns, Total: 21933066 ns
[2025-04-24T19:54:06.364+0000][9.769s][debug][safepoint   ] Safepoint synchronization initiated using futex wait barrier. (15 threads)
[2025-04-24T19:54:06.364+0000][9.770s][info ][gc,start    ] GC(7) Pause Young (Normal) (G1 Evacuation Pause)
[2025-04-24T19:54:06.364+0000][9.770s][info ][gc,task     ] GC(7) Using 4 workers of 4 for evacuation
[2025-04-24T19:54:06.398+0000][9.804s][info ][gc,phases   ] GC(7)   Pre Evacuate Collection Set: 0.1ms
[2025-04-24T19:54:06.399+0000][9.804s][info ][gc,phases   ] GC(7)   Merge Heap Roots: 0.1ms
[2025-04-24T19:54:06.399+0000][9.804s][info ][gc,phases   ] GC(7)   Evacuate Collection Set: 30.9ms
[2025-04-24T19:54:06.399+0000][9.804s][info ][gc,phases   ] GC(7)   Post Evacuate Collection Set: 2.7ms
[2025-04-24T19:54:06.399+0000][9.804s][info ][gc,phases   ] GC(7)   Other: 0.1ms
[2025-04-24T19:54:06.399+0000][9.804s][info ][gc,heap     ] GC(7) Eden regions: 69->0(83)
[2025-04-24T19:54:06.399+0000][9.804s][info ][gc,heap     ] GC(7) Survivor regions: 5->8(10)
[2025-04-24T19:54:06.399+0000][9.804s][info ][gc,heap     ] GC(7) Old regions: 11->11
[2025-04-24T19:54:06.399+0000][9.804s][info ][gc,heap     ] GC(7) Archive regions: 2->2
[2025-04-24T19:54:06.399+0000][9.804s][info ][gc,heap     ] GC(7) Humongous regions: 0->0
[2025-04-24T19:54:06.399+0000][9.804s][info ][gc,metaspace] GC(7) Metaspace: 18657K(18944K)->18657K(18944K) NonClass: 16157K(16320K)->16157K(16320K) Class: 2499K(2624K)->2499K(2624K)
[2025-04-24T19:54:06.399+0000][9.805s][info ][gc          ] GC(7) Pause Young (Normal) (G1 Evacuation Pause) 85M->19M(152M) 34.911ms
[2025-04-24T19:54:06.399+0000][9.805s][info ][gc,cpu      ] GC(7) User=0.05s Sys=0.00s Real=0.04s
[2025-04-24T19:54:06.399+0000][9.805s][info ][safepoint   ] Safepoint "G1CollectForAllocation", Time since last: 948120089 ns, Reaching safepoint: 435229 ns, Cleanup: 60831 ns, At safepoint: 35001716 ns, Total: 35497776 ns
[2025-04-24T19:54:06.902+0000][10.307s][debug][safepoint   ] Safepoint synchronization initiated using futex wait barrier. (15 threads)
[2025-04-24T19:54:06.904+0000][10.309s][info ][gc,start    ] GC(8) Pause Young (Concurrent Start) (Metadata GC Threshold)
[2025-04-24T19:54:06.905+0000][10.311s][info ][gc,task     ] GC(8) Using 4 workers of 4 for evacuation
[2025-04-24T19:54:06.940+0000][10.345s][info ][gc,phases   ] GC(8)   Pre Evacuate Collection Set: 0.4ms
[2025-04-24T19:54:06.940+0000][10.345s][info ][gc,phases   ] GC(8)   Merge Heap Roots: 0.2ms
[2025-04-24T19:54:06.940+0000][10.345s][info ][gc,phases   ] GC(8)   Evacuate Collection Set: 30.2ms
[2025-04-24T19:54:06.940+0000][10.345s][info ][gc,phases   ] GC(8)   Post Evacuate Collection Set: 3.2ms
[2025-04-24T19:54:06.940+0000][10.345s][info ][gc,phases   ] GC(8)   Other: 1.8ms
[2025-04-24T19:54:06.940+0000][10.345s][info ][gc,heap     ] GC(8) Eden regions: 49->0(83)
[2025-04-24T19:54:06.940+0000][10.345s][info ][gc,heap     ] GC(8) Survivor regions: 8->8(12)
[2025-04-24T19:54:06.940+0000][10.345s][info ][gc,heap     ] GC(8) Old regions: 11->14
[2025-04-24T19:54:06.940+0000][10.345s][info ][gc,heap     ] GC(8) Archive regions: 2->2
[2025-04-24T19:54:06.940+0000][10.345s][info ][gc,heap     ] GC(8) Humongous regions: 0->0
[2025-04-24T19:54:06.940+0000][10.345s][info ][gc,metaspace] GC(8) Metaspace: 21181K(21504K)->21181K(21504K) NonClass: 18415K(18560K)->18415K(18560K) Class: 2765K(2944K)->2765K(2944K)
[2025-04-24T19:54:06.940+0000][10.345s][info ][gc          ] GC(8) Pause Young (Concurrent Start) (Metadata GC Threshold) 68M->21M(152M) 36.330ms
[2025-04-24T19:54:06.940+0000][10.345s][info ][gc,cpu      ] GC(8) User=0.04s Sys=0.00s Real=0.04s
[2025-04-24T19:54:06.941+0000][10.346s][info ][gc          ] GC(9) Concurrent Mark Cycle
[2025-04-24T19:54:06.941+0000][10.346s][info ][gc,marking  ] GC(9) Concurrent Clear Claimed Marks
[2025-04-24T19:54:06.941+0000][10.346s][info ][gc,marking  ] GC(9) Concurrent Clear Claimed Marks 0.027ms
[2025-04-24T19:54:06.941+0000][10.346s][info ][gc,marking  ] GC(9) Concurrent Scan Root Regions
[2025-04-24T19:54:06.941+0000][10.346s][info ][safepoint   ] Safepoint "CollectForMetadataAllocation", Time since last: 502652932 ns, Reaching safepoint: 1731495 ns, Cleanup: 65429 ns, At safepoint: 37353471 ns, Total: 39150395 ns
[2025-04-24T19:54:06.958+0000][10.363s][info ][gc,marking  ] GC(9) Concurrent Scan Root Regions 17.162ms
[2025-04-24T19:54:06.958+0000][10.364s][info ][gc,marking  ] GC(9) Concurrent Mark
[2025-04-24T19:54:06.959+0000][10.364s][info ][gc,marking  ] GC(9) Concurrent Mark From Roots
[2025-04-24T19:54:06.959+0000][10.364s][info ][gc,task     ] GC(9) Using 1 workers of 1 for marking
[2025-04-24T19:54:07.025+0000][10.430s][debug][safepoint   ] Safepoint synchronization initiated using futex wait barrier. (15 threads)
[2025-04-24T19:54:07.027+0000][10.432s][info ][safepoint   ] Safepoint "CollectForMetadataAllocation", Time since last: 83508549 ns, Reaching safepoint: 2319250 ns, Cleanup: 19548 ns, At safepoint: 48076 ns, Total: 2386874 ns
[2025-04-24T19:54:07.027+0000][10.433s][info ][gc,marking  ] GC(9) Concurrent Mark From Roots 68.715ms
[2025-04-24T19:54:07.027+0000][10.433s][info ][gc,marking  ] GC(9) Concurrent Preclean
[2025-04-24T19:54:07.028+0000][10.433s][debug][safepoint   ] Safepoint synchronization initiated using futex wait barrier. (15 threads)
[2025-04-24T19:54:07.029+0000][10.434s][debug][safepoint   ] ... found polling page loop exception at pc = 0x0000762569a672df, stub =0x000076257098e400
[2025-04-24T19:54:07.029+0000][10.434s][info ][safepoint   ] Safepoint "CollectForMetadataAllocation", Time since last: 503507 ns, Reaching safepoint: 1152965 ns, Cleanup: 4425 ns, At safepoint: 16593 ns, Total: 1173983 ns
[2025-04-24T19:54:07.029+0000][10.434s][info ][gc,marking  ] GC(9) Concurrent Preclean 1.705ms
[2025-04-24T19:54:07.032+0000][10.437s][debug][safepoint   ] Safepoint synchronization initiated using futex wait barrier. (15 threads)
[2025-04-24T19:54:07.035+0000][10.440s][info ][gc,start    ] GC(9) Pause Remark
[2025-04-24T19:54:07.041+0000][10.446s][info ][gc          ] GC(9) Pause Remark 26M->26M(97M) 6.315ms
[2025-04-24T19:54:07.041+0000][10.446s][info ][gc,cpu      ] GC(9) User=0.01s Sys=0.00s Real=0.01s
[2025-04-24T19:54:07.043+0000][10.448s][info ][safepoint   ] Safepoint "G1PauseRemark", Time since last: 2948425 ns, Reaching safepoint: 2970285 ns, Cleanup: 16041 ns, At safepoint: 8088966 ns, Total: 11075292 ns
[2025-04-24T19:54:07.043+0000][10.448s][info ][gc,marking  ] GC(9) Concurrent Mark 84.515ms
[2025-04-24T19:54:07.043+0000][10.448s][info ][gc,marking  ] GC(9) Concurrent Rebuild Remembered Sets
[2025-04-24T19:54:07.075+0000][10.480s][info ][gc,marking  ] GC(9) Concurrent Rebuild Remembered Sets 32.038ms
[2025-04-24T19:54:07.076+0000][10.481s][debug][safepoint   ] Safepoint synchronization initiated using futex wait barrier. (15 threads)
[2025-04-24T19:54:07.076+0000][10.481s][info ][gc,start    ] GC(9) Pause Cleanup
[2025-04-24T19:54:07.076+0000][10.481s][info ][gc          ] GC(9) Pause Cleanup 27M->27M(97M) 0.215ms
[2025-04-24T19:54:07.076+0000][10.481s][info ][gc,cpu      ] GC(9) User=0.00s Sys=0.00s Real=0.00s
[2025-04-24T19:54:07.076+0000][10.481s][info ][safepoint   ] Safepoint "G1PauseCleanup", Time since last: 32754673 ns, Reaching safepoint: 134403 ns, Cleanup: 3161 ns, At safepoint: 412474 ns, Total: 550038 ns
[2025-04-24T19:54:07.076+0000][10.481s][info ][gc,marking  ] GC(9) Concurrent Cleanup for Next Mark
[2025-04-24T19:54:07.077+0000][10.483s][info ][gc,marking  ] GC(9) Concurrent Cleanup for Next Mark 1.234ms
[2025-04-24T19:54:07.078+0000][10.483s][info ][gc          ] GC(9) Concurrent Mark Cycle 136.896ms
[2025-04-24T19:54:08.075+0000][11.480s][debug][safepoint   ] Safepoint synchronization initiated using futex wait barrier. (15 threads)
[2025-04-24T19:54:08.084+0000][11.489s][info ][gc,start    ] GC(10) Pause Young (Concurrent Start) (G1 Evacuation Pause)
[2025-04-24T19:54:08.084+0000][11.489s][info ][gc,task     ] GC(10) Using 4 workers of 4 for evacuation
[2025-04-24T19:54:08.133+0000][11.538s][info ][gc,phases   ] GC(10)   Pre Evacuate Collection Set: 0.1ms
[2025-04-24T19:54:08.133+0000][11.539s][info ][gc,phases   ] GC(10)   Merge Heap Roots: 1.1ms
[2025-04-24T19:54:08.133+0000][11.539s][info ][gc,phases   ] GC(10)   Evacuate Collection Set: 45.7ms
[2025-04-24T19:54:08.134+0000][11.539s][info ][gc,phases   ] GC(10)   Post Evacuate Collection Set: 2.3ms
[2025-04-24T19:54:08.134+0000][11.539s][info ][gc,phases   ] GC(10)   Other: 0.2ms
[2025-04-24T19:54:08.134+0000][11.539s][info ][gc,heap     ] GC(10) Eden regions: 50->0(52)
[2025-04-24T19:54:08.134+0000][11.539s][info ][gc,heap     ] GC(10) Survivor regions: 8->6(8)
[2025-04-24T19:54:08.134+0000][11.539s][info ][gc,heap     ] GC(10) Old regions: 14->19
[2025-04-24T19:54:08.134+0000][11.539s][info ][gc,heap     ] GC(10) Archive regions: 2->2
[2025-04-24T19:54:08.134+0000][11.539s][info ][gc,heap     ] GC(10) Humongous regions: 0->0
[2025-04-24T19:54:08.134+0000][11.539s][info ][gc,metaspace] GC(10) Metaspace: 23014K(23360K)->23014K(23360K) NonClass: 19986K(20160K)->19986K(20160K) Class: 3027K(3200K)->3027K(3200K)
[2025-04-24T19:54:08.134+0000][11.539s][info ][gc          ] GC(10) Pause Young (Concurrent Start) (G1 Evacuation Pause) 71M->24M(97M) 50.419ms
[2025-04-24T19:54:08.134+0000][11.539s][info ][gc,cpu      ] GC(10) User=0.04s Sys=0.01s Real=0.05s
[2025-04-24T19:54:08.135+0000][11.540s][info ][gc          ] GC(11) Concurrent Mark Cycle
[2025-04-24T19:54:08.136+0000][11.541s][info ][gc,marking  ] GC(11) Concurrent Clear Claimed Marks
[2025-04-24T19:54:08.136+0000][11.541s][info ][gc,marking  ] GC(11) Concurrent Clear Claimed Marks 0.042ms
[2025-04-24T19:54:08.136+0000][11.541s][info ][gc,marking  ] GC(11) Concurrent Scan Root Regions
[2025-04-24T19:54:08.148+0000][11.553s][info ][safepoint   ] Safepoint "G1CollectForAllocation", Time since last: 999009265 ns, Reaching safepoint: 8587640 ns, Cleanup: 61835 ns, At safepoint: 63970260 ns, Total: 72619735 ns
[2025-04-24T19:54:08.175+0000][11.580s][info ][gc,marking  ] GC(11) Concurrent Scan Root Regions 39.655ms
[2025-04-24T19:54:08.175+0000][11.581s][info ][gc,marking  ] GC(11) Concurrent Mark
[2025-04-24T19:54:08.180+0000][11.585s][info ][gc,marking  ] GC(11) Concurrent Mark From Roots
[2025-04-24T19:54:08.180+0000][11.585s][info ][gc,task     ] GC(11) Using 1 workers of 1 for marking
[2025-04-24T19:54:08.255+0000][11.660s][info ][gc,marking  ] GC(11) Concurrent Mark From Roots 75.125ms
[2025-04-24T19:54:08.255+0000][11.661s][info ][gc,marking  ] GC(11) Concurrent Preclean
[2025-04-24T19:54:08.256+0000][11.661s][info ][gc,marking  ] GC(11) Concurrent Preclean 0.390ms
[2025-04-24T19:54:08.263+0000][11.668s][debug][safepoint   ] Safepoint synchronization initiated using futex wait barrier. (15 threads)
[2025-04-24T19:54:08.263+0000][11.668s][info ][gc,start    ] GC(11) Pause Remark
[2025-04-24T19:54:08.280+0000][11.686s][info ][gc          ] GC(11) Pause Remark 29M->29M(97M) 17.425ms
[2025-04-24T19:54:08.281+0000][11.686s][info ][gc,cpu      ] GC(11) User=0.02s Sys=0.00s Real=0.02s
[2025-04-24T19:54:08.288+0000][11.693s][info ][safepoint   ] Safepoint "G1PauseRemark", Time since last: 114973846 ns, Reaching safepoint: 176348 ns, Cleanup: 14728 ns, At safepoint: 25257410 ns, Total: 25448486 ns
[2025-04-24T19:54:08.288+0000][11.694s][info ][gc,marking  ] GC(11) Concurrent Mark 113.002ms
[2025-04-24T19:54:08.289+0000][11.694s][info ][gc,marking  ] GC(11) Concurrent Rebuild Remembered Sets
[2025-04-24T19:54:08.332+0000][11.737s][info ][gc,marking  ] GC(11) Concurrent Rebuild Remembered Sets 42.952ms
[2025-04-24T19:54:08.333+0000][11.738s][debug][safepoint   ] Safepoint synchronization initiated using futex wait barrier. (15 threads)
[2025-04-24T19:54:08.334+0000][11.739s][info ][gc,start    ] GC(11) Pause Cleanup
[2025-04-24T19:54:08.334+0000][11.739s][info ][gc          ] GC(11) Pause Cleanup 30M->30M(97M) 0.301ms
[2025-04-24T19:54:08.334+0000][11.739s][info ][gc,cpu      ] GC(11) User=0.00s Sys=0.00s Real=0.00s
[2025-04-24T19:54:08.334+0000][11.739s][info ][safepoint   ] Safepoint "G1PauseCleanup", Time since last: 44560256 ns, Reaching safepoint: 859436 ns, Cleanup: 16556 ns, At safepoint: 550989 ns, Total: 1426981 ns
[2025-04-24T19:54:08.348+0000][11.753s][info ][gc,marking  ] GC(11) Concurrent Cleanup for Next Mark
[2025-04-24T19:54:08.357+0000][11.762s][info ][gc,marking  ] GC(11) Concurrent Cleanup for Next Mark 9.016ms
[2025-04-24T19:54:08.357+0000][11.762s][info ][gc          ] GC(11) Concurrent Mark Cycle 221.898ms
[2025-04-24T19:54:08.940+0000][12.345s][debug][safepoint   ] Safepoint synchronization initiated using futex wait barrier. (15 threads)
[2025-04-24T19:54:08.941+0000][12.346s][info ][gc,start    ] GC(12) Pause Young (Normal) (G1 Evacuation Pause)
[2025-04-24T19:54:08.942+0000][12.347s][info ][gc,task     ] GC(12) Using 4 workers of 4 for evacuation
[2025-04-24T19:54:08.986+0000][12.391s][info ][gc,phases   ] GC(12)   Pre Evacuate Collection Set: 1.7ms
[2025-04-24T19:54:08.986+0000][12.391s][info ][gc,phases   ] GC(12)   Merge Heap Roots: 0.3ms
[2025-04-24T19:54:08.986+0000][12.391s][info ][gc,phases   ] GC(12)   Evacuate Collection Set: 31.6ms
[2025-04-24T19:54:08.986+0000][12.391s][info ][gc,phases   ] GC(12)   Post Evacuate Collection Set: 10.4ms
[2025-04-24T19:54:08.986+0000][12.391s][info ][gc,phases   ] GC(12)   Other: 0.9ms
[2025-04-24T19:54:08.986+0000][12.391s][info ][gc,heap     ] GC(12) Eden regions: 52->0(48)
[2025-04-24T19:54:08.986+0000][12.391s][info ][gc,heap     ] GC(12) Survivor regions: 6->7(8)
[2025-04-24T19:54:08.986+0000][12.391s][info ][gc,heap     ] GC(12) Old regions: 19->22
[2025-04-24T19:54:08.986+0000][12.391s][info ][gc,heap     ] GC(12) Archive regions: 2->2
[2025-04-24T19:54:08.986+0000][12.391s][info ][gc,heap     ] GC(12) Humongous regions: 0->0
[2025-04-24T19:54:08.986+0000][12.391s][info ][gc,metaspace] GC(12) Metaspace: 23891K(24192K)->23891K(24192K) NonClass: 20768K(20928K)->20768K(20928K) Class: 3123K(3264K)->3123K(3264K)
[2025-04-24T19:54:08.986+0000][12.391s][info ][gc          ] GC(12) Pause Young (Normal) (G1 Evacuation Pause) 76M->27M(97M) 45.136ms
[2025-04-24T19:54:08.986+0000][12.391s][info ][gc,cpu      ] GC(12) User=0.06s Sys=0.00s Real=0.04s
[2025-04-24T19:54:08.986+0000][12.391s][info ][safepoint   ] Safepoint "G1CollectForAllocation", Time since last: 606101420 ns, Reaching safepoint: 686569 ns, Cleanup: 61416 ns, At safepoint: 45202967 ns, Total: 45950952 ns
[2025-04-24T19:54:09.294+0000][12.699s][debug][safepoint   ] Safepoint synchronization initiated using futex wait barrier. (14 threads)
[2025-04-24T19:54:09.294+0000][12.699s][info ][gc,start    ] GC(13) Pause Young (Normal) (G1 Evacuation Pause)
[2025-04-24T19:54:09.294+0000][12.699s][info ][gc,task     ] GC(13) Using 3 workers of 4 for evacuation
[2025-04-24T19:54:09.337+0000][12.742s][info ][gc,phases   ] GC(13)   Pre Evacuate Collection Set: 0.1ms
[2025-04-24T19:54:09.337+0000][12.742s][info ][gc,phases   ] GC(13)   Merge Heap Roots: 0.1ms
[2025-04-24T19:54:09.337+0000][12.742s][info ][gc,phases   ] GC(13)   Evacuate Collection Set: 39.7ms
[2025-04-24T19:54:09.337+0000][12.742s][info ][gc,phases   ] GC(13)   Post Evacuate Collection Set: 2.7ms
[2025-04-24T19:54:09.337+0000][12.742s][info ][gc,phases   ] GC(13)   Other: 0.1ms
[2025-04-24T19:54:09.337+0000][12.742s][info ][gc,heap     ] GC(13) Eden regions: 48->0(40)
[2025-04-24T19:54:09.337+0000][12.742s][info ][gc,heap     ] GC(13) Survivor regions: 7->7(7)
[2025-04-24T19:54:09.337+0000][12.742s][info ][gc,heap     ] GC(13) Old regions: 22->28
[2025-04-24T19:54:09.337+0000][12.742s][info ][gc,heap     ] GC(13) Archive regions: 2->2
[2025-04-24T19:54:09.337+0000][12.742s][info ][gc,heap     ] GC(13) Humongous regions: 0->0
[2025-04-24T19:54:09.337+0000][12.742s][info ][gc,metaspace] GC(13) Metaspace: 24424K(24832K)->24424K(24832K) NonClass: 21226K(21440K)->21226K(21440K) Class: 3198K(3392K)->3198K(3392K)
[2025-04-24T19:54:09.337+0000][12.742s][info ][gc          ] GC(13) Pause Young (Normal) (G1 Evacuation Pause) 75M->33M(97M) 42.834ms
[2025-04-24T19:54:09.337+0000][12.742s][info ][gc,cpu      ] GC(13) User=0.08s Sys=0.01s Real=0.04s
[2025-04-24T19:54:09.337+0000][12.742s][info ][safepoint   ] Safepoint "G1CollectForAllocation", Time since last: 305060097 ns, Reaching safepoint: 2524207 ns, Cleanup: 16371 ns, At safepoint: 42909852 ns, Total: 45450430 ns
[2025-04-24T19:54:09.567+0000][12.972s][debug][safepoint   ] Safepoint synchronization initiated using futex wait barrier. (14 threads)
[2025-04-24T19:54:09.567+0000][12.972s][info ][gc,start    ] GC(14) Pause Young (Normal) (G1 Evacuation Pause)
[2025-04-24T19:54:09.567+0000][12.972s][info ][gc,task     ] GC(14) Using 2 workers of 4 for evacuation
[2025-04-24T19:54:09.588+0000][12.993s][info ][gc,phases   ] GC(14)   Pre Evacuate Collection Set: 0.1ms
[2025-04-24T19:54:09.588+0000][12.993s][info ][gc,phases   ] GC(14)   Merge Heap Roots: 0.1ms
[2025-04-24T19:54:09.588+0000][12.993s][info ][gc,phases   ] GC(14)   Evacuate Collection Set: 18.8ms
[2025-04-24T19:54:09.588+0000][12.993s][info ][gc,phases   ] GC(14)   Post Evacuate Collection Set: 1.3ms
[2025-04-24T19:54:09.588+0000][12.993s][info ][gc,phases   ] GC(14)   Other: 0.3ms
[2025-04-24T19:54:09.588+0000][12.993s][info ][gc,heap     ] GC(14) Eden regions: 40->0(35)
[2025-04-24T19:54:09.588+0000][12.993s][info ][gc,heap     ] GC(14) Survivor regions: 7->6(6)
[2025-04-24T19:54:09.588+0000][12.993s][info ][gc,heap     ] GC(14) Old regions: 28->34
[2025-04-24T19:54:09.588+0000][12.993s][info ][gc,heap     ] GC(14) Archive regions: 2->2
[2025-04-24T19:54:09.588+0000][12.993s][info ][gc,heap     ] GC(14) Humongous regions: 0->0
[2025-04-24T19:54:09.588+0000][12.993s][info ][gc,metaspace] GC(14) Metaspace: 24498K(24896K)->24498K(24896K) NonClass: 21296K(21504K)->21296K(21504K) Class: 3202K(3392K)->3202K(3392K)
[2025-04-24T19:54:09.588+0000][12.993s][info ][gc          ] GC(14) Pause Young (Normal) (G1 Evacuation Pause) 73M->39M(97M) 20.745ms
[2025-04-24T19:54:09.588+0000][12.993s][info ][gc,cpu      ] GC(14) User=0.06s Sys=0.01s Real=0.03s
[2025-04-24T19:54:09.588+0000][12.993s][info ][safepoint   ] Safepoint "G1CollectForAllocation", Time since last: 230195514 ns, Reaching safepoint: 206837 ns, Cleanup: 30786 ns, At safepoint: 20857916 ns, Total: 21095539 ns
[2025-04-24T19:54:09.785+0000][13.190s][debug][safepoint   ] Safepoint synchronization initiated using futex wait barrier. (14 threads)
[2025-04-24T19:54:09.785+0000][13.190s][info ][gc,start    ] GC(15) Pause Young (Normal) (G1 Evacuation Pause)
[2025-04-24T19:54:09.785+0000][13.190s][info ][gc,task     ] GC(15) Using 2 workers of 4 for evacuation
[2025-04-24T19:54:09.801+0000][13.206s][info ][gc,phases   ] GC(15)   Pre Evacuate Collection Set: 0.1ms
[2025-04-24T19:54:09.801+0000][13.206s][info ][gc,phases   ] GC(15)   Merge Heap Roots: 0.0ms
[2025-04-24T19:54:09.801+0000][13.206s][info ][gc,phases   ] GC(15)   Evacuate Collection Set: 12.7ms
[2025-04-24T19:54:09.801+0000][13.206s][info ][gc,phases   ] GC(15)   Post Evacuate Collection Set: 3.1ms
[2025-04-24T19:54:09.801+0000][13.206s][info ][gc,phases   ] GC(15)   Other: 0.3ms
[2025-04-24T19:54:09.801+0000][13.206s][info ][gc,heap     ] GC(15) Eden regions: 35->0(96)
[2025-04-24T19:54:09.801+0000][13.206s][info ][gc,heap     ] GC(15) Survivor regions: 6->4(6)
[2025-04-24T19:54:09.801+0000][13.206s][info ][gc,heap     ] GC(15) Old regions: 34->39
[2025-04-24T19:54:09.801+0000][13.206s][info ][gc,heap     ] GC(15) Archive regions: 2->2
[2025-04-24T19:54:09.801+0000][13.206s][info ][gc,heap     ] GC(15) Humongous regions: 0->0
[2025-04-24T19:54:09.801+0000][13.206s][info ][gc,metaspace] GC(15) Metaspace: 24625K(24960K)->24625K(24960K) NonClass: 21399K(21568K)->21399K(21568K) Class: 3226K(3392K)->3226K(3392K)
[2025-04-24T19:54:09.801+0000][13.206s][info ][gc          ] GC(15) Pause Young (Normal) (G1 Evacuation Pause) 74M->42M(181M) 16.326ms
[2025-04-24T19:54:09.801+0000][13.206s][info ][gc,cpu      ] GC(15) User=0.05s Sys=0.01s Real=0.02s
[2025-04-24T19:54:09.801+0000][13.206s][info ][safepoint   ] Safepoint "G1CollectForAllocation", Time since last: 196526818 ns, Reaching safepoint: 239715 ns, Cleanup: 49246 ns, At safepoint: 16387597 ns, Total: 16676558 ns
[2025-04-24T19:54:10.742+0000][14.147s][debug][safepoint   ] Safepoint synchronization initiated using futex wait barrier. (14 threads)
[2025-04-24T19:54:10.742+0000][14.148s][info ][gc,start    ] GC(16) Pause Young (Normal) (G1 Evacuation Pause)
[2025-04-24T19:54:10.742+0000][14.148s][info ][gc,task     ] GC(16) Using 4 workers of 4 for evacuation
[2025-04-24T19:54:10.769+0000][14.174s][info ][gc,phases   ] GC(16)   Pre Evacuate Collection Set: 0.2ms
[2025-04-24T19:54:10.769+0000][14.174s][info ][gc,phases   ] GC(16)   Merge Heap Roots: 0.1ms
[2025-04-24T19:54:10.769+0000][14.174s][info ][gc,phases   ] GC(16)   Evacuate Collection Set: 23.5ms
[2025-04-24T19:54:10.769+0000][14.175s][info ][gc,phases   ] GC(16)   Post Evacuate Collection Set: 2.6ms
[2025-04-24T19:54:10.769+0000][14.175s][info ][gc,phases   ] GC(16)   Other: 0.2ms
[2025-04-24T19:54:10.769+0000][14.175s][info ][gc,heap     ] GC(16) Eden regions: 96->0(86)
[2025-04-24T19:54:10.770+0000][14.175s][info ][gc,heap     ] GC(16) Survivor regions: 4->12(13)
[2025-04-24T19:54:10.770+0000][14.175s][info ][gc,heap     ] GC(16) Old regions: 39->39
[2025-04-24T19:54:10.770+0000][14.175s][info ][gc,heap     ] GC(16) Archive regions: 2->2
[2025-04-24T19:54:10.770+0000][14.175s][info ][gc,heap     ] GC(16) Humongous regions: 0->0
[2025-04-24T19:54:10.770+0000][14.175s][info ][gc,metaspace] GC(16) Metaspace: 25033K(25408K)->25033K(25408K) NonClass: 21766K(21952K)->21766K(21952K) Class: 3267K(3456K)->3267K(3456K)
[2025-04-24T19:54:10.770+0000][14.175s][info ][gc          ] GC(16) Pause Young (Normal) (G1 Evacuation Pause) 138M->50M(181M) 27.362ms
[2025-04-24T19:54:10.770+0000][14.175s][info ][gc,cpu      ] GC(16) User=0.08s Sys=0.00s Real=0.03s
[2025-04-24T19:54:10.770+0000][14.175s][info ][safepoint   ] Safepoint "G1CollectForAllocation", Time since last: 940920539 ns, Reaching safepoint: 93670 ns, Cleanup: 190693 ns, At safepoint: 27435816 ns, Total: 27720179 ns
[2025-04-24T19:54:11.392+0000][14.797s][debug][safepoint   ] Safepoint synchronization initiated using futex wait barrier. (14 threads)
[2025-04-24T19:54:11.392+0000][14.798s][info ][gc,start    ] GC(17) Pause Young (Normal) (G1 Evacuation Pause)
[2025-04-24T19:54:11.393+0000][14.798s][info ][gc,task     ] GC(17) Using 4 workers of 4 for evacuation
[2025-04-24T19:54:11.407+0000][14.812s][info ][gc,phases   ] GC(17)   Pre Evacuate Collection Set: 0.1ms
[2025-04-24T19:54:11.407+0000][14.812s][info ][gc,phases   ] GC(17)   Merge Heap Roots: 0.1ms
[2025-04-24T19:54:11.407+0000][14.812s][info ][gc,phases   ] GC(17)   Evacuate Collection Set: 12.1ms
[2025-04-24T19:54:11.407+0000][14.812s][info ][gc,phases   ] GC(17)   Post Evacuate Collection Set: 1.8ms
[2025-04-24T19:54:11.407+0000][14.812s][info ][gc,phases   ] GC(17)   Other: 0.1ms
[2025-04-24T19:54:11.407+0000][14.812s][info ][gc,heap     ] GC(17) Eden regions: 86->0(86)
[2025-04-24T19:54:11.407+0000][14.812s][info ][gc,heap     ] GC(17) Survivor regions: 12->5(13)
[2025-04-24T19:54:11.407+0000][14.812s][info ][gc,heap     ] GC(17) Old regions: 39->50
[2025-04-24T19:54:11.407+0000][14.812s][info ][gc,heap     ] GC(17) Archive regions: 2->2
[2025-04-24T19:54:11.407+0000][14.812s][info ][gc,heap     ] GC(17) Humongous regions: 0->0
[2025-04-24T19:54:11.407+0000][14.812s][info ][gc,metaspace] GC(17) Metaspace: 25171K(25536K)->25171K(25536K) NonClass: 21893K(22080K)->21893K(22080K) Class: 3277K(3456K)->3277K(3456K)
[2025-04-24T19:54:11.407+0000][14.812s][info ][gc          ] GC(17) Pause Young (Normal) (G1 Evacuation Pause) 136M->54M(181M) 14.348ms
[2025-04-24T19:54:11.407+0000][14.812s][info ][gc,cpu      ] GC(17) User=0.04s Sys=0.00s Real=0.01s
[2025-04-24T19:54:11.407+0000][14.812s][info ][safepoint   ] Safepoint "G1CollectForAllocation", Time since last: 622077274 ns, Reaching safepoint: 417549 ns, Cleanup: 101138 ns, At safepoint: 14423253 ns, Total: 14941940 ns
[2025-04-24T19:54:12.051+0000][15.456s][debug][safepoint   ] Safepoint synchronization initiated using futex wait barrier. (15 threads)
[2025-04-24T19:54:12.051+0000][15.456s][debug][safepoint   ] ... found polling page loop exception at pc = 0x0000762570f65f0c, stub =0x000076257098e400
[2025-04-24T19:54:12.052+0000][15.457s][info ][gc,start    ] GC(18) Pause Young (Normal) (G1 Evacuation Pause)
[2025-04-24T19:54:12.052+0000][15.457s][info ][gc,task     ] GC(18) Using 4 workers of 4 for evacuation
[2025-04-24T19:54:12.064+0000][15.469s][info ][gc,phases   ] GC(18)   Pre Evacuate Collection Set: 0.1ms
[2025-04-24T19:54:12.064+0000][15.469s][info ][gc,phases   ] GC(18)   Merge Heap Roots: 0.1ms
[2025-04-24T19:54:12.064+0000][15.469s][info ][gc,phases   ] GC(18)   Evacuate Collection Set: 9.0ms
[2025-04-24T19:54:12.064+0000][15.469s][info ][gc,phases   ] GC(18)   Post Evacuate Collection Set: 2.3ms
[2025-04-24T19:54:12.064+0000][15.469s][info ][gc,phases   ] GC(18)   Other: 0.4ms
[2025-04-24T19:54:12.064+0000][15.469s][info ][gc,heap     ] GC(18) Eden regions: 86->0(87)
[2025-04-24T19:54:12.064+0000][15.469s][info ][gc,heap     ] GC(18) Survivor regions: 5->6(12)
[2025-04-24T19:54:12.064+0000][15.469s][info ][gc,heap     ] GC(18) Old regions: 50->50
[2025-04-24T19:54:12.064+0000][15.469s][info ][gc,heap     ] GC(18) Archive regions: 2->2
[2025-04-24T19:54:12.064+0000][15.470s][info ][gc,heap     ] GC(18) Humongous regions: 0->0
[2025-04-24T19:54:12.064+0000][15.470s][info ][gc,metaspace] GC(18) Metaspace: 25589K(25984K)->25589K(25984K) NonClass: 22270K(22464K)->22270K(22464K) Class: 3319K(3520K)->3319K(3520K)
[2025-04-24T19:54:12.065+0000][15.470s][info ][gc          ] GC(18) Pause Young (Normal) (G1 Evacuation Pause) 140M->55M(181M) 12.683ms
[2025-04-24T19:54:12.065+0000][15.470s][info ][gc,cpu      ] GC(18) User=0.03s Sys=0.00s Real=0.01s
[2025-04-24T19:54:12.065+0000][15.470s][info ][safepoint   ] Safepoint "G1CollectForAllocation", Time since last: 643750413 ns, Reaching safepoint: 1102224 ns, Cleanup: 95153 ns, At safepoint: 13234122 ns, Total: 14431499 ns
[2025-04-24T19:54:12.648+0000][16.053s][debug][safepoint   ] Safepoint synchronization initiated using futex wait barrier. (15 threads)
[2025-04-24T19:54:12.648+0000][16.054s][info ][gc,start    ] GC(19) Pause Young (Normal) (G1 Evacuation Pause)
[2025-04-24T19:54:12.648+0000][16.054s][info ][gc,task     ] GC(19) Using 4 workers of 4 for evacuation
[2025-04-24T19:54:12.659+0000][16.065s][info ][gc,phases   ] GC(19)   Pre Evacuate Collection Set: 0.3ms
[2025-04-24T19:54:12.660+0000][16.065s][info ][gc,phases   ] GC(19)   Merge Heap Roots: 0.1ms
[2025-04-24T19:54:12.660+0000][16.065s][info ][gc,phases   ] GC(19)   Evacuate Collection Set: 8.6ms
[2025-04-24T19:54:12.660+0000][16.065s][info ][gc,phases   ] GC(19)   Post Evacuate Collection Set: 2.0ms
[2025-04-24T19:54:12.660+0000][16.065s][info ][gc,phases   ] GC(19)   Other: 0.1ms
[2025-04-24T19:54:12.660+0000][16.065s][info ][gc,heap     ] GC(19) Eden regions: 87->0(130)
[2025-04-24T19:54:12.660+0000][16.065s][info ][gc,heap     ] GC(19) Survivor regions: 6->7(12)
[2025-04-24T19:54:12.660+0000][16.065s][info ][gc,heap     ] GC(19) Old regions: 50->50
[2025-04-24T19:54:12.660+0000][16.065s][info ][gc,heap     ] GC(19) Archive regions: 2->2
[2025-04-24T19:54:12.660+0000][16.065s][info ][gc,heap     ] GC(19) Humongous regions: 0->0
[2025-04-24T19:54:12.660+0000][16.065s][info ][gc,metaspace] GC(19) Metaspace: 26866K(27200K)->26866K(27200K) NonClass: 23450K(23616K)->23450K(23616K) Class: 3415K(3584K)->3415K(3584K)
[2025-04-24T19:54:12.660+0000][16.065s][info ][gc          ] GC(19) Pause Young (Normal) (G1 Evacuation Pause) 142M->56M(231M) 11.170ms
[2025-04-24T19:54:12.660+0000][16.065s][info ][gc,cpu      ] GC(19) User=0.02s Sys=0.00s Real=0.01s
[2025-04-24T19:54:12.660+0000][16.065s][info ][safepoint   ] Safepoint "G1CollectForAllocation", Time since last: 583167763 ns, Reaching safepoint: 201824 ns, Cleanup: 19266 ns, At safepoint: 11278335 ns, Total: 11499425 ns
[2025-04-24T19:54:13.660+0000][17.065s][debug][safepoint   ] Safepoint synchronization initiated using futex wait barrier. (14 threads)
[2025-04-24T19:54:13.660+0000][17.066s][info ][safepoint   ] Safepoint "Cleanup", Time since last: 1000124569 ns, Reaching safepoint: 501287 ns, Cleanup: 95307 ns, At safepoint: 13386 ns, Total: 609980 ns
[2025-04-24T19:54:14.069+0000][17.474s][debug][safepoint   ] Safepoint synchronization initiated using futex wait barrier. (14 threads)
[2025-04-24T19:54:14.069+0000][17.474s][info ][gc,start    ] GC(20) Pause Young (Normal) (G1 Evacuation Pause)
[2025-04-24T19:54:14.069+0000][17.474s][info ][gc,task     ] GC(20) Using 4 workers of 4 for evacuation
[2025-04-24T19:54:14.080+0000][17.485s][info ][gc,phases   ] GC(20)   Pre Evacuate Collection Set: 0.1ms
[2025-04-24T19:54:14.080+0000][17.485s][info ][gc,phases   ] GC(20)   Merge Heap Roots: 0.1ms
[2025-04-24T19:54:14.080+0000][17.485s][info ][gc,phases   ] GC(20)   Evacuate Collection Set: 9.4ms
[2025-04-24T19:54:14.080+0000][17.485s][info ][gc,phases   ] GC(20)   Post Evacuate Collection Set: 1.6ms
[2025-04-24T19:54:14.080+0000][17.485s][info ][gc,phases   ] GC(20)   Other: 0.2ms
[2025-04-24T19:54:14.080+0000][17.485s][info ][gc,heap     ] GC(20) Eden regions: 130->0(129)
[2025-04-24T19:54:14.080+0000][17.485s][info ][gc,heap     ] GC(20) Survivor regions: 7->9(18)
[2025-04-24T19:54:14.080+0000][17.485s][info ][gc,heap     ] GC(20) Old regions: 50->50
[2025-04-24T19:54:14.080+0000][17.485s][info ][gc,heap     ] GC(20) Archive regions: 2->2
[2025-04-24T19:54:14.080+0000][17.485s][info ][gc,heap     ] GC(20) Humongous regions: 0->0
[2025-04-24T19:54:14.080+0000][17.485s][info ][gc,metaspace] GC(20) Metaspace: 32136K(32512K)->32136K(32512K) NonClass: 28183K(28352K)->28183K(28352K) Class: 3952K(4160K)->3952K(4160K)
[2025-04-24T19:54:14.080+0000][17.486s][info ][gc          ] GC(20) Pause Young (Normal) (G1 Evacuation Pause) 186M->58M(231M) 11.526ms
[2025-04-24T19:54:14.080+0000][17.486s][info ][gc,cpu      ] GC(20) User=0.03s Sys=0.00s Real=0.01s
[2025-04-24T19:54:14.080+0000][17.486s][info ][safepoint   ] Safepoint "G1CollectForAllocation", Time since last: 408191000 ns, Reaching safepoint: 106236 ns, Cleanup: 34257 ns, At safepoint: 11602511 ns, Total: 11743004 ns
[2025-04-24T19:54:15.103+0000][18.508s][debug][safepoint   ] Safepoint synchronization initiated using futex wait barrier. (15 threads)
[2025-04-24T19:54:15.103+0000][18.508s][info ][gc,start    ] GC(21) Pause Young (Normal) (G1 Evacuation Pause)
[2025-04-24T19:54:15.103+0000][18.508s][info ][gc,task     ] GC(21) Using 4 workers of 4 for evacuation
[2025-04-24T19:54:15.113+0000][18.518s][info ][gc,phases   ] GC(21)   Pre Evacuate Collection Set: 0.1ms
[2025-04-24T19:54:15.113+0000][18.518s][info ][gc,phases   ] GC(21)   Merge Heap Roots: 0.1ms
[2025-04-24T19:54:15.113+0000][18.518s][info ][gc,phases   ] GC(21)   Evacuate Collection Set: 8.1ms
[2025-04-24T19:54:15.113+0000][18.518s][info ][gc,phases   ] GC(21)   Post Evacuate Collection Set: 1.0ms
[2025-04-24T19:54:15.113+0000][18.518s][info ][gc,phases   ] GC(21)   Other: 0.1ms
[2025-04-24T19:54:15.113+0000][18.518s][info ][gc,heap     ] GC(21) Eden regions: 129->0(129)
[2025-04-24T19:54:15.113+0000][18.518s][info ][gc,heap     ] GC(21) Survivor regions: 9->9(18)
[2025-04-24T19:54:15.113+0000][18.518s][info ][gc,heap     ] GC(21) Old regions: 50->50
[2025-04-24T19:54:15.113+0000][18.518s][info ][gc,heap     ] GC(21) Archive regions: 2->2
[2025-04-24T19:54:15.113+0000][18.518s][info ][gc,heap     ] GC(21) Humongous regions: 0->0
[2025-04-24T19:54:15.113+0000][18.518s][info ][gc,metaspace] GC(21) Metaspace: 34618K(35008K)->34618K(35008K) NonClass: 30345K(30528K)->30345K(30528K) Class: 4273K(4480K)->4273K(4480K)
[2025-04-24T19:54:15.113+0000][18.518s][info ][gc          ] GC(21) Pause Young (Normal) (G1 Evacuation Pause) 187M->58M(231M) 9.551ms
[2025-04-24T19:54:15.113+0000][18.518s][info ][gc,cpu      ] GC(21) User=0.03s Sys=0.00s Real=0.01s
[2025-04-24T19:54:15.113+0000][18.518s][info ][safepoint   ] Safepoint "G1CollectForAllocation", Time since last: 1022561272 ns, Reaching safepoint: 47225 ns, Cleanup: 132043 ns, At safepoint: 9607477 ns, Total: 9786745 ns
[2025-04-24T19:54:16.002+0000][19.407s][debug][safepoint   ] Safepoint synchronization initiated using futex wait barrier. (15 threads)
[2025-04-24T19:54:16.002+0000][19.407s][info ][safepoint   ] Safepoint "ICBufferFull", Time since last: 888946138 ns, Reaching safepoint: 315170 ns, Cleanup: 106293 ns, At safepoint: 9017 ns, Total: 430480 ns
[2025-04-24T19:54:16.036+0000][19.441s][debug][safepoint   ] Safepoint synchronization initiated using futex wait barrier. (15 threads)
[2025-04-24T19:54:16.036+0000][19.441s][info ][gc,start    ] GC(22) Pause Young (Normal) (G1 Evacuation Pause)
[2025-04-24T19:54:16.036+0000][19.441s][info ][gc,task     ] GC(22) Using 4 workers of 4 for evacuation
[2025-04-24T19:54:16.055+0000][19.460s][info ][gc,phases   ] GC(22)   Pre Evacuate Collection Set: 0.1ms
[2025-04-24T19:54:16.055+0000][19.460s][info ][gc,phases   ] GC(22)   Merge Heap Roots: 0.1ms
[2025-04-24T19:54:16.055+0000][19.460s][info ][gc,phases   ] GC(22)   Evacuate Collection Set: 16.9ms
[2025-04-24T19:54:16.055+0000][19.460s][info ][gc,phases   ] GC(22)   Post Evacuate Collection Set: 1.5ms
[2025-04-24T19:54:16.055+0000][19.460s][info ][gc,phases   ] GC(22)   Other: 0.2ms
[2025-04-24T19:54:16.055+0000][19.461s][info ][gc,heap     ] GC(22) Eden regions: 129->0(128)
[2025-04-24T19:54:16.056+0000][19.461s][info ][gc,heap     ] GC(22) Survivor regions: 9->10(18)
[2025-04-24T19:54:16.056+0000][19.461s][info ][gc,heap     ] GC(22) Old regions: 50->50
[2025-04-24T19:54:16.056+0000][19.461s][info ][gc,heap     ] GC(22) Archive regions: 2->2
[2025-04-24T19:54:16.056+0000][19.461s][info ][gc,heap     ] GC(22) Humongous regions: 0->0
[2025-04-24T19:54:16.056+0000][19.461s][info ][gc,metaspace] GC(22) Metaspace: 37762K(38208K)->37762K(38208K) NonClass: 32972K(33216K)->32972K(33216K) Class: 4789K(4992K)->4789K(4992K)
[2025-04-24T19:54:16.056+0000][19.461s][info ][gc          ] GC(22) Pause Young (Normal) (G1 Evacuation Pause) 187M->59M(231M) 19.731ms
[2025-04-24T19:54:16.056+0000][19.461s][info ][gc,cpu      ] GC(22) User=0.08s Sys=0.00s Real=0.02s
[2025-04-24T19:54:16.056+0000][19.461s][info ][safepoint   ] Safepoint "G1CollectForAllocation", Time since last: 33745376 ns, Reaching safepoint: 137859 ns, Cleanup: 19551 ns, At safepoint: 19802749 ns, Total: 19960159 ns
[2025-04-24T19:54:16.352+0000][19.757s][debug][safepoint   ] Safepoint synchronization initiated using futex wait barrier. (15 threads)
[2025-04-24T19:54:16.352+0000][19.757s][info ][gc,start    ] GC(23) Pause Young (Concurrent Start) (Metadata GC Threshold)
[2025-04-24T19:54:16.352+0000][19.757s][info ][gc,task     ] GC(23) Using 4 workers of 4 for evacuation
[2025-04-24T19:54:16.361+0000][19.767s][info ][gc,phases   ] GC(23)   Pre Evacuate Collection Set: 0.1ms
[2025-04-24T19:54:16.361+0000][19.767s][info ][gc,phases   ] GC(23)   Merge Heap Roots: 0.1ms
[2025-04-24T19:54:16.361+0000][19.767s][info ][gc,phases   ] GC(23)   Evacuate Collection Set: 8.3ms
[2025-04-24T19:54:16.361+0000][19.767s][info ][gc,phases   ] GC(23)   Post Evacuate Collection Set: 1.0ms
[2025-04-24T19:54:16.361+0000][19.767s][info ][gc,phases   ] GC(23)   Other: 0.1ms
[2025-04-24T19:54:16.361+0000][19.767s][info ][gc,heap     ] GC(23) Eden regions: 62->0(128)
[2025-04-24T19:54:16.361+0000][19.767s][info ][gc,heap     ] GC(23) Survivor regions: 10->10(18)
[2025-04-24T19:54:16.361+0000][19.767s][info ][gc,heap     ] GC(23) Old regions: 50->50
[2025-04-24T19:54:16.361+0000][19.767s][info ][gc,heap     ] GC(23) Archive regions: 2->2
[2025-04-24T19:54:16.361+0000][19.767s][info ][gc,heap     ] GC(23) Humongous regions: 0->0
[2025-04-24T19:54:16.361+0000][19.767s][info ][gc,metaspace] GC(23) Metaspace: 38696K(39040K)->38696K(39040K) NonClass: 33826K(33984K)->33826K(33984K) Class: 4870K(5056K)->4870K(5056K)
[2025-04-24T19:54:16.361+0000][19.767s][info ][gc          ] GC(23) Pause Young (Concurrent Start) (Metadata GC Threshold) 120M->59M(231M) 9.712ms
[2025-04-24T19:54:16.361+0000][19.767s][info ][gc,cpu      ] GC(23) User=0.04s Sys=0.00s Real=0.01s
[2025-04-24T19:54:16.362+0000][19.767s][info ][gc          ] GC(24) Concurrent Mark Cycle
[2025-04-24T19:54:16.362+0000][19.767s][info ][gc,marking  ] GC(24) Concurrent Clear Claimed Marks
[2025-04-24T19:54:16.362+0000][19.767s][info ][safepoint   ] Safepoint "CollectForMetadataAllocation", Time since last: 295813007 ns, Reaching safepoint: 68235 ns, Cleanup: 36361 ns, At safepoint: 9807057 ns, Total: 9911653 ns
[2025-04-24T19:54:16.362+0000][19.767s][info ][gc,marking  ] GC(24) Concurrent Clear Claimed Marks 0.032ms
[2025-04-24T19:54:16.362+0000][19.767s][info ][gc,marking  ] GC(24) Concurrent Scan Root Regions
[2025-04-24T19:54:16.374+0000][19.779s][info ][gc,marking  ] GC(24) Concurrent Scan Root Regions 12.668ms
[2025-04-24T19:54:16.374+0000][19.780s][info ][gc,marking  ] GC(24) Concurrent Mark
[2025-04-24T19:54:16.375+0000][19.780s][info ][gc,marking  ] GC(24) Concurrent Mark From Roots
[2025-04-24T19:54:16.375+0000][19.780s][info ][gc,task     ] GC(24) Using 1 workers of 1 for marking
[2025-04-24T19:54:16.439+0000][19.844s][debug][safepoint   ] Safepoint synchronization initiated using futex wait barrier. (15 threads)
[2025-04-24T19:54:16.439+0000][19.845s][info ][safepoint   ] Safepoint "CollectForMetadataAllocation", Time since last: 77634238 ns, Reaching safepoint: 149053 ns, Cleanup: 22590 ns, At safepoint: 34937 ns, Total: 206580 ns
[2025-04-24T19:54:16.471+0000][19.876s][info ][gc,marking  ] GC(24) Concurrent Mark From Roots 96.346ms
[2025-04-24T19:54:16.471+0000][19.876s][info ][gc,marking  ] GC(24) Concurrent Preclean
[2025-04-24T19:54:16.471+0000][19.877s][info ][gc,marking  ] GC(24) Concurrent Preclean 0.413ms
[2025-04-24T19:54:16.471+0000][19.877s][debug][safepoint   ] Safepoint synchronization initiated using futex wait barrier. (15 threads)
[2025-04-24T19:54:16.472+0000][19.877s][info ][gc,start    ] GC(24) Pause Remark
[2025-04-24T19:54:16.476+0000][19.881s][info ][gc          ] GC(24) Pause Remark 78M->78M(231M) 4.411ms
[2025-04-24T19:54:16.476+0000][19.881s][info ][gc,cpu      ] GC(24) User=0.02s Sys=0.00s Real=0.00s
[2025-04-24T19:54:16.476+0000][19.881s][info ][safepoint   ] Safepoint "G1PauseRemark", Time since last: 32091233 ns, Reaching safepoint: 164014 ns, Cleanup: 3369 ns, At safepoint: 4646290 ns, Total: 4813673 ns
[2025-04-24T19:54:16.476+0000][19.882s][info ][gc,marking  ] GC(24) Concurrent Mark 101.947ms
[2025-04-24T19:54:16.476+0000][19.882s][info ][gc,marking  ] GC(24) Concurrent Rebuild Remembered Sets
[2025-04-24T19:54:16.523+0000][19.928s][info ][gc,marking  ] GC(24) Concurrent Rebuild Remembered Sets 46.626ms
[2025-04-24T19:54:16.523+0000][19.928s][debug][safepoint   ] Safepoint synchronization initiated using futex wait barrier. (15 threads)
[2025-04-24T19:54:16.524+0000][19.929s][info ][gc,start    ] GC(24) Pause Cleanup
[2025-04-24T19:54:16.524+0000][19.929s][info ][gc          ] GC(24) Pause Cleanup 87M->87M(231M) 0.220ms
[2025-04-24T19:54:16.524+0000][19.929s][info ][gc,cpu      ] GC(24) User=0.00s Sys=0.00s Real=0.00s
[2025-04-24T19:54:16.524+0000][19.929s][info ][safepoint   ] Safepoint "G1PauseCleanup", Time since last: 46992148 ns, Reaching safepoint: 430879 ns, Cleanup: 21232 ns, At safepoint: 271827 ns, Total: 723938 ns
[2025-04-24T19:54:16.526+0000][19.931s][info ][gc,marking  ] GC(24) Concurrent Cleanup for Next Mark
[2025-04-24T19:54:16.528+0000][19.933s][info ][gc,marking  ] GC(24) Concurrent Cleanup for Next Mark 1.934ms
[2025-04-24T19:54:16.528+0000][19.933s][info ][gc          ] GC(24) Concurrent Mark Cycle 166.326ms
[2025-04-24T19:54:17.364+0000][20.769s][debug][safepoint   ] Safepoint synchronization initiated using futex wait barrier. (15 threads)
[2025-04-24T19:54:17.364+0000][20.769s][info ][gc,start    ] GC(25) Pause Young (Prepare Mixed) (G1 Evacuation Pause)
[2025-04-24T19:54:17.364+0000][20.770s][info ][gc,task     ] GC(25) Using 4 workers of 4 for evacuation
[2025-04-24T19:54:17.375+0000][20.781s][info ][gc,phases   ] GC(25)   Pre Evacuate Collection Set: 0.1ms
[2025-04-24T19:54:17.375+0000][20.781s][info ][gc,phases   ] GC(25)   Merge Heap Roots: 0.1ms
[2025-04-24T19:54:17.375+0000][20.781s][info ][gc,phases   ] GC(25)   Evacuate Collection Set: 9.8ms
[2025-04-24T19:54:17.375+0000][20.781s][info ][gc,phases   ] GC(25)   Post Evacuate Collection Set: 1.0ms
[2025-04-24T19:54:17.375+0000][20.781s][info ][gc,phases   ] GC(25)   Other: 0.1ms
[2025-04-24T19:54:17.376+0000][20.781s][info ][gc,heap     ] GC(25) Eden regions: 128->0(1)
[2025-04-24T19:54:17.376+0000][20.781s][info ][gc,heap     ] GC(25) Survivor regions: 10->10(18)
[2025-04-24T19:54:17.376+0000][20.781s][info ][gc,heap     ] GC(25) Old regions: 50->52
[2025-04-24T19:54:17.376+0000][20.781s][info ][gc,heap     ] GC(25) Archive regions: 2->2
[2025-04-24T19:54:17.376+0000][20.781s][info ][gc,heap     ] GC(25) Humongous regions: 0->0
[2025-04-24T19:54:17.376+0000][20.781s][info ][gc,metaspace] GC(25) Metaspace: 41010K(41408K)->41010K(41408K) NonClass: 35855K(36032K)->35855K(36032K) Class: 5154K(5376K)->5154K(5376K)
[2025-04-24T19:54:17.376+0000][20.781s][info ][gc          ] GC(25) Pause Young (Prepare Mixed) (G1 Evacuation Pause) 187M->61M(231M) 11.250ms
[2025-04-24T19:54:17.376+0000][20.781s][info ][gc,cpu      ] GC(25) User=0.04s Sys=0.00s Real=0.01s
[2025-04-24T19:54:17.376+0000][20.781s][info ][safepoint   ] Safepoint "G1CollectForAllocation", Time since last: 840040652 ns, Reaching safepoint: 137253 ns, Cleanup: 101809 ns, At safepoint: 11309352 ns, Total: 11548414 ns
[2025-04-24T19:54:17.384+0000][20.790s][debug][safepoint   ] Safepoint synchronization initiated using futex wait barrier. (15 threads)
[2025-04-24T19:54:17.384+0000][20.790s][info ][gc,start    ] GC(26) Pause Young (Mixed) (G1 Evacuation Pause)
[2025-04-24T19:54:17.384+0000][20.790s][info ][gc,task     ] GC(26) Using 4 workers of 4 for evacuation
[2025-04-24T19:54:17.394+0000][20.800s][info ][gc,phases   ] GC(26)   Pre Evacuate Collection Set: 0.1ms
[2025-04-24T19:54:17.394+0000][20.800s][info ][gc,phases   ] GC(26)   Merge Heap Roots: 0.1ms
[2025-04-24T19:54:17.394+0000][20.800s][info ][gc,phases   ] GC(26)   Evacuate Collection Set: 8.8ms
[2025-04-24T19:54:17.394+0000][20.800s][info ][gc,phases   ] GC(26)   Post Evacuate Collection Set: 0.9ms
[2025-04-24T19:54:17.394+0000][20.800s][info ][gc,phases   ] GC(26)   Other: 0.1ms
[2025-04-24T19:54:17.394+0000][20.800s][info ][gc,heap     ] GC(26) Eden regions: 1->0(135)
[2025-04-24T19:54:17.394+0000][20.800s][info ][gc,heap     ] GC(26) Survivor regions: 10->2(2)
[2025-04-24T19:54:17.394+0000][20.800s][info ][gc,heap     ] GC(26) Old regions: 52->59
[2025-04-24T19:54:17.394+0000][20.800s][info ][gc,heap     ] GC(26) Archive regions: 2->2
[2025-04-24T19:54:17.394+0000][20.800s][info ][gc,heap     ] GC(26) Humongous regions: 0->0
[2025-04-24T19:54:17.395+0000][20.800s][info ][gc,metaspace] GC(26) Metaspace: 41019K(41408K)->41019K(41408K) NonClass: 35862K(36032K)->35862K(36032K) Class: 5157K(5376K)->5157K(5376K)
[2025-04-24T19:54:17.395+0000][20.800s][info ][gc          ] GC(26) Pause Young (Mixed) (G1 Evacuation Pause) 62M->60M(231M) 10.039ms
[2025-04-24T19:54:17.395+0000][20.800s][info ][gc,cpu      ] GC(26) User=0.04s Sys=0.00s Real=0.01s
[2025-04-24T19:54:17.395+0000][20.800s][info ][safepoint   ] Safepoint "G1CollectForAllocation", Time since last: 8821329 ns, Reaching safepoint: 43921 ns, Cleanup: 3268 ns, At safepoint: 10086247 ns, Total: 10133436 ns
[2025-04-24T19:54:18.411+0000][21.817s][debug][safepoint   ] Safepoint synchronization initiated using futex wait barrier. (15 threads)
[2025-04-24T19:54:18.412+0000][21.817s][info ][safepoint   ] Safepoint "Cleanup", Time since last: 1016860857 ns, Reaching safepoint: 119893 ns, Cleanup: 122562 ns, At safepoint: 6348 ns, Total: 248803 ns
[2025-04-24T19:54:18.521+0000][21.927s][debug][safepoint   ] Safepoint synchronization initiated using futex wait barrier. (15 threads)
[2025-04-24T19:54:18.521+0000][21.927s][info ][gc,start    ] GC(27) Pause Young (Concurrent Start) (G1 Evacuation Pause)
[2025-04-24T19:54:18.521+0000][21.927s][info ][gc,task     ] GC(27) Using 4 workers of 4 for evacuation
[2025-04-24T19:54:18.532+0000][21.937s][info ][gc,phases   ] GC(27)   Pre Evacuate Collection Set: 0.2ms
[2025-04-24T19:54:18.532+0000][21.937s][info ][gc,phases   ] GC(27)   Merge Heap Roots: 0.1ms
[2025-04-24T19:54:18.532+0000][21.937s][info ][gc,phases   ] GC(27)   Evacuate Collection Set: 8.6ms
[2025-04-24T19:54:18.532+0000][21.937s][info ][gc,phases   ] GC(27)   Post Evacuate Collection Set: 1.4ms
[2025-04-24T19:54:18.532+0000][21.937s][info ][gc,phases   ] GC(27)   Other: 0.2ms
[2025-04-24T19:54:18.532+0000][21.937s][info ][gc,heap     ] GC(27) Eden regions: 135->0(134)
[2025-04-24T19:54:18.532+0000][21.937s][info ][gc,heap     ] GC(27) Survivor regions: 2->3(18)
[2025-04-24T19:54:18.532+0000][21.937s][info ][gc,heap     ] GC(27) Old regions: 59->59
[2025-04-24T19:54:18.532+0000][21.937s][info ][gc,heap     ] GC(27) Archive regions: 2->2
[2025-04-24T19:54:18.532+0000][21.937s][info ][gc,heap     ] GC(27) Humongous regions: 0->0
[2025-04-24T19:54:18.532+0000][21.937s][info ][gc,metaspace] GC(27) Metaspace: 44123K(44544K)->44123K(44544K) NonClass: 38493K(38720K)->38493K(38720K) Class: 5629K(5824K)->5629K(5824K)
[2025-04-24T19:54:18.532+0000][21.937s][info ][gc          ] GC(27) Pause Young (Concurrent Start) (G1 Evacuation Pause) 195M->61M(231M) 10.514ms
[2025-04-24T19:54:18.532+0000][21.937s][info ][gc,cpu      ] GC(27) User=0.04s Sys=0.00s Real=0.01s
[2025-04-24T19:54:18.532+0000][21.937s][info ][gc          ] GC(28) Concurrent Mark Cycle
[2025-04-24T19:54:18.532+0000][21.937s][info ][gc,marking  ] GC(28) Concurrent Clear Claimed Marks
[2025-04-24T19:54:18.532+0000][21.937s][info ][gc,marking  ] GC(28) Concurrent Clear Claimed Marks 0.032ms
[2025-04-24T19:54:18.532+0000][21.937s][info ][gc,marking  ] GC(28) Concurrent Scan Root Regions
[2025-04-24T19:54:18.532+0000][21.937s][info ][safepoint   ] Safepoint "G1CollectForAllocation", Time since last: 109664829 ns, Reaching safepoint: 50154 ns, Cleanup: 58495 ns, At safepoint: 10721816 ns, Total: 10830465 ns
[2025-04-24T19:54:18.544+0000][21.949s][info ][gc,marking  ] GC(28) Concurrent Scan Root Regions 12.215ms
[2025-04-24T19:54:18.544+0000][21.950s][info ][gc,marking  ] GC(28) Concurrent Mark
[2025-04-24T19:54:18.545+0000][21.950s][info ][gc,marking  ] GC(28) Concurrent Mark From Roots
[2025-04-24T19:54:18.545+0000][21.950s][info ][gc,task     ] GC(28) Using 1 workers of 1 for marking
[2025-04-24T19:54:18.684+0000][22.089s][info ][gc,marking  ] GC(28) Concurrent Mark From Roots 139.741ms
[2025-04-24T19:54:18.684+0000][22.090s][info ][gc,marking  ] GC(28) Concurrent Preclean
[2025-04-24T19:54:18.685+0000][22.090s][info ][gc,marking  ] GC(28) Concurrent Preclean 0.321ms
[2025-04-24T19:54:18.685+0000][22.090s][debug][safepoint   ] Safepoint synchronization initiated using futex wait barrier. (15 threads)
[2025-04-24T19:54:18.685+0000][22.090s][info ][gc,start    ] GC(28) Pause Remark
[2025-04-24T19:54:18.691+0000][22.096s][info ][gc          ] GC(28) Pause Remark 76M->76M(231M) 5.460ms
[2025-04-24T19:54:18.691+0000][22.096s][info ][gc,cpu      ] GC(28) User=0.02s Sys=0.00s Real=0.01s
[2025-04-24T19:54:18.691+0000][22.096s][info ][safepoint   ] Safepoint "G1PauseRemark", Time since last: 152686325 ns, Reaching safepoint: 156686 ns, Cleanup: 27180 ns, At safepoint: 5730640 ns, Total: 5914506 ns
[2025-04-24T19:54:18.691+0000][22.096s][info ][gc,marking  ] GC(28) Concurrent Mark 146.381ms
[2025-04-24T19:54:18.691+0000][22.096s][info ][gc,marking  ] GC(28) Concurrent Rebuild Remembered Sets
[2025-04-24T19:54:18.756+0000][22.162s][info ][gc,marking  ] GC(28) Concurrent Rebuild Remembered Sets 65.506ms
[2025-04-24T19:54:18.757+0000][22.162s][debug][safepoint   ] Safepoint synchronization initiated using futex wait barrier. (15 threads)
[2025-04-24T19:54:18.757+0000][22.162s][info ][gc,start    ] GC(28) Pause Cleanup
[2025-04-24T19:54:18.757+0000][22.162s][info ][gc          ] GC(28) Pause Cleanup 83M->83M(231M) 0.232ms
[2025-04-24T19:54:18.757+0000][22.162s][info ][gc,cpu      ] GC(28) User=0.00s Sys=0.00s Real=0.00s
[2025-04-24T19:54:18.757+0000][22.162s][info ][safepoint   ] Safepoint "G1PauseCleanup", Time since last: 65866723 ns, Reaching safepoint: 172918 ns, Cleanup: 34154 ns, At safepoint: 424525 ns, Total: 631597 ns
[2025-04-24T19:54:18.758+0000][22.164s][info ][gc,marking  ] GC(28) Concurrent Cleanup for Next Mark
[2025-04-24T19:54:18.760+0000][22.165s][info ][gc,marking  ] GC(28) Concurrent Cleanup for Next Mark 1.791ms
[2025-04-24T19:54:18.760+0000][22.166s][info ][gc          ] GC(28) Concurrent Mark Cycle 228.426ms
[2025-04-24T19:54:19.876+0000][23.281s][debug][safepoint   ] Safepoint synchronization initiated using futex wait barrier. (15 threads)
[2025-04-24T19:54:19.876+0000][23.281s][info ][gc,start    ] GC(29) Pause Young (Prepare Mixed) (G1 Evacuation Pause)
[2025-04-24T19:54:19.876+0000][23.281s][info ][gc,task     ] GC(29) Using 4 workers of 4 for evacuation
[2025-04-24T19:54:19.894+0000][23.299s][info ][gc,phases   ] GC(29)   Pre Evacuate Collection Set: 0.5ms
[2025-04-24T19:54:19.894+0000][23.299s][info ][gc,phases   ] GC(29)   Merge Heap Roots: 0.3ms
[2025-04-24T19:54:19.894+0000][23.299s][info ][gc,phases   ] GC(29)   Evacuate Collection Set: 14.7ms
[2025-04-24T19:54:19.894+0000][23.299s][info ][gc,phases   ] GC(29)   Post Evacuate Collection Set: 1.7ms
[2025-04-24T19:54:19.894+0000][23.299s][info ][gc,phases   ] GC(29)   Other: 0.1ms
[2025-04-24T19:54:19.894+0000][23.299s][info ][gc,heap     ] GC(29) Eden regions: 134->0(5)
[2025-04-24T19:54:19.894+0000][23.299s][info ][gc,heap     ] GC(29) Survivor regions: 3->6(18)
[2025-04-24T19:54:19.894+0000][23.299s][info ][gc,heap     ] GC(29) Old regions: 59->59
[2025-04-24T19:54:19.894+0000][23.299s][info ][gc,heap     ] GC(29) Archive regions: 2->2
[2025-04-24T19:54:19.894+0000][23.299s][info ][gc,heap     ] GC(29) Humongous regions: 0->0
[2025-04-24T19:54:19.894+0000][23.299s][info ][gc,metaspace] GC(29) Metaspace: 48683K(49152K)->48683K(49152K) NonClass: 42466K(42688K)->42466K(42688K) Class: 6216K(6464K)->6216K(6464K)
[2025-04-24T19:54:19.894+0000][23.299s][info ][gc          ] GC(29) Pause Young (Prepare Mixed) (G1 Evacuation Pause) 195M->64M(231M) 17.731ms
[2025-04-24T19:54:19.894+0000][23.299s][info ][gc,cpu      ] GC(29) User=0.03s Sys=0.00s Real=0.02s
[2025-04-24T19:54:19.894+0000][23.299s][info ][safepoint   ] Safepoint "G1CollectForAllocation", Time since last: 1118846049 ns, Reaching safepoint: 59922 ns, Cleanup: 107615 ns, At safepoint: 17807226 ns, Total: 17974763 ns
[2025-04-24T19:54:20.055+0000][23.460s][debug][safepoint   ] Safepoint synchronization initiated using futex wait barrier. (15 threads)
[2025-04-24T19:54:20.055+0000][23.460s][info ][gc,start    ] GC(30) Pause Young (Mixed) (G1 Evacuation Pause)
[2025-04-24T19:54:20.055+0000][23.460s][info ][gc,task     ] GC(30) Using 4 workers of 4 for evacuation
[2025-04-24T19:54:20.074+0000][23.479s][info ][gc,phases   ] GC(30)   Pre Evacuate Collection Set: 0.1ms
[2025-04-24T19:54:20.074+0000][23.479s][info ][gc,phases   ] GC(30)   Merge Heap Roots: 0.2ms
[2025-04-24T19:54:20.074+0000][23.479s][info ][gc,phases   ] GC(30)   Evacuate Collection Set: 16.7ms
[2025-04-24T19:54:20.074+0000][23.479s][info ][gc,phases   ] GC(30)   Post Evacuate Collection Set: 1.5ms
[2025-04-24T19:54:20.074+0000][23.479s][info ][gc,phases   ] GC(30)   Other: 0.1ms
[2025-04-24T19:54:20.074+0000][23.479s][info ][gc,heap     ] GC(30) Eden regions: 5->0(131)
[2025-04-24T19:54:20.074+0000][23.479s][info ][gc,heap     ] GC(30) Survivor regions: 6->1(2)
[2025-04-24T19:54:20.074+0000][23.479s][info ][gc,heap     ] GC(30) Old regions: 59->63
[2025-04-24T19:54:20.074+0000][23.479s][info ][gc,heap     ] GC(30) Archive regions: 2->2
[2025-04-24T19:54:20.074+0000][23.479s][info ][gc,heap     ] GC(30) Humongous regions: 0->0
[2025-04-24T19:54:20.074+0000][23.479s][info ][gc,metaspace] GC(30) Metaspace: 48867K(49280K)->48867K(49280K) NonClass: 42629K(42816K)->42629K(42816K) Class: 6237K(6464K)->6237K(6464K)
[2025-04-24T19:54:20.074+0000][23.479s][info ][gc          ] GC(30) Pause Young (Mixed) (G1 Evacuation Pause) 69M->64M(231M) 18.857ms
[2025-04-24T19:54:20.074+0000][23.479s][info ][gc,cpu      ] GC(30) User=0.05s Sys=0.00s Real=0.02s
[2025-04-24T19:54:20.074+0000][23.479s][info ][safepoint   ] Safepoint "G1CollectForAllocation", Time since last: 160904506 ns, Reaching safepoint: 49854 ns, Cleanup: 35930 ns, At safepoint: 18920241 ns, Total: 19006025 ns
[2025-04-24T19:54:21.186+0000][24.591s][debug][safepoint   ] Safepoint synchronization initiated using futex wait barrier. (15 threads)
[2025-04-24T19:54:21.188+0000][24.593s][info ][safepoint   ] Safepoint "Cleanup", Time since last: 1112246134 ns, Reaching safepoint: 879190 ns, Cleanup: 86471 ns, At safepoint: 962236 ns, Total: 1927897 ns
[2025-04-24T19:54:22.389+0000][25.794s][debug][safepoint   ] Safepoint synchronization initiated using futex wait barrier. (17 threads)
[2025-04-24T19:54:22.389+0000][25.795s][info ][safepoint   ] Safepoint "Cleanup", Time since last: 1200962905 ns, Reaching safepoint: 129098 ns, Cleanup: 67262 ns, At safepoint: 13683 ns, Total: 210043 ns
[2025-04-24T19:54:22.734+0000][26.139s][debug][safepoint   ] Safepoint synchronization initiated using futex wait barrier. (17 threads)
[2025-04-24T19:54:22.734+0000][26.139s][info ][safepoint   ] Safepoint "ICBufferFull", Time since last: 344487609 ns, Reaching safepoint: 51226 ns, Cleanup: 102139 ns, At safepoint: 3609 ns, Total: 156974 ns
[2025-04-24T19:54:23.152+0000][26.557s][debug][safepoint   ] Safepoint synchronization initiated using futex wait barrier. (17 threads)
[2025-04-24T19:54:23.152+0000][26.557s][info ][gc,start    ] GC(31) Pause Young (Normal) (G1 Evacuation Pause)
[2025-04-24T19:54:23.152+0000][26.557s][info ][gc,task     ] GC(31) Using 4 workers of 4 for evacuation
[2025-04-24T19:54:23.166+0000][26.571s][info ][gc,phases   ] GC(31)   Pre Evacuate Collection Set: 0.1ms
[2025-04-24T19:54:23.166+0000][26.572s][info ][gc,phases   ] GC(31)   Merge Heap Roots: 0.1ms
[2025-04-24T19:54:23.166+0000][26.572s][info ][gc,phases   ] GC(31)   Evacuate Collection Set: 10.9ms
[2025-04-24T19:54:23.167+0000][26.572s][info ][gc,phases   ] GC(31)   Post Evacuate Collection Set: 3.0ms
[2025-04-24T19:54:23.167+0000][26.572s][info ][gc,phases   ] GC(31)   Other: 0.1ms
[2025-04-24T19:54:23.167+0000][26.572s][info ][gc,heap     ] GC(31) Eden regions: 131->0(128)
[2025-04-24T19:54:23.167+0000][26.572s][info ][gc,heap     ] GC(31) Survivor regions: 1->4(17)
[2025-04-24T19:54:23.167+0000][26.572s][info ][gc,heap     ] GC(31) Old regions: 63->63
[2025-04-24T19:54:23.167+0000][26.572s][info ][gc,heap     ] GC(31) Archive regions: 2->2
[2025-04-24T19:54:23.167+0000][26.572s][info ][gc,heap     ] GC(31) Humongous regions: 0->0
[2025-04-24T19:54:23.167+0000][26.572s][info ][gc,metaspace] GC(31) Metaspace: 55181K(55552K)->55181K(55552K) NonClass: 48205K(48384K)->48205K(48384K) Class: 6975K(7168K)->6975K(7168K)
[2025-04-24T19:54:23.167+0000][26.572s][info ][gc          ] GC(31) Pause Young (Normal) (G1 Evacuation Pause) 195M->66M(231M) 14.834ms
[2025-04-24T19:54:23.167+0000][26.572s][info ][gc,cpu      ] GC(31) User=0.04s Sys=0.00s Real=0.01s
[2025-04-24T19:54:23.167+0000][26.572s][info ][safepoint   ] Safepoint "G1CollectForAllocation", Time since last: 417790843 ns, Reaching safepoint: 59102 ns, Cleanup: 73000 ns, At safepoint: 14893193 ns, Total: 15025295 ns
[2025-04-24T19:54:24.199+0000][27.604s][debug][safepoint   ] Safepoint synchronization initiated using futex wait barrier. (18 threads)
[2025-04-24T19:54:24.199+0000][27.604s][info ][gc,start    ] GC(32) Pause Young (Normal) (G1 Evacuation Pause)
[2025-04-24T19:54:24.199+0000][27.604s][info ][gc,task     ] GC(32) Using 4 workers of 4 for evacuation
[2025-04-24T19:54:24.209+0000][27.615s][info ][gc,phases   ] GC(32)   Pre Evacuate Collection Set: 1.0ms
[2025-04-24T19:54:24.209+0000][27.615s][info ][gc,phases   ] GC(32)   Merge Heap Roots: 0.1ms
[2025-04-24T19:54:24.209+0000][27.615s][info ][gc,phases   ] GC(32)   Evacuate Collection Set: 8.5ms
[2025-04-24T19:54:24.209+0000][27.615s][info ][gc,phases   ] GC(32)   Post Evacuate Collection Set: 1.0ms
[2025-04-24T19:54:24.210+0000][27.615s][info ][gc,phases   ] GC(32)   Other: 0.1ms
[2025-04-24T19:54:24.210+0000][27.615s][info ][gc,heap     ] GC(32) Eden regions: 128->0(128)
[2025-04-24T19:54:24.210+0000][27.615s][info ][gc,heap     ] GC(32) Survivor regions: 4->5(17)
[2025-04-24T19:54:24.210+0000][27.615s][info ][gc,heap     ] GC(32) Old regions: 63->63
[2025-04-24T19:54:24.210+0000][27.615s][info ][gc,heap     ] GC(32) Archive regions: 2->2
[2025-04-24T19:54:24.210+0000][27.615s][info ][gc,heap     ] GC(32) Humongous regions: 0->0
[2025-04-24T19:54:24.210+0000][27.615s][info ][gc,metaspace] GC(32) Metaspace: 58659K(59136K)->58659K(59136K) NonClass: 51177K(51456K)->51177K(51456K) Class: 7482K(7680K)->7482K(7680K)
[2025-04-24T19:54:24.210+0000][27.615s][info ][gc          ] GC(32) Pause Young (Normal) (G1 Evacuation Pause) 194M->67M(231M) 10.765ms
[2025-04-24T19:54:24.210+0000][27.615s][info ][gc,cpu      ] GC(32) User=0.02s Sys=0.00s Real=0.01s
[2025-04-24T19:54:24.210+0000][27.615s][info ][safepoint   ] Safepoint "G1CollectForAllocation", Time since last: 1031877162 ns, Reaching safepoint: 73683 ns, Cleanup: 43223 ns, At safepoint: 10815047 ns, Total: 10931953 ns
[2025-04-24T19:54:25.246+0000][28.652s][debug][safepoint   ] Safepoint synchronization initiated using futex wait barrier. (21 threads)
[2025-04-24T19:54:25.247+0000][28.652s][info ][gc,start    ] GC(33) Pause Young (Normal) (G1 Evacuation Pause)
[2025-04-24T19:54:25.247+0000][28.652s][info ][gc,task     ] GC(33) Using 4 workers of 4 for evacuation
[2025-04-24T19:54:25.264+0000][28.669s][info ][gc,phases   ] GC(33)   Pre Evacuate Collection Set: 0.1ms
[2025-04-24T19:54:25.264+0000][28.669s][info ][gc,phases   ] GC(33)   Merge Heap Roots: 0.1ms
[2025-04-24T19:54:25.264+0000][28.669s][info ][gc,phases   ] GC(33)   Evacuate Collection Set: 12.9ms
[2025-04-24T19:54:25.264+0000][28.670s][info ][gc,phases   ] GC(33)   Post Evacuate Collection Set: 4.2ms
[2025-04-24T19:54:25.264+0000][28.670s][info ][gc,phases   ] GC(33)   Other: 0.1ms
[2025-04-24T19:54:25.264+0000][28.670s][info ][gc,heap     ] GC(33) Eden regions: 128->0(128)
[2025-04-24T19:54:25.264+0000][28.670s][info ][gc,heap     ] GC(33) Survivor regions: 5->6(17)
[2025-04-24T19:54:25.264+0000][28.670s][info ][gc,heap     ] GC(33) Old regions: 63->63
[2025-04-24T19:54:25.264+0000][28.670s][info ][gc,heap     ] GC(33) Archive regions: 2->2
[2025-04-24T19:54:25.264+0000][28.670s][info ][gc,heap     ] GC(33) Humongous regions: 0->0
[2025-04-24T19:54:25.264+0000][28.670s][info ][gc,metaspace] GC(33) Metaspace: 63248K(63744K)->63248K(63744K) NonClass: 55251K(55488K)->55251K(55488K) Class: 7997K(8256K)->7997K(8256K)
[2025-04-24T19:54:25.264+0000][28.670s][info ][gc          ] GC(33) Pause Young (Normal) (G1 Evacuation Pause) 195M->69M(231M) 17.773ms
[2025-04-24T19:54:25.264+0000][28.670s][info ][gc,cpu      ] GC(33) User=0.04s Sys=0.00s Real=0.02s
[2025-04-24T19:54:25.264+0000][28.670s][info ][safepoint   ] Safepoint "G1CollectForAllocation", Time since last: 1036832999 ns, Reaching safepoint: 54101 ns, Cleanup: 137389 ns, At safepoint: 17834744 ns, Total: 18026234 ns
[2025-04-24T19:54:25.833+0000][29.238s][debug][safepoint   ] Safepoint synchronization initiated using futex wait barrier. (21 threads)
[2025-04-24T19:54:25.834+0000][29.239s][info ][gc,start    ] GC(34) Pause Young (Normal) (G1 Evacuation Pause)
[2025-04-24T19:54:25.834+0000][29.239s][info ][gc,task     ] GC(34) Using 4 workers of 4 for evacuation
[2025-04-24T19:54:25.842+0000][29.247s][info ][gc,phases   ] GC(34)   Pre Evacuate Collection Set: 0.1ms
[2025-04-24T19:54:25.842+0000][29.247s][info ][gc,phases   ] GC(34)   Merge Heap Roots: 0.1ms
[2025-04-24T19:54:25.842+0000][29.247s][info ][gc,phases   ] GC(34)   Evacuate Collection Set: 6.0ms
[2025-04-24T19:54:25.842+0000][29.247s][info ][gc,phases   ] GC(34)   Post Evacuate Collection Set: 1.0ms
[2025-04-24T19:54:25.842+0000][29.247s][info ][gc,phases   ] GC(34)   Other: 0.1ms
[2025-04-24T19:54:25.842+0000][29.247s][info ][gc,heap     ] GC(34) Eden regions: 128->0(128)
[2025-04-24T19:54:25.842+0000][29.247s][info ][gc,heap     ] GC(34) Survivor regions: 6->7(17)
[2025-04-24T19:54:25.842+0000][29.247s][info ][gc,heap     ] GC(34) Old regions: 63->63
[2025-04-24T19:54:25.842+0000][29.247s][info ][gc,heap     ] GC(34) Archive regions: 2->2
[2025-04-24T19:54:25.842+0000][29.247s][info ][gc,heap     ] GC(34) Humongous regions: 0->0
[2025-04-24T19:54:25.842+0000][29.247s][info ][gc,metaspace] GC(34) Metaspace: 66443K(66944K)->66443K(66944K) NonClass: 57940K(58176K)->57940K(58176K) Class: 8502K(8768K)->8502K(8768K)
[2025-04-24T19:54:25.842+0000][29.247s][info ][gc          ] GC(34) Pause Young (Normal) (G1 Evacuation Pause) 197M->69M(231M) 7.432ms
[2025-04-24T19:54:25.842+0000][29.247s][info ][gc,cpu      ] GC(34) User=0.02s Sys=0.01s Real=0.01s
[2025-04-24T19:54:25.842+0000][29.247s][info ][safepoint   ] Safepoint "G1CollectForAllocation", Time since last: 568498496 ns, Reaching safepoint: 41597 ns, Cleanup: 1235781 ns, At safepoint: 7496414 ns, Total: 8773792 ns
[2025-04-24T19:54:26.714+0000][30.119s][debug][safepoint   ] Safepoint synchronization initiated using futex wait barrier. (21 threads)
[2025-04-24T19:54:26.714+0000][30.120s][info ][safepoint   ] Safepoint "ICBufferFull", Time since last: 872564488 ns, Reaching safepoint: 58399 ns, Cleanup: 113280 ns, At safepoint: 5305 ns, Total: 176984 ns
[2025-04-24T19:54:27.058+0000][30.463s][debug][safepoint   ] Safepoint synchronization initiated using futex wait barrier. (21 threads)
[2025-04-24T19:54:27.058+0000][30.463s][info ][gc,start    ] GC(35) Pause Young (Normal) (G1 Evacuation Pause)
[2025-04-24T19:54:27.058+0000][30.463s][info ][gc,task     ] GC(35) Using 4 workers of 4 for evacuation
[2025-04-24T19:54:27.070+0000][30.475s][info ][gc,phases   ] GC(35)   Pre Evacuate Collection Set: 0.1ms
[2025-04-24T19:54:27.070+0000][30.475s][info ][gc,phases   ] GC(35)   Merge Heap Roots: 0.1ms
[2025-04-24T19:54:27.070+0000][30.475s][info ][gc,phases   ] GC(35)   Evacuate Collection Set: 10.6ms
[2025-04-24T19:54:27.070+0000][30.476s][info ][gc,phases   ] GC(35)   Post Evacuate Collection Set: 1.1ms
[2025-04-24T19:54:27.070+0000][30.476s][info ][gc,phases   ] GC(35)   Other: 0.1ms
[2025-04-24T19:54:27.070+0000][30.476s][info ][gc,heap     ] GC(35) Eden regions: 128->0(120)
[2025-04-24T19:54:27.070+0000][30.476s][info ][gc,heap     ] GC(35) Survivor regions: 7->11(17)
[2025-04-24T19:54:27.070+0000][30.476s][info ][gc,heap     ] GC(35) Old regions: 63->63
[2025-04-24T19:54:27.070+0000][30.476s][info ][gc,heap     ] GC(35) Archive regions: 2->2
[2025-04-24T19:54:27.070+0000][30.476s][info ][gc,heap     ] GC(35) Humongous regions: 0->0
[2025-04-24T19:54:27.070+0000][30.476s][info ][gc,metaspace] GC(35) Metaspace: 68829K(69312K)->68829K(69312K) NonClass: 60058K(60288K)->60058K(60288K) Class: 8771K(9024K)->8771K(9024K)
[2025-04-24T19:54:27.070+0000][30.476s][info ][gc          ] GC(35) Pause Young (Normal) (G1 Evacuation Pause) 197M->73M(231M) 12.119ms
[2025-04-24T19:54:27.070+0000][30.476s][info ][gc,cpu      ] GC(35) User=0.05s Sys=0.00s Real=0.01s
[2025-04-24T19:54:27.070+0000][30.476s][info ][safepoint   ] Safepoint "G1CollectForAllocation", Time since last: 343700520 ns, Reaching safepoint: 44197 ns, Cleanup: 56026 ns, At safepoint: 12174197 ns, Total: 12274420 ns
[2025-04-24T19:54:27.453+0000][30.858s][debug][safepoint   ] Safepoint synchronization initiated using futex wait barrier. (20 threads)
[2025-04-24T19:54:27.453+0000][30.858s][info ][safepoint   ] Safepoint "ICBufferFull", Time since last: 382396523 ns, Reaching safepoint: 53139 ns, Cleanup: 99775 ns, At safepoint: 6013 ns, Total: 158927 ns
[2025-04-24T19:54:27.690+0000][31.095s][debug][safepoint   ] Safepoint synchronization initiated using futex wait barrier. (21 threads)
[2025-04-24T19:54:27.690+0000][31.096s][info ][safepoint   ] Safepoint "ICBufferFull", Time since last: 237246961 ns, Reaching safepoint: 49686 ns, Cleanup: 98754 ns, At safepoint: 6688 ns, Total: 155128 ns
[2025-04-24T19:54:27.786+0000][31.191s][debug][safepoint   ] Safepoint synchronization initiated using futex wait barrier. (21 threads)
[2025-04-24T19:54:27.786+0000][31.191s][info ][gc,start    ] GC(36) Pause Young (Normal) (G1 Evacuation Pause)
[2025-04-24T19:54:27.786+0000][31.191s][info ][gc,task     ] GC(36) Using 4 workers of 4 for evacuation
[2025-04-24T19:54:27.803+0000][31.209s][info ][gc,phases   ] GC(36)   Pre Evacuate Collection Set: 1.4ms
[2025-04-24T19:54:27.803+0000][31.209s][info ][gc,phases   ] GC(36)   Merge Heap Roots: 0.1ms
[2025-04-24T19:54:27.804+0000][31.209s][info ][gc,phases   ] GC(36)   Evacuate Collection Set: 14.0ms
[2025-04-24T19:54:27.804+0000][31.209s][info ][gc,phases   ] GC(36)   Post Evacuate Collection Set: 1.6ms
[2025-04-24T19:54:27.804+0000][31.209s][info ][gc,phases   ] GC(36)   Other: 0.2ms
[2025-04-24T19:54:27.804+0000][31.209s][info ][gc,heap     ] GC(36) Eden regions: 120->0(121)
[2025-04-24T19:54:27.804+0000][31.209s][info ][gc,heap     ] GC(36) Survivor regions: 11->9(17)
[2025-04-24T19:54:27.804+0000][31.209s][info ][gc,heap     ] GC(36) Old regions: 63->66
[2025-04-24T19:54:27.804+0000][31.209s][info ][gc,heap     ] GC(36) Archive regions: 2->2
[2025-04-24T19:54:27.804+0000][31.209s][info ][gc,heap     ] GC(36) Humongous regions: 0->0
[2025-04-24T19:54:27.804+0000][31.209s][info ][gc,metaspace] GC(36) Metaspace: 72276K(72768K)->72276K(72768K) NonClass: 63096K(63360K)->63096K(63360K) Class: 9180K(9408K)->9180K(9408K)
[2025-04-24T19:54:27.804+0000][31.209s][info ][gc          ] GC(36) Pause Young (Normal) (G1 Evacuation Pause) 193M->75M(231M) 17.628ms
[2025-04-24T19:54:27.804+0000][31.209s][info ][gc,cpu      ] GC(36) User=0.06s Sys=0.00s Real=0.02s
[2025-04-24T19:54:27.804+0000][31.209s][info ][safepoint   ] Safepoint "G1CollectForAllocation", Time since last: 95548329 ns, Reaching safepoint: 168010 ns, Cleanup: 3452 ns, At safepoint: 17694845 ns, Total: 17866307 ns
[2025-04-24T19:54:28.016+0000][31.421s][debug][safepoint   ] Safepoint synchronization initiated using futex wait barrier. (21 threads)
[2025-04-24T19:54:28.016+0000][31.421s][info ][gc,start    ] GC(37) Pause Young (Concurrent Start) (Metadata GC Threshold)
[2025-04-24T19:54:28.016+0000][31.421s][info ][gc,task     ] GC(37) Using 4 workers of 4 for evacuation
[2025-04-24T19:54:28.026+0000][31.431s][info ][gc,phases   ] GC(37)   Pre Evacuate Collection Set: 0.2ms
[2025-04-24T19:54:28.026+0000][31.431s][info ][gc,phases   ] GC(37)   Merge Heap Roots: 0.1ms
[2025-04-24T19:54:28.026+0000][31.431s][info ][gc,phases   ] GC(37)   Evacuate Collection Set: 8.1ms
[2025-04-24T19:54:28.026+0000][31.431s][info ][gc,phases   ] GC(37)   Post Evacuate Collection Set: 1.6ms
[2025-04-24T19:54:28.026+0000][31.431s][info ][gc,phases   ] GC(37)   Other: 0.1ms
[2025-04-24T19:54:28.026+0000][31.431s][info ][gc,heap     ] GC(37) Eden regions: 36->0(121)
[2025-04-24T19:54:28.026+0000][31.431s][info ][gc,heap     ] GC(37) Survivor regions: 9->9(17)
[2025-04-24T19:54:28.026+0000][31.431s][info ][gc,heap     ] GC(37) Old regions: 66->66
[2025-04-24T19:54:28.026+0000][31.431s][info ][gc,heap     ] GC(37) Archive regions: 2->2
[2025-04-24T19:54:28.026+0000][31.431s][info ][gc,heap     ] GC(37) Humongous regions: 0->0
[2025-04-24T19:54:28.026+0000][31.431s][info ][gc,metaspace] GC(37) Metaspace: 74369K(74816K)->74369K(74816K) NonClass: 64765K(64960K)->64765K(64960K) Class: 9603K(9856K)->9603K(9856K)
[2025-04-24T19:54:28.026+0000][31.431s][info ][gc          ] GC(37) Pause Young (Concurrent Start) (Metadata GC Threshold) 110M->75M(231M) 10.374ms
[2025-04-24T19:54:28.026+0000][31.431s][info ][gc,cpu      ] GC(37) User=0.03s Sys=0.00s Real=0.01s
[2025-04-24T19:54:28.026+0000][31.431s][info ][gc          ] GC(38) Concurrent Mark Cycle
[2025-04-24T19:54:28.026+0000][31.431s][info ][gc,marking  ] GC(38) Concurrent Clear Claimed Marks
[2025-04-24T19:54:28.026+0000][31.431s][info ][gc,marking  ] GC(38) Concurrent Clear Claimed Marks 0.050ms
[2025-04-24T19:54:28.026+0000][31.431s][info ][gc,marking  ] GC(38) Concurrent Scan Root Regions
[2025-04-24T19:54:28.026+0000][31.431s][info ][safepoint   ] Safepoint "CollectForMetadataAllocation", Time since last: 211852526 ns, Reaching safepoint: 48176 ns, Cleanup: 17097 ns, At safepoint: 10463829 ns, Total: 10529102 ns
[2025-04-24T19:54:28.036+0000][31.441s][info ][gc,marking  ] GC(38) Concurrent Scan Root Regions 9.386ms
[2025-04-24T19:54:28.036+0000][31.441s][info ][gc,marking  ] GC(38) Concurrent Mark
[2025-04-24T19:54:28.036+0000][31.441s][info ][gc,marking  ] GC(38) Concurrent Mark From Roots
[2025-04-24T19:54:28.036+0000][31.441s][info ][gc,task     ] GC(38) Using 1 workers of 1 for marking
[2025-04-24T19:54:28.082+0000][31.487s][debug][safepoint   ] Safepoint synchronization initiated using futex wait barrier. (20 threads)
[2025-04-24T19:54:28.082+0000][31.487s][info ][safepoint   ] Safepoint "CollectForMetadataAllocation", Time since last: 55694273 ns, Reaching safepoint: 46485 ns, Cleanup: 8029 ns, At safepoint: 25477 ns, Total: 79991 ns
[2025-04-24T19:54:28.114+0000][31.519s][debug][safepoint   ] Safepoint synchronization initiated using futex wait barrier. (20 threads)
[2025-04-24T19:54:28.114+0000][31.519s][info ][safepoint   ] Safepoint "CollectForMetadataAllocation", Time since last: 29517419 ns, Reaching safepoint: 2625689 ns, Cleanup: 4525 ns, At safepoint: 35981 ns, Total: 2666195 ns
[2025-04-24T19:54:28.129+0000][31.534s][debug][safepoint   ] Safepoint synchronization initiated using futex wait barrier. (20 threads)
[2025-04-24T19:54:28.129+0000][31.534s][info ][safepoint   ] Safepoint "CollectForMetadataAllocation", Time since last: 14535620 ns, Reaching safepoint: 167972 ns, Cleanup: 3427 ns, At safepoint: 31951 ns, Total: 203350 ns
[2025-04-24T19:54:28.165+0000][31.571s][info ][gc,marking  ] GC(38) Concurrent Mark From Roots 129.708ms
[2025-04-24T19:54:28.165+0000][31.571s][info ][gc,marking  ] GC(38) Concurrent Preclean
[2025-04-24T19:54:28.166+0000][31.571s][info ][gc,marking  ] GC(38) Concurrent Preclean 0.326ms
[2025-04-24T19:54:28.166+0000][31.571s][debug][safepoint   ] Safepoint synchronization initiated using futex wait barrier. (20 threads)
[2025-04-24T19:54:28.166+0000][31.571s][info ][gc,start    ] GC(38) Pause Remark
[2025-04-24T19:54:28.171+0000][31.576s][info ][gc          ] GC(38) Pause Remark 95M->95M(231M) 5.258ms
[2025-04-24T19:54:28.171+0000][31.576s][info ][gc,cpu      ] GC(38) User=0.02s Sys=0.00s Real=0.01s
[2025-04-24T19:54:28.171+0000][31.576s][info ][safepoint   ] Safepoint "G1PauseRemark", Time since last: 36940024 ns, Reaching safepoint: 16182 ns, Cleanup: 3019 ns, At safepoint: 5342061 ns, Total: 5361262 ns
[2025-04-24T19:54:28.171+0000][31.576s][info ][gc,marking  ] GC(38) Concurrent Mark 135.570ms
[2025-04-24T19:54:28.171+0000][31.576s][info ][gc,marking  ] GC(38) Concurrent Rebuild Remembered Sets
[2025-04-24T19:54:28.250+0000][31.655s][info ][gc,marking  ] GC(38) Concurrent Rebuild Remembered Sets 78.636ms
[2025-04-24T19:54:28.250+0000][31.655s][debug][safepoint   ] Safepoint synchronization initiated using futex wait barrier. (20 threads)
[2025-04-24T19:54:28.250+0000][31.655s][info ][gc,start    ] GC(38) Pause Cleanup
[2025-04-24T19:54:28.250+0000][31.656s][info ][gc          ] GC(38) Pause Cleanup 108M->108M(231M) 0.147ms
[2025-04-24T19:54:28.250+0000][31.656s][info ][gc,cpu      ] GC(38) User=0.00s Sys=0.00s Real=0.00s
[2025-04-24T19:54:28.250+0000][31.656s][info ][safepoint   ] Safepoint "G1PauseCleanup", Time since last: 78960919 ns, Reaching safepoint: 99243 ns, Cleanup: 9146 ns, At safepoint: 193763 ns, Total: 302152 ns
[2025-04-24T19:54:28.251+0000][31.656s][info ][gc,marking  ] GC(38) Concurrent Cleanup for Next Mark
[2025-04-24T19:54:28.252+0000][31.657s][info ][gc,marking  ] GC(38) Concurrent Cleanup for Next Mark 1.014ms
[2025-04-24T19:54:28.252+0000][31.657s][info ][gc          ] GC(38) Concurrent Mark Cycle 225.558ms
[2025-04-24T19:54:28.643+0000][32.048s][debug][safepoint   ] Safepoint synchronization initiated using futex wait barrier. (21 threads)
[2025-04-24T19:54:28.643+0000][32.048s][info ][gc,start    ] GC(39) Pause Young (Prepare Mixed) (G1 Evacuation Pause)
[2025-04-24T19:54:28.643+0000][32.048s][info ][gc,task     ] GC(39) Using 4 workers of 4 for evacuation
[2025-04-24T19:54:28.652+0000][32.058s][info ][gc,phases   ] GC(39)   Pre Evacuate Collection Set: 0.1ms
[2025-04-24T19:54:28.653+0000][32.058s][info ][gc,phases   ] GC(39)   Merge Heap Roots: 0.1ms
[2025-04-24T19:54:28.653+0000][32.058s][info ][gc,phases   ] GC(39)   Evacuate Collection Set: 8.6ms
[2025-04-24T19:54:28.653+0000][32.058s][info ][gc,phases   ] GC(39)   Post Evacuate Collection Set: 1.1ms
[2025-04-24T19:54:28.653+0000][32.058s][info ][gc,phases   ] GC(39)   Other: 0.1ms
[2025-04-24T19:54:28.653+0000][32.058s][info ][gc,heap     ] GC(39) Eden regions: 121->0(1)
[2025-04-24T19:54:28.653+0000][32.058s][info ][gc,heap     ] GC(39) Survivor regions: 9->10(17)
[2025-04-24T19:54:28.653+0000][32.058s][info ][gc,heap     ] GC(39) Old regions: 66->66
[2025-04-24T19:54:28.653+0000][32.058s][info ][gc,heap     ] GC(39) Archive regions: 2->2
[2025-04-24T19:54:28.653+0000][32.058s][info ][gc,heap     ] GC(39) Humongous regions: 0->0
[2025-04-24T19:54:28.653+0000][32.058s][info ][gc,metaspace] GC(39) Metaspace: 76874K(77312K)->76874K(77312K) NonClass: 66813K(67008K)->66813K(67008K) Class: 10061K(10304K)->10061K(10304K)
[2025-04-24T19:54:28.653+0000][32.058s][info ][gc          ] GC(39) Pause Young (Prepare Mixed) (G1 Evacuation Pause) 196M->76M(231M) 9.986ms
[2025-04-24T19:54:28.653+0000][32.058s][info ][gc,cpu      ] GC(39) User=0.04s Sys=0.00s Real=0.01s
[2025-04-24T19:54:28.653+0000][32.058s][info ][safepoint   ] Safepoint "G1CollectForAllocation", Time since last: 392060147 ns, Reaching safepoint: 38472 ns, Cleanup: 36799 ns, At safepoint: 10033387 ns, Total: 10108658 ns
[2025-04-24T19:54:28.656+0000][32.061s][debug][safepoint   ] Safepoint synchronization initiated using futex wait barrier. (21 threads)
[2025-04-24T19:54:28.656+0000][32.061s][info ][gc,start    ] GC(40) Pause Young (Mixed) (G1 Evacuation Pause)
[2025-04-24T19:54:28.656+0000][32.061s][info ][gc,task     ] GC(40) Using 4 workers of 4 for evacuation
[2025-04-24T19:54:28.667+0000][32.072s][info ][gc,phases   ] GC(40)   Pre Evacuate Collection Set: 0.1ms
[2025-04-24T19:54:28.667+0000][32.072s][info ][gc,phases   ] GC(40)   Merge Heap Roots: 0.1ms
[2025-04-24T19:54:28.667+0000][32.072s][info ][gc,phases   ] GC(40)   Evacuate Collection Set: 9.7ms
[2025-04-24T19:54:28.667+0000][32.072s][info ][gc,phases   ] GC(40)   Post Evacuate Collection Set: 1.1ms
[2025-04-24T19:54:28.667+0000][32.072s][info ][gc,phases   ] GC(40)   Other: 0.1ms
[2025-04-24T19:54:28.667+0000][32.072s][info ][gc,heap     ] GC(40) Eden regions: 1->0(124)
[2025-04-24T19:54:28.667+0000][32.072s][info ][gc,heap     ] GC(40) Survivor regions: 10->2(2)
[2025-04-24T19:54:28.667+0000][32.072s][info ][gc,heap     ] GC(40) Old regions: 66->73
[2025-04-24T19:54:28.667+0000][32.072s][info ][gc,heap     ] GC(40) Archive regions: 2->2
[2025-04-24T19:54:28.667+0000][32.072s][info ][gc,heap     ] GC(40) Humongous regions: 0->0
[2025-04-24T19:54:28.667+0000][32.072s][info ][gc,metaspace] GC(40) Metaspace: 76889K(77376K)->76889K(77376K) NonClass: 66824K(67072K)->66824K(67072K) Class: 10064K(10304K)->10064K(10304K)
[2025-04-24T19:54:28.667+0000][32.072s][info ][gc          ] GC(40) Pause Young (Mixed) (G1 Evacuation Pause) 77M->75M(231M) 11.173ms
[2025-04-24T19:54:28.667+0000][32.072s][info ][gc,cpu      ] GC(40) User=0.04s Sys=0.00s Real=0.01s
[2025-04-24T19:54:28.667+0000][32.072s][info ][safepoint   ] Safepoint "G1CollectForAllocation", Time since last: 3054447 ns, Reaching safepoint: 41621 ns, Cleanup: 2803 ns, At safepoint: 11221568 ns, Total: 11265992 ns
[2025-04-24T19:54:29.028+0000][32.433s][debug][safepoint   ] Safepoint synchronization initiated using futex wait barrier. (21 threads)
[2025-04-24T19:54:29.028+0000][32.433s][info ][safepoint   ] Safepoint "ICBufferFull", Time since last: 360723064 ns, Reaching safepoint: 296216 ns, Cleanup: 98188 ns, At safepoint: 4971 ns, Total: 399375 ns
[2025-04-24T19:54:29.154+0000][32.559s][debug][safepoint   ] Safepoint synchronization initiated using futex wait barrier. (21 threads)
[2025-04-24T19:54:29.155+0000][32.560s][info ][safepoint   ] Safepoint "ICBufferFull", Time since last: 126083344 ns, Reaching safepoint: 182735 ns, Cleanup: 137765 ns, At safepoint: 14592 ns, Total: 335092 ns
[2025-04-24T19:54:29.297+0000][32.702s][debug][safepoint   ] Safepoint synchronization initiated using futex wait barrier. (21 threads)
[2025-04-24T19:54:29.297+0000][32.703s][info ][safepoint   ] Safepoint "ICBufferFull", Time since last: 142735434 ns, Reaching safepoint: 128350 ns, Cleanup: 109844 ns, At safepoint: 9204 ns, Total: 247398 ns
[2025-04-24T19:54:29.451+0000][32.856s][debug][safepoint   ] Safepoint synchronization initiated using futex wait barrier. (21 threads)
[2025-04-24T19:54:29.452+0000][32.857s][info ][safepoint   ] Safepoint "ICBufferFull", Time since last: 153638595 ns, Reaching safepoint: 308795 ns, Cleanup: 119498 ns, At safepoint: 5064 ns, Total: 433357 ns
[2025-04-24T19:54:29.678+0000][33.083s][debug][safepoint   ] Safepoint synchronization initiated using futex wait barrier. (21 threads)
[2025-04-24T19:54:29.678+0000][33.083s][info ][safepoint   ] Safepoint "ICBufferFull", Time since last: 226025450 ns, Reaching safepoint: 68151 ns, Cleanup: 138747 ns, At safepoint: 10293 ns, Total: 217191 ns
[2025-04-24T19:54:29.769+0000][33.174s][debug][safepoint   ] Safepoint synchronization initiated using futex wait barrier. (21 threads)
[2025-04-24T19:54:29.769+0000][33.174s][info ][gc,start    ] GC(41) Pause Young (Concurrent Start) (G1 Evacuation Pause)
[2025-04-24T19:54:29.769+0000][33.174s][info ][gc,task     ] GC(41) Using 4 workers of 4 for evacuation
[2025-04-24T19:54:29.776+0000][33.181s][info ][gc,phases   ] GC(41)   Pre Evacuate Collection Set: 0.8ms
[2025-04-24T19:54:29.776+0000][33.181s][info ][gc,phases   ] GC(41)   Merge Heap Roots: 0.1ms
[2025-04-24T19:54:29.776+0000][33.181s][info ][gc,phases   ] GC(41)   Evacuate Collection Set: 4.5ms
[2025-04-24T19:54:29.776+0000][33.181s][info ][gc,phases   ] GC(41)   Post Evacuate Collection Set: 1.3ms
[2025-04-24T19:54:29.776+0000][33.181s][info ][gc,phases   ] GC(41)   Other: 0.1ms
[2025-04-24T19:54:29.776+0000][33.181s][info ][gc,heap     ] GC(41) Eden regions: 124->0(123)
[2025-04-24T19:54:29.776+0000][33.181s][info ][gc,heap     ] GC(41) Survivor regions: 2->3(16)
[2025-04-24T19:54:29.776+0000][33.181s][info ][gc,heap     ] GC(41) Old regions: 73->73
[2025-04-24T19:54:29.776+0000][33.181s][info ][gc,heap     ] GC(41) Archive regions: 2->2
[2025-04-24T19:54:29.776+0000][33.181s][info ][gc,heap     ] GC(41) Humongous regions: 0->0
[2025-04-24T19:54:29.776+0000][33.181s][info ][gc,metaspace] GC(41) Metaspace: 79379K(79872K)->79379K(79872K) NonClass: 69004K(69248K)->69004K(69248K) Class: 10375K(10624K)->10375K(10624K)
[2025-04-24T19:54:29.776+0000][33.181s][info ][gc          ] GC(41) Pause Young (Concurrent Start) (G1 Evacuation Pause) 199M->75M(231M) 6.989ms
[2025-04-24T19:54:29.776+0000][33.181s][info ][gc,cpu      ] GC(41) User=0.02s Sys=0.00s Real=0.00s
[2025-04-24T19:54:29.776+0000][33.182s][info ][gc          ] GC(42) Concurrent Mark Cycle
[2025-04-24T19:54:29.776+0000][33.182s][info ][safepoint   ] Safepoint "G1CollectForAllocation", Time since last: 91373782 ns, Reaching safepoint: 52787 ns, Cleanup: 58551 ns, At safepoint: 7050971 ns, Total: 7162309 ns
[2025-04-24T19:54:29.776+0000][33.182s][info ][gc,marking  ] GC(42) Concurrent Clear Claimed Marks
[2025-04-24T19:54:29.777+0000][33.183s][info ][gc,marking  ] GC(42) Concurrent Clear Claimed Marks 1.061ms
[2025-04-24T19:54:29.777+0000][33.183s][info ][gc,marking  ] GC(42) Concurrent Scan Root Regions
[2025-04-24T19:54:29.784+0000][33.189s][info ][gc,marking  ] GC(42) Concurrent Scan Root Regions 6.411ms
[2025-04-24T19:54:29.784+0000][33.189s][info ][gc,marking  ] GC(42) Concurrent Mark
[2025-04-24T19:54:29.784+0000][33.189s][info ][gc,marking  ] GC(42) Concurrent Mark From Roots
[2025-04-24T19:54:29.784+0000][33.189s][info ][gc,task     ] GC(42) Using 1 workers of 1 for marking
[2025-04-24T19:54:29.966+0000][33.371s][info ][gc,marking  ] GC(42) Concurrent Mark From Roots 181.758ms
[2025-04-24T19:54:29.966+0000][33.371s][info ][gc,marking  ] GC(42) Concurrent Preclean
[2025-04-24T19:54:29.966+0000][33.371s][info ][gc,marking  ] GC(42) Concurrent Preclean 0.272ms
[2025-04-24T19:54:29.966+0000][33.371s][debug][safepoint   ] Safepoint synchronization initiated using futex wait barrier. (20 threads)
[2025-04-24T19:54:29.966+0000][33.371s][info ][gc,start    ] GC(42) Pause Remark
[2025-04-24T19:54:29.972+0000][33.377s][info ][gc          ] GC(42) Pause Remark 103M->103M(231M) 5.258ms
[2025-04-24T19:54:29.972+0000][33.377s][info ][gc,cpu      ] GC(42) User=0.02s Sys=0.00s Real=0.01s
[2025-04-24T19:54:29.972+0000][33.377s][info ][safepoint   ] Safepoint "G1PauseRemark", Time since last: 189838395 ns, Reaching safepoint: 53604 ns, Cleanup: 69942 ns, At safepoint: 5452210 ns, Total: 5575756 ns
[2025-04-24T19:54:29.972+0000][33.377s][info ][gc,marking  ] GC(42) Concurrent Mark 187.903ms
[2025-04-24T19:54:29.972+0000][33.377s][info ][gc,marking  ] GC(42) Concurrent Rebuild Remembered Sets
[2025-04-24T19:54:30.059+0000][33.464s][info ][gc,marking  ] GC(42) Concurrent Rebuild Remembered Sets 86.689ms
[2025-04-24T19:54:30.059+0000][33.464s][debug][safepoint   ] Safepoint synchronization initiated using futex wait barrier. (20 threads)
[2025-04-24T19:54:30.059+0000][33.464s][info ][gc,start    ] GC(42) Pause Cleanup
[2025-04-24T19:54:30.059+0000][33.464s][info ][gc          ] GC(42) Pause Cleanup 115M->115M(231M) 0.154ms
[2025-04-24T19:54:30.059+0000][33.464s][info ][gc,cpu      ] GC(42) User=0.00s Sys=0.00s Real=0.00s
[2025-04-24T19:54:30.059+0000][33.464s][info ][safepoint   ] Safepoint "G1PauseCleanup", Time since last: 87013716 ns, Reaching safepoint: 98803 ns, Cleanup: 9575 ns, At safepoint: 194055 ns, Total: 302433 ns
[2025-04-24T19:54:30.059+0000][33.464s][info ][gc,marking  ] GC(42) Concurrent Cleanup for Next Mark
[2025-04-24T19:54:30.060+0000][33.465s][info ][gc,marking  ] GC(42) Concurrent Cleanup for Next Mark 0.541ms
[2025-04-24T19:54:30.060+0000][33.465s][info ][gc          ] GC(42) Concurrent Mark Cycle 283.612ms
[2025-04-24T19:54:30.491+0000][33.896s][debug][safepoint   ] Safepoint synchronization initiated using futex wait barrier. (20 threads)
[2025-04-24T19:54:30.491+0000][33.897s][info ][gc,start    ] GC(43) Pause Young (Prepare Mixed) (G1 Evacuation Pause)
[2025-04-24T19:54:30.491+0000][33.897s][info ][gc,task     ] GC(43) Using 4 workers of 4 for evacuation
[2025-04-24T19:54:30.497+0000][33.903s][info ][gc,phases   ] GC(43)   Pre Evacuate Collection Set: 0.1ms
[2025-04-24T19:54:30.498+0000][33.903s][info ][gc,phases   ] GC(43)   Merge Heap Roots: 0.1ms
[2025-04-24T19:54:30.498+0000][33.903s][info ][gc,phases   ] GC(43)   Evacuate Collection Set: 4.9ms
[2025-04-24T19:54:30.498+0000][33.903s][info ][gc,phases   ] GC(43)   Post Evacuate Collection Set: 1.0ms
[2025-04-24T19:54:30.498+0000][33.903s][info ][gc,phases   ] GC(43)   Other: 0.1ms
[2025-04-24T19:54:30.498+0000][33.903s][info ][gc,heap     ] GC(43) Eden regions: 123->0(6)
[2025-04-24T19:54:30.498+0000][33.903s][info ][gc,heap     ] GC(43) Survivor regions: 3->5(16)
[2025-04-24T19:54:30.498+0000][33.903s][info ][gc,heap     ] GC(43) Old regions: 73->73
[2025-04-24T19:54:30.498+0000][33.903s][info ][gc,heap     ] GC(43) Archive regions: 2->2
[2025-04-24T19:54:30.498+0000][33.903s][info ][gc,heap     ] GC(43) Humongous regions: 0->0
[2025-04-24T19:54:30.498+0000][33.903s][info ][gc,metaspace] GC(43) Metaspace: 82457K(82944K)->82457K(82944K) NonClass: 71627K(71872K)->71627K(71872K) Class: 10830K(11072K)->10830K(11072K)
[2025-04-24T19:54:30.498+0000][33.903s][info ][gc          ] GC(43) Pause Young (Prepare Mixed) (G1 Evacuation Pause) 198M->77M(231M) 6.173ms
[2025-04-24T19:54:30.498+0000][33.903s][info ][gc,cpu      ] GC(43) User=0.02s Sys=0.00s Real=0.00s
[2025-04-24T19:54:30.498+0000][33.903s][info ][safepoint   ] Safepoint "G1CollectForAllocation", Time since last: 432205114 ns, Reaching safepoint: 43743 ns, Cleanup: 81962 ns, At safepoint: 6217350 ns, Total: 6343055 ns
[2025-04-24T19:54:30.514+0000][33.919s][debug][safepoint   ] Safepoint synchronization initiated using futex wait barrier. (20 threads)
[2025-04-24T19:54:30.514+0000][33.919s][info ][gc,start    ] GC(44) Pause Young (Mixed) (G1 Evacuation Pause)
[2025-04-24T19:54:30.514+0000][33.919s][info ][gc,task     ] GC(44) Using 4 workers of 4 for evacuation
[2025-04-24T19:54:30.521+0000][33.926s][info ][gc,phases   ] GC(44)   Pre Evacuate Collection Set: 0.1ms
[2025-04-24T19:54:30.521+0000][33.927s][info ][gc,phases   ] GC(44)   Merge Heap Roots: 0.2ms
[2025-04-24T19:54:30.521+0000][33.927s][info ][gc,phases   ] GC(44)   Evacuate Collection Set: 6.0ms
[2025-04-24T19:54:30.521+0000][33.927s][info ][gc,phases   ] GC(44)   Post Evacuate Collection Set: 1.0ms
[2025-04-24T19:54:30.521+0000][33.927s][info ][gc,phases   ] GC(44)   Other: 0.1ms
[2025-04-24T19:54:30.521+0000][33.927s][info ][gc,heap     ] GC(44) Eden regions: 6->0(121)
[2025-04-24T19:54:30.521+0000][33.927s][info ][gc,heap     ] GC(44) Survivor regions: 5->1(2)
[2025-04-24T19:54:30.521+0000][33.927s][info ][gc,heap     ] GC(44) Old regions: 73->76
[2025-04-24T19:54:30.521+0000][33.927s][info ][gc,heap     ] GC(44) Archive regions: 2->2
[2025-04-24T19:54:30.521+0000][33.927s][info ][gc,heap     ] GC(44) Humongous regions: 0->0
[2025-04-24T19:54:30.521+0000][33.927s][info ][gc,metaspace] GC(44) Metaspace: 82479K(82944K)->82479K(82944K) NonClass: 71648K(71872K)->71648K(71872K) Class: 10831K(11072K)->10831K(11072K)
[2025-04-24T19:54:30.521+0000][33.927s][info ][gc          ] GC(44) Pause Young (Mixed) (G1 Evacuation Pause) 83M->77M(231M) 7.451ms
[2025-04-24T19:54:30.521+0000][33.927s][info ][gc,cpu      ] GC(44) User=0.02s Sys=0.00s Real=0.01s
[2025-04-24T19:54:30.521+0000][33.927s][info ][safepoint   ] Safepoint "G1CollectForAllocation", Time since last: 16322129 ns, Reaching safepoint: 34906 ns, Cleanup: 7061 ns, At safepoint: 7496671 ns, Total: 7538638 ns
[2025-04-24T19:54:30.970+0000][34.375s][debug][safepoint   ] Safepoint synchronization initiated using futex wait barrier. (20 threads)
[2025-04-24T19:54:30.971+0000][34.376s][info ][safepoint   ] Safepoint "ICBufferFull", Time since last: 448682411 ns, Reaching safepoint: 212180 ns, Cleanup: 134253 ns, At safepoint: 7575 ns, Total: 354008 ns
[2025-04-24T19:54:31.328+0000][34.734s][debug][safepoint   ] Safepoint synchronization initiated using futex wait barrier. (20 threads)
[2025-04-24T19:54:31.329+0000][34.734s][info ][gc,start    ] GC(45) Pause Young (Normal) (G1 Evacuation Pause)
[2025-04-24T19:54:31.329+0000][34.734s][info ][gc,task     ] GC(45) Using 4 workers of 4 for evacuation
[2025-04-24T19:54:31.339+0000][34.744s][info ][gc,phases   ] GC(45)   Pre Evacuate Collection Set: 0.1ms
[2025-04-24T19:54:31.339+0000][34.744s][info ][gc,phases   ] GC(45)   Merge Heap Roots: 0.1ms
[2025-04-24T19:54:31.339+0000][34.744s][info ][gc,phases   ] GC(45)   Evacuate Collection Set: 4.6ms
[2025-04-24T19:54:31.339+0000][34.744s][info ][gc,phases   ] GC(45)   Post Evacuate Collection Set: 5.4ms
[2025-04-24T19:54:31.339+0000][34.744s][info ][gc,phases   ] GC(45)   Other: 0.2ms
[2025-04-24T19:54:31.339+0000][34.744s][info ][gc,heap     ] GC(45) Eden regions: 121->0(406)
[2025-04-24T19:54:31.339+0000][34.744s][info ][gc,heap     ] GC(45) Survivor regions: 1->3(16)
[2025-04-24T19:54:31.339+0000][34.744s][info ][gc,heap     ] GC(45) Old regions: 76->76
[2025-04-24T19:54:31.339+0000][34.744s][info ][gc,heap     ] GC(45) Archive regions: 2->2
[2025-04-24T19:54:31.339+0000][34.744s][info ][gc,heap     ] GC(45) Humongous regions: 0->0
[2025-04-24T19:54:31.339+0000][34.744s][info ][gc,metaspace] GC(45) Metaspace: 84364K(84992K)->84364K(84992K) NonClass: 73385K(73728K)->73385K(73728K) Class: 10978K(11264K)->10978K(11264K)
[2025-04-24T19:54:31.339+0000][34.744s][info ][gc          ] GC(45) Pause Young (Normal) (G1 Evacuation Pause) 198M->79M(682M) 10.504ms
[2025-04-24T19:54:31.339+0000][34.744s][info ][gc,cpu      ] GC(45) User=0.02s Sys=0.01s Real=0.01s
[2025-04-24T19:54:31.339+0000][34.745s][info ][safepoint   ] Safepoint "G1CollectForAllocation", Time since last: 357981822 ns, Reaching safepoint: 199020 ns, Cleanup: 91301 ns, At safepoint: 10575104 ns, Total: 10865425 ns
[2025-04-24T19:54:32.341+0000][35.746s][debug][safepoint   ] Safepoint synchronization initiated using futex wait barrier. (20 threads)
[2025-04-24T19:54:32.341+0000][35.746s][info ][safepoint   ] Safepoint "Cleanup", Time since last: 1001366020 ns, Reaching safepoint: 147044 ns, Cleanup: 75781 ns, At safepoint: 11181 ns, Total: 234006 ns
[2025-04-24T19:54:33.551+0000][36.956s][debug][safepoint   ] Safepoint synchronization initiated using futex wait barrier. (24 threads)
[2025-04-24T19:54:33.552+0000][36.957s][info ][safepoint   ] Safepoint "ICBufferFull", Time since last: 1210336891 ns, Reaching safepoint: 68317 ns, Cleanup: 167224 ns, At safepoint: 5604 ns, Total: 241145 ns
[2025-04-24T19:54:34.691+0000][38.096s][debug][safepoint   ] Safepoint synchronization initiated using futex wait barrier. (25 threads)
[2025-04-24T19:54:34.696+0000][38.102s][info ][safepoint   ] Safepoint "Cleanup", Time since last: 1139655381 ns, Reaching safepoint: 1314113 ns, Cleanup: 106441 ns, At safepoint: 3839489 ns, Total: 5260043 ns
[2025-04-24T19:54:35.779+0000][39.184s][debug][safepoint   ] Safepoint synchronization initiated using futex wait barrier. (25 threads)
[2025-04-24T19:54:35.779+0000][39.184s][info ][safepoint   ] Safepoint "Cleanup", Time since last: 1082495133 ns, Reaching safepoint: 60982 ns, Cleanup: 87029 ns, At safepoint: 3778 ns, Total: 151789 ns
[2025-04-24T19:54:36.116+0000][39.521s][debug][safepoint   ] Safepoint synchronization initiated using futex wait barrier. (25 threads)
[2025-04-24T19:54:36.117+0000][39.522s][info ][gc,start    ] GC(46) Pause Young (Normal) (G1 Evacuation Pause)
[2025-04-24T19:54:36.117+0000][39.522s][info ][gc,task     ] GC(46) Using 4 workers of 4 for evacuation
[2025-04-24T19:54:36.156+0000][39.562s][info ][gc,phases   ] GC(46)   Pre Evacuate Collection Set: 0.2ms
[2025-04-24T19:54:36.156+0000][39.562s][info ][gc,phases   ] GC(46)   Merge Heap Roots: 0.3ms
[2025-04-24T19:54:36.157+0000][39.562s][info ][gc,phases   ] GC(46)   Evacuate Collection Set: 35.1ms
[2025-04-24T19:54:36.157+0000][39.562s][info ][gc,phases   ] GC(46)   Post Evacuate Collection Set: 3.8ms
[2025-04-24T19:54:36.157+0000][39.562s][info ][gc,phases   ] GC(46)   Other: 0.5ms
[2025-04-24T19:54:36.157+0000][39.562s][info ][gc,heap     ] GC(46) Eden regions: 406->0(396)
[2025-04-24T19:54:36.157+0000][39.562s][info ][gc,heap     ] GC(46) Survivor regions: 3->13(52)
[2025-04-24T19:54:36.157+0000][39.562s][info ][gc,heap     ] GC(46) Old regions: 76->76
[2025-04-24T19:54:36.157+0000][39.562s][info ][gc,heap     ] GC(46) Archive regions: 2->2
[2025-04-24T19:54:36.157+0000][39.562s][info ][gc,heap     ] GC(46) Humongous regions: 0->0
[2025-04-24T19:54:36.157+0000][39.562s][info ][gc,metaspace] GC(46) Metaspace: 93839K(94400K)->93839K(94400K) NonClass: 81705K(81984K)->81705K(81984K) Class: 12133K(12416K)->12133K(12416K)
[2025-04-24T19:54:36.157+0000][39.562s][info ][gc          ] GC(46) Pause Young (Normal) (G1 Evacuation Pause) 485M->89M(682M) 40.037ms
[2025-04-24T19:54:36.157+0000][39.562s][info ][gc,cpu      ] GC(46) User=0.10s Sys=0.01s Real=0.04s
[2025-04-24T19:54:36.157+0000][39.562s][info ][safepoint   ] Safepoint "G1CollectForAllocation", Time since last: 337162511 ns, Reaching safepoint: 203277 ns, Cleanup: 93872 ns, At safepoint: 40098630 ns, Total: 40395779 ns
[2025-04-24T19:54:37.174+0000][40.579s][debug][safepoint   ] Safepoint synchronization initiated using futex wait barrier. (25 threads)
[2025-04-24T19:54:37.174+0000][40.579s][info ][safepoint   ] Safepoint "Cleanup", Time since last: 1017174985 ns, Reaching safepoint: 328543 ns, Cleanup: 82511 ns, At safepoint: 5398 ns, Total: 416452 ns
[2025-04-24T19:54:38.000+0000][41.405s][debug][safepoint   ] Safepoint synchronization initiated using futex wait barrier. (28 threads)
[2025-04-24T19:54:38.000+0000][41.406s][info ][safepoint   ] Safepoint "ICBufferFull", Time since last: 825882466 ns, Reaching safepoint: 62943 ns, Cleanup: 123121 ns, At safepoint: 13753 ns, Total: 199817 ns
[2025-04-24T19:54:38.796+0000][42.201s][debug][safepoint   ] Safepoint synchronization initiated using futex wait barrier. (28 threads)
[2025-04-24T19:54:38.796+0000][42.202s][info ][gc,start    ] GC(47) Pause Young (Normal) (G1 Evacuation Pause)
[2025-04-24T19:54:38.796+0000][42.202s][info ][gc,task     ] GC(47) Using 4 workers of 4 for evacuation
[2025-04-24T19:54:38.846+0000][42.251s][info ][gc,phases   ] GC(47)   Pre Evacuate Collection Set: 0.2ms
[2025-04-24T19:54:38.846+0000][42.251s][info ][gc,phases   ] GC(47)   Merge Heap Roots: 0.3ms
[2025-04-24T19:54:38.846+0000][42.251s][info ][gc,phases   ] GC(47)   Evacuate Collection Set: 45.8ms
[2025-04-24T19:54:38.846+0000][42.251s][info ][gc,phases   ] GC(47)   Post Evacuate Collection Set: 2.9ms
[2025-04-24T19:54:38.846+0000][42.251s][info ][gc,phases   ] GC(47)   Other: 0.1ms
[2025-04-24T19:54:38.846+0000][42.251s][info ][gc,heap     ] GC(47) Eden regions: 396->0(388)
[2025-04-24T19:54:38.846+0000][42.251s][info ][gc,heap     ] GC(47) Survivor regions: 13->21(52)
[2025-04-24T19:54:38.846+0000][42.251s][info ][gc,heap     ] GC(47) Old regions: 76->76
[2025-04-24T19:54:38.846+0000][42.251s][info ][gc,heap     ] GC(47) Archive regions: 2->2
[2025-04-24T19:54:38.846+0000][42.251s][info ][gc,heap     ] GC(47) Humongous regions: 0->0
[2025-04-24T19:54:38.846+0000][42.251s][info ][gc,metaspace] GC(47) Metaspace: 105370K(105984K)->105370K(105984K) NonClass: 91593K(91904K)->91593K(91904K) Class: 13777K(14080K)->13777K(14080K)
[2025-04-24T19:54:38.846+0000][42.251s][info ][gc          ] GC(47) Pause Young (Normal) (G1 Evacuation Pause) 485M->97M(682M) 49.380ms
[2025-04-24T19:54:38.846+0000][42.251s][info ][gc,cpu      ] GC(47) User=0.18s Sys=0.01s Real=0.05s
[2025-04-24T19:54:38.846+0000][42.251s][info ][safepoint   ] Safepoint "G1CollectForAllocation", Time since last: 795978485 ns, Reaching safepoint: 54645 ns, Cleanup: 80101 ns, At safepoint: 49599179 ns, Total: 49733925 ns
[2025-04-24T19:54:39.899+0000][43.304s][debug][safepoint   ] Safepoint synchronization initiated using futex wait barrier. (34 threads)
[2025-04-24T19:54:39.899+0000][43.304s][info ][safepoint   ] Safepoint "Cleanup", Time since last: 1052665755 ns, Reaching safepoint: 122403 ns, Cleanup: 78314 ns, At safepoint: 6883 ns, Total: 207600 ns
[2025-04-24T19:54:40.999+0000][44.404s][debug][safepoint   ] ... found polling page loop exception at pc = 0x000076256a4b24b6, stub =0x000076257098e400
[2025-04-24T19:54:40.999+0000][44.404s][debug][safepoint   ] Safepoint synchronization initiated using futex wait barrier. (38 threads)
[2025-04-24T19:54:40.999+0000][44.404s][info ][safepoint   ] Safepoint "Cleanup", Time since last: 1099925169 ns, Reaching safepoint: 103535 ns, Cleanup: 98862 ns, At safepoint: 7428 ns, Total: 209825 ns
[2025-04-24T19:54:41.714+0000][45.119s][debug][safepoint   ] Safepoint synchronization initiated using futex wait barrier. (38 threads)
[2025-04-24T19:54:41.715+0000][45.120s][info ][safepoint   ] Safepoint "ICBufferFull", Time since last: 715097235 ns, Reaching safepoint: 205897 ns, Cleanup: 141762 ns, At safepoint: 8598 ns, Total: 356257 ns
[2025-04-24T19:54:42.162+0000][45.567s][debug][safepoint   ] Safepoint synchronization initiated using futex wait barrier. (38 threads)
[2025-04-24T19:54:42.163+0000][45.568s][info ][gc,start    ] GC(48) Pause Young (Normal) (G1 Evacuation Pause)
[2025-04-24T19:54:42.163+0000][45.568s][info ][gc,task     ] GC(48) Using 4 workers of 4 for evacuation
[2025-04-24T19:54:42.322+0000][45.727s][info ][gc,phases   ] GC(48)   Pre Evacuate Collection Set: 0.7ms
[2025-04-24T19:54:42.322+0000][45.727s][info ][gc,phases   ] GC(48)   Merge Heap Roots: 1.5ms
[2025-04-24T19:54:42.322+0000][45.727s][info ][gc,phases   ] GC(48)   Evacuate Collection Set: 146.2ms
[2025-04-24T19:54:42.322+0000][45.727s][info ][gc,phases   ] GC(48)   Post Evacuate Collection Set: 10.4ms
[2025-04-24T19:54:42.322+0000][45.727s][info ][gc,phases   ] GC(48)   Other: 0.2ms
[2025-04-24T19:54:42.322+0000][45.727s][info ][gc,heap     ] GC(48) Eden regions: 388->0(380)
[2025-04-24T19:54:42.322+0000][45.727s][info ][gc,heap     ] GC(48) Survivor regions: 21->29(52)
[2025-04-24T19:54:42.322+0000][45.727s][info ][gc,heap     ] GC(48) Old regions: 76->76
[2025-04-24T19:54:42.322+0000][45.727s][info ][gc,heap     ] GC(48) Archive regions: 2->2
[2025-04-24T19:54:42.322+0000][45.727s][info ][gc,heap     ] GC(48) Humongous regions: 0->0
[2025-04-24T19:54:42.322+0000][45.727s][info ][gc,metaspace] GC(48) Metaspace: 114588K(115200K)->114588K(115200K) NonClass: 99911K(100224K)->99911K(100224K) Class: 14676K(14976K)->14676K(14976K)
[2025-04-24T19:54:42.322+0000][45.727s][info ][gc          ] GC(48) Pause Young (Normal) (G1 Evacuation Pause) 485M->105M(682M) 159.142ms
[2025-04-24T19:54:42.322+0000][45.727s][info ][gc,cpu      ] GC(48) User=0.31s Sys=0.01s Real=0.16s
[2025-04-24T19:54:42.322+0000][45.727s][info ][safepoint   ] Safepoint "G1CollectForAllocation", Time since last: 447264747 ns, Reaching safepoint: 1073043 ns, Cleanup: 112433 ns, At safepoint: 159268851 ns, Total: 160454327 ns
[2025-04-24T19:54:43.376+0000][46.781s][debug][safepoint   ] Safepoint synchronization initiated using futex wait barrier. (38 threads)
[2025-04-24T19:54:43.376+0000][46.782s][info ][safepoint   ] Safepoint "ICBufferFull", Time since last: 1053866863 ns, Reaching safepoint: 58007 ns, Cleanup: 230988 ns, At safepoint: 10657 ns, Total: 299652 ns
[2025-04-24T19:54:44.420+0000][47.825s][debug][safepoint   ] Safepoint synchronization initiated using futex wait barrier. (41 threads)
[2025-04-24T19:54:44.420+0000][47.825s][info ][safepoint   ] Safepoint "Cleanup", Time since last: 1043331850 ns, Reaching safepoint: 67184 ns, Cleanup: 169993 ns, At safepoint: 6327 ns, Total: 243504 ns
[2025-04-24T19:54:45.429+0000][48.834s][debug][safepoint   ] Safepoint synchronization initiated using futex wait barrier. (41 threads)
[2025-04-24T19:54:45.429+0000][48.834s][info ][safepoint   ] Safepoint "Cleanup", Time since last: 1008961846 ns, Reaching safepoint: 58947 ns, Cleanup: 65127 ns, At safepoint: 6860 ns, Total: 130934 ns
[2025-04-24T19:54:47.257+0000][50.662s][debug][safepoint   ] Safepoint synchronization initiated using futex wait barrier. (49 threads)
[2025-04-24T19:54:47.257+0000][50.663s][info ][safepoint   ] Safepoint "Cleanup", Time since last: 1828087520 ns, Reaching safepoint: 159204 ns, Cleanup: 135671 ns, At safepoint: 14590 ns, Total: 309465 ns
[2025-04-24T19:54:47.857+0000][51.262s][debug][safepoint   ] Safepoint synchronization initiated using futex wait barrier. (50 threads)
[2025-04-24T19:54:47.857+0000][51.262s][info ][gc,start    ] GC(49) Pause Young (Normal) (G1 Evacuation Pause)
[2025-04-24T19:54:47.857+0000][51.262s][info ][gc,task     ] GC(49) Using 4 workers of 4 for evacuation
[2025-04-24T19:54:47.909+0000][51.314s][info ][gc,phases   ] GC(49)   Pre Evacuate Collection Set: 0.2ms
[2025-04-24T19:54:47.909+0000][51.314s][info ][gc,phases   ] GC(49)   Merge Heap Roots: 0.3ms
[2025-04-24T19:54:47.909+0000][51.314s][info ][gc,phases   ] GC(49)   Evacuate Collection Set: 47.2ms
[2025-04-24T19:54:47.909+0000][51.314s][info ][gc,phases   ] GC(49)   Post Evacuate Collection Set: 4.4ms
[2025-04-24T19:54:47.909+0000][51.314s][info ][gc,phases   ] GC(49)   Other: 0.1ms
[2025-04-24T19:54:47.909+0000][51.314s][info ][gc,heap     ] GC(49) Eden regions: 380->0(373)
[2025-04-24T19:54:47.909+0000][51.314s][info ][gc,heap     ] GC(49) Survivor regions: 29->36(52)
[2025-04-24T19:54:47.909+0000][51.314s][info ][gc,heap     ] GC(49) Old regions: 76->78
[2025-04-24T19:54:47.909+0000][51.314s][info ][gc,heap     ] GC(49) Archive regions: 2->2
[2025-04-24T19:54:47.909+0000][51.314s][info ][gc,heap     ] GC(49) Humongous regions: 1->0
[2025-04-24T19:54:47.909+0000][51.314s][info ][gc,metaspace] GC(49) Metaspace: 128608K(129600K)->128608K(129600K) NonClass: 112430K(112960K)->112430K(112960K) Class: 16177K(16640K)->16177K(16640K)
[2025-04-24T19:54:47.909+0000][51.314s][info ][gc          ] GC(49) Pause Young (Normal) (G1 Evacuation Pause) 486M->114M(682M) 52.374ms
[2025-04-24T19:54:47.909+0000][51.314s][info ][gc,cpu      ] GC(49) User=0.20s Sys=0.00s Real=0.06s
[2025-04-24T19:54:47.912+0000][51.317s][info ][safepoint   ] Safepoint "G1CollectForAllocation", Time since last: 599311351 ns, Reaching safepoint: 61948 ns, Cleanup: 57055 ns, At safepoint: 54846265 ns, Total: 54965268 ns
[2025-04-24T19:54:49.315+0000][52.720s][debug][safepoint   ] Safepoint synchronization initiated using futex wait barrier. (53 threads)
[2025-04-24T19:54:49.315+0000][52.720s][info ][gc,start    ] GC(50) Pause Young (Concurrent Start) (Metadata GC Threshold)
[2025-04-24T19:54:49.315+0000][52.720s][info ][gc,task     ] GC(50) Using 4 workers of 4 for evacuation
[2025-04-24T19:54:49.348+0000][52.753s][info ][gc,phases   ] GC(50)   Pre Evacuate Collection Set: 0.2ms
[2025-04-24T19:54:49.348+0000][52.753s][info ][gc,phases   ] GC(50)   Merge Heap Roots: 0.2ms
[2025-04-24T19:54:49.348+0000][52.753s][info ][gc,phases   ] GC(50)   Evacuate Collection Set: 30.3ms
[2025-04-24T19:54:49.348+0000][52.753s][info ][gc,phases   ] GC(50)   Post Evacuate Collection Set: 2.6ms
[2025-04-24T19:54:49.348+0000][52.753s][info ][gc,phases   ] GC(50)   Other: 0.1ms
[2025-04-24T19:54:49.348+0000][52.753s][info ][gc,heap     ] GC(50) Eden regions: 214->0(380)
[2025-04-24T19:54:49.348+0000][52.753s][info ][gc,heap     ] GC(50) Survivor regions: 36->29(52)
[2025-04-24T19:54:49.348+0000][52.753s][info ][gc,heap     ] GC(50) Old regions: 78->87
[2025-04-24T19:54:49.348+0000][52.753s][info ][gc,heap     ] GC(50) Archive regions: 2->2
[2025-04-24T19:54:49.348+0000][52.753s][info ][gc,heap     ] GC(50) Humongous regions: 0->0
[2025-04-24T19:54:49.348+0000][52.753s][info ][gc,metaspace] GC(50) Metaspace: 132721K(133696K)->132721K(133696K) NonClass: 116022K(116544K)->116022K(116544K) Class: 16699K(17152K)->16699K(17152K)
[2025-04-24T19:54:49.348+0000][52.753s][info ][gc          ] GC(50) Pause Young (Concurrent Start) (Metadata GC Threshold) 328M->116M(682M) 33.474ms
[2025-04-24T19:54:49.348+0000][52.753s][info ][gc,cpu      ] GC(50) User=0.13s Sys=0.01s Real=0.04s
[2025-04-24T19:54:49.348+0000][52.753s][info ][gc          ] GC(51) Concurrent Mark Cycle
[2025-04-24T19:54:49.348+0000][52.753s][info ][gc,marking  ] GC(51) Concurrent Clear Claimed Marks
[2025-04-24T19:54:49.348+0000][52.754s][info ][safepoint   ] Safepoint "CollectForMetadataAllocation", Time since last: 1402891629 ns, Reaching safepoint: 37717 ns, Cleanup: 108227 ns, At safepoint: 33635028 ns, Total: 33780972 ns
[2025-04-24T19:54:49.349+0000][52.755s][info ][gc,marking  ] GC(51) Concurrent Clear Claimed Marks 1.150ms
[2025-04-24T19:54:49.350+0000][52.755s][info ][gc,marking  ] GC(51) Concurrent Scan Root Regions
[2025-04-24T19:54:49.383+0000][52.789s][info ][gc,marking  ] GC(51) Concurrent Scan Root Regions 33.706ms
[2025-04-24T19:54:49.383+0000][52.789s][info ][gc,marking  ] GC(51) Concurrent Mark
[2025-04-24T19:54:49.383+0000][52.789s][info ][gc,marking  ] GC(51) Concurrent Mark From Roots
[2025-04-24T19:54:49.383+0000][52.789s][info ][gc,task     ] GC(51) Using 1 workers of 1 for marking
[2025-04-24T19:54:49.422+0000][52.827s][debug][safepoint   ] Safepoint synchronization initiated using futex wait barrier. (52 threads)
[2025-04-24T19:54:49.422+0000][52.827s][info ][safepoint   ] Safepoint "CollectForMetadataAllocation", Time since last: 73738298 ns, Reaching safepoint: 100191 ns, Cleanup: 6660 ns, At safepoint: 28645 ns, Total: 135496 ns
[2025-04-24T19:54:49.436+0000][52.841s][debug][safepoint   ] Safepoint synchronization initiated using futex wait barrier. (52 threads)
[2025-04-24T19:54:49.436+0000][52.841s][info ][safepoint   ] Safepoint "CollectForMetadataAllocation", Time since last: 13682382 ns, Reaching safepoint: 98319 ns, Cleanup: 3101 ns, At safepoint: 25423 ns, Total: 126843 ns
[2025-04-24T19:54:49.472+0000][52.877s][debug][safepoint   ] Safepoint synchronization initiated using futex wait barrier. (52 threads)
[2025-04-24T19:54:49.472+0000][52.877s][info ][safepoint   ] Safepoint "CollectForMetadataAllocation", Time since last: 35745333 ns, Reaching safepoint: 79650 ns, Cleanup: 3247 ns, At safepoint: 38570 ns, Total: 121467 ns
[2025-04-24T19:54:49.513+0000][52.919s][debug][safepoint   ] Safepoint synchronization initiated using futex wait barrier. (53 threads)
[2025-04-24T19:54:49.513+0000][52.919s][info ][safepoint   ] Safepoint "CollectForMetadataAllocation", Time since last: 41382765 ns, Reaching safepoint: 113134 ns, Cleanup: 4811 ns, At safepoint: 48815 ns, Total: 166760 ns
[2025-04-24T19:54:49.514+0000][52.920s][info ][gc,marking  ] GC(51) Concurrent Mark From Roots 130.956ms
[2025-04-24T19:54:49.514+0000][52.920s][info ][gc,marking  ] GC(51) Concurrent Preclean
[2025-04-24T19:54:49.515+0000][52.920s][info ][gc,marking  ] GC(51) Concurrent Preclean 0.304ms
[2025-04-24T19:54:49.515+0000][52.920s][debug][safepoint   ] Safepoint synchronization initiated using futex wait barrier. (53 threads)
[2025-04-24T19:54:49.515+0000][52.920s][info ][gc,start    ] GC(51) Pause Remark
[2025-04-24T19:54:49.524+0000][52.929s][info ][gc          ] GC(51) Pause Remark 155M->155M(524M) 9.185ms
[2025-04-24T19:54:49.524+0000][52.929s][info ][gc,cpu      ] GC(51) User=0.03s Sys=0.00s Real=0.01s
[2025-04-24T19:54:49.524+0000][52.929s][info ][safepoint   ] Safepoint "G1PauseRemark", Time since last: 1259996 ns, Reaching safepoint: 89687 ns, Cleanup: 2798 ns, At safepoint: 9292330 ns, Total: 9384815 ns
[2025-04-24T19:54:49.524+0000][52.929s][info ][gc,marking  ] GC(51) Concurrent Mark 140.876ms
[2025-04-24T19:54:49.524+0000][52.930s][info ][gc,marking  ] GC(51) Concurrent Rebuild Remembered Sets
[2025-04-24T19:54:49.647+0000][53.052s][info ][gc,marking  ] GC(51) Concurrent Rebuild Remembered Sets 122.597ms
[2025-04-24T19:54:49.647+0000][53.052s][debug][safepoint   ] Safepoint synchronization initiated using futex wait barrier. (54 threads)
[2025-04-24T19:54:49.647+0000][53.053s][debug][safepoint   ] ... found polling page loop exception at pc = 0x00007625715cc0f8, stub =0x000076257098e400
[2025-04-24T19:54:49.647+0000][53.053s][info ][gc,start    ] GC(51) Pause Cleanup
[2025-04-24T19:54:49.648+0000][53.053s][info ][gc          ] GC(51) Pause Cleanup 177M->177M(524M) 0.189ms
[2025-04-24T19:54:49.648+0000][53.053s][info ][gc,cpu      ] GC(51) User=0.00s Sys=0.00s Real=0.00s
[2025-04-24T19:54:49.648+0000][53.053s][info ][safepoint   ] Safepoint "G1PauseCleanup", Time since last: 123070470 ns, Reaching safepoint: 203587 ns, Cleanup: 13667 ns, At safepoint: 251893 ns, Total: 469147 ns
[2025-04-24T19:54:49.648+0000][53.053s][info ][gc,marking  ] GC(51) Concurrent Cleanup for Next Mark
[2025-04-24T19:54:49.655+0000][53.060s][info ][gc,marking  ] GC(51) Concurrent Cleanup for Next Mark 6.864ms
[2025-04-24T19:54:49.655+0000][53.060s][info ][gc          ] GC(51) Concurrent Mark Cycle 306.460ms
[2025-04-24T19:54:50.652+0000][54.057s][debug][safepoint   ] Safepoint synchronization initiated using futex wait barrier. (54 threads)
[2025-04-24T19:54:50.657+0000][54.062s][info ][safepoint   ] Safepoint "Cleanup", Time since last: 1004042775 ns, Reaching safepoint: 147526 ns, Cleanup: 86487 ns, At safepoint: 4565743 ns, Total: 4799756 ns
[2025-04-24T19:54:51.690+0000][55.096s][debug][safepoint   ] Safepoint synchronization initiated using futex wait barrier. (55 threads)
[2025-04-24T19:54:51.691+0000][55.096s][info ][gc,start    ] GC(52) Pause Young (Prepare Mixed) (G1 Evacuation Pause)
[2025-04-24T19:54:51.691+0000][55.096s][info ][gc,task     ] GC(52) Using 4 workers of 4 for evacuation
[2025-04-24T19:54:51.765+0000][55.170s][info ][gc,phases   ] GC(52)   Pre Evacuate Collection Set: 0.2ms
[2025-04-24T19:54:51.765+0000][55.170s][info ][gc,phases   ] GC(52)   Merge Heap Roots: 0.3ms
[2025-04-24T19:54:51.765+0000][55.170s][info ][gc,phases   ] GC(52)   Evacuate Collection Set: 68.7ms
[2025-04-24T19:54:51.765+0000][55.170s][info ][gc,phases   ] GC(52)   Post Evacuate Collection Set: 5.2ms
[2025-04-24T19:54:51.765+0000][55.170s][info ][gc,phases   ] GC(52)   Other: 0.1ms
[2025-04-24T19:54:51.765+0000][55.170s][info ][gc,heap     ] GC(52) Eden regions: 285->0(4)
[2025-04-24T19:54:51.765+0000][55.170s][info ][gc,heap     ] GC(52) Survivor regions: 29->22(40)
[2025-04-24T19:54:51.765+0000][55.170s][info ][gc,heap     ] GC(52) Old regions: 87->102
[2025-04-24T19:54:51.765+0000][55.170s][info ][gc,heap     ] GC(52) Archive regions: 2->2
[2025-04-24T19:54:51.765+0000][55.170s][info ][gc,heap     ] GC(52) Humongous regions: 0->0
[2025-04-24T19:54:51.765+0000][55.170s][info ][gc,metaspace] GC(52) Metaspace: 138257K(139264K)->138257K(139264K) NonClass: 121079K(121600K)->121079K(121600K) Class: 17178K(17664K)->17178K(17664K)
[2025-04-24T19:54:51.765+0000][55.170s][info ][gc          ] GC(52) Pause Young (Prepare Mixed) (G1 Evacuation Pause) 401M->123M(524M) 74.731ms
[2025-04-24T19:54:51.765+0000][55.170s][info ][gc,cpu      ] GC(52) User=0.29s Sys=0.00s Real=0.07s
[2025-04-24T19:54:51.766+0000][55.171s][info ][safepoint   ] Safepoint "G1CollectForAllocation", Time since last: 1033866842 ns, Reaching safepoint: 58662 ns, Cleanup: 51406 ns, At safepoint: 75061044 ns, Total: 75171112 ns
[2025-04-24T19:54:51.788+0000][55.193s][debug][safepoint   ] Safepoint synchronization initiated using futex wait barrier. (55 threads)
[2025-04-24T19:54:51.788+0000][55.193s][info ][gc,start    ] GC(53) Pause Young (Mixed) (G1 Evacuation Pause)
[2025-04-24T19:54:51.788+0000][55.193s][info ][gc,task     ] GC(53) Using 4 workers of 4 for evacuation
[2025-04-24T19:54:51.837+0000][55.243s][info ][gc,phases   ] GC(53)   Pre Evacuate Collection Set: 0.1ms
[2025-04-24T19:54:51.838+0000][55.243s][info ][gc,phases   ] GC(53)   Merge Heap Roots: 0.3ms
[2025-04-24T19:54:51.838+0000][55.243s][info ][gc,phases   ] GC(53)   Evacuate Collection Set: 45.5ms
[2025-04-24T19:54:51.838+0000][55.243s][info ][gc,phases   ] GC(53)   Post Evacuate Collection Set: 3.2ms
[2025-04-24T19:54:51.838+0000][55.243s][info ][gc,phases   ] GC(53)   Other: 0.1ms
[2025-04-24T19:54:51.838+0000][55.243s][info ][gc,heap     ] GC(53) Eden regions: 4->0(312)
[2025-04-24T19:54:51.838+0000][55.243s][info ][gc,heap     ] GC(53) Survivor regions: 22->2(4)
[2025-04-24T19:54:51.838+0000][55.243s][info ][gc,heap     ] GC(53) Old regions: 102->122
[2025-04-24T19:54:51.838+0000][55.243s][info ][gc,heap     ] GC(53) Archive regions: 2->2
[2025-04-24T19:54:51.838+0000][55.243s][info ][gc,heap     ] GC(53) Humongous regions: 0->0
[2025-04-24T19:54:51.838+0000][55.243s][info ][gc,metaspace] GC(53) Metaspace: 138340K(139392K)->138340K(139392K) NonClass: 121160K(121728K)->121160K(121728K) Class: 17180K(17664K)->17180K(17664K)
[2025-04-24T19:54:51.838+0000][55.243s][info ][gc          ] GC(53) Pause Young (Mixed) (G1 Evacuation Pause) 127M->124M(524M) 49.329ms
[2025-04-24T19:54:51.838+0000][55.243s][info ][gc,cpu      ] GC(53) User=0.17s Sys=0.00s Real=0.04s
[2025-04-24T19:54:51.838+0000][55.243s][info ][safepoint   ] Safepoint "G1CollectForAllocation", Time since last: 22655588 ns, Reaching safepoint: 42678 ns, Cleanup: 3508 ns, At safepoint: 49513432 ns, Total: 49559618 ns
[2025-04-24T19:54:52.838+0000][56.243s][debug][safepoint   ] Safepoint synchronization initiated using futex wait barrier. (58 threads)
[2025-04-24T19:54:52.838+0000][56.243s][info ][safepoint   ] Safepoint "Cleanup", Time since last: 1000122007 ns, Reaching safepoint: 154754 ns, Cleanup: 53738 ns, At safepoint: 8407 ns, Total: 216899 ns
[2025-04-24T19:54:53.845+0000][57.250s][info ][cds,heap    ] initialize_from_archived_subgraph jdk.internal.math.FDBigInteger 0x000076250714dd00
[2025-04-24T19:54:54.013+0000][57.418s][debug][safepoint   ] Safepoint synchronization initiated using futex wait barrier. (64 threads)
[2025-04-24T19:54:54.013+0000][57.418s][info ][gc,start    ] GC(54) Pause Young (Concurrent Start) (G1 Evacuation Pause)
[2025-04-24T19:54:54.013+0000][57.418s][info ][gc,task     ] GC(54) Using 4 workers of 4 for evacuation
[2025-04-24T19:54:54.029+0000][57.435s][info ][gc,phases   ] GC(54)   Pre Evacuate Collection Set: 0.2ms
[2025-04-24T19:54:54.030+0000][57.435s][info ][gc,phases   ] GC(54)   Merge Heap Roots: 0.2ms
[2025-04-24T19:54:54.030+0000][57.435s][info ][gc,phases   ] GC(54)   Evacuate Collection Set: 13.9ms
[2025-04-24T19:54:54.030+0000][57.435s][info ][gc,phases   ] GC(54)   Post Evacuate Collection Set: 1.7ms
[2025-04-24T19:54:54.030+0000][57.435s][info ][gc,phases   ] GC(54)   Other: 0.1ms
[2025-04-24T19:54:54.030+0000][57.435s][info ][gc,heap     ] GC(54) Eden regions: 312->0(303)
[2025-04-24T19:54:54.030+0000][57.435s][info ][gc,heap     ] GC(54) Survivor regions: 2->11(40)
[2025-04-24T19:54:54.030+0000][57.435s][info ][gc,heap     ] GC(54) Old regions: 122->122
[2025-04-24T19:54:54.030+0000][57.435s][info ][gc,heap     ] GC(54) Archive regions: 2->2
[2025-04-24T19:54:54.030+0000][57.435s][info ][gc,heap     ] GC(54) Humongous regions: 0->0
[2025-04-24T19:54:54.030+0000][57.435s][info ][gc,metaspace] GC(54) Metaspace: 147457K(148544K)->147457K(148544K) NonClass: 129474K(130048K)->129474K(130048K) Class: 17982K(18496K)->17982K(18496K)
[2025-04-24T19:54:54.030+0000][57.435s][info ][gc          ] GC(54) Pause Young (Concurrent Start) (G1 Evacuation Pause) 436M->132M(524M) 16.300ms
[2025-04-24T19:54:54.030+0000][57.435s][info ][gc,cpu      ] GC(54) User=0.06s Sys=0.00s Real=0.02s
[2025-04-24T19:54:54.030+0000][57.435s][info ][safepoint   ] Safepoint "G1CollectForAllocation", Time since last: 1174996975 ns, Reaching safepoint: 56382 ns, Cleanup: 79204 ns, At safepoint: 16376787 ns, Total: 16512373 ns
[2025-04-24T19:54:54.030+0000][57.435s][info ][gc          ] GC(55) Concurrent Mark Cycle
[2025-04-24T19:54:54.032+0000][57.438s][info ][gc,marking  ] GC(55) Concurrent Clear Claimed Marks
[2025-04-24T19:54:54.033+0000][57.438s][info ][gc,marking  ] GC(55) Concurrent Clear Claimed Marks 0.123ms
[2025-04-24T19:54:54.033+0000][57.438s][info ][gc,marking  ] GC(55) Concurrent Scan Root Regions
[2025-04-24T19:54:54.048+0000][57.453s][info ][gc,marking  ] GC(55) Concurrent Scan Root Regions 15.027ms
[2025-04-24T19:54:54.048+0000][57.453s][info ][gc,marking  ] GC(55) Concurrent Mark
[2025-04-24T19:54:54.048+0000][57.453s][info ][gc,marking  ] GC(55) Concurrent Mark From Roots
[2025-04-24T19:54:54.048+0000][57.453s][info ][gc,task     ] GC(55) Using 1 workers of 1 for marking
[2025-04-24T19:54:54.376+0000][57.782s][info ][gc,marking  ] GC(55) Concurrent Mark From Roots 328.391ms
[2025-04-24T19:54:54.377+0000][57.782s][info ][gc,marking  ] GC(55) Concurrent Preclean
[2025-04-24T19:54:54.377+0000][57.782s][info ][gc,marking  ] GC(55) Concurrent Preclean 0.552ms
[2025-04-24T19:54:54.377+0000][57.782s][debug][safepoint   ] Safepoint synchronization initiated using futex wait barrier. (64 threads)
[2025-04-24T19:54:54.377+0000][57.783s][info ][gc,start    ] GC(55) Pause Remark
[2025-04-24T19:54:54.394+0000][57.799s][info ][gc          ] GC(55) Pause Remark 171M->171M(524M) 16.213ms
[2025-04-24T19:54:54.394+0000][57.799s][info ][gc,cpu      ] GC(55) User=0.05s Sys=0.00s Real=0.02s
[2025-04-24T19:54:54.394+0000][57.799s][info ][safepoint   ] Safepoint "G1PauseRemark", Time since last: 347644423 ns, Reaching safepoint: 118879 ns, Cleanup: 53775 ns, At safepoint: 16673709 ns, Total: 16846363 ns
[2025-04-24T19:54:54.394+0000][57.799s][info ][gc,marking  ] GC(55) Concurrent Mark 346.394ms
[2025-04-24T19:54:54.394+0000][57.799s][info ][gc,marking  ] GC(55) Concurrent Rebuild Remembered Sets
[2025-04-24T19:54:54.594+0000][57.999s][info ][gc,marking  ] GC(55) Concurrent Rebuild Remembered Sets 199.740ms
[2025-04-24T19:54:54.594+0000][57.999s][debug][safepoint   ] Safepoint synchronization initiated using futex wait barrier. (77 threads)
[2025-04-24T19:54:54.594+0000][57.999s][info ][gc,start    ] GC(55) Pause Cleanup
[2025-04-24T19:54:54.594+0000][57.999s][info ][gc          ] GC(55) Pause Cleanup 192M->192M(524M) 0.145ms
[2025-04-24T19:54:54.594+0000][57.999s][info ][gc,cpu      ] GC(55) User=0.00s Sys=0.00s Real=0.00s
[2025-04-24T19:54:54.594+0000][58.000s][info ][safepoint   ] Safepoint "G1PauseCleanup", Time since last: 199951108 ns, Reaching safepoint: 20809 ns, Cleanup: 22315 ns, At safepoint: 220488 ns, Total: 263612 ns
[2025-04-24T19:54:54.594+0000][58.000s][info ][gc,marking  ] GC(55) Concurrent Cleanup for Next Mark
[2025-04-24T19:54:54.597+0000][58.003s][info ][gc,marking  ] GC(55) Concurrent Cleanup for Next Mark 3.071ms
[2025-04-24T19:54:54.597+0000][58.003s][info ][gc          ] GC(55) Concurrent Mark Cycle 567.850ms
[2025-04-24T19:54:55.791+0000][59.196s][debug][safepoint   ] Safepoint synchronization initiated using futex wait barrier. (78 threads)
[2025-04-24T19:54:55.791+0000][59.196s][info ][safepoint   ] Safepoint "Cleanup", Time since last: 1196669540 ns, Reaching safepoint: 35112 ns, Cleanup: 44665 ns, At safepoint: 4548 ns, Total: 84325 ns
[2025-04-24T19:54:56.192+0000][59.597s][debug][safepoint   ] Safepoint synchronization initiated using futex wait barrier. (78 threads)
[2025-04-24T19:54:56.192+0000][59.597s][info ][gc,start    ] GC(56) Pause Young (Prepare Mixed) (G1 Evacuation Pause)
[2025-04-24T19:54:56.192+0000][59.597s][info ][gc,task     ] GC(56) Using 4 workers of 4 for evacuation
[2025-04-24T19:54:56.213+0000][59.618s][info ][gc,phases   ] GC(56)   Pre Evacuate Collection Set: 0.1ms
[2025-04-24T19:54:56.213+0000][59.618s][info ][gc,phases   ] GC(56)   Merge Heap Roots: 0.2ms
[2025-04-24T19:54:56.213+0000][59.618s][info ][gc,phases   ] GC(56)   Evacuate Collection Set: 18.1ms
[2025-04-24T19:54:56.213+0000][59.618s][info ][gc,phases   ] GC(56)   Post Evacuate Collection Set: 2.1ms
[2025-04-24T19:54:56.213+0000][59.618s][info ][gc,phases   ] GC(56)   Other: 0.1ms
[2025-04-24T19:54:56.213+0000][59.618s][info ][gc,heap     ] GC(56) Eden regions: 303->0(8)
[2025-04-24T19:54:56.213+0000][59.618s][info ][gc,heap     ] GC(56) Survivor regions: 11->18(40)
[2025-04-24T19:54:56.213+0000][59.618s][info ][gc,heap     ] GC(56) Old regions: 122->122
[2025-04-24T19:54:56.213+0000][59.618s][info ][gc,heap     ] GC(56) Archive regions: 2->2
[2025-04-24T19:54:56.213+0000][59.618s][info ][gc,heap     ] GC(56) Humongous regions: 0->0
[2025-04-24T19:54:56.213+0000][59.618s][info ][gc,metaspace] GC(56) Metaspace: 151834K(152960K)->151834K(152960K) NonClass: 133297K(133888K)->133297K(133888K) Class: 18537K(19072K)->18537K(19072K)
[2025-04-24T19:54:56.213+0000][59.618s][info ][gc          ] GC(56) Pause Young (Prepare Mixed) (G1 Evacuation Pause) 435M->139M(524M) 20.716ms
[2025-04-24T19:54:56.213+0000][59.618s][info ][gc,cpu      ] GC(56) User=0.08s Sys=0.00s Real=0.02s
[2025-04-24T19:54:56.213+0000][59.618s][info ][safepoint   ] Safepoint "G1CollectForAllocation", Time since last: 400636076 ns, Reaching safepoint: 48977 ns, Cleanup: 91980 ns, At safepoint: 20932359 ns, Total: 21073316 ns
[2025-04-24T19:54:56.257+0000][59.662s][debug][safepoint   ] Safepoint synchronization initiated using futex wait barrier. (78 threads)
[2025-04-24T19:54:56.257+0000][59.662s][info ][gc,start    ] GC(57) Pause Young (Mixed) (G1 Evacuation Pause)
[2025-04-24T19:54:56.257+0000][59.662s][info ][gc,task     ] GC(57) Using 4 workers of 4 for evacuation
[2025-04-24T19:54:56.278+0000][59.683s][info ][gc,phases   ] GC(57)   Pre Evacuate Collection Set: 0.1ms
[2025-04-24T19:54:56.278+0000][59.683s][info ][gc,phases   ] GC(57)   Merge Heap Roots: 0.2ms
[2025-04-24T19:54:56.278+0000][59.683s][info ][gc,phases   ] GC(57)   Evacuate Collection Set: 18.9ms
[2025-04-24T19:54:56.278+0000][59.683s][info ][gc,phases   ] GC(57)   Post Evacuate Collection Set: 1.6ms
[2025-04-24T19:54:56.278+0000][59.683s][info ][gc,phases   ] GC(57)   Other: 0.1ms
[2025-04-24T19:54:56.278+0000][59.683s][info ][gc,heap     ] GC(57) Eden regions: 8->0(306)
[2025-04-24T19:54:56.278+0000][59.683s][info ][gc,heap     ] GC(57) Survivor regions: 18->2(4)
[2025-04-24T19:54:56.278+0000][59.683s][info ][gc,heap     ] GC(57) Old regions: 122->137
[2025-04-24T19:54:56.278+0000][59.683s][info ][gc,heap     ] GC(57) Archive regions: 2->2
[2025-04-24T19:54:56.278+0000][59.683s][info ][gc,heap     ] GC(57) Humongous regions: 0->0
[2025-04-24T19:54:56.278+0000][59.683s][info ][gc,metaspace] GC(57) Metaspace: 151851K(152960K)->151851K(152960K) NonClass: 133311K(133888K)->133311K(133888K) Class: 18540K(19072K)->18540K(19072K)
[2025-04-24T19:54:56.278+0000][59.683s][info ][gc          ] GC(57) Pause Young (Mixed) (G1 Evacuation Pause) 147M->139M(524M) 21.102ms
[2025-04-24T19:54:56.278+0000][59.683s][info ][gc,cpu      ] GC(57) User=0.09s Sys=0.00s Real=0.03s
[2025-04-24T19:54:56.278+0000][59.683s][info ][safepoint   ] Safepoint "G1CollectForAllocation", Time since last: 44048765 ns, Reaching safepoint: 78041 ns, Cleanup: 34875 ns, At safepoint: 21260988 ns, Total: 21373904 ns
[2025-04-24T19:54:57.763+0000][61.168s][debug][safepoint   ] Safepoint synchronization initiated using futex wait barrier. (78 threads)
[2025-04-24T19:54:57.763+0000][61.169s][info ][safepoint   ] Safepoint "ICBufferFull", Time since last: 1484862635 ns, Reaching safepoint: 68397 ns, Cleanup: 183366 ns, At safepoint: 9711 ns, Total: 261474 ns
[2025-04-24T19:54:58.177+0000][61.582s][debug][safepoint   ] Safepoint synchronization initiated using futex wait barrier. (78 threads)
[2025-04-24T19:54:58.177+0000][61.583s][info ][gc,start    ] GC(58) Pause Young (Normal) (G1 Evacuation Pause)
[2025-04-24T19:54:58.177+0000][61.583s][info ][gc,task     ] GC(58) Using 4 workers of 4 for evacuation
[2025-04-24T19:54:58.198+0000][61.603s][info ][gc,phases   ] GC(58)   Pre Evacuate Collection Set: 0.2ms
[2025-04-24T19:54:58.198+0000][61.603s][info ][gc,phases   ] GC(58)   Merge Heap Roots: 0.4ms
[2025-04-24T19:54:58.198+0000][61.603s][info ][gc,phases   ] GC(58)   Evacuate Collection Set: 18.2ms
[2025-04-24T19:54:58.198+0000][61.603s][info ][gc,phases   ] GC(58)   Post Evacuate Collection Set: 1.9ms
[2025-04-24T19:54:58.198+0000][61.603s][info ][gc,phases   ] GC(58)   Other: 0.2ms
[2025-04-24T19:54:58.198+0000][61.603s][info ][gc,heap     ] GC(58) Eden regions: 306->0(301)
[2025-04-24T19:54:58.198+0000][61.604s][info ][gc,heap     ] GC(58) Survivor regions: 2->8(39)
[2025-04-24T19:54:58.198+0000][61.604s][info ][gc,heap     ] GC(58) Old regions: 137->137
[2025-04-24T19:54:58.198+0000][61.604s][info ][gc,heap     ] GC(58) Archive regions: 2->2
[2025-04-24T19:54:58.198+0000][61.604s][info ][gc,heap     ] GC(58) Humongous regions: 0->0
[2025-04-24T19:54:58.198+0000][61.604s][info ][gc,metaspace] GC(58) Metaspace: 155453K(156480K)->155453K(156480K) NonClass: 136387K(136896K)->136387K(136896K) Class: 19065K(19584K)->19065K(19584K)
[2025-04-24T19:54:58.198+0000][61.604s][info ][gc          ] GC(58) Pause Young (Normal) (G1 Evacuation Pause) 445M->144M(524M) 21.067ms
[2025-04-24T19:54:58.198+0000][61.604s][info ][gc,cpu      ] GC(58) User=0.07s Sys=0.00s Real=0.03s
[2025-04-24T19:54:58.199+0000][61.604s][info ][safepoint   ] Safepoint "G1CollectForAllocation", Time since last: 413864130 ns, Reaching safepoint: 72749 ns, Cleanup: 27498 ns, At safepoint: 21635402 ns, Total: 21735649 ns
[2025-04-24T19:54:59.121+0000][62.526s][debug][safepoint   ] Safepoint synchronization initiated using futex wait barrier. (83 threads)
[2025-04-24T19:54:59.121+0000][62.526s][info ][safepoint   ] Safepoint "ICBufferFull", Time since last: 921778471 ns, Reaching safepoint: 67027 ns, Cleanup: 139245 ns, At safepoint: 14390 ns, Total: 220662 ns
[2025-04-24T19:55:00.073+0000][63.478s][debug][safepoint   ] Safepoint synchronization initiated using futex wait barrier. (100 threads)
[2025-04-24T19:55:00.073+0000][63.478s][info ][safepoint   ] Safepoint "ICBufferFull", Time since last: 951746904 ns, Reaching safepoint: 157670 ns, Cleanup: 152698 ns, At safepoint: 14536 ns, Total: 324904 ns
[2025-04-24T19:55:00.180+0000][63.585s][debug][safepoint   ] Safepoint synchronization initiated using futex wait barrier. (112 threads)
[2025-04-24T19:55:00.181+0000][63.586s][info ][gc,start    ] GC(59) Pause Young (Normal) (G1 Evacuation Pause)
[2025-04-24T19:55:00.181+0000][63.586s][info ][gc,task     ] GC(59) Using 4 workers of 4 for evacuation
[2025-04-24T19:55:00.223+0000][63.628s][info ][gc,phases   ] GC(59)   Pre Evacuate Collection Set: 0.2ms
[2025-04-24T19:55:00.223+0000][63.628s][info ][gc,phases   ] GC(59)   Merge Heap Roots: 0.5ms
[2025-04-24T19:55:00.223+0000][63.628s][info ][gc,phases   ] GC(59)   Evacuate Collection Set: 35.6ms
[2025-04-24T19:55:00.223+0000][63.628s][info ][gc,phases   ] GC(59)   Post Evacuate Collection Set: 5.6ms
[2025-04-24T19:55:00.223+0000][63.628s][info ][gc,phases   ] GC(59)   Other: 0.2ms
[2025-04-24T19:55:00.223+0000][63.628s][info ][gc,heap     ] GC(59) Eden regions: 301->0(295)
[2025-04-24T19:55:00.223+0000][63.628s][info ][gc,heap     ] GC(59) Survivor regions: 8->14(39)
[2025-04-24T19:55:00.223+0000][63.628s][info ][gc,heap     ] GC(59) Old regions: 137->137
[2025-04-24T19:55:00.223+0000][63.628s][info ][gc,heap     ] GC(59) Archive regions: 2->2
[2025-04-24T19:55:00.223+0000][63.628s][info ][gc,heap     ] GC(59) Humongous regions: 0->0
[2025-04-24T19:55:00.223+0000][63.628s][info ][gc,metaspace] GC(59) Metaspace: 159659K(160832K)->159659K(160832K) NonClass: 139889K(140480K)->139889K(140480K) Class: 19770K(20352K)->19770K(20352K)
[2025-04-24T19:55:00.223+0000][63.628s][info ][gc          ] GC(59) Pause Young (Normal) (G1 Evacuation Pause) 445M->151M(524M) 42.315ms
[2025-04-24T19:55:00.223+0000][63.628s][info ][gc,cpu      ] GC(59) User=0.13s Sys=0.00s Real=0.04s
[2025-04-24T19:55:00.223+0000][63.628s][info ][safepoint   ] Safepoint "G1CollectForAllocation", Time since last: 106509522 ns, Reaching safepoint: 1002826 ns, Cleanup: 47599 ns, At safepoint: 42666005 ns, Total: 43716430 ns
[2025-04-24T19:55:01.223+0000][64.629s][debug][safepoint   ] Safepoint synchronization initiated using futex wait barrier. (125 threads)
[2025-04-24T19:55:01.227+0000][64.632s][info ][safepoint   ] Safepoint "Cleanup", Time since last: 1000107500 ns, Reaching safepoint: 2592847 ns, Cleanup: 106446 ns, At safepoint: 972424 ns, Total: 3671717 ns
[2025-04-24T19:55:02.231+0000][65.636s][debug][safepoint   ] Safepoint synchronization initiated using futex wait barrier. (185 threads)
[2025-04-24T19:55:02.235+0000][65.641s][info ][safepoint   ] Safepoint "Cleanup", Time since last: 1003717876 ns, Reaching safepoint: 566053 ns, Cleanup: 133295 ns, At safepoint: 4052262 ns, Total: 4751610 ns
[2025-04-24T19:55:02.747+0000][66.152s][debug][safepoint   ] Safepoint synchronization initiated using futex wait barrier. (205 threads)
[2025-04-24T19:55:02.747+0000][66.152s][info ][safepoint   ] Safepoint "ICBufferFull", Time since last: 511414631 ns, Reaching safepoint: 254905 ns, Cleanup: 142160 ns, At safepoint: 15851 ns, Total: 412916 ns
[2025-04-24T19:55:02.901+0000][66.306s][debug][safepoint   ] Safepoint synchronization initiated using futex wait barrier. (210 threads)
[2025-04-24T19:55:02.901+0000][66.306s][info ][gc,start    ] GC(60) Pause Young (Normal) (G1 Evacuation Pause)
[2025-04-24T19:55:02.901+0000][66.306s][info ][gc,task     ] GC(60) Using 4 workers of 4 for evacuation
[2025-04-24T19:55:02.947+0000][66.352s][info ][gc,phases   ] GC(60)   Pre Evacuate Collection Set: 0.2ms
[2025-04-24T19:55:02.947+0000][66.352s][info ][gc,phases   ] GC(60)   Merge Heap Roots: 0.2ms
[2025-04-24T19:55:02.947+0000][66.352s][info ][gc,phases   ] GC(60)   Evacuate Collection Set: 38.6ms
[2025-04-24T19:55:02.947+0000][66.352s][info ][gc,phases   ] GC(60)   Post Evacuate Collection Set: 6.6ms
[2025-04-24T19:55:02.947+0000][66.352s][info ][gc,phases   ] GC(60)   Other: 0.2ms
[2025-04-24T19:55:02.947+0000][66.352s][info ][gc,heap     ] GC(60) Eden regions: 295->0(286)
[2025-04-24T19:55:02.947+0000][66.352s][info ][gc,heap     ] GC(60) Survivor regions: 14->23(39)
[2025-04-24T19:55:02.947+0000][66.352s][info ][gc,heap     ] GC(60) Old regions: 137->137
[2025-04-24T19:55:02.947+0000][66.352s][info ][gc,heap     ] GC(60) Archive regions: 2->2
[2025-04-24T19:55:02.947+0000][66.352s][info ][gc,heap     ] GC(60) Humongous regions: 0->0
[2025-04-24T19:55:02.947+0000][66.352s][info ][gc,metaspace] GC(60) Metaspace: 167685K(168896K)->167685K(168896K) NonClass: 147014K(147648K)->147014K(147648K) Class: 20670K(21248K)->20670K(21248K)
[2025-04-24T19:55:02.947+0000][66.352s][info ][gc          ] GC(60) Pause Young (Normal) (G1 Evacuation Pause) 446M->159M(524M) 46.025ms
[2025-04-24T19:55:02.947+0000][66.352s][info ][gc,cpu      ] GC(60) User=0.15s Sys=0.00s Real=0.04s
[2025-04-24T19:55:02.948+0000][66.353s][info ][safepoint   ] Safepoint "G1CollectForAllocation", Time since last: 153190048 ns, Reaching safepoint: 364747 ns, Cleanup: 42856 ns, At safepoint: 46773137 ns, Total: 47180740 ns
[2025-04-24T19:55:03.657+0000][67.062s][debug][safepoint   ] Safepoint synchronization initiated using futex wait barrier. (211 threads)
[2025-04-24T19:55:03.658+0000][67.063s][info ][safepoint   ] Safepoint "ICBufferFull", Time since last: 709191795 ns, Reaching safepoint: 633788 ns, Cleanup: 126858 ns, At safepoint: 155810 ns, Total: 916456 ns
[2025-04-24T19:55:04.196+0000][67.602s][debug][safepoint   ] ... found polling page loop exception at pc = 0x000076257138ccc4, stub =0x000076257098e400
[2025-04-24T19:55:04.221+0000][67.627s][debug][safepoint   ] Safepoint synchronization initiated using futex wait barrier. (226 threads)
[2025-04-24T19:55:04.222+0000][67.627s][info ][safepoint   ] Safepoint "ICBufferFull", Time since last: 563690872 ns, Reaching safepoint: 216887 ns, Cleanup: 117805 ns, At safepoint: 24540 ns, Total: 359232 ns
[2025-04-24T19:55:05.256+0000][68.661s][debug][safepoint   ] Safepoint synchronization initiated using futex wait barrier. (226 threads)
[2025-04-24T19:55:05.256+0000][68.661s][info ][gc,start    ] GC(61) Pause Young (Normal) (G1 Evacuation Pause)
[2025-04-24T19:55:05.256+0000][68.661s][info ][gc,task     ] GC(61) Using 4 workers of 4 for evacuation
[2025-04-24T19:55:05.294+0000][68.699s][info ][gc,phases   ] GC(61)   Pre Evacuate Collection Set: 0.5ms
[2025-04-24T19:55:05.294+0000][68.699s][info ][gc,phases   ] GC(61)   Merge Heap Roots: 0.3ms
[2025-04-24T19:55:05.294+0000][68.699s][info ][gc,phases   ] GC(61)   Evacuate Collection Set: 34.5ms
[2025-04-24T19:55:05.294+0000][68.699s][info ][gc,phases   ] GC(61)   Post Evacuate Collection Set: 2.2ms
[2025-04-24T19:55:05.294+0000][68.699s][info ][gc,phases   ] GC(61)   Other: 0.2ms
[2025-04-24T19:55:05.294+0000][68.699s][info ][gc,heap     ] GC(61) Eden regions: 286->0(283)
[2025-04-24T19:55:05.294+0000][68.699s][info ][gc,heap     ] GC(61) Survivor regions: 23->21(39)
[2025-04-24T19:55:05.294+0000][68.699s][info ][gc,heap     ] GC(61) Old regions: 137->143
[2025-04-24T19:55:05.294+0000][68.699s][info ][gc,heap     ] GC(61) Archive regions: 2->2
[2025-04-24T19:55:05.294+0000][68.699s][info ][gc,heap     ] GC(61) Humongous regions: 0->0
[2025-04-24T19:55:05.294+0000][68.699s][info ][gc,metaspace] GC(61) Metaspace: 169941K(171136K)->169941K(171136K) NonClass: 148982K(149632K)->148982K(149632K) Class: 20958K(21504K)->20958K(21504K)
[2025-04-24T19:55:05.294+0000][68.699s][info ][gc          ] GC(61) Pause Young (Normal) (G1 Evacuation Pause) 445M->164M(524M) 37.784ms
[2025-04-24T19:55:05.294+0000][68.699s][info ][gc,cpu      ] GC(61) User=0.11s Sys=0.00s Real=0.04s
[2025-04-24T19:55:05.294+0000][68.699s][info ][safepoint   ] Safepoint "G1CollectForAllocation", Time since last: 1033972382 ns, Reaching safepoint: 70024 ns, Cleanup: 112278 ns, At safepoint: 38286174 ns, Total: 38468476 ns
[2025-04-24T19:55:06.885+0000][70.290s][debug][safepoint   ] Safepoint synchronization initiated using futex wait barrier. (226 threads)
[2025-04-24T19:55:06.885+0000][70.290s][info ][safepoint   ] Safepoint "Cleanup", Time since last: 1590269450 ns, Reaching safepoint: 92507 ns, Cleanup: 110463 ns, At safepoint: 10134 ns, Total: 213104 ns
[2025-04-24T19:55:07.885+0000][71.290s][debug][safepoint   ] Safepoint synchronization initiated using futex wait barrier. (228 threads)
[2025-04-24T19:55:07.885+0000][71.290s][debug][safepoint   ] ... found polling page loop exception at pc = 0x0000762571b52e12, stub =0x000076257098e400
[2025-04-24T19:55:07.885+0000][71.290s][info ][safepoint   ] Safepoint "Cleanup", Time since last: 1000102701 ns, Reaching safepoint: 150467 ns, Cleanup: 46775 ns, At safepoint: 10620 ns, Total: 207862 ns
[2025-04-24T19:55:08.490+0000][71.896s][debug][safepoint   ] Safepoint synchronization initiated using futex wait barrier. (228 threads)
[2025-04-24T19:55:08.490+0000][71.896s][info ][gc,start    ] GC(62) Pause Young (Concurrent Start) (G1 Humongous Allocation)
[2025-04-24T19:55:08.490+0000][71.896s][info ][gc,task     ] GC(62) Using 4 workers of 4 for evacuation
[2025-04-24T19:55:08.521+0000][71.927s][info ][gc,phases   ] GC(62)   Pre Evacuate Collection Set: 0.4ms
[2025-04-24T19:55:08.521+0000][71.927s][info ][gc,phases   ] GC(62)   Merge Heap Roots: 0.2ms
[2025-04-24T19:55:08.521+0000][71.927s][info ][gc,phases   ] GC(62)   Evacuate Collection Set: 28.2ms
[2025-04-24T19:55:08.521+0000][71.927s][info ][gc,phases   ] GC(62)   Post Evacuate Collection Set: 2.0ms
[2025-04-24T19:55:08.521+0000][71.927s][info ][gc,phases   ] GC(62)   Other: 0.2ms
[2025-04-24T19:55:08.521+0000][71.927s][info ][gc,heap     ] GC(62) Eden regions: 89->0(278)
[2025-04-24T19:55:08.521+0000][71.927s][info ][gc,heap     ] GC(62) Survivor regions: 21->16(38)
[2025-04-24T19:55:08.521+0000][71.927s][info ][gc,heap     ] GC(62) Old regions: 143->149
[2025-04-24T19:55:08.522+0000][71.927s][info ][gc,heap     ] GC(62) Archive regions: 2->2
[2025-04-24T19:55:08.522+0000][71.927s][info ][gc,heap     ] GC(62) Humongous regions: 43->8
[2025-04-24T19:55:08.522+0000][71.927s][info ][gc,metaspace] GC(62) Metaspace: 173680K(174912K)->173680K(174912K) NonClass: 152285K(152960K)->152285K(152960K) Class: 21395K(21952K)->21395K(21952K)
[2025-04-24T19:55:08.522+0000][71.927s][info ][gc          ] GC(62) Pause Young (Concurrent Start) (G1 Humongous Allocation) 296M->173M(524M) 31.093ms
[2025-04-24T19:55:08.522+0000][71.927s][info ][gc,cpu      ] GC(62) User=0.09s Sys=0.00s Real=0.03s
[2025-04-24T19:55:08.522+0000][71.927s][info ][gc          ] GC(63) Concurrent Undo Cycle
[2025-04-24T19:55:08.522+0000][71.927s][info ][gc,marking  ] GC(63) Concurrent Cleanup for Next Mark
[2025-04-24T19:55:08.522+0000][71.927s][info ][safepoint   ] Safepoint "G1TryInitiateConcMark", Time since last: 605252288 ns, Reaching safepoint: 61583 ns, Cleanup: 22502 ns, At safepoint: 31379250 ns, Total: 31463335 ns
[2025-04-24T19:55:08.524+0000][71.929s][info ][gc,marking  ] GC(63) Concurrent Cleanup for Next Mark 2.049ms
[2025-04-24T19:55:08.524+0000][71.929s][info ][gc          ] GC(63) Concurrent Undo Cycle 2.163ms
[2025-04-24T19:55:08.758+0000][72.163s][debug][safepoint   ] Safepoint synchronization initiated using futex wait barrier. (228 threads)
[2025-04-24T19:55:08.758+0000][72.163s][info ][gc,start    ] GC(64) Pause Young (Concurrent Start) (G1 Humongous Allocation)
[2025-04-24T19:55:08.758+0000][72.164s][info ][gc,task     ] GC(64) Using 4 workers of 4 for evacuation
[2025-04-24T19:55:08.779+0000][72.184s][info ][gc,phases   ] GC(64)   Pre Evacuate Collection Set: 0.2ms
[2025-04-24T19:55:08.779+0000][72.184s][info ][gc,phases   ] GC(64)   Merge Heap Roots: 0.1ms
[2025-04-24T19:55:08.779+0000][72.184s][info ][gc,phases   ] GC(64)   Evacuate Collection Set: 18.2ms
[2025-04-24T19:55:08.779+0000][72.184s][info ][gc,phases   ] GC(64)   Post Evacuate Collection Set: 1.7ms
[2025-04-24T19:55:08.779+0000][72.184s][info ][gc,phases   ] GC(64)   Other: 0.2ms
[2025-04-24T19:55:08.779+0000][72.184s][info ][gc,heap     ] GC(64) Eden regions: 6->0(282)
[2025-04-24T19:55:08.779+0000][72.184s][info ][gc,heap     ] GC(64) Survivor regions: 16->16(37)
[2025-04-24T19:55:08.779+0000][72.184s][info ][gc,heap     ] GC(64) Old regions: 149->149
[2025-04-24T19:55:08.779+0000][72.184s][info ][gc,heap     ] GC(64) Archive regions: 2->2
[2025-04-24T19:55:08.779+0000][72.184s][info ][gc,heap     ] GC(64) Humongous regions: 46->6
[2025-04-24T19:55:08.779+0000][72.184s][info ][gc,metaspace] GC(64) Metaspace: 173704K(174912K)->173704K(174912K) NonClass: 152305K(152960K)->152305K(152960K) Class: 21398K(21952K)->21398K(21952K)
[2025-04-24T19:55:08.779+0000][72.184s][info ][gc          ] GC(64) Pause Young (Concurrent Start) (G1 Humongous Allocation) 216M->171M(524M) 20.552ms
[2025-04-24T19:55:08.779+0000][72.184s][info ][gc,cpu      ] GC(64) User=0.06s Sys=0.00s Real=0.02s
[2025-04-24T19:55:08.779+0000][72.184s][info ][gc          ] GC(65) Concurrent Undo Cycle
[2025-04-24T19:55:08.779+0000][72.184s][info ][gc,marking  ] GC(65) Concurrent Cleanup for Next Mark
[2025-04-24T19:55:08.779+0000][72.184s][info ][safepoint   ] Safepoint "G1TryInitiateConcMark", Time since last: 236382043 ns, Reaching safepoint: 74817 ns, Cleanup: 18712 ns, At safepoint: 20944145 ns, Total: 21037674 ns
[2025-04-24T19:55:08.781+0000][72.186s][info ][gc,marking  ] GC(65) Concurrent Cleanup for Next Mark 2.315ms
[2025-04-24T19:55:08.781+0000][72.187s][info ][gc          ] GC(65) Concurrent Undo Cycle 2.471ms
[2025-04-24T19:55:09.377+0000][72.782s][debug][safepoint   ] Safepoint synchronization initiated using futex wait barrier. (229 threads)
[2025-04-24T19:55:09.379+0000][72.784s][info ][safepoint   ] Safepoint "ICBufferFull", Time since last: 597875378 ns, Reaching safepoint: 573138 ns, Cleanup: 155803 ns, At safepoint: 696373 ns, Total: 1425314 ns
[2025-04-24T19:55:09.862+0000][73.267s][debug][safepoint   ] Safepoint synchronization initiated using futex wait barrier. (229 threads)
[2025-04-24T19:55:09.863+0000][73.269s][info ][safepoint   ] Safepoint "ICBufferFull", Time since last: 483620427 ns, Reaching safepoint: 1029049 ns, Cleanup: 159237 ns, At safepoint: 61975 ns, Total: 1250261 ns
[2025-04-24T19:55:10.472+0000][73.877s][debug][safepoint   ] Safepoint synchronization initiated using futex wait barrier. (230 threads)
[2025-04-24T19:55:10.472+0000][73.877s][info ][safepoint   ] Safepoint "ICBufferFull", Time since last: 608295816 ns, Reaching safepoint: 174795 ns, Cleanup: 150084 ns, At safepoint: 26795 ns, Total: 351674 ns
[2025-04-24T19:55:11.328+0000][74.733s][debug][safepoint   ] Safepoint synchronization initiated using futex wait barrier. (231 threads)
[2025-04-24T19:55:11.328+0000][74.733s][info ][safepoint   ] Safepoint "ICBufferFull", Time since last: 855693532 ns, Reaching safepoint: 100296 ns, Cleanup: 149667 ns, At safepoint: 14343 ns, Total: 264306 ns
[2025-04-24T19:55:12.790+0000][76.195s][debug][safepoint   ] Safepoint synchronization initiated using futex wait barrier. (231 threads)
[2025-04-24T19:55:12.790+0000][76.196s][info ][safepoint   ] Safepoint "Cleanup", Time since last: 1462250862 ns, Reaching safepoint: 70199 ns, Cleanup: 90738 ns, At safepoint: 10990 ns, Total: 171927 ns
[2025-04-24T19:55:13.791+0000][77.196s][debug][safepoint   ] Safepoint synchronization initiated using futex wait barrier. (231 threads)
[2025-04-24T19:55:13.792+0000][77.197s][info ][safepoint   ] Safepoint "Cleanup", Time since last: 1000112765 ns, Reaching safepoint: 1292156 ns, Cleanup: 30541 ns, At safepoint: 11226 ns, Total: 1333923 ns
[2025-04-24T19:55:14.792+0000][78.197s][debug][safepoint   ] Safepoint synchronization initiated using futex wait barrier. (231 threads)
[2025-04-24T19:55:14.792+0000][78.197s][info ][safepoint   ] Safepoint "Cleanup", Time since last: 1000153296 ns, Reaching safepoint: 67860 ns, Cleanup: 9800 ns, At safepoint: 5640 ns, Total: 83300 ns
[2025-04-24T19:55:15.945+0000][79.350s][debug][safepoint   ] Safepoint synchronization initiated using futex wait barrier. (231 threads)
[2025-04-24T19:55:15.945+0000][79.350s][info ][gc,start    ] GC(66) Pause Young (Normal) (G1 Evacuation Pause)
[2025-04-24T19:55:15.945+0000][79.350s][info ][gc,task     ] GC(66) Using 4 workers of 4 for evacuation
[2025-04-24T19:55:15.978+0000][79.384s][info ][gc,phases   ] GC(66)   Pre Evacuate Collection Set: 0.2ms
[2025-04-24T19:55:15.978+0000][79.384s][info ][gc,phases   ] GC(66)   Merge Heap Roots: 0.3ms
[2025-04-24T19:55:15.978+0000][79.384s][info ][gc,phases   ] GC(66)   Evacuate Collection Set: 29.3ms
[2025-04-24T19:55:15.978+0000][79.384s][info ][gc,phases   ] GC(66)   Post Evacuate Collection Set: 3.5ms
[2025-04-24T19:55:15.978+0000][79.384s][info ][gc,phases   ] GC(66)   Other: 0.2ms
[2025-04-24T19:55:15.978+0000][79.384s][info ][gc,heap     ] GC(66) Eden regions: 282->0(268)
[2025-04-24T19:55:15.978+0000][79.384s][info ][gc,heap     ] GC(66) Survivor regions: 16->25(38)
[2025-04-24T19:55:15.978+0000][79.384s][info ][gc,heap     ] GC(66) Old regions: 149->149
[2025-04-24T19:55:15.978+0000][79.384s][info ][gc,heap     ] GC(66) Archive regions: 2->2
[2025-04-24T19:55:15.978+0000][79.384s][info ][gc,heap     ] GC(66) Humongous regions: 37->2
[2025-04-24T19:55:15.978+0000][79.384s][info ][gc,metaspace] GC(66) Metaspace: 179826K(181120K)->179826K(181120K) NonClass: 157792K(158464K)->157792K(158464K) Class: 22033K(22656K)->22033K(22656K)
[2025-04-24T19:55:15.978+0000][79.384s][info ][gc          ] GC(66) Pause Young (Normal) (G1 Evacuation Pause) 484M->176M(524M) 33.669ms
[2025-04-24T19:55:15.979+0000][79.384s][info ][gc,cpu      ] GC(66) User=0.11s Sys=0.00s Real=0.04s
[2025-04-24T19:55:15.979+0000][79.384s][info ][safepoint   ] Safepoint "G1CollectForAllocation", Time since last: 1152577613 ns, Reaching safepoint: 91312 ns, Cleanup: 5401 ns, At safepoint: 34283997 ns, Total: 34380710 ns
[2025-04-24T19:55:17.124+0000][80.530s][debug][safepoint   ] Safepoint synchronization initiated using futex wait barrier. (234 threads)
[2025-04-24T19:55:17.126+0000][80.531s][info ][safepoint   ] Safepoint "ICBufferFull", Time since last: 1145302123 ns, Reaching safepoint: 370900 ns, Cleanup: 170790 ns, At safepoint: 784244 ns, Total: 1325934 ns
[2025-04-24T19:55:18.126+0000][81.531s][debug][safepoint   ] Safepoint synchronization initiated using futex wait barrier. (234 threads)
[2025-04-24T19:55:18.126+0000][81.532s][info ][safepoint   ] Safepoint "Cleanup", Time since last: 1000338559 ns, Reaching safepoint: 140467 ns, Cleanup: 145551 ns, At safepoint: 114708 ns, Total: 400726 ns
[2025-04-24T19:55:19.127+0000][82.532s][debug][safepoint   ] Safepoint synchronization initiated using futex wait barrier. (233 threads)
[2025-04-24T19:55:19.127+0000][82.532s][info ][safepoint   ] Safepoint "Cleanup", Time since last: 1000182492 ns, Reaching safepoint: 112245 ns, Cleanup: 17096 ns, At safepoint: 11686 ns, Total: 141027 ns
[2025-04-24T19:55:20.127+0000][83.532s][debug][safepoint   ] Safepoint synchronization initiated using futex wait barrier. (233 threads)
[2025-04-24T19:55:20.127+0000][83.532s][info ][safepoint   ] Safepoint "Cleanup", Time since last: 1000125019 ns, Reaching safepoint: 127131 ns, Cleanup: 19724 ns, At safepoint: 27325 ns, Total: 174180 ns
[2025-04-24T19:55:22.127+0000][85.533s][debug][safepoint   ] Safepoint synchronization initiated using futex wait barrier. (233 threads)
[2025-04-24T19:55:22.128+0000][85.533s][info ][safepoint   ] Safepoint "Cleanup", Time since last: 2000408519 ns, Reaching safepoint: 386215 ns, Cleanup: 61865 ns, At safepoint: 75312 ns, Total: 523392 ns
[2025-04-24T19:55:33.130+0000][96.535s][debug][safepoint   ] Safepoint synchronization initiated using futex wait barrier. (233 threads)
[2025-04-24T19:55:33.130+0000][96.535s][info ][safepoint   ] Safepoint "Cleanup", Time since last: 11001780101 ns, Reaching safepoint: 162862 ns, Cleanup: 24359 ns, At safepoint: 15541 ns, Total: 202762 ns
[2025-04-24T19:55:42.132+0000][105.537s][debug][safepoint   ] Safepoint synchronization initiated using futex wait barrier. (233 threads)
[2025-04-24T19:55:42.132+0000][105.537s][info ][safepoint   ] Safepoint "Cleanup", Time since last: 9001715198 ns, Reaching safepoint: 73499 ns, Cleanup: 12314 ns, At safepoint: 6517 ns, Total: 92330 ns
[2025-04-24T19:55:44.132+0000][107.537s][debug][safepoint   ] Safepoint synchronization initiated using futex wait barrier. (233 threads)
[2025-04-24T19:55:44.133+0000][107.538s][info ][safepoint   ] Safepoint "Cleanup", Time since last: 2000300585 ns, Reaching safepoint: 1066491 ns, Cleanup: 41232 ns, At safepoint: 48579 ns, Total: 1156302 ns
[2025-04-24T19:55:52.136+0000][115.541s][debug][safepoint   ] Safepoint synchronization initiated using futex wait barrier. (233 threads)
[2025-04-24T19:55:52.136+0000][115.541s][info ][safepoint   ] Safepoint "Cleanup", Time since last: 8002634830 ns, Reaching safepoint: 258990 ns, Cleanup: 40624 ns, At safepoint: 67866 ns, Total: 367480 ns
[2025-04-24T19:55:53.136+0000][116.542s][debug][safepoint   ] Safepoint synchronization initiated using futex wait barrier. (233 threads)
[2025-04-24T19:55:53.138+0000][116.543s][info ][safepoint   ] Safepoint "Cleanup", Time since last: 1000227480 ns, Reaching safepoint: 1288912 ns, Cleanup: 17421 ns, At safepoint: 12481 ns, Total: 1318814 ns
[2025-04-24T19:55:59.715+0000][123.120s][debug][safepoint   ] Safepoint synchronization initiated using futex wait barrier. (233 threads)
[2025-04-24T19:55:59.715+0000][123.120s][info ][safepoint   ] Safepoint "Cleanup", Time since last: 6577235550 ns, Reaching safepoint: 143114 ns, Cleanup: 31174 ns, At safepoint: 11484 ns, Total: 185772 ns
[2025-04-24T19:56:00.715+0000][124.120s][debug][safepoint   ] Safepoint synchronization initiated using futex wait barrier. (231 threads)
[2025-04-24T19:56:00.715+0000][124.121s][info ][safepoint   ] Safepoint "Cleanup", Time since last: 1000105348 ns, Reaching safepoint: 73995 ns, Cleanup: 11111 ns, At safepoint: 6927 ns, Total: 92033 ns
[2025-04-24T19:56:04.716+0000][128.121s][debug][safepoint   ] Safepoint synchronization initiated using futex wait barrier. (222 threads)
[2025-04-24T19:56:04.716+0000][128.121s][info ][safepoint   ] Safepoint "Cleanup", Time since last: 4000345043 ns, Reaching safepoint: 102214 ns, Cleanup: 20101 ns, At safepoint: 9828 ns, Total: 132143 ns
[2025-04-24T19:56:13.717+0000][137.122s][debug][safepoint   ] Safepoint synchronization initiated using futex wait barrier. (220 threads)
[2025-04-24T19:56:13.717+0000][137.122s][info ][safepoint   ] Safepoint "Cleanup", Time since last: 9000964350 ns, Reaching safepoint: 106778 ns, Cleanup: 16750 ns, At safepoint: 6429 ns, Total: 129957 ns
[2025-04-24T19:56:30.719+0000][154.124s][debug][safepoint   ] Safepoint synchronization initiated using futex wait barrier. (218 threads)
[2025-04-24T19:56:30.719+0000][154.124s][info ][safepoint   ] Safepoint "Cleanup", Time since last: 17002160546 ns, Reaching safepoint: 93530 ns, Cleanup: 14269 ns, At safepoint: 7277 ns, Total: 115076 ns
[2025-04-24T19:56:31.719+0000][155.125s][debug][safepoint   ] Safepoint synchronization initiated using futex wait barrier. (218 threads)
[2025-04-24T19:56:31.720+0000][155.125s][info ][safepoint   ] Safepoint "Cleanup", Time since last: 1000101855 ns, Reaching safepoint: 209450 ns, Cleanup: 33564 ns, At safepoint: 8543 ns, Total: 251557 ns
[2025-04-24T19:56:40.721+0000][164.126s][debug][safepoint   ] Safepoint synchronization initiated using futex wait barrier. (218 threads)
[2025-04-24T19:56:40.721+0000][164.126s][info ][safepoint   ] Safepoint "Cleanup", Time since last: 9001460389 ns, Reaching safepoint: 71454 ns, Cleanup: 13034 ns, At safepoint: 5912 ns, Total: 90400 ns
[2025-04-24T19:57:00.723+0000][184.129s][debug][safepoint   ] Safepoint synchronization initiated using futex wait barrier. (218 threads)
[2025-04-24T19:57:00.724+0000][184.129s][info ][safepoint   ] Safepoint "Cleanup", Time since last: 20002280692 ns, Reaching safepoint: 87513 ns, Cleanup: 13590 ns, At safepoint: 8027 ns, Total: 109130 ns
[2025-04-24T19:57:05.725+0000][189.130s][debug][safepoint   ] Safepoint synchronization initiated using futex wait barrier. (215 threads)
[2025-04-24T19:57:05.725+0000][189.130s][info ][safepoint   ] Safepoint "Cleanup", Time since last: 5000964357 ns, Reaching safepoint: 87402 ns, Cleanup: 14847 ns, At safepoint: 6366 ns, Total: 108615 ns
[2025-04-24T19:57:10.725+0000][194.130s][debug][safepoint   ] Safepoint synchronization initiated using futex wait barrier. (215 threads)
[2025-04-24T19:57:10.725+0000][194.131s][info ][safepoint   ] Safepoint "Cleanup", Time since last: 5000625984 ns, Reaching safepoint: 113583 ns, Cleanup: 20903 ns, At safepoint: 11306 ns, Total: 145792 ns
[2025-04-24T19:57:13.726+0000][197.131s][debug][safepoint   ] Safepoint synchronization initiated using futex wait barrier. (215 threads)
[2025-04-24T19:57:13.726+0000][197.131s][info ][safepoint   ] Safepoint "Cleanup", Time since last: 3000375899 ns, Reaching safepoint: 65834 ns, Cleanup: 10198 ns, At safepoint: 6607 ns, Total: 82639 ns
[2025-04-24T19:57:17.492+0000][200.897s][debug][safepoint   ] Safepoint synchronization initiated using futex wait barrier. (215 threads)
[2025-04-24T19:57:17.492+0000][200.897s][info ][gc,start    ] GC(67) Pause Young (Normal) (G1 Evacuation Pause)
[2025-04-24T19:57:17.492+0000][200.897s][info ][gc,task     ] GC(67) Using 4 workers of 4 for evacuation
[2025-04-24T19:57:17.537+0000][200.942s][info ][gc,phases   ] GC(67)   Pre Evacuate Collection Set: 0.2ms
[2025-04-24T19:57:17.537+0000][200.943s][info ][gc,phases   ] GC(67)   Merge Heap Roots: 0.3ms
[2025-04-24T19:57:17.537+0000][200.943s][info ][gc,phases   ] GC(67)   Evacuate Collection Set: 40.9ms
[2025-04-24T19:57:17.537+0000][200.943s][info ][gc,phases   ] GC(67)   Post Evacuate Collection Set: 3.7ms
[2025-04-24T19:57:17.537+0000][200.943s][info ][gc,phases   ] GC(67)   Other: 0.2ms
[2025-04-24T19:57:17.537+0000][200.943s][info ][gc,heap     ] GC(67) Eden regions: 268->0(272)
[2025-04-24T19:57:17.537+0000][200.943s][info ][gc,heap     ] GC(67) Survivor regions: 25->19(37)
[2025-04-24T19:57:17.537+0000][200.943s][info ][gc,heap     ] GC(67) Old regions: 149->157
[2025-04-24T19:57:17.537+0000][200.943s][info ][gc,heap     ] GC(67) Archive regions: 2->2
[2025-04-24T19:57:17.537+0000][200.943s][info ][gc,heap     ] GC(67) Humongous regions: 2->2
[2025-04-24T19:57:17.537+0000][200.943s][info ][gc,metaspace] GC(67) Metaspace: 183287K(184640K)->183287K(184640K) NonClass: 160779K(161472K)->160779K(161472K) Class: 22507K(23168K)->22507K(23168K)
[2025-04-24T19:57:17.537+0000][200.943s][info ][gc          ] GC(67) Pause Young (Normal) (G1 Evacuation Pause) 444M->178M(524M) 45.470ms
[2025-04-24T19:57:17.538+0000][200.943s][info ][gc,cpu      ] GC(67) User=0.15s Sys=0.00s Real=0.04s
[2025-04-24T19:57:17.538+0000][200.943s][info ][safepoint   ] Safepoint "G1CollectForAllocation", Time since last: 3765996342 ns, Reaching safepoint: 69549 ns, Cleanup: 4965 ns, At safepoint: 46156523 ns, Total: 46231037 ns
[2025-04-24T19:57:20.539+0000][203.944s][debug][safepoint   ] Safepoint synchronization initiated using futex wait barrier. (215 threads)
[2025-04-24T19:57:20.539+0000][203.944s][info ][safepoint   ] Safepoint "Cleanup", Time since last: 3000503231 ns, Reaching safepoint: 80276 ns, Cleanup: 22331 ns, At safepoint: 8625 ns, Total: 111232 ns
[2025-04-24T19:57:26.539+0000][209.945s][debug][safepoint   ] Safepoint synchronization initiated using futex wait barrier. (215 threads)
[2025-04-24T19:57:26.539+0000][209.945s][info ][safepoint   ] Safepoint "Cleanup", Time since last: 6000684581 ns, Reaching safepoint: 74702 ns, Cleanup: 14286 ns, At safepoint: 9979 ns, Total: 98967 ns
[2025-04-24T19:57:32.540+0000][215.945s][debug][safepoint   ] Safepoint synchronization initiated using futex wait barrier. (215 threads)
[2025-04-24T19:57:32.541+0000][215.946s][info ][safepoint   ] Safepoint "Cleanup", Time since last: 6000671130 ns, Reaching safepoint: 313194 ns, Cleanup: 41734 ns, At safepoint: 26039 ns, Total: 380967 ns
[2025-04-24T19:57:38.541+0000][221.947s][debug][safepoint   ] Safepoint synchronization initiated using futex wait barrier. (215 threads)
[2025-04-24T19:57:38.542+0000][221.947s][info ][safepoint   ] Safepoint "Cleanup", Time since last: 6000875776 ns, Reaching safepoint: 105821 ns, Cleanup: 18519 ns, At safepoint: 10148 ns, Total: 134488 ns
[2025-04-24T19:57:40.542+0000][223.947s][debug][safepoint   ] Safepoint synchronization initiated using futex wait barrier. (215 threads)
[2025-04-24T19:57:40.542+0000][223.947s][info ][safepoint   ] Safepoint "Cleanup", Time since last: 2000198540 ns, Reaching safepoint: 87313 ns, Cleanup: 17621 ns, At safepoint: 6884 ns, Total: 111818 ns
[2025-04-24T19:57:59.771+0000][243.176s][debug][safepoint   ] Safepoint synchronization initiated using futex wait barrier. (215 threads)
[2025-04-24T19:57:59.771+0000][243.176s][info ][safepoint   ] Safepoint "Cleanup", Time since last: 19228952395 ns, Reaching safepoint: 91506 ns, Cleanup: 29307 ns, At safepoint: 11135 ns, Total: 131948 ns
[2025-04-24T19:58:00.771+0000][244.176s][debug][safepoint   ] Safepoint synchronization initiated using futex wait barrier. (215 threads)
[2025-04-24T19:58:00.771+0000][244.176s][info ][safepoint   ] Safepoint "Cleanup", Time since last: 1000098940 ns, Reaching safepoint: 57099 ns, Cleanup: 9529 ns, At safepoint: 6986 ns, Total: 73614 ns
[2025-04-24T19:58:04.772+0000][248.177s][debug][safepoint   ] Safepoint synchronization initiated using futex wait barrier. (213 threads)
[2025-04-24T19:58:04.772+0000][248.177s][info ][safepoint   ] Safepoint "Cleanup", Time since last: 4000560291 ns, Reaching safepoint: 84890 ns, Cleanup: 13935 ns, At safepoint: 6386 ns, Total: 105211 ns
[2025-04-24T19:58:05.772+0000][249.177s][debug][safepoint   ] Safepoint synchronization initiated using futex wait barrier. (213 threads)
[2025-04-24T19:58:05.772+0000][249.177s][info ][safepoint   ] Safepoint "Cleanup", Time since last: 1000168822 ns, Reaching safepoint: 213513 ns, Cleanup: 31602 ns, At safepoint: 23397 ns, Total: 268512 ns
[2025-04-24T19:58:07.773+0000][251.178s][debug][safepoint   ] Safepoint synchronization initiated using futex wait barrier. (213 threads)
[2025-04-24T19:58:07.773+0000][251.178s][info ][safepoint   ] Safepoint "Cleanup", Time since last: 2000451036 ns, Reaching safepoint: 142749 ns, Cleanup: 15856 ns, At safepoint: 11593 ns, Total: 170198 ns
[2025-04-24T19:58:10.773+0000][254.178s][debug][safepoint   ] Safepoint synchronization initiated using futex wait barrier. (213 threads)
[2025-04-24T19:58:10.774+0000][254.179s][info ][safepoint   ] Safepoint "Cleanup", Time since last: 3000435041 ns, Reaching safepoint: 216686 ns, Cleanup: 33050 ns, At safepoint: 23163 ns, Total: 272899 ns
[2025-04-24T19:58:11.774+0000][255.179s][debug][safepoint   ] Safepoint synchronization initiated using futex wait barrier. (213 threads)
[2025-04-24T19:58:11.774+0000][255.179s][info ][safepoint   ] Safepoint "Cleanup", Time since last: 1000261138 ns, Reaching safepoint: 262576 ns, Cleanup: 44789 ns, At safepoint: 39758 ns, Total: 347123 ns
[2025-04-24T19:58:16.775+0000][260.180s][debug][safepoint   ] Safepoint synchronization initiated using futex wait barrier. (213 threads)
[2025-04-24T19:58:16.775+0000][260.180s][info ][safepoint   ] Safepoint "Cleanup", Time since last: 5000704907 ns, Reaching safepoint: 162686 ns, Cleanup: 34182 ns, At safepoint: 22030 ns, Total: 218898 ns
