[2025-04-24T20:00:47.684+0000][0.009s][info][gc] Using G1
[2025-04-24T20:00:47.694+0000][0.018s][info][gc,init] Version: 17.0.14+7-Debian-1deb12u1 (release)
[2025-04-24T20:00:47.694+0000][0.018s][info][gc,init] CPUs: 4 total, 4 available
[2025-04-24T20:00:47.694+0000][0.018s][info][gc,init] Memory: 7823M
[2025-04-24T20:00:47.694+0000][0.018s][info][gc,init] Large Page Support: Disabled
[2025-04-24T20:00:47.694+0000][0.018s][info][gc,init] NUMA Support: Disabled
[2025-04-24T20:00:47.694+0000][0.018s][info][gc,init] Compressed Oops: Enabled (32-bit)
[2025-04-24T20:00:47.694+0000][0.018s][info][gc,init] Heap Region Size: 1M
[2025-04-24T20:00:47.694+0000][0.018s][info][gc,init] Heap Min Capacity: 8M
[2025-04-24T20:00:47.694+0000][0.018s][info][gc,init] Heap Initial Capacity: 124M
[2025-04-24T20:00:47.694+0000][0.018s][info][gc,init] Heap Max Capacity: 1956M
[2025-04-24T20:00:47.694+0000][0.018s][info][gc,init] Pre-touch: Disabled
[2025-04-24T20:00:47.694+0000][0.018s][info][gc,init] Parallel Workers: 4
[2025-04-24T20:00:47.694+0000][0.018s][info][gc,init] Concurrent Workers: 1
[2025-04-24T20:00:47.694+0000][0.018s][info][gc,init] Concurrent Refinement Workers: 4
[2025-04-24T20:00:47.694+0000][0.018s][info][gc,init] Periodic GC: Disabled
[2025-04-24T20:00:47.706+0000][0.031s][info][gc,metaspace] CDS archive(s) mapped at: [0x000075a4f3000000-0x000075a4f3bc9000-0x000075a4f3bc9000), size 12357632, SharedBaseAddress: 0x000075a4f3000000, ArchiveRelocationMode: 1.
[2025-04-24T20:00:47.706+0000][0.031s][info][gc,metaspace] Compressed class space mapped at: 0x000075a4f4000000-0x000075a534000000, reserved size: 1073741824
[2025-04-24T20:00:47.706+0000][0.031s][info][gc,metaspace] Narrow klass base: 0x000075a4f3000000, Narrow klass shift: 0, Narrow klass range: 0x100000000
[2025-04-24T20:00:47.716+0000][0.040s][info][cds,heap    ] initialize_from_archived_subgraph java.lang.Module$ArchivedData 0x000075a4f3183798 (early)
[2025-04-24T20:00:47.719+0000][0.044s][info][cds,heap    ] initialize_from_archived_subgraph java.util.ImmutableCollections 0x000075a4f3072308 (early)
[2025-04-24T20:00:47.726+0000][0.051s][info][cds,heap    ] initialize_from_archived_subgraph java.lang.Integer$IntegerCache 0x000075a4f3037660 (early)
[2025-04-24T20:00:47.741+0000][0.065s][info][cds,heap    ] initialize_from_archived_subgraph java.lang.module.Configuration 0x000075a4f3171718 (early)
[2025-04-24T20:00:47.741+0000][0.065s][info][cds,heap    ] initialize_from_archived_subgraph java.lang.ModuleLayer 0x000075a4f3145b50 (early)
[2025-04-24T20:00:47.741+0000][0.066s][info][cds,heap    ] initialize_from_archived_subgraph jdk.internal.loader.ArchivedClassLoaders 0x000075a4f31a7e00 (early)
[2025-04-24T20:00:47.741+0000][0.066s][info][cds,heap    ] initialize_from_archived_subgraph jdk.internal.module.ArchivedBootLayer 0x000075a4f3178358 (early)
[2025-04-24T20:00:47.747+0000][0.071s][info][cds,heap    ] initialize_from_archived_subgraph sun.util.locale.BaseLocale 0x000075a4f326eb88
[2025-04-24T20:00:47.770+0000][0.094s][info][cds,heap    ] initialize_from_archived_subgraph java.util.jar.Attributes$Name 0x000075a4f3199878
[2025-04-24T20:00:47.822+0000][0.147s][info][cds,heap    ] initialize_from_archived_subgraph java.lang.Long$LongCache 0x000075a4f3020f98
[2025-04-24T20:00:48.040+0000][0.364s][info][cds,heap    ] initialize_from_archived_subgraph java.lang.Character$CharacterCache 0x000075a4f303a9e8
[2025-04-24T20:00:48.517+0000][0.841s][debug][safepoint   ] Safepoint synchronization initiated using futex wait barrier. (13 threads)
[2025-04-24T20:00:48.517+0000][0.842s][info ][gc,start    ] GC(0) Pause Young (Normal) (G1 Evacuation Pause)
[2025-04-24T20:00:48.518+0000][0.842s][info ][gc,task     ] GC(0) Using 3 workers of 4 for evacuation
[2025-04-24T20:00:48.527+0000][0.852s][info ][gc,phases   ] GC(0)   Pre Evacuate Collection Set: 0.1ms
[2025-04-24T20:00:48.527+0000][0.852s][info ][gc,phases   ] GC(0)   Merge Heap Roots: 0.1ms
[2025-04-24T20:00:48.528+0000][0.852s][info ][gc,phases   ] GC(0)   Evacuate Collection Set: 8.6ms
[2025-04-24T20:00:48.528+0000][0.852s][info ][gc,phases   ] GC(0)   Post Evacuate Collection Set: 0.8ms
[2025-04-24T20:00:48.528+0000][0.852s][info ][gc,phases   ] GC(0)   Other: 0.4ms
[2025-04-24T20:00:48.528+0000][0.852s][info ][gc,heap     ] GC(0) Eden regions: 37->0(52)
[2025-04-24T20:00:48.528+0000][0.852s][info ][gc,heap     ] GC(0) Survivor regions: 0->5(5)
[2025-04-24T20:00:48.528+0000][0.852s][info ][gc,heap     ] GC(0) Old regions: 0->2
[2025-04-24T20:00:48.528+0000][0.852s][info ][gc,heap     ] GC(0) Archive regions: 2->2
[2025-04-24T20:00:48.528+0000][0.852s][info ][gc,heap     ] GC(0) Humongous regions: 0->0
[2025-04-24T20:00:48.528+0000][0.852s][info ][gc,metaspace] GC(0) Metaspace: 2053K(2240K)->2053K(2240K) NonClass: 1847K(1920K)->1847K(1920K) Class: 205K(320K)->205K(320K)
[2025-04-24T20:00:48.528+0000][0.852s][info ][gc          ] GC(0) Pause Young (Normal) (G1 Evacuation Pause) 37M->7M(126M) 10.145ms
[2025-04-24T20:00:48.528+0000][0.852s][info ][gc,cpu      ] GC(0) User=0.03s Sys=0.01s Real=0.01s
[2025-04-24T20:00:48.528+0000][0.852s][info ][safepoint   ] Safepoint "G1CollectForAllocation", Time since last: 801928689 ns, Reaching safepoint: 560436 ns, Cleanup: 73856 ns, At safepoint: 10229395 ns, Total: 10863687 ns
[2025-04-24T20:00:49.516+0000][1.840s][debug][safepoint   ] Safepoint synchronization initiated using futex wait barrier. (13 threads)
[2025-04-24T20:00:49.516+0000][1.841s][info ][gc,start    ] GC(1) Pause Young (Normal) (G1 Evacuation Pause)
[2025-04-24T20:00:49.516+0000][1.841s][info ][gc,task     ] GC(1) Using 3 workers of 4 for evacuation
[2025-04-24T20:00:49.538+0000][1.862s][info ][gc,phases   ] GC(1)   Pre Evacuate Collection Set: 0.1ms
[2025-04-24T20:00:49.538+0000][1.862s][info ][gc,phases   ] GC(1)   Merge Heap Roots: 0.0ms
[2025-04-24T20:00:49.538+0000][1.862s][info ][gc,phases   ] GC(1)   Evacuate Collection Set: 19.1ms
[2025-04-24T20:00:49.538+0000][1.862s][info ][gc,phases   ] GC(1)   Post Evacuate Collection Set: 2.3ms
[2025-04-24T20:00:49.538+0000][1.862s][info ][gc,phases   ] GC(1)   Other: 0.4ms
[2025-04-24T20:00:49.538+0000][1.863s][info ][gc,heap     ] GC(1) Eden regions: 52->0(70)
[2025-04-24T20:00:49.538+0000][1.863s][info ][gc,heap     ] GC(1) Survivor regions: 5->4(8)
[2025-04-24T20:00:49.538+0000][1.863s][info ][gc,heap     ] GC(1) Old regions: 2->7
[2025-04-24T20:00:49.538+0000][1.863s][info ][gc,heap     ] GC(1) Archive regions: 2->2
[2025-04-24T20:00:49.538+0000][1.863s][info ][gc,heap     ] GC(1) Humongous regions: 0->0
[2025-04-24T20:00:49.538+0000][1.863s][info ][gc,metaspace] GC(1) Metaspace: 4312K(4544K)->4312K(4544K) NonClass: 3848K(3968K)->3848K(3968K) Class: 463K(576K)->463K(576K)
[2025-04-24T20:00:49.538+0000][1.863s][info ][gc          ] GC(1) Pause Young (Normal) (G1 Evacuation Pause) 59M->10M(126M) 22.088ms
[2025-04-24T20:00:49.538+0000][1.863s][info ][gc,cpu      ] GC(1) User=0.04s Sys=0.00s Real=0.03s
[2025-04-24T20:00:49.538+0000][1.863s][info ][safepoint   ] Safepoint "G1CollectForAllocation", Time since last: 988196951 ns, Reaching safepoint: 59020 ns, Cleanup: 112571 ns, At safepoint: 22147297 ns, Total: 22318888 ns
[2025-04-24T20:00:50.955+0000][3.280s][debug][safepoint   ] Safepoint synchronization initiated using futex wait barrier. (14 threads)
[2025-04-24T20:00:50.960+0000][3.284s][info ][safepoint   ] Safepoint "Cleanup", Time since last: 1417246369 ns, Reaching safepoint: 149248 ns, Cleanup: 4175463 ns, At safepoint: 8627 ns, Total: 4333338 ns
[2025-04-24T20:00:51.175+0000][3.499s][debug][safepoint   ] Safepoint synchronization initiated using futex wait barrier. (14 threads)
[2025-04-24T20:00:51.175+0000][3.500s][info ][gc,start    ] GC(2) Pause Young (Normal) (G1 Evacuation Pause)
[2025-04-24T20:00:51.175+0000][3.500s][info ][gc,task     ] GC(2) Using 3 workers of 4 for evacuation
[2025-04-24T20:00:51.192+0000][3.517s][info ][gc,phases   ] GC(2)   Pre Evacuate Collection Set: 0.4ms
[2025-04-24T20:00:51.192+0000][3.517s][info ][gc,phases   ] GC(2)   Merge Heap Roots: 0.1ms
[2025-04-24T20:00:51.192+0000][3.517s][info ][gc,phases   ] GC(2)   Evacuate Collection Set: 15.0ms
[2025-04-24T20:00:51.192+0000][3.517s][info ][gc,phases   ] GC(2)   Post Evacuate Collection Set: 1.9ms
[2025-04-24T20:00:51.193+0000][3.517s][info ][gc,phases   ] GC(2)   Other: 0.1ms
[2025-04-24T20:00:51.193+0000][3.517s][info ][gc,heap     ] GC(2) Eden regions: 70->0(69)
[2025-04-24T20:00:51.193+0000][3.517s][info ][gc,heap     ] GC(2) Survivor regions: 4->5(10)
[2025-04-24T20:00:51.193+0000][3.517s][info ][gc,heap     ] GC(2) Old regions: 7->7
[2025-04-24T20:00:51.193+0000][3.517s][info ][gc,heap     ] GC(2) Archive regions: 2->2
[2025-04-24T20:00:51.193+0000][3.517s][info ][gc,heap     ] GC(2) Humongous regions: 0->0
[2025-04-24T20:00:51.193+0000][3.517s][info ][gc,metaspace] GC(2) Metaspace: 6570K(6912K)->6570K(6912K) NonClass: 5736K(5888K)->5736K(5888K) Class: 834K(1024K)->834K(1024K)
[2025-04-24T20:00:51.193+0000][3.517s][info ][gc          ] GC(2) Pause Young (Normal) (G1 Evacuation Pause) 80M->12M(126M) 17.578ms
[2025-04-24T20:00:51.193+0000][3.517s][info ][gc,cpu      ] GC(2) User=0.05s Sys=0.00s Real=0.02s
[2025-04-24T20:00:51.193+0000][3.517s][info ][safepoint   ] Safepoint "G1CollectForAllocation", Time since last: 215188517 ns, Reaching safepoint: 51988 ns, Cleanup: 29274 ns, At safepoint: 17749034 ns, Total: 17830296 ns
[2025-04-24T20:00:51.759+0000][4.083s][debug][safepoint   ] Safepoint synchronization initiated using futex wait barrier. (14 threads)
[2025-04-24T20:00:51.759+0000][4.083s][info ][gc,start    ] GC(3) Pause Young (Normal) (G1 Evacuation Pause)
[2025-04-24T20:00:51.759+0000][4.083s][info ][gc,task     ] GC(3) Using 3 workers of 4 for evacuation
[2025-04-24T20:00:51.764+0000][4.088s][info ][gc,phases   ] GC(3)   Pre Evacuate Collection Set: 0.1ms
[2025-04-24T20:00:51.764+0000][4.088s][info ][gc,phases   ] GC(3)   Merge Heap Roots: 0.0ms
[2025-04-24T20:00:51.764+0000][4.088s][info ][gc,phases   ] GC(3)   Evacuate Collection Set: 4.2ms
[2025-04-24T20:00:51.764+0000][4.088s][info ][gc,phases   ] GC(3)   Post Evacuate Collection Set: 0.8ms
[2025-04-24T20:00:51.764+0000][4.088s][info ][gc,phases   ] GC(3)   Other: 0.1ms
[2025-04-24T20:00:51.764+0000][4.089s][info ][gc,heap     ] GC(3) Eden regions: 69->0(68)
[2025-04-24T20:00:51.764+0000][4.089s][info ][gc,heap     ] GC(3) Survivor regions: 5->6(10)
[2025-04-24T20:00:51.764+0000][4.089s][info ][gc,heap     ] GC(3) Old regions: 7->7
[2025-04-24T20:00:51.764+0000][4.089s][info ][gc,heap     ] GC(3) Archive regions: 2->2
[2025-04-24T20:00:51.764+0000][4.089s][info ][gc,heap     ] GC(3) Humongous regions: 0->0
[2025-04-24T20:00:51.764+0000][4.089s][info ][gc,metaspace] GC(3) Metaspace: 10582K(10880K)->10582K(10880K) NonClass: 9198K(9344K)->9198K(9344K) Class: 1383K(1536K)->1383K(1536K)
[2025-04-24T20:00:51.764+0000][4.089s][info ][gc          ] GC(3) Pause Young (Normal) (G1 Evacuation Pause) 81M->13M(126M) 5.349ms
[2025-04-24T20:00:51.764+0000][4.089s][info ][gc,cpu      ] GC(3) User=0.02s Sys=0.00s Real=0.00s
[2025-04-24T20:00:51.764+0000][4.089s][info ][safepoint   ] Safepoint "G1CollectForAllocation", Time since last: 565821433 ns, Reaching safepoint: 44263 ns, Cleanup: 100625 ns, At safepoint: 5394679 ns, Total: 5539567 ns
[2025-04-24T20:00:52.024+0000][4.348s][debug][safepoint   ] Safepoint synchronization initiated using futex wait barrier. (14 threads)
[2025-04-24T20:00:52.024+0000][4.348s][info ][safepoint   ] Safepoint "ICBufferFull", Time since last: 259597359 ns, Reaching safepoint: 120231 ns, Cleanup: 75582 ns, At safepoint: 4581 ns, Total: 200394 ns
[2025-04-24T20:00:52.236+0000][4.561s][debug][safepoint   ] Safepoint synchronization initiated using futex wait barrier. (15 threads)
[2025-04-24T20:00:52.237+0000][4.561s][info ][gc,start    ] GC(4) Pause Young (Normal) (G1 Evacuation Pause)
[2025-04-24T20:00:52.237+0000][4.561s][info ][gc,task     ] GC(4) Using 4 workers of 4 for evacuation
[2025-04-24T20:00:52.246+0000][4.570s][info ][gc,phases   ] GC(4)   Pre Evacuate Collection Set: 0.1ms
[2025-04-24T20:00:52.246+0000][4.570s][info ][gc,phases   ] GC(4)   Merge Heap Roots: 0.0ms
[2025-04-24T20:00:52.246+0000][4.570s][info ][gc,phases   ] GC(4)   Evacuate Collection Set: 7.7ms
[2025-04-24T20:00:52.246+0000][4.570s][info ][gc,phases   ] GC(4)   Post Evacuate Collection Set: 0.9ms
[2025-04-24T20:00:52.246+0000][4.570s][info ][gc,phases   ] GC(4)   Other: 0.3ms
[2025-04-24T20:00:52.246+0000][4.570s][info ][gc,heap     ] GC(4) Eden regions: 68->0(68)
[2025-04-24T20:00:52.246+0000][4.570s][info ][gc,heap     ] GC(4) Survivor regions: 6->6(10)
[2025-04-24T20:00:52.246+0000][4.570s][info ][gc,heap     ] GC(4) Old regions: 7->10
[2025-04-24T20:00:52.246+0000][4.570s][info ][gc,heap     ] GC(4) Archive regions: 2->2
[2025-04-24T20:00:52.246+0000][4.570s][info ][gc,heap     ] GC(4) Humongous regions: 0->0
[2025-04-24T20:00:52.246+0000][4.570s][info ][gc,metaspace] GC(4) Metaspace: 12331K(12672K)->12331K(12672K) NonClass: 10731K(10944K)->10731K(10944K) Class: 1600K(1728K)->1600K(1728K)
[2025-04-24T20:00:52.246+0000][4.570s][info ][gc          ] GC(4) Pause Young (Normal) (G1 Evacuation Pause) 81M->15M(126M) 9.067ms
[2025-04-24T20:00:52.246+0000][4.570s][info ][gc,cpu      ] GC(4) User=0.03s Sys=0.01s Real=0.01s
[2025-04-24T20:00:52.246+0000][4.570s][info ][safepoint   ] Safepoint "G1CollectForAllocation", Time since last: 212575765 ns, Reaching safepoint: 223106 ns, Cleanup: 84350 ns, At safepoint: 9125328 ns, Total: 9432784 ns
[2025-04-24T20:00:52.517+0000][4.841s][debug][safepoint   ] Safepoint synchronization initiated using futex wait barrier. (15 threads)
[2025-04-24T20:00:52.517+0000][4.841s][debug][safepoint   ] ... found polling page loop exception at pc = 0x000075a55cee6e7c, stub =0x000075a55c98e400
[2025-04-24T20:00:52.517+0000][4.841s][info ][gc,start    ] GC(5) Pause Young (Normal) (G1 Evacuation Pause)
[2025-04-24T20:00:52.517+0000][4.841s][info ][gc,task     ] GC(5) Using 4 workers of 4 for evacuation
[2025-04-24T20:00:52.523+0000][4.848s][info ][gc,phases   ] GC(5)   Pre Evacuate Collection Set: 0.1ms
[2025-04-24T20:00:52.523+0000][4.848s][info ][gc,phases   ] GC(5)   Merge Heap Roots: 0.1ms
[2025-04-24T20:00:52.523+0000][4.848s][info ][gc,phases   ] GC(5)   Evacuate Collection Set: 5.4ms
[2025-04-24T20:00:52.523+0000][4.848s][info ][gc,phases   ] GC(5)   Post Evacuate Collection Set: 0.9ms
[2025-04-24T20:00:52.523+0000][4.848s][info ][gc,phases   ] GC(5)   Other: 0.1ms
[2025-04-24T20:00:52.523+0000][4.848s][info ][gc,heap     ] GC(5) Eden regions: 68->0(85)
[2025-04-24T20:00:52.523+0000][4.848s][info ][gc,heap     ] GC(5) Survivor regions: 6->6(10)
[2025-04-24T20:00:52.523+0000][4.848s][info ][gc,heap     ] GC(5) Old regions: 10->10
[2025-04-24T20:00:52.523+0000][4.848s][info ][gc,heap     ] GC(5) Archive regions: 2->2
[2025-04-24T20:00:52.524+0000][4.848s][info ][gc,heap     ] GC(5) Humongous regions: 0->0
[2025-04-24T20:00:52.524+0000][4.848s][info ][gc,metaspace] GC(5) Metaspace: 14829K(15168K)->14829K(15168K) NonClass: 12894K(13056K)->12894K(13056K) Class: 1934K(2112K)->1934K(2112K)
[2025-04-24T20:00:52.524+0000][4.848s][info ][gc          ] GC(5) Pause Young (Normal) (G1 Evacuation Pause) 83M->15M(152M) 6.609ms
[2025-04-24T20:00:52.524+0000][4.848s][info ][gc,cpu      ] GC(5) User=0.02s Sys=0.00s Real=0.01s
[2025-04-24T20:00:52.524+0000][4.848s][info ][safepoint   ] Safepoint "G1CollectForAllocation", Time since last: 270806410 ns, Reaching safepoint: 133512 ns, Cleanup: 47787 ns, At safepoint: 6659366 ns, Total: 6840665 ns
[2025-04-24T20:00:52.656+0000][4.980s][info ][cds,heap    ] initialize_from_archived_subgraph java.lang.Byte$ByteCache 0x000075a4f303abf8
[2025-04-24T20:00:52.656+0000][4.980s][info ][cds,heap    ] initialize_from_archived_subgraph java.lang.Short$ShortCache 0x000075a4f30412e8
[2025-04-24T20:00:52.813+0000][5.137s][debug][safepoint   ] Safepoint synchronization initiated using futex wait barrier. (15 threads)
[2025-04-24T20:00:52.813+0000][5.137s][info ][gc,start    ] GC(6) Pause Young (Normal) (G1 Evacuation Pause)
[2025-04-24T20:00:52.813+0000][5.138s][info ][gc,task     ] GC(6) Using 4 workers of 4 for evacuation
[2025-04-24T20:00:52.822+0000][5.146s][info ][gc,phases   ] GC(6)   Pre Evacuate Collection Set: 0.1ms
[2025-04-24T20:00:52.822+0000][5.146s][info ][gc,phases   ] GC(6)   Merge Heap Roots: 0.1ms
[2025-04-24T20:00:52.822+0000][5.146s][info ][gc,phases   ] GC(6)   Evacuate Collection Set: 7.4ms
[2025-04-24T20:00:52.822+0000][5.147s][info ][gc,phases   ] GC(6)   Post Evacuate Collection Set: 0.9ms
[2025-04-24T20:00:52.822+0000][5.147s][info ][gc,phases   ] GC(6)   Other: 0.3ms
[2025-04-24T20:00:52.822+0000][5.147s][info ][gc,heap     ] GC(6) Eden regions: 85->0(83)
[2025-04-24T20:00:52.822+0000][5.147s][info ][gc,heap     ] GC(6) Survivor regions: 6->8(12)
[2025-04-24T20:00:52.822+0000][5.147s][info ][gc,heap     ] GC(6) Old regions: 10->10
[2025-04-24T20:00:52.822+0000][5.147s][info ][gc,heap     ] GC(6) Archive regions: 2->2
[2025-04-24T20:00:52.822+0000][5.147s][info ][gc,heap     ] GC(6) Humongous regions: 0->0
[2025-04-24T20:00:52.822+0000][5.147s][info ][gc,metaspace] GC(6) Metaspace: 16913K(17216K)->16913K(17216K) NonClass: 14608K(14784K)->14608K(14784K) Class: 2305K(2432K)->2305K(2432K)
[2025-04-24T20:00:52.822+0000][5.147s][info ][gc          ] GC(6) Pause Young (Normal) (G1 Evacuation Pause) 100M->18M(152M) 9.326ms
[2025-04-24T20:00:52.822+0000][5.147s][info ][gc,cpu      ] GC(6) User=0.03s Sys=0.00s Real=0.01s
[2025-04-24T20:00:52.822+0000][5.147s][info ][safepoint   ] Safepoint "G1CollectForAllocation", Time since last: 289206886 ns, Reaching safepoint: 161028 ns, Cleanup: 58347 ns, At safepoint: 9377749 ns, Total: 9597124 ns
[2025-04-24T20:00:53.220+0000][5.545s][debug][safepoint   ] Safepoint synchronization initiated using futex wait barrier. (15 threads)
[2025-04-24T20:00:53.220+0000][5.545s][info ][gc,start    ] GC(7) Pause Young (Concurrent Start) (Metadata GC Threshold)
[2025-04-24T20:00:53.220+0000][5.545s][info ][gc,task     ] GC(7) Using 4 workers of 4 for evacuation
[2025-04-24T20:00:53.235+0000][5.559s][info ][gc,phases   ] GC(7)   Pre Evacuate Collection Set: 0.1ms
[2025-04-24T20:00:53.235+0000][5.559s][info ][gc,phases   ] GC(7)   Merge Heap Roots: 0.1ms
[2025-04-24T20:00:53.235+0000][5.559s][info ][gc,phases   ] GC(7)   Evacuate Collection Set: 13.2ms
[2025-04-24T20:00:53.235+0000][5.559s][info ][gc,phases   ] GC(7)   Post Evacuate Collection Set: 0.8ms
[2025-04-24T20:00:53.235+0000][5.559s][info ][gc,phases   ] GC(7)   Other: 0.2ms
[2025-04-24T20:00:53.235+0000][5.559s][info ][gc,heap     ] GC(7) Eden regions: 81->0(82)
[2025-04-24T20:00:53.235+0000][5.559s][info ][gc,heap     ] GC(7) Survivor regions: 8->9(12)
[2025-04-24T20:00:53.235+0000][5.559s][info ][gc,heap     ] GC(7) Old regions: 10->12
[2025-04-24T20:00:53.235+0000][5.559s][info ][gc,heap     ] GC(7) Archive regions: 2->2
[2025-04-24T20:00:53.235+0000][5.559s][info ][gc,heap     ] GC(7) Humongous regions: 0->0
[2025-04-24T20:00:53.235+0000][5.559s][info ][gc,metaspace] GC(7) Metaspace: 21210K(21504K)->21210K(21504K) NonClass: 18451K(18560K)->18451K(18560K) Class: 2759K(2944K)->2759K(2944K)
[2025-04-24T20:00:53.235+0000][5.559s][info ][gc          ] GC(7) Pause Young (Concurrent Start) (Metadata GC Threshold) 99M->21M(152M) 14.487ms
[2025-04-24T20:00:53.235+0000][5.559s][info ][gc,cpu      ] GC(7) User=0.05s Sys=0.00s Real=0.01s
[2025-04-24T20:00:53.235+0000][5.560s][info ][safepoint   ] Safepoint "CollectForMetadataAllocation", Time since last: 397956414 ns, Reaching safepoint: 69260 ns, Cleanup: 60892 ns, At safepoint: 14566246 ns, Total: 14696398 ns
[2025-04-24T20:00:53.235+0000][5.560s][info ][gc          ] GC(8) Concurrent Mark Cycle
[2025-04-24T20:00:53.235+0000][5.560s][info ][gc,marking  ] GC(8) Concurrent Clear Claimed Marks
[2025-04-24T20:00:53.235+0000][5.560s][info ][gc,marking  ] GC(8) Concurrent Clear Claimed Marks 0.024ms
[2025-04-24T20:00:53.235+0000][5.560s][info ][gc,marking  ] GC(8) Concurrent Scan Root Regions
[2025-04-24T20:00:53.236+0000][5.560s][debug][safepoint   ] Safepoint synchronization initiated using futex wait barrier. (15 threads)
[2025-04-24T20:00:53.236+0000][5.560s][info ][safepoint   ] Safepoint "CollectForMetadataAllocation", Time since last: 722011 ns, Reaching safepoint: 110727 ns, Cleanup: 3445 ns, At safepoint: 44058 ns, Total: 158230 ns
[2025-04-24T20:00:53.243+0000][5.568s][info ][gc,marking  ] GC(8) Concurrent Scan Root Regions 7.946ms
[2025-04-24T20:00:53.243+0000][5.568s][info ][gc,marking  ] GC(8) Concurrent Mark
[2025-04-24T20:00:53.243+0000][5.568s][info ][gc,marking  ] GC(8) Concurrent Mark From Roots
[2025-04-24T20:00:53.243+0000][5.568s][info ][gc,task     ] GC(8) Using 1 workers of 1 for marking
[2025-04-24T20:00:53.260+0000][5.585s][info ][gc,marking  ] GC(8) Concurrent Mark From Roots 17.128ms
[2025-04-24T20:00:53.261+0000][5.585s][info ][gc,marking  ] GC(8) Concurrent Preclean
[2025-04-24T20:00:53.261+0000][5.585s][info ][gc,marking  ] GC(8) Concurrent Preclean 0.324ms
[2025-04-24T20:00:53.261+0000][5.586s][debug][safepoint   ] Safepoint synchronization initiated using futex wait barrier. (15 threads)
[2025-04-24T20:00:53.261+0000][5.586s][debug][safepoint   ] ... found polling page loop exception at pc = 0x000075a55cffcaec, stub =0x000075a55c98e400
[2025-04-24T20:00:53.261+0000][5.586s][info ][gc,start    ] GC(8) Pause Remark
[2025-04-24T20:00:53.264+0000][5.589s][info ][gc          ] GC(8) Pause Remark 25M->25M(90M) 2.939ms
[2025-04-24T20:00:53.264+0000][5.589s][info ][gc,cpu      ] GC(8) User=0.01s Sys=0.00s Real=0.00s
[2025-04-24T20:00:53.264+0000][5.589s][info ][safepoint   ] Safepoint "G1PauseRemark", Time since last: 25157022 ns, Reaching safepoint: 222703 ns, Cleanup: 10099 ns, At safepoint: 3024693 ns, Total: 3257495 ns
[2025-04-24T20:00:53.266+0000][5.590s][info ][gc,marking  ] GC(8) Concurrent Mark 22.633ms
[2025-04-24T20:00:53.266+0000][5.590s][info ][gc,marking  ] GC(8) Concurrent Rebuild Remembered Sets
[2025-04-24T20:00:53.280+0000][5.605s][info ][gc,marking  ] GC(8) Concurrent Rebuild Remembered Sets 14.530ms
[2025-04-24T20:00:53.281+0000][5.605s][debug][safepoint   ] Safepoint synchronization initiated using futex wait barrier. (15 threads)
[2025-04-24T20:00:53.281+0000][5.605s][info ][gc,start    ] GC(8) Pause Cleanup
[2025-04-24T20:00:53.281+0000][5.606s][info ][gc          ] GC(8) Pause Cleanup 26M->26M(90M) 0.198ms
[2025-04-24T20:00:53.281+0000][5.606s][info ][gc,cpu      ] GC(8) User=0.00s Sys=0.00s Real=0.00s
[2025-04-24T20:00:53.284+0000][5.609s][info ][safepoint   ] Safepoint "G1PauseCleanup", Time since last: 16302463 ns, Reaching safepoint: 307006 ns, Cleanup: 6672 ns, At safepoint: 3199157 ns, Total: 3512835 ns
[2025-04-24T20:00:53.284+0000][5.609s][info ][gc,marking  ] GC(8) Concurrent Cleanup for Next Mark
[2025-04-24T20:00:53.288+0000][5.612s][info ][gc,marking  ] GC(8) Concurrent Cleanup for Next Mark 3.509ms
[2025-04-24T20:00:53.288+0000][5.613s][info ][gc          ] GC(8) Concurrent Mark Cycle 52.989ms
[2025-04-24T20:00:53.530+0000][5.855s][debug][safepoint   ] Safepoint synchronization initiated using futex wait barrier. (15 threads)
[2025-04-24T20:00:53.530+0000][5.855s][info ][gc,start    ] GC(9) Pause Young (Normal) (G1 Preventive Collection)
[2025-04-24T20:00:53.531+0000][5.855s][info ][gc,task     ] GC(9) Using 4 workers of 4 for evacuation
[2025-04-24T20:00:53.546+0000][5.870s][info ][gc,phases   ] GC(9)   Pre Evacuate Collection Set: 0.1ms
[2025-04-24T20:00:53.546+0000][5.871s][info ][gc,phases   ] GC(9)   Merge Heap Roots: 0.1ms
[2025-04-24T20:00:53.546+0000][5.871s][info ][gc,phases   ] GC(9)   Evacuate Collection Set: 13.7ms
[2025-04-24T20:00:53.546+0000][5.871s][info ][gc,phases   ] GC(9)   Post Evacuate Collection Set: 1.3ms
[2025-04-24T20:00:53.546+0000][5.871s][info ][gc,phases   ] GC(9)   Other: 0.3ms
[2025-04-24T20:00:53.546+0000][5.871s][info ][gc,heap     ] GC(9) Eden regions: 55->0(46)
[2025-04-24T20:00:53.546+0000][5.871s][info ][gc,heap     ] GC(9) Survivor regions: 9->8(12)
[2025-04-24T20:00:53.546+0000][5.871s][info ][gc,heap     ] GC(9) Old regions: 12->15
[2025-04-24T20:00:53.546+0000][5.871s][info ][gc,heap     ] GC(9) Archive regions: 2->2
[2025-04-24T20:00:53.546+0000][5.871s][info ][gc,heap     ] GC(9) Humongous regions: 0->0
[2025-04-24T20:00:53.546+0000][5.871s][info ][gc,metaspace] GC(9) Metaspace: 23249K(23616K)->23249K(23616K) NonClass: 20196K(20352K)->20196K(20352K) Class: 3052K(3264K)->3052K(3264K)
[2025-04-24T20:00:53.546+0000][5.871s][info ][gc          ] GC(9) Pause Young (Normal) (G1 Preventive Collection) 76M->23M(90M) 15.812ms
[2025-04-24T20:00:53.546+0000][5.871s][info ][gc,cpu      ] GC(9) User=0.02s Sys=0.01s Real=0.01s
[2025-04-24T20:00:53.550+0000][5.874s][info ][safepoint   ] Safepoint "G1CollectForAllocation", Time since last: 246031736 ns, Reaching safepoint: 247249 ns, Cleanup: 72104 ns, At safepoint: 19019232 ns, Total: 19338585 ns
[2025-04-24T20:00:53.789+0000][6.113s][debug][safepoint   ] Safepoint synchronization initiated using futex wait barrier. (14 threads)
[2025-04-24T20:00:53.789+0000][6.114s][info ][gc,start    ] GC(10) Pause Young (Normal) (G1 Evacuation Pause)
[2025-04-24T20:00:53.789+0000][6.114s][info ][gc,task     ] GC(10) Using 3 workers of 4 for evacuation
[2025-04-24T20:00:53.800+0000][6.124s][info ][gc,phases   ] GC(10)   Pre Evacuate Collection Set: 0.1ms
[2025-04-24T20:00:53.800+0000][6.124s][info ][gc,phases   ] GC(10)   Merge Heap Roots: 0.1ms
[2025-04-24T20:00:53.800+0000][6.124s][info ][gc,phases   ] GC(10)   Evacuate Collection Set: 9.1ms
[2025-04-24T20:00:53.800+0000][6.124s][info ][gc,phases   ] GC(10)   Post Evacuate Collection Set: 1.0ms
[2025-04-24T20:00:53.800+0000][6.124s][info ][gc,phases   ] GC(10)   Other: 0.1ms
[2025-04-24T20:00:53.800+0000][6.124s][info ][gc,heap     ] GC(10) Eden regions: 46->0(44)
[2025-04-24T20:00:53.800+0000][6.124s][info ][gc,heap     ] GC(10) Survivor regions: 8->7(7)
[2025-04-24T20:00:53.800+0000][6.124s][info ][gc,heap     ] GC(10) Old regions: 15->20
[2025-04-24T20:00:53.800+0000][6.124s][info ][gc,heap     ] GC(10) Archive regions: 2->2
[2025-04-24T20:00:53.800+0000][6.124s][info ][gc,heap     ] GC(10) Humongous regions: 0->0
[2025-04-24T20:00:53.800+0000][6.124s][info ][gc,metaspace] GC(10) Metaspace: 24384K(24768K)->24384K(24768K) NonClass: 21194K(21376K)->21194K(21376K) Class: 3189K(3392K)->3189K(3392K)
[2025-04-24T20:00:53.800+0000][6.124s][info ][gc          ] GC(10) Pause Young (Normal) (G1 Evacuation Pause) 69M->26M(90M) 10.466ms
[2025-04-24T20:00:53.800+0000][6.124s][info ][gc,cpu      ] GC(10) User=0.02s Sys=0.01s Real=0.01s
[2025-04-24T20:00:53.800+0000][6.124s][info ][safepoint   ] Safepoint "G1CollectForAllocation", Time since last: 239500543 ns, Reaching safepoint: 52240 ns, Cleanup: 71908 ns, At safepoint: 10510849 ns, Total: 10634997 ns
[2025-04-24T20:00:53.944+0000][6.269s][debug][safepoint   ] Safepoint synchronization initiated using futex wait barrier. (14 threads)
[2025-04-24T20:00:53.944+0000][6.269s][info ][gc,start    ] GC(11) Pause Young (Normal) (G1 Evacuation Pause)
[2025-04-24T20:00:53.945+0000][6.269s][info ][gc,task     ] GC(11) Using 2 workers of 4 for evacuation
[2025-04-24T20:00:53.965+0000][6.290s][info ][gc,phases   ] GC(11)   Pre Evacuate Collection Set: 0.1ms
[2025-04-24T20:00:53.965+0000][6.290s][info ][gc,phases   ] GC(11)   Merge Heap Roots: 0.1ms
[2025-04-24T20:00:53.965+0000][6.290s][info ][gc,phases   ] GC(11)   Evacuate Collection Set: 18.3ms
[2025-04-24T20:00:53.966+0000][6.290s][info ][gc,phases   ] GC(11)   Post Evacuate Collection Set: 2.2ms
[2025-04-24T20:00:53.966+0000][6.290s][info ][gc,phases   ] GC(11)   Other: 0.2ms
[2025-04-24T20:00:53.966+0000][6.290s][info ][gc,heap     ] GC(11) Eden regions: 44->0(62)
[2025-04-24T20:00:53.966+0000][6.290s][info ][gc,heap     ] GC(11) Survivor regions: 7->6(7)
[2025-04-24T20:00:53.966+0000][6.290s][info ][gc,heap     ] GC(11) Old regions: 20->26
[2025-04-24T20:00:53.966+0000][6.290s][info ][gc,heap     ] GC(11) Archive regions: 2->2
[2025-04-24T20:00:53.966+0000][6.291s][info ][gc,heap     ] GC(11) Humongous regions: 0->0
[2025-04-24T20:00:53.966+0000][6.291s][info ][gc,metaspace] GC(11) Metaspace: 24402K(24768K)->24402K(24768K) NonClass: 21207K(21376K)->21207K(21376K) Class: 3194K(3392K)->3194K(3392K)
[2025-04-24T20:00:53.966+0000][6.291s][info ][gc          ] GC(11) Pause Young (Normal) (G1 Evacuation Pause) 70M->32M(123M) 21.710ms
[2025-04-24T20:00:53.966+0000][6.291s][info ][gc,cpu      ] GC(11) User=0.04s Sys=0.00s Real=0.02s
[2025-04-24T20:00:53.966+0000][6.291s][info ][safepoint   ] Safepoint "G1CollectForAllocation", Time since last: 144559647 ns, Reaching safepoint: 183759 ns, Cleanup: 10266 ns, At safepoint: 21793116 ns, Total: 21987141 ns
[2025-04-24T20:00:54.365+0000][6.689s][debug][safepoint   ] Safepoint synchronization initiated using futex wait barrier. (14 threads)
[2025-04-24T20:00:54.365+0000][6.689s][info ][gc,start    ] GC(12) Pause Young (Normal) (G1 Evacuation Pause)
[2025-04-24T20:00:54.365+0000][6.690s][info ][gc,task     ] GC(12) Using 2 workers of 4 for evacuation
[2025-04-24T20:00:54.397+0000][6.721s][info ][gc,phases   ] GC(12)   Pre Evacuate Collection Set: 0.1ms
[2025-04-24T20:00:54.397+0000][6.721s][info ][gc,phases   ] GC(12)   Merge Heap Roots: 0.1ms
[2025-04-24T20:00:54.397+0000][6.722s][info ][gc,phases   ] GC(12)   Evacuate Collection Set: 28.6ms
[2025-04-24T20:00:54.397+0000][6.722s][info ][gc,phases   ] GC(12)   Post Evacuate Collection Set: 2.9ms
[2025-04-24T20:00:54.397+0000][6.722s][info ][gc,phases   ] GC(12)   Other: 0.3ms
[2025-04-24T20:00:54.397+0000][6.722s][info ][gc,heap     ] GC(12) Eden regions: 62->0(54)
[2025-04-24T20:00:54.397+0000][6.722s][info ][gc,heap     ] GC(12) Survivor regions: 6->8(9)
[2025-04-24T20:00:54.397+0000][6.722s][info ][gc,heap     ] GC(12) Old regions: 26->32
[2025-04-24T20:00:54.398+0000][6.722s][info ][gc,heap     ] GC(12) Archive regions: 2->2
[2025-04-24T20:00:54.398+0000][6.722s][info ][gc,heap     ] GC(12) Humongous regions: 0->0
[2025-04-24T20:00:54.398+0000][6.722s][info ][gc,metaspace] GC(12) Metaspace: 24465K(24896K)->24465K(24896K) NonClass: 21265K(21504K)->21265K(21504K) Class: 3199K(3392K)->3199K(3392K)
[2025-04-24T20:00:54.398+0000][6.722s][info ][gc          ] GC(12) Pause Young (Normal) (G1 Evacuation Pause) 94M->40M(123M) 32.813ms
[2025-04-24T20:00:54.398+0000][6.722s][info ][gc,cpu      ] GC(12) User=0.07s Sys=0.00s Real=0.04s
[2025-04-24T20:00:54.398+0000][6.723s][info ][safepoint   ] Safepoint "G1CollectForAllocation", Time since last: 398546673 ns, Reaching safepoint: 157510 ns, Cleanup: 26395 ns, At safepoint: 33184334 ns, Total: 33368239 ns
[2025-04-24T20:00:54.663+0000][6.987s][debug][safepoint   ] Safepoint synchronization initiated using futex wait barrier. (14 threads)
[2025-04-24T20:00:54.663+0000][6.988s][info ][gc,start    ] GC(13) Pause Young (Normal) (G1 Evacuation Pause)
[2025-04-24T20:00:54.663+0000][6.988s][info ][gc,task     ] GC(13) Using 2 workers of 4 for evacuation
[2025-04-24T20:00:54.679+0000][7.003s][info ][gc,phases   ] GC(13)   Pre Evacuate Collection Set: 0.1ms
[2025-04-24T20:00:54.679+0000][7.003s][info ][gc,phases   ] GC(13)   Merge Heap Roots: 0.0ms
[2025-04-24T20:00:54.679+0000][7.003s][info ][gc,phases   ] GC(13)   Evacuate Collection Set: 13.8ms
[2025-04-24T20:00:54.679+0000][7.003s][info ][gc,phases   ] GC(13)   Post Evacuate Collection Set: 1.3ms
[2025-04-24T20:00:54.679+0000][7.003s][info ][gc,phases   ] GC(13)   Other: 0.3ms
[2025-04-24T20:00:54.679+0000][7.003s][info ][gc,heap     ] GC(13) Eden regions: 54->0(50)
[2025-04-24T20:00:54.679+0000][7.003s][info ][gc,heap     ] GC(13) Survivor regions: 8->5(8)
[2025-04-24T20:00:54.679+0000][7.003s][info ][gc,heap     ] GC(13) Old regions: 32->40
[2025-04-24T20:00:54.679+0000][7.003s][info ][gc,heap     ] GC(13) Archive regions: 2->2
[2025-04-24T20:00:54.679+0000][7.003s][info ][gc,heap     ] GC(13) Humongous regions: 0->0
[2025-04-24T20:00:54.679+0000][7.003s][info ][gc,metaspace] GC(13) Metaspace: 24712K(25088K)->24712K(25088K) NonClass: 21475K(21696K)->21475K(21696K) Class: 3236K(3392K)->3236K(3392K)
[2025-04-24T20:00:54.679+0000][7.003s][info ][gc          ] GC(13) Pause Young (Normal) (G1 Evacuation Pause) 94M->45M(123M) 15.583ms
[2025-04-24T20:00:54.679+0000][7.003s][info ][gc,cpu      ] GC(13) User=0.04s Sys=0.00s Real=0.02s
[2025-04-24T20:00:54.679+0000][7.003s][info ][safepoint   ] Safepoint "G1CollectForAllocation", Time since last: 264875748 ns, Reaching safepoint: 178107 ns, Cleanup: 41095 ns, At safepoint: 15633466 ns, Total: 15852668 ns
[2025-04-24T20:00:55.006+0000][7.330s][debug][safepoint   ] Safepoint synchronization initiated using futex wait barrier. (14 threads)
[2025-04-24T20:00:55.006+0000][7.330s][info ][gc,start    ] GC(14) Pause Young (Normal) (G1 Evacuation Pause)
[2025-04-24T20:00:55.006+0000][7.331s][info ][gc,task     ] GC(14) Using 2 workers of 4 for evacuation
[2025-04-24T20:00:55.022+0000][7.346s][info ][gc,phases   ] GC(14)   Pre Evacuate Collection Set: 0.1ms
[2025-04-24T20:00:55.022+0000][7.346s][info ][gc,phases   ] GC(14)   Merge Heap Roots: 0.1ms
[2025-04-24T20:00:55.022+0000][7.346s][info ][gc,phases   ] GC(14)   Evacuate Collection Set: 13.9ms
[2025-04-24T20:00:55.022+0000][7.346s][info ][gc,phases   ] GC(14)   Post Evacuate Collection Set: 1.5ms
[2025-04-24T20:00:55.022+0000][7.346s][info ][gc,phases   ] GC(14)   Other: 0.1ms
[2025-04-24T20:00:55.022+0000][7.346s][info ][gc,heap     ] GC(14) Eden regions: 50->0(46)
[2025-04-24T20:00:55.022+0000][7.346s][info ][gc,heap     ] GC(14) Survivor regions: 5->5(7)
[2025-04-24T20:00:55.022+0000][7.346s][info ][gc,heap     ] GC(14) Old regions: 40->45
[2025-04-24T20:00:55.022+0000][7.346s][info ][gc,heap     ] GC(14) Archive regions: 2->2
[2025-04-24T20:00:55.022+0000][7.346s][info ][gc,heap     ] GC(14) Humongous regions: 0->0
[2025-04-24T20:00:55.022+0000][7.346s][info ][gc,metaspace] GC(14) Metaspace: 24989K(25408K)->24989K(25408K) NonClass: 21727K(21952K)->21727K(21952K) Class: 3262K(3456K)->3262K(3456K)
[2025-04-24T20:00:55.022+0000][7.346s][info ][gc          ] GC(14) Pause Young (Normal) (G1 Evacuation Pause) 95M->49M(123M) 15.749ms
[2025-04-24T20:00:55.022+0000][7.346s][info ][gc,cpu      ] GC(14) User=0.04s Sys=0.00s Real=0.02s
[2025-04-24T20:00:55.022+0000][7.346s][info ][safepoint   ] Safepoint "G1CollectForAllocation", Time since last: 327004734 ns, Reaching safepoint: 44487 ns, Cleanup: 106785 ns, At safepoint: 15806003 ns, Total: 15957275 ns
[2025-04-24T20:00:55.432+0000][7.757s][debug][safepoint   ] Safepoint synchronization initiated using futex wait barrier. (14 threads)
[2025-04-24T20:00:55.433+0000][7.757s][info ][gc,start    ] GC(15) Pause Young (Normal) (G1 Evacuation Pause)
[2025-04-24T20:00:55.433+0000][7.757s][info ][gc,task     ] GC(15) Using 2 workers of 4 for evacuation
[2025-04-24T20:00:55.458+0000][7.783s][info ][gc,phases   ] GC(15)   Pre Evacuate Collection Set: 0.9ms
[2025-04-24T20:00:55.458+0000][7.783s][info ][gc,phases   ] GC(15)   Merge Heap Roots: 0.1ms
[2025-04-24T20:00:55.458+0000][7.783s][info ][gc,phases   ] GC(15)   Evacuate Collection Set: 21.2ms
[2025-04-24T20:00:55.458+0000][7.783s][info ][gc,phases   ] GC(15)   Post Evacuate Collection Set: 3.4ms
[2025-04-24T20:00:55.458+0000][7.783s][info ][gc,phases   ] GC(15)   Other: 0.1ms
[2025-04-24T20:00:55.458+0000][7.783s][info ][gc,heap     ] GC(15) Eden regions: 46->0(123)
[2025-04-24T20:00:55.458+0000][7.783s][info ][gc,heap     ] GC(15) Survivor regions: 5->3(7)
[2025-04-24T20:00:55.458+0000][7.783s][info ][gc,heap     ] GC(15) Old regions: 45->49
[2025-04-24T20:00:55.458+0000][7.783s][info ][gc,heap     ] GC(15) Archive regions: 2->2
[2025-04-24T20:00:55.458+0000][7.783s][info ][gc,heap     ] GC(15) Humongous regions: 0->0
[2025-04-24T20:00:55.458+0000][7.783s][info ][gc,metaspace] GC(15) Metaspace: 25146K(25536K)->25146K(25536K) NonClass: 21876K(22080K)->21876K(22080K) Class: 3270K(3456K)->3270K(3456K)
[2025-04-24T20:00:55.458+0000][7.783s][info ][gc          ] GC(15) Pause Young (Normal) (G1 Evacuation Pause) 95M->52M(226M) 25.856ms
[2025-04-24T20:00:55.458+0000][7.783s][info ][gc,cpu      ] GC(15) User=0.07s Sys=0.00s Real=0.03s
[2025-04-24T20:00:55.458+0000][7.783s][info ][safepoint   ] Safepoint "G1CollectForAllocation", Time since last: 410685259 ns, Reaching safepoint: 48527 ns, Cleanup: 39285 ns, At safepoint: 25923710 ns, Total: 26011522 ns
[2025-04-24T20:00:56.299+0000][8.624s][debug][safepoint   ] Safepoint synchronization initiated using futex wait barrier. (14 threads)
[2025-04-24T20:00:56.299+0000][8.624s][info ][safepoint   ] Safepoint "ICBufferFull", Time since last: 840739053 ns, Reaching safepoint: 51523 ns, Cleanup: 126937 ns, At safepoint: 7260 ns, Total: 185720 ns
[2025-04-24T20:00:56.345+0000][8.669s][debug][safepoint   ] Safepoint synchronization initiated using futex wait barrier. (14 threads)
[2025-04-24T20:00:56.345+0000][8.670s][info ][gc,start    ] GC(16) Pause Young (Normal) (G1 Evacuation Pause)
[2025-04-24T20:00:56.345+0000][8.670s][info ][gc,task     ] GC(16) Using 4 workers of 4 for evacuation
[2025-04-24T20:00:56.356+0000][8.681s][info ][gc,phases   ] GC(16)   Pre Evacuate Collection Set: 0.6ms
[2025-04-24T20:00:56.356+0000][8.681s][info ][gc,phases   ] GC(16)   Merge Heap Roots: 0.1ms
[2025-04-24T20:00:56.356+0000][8.681s][info ][gc,phases   ] GC(16)   Evacuate Collection Set: 8.5ms
[2025-04-24T20:00:56.356+0000][8.681s][info ][gc,phases   ] GC(16)   Post Evacuate Collection Set: 1.5ms
[2025-04-24T20:00:56.357+0000][8.681s][info ][gc,phases   ] GC(16)   Other: 0.3ms
[2025-04-24T20:00:56.357+0000][8.681s][info ][gc,heap     ] GC(16) Eden regions: 123->0(125)
[2025-04-24T20:00:56.357+0000][8.681s][info ][gc,heap     ] GC(16) Survivor regions: 3->7(16)
[2025-04-24T20:00:56.357+0000][8.681s][info ][gc,heap     ] GC(16) Old regions: 49->49
[2025-04-24T20:00:56.357+0000][8.681s][info ][gc,heap     ] GC(16) Archive regions: 2->2
[2025-04-24T20:00:56.357+0000][8.681s][info ][gc,heap     ] GC(16) Humongous regions: 0->0
[2025-04-24T20:00:56.357+0000][8.682s][info ][gc,metaspace] GC(16) Metaspace: 25279K(25600K)->25279K(25600K) NonClass: 21992K(22144K)->21992K(22144K) Class: 3287K(3456K)->3287K(3456K)
[2025-04-24T20:00:56.357+0000][8.682s][info ][gc          ] GC(16) Pause Young (Normal) (G1 Evacuation Pause) 175M->56M(226M) 11.932ms
[2025-04-24T20:00:56.357+0000][8.682s][info ][gc,cpu      ] GC(16) User=0.02s Sys=0.00s Real=0.01s
[2025-04-24T20:00:56.357+0000][8.682s][info ][safepoint   ] Safepoint "G1CollectForAllocation", Time since last: 45531113 ns, Reaching safepoint: 219439 ns, Cleanup: 33446 ns, At safepoint: 12159525 ns, Total: 12412410 ns
[2025-04-24T20:00:56.835+0000][9.160s][debug][safepoint   ] Safepoint synchronization initiated using futex wait barrier. (15 threads)
[2025-04-24T20:00:56.835+0000][9.160s][debug][safepoint   ] ... found polling page loop exception at pc = 0x000075a55d0c7991, stub =0x000075a55c98e400
[2025-04-24T20:00:56.835+0000][9.160s][info ][gc,start    ] GC(17) Pause Young (Normal) (G1 Evacuation Pause)
[2025-04-24T20:00:56.835+0000][9.160s][info ][gc,task     ] GC(17) Using 4 workers of 4 for evacuation
[2025-04-24T20:00:56.845+0000][9.169s][info ][gc,phases   ] GC(17)   Pre Evacuate Collection Set: 0.1ms
[2025-04-24T20:00:56.845+0000][9.169s][info ][gc,phases   ] GC(17)   Merge Heap Roots: 0.1ms
[2025-04-24T20:00:56.845+0000][9.169s][info ][gc,phases   ] GC(17)   Evacuate Collection Set: 8.2ms
[2025-04-24T20:00:56.845+0000][9.169s][info ][gc,phases   ] GC(17)   Post Evacuate Collection Set: 0.8ms
[2025-04-24T20:00:56.845+0000][9.169s][info ][gc,phases   ] GC(17)   Other: 0.1ms
[2025-04-24T20:00:56.845+0000][9.169s][info ][gc,heap     ] GC(17) Eden regions: 125->0(127)
[2025-04-24T20:00:56.845+0000][9.169s][info ][gc,heap     ] GC(17) Survivor regions: 7->8(17)
[2025-04-24T20:00:56.845+0000][9.169s][info ][gc,heap     ] GC(17) Old regions: 49->49
[2025-04-24T20:00:56.845+0000][9.169s][info ][gc,heap     ] GC(17) Archive regions: 2->2
[2025-04-24T20:00:56.845+0000][9.169s][info ][gc,heap     ] GC(17) Humongous regions: 0->0
[2025-04-24T20:00:56.845+0000][9.169s][info ][gc,metaspace] GC(17) Metaspace: 26899K(27264K)->26899K(27264K) NonClass: 23487K(23680K)->23487K(23680K) Class: 3411K(3584K)->3411K(3584K)
[2025-04-24T20:00:56.845+0000][9.169s][info ][gc          ] GC(17) Pause Young (Normal) (G1 Evacuation Pause) 181M->57M(226M) 9.368ms
[2025-04-24T20:00:56.845+0000][9.169s][info ][gc,cpu      ] GC(17) User=0.03s Sys=0.00s Real=0.01s
[2025-04-24T20:00:56.845+0000][9.169s][info ][safepoint   ] Safepoint "G1CollectForAllocation", Time since last: 477766031 ns, Reaching safepoint: 250228 ns, Cleanup: 51563 ns, At safepoint: 9415106 ns, Total: 9716897 ns
[2025-04-24T20:00:57.620+0000][9.945s][debug][safepoint   ] Safepoint synchronization initiated using futex wait barrier. (14 threads)
[2025-04-24T20:00:57.620+0000][9.945s][info ][gc,start    ] GC(18) Pause Young (Normal) (G1 Evacuation Pause)
[2025-04-24T20:00:57.620+0000][9.945s][info ][gc,task     ] GC(18) Using 4 workers of 4 for evacuation
[2025-04-24T20:00:57.631+0000][9.956s][info ][gc,phases   ] GC(18)   Pre Evacuate Collection Set: 0.1ms
[2025-04-24T20:00:57.631+0000][9.956s][info ][gc,phases   ] GC(18)   Merge Heap Roots: 0.1ms
[2025-04-24T20:00:57.631+0000][9.956s][info ][gc,phases   ] GC(18)   Evacuate Collection Set: 8.9ms
[2025-04-24T20:00:57.631+0000][9.956s][info ][gc,phases   ] GC(18)   Post Evacuate Collection Set: 1.6ms
[2025-04-24T20:00:57.631+0000][9.956s][info ][gc,phases   ] GC(18)   Other: 0.1ms
[2025-04-24T20:00:57.631+0000][9.956s][info ][gc,heap     ] GC(18) Eden regions: 127->0(125)
[2025-04-24T20:00:57.631+0000][9.956s][info ][gc,heap     ] GC(18) Survivor regions: 8->10(17)
[2025-04-24T20:00:57.631+0000][9.956s][info ][gc,heap     ] GC(18) Old regions: 49->49
[2025-04-24T20:00:57.631+0000][9.956s][info ][gc,heap     ] GC(18) Archive regions: 2->2
[2025-04-24T20:00:57.631+0000][9.956s][info ][gc,heap     ] GC(18) Humongous regions: 0->0
[2025-04-24T20:00:57.631+0000][9.956s][info ][gc,metaspace] GC(18) Metaspace: 32623K(33024K)->32623K(33024K) NonClass: 28604K(28800K)->28604K(28800K) Class: 4018K(4224K)->4018K(4224K)
[2025-04-24T20:00:57.631+0000][9.956s][info ][gc          ] GC(18) Pause Young (Normal) (G1 Evacuation Pause) 184M->59M(226M) 10.974ms
[2025-04-24T20:00:57.631+0000][9.956s][info ][gc,cpu      ] GC(18) User=0.04s Sys=0.00s Real=0.01s
[2025-04-24T20:00:57.631+0000][9.956s][info ][safepoint   ] Safepoint "G1CollectForAllocation", Time since last: 775389283 ns, Reaching safepoint: 53144 ns, Cleanup: 68286 ns, At safepoint: 11022819 ns, Total: 11144249 ns
[2025-04-24T20:00:58.567+0000][10.892s][debug][safepoint   ] Safepoint synchronization initiated using futex wait barrier. (14 threads)
[2025-04-24T20:00:58.567+0000][10.892s][info ][gc,start    ] GC(19) Pause Young (Normal) (G1 Evacuation Pause)
[2025-04-24T20:00:58.568+0000][10.892s][info ][gc,task     ] GC(19) Using 4 workers of 4 for evacuation
[2025-04-24T20:00:58.587+0000][10.911s][info ][gc,phases   ] GC(19)   Pre Evacuate Collection Set: 0.2ms
[2025-04-24T20:00:58.587+0000][10.911s][info ][gc,phases   ] GC(19)   Merge Heap Roots: 0.2ms
[2025-04-24T20:00:58.587+0000][10.911s][info ][gc,phases   ] GC(19)   Evacuate Collection Set: 16.9ms
[2025-04-24T20:00:58.587+0000][10.911s][info ][gc,phases   ] GC(19)   Post Evacuate Collection Set: 1.9ms
[2025-04-24T20:00:58.587+0000][10.911s][info ][gc,phases   ] GC(19)   Other: 0.1ms
[2025-04-24T20:00:58.587+0000][10.911s][info ][gc,heap     ] GC(19) Eden regions: 125->0(127)
[2025-04-24T20:00:58.587+0000][10.911s][info ][gc,heap     ] GC(19) Survivor regions: 10->8(17)
[2025-04-24T20:00:58.587+0000][10.911s][info ][gc,heap     ] GC(19) Old regions: 49->51
[2025-04-24T20:00:58.587+0000][10.911s][info ][gc,heap     ] GC(19) Archive regions: 2->2
[2025-04-24T20:00:58.587+0000][10.911s][info ][gc,heap     ] GC(19) Humongous regions: 0->0
[2025-04-24T20:00:58.587+0000][10.911s][info ][gc,metaspace] GC(19) Metaspace: 34643K(35072K)->34643K(35072K) NonClass: 30372K(30592K)->30372K(30592K) Class: 4271K(4480K)->4271K(4480K)
[2025-04-24T20:00:58.587+0000][10.911s][info ][gc          ] GC(19) Pause Young (Normal) (G1 Evacuation Pause) 184M->59M(226M) 19.489ms
[2025-04-24T20:00:58.587+0000][10.911s][info ][gc,cpu      ] GC(19) User=0.06s Sys=0.00s Real=0.02s
[2025-04-24T20:00:58.587+0000][10.911s][info ][safepoint   ] Safepoint "G1CollectForAllocation", Time since last: 935897267 ns, Reaching safepoint: 61818 ns, Cleanup: 119066 ns, At safepoint: 19568601 ns, Total: 19749485 ns
[2025-04-24T20:00:59.133+0000][11.457s][debug][safepoint   ] Safepoint synchronization initiated using futex wait barrier. (14 threads)
[2025-04-24T20:00:59.133+0000][11.457s][info ][safepoint   ] Safepoint "ICBufferFull", Time since last: 545771917 ns, Reaching safepoint: 56118 ns, Cleanup: 144662 ns, At safepoint: 3732 ns, Total: 204512 ns
[2025-04-24T20:00:59.241+0000][11.565s][debug][safepoint   ] Safepoint synchronization initiated using futex wait barrier. (14 threads)
[2025-04-24T20:00:59.241+0000][11.565s][info ][gc,start    ] GC(20) Pause Young (Concurrent Start) (Metadata GC Threshold)
[2025-04-24T20:00:59.241+0000][11.565s][info ][gc,task     ] GC(20) Using 4 workers of 4 for evacuation
[2025-04-24T20:00:59.249+0000][11.574s][info ][gc,phases   ] GC(20)   Pre Evacuate Collection Set: 0.2ms
[2025-04-24T20:00:59.249+0000][11.574s][info ][gc,phases   ] GC(20)   Merge Heap Roots: 0.1ms
[2025-04-24T20:00:59.249+0000][11.574s][info ][gc,phases   ] GC(20)   Evacuate Collection Set: 7.6ms
[2025-04-24T20:00:59.249+0000][11.574s][info ][gc,phases   ] GC(20)   Post Evacuate Collection Set: 0.8ms
[2025-04-24T20:00:59.249+0000][11.574s][info ][gc,phases   ] GC(20)   Other: 0.1ms
[2025-04-24T20:00:59.249+0000][11.574s][info ][gc,heap     ] GC(20) Eden regions: 80->0(127)
[2025-04-24T20:00:59.249+0000][11.574s][info ][gc,heap     ] GC(20) Survivor regions: 8->8(17)
[2025-04-24T20:00:59.249+0000][11.574s][info ][gc,heap     ] GC(20) Old regions: 51->51
[2025-04-24T20:00:59.249+0000][11.574s][info ][gc,heap     ] GC(20) Archive regions: 2->2
[2025-04-24T20:00:59.249+0000][11.574s][info ][gc,heap     ] GC(20) Humongous regions: 0->0
[2025-04-24T20:00:59.249+0000][11.574s][info ][gc,metaspace] GC(20) Metaspace: 35939K(36288K)->35939K(36288K) NonClass: 31505K(31680K)->31505K(31680K) Class: 4433K(4608K)->4433K(4608K)
[2025-04-24T20:00:59.250+0000][11.574s][info ][gc          ] GC(20) Pause Young (Concurrent Start) (Metadata GC Threshold) 138M->59M(226M) 8.923ms
[2025-04-24T20:00:59.250+0000][11.574s][info ][gc,cpu      ] GC(20) User=0.03s Sys=0.00s Real=0.01s
[2025-04-24T20:00:59.250+0000][11.574s][info ][gc          ] GC(21) Concurrent Mark Cycle
[2025-04-24T20:00:59.250+0000][11.574s][info ][gc,marking  ] GC(21) Concurrent Clear Claimed Marks
[2025-04-24T20:00:59.250+0000][11.574s][info ][gc,marking  ] GC(21) Concurrent Clear Claimed Marks 0.024ms
[2025-04-24T20:00:59.250+0000][11.574s][info ][gc,marking  ] GC(21) Concurrent Scan Root Regions
[2025-04-24T20:00:59.250+0000][11.574s][info ][safepoint   ] Safepoint "CollectForMetadataAllocation", Time since last: 107513585 ns, Reaching safepoint: 48850 ns, Cleanup: 13881 ns, At safepoint: 9063817 ns, Total: 9126548 ns
[2025-04-24T20:00:59.258+0000][11.583s][info ][gc,marking  ] GC(21) Concurrent Scan Root Regions 8.843ms
[2025-04-24T20:00:59.258+0000][11.583s][info ][gc,marking  ] GC(21) Concurrent Mark
[2025-04-24T20:00:59.258+0000][11.583s][info ][gc,marking  ] GC(21) Concurrent Mark From Roots
[2025-04-24T20:00:59.259+0000][11.583s][info ][gc,task     ] GC(21) Using 1 workers of 1 for marking
[2025-04-24T20:00:59.328+0000][11.652s][debug][safepoint   ] Safepoint synchronization initiated using futex wait barrier. (14 threads)
[2025-04-24T20:00:59.328+0000][11.653s][info ][safepoint   ] Safepoint "CollectForMetadataAllocation", Time since last: 78227879 ns, Reaching safepoint: 173020 ns, Cleanup: 25450 ns, At safepoint: 31044 ns, Total: 229514 ns
[2025-04-24T20:00:59.362+0000][11.686s][info ][gc,marking  ] GC(21) Concurrent Mark From Roots 103.100ms
[2025-04-24T20:00:59.362+0000][11.686s][info ][gc,marking  ] GC(21) Concurrent Preclean
[2025-04-24T20:00:59.362+0000][11.686s][info ][gc,marking  ] GC(21) Concurrent Preclean 0.294ms
[2025-04-24T20:00:59.362+0000][11.686s][debug][safepoint   ] Safepoint synchronization initiated using futex wait barrier. (14 threads)
[2025-04-24T20:00:59.362+0000][11.687s][info ][gc,start    ] GC(21) Pause Remark
[2025-04-24T20:00:59.366+0000][11.690s][info ][gc          ] GC(21) Pause Remark 68M->68M(226M) 3.528ms
[2025-04-24T20:00:59.366+0000][11.690s][info ][gc,cpu      ] GC(21) User=0.01s Sys=0.00s Real=0.00s
[2025-04-24T20:00:59.366+0000][11.691s][info ][safepoint   ] Safepoint "G1PauseRemark", Time since last: 33913321 ns, Reaching safepoint: 83588 ns, Cleanup: 11124 ns, At safepoint: 4335033 ns, Total: 4429745 ns
[2025-04-24T20:00:59.367+0000][11.691s][info ][gc,marking  ] GC(21) Concurrent Mark 108.477ms
[2025-04-24T20:00:59.367+0000][11.692s][info ][gc,marking  ] GC(21) Concurrent Rebuild Remembered Sets
[2025-04-24T20:00:59.410+0000][11.734s][info ][gc,marking  ] GC(21) Concurrent Rebuild Remembered Sets 42.762ms
[2025-04-24T20:00:59.410+0000][11.734s][debug][safepoint   ] Safepoint synchronization initiated using futex wait barrier. (14 threads)
[2025-04-24T20:00:59.410+0000][11.735s][info ][gc,start    ] GC(21) Pause Cleanup
[2025-04-24T20:00:59.410+0000][11.735s][info ][gc          ] GC(21) Pause Cleanup 74M->74M(226M) 0.131ms
[2025-04-24T20:00:59.410+0000][11.735s][info ][gc,cpu      ] GC(21) User=0.00s Sys=0.00s Real=0.00s
[2025-04-24T20:00:59.410+0000][11.735s][info ][safepoint   ] Safepoint "G1PauseCleanup", Time since last: 43527675 ns, Reaching safepoint: 146810 ns, Cleanup: 8252 ns, At safepoint: 181840 ns, Total: 336902 ns
[2025-04-24T20:00:59.410+0000][11.735s][info ][gc,marking  ] GC(21) Concurrent Cleanup for Next Mark
[2025-04-24T20:00:59.412+0000][11.737s][info ][gc,marking  ] GC(21) Concurrent Cleanup for Next Mark 1.980ms
[2025-04-24T20:00:59.412+0000][11.737s][info ][gc          ] GC(21) Concurrent Mark Cycle 162.812ms
[2025-04-24T20:01:00.263+0000][12.588s][debug][safepoint   ] Safepoint synchronization initiated using futex wait barrier. (14 threads)
[2025-04-24T20:01:00.263+0000][12.588s][info ][gc,start    ] GC(22) Pause Young (Prepare Mixed) (G1 Evacuation Pause)
[2025-04-24T20:01:00.263+0000][12.588s][info ][gc,task     ] GC(22) Using 4 workers of 4 for evacuation
[2025-04-24T20:01:00.278+0000][12.603s][info ][gc,phases   ] GC(22)   Pre Evacuate Collection Set: 0.1ms
[2025-04-24T20:01:00.278+0000][12.603s][info ][gc,phases   ] GC(22)   Merge Heap Roots: 0.1ms
[2025-04-24T20:01:00.278+0000][12.603s][info ][gc,phases   ] GC(22)   Evacuate Collection Set: 13.3ms
[2025-04-24T20:01:00.278+0000][12.603s][info ][gc,phases   ] GC(22)   Post Evacuate Collection Set: 1.2ms
[2025-04-24T20:01:00.278+0000][12.603s][info ][gc,phases   ] GC(22)   Other: 0.1ms
[2025-04-24T20:01:00.278+0000][12.603s][info ][gc,heap     ] GC(22) Eden regions: 127->0(2)
[2025-04-24T20:01:00.278+0000][12.603s][info ][gc,heap     ] GC(22) Survivor regions: 8->9(17)
[2025-04-24T20:01:00.278+0000][12.603s][info ][gc,heap     ] GC(22) Old regions: 51->51
[2025-04-24T20:01:00.278+0000][12.603s][info ][gc,heap     ] GC(22) Archive regions: 2->2
[2025-04-24T20:01:00.278+0000][12.603s][info ][gc,heap     ] GC(22) Humongous regions: 0->0
[2025-04-24T20:01:00.278+0000][12.603s][info ][gc,metaspace] GC(22) Metaspace: 39236K(39616K)->39236K(39616K) NonClass: 34318K(34496K)->34318K(34496K) Class: 4918K(5120K)->4918K(5120K)
[2025-04-24T20:01:00.278+0000][12.603s][info ][gc          ] GC(22) Pause Young (Prepare Mixed) (G1 Evacuation Pause) 186M->59M(226M) 14.961ms
[2025-04-24T20:01:00.278+0000][12.603s][info ][gc,cpu      ] GC(22) User=0.04s Sys=0.00s Real=0.02s
[2025-04-24T20:01:00.278+0000][12.603s][info ][safepoint   ] Safepoint "G1CollectForAllocation", Time since last: 852765870 ns, Reaching safepoint: 56848 ns, Cleanup: 55468 ns, At safepoint: 15010328 ns, Total: 15122644 ns
[2025-04-24T20:01:00.294+0000][12.619s][debug][safepoint   ] Safepoint synchronization initiated using futex wait barrier. (14 threads)
[2025-04-24T20:01:00.295+0000][12.619s][info ][gc,start    ] GC(23) Pause Young (Mixed) (G1 Evacuation Pause)
[2025-04-24T20:01:00.295+0000][12.619s][info ][gc,task     ] GC(23) Using 4 workers of 4 for evacuation
[2025-04-24T20:01:00.311+0000][12.636s][info ][gc,phases   ] GC(23)   Pre Evacuate Collection Set: 0.2ms
[2025-04-24T20:01:00.311+0000][12.636s][info ][gc,phases   ] GC(23)   Merge Heap Roots: 0.1ms
[2025-04-24T20:01:00.311+0000][12.636s][info ][gc,phases   ] GC(23)   Evacuate Collection Set: 14.5ms
[2025-04-24T20:01:00.311+0000][12.636s][info ][gc,phases   ] GC(23)   Post Evacuate Collection Set: 1.7ms
[2025-04-24T20:01:00.311+0000][12.636s][info ][gc,phases   ] GC(23)   Other: 0.1ms
[2025-04-24T20:01:00.311+0000][12.636s][info ][gc,heap     ] GC(23) Eden regions: 2->0(133)
[2025-04-24T20:01:00.311+0000][12.636s][info ][gc,heap     ] GC(23) Survivor regions: 9->2(2)
[2025-04-24T20:01:00.311+0000][12.636s][info ][gc,heap     ] GC(23) Old regions: 51->57
[2025-04-24T20:01:00.311+0000][12.636s][info ][gc,heap     ] GC(23) Archive regions: 2->2
[2025-04-24T20:01:00.311+0000][12.636s][info ][gc,heap     ] GC(23) Humongous regions: 0->0
[2025-04-24T20:01:00.311+0000][12.636s][info ][gc,metaspace] GC(23) Metaspace: 39246K(39616K)->39246K(39616K) NonClass: 34327K(34496K)->34327K(34496K) Class: 4918K(5120K)->4918K(5120K)
[2025-04-24T20:01:00.311+0000][12.636s][info ][gc          ] GC(23) Pause Young (Mixed) (G1 Evacuation Pause) 61M->58M(226M) 16.712ms
[2025-04-24T20:01:00.311+0000][12.636s][info ][gc,cpu      ] GC(23) User=0.05s Sys=0.00s Real=0.02s
[2025-04-24T20:01:00.312+0000][12.636s][info ][safepoint   ] Safepoint "G1CollectForAllocation", Time since last: 16105355 ns, Reaching safepoint: 418137 ns, Cleanup: 18013 ns, At safepoint: 16784529 ns, Total: 17220679 ns
[2025-04-24T20:01:01.312+0000][13.637s][debug][safepoint   ] Safepoint synchronization initiated using futex wait barrier. (14 threads)
[2025-04-24T20:01:01.313+0000][13.637s][info ][safepoint   ] Safepoint "Cleanup", Time since last: 1000780860 ns, Reaching safepoint: 144628 ns, Cleanup: 96715 ns, At safepoint: 13575 ns, Total: 254918 ns
[2025-04-24T20:01:02.078+0000][14.403s][debug][safepoint   ] Safepoint synchronization initiated using futex wait barrier. (14 threads)
[2025-04-24T20:01:02.079+0000][14.403s][info ][gc,start    ] GC(24) Pause Young (Concurrent Start) (G1 Evacuation Pause)
[2025-04-24T20:01:02.079+0000][14.403s][info ][gc,task     ] GC(24) Using 4 workers of 4 for evacuation
[2025-04-24T20:01:02.092+0000][14.416s][info ][gc,phases   ] GC(24)   Pre Evacuate Collection Set: 0.2ms
[2025-04-24T20:01:02.092+0000][14.416s][info ][gc,phases   ] GC(24)   Merge Heap Roots: 0.2ms
[2025-04-24T20:01:02.092+0000][14.416s][info ][gc,phases   ] GC(24)   Evacuate Collection Set: 7.3ms
[2025-04-24T20:01:02.092+0000][14.416s][info ][gc,phases   ] GC(24)   Post Evacuate Collection Set: 5.3ms
[2025-04-24T20:01:02.092+0000][14.416s][info ][gc,phases   ] GC(24)   Other: 0.2ms
[2025-04-24T20:01:02.092+0000][14.416s][info ][gc,heap     ] GC(24) Eden regions: 133->0(281)
[2025-04-24T20:01:02.092+0000][14.416s][info ][gc,heap     ] GC(24) Survivor regions: 2->3(17)
[2025-04-24T20:01:02.092+0000][14.416s][info ][gc,heap     ] GC(24) Old regions: 57->57
[2025-04-24T20:01:02.092+0000][14.416s][info ][gc,heap     ] GC(24) Archive regions: 2->2
[2025-04-24T20:01:02.092+0000][14.416s][info ][gc,heap     ] GC(24) Humongous regions: 0->0
[2025-04-24T20:01:02.092+0000][14.416s][info ][gc,metaspace] GC(24) Metaspace: 41635K(42048K)->41635K(42048K) NonClass: 36389K(36608K)->36389K(36608K) Class: 5246K(5440K)->5246K(5440K)
[2025-04-24T20:01:02.092+0000][14.416s][info ][gc          ] GC(24) Pause Young (Concurrent Start) (G1 Evacuation Pause) 191M->60M(474M) 13.249ms
[2025-04-24T20:01:02.092+0000][14.416s][info ][gc,cpu      ] GC(24) User=0.03s Sys=0.00s Real=0.01s
[2025-04-24T20:01:02.092+0000][14.416s][info ][gc          ] GC(25) Concurrent Mark Cycle
[2025-04-24T20:01:02.092+0000][14.416s][info ][gc,marking  ] GC(25) Concurrent Clear Claimed Marks
[2025-04-24T20:01:02.092+0000][14.417s][info ][gc,marking  ] GC(25) Concurrent Clear Claimed Marks 0.049ms
[2025-04-24T20:01:02.092+0000][14.417s][info ][gc,marking  ] GC(25) Concurrent Scan Root Regions
[2025-04-24T20:01:02.092+0000][14.416s][info ][safepoint   ] Safepoint "G1CollectForAllocation", Time since last: 765942607 ns, Reaching safepoint: 66801 ns, Cleanup: 63130 ns, At safepoint: 13351652 ns, Total: 13481583 ns
[2025-04-24T20:01:02.098+0000][14.423s][info ][gc,marking  ] GC(25) Concurrent Scan Root Regions 5.999ms
[2025-04-24T20:01:02.098+0000][14.423s][info ][gc,marking  ] GC(25) Concurrent Mark
[2025-04-24T20:01:02.098+0000][14.423s][info ][gc,marking  ] GC(25) Concurrent Mark From Roots
[2025-04-24T20:01:02.098+0000][14.423s][info ][gc,task     ] GC(25) Using 1 workers of 1 for marking
[2025-04-24T20:01:02.301+0000][14.626s][info ][gc,marking  ] GC(25) Concurrent Mark From Roots 202.944ms
[2025-04-24T20:01:02.301+0000][14.626s][info ][gc,marking  ] GC(25) Concurrent Preclean
[2025-04-24T20:01:02.302+0000][14.627s][info ][gc,marking  ] GC(25) Concurrent Preclean 0.710ms
[2025-04-24T20:01:02.305+0000][14.630s][debug][safepoint   ] Safepoint synchronization initiated using futex wait barrier. (15 threads)
[2025-04-24T20:01:02.305+0000][14.630s][info ][gc,start    ] GC(25) Pause Remark
[2025-04-24T20:01:02.313+0000][14.637s][info ][gc          ] GC(25) Pause Remark 79M->79M(270M) 7.358ms
[2025-04-24T20:01:02.313+0000][14.637s][info ][gc,cpu      ] GC(25) User=0.02s Sys=0.00s Real=0.01s
[2025-04-24T20:01:02.316+0000][14.640s][info ][safepoint   ] Safepoint "G1PauseRemark", Time since last: 213147186 ns, Reaching safepoint: 71334 ns, Cleanup: 27691 ns, At safepoint: 10506314 ns, Total: 10605339 ns
[2025-04-24T20:01:02.316+0000][14.640s][info ][gc,marking  ] GC(25) Concurrent Mark 217.718ms
[2025-04-24T20:01:02.316+0000][14.640s][info ][gc,marking  ] GC(25) Concurrent Rebuild Remembered Sets
[2025-04-24T20:01:02.438+0000][14.762s][info ][gc,marking  ] GC(25) Concurrent Rebuild Remembered Sets 121.842ms
[2025-04-24T20:01:02.438+0000][14.763s][debug][safepoint   ] Safepoint synchronization initiated using futex wait barrier. (15 threads)
[2025-04-24T20:01:02.438+0000][14.763s][debug][safepoint   ] ... found polling page loop exception at pc = 0x000075a55cf66a9b, stub =0x000075a55c98e400
[2025-04-24T20:01:02.439+0000][14.763s][info ][gc,start    ] GC(25) Pause Cleanup
[2025-04-24T20:01:02.439+0000][14.763s][info ][gc          ] GC(25) Pause Cleanup 88M->88M(270M) 0.215ms
[2025-04-24T20:01:02.440+0000][14.764s][info ][gc,cpu      ] GC(25) User=0.00s Sys=0.00s Real=0.00s
[2025-04-24T20:01:02.440+0000][14.764s][info ][safepoint   ] Safepoint "G1PauseCleanup", Time since last: 122473124 ns, Reaching safepoint: 331946 ns, Cleanup: 11929 ns, At safepoint: 1266263 ns, Total: 1610138 ns
[2025-04-24T20:01:02.440+0000][14.764s][info ][gc,marking  ] GC(25) Concurrent Cleanup for Next Mark
[2025-04-24T20:01:02.442+0000][14.767s][info ][gc,marking  ] GC(25) Concurrent Cleanup for Next Mark 2.597ms
[2025-04-24T20:01:02.443+0000][14.767s][info ][gc          ] GC(25) Concurrent Mark Cycle 350.745ms
[2025-04-24T20:01:02.584+0000][14.909s][debug][safepoint   ] ... found polling page loop exception at pc = 0x000075a55d1a774e, stub =0x000075a55c98e400
[2025-04-24T20:01:02.660+0000][14.985s][debug][safepoint   ] ... found polling page loop exception at pc = 0x000075a55d1a774e, stub =0x000075a55c98e400
[2025-04-24T20:01:03.574+0000][15.898s][debug][safepoint   ] Safepoint synchronization initiated using futex wait barrier. (15 threads)
[2025-04-24T20:01:03.574+0000][15.899s][info ][safepoint   ] Safepoint "ICBufferFull", Time since last: 1134051309 ns, Reaching safepoint: 69600 ns, Cleanup: 171294 ns, At safepoint: 4286 ns, Total: 245180 ns
[2025-04-24T20:01:04.048+0000][16.373s][debug][safepoint   ] Safepoint synchronization initiated using futex wait barrier. (15 threads)
[2025-04-24T20:01:04.048+0000][16.373s][info ][gc,start    ] GC(26) Pause Young (Prepare Mixed) (G1 Evacuation Pause)
[2025-04-24T20:01:04.048+0000][16.373s][info ][gc,task     ] GC(26) Using 4 workers of 4 for evacuation
[2025-04-24T20:01:04.065+0000][16.389s][info ][gc,phases   ] GC(26)   Pre Evacuate Collection Set: 0.1ms
[2025-04-24T20:01:04.065+0000][16.389s][info ][gc,phases   ] GC(26)   Merge Heap Roots: 0.2ms
[2025-04-24T20:01:04.065+0000][16.389s][info ][gc,phases   ] GC(26)   Evacuate Collection Set: 13.3ms
[2025-04-24T20:01:04.065+0000][16.389s][info ][gc,phases   ] GC(26)   Post Evacuate Collection Set: 2.6ms
[2025-04-24T20:01:04.065+0000][16.389s][info ][gc,phases   ] GC(26)   Other: 0.1ms
[2025-04-24T20:01:04.065+0000][16.389s][info ][gc,heap     ] GC(26) Eden regions: 159->0(6)
[2025-04-24T20:01:04.065+0000][16.389s][info ][gc,heap     ] GC(26) Survivor regions: 3->7(21)
[2025-04-24T20:01:04.065+0000][16.389s][info ][gc,heap     ] GC(26) Old regions: 57->57
[2025-04-24T20:01:04.065+0000][16.389s][info ][gc,heap     ] GC(26) Archive regions: 2->2
[2025-04-24T20:01:04.065+0000][16.389s][info ][gc,heap     ] GC(26) Humongous regions: 0->0
[2025-04-24T20:01:04.065+0000][16.389s][info ][gc,metaspace] GC(26) Metaspace: 45581K(46016K)->45581K(46016K) NonClass: 39767K(40000K)->39767K(40000K) Class: 5814K(6016K)->5814K(6016K)
[2025-04-24T20:01:04.065+0000][16.389s][info ][gc          ] GC(26) Pause Young (Prepare Mixed) (G1 Evacuation Pause) 219M->63M(270M) 16.566ms
[2025-04-24T20:01:04.065+0000][16.389s][info ][gc,cpu      ] GC(26) User=0.05s Sys=0.01s Real=0.01s
[2025-04-24T20:01:04.065+0000][16.389s][info ][safepoint   ] Safepoint "G1CollectForAllocation", Time since last: 474168125 ns, Reaching safepoint: 57791 ns, Cleanup: 49146 ns, At safepoint: 16619586 ns, Total: 16726523 ns
[2025-04-24T20:01:04.132+0000][16.457s][debug][safepoint   ] Safepoint synchronization initiated using futex wait barrier. (15 threads)
[2025-04-24T20:01:04.133+0000][16.457s][info ][gc,start    ] GC(27) Pause Young (Mixed) (G1 Evacuation Pause)
[2025-04-24T20:01:04.133+0000][16.457s][info ][gc,task     ] GC(27) Using 4 workers of 4 for evacuation
[2025-04-24T20:01:04.152+0000][16.477s][info ][gc,phases   ] GC(27)   Pre Evacuate Collection Set: 0.1ms
[2025-04-24T20:01:04.152+0000][16.477s][info ][gc,phases   ] GC(27)   Merge Heap Roots: 0.2ms
[2025-04-24T20:01:04.152+0000][16.477s][info ][gc,phases   ] GC(27)   Evacuate Collection Set: 15.7ms
[2025-04-24T20:01:04.152+0000][16.477s][info ][gc,phases   ] GC(27)   Post Evacuate Collection Set: 3.0ms
[2025-04-24T20:01:04.152+0000][16.477s][info ][gc,phases   ] GC(27)   Other: 0.4ms
[2025-04-24T20:01:04.152+0000][16.477s][info ][gc,heap     ] GC(27) Eden regions: 6->0(161)
[2025-04-24T20:01:04.152+0000][16.477s][info ][gc,heap     ] GC(27) Survivor regions: 7->1(2)
[2025-04-24T20:01:04.152+0000][16.477s][info ][gc,heap     ] GC(27) Old regions: 57->62
[2025-04-24T20:01:04.152+0000][16.477s][info ][gc,heap     ] GC(27) Archive regions: 2->2
[2025-04-24T20:01:04.152+0000][16.477s][info ][gc,heap     ] GC(27) Humongous regions: 0->0
[2025-04-24T20:01:04.152+0000][16.477s][info ][gc,metaspace] GC(27) Metaspace: 45735K(46144K)->45735K(46144K) NonClass: 39888K(40128K)->39888K(40128K) Class: 5846K(6016K)->5846K(6016K)
[2025-04-24T20:01:04.152+0000][16.477s][info ][gc          ] GC(27) Pause Young (Mixed) (G1 Evacuation Pause) 69M->62M(270M) 19.898ms
[2025-04-24T20:01:04.153+0000][16.477s][info ][gc,cpu      ] GC(27) User=0.07s Sys=0.00s Real=0.02s
[2025-04-24T20:01:04.155+0000][16.479s][info ][safepoint   ] Safepoint "G1CollectForAllocation", Time since last: 67297973 ns, Reaching safepoint: 228123 ns, Cleanup: 12613 ns, At safepoint: 22350429 ns, Total: 22591165 ns
[2025-04-24T20:01:05.267+0000][17.592s][debug][safepoint   ] Safepoint synchronization initiated using futex wait barrier. (15 threads)
[2025-04-24T20:01:05.268+0000][17.592s][info ][safepoint   ] Safepoint "Cleanup", Time since last: 1112318872 ns, Reaching safepoint: 463760 ns, Cleanup: 107505 ns, At safepoint: 4703 ns, Total: 575968 ns
[2025-04-24T20:01:06.297+0000][18.622s][debug][safepoint   ] Safepoint synchronization initiated using futex wait barrier. (17 threads)
[2025-04-24T20:01:06.298+0000][18.622s][info ][safepoint   ] Safepoint "Cleanup", Time since last: 1029673169 ns, Reaching safepoint: 334514 ns, Cleanup: 152834 ns, At safepoint: 7187 ns, Total: 494535 ns
[2025-04-24T20:01:07.346+0000][19.670s][debug][safepoint   ] Safepoint synchronization initiated using futex wait barrier. (17 threads)
[2025-04-24T20:01:07.346+0000][19.670s][info ][safepoint   ] Safepoint "Cleanup", Time since last: 1047621661 ns, Reaching safepoint: 40128 ns, Cleanup: 15226 ns, At safepoint: 3244 ns, Total: 58598 ns
[2025-04-24T20:01:07.659+0000][19.983s][debug][safepoint   ] Safepoint synchronization initiated using futex wait barrier. (17 threads)
[2025-04-24T20:01:07.659+0000][19.984s][info ][gc,start    ] GC(28) Pause Young (Normal) (G1 Evacuation Pause)
[2025-04-24T20:01:07.659+0000][19.984s][info ][gc,task     ] GC(28) Using 4 workers of 4 for evacuation
[2025-04-24T20:01:07.680+0000][20.004s][info ][gc,phases   ] GC(28)   Pre Evacuate Collection Set: 0.2ms
[2025-04-24T20:01:07.680+0000][20.004s][info ][gc,phases   ] GC(28)   Merge Heap Roots: 0.1ms
[2025-04-24T20:01:07.680+0000][20.004s][info ][gc,phases   ] GC(28)   Evacuate Collection Set: 15.9ms
[2025-04-24T20:01:07.680+0000][20.004s][info ][gc,phases   ] GC(28)   Post Evacuate Collection Set: 4.2ms
[2025-04-24T20:01:07.680+0000][20.005s][info ][gc,phases   ] GC(28)   Other: 0.2ms
[2025-04-24T20:01:07.680+0000][20.005s][info ][gc,heap     ] GC(28) Eden regions: 161->0(158)
[2025-04-24T20:01:07.680+0000][20.005s][info ][gc,heap     ] GC(28) Survivor regions: 1->4(21)
[2025-04-24T20:01:07.680+0000][20.005s][info ][gc,heap     ] GC(28) Old regions: 62->62
[2025-04-24T20:01:07.680+0000][20.005s][info ][gc,heap     ] GC(28) Archive regions: 2->2
[2025-04-24T20:01:07.680+0000][20.005s][info ][gc,heap     ] GC(28) Humongous regions: 0->0
[2025-04-24T20:01:07.681+0000][20.005s][info ][gc,metaspace] GC(28) Metaspace: 54273K(54720K)->54273K(54720K) NonClass: 47425K(47680K)->47425K(47680K) Class: 6848K(7040K)->6848K(7040K)
[2025-04-24T20:01:07.681+0000][20.005s][info ][gc          ] GC(28) Pause Young (Normal) (G1 Evacuation Pause) 223M->65M(270M) 21.617ms
[2025-04-24T20:01:07.681+0000][20.005s][info ][gc,cpu      ] GC(28) User=0.07s Sys=0.00s Real=0.02s
[2025-04-24T20:01:07.681+0000][20.005s][info ][safepoint   ] Safepoint "G1CollectForAllocation", Time since last: 313193342 ns, Reaching safepoint: 105780 ns, Cleanup: 105011 ns, At safepoint: 21724159 ns, Total: 21934950 ns
[2025-04-24T20:01:09.022+0000][21.347s][debug][safepoint   ] Safepoint synchronization initiated using futex wait barrier. (16 threads)
[2025-04-24T20:01:09.022+0000][21.347s][info ][gc,start    ] GC(29) Pause Young (Normal) (G1 Evacuation Pause)
[2025-04-24T20:01:09.022+0000][21.347s][info ][gc,task     ] GC(29) Using 4 workers of 4 for evacuation
[2025-04-24T20:01:09.036+0000][21.360s][info ][gc,phases   ] GC(29)   Pre Evacuate Collection Set: 0.2ms
[2025-04-24T20:01:09.036+0000][21.360s][info ][gc,phases   ] GC(29)   Merge Heap Roots: 0.2ms
[2025-04-24T20:01:09.036+0000][21.360s][info ][gc,phases   ] GC(29)   Evacuate Collection Set: 10.7ms
[2025-04-24T20:01:09.036+0000][21.360s][info ][gc,phases   ] GC(29)   Post Evacuate Collection Set: 2.3ms
[2025-04-24T20:01:09.036+0000][21.360s][info ][gc,phases   ] GC(29)   Other: 0.1ms
[2025-04-24T20:01:09.036+0000][21.360s][info ][gc,heap     ] GC(29) Eden regions: 158->0(156)
[2025-04-24T20:01:09.036+0000][21.360s][info ][gc,heap     ] GC(29) Survivor regions: 4->6(21)
[2025-04-24T20:01:09.036+0000][21.360s][info ][gc,heap     ] GC(29) Old regions: 62->62
[2025-04-24T20:01:09.036+0000][21.360s][info ][gc,heap     ] GC(29) Archive regions: 2->2
[2025-04-24T20:01:09.036+0000][21.360s][info ][gc,heap     ] GC(29) Humongous regions: 0->0
[2025-04-24T20:01:09.036+0000][21.360s][info ][gc,metaspace] GC(29) Metaspace: 58330K(58752K)->58330K(58752K) NonClass: 50905K(51136K)->50905K(51136K) Class: 7424K(7616K)->7424K(7616K)
[2025-04-24T20:01:09.036+0000][21.360s][info ][gc          ] GC(29) Pause Young (Normal) (G1 Evacuation Pause) 223M->66M(270M) 13.650ms
[2025-04-24T20:01:09.036+0000][21.360s][info ][gc,cpu      ] GC(29) User=0.02s Sys=0.00s Real=0.01s
[2025-04-24T20:01:09.036+0000][21.360s][info ][safepoint   ] Safepoint "G1CollectForAllocation", Time since last: 1341359868 ns, Reaching safepoint: 56726 ns, Cleanup: 92426 ns, At safepoint: 13701012 ns, Total: 13850164 ns
[2025-04-24T20:01:09.820+0000][22.144s][debug][safepoint   ] Safepoint synchronization initiated using futex wait barrier. (20 threads)
[2025-04-24T20:01:09.820+0000][22.145s][info ][safepoint   ] Safepoint "ICBufferFull", Time since last: 783893312 ns, Reaching safepoint: 66795 ns, Cleanup: 136893 ns, At safepoint: 4784 ns, Total: 208472 ns
[2025-04-24T20:01:10.288+0000][22.613s][debug][safepoint   ] Safepoint synchronization initiated using futex wait barrier. (20 threads)
[2025-04-24T20:01:10.288+0000][22.613s][info ][gc,start    ] GC(30) Pause Young (Normal) (G1 Evacuation Pause)
[2025-04-24T20:01:10.288+0000][22.613s][info ][gc,task     ] GC(30) Using 4 workers of 4 for evacuation
[2025-04-24T20:01:10.303+0000][22.627s][info ][gc,phases   ] GC(30)   Pre Evacuate Collection Set: 0.3ms
[2025-04-24T20:01:10.303+0000][22.627s][info ][gc,phases   ] GC(30)   Merge Heap Roots: 0.1ms
[2025-04-24T20:01:10.303+0000][22.627s][info ][gc,phases   ] GC(30)   Evacuate Collection Set: 9.6ms
[2025-04-24T20:01:10.303+0000][22.627s][info ][gc,phases   ] GC(30)   Post Evacuate Collection Set: 4.5ms
[2025-04-24T20:01:10.303+0000][22.627s][info ][gc,phases   ] GC(30)   Other: 0.1ms
[2025-04-24T20:01:10.303+0000][22.627s][info ][gc,heap     ] GC(30) Eden regions: 156->0(155)
[2025-04-24T20:01:10.303+0000][22.627s][info ][gc,heap     ] GC(30) Survivor regions: 6->7(21)
[2025-04-24T20:01:10.303+0000][22.627s][info ][gc,heap     ] GC(30) Old regions: 62->62
[2025-04-24T20:01:10.303+0000][22.627s][info ][gc,heap     ] GC(30) Archive regions: 2->2
[2025-04-24T20:01:10.303+0000][22.627s][info ][gc,heap     ] GC(30) Humongous regions: 0->0
[2025-04-24T20:01:10.303+0000][22.627s][info ][gc,metaspace] GC(30) Metaspace: 63475K(63936K)->63475K(63936K) NonClass: 55440K(55680K)->55440K(55680K) Class: 8035K(8256K)->8035K(8256K)
[2025-04-24T20:01:10.303+0000][22.628s][info ][gc          ] GC(30) Pause Young (Normal) (G1 Evacuation Pause) 222M->68M(270M) 14.795ms
[2025-04-24T20:01:10.303+0000][22.628s][info ][gc,cpu      ] GC(30) User=0.05s Sys=0.00s Real=0.01s
[2025-04-24T20:01:10.303+0000][22.628s][info ][safepoint   ] Safepoint "G1CollectForAllocation", Time since last: 468030141 ns, Reaching safepoint: 69166 ns, Cleanup: 56101 ns, At safepoint: 14863668 ns, Total: 14988935 ns
[2025-04-24T20:01:11.249+0000][23.573s][debug][safepoint   ] Safepoint synchronization initiated using futex wait barrier. (20 threads)
[2025-04-24T20:01:11.252+0000][23.576s][info ][gc,start    ] GC(31) Pause Young (Normal) (G1 Evacuation Pause)
[2025-04-24T20:01:11.252+0000][23.576s][info ][gc,task     ] GC(31) Using 4 workers of 4 for evacuation
[2025-04-24T20:01:11.289+0000][23.613s][info ][gc,phases   ] GC(31)   Pre Evacuate Collection Set: 0.1ms
[2025-04-24T20:01:11.289+0000][23.613s][info ][gc,phases   ] GC(31)   Merge Heap Roots: 0.3ms
[2025-04-24T20:01:11.289+0000][23.613s][info ][gc,phases   ] GC(31)   Evacuate Collection Set: 32.4ms
[2025-04-24T20:01:11.289+0000][23.613s][info ][gc,phases   ] GC(31)   Post Evacuate Collection Set: 4.0ms
[2025-04-24T20:01:11.289+0000][23.613s][info ][gc,phases   ] GC(31)   Other: 0.2ms
[2025-04-24T20:01:11.289+0000][23.613s][info ][gc,heap     ] GC(31) Eden regions: 155->0(154)
[2025-04-24T20:01:11.289+0000][23.613s][info ][gc,heap     ] GC(31) Survivor regions: 7->8(21)
[2025-04-24T20:01:11.289+0000][23.613s][info ][gc,heap     ] GC(31) Old regions: 62->62
[2025-04-24T20:01:11.289+0000][23.613s][info ][gc,heap     ] GC(31) Archive regions: 2->2
[2025-04-24T20:01:11.289+0000][23.613s][info ][gc,heap     ] GC(31) Humongous regions: 0->0
[2025-04-24T20:01:11.289+0000][23.613s][info ][gc,metaspace] GC(31) Metaspace: 67809K(68288K)->67809K(68288K) NonClass: 59135K(59392K)->59135K(59392K) Class: 8674K(8896K)->8674K(8896K)
[2025-04-24T20:01:11.289+0000][23.613s][info ][gc          ] GC(31) Pause Young (Normal) (G1 Evacuation Pause) 223M->69M(270M) 37.179ms
[2025-04-24T20:01:11.289+0000][23.613s][info ][gc,cpu      ] GC(31) User=0.08s Sys=0.00s Real=0.04s
[2025-04-24T20:01:11.289+0000][23.613s][info ][safepoint   ] Safepoint "G1CollectForAllocation", Time since last: 945492520 ns, Reaching safepoint: 72990 ns, Cleanup: 3032414 ns, At safepoint: 37267456 ns, Total: 40372860 ns
[2025-04-24T20:01:11.954+0000][24.278s][debug][safepoint   ] Safepoint synchronization initiated using futex wait barrier. (20 threads)
[2025-04-24T20:01:11.954+0000][24.278s][info ][safepoint   ] Safepoint "ICBufferFull", Time since last: 664669596 ns, Reaching safepoint: 51799 ns, Cleanup: 120187 ns, At safepoint: 3299 ns, Total: 175285 ns
[2025-04-24T20:01:12.260+0000][24.585s][debug][safepoint   ] Safepoint synchronization initiated using futex wait barrier. (21 threads)
[2025-04-24T20:01:12.260+0000][24.585s][info ][gc,start    ] GC(32) Pause Young (Concurrent Start) (Metadata GC Threshold)
[2025-04-24T20:01:12.260+0000][24.585s][info ][gc,task     ] GC(32) Using 4 workers of 4 for evacuation
[2025-04-24T20:01:12.272+0000][24.597s][info ][gc,phases   ] GC(32)   Pre Evacuate Collection Set: 0.1ms
[2025-04-24T20:01:12.272+0000][24.597s][info ][gc,phases   ] GC(32)   Merge Heap Roots: 0.1ms
[2025-04-24T20:01:12.272+0000][24.597s][info ][gc,phases   ] GC(32)   Evacuate Collection Set: 10.5ms
[2025-04-24T20:01:12.272+0000][24.597s][info ][gc,phases   ] GC(32)   Post Evacuate Collection Set: 1.4ms
[2025-04-24T20:01:12.272+0000][24.597s][info ][gc,phases   ] GC(32)   Other: 0.1ms
[2025-04-24T20:01:12.272+0000][24.597s][info ][gc,heap     ] GC(32) Eden regions: 122->0(150)
[2025-04-24T20:01:12.272+0000][24.597s][info ][gc,heap     ] GC(32) Survivor regions: 8->12(21)
[2025-04-24T20:01:12.272+0000][24.597s][info ][gc,heap     ] GC(32) Old regions: 62->62
[2025-04-24T20:01:12.272+0000][24.597s][info ][gc,heap     ] GC(32) Archive regions: 2->2
[2025-04-24T20:01:12.272+0000][24.597s][info ][gc,heap     ] GC(32) Humongous regions: 0->0
[2025-04-24T20:01:12.273+0000][24.597s][info ][gc,metaspace] GC(32) Metaspace: 69924K(70400K)->69924K(70400K) NonClass: 61001K(61248K)->61001K(61248K) Class: 8922K(9152K)->8922K(9152K)
[2025-04-24T20:01:12.273+0000][24.597s][info ][gc          ] GC(32) Pause Young (Concurrent Start) (Metadata GC Threshold) 191M->73M(270M) 12.272ms
[2025-04-24T20:01:12.273+0000][24.597s][info ][gc,cpu      ] GC(32) User=0.04s Sys=0.00s Real=0.01s
[2025-04-24T20:01:12.273+0000][24.597s][info ][gc          ] GC(33) Concurrent Mark Cycle
[2025-04-24T20:01:12.273+0000][24.597s][info ][gc,marking  ] GC(33) Concurrent Clear Claimed Marks
[2025-04-24T20:01:12.273+0000][24.597s][info ][gc,marking  ] GC(33) Concurrent Clear Claimed Marks 0.047ms
[2025-04-24T20:01:12.273+0000][24.597s][info ][gc,marking  ] GC(33) Concurrent Scan Root Regions
[2025-04-24T20:01:12.273+0000][24.597s][info ][safepoint   ] Safepoint "CollectForMetadataAllocation", Time since last: 306340628 ns, Reaching safepoint: 39271 ns, Cleanup: 60682 ns, At safepoint: 12560630 ns, Total: 12660583 ns
[2025-04-24T20:01:12.284+0000][24.609s][info ][gc,marking  ] GC(33) Concurrent Scan Root Regions 11.593ms
[2025-04-24T20:01:12.284+0000][24.609s][info ][gc,marking  ] GC(33) Concurrent Mark
[2025-04-24T20:01:12.284+0000][24.609s][info ][gc,marking  ] GC(33) Concurrent Mark From Roots
[2025-04-24T20:01:12.284+0000][24.609s][info ][gc,task     ] GC(33) Using 1 workers of 1 for marking
[2025-04-24T20:01:12.308+0000][24.633s][debug][safepoint   ] Safepoint synchronization initiated using futex wait barrier. (21 threads)
[2025-04-24T20:01:12.308+0000][24.633s][info ][safepoint   ] Safepoint "CollectForMetadataAllocation", Time since last: 35254561 ns, Reaching safepoint: 107782 ns, Cleanup: 2890 ns, At safepoint: 34390 ns, Total: 145062 ns
[2025-04-24T20:01:12.386+0000][24.711s][debug][safepoint   ] Safepoint synchronization initiated using futex wait barrier. (20 threads)
[2025-04-24T20:01:12.386+0000][24.711s][info ][safepoint   ] Safepoint "CollectForMetadataAllocation", Time since last: 78054358 ns, Reaching safepoint: 91671 ns, Cleanup: 9678 ns, At safepoint: 33936 ns, Total: 135285 ns
[2025-04-24T20:01:12.412+0000][24.736s][info ][gc,marking  ] GC(33) Concurrent Mark From Roots 127.626ms
[2025-04-24T20:01:12.412+0000][24.736s][info ][gc,marking  ] GC(33) Concurrent Preclean
[2025-04-24T20:01:12.412+0000][24.737s][info ][gc,marking  ] GC(33) Concurrent Preclean 0.229ms
[2025-04-24T20:01:12.412+0000][24.737s][debug][safepoint   ] Safepoint synchronization initiated using futex wait barrier. (20 threads)
[2025-04-24T20:01:12.412+0000][24.737s][info ][gc,start    ] GC(33) Pause Remark
[2025-04-24T20:01:12.417+0000][24.742s][info ][gc          ] GC(33) Pause Remark 101M->101M(270M) 4.817ms
[2025-04-24T20:01:12.417+0000][24.742s][info ][gc,cpu      ] GC(33) User=0.02s Sys=0.00s Real=0.00s
[2025-04-24T20:01:12.417+0000][24.742s][info ][safepoint   ] Safepoint "G1PauseRemark", Time since last: 25814573 ns, Reaching safepoint: 88108 ns, Cleanup: 2315 ns, At safepoint: 4901924 ns, Total: 4992347 ns
[2025-04-24T20:01:12.417+0000][24.742s][info ][gc,marking  ] GC(33) Concurrent Mark 132.945ms
[2025-04-24T20:01:12.417+0000][24.742s][info ][gc,marking  ] GC(33) Concurrent Rebuild Remembered Sets
[2025-04-24T20:01:12.476+0000][24.801s][info ][gc,marking  ] GC(33) Concurrent Rebuild Remembered Sets 59.133ms
[2025-04-24T20:01:12.476+0000][24.801s][debug][safepoint   ] Safepoint synchronization initiated using futex wait barrier. (20 threads)
[2025-04-24T20:01:12.477+0000][24.801s][info ][gc,start    ] GC(33) Pause Cleanup
[2025-04-24T20:01:12.477+0000][24.801s][info ][gc          ] GC(33) Pause Cleanup 113M->113M(270M) 0.130ms
[2025-04-24T20:01:12.477+0000][24.801s][info ][gc,cpu      ] GC(33) User=0.00s Sys=0.00s Real=0.00s
[2025-04-24T20:01:12.477+0000][24.801s][info ][safepoint   ] Safepoint "G1PauseCleanup", Time since last: 59277584 ns, Reaching safepoint: 92227 ns, Cleanup: 25484 ns, At safepoint: 168943 ns, Total: 286654 ns
[2025-04-24T20:01:12.477+0000][24.801s][info ][gc,marking  ] GC(33) Concurrent Cleanup for Next Mark
[2025-04-24T20:01:12.477+0000][24.802s][info ][gc,marking  ] GC(33) Concurrent Cleanup for Next Mark 0.679ms
[2025-04-24T20:01:12.478+0000][24.802s][info ][gc          ] GC(33) Concurrent Mark Cycle 204.960ms
[2025-04-24T20:01:12.673+0000][24.997s][debug][safepoint   ] Safepoint synchronization initiated using futex wait barrier. (21 threads)
[2025-04-24T20:01:12.673+0000][24.997s][info ][safepoint   ] Safepoint "ICBufferFull", Time since last: 195782623 ns, Reaching safepoint: 132586 ns, Cleanup: 111130 ns, At safepoint: 5520 ns, Total: 249236 ns
[2025-04-24T20:01:13.635+0000][25.960s][debug][safepoint   ] Safepoint synchronization initiated using futex wait barrier. (20 threads)
[2025-04-24T20:01:13.635+0000][25.960s][info ][gc,start    ] GC(34) Pause Young (Prepare Mixed) (G1 Evacuation Pause)
[2025-04-24T20:01:13.635+0000][25.960s][info ][gc,task     ] GC(34) Using 4 workers of 4 for evacuation
[2025-04-24T20:01:13.661+0000][25.985s][info ][gc,phases   ] GC(34)   Pre Evacuate Collection Set: 0.1ms
[2025-04-24T20:01:13.661+0000][25.985s][info ][gc,phases   ] GC(34)   Merge Heap Roots: 0.6ms
[2025-04-24T20:01:13.661+0000][25.985s][info ][gc,phases   ] GC(34)   Evacuate Collection Set: 21.6ms
[2025-04-24T20:01:13.661+0000][25.985s][info ][gc,phases   ] GC(34)   Post Evacuate Collection Set: 3.2ms
[2025-04-24T20:01:13.661+0000][25.986s][info ][gc,phases   ] GC(34)   Other: 0.1ms
[2025-04-24T20:01:13.661+0000][25.986s][info ][gc,heap     ] GC(34) Eden regions: 150->0(3)
[2025-04-24T20:01:13.661+0000][25.986s][info ][gc,heap     ] GC(34) Survivor regions: 12->10(21)
[2025-04-24T20:01:13.661+0000][25.986s][info ][gc,heap     ] GC(34) Old regions: 62->65
[2025-04-24T20:01:13.661+0000][25.986s][info ][gc,heap     ] GC(34) Archive regions: 2->2
[2025-04-24T20:01:13.661+0000][25.986s][info ][gc,heap     ] GC(34) Humongous regions: 0->0
[2025-04-24T20:01:13.661+0000][25.986s][info ][gc,metaspace] GC(34) Metaspace: 75386K(75904K)->75386K(75904K) NonClass: 65670K(65920K)->65670K(65920K) Class: 9715K(9984K)->9715K(9984K)
[2025-04-24T20:01:13.661+0000][25.986s][info ][gc          ] GC(34) Pause Young (Prepare Mixed) (G1 Evacuation Pause) 223M->75M(270M) 25.655ms
[2025-04-24T20:01:13.661+0000][25.986s][info ][gc,cpu      ] GC(34) User=0.06s Sys=0.00s Real=0.03s
[2025-04-24T20:01:13.661+0000][25.986s][info ][safepoint   ] Safepoint "G1CollectForAllocation", Time since last: 962431080 ns, Reaching safepoint: 55718 ns, Cleanup: 133756 ns, At safepoint: 25708709 ns, Total: 25898183 ns
[2025-04-24T20:01:13.679+0000][26.003s][debug][safepoint   ] Safepoint synchronization initiated using futex wait barrier. (20 threads)
[2025-04-24T20:01:13.679+0000][26.003s][info ][gc,start    ] GC(35) Pause Young (Mixed) (G1 Evacuation Pause)
[2025-04-24T20:01:13.679+0000][26.003s][info ][gc,task     ] GC(35) Using 4 workers of 4 for evacuation
[2025-04-24T20:01:13.697+0000][26.021s][info ][gc,phases   ] GC(35)   Pre Evacuate Collection Set: 0.1ms
[2025-04-24T20:01:13.697+0000][26.021s][info ][gc,phases   ] GC(35)   Merge Heap Roots: 0.1ms
[2025-04-24T20:01:13.697+0000][26.021s][info ][gc,phases   ] GC(35)   Evacuate Collection Set: 14.5ms
[2025-04-24T20:01:13.697+0000][26.021s][info ][gc,phases   ] GC(35)   Post Evacuate Collection Set: 3.0ms
[2025-04-24T20:01:13.697+0000][26.021s][info ][gc,phases   ] GC(35)   Other: 0.1ms
[2025-04-24T20:01:13.697+0000][26.021s][info ][gc,heap     ] GC(35) Eden regions: 3->0(157)
[2025-04-24T20:01:13.697+0000][26.021s][info ][gc,heap     ] GC(35) Survivor regions: 10->2(2)
[2025-04-24T20:01:13.697+0000][26.021s][info ][gc,heap     ] GC(35) Old regions: 65->73
[2025-04-24T20:01:13.697+0000][26.021s][info ][gc,heap     ] GC(35) Archive regions: 2->2
[2025-04-24T20:01:13.697+0000][26.021s][info ][gc,heap     ] GC(35) Humongous regions: 0->0
[2025-04-24T20:01:13.697+0000][26.021s][info ][gc,metaspace] GC(35) Metaspace: 75459K(75968K)->75459K(75968K) NonClass: 65729K(65984K)->65729K(65984K) Class: 9730K(9984K)->9730K(9984K)
[2025-04-24T20:01:13.697+0000][26.021s][info ][gc          ] GC(35) Pause Young (Mixed) (G1 Evacuation Pause) 78M->74M(270M) 17.954ms
[2025-04-24T20:01:13.697+0000][26.021s][info ][gc,cpu      ] GC(35) User=0.04s Sys=0.00s Real=0.01s
[2025-04-24T20:01:13.697+0000][26.021s][info ][safepoint   ] Safepoint "G1CollectForAllocation", Time since last: 17768098 ns, Reaching safepoint: 40459 ns, Cleanup: 7627 ns, At safepoint: 18009849 ns, Total: 18057935 ns
[2025-04-24T20:01:14.461+0000][26.786s][debug][safepoint   ] Safepoint synchronization initiated using futex wait barrier. (20 threads)
[2025-04-24T20:01:14.461+0000][26.786s][info ][safepoint   ] Safepoint "ICBufferFull", Time since last: 764071415 ns, Reaching safepoint: 43843 ns, Cleanup: 106402 ns, At safepoint: 7513 ns, Total: 157758 ns
[2025-04-24T20:01:14.608+0000][26.933s][debug][safepoint   ] Safepoint synchronization initiated using futex wait barrier. (21 threads)
[2025-04-24T20:01:14.608+0000][26.933s][info ][gc,start    ] GC(36) Pause Young (Concurrent Start) (G1 Evacuation Pause)
[2025-04-24T20:01:14.608+0000][26.933s][info ][gc,task     ] GC(36) Using 4 workers of 4 for evacuation
[2025-04-24T20:01:14.631+0000][26.956s][info ][gc,phases   ] GC(36)   Pre Evacuate Collection Set: 0.2ms
[2025-04-24T20:01:14.632+0000][26.956s][info ][gc,phases   ] GC(36)   Merge Heap Roots: 0.1ms
[2025-04-24T20:01:14.632+0000][26.956s][info ][gc,phases   ] GC(36)   Evacuate Collection Set: 11.0ms
[2025-04-24T20:01:14.632+0000][26.956s][info ][gc,phases   ] GC(36)   Post Evacuate Collection Set: 11.7ms
[2025-04-24T20:01:14.632+0000][26.956s][info ][gc,phases   ] GC(36)   Other: 0.1ms
[2025-04-24T20:01:14.632+0000][26.956s][info ][gc,heap     ] GC(36) Eden regions: 157->0(382)
[2025-04-24T20:01:14.632+0000][26.956s][info ][gc,heap     ] GC(36) Survivor regions: 2->2(20)
[2025-04-24T20:01:14.632+0000][26.956s][info ][gc,heap     ] GC(36) Old regions: 73->73
[2025-04-24T20:01:14.632+0000][26.956s][info ][gc,heap     ] GC(36) Archive regions: 2->2
[2025-04-24T20:01:14.632+0000][26.956s][info ][gc,heap     ] GC(36) Humongous regions: 0->0
[2025-04-24T20:01:14.632+0000][26.956s][info ][gc,metaspace] GC(36) Metaspace: 78515K(79040K)->78515K(79040K) NonClass: 68222K(68480K)->68222K(68480K) Class: 10292K(10560K)->10292K(10560K)
[2025-04-24T20:01:14.632+0000][26.956s][info ][gc          ] GC(36) Pause Young (Concurrent Start) (G1 Evacuation Pause) 231M->74M(640M) 23.308ms
[2025-04-24T20:01:14.632+0000][26.956s][info ][gc,cpu      ] GC(36) User=0.01s Sys=0.00s Real=0.02s
[2025-04-24T20:01:14.633+0000][26.957s][info ][gc          ] GC(37) Concurrent Mark Cycle
[2025-04-24T20:01:14.633+0000][26.957s][info ][gc,marking  ] GC(37) Concurrent Clear Claimed Marks
[2025-04-24T20:01:14.633+0000][26.957s][info ][gc,marking  ] GC(37) Concurrent Clear Claimed Marks 0.042ms
[2025-04-24T20:01:14.633+0000][26.957s][info ][gc,marking  ] GC(37) Concurrent Scan Root Regions
[2025-04-24T20:01:14.638+0000][26.962s][info ][safepoint   ] Safepoint "G1CollectForAllocation", Time since last: 146961603 ns, Reaching safepoint: 53693 ns, Cleanup: 89081 ns, At safepoint: 29690674 ns, Total: 29833448 ns
[2025-04-24T20:01:14.641+0000][26.965s][info ][gc,marking  ] GC(37) Concurrent Scan Root Regions 7.826ms
[2025-04-24T20:01:14.641+0000][26.965s][info ][gc,marking  ] GC(37) Concurrent Mark
[2025-04-24T20:01:14.641+0000][26.965s][info ][gc,marking  ] GC(37) Concurrent Mark From Roots
[2025-04-24T20:01:14.641+0000][26.965s][info ][gc,task     ] GC(37) Using 1 workers of 1 for marking
[2025-04-24T20:01:14.924+0000][27.248s][debug][safepoint   ] Safepoint synchronization initiated using futex wait barrier. (20 threads)
[2025-04-24T20:01:14.924+0000][27.249s][info ][safepoint   ] Safepoint "ICBufferFull", Time since last: 283299519 ns, Reaching safepoint: 2702887 ns, Cleanup: 128520 ns, At safepoint: 13566 ns, Total: 2844973 ns
[2025-04-24T20:01:15.002+0000][27.326s][info ][gc,marking  ] GC(37) Concurrent Mark From Roots 360.743ms
[2025-04-24T20:01:15.002+0000][27.326s][info ][gc,marking  ] GC(37) Concurrent Preclean
[2025-04-24T20:01:15.002+0000][27.327s][info ][gc,marking  ] GC(37) Concurrent Preclean 0.383ms
[2025-04-24T20:01:15.002+0000][27.327s][debug][safepoint   ] Safepoint synchronization initiated using futex wait barrier. (20 threads)
[2025-04-24T20:01:15.002+0000][27.327s][info ][gc,start    ] GC(37) Pause Remark
[2025-04-24T20:01:15.018+0000][27.342s][info ][gc          ] GC(37) Pause Remark 81M->81M(284M) 15.299ms
[2025-04-24T20:01:15.018+0000][27.342s][info ][gc,cpu      ] GC(37) User=0.03s Sys=0.00s Real=0.02s
[2025-04-24T20:01:15.026+0000][27.350s][info ][safepoint   ] Safepoint "G1PauseRemark", Time since last: 78050136 ns, Reaching safepoint: 234225 ns, Cleanup: 40403 ns, At safepoint: 23270420 ns, Total: 23545048 ns
[2025-04-24T20:01:15.026+0000][27.350s][info ][gc,marking  ] GC(37) Concurrent Mark 385.072ms
[2025-04-24T20:01:15.026+0000][27.350s][info ][gc,marking  ] GC(37) Concurrent Rebuild Remembered Sets
[2025-04-24T20:01:15.154+0000][27.478s][info ][gc,marking  ] GC(37) Concurrent Rebuild Remembered Sets 127.748ms
[2025-04-24T20:01:15.154+0000][27.478s][debug][safepoint   ] Safepoint synchronization initiated using futex wait barrier. (20 threads)
[2025-04-24T20:01:15.154+0000][27.478s][info ][gc,start    ] GC(37) Pause Cleanup
[2025-04-24T20:01:15.154+0000][27.479s][info ][gc          ] GC(37) Pause Cleanup 87M->87M(284M) 0.186ms
[2025-04-24T20:01:15.154+0000][27.479s][info ][gc,cpu      ] GC(37) User=0.00s Sys=0.00s Real=0.00s
[2025-04-24T20:01:15.154+0000][27.479s][info ][safepoint   ] Safepoint "G1PauseCleanup", Time since last: 127988394 ns, Reaching safepoint: 108641 ns, Cleanup: 51568 ns, At safepoint: 228286 ns, Total: 388495 ns
[2025-04-24T20:01:15.160+0000][27.484s][info ][gc,marking  ] GC(37) Concurrent Cleanup for Next Mark
[2025-04-24T20:01:15.162+0000][27.486s][info ][gc,marking  ] GC(37) Concurrent Cleanup for Next Mark 1.883ms
[2025-04-24T20:01:15.162+0000][27.486s][info ][gc          ] GC(37) Concurrent Mark Cycle 529.031ms
[2025-04-24T20:01:15.284+0000][27.609s][debug][safepoint   ] Safepoint synchronization initiated using futex wait barrier. (20 threads)
[2025-04-24T20:01:15.284+0000][27.609s][info ][safepoint   ] Safepoint "ICBufferFull", Time since last: 130057904 ns, Reaching safepoint: 57685 ns, Cleanup: 150928 ns, At safepoint: 3082 ns, Total: 211695 ns
[2025-04-24T20:01:15.634+0000][27.958s][debug][safepoint   ] Safepoint synchronization initiated using futex wait barrier. (20 threads)
[2025-04-24T20:01:15.634+0000][27.959s][info ][safepoint   ] Safepoint "ICBufferFull", Time since last: 349472074 ns, Reaching safepoint: 211054 ns, Cleanup: 182035 ns, At safepoint: 4412 ns, Total: 397501 ns
[2025-04-24T20:01:16.330+0000][28.655s][debug][safepoint   ] Safepoint synchronization initiated using futex wait barrier. (19 threads)
[2025-04-24T20:01:16.330+0000][28.655s][info ][safepoint   ] Safepoint "ICBufferFull", Time since last: 696099293 ns, Reaching safepoint: 57633 ns, Cleanup: 105317 ns, At safepoint: 4029 ns, Total: 166979 ns
[2025-04-24T20:01:16.614+0000][28.939s][debug][safepoint   ] Safepoint synchronization initiated using futex wait barrier. (19 threads)
[2025-04-24T20:01:16.614+0000][28.939s][info ][gc,start    ] GC(38) Pause Young (Prepare Mixed) (G1 Preventive Collection)
[2025-04-24T20:01:16.614+0000][28.939s][info ][gc,task     ] GC(38) Using 4 workers of 4 for evacuation
[2025-04-24T20:01:16.622+0000][28.946s][info ][gc,phases   ] GC(38)   Pre Evacuate Collection Set: 0.1ms
[2025-04-24T20:01:16.622+0000][28.946s][info ][gc,phases   ] GC(38)   Merge Heap Roots: 0.1ms
[2025-04-24T20:01:16.622+0000][28.946s][info ][gc,phases   ] GC(38)   Evacuate Collection Set: 6.3ms
[2025-04-24T20:01:16.622+0000][28.946s][info ][gc,phases   ] GC(38)   Post Evacuate Collection Set: 0.9ms
[2025-04-24T20:01:16.622+0000][28.946s][info ][gc,phases   ] GC(38)   Other: 0.1ms
[2025-04-24T20:01:16.622+0000][28.946s][info ][gc,heap     ] GC(38) Eden regions: 201->0(9)
[2025-04-24T20:01:16.622+0000][28.946s][info ][gc,heap     ] GC(38) Survivor regions: 2->5(48)
[2025-04-24T20:01:16.622+0000][28.946s][info ][gc,heap     ] GC(38) Old regions: 73->73
[2025-04-24T20:01:16.622+0000][28.946s][info ][gc,heap     ] GC(38) Archive regions: 2->2
[2025-04-24T20:01:16.622+0000][28.946s][info ][gc,heap     ] GC(38) Humongous regions: 0->0
[2025-04-24T20:01:16.622+0000][28.946s][info ][gc,metaspace] GC(38) Metaspace: 82464K(82944K)->82464K(82944K) NonClass: 71630K(71872K)->71630K(71872K) Class: 10833K(11072K)->10833K(11072K)
[2025-04-24T20:01:16.622+0000][28.946s][info ][gc          ] GC(38) Pause Young (Prepare Mixed) (G1 Preventive Collection) 275M->77M(284M) 7.654ms
[2025-04-24T20:01:16.622+0000][28.946s][info ][gc,cpu      ] GC(38) User=0.02s Sys=0.00s Real=0.01s
[2025-04-24T20:01:16.622+0000][28.946s][info ][safepoint   ] Safepoint "G1CollectForAllocation", Time since last: 283557092 ns, Reaching safepoint: 34824 ns, Cleanup: 46696 ns, At safepoint: 7697452 ns, Total: 7778972 ns
[2025-04-24T20:01:16.640+0000][28.965s][debug][safepoint   ] Safepoint synchronization initiated using futex wait barrier. (19 threads)
[2025-04-24T20:01:16.640+0000][28.965s][info ][gc,start    ] GC(39) Pause Young (Mixed) (G1 Evacuation Pause)
[2025-04-24T20:01:16.640+0000][28.965s][info ][gc,task     ] GC(39) Using 4 workers of 4 for evacuation
[2025-04-24T20:01:16.647+0000][28.971s][info ][gc,phases   ] GC(39)   Pre Evacuate Collection Set: 0.1ms
[2025-04-24T20:01:16.647+0000][28.971s][info ][gc,phases   ] GC(39)   Merge Heap Roots: 0.1ms
[2025-04-24T20:01:16.647+0000][28.971s][info ][gc,phases   ] GC(39)   Evacuate Collection Set: 5.5ms
[2025-04-24T20:01:16.647+0000][28.971s][info ][gc,phases   ] GC(39)   Post Evacuate Collection Set: 0.9ms
[2025-04-24T20:01:16.647+0000][28.971s][info ][gc,phases   ] GC(39)   Other: 0.1ms
[2025-04-24T20:01:16.647+0000][28.971s][info ][gc,heap     ] GC(39) Eden regions: 9->0(167)
[2025-04-24T20:01:16.647+0000][28.971s][info ][gc,heap     ] GC(39) Survivor regions: 5->1(2)
[2025-04-24T20:01:16.647+0000][28.971s][info ][gc,heap     ] GC(39) Old regions: 73->76
[2025-04-24T20:01:16.647+0000][28.971s][info ][gc,heap     ] GC(39) Archive regions: 2->2
[2025-04-24T20:01:16.647+0000][28.971s][info ][gc,heap     ] GC(39) Humongous regions: 0->0
[2025-04-24T20:01:16.647+0000][28.971s][info ][gc,metaspace] GC(39) Metaspace: 82474K(82944K)->82474K(82944K) NonClass: 71641K(71872K)->71641K(71872K) Class: 10833K(11072K)->10833K(11072K)
[2025-04-24T20:01:16.647+0000][28.971s][info ][gc          ] GC(39) Pause Young (Mixed) (G1 Evacuation Pause) 86M->77M(284M) 6.622ms
[2025-04-24T20:01:16.647+0000][28.971s][info ][gc,cpu      ] GC(39) User=0.02s Sys=0.00s Real=0.00s
[2025-04-24T20:01:16.647+0000][28.971s][info ][safepoint   ] Safepoint "G1CollectForAllocation", Time since last: 18353755 ns, Reaching safepoint: 33872 ns, Cleanup: 9002 ns, At safepoint: 6666460 ns, Total: 6709334 ns
[2025-04-24T20:01:17.036+0000][29.361s][debug][safepoint   ] Safepoint synchronization initiated using futex wait barrier. (20 threads)
[2025-04-24T20:01:17.036+0000][29.361s][info ][safepoint   ] Safepoint "ICBufferFull", Time since last: 389268148 ns, Reaching safepoint: 44812 ns, Cleanup: 132871 ns, At safepoint: 3731 ns, Total: 181414 ns
[2025-04-24T20:01:18.037+0000][30.361s][debug][safepoint   ] Safepoint synchronization initiated using futex wait barrier. (20 threads)
[2025-04-24T20:01:18.037+0000][30.362s][info ][safepoint   ] Safepoint "Cleanup", Time since last: 1000424608 ns, Reaching safepoint: 464957 ns, Cleanup: 139799 ns, At safepoint: 9257 ns, Total: 614013 ns
[2025-04-24T20:01:18.268+0000][30.592s][debug][safepoint   ] Safepoint synchronization initiated using futex wait barrier. (20 threads)
[2025-04-24T20:01:18.268+0000][30.593s][info ][gc,start    ] GC(40) Pause Young (Normal) (G1 Evacuation Pause)
[2025-04-24T20:01:18.268+0000][30.593s][info ][gc,task     ] GC(40) Using 4 workers of 4 for evacuation
[2025-04-24T20:01:18.282+0000][30.606s][info ][gc,phases   ] GC(40)   Pre Evacuate Collection Set: 0.1ms
[2025-04-24T20:01:18.282+0000][30.606s][info ][gc,phases   ] GC(40)   Merge Heap Roots: 0.1ms
[2025-04-24T20:01:18.282+0000][30.606s][info ][gc,phases   ] GC(40)   Evacuate Collection Set: 10.9ms
[2025-04-24T20:01:18.282+0000][30.606s][info ][gc,phases   ] GC(40)   Post Evacuate Collection Set: 1.9ms
[2025-04-24T20:01:18.282+0000][30.606s][info ][gc,phases   ] GC(40)   Other: 0.3ms
[2025-04-24T20:01:18.282+0000][30.607s][info ][gc,heap     ] GC(40) Eden regions: 167->0(162)
[2025-04-24T20:01:18.282+0000][30.607s][info ][gc,heap     ] GC(40) Survivor regions: 1->5(21)
[2025-04-24T20:01:18.282+0000][30.607s][info ][gc,heap     ] GC(40) Old regions: 76->76
[2025-04-24T20:01:18.282+0000][30.607s][info ][gc,heap     ] GC(40) Archive regions: 2->2
[2025-04-24T20:01:18.282+0000][30.607s][info ][gc,heap     ] GC(40) Humongous regions: 0->0
[2025-04-24T20:01:18.282+0000][30.607s][info ][gc,metaspace] GC(40) Metaspace: 85648K(86208K)->85648K(86208K) NonClass: 74595K(74880K)->74595K(74880K) Class: 11052K(11328K)->11052K(11328K)
[2025-04-24T20:01:18.282+0000][30.607s][info ][gc          ] GC(40) Pause Young (Normal) (G1 Evacuation Pause) 244M->81M(284M) 14.067ms
[2025-04-24T20:01:18.282+0000][30.607s][info ][gc,cpu      ] GC(40) User=0.05s Sys=0.00s Real=0.01s
[2025-04-24T20:01:18.282+0000][30.607s][info ][safepoint   ] Safepoint "G1CollectForAllocation", Time since last: 230437075 ns, Reaching safepoint: 388657 ns, Cleanup: 50210 ns, At safepoint: 14214492 ns, Total: 14653359 ns
[2025-04-24T20:01:19.286+0000][31.610s][debug][safepoint   ] Safepoint synchronization initiated using futex wait barrier. (24 threads)
[2025-04-24T20:01:19.286+0000][31.611s][info ][safepoint   ] Safepoint "Cleanup", Time since last: 1003514027 ns, Reaching safepoint: 205306 ns, Cleanup: 117807 ns, At safepoint: 4524 ns, Total: 327637 ns
[2025-04-24T20:01:19.948+0000][32.273s][debug][safepoint   ] Safepoint synchronization initiated using futex wait barrier. (24 threads)
[2025-04-24T20:01:19.949+0000][32.273s][info ][gc,start    ] GC(41) Pause Young (Normal) (G1 Evacuation Pause)
[2025-04-24T20:01:19.949+0000][32.274s][info ][gc,task     ] GC(41) Using 4 workers of 4 for evacuation
[2025-04-24T20:01:19.960+0000][32.285s][info ][gc,phases   ] GC(41)   Pre Evacuate Collection Set: 0.1ms
[2025-04-24T20:01:19.960+0000][32.285s][info ][gc,phases   ] GC(41)   Merge Heap Roots: 0.1ms
[2025-04-24T20:01:19.960+0000][32.285s][info ][gc,phases   ] GC(41)   Evacuate Collection Set: 9.2ms
[2025-04-24T20:01:19.960+0000][32.285s][info ][gc,phases   ] GC(41)   Post Evacuate Collection Set: 1.7ms
[2025-04-24T20:01:19.960+0000][32.285s][info ][gc,phases   ] GC(41)   Other: 0.3ms
[2025-04-24T20:01:19.960+0000][32.285s][info ][gc,heap     ] GC(41) Eden regions: 162->0(157)
[2025-04-24T20:01:19.960+0000][32.285s][info ][gc,heap     ] GC(41) Survivor regions: 5->9(21)
[2025-04-24T20:01:19.960+0000][32.285s][info ][gc,heap     ] GC(41) Old regions: 76->76
[2025-04-24T20:01:19.960+0000][32.285s][info ][gc,heap     ] GC(41) Archive regions: 2->2
[2025-04-24T20:01:19.960+0000][32.285s][info ][gc,heap     ] GC(41) Humongous regions: 0->0
[2025-04-24T20:01:19.960+0000][32.285s][info ][gc,metaspace] GC(41) Metaspace: 88699K(89280K)->88699K(89280K) NonClass: 77376K(77696K)->77376K(77696K) Class: 11322K(11584K)->11322K(11584K)
[2025-04-24T20:01:19.961+0000][32.285s][info ][gc          ] GC(41) Pause Young (Normal) (G1 Evacuation Pause) 243M->85M(284M) 11.572ms
[2025-04-24T20:01:19.961+0000][32.285s][info ][gc,cpu      ] GC(41) User=0.04s Sys=0.00s Real=0.01s
[2025-04-24T20:01:19.961+0000][32.285s][info ][safepoint   ] Safepoint "G1CollectForAllocation", Time since last: 662173326 ns, Reaching safepoint: 399974 ns, Cleanup: 29298 ns, At safepoint: 11629173 ns, Total: 12058445 ns
[2025-04-24T20:01:21.082+0000][33.406s][debug][safepoint   ] Safepoint synchronization initiated using futex wait barrier. (24 threads)
[2025-04-24T20:01:21.091+0000][33.415s][info ][safepoint   ] Safepoint "Cleanup", Time since last: 1121377919 ns, Reaching safepoint: 2917226 ns, Cleanup: 164707 ns, At safepoint: 5715633 ns, Total: 8797566 ns
[2025-04-24T20:01:21.473+0000][33.797s][debug][safepoint   ] Safepoint synchronization initiated using futex wait barrier. (24 threads)
[2025-04-24T20:01:21.473+0000][33.798s][info ][gc,start    ] GC(42) Pause Young (Normal) (G1 Evacuation Pause)
[2025-04-24T20:01:21.474+0000][33.798s][info ][gc,task     ] GC(42) Using 4 workers of 4 for evacuation
[2025-04-24T20:01:21.500+0000][33.824s][info ][gc,phases   ] GC(42)   Pre Evacuate Collection Set: 0.3ms
[2025-04-24T20:01:21.500+0000][33.824s][info ][gc,phases   ] GC(42)   Merge Heap Roots: 0.2ms
[2025-04-24T20:01:21.500+0000][33.824s][info ][gc,phases   ] GC(42)   Evacuate Collection Set: 22.0ms
[2025-04-24T20:01:21.500+0000][33.824s][info ][gc,phases   ] GC(42)   Post Evacuate Collection Set: 3.4ms
[2025-04-24T20:01:21.500+0000][33.825s][info ][gc,phases   ] GC(42)   Other: 0.3ms
[2025-04-24T20:01:21.500+0000][33.825s][info ][gc,heap     ] GC(42) Eden regions: 157->0(153)
[2025-04-24T20:01:21.500+0000][33.825s][info ][gc,heap     ] GC(42) Survivor regions: 9->12(21)
[2025-04-24T20:01:21.500+0000][33.825s][info ][gc,heap     ] GC(42) Old regions: 76->76
[2025-04-24T20:01:21.500+0000][33.825s][info ][gc,heap     ] GC(42) Archive regions: 2->2
[2025-04-24T20:01:21.500+0000][33.825s][info ][gc,heap     ] GC(42) Humongous regions: 0->0
[2025-04-24T20:01:21.501+0000][33.825s][info ][gc,metaspace] GC(42) Metaspace: 93804K(94400K)->93804K(94400K) NonClass: 81671K(81984K)->81671K(81984K) Class: 12132K(12416K)->12132K(12416K)
[2025-04-24T20:01:21.501+0000][33.825s][info ][gc          ] GC(42) Pause Young (Normal) (G1 Evacuation Pause) 242M->88M(284M) 27.244ms
[2025-04-24T20:01:21.501+0000][33.825s][info ][gc,cpu      ] GC(42) User=0.09s Sys=0.01s Real=0.03s
[2025-04-24T20:01:21.501+0000][33.826s][info ][safepoint   ] Safepoint "G1CollectForAllocation", Time since last: 381916395 ns, Reaching safepoint: 518327 ns, Cleanup: 162278 ns, At safepoint: 28078806 ns, Total: 28759411 ns
[2025-04-24T20:01:22.479+0000][34.804s][debug][safepoint   ] Safepoint synchronization initiated using futex wait barrier. (25 threads)
[2025-04-24T20:01:22.480+0000][34.804s][info ][gc,start    ] GC(43) Pause Young (Normal) (G1 Evacuation Pause)
[2025-04-24T20:01:22.480+0000][34.804s][info ][gc,task     ] GC(43) Using 4 workers of 4 for evacuation
[2025-04-24T20:01:22.496+0000][34.820s][info ][gc,phases   ] GC(43)   Pre Evacuate Collection Set: 0.1ms
[2025-04-24T20:01:22.496+0000][34.820s][info ][gc,phases   ] GC(43)   Merge Heap Roots: 0.1ms
[2025-04-24T20:01:22.496+0000][34.820s][info ][gc,phases   ] GC(43)   Evacuate Collection Set: 14.4ms
[2025-04-24T20:01:22.496+0000][34.820s][info ][gc,phases   ] GC(43)   Post Evacuate Collection Set: 1.3ms
[2025-04-24T20:01:22.496+0000][34.820s][info ][gc,phases   ] GC(43)   Other: 0.1ms
[2025-04-24T20:01:22.496+0000][34.820s][info ][gc,heap     ] GC(43) Eden regions: 153->0(147)
[2025-04-24T20:01:22.496+0000][34.820s][info ][gc,heap     ] GC(43) Survivor regions: 12->13(21)
[2025-04-24T20:01:22.496+0000][34.820s][info ][gc,heap     ] GC(43) Old regions: 76->80
[2025-04-24T20:01:22.496+0000][34.820s][info ][gc,heap     ] GC(43) Archive regions: 2->2
[2025-04-24T20:01:22.496+0000][34.820s][info ][gc,heap     ] GC(43) Humongous regions: 0->0
[2025-04-24T20:01:22.496+0000][34.820s][info ][gc,metaspace] GC(43) Metaspace: 95464K(96000K)->95464K(96000K) NonClass: 82982K(83264K)->82982K(83264K) Class: 12481K(12736K)->12481K(12736K)
[2025-04-24T20:01:22.496+0000][34.820s][info ][gc          ] GC(43) Pause Young (Normal) (G1 Evacuation Pause) 241M->92M(284M) 16.150ms
[2025-04-24T20:01:22.496+0000][34.820s][info ][gc,cpu      ] GC(43) User=0.06s Sys=0.00s Real=0.01s
[2025-04-24T20:01:22.496+0000][34.820s][info ][safepoint   ] Safepoint "G1CollectForAllocation", Time since last: 978073461 ns, Reaching safepoint: 54451 ns, Cleanup: 106465 ns, At safepoint: 16201317 ns, Total: 16362233 ns
[2025-04-24T20:01:23.798+0000][36.122s][debug][safepoint   ] Safepoint synchronization initiated using futex wait barrier. (28 threads)
[2025-04-24T20:01:23.798+0000][36.122s][info ][gc,start    ] GC(44) Pause Young (Normal) (G1 Evacuation Pause)
[2025-04-24T20:01:23.798+0000][36.122s][info ][gc,task     ] GC(44) Using 4 workers of 4 for evacuation
[2025-04-24T20:01:23.828+0000][36.152s][info ][gc,phases   ] GC(44)   Pre Evacuate Collection Set: 0.1ms
[2025-04-24T20:01:23.828+0000][36.152s][info ][gc,phases   ] GC(44)   Merge Heap Roots: 0.2ms
[2025-04-24T20:01:23.828+0000][36.152s][info ][gc,phases   ] GC(44)   Evacuate Collection Set: 25.9ms
[2025-04-24T20:01:23.828+0000][36.152s][info ][gc,phases   ] GC(44)   Post Evacuate Collection Set: 3.4ms
[2025-04-24T20:01:23.828+0000][36.152s][info ][gc,phases   ] GC(44)   Other: 0.2ms
[2025-04-24T20:01:23.828+0000][36.152s][info ][gc,heap     ] GC(44) Eden regions: 147->0(148)
[2025-04-24T20:01:23.828+0000][36.152s][info ][gc,heap     ] GC(44) Survivor regions: 13->10(20)
[2025-04-24T20:01:23.828+0000][36.152s][info ][gc,heap     ] GC(44) Old regions: 80->84
[2025-04-24T20:01:23.828+0000][36.152s][info ][gc,heap     ] GC(44) Archive regions: 2->2
[2025-04-24T20:01:23.828+0000][36.152s][info ][gc,heap     ] GC(44) Humongous regions: 0->0
[2025-04-24T20:01:23.828+0000][36.152s][info ][gc,metaspace] GC(44) Metaspace: 102032K(102592K)->102032K(102592K) NonClass: 88697K(88960K)->88697K(88960K) Class: 13335K(13632K)->13335K(13632K)
[2025-04-24T20:01:23.828+0000][36.152s][info ][gc          ] GC(44) Pause Young (Normal) (G1 Evacuation Pause) 239M->94M(284M) 30.007ms
[2025-04-24T20:01:23.828+0000][36.152s][info ][gc,cpu      ] GC(44) User=0.11s Sys=0.00s Real=0.03s
[2025-04-24T20:01:23.828+0000][36.152s][info ][safepoint   ] Safepoint "G1CollectForAllocation", Time since last: 1301772381 ns, Reaching safepoint: 59397 ns, Cleanup: 132263 ns, At safepoint: 30086841 ns, Total: 30278501 ns
[2025-04-24T20:01:24.890+0000][37.214s][debug][safepoint   ] Safepoint synchronization initiated using futex wait barrier. (28 threads)
[2025-04-24T20:01:24.891+0000][37.216s][debug][safepoint   ] ... found polling page loop exception at pc = 0x000075a55d2243bd, stub =0x000075a55c98e400
[2025-04-24T20:01:24.892+0000][37.216s][info ][safepoint   ] Safepoint "Cleanup", Time since last: 1061876521 ns, Reaching safepoint: 1940354 ns, Cleanup: 75359 ns, At safepoint: 8710 ns, Total: 2024423 ns
[2025-04-24T20:01:25.255+0000][37.579s][debug][safepoint   ] Safepoint synchronization initiated using futex wait barrier. (28 threads)
[2025-04-24T20:01:25.255+0000][37.579s][info ][gc,start    ] GC(45) Pause Young (Normal) (G1 Evacuation Pause)
[2025-04-24T20:01:25.255+0000][37.579s][info ][gc,task     ] GC(45) Using 4 workers of 4 for evacuation
[2025-04-24T20:01:25.286+0000][37.611s][info ][gc,phases   ] GC(45)   Pre Evacuate Collection Set: 0.1ms
[2025-04-24T20:01:25.286+0000][37.611s][info ][gc,phases   ] GC(45)   Merge Heap Roots: 0.2ms
[2025-04-24T20:01:25.286+0000][37.611s][info ][gc,phases   ] GC(45)   Evacuate Collection Set: 26.9ms
[2025-04-24T20:01:25.286+0000][37.611s][info ][gc,phases   ] GC(45)   Post Evacuate Collection Set: 3.8ms
[2025-04-24T20:01:25.286+0000][37.611s][info ][gc,phases   ] GC(45)   Other: 0.1ms
[2025-04-24T20:01:25.286+0000][37.611s][info ][gc,heap     ] GC(45) Eden regions: 148->0(145)
[2025-04-24T20:01:25.286+0000][37.611s][info ][gc,heap     ] GC(45) Survivor regions: 10->12(20)
[2025-04-24T20:01:25.286+0000][37.611s][info ][gc,heap     ] GC(45) Old regions: 84->84
[2025-04-24T20:01:25.286+0000][37.611s][info ][gc,heap     ] GC(45) Archive regions: 2->2
[2025-04-24T20:01:25.286+0000][37.611s][info ][gc,heap     ] GC(45) Humongous regions: 0->0
[2025-04-24T20:01:25.286+0000][37.611s][info ][gc,metaspace] GC(45) Metaspace: 105828K(106432K)->105828K(106432K) NonClass: 91990K(92288K)->91990K(92288K) Class: 13837K(14144K)->13837K(14144K)
[2025-04-24T20:01:25.286+0000][37.611s][info ][gc          ] GC(45) Pause Young (Normal) (G1 Evacuation Pause) 242M->96M(284M) 31.462ms
[2025-04-24T20:01:25.286+0000][37.611s][info ][gc,cpu      ] GC(45) User=0.10s Sys=0.00s Real=0.03s
[2025-04-24T20:01:25.290+0000][37.614s][info ][safepoint   ] Safepoint "G1CollectForAllocation", Time since last: 362984447 ns, Reaching safepoint: 62600 ns, Cleanup: 50432 ns, At safepoint: 34838413 ns, Total: 34951445 ns
[2025-04-24T20:01:26.291+0000][38.615s][debug][safepoint   ] Safepoint synchronization initiated using futex wait barrier. (31 threads)
[2025-04-24T20:01:26.291+0000][38.616s][info ][safepoint   ] Safepoint "Cleanup", Time since last: 1000921646 ns, Reaching safepoint: 521771 ns, Cleanup: 80523 ns, At safepoint: 15464 ns, Total: 617758 ns
[2025-04-24T20:01:27.024+0000][39.349s][debug][safepoint   ] Safepoint synchronization initiated using futex wait barrier. (37 threads)
[2025-04-24T20:01:27.025+0000][39.349s][info ][gc,start    ] GC(46) Pause Young (Normal) (G1 Evacuation Pause)
[2025-04-24T20:01:27.025+0000][39.349s][info ][gc,task     ] GC(46) Using 4 workers of 4 for evacuation
[2025-04-24T20:01:27.050+0000][39.374s][info ][gc,phases   ] GC(46)   Pre Evacuate Collection Set: 0.1ms
[2025-04-24T20:01:27.050+0000][39.375s][info ][gc,phases   ] GC(46)   Merge Heap Roots: 0.1ms
[2025-04-24T20:01:27.050+0000][39.375s][info ][gc,phases   ] GC(46)   Evacuate Collection Set: 22.6ms
[2025-04-24T20:01:27.050+0000][39.375s][info ][gc,phases   ] GC(46)   Post Evacuate Collection Set: 2.5ms
[2025-04-24T20:01:27.050+0000][39.375s][info ][gc,phases   ] GC(46)   Other: 0.1ms
[2025-04-24T20:01:27.050+0000][39.375s][info ][gc,heap     ] GC(46) Eden regions: 145->0(138)
[2025-04-24T20:01:27.050+0000][39.375s][info ][gc,heap     ] GC(46) Survivor regions: 12->14(20)
[2025-04-24T20:01:27.050+0000][39.375s][info ][gc,heap     ] GC(46) Old regions: 84->87
[2025-04-24T20:01:27.050+0000][39.375s][info ][gc,heap     ] GC(46) Archive regions: 2->2
[2025-04-24T20:01:27.050+0000][39.375s][info ][gc,heap     ] GC(46) Humongous regions: 0->0
[2025-04-24T20:01:27.050+0000][39.375s][info ][gc,metaspace] GC(46) Metaspace: 108223K(108864K)->108223K(108864K) NonClass: 94197K(94528K)->94197K(94528K) Class: 14025K(14336K)->14025K(14336K)
[2025-04-24T20:01:27.050+0000][39.375s][info ][gc          ] GC(46) Pause Young (Normal) (G1 Evacuation Pause) 241M->101M(284M) 25.570ms
[2025-04-24T20:01:27.050+0000][39.375s][info ][gc,cpu      ] GC(46) User=0.08s Sys=0.00s Real=0.03s
[2025-04-24T20:01:27.052+0000][39.377s][info ][safepoint   ] Safepoint "G1CollectForAllocation", Time since last: 733137426 ns, Reaching safepoint: 69640 ns, Cleanup: 83973 ns, At safepoint: 27666386 ns, Total: 27819999 ns
[2025-04-24T20:01:28.159+0000][40.484s][debug][safepoint   ] Safepoint synchronization initiated using futex wait barrier. (38 threads)
[2025-04-24T20:01:28.160+0000][40.484s][info ][safepoint   ] Safepoint "Cleanup", Time since last: 1107166621 ns, Reaching safepoint: 57063 ns, Cleanup: 96625 ns, At safepoint: 392283 ns, Total: 545971 ns
[2025-04-24T20:01:28.410+0000][40.735s][debug][safepoint   ] Safepoint synchronization initiated using futex wait barrier. (38 threads)
[2025-04-24T20:01:28.411+0000][40.735s][info ][gc,start    ] GC(47) Pause Young (Normal) (G1 Evacuation Pause)
[2025-04-24T20:01:28.411+0000][40.735s][info ][gc,task     ] GC(47) Using 4 workers of 4 for evacuation
[2025-04-24T20:01:28.438+0000][40.763s][info ][gc,phases   ] GC(47)   Pre Evacuate Collection Set: 0.3ms
[2025-04-24T20:01:28.438+0000][40.763s][info ][gc,phases   ] GC(47)   Merge Heap Roots: 0.3ms
[2025-04-24T20:01:28.438+0000][40.763s][info ][gc,phases   ] GC(47)   Evacuate Collection Set: 24.6ms
[2025-04-24T20:01:28.438+0000][40.763s][info ][gc,phases   ] GC(47)   Post Evacuate Collection Set: 1.9ms
[2025-04-24T20:01:28.438+0000][40.763s][info ][gc,phases   ] GC(47)   Other: 0.2ms
[2025-04-24T20:01:28.438+0000][40.763s][info ][gc,heap     ] GC(47) Eden regions: 138->0(138)
[2025-04-24T20:01:28.438+0000][40.763s][info ][gc,heap     ] GC(47) Survivor regions: 14->11(19)
[2025-04-24T20:01:28.438+0000][40.763s][info ][gc,heap     ] GC(47) Old regions: 87->93
[2025-04-24T20:01:28.438+0000][40.763s][info ][gc,heap     ] GC(47) Archive regions: 2->2
[2025-04-24T20:01:28.438+0000][40.763s][info ][gc,heap     ] GC(47) Humongous regions: 0->0
[2025-04-24T20:01:28.438+0000][40.763s][info ][gc,metaspace] GC(47) Metaspace: 111855K(112448K)->111855K(112448K) NonClass: 97419K(97728K)->97419K(97728K) Class: 14435K(14720K)->14435K(14720K)
[2025-04-24T20:01:28.438+0000][40.763s][info ][gc          ] GC(47) Pause Young (Normal) (G1 Evacuation Pause) 239M->103M(284M) 27.414ms
[2025-04-24T20:01:28.438+0000][40.763s][info ][gc,cpu      ] GC(47) User=0.09s Sys=0.00s Real=0.03s
[2025-04-24T20:01:28.438+0000][40.763s][info ][safepoint   ] Safepoint "G1CollectForAllocation", Time since last: 250514554 ns, Reaching safepoint: 200500 ns, Cleanup: 36502 ns, At safepoint: 27713082 ns, Total: 27950084 ns
[2025-04-24T20:01:29.290+0000][41.614s][debug][safepoint   ] Safepoint synchronization initiated using futex wait barrier. (38 threads)
[2025-04-24T20:01:29.290+0000][41.614s][info ][safepoint   ] Safepoint "ICBufferFull", Time since last: 851108389 ns, Reaching safepoint: 58568 ns, Cleanup: 149539 ns, At safepoint: 5226 ns, Total: 213333 ns
[2025-04-24T20:01:29.727+0000][42.051s][debug][safepoint   ] Safepoint synchronization initiated using futex wait barrier. (38 threads)
[2025-04-24T20:01:29.730+0000][42.055s][info ][safepoint   ] Safepoint "ICBufferFull", Time since last: 437190635 ns, Reaching safepoint: 1012604 ns, Cleanup: 150496 ns, At safepoint: 2021179 ns, Total: 3184279 ns
[2025-04-24T20:01:30.307+0000][42.631s][debug][safepoint   ] Safepoint synchronization initiated using futex wait barrier. (39 threads)
[2025-04-24T20:01:30.307+0000][42.632s][info ][gc,start    ] GC(48) Pause Young (Normal) (G1 Evacuation Pause)
[2025-04-24T20:01:30.307+0000][42.632s][info ][gc,task     ] GC(48) Using 4 workers of 4 for evacuation
[2025-04-24T20:01:30.326+0000][42.650s][info ][gc,phases   ] GC(48)   Pre Evacuate Collection Set: 0.1ms
[2025-04-24T20:01:30.326+0000][42.650s][info ][gc,phases   ] GC(48)   Merge Heap Roots: 0.2ms
[2025-04-24T20:01:30.326+0000][42.651s][info ][gc,phases   ] GC(48)   Evacuate Collection Set: 15.6ms
[2025-04-24T20:01:30.326+0000][42.651s][info ][gc,phases   ] GC(48)   Post Evacuate Collection Set: 2.9ms
[2025-04-24T20:01:30.326+0000][42.651s][info ][gc,phases   ] GC(48)   Other: 0.1ms
[2025-04-24T20:01:30.326+0000][42.651s][info ][gc,heap     ] GC(48) Eden regions: 138->0(132)
[2025-04-24T20:01:30.326+0000][42.651s][info ][gc,heap     ] GC(48) Survivor regions: 11->14(19)
[2025-04-24T20:01:30.326+0000][42.651s][info ][gc,heap     ] GC(48) Old regions: 93->93
[2025-04-24T20:01:30.326+0000][42.651s][info ][gc,heap     ] GC(48) Archive regions: 2->2
[2025-04-24T20:01:30.326+0000][42.651s][info ][gc,heap     ] GC(48) Humongous regions: 0->0
[2025-04-24T20:01:30.326+0000][42.651s][info ][gc,metaspace] GC(48) Metaspace: 116357K(117056K)->116357K(117056K) NonClass: 101462K(101824K)->101462K(101824K) Class: 14894K(15232K)->14894K(15232K)
[2025-04-24T20:01:30.326+0000][42.651s][info ][gc          ] GC(48) Pause Young (Normal) (G1 Evacuation Pause) 241M->106M(284M) 19.049ms
[2025-04-24T20:01:30.326+0000][42.651s][info ][gc,cpu      ] GC(48) User=0.07s Sys=0.00s Real=0.02s
[2025-04-24T20:01:30.326+0000][42.651s][info ][safepoint   ] Safepoint "G1CollectForAllocation", Time since last: 576756404 ns, Reaching safepoint: 44288 ns, Cleanup: 148029 ns, At safepoint: 19120745 ns, Total: 19313062 ns
[2025-04-24T20:01:31.629+0000][43.953s][debug][safepoint   ] Safepoint synchronization initiated using futex wait barrier. (41 threads)
[2025-04-24T20:01:31.629+0000][43.954s][info ][safepoint   ] Safepoint "Cleanup", Time since last: 1302666992 ns, Reaching safepoint: 68478 ns, Cleanup: 126723 ns, At safepoint: 430607 ns, Total: 625808 ns
[2025-04-24T20:01:31.862+0000][44.187s][debug][safepoint   ] Safepoint synchronization initiated using futex wait barrier. (41 threads)
[2025-04-24T20:01:31.862+0000][44.187s][info ][gc,start    ] GC(49) Pause Young (Normal) (G1 Evacuation Pause)
[2025-04-24T20:01:31.862+0000][44.187s][info ][gc,task     ] GC(49) Using 4 workers of 4 for evacuation
[2025-04-24T20:01:31.888+0000][44.212s][info ][gc,phases   ] GC(49)   Pre Evacuate Collection Set: 0.2ms
[2025-04-24T20:01:31.888+0000][44.212s][info ][gc,phases   ] GC(49)   Merge Heap Roots: 0.2ms
[2025-04-24T20:01:31.888+0000][44.212s][info ][gc,phases   ] GC(49)   Evacuate Collection Set: 23.0ms
[2025-04-24T20:01:31.888+0000][44.212s][info ][gc,phases   ] GC(49)   Post Evacuate Collection Set: 2.0ms
[2025-04-24T20:01:31.888+0000][44.212s][info ][gc,phases   ] GC(49)   Other: 0.1ms
[2025-04-24T20:01:31.888+0000][44.212s][info ][gc,heap     ] GC(49) Eden regions: 132->0(131)
[2025-04-24T20:01:31.888+0000][44.212s][info ][gc,heap     ] GC(49) Survivor regions: 14->11(19)
[2025-04-24T20:01:31.888+0000][44.212s][info ][gc,heap     ] GC(49) Old regions: 93->99
[2025-04-24T20:01:31.888+0000][44.212s][info ][gc,heap     ] GC(49) Archive regions: 2->2
[2025-04-24T20:01:31.888+0000][44.212s][info ][gc,heap     ] GC(49) Humongous regions: 0->0
[2025-04-24T20:01:31.888+0000][44.212s][info ][gc,metaspace] GC(49) Metaspace: 124074K(125056K)->124074K(125056K) NonClass: 108186K(108736K)->108186K(108736K) Class: 15888K(16320K)->15888K(16320K)
[2025-04-24T20:01:31.888+0000][44.212s][info ][gc          ] GC(49) Pause Young (Normal) (G1 Evacuation Pause) 238M->110M(284M) 25.577ms
[2025-04-24T20:01:31.888+0000][44.212s][info ][gc,cpu      ] GC(49) User=0.10s Sys=0.00s Real=0.03s
[2025-04-24T20:01:31.888+0000][44.213s][info ][safepoint   ] Safepoint "G1CollectForAllocation", Time since last: 232818064 ns, Reaching safepoint: 48940 ns, Cleanup: 16798 ns, At safepoint: 25687356 ns, Total: 25753094 ns
[2025-04-24T20:01:32.812+0000][45.137s][debug][safepoint   ] Safepoint synchronization initiated using futex wait barrier. (49 threads)
[2025-04-24T20:01:32.812+0000][45.137s][info ][gc,start    ] GC(50) Pause Young (Normal) (G1 Evacuation Pause)
[2025-04-24T20:01:32.812+0000][45.137s][info ][gc,task     ] GC(50) Using 4 workers of 4 for evacuation
[2025-04-24T20:01:32.828+0000][45.153s][info ][gc,phases   ] GC(50)   Pre Evacuate Collection Set: 0.2ms
[2025-04-24T20:01:32.828+0000][45.153s][info ][gc,phases   ] GC(50)   Merge Heap Roots: 0.3ms
[2025-04-24T20:01:32.828+0000][45.153s][info ][gc,phases   ] GC(50)   Evacuate Collection Set: 13.8ms
[2025-04-24T20:01:32.828+0000][45.153s][info ][gc,phases   ] GC(50)   Post Evacuate Collection Set: 1.4ms
[2025-04-24T20:01:32.828+0000][45.153s][info ][gc,phases   ] GC(50)   Other: 0.1ms
[2025-04-24T20:01:32.828+0000][45.153s][info ][gc,heap     ] GC(50) Eden regions: 131->0(127)
[2025-04-24T20:01:32.828+0000][45.153s][info ][gc,heap     ] GC(50) Survivor regions: 11->12(18)
[2025-04-24T20:01:32.828+0000][45.153s][info ][gc,heap     ] GC(50) Old regions: 99->102
[2025-04-24T20:01:32.828+0000][45.153s][info ][gc,heap     ] GC(50) Archive regions: 2->2
[2025-04-24T20:01:32.828+0000][45.153s][info ][gc,heap     ] GC(50) Humongous regions: 1->0
[2025-04-24T20:01:32.828+0000][45.153s][info ][gc,metaspace] GC(50) Metaspace: 127870K(128832K)->127870K(128832K) NonClass: 111756K(112256K)->111756K(112256K) Class: 16113K(16576K)->16113K(16576K)
[2025-04-24T20:01:32.828+0000][45.153s][info ][gc          ] GC(50) Pause Young (Normal) (G1 Evacuation Pause) 242M->113M(284M) 15.972ms
[2025-04-24T20:01:32.828+0000][45.153s][info ][gc,cpu      ] GC(50) User=0.06s Sys=0.00s Real=0.02s
[2025-04-24T20:01:32.828+0000][45.153s][info ][safepoint   ] Safepoint "G1CollectForAllocation", Time since last: 923991878 ns, Reaching safepoint: 91622 ns, Cleanup: 82248 ns, At safepoint: 16052249 ns, Total: 16226119 ns
[2025-04-24T20:01:33.631+0000][45.955s][debug][safepoint   ] Safepoint synchronization initiated using futex wait barrier. (50 threads)
[2025-04-24T20:01:33.631+0000][45.955s][info ][gc,start    ] GC(51) Pause Young (Normal) (G1 Evacuation Pause)
[2025-04-24T20:01:33.631+0000][45.955s][info ][gc,task     ] GC(51) Using 4 workers of 4 for evacuation
[2025-04-24T20:01:33.661+0000][45.985s][info ][gc,phases   ] GC(51)   Pre Evacuate Collection Set: 0.1ms
[2025-04-24T20:01:33.661+0000][45.985s][info ][gc,phases   ] GC(51)   Merge Heap Roots: 0.2ms
[2025-04-24T20:01:33.661+0000][45.985s][info ][gc,phases   ] GC(51)   Evacuate Collection Set: 27.0ms
[2025-04-24T20:01:33.661+0000][45.985s][info ][gc,phases   ] GC(51)   Post Evacuate Collection Set: 2.5ms
[2025-04-24T20:01:33.661+0000][45.985s][info ][gc,phases   ] GC(51)   Other: 0.1ms
[2025-04-24T20:01:33.661+0000][45.985s][info ][gc,heap     ] GC(51) Eden regions: 127->0(126)
[2025-04-24T20:01:33.661+0000][45.985s][info ][gc,heap     ] GC(51) Survivor regions: 12->11(18)
[2025-04-24T20:01:33.661+0000][45.985s][info ][gc,heap     ] GC(51) Old regions: 102->105
[2025-04-24T20:01:33.661+0000][45.985s][info ][gc,heap     ] GC(51) Archive regions: 2->2
[2025-04-24T20:01:33.661+0000][45.985s][info ][gc,heap     ] GC(51) Humongous regions: 0->0
[2025-04-24T20:01:33.661+0000][45.985s][info ][gc,metaspace] GC(51) Metaspace: 129084K(130112K)->129084K(130112K) NonClass: 112817K(113344K)->112817K(113344K) Class: 16267K(16768K)->16267K(16768K)
[2025-04-24T20:01:33.661+0000][45.986s][info ][gc          ] GC(51) Pause Young (Normal) (G1 Evacuation Pause) 240M->115M(284M) 30.051ms
[2025-04-24T20:01:33.661+0000][45.986s][info ][gc,cpu      ] GC(51) User=0.12s Sys=0.00s Real=0.03s
[2025-04-24T20:01:33.661+0000][45.986s][info ][safepoint   ] Safepoint "G1CollectForAllocation", Time since last: 802579978 ns, Reaching safepoint: 56972 ns, Cleanup: 77570 ns, At safepoint: 30191161 ns, Total: 30325703 ns
[2025-04-24T20:01:34.104+0000][46.428s][debug][safepoint   ] Safepoint synchronization initiated using futex wait barrier. (53 threads)
[2025-04-24T20:01:34.104+0000][46.428s][info ][gc,start    ] GC(52) Pause Young (Concurrent Start) (Metadata GC Threshold)
[2025-04-24T20:01:34.104+0000][46.428s][info ][gc,task     ] GC(52) Using 4 workers of 4 for evacuation
[2025-04-24T20:01:34.118+0000][46.442s][info ][gc,phases   ] GC(52)   Pre Evacuate Collection Set: 0.1ms
[2025-04-24T20:01:34.118+0000][46.442s][info ][gc,phases   ] GC(52)   Merge Heap Roots: 0.1ms
[2025-04-24T20:01:34.118+0000][46.442s][info ][gc,phases   ] GC(52)   Evacuate Collection Set: 11.8ms
[2025-04-24T20:01:34.118+0000][46.442s][info ][gc,phases   ] GC(52)   Post Evacuate Collection Set: 1.5ms
[2025-04-24T20:01:34.118+0000][46.442s][info ][gc,phases   ] GC(52)   Other: 0.1ms
[2025-04-24T20:01:34.118+0000][46.442s][info ][gc,heap     ] GC(52) Eden regions: 77->0(127)
[2025-04-24T20:01:34.118+0000][46.442s][info ][gc,heap     ] GC(52) Survivor regions: 11->7(18)
[2025-04-24T20:01:34.118+0000][46.442s][info ][gc,heap     ] GC(52) Old regions: 105->110
[2025-04-24T20:01:34.118+0000][46.442s][info ][gc,heap     ] GC(52) Archive regions: 2->2
[2025-04-24T20:01:34.118+0000][46.442s][info ][gc,heap     ] GC(52) Humongous regions: 0->0
[2025-04-24T20:01:34.118+0000][46.442s][info ][gc,metaspace] GC(52) Metaspace: 131103K(132096K)->131103K(132096K) NonClass: 114610K(115136K)->114610K(115136K) Class: 16493K(16960K)->16493K(16960K)
[2025-04-24T20:01:34.118+0000][46.442s][info ][gc          ] GC(52) Pause Young (Concurrent Start) (Metadata GC Threshold) 192M->117M(284M) 13.814ms
[2025-04-24T20:01:34.118+0000][46.442s][info ][gc,cpu      ] GC(52) User=0.04s Sys=0.00s Real=0.01s
[2025-04-24T20:01:34.118+0000][46.442s][info ][gc          ] GC(53) Concurrent Mark Cycle
[2025-04-24T20:01:34.118+0000][46.442s][info ][gc,marking  ] GC(53) Concurrent Clear Claimed Marks
[2025-04-24T20:01:34.118+0000][46.442s][info ][safepoint   ] Safepoint "CollectForMetadataAllocation", Time since last: 442570716 ns, Reaching safepoint: 36612 ns, Cleanup: 60375 ns, At safepoint: 13926554 ns, Total: 14023541 ns
[2025-04-24T20:01:34.118+0000][46.442s][info ][gc,marking  ] GC(53) Concurrent Clear Claimed Marks 0.102ms
[2025-04-24T20:01:34.118+0000][46.442s][info ][gc,marking  ] GC(53) Concurrent Scan Root Regions
[2025-04-24T20:01:34.135+0000][46.459s][info ][gc,marking  ] GC(53) Concurrent Scan Root Regions 16.950ms
[2025-04-24T20:01:34.135+0000][46.459s][info ][gc,marking  ] GC(53) Concurrent Mark
[2025-04-24T20:01:34.135+0000][46.459s][info ][gc,marking  ] GC(53) Concurrent Mark From Roots
[2025-04-24T20:01:34.135+0000][46.459s][info ][gc,task     ] GC(53) Using 1 workers of 1 for marking
[2025-04-24T20:01:34.166+0000][46.490s][debug][safepoint   ] Safepoint synchronization initiated using futex wait barrier. (53 threads)
[2025-04-24T20:01:34.166+0000][46.490s][info ][safepoint   ] Safepoint "CollectForMetadataAllocation", Time since last: 47904012 ns, Reaching safepoint: 59524 ns, Cleanup: 10226 ns, At safepoint: 28784 ns, Total: 98534 ns
[2025-04-24T20:01:34.214+0000][46.539s][debug][safepoint   ] Safepoint synchronization initiated using futex wait barrier. (53 threads)
[2025-04-24T20:01:34.214+0000][46.539s][info ][safepoint   ] Safepoint "CollectForMetadataAllocation", Time since last: 48311343 ns, Reaching safepoint: 99145 ns, Cleanup: 8521 ns, At safepoint: 34431 ns, Total: 142097 ns
[2025-04-24T20:01:34.268+0000][46.593s][debug][safepoint   ] Safepoint synchronization initiated using futex wait barrier. (53 threads)
[2025-04-24T20:01:34.268+0000][46.593s][info ][safepoint   ] Safepoint "CollectForMetadataAllocation", Time since last: 54156078 ns, Reaching safepoint: 47668 ns, Cleanup: 2895 ns, At safepoint: 27264 ns, Total: 77827 ns
[2025-04-24T20:01:34.306+0000][46.631s][info ][gc,marking  ] GC(53) Concurrent Mark From Roots 171.158ms
[2025-04-24T20:01:34.306+0000][46.631s][info ][gc,marking  ] GC(53) Concurrent Preclean
[2025-04-24T20:01:34.306+0000][46.631s][info ][gc,marking  ] GC(53) Concurrent Preclean 0.220ms
[2025-04-24T20:01:34.306+0000][46.631s][debug][safepoint   ] Safepoint synchronization initiated using futex wait barrier. (53 threads)
[2025-04-24T20:01:34.306+0000][46.631s][info ][gc,start    ] GC(53) Pause Remark
[2025-04-24T20:01:34.314+0000][46.638s][info ][gc          ] GC(53) Pause Remark 171M->171M(289M) 7.489ms
[2025-04-24T20:01:34.314+0000][46.638s][info ][gc,cpu      ] GC(53) User=0.03s Sys=0.00s Real=0.01s
[2025-04-24T20:01:34.314+0000][46.638s][info ][safepoint   ] Safepoint "G1PauseRemark", Time since last: 37878093 ns, Reaching safepoint: 83252 ns, Cleanup: 1940 ns, At safepoint: 7565685 ns, Total: 7650877 ns
[2025-04-24T20:01:34.314+0000][46.638s][info ][gc,marking  ] GC(53) Concurrent Mark 179.143ms
[2025-04-24T20:01:34.314+0000][46.638s][info ][gc,marking  ] GC(53) Concurrent Rebuild Remembered Sets
[2025-04-24T20:01:34.405+0000][46.729s][info ][gc,marking  ] GC(53) Concurrent Rebuild Remembered Sets 90.879ms
[2025-04-24T20:01:34.405+0000][46.729s][debug][safepoint   ] Safepoint synchronization initiated using futex wait barrier. (53 threads)
[2025-04-24T20:01:34.405+0000][46.730s][info ][gc,start    ] GC(53) Pause Cleanup
[2025-04-24T20:01:34.405+0000][46.730s][info ][gc          ] GC(53) Pause Cleanup 200M->200M(289M) 0.152ms
[2025-04-24T20:01:34.405+0000][46.730s][info ][gc,cpu      ] GC(53) User=0.00s Sys=0.00s Real=0.00s
[2025-04-24T20:01:34.405+0000][46.730s][info ][safepoint   ] Safepoint "G1PauseCleanup", Time since last: 91018275 ns, Reaching safepoint: 25741 ns, Cleanup: 2923 ns, At safepoint: 201213 ns, Total: 229877 ns
[2025-04-24T20:01:34.405+0000][46.730s][info ][gc,marking  ] GC(53) Concurrent Cleanup for Next Mark
[2025-04-24T20:01:34.406+0000][46.731s][info ][gc,marking  ] GC(53) Concurrent Cleanup for Next Mark 0.814ms
[2025-04-24T20:01:34.406+0000][46.731s][info ][gc          ] GC(53) Concurrent Mark Cycle 288.405ms
[2025-04-24T20:01:34.547+0000][46.872s][debug][safepoint   ] Safepoint synchronization initiated using futex wait barrier. (54 threads)
[2025-04-24T20:01:34.547+0000][46.872s][info ][gc,start    ] GC(54) Pause Young (Prepare Mixed) (G1 Evacuation Pause)
[2025-04-24T20:01:34.547+0000][46.872s][info ][gc,task     ] GC(54) Using 4 workers of 4 for evacuation
[2025-04-24T20:01:34.560+0000][46.885s][info ][gc,phases   ] GC(54)   Pre Evacuate Collection Set: 0.1ms
[2025-04-24T20:01:34.560+0000][46.885s][info ][gc,phases   ] GC(54)   Merge Heap Roots: 0.3ms
[2025-04-24T20:01:34.560+0000][46.885s][info ][gc,phases   ] GC(54)   Evacuate Collection Set: 10.8ms
[2025-04-24T20:01:34.560+0000][46.885s][info ][gc,phases   ] GC(54)   Post Evacuate Collection Set: 1.6ms
[2025-04-24T20:01:34.560+0000][46.885s][info ][gc,phases   ] GC(54)   Other: 0.1ms
[2025-04-24T20:01:34.560+0000][46.885s][info ][gc,heap     ] GC(54) Eden regions: 127->0(6)
[2025-04-24T20:01:34.560+0000][46.885s][info ][gc,heap     ] GC(54) Survivor regions: 7->8(17)
[2025-04-24T20:01:34.560+0000][46.885s][info ][gc,heap     ] GC(54) Old regions: 110->110
[2025-04-24T20:01:34.560+0000][46.885s][info ][gc,heap     ] GC(54) Archive regions: 2->2
[2025-04-24T20:01:34.560+0000][46.885s][info ][gc,heap     ] GC(54) Humongous regions: 0->0
[2025-04-24T20:01:34.560+0000][46.885s][info ][gc,metaspace] GC(54) Metaspace: 133795K(134784K)->133795K(134784K) NonClass: 116898K(117440K)->116898K(117440K) Class: 16896K(17344K)->16896K(17344K)
[2025-04-24T20:01:34.560+0000][46.885s][info ][gc          ] GC(54) Pause Young (Prepare Mixed) (G1 Evacuation Pause) 244M->118M(289M) 13.015ms
[2025-04-24T20:01:34.561+0000][46.885s][info ][gc,cpu      ] GC(54) User=0.05s Sys=0.00s Real=0.02s
[2025-04-24T20:01:34.561+0000][46.885s][info ][safepoint   ] Safepoint "G1CollectForAllocation", Time since last: 142157447 ns, Reaching safepoint: 57151 ns, Cleanup: 14005 ns, At safepoint: 13083624 ns, Total: 13154780 ns
[2025-04-24T20:01:34.594+0000][46.919s][debug][safepoint   ] Safepoint synchronization initiated using futex wait barrier. (54 threads)
[2025-04-24T20:01:34.594+0000][46.919s][info ][gc,start    ] GC(55) Pause Young (Mixed) (G1 Evacuation Pause)
[2025-04-24T20:01:34.594+0000][46.919s][info ][gc,task     ] GC(55) Using 4 workers of 4 for evacuation
[2025-04-24T20:01:34.607+0000][46.932s][info ][gc,phases   ] GC(55)   Pre Evacuate Collection Set: 0.1ms
[2025-04-24T20:01:34.607+0000][46.932s][info ][gc,phases   ] GC(55)   Merge Heap Roots: 0.2ms
[2025-04-24T20:01:34.607+0000][46.932s][info ][gc,phases   ] GC(55)   Evacuate Collection Set: 11.2ms
[2025-04-24T20:01:34.607+0000][46.932s][info ][gc,phases   ] GC(55)   Post Evacuate Collection Set: 1.1ms
[2025-04-24T20:01:34.607+0000][46.932s][info ][gc,phases   ] GC(55)   Other: 0.1ms
[2025-04-24T20:01:34.607+0000][46.932s][info ][gc,heap     ] GC(55) Eden regions: 6->0(132)
[2025-04-24T20:01:34.607+0000][46.932s][info ][gc,heap     ] GC(55) Survivor regions: 8->2(2)
[2025-04-24T20:01:34.607+0000][46.932s][info ][gc,heap     ] GC(55) Old regions: 110->115
[2025-04-24T20:01:34.607+0000][46.932s][info ][gc,heap     ] GC(55) Archive regions: 2->2
[2025-04-24T20:01:34.607+0000][46.932s][info ][gc,heap     ] GC(55) Humongous regions: 0->0
[2025-04-24T20:01:34.607+0000][46.932s][info ][gc,metaspace] GC(55) Metaspace: 133889K(134912K)->133889K(134912K) NonClass: 116991K(117504K)->116991K(117504K) Class: 16898K(17408K)->16898K(17408K)
[2025-04-24T20:01:34.607+0000][46.932s][info ][gc          ] GC(55) Pause Young (Mixed) (G1 Evacuation Pause) 124M->116M(289M) 12.812ms
[2025-04-24T20:01:34.607+0000][46.932s][info ][gc,cpu      ] GC(55) User=0.05s Sys=0.00s Real=0.01s
[2025-04-24T20:01:34.607+0000][46.932s][info ][safepoint   ] Safepoint "G1CollectForAllocation", Time since last: 33785958 ns, Reaching safepoint: 59931 ns, Cleanup: 10211 ns, At safepoint: 12884026 ns, Total: 12954168 ns
[2025-04-24T20:01:35.533+0000][47.857s][debug][safepoint   ] Safepoint synchronization initiated using futex wait barrier. (54 threads)
[2025-04-24T20:01:35.533+0000][47.857s][info ][gc,start    ] GC(56) Pause Young (Concurrent Start) (G1 Evacuation Pause)
[2025-04-24T20:01:35.533+0000][47.857s][info ][gc,task     ] GC(56) Using 4 workers of 4 for evacuation
[2025-04-24T20:01:35.553+0000][47.878s][info ][gc,phases   ] GC(56)   Pre Evacuate Collection Set: 0.2ms
[2025-04-24T20:01:35.554+0000][47.878s][info ][gc,phases   ] GC(56)   Merge Heap Roots: 0.2ms
[2025-04-24T20:01:35.554+0000][47.878s][info ][gc,phases   ] GC(56)   Evacuate Collection Set: 17.5ms
[2025-04-24T20:01:35.554+0000][47.878s][info ][gc,phases   ] GC(56)   Post Evacuate Collection Set: 2.7ms
[2025-04-24T20:01:35.554+0000][47.878s][info ][gc,phases   ] GC(56)   Other: 0.1ms
[2025-04-24T20:01:35.554+0000][47.878s][info ][gc,heap     ] GC(56) Eden regions: 132->0(127)
[2025-04-24T20:01:35.554+0000][47.878s][info ][gc,heap     ] GC(56) Survivor regions: 2->6(17)
[2025-04-24T20:01:35.554+0000][47.878s][info ][gc,heap     ] GC(56) Old regions: 115->115
[2025-04-24T20:01:35.554+0000][47.878s][info ][gc,heap     ] GC(56) Archive regions: 2->2
[2025-04-24T20:01:35.554+0000][47.878s][info ][gc,heap     ] GC(56) Humongous regions: 0->0
[2025-04-24T20:01:35.554+0000][47.878s][info ][gc,metaspace] GC(56) Metaspace: 136648K(137600K)->136648K(137600K) NonClass: 119572K(120064K)->119572K(120064K) Class: 17075K(17536K)->17075K(17536K)
[2025-04-24T20:01:35.554+0000][47.878s][info ][gc          ] GC(56) Pause Young (Concurrent Start) (G1 Evacuation Pause) 248M->120M(289M) 20.897ms
[2025-04-24T20:01:35.554+0000][47.878s][info ][gc,cpu      ] GC(56) User=0.06s Sys=0.00s Real=0.02s
[2025-04-24T20:01:35.554+0000][47.878s][info ][gc          ] GC(57) Concurrent Mark Cycle
[2025-04-24T20:01:35.554+0000][47.878s][info ][safepoint   ] Safepoint "G1CollectForAllocation", Time since last: 925308853 ns, Reaching safepoint: 65883 ns, Cleanup: 63549 ns, At safepoint: 20987723 ns, Total: 21117155 ns
[2025-04-24T20:01:35.554+0000][47.878s][info ][gc,marking  ] GC(57) Concurrent Clear Claimed Marks
[2025-04-24T20:01:35.554+0000][47.878s][info ][gc,marking  ] GC(57) Concurrent Clear Claimed Marks 0.165ms
[2025-04-24T20:01:35.554+0000][47.878s][info ][gc,marking  ] GC(57) Concurrent Scan Root Regions
[2025-04-24T20:01:35.566+0000][47.891s][info ][gc,marking  ] GC(57) Concurrent Scan Root Regions 12.492ms
[2025-04-24T20:01:35.567+0000][47.891s][info ][gc,marking  ] GC(57) Concurrent Mark
[2025-04-24T20:01:35.567+0000][47.891s][info ][gc,marking  ] GC(57) Concurrent Mark From Roots
[2025-04-24T20:01:35.567+0000][47.891s][info ][gc,task     ] GC(57) Using 1 workers of 1 for marking
[2025-04-24T20:01:35.907+0000][48.231s][info ][gc,marking  ] GC(57) Concurrent Mark From Roots 340.166ms
[2025-04-24T20:01:35.907+0000][48.231s][info ][gc,marking  ] GC(57) Concurrent Preclean
[2025-04-24T20:01:35.907+0000][48.232s][info ][gc,marking  ] GC(57) Concurrent Preclean 0.345ms
[2025-04-24T20:01:35.907+0000][48.232s][debug][safepoint   ] Safepoint synchronization initiated using futex wait barrier. (54 threads)
[2025-04-24T20:01:35.907+0000][48.232s][debug][safepoint   ] ... found polling page loop exception at pc = 0x000075a55d5b3652, stub =0x000075a55c98e400
[2025-04-24T20:01:35.908+0000][48.232s][info ][gc,start    ] GC(57) Pause Remark
[2025-04-24T20:01:35.918+0000][48.243s][info ][gc          ] GC(57) Pause Remark 171M->171M(290M) 10.860ms
[2025-04-24T20:01:35.918+0000][48.243s][info ][gc,cpu      ] GC(57) User=0.04s Sys=0.00s Real=0.02s
[2025-04-24T20:01:35.919+0000][48.243s][info ][safepoint   ] Safepoint "G1PauseRemark", Time since last: 353615776 ns, Reaching safepoint: 166759 ns, Cleanup: 38841 ns, At safepoint: 11095023 ns, Total: 11300623 ns
[2025-04-24T20:01:35.919+0000][48.244s][info ][gc,marking  ] GC(57) Concurrent Mark 352.825ms
[2025-04-24T20:01:35.919+0000][48.244s][info ][gc,marking  ] GC(57) Concurrent Rebuild Remembered Sets
[2025-04-24T20:01:36.078+0000][48.402s][info ][gc,marking  ] GC(57) Concurrent Rebuild Remembered Sets 158.047ms
[2025-04-24T20:01:36.078+0000][48.402s][debug][safepoint   ] Safepoint synchronization initiated using futex wait barrier. (54 threads)
[2025-04-24T20:01:36.078+0000][48.402s][info ][gc,start    ] GC(57) Pause Cleanup
[2025-04-24T20:01:36.078+0000][48.403s][info ][gc          ] GC(57) Pause Cleanup 198M->198M(290M) 0.250ms
[2025-04-24T20:01:36.078+0000][48.403s][info ][gc,cpu      ] GC(57) User=0.00s Sys=0.00s Real=0.00s
[2025-04-24T20:01:36.078+0000][48.403s][info ][safepoint   ] Safepoint "G1PauseCleanup", Time since last: 159140757 ns, Reaching safepoint: 175031 ns, Cleanup: 6929 ns, At safepoint: 388163 ns, Total: 570123 ns
[2025-04-24T20:01:36.078+0000][48.403s][info ][gc,marking  ] GC(57) Concurrent Cleanup for Next Mark
[2025-04-24T20:01:36.079+0000][48.404s][info ][gc,marking  ] GC(57) Concurrent Cleanup for Next Mark 0.755ms
[2025-04-24T20:01:36.079+0000][48.404s][info ][gc          ] GC(57) Concurrent Mark Cycle 525.704ms
[2025-04-24T20:01:36.382+0000][48.706s][debug][safepoint   ] Safepoint synchronization initiated using futex wait barrier. (58 threads)
[2025-04-24T20:01:36.382+0000][48.706s][info ][gc,start    ] GC(58) Pause Young (Prepare Mixed) (G1 Evacuation Pause)
[2025-04-24T20:01:36.382+0000][48.706s][info ][gc,task     ] GC(58) Using 4 workers of 4 for evacuation
[2025-04-24T20:01:36.405+0000][48.730s][info ][gc,phases   ] GC(58)   Pre Evacuate Collection Set: 0.2ms
[2025-04-24T20:01:36.405+0000][48.730s][info ][gc,phases   ] GC(58)   Merge Heap Roots: 0.5ms
[2025-04-24T20:01:36.405+0000][48.730s][info ][gc,phases   ] GC(58)   Evacuate Collection Set: 20.3ms
[2025-04-24T20:01:36.405+0000][48.730s][info ][gc,phases   ] GC(58)   Post Evacuate Collection Set: 2.2ms
[2025-04-24T20:01:36.405+0000][48.730s][info ][gc,phases   ] GC(58)   Other: 0.1ms
[2025-04-24T20:01:36.405+0000][48.730s][info ][gc,heap     ] GC(58) Eden regions: 127->0(3)
[2025-04-24T20:01:36.405+0000][48.730s][info ][gc,heap     ] GC(58) Survivor regions: 6->11(17)
[2025-04-24T20:01:36.405+0000][48.730s][info ][gc,heap     ] GC(58) Old regions: 115->115
[2025-04-24T20:01:36.405+0000][48.730s][info ][gc,heap     ] GC(58) Archive regions: 2->2
[2025-04-24T20:01:36.405+0000][48.730s][info ][gc,heap     ] GC(58) Humongous regions: 0->0
[2025-04-24T20:01:36.405+0000][48.730s][info ][gc,metaspace] GC(58) Metaspace: 138942K(140032K)->138942K(140032K) NonClass: 121719K(122304K)->121719K(122304K) Class: 17223K(17728K)->17223K(17728K)
[2025-04-24T20:01:36.405+0000][48.730s][info ][gc          ] GC(58) Pause Young (Prepare Mixed) (G1 Evacuation Pause) 247M->125M(290M) 23.449ms
[2025-04-24T20:01:36.405+0000][48.730s][info ][gc,cpu      ] GC(58) User=0.09s Sys=0.00s Real=0.02s
[2025-04-24T20:01:36.405+0000][48.730s][info ][safepoint   ] Safepoint "G1CollectForAllocation", Time since last: 303415834 ns, Reaching safepoint: 70015 ns, Cleanup: 15392 ns, At safepoint: 23578195 ns, Total: 23663602 ns
[2025-04-24T20:01:36.433+0000][48.757s][debug][safepoint   ] Safepoint synchronization initiated using futex wait barrier. (58 threads)
[2025-04-24T20:01:36.433+0000][48.757s][info ][gc,start    ] GC(59) Pause Young (Mixed) (G1 Evacuation Pause)
[2025-04-24T20:01:36.433+0000][48.757s][info ][gc,task     ] GC(59) Using 4 workers of 4 for evacuation
[2025-04-24T20:01:36.466+0000][48.790s][info ][gc,phases   ] GC(59)   Pre Evacuate Collection Set: 0.1ms
[2025-04-24T20:01:36.466+0000][48.790s][info ][gc,phases   ] GC(59)   Merge Heap Roots: 0.3ms
[2025-04-24T20:01:36.466+0000][48.790s][info ][gc,phases   ] GC(59)   Evacuate Collection Set: 27.4ms
[2025-04-24T20:01:36.466+0000][48.790s][info ][gc,phases   ] GC(59)   Post Evacuate Collection Set: 5.0ms
[2025-04-24T20:01:36.466+0000][48.790s][info ][gc,phases   ] GC(59)   Other: 0.1ms
[2025-04-24T20:01:36.466+0000][48.790s][info ][gc,heap     ] GC(59) Eden regions: 3->0(346)
[2025-04-24T20:01:36.466+0000][48.790s][info ][gc,heap     ] GC(59) Survivor regions: 11->2(2)
[2025-04-24T20:01:36.466+0000][48.790s][info ][gc,heap     ] GC(59) Old regions: 115->123
[2025-04-24T20:01:36.466+0000][48.791s][info ][gc,heap     ] GC(59) Archive regions: 2->2
[2025-04-24T20:01:36.466+0000][48.791s][info ][gc,heap     ] GC(59) Humongous regions: 0->0
[2025-04-24T20:01:36.466+0000][48.791s][info ][gc,metaspace] GC(59) Metaspace: 139009K(140096K)->139009K(140096K) NonClass: 121781K(122368K)->121781K(122368K) Class: 17228K(17728K)->17228K(17728K)
[2025-04-24T20:01:36.466+0000][48.791s][info ][gc          ] GC(59) Pause Young (Mixed) (G1 Evacuation Pause) 128M->124M(580M) 33.127ms
[2025-04-24T20:01:36.466+0000][48.791s][info ][gc,cpu      ] GC(59) User=0.12s Sys=0.01s Real=0.03s
[2025-04-24T20:01:36.467+0000][48.791s][info ][safepoint   ] Safepoint "G1CollectForAllocation", Time since last: 27286376 ns, Reaching safepoint: 216126 ns, Cleanup: 10805 ns, At safepoint: 33932864 ns, Total: 34159795 ns
[2025-04-24T20:01:37.011+0000][49.336s][debug][safepoint   ] ... found polling page loop exception at pc = 0x000075a55d216f66, stub =0x000075a55c98e400
[2025-04-24T20:01:37.493+0000][49.818s][debug][safepoint   ] Safepoint synchronization initiated using futex wait barrier. (58 threads)
[2025-04-24T20:01:37.497+0000][49.821s][info ][safepoint   ] Safepoint "Cleanup", Time since last: 1026573832 ns, Reaching safepoint: 3409798 ns, Cleanup: 108035 ns, At safepoint: 17742 ns, Total: 3535575 ns
[2025-04-24T20:01:38.181+0000][50.505s][info ][cds,heap    ] initialize_from_archived_subgraph jdk.internal.math.FDBigInteger 0x000075a4f314dd00
[2025-04-24T20:01:38.499+0000][50.823s][debug][safepoint   ] Safepoint synchronization initiated using futex wait barrier. (64 threads)
[2025-04-24T20:01:38.499+0000][50.823s][info ][safepoint   ] Safepoint "Cleanup", Time since last: 1001802551 ns, Reaching safepoint: 133239 ns, Cleanup: 84379 ns, At safepoint: 5895 ns, Total: 223513 ns
[2025-04-24T20:01:38.937+0000][51.262s][debug][safepoint   ] Safepoint synchronization initiated using futex wait barrier. (78 threads)
[2025-04-24T20:01:38.938+0000][51.262s][info ][gc,start    ] GC(60) Pause Young (Normal) (G1 Evacuation Pause)
[2025-04-24T20:01:38.938+0000][51.262s][info ][gc,task     ] GC(60) Using 4 workers of 4 for evacuation
[2025-04-24T20:01:38.962+0000][51.286s][info ][gc,phases   ] GC(60)   Pre Evacuate Collection Set: 0.2ms
[2025-04-24T20:01:38.962+0000][51.286s][info ][gc,phases   ] GC(60)   Merge Heap Roots: 0.2ms
[2025-04-24T20:01:38.962+0000][51.286s][info ][gc,phases   ] GC(60)   Evacuate Collection Set: 21.0ms
[2025-04-24T20:01:38.962+0000][51.286s][info ][gc,phases   ] GC(60)   Post Evacuate Collection Set: 2.4ms
[2025-04-24T20:01:38.962+0000][51.286s][info ][gc,phases   ] GC(60)   Other: 0.2ms
[2025-04-24T20:01:38.962+0000][51.286s][info ][gc,heap     ] GC(60) Eden regions: 346->0(338)
[2025-04-24T20:01:38.962+0000][51.286s][info ][gc,heap     ] GC(60) Survivor regions: 2->10(44)
[2025-04-24T20:01:38.962+0000][51.286s][info ][gc,heap     ] GC(60) Old regions: 123->123
[2025-04-24T20:01:38.962+0000][51.286s][info ][gc,heap     ] GC(60) Archive regions: 2->2
[2025-04-24T20:01:38.962+0000][51.286s][info ][gc,heap     ] GC(60) Humongous regions: 0->0
[2025-04-24T20:01:38.962+0000][51.286s][info ][gc,metaspace] GC(60) Metaspace: 149390K(150400K)->149390K(150400K) NonClass: 131179K(131712K)->131179K(131712K) Class: 18210K(18688K)->18210K(18688K)
[2025-04-24T20:01:38.962+0000][51.286s][info ][gc          ] GC(60) Pause Young (Normal) (G1 Evacuation Pause) 470M->132M(580M) 24.130ms
[2025-04-24T20:01:38.962+0000][51.286s][info ][gc,cpu      ] GC(60) User=0.09s Sys=0.01s Real=0.03s
[2025-04-24T20:01:38.962+0000][51.286s][info ][safepoint   ] Safepoint "G1CollectForAllocation", Time since last: 438373065 ns, Reaching safepoint: 74893 ns, Cleanup: 57400 ns, At safepoint: 24227585 ns, Total: 24359878 ns
[2025-04-24T20:01:40.019+0000][52.343s][debug][safepoint   ] Safepoint synchronization initiated using futex wait barrier. (78 threads)
[2025-04-24T20:01:40.021+0000][52.346s][info ][safepoint   ] Safepoint "Cleanup", Time since last: 1057280509 ns, Reaching safepoint: 2324374 ns, Cleanup: 71269 ns, At safepoint: 20505 ns, Total: 2416148 ns
[2025-04-24T20:01:41.068+0000][53.393s][debug][safepoint   ] Safepoint synchronization initiated using futex wait barrier. (78 threads)
[2025-04-24T20:01:41.068+0000][53.393s][info ][safepoint   ] Safepoint "Cleanup", Time since last: 1046759301 ns, Reaching safepoint: 64981 ns, Cleanup: 159538 ns, At safepoint: 6595 ns, Total: 231114 ns
[2025-04-24T20:01:41.236+0000][53.560s][debug][safepoint   ] Safepoint synchronization initiated using futex wait barrier. (78 threads)
[2025-04-24T20:01:41.236+0000][53.560s][info ][gc,start    ] GC(61) Pause Young (Normal) (G1 Evacuation Pause)
[2025-04-24T20:01:41.236+0000][53.560s][info ][gc,task     ] GC(61) Using 4 workers of 4 for evacuation
[2025-04-24T20:01:41.268+0000][53.593s][info ][gc,phases   ] GC(61)   Pre Evacuate Collection Set: 0.2ms
[2025-04-24T20:01:41.268+0000][53.593s][info ][gc,phases   ] GC(61)   Merge Heap Roots: 0.2ms
[2025-04-24T20:01:41.268+0000][53.593s][info ][gc,phases   ] GC(61)   Evacuate Collection Set: 29.1ms
[2025-04-24T20:01:41.268+0000][53.593s][info ][gc,phases   ] GC(61)   Post Evacuate Collection Set: 2.7ms
[2025-04-24T20:01:41.268+0000][53.593s][info ][gc,phases   ] GC(61)   Other: 0.1ms
[2025-04-24T20:01:41.268+0000][53.593s][info ][gc,heap     ] GC(61) Eden regions: 338->0(329)
[2025-04-24T20:01:41.268+0000][53.593s][info ][gc,heap     ] GC(61) Survivor regions: 10->19(44)
[2025-04-24T20:01:41.268+0000][53.593s][info ][gc,heap     ] GC(61) Old regions: 123->123
[2025-04-24T20:01:41.268+0000][53.593s][info ][gc,heap     ] GC(61) Archive regions: 2->2
[2025-04-24T20:01:41.268+0000][53.593s][info ][gc,heap     ] GC(61) Humongous regions: 0->0
[2025-04-24T20:01:41.268+0000][53.593s][info ][gc,metaspace] GC(61) Metaspace: 152639K(153728K)->152639K(153728K) NonClass: 133953K(134528K)->133953K(134528K) Class: 18686K(19200K)->18686K(19200K)
[2025-04-24T20:01:41.268+0000][53.593s][info ][gc          ] GC(61) Pause Young (Normal) (G1 Evacuation Pause) 470M->141M(580M) 32.350ms
[2025-04-24T20:01:41.268+0000][53.593s][info ][gc,cpu      ] GC(61) User=0.11s Sys=0.00s Real=0.04s
[2025-04-24T20:01:41.268+0000][53.593s][info ][safepoint   ] Safepoint "G1CollectForAllocation", Time since last: 167323450 ns, Reaching safepoint: 75918 ns, Cleanup: 30823 ns, At safepoint: 32515206 ns, Total: 32621947 ns
[2025-04-24T20:01:42.268+0000][54.593s][debug][safepoint   ] Safepoint synchronization initiated using futex wait barrier. (78 threads)
[2025-04-24T20:01:42.269+0000][54.593s][info ][safepoint   ] Safepoint "Cleanup", Time since last: 1000104243 ns, Reaching safepoint: 59761 ns, Cleanup: 99784 ns, At safepoint: 6296 ns, Total: 165841 ns
[2025-04-24T20:01:43.745+0000][56.070s][debug][safepoint   ] Safepoint synchronization initiated using futex wait barrier. (78 threads)
[2025-04-24T20:01:43.746+0000][56.070s][info ][gc,start    ] GC(62) Pause Young (Normal) (G1 Evacuation Pause)
[2025-04-24T20:01:43.746+0000][56.070s][info ][gc,task     ] GC(62) Using 4 workers of 4 for evacuation
[2025-04-24T20:01:43.797+0000][56.121s][info ][gc,phases   ] GC(62)   Pre Evacuate Collection Set: 0.1ms
[2025-04-24T20:01:43.797+0000][56.121s][info ][gc,phases   ] GC(62)   Merge Heap Roots: 0.4ms
[2025-04-24T20:01:43.797+0000][56.121s][info ][gc,phases   ] GC(62)   Evacuate Collection Set: 41.6ms
[2025-04-24T20:01:43.797+0000][56.121s][info ][gc,phases   ] GC(62)   Post Evacuate Collection Set: 8.4ms
[2025-04-24T20:01:43.797+0000][56.121s][info ][gc,phases   ] GC(62)   Other: 0.2ms
[2025-04-24T20:01:43.797+0000][56.121s][info ][gc,heap     ] GC(62) Eden regions: 329->0(322)
[2025-04-24T20:01:43.797+0000][56.121s][info ][gc,heap     ] GC(62) Survivor regions: 19->26(44)
[2025-04-24T20:01:43.797+0000][56.121s][info ][gc,heap     ] GC(62) Old regions: 123->123
[2025-04-24T20:01:43.797+0000][56.121s][info ][gc,heap     ] GC(62) Archive regions: 2->2
[2025-04-24T20:01:43.797+0000][56.121s][info ][gc,heap     ] GC(62) Humongous regions: 0->0
[2025-04-24T20:01:43.797+0000][56.121s][info ][gc,metaspace] GC(62) Metaspace: 157085K(158272K)->157085K(158272K) NonClass: 137744K(138368K)->137744K(138368K) Class: 19341K(19904K)->19341K(19904K)
[2025-04-24T20:01:43.797+0000][56.121s][info ][gc          ] GC(62) Pause Young (Normal) (G1 Evacuation Pause) 470M->148M(580M) 50.961ms
[2025-04-24T20:01:43.797+0000][56.121s][info ][gc,cpu      ] GC(62) User=0.13s Sys=0.00s Real=0.05s
[2025-04-24T20:01:43.797+0000][56.121s][info ][safepoint   ] Safepoint "G1CollectForAllocation", Time since last: 1476792954 ns, Reaching safepoint: 199721 ns, Cleanup: 158295 ns, At safepoint: 51164250 ns, Total: 51522266 ns
[2025-04-24T20:01:45.158+0000][57.482s][debug][safepoint   ] Safepoint synchronization initiated using futex wait barrier. (83 threads)
[2025-04-24T20:01:45.158+0000][57.482s][info ][safepoint   ] Safepoint "Cleanup", Time since last: 1360789811 ns, Reaching safepoint: 145324 ns, Cleanup: 61080 ns, At safepoint: 7247 ns, Total: 213651 ns
[2025-04-24T20:01:46.294+0000][58.618s][debug][safepoint   ] Safepoint synchronization initiated using futex wait barrier. (115 threads)
[2025-04-24T20:01:46.294+0000][58.619s][debug][safepoint   ] ... found polling page loop exception at pc = 0x000075a55d1a774e, stub =0x000075a55c98e400
[2025-04-24T20:01:46.295+0000][58.620s][info ][safepoint   ] Safepoint "ICBufferFull", Time since last: 1135702406 ns, Reaching safepoint: 1622448 ns, Cleanup: 161965 ns, At safepoint: 56113 ns, Total: 1840526 ns
[2025-04-24T20:01:46.302+0000][58.626s][debug][safepoint   ] Safepoint synchronization initiated using futex wait barrier. (115 threads)
[2025-04-24T20:01:46.312+0000][58.637s][info ][safepoint   ] Safepoint "ICBufferFull", Time since last: 6458833 ns, Reaching safepoint: 264201 ns, Cleanup: 4520 ns, At safepoint: 10176292 ns, Total: 10445013 ns
[2025-04-24T20:01:47.203+0000][59.527s][debug][safepoint   ] Safepoint synchronization initiated using futex wait barrier. (115 threads)
[2025-04-24T20:01:47.204+0000][59.528s][info ][gc,start    ] GC(63) Pause Young (Normal) (G1 Evacuation Pause)
[2025-04-24T20:01:47.204+0000][59.529s][info ][gc,task     ] GC(63) Using 4 workers of 4 for evacuation
[2025-04-24T20:01:47.360+0000][59.684s][info ][gc,phases   ] GC(63)   Pre Evacuate Collection Set: 4.4ms
[2025-04-24T20:01:47.360+0000][59.684s][info ][gc,phases   ] GC(63)   Merge Heap Roots: 0.3ms
[2025-04-24T20:01:47.360+0000][59.684s][info ][gc,phases   ] GC(63)   Evacuate Collection Set: 131.6ms
[2025-04-24T20:01:47.360+0000][59.684s][info ][gc,phases   ] GC(63)   Post Evacuate Collection Set: 18.9ms
[2025-04-24T20:01:47.360+0000][59.684s][info ][gc,phases   ] GC(63)   Other: 0.7ms
[2025-04-24T20:01:47.360+0000][59.684s][info ][gc,heap     ] GC(63) Eden regions: 322->0(325)
[2025-04-24T20:01:47.360+0000][59.684s][info ][gc,heap     ] GC(63) Survivor regions: 26->23(44)
[2025-04-24T20:01:47.360+0000][59.684s][info ][gc,heap     ] GC(63) Old regions: 123->131
[2025-04-24T20:01:47.360+0000][59.684s][info ][gc,heap     ] GC(63) Archive regions: 2->2
[2025-04-24T20:01:47.360+0000][59.684s][info ][gc,heap     ] GC(63) Humongous regions: 0->0
[2025-04-24T20:01:47.360+0000][59.684s][info ][gc,metaspace] GC(63) Metaspace: 162884K(164032K)->162884K(164032K) NonClass: 142806K(143424K)->142806K(143424K) Class: 20078K(20608K)->20078K(20608K)
[2025-04-24T20:01:47.360+0000][59.684s][info ][gc          ] GC(63) Pause Young (Normal) (G1 Evacuation Pause) 470M->154M(580M) 156.073ms
[2025-04-24T20:01:47.360+0000][59.684s][info ][gc,cpu      ] GC(63) User=0.32s Sys=0.00s Real=0.16s
[2025-04-24T20:01:47.365+0000][59.689s][info ][safepoint   ] Safepoint "G1CollectForAllocation", Time since last: 890596087 ns, Reaching safepoint: 609442 ns, Cleanup: 88592 ns, At safepoint: 160843862 ns, Total: 161541896 ns
[2025-04-24T20:01:48.256+0000][60.580s][debug][safepoint   ] Safepoint synchronization initiated using futex wait barrier. (192 threads)
[2025-04-24T20:01:48.256+0000][60.581s][debug][safepoint   ] ... found polling page loop exception at pc = 0x000075a55d1a774e, stub =0x000075a55c98e400
[2025-04-24T20:01:48.256+0000][60.581s][debug][safepoint   ] ... found polling page loop exception at pc = 0x000075a55d1a774e, stub =0x000075a55c98e400
[2025-04-24T20:01:48.258+0000][60.583s][info ][safepoint   ] Safepoint "ICBufferFull", Time since last: 891435506 ns, Reaching safepoint: 411021 ns, Cleanup: 346727 ns, At safepoint: 1502032 ns, Total: 2259780 ns
[2025-04-24T20:01:48.462+0000][60.786s][debug][safepoint   ] ... found polling page loop exception at pc = 0x000075a55d930ae7, stub =0x000075a55c98e400
[2025-04-24T20:01:48.853+0000][61.178s][debug][safepoint   ] ... found polling page loop exception at pc = 0x000075a5555fe5d1, stub =0x000075a55c98e400
[2025-04-24T20:01:49.023+0000][61.348s][debug][safepoint   ] Safepoint synchronization initiated using futex wait barrier. (199 threads)
[2025-04-24T20:01:49.024+0000][61.348s][info ][safepoint   ] Safepoint "ICBufferFull", Time since last: 764936086 ns, Reaching safepoint: 227356 ns, Cleanup: 120010 ns, At safepoint: 16615 ns, Total: 363981 ns
[2025-04-24T20:01:49.371+0000][61.696s][debug][safepoint   ] Safepoint synchronization initiated using futex wait barrier. (200 threads)
[2025-04-24T20:01:49.371+0000][61.696s][info ][gc,start    ] GC(64) Pause Young (Normal) (G1 Evacuation Pause)
[2025-04-24T20:01:49.372+0000][61.696s][info ][gc,task     ] GC(64) Using 4 workers of 4 for evacuation
[2025-04-24T20:01:49.422+0000][61.746s][info ][gc,phases   ] GC(64)   Pre Evacuate Collection Set: 0.4ms
[2025-04-24T20:01:49.422+0000][61.746s][info ][gc,phases   ] GC(64)   Merge Heap Roots: 0.3ms
[2025-04-24T20:01:49.422+0000][61.746s][info ][gc,phases   ] GC(64)   Evacuate Collection Set: 46.4ms
[2025-04-24T20:01:49.422+0000][61.746s][info ][gc,phases   ] GC(64)   Post Evacuate Collection Set: 2.8ms
[2025-04-24T20:01:49.422+0000][61.746s][info ][gc,phases   ] GC(64)   Other: 0.2ms
[2025-04-24T20:01:49.422+0000][61.746s][info ][gc,heap     ] GC(64) Eden regions: 325->0(318)
[2025-04-24T20:01:49.422+0000][61.746s][info ][gc,heap     ] GC(64) Survivor regions: 23->30(44)
[2025-04-24T20:01:49.422+0000][61.746s][info ][gc,heap     ] GC(64) Old regions: 131->131
[2025-04-24T20:01:49.422+0000][61.746s][info ][gc,heap     ] GC(64) Archive regions: 2->2
[2025-04-24T20:01:49.422+0000][61.746s][info ][gc,heap     ] GC(64) Humongous regions: 0->0
[2025-04-24T20:01:49.422+0000][61.746s][info ][gc,metaspace] GC(64) Metaspace: 169731K(171008K)->169731K(171008K) NonClass: 148726K(149376K)->148726K(149376K) Class: 21004K(21632K)->21004K(21632K)
[2025-04-24T20:01:49.422+0000][61.746s][info ][gc          ] GC(64) Pause Young (Normal) (G1 Evacuation Pause) 479M->160M(580M) 50.219ms
[2025-04-24T20:01:49.422+0000][61.746s][info ][gc,cpu      ] GC(64) User=0.15s Sys=0.00s Real=0.05s
[2025-04-24T20:01:49.422+0000][61.747s][info ][safepoint   ] Safepoint "G1CollectForAllocation", Time since last: 347785390 ns, Reaching safepoint: 69420 ns, Cleanup: 82226 ns, At safepoint: 50731638 ns, Total: 50883284 ns
[2025-04-24T20:01:50.179+0000][62.503s][debug][safepoint   ] Safepoint synchronization initiated using futex wait barrier. (206 threads)
[2025-04-24T20:01:50.181+0000][62.506s][info ][safepoint   ] Safepoint "ICBufferFull", Time since last: 756703903 ns, Reaching safepoint: 656541 ns, Cleanup: 170769 ns, At safepoint: 1655759 ns, Total: 2483069 ns
[2025-04-24T20:01:50.699+0000][63.023s][debug][safepoint   ] Safepoint synchronization initiated using futex wait barrier. (206 threads)
[2025-04-24T20:01:50.701+0000][63.025s][info ][safepoint   ] Safepoint "ICBufferFull", Time since last: 517367978 ns, Reaching safepoint: 287092 ns, Cleanup: 125081 ns, At safepoint: 1621931 ns, Total: 2034104 ns
[2025-04-24T20:01:50.705+0000][63.029s][debug][safepoint   ] Safepoint synchronization initiated using futex wait barrier. (206 threads)
[2025-04-24T20:01:50.705+0000][63.029s][info ][safepoint   ] Safepoint "ICBufferFull", Time since last: 3805664 ns, Reaching safepoint: 212366 ns, Cleanup: 13328 ns, At safepoint: 155349 ns, Total: 381043 ns
[2025-04-24T20:01:50.919+0000][63.243s][debug][safepoint   ] Safepoint synchronization initiated using futex wait barrier. (221 threads)
[2025-04-24T20:01:50.919+0000][63.244s][info ][safepoint   ] Safepoint "ICBufferFull", Time since last: 213765019 ns, Reaching safepoint: 355657 ns, Cleanup: 116331 ns, At safepoint: 27213 ns, Total: 499201 ns
[2025-04-24T20:01:51.103+0000][63.428s][debug][safepoint   ] ... found polling page loop exception at pc = 0x000075a5555fe5d1, stub =0x000075a55c98e400
[2025-04-24T20:01:52.795+0000][65.119s][debug][safepoint   ] Safepoint synchronization initiated using futex wait barrier. (221 threads)
[2025-04-24T20:01:52.795+0000][65.120s][info ][safepoint   ] Safepoint "Cleanup", Time since last: 1875645394 ns, Reaching safepoint: 62831 ns, Cleanup: 129882 ns, At safepoint: 15099 ns, Total: 207812 ns
[2025-04-24T20:01:53.795+0000][66.120s][debug][safepoint   ] Safepoint synchronization initiated using futex wait barrier. (221 threads)
[2025-04-24T20:01:53.795+0000][66.120s][info ][safepoint   ] Safepoint "Cleanup", Time since last: 1000084457 ns, Reaching safepoint: 65128 ns, Cleanup: 41510 ns, At safepoint: 5086 ns, Total: 111724 ns
[2025-04-24T20:01:54.451+0000][66.775s][debug][safepoint   ] Safepoint synchronization initiated using futex wait barrier. (221 threads)
[2025-04-24T20:01:54.451+0000][66.775s][info ][gc,start    ] GC(65) Pause Young (Concurrent Start) (G1 Humongous Allocation)
[2025-04-24T20:01:54.451+0000][66.775s][info ][gc,task     ] GC(65) Using 4 workers of 4 for evacuation
[2025-04-24T20:01:54.489+0000][66.813s][info ][gc,phases   ] GC(65)   Pre Evacuate Collection Set: 0.2ms
[2025-04-24T20:01:54.489+0000][66.813s][info ][gc,phases   ] GC(65)   Merge Heap Roots: 0.2ms
[2025-04-24T20:01:54.489+0000][66.813s][info ][gc,phases   ] GC(65)   Evacuate Collection Set: 34.4ms
[2025-04-24T20:01:54.489+0000][66.813s][info ][gc,phases   ] GC(65)   Post Evacuate Collection Set: 2.7ms
[2025-04-24T20:01:54.489+0000][66.813s][info ][gc,phases   ] GC(65)   Other: 0.2ms
[2025-04-24T20:01:54.489+0000][66.813s][info ][gc,heap     ] GC(65) Eden regions: 265->0(320)
[2025-04-24T20:01:54.489+0000][66.813s][info ][gc,heap     ] GC(65) Survivor regions: 30->28(44)
[2025-04-24T20:01:54.489+0000][66.813s][info ][gc,heap     ] GC(65) Old regions: 131->139
[2025-04-24T20:01:54.489+0000][66.813s][info ][gc,heap     ] GC(65) Archive regions: 2->2
[2025-04-24T20:01:54.489+0000][66.813s][info ][gc,heap     ] GC(65) Humongous regions: 63->4
[2025-04-24T20:01:54.489+0000][66.813s][info ][gc,metaspace] GC(65) Metaspace: 176103K(177408K)->176103K(177408K) NonClass: 154348K(155008K)->154348K(155008K) Class: 21755K(22400K)->21755K(22400K)
[2025-04-24T20:01:54.489+0000][66.813s][info ][gc          ] GC(65) Pause Young (Concurrent Start) (G1 Humongous Allocation) 488M->171M(580M) 37.704ms
[2025-04-24T20:01:54.489+0000][66.813s][info ][gc,cpu      ] GC(65) User=0.14s Sys=0.00s Real=0.04s
[2025-04-24T20:01:54.489+0000][66.813s][info ][gc          ] GC(66) Concurrent Undo Cycle
[2025-04-24T20:01:54.489+0000][66.813s][info ][gc,marking  ] GC(66) Concurrent Cleanup for Next Mark
[2025-04-24T20:01:54.489+0000][66.813s][info ][safepoint   ] Safepoint "G1TryInitiateConcMark", Time since last: 655590593 ns, Reaching safepoint: 47470 ns, Cleanup: 13113 ns, At safepoint: 37975425 ns, Total: 38036008 ns
[2025-04-24T20:01:54.495+0000][66.820s][info ][gc,marking  ] GC(66) Concurrent Cleanup for Next Mark 6.470ms
[2025-04-24T20:01:54.495+0000][66.820s][info ][gc          ] GC(66) Concurrent Undo Cycle 6.570ms
[2025-04-24T20:01:55.367+0000][67.691s][debug][safepoint   ] Safepoint synchronization initiated using futex wait barrier. (222 threads)
[2025-04-24T20:01:55.367+0000][67.691s][info ][safepoint   ] Safepoint "ICBufferFull", Time since last: 877611953 ns, Reaching safepoint: 85136 ns, Cleanup: 136394 ns, At safepoint: 7106 ns, Total: 228636 ns
[2025-04-24T20:01:55.631+0000][67.956s][debug][safepoint   ] Safepoint synchronization initiated using futex wait barrier. (222 threads)
[2025-04-24T20:01:55.632+0000][67.956s][info ][safepoint   ] Safepoint "ICBufferFull", Time since last: 264477109 ns, Reaching safepoint: 281378 ns, Cleanup: 141452 ns, At safepoint: 20716 ns, Total: 443546 ns
[2025-04-24T20:01:56.336+0000][68.660s][debug][safepoint   ] Safepoint synchronization initiated using futex wait barrier. (223 threads)
[2025-04-24T20:01:56.337+0000][68.661s][info ][safepoint   ] Safepoint "ICBufferFull", Time since last: 703920077 ns, Reaching safepoint: 875946 ns, Cleanup: 212272 ns, At safepoint: 89267 ns, Total: 1177485 ns
[2025-04-24T20:01:56.993+0000][69.318s][debug][safepoint   ] Safepoint synchronization initiated using futex wait barrier. (224 threads)
[2025-04-24T20:01:56.993+0000][69.318s][info ][safepoint   ] Safepoint "ICBufferFull", Time since last: 656322503 ns, Reaching safepoint: 204252 ns, Cleanup: 121519 ns, At safepoint: 26555 ns, Total: 352326 ns
[2025-04-24T20:01:57.994+0000][70.318s][debug][safepoint   ] Safepoint synchronization initiated using futex wait barrier. (224 threads)
[2025-04-24T20:01:57.994+0000][70.318s][info ][safepoint   ] Safepoint "Cleanup", Time since last: 1000171123 ns, Reaching safepoint: 112846 ns, Cleanup: 64514 ns, At safepoint: 7106 ns, Total: 184466 ns
[2025-04-24T20:01:58.994+0000][71.318s][debug][safepoint   ] Safepoint synchronization initiated using futex wait barrier. (224 threads)
[2025-04-24T20:01:58.994+0000][71.318s][info ][safepoint   ] Safepoint "Cleanup", Time since last: 1000094581 ns, Reaching safepoint: 69547 ns, Cleanup: 18023 ns, At safepoint: 5986 ns, Total: 93556 ns
[2025-04-24T20:01:59.994+0000][72.319s][debug][safepoint   ] Safepoint synchronization initiated using futex wait barrier. (224 threads)
[2025-04-24T20:01:59.995+0000][72.319s][info ][safepoint   ] Safepoint "Cleanup", Time since last: 1000149134 ns, Reaching safepoint: 677954 ns, Cleanup: 40912 ns, At safepoint: 83393 ns, Total: 802259 ns
[2025-04-24T20:02:00.995+0000][73.320s][debug][safepoint   ] Safepoint synchronization initiated using futex wait barrier. (224 threads)
[2025-04-24T20:02:00.996+0000][73.320s][info ][safepoint   ] Safepoint "Cleanup", Time since last: 1000228385 ns, Reaching safepoint: 249966 ns, Cleanup: 30113 ns, At safepoint: 71108 ns, Total: 351187 ns
[2025-04-24T20:02:03.996+0000][76.320s][debug][safepoint   ] Safepoint synchronization initiated using futex wait barrier. (223 threads)
[2025-04-24T20:02:03.996+0000][76.320s][info ][safepoint   ] Safepoint "Cleanup", Time since last: 3000372592 ns, Reaching safepoint: 79101 ns, Cleanup: 14329 ns, At safepoint: 5955 ns, Total: 99385 ns
[2025-04-24T20:02:17.997+0000][90.322s][debug][safepoint   ] Safepoint synchronization initiated using futex wait barrier. (223 threads)
[2025-04-24T20:02:17.998+0000][90.322s][info ][safepoint   ] Safepoint "Cleanup", Time since last: 14001409803 ns, Reaching safepoint: 96611 ns, Cleanup: 16401 ns, At safepoint: 7525 ns, Total: 120537 ns
[2025-04-24T20:02:30.999+0000][103.324s][debug][safepoint   ] Safepoint synchronization initiated using futex wait barrier. (223 threads)
[2025-04-24T20:02:30.999+0000][103.324s][info ][safepoint   ] Safepoint "Cleanup", Time since last: 13001567672 ns, Reaching safepoint: 110284 ns, Cleanup: 17612 ns, At safepoint: 11946 ns, Total: 139842 ns
[2025-04-24T20:02:33.000+0000][105.324s][debug][safepoint   ] Safepoint synchronization initiated using futex wait barrier. (223 threads)
[2025-04-24T20:02:33.000+0000][105.324s][info ][safepoint   ] Safepoint "Cleanup", Time since last: 2000307113 ns, Reaching safepoint: 124992 ns, Cleanup: 16935 ns, At safepoint: 11056 ns, Total: 152983 ns
[2025-04-24T20:02:37.000+0000][109.325s][debug][safepoint   ] Safepoint synchronization initiated using futex wait barrier. (223 threads)
[2025-04-24T20:02:37.000+0000][109.325s][info ][safepoint   ] Safepoint "Cleanup", Time since last: 4000521212 ns, Reaching safepoint: 95407 ns, Cleanup: 17023 ns, At safepoint: 10193 ns, Total: 122623 ns
[2025-04-24T20:02:37.171+0000][109.495s][debug][safepoint   ] Safepoint synchronization initiated using futex wait barrier. (223 threads)
[2025-04-24T20:02:37.171+0000][109.495s][info ][gc,start    ] GC(67) Pause Young (Normal) (G1 Preventive Collection)
[2025-04-24T20:02:37.171+0000][109.495s][info ][gc,task     ] GC(67) Using 4 workers of 4 for evacuation
[2025-04-24T20:02:37.254+0000][109.578s][info ][gc,phases   ] GC(67)   Pre Evacuate Collection Set: 0.3ms
[2025-04-24T20:02:37.254+0000][109.578s][info ][gc,phases   ] GC(67)   Merge Heap Roots: 0.4ms
[2025-04-24T20:02:37.254+0000][109.579s][info ][gc,phases   ] GC(67)   Evacuate Collection Set: 78.6ms
[2025-04-24T20:02:37.254+0000][109.579s][info ][gc,phases   ] GC(67)   Post Evacuate Collection Set: 3.5ms
[2025-04-24T20:02:37.254+0000][109.579s][info ][gc,phases   ] GC(67)   Other: 0.3ms
[2025-04-24T20:02:37.254+0000][109.579s][info ][gc,heap     ] GC(67) Eden regions: 316->0(314)
[2025-04-24T20:02:37.254+0000][109.579s][info ][gc,heap     ] GC(67) Survivor regions: 28->29(44)
[2025-04-24T20:02:37.254+0000][109.579s][info ][gc,heap     ] GC(67) Old regions: 139->146
[2025-04-24T20:02:37.254+0000][109.579s][info ][gc,heap     ] GC(67) Archive regions: 2->2
[2025-04-24T20:02:37.254+0000][109.579s][info ][gc,heap     ] GC(67) Humongous regions: 53->2
[2025-04-24T20:02:37.254+0000][109.579s][info ][gc,metaspace] GC(67) Metaspace: 181878K(183232K)->181878K(183232K) NonClass: 159522K(160256K)->159522K(160256K) Class: 22355K(22976K)->22355K(22976K)
[2025-04-24T20:02:37.254+0000][109.579s][info ][gc          ] GC(67) Pause Young (Normal) (G1 Preventive Collection) 536M->177M(580M) 83.164ms
[2025-04-24T20:02:37.254+0000][109.579s][info ][gc,cpu      ] GC(67) User=0.24s Sys=0.00s Real=0.08s
[2025-04-24T20:02:37.255+0000][109.579s][info ][safepoint   ] Safepoint "G1CollectForAllocation", Time since last: 170498545 ns, Reaching safepoint: 94382 ns, Cleanup: 6648 ns, At safepoint: 83701162 ns, Total: 83802192 ns
[2025-04-24T20:02:38.255+0000][110.579s][debug][safepoint   ] Safepoint synchronization initiated using futex wait barrier. (223 threads)
[2025-04-24T20:02:38.255+0000][110.580s][info ][safepoint   ] Safepoint "Cleanup", Time since last: 1000283381 ns, Reaching safepoint: 146613 ns, Cleanup: 26559 ns, At safepoint: 10801 ns, Total: 183973 ns
[2025-04-24T20:02:46.256+0000][118.580s][debug][safepoint   ] Safepoint synchronization initiated using futex wait barrier. (223 threads)
[2025-04-24T20:02:46.257+0000][118.581s][info ][safepoint   ] Safepoint "Cleanup", Time since last: 8000762190 ns, Reaching safepoint: 393293 ns, Cleanup: 28069 ns, At safepoint: 699033 ns, Total: 1120395 ns
[2025-04-24T20:02:48.912+0000][121.237s][debug][safepoint   ] Safepoint synchronization initiated using futex wait barrier. (216 threads)
[2025-04-24T20:02:48.913+0000][121.237s][info ][safepoint   ] Safepoint "Cleanup", Time since last: 2655324770 ns, Reaching safepoint: 172814 ns, Cleanup: 27279 ns, At safepoint: 15502 ns, Total: 215595 ns
[2025-04-24T20:02:50.913+0000][123.237s][debug][safepoint   ] Safepoint synchronization initiated using futex wait barrier. (212 threads)
[2025-04-24T20:02:50.913+0000][123.237s][info ][safepoint   ] Safepoint "Cleanup", Time since last: 2000298685 ns, Reaching safepoint: 123768 ns, Cleanup: 41772 ns, At safepoint: 12574 ns, Total: 178114 ns
[2025-04-24T20:02:57.914+0000][130.238s][debug][safepoint   ] Safepoint synchronization initiated using futex wait barrier. (208 threads)
[2025-04-24T20:02:57.914+0000][130.239s][info ][safepoint   ] Safepoint "Cleanup", Time since last: 7000972582 ns, Reaching safepoint: 231441 ns, Cleanup: 34625 ns, At safepoint: 18982 ns, Total: 285048 ns
[2025-04-24T20:02:59.915+0000][132.239s][debug][safepoint   ] Safepoint synchronization initiated using futex wait barrier. (208 threads)
[2025-04-24T20:02:59.915+0000][132.240s][info ][safepoint   ] Safepoint "Cleanup", Time since last: 2000638083 ns, Reaching safepoint: 137609 ns, Cleanup: 41992 ns, At safepoint: 16044 ns, Total: 195645 ns
[2025-04-24T20:03:03.915+0000][136.240s][debug][safepoint   ] Safepoint synchronization initiated using futex wait barrier. (208 threads)
[2025-04-24T20:03:03.916+0000][136.240s][info ][safepoint   ] Safepoint "Cleanup", Time since last: 4000402140 ns, Reaching safepoint: 116443 ns, Cleanup: 17299 ns, At safepoint: 7809 ns, Total: 141551 ns
[2025-04-24T20:03:06.916+0000][139.240s][debug][safepoint   ] Safepoint synchronization initiated using futex wait barrier. (208 threads)
[2025-04-24T20:03:06.916+0000][139.241s][info ][safepoint   ] Safepoint "Cleanup", Time since last: 3000256549 ns, Reaching safepoint: 140769 ns, Cleanup: 23726 ns, At safepoint: 11560 ns, Total: 176055 ns
[2025-04-24T20:03:15.917+0000][148.241s][debug][safepoint   ] Safepoint synchronization initiated using futex wait barrier. (208 threads)
[2025-04-24T20:03:15.917+0000][148.242s][info ][safepoint   ] Safepoint "Cleanup", Time since last: 9000910840 ns, Reaching safepoint: 112355 ns, Cleanup: 14077 ns, At safepoint: 7004 ns, Total: 133436 ns
[2025-04-24T20:03:16.917+0000][149.242s][debug][safepoint   ] Safepoint synchronization initiated using futex wait barrier. (210 threads)
[2025-04-24T20:03:16.917+0000][149.242s][info ][safepoint   ] Safepoint "Cleanup", Time since last: 1000094741 ns, Reaching safepoint: 117676 ns, Cleanup: 103697 ns, At safepoint: 8881 ns, Total: 230254 ns
[2025-04-24T20:03:26.918+0000][159.243s][debug][safepoint   ] Safepoint synchronization initiated using futex wait barrier. (210 threads)
[2025-04-24T20:03:26.919+0000][159.243s][info ][safepoint   ] Safepoint "Cleanup", Time since last: 10000978125 ns, Reaching safepoint: 124806 ns, Cleanup: 24807 ns, At safepoint: 7323 ns, Total: 156936 ns
[2025-04-24T20:03:36.920+0000][169.244s][debug][safepoint   ] Safepoint synchronization initiated using futex wait barrier. (210 threads)
[2025-04-24T20:03:36.920+0000][169.245s][info ][safepoint   ] Safepoint "Cleanup", Time since last: 10001335301 ns, Reaching safepoint: 311874 ns, Cleanup: 18858 ns, At safepoint: 20538 ns, Total: 351270 ns
[2025-04-24T20:03:39.921+0000][172.245s][debug][safepoint   ] Safepoint synchronization initiated using futex wait barrier. (210 threads)
[2025-04-24T20:03:39.921+0000][172.246s][info ][safepoint   ] Safepoint "Cleanup", Time since last: 3000312042 ns, Reaching safepoint: 638611 ns, Cleanup: 17507 ns, At safepoint: 8228 ns, Total: 664346 ns
[2025-04-24T20:03:46.922+0000][179.246s][debug][safepoint   ] Safepoint synchronization initiated using futex wait barrier. (210 threads)
[2025-04-24T20:03:46.922+0000][179.246s][info ][safepoint   ] Safepoint "Cleanup", Time since last: 7000582876 ns, Reaching safepoint: 72894 ns, Cleanup: 34561 ns, At safepoint: 5615 ns, Total: 113070 ns
[2025-04-24T20:03:49.939+0000][182.264s][debug][safepoint   ] Safepoint synchronization initiated using futex wait barrier. (209 threads)
[2025-04-24T20:03:49.939+0000][182.264s][info ][safepoint   ] Safepoint "Cleanup", Time since last: 3017379650 ns, Reaching safepoint: 80399 ns, Cleanup: 13233 ns, At safepoint: 7283 ns, Total: 100915 ns
[2025-04-24T20:03:51.940+0000][184.264s][debug][safepoint   ] Safepoint synchronization initiated using futex wait barrier. (207 threads)
[2025-04-24T20:03:51.940+0000][184.264s][info ][safepoint   ] Safepoint "Cleanup", Time since last: 2000249402 ns, Reaching safepoint: 70724 ns, Cleanup: 20997 ns, At safepoint: 5438 ns, Total: 97159 ns
[2025-04-24T20:03:52.940+0000][185.264s][debug][safepoint   ] Safepoint synchronization initiated using futex wait barrier. (207 threads)
[2025-04-24T20:03:52.940+0000][185.264s][info ][safepoint   ] Safepoint "Cleanup", Time since last: 1000078255 ns, Reaching safepoint: 62933 ns, Cleanup: 11184 ns, At safepoint: 6009 ns, Total: 80126 ns
[2025-04-24T20:03:59.941+0000][192.265s][debug][safepoint   ] Safepoint synchronization initiated using futex wait barrier. (207 threads)
[2025-04-24T20:03:59.941+0000][192.265s][info ][safepoint   ] Safepoint "Cleanup", Time since last: 7000946190 ns, Reaching safepoint: 90957 ns, Cleanup: 19160 ns, At safepoint: 15949 ns, Total: 126066 ns
[2025-04-24T20:04:18.943+0000][211.268s][debug][safepoint   ] Safepoint synchronization initiated using futex wait barrier. (204 threads)
[2025-04-24T20:04:18.943+0000][211.268s][info ][safepoint   ] Safepoint "Cleanup", Time since last: 19002282397 ns, Reaching safepoint: 73602 ns, Cleanup: 12580 ns, At safepoint: 5856 ns, Total: 92038 ns
[2025-04-24T20:04:24.944+0000][217.268s][debug][safepoint   ] Safepoint synchronization initiated using futex wait barrier. (204 threads)
[2025-04-24T20:04:24.944+0000][217.269s][info ][safepoint   ] Safepoint "Cleanup", Time since last: 6000588287 ns, Reaching safepoint: 271353 ns, Cleanup: 45656 ns, At safepoint: 27435 ns, Total: 344444 ns
[2025-04-24T20:04:33.945+0000][226.270s][debug][safepoint   ] Safepoint synchronization initiated using futex wait barrier. (204 threads)
[2025-04-24T20:04:33.945+0000][226.270s][info ][safepoint   ] Safepoint "Cleanup", Time since last: 9000960017 ns, Reaching safepoint: 80397 ns, Cleanup: 14223 ns, At safepoint: 7958 ns, Total: 102578 ns
[2025-04-24T20:04:36.946+0000][229.270s][debug][safepoint   ] Safepoint synchronization initiated using futex wait barrier. (204 threads)
[2025-04-24T20:04:36.946+0000][229.270s][info ][safepoint   ] Safepoint "Cleanup", Time since last: 3000392162 ns, Reaching safepoint: 79645 ns, Cleanup: 15521 ns, At safepoint: 7490 ns, Total: 102656 ns
[2025-04-24T20:04:48.949+0000][241.273s][debug][safepoint   ] Safepoint synchronization initiated using futex wait barrier. (203 threads)
[2025-04-24T20:04:48.949+0000][241.273s][info ][safepoint   ] Safepoint "Cleanup", Time since last: 12002993617 ns, Reaching safepoint: 140787 ns, Cleanup: 21216 ns, At safepoint: 11402 ns, Total: 173405 ns
[2025-04-24T20:04:52.950+0000][245.274s][debug][safepoint   ] Safepoint synchronization initiated using futex wait barrier. (203 threads)
[2025-04-24T20:04:52.950+0000][245.274s][info ][safepoint   ] Safepoint "Cleanup", Time since last: 4000556442 ns, Reaching safepoint: 113852 ns, Cleanup: 145434 ns, At safepoint: 14485 ns, Total: 273771 ns
[2025-04-24T20:04:53.950+0000][246.274s][debug][safepoint   ] Safepoint synchronization initiated using futex wait barrier. (203 threads)
[2025-04-24T20:04:53.950+0000][246.275s][info ][safepoint   ] Safepoint "Cleanup", Time since last: 1000108729 ns, Reaching safepoint: 89512 ns, Cleanup: 27227 ns, At safepoint: 5467 ns, Total: 122206 ns
[2025-04-24T20:04:54.950+0000][247.275s][debug][safepoint   ] Safepoint synchronization initiated using futex wait barrier. (203 threads)
[2025-04-24T20:04:54.951+0000][247.275s][info ][safepoint   ] Safepoint "Cleanup", Time since last: 1000148240 ns, Reaching safepoint: 447030 ns, Cleanup: 63857 ns, At safepoint: 23681 ns, Total: 534568 ns
[2025-04-24T20:04:55.951+0000][248.276s][debug][safepoint   ] Safepoint synchronization initiated using futex wait barrier. (203 threads)
[2025-04-24T20:04:55.951+0000][248.276s][info ][safepoint   ] Safepoint "Cleanup", Time since last: 1000289322 ns, Reaching safepoint: 101218 ns, Cleanup: 19337 ns, At safepoint: 12638 ns, Total: 133193 ns
[2025-04-24T20:04:59.952+0000][252.276s][debug][safepoint   ] Safepoint synchronization initiated using futex wait barrier. (203 threads)
[2025-04-24T20:04:59.952+0000][252.277s][info ][safepoint   ] Safepoint "Cleanup", Time since last: 4000639748 ns, Reaching safepoint: 286442 ns, Cleanup: 50838 ns, At safepoint: 34344 ns, Total: 371624 ns
[2025-04-24T20:05:00.953+0000][253.277s][debug][safepoint   ] Safepoint synchronization initiated using futex wait barrier. (203 threads)
[2025-04-24T20:05:00.953+0000][253.277s][info ][safepoint   ] Safepoint "Cleanup", Time since last: 1000315100 ns, Reaching safepoint: 268611 ns, Cleanup: 37519 ns, At safepoint: 39075 ns, Total: 345205 ns
[2025-04-24T20:05:33.959+0000][286.283s][debug][safepoint   ] Safepoint synchronization initiated using futex wait barrier. (201 threads)
[2025-04-24T20:05:33.959+0000][286.284s][info ][safepoint   ] Safepoint "Cleanup", Time since last: 33006103906 ns, Reaching safepoint: 216480 ns, Cleanup: 36727 ns, At safepoint: 23529 ns, Total: 276736 ns
[2025-04-24T20:05:54.006+0000][306.330s][debug][safepoint   ] Safepoint synchronization initiated using futex wait barrier. (200 threads)
[2025-04-24T20:05:54.006+0000][306.331s][info ][safepoint   ] Safepoint "Cleanup", Time since last: 20046719319 ns, Reaching safepoint: 94849 ns, Cleanup: 33877 ns, At safepoint: 7233 ns, Total: 135959 ns
[2025-04-24T20:06:00.007+0000][312.332s][debug][safepoint   ] Safepoint synchronization initiated using futex wait barrier. (200 threads)
[2025-04-24T20:06:00.007+0000][312.332s][info ][safepoint   ] Safepoint "Cleanup", Time since last: 6001042316 ns, Reaching safepoint: 284192 ns, Cleanup: 46809 ns, At safepoint: 33384 ns, Total: 364385 ns
[2025-04-24T20:06:01.008+0000][313.332s][debug][safepoint   ] Safepoint synchronization initiated using futex wait barrier. (200 threads)
[2025-04-24T20:06:01.008+0000][313.332s][info ][safepoint   ] Safepoint "Cleanup", Time since last: 1000189975 ns, Reaching safepoint: 139509 ns, Cleanup: 20551 ns, At safepoint: 11645 ns, Total: 171705 ns
[2025-04-24T20:06:03.008+0000][315.333s][debug][safepoint   ] Safepoint synchronization initiated using futex wait barrier. (200 threads)
[2025-04-24T20:06:03.008+0000][315.333s][info ][safepoint   ] Safepoint "Cleanup", Time since last: 2000355000 ns, Reaching safepoint: 212555 ns, Cleanup: 36386 ns, At safepoint: 27155 ns, Total: 276096 ns
[2025-04-24T20:06:07.009+0000][319.334s][debug][safepoint   ] Safepoint synchronization initiated using futex wait barrier. (200 threads)
[2025-04-24T20:06:07.009+0000][319.334s][info ][safepoint   ] Safepoint "Cleanup", Time since last: 4000629608 ns, Reaching safepoint: 66661 ns, Cleanup: 15894 ns, At safepoint: 6313 ns, Total: 88868 ns
[2025-04-24T20:06:21.823+0000][334.147s][debug][safepoint   ] Safepoint synchronization initiated using futex wait barrier. (199 threads)
[2025-04-24T20:06:21.823+0000][334.148s][info ][gc,start    ] GC(68) Pause Young (Normal) (G1 Evacuation Pause)
[2025-04-24T20:06:21.823+0000][334.148s][info ][gc,task     ] GC(68) Using 4 workers of 4 for evacuation
[2025-04-24T20:06:21.920+0000][334.244s][info ][gc,phases   ] GC(68)   Pre Evacuate Collection Set: 0.6ms
[2025-04-24T20:06:21.920+0000][334.244s][info ][gc,phases   ] GC(68)   Merge Heap Roots: 0.6ms
[2025-04-24T20:06:21.920+0000][334.244s][info ][gc,phases   ] GC(68)   Evacuate Collection Set: 91.4ms
[2025-04-24T20:06:21.920+0000][334.244s][info ][gc,phases   ] GC(68)   Post Evacuate Collection Set: 3.6ms
[2025-04-24T20:06:21.920+0000][334.244s][info ][gc,phases   ] GC(68)   Other: 0.5ms
[2025-04-24T20:06:21.920+0000][334.244s][info ][gc,heap     ] GC(68) Eden regions: 314->0(318)
[2025-04-24T20:06:21.920+0000][334.244s][info ][gc,heap     ] GC(68) Survivor regions: 29->18(43)
[2025-04-24T20:06:21.920+0000][334.244s][info ][gc,heap     ] GC(68) Old regions: 146->160
[2025-04-24T20:06:21.920+0000][334.244s][info ][gc,heap     ] GC(68) Archive regions: 2->2
[2025-04-24T20:06:21.920+0000][334.244s][info ][gc,heap     ] GC(68) Humongous regions: 2->2
[2025-04-24T20:06:21.920+0000][334.245s][info ][gc,metaspace] GC(68) Metaspace: 183724K(185024K)->183724K(185024K) NonClass: 161176K(161856K)->161176K(161856K) Class: 22547K(23168K)->22547K(23168K)
[2025-04-24T20:06:21.920+0000][334.245s][info ][gc          ] GC(68) Pause Young (Normal) (G1 Evacuation Pause) 491M->180M(580M) 97.029ms
[2025-04-24T20:06:21.920+0000][334.245s][info ][gc,cpu      ] GC(68) User=0.27s Sys=0.00s Real=0.10s
[2025-04-24T20:06:21.921+0000][334.246s][info ][safepoint   ] Safepoint "G1CollectForAllocation", Time since last: 14813737151 ns, Reaching safepoint: 111370 ns, Cleanup: 7031 ns, At safepoint: 98099580 ns, Total: 98217981 ns
[2025-04-24T20:06:22.921+0000][335.246s][debug][safepoint   ] Safepoint synchronization initiated using futex wait barrier. (199 threads)
[2025-04-24T20:06:22.922+0000][335.246s][info ][safepoint   ] Safepoint "Cleanup", Time since last: 1000275375 ns, Reaching safepoint: 98989 ns, Cleanup: 61819 ns, At safepoint: 9380 ns, Total: 170188 ns
[2025-04-24T20:06:59.929+0000][372.254s][debug][safepoint   ] Safepoint synchronization initiated using futex wait barrier. (198 threads)
[2025-04-24T20:06:59.929+0000][372.254s][info ][safepoint   ] Safepoint "Cleanup", Time since last: 37007476480 ns, Reaching safepoint: 221715 ns, Cleanup: 49446 ns, At safepoint: 21647 ns, Total: 292808 ns
[2025-04-24T20:07:22.933+0000][395.257s][debug][safepoint   ] Safepoint synchronization initiated using futex wait barrier. (197 threads)
[2025-04-24T20:07:22.933+0000][395.257s][info ][safepoint   ] Safepoint "Cleanup", Time since last: 23003191282 ns, Reaching safepoint: 173497 ns, Cleanup: 27329 ns, At safepoint: 12926 ns, Total: 213752 ns
[2025-04-24T20:07:33.934+0000][406.259s][debug][safepoint   ] Safepoint synchronization initiated using futex wait barrier. (197 threads)
[2025-04-24T20:07:33.935+0000][406.259s][info ][safepoint   ] Safepoint "Cleanup", Time since last: 11001540323 ns, Reaching safepoint: 157660 ns, Cleanup: 27572 ns, At safepoint: 16655 ns, Total: 201887 ns
[2025-04-24T20:07:39.935+0000][412.260s][debug][safepoint   ] Safepoint synchronization initiated using futex wait barrier. (197 threads)
[2025-04-24T20:07:39.936+0000][412.260s][info ][safepoint   ] Safepoint "Cleanup", Time since last: 6000959497 ns, Reaching safepoint: 91145 ns, Cleanup: 14727 ns, At safepoint: 6664 ns, Total: 112536 ns
[2025-04-24T20:07:55.937+0000][428.262s][debug][safepoint   ] Safepoint synchronization initiated using futex wait barrier. (196 threads)
[2025-04-24T20:07:55.938+0000][428.262s][info ][safepoint   ] Safepoint "Cleanup", Time since last: 16001793911 ns, Reaching safepoint: 101823 ns, Cleanup: 29556 ns, At safepoint: 10792 ns, Total: 142171 ns
[2025-04-24T20:07:57.280+0000][429.604s][debug][safepoint   ] Safepoint synchronization initiated using futex wait barrier. (196 threads)
[2025-04-24T20:07:57.280+0000][429.604s][info ][safepoint   ] Safepoint "Cleanup", Time since last: 1342096998 ns, Reaching safepoint: 87992 ns, Cleanup: 70479 ns, At safepoint: 6360 ns, Total: 164831 ns
[2025-04-24T20:07:57.955+0000][430.280s][debug][safepoint   ] Safepoint synchronization initiated using futex wait barrier. (195 threads)
[2025-04-24T20:07:57.957+0000][430.281s][info ][safepoint   ] Safepoint "ICBufferFull", Time since last: 675449068 ns, Reaching safepoint: 303106 ns, Cleanup: 185242 ns, At safepoint: 1224168 ns, Total: 1712516 ns
[2025-04-24T20:07:58.947+0000][431.272s][debug][safepoint   ] Safepoint synchronization initiated using futex wait barrier. (197 threads)
[2025-04-24T20:07:58.948+0000][431.273s][info ][safepoint   ] Safepoint "ICBufferFull", Time since last: 990423704 ns, Reaching safepoint: 468337 ns, Cleanup: 175104 ns, At safepoint: 53172 ns, Total: 696613 ns
[2025-04-24T20:07:58.949+0000][431.273s][debug][safepoint   ] Safepoint synchronization initiated using futex wait barrier. (197 threads)
[2025-04-24T20:07:58.952+0000][431.276s][info ][safepoint   ] Safepoint "ICBufferFull", Time since last: 648564 ns, Reaching safepoint: 442983 ns, Cleanup: 9811 ns, At safepoint: 2542555 ns, Total: 2995349 ns
[2025-04-24T20:07:59.239+0000][431.564s][debug][safepoint   ] Safepoint synchronization initiated using futex wait barrier. (197 threads)
[2025-04-24T20:07:59.239+0000][431.564s][info ][gc,start    ] GC(69) Pause Young (Normal) (G1 Evacuation Pause)
[2025-04-24T20:07:59.239+0000][431.564s][info ][gc,task     ] GC(69) Using 4 workers of 4 for evacuation
[2025-04-24T20:07:59.343+0000][431.668s][info ][gc,phases   ] GC(69)   Pre Evacuate Collection Set: 0.3ms
[2025-04-24T20:07:59.343+0000][431.668s][info ][gc,phases   ] GC(69)   Merge Heap Roots: 0.5ms
[2025-04-24T20:07:59.343+0000][431.668s][info ][gc,phases   ] GC(69)   Evacuate Collection Set: 96.1ms
[2025-04-24T20:07:59.343+0000][431.668s][info ][gc,phases   ] GC(69)   Post Evacuate Collection Set: 7.0ms
[2025-04-24T20:07:59.343+0000][431.668s][info ][gc,phases   ] GC(69)   Other: 0.2ms
[2025-04-24T20:07:59.344+0000][431.668s][info ][gc,heap     ] GC(69) Eden regions: 318->0(310)
[2025-04-24T20:07:59.344+0000][431.668s][info ][gc,heap     ] GC(69) Survivor regions: 18->24(42)
[2025-04-24T20:07:59.344+0000][431.668s][info ][gc,heap     ] GC(69) Old regions: 160->160
[2025-04-24T20:07:59.344+0000][431.668s][info ][gc,heap     ] GC(69) Archive regions: 2->2
[2025-04-24T20:07:59.344+0000][431.668s][info ][gc,heap     ] GC(69) Humongous regions: 18->2
[2025-04-24T20:07:59.344+0000][431.668s][info ][gc,metaspace] GC(69) Metaspace: 185137K(186432K)->185137K(186432K) NonClass: 162472K(163136K)->162472K(163136K) Class: 22665K(23296K)->22665K(23296K)
[2025-04-24T20:07:59.344+0000][431.668s][info ][gc          ] GC(69) Pause Young (Normal) (G1 Evacuation Pause) 514M->185M(580M) 104.234ms
[2025-04-24T20:07:59.344+0000][431.668s][info ][gc,cpu      ] GC(69) User=0.21s Sys=0.00s Real=0.10s
[2025-04-24T20:07:59.344+0000][431.668s][info ][safepoint   ] Safepoint "G1CollectForAllocation", Time since last: 287445554 ns, Reaching safepoint: 93418 ns, Cleanup: 42539 ns, At safepoint: 104685473 ns, Total: 104821430 ns
[2025-04-24T20:08:00.354+0000][432.678s][debug][safepoint   ] Safepoint synchronization initiated using futex wait barrier. (203 threads)
[2025-04-24T20:08:00.364+0000][432.689s][info ][safepoint   ] Safepoint "Cleanup", Time since last: 1000877685 ns, Reaching safepoint: 9693658 ns, Cleanup: 123417 ns, At safepoint: 9463751 ns, Total: 19280826 ns
[2025-04-24T20:08:01.426+0000][433.751s][debug][safepoint   ] Safepoint synchronization initiated using futex wait barrier. (203 threads)
[2025-04-24T20:08:01.427+0000][433.751s][info ][safepoint   ] Safepoint "Cleanup", Time since last: 1062359059 ns, Reaching safepoint: 62852 ns, Cleanup: 54563 ns, At safepoint: 5900 ns, Total: 123315 ns
[2025-04-24T20:08:03.428+0000][435.752s][debug][safepoint   ] Safepoint synchronization initiated using futex wait barrier. (203 threads)
[2025-04-24T20:08:03.428+0000][435.753s][info ][safepoint   ] Safepoint "Cleanup", Time since last: 2001106377 ns, Reaching safepoint: 441013 ns, Cleanup: 31812 ns, At safepoint: 47609 ns, Total: 520434 ns
[2025-04-24T20:08:04.429+0000][436.753s][debug][safepoint   ] Safepoint synchronization initiated using futex wait barrier. (206 threads)
[2025-04-24T20:08:04.429+0000][436.753s][info ][safepoint   ] Safepoint "Cleanup", Time since last: 1000258866 ns, Reaching safepoint: 145076 ns, Cleanup: 244024 ns, At safepoint: 22947 ns, Total: 412047 ns
[2025-04-24T20:08:06.244+0000][438.569s][debug][safepoint   ] Safepoint synchronization initiated using futex wait barrier. (205 threads)
[2025-04-24T20:08:06.244+0000][438.569s][info ][safepoint   ] Safepoint "Cleanup", Time since last: 1815102627 ns, Reaching safepoint: 130460 ns, Cleanup: 156289 ns, At safepoint: 13239 ns, Total: 299988 ns
[2025-04-24T20:08:11.183+0000][443.508s][debug][safepoint   ] Safepoint synchronization initiated using futex wait barrier. (214 threads)
[2025-04-24T20:08:11.184+0000][443.508s][info ][safepoint   ] Safepoint "ICBufferFull", Time since last: 4939139186 ns, Reaching safepoint: 97649 ns, Cleanup: 130121 ns, At safepoint: 57493 ns, Total: 285263 ns
[2025-04-24T20:08:12.138+0000][444.463s][debug][safepoint   ] Safepoint synchronization initiated using futex wait barrier. (214 threads)
[2025-04-24T20:08:12.139+0000][444.463s][info ][gc,start    ] GC(70) Pause Young (Normal) (G1 Evacuation Pause)
[2025-04-24T20:08:12.139+0000][444.463s][info ][gc,task     ] GC(70) Using 4 workers of 4 for evacuation
[2025-04-24T20:08:12.201+0000][444.525s][info ][gc,phases   ] GC(70)   Pre Evacuate Collection Set: 0.3ms
[2025-04-24T20:08:12.201+0000][444.525s][info ][gc,phases   ] GC(70)   Merge Heap Roots: 0.2ms
[2025-04-24T20:08:12.201+0000][444.525s][info ][gc,phases   ] GC(70)   Evacuate Collection Set: 58.2ms
[2025-04-24T20:08:12.201+0000][444.525s][info ][gc,phases   ] GC(70)   Post Evacuate Collection Set: 3.1ms
[2025-04-24T20:08:12.201+0000][444.525s][info ][gc,phases   ] GC(70)   Other: 0.3ms
[2025-04-24T20:08:12.201+0000][444.525s][info ][gc,heap     ] GC(70) Eden regions: 310->0(298)
[2025-04-24T20:08:12.201+0000][444.525s][info ][gc,heap     ] GC(70) Survivor regions: 24->27(42)
[2025-04-24T20:08:12.201+0000][444.525s][info ][gc,heap     ] GC(70) Old regions: 160->166
[2025-04-24T20:08:12.201+0000][444.525s][info ][gc,heap     ] GC(70) Archive regions: 2->2
[2025-04-24T20:08:12.201+0000][444.525s][info ][gc,heap     ] GC(70) Humongous regions: 2->2
[2025-04-24T20:08:12.201+0000][444.525s][info ][gc,metaspace] GC(70) Metaspace: 187973K(189312K)->187973K(189312K) NonClass: 165048K(165760K)->165048K(165760K) Class: 22924K(23552K)->22924K(23552K)
[2025-04-24T20:08:12.201+0000][444.525s][info ][gc          ] GC(70) Pause Young (Normal) (G1 Evacuation Pause) 495M->194M(580M) 62.201ms
[2025-04-24T20:08:12.201+0000][444.525s][info ][gc,cpu      ] GC(70) User=0.24s Sys=0.00s Real=0.06s
[2025-04-24T20:08:12.201+0000][444.526s][info ][safepoint   ] Safepoint "G1CollectForAllocation", Time since last: 954660831 ns, Reaching safepoint: 111639 ns, Cleanup: 205467 ns, At safepoint: 62613887 ns, Total: 62930993 ns
[2025-04-24T20:08:13.231+0000][445.555s][debug][safepoint   ] Safepoint synchronization initiated using futex wait barrier. (214 threads)
[2025-04-24T20:08:13.231+0000][445.555s][info ][safepoint   ] Safepoint "Cleanup", Time since last: 1029163912 ns, Reaching safepoint: 139907 ns, Cleanup: 140990 ns, At safepoint: 17390 ns, Total: 298287 ns
[2025-04-24T20:08:14.231+0000][446.555s][debug][safepoint   ] Safepoint synchronization initiated using futex wait barrier. (213 threads)
[2025-04-24T20:08:14.231+0000][446.556s][info ][safepoint   ] Safepoint "Cleanup", Time since last: 1000172510 ns, Reaching safepoint: 198489 ns, Cleanup: 68717 ns, At safepoint: 16647 ns, Total: 283853 ns
[2025-04-24T20:08:22.019+0000][454.343s][debug][safepoint   ] Safepoint synchronization initiated using futex wait barrier. (215 threads)
[2025-04-24T20:08:22.019+0000][454.344s][info ][safepoint   ] Safepoint "Cleanup", Time since last: 7787754709 ns, Reaching safepoint: 94704 ns, Cleanup: 164454 ns, At safepoint: 36832 ns, Total: 295990 ns
[2025-04-24T20:08:23.452+0000][455.776s][debug][safepoint   ] Safepoint synchronization initiated using futex wait barrier. (218 threads)
[2025-04-24T20:08:23.453+0000][455.777s][info ][safepoint   ] Safepoint "Cleanup", Time since last: 1432607138 ns, Reaching safepoint: 245198 ns, Cleanup: 616349 ns, At safepoint: 50392 ns, Total: 911939 ns
[2025-04-24T20:08:44.456+0000][476.781s][debug][safepoint   ] Safepoint synchronization initiated using futex wait barrier. (221 threads)
[2025-04-24T20:08:44.457+0000][476.781s][info ][safepoint   ] Safepoint "Cleanup", Time since last: 21003349752 ns, Reaching safepoint: 298114 ns, Cleanup: 270597 ns, At safepoint: 41346 ns, Total: 610057 ns
[2025-04-24T20:08:45.457+0000][477.782s][debug][safepoint   ] Safepoint synchronization initiated using futex wait barrier. (221 threads)
[2025-04-24T20:08:45.458+0000][477.782s][info ][safepoint   ] Safepoint "Cleanup", Time since last: 1000471941 ns, Reaching safepoint: 203006 ns, Cleanup: 32599 ns, At safepoint: 25191 ns, Total: 260796 ns
[2025-04-24T20:08:46.458+0000][478.782s][debug][safepoint   ] Safepoint synchronization initiated using futex wait barrier. (221 threads)
[2025-04-24T20:08:46.458+0000][478.783s][info ][safepoint   ] Safepoint "Cleanup", Time since last: 1000272412 ns, Reaching safepoint: 364695 ns, Cleanup: 129958 ns, At safepoint: 60075 ns, Total: 554728 ns
[2025-04-24T20:08:51.140+0000][483.465s][debug][safepoint   ] Safepoint synchronization initiated using futex wait barrier. (221 threads)
[2025-04-24T20:08:51.140+0000][483.465s][info ][safepoint   ] Safepoint "Cleanup", Time since last: 4681713078 ns, Reaching safepoint: 157580 ns, Cleanup: 22359 ns, At safepoint: 7540 ns, Total: 187479 ns
[2025-04-24T20:08:55.141+0000][487.466s][debug][safepoint   ] Safepoint synchronization initiated using futex wait barrier. (221 threads)
[2025-04-24T20:08:55.142+0000][487.466s][info ][safepoint   ] Safepoint "Cleanup", Time since last: 4000883929 ns, Reaching safepoint: 232016 ns, Cleanup: 125743 ns, At safepoint: 34186 ns, Total: 391945 ns
[2025-04-24T20:08:56.142+0000][488.466s][debug][safepoint   ] Safepoint synchronization initiated using futex wait barrier. (221 threads)
[2025-04-24T20:08:56.142+0000][488.466s][info ][safepoint   ] Safepoint "Cleanup", Time since last: 1000166729 ns, Reaching safepoint: 150273 ns, Cleanup: 23828 ns, At safepoint: 11963 ns, Total: 186064 ns
[2025-04-24T20:08:57.142+0000][489.467s][debug][safepoint   ] Safepoint synchronization initiated using futex wait barrier. (221 threads)
[2025-04-24T20:08:57.142+0000][489.467s][info ][safepoint   ] Safepoint "Cleanup", Time since last: 1000169862 ns, Reaching safepoint: 71212 ns, Cleanup: 59513 ns, At safepoint: 13623 ns, Total: 144348 ns
[2025-04-24T20:08:59.143+0000][491.467s][debug][safepoint   ] Safepoint synchronization initiated using futex wait barrier. (221 threads)
[2025-04-24T20:08:59.143+0000][491.468s][info ][safepoint   ] Safepoint "Cleanup", Time since last: 2000715663 ns, Reaching safepoint: 104035 ns, Cleanup: 11655 ns, At safepoint: 10867 ns, Total: 126557 ns
[2025-04-24T20:09:00.143+0000][492.468s][debug][safepoint   ] Safepoint synchronization initiated using futex wait barrier. (221 threads)
[2025-04-24T20:09:00.144+0000][492.468s][info ][safepoint   ] Safepoint "Cleanup", Time since last: 1000165747 ns, Reaching safepoint: 312565 ns, Cleanup: 127127 ns, At safepoint: 28461 ns, Total: 468153 ns
[2025-04-24T20:09:01.144+0000][493.468s][debug][safepoint   ] Safepoint synchronization initiated using futex wait barrier. (221 threads)
[2025-04-24T20:09:01.144+0000][493.469s][info ][safepoint   ] Safepoint "Cleanup", Time since last: 1000325382 ns, Reaching safepoint: 315830 ns, Cleanup: 41947 ns, At safepoint: 26926 ns, Total: 384703 ns
[2025-04-24T20:09:02.145+0000][494.469s][debug][safepoint   ] Safepoint synchronization initiated using futex wait barrier. (222 threads)
[2025-04-24T20:09:02.145+0000][494.470s][info ][safepoint   ] Safepoint "Cleanup", Time since last: 1000274102 ns, Reaching safepoint: 261194 ns, Cleanup: 229538 ns, At safepoint: 21528 ns, Total: 512260 ns
[2025-04-24T20:09:12.146+0000][504.471s][debug][safepoint   ] Safepoint synchronization initiated using futex wait barrier. (222 threads)
[2025-04-24T20:09:12.147+0000][504.471s][info ][safepoint   ] Safepoint "Cleanup", Time since last: 10001272257 ns, Reaching safepoint: 71453 ns, Cleanup: 58230 ns, At safepoint: 6440 ns, Total: 136123 ns
[2025-04-24T20:09:14.147+0000][506.472s][debug][safepoint   ] Safepoint synchronization initiated using futex wait barrier. (222 threads)
[2025-04-24T20:09:14.148+0000][506.473s][info ][safepoint   ] Safepoint "Cleanup", Time since last: 2000466213 ns, Reaching safepoint: 1101802 ns, Cleanup: 34543 ns, At safepoint: 13007 ns, Total: 1149352 ns
[2025-04-24T20:09:18.149+0000][510.473s][debug][safepoint   ] Safepoint synchronization initiated using futex wait barrier. (222 threads)
[2025-04-24T20:09:18.149+0000][510.474s][info ][safepoint   ] Safepoint "Cleanup", Time since last: 4000686306 ns, Reaching safepoint: 216640 ns, Cleanup: 36182 ns, At safepoint: 25594 ns, Total: 278416 ns
[2025-04-24T20:09:46.153+0000][538.477s][debug][safepoint   ] Safepoint synchronization initiated using futex wait barrier. (219 threads)
[2025-04-24T20:09:46.153+0000][538.478s][info ][safepoint   ] Safepoint "Cleanup", Time since last: 28003685384 ns, Reaching safepoint: 316420 ns, Cleanup: 47132 ns, At safepoint: 38727 ns, Total: 402279 ns
[2025-04-24T20:09:47.154+0000][539.478s][debug][safepoint   ] Safepoint synchronization initiated using futex wait barrier. (219 threads)
[2025-04-24T20:09:47.154+0000][539.479s][info ][safepoint   ] Safepoint "Cleanup", Time since last: 1000356658 ns, Reaching safepoint: 354274 ns, Cleanup: 40731 ns, At safepoint: 25459 ns, Total: 420464 ns
[2025-04-24T20:09:56.179+0000][548.503s][debug][safepoint   ] Safepoint synchronization initiated using futex wait barrier. (219 threads)
[2025-04-24T20:09:56.179+0000][548.504s][info ][safepoint   ] Safepoint "Cleanup", Time since last: 9024762594 ns, Reaching safepoint: 419110 ns, Cleanup: 43012 ns, At safepoint: 109490 ns, Total: 571612 ns
[2025-04-24T20:09:58.180+0000][550.504s][debug][safepoint   ] Safepoint synchronization initiated using futex wait barrier. (219 threads)
[2025-04-24T20:09:58.180+0000][550.505s][info ][safepoint   ] Safepoint "Cleanup", Time since last: 2000509231 ns, Reaching safepoint: 241523 ns, Cleanup: 43977 ns, At safepoint: 27152 ns, Total: 312652 ns
[2025-04-24T20:09:59.180+0000][551.505s][debug][safepoint   ] Safepoint synchronization initiated using futex wait barrier. (219 threads)
[2025-04-24T20:09:59.181+0000][551.505s][info ][safepoint   ] Safepoint "Cleanup", Time since last: 1000316540 ns, Reaching safepoint: 178194 ns, Cleanup: 79224 ns, At safepoint: 28203 ns, Total: 285621 ns
[2025-04-24T20:10:02.182+0000][554.506s][debug][safepoint   ] Safepoint synchronization initiated using futex wait barrier. (221 threads)
[2025-04-24T20:10:02.182+0000][554.507s][info ][safepoint   ] Safepoint "Cleanup", Time since last: 3000789895 ns, Reaching safepoint: 297113 ns, Cleanup: 180503 ns, At safepoint: 46500 ns, Total: 524116 ns
[2025-04-24T20:10:04.183+0000][556.507s][debug][safepoint   ] Safepoint synchronization initiated using futex wait barrier. (221 threads)
[2025-04-24T20:10:04.183+0000][556.507s][info ][safepoint   ] Safepoint "Cleanup", Time since last: 2000429960 ns, Reaching safepoint: 76977 ns, Cleanup: 14522 ns, At safepoint: 7240 ns, Total: 98739 ns
[2025-04-24T20:10:06.183+0000][558.507s][debug][safepoint   ] Safepoint synchronization initiated using futex wait barrier. (221 threads)
[2025-04-24T20:10:06.183+0000][558.507s][info ][safepoint   ] Safepoint "Cleanup", Time since last: 2000141660 ns, Reaching safepoint: 89548 ns, Cleanup: 13140 ns, At safepoint: 4416 ns, Total: 107104 ns
[2025-04-24T20:10:08.183+0000][560.507s][debug][safepoint   ] Safepoint synchronization initiated using futex wait barrier. (221 threads)
[2025-04-24T20:10:08.183+0000][560.508s][info ][safepoint   ] Safepoint "Cleanup", Time since last: 2000134267 ns, Reaching safepoint: 63808 ns, Cleanup: 19104 ns, At safepoint: 5114 ns, Total: 88026 ns
[2025-04-24T20:10:10.183+0000][562.508s][debug][safepoint   ] Safepoint synchronization initiated using futex wait barrier. (221 threads)
[2025-04-24T20:10:10.183+0000][562.508s][info ][safepoint   ] Safepoint "Cleanup", Time since last: 2000188722 ns, Reaching safepoint: 84046 ns, Cleanup: 29586 ns, At safepoint: 5975 ns, Total: 119607 ns
[2025-04-24T20:10:11.184+0000][563.508s][debug][safepoint   ] Safepoint synchronization initiated using futex wait barrier. (223 threads)
[2025-04-24T20:10:11.184+0000][563.508s][info ][safepoint   ] Safepoint "Cleanup", Time since last: 1000125514 ns, Reaching safepoint: 135426 ns, Cleanup: 182911 ns, At safepoint: 18089 ns, Total: 336426 ns
[2025-04-24T20:10:11.561+0000][563.885s][debug][safepoint   ] Safepoint synchronization initiated using futex wait barrier. (220 threads)
[2025-04-24T20:10:11.561+0000][563.885s][info ][gc,start    ] GC(71) Pause Young (Normal) (G1 Evacuation Pause)
[2025-04-24T20:10:11.561+0000][563.885s][info ][gc,task     ] GC(71) Using 4 workers of 4 for evacuation
[2025-04-24T20:10:11.603+0000][563.928s][info ][gc,phases   ] GC(71)   Pre Evacuate Collection Set: 0.2ms
[2025-04-24T20:10:11.603+0000][563.928s][info ][gc,phases   ] GC(71)   Merge Heap Roots: 0.2ms
[2025-04-24T20:10:11.603+0000][563.928s][info ][gc,phases   ] GC(71)   Evacuate Collection Set: 39.5ms
[2025-04-24T20:10:11.604+0000][563.928s][info ][gc,phases   ] GC(71)   Post Evacuate Collection Set: 2.5ms
[2025-04-24T20:10:11.604+0000][563.928s][info ][gc,phases   ] GC(71)   Other: 0.2ms
[2025-04-24T20:10:11.604+0000][563.928s][info ][gc,heap     ] GC(71) Eden regions: 298->0(296)
[2025-04-24T20:10:11.604+0000][563.928s][info ][gc,heap     ] GC(71) Survivor regions: 27->24(41)
[2025-04-24T20:10:11.604+0000][563.928s][info ][gc,heap     ] GC(71) Old regions: 166->174
[2025-04-24T20:10:11.604+0000][563.928s][info ][gc,heap     ] GC(71) Archive regions: 2->2
[2025-04-24T20:10:11.604+0000][563.928s][info ][gc,heap     ] GC(71) Humongous regions: 2->2
[2025-04-24T20:10:11.604+0000][563.928s][info ][gc,metaspace] GC(71) Metaspace: 192176K(193600K)->192176K(193600K) NonClass: 168778K(169536K)->168778K(169536K) Class: 23398K(24064K)->23398K(24064K)
[2025-04-24T20:10:11.604+0000][563.928s][info ][gc          ] GC(71) Pause Young (Normal) (G1 Evacuation Pause) 492M->200M(580M) 42.717ms
[2025-04-24T20:10:11.604+0000][563.928s][info ][gc,cpu      ] GC(71) User=0.13s Sys=0.00s Real=0.04s
[2025-04-24T20:10:11.605+0000][563.929s][info ][safepoint   ] Safepoint "G1CollectForAllocation", Time since last: 376823088 ns, Reaching safepoint: 97012 ns, Cleanup: 51516 ns, At safepoint: 43915799 ns, Total: 44064327 ns
[2025-04-24T20:10:12.605+0000][564.929s][debug][safepoint   ] Safepoint synchronization initiated using futex wait barrier. (221 threads)
[2025-04-24T20:10:12.605+0000][564.929s][info ][safepoint   ] Safepoint "Cleanup", Time since last: 1000122826 ns, Reaching safepoint: 79065 ns, Cleanup: 53389 ns, At safepoint: 8178 ns, Total: 140632 ns
[2025-04-24T20:10:13.605+0000][565.930s][debug][safepoint   ] Safepoint synchronization initiated using futex wait barrier. (221 threads)
[2025-04-24T20:10:13.605+0000][565.930s][info ][safepoint   ] Safepoint "Cleanup", Time since last: 1000083224 ns, Reaching safepoint: 263962 ns, Cleanup: 75466 ns, At safepoint: 12566 ns, Total: 351994 ns
[2025-04-24T20:10:16.606+0000][568.930s][debug][safepoint   ] Safepoint synchronization initiated using futex wait barrier. (221 threads)
[2025-04-24T20:10:16.606+0000][568.931s][info ][safepoint   ] Safepoint "Cleanup", Time since last: 3000426335 ns, Reaching safepoint: 258627 ns, Cleanup: 38767 ns, At safepoint: 29410 ns, Total: 326804 ns
[2025-04-24T20:10:26.017+0000][578.341s][debug][safepoint   ] Safepoint synchronization initiated using futex wait barrier. (221 threads)
[2025-04-24T20:10:26.017+0000][578.342s][info ][safepoint   ] Safepoint "Cleanup", Time since last: 9410707188 ns, Reaching safepoint: 467942 ns, Cleanup: 51136 ns, At safepoint: 41569 ns, Total: 560647 ns
[2025-04-24T20:10:27.018+0000][579.342s][debug][safepoint   ] Safepoint synchronization initiated using futex wait barrier. (222 threads)
[2025-04-24T20:10:27.018+0000][579.343s][info ][safepoint   ] Safepoint "Cleanup", Time since last: 1000271478 ns, Reaching safepoint: 178603 ns, Cleanup: 120734 ns, At safepoint: 24262 ns, Total: 323599 ns
[2025-04-24T20:10:28.018+0000][580.343s][debug][safepoint   ] Safepoint synchronization initiated using futex wait barrier. (222 threads)
[2025-04-24T20:10:28.018+0000][580.343s][info ][safepoint   ] Safepoint "Cleanup", Time since last: 1000120773 ns, Reaching safepoint: 122134 ns, Cleanup: 23376 ns, At safepoint: 8667 ns, Total: 154177 ns
[2025-04-24T20:10:29.354+0000][581.678s][debug][safepoint   ] Safepoint synchronization initiated using futex wait barrier. (223 threads)
[2025-04-24T20:10:29.354+0000][581.679s][info ][safepoint   ] Safepoint "Cleanup", Time since last: 1335414255 ns, Reaching safepoint: 112775 ns, Cleanup: 232693 ns, At safepoint: 11884 ns, Total: 357352 ns
[2025-04-24T20:10:30.354+0000][582.679s][debug][safepoint   ] Safepoint synchronization initiated using futex wait barrier. (223 threads)
[2025-04-24T20:10:30.356+0000][582.681s][info ][safepoint   ] Safepoint "Cleanup", Time since last: 1000144443 ns, Reaching safepoint: 1481649 ns, Cleanup: 88935 ns, At safepoint: 299554 ns, Total: 1870138 ns
[2025-04-24T20:10:31.357+0000][583.681s][debug][safepoint   ] Safepoint synchronization initiated using futex wait barrier. (223 threads)
[2025-04-24T20:10:31.357+0000][583.682s][info ][safepoint   ] Safepoint "Cleanup", Time since last: 1000372486 ns, Reaching safepoint: 437453 ns, Cleanup: 79881 ns, At safepoint: 50079 ns, Total: 567413 ns
[2025-04-24T20:10:33.357+0000][585.682s][debug][safepoint   ] Safepoint synchronization initiated using futex wait barrier. (222 threads)
[2025-04-24T20:10:33.358+0000][585.682s][info ][safepoint   ] Safepoint "Cleanup", Time since last: 2000420857 ns, Reaching safepoint: 79866 ns, Cleanup: 30692 ns, At safepoint: 6252 ns, Total: 116810 ns
[2025-04-24T20:10:34.358+0000][586.682s][debug][safepoint   ] Safepoint synchronization initiated using futex wait barrier. (224 threads)
[2025-04-24T20:10:34.358+0000][586.682s][info ][safepoint   ] Safepoint "Cleanup", Time since last: 1000237352 ns, Reaching safepoint: 112935 ns, Cleanup: 31935 ns, At safepoint: 5941 ns, Total: 150811 ns
[2025-04-24T20:10:35.358+0000][587.683s][debug][safepoint   ] Safepoint synchronization initiated using futex wait barrier. (224 threads)
[2025-04-24T20:10:35.359+0000][587.683s][info ][safepoint   ] Safepoint "Cleanup", Time since last: 1000217404 ns, Reaching safepoint: 175074 ns, Cleanup: 133530 ns, At safepoint: 22472 ns, Total: 331076 ns
[2025-04-24T20:10:42.360+0000][594.684s][debug][safepoint   ] Safepoint synchronization initiated using futex wait barrier. (224 threads)
[2025-04-24T20:10:42.361+0000][594.686s][info ][safepoint   ] Safepoint "Cleanup", Time since last: 7001346833 ns, Reaching safepoint: 962616 ns, Cleanup: 48102 ns, At safepoint: 314183 ns, Total: 1324901 ns
[2025-04-24T20:10:59.216+0000][611.541s][debug][safepoint   ] Safepoint synchronization initiated using futex wait barrier. (225 threads)
[2025-04-24T20:10:59.219+0000][611.543s][info ][safepoint   ] Safepoint "Cleanup", Time since last: 16855257233 ns, Reaching safepoint: 2193201 ns, Cleanup: 43803 ns, At safepoint: 49490 ns, Total: 2286494 ns
[2025-04-24T20:11:00.219+0000][612.543s][debug][safepoint   ] Safepoint synchronization initiated using futex wait barrier. (225 threads)
[2025-04-24T20:11:00.220+0000][612.544s][info ][safepoint   ] Safepoint "Cleanup", Time since last: 1000184885 ns, Reaching safepoint: 370359 ns, Cleanup: 125283 ns, At safepoint: 183828 ns, Total: 679470 ns
[2025-04-24T20:11:11.221+0000][623.546s][debug][safepoint   ] Safepoint synchronization initiated using futex wait barrier. (224 threads)
[2025-04-24T20:11:11.222+0000][623.546s][info ][safepoint   ] Safepoint "Cleanup", Time since last: 11001769639 ns, Reaching safepoint: 237817 ns, Cleanup: 41459 ns, At safepoint: 24309 ns, Total: 303585 ns
[2025-04-24T20:11:17.223+0000][629.547s][debug][safepoint   ] Safepoint synchronization initiated using futex wait barrier. (224 threads)
[2025-04-24T20:11:17.223+0000][629.548s][info ][safepoint   ] Safepoint "Cleanup", Time since last: 6001243695 ns, Reaching safepoint: 270687 ns, Cleanup: 49396 ns, At safepoint: 27003 ns, Total: 347086 ns
[2025-04-24T20:11:47.229+0000][659.553s][debug][safepoint   ] Safepoint synchronization initiated using futex wait barrier. (220 threads)
[2025-04-24T20:11:47.229+0000][659.553s][info ][safepoint   ] Safepoint "Cleanup", Time since last: 30005225431 ns, Reaching safepoint: 333921 ns, Cleanup: 45251 ns, At safepoint: 33154 ns, Total: 412326 ns
[2025-04-24T20:11:59.257+0000][671.582s][debug][safepoint   ] Safepoint synchronization initiated using futex wait barrier. (220 threads)
[2025-04-24T20:11:59.257+0000][671.582s][info ][safepoint   ] Safepoint "Cleanup", Time since last: 12028114558 ns, Reaching safepoint: 302637 ns, Cleanup: 41429 ns, At safepoint: 29676 ns, Total: 373742 ns
[2025-04-24T20:12:00.258+0000][672.583s][debug][safepoint   ] Safepoint synchronization initiated using futex wait barrier. (220 threads)
[2025-04-24T20:12:00.258+0000][672.583s][info ][safepoint   ] Safepoint "Cleanup", Time since last: 1000708533 ns, Reaching safepoint: 259541 ns, Cleanup: 43504 ns, At safepoint: 31318 ns, Total: 334363 ns
[2025-04-24T20:12:19.264+0000][691.589s][debug][safepoint   ] Safepoint synchronization initiated using futex wait barrier. (213 threads)
[2025-04-24T20:12:19.264+0000][691.589s][info ][safepoint   ] Safepoint "Cleanup", Time since last: 19005600937 ns, Reaching safepoint: 235981 ns, Cleanup: 36099 ns, At safepoint: 26666 ns, Total: 298746 ns
[2025-04-24T20:12:21.265+0000][693.589s][debug][safepoint   ] Safepoint synchronization initiated using futex wait barrier. (213 threads)
[2025-04-24T20:12:21.265+0000][693.589s][info ][safepoint   ] Safepoint "Cleanup", Time since last: 2000215603 ns, Reaching safepoint: 83086 ns, Cleanup: 15375 ns, At safepoint: 5530 ns, Total: 103991 ns
[2025-04-24T20:12:24.265+0000][696.589s][debug][safepoint   ] Safepoint synchronization initiated using futex wait barrier. (213 threads)
[2025-04-24T20:12:24.265+0000][696.590s][info ][safepoint   ] Safepoint "Cleanup", Time since last: 3000206761 ns, Reaching safepoint: 146387 ns, Cleanup: 24283 ns, At safepoint: 8220 ns, Total: 178890 ns
[2025-04-24T20:12:46.267+0000][718.592s][debug][safepoint   ] Safepoint synchronization initiated using futex wait barrier. (210 threads)
[2025-04-24T20:12:46.267+0000][718.592s][info ][safepoint   ] Safepoint "Cleanup", Time since last: 22002342359 ns, Reaching safepoint: 63029 ns, Cleanup: 13293 ns, At safepoint: 7350 ns, Total: 83672 ns
[2025-04-24T20:12:59.269+0000][731.593s][debug][safepoint   ] Safepoint synchronization initiated using futex wait barrier. (209 threads)
[2025-04-24T20:12:59.269+0000][731.593s][info ][safepoint   ] Safepoint "Cleanup", Time since last: 13001326385 ns, Reaching safepoint: 120498 ns, Cleanup: 9745 ns, At safepoint: 4385 ns, Total: 134628 ns
[2025-04-24T20:13:01.269+0000][733.594s][debug][safepoint   ] Safepoint synchronization initiated using futex wait barrier. (209 threads)
[2025-04-24T20:13:01.269+0000][733.594s][info ][safepoint   ] Safepoint "Cleanup", Time since last: 2000300444 ns, Reaching safepoint: 63146 ns, Cleanup: 13222 ns, At safepoint: 6012 ns, Total: 82380 ns
[2025-04-24T20:13:04.270+0000][736.594s][debug][safepoint   ] Safepoint synchronization initiated using futex wait barrier. (209 threads)
[2025-04-24T20:13:04.270+0000][736.595s][info ][safepoint   ] Safepoint "Cleanup", Time since last: 3000576402 ns, Reaching safepoint: 244335 ns, Cleanup: 33573 ns, At safepoint: 23124 ns, Total: 301032 ns
[2025-04-24T20:13:14.272+0000][746.597s][debug][safepoint   ] Safepoint synchronization initiated using futex wait barrier. (209 threads)
[2025-04-24T20:13:14.272+0000][746.597s][info ][safepoint   ] Safepoint "Cleanup", Time since last: 10001847140 ns, Reaching safepoint: 253815 ns, Cleanup: 39782 ns, At safepoint: 30818 ns, Total: 324415 ns
[2025-04-24T20:13:17.659+0000][749.984s][debug][safepoint   ] Safepoint synchronization initiated using futex wait barrier. (207 threads)
[2025-04-24T20:13:17.660+0000][749.984s][info ][gc,start    ] GC(72) Pause Young (Normal) (G1 Evacuation Pause)
[2025-04-24T20:13:17.660+0000][749.984s][info ][gc,task     ] GC(72) Using 4 workers of 4 for evacuation
[2025-04-24T20:13:17.779+0000][750.104s][info ][gc,phases   ] GC(72)   Pre Evacuate Collection Set: 1.0ms
[2025-04-24T20:13:17.779+0000][750.104s][info ][gc,phases   ] GC(72)   Merge Heap Roots: 1.0ms
[2025-04-24T20:13:17.779+0000][750.104s][info ][gc,phases   ] GC(72)   Evacuate Collection Set: 114.5ms
[2025-04-24T20:13:17.780+0000][750.104s][info ][gc,phases   ] GC(72)   Post Evacuate Collection Set: 2.8ms
[2025-04-24T20:13:17.780+0000][750.104s][info ][gc,phases   ] GC(72)   Other: 0.6ms
[2025-04-24T20:13:17.780+0000][750.104s][info ][gc,heap     ] GC(72) Eden regions: 296->0(297)
[2025-04-24T20:13:17.780+0000][750.104s][info ][gc,heap     ] GC(72) Survivor regions: 24->18(40)
[2025-04-24T20:13:17.780+0000][750.104s][info ][gc,heap     ] GC(72) Old regions: 174->183
[2025-04-24T20:13:17.780+0000][750.104s][info ][gc,heap     ] GC(72) Archive regions: 2->2
[2025-04-24T20:13:17.780+0000][750.104s][info ][gc,heap     ] GC(72) Humongous regions: 2->2
[2025-04-24T20:13:17.780+0000][750.104s][info ][gc,metaspace] GC(72) Metaspace: 193239K(194688K)->193239K(194688K) NonClass: 169749K(170496K)->169749K(170496K) Class: 23489K(24192K)->23489K(24192K)
[2025-04-24T20:13:17.780+0000][750.104s][info ][gc          ] GC(72) Pause Young (Normal) (G1 Evacuation Pause) 496M->202M(580M) 119.983ms
[2025-04-24T20:13:17.780+0000][750.104s][info ][gc,cpu      ] GC(72) User=0.45s Sys=0.00s Real=0.12s
[2025-04-24T20:13:17.780+0000][750.104s][info ][safepoint   ] Safepoint "G1CollectForAllocation", Time since last: 3386868261 ns, Reaching safepoint: 229262 ns, Cleanup: 13979 ns, At safepoint: 120507265 ns, Total: 120750506 ns
[2025-04-24T20:13:24.781+0000][757.105s][debug][safepoint   ] Safepoint synchronization initiated using futex wait barrier. (206 threads)
[2025-04-24T20:13:24.781+0000][757.106s][info ][safepoint   ] Safepoint "Cleanup", Time since last: 7000957055 ns, Reaching safepoint: 113921 ns, Cleanup: 18974 ns, At safepoint: 10007 ns, Total: 142902 ns
[2025-04-24T20:13:26.781+0000][759.106s][debug][safepoint   ] Safepoint synchronization initiated using futex wait barrier. (204 threads)
[2025-04-24T20:13:26.782+0000][759.106s][info ][safepoint   ] Safepoint "Cleanup", Time since last: 2000262566 ns, Reaching safepoint: 121609 ns, Cleanup: 18756 ns, At safepoint: 7958 ns, Total: 148323 ns
[2025-04-24T20:13:53.785+0000][786.110s][debug][safepoint   ] Safepoint synchronization initiated using futex wait barrier. (203 threads)
[2025-04-24T20:13:53.786+0000][786.110s][info ][safepoint   ] Safepoint "Cleanup", Time since last: 27003940665 ns, Reaching safepoint: 229662 ns, Cleanup: 100117 ns, At safepoint: 46218 ns, Total: 375997 ns
[2025-04-24T20:13:56.786+0000][789.111s][debug][safepoint   ] Safepoint synchronization initiated using futex wait barrier. (203 threads)
[2025-04-24T20:13:56.787+0000][789.111s][info ][safepoint   ] Safepoint "Cleanup", Time since last: 3000480087 ns, Reaching safepoint: 280628 ns, Cleanup: 53810 ns, At safepoint: 36759 ns, Total: 371197 ns
[2025-04-24T20:13:59.787+0000][792.112s][debug][safepoint   ] Safepoint synchronization initiated using futex wait barrier. (203 threads)
[2025-04-24T20:13:59.788+0000][792.113s][info ][safepoint   ] Safepoint "Cleanup", Time since last: 3000670772 ns, Reaching safepoint: 774216 ns, Cleanup: 37601 ns, At safepoint: 14383 ns, Total: 826200 ns
[2025-04-24T20:14:01.789+0000][794.113s][debug][safepoint   ] Safepoint synchronization initiated using futex wait barrier. (203 threads)
[2025-04-24T20:14:01.789+0000][794.113s][info ][safepoint   ] Safepoint "Cleanup", Time since last: 2000415134 ns, Reaching safepoint: 71642 ns, Cleanup: 23791 ns, At safepoint: 12289 ns, Total: 107722 ns
[2025-04-24T20:14:06.789+0000][799.114s][debug][safepoint   ] Safepoint synchronization initiated using futex wait barrier. (203 threads)
[2025-04-24T20:14:06.790+0000][799.114s][info ][safepoint   ] Safepoint "Cleanup", Time since last: 5000787022 ns, Reaching safepoint: 211362 ns, Cleanup: 88192 ns, At safepoint: 28675 ns, Total: 328229 ns
[2025-04-24T20:14:12.791+0000][805.115s][debug][safepoint   ] Safepoint synchronization initiated using futex wait barrier. (203 threads)
[2025-04-24T20:14:12.792+0000][805.116s][info ][safepoint   ] Safepoint "Cleanup", Time since last: 6001007221 ns, Reaching safepoint: 976832 ns, Cleanup: 35741 ns, At safepoint: 20883 ns, Total: 1033456 ns
[2025-04-24T20:14:22.793+0000][815.118s][debug][safepoint   ] Safepoint synchronization initiated using futex wait barrier. (203 threads)
[2025-04-24T20:14:22.793+0000][815.118s][info ][safepoint   ] Safepoint "Cleanup", Time since last: 10001245989 ns, Reaching safepoint: 283634 ns, Cleanup: 44319 ns, At safepoint: 32593 ns, Total: 360546 ns
[2025-04-24T20:14:24.794+0000][817.118s][debug][safepoint   ] Safepoint synchronization initiated using futex wait barrier. (203 threads)
[2025-04-24T20:14:24.794+0000][817.119s][info ][safepoint   ] Safepoint "Cleanup", Time since last: 2000327062 ns, Reaching safepoint: 200712 ns, Cleanup: 34333 ns, At safepoint: 20802 ns, Total: 255847 ns
[2025-04-24T20:14:26.795+0000][819.119s][debug][safepoint   ] Safepoint synchronization initiated using futex wait barrier. (201 threads)
[2025-04-24T20:14:26.795+0000][819.120s][info ][safepoint   ] Safepoint "Cleanup", Time since last: 2000939045 ns, Reaching safepoint: 163373 ns, Cleanup: 23643 ns, At safepoint: 12175 ns, Total: 199191 ns
[2025-04-24T20:14:28.795+0000][821.120s][debug][safepoint   ] Safepoint synchronization initiated using futex wait barrier. (201 threads)
[2025-04-24T20:14:28.796+0000][821.120s][info ][safepoint   ] Safepoint "Cleanup", Time since last: 2000284967 ns, Reaching safepoint: 91811 ns, Cleanup: 20898 ns, At safepoint: 7761 ns, Total: 120470 ns
[2025-04-24T20:14:59.361+0000][851.686s][debug][safepoint   ] Safepoint synchronization initiated using futex wait barrier. (207 threads)
[2025-04-24T20:14:59.361+0000][851.686s][info ][safepoint   ] Safepoint "Cleanup", Time since last: 30565587805 ns, Reaching safepoint: 85921 ns, Cleanup: 27897 ns, At safepoint: 5326 ns, Total: 119144 ns
[2025-04-24T20:15:02.362+0000][854.686s][debug][safepoint   ] Safepoint synchronization initiated using futex wait barrier. (207 threads)
[2025-04-24T20:15:02.362+0000][854.687s][info ][safepoint   ] Safepoint "Cleanup", Time since last: 3000586491 ns, Reaching safepoint: 221198 ns, Cleanup: 36084 ns, At safepoint: 25365 ns, Total: 282647 ns
[2025-04-24T20:15:14.366+0000][866.691s][debug][safepoint   ] Safepoint synchronization initiated using futex wait barrier. (208 threads)
[2025-04-24T20:15:14.366+0000][866.691s][info ][safepoint   ] Safepoint "Cleanup", Time since last: 12003915772 ns, Reaching safepoint: 238285 ns, Cleanup: 34264 ns, At safepoint: 17561 ns, Total: 290110 ns
[2025-04-24T20:15:21.368+0000][873.692s][debug][safepoint   ] Safepoint synchronization initiated using futex wait barrier. (208 threads)
[2025-04-24T20:15:21.368+0000][873.692s][info ][safepoint   ] Safepoint "Cleanup", Time since last: 7001210846 ns, Reaching safepoint: 274316 ns, Cleanup: 46084 ns, At safepoint: 30870 ns, Total: 351270 ns
[2025-04-24T20:15:30.372+0000][882.696s][debug][safepoint   ] Safepoint synchronization initiated using futex wait barrier. (207 threads)
[2025-04-24T20:15:30.372+0000][882.697s][info ][safepoint   ] Safepoint "Cleanup", Time since last: 9003985495 ns, Reaching safepoint: 219885 ns, Cleanup: 36657 ns, At safepoint: 25965 ns, Total: 282507 ns
[2025-04-24T20:15:31.372+0000][883.697s][debug][safepoint   ] Safepoint synchronization initiated using futex wait barrier. (207 threads)
[2025-04-24T20:15:31.373+0000][883.697s][info ][safepoint   ] Safepoint "Cleanup", Time since last: 1000295567 ns, Reaching safepoint: 282446 ns, Cleanup: 42949 ns, At safepoint: 30786 ns, Total: 356181 ns
[2025-04-24T20:15:45.376+0000][897.701s][debug][safepoint   ] Safepoint synchronization initiated using futex wait barrier. (208 threads)
[2025-04-24T20:15:45.377+0000][897.701s][info ][safepoint   ] Safepoint "Cleanup", Time since last: 14003627299 ns, Reaching safepoint: 277076 ns, Cleanup: 48899 ns, At safepoint: 28387 ns, Total: 354362 ns
[2025-04-24T20:15:46.377+0000][898.702s][debug][safepoint   ] Safepoint synchronization initiated using futex wait barrier. (208 threads)
[2025-04-24T20:15:46.377+0000][898.702s][info ][safepoint   ] Safepoint "Cleanup", Time since last: 1000202176 ns, Reaching safepoint: 108407 ns, Cleanup: 22917 ns, At safepoint: 14241 ns, Total: 145565 ns
[2025-04-24T20:15:59.402+0000][911.726s][debug][safepoint   ] Safepoint synchronization initiated using futex wait barrier. (207 threads)
[2025-04-24T20:15:59.402+0000][911.727s][info ][safepoint   ] Safepoint "Cleanup", Time since last: 13024654908 ns, Reaching safepoint: 216766 ns, Cleanup: 52864 ns, At safepoint: 30690 ns, Total: 300320 ns
[2025-04-24T20:16:00.402+0000][912.727s][debug][safepoint   ] Safepoint synchronization initiated using futex wait barrier. (208 threads)
[2025-04-24T20:16:00.403+0000][912.727s][info ][safepoint   ] Safepoint "Cleanup", Time since last: 1000193210 ns, Reaching safepoint: 210493 ns, Cleanup: 35713 ns, At safepoint: 14028 ns, Total: 260234 ns
[2025-04-24T20:16:04.403+0000][916.728s][debug][safepoint   ] Safepoint synchronization initiated using futex wait barrier. (208 threads)
[2025-04-24T20:16:04.404+0000][916.728s][info ][safepoint   ] Safepoint "Cleanup", Time since last: 4000512038 ns, Reaching safepoint: 321320 ns, Cleanup: 59481 ns, At safepoint: 30792 ns, Total: 411593 ns
[2025-04-24T20:16:06.404+0000][918.729s][debug][safepoint   ] Safepoint synchronization initiated using futex wait barrier. (208 threads)
[2025-04-24T20:16:06.405+0000][918.729s][info ][safepoint   ] Safepoint "Cleanup", Time since last: 2000648081 ns, Reaching safepoint: 346677 ns, Cleanup: 36642 ns, At safepoint: 133225 ns, Total: 516544 ns
[2025-04-24T20:16:30.409+0000][942.733s][debug][safepoint   ] Safepoint synchronization initiated using futex wait barrier. (210 threads)
[2025-04-24T20:16:30.409+0000][942.733s][info ][safepoint   ] Safepoint "Cleanup", Time since last: 24004069592 ns, Reaching safepoint: 99395 ns, Cleanup: 16671 ns, At safepoint: 6749 ns, Total: 122815 ns
[2025-04-24T20:16:42.411+0000][954.735s][debug][safepoint   ] Safepoint synchronization initiated using futex wait barrier. (210 threads)
[2025-04-24T20:16:42.411+0000][954.735s][info ][safepoint   ] Safepoint "Cleanup", Time since last: 12001732124 ns, Reaching safepoint: 264728 ns, Cleanup: 38077 ns, At safepoint: 27833 ns, Total: 330638 ns
[2025-04-24T20:16:44.411+0000][956.736s][debug][safepoint   ] Safepoint synchronization initiated using futex wait barrier. (210 threads)
[2025-04-24T20:16:44.411+0000][956.736s][info ][safepoint   ] Safepoint "Cleanup", Time since last: 2000312578 ns, Reaching safepoint: 100192 ns, Cleanup: 34505 ns, At safepoint: 11029 ns, Total: 145726 ns
[2025-04-24T20:16:45.411+0000][957.736s][debug][safepoint   ] Safepoint synchronization initiated using futex wait barrier. (211 threads)
[2025-04-24T20:16:45.412+0000][957.736s][info ][safepoint   ] Safepoint "Cleanup", Time since last: 1000108458 ns, Reaching safepoint: 114855 ns, Cleanup: 15730 ns, At safepoint: 6708 ns, Total: 137293 ns
[2025-04-24T20:16:46.412+0000][958.736s][debug][safepoint   ] Safepoint synchronization initiated using futex wait barrier. (211 threads)
[2025-04-24T20:16:46.412+0000][958.737s][info ][safepoint   ] Safepoint "Cleanup", Time since last: 1000357289 ns, Reaching safepoint: 281566 ns, Cleanup: 35772 ns, At safepoint: 30098 ns, Total: 347436 ns
[2025-04-24T20:16:54.414+0000][966.738s][debug][safepoint   ] Safepoint synchronization initiated using futex wait barrier. (211 threads)
[2025-04-24T20:16:54.414+0000][966.739s][info ][safepoint   ] Safepoint "Cleanup", Time since last: 8001618461 ns, Reaching safepoint: 211616 ns, Cleanup: 34958 ns, At safepoint: 21676 ns, Total: 268250 ns
[2025-04-24T20:16:59.415+0000][971.740s][debug][safepoint   ] Safepoint synchronization initiated using futex wait barrier. (211 threads)
[2025-04-24T20:16:59.415+0000][971.740s][info ][safepoint   ] Safepoint "Cleanup", Time since last: 5000801282 ns, Reaching safepoint: 103841 ns, Cleanup: 19400 ns, At safepoint: 8418 ns, Total: 131659 ns
[2025-04-24T20:17:04.416+0000][976.740s][debug][safepoint   ] Safepoint synchronization initiated using futex wait barrier. (212 threads)
[2025-04-24T20:17:04.416+0000][976.740s][info ][safepoint   ] Safepoint "Cleanup", Time since last: 5000610741 ns, Reaching safepoint: 171735 ns, Cleanup: 27482 ns, At safepoint: 16040 ns, Total: 215257 ns
[2025-04-24T20:17:05.416+0000][977.741s][debug][safepoint   ] Safepoint synchronization initiated using futex wait barrier. (212 threads)
[2025-04-24T20:17:05.417+0000][977.741s][info ][safepoint   ] Safepoint "Cleanup", Time since last: 1000208802 ns, Reaching safepoint: 297451 ns, Cleanup: 77751 ns, At safepoint: 36714 ns, Total: 411916 ns
[2025-04-24T20:17:18.419+0000][990.743s][debug][safepoint   ] Safepoint synchronization initiated using futex wait barrier. (212 threads)
[2025-04-24T20:17:18.419+0000][990.743s][info ][safepoint   ] Safepoint "Cleanup", Time since last: 13002148623 ns, Reaching safepoint: 71408 ns, Cleanup: 13721 ns, At safepoint: 6542 ns, Total: 91671 ns
[2025-04-24T20:17:23.420+0000][995.744s][debug][safepoint   ] Safepoint synchronization initiated using futex wait barrier. (212 threads)
[2025-04-24T20:17:23.420+0000][995.744s][info ][safepoint   ] Safepoint "Cleanup", Time since last: 5000716747 ns, Reaching safepoint: 69831 ns, Cleanup: 12341 ns, At safepoint: 6504 ns, Total: 88676 ns
[2025-04-24T20:17:25.058+0000][997.383s][debug][safepoint   ] Safepoint synchronization initiated using futex wait barrier. (212 threads)
[2025-04-24T20:17:25.058+0000][997.383s][info ][gc,start    ] GC(73) Pause Young (Normal) (G1 Evacuation Pause)
[2025-04-24T20:17:25.058+0000][997.383s][info ][gc,task     ] GC(73) Using 4 workers of 4 for evacuation
[2025-04-24T20:17:25.089+0000][997.414s][info ][gc,phases   ] GC(73)   Pre Evacuate Collection Set: 0.3ms
[2025-04-24T20:17:25.090+0000][997.414s][info ][gc,phases   ] GC(73)   Merge Heap Roots: 0.3ms
[2025-04-24T20:17:25.090+0000][997.414s][info ][gc,phases   ] GC(73)   Evacuate Collection Set: 28.4ms
[2025-04-24T20:17:25.090+0000][997.414s][info ][gc,phases   ] GC(73)   Post Evacuate Collection Set: 2.0ms
[2025-04-24T20:17:25.090+0000][997.414s][info ][gc,phases   ] GC(73)   Other: 0.3ms
[2025-04-24T20:17:25.090+0000][997.414s][info ][gc,heap     ] GC(73) Eden regions: 297->0(297)
[2025-04-24T20:17:25.090+0000][997.414s][info ][gc,heap     ] GC(73) Survivor regions: 18->19(40)
[2025-04-24T20:17:25.090+0000][997.414s][info ][gc,heap     ] GC(73) Old regions: 183->183
[2025-04-24T20:17:25.090+0000][997.414s][info ][gc,heap     ] GC(73) Archive regions: 2->2
[2025-04-24T20:17:25.090+0000][997.414s][info ][gc,heap     ] GC(73) Humongous regions: 2->2
[2025-04-24T20:17:25.090+0000][997.414s][info ][gc,metaspace] GC(73) Metaspace: 193389K(194880K)->193389K(194880K) NonClass: 169894K(170688K)->169894K(170688K) Class: 23494K(24192K)->23494K(24192K)
[2025-04-24T20:17:25.090+0000][997.414s][info ][gc          ] GC(73) Pause Young (Normal) (G1 Evacuation Pause) 499M->203M(580M) 31.309ms
[2025-04-24T20:17:25.090+0000][997.414s][info ][gc,cpu      ] GC(73) User=0.11s Sys=0.00s Real=0.03s
[2025-04-24T20:17:25.090+0000][997.415s][info ][safepoint   ] Safepoint "G1CollectForAllocation", Time since last: 1638520803 ns, Reaching safepoint: 107634 ns, Cleanup: 5772 ns, At safepoint: 31765360 ns, Total: 31878766 ns
[2025-04-24T20:18:00.097+0000][1032.422s][debug][safepoint   ] Safepoint synchronization initiated using futex wait barrier. (213 threads)
[2025-04-24T20:18:00.097+0000][1032.422s][info ][safepoint   ] Safepoint "Cleanup", Time since last: 35006987707 ns, Reaching safepoint: 285403 ns, Cleanup: 72093 ns, At safepoint: 40063 ns, Total: 397559 ns
[2025-04-24T20:18:06.099+0000][1038.423s][debug][safepoint   ] Safepoint synchronization initiated using futex wait barrier. (213 threads)
[2025-04-24T20:18:06.099+0000][1038.424s][info ][safepoint   ] Safepoint "Cleanup", Time since last: 6001577426 ns, Reaching safepoint: 235989 ns, Cleanup: 35988 ns, At safepoint: 25146 ns, Total: 297123 ns
[2025-04-24T20:18:54.519+0000][1086.843s][debug][safepoint   ] Safepoint synchronization initiated using futex wait barrier. (212 threads)
[2025-04-24T20:18:54.519+0000][1086.844s][info ][safepoint   ] Safepoint "Cleanup", Time since last: 48419592163 ns, Reaching safepoint: 301749 ns, Cleanup: 26130 ns, At safepoint: 45426 ns, Total: 373305 ns
[2025-04-24T20:18:59.520+0000][1091.844s][debug][safepoint   ] Safepoint synchronization initiated using futex wait barrier. (212 threads)
[2025-04-24T20:18:59.520+0000][1091.845s][info ][safepoint   ] Safepoint "Cleanup", Time since last: 5000673541 ns, Reaching safepoint: 74441 ns, Cleanup: 18363 ns, At safepoint: 8933 ns, Total: 101737 ns
[2025-04-24T20:19:04.521+0000][1096.845s][debug][safepoint   ] Safepoint synchronization initiated using futex wait barrier. (212 threads)
[2025-04-24T20:19:04.521+0000][1096.846s][info ][safepoint   ] Safepoint "Cleanup", Time since last: 5000717134 ns, Reaching safepoint: 233726 ns, Cleanup: 42509 ns, At safepoint: 13059 ns, Total: 289294 ns
[2025-04-24T20:19:07.521+0000][1099.846s][debug][safepoint   ] Safepoint synchronization initiated using futex wait barrier. (212 threads)
[2025-04-24T20:19:07.522+0000][1099.846s][info ][safepoint   ] Safepoint "Cleanup", Time since last: 3000332773 ns, Reaching safepoint: 174263 ns, Cleanup: 34412 ns, At safepoint: 13091 ns, Total: 221766 ns
[2025-04-24T20:19:38.526+0000][1130.851s][debug][safepoint   ] Safepoint synchronization initiated using futex wait barrier. (212 threads)
[2025-04-24T20:19:38.527+0000][1130.851s][info ][safepoint   ] Safepoint "Cleanup", Time since last: 31004514954 ns, Reaching safepoint: 305539 ns, Cleanup: 37438 ns, At safepoint: 28579 ns, Total: 371556 ns
[2025-04-24T20:19:46.527+0000][1138.852s][debug][safepoint   ] Safepoint synchronization initiated using futex wait barrier. (212 threads)
[2025-04-24T20:19:46.528+0000][1138.852s][info ][safepoint   ] Safepoint "Cleanup", Time since last: 8000928521 ns, Reaching safepoint: 108133 ns, Cleanup: 17431 ns, At safepoint: 9901 ns, Total: 135465 ns
[2025-04-24T20:19:59.529+0000][1151.854s][debug][safepoint   ] Safepoint synchronization initiated using futex wait barrier. (212 threads)
[2025-04-24T20:19:59.529+0000][1151.854s][info ][safepoint   ] Safepoint "Cleanup", Time since last: 13001758081 ns, Reaching safepoint: 76765 ns, Cleanup: 10672 ns, At safepoint: 6316 ns, Total: 93753 ns
[2025-04-24T20:20:07.531+0000][1159.855s][debug][safepoint   ] Safepoint synchronization initiated using futex wait barrier. (212 threads)
[2025-04-24T20:20:07.531+0000][1159.855s][info ][safepoint   ] Safepoint "Cleanup", Time since last: 8001135710 ns, Reaching safepoint: 282465 ns, Cleanup: 36430 ns, At safepoint: 32197 ns, Total: 351092 ns
[2025-04-24T20:20:08.531+0000][1160.856s][debug][safepoint   ] Safepoint synchronization initiated using futex wait barrier. (212 threads)
[2025-04-24T20:20:08.532+0000][1160.856s][info ][safepoint   ] Safepoint "Cleanup", Time since last: 1000255336 ns, Reaching safepoint: 292710 ns, Cleanup: 39938 ns, At safepoint: 28077 ns, Total: 360725 ns
[2025-04-24T20:20:36.536+0000][1188.860s][debug][safepoint   ] Safepoint synchronization initiated using futex wait barrier. (212 threads)
[2025-04-24T20:20:36.536+0000][1188.860s][info ][safepoint   ] Safepoint "Cleanup", Time since last: 28004376644 ns, Reaching safepoint: 105796 ns, Cleanup: 12373 ns, At safepoint: 6315 ns, Total: 124484 ns
[2025-04-24T20:20:48.538+0000][1200.862s][debug][safepoint   ] Safepoint synchronization initiated using futex wait barrier. (212 threads)
[2025-04-24T20:20:48.538+0000][1200.862s][info ][safepoint   ] Safepoint "Cleanup", Time since last: 12001567248 ns, Reaching safepoint: 255986 ns, Cleanup: 34961 ns, At safepoint: 12585 ns, Total: 303532 ns
[2025-04-24T20:20:49.581+0000][1201.905s][debug][safepoint   ] Safepoint synchronization initiated using futex wait barrier. (217 threads)
[2025-04-24T20:20:49.582+0000][1201.906s][info ][safepoint   ] Safepoint "Cleanup", Time since last: 1043123156 ns, Reaching safepoint: 327184 ns, Cleanup: 210290 ns, At safepoint: 112122 ns, Total: 649596 ns
[2025-04-24T20:20:50.582+0000][1202.907s][debug][safepoint   ] Safepoint synchronization initiated using futex wait barrier. (217 threads)
[2025-04-24T20:20:50.582+0000][1202.907s][info ][safepoint   ] Safepoint "Cleanup", Time since last: 1000440286 ns, Reaching safepoint: 103035 ns, Cleanup: 15002 ns, At safepoint: 6333 ns, Total: 124370 ns
[2025-04-24T20:20:52.583+0000][1204.907s][debug][safepoint   ] Safepoint synchronization initiated using futex wait barrier. (217 threads)
[2025-04-24T20:20:52.583+0000][1204.907s][info ][safepoint   ] Safepoint "Cleanup", Time since last: 2000351284 ns, Reaching safepoint: 265857 ns, Cleanup: 37583 ns, At safepoint: 24449 ns, Total: 327889 ns
[2025-04-24T20:20:56.583+0000][1208.908s][debug][safepoint   ] Safepoint synchronization initiated using futex wait barrier. (217 threads)
[2025-04-24T20:20:56.584+0000][1208.908s][info ][safepoint   ] Safepoint "Cleanup", Time since last: 4000552338 ns, Reaching safepoint: 178028 ns, Cleanup: 31944 ns, At safepoint: 19369 ns, Total: 229341 ns
[2025-04-24T20:20:57.584+0000][1209.908s][debug][safepoint   ] Safepoint synchronization initiated using futex wait barrier. (217 threads)
[2025-04-24T20:20:57.584+0000][1209.908s][info ][safepoint   ] Safepoint "Cleanup", Time since last: 1000163839 ns, Reaching safepoint: 88657 ns, Cleanup: 34334 ns, At safepoint: 8359 ns, Total: 131350 ns
[2025-04-24T20:20:59.584+0000][1211.909s][debug][safepoint   ] Safepoint synchronization initiated using futex wait barrier. (217 threads)
[2025-04-24T20:20:59.584+0000][1211.909s][info ][safepoint   ] Safepoint "Cleanup", Time since last: 2000233904 ns, Reaching safepoint: 84878 ns, Cleanup: 26986 ns, At safepoint: 7462 ns, Total: 119326 ns
[2025-04-24T20:21:08.585+0000][1220.910s][debug][safepoint   ] Safepoint synchronization initiated using futex wait barrier. (217 threads)
[2025-04-24T20:21:08.586+0000][1220.910s][info ][safepoint   ] Safepoint "Cleanup", Time since last: 9001006963 ns, Reaching safepoint: 277804 ns, Cleanup: 43343 ns, At safepoint: 20715 ns, Total: 341862 ns
[2025-04-24T20:21:09.586+0000][1221.910s][debug][safepoint   ] Safepoint synchronization initiated using futex wait barrier. (217 threads)
[2025-04-24T20:21:09.586+0000][1221.911s][info ][safepoint   ] Safepoint "Cleanup", Time since last: 1000297579 ns, Reaching safepoint: 151939 ns, Cleanup: 27720 ns, At safepoint: 12521 ns, Total: 192180 ns
[2025-04-24T20:21:17.587+0000][1229.912s][debug][safepoint   ] Safepoint synchronization initiated using futex wait barrier. (217 threads)
[2025-04-24T20:21:17.588+0000][1229.912s][info ][safepoint   ] Safepoint "Cleanup", Time since last: 8000969833 ns, Reaching safepoint: 310158 ns, Cleanup: 101284 ns, At safepoint: 29679 ns, Total: 441121 ns
[2025-04-24T20:21:22.588+0000][1234.913s][debug][safepoint   ] Safepoint synchronization initiated using futex wait barrier. (217 threads)
[2025-04-24T20:21:22.589+0000][1234.913s][info ][safepoint   ] Safepoint "Cleanup", Time since last: 5000669906 ns, Reaching safepoint: 272506 ns, Cleanup: 42904 ns, At safepoint: 81082 ns, Total: 396492 ns
[2025-04-24T20:21:23.589+0000][1235.913s][debug][safepoint   ] Safepoint synchronization initiated using futex wait barrier. (217 threads)
[2025-04-24T20:21:23.590+0000][1235.914s][info ][safepoint   ] Safepoint "Cleanup", Time since last: 1000242875 ns, Reaching safepoint: 251196 ns, Cleanup: 660407 ns, At safepoint: 83326 ns, Total: 994929 ns
[2025-04-24T20:21:26.590+0000][1238.915s][debug][safepoint   ] Safepoint synchronization initiated using futex wait barrier. (217 threads)
[2025-04-24T20:21:26.591+0000][1238.915s][info ][safepoint   ] Safepoint "Cleanup", Time since last: 3000553553 ns, Reaching safepoint: 197860 ns, Cleanup: 35689 ns, At safepoint: 77742 ns, Total: 311291 ns
[2025-04-24T20:21:29.975+0000][1242.300s][debug][safepoint   ] Safepoint synchronization initiated using futex wait barrier. (217 threads)
[2025-04-24T20:21:29.976+0000][1242.300s][info ][gc,start    ] GC(74) Pause Young (Normal) (G1 Evacuation Pause)
[2025-04-24T20:21:29.976+0000][1242.300s][info ][gc,task     ] GC(74) Using 4 workers of 4 for evacuation
[2025-04-24T20:21:30.084+0000][1242.409s][info ][gc,phases   ] GC(74)   Pre Evacuate Collection Set: 0.6ms
[2025-04-24T20:21:30.084+0000][1242.409s][info ][gc,phases   ] GC(74)   Merge Heap Roots: 1.0ms
[2025-04-24T20:21:30.084+0000][1242.409s][info ][gc,phases   ] GC(74)   Evacuate Collection Set: 101.4ms
[2025-04-24T20:21:30.084+0000][1242.409s][info ][gc,phases   ] GC(74)   Post Evacuate Collection Set: 5.1ms
[2025-04-24T20:21:30.084+0000][1242.409s][info ][gc,phases   ] GC(74)   Other: 0.7ms
[2025-04-24T20:21:30.084+0000][1242.409s][info ][gc,heap     ] GC(74) Eden regions: 297->0(299)
[2025-04-24T20:21:30.084+0000][1242.409s][info ][gc,heap     ] GC(74) Survivor regions: 19->18(40)
[2025-04-24T20:21:30.084+0000][1242.409s][info ][gc,heap     ] GC(74) Old regions: 183->183
[2025-04-24T20:21:30.084+0000][1242.409s][info ][gc,heap     ] GC(74) Archive regions: 2->2
[2025-04-24T20:21:30.084+0000][1242.409s][info ][gc,heap     ] GC(74) Humongous regions: 2->2
[2025-04-24T20:21:30.084+0000][1242.409s][info ][gc,metaspace] GC(74) Metaspace: 193653K(195200K)->193653K(195200K) NonClass: 170146K(170944K)->170146K(170944K) Class: 23507K(24256K)->23507K(24256K)
[2025-04-24T20:21:30.084+0000][1242.409s][info ][gc          ] GC(74) Pause Young (Normal) (G1 Evacuation Pause) 500M->203M(580M) 108.887ms
[2025-04-24T20:21:30.084+0000][1242.409s][info ][gc,cpu      ] GC(74) User=0.36s Sys=0.00s Real=0.11s
[2025-04-24T20:21:30.085+0000][1242.410s][info ][safepoint   ] Safepoint "G1CollectForAllocation", Time since last: 3384402367 ns, Reaching safepoint: 230628 ns, Cleanup: 15265 ns, At safepoint: 109678426 ns, Total: 109924319 ns
[2025-04-24T20:21:31.085+0000][1243.410s][debug][safepoint   ] Safepoint synchronization initiated using futex wait barrier. (217 threads)
[2025-04-24T20:21:31.086+0000][1243.410s][info ][safepoint   ] Safepoint "Cleanup", Time since last: 1000290086 ns, Reaching safepoint: 209866 ns, Cleanup: 49355 ns, At safepoint: 24952 ns, Total: 284173 ns
[2025-04-24T20:21:46.088+0000][1258.413s][debug][safepoint   ] Safepoint synchronization initiated using futex wait barrier. (217 threads)
[2025-04-24T20:21:46.088+0000][1258.413s][info ][safepoint   ] Safepoint "Cleanup", Time since last: 15002381430 ns, Reaching safepoint: 209808 ns, Cleanup: 58963 ns, At safepoint: 34417 ns, Total: 303188 ns
[2025-04-24T20:22:59.659+0000][1331.984s][debug][safepoint   ] Safepoint synchronization initiated using futex wait barrier. (208 threads)
[2025-04-24T20:22:59.660+0000][1331.984s][info ][safepoint   ] Safepoint "Cleanup", Time since last: 73571006008 ns, Reaching safepoint: 317094 ns, Cleanup: 117332 ns, At safepoint: 46683 ns, Total: 481109 ns
[2025-04-24T20:23:26.665+0000][1358.989s][debug][safepoint   ] Safepoint synchronization initiated using futex wait barrier. (208 threads)
[2025-04-24T20:23:26.665+0000][1358.989s][info ][safepoint   ] Safepoint "Cleanup", Time since last: 27004868432 ns, Reaching safepoint: 166930 ns, Cleanup: 16930 ns, At safepoint: 7112 ns, Total: 190972 ns
[2025-04-24T20:23:59.696+0000][1392.021s][debug][safepoint   ] Safepoint synchronization initiated using futex wait barrier. (209 threads)
[2025-04-24T20:23:59.697+0000][1392.021s][info ][safepoint   ] Safepoint "Cleanup", Time since last: 33031399275 ns, Reaching safepoint: 313741 ns, Cleanup: 47167 ns, At safepoint: 38143 ns, Total: 399051 ns
[2025-04-24T20:24:12.699+0000][1405.024s][debug][safepoint   ] Safepoint synchronization initiated using futex wait barrier. (209 threads)
[2025-04-24T20:24:12.699+0000][1405.024s][info ][safepoint   ] Safepoint "Cleanup", Time since last: 13002424918 ns, Reaching safepoint: 234056 ns, Cleanup: 42236 ns, At safepoint: 29959 ns, Total: 306251 ns
[2025-04-24T20:24:59.705+0000][1452.030s][debug][safepoint   ] Safepoint synchronization initiated using futex wait barrier. (209 threads)
[2025-04-24T20:24:59.706+0000][1452.030s][info ][safepoint   ] Safepoint "Cleanup", Time since last: 47005944289 ns, Reaching safepoint: 150406 ns, Cleanup: 23966 ns, At safepoint: 12511 ns, Total: 186883 ns
[2025-04-24T20:25:13.707+0000][1466.031s][debug][safepoint   ] Safepoint synchronization initiated using futex wait barrier. (209 threads)
[2025-04-24T20:25:13.707+0000][1466.031s][info ][safepoint   ] Safepoint "Cleanup", Time since last: 14001180728 ns, Reaching safepoint: 109312 ns, Cleanup: 17510 ns, At safepoint: 6246 ns, Total: 133068 ns
[2025-04-24T20:25:41.826+0000][1494.150s][debug][safepoint   ] Safepoint synchronization initiated using futex wait barrier. (209 threads)
[2025-04-24T20:25:41.826+0000][1494.151s][info ][gc,start    ] GC(75) Pause Young (Normal) (G1 Evacuation Pause)
[2025-04-24T20:25:41.826+0000][1494.151s][info ][gc,task     ] GC(75) Using 4 workers of 4 for evacuation
[2025-04-24T20:25:41.865+0000][1494.189s][info ][gc,phases   ] GC(75)   Pre Evacuate Collection Set: 0.6ms
[2025-04-24T20:25:41.865+0000][1494.189s][info ][gc,phases   ] GC(75)   Merge Heap Roots: 0.3ms
[2025-04-24T20:25:41.865+0000][1494.189s][info ][gc,phases   ] GC(75)   Evacuate Collection Set: 34.0ms
[2025-04-24T20:25:41.865+0000][1494.189s][info ][gc,phases   ] GC(75)   Post Evacuate Collection Set: 3.3ms
[2025-04-24T20:25:41.865+0000][1494.189s][info ][gc,phases   ] GC(75)   Other: 0.4ms
[2025-04-24T20:25:41.865+0000][1494.189s][info ][gc,heap     ] GC(75) Eden regions: 299->0(297)
[2025-04-24T20:25:41.865+0000][1494.189s][info ][gc,heap     ] GC(75) Survivor regions: 18->19(40)
[2025-04-24T20:25:41.865+0000][1494.189s][info ][gc,heap     ] GC(75) Old regions: 183->183
[2025-04-24T20:25:41.865+0000][1494.189s][info ][gc,heap     ] GC(75) Archive regions: 2->2
[2025-04-24T20:25:41.865+0000][1494.189s][info ][gc,heap     ] GC(75) Humongous regions: 2->2
[2025-04-24T20:25:41.865+0000][1494.189s][info ][gc,metaspace] GC(75) Metaspace: 193710K(195264K)->193710K(195264K) NonClass: 170202K(171008K)->170202K(171008K) Class: 23507K(24256K)->23507K(24256K)
[2025-04-24T20:25:41.865+0000][1494.189s][info ][gc          ] GC(75) Pause Young (Normal) (G1 Evacuation Pause) 502M->203M(580M) 38.803ms
[2025-04-24T20:25:41.865+0000][1494.189s][info ][gc,cpu      ] GC(75) User=0.12s Sys=0.00s Real=0.04s
[2025-04-24T20:25:41.866+0000][1494.190s][info ][safepoint   ] Safepoint "G1CollectForAllocation", Time since last: 28118832387 ns, Reaching safepoint: 286195 ns, Cleanup: 15495 ns, At safepoint: 39658822 ns, Total: 39960512 ns
[2025-04-24T20:25:42.866+0000][1495.190s][debug][safepoint   ] Safepoint synchronization initiated using futex wait barrier. (209 threads)
[2025-04-24T20:25:42.866+0000][1495.191s][info ][safepoint   ] Safepoint "Cleanup", Time since last: 1000270160 ns, Reaching safepoint: 98650 ns, Cleanup: 19596 ns, At safepoint: 9976 ns, Total: 128222 ns
[2025-04-24T20:25:55.868+0000][1508.192s][debug][safepoint   ] Safepoint synchronization initiated using futex wait barrier. (208 threads)
[2025-04-24T20:25:55.868+0000][1508.192s][info ][safepoint   ] Safepoint "Cleanup", Time since last: 13001598484 ns, Reaching safepoint: 140295 ns, Cleanup: 16602 ns, At safepoint: 9474 ns, Total: 166371 ns
[2025-04-24T20:25:59.868+0000][1512.193s][debug][safepoint   ] Safepoint synchronization initiated using futex wait barrier. (208 threads)
[2025-04-24T20:25:59.869+0000][1512.193s][info ][safepoint   ] Safepoint "Cleanup", Time since last: 4000523133 ns, Reaching safepoint: 354713 ns, Cleanup: 31143 ns, At safepoint: 8964 ns, Total: 394820 ns
[2025-04-24T20:26:26.873+0000][1539.198s][debug][safepoint   ] Safepoint synchronization initiated using futex wait barrier. (208 threads)
[2025-04-24T20:26:26.874+0000][1539.198s][info ][safepoint   ] Safepoint "Cleanup", Time since last: 27004428406 ns, Reaching safepoint: 344109 ns, Cleanup: 42051 ns, At safepoint: 68655 ns, Total: 454815 ns
[2025-04-24T20:27:14.882+0000][1587.206s][debug][safepoint   ] Safepoint synchronization initiated using futex wait barrier. (209 threads)
[2025-04-24T20:27:14.882+0000][1587.207s][info ][safepoint   ] Safepoint "Cleanup", Time since last: 48008329001 ns, Reaching safepoint: 223569 ns, Cleanup: 39625 ns, At safepoint: 23638 ns, Total: 286832 ns
[2025-04-24T20:27:16.883+0000][1589.207s][debug][safepoint   ] Safepoint synchronization initiated using futex wait barrier. (209 threads)
[2025-04-24T20:27:16.883+0000][1589.207s][info ][safepoint   ] Safepoint "Cleanup", Time since last: 2000514842 ns, Reaching safepoint: 155380 ns, Cleanup: 23764 ns, At safepoint: 16177 ns, Total: 195321 ns
[2025-04-24T20:27:51.887+0000][1624.212s][debug][safepoint   ] Safepoint synchronization initiated using futex wait barrier. (209 threads)
[2025-04-24T20:27:51.887+0000][1624.212s][info ][safepoint   ] Safepoint "Cleanup", Time since last: 35004412565 ns, Reaching safepoint: 78017 ns, Cleanup: 13591 ns, At safepoint: 6317 ns, Total: 97925 ns
[2025-04-24T20:28:15.890+0000][1648.215s][debug][safepoint   ] Safepoint synchronization initiated using futex wait barrier. (209 threads)
[2025-04-24T20:28:15.890+0000][1648.215s][info ][safepoint   ] Safepoint "Cleanup", Time since last: 24002596783 ns, Reaching safepoint: 83692 ns, Cleanup: 18963 ns, At safepoint: 9038 ns, Total: 111693 ns
[2025-04-24T20:28:16.890+0000][1649.215s][debug][safepoint   ] Safepoint synchronization initiated using futex wait barrier. (209 threads)
[2025-04-24T20:28:16.891+0000][1649.215s][info ][safepoint   ] Safepoint "Cleanup", Time since last: 1000120820 ns, Reaching safepoint: 191515 ns, Cleanup: 31206 ns, At safepoint: 14075 ns, Total: 236796 ns
[2025-04-24T20:28:26.891+0000][1659.216s][debug][safepoint   ] Safepoint synchronization initiated using futex wait barrier. (209 threads)
[2025-04-24T20:28:26.892+0000][1659.216s][info ][safepoint   ] Safepoint "Cleanup", Time since last: 10000953302 ns, Reaching safepoint: 136166 ns, Cleanup: 20969 ns, At safepoint: 11448 ns, Total: 168583 ns
[2025-04-24T20:28:35.893+0000][1668.217s][debug][safepoint   ] Safepoint synchronization initiated using futex wait barrier. (209 threads)
[2025-04-24T20:28:35.893+0000][1668.217s][info ][safepoint   ] Safepoint "Cleanup", Time since last: 9000883421 ns, Reaching safepoint: 77674 ns, Cleanup: 25316 ns, At safepoint: 9657 ns, Total: 112647 ns
[2025-04-24T20:28:37.893+0000][1670.217s][debug][safepoint   ] Safepoint synchronization initiated using futex wait barrier. (209 threads)
[2025-04-24T20:28:37.893+0000][1670.217s][info ][safepoint   ] Safepoint "Cleanup", Time since last: 2000256234 ns, Reaching safepoint: 69622 ns, Cleanup: 29875 ns, At safepoint: 6225 ns, Total: 105722 ns
[2025-04-24T20:28:39.893+0000][1672.218s][debug][safepoint   ] Safepoint synchronization initiated using futex wait barrier. (210 threads)
[2025-04-24T20:28:39.893+0000][1672.218s][info ][safepoint   ] Safepoint "Cleanup", Time since last: 2000240552 ns, Reaching safepoint: 61999 ns, Cleanup: 11277 ns, At safepoint: 5589 ns, Total: 78865 ns
[2025-04-24T20:28:46.895+0000][1679.219s][debug][safepoint   ] Safepoint synchronization initiated using futex wait barrier. (210 threads)
[2025-04-24T20:28:46.895+0000][1679.220s][info ][safepoint   ] Safepoint "Cleanup", Time since last: 7001484842 ns, Reaching safepoint: 225162 ns, Cleanup: 38289 ns, At safepoint: 30375 ns, Total: 293826 ns
[2025-04-24T20:29:15.900+0000][1708.224s][debug][safepoint   ] Safepoint synchronization initiated using futex wait barrier. (210 threads)
[2025-04-24T20:29:15.900+0000][1708.225s][info ][safepoint   ] Safepoint "Cleanup", Time since last: 29004902862 ns, Reaching safepoint: 264128 ns, Cleanup: 37664 ns, At safepoint: 28929 ns, Total: 330721 ns
[2025-04-24T20:29:16.901+0000][1709.225s][debug][safepoint   ] Safepoint synchronization initiated using futex wait barrier. (210 threads)
[2025-04-24T20:29:16.901+0000][1709.226s][info ][safepoint   ] Safepoint "Cleanup", Time since last: 1000261634 ns, Reaching safepoint: 359063 ns, Cleanup: 55409 ns, At safepoint: 33325 ns, Total: 447797 ns
[2025-04-24T20:29:27.903+0000][1720.227s][debug][safepoint   ] Safepoint synchronization initiated using futex wait barrier. (210 threads)
[2025-04-24T20:29:27.903+0000][1720.227s][info ][safepoint   ] Safepoint "Cleanup", Time since last: 11001493624 ns, Reaching safepoint: 276350 ns, Cleanup: 86252 ns, At safepoint: 25745 ns, Total: 388347 ns
[2025-04-24T20:29:28.903+0000][1721.228s][debug][safepoint   ] Safepoint synchronization initiated using futex wait barrier. (210 threads)
[2025-04-24T20:29:28.903+0000][1721.228s][info ][safepoint   ] Safepoint "Cleanup", Time since last: 1000209155 ns, Reaching safepoint: 191092 ns, Cleanup: 39673 ns, At safepoint: 19113 ns, Total: 249878 ns
[2025-04-24T20:29:49.267+0000][1741.592s][debug][safepoint   ] Safepoint synchronization initiated using futex wait barrier. (209 threads)
[2025-04-24T20:29:49.268+0000][1741.592s][info ][gc,start    ] GC(76) Pause Young (Normal) (G1 Evacuation Pause)
[2025-04-24T20:29:49.268+0000][1741.593s][info ][gc,task     ] GC(76) Using 4 workers of 4 for evacuation
[2025-04-24T20:29:49.316+0000][1741.640s][info ][gc,phases   ] GC(76)   Pre Evacuate Collection Set: 0.9ms
[2025-04-24T20:29:49.316+0000][1741.640s][info ][gc,phases   ] GC(76)   Merge Heap Roots: 0.8ms
[2025-04-24T20:29:49.316+0000][1741.640s][info ][gc,phases   ] GC(76)   Evacuate Collection Set: 43.9ms
[2025-04-24T20:29:49.316+0000][1741.640s][info ][gc,phases   ] GC(76)   Post Evacuate Collection Set: 1.7ms
[2025-04-24T20:29:49.316+0000][1741.640s][info ][gc,phases   ] GC(76)   Other: 1.1ms
[2025-04-24T20:29:49.316+0000][1741.640s][info ][gc,heap     ] GC(76) Eden regions: 297->0(299)
[2025-04-24T20:29:49.316+0000][1741.640s][info ][gc,heap     ] GC(76) Survivor regions: 19->18(40)
[2025-04-24T20:29:49.316+0000][1741.641s][info ][gc,heap     ] GC(76) Old regions: 183->183
[2025-04-24T20:29:49.316+0000][1741.641s][info ][gc,heap     ] GC(76) Archive regions: 2->2
[2025-04-24T20:29:49.316+0000][1741.641s][info ][gc,heap     ] GC(76) Humongous regions: 2->2
[2025-04-24T20:29:49.316+0000][1741.641s][info ][gc,metaspace] GC(76) Metaspace: 193815K(195328K)->193815K(195328K) NonClass: 170307K(171072K)->170307K(171072K) Class: 23507K(24256K)->23507K(24256K)
[2025-04-24T20:29:49.316+0000][1741.641s][info ][gc          ] GC(76) Pause Young (Normal) (G1 Evacuation Pause) 500M->203M(580M) 48.466ms
[2025-04-24T20:29:49.316+0000][1741.641s][info ][gc,cpu      ] GC(76) User=0.17s Sys=0.00s Real=0.05s
[2025-04-24T20:29:49.316+0000][1741.641s][info ][safepoint   ] Safepoint "G1CollectForAllocation", Time since last: 20363852449 ns, Reaching safepoint: 291896 ns, Cleanup: 16244 ns, At safepoint: 48960889 ns, Total: 49269029 ns
[2025-04-24T20:29:50.317+0000][1742.641s][debug][safepoint   ] Safepoint synchronization initiated using futex wait barrier. (209 threads)
[2025-04-24T20:29:50.317+0000][1742.642s][info ][safepoint   ] Safepoint "Cleanup", Time since last: 1000179790 ns, Reaching safepoint: 296657 ns, Cleanup: 77793 ns, At safepoint: 23765 ns, Total: 398215 ns
[2025-04-24T20:29:59.319+0000][1751.643s][debug][safepoint   ] Safepoint synchronization initiated using futex wait barrier. (209 threads)
[2025-04-24T20:29:59.319+0000][1751.643s][info ][safepoint   ] Safepoint "Cleanup", Time since last: 9001532300 ns, Reaching safepoint: 220703 ns, Cleanup: 32165 ns, At safepoint: 42391 ns, Total: 295259 ns
[2025-04-24T20:30:18.321+0000][1770.646s][debug][safepoint   ] Safepoint synchronization initiated using futex wait barrier. (209 threads)
[2025-04-24T20:30:18.322+0000][1770.646s][info ][safepoint   ] Safepoint "Cleanup", Time since last: 19002484892 ns, Reaching safepoint: 291108 ns, Cleanup: 137342 ns, At safepoint: 48713 ns, Total: 477163 ns
[2025-04-24T20:30:32.325+0000][1784.650s][debug][safepoint   ] Safepoint synchronization initiated using futex wait barrier. (211 threads)
[2025-04-24T20:30:32.326+0000][1784.650s][info ][safepoint   ] Safepoint "Cleanup", Time since last: 14003430328 ns, Reaching safepoint: 249663 ns, Cleanup: 58426 ns, At safepoint: 28157 ns, Total: 336246 ns
[2025-04-24T20:30:34.327+0000][1786.651s][debug][safepoint   ] Safepoint synchronization initiated using futex wait barrier. (211 threads)
[2025-04-24T20:30:34.327+0000][1786.651s][info ][safepoint   ] Safepoint "Cleanup", Time since last: 2000888255 ns, Reaching safepoint: 268393 ns, Cleanup: 40423 ns, At safepoint: 31719 ns, Total: 340535 ns
[2025-04-24T20:30:35.327+0000][1787.652s][debug][safepoint   ] Safepoint synchronization initiated using futex wait barrier. (211 threads)
[2025-04-24T20:30:35.328+0000][1787.652s][info ][safepoint   ] Safepoint "Cleanup", Time since last: 1000411593 ns, Reaching safepoint: 248271 ns, Cleanup: 42197 ns, At safepoint: 30378 ns, Total: 320846 ns
[2025-04-24T20:30:56.331+0000][1808.655s][debug][safepoint   ] Safepoint synchronization initiated using futex wait barrier. (211 threads)
[2025-04-24T20:30:56.331+0000][1808.655s][info ][safepoint   ] Safepoint "Cleanup", Time since last: 21003308605 ns, Reaching safepoint: 80018 ns, Cleanup: 14236 ns, At safepoint: 6691 ns, Total: 100945 ns
[2025-04-24T20:30:59.331+0000][1811.656s][debug][safepoint   ] Safepoint synchronization initiated using futex wait barrier. (211 threads)
[2025-04-24T20:30:59.331+0000][1811.656s][info ][safepoint   ] Safepoint "Cleanup", Time since last: 3000314549 ns, Reaching safepoint: 95416 ns, Cleanup: 22825 ns, At safepoint: 10766 ns, Total: 129007 ns
[2025-04-24T20:31:09.333+0000][1821.657s][debug][safepoint   ] Safepoint synchronization initiated using futex wait barrier. (210 threads)
[2025-04-24T20:31:09.333+0000][1821.658s][info ][safepoint   ] Safepoint "Cleanup", Time since last: 10001414023 ns, Reaching safepoint: 195958 ns, Cleanup: 31435 ns, At safepoint: 19808 ns, Total: 247201 ns
[2025-04-24T20:31:16.334+0000][1828.658s][debug][safepoint   ] Safepoint synchronization initiated using futex wait barrier. (208 threads)
[2025-04-24T20:31:16.334+0000][1828.659s][info ][safepoint   ] Safepoint "Cleanup", Time since last: 7000888320 ns, Reaching safepoint: 89413 ns, Cleanup: 16609 ns, At safepoint: 8820 ns, Total: 114842 ns
[2025-04-24T20:31:19.334+0000][1831.659s][debug][safepoint   ] Safepoint synchronization initiated using futex wait barrier. (208 threads)
[2025-04-24T20:31:19.335+0000][1831.659s][info ][safepoint   ] Safepoint "Cleanup", Time since last: 3000339319 ns, Reaching safepoint: 165004 ns, Cleanup: 24242 ns, At safepoint: 10439 ns, Total: 199685 ns
[2025-04-24T20:31:26.335+0000][1838.660s][debug][safepoint   ] Safepoint synchronization initiated using futex wait barrier. (208 threads)
[2025-04-24T20:31:26.336+0000][1838.660s][info ][safepoint   ] Safepoint "Cleanup", Time since last: 7000801595 ns, Reaching safepoint: 121644 ns, Cleanup: 19336 ns, At safepoint: 12074 ns, Total: 153054 ns
[2025-04-24T20:31:36.337+0000][1848.661s][debug][safepoint   ] Safepoint synchronization initiated using futex wait barrier. (208 threads)
[2025-04-24T20:31:36.337+0000][1848.661s][info ][safepoint   ] Safepoint "Cleanup", Time since last: 10001178272 ns, Reaching safepoint: 107634 ns, Cleanup: 16358 ns, At safepoint: 12129 ns, Total: 136121 ns
[2025-04-24T20:31:46.338+0000][1858.663s][debug][safepoint   ] Safepoint synchronization initiated using futex wait barrier. (208 threads)
[2025-04-24T20:31:46.338+0000][1858.663s][info ][safepoint   ] Safepoint "Cleanup", Time since last: 10001434988 ns, Reaching safepoint: 66521 ns, Cleanup: 9841 ns, At safepoint: 8223 ns, Total: 84585 ns
[2025-04-24T20:31:56.971+0000][1869.295s][debug][safepoint   ] Safepoint synchronization initiated using futex wait barrier. (207 threads)
[2025-04-24T20:31:56.971+0000][1869.295s][info ][safepoint   ] Safepoint "Cleanup", Time since last: 10632442364 ns, Reaching safepoint: 100797 ns, Cleanup: 15740 ns, At safepoint: 5276 ns, Total: 121813 ns
[2025-04-24T20:31:59.971+0000][1872.296s][debug][safepoint   ] Safepoint synchronization initiated using futex wait barrier. (207 threads)
[2025-04-24T20:31:59.972+0000][1872.296s][info ][safepoint   ] Safepoint "Cleanup", Time since last: 3000483153 ns, Reaching safepoint: 305304 ns, Cleanup: 44066 ns, At safepoint: 32590 ns, Total: 381960 ns
[2025-04-24T20:32:06.973+0000][1879.298s][debug][safepoint   ] Safepoint synchronization initiated using futex wait barrier. (207 threads)
[2025-04-24T20:32:06.974+0000][1879.298s][info ][safepoint   ] Safepoint "Cleanup", Time since last: 7001536432 ns, Reaching safepoint: 129527 ns, Cleanup: 21917 ns, At safepoint: 14012 ns, Total: 165456 ns
[2025-04-24T20:32:19.976+0000][1892.300s][debug][safepoint   ] Safepoint synchronization initiated using futex wait barrier. (207 threads)
[2025-04-24T20:32:19.976+0000][1892.301s][info ][safepoint   ] Safepoint "Cleanup", Time since last: 13002327680 ns, Reaching safepoint: 302247 ns, Cleanup: 40795 ns, At safepoint: 29170 ns, Total: 372212 ns
[2025-04-24T20:32:56.981+0000][1929.305s][debug][safepoint   ] Safepoint synchronization initiated using futex wait barrier. (209 threads)
[2025-04-24T20:32:56.981+0000][1929.306s][info ][safepoint   ] Safepoint "Cleanup", Time since last: 37004693688 ns, Reaching safepoint: 62944 ns, Cleanup: 9660 ns, At safepoint: 4763 ns, Total: 77367 ns
[2025-04-24T20:32:59.981+0000][1932.306s][debug][safepoint   ] Safepoint synchronization initiated using futex wait barrier. (209 threads)
[2025-04-24T20:32:59.982+0000][1932.306s][info ][safepoint   ] Safepoint "Cleanup", Time since last: 3000380341 ns, Reaching safepoint: 433573 ns, Cleanup: 55599 ns, At safepoint: 32825 ns, Total: 521997 ns
[2025-04-24T20:33:36.986+0000][1969.311s][debug][safepoint   ] Safepoint synchronization initiated using futex wait barrier. (209 threads)
[2025-04-24T20:33:36.986+0000][1969.311s][info ][safepoint   ] Safepoint "Cleanup", Time since last: 37004313699 ns, Reaching safepoint: 112802 ns, Cleanup: 16802 ns, At safepoint: 10198 ns, Total: 139802 ns
[2025-04-24T20:33:59.990+0000][1992.314s][debug][safepoint   ] Safepoint synchronization initiated using futex wait barrier. (209 threads)
[2025-04-24T20:33:59.990+0000][1992.315s][info ][safepoint   ] Safepoint "Cleanup", Time since last: 23003276700 ns, Reaching safepoint: 306452 ns, Cleanup: 43529 ns, At safepoint: 27999 ns, Total: 377980 ns
[2025-04-24T20:34:00.105+0000][1992.429s][debug][safepoint   ] Safepoint synchronization initiated using futex wait barrier. (209 threads)
[2025-04-24T20:34:00.105+0000][1992.429s][info ][gc,start    ] GC(77) Pause Young (Normal) (G1 Evacuation Pause)
[2025-04-24T20:34:00.105+0000][1992.429s][info ][gc,task     ] GC(77) Using 4 workers of 4 for evacuation
[2025-04-24T20:34:00.134+0000][1992.458s][info ][gc,phases   ] GC(77)   Pre Evacuate Collection Set: 0.2ms
[2025-04-24T20:34:00.134+0000][1992.458s][info ][gc,phases   ] GC(77)   Merge Heap Roots: 0.2ms
[2025-04-24T20:34:00.134+0000][1992.458s][info ][gc,phases   ] GC(77)   Evacuate Collection Set: 26.0ms
[2025-04-24T20:34:00.134+0000][1992.458s][info ][gc,phases   ] GC(77)   Post Evacuate Collection Set: 2.5ms
[2025-04-24T20:34:00.134+0000][1992.458s][info ][gc,phases   ] GC(77)   Other: 0.2ms
[2025-04-24T20:34:00.134+0000][1992.458s][info ][gc,heap     ] GC(77) Eden regions: 299->0(297)
[2025-04-24T20:34:00.134+0000][1992.458s][info ][gc,heap     ] GC(77) Survivor regions: 18->19(40)
[2025-04-24T20:34:00.134+0000][1992.458s][info ][gc,heap     ] GC(77) Old regions: 183->183
[2025-04-24T20:34:00.134+0000][1992.458s][info ][gc,heap     ] GC(77) Archive regions: 2->2
[2025-04-24T20:34:00.134+0000][1992.458s][info ][gc,heap     ] GC(77) Humongous regions: 2->2
[2025-04-24T20:34:00.134+0000][1992.458s][info ][gc,metaspace] GC(77) Metaspace: 193862K(195392K)->193862K(195392K) NonClass: 170354K(171136K)->170354K(171136K) Class: 23507K(24256K)->23507K(24256K)
[2025-04-24T20:34:00.134+0000][1992.458s][info ][gc          ] GC(77) Pause Young (Normal) (G1 Evacuation Pause) 502M->203M(580M) 29.069ms
[2025-04-24T20:34:00.134+0000][1992.458s][info ][gc,cpu      ] GC(77) User=0.08s Sys=0.00s Real=0.03s
[2025-04-24T20:34:00.134+0000][1992.459s][info ][safepoint   ] Safepoint "G1CollectForAllocation", Time since last: 114684406 ns, Reaching safepoint: 73576 ns, Cleanup: 4063 ns, At safepoint: 29374403 ns, Total: 29452042 ns
[2025-04-24T20:34:14.136+0000][2006.460s][debug][safepoint   ] Safepoint synchronization initiated using futex wait barrier. (209 threads)
[2025-04-24T20:34:14.136+0000][2006.460s][info ][safepoint   ] Safepoint "Cleanup", Time since last: 14001562897 ns, Reaching safepoint: 111956 ns, Cleanup: 22131 ns, At safepoint: 7118 ns, Total: 141205 ns
[2025-04-24T20:34:15.136+0000][2007.461s][debug][safepoint   ] Safepoint synchronization initiated using futex wait barrier. (216 threads)
[2025-04-24T20:34:15.136+0000][2007.461s][info ][safepoint   ] Safepoint "Cleanup", Time since last: 1000170057 ns, Reaching safepoint: 69531 ns, Cleanup: 33305 ns, At safepoint: 6726 ns, Total: 109562 ns
[2025-04-24T20:34:27.138+0000][2019.462s][debug][safepoint   ] Safepoint synchronization initiated using futex wait barrier. (222 threads)
[2025-04-24T20:34:27.138+0000][2019.463s][info ][safepoint   ] Safepoint "Cleanup", Time since last: 12001643631 ns, Reaching safepoint: 186004 ns, Cleanup: 51963 ns, At safepoint: 8427 ns, Total: 246394 ns
[2025-04-24T20:34:28.138+0000][2020.463s][debug][safepoint   ] Safepoint synchronization initiated using futex wait barrier. (222 threads)
[2025-04-24T20:34:28.138+0000][2020.463s][info ][safepoint   ] Safepoint "Cleanup", Time since last: 1000095440 ns, Reaching safepoint: 74545 ns, Cleanup: 51643 ns, At safepoint: 10785 ns, Total: 136973 ns
[2025-04-24T20:34:35.139+0000][2027.464s][debug][safepoint   ] Safepoint synchronization initiated using futex wait barrier. (222 threads)
[2025-04-24T20:34:35.139+0000][2027.464s][info ][safepoint   ] Safepoint "Cleanup", Time since last: 7001032610 ns, Reaching safepoint: 109473 ns, Cleanup: 17707 ns, At safepoint: 12118 ns, Total: 139298 ns
[2025-04-24T20:34:36.140+0000][2028.464s][debug][safepoint   ] Safepoint synchronization initiated using futex wait barrier. (222 threads)
[2025-04-24T20:34:36.140+0000][2028.465s][info ][safepoint   ] Safepoint "Cleanup", Time since last: 1000283199 ns, Reaching safepoint: 203181 ns, Cleanup: 83517 ns, At safepoint: 25532 ns, Total: 312230 ns
[2025-04-24T20:34:38.140+0000][2030.465s][debug][safepoint   ] Safepoint synchronization initiated using futex wait barrier. (222 threads)
[2025-04-24T20:34:38.140+0000][2030.465s][info ][safepoint   ] Safepoint "Cleanup", Time since last: 2000284847 ns, Reaching safepoint: 97333 ns, Cleanup: 17638 ns, At safepoint: 6574 ns, Total: 121545 ns
[2025-04-24T20:34:39.458+0000][2031.782s][debug][safepoint   ] Safepoint synchronization initiated using futex wait barrier. (222 threads)
[2025-04-24T20:34:39.458+0000][2031.783s][info ][safepoint   ] Safepoint "Cleanup", Time since last: 1317316182 ns, Reaching safepoint: 187677 ns, Cleanup: 198008 ns, At safepoint: 31520 ns, Total: 417205 ns
[2025-04-24T20:34:40.458+0000][2032.783s][debug][safepoint   ] Safepoint synchronization initiated using futex wait barrier. (222 threads)
[2025-04-24T20:34:40.458+0000][2032.783s][info ][safepoint   ] Safepoint "Cleanup", Time since last: 1000153162 ns, Reaching safepoint: 90589 ns, Cleanup: 25267 ns, At safepoint: 7390 ns, Total: 123246 ns
[2025-04-24T20:34:41.459+0000][2033.783s][debug][safepoint   ] Safepoint synchronization initiated using futex wait barrier. (222 threads)
[2025-04-24T20:34:41.459+0000][2033.783s][info ][safepoint   ] Safepoint "Cleanup", Time since last: 1000164005 ns, Reaching safepoint: 98897 ns, Cleanup: 21334 ns, At safepoint: 8762 ns, Total: 128993 ns
[2025-04-24T20:34:42.459+0000][2034.783s][debug][safepoint   ] Safepoint synchronization initiated using futex wait barrier. (222 threads)
[2025-04-24T20:34:42.459+0000][2034.783s][info ][safepoint   ] Safepoint "Cleanup", Time since last: 1000086642 ns, Reaching safepoint: 68587 ns, Cleanup: 10635 ns, At safepoint: 5898 ns, Total: 85120 ns
[2025-04-24T20:34:43.459+0000][2035.784s][debug][safepoint   ] Safepoint synchronization initiated using futex wait barrier. (222 threads)
[2025-04-24T20:34:43.459+0000][2035.784s][info ][safepoint   ] Safepoint "Cleanup", Time since last: 1000103025 ns, Reaching safepoint: 70928 ns, Cleanup: 45942 ns, At safepoint: 9941 ns, Total: 126811 ns
[2025-04-24T20:34:52.071+0000][2044.395s][debug][safepoint   ] Safepoint synchronization initiated using futex wait barrier. (225 threads)
[2025-04-24T20:34:52.071+0000][2044.396s][info ][safepoint   ] Safepoint "Cleanup", Time since last: 8611430976 ns, Reaching safepoint: 347409 ns, Cleanup: 85773 ns, At safepoint: 42554 ns, Total: 475736 ns
[2025-04-24T20:35:00.073+0000][2052.397s][debug][safepoint   ] Safepoint synchronization initiated using futex wait barrier. (225 threads)
[2025-04-24T20:35:00.073+0000][2052.398s][info ][safepoint   ] Safepoint "Cleanup", Time since last: 8001607644 ns, Reaching safepoint: 370786 ns, Cleanup: 81131 ns, At safepoint: 32792 ns, Total: 484709 ns
[2025-04-24T20:35:23.077+0000][2075.401s][debug][safepoint   ] Safepoint synchronization initiated using futex wait barrier. (224 threads)
[2025-04-24T20:35:23.077+0000][2075.401s][info ][safepoint   ] Safepoint "Cleanup", Time since last: 23003395625 ns, Reaching safepoint: 326203 ns, Cleanup: 62167 ns, At safepoint: 29384 ns, Total: 417754 ns
[2025-04-24T20:36:39.088+0000][2151.412s][debug][safepoint   ] Safepoint synchronization initiated using futex wait barrier. (217 threads)
[2025-04-24T20:36:39.088+0000][2151.413s][info ][safepoint   ] Safepoint "Cleanup", Time since last: 76010633582 ns, Reaching safepoint: 327011 ns, Cleanup: 38686 ns, At safepoint: 32093 ns, Total: 397790 ns
[2025-04-24T20:37:00.144+0000][2172.468s][debug][safepoint   ] Safepoint synchronization initiated using futex wait barrier. (214 threads)
[2025-04-24T20:37:00.144+0000][2172.468s][info ][safepoint   ] Safepoint "Cleanup", Time since last: 21055577337 ns, Reaching safepoint: 66169 ns, Cleanup: 10026 ns, At safepoint: 9128 ns, Total: 85323 ns
[2025-04-24T20:38:02.328+0000][2234.653s][debug][safepoint   ] Safepoint synchronization initiated using futex wait barrier. (212 threads)
[2025-04-24T20:38:02.329+0000][2234.653s][info ][gc,start    ] GC(78) Pause Young (Normal) (G1 Evacuation Pause)
[2025-04-24T20:38:02.329+0000][2234.654s][info ][gc,task     ] GC(78) Using 4 workers of 4 for evacuation
[2025-04-24T20:38:02.442+0000][2234.767s][info ][gc,phases   ] GC(78)   Pre Evacuate Collection Set: 0.7ms
[2025-04-24T20:38:02.443+0000][2234.767s][info ][gc,phases   ] GC(78)   Merge Heap Roots: 1.1ms
[2025-04-24T20:38:02.443+0000][2234.767s][info ][gc,phases   ] GC(78)   Evacuate Collection Set: 107.5ms
[2025-04-24T20:38:02.443+0000][2234.767s][info ][gc,phases   ] GC(78)   Post Evacuate Collection Set: 3.8ms
[2025-04-24T20:38:02.443+0000][2234.767s][info ][gc,phases   ] GC(78)   Other: 0.6ms
[2025-04-24T20:38:02.443+0000][2234.767s][info ][gc,heap     ] GC(78) Eden regions: 297->0(297)
[2025-04-24T20:38:02.443+0000][2234.767s][info ][gc,heap     ] GC(78) Survivor regions: 19->19(40)
[2025-04-24T20:38:02.443+0000][2234.767s][info ][gc,heap     ] GC(78) Old regions: 183->183
[2025-04-24T20:38:02.443+0000][2234.767s][info ][gc,heap     ] GC(78) Archive regions: 2->2
[2025-04-24T20:38:02.443+0000][2234.767s][info ][gc,heap     ] GC(78) Humongous regions: 2->2
[2025-04-24T20:38:02.443+0000][2234.767s][info ][gc,metaspace] GC(78) Metaspace: 194121K(195648K)->194121K(195648K) NonClass: 170598K(171392K)->170598K(171392K) Class: 23522K(24256K)->23522K(24256K)
[2025-04-24T20:38:02.443+0000][2234.767s][info ][gc          ] GC(78) Pause Young (Normal) (G1 Evacuation Pause) 500M->203M(580M) 114.022ms
[2025-04-24T20:38:02.443+0000][2234.768s][info ][gc,cpu      ] GC(78) User=0.37s Sys=0.00s Real=0.11s
[2025-04-24T20:38:02.444+0000][2234.768s][info ][safepoint   ] Safepoint "G1CollectForAllocation", Time since last: 62184791156 ns, Reaching safepoint: 310908 ns, Cleanup: 18995 ns, At safepoint: 114853120 ns, Total: 115183023 ns
[2025-04-24T20:39:27.456+0000][2319.780s][debug][safepoint   ] Safepoint synchronization initiated using futex wait barrier. (210 threads)
[2025-04-24T20:39:27.456+0000][2319.780s][info ][safepoint   ] Safepoint "Cleanup", Time since last: 85011989791 ns, Reaching safepoint: 102024 ns, Cleanup: 17076 ns, At safepoint: 8945 ns, Total: 128045 ns
[2025-04-24T20:40:28.464+0000][2380.788s][debug][safepoint   ] Safepoint synchronization initiated using futex wait barrier. (210 threads)
[2025-04-24T20:40:28.464+0000][2380.789s][info ][safepoint   ] Safepoint "Cleanup", Time since last: 61008128160 ns, Reaching safepoint: 262409 ns, Cleanup: 42845 ns, At safepoint: 20376 ns, Total: 325630 ns
[2025-04-24T20:41:06.281+0000][2418.605s][debug][safepoint   ] Safepoint synchronization initiated using futex wait barrier. (210 threads)
[2025-04-24T20:41:06.281+0000][2418.605s][info ][safepoint   ] Safepoint "Cleanup", Time since last: 37816556550 ns, Reaching safepoint: 91356 ns, Cleanup: 15285 ns, At safepoint: 8523 ns, Total: 115164 ns
[2025-04-24T20:41:17.282+0000][2429.607s][debug][safepoint   ] Safepoint synchronization initiated using futex wait barrier. (210 threads)
[2025-04-24T20:41:17.283+0000][2429.607s][info ][safepoint   ] Safepoint "Cleanup", Time since last: 11001388514 ns, Reaching safepoint: 198663 ns, Cleanup: 33524 ns, At safepoint: 22399 ns, Total: 254586 ns
[2025-04-24T20:41:29.284+0000][2441.608s][debug][safepoint   ] Safepoint synchronization initiated using futex wait barrier. (210 threads)
[2025-04-24T20:41:29.284+0000][2441.609s][info ][safepoint   ] Safepoint "Cleanup", Time since last: 12001394745 ns, Reaching safepoint: 104509 ns, Cleanup: 17287 ns, At safepoint: 9732 ns, Total: 131528 ns
[2025-04-24T20:41:59.311+0000][2471.636s][debug][safepoint   ] Safepoint synchronization initiated using futex wait barrier. (210 threads)
[2025-04-24T20:41:59.312+0000][2471.636s][info ][safepoint   ] Safepoint "Cleanup", Time since last: 30027195436 ns, Reaching safepoint: 391961 ns, Cleanup: 17034 ns, At safepoint: 38237 ns, Total: 447232 ns
[2025-04-24T20:42:12.227+0000][2484.551s][debug][safepoint   ] Safepoint synchronization initiated using futex wait barrier. (210 threads)
[2025-04-24T20:42:12.227+0000][2484.552s][info ][gc,start    ] GC(79) Pause Young (Normal) (G1 Evacuation Pause)
[2025-04-24T20:42:12.227+0000][2484.552s][info ][gc,task     ] GC(79) Using 4 workers of 4 for evacuation
[2025-04-24T20:42:12.259+0000][2484.583s][info ][gc,phases   ] GC(79)   Pre Evacuate Collection Set: 0.2ms
[2025-04-24T20:42:12.259+0000][2484.584s][info ][gc,phases   ] GC(79)   Merge Heap Roots: 0.2ms
[2025-04-24T20:42:12.259+0000][2484.584s][info ][gc,phases   ] GC(79)   Evacuate Collection Set: 26.6ms
[2025-04-24T20:42:12.259+0000][2484.584s][info ][gc,phases   ] GC(79)   Post Evacuate Collection Set: 4.7ms
[2025-04-24T20:42:12.259+0000][2484.584s][info ][gc,phases   ] GC(79)   Other: 0.3ms
[2025-04-24T20:42:12.259+0000][2484.584s][info ][gc,heap     ] GC(79) Eden regions: 297->0(297)
[2025-04-24T20:42:12.259+0000][2484.584s][info ][gc,heap     ] GC(79) Survivor regions: 19->19(40)
[2025-04-24T20:42:12.259+0000][2484.584s][info ][gc,heap     ] GC(79) Old regions: 183->183
[2025-04-24T20:42:12.259+0000][2484.584s][info ][gc,heap     ] GC(79) Archive regions: 2->2
[2025-04-24T20:42:12.259+0000][2484.584s][info ][gc,heap     ] GC(79) Humongous regions: 2->2
[2025-04-24T20:42:12.259+0000][2484.584s][info ][gc,metaspace] GC(79) Metaspace: 194175K(195648K)->194175K(195648K) NonClass: 170653K(171392K)->170653K(171392K) Class: 23522K(24256K)->23522K(24256K)
[2025-04-24T20:42:12.259+0000][2484.584s][info ][gc          ] GC(79) Pause Young (Normal) (G1 Evacuation Pause) 500M->203M(580M) 32.206ms
[2025-04-24T20:42:12.259+0000][2484.584s][info ][gc,cpu      ] GC(79) User=0.10s Sys=0.00s Real=0.04s
[2025-04-24T20:42:12.260+0000][2484.584s][info ][safepoint   ] Safepoint "G1CollectForAllocation", Time since last: 12915203283 ns, Reaching safepoint: 123523 ns, Cleanup: 6745 ns, At safepoint: 32701116 ns, Total: 32831384 ns
[2025-04-24T20:42:31.263+0000][2503.588s][debug][safepoint   ] Safepoint synchronization initiated using futex wait barrier. (210 threads)
[2025-04-24T20:42:31.263+0000][2503.588s][info ][safepoint   ] Safepoint "Cleanup", Time since last: 19003290147 ns, Reaching safepoint: 269637 ns, Cleanup: 59902 ns, At safepoint: 28902 ns, Total: 358441 ns
[2025-04-24T20:43:56.356+0000][2588.681s][debug][safepoint   ] Safepoint synchronization initiated using futex wait barrier. (208 threads)
[2025-04-24T20:43:56.357+0000][2588.681s][info ][safepoint   ] Safepoint "Cleanup", Time since last: 85093017011 ns, Reaching safepoint: 205334 ns, Cleanup: 39107 ns, At safepoint: 21814 ns, Total: 266255 ns
[2025-04-24T20:44:14.359+0000][2606.684s][debug][safepoint   ] Safepoint synchronization initiated using futex wait barrier. (208 threads)
[2025-04-24T20:44:14.360+0000][2606.684s][info ][safepoint   ] Safepoint "Cleanup", Time since last: 18002650125 ns, Reaching safepoint: 244253 ns, Cleanup: 35459 ns, At safepoint: 26169 ns, Total: 305881 ns
[2025-04-24T20:44:17.360+0000][2609.685s][debug][safepoint   ] Safepoint synchronization initiated using futex wait barrier. (208 threads)
[2025-04-24T20:44:17.361+0000][2609.685s][info ][safepoint   ] Safepoint "Cleanup", Time since last: 3000714150 ns, Reaching safepoint: 205117 ns, Cleanup: 33687 ns, At safepoint: 23365 ns, Total: 262169 ns
[2025-04-24T20:45:05.370+0000][2657.695s][debug][safepoint   ] Safepoint synchronization initiated using futex wait barrier. (210 threads)
[2025-04-24T20:45:05.370+0000][2657.695s][info ][safepoint   ] Safepoint "Cleanup", Time since last: 48009602453 ns, Reaching safepoint: 77561 ns, Cleanup: 18437 ns, At safepoint: 5754 ns, Total: 101752 ns
[2025-04-24T20:45:09.371+0000][2661.695s][debug][safepoint   ] Safepoint synchronization initiated using futex wait barrier. (210 threads)
[2025-04-24T20:45:09.371+0000][2661.696s][info ][safepoint   ] Safepoint "Cleanup", Time since last: 4000664276 ns, Reaching safepoint: 259571 ns, Cleanup: 77788 ns, At safepoint: 24230 ns, Total: 361589 ns
[2025-04-24T20:45:17.372+0000][2669.697s][debug][safepoint   ] Safepoint synchronization initiated using futex wait barrier. (213 threads)
[2025-04-24T20:45:17.373+0000][2669.697s][info ][safepoint   ] Safepoint "Cleanup", Time since last: 8001081418 ns, Reaching safepoint: 153247 ns, Cleanup: 20121 ns, At safepoint: 9308 ns, Total: 182676 ns
[2025-04-24T20:45:46.378+0000][2698.702s][debug][safepoint   ] Safepoint synchronization initiated using futex wait barrier. (213 threads)
[2025-04-24T20:45:46.378+0000][2698.703s][info ][safepoint   ] Safepoint "Cleanup", Time since last: 29005217264 ns, Reaching safepoint: 401357 ns, Cleanup: 44663 ns, At safepoint: 29083 ns, Total: 475103 ns
[2025-04-24T20:45:47.379+0000][2699.703s][debug][safepoint   ] Safepoint synchronization initiated using futex wait barrier. (216 threads)
[2025-04-24T20:45:47.379+0000][2699.703s][info ][safepoint   ] Safepoint "Cleanup", Time since last: 1000248035 ns, Reaching safepoint: 348673 ns, Cleanup: 53136 ns, At safepoint: 53424 ns, Total: 455233 ns
[2025-04-24T20:46:21.349+0000][2733.674s][debug][safepoint   ] Safepoint synchronization initiated using futex wait barrier. (213 threads)
[2025-04-24T20:46:21.350+0000][2733.675s][info ][gc,start    ] GC(80) Pause Young (Normal) (G1 Evacuation Pause)
[2025-04-24T20:46:21.350+0000][2733.675s][info ][gc,task     ] GC(80) Using 4 workers of 4 for evacuation
[2025-04-24T20:46:21.455+0000][2733.779s][info ][gc,phases   ] GC(80)   Pre Evacuate Collection Set: 0.8ms
[2025-04-24T20:46:21.455+0000][2733.779s][info ][gc,phases   ] GC(80)   Merge Heap Roots: 0.9ms
[2025-04-24T20:46:21.455+0000][2733.779s][info ][gc,phases   ] GC(80)   Evacuate Collection Set: 98.2ms
[2025-04-24T20:46:21.455+0000][2733.779s][info ][gc,phases   ] GC(80)   Post Evacuate Collection Set: 4.0ms
[2025-04-24T20:46:21.455+0000][2733.779s][info ][gc,phases   ] GC(80)   Other: 0.6ms
[2025-04-24T20:46:21.455+0000][2733.779s][info ][gc,heap     ] GC(80) Eden regions: 297->0(307)
[2025-04-24T20:46:21.455+0000][2733.779s][info ][gc,heap     ] GC(80) Survivor regions: 19->10(40)
[2025-04-24T20:46:21.455+0000][2733.779s][info ][gc,heap     ] GC(80) Old regions: 183->191
[2025-04-24T20:46:21.455+0000][2733.779s][info ][gc,heap     ] GC(80) Archive regions: 2->2
[2025-04-24T20:46:21.455+0000][2733.780s][info ][gc,heap     ] GC(80) Humongous regions: 2->2
[2025-04-24T20:46:21.455+0000][2733.780s][info ][gc,metaspace] GC(80) Metaspace: 194342K(195840K)->194342K(195840K) NonClass: 170813K(171584K)->170813K(171584K) Class: 23529K(24256K)->23529K(24256K)
[2025-04-24T20:46:21.455+0000][2733.780s][info ][gc          ] GC(80) Pause Young (Normal) (G1 Evacuation Pause) 500M->203M(580M) 104.960ms
[2025-04-24T20:46:21.455+0000][2733.780s][info ][gc,cpu      ] GC(80) User=0.39s Sys=0.00s Real=0.10s
[2025-04-24T20:46:21.456+0000][2733.780s][info ][safepoint   ] Safepoint "G1CollectForAllocation", Time since last: 33970437221 ns, Reaching safepoint: 621372 ns, Cleanup: 15683 ns, At safepoint: 105915216 ns, Total: 106552271 ns
[2025-04-24T20:46:24.456+0000][2736.781s][debug][safepoint   ] Safepoint synchronization initiated using futex wait barrier. (213 threads)
[2025-04-24T20:46:24.457+0000][2736.781s][info ][safepoint   ] Safepoint "Cleanup", Time since last: 3000492745 ns, Reaching safepoint: 117428 ns, Cleanup: 19960 ns, At safepoint: 14303 ns, Total: 151691 ns
[2025-04-24T20:47:58.478+0000][2830.803s][debug][safepoint   ] Safepoint synchronization initiated using futex wait barrier. (212 threads)
[2025-04-24T20:47:58.479+0000][2830.803s][info ][safepoint   ] Safepoint "Cleanup", Time since last: 94021548798 ns, Reaching safepoint: 247750 ns, Cleanup: 41084 ns, At safepoint: 28436 ns, Total: 317270 ns
[2025-04-24T20:49:24.499+0000][2916.824s][debug][safepoint   ] Safepoint synchronization initiated using futex wait barrier. (211 threads)
[2025-04-24T20:49:24.499+0000][2916.824s][info ][safepoint   ] Safepoint "Cleanup", Time since last: 86020618101 ns, Reaching safepoint: 235974 ns, Cleanup: 34138 ns, At safepoint: 26668 ns, Total: 296780 ns
[2025-04-24T20:49:48.506+0000][2940.830s][debug][safepoint   ] Safepoint synchronization initiated using futex wait barrier. (211 threads)
[2025-04-24T20:49:48.506+0000][2940.831s][info ][safepoint   ] Safepoint "Cleanup", Time since last: 24006385881 ns, Reaching safepoint: 266649 ns, Cleanup: 52127 ns, At safepoint: 27751 ns, Total: 346527 ns
[2025-04-24T20:50:03.510+0000][2955.835s][debug][safepoint   ] Safepoint synchronization initiated using futex wait barrier. (211 threads)
[2025-04-24T20:50:03.510+0000][2955.835s][info ][safepoint   ] Safepoint "Cleanup", Time since last: 15003915893 ns, Reaching safepoint: 97785 ns, Cleanup: 14559 ns, At safepoint: 9774 ns, Total: 122118 ns
[2025-04-24T20:50:17.513+0000][2969.838s][debug][safepoint   ] Safepoint synchronization initiated using futex wait barrier. (211 threads)
[2025-04-24T20:50:17.513+0000][2969.838s][info ][safepoint   ] Safepoint "Cleanup", Time since last: 14003200519 ns, Reaching safepoint: 58817 ns, Cleanup: 9983 ns, At safepoint: 5209 ns, Total: 74009 ns
[2025-04-24T20:50:38.517+0000][2990.842s][debug][safepoint   ] Safepoint synchronization initiated using futex wait barrier. (211 threads)
[2025-04-24T20:50:38.519+0000][2990.844s][info ][safepoint   ] Safepoint "Cleanup", Time since last: 21003623177 ns, Reaching safepoint: 2053882 ns, Cleanup: 74242 ns, At safepoint: 85404 ns, Total: 2213528 ns
[2025-04-24T20:50:41.100+0000][2993.425s][debug][safepoint   ] Safepoint synchronization initiated using futex wait barrier. (211 threads)
[2025-04-24T20:50:41.101+0000][2993.425s][info ][gc,start    ] GC(81) Pause Young (Normal) (G1 Evacuation Pause)
[2025-04-24T20:50:41.101+0000][2993.425s][info ][gc,task     ] GC(81) Using 4 workers of 4 for evacuation
[2025-04-24T20:50:41.162+0000][2993.487s][info ][gc,phases   ] GC(81)   Pre Evacuate Collection Set: 0.7ms
[2025-04-24T20:50:41.162+0000][2993.487s][info ][gc,phases   ] GC(81)   Merge Heap Roots: 0.8ms
[2025-04-24T20:50:41.163+0000][2993.487s][info ][gc,phases   ] GC(81)   Evacuate Collection Set: 53.2ms
[2025-04-24T20:50:41.163+0000][2993.487s][info ][gc,phases   ] GC(81)   Post Evacuate Collection Set: 6.4ms
[2025-04-24T20:50:41.163+0000][2993.487s][info ][gc,phases   ] GC(81)   Other: 0.5ms
[2025-04-24T20:50:41.163+0000][2993.487s][info ][gc,heap     ] GC(81) Eden regions: 307->0(311)
[2025-04-24T20:50:41.163+0000][2993.487s][info ][gc,heap     ] GC(81) Survivor regions: 10->5(40)
[2025-04-24T20:50:41.163+0000][2993.487s][info ][gc,heap     ] GC(81) Old regions: 191->197
[2025-04-24T20:50:41.163+0000][2993.487s][info ][gc,heap     ] GC(81) Archive regions: 2->2
[2025-04-24T20:50:41.163+0000][2993.487s][info ][gc,heap     ] GC(81) Humongous regions: 2->2
[2025-04-24T20:50:41.163+0000][2993.488s][info ][gc,metaspace] GC(81) Metaspace: 194399K(195968K)->194399K(195968K) NonClass: 170869K(171712K)->170869K(171712K) Class: 23529K(24256K)->23529K(24256K)
[2025-04-24T20:50:41.163+0000][2993.488s][info ][gc          ] GC(81) Pause Young (Normal) (G1 Evacuation Pause) 510M->203M(580M) 62.316ms
[2025-04-24T20:50:41.163+0000][2993.488s][info ][gc,cpu      ] GC(81) User=0.23s Sys=0.00s Real=0.06s
[2025-04-24T20:50:41.165+0000][2993.489s][info ][safepoint   ] Safepoint "G1CollectForAllocation", Time since last: 2581166151 ns, Reaching safepoint: 210942 ns, Cleanup: 15193 ns, At safepoint: 63925801 ns, Total: 64151936 ns
[2025-04-24T20:51:00.169+0000][3012.494s][debug][safepoint   ] Safepoint synchronization initiated using futex wait barrier. (211 threads)
[2025-04-24T20:51:00.170+0000][3012.494s][info ][safepoint   ] Safepoint "Cleanup", Time since last: 19004696322 ns, Reaching safepoint: 248935 ns, Cleanup: 63851 ns, At safepoint: 33082 ns, Total: 345868 ns
[2025-04-24T20:52:24.189+0000][3096.514s][debug][safepoint   ] Safepoint synchronization initiated using futex wait barrier. (212 threads)
[2025-04-24T20:52:24.190+0000][3096.514s][info ][safepoint   ] Safepoint "Cleanup", Time since last: 84019600096 ns, Reaching safepoint: 237507 ns, Cleanup: 37239 ns, At safepoint: 28888 ns, Total: 303634 ns
