[2025-04-27T11:53:45.538+0000][0.090s][info][gc] Using G1
[2025-04-27T11:53:45.548+0000][0.100s][info][gc,init] Version: 17.0.14+7-Debian-1deb12u1 (release)
[2025-04-27T11:53:45.548+0000][0.101s][info][gc,init] CPUs: 4 total, 4 available
[2025-04-27T11:53:45.550+0000][0.103s][info][gc,init] Memory: 7823M
[2025-04-27T11:53:45.551+0000][0.103s][info][gc,init] Large Page Support: Disabled
[2025-04-27T11:53:45.551+0000][0.104s][info][gc,init] NUMA Support: Disabled
[2025-04-27T11:53:45.552+0000][0.104s][info][gc,init] Compressed Oops: Enabled (32-bit)
[2025-04-27T11:53:45.552+0000][0.104s][info][gc,init] Heap Region Size: 1M
[2025-04-27T11:53:45.552+0000][0.104s][info][gc,init] Heap Min Capacity: 8M
[2025-04-27T11:53:45.552+0000][0.104s][info][gc,init] Heap Initial Capacity: 124M
[2025-04-27T11:53:45.552+0000][0.104s][info][gc,init] Heap Max Capacity: 1956M
[2025-04-27T11:53:45.552+0000][0.104s][info][gc,init] Pre-touch: Disabled
[2025-04-27T11:53:45.552+0000][0.104s][info][gc,init] Parallel Workers: 4
[2025-04-27T11:53:45.552+0000][0.104s][info][gc,init] Concurrent Workers: 1
[2025-04-27T11:53:45.552+0000][0.104s][info][gc,init] Concurrent Refinement Workers: 4
[2025-04-27T11:53:45.552+0000][0.104s][info][gc,init] Periodic GC: Disabled
[2025-04-27T11:53:45.668+0000][0.221s][info][gc,metaspace] CDS archive(s) mapped at: [0x00007a33c3000000-0x00007a33c3bc9000-0x00007a33c3bc9000), size 12357632, SharedBaseAddress: 0x00007a33c3000000, ArchiveRelocationMode: 1.
[2025-04-27T11:53:45.668+0000][0.221s][info][gc,metaspace] Compressed class space mapped at: 0x00007a33c4000000-0x00007a3404000000, reserved size: 1073741824
[2025-04-27T11:53:45.668+0000][0.221s][info][gc,metaspace] Narrow klass base: 0x00007a33c3000000, Narrow klass shift: 0, Narrow klass range: 0x100000000
[2025-04-27T11:53:45.738+0000][0.290s][info][cds,heap    ] initialize_from_archived_subgraph java.lang.Module$ArchivedData 0x00007a33c3183798 (early)
[2025-04-27T11:53:45.740+0000][0.292s][info][cds,heap    ] initialize_from_archived_subgraph java.util.ImmutableCollections 0x00007a33c3072308 (early)
[2025-04-27T11:53:45.746+0000][0.298s][info][cds,heap    ] initialize_from_archived_subgraph java.lang.Integer$IntegerCache 0x00007a33c3037660 (early)
[2025-04-27T11:53:45.779+0000][0.331s][info][cds,heap    ] initialize_from_archived_subgraph java.lang.module.Configuration 0x00007a33c3171718 (early)
[2025-04-27T11:53:45.779+0000][0.331s][info][cds,heap    ] initialize_from_archived_subgraph java.lang.ModuleLayer 0x00007a33c3145b50 (early)
[2025-04-27T11:53:45.780+0000][0.333s][info][cds,heap    ] initialize_from_archived_subgraph jdk.internal.loader.ArchivedClassLoaders 0x00007a33c31a7e00 (early)
[2025-04-27T11:53:45.780+0000][0.333s][info][cds,heap    ] initialize_from_archived_subgraph jdk.internal.module.ArchivedBootLayer 0x00007a33c3178358 (early)
[2025-04-27T11:53:45.794+0000][0.347s][info][cds,heap    ] initialize_from_archived_subgraph sun.util.locale.BaseLocale 0x00007a33c326eb88
[2025-04-27T11:53:45.861+0000][0.413s][info][cds,heap    ] initialize_from_archived_subgraph java.util.jar.Attributes$Name 0x00007a33c3199878
[2025-04-27T11:53:46.027+0000][0.580s][info][cds,heap    ] initialize_from_archived_subgraph java.lang.Long$LongCache 0x00007a33c3020f98
[2025-04-27T11:53:46.466+0000][1.019s][info][cds,heap    ] initialize_from_archived_subgraph java.lang.Character$CharacterCache 0x00007a33c303a9e8
[2025-04-27T11:53:47.403+0000][1.955s][debug][safepoint   ] Safepoint synchronization initiated using futex wait barrier. (13 threads)
[2025-04-27T11:53:47.404+0000][1.956s][info ][safepoint   ] Safepoint "Cleanup", Time since last: 1673027809 ns, Reaching safepoint: 46149 ns, Cleanup: 999292 ns, At safepoint: 131961 ns, Total: 1177402 ns
[2025-04-27T11:53:48.404+0000][2.956s][debug][safepoint   ] Safepoint synchronization initiated using futex wait barrier. (12 threads)
[2025-04-27T11:53:48.404+0000][2.956s][info ][safepoint   ] Safepoint "Cleanup", Time since last: 1000115476 ns, Reaching safepoint: 33696 ns, Cleanup: 63210 ns, At safepoint: 3603 ns, Total: 100509 ns
[2025-04-27T11:53:48.460+0000][3.012s][debug][safepoint   ] Safepoint synchronization initiated using futex wait barrier. (12 threads)
[2025-04-27T11:53:48.460+0000][3.013s][info ][gc,start    ] GC(0) Pause Young (Normal) (G1 Evacuation Pause)
[2025-04-27T11:53:48.461+0000][3.013s][info ][gc,task     ] GC(0) Using 3 workers of 4 for evacuation
[2025-04-27T11:53:48.483+0000][3.035s][info ][gc,phases   ] GC(0)   Pre Evacuate Collection Set: 2.8ms
[2025-04-27T11:53:48.483+0000][3.035s][info ][gc,phases   ] GC(0)   Merge Heap Roots: 0.2ms
[2025-04-27T11:53:48.483+0000][3.035s][info ][gc,phases   ] GC(0)   Evacuate Collection Set: 17.9ms
[2025-04-27T11:53:48.483+0000][3.035s][info ][gc,phases   ] GC(0)   Post Evacuate Collection Set: 1.1ms
[2025-04-27T11:53:48.483+0000][3.035s][info ][gc,phases   ] GC(0)   Other: 0.4ms
[2025-04-27T11:53:48.483+0000][3.035s][info ][gc,heap     ] GC(0) Eden regions: 37->0(51)
[2025-04-27T11:53:48.483+0000][3.035s][info ][gc,heap     ] GC(0) Survivor regions: 0->5(5)
[2025-04-27T11:53:48.483+0000][3.035s][info ][gc,heap     ] GC(0) Old regions: 0->2
[2025-04-27T11:53:48.483+0000][3.035s][info ][gc,heap     ] GC(0) Archive regions: 2->2
[2025-04-27T11:53:48.483+0000][3.035s][info ][gc,heap     ] GC(0) Humongous regions: 0->0
[2025-04-27T11:53:48.483+0000][3.035s][info ][gc,metaspace] GC(0) Metaspace: 2060K(2304K)->2060K(2304K) NonClass: 1854K(1984K)->1854K(1984K) Class: 205K(320K)->205K(320K)
[2025-04-27T11:53:48.483+0000][3.035s][info ][gc          ] GC(0) Pause Young (Normal) (G1 Evacuation Pause) 37M->7M(126M) 22.452ms
[2025-04-27T11:53:48.483+0000][3.035s][info ][gc,cpu      ] GC(0) User=0.02s Sys=0.01s Real=0.02s
[2025-04-27T11:53:48.483+0000][3.035s][info ][safepoint   ] Safepoint "G1CollectForAllocation", Time since last: 56140471 ns, Reaching safepoint: 54680 ns, Cleanup: 12279 ns, At safepoint: 22548155 ns, Total: 22615114 ns
[2025-04-27T11:53:49.975+0000][4.527s][debug][safepoint   ] Safepoint synchronization initiated using futex wait barrier. (13 threads)
[2025-04-27T11:53:49.975+0000][4.527s][info ][safepoint   ] Safepoint "Cleanup", Time since last: 1492332228 ns, Reaching safepoint: 35905 ns, Cleanup: 62589 ns, At safepoint: 2952 ns, Total: 101446 ns
[2025-04-27T11:53:50.541+0000][5.093s][debug][safepoint   ] Safepoint synchronization initiated using futex wait barrier. (13 threads)
[2025-04-27T11:53:50.541+0000][5.094s][info ][gc,start    ] GC(1) Pause Young (Normal) (G1 Evacuation Pause)
[2025-04-27T11:53:50.541+0000][5.094s][info ][gc,task     ] GC(1) Using 3 workers of 4 for evacuation
[2025-04-27T11:53:50.590+0000][5.142s][info ][gc,phases   ] GC(1)   Pre Evacuate Collection Set: 0.1ms
[2025-04-27T11:53:50.590+0000][5.142s][info ][gc,phases   ] GC(1)   Merge Heap Roots: 0.1ms
[2025-04-27T11:53:50.590+0000][5.142s][info ][gc,phases   ] GC(1)   Evacuate Collection Set: 40.9ms
[2025-04-27T11:53:50.590+0000][5.142s][info ][gc,phases   ] GC(1)   Post Evacuate Collection Set: 7.2ms
[2025-04-27T11:53:50.590+0000][5.142s][info ][gc,phases   ] GC(1)   Other: 0.1ms
[2025-04-27T11:53:50.590+0000][5.142s][info ][gc,heap     ] GC(1) Eden regions: 51->0(63)
[2025-04-27T11:53:50.590+0000][5.142s][info ][gc,heap     ] GC(1) Survivor regions: 5->4(7)
[2025-04-27T11:53:50.590+0000][5.142s][info ][gc,heap     ] GC(1) Old regions: 2->7
[2025-04-27T11:53:50.590+0000][5.142s][info ][gc,heap     ] GC(1) Archive regions: 2->2
[2025-04-27T11:53:50.590+0000][5.142s][info ][gc,heap     ] GC(1) Humongous regions: 0->0
[2025-04-27T11:53:50.590+0000][5.142s][info ][gc,metaspace] GC(1) Metaspace: 4291K(4544K)->4291K(4544K) NonClass: 3828K(3968K)->3828K(3968K) Class: 462K(576K)->462K(576K)
[2025-04-27T11:53:50.590+0000][5.142s][info ][gc          ] GC(1) Pause Young (Normal) (G1 Evacuation Pause) 58M->10M(126M) 48.454ms
[2025-04-27T11:53:50.590+0000][5.142s][info ][gc,cpu      ] GC(1) User=0.07s Sys=0.00s Real=0.05s
[2025-04-27T11:53:50.590+0000][5.142s][info ][safepoint   ] Safepoint "G1CollectForAllocation", Time since last: 566066764 ns, Reaching safepoint: 71507 ns, Cleanup: 27484 ns, At safepoint: 48510856 ns, Total: 48609847 ns
[2025-04-27T11:53:51.591+0000][6.144s][debug][safepoint   ] Safepoint synchronization initiated using futex wait barrier. (13 threads)
[2025-04-27T11:53:51.592+0000][6.144s][info ][safepoint   ] Safepoint "Cleanup", Time since last: 1001588263 ns, Reaching safepoint: 576566 ns, Cleanup: 176083 ns, At safepoint: 12807 ns, Total: 765456 ns
[2025-04-27T11:53:52.279+0000][6.832s][debug][safepoint   ] Safepoint synchronization initiated using futex wait barrier. (14 threads)
[2025-04-27T11:53:52.280+0000][6.832s][info ][gc,start    ] GC(2) Pause Young (Normal) (G1 Evacuation Pause)
[2025-04-27T11:53:52.280+0000][6.832s][info ][gc,task     ] GC(2) Using 3 workers of 4 for evacuation
[2025-04-27T11:53:52.289+0000][6.842s][info ][gc,phases   ] GC(2)   Pre Evacuate Collection Set: 0.1ms
[2025-04-27T11:53:52.289+0000][6.842s][info ][gc,phases   ] GC(2)   Merge Heap Roots: 0.1ms
[2025-04-27T11:53:52.289+0000][6.842s][info ][gc,phases   ] GC(2)   Evacuate Collection Set: 8.7ms
[2025-04-27T11:53:52.289+0000][6.842s][info ][gc,phases   ] GC(2)   Post Evacuate Collection Set: 0.7ms
[2025-04-27T11:53:52.289+0000][6.842s][info ][gc,phases   ] GC(2)   Other: 0.1ms
[2025-04-27T11:53:52.289+0000][6.842s][info ][gc,heap     ] GC(2) Eden regions: 63->0(69)
[2025-04-27T11:53:52.289+0000][6.842s][info ][gc,heap     ] GC(2) Survivor regions: 4->5(9)
[2025-04-27T11:53:52.289+0000][6.842s][info ][gc,heap     ] GC(2) Old regions: 7->7
[2025-04-27T11:53:52.289+0000][6.842s][info ][gc,heap     ] GC(2) Archive regions: 2->2
[2025-04-27T11:53:52.289+0000][6.842s][info ][gc,heap     ] GC(2) Humongous regions: 0->0
[2025-04-27T11:53:52.289+0000][6.842s][info ][gc,metaspace] GC(2) Metaspace: 6281K(6592K)->6281K(6592K) NonClass: 5484K(5632K)->5484K(5632K) Class: 797K(960K)->797K(960K)
[2025-04-27T11:53:52.289+0000][6.842s][info ][gc          ] GC(2) Pause Young (Normal) (G1 Evacuation Pause) 73M->12M(126M) 9.742ms
[2025-04-27T11:53:52.289+0000][6.842s][info ][gc,cpu      ] GC(2) User=0.01s Sys=0.00s Real=0.01s
[2025-04-27T11:53:52.289+0000][6.842s][info ][safepoint   ] Safepoint "G1CollectForAllocation", Time since last: 687323146 ns, Reaching safepoint: 44059 ns, Cleanup: 44716 ns, At safepoint: 9809944 ns, Total: 9898719 ns
[2025-04-27T11:53:53.460+0000][8.013s][debug][safepoint   ] Safepoint synchronization initiated using futex wait barrier. (13 threads)
[2025-04-27T11:53:53.461+0000][8.013s][info ][safepoint   ] Safepoint "Cleanup", Time since last: 1170987982 ns, Reaching safepoint: 126424 ns, Cleanup: 131194 ns, At safepoint: 148697 ns, Total: 406315 ns
[2025-04-27T11:53:53.986+0000][8.539s][debug][safepoint   ] Safepoint synchronization initiated using futex wait barrier. (13 threads)
[2025-04-27T11:53:53.986+0000][8.539s][info ][gc,start    ] GC(3) Pause Young (Normal) (G1 Evacuation Pause)
[2025-04-27T11:53:53.986+0000][8.539s][info ][gc,task     ] GC(3) Using 3 workers of 4 for evacuation
[2025-04-27T11:53:54.026+0000][8.579s][info ][gc,phases   ] GC(3)   Pre Evacuate Collection Set: 0.3ms
[2025-04-27T11:53:54.027+0000][8.579s][info ][gc,phases   ] GC(3)   Merge Heap Roots: 0.1ms
[2025-04-27T11:53:54.027+0000][8.579s][info ][gc,phases   ] GC(3)   Evacuate Collection Set: 33.6ms
[2025-04-27T11:53:54.027+0000][8.579s][info ][gc,phases   ] GC(3)   Post Evacuate Collection Set: 6.0ms
[2025-04-27T11:53:54.027+0000][8.579s][info ][gc,phases   ] GC(3)   Other: 0.1ms
[2025-04-27T11:53:54.027+0000][8.579s][info ][gc,heap     ] GC(3) Eden regions: 69->0(68)
[2025-04-27T11:53:54.027+0000][8.579s][info ][gc,heap     ] GC(3) Survivor regions: 5->6(10)
[2025-04-27T11:53:54.027+0000][8.579s][info ][gc,heap     ] GC(3) Old regions: 7->7
[2025-04-27T11:53:54.027+0000][8.579s][info ][gc,heap     ] GC(3) Archive regions: 2->2
[2025-04-27T11:53:54.027+0000][8.579s][info ][gc,heap     ] GC(3) Humongous regions: 0->0
[2025-04-27T11:53:54.027+0000][8.579s][info ][gc,metaspace] GC(3) Metaspace: 10269K(10560K)->10269K(10560K) NonClass: 8939K(9088K)->8939K(9088K) Class: 1329K(1472K)->1329K(1472K)
[2025-04-27T11:53:54.027+0000][8.579s][info ][gc          ] GC(3) Pause Young (Normal) (G1 Evacuation Pause) 81M->13M(126M) 40.164ms
[2025-04-27T11:53:54.027+0000][8.579s][info ][gc,cpu      ] GC(3) User=0.03s Sys=0.01s Real=0.04s
[2025-04-27T11:53:54.027+0000][8.579s][info ][safepoint   ] Safepoint "G1CollectForAllocation", Time since last: 525538246 ns, Reaching safepoint: 67912 ns, Cleanup: 66858 ns, At safepoint: 40244154 ns, Total: 40378924 ns
[2025-04-27T11:53:55.031+0000][9.584s][debug][safepoint   ] Safepoint synchronization initiated using futex wait barrier. (14 threads)
[2025-04-27T11:53:55.032+0000][9.584s][info ][safepoint   ] Safepoint "Cleanup", Time since last: 1004672881 ns, Reaching safepoint: 113550 ns, Cleanup: 88257 ns, At safepoint: 72021 ns, Total: 273828 ns
[2025-04-27T11:53:55.498+0000][10.051s][debug][safepoint   ] Safepoint synchronization initiated using futex wait barrier. (14 threads)
[2025-04-27T11:53:55.501+0000][10.053s][info ][gc,start    ] GC(4) Pause Young (Normal) (G1 Evacuation Pause)
[2025-04-27T11:53:55.501+0000][10.053s][info ][gc,task     ] GC(4) Using 3 workers of 4 for evacuation
[2025-04-27T11:53:55.519+0000][10.072s][info ][gc,phases   ] GC(4)   Pre Evacuate Collection Set: 2.7ms
[2025-04-27T11:53:55.519+0000][10.072s][info ][gc,phases   ] GC(4)   Merge Heap Roots: 0.1ms
[2025-04-27T11:53:55.519+0000][10.072s][info ][gc,phases   ] GC(4)   Evacuate Collection Set: 14.2ms
[2025-04-27T11:53:55.519+0000][10.072s][info ][gc,phases   ] GC(4)   Post Evacuate Collection Set: 1.5ms
[2025-04-27T11:53:55.519+0000][10.072s][info ][gc,phases   ] GC(4)   Other: 0.2ms
[2025-04-27T11:53:55.519+0000][10.072s][info ][gc,heap     ] GC(4) Eden regions: 68->0(69)
[2025-04-27T11:53:55.519+0000][10.072s][info ][gc,heap     ] GC(4) Survivor regions: 6->5(10)
[2025-04-27T11:53:55.519+0000][10.072s][info ][gc,heap     ] GC(4) Old regions: 7->10
[2025-04-27T11:53:55.519+0000][10.072s][info ][gc,heap     ] GC(4) Archive regions: 2->2
[2025-04-27T11:53:55.519+0000][10.072s][info ][gc,heap     ] GC(4) Humongous regions: 0->0
[2025-04-27T11:53:55.519+0000][10.072s][info ][gc,metaspace] GC(4) Metaspace: 12066K(12352K)->12066K(12352K) NonClass: 10513K(10688K)->10513K(10688K) Class: 1553K(1664K)->1553K(1664K)
[2025-04-27T11:53:55.519+0000][10.072s][info ][gc          ] GC(4) Pause Young (Normal) (G1 Evacuation Pause) 81M->15M(126M) 18.831ms
[2025-04-27T11:53:55.519+0000][10.072s][info ][gc,cpu      ] GC(4) User=0.03s Sys=0.01s Real=0.02s
[2025-04-27T11:53:55.519+0000][10.072s][info ][safepoint   ] Safepoint "G1CollectForAllocation", Time since last: 466722485 ns, Reaching safepoint: 2072186 ns, Cleanup: 87333 ns, At safepoint: 18903792 ns, Total: 21063311 ns
[2025-04-27T11:53:56.600+0000][11.153s][debug][safepoint   ] Safepoint synchronization initiated using futex wait barrier. (14 threads)
[2025-04-27T11:53:56.601+0000][11.153s][info ][safepoint   ] Safepoint "ICBufferFull", Time since last: 1081003938 ns, Reaching safepoint: 37162 ns, Cleanup: 111157 ns, At safepoint: 4418 ns, Total: 152737 ns
[2025-04-27T11:53:56.720+0000][11.272s][debug][safepoint   ] Safepoint synchronization initiated using futex wait barrier. (14 threads)
[2025-04-27T11:53:56.720+0000][11.272s][info ][gc,start    ] GC(5) Pause Young (Normal) (G1 Evacuation Pause)
[2025-04-27T11:53:56.720+0000][11.272s][info ][gc,task     ] GC(5) Using 4 workers of 4 for evacuation
[2025-04-27T11:53:56.732+0000][11.284s][info ][gc,phases   ] GC(5)   Pre Evacuate Collection Set: 0.1ms
[2025-04-27T11:53:56.732+0000][11.284s][info ][gc,phases   ] GC(5)   Merge Heap Roots: 0.1ms
[2025-04-27T11:53:56.732+0000][11.284s][info ][gc,phases   ] GC(5)   Evacuate Collection Set: 11.0ms
[2025-04-27T11:53:56.732+0000][11.284s][info ][gc,phases   ] GC(5)   Post Evacuate Collection Set: 1.1ms
[2025-04-27T11:53:56.732+0000][11.284s][info ][gc,phases   ] GC(5)   Other: 0.1ms
[2025-04-27T11:53:56.732+0000][11.285s][info ][gc,heap     ] GC(5) Eden regions: 69->0(68)
[2025-04-27T11:53:56.732+0000][11.285s][info ][gc,heap     ] GC(5) Survivor regions: 5->6(10)
[2025-04-27T11:53:56.732+0000][11.285s][info ][gc,heap     ] GC(5) Old regions: 10->10
[2025-04-27T11:53:56.732+0000][11.285s][info ][gc,heap     ] GC(5) Archive regions: 2->2
[2025-04-27T11:53:56.732+0000][11.285s][info ][gc,heap     ] GC(5) Humongous regions: 0->0
[2025-04-27T11:53:56.732+0000][11.285s][info ][gc,metaspace] GC(5) Metaspace: 14712K(15040K)->14712K(15040K) NonClass: 12802K(12928K)->12802K(12928K) Class: 1910K(2112K)->1910K(2112K)
[2025-04-27T11:53:56.732+0000][11.285s][info ][gc          ] GC(5) Pause Young (Normal) (G1 Evacuation Pause) 84M->15M(126M) 12.432ms
[2025-04-27T11:53:56.732+0000][11.285s][info ][gc,cpu      ] GC(5) User=0.02s Sys=0.00s Real=0.01s
[2025-04-27T11:53:56.733+0000][11.285s][info ][safepoint   ] Safepoint "G1CollectForAllocation", Time since last: 119085891 ns, Reaching safepoint: 123996 ns, Cleanup: 18229 ns, At safepoint: 13112307 ns, Total: 13254532 ns
[2025-04-27T11:53:57.265+0000][11.817s][info ][cds,heap    ] initialize_from_archived_subgraph java.lang.Byte$ByteCache 0x00007a33c303abf8
[2025-04-27T11:53:57.265+0000][11.817s][info ][cds,heap    ] initialize_from_archived_subgraph java.lang.Short$ShortCache 0x00007a33c30412e8
[2025-04-27T11:53:57.515+0000][12.068s][debug][safepoint   ] Safepoint synchronization initiated using futex wait barrier. (15 threads)
[2025-04-27T11:53:57.519+0000][12.071s][info ][gc,start    ] GC(6) Pause Young (Normal) (G1 Evacuation Pause)
[2025-04-27T11:53:57.519+0000][12.071s][info ][gc,task     ] GC(6) Using 4 workers of 4 for evacuation
[2025-04-27T11:53:57.534+0000][12.086s][info ][gc,phases   ] GC(6)   Pre Evacuate Collection Set: 0.5ms
[2025-04-27T11:53:57.534+0000][12.087s][info ][gc,phases   ] GC(6)   Merge Heap Roots: 0.1ms
[2025-04-27T11:53:57.534+0000][12.087s][info ][gc,phases   ] GC(6)   Evacuate Collection Set: 13.0ms
[2025-04-27T11:53:57.534+0000][12.087s][info ][gc,phases   ] GC(6)   Post Evacuate Collection Set: 1.4ms
[2025-04-27T11:53:57.534+0000][12.087s][info ][gc,phases   ] GC(6)   Other: 0.2ms
[2025-04-27T11:53:57.534+0000][12.087s][info ][gc,heap     ] GC(6) Eden regions: 68->0(86)
[2025-04-27T11:53:57.534+0000][12.087s][info ][gc,heap     ] GC(6) Survivor regions: 6->5(10)
[2025-04-27T11:53:57.534+0000][12.087s][info ][gc,heap     ] GC(6) Old regions: 10->11
[2025-04-27T11:53:57.534+0000][12.087s][info ][gc,heap     ] GC(6) Archive regions: 2->2
[2025-04-27T11:53:57.534+0000][12.087s][info ][gc,heap     ] GC(6) Humongous regions: 0->0
[2025-04-27T11:53:57.534+0000][12.087s][info ][gc,metaspace] GC(6) Metaspace: 16731K(17024K)->16731K(17024K) NonClass: 14447K(14592K)->14447K(14592K) Class: 2283K(2432K)->2283K(2432K)
[2025-04-27T11:53:57.534+0000][12.087s][info ][gc          ] GC(6) Pause Young (Normal) (G1 Evacuation Pause) 83M->16M(152M) 15.322ms
[2025-04-27T11:53:57.534+0000][12.087s][info ][gc,cpu      ] GC(6) User=0.02s Sys=0.00s Real=0.01s
[2025-04-27T11:53:57.534+0000][12.087s][info ][safepoint   ] Safepoint "G1CollectForAllocation", Time since last: 782571765 ns, Reaching safepoint: 3386171 ns, Cleanup: 76390 ns, At safepoint: 15414371 ns, Total: 18876932 ns
[2025-04-27T11:53:58.738+0000][13.290s][debug][safepoint   ] Safepoint synchronization initiated using futex wait barrier. (15 threads)
[2025-04-27T11:53:58.738+0000][13.290s][info ][gc,start    ] GC(7) Pause Young (Normal) (G1 Evacuation Pause)
[2025-04-27T11:53:58.738+0000][13.290s][info ][gc,task     ] GC(7) Using 4 workers of 4 for evacuation
[2025-04-27T11:53:58.763+0000][13.315s][info ][gc,phases   ] GC(7)   Pre Evacuate Collection Set: 0.1ms
[2025-04-27T11:53:58.763+0000][13.316s][info ][gc,phases   ] GC(7)   Merge Heap Roots: 0.1ms
[2025-04-27T11:53:58.763+0000][13.316s][info ][gc,phases   ] GC(7)   Evacuate Collection Set: 18.8ms
[2025-04-27T11:53:58.763+0000][13.316s][info ][gc,phases   ] GC(7)   Post Evacuate Collection Set: 5.7ms
[2025-04-27T11:53:58.763+0000][13.316s][info ][gc,phases   ] GC(7)   Other: 0.3ms
[2025-04-27T11:53:58.763+0000][13.316s][info ][gc,heap     ] GC(7) Eden regions: 86->0(82)
[2025-04-27T11:53:58.763+0000][13.316s][info ][gc,heap     ] GC(7) Survivor regions: 5->9(12)
[2025-04-27T11:53:58.763+0000][13.316s][info ][gc,heap     ] GC(7) Old regions: 11->11
[2025-04-27T11:53:58.763+0000][13.316s][info ][gc,heap     ] GC(7) Archive regions: 2->2
[2025-04-27T11:53:58.764+0000][13.316s][info ][gc,heap     ] GC(7) Humongous regions: 0->0
[2025-04-27T11:53:58.764+0000][13.316s][info ][gc,metaspace] GC(7) Metaspace: 20319K(20608K)->20319K(20608K) NonClass: 17674K(17792K)->17674K(17792K) Class: 2644K(2816K)->2644K(2816K)
[2025-04-27T11:53:58.764+0000][13.316s][info ][gc          ] GC(7) Pause Young (Normal) (G1 Evacuation Pause) 102M->19M(152M) 25.824ms
[2025-04-27T11:53:58.764+0000][13.316s][info ][gc,cpu      ] GC(7) User=0.03s Sys=0.01s Real=0.02s
[2025-04-27T11:53:58.778+0000][13.331s][info ][safepoint   ] Safepoint "G1CollectForAllocation", Time since last: 1203328383 ns, Reaching safepoint: 134990 ns, Cleanup: 69189 ns, At safepoint: 40403280 ns, Total: 40607459 ns
[2025-04-27T11:53:59.270+0000][13.823s][debug][safepoint   ] Safepoint synchronization initiated using futex wait barrier. (15 threads)
[2025-04-27T11:53:59.271+0000][13.823s][info ][safepoint   ] Safepoint "CollectForMetadataAllocation", Time since last: 492102485 ns, Reaching safepoint: 45788 ns, Cleanup: 47024 ns, At safepoint: 48298 ns, Total: 141110 ns
[2025-04-27T11:53:59.271+0000][13.823s][debug][safepoint   ] Safepoint synchronization initiated using futex wait barrier. (15 threads)
[2025-04-27T11:53:59.271+0000][13.824s][info ][gc,start    ] GC(8) Pause Young (Concurrent Start) (GCLocker Initiated GC)
[2025-04-27T11:53:59.271+0000][13.824s][info ][gc,task     ] GC(8) Using 4 workers of 4 for evacuation
[2025-04-27T11:53:59.285+0000][13.837s][info ][gc,phases   ] GC(8)   Pre Evacuate Collection Set: 0.1ms
[2025-04-27T11:53:59.285+0000][13.837s][info ][gc,phases   ] GC(8)   Merge Heap Roots: 0.1ms
[2025-04-27T11:53:59.285+0000][13.837s][info ][gc,phases   ] GC(8)   Evacuate Collection Set: 12.0ms
[2025-04-27T11:53:59.285+0000][13.837s][info ][gc,phases   ] GC(8)   Post Evacuate Collection Set: 1.0ms
[2025-04-27T11:53:59.285+0000][13.837s][info ][gc,phases   ] GC(8)   Other: 0.2ms
[2025-04-27T11:53:59.285+0000][13.837s][info ][gc,heap     ] GC(8) Eden regions: 17->0(84)
[2025-04-27T11:53:59.285+0000][13.837s][info ][gc,heap     ] GC(8) Survivor regions: 9->7(12)
[2025-04-27T11:53:59.285+0000][13.837s][info ][gc,heap     ] GC(8) Old regions: 11->14
[2025-04-27T11:53:59.285+0000][13.837s][info ][gc,heap     ] GC(8) Archive regions: 2->2
[2025-04-27T11:53:59.285+0000][13.837s][info ][gc,heap     ] GC(8) Humongous regions: 0->0
[2025-04-27T11:53:59.285+0000][13.837s][info ][gc,metaspace] GC(8) Metaspace: 21162K(21568K)->21162K(21568K) NonClass: 18411K(18624K)->18411K(18624K) Class: 2751K(2944K)->2751K(2944K)
[2025-04-27T11:53:59.285+0000][13.837s][info ][gc          ] GC(8) Pause Young (Concurrent Start) (GCLocker Initiated GC) 36M->20M(152M) 13.484ms
[2025-04-27T11:53:59.285+0000][13.837s][info ][gc,cpu      ] GC(8) User=0.02s Sys=0.00s Real=0.01s
[2025-04-27T11:53:59.285+0000][13.837s][info ][gc          ] GC(9) Concurrent Mark Cycle
[2025-04-27T11:53:59.285+0000][13.837s][info ][gc,marking  ] GC(9) Concurrent Clear Claimed Marks
[2025-04-27T11:53:59.285+0000][13.837s][info ][gc,marking  ] GC(9) Concurrent Clear Claimed Marks 0.185ms
[2025-04-27T11:53:59.285+0000][13.837s][info ][gc,marking  ] GC(9) Concurrent Scan Root Regions
[2025-04-27T11:53:59.285+0000][13.837s][info ][safepoint   ] Safepoint "G1CollectForAllocation", Time since last: 176903 ns, Reaching safepoint: 550440 ns, Cleanup: 2752 ns, At safepoint: 13767101 ns, Total: 14320293 ns
[2025-04-27T11:53:59.292+0000][13.844s][info ][gc,marking  ] GC(9) Concurrent Scan Root Regions 6.577ms
[2025-04-27T11:53:59.292+0000][13.844s][info ][gc,marking  ] GC(9) Concurrent Mark
[2025-04-27T11:53:59.292+0000][13.844s][info ][gc,marking  ] GC(9) Concurrent Mark From Roots
[2025-04-27T11:53:59.292+0000][13.844s][info ][gc,task     ] GC(9) Using 1 workers of 1 for marking
[2025-04-27T11:53:59.326+0000][13.879s][info ][gc,marking  ] GC(9) Concurrent Mark From Roots 34.520ms
[2025-04-27T11:53:59.326+0000][13.879s][info ][gc,marking  ] GC(9) Concurrent Preclean
[2025-04-27T11:53:59.327+0000][13.879s][info ][gc,marking  ] GC(9) Concurrent Preclean 0.394ms
[2025-04-27T11:53:59.327+0000][13.879s][debug][safepoint   ] Safepoint synchronization initiated using futex wait barrier. (15 threads)
[2025-04-27T11:53:59.329+0000][13.881s][info ][gc,start    ] GC(9) Pause Remark
[2025-04-27T11:53:59.351+0000][13.903s][info ][gc          ] GC(9) Pause Remark 22M->22M(84M) 21.815ms
[2025-04-27T11:53:59.351+0000][13.903s][info ][gc,cpu      ] GC(9) User=0.02s Sys=0.01s Real=0.02s
[2025-04-27T11:53:59.351+0000][13.903s][info ][safepoint   ] Safepoint "G1PauseRemark", Time since last: 41647166 ns, Reaching safepoint: 2256058 ns, Cleanup: 19527 ns, At safepoint: 21919200 ns, Total: 24194785 ns
[2025-04-27T11:53:59.351+0000][13.904s][info ][gc,marking  ] GC(9) Concurrent Mark 59.717ms
[2025-04-27T11:53:59.351+0000][13.904s][info ][gc,marking  ] GC(9) Concurrent Rebuild Remembered Sets
[2025-04-27T11:53:59.405+0000][13.958s][info ][gc,marking  ] GC(9) Concurrent Rebuild Remembered Sets 53.954ms
[2025-04-27T11:53:59.406+0000][13.958s][debug][safepoint   ] Safepoint synchronization initiated using futex wait barrier. (15 threads)
[2025-04-27T11:53:59.406+0000][13.959s][info ][gc,start    ] GC(9) Pause Cleanup
[2025-04-27T11:53:59.406+0000][13.959s][info ][gc          ] GC(9) Pause Cleanup 25M->25M(84M) 0.134ms
[2025-04-27T11:53:59.407+0000][13.959s][info ][gc,cpu      ] GC(9) User=0.00s Sys=0.00s Real=0.00s
[2025-04-27T11:53:59.407+0000][13.959s][info ][safepoint   ] Safepoint "G1PauseCleanup", Time since last: 55166656 ns, Reaching safepoint: 311635 ns, Cleanup: 12759 ns, At safepoint: 181762 ns, Total: 506156 ns
[2025-04-27T11:53:59.407+0000][13.959s][info ][gc,marking  ] GC(9) Concurrent Cleanup for Next Mark
[2025-04-27T11:53:59.411+0000][13.963s][info ][gc,marking  ] GC(9) Concurrent Cleanup for Next Mark 4.386ms
[2025-04-27T11:53:59.411+0000][13.963s][info ][gc          ] GC(9) Concurrent Mark Cycle 126.345ms
[2025-04-27T11:54:00.189+0000][14.742s][debug][safepoint   ] Safepoint synchronization initiated using futex wait barrier. (15 threads)
[2025-04-27T11:54:00.189+0000][14.742s][info ][gc,start    ] GC(10) Pause Young (Prepare Mixed) (G1 Evacuation Pause)
[2025-04-27T11:54:00.189+0000][14.742s][info ][gc,task     ] GC(10) Using 4 workers of 4 for evacuation
[2025-04-27T11:54:00.210+0000][14.763s][info ][gc,phases   ] GC(10)   Pre Evacuate Collection Set: 0.1ms
[2025-04-27T11:54:00.210+0000][14.763s][info ][gc,phases   ] GC(10)   Merge Heap Roots: 0.1ms
[2025-04-27T11:54:00.210+0000][14.763s][info ][gc,phases   ] GC(10)   Evacuate Collection Set: 18.6ms
[2025-04-27T11:54:00.210+0000][14.763s][info ][gc,phases   ] GC(10)   Post Evacuate Collection Set: 2.0ms
[2025-04-27T11:54:00.210+0000][14.763s][info ][gc,phases   ] GC(10)   Other: 0.1ms
[2025-04-27T11:54:00.210+0000][14.763s][info ][gc,heap     ] GC(10) Eden regions: 43->0(1)
[2025-04-27T11:54:00.210+0000][14.763s][info ][gc,heap     ] GC(10) Survivor regions: 7->3(7)
[2025-04-27T11:54:00.210+0000][14.763s][info ][gc,heap     ] GC(10) Old regions: 14->19
[2025-04-27T11:54:00.210+0000][14.763s][info ][gc,heap     ] GC(10) Archive regions: 2->2
[2025-04-27T11:54:00.210+0000][14.763s][info ][gc,heap     ] GC(10) Humongous regions: 0->0
[2025-04-27T11:54:00.210+0000][14.763s][info ][gc,metaspace] GC(10) Metaspace: 22959K(23296K)->22959K(23296K) NonClass: 19937K(20096K)->19937K(20096K) Class: 3022K(3200K)->3022K(3200K)
[2025-04-27T11:54:00.210+0000][14.763s][info ][gc          ] GC(10) Pause Young (Prepare Mixed) (G1 Evacuation Pause) 63M->22M(84M) 21.048ms
[2025-04-27T11:54:00.211+0000][14.763s][info ][gc,cpu      ] GC(10) User=0.03s Sys=0.00s Real=0.02s
[2025-04-27T11:54:00.211+0000][14.763s][info ][safepoint   ] Safepoint "G1CollectForAllocation", Time since last: 782732183 ns, Reaching safepoint: 59030 ns, Cleanup: 108960 ns, At safepoint: 21135345 ns, Total: 21303335 ns
[2025-04-27T11:54:00.217+0000][14.770s][debug][safepoint   ] Safepoint synchronization initiated using futex wait barrier. (15 threads)
[2025-04-27T11:54:00.219+0000][14.772s][info ][gc,start    ] GC(11) Pause Young (Mixed) (G1 Evacuation Pause)
[2025-04-27T11:54:00.220+0000][14.772s][info ][gc,task     ] GC(11) Using 4 workers of 4 for evacuation
[2025-04-27T11:54:00.235+0000][14.787s][info ][gc,phases   ] GC(11)   Pre Evacuate Collection Set: 0.1ms
[2025-04-27T11:54:00.235+0000][14.787s][info ][gc,phases   ] GC(11)   Merge Heap Roots: 0.1ms
[2025-04-27T11:54:00.235+0000][14.787s][info ][gc,phases   ] GC(11)   Evacuate Collection Set: 13.2ms
[2025-04-27T11:54:00.235+0000][14.787s][info ][gc,phases   ] GC(11)   Post Evacuate Collection Set: 1.5ms
[2025-04-27T11:54:00.235+0000][14.787s][info ][gc,phases   ] GC(11)   Other: 0.2ms
[2025-04-27T11:54:00.235+0000][14.787s][info ][gc,heap     ] GC(11) Eden regions: 1->0(44)
[2025-04-27T11:54:00.235+0000][14.787s][info ][gc,heap     ] GC(11) Survivor regions: 3->1(1)
[2025-04-27T11:54:00.235+0000][14.787s][info ][gc,heap     ] GC(11) Old regions: 19->21
[2025-04-27T11:54:00.235+0000][14.787s][info ][gc,heap     ] GC(11) Archive regions: 2->2
[2025-04-27T11:54:00.235+0000][14.787s][info ][gc,heap     ] GC(11) Humongous regions: 0->0
[2025-04-27T11:54:00.235+0000][14.787s][info ][gc,metaspace] GC(11) Metaspace: 22979K(23360K)->22979K(23360K) NonClass: 19955K(20160K)->19955K(20160K) Class: 3024K(3200K)->3024K(3200K)
[2025-04-27T11:54:00.235+0000][14.787s][info ][gc          ] GC(11) Pause Young (Mixed) (G1 Evacuation Pause) 23M->22M(84M) 15.140ms
[2025-04-27T11:54:00.235+0000][14.787s][info ][gc,cpu      ] GC(11) User=0.02s Sys=0.00s Real=0.01s
[2025-04-27T11:54:00.235+0000][14.787s][info ][safepoint   ] Safepoint "G1CollectForAllocation", Time since last: 6768389 ns, Reaching safepoint: 2119639 ns, Cleanup: 17287 ns, At safepoint: 15208201 ns, Total: 17345127 ns
[2025-04-27T11:54:00.897+0000][15.449s][debug][safepoint   ] Safepoint synchronization initiated using futex wait barrier. (15 threads)
[2025-04-27T11:54:00.897+0000][15.450s][info ][gc,start    ] GC(12) Pause Young (Normal) (G1 Evacuation Pause)
[2025-04-27T11:54:00.897+0000][15.450s][info ][gc,task     ] GC(12) Using 4 workers of 4 for evacuation
[2025-04-27T11:54:00.916+0000][15.468s][info ][gc,phases   ] GC(12)   Pre Evacuate Collection Set: 0.5ms
[2025-04-27T11:54:00.916+0000][15.468s][info ][gc,phases   ] GC(12)   Merge Heap Roots: 0.1ms
[2025-04-27T11:54:00.916+0000][15.468s][info ][gc,phases   ] GC(12)   Evacuate Collection Set: 14.3ms
[2025-04-27T11:54:00.916+0000][15.468s][info ][gc,phases   ] GC(12)   Post Evacuate Collection Set: 3.2ms
[2025-04-27T11:54:00.916+0000][15.468s][info ][gc,phases   ] GC(12)   Other: 0.1ms
[2025-04-27T11:54:00.916+0000][15.468s][info ][gc,heap     ] GC(12) Eden regions: 44->0(112)
[2025-04-27T11:54:00.916+0000][15.468s][info ][gc,heap     ] GC(12) Survivor regions: 1->3(6)
[2025-04-27T11:54:00.916+0000][15.468s][info ][gc,heap     ] GC(12) Old regions: 21->21
[2025-04-27T11:54:00.916+0000][15.468s][info ][gc,heap     ] GC(12) Archive regions: 2->2
[2025-04-27T11:54:00.916+0000][15.468s][info ][gc,heap     ] GC(12) Humongous regions: 0->0
[2025-04-27T11:54:00.916+0000][15.468s][info ][gc,metaspace] GC(12) Metaspace: 24202K(24576K)->24202K(24576K) NonClass: 21043K(21248K)->21043K(21248K) Class: 3159K(3328K)->3159K(3328K)
[2025-04-27T11:54:00.916+0000][15.468s][info ][gc          ] GC(12) Pause Young (Normal) (G1 Evacuation Pause) 66M->24M(193M) 18.281ms
[2025-04-27T11:54:00.916+0000][15.468s][info ][gc,cpu      ] GC(12) User=0.03s Sys=0.00s Real=0.01s
[2025-04-27T11:54:00.917+0000][15.469s][info ][safepoint   ] Safepoint "G1CollectForAllocation", Time since last: 662485025 ns, Reaching safepoint: 165808 ns, Cleanup: 86002 ns, At safepoint: 19725062 ns, Total: 19976872 ns
[2025-04-27T11:54:01.945+0000][16.498s][debug][safepoint   ] Safepoint synchronization initiated using futex wait barrier. (14 threads)
[2025-04-27T11:54:01.945+0000][16.498s][info ][safepoint   ] Safepoint "Cleanup", Time since last: 1028201325 ns, Reaching safepoint: 50729 ns, Cleanup: 46145 ns, At safepoint: 3560 ns, Total: 100434 ns
[2025-04-27T11:54:02.853+0000][17.405s][debug][safepoint   ] Safepoint synchronization initiated using futex wait barrier. (14 threads)
[2025-04-27T11:54:02.853+0000][17.405s][info ][gc,start    ] GC(13) Pause Young (Normal) (G1 Evacuation Pause)
[2025-04-27T11:54:02.853+0000][17.405s][info ][gc,task     ] GC(13) Using 4 workers of 4 for evacuation
[2025-04-27T11:54:02.938+0000][17.491s][info ][gc,phases   ] GC(13)   Pre Evacuate Collection Set: 0.7ms
[2025-04-27T11:54:02.938+0000][17.491s][info ][gc,phases   ] GC(13)   Merge Heap Roots: 0.1ms
[2025-04-27T11:54:02.938+0000][17.491s][info ][gc,phases   ] GC(13)   Evacuate Collection Set: 82.2ms
[2025-04-27T11:54:02.938+0000][17.491s][info ][gc,phases   ] GC(13)   Post Evacuate Collection Set: 2.6ms
[2025-04-27T11:54:02.938+0000][17.491s][info ][gc,phases   ] GC(13)   Other: 0.1ms
[2025-04-27T11:54:02.938+0000][17.491s][info ][gc,heap     ] GC(13) Eden regions: 112->0(100)
[2025-04-27T11:54:02.938+0000][17.491s][info ][gc,heap     ] GC(13) Survivor regions: 3->15(15)
[2025-04-27T11:54:02.938+0000][17.491s][info ][gc,heap     ] GC(13) Old regions: 21->23
[2025-04-27T11:54:02.938+0000][17.491s][info ][gc,heap     ] GC(13) Archive regions: 2->2
[2025-04-27T11:54:02.938+0000][17.491s][info ][gc,heap     ] GC(13) Humongous regions: 0->0
[2025-04-27T11:54:02.938+0000][17.491s][info ][gc,metaspace] GC(13) Metaspace: 24507K(24896K)->24507K(24896K) NonClass: 21311K(21504K)->21311K(21504K) Class: 3196K(3392K)->3196K(3392K)
[2025-04-27T11:54:02.938+0000][17.491s][info ][gc          ] GC(13) Pause Young (Normal) (G1 Evacuation Pause) 136M->38M(193M) 85.787ms
[2025-04-27T11:54:02.939+0000][17.491s][info ][gc,cpu      ] GC(13) User=0.11s Sys=0.01s Real=0.09s
[2025-04-27T11:54:02.939+0000][17.491s][info ][safepoint   ] Safepoint "G1CollectForAllocation", Time since last: 907174560 ns, Reaching safepoint: 48000 ns, Cleanup: 15709 ns, At safepoint: 85848097 ns, Total: 85911806 ns
[2025-04-27T11:54:03.939+0000][18.491s][debug][safepoint   ] Safepoint synchronization initiated using futex wait barrier. (14 threads)
[2025-04-27T11:54:03.941+0000][18.494s][info ][safepoint   ] Safepoint "Cleanup", Time since last: 1000108634 ns, Reaching safepoint: 2692138 ns, Cleanup: 81881 ns, At safepoint: 16375 ns, Total: 2790394 ns
[2025-04-27T11:54:04.402+0000][18.954s][debug][safepoint   ] Safepoint synchronization initiated using futex wait barrier. (14 threads)
[2025-04-27T11:54:04.402+0000][18.954s][info ][gc,start    ] GC(14) Pause Young (Normal) (G1 Evacuation Pause)
[2025-04-27T11:54:04.402+0000][18.954s][info ][gc,task     ] GC(14) Using 4 workers of 4 for evacuation
[2025-04-27T11:54:04.526+0000][19.078s][info ][gc,phases   ] GC(14)   Pre Evacuate Collection Set: 4.7ms
[2025-04-27T11:54:04.526+0000][19.078s][info ][gc,phases   ] GC(14)   Merge Heap Roots: 0.2ms
[2025-04-27T11:54:04.526+0000][19.078s][info ][gc,phases   ] GC(14)   Evacuate Collection Set: 112.6ms
[2025-04-27T11:54:04.526+0000][19.078s][info ][gc,phases   ] GC(14)   Post Evacuate Collection Set: 6.5ms
[2025-04-27T11:54:04.526+0000][19.078s][info ][gc,phases   ] GC(14)   Other: 0.1ms
[2025-04-27T11:54:04.526+0000][19.078s][info ][gc,heap     ] GC(14) Eden regions: 100->0(99)
[2025-04-27T11:54:04.526+0000][19.078s][info ][gc,heap     ] GC(14) Survivor regions: 15->10(15)
[2025-04-27T11:54:04.526+0000][19.078s][info ][gc,heap     ] GC(14) Old regions: 23->37
[2025-04-27T11:54:04.526+0000][19.078s][info ][gc,heap     ] GC(14) Archive regions: 2->2
[2025-04-27T11:54:04.526+0000][19.078s][info ][gc,heap     ] GC(14) Humongous regions: 0->0
[2025-04-27T11:54:04.526+0000][19.078s][info ][gc,metaspace] GC(14) Metaspace: 24915K(25280K)->24915K(25280K) NonClass: 21658K(21824K)->21658K(21824K) Class: 3257K(3456K)->3257K(3456K)
[2025-04-27T11:54:04.526+0000][19.078s][info ][gc          ] GC(14) Pause Young (Normal) (G1 Evacuation Pause) 138M->47M(193M) 124.233ms
[2025-04-27T11:54:04.526+0000][19.078s][info ][gc,cpu      ] GC(14) User=0.15s Sys=0.01s Real=0.12s
[2025-04-27T11:54:04.528+0000][19.081s][info ][safepoint   ] Safepoint "G1CollectForAllocation", Time since last: 460076317 ns, Reaching safepoint: 55768 ns, Cleanup: 51422 ns, At safepoint: 126722037 ns, Total: 126829227 ns
[2025-04-27T11:54:06.235+0000][20.787s][debug][safepoint   ] Safepoint synchronization initiated using futex wait barrier. (15 threads)
[2025-04-27T11:54:06.235+0000][20.787s][info ][safepoint   ] Safepoint "Cleanup", Time since last: 1706263661 ns, Reaching safepoint: 129517 ns, Cleanup: 170856 ns, At safepoint: 8103 ns, Total: 308476 ns
[2025-04-27T11:54:06.619+0000][21.172s][debug][safepoint   ] Safepoint synchronization initiated using futex wait barrier. (15 threads)
[2025-04-27T11:54:06.620+0000][21.172s][info ][gc,start    ] GC(15) Pause Young (Normal) (G1 Evacuation Pause)
[2025-04-27T11:54:06.620+0000][21.172s][info ][gc,task     ] GC(15) Using 4 workers of 4 for evacuation
[2025-04-27T11:54:06.722+0000][21.275s][info ][gc,phases   ] GC(15)   Pre Evacuate Collection Set: 0.2ms
[2025-04-27T11:54:06.723+0000][21.275s][info ][gc,phases   ] GC(15)   Merge Heap Roots: 0.1ms
[2025-04-27T11:54:06.723+0000][21.275s][info ][gc,phases   ] GC(15)   Evacuate Collection Set: 94.1ms
[2025-04-27T11:54:06.723+0000][21.275s][info ][gc,phases   ] GC(15)   Post Evacuate Collection Set: 8.2ms
[2025-04-27T11:54:06.723+0000][21.275s][info ][gc,phases   ] GC(15)   Other: 0.1ms
[2025-04-27T11:54:06.723+0000][21.275s][info ][gc,heap     ] GC(15) Eden regions: 99->0(97)
[2025-04-27T11:54:06.723+0000][21.275s][info ][gc,heap     ] GC(15) Survivor regions: 10->6(14)
[2025-04-27T11:54:06.723+0000][21.275s][info ][gc,heap     ] GC(15) Old regions: 37->47
[2025-04-27T11:54:06.723+0000][21.275s][info ][gc,heap     ] GC(15) Archive regions: 2->2
[2025-04-27T11:54:06.723+0000][21.275s][info ][gc,heap     ] GC(15) Humongous regions: 0->0
[2025-04-27T11:54:06.723+0000][21.275s][info ][gc,metaspace] GC(15) Metaspace: 25175K(25536K)->25175K(25536K) NonClass: 21903K(22080K)->21903K(22080K) Class: 3271K(3456K)->3271K(3456K)
[2025-04-27T11:54:06.723+0000][21.275s][info ][gc          ] GC(15) Pause Young (Normal) (G1 Evacuation Pause) 146M->52M(193M) 103.087ms
[2025-04-27T11:54:06.723+0000][21.275s][info ][gc,cpu      ] GC(15) User=0.09s Sys=0.01s Real=0.10s
[2025-04-27T11:54:06.723+0000][21.275s][info ][safepoint   ] Safepoint "G1CollectForAllocation", Time since last: 384545401 ns, Reaching safepoint: 61574 ns, Cleanup: 49405 ns, At safepoint: 103207701 ns, Total: 103318680 ns
[2025-04-27T11:54:07.723+0000][22.275s][debug][safepoint   ] Safepoint synchronization initiated using futex wait barrier. (15 threads)
[2025-04-27T11:54:07.723+0000][22.275s][info ][safepoint   ] Safepoint "Cleanup", Time since last: 1000110020 ns, Reaching safepoint: 135404 ns, Cleanup: 56607 ns, At safepoint: 7559 ns, Total: 199570 ns
[2025-04-27T11:54:08.432+0000][22.984s][debug][safepoint   ] Safepoint synchronization initiated using futex wait barrier. (15 threads)
[2025-04-27T11:54:08.432+0000][22.984s][info ][gc,start    ] GC(16) Pause Young (Normal) (G1 Evacuation Pause)
[2025-04-27T11:54:08.432+0000][22.985s][info ][gc,task     ] GC(16) Using 4 workers of 4 for evacuation
[2025-04-27T11:54:08.472+0000][23.025s][info ][gc,phases   ] GC(16)   Pre Evacuate Collection Set: 0.2ms
[2025-04-27T11:54:08.473+0000][23.025s][info ][gc,phases   ] GC(16)   Merge Heap Roots: 0.1ms
[2025-04-27T11:54:08.473+0000][23.025s][info ][gc,phases   ] GC(16)   Evacuate Collection Set: 35.9ms
[2025-04-27T11:54:08.473+0000][23.025s][info ][gc,phases   ] GC(16)   Post Evacuate Collection Set: 4.0ms
[2025-04-27T11:54:08.473+0000][23.025s][info ][gc,phases   ] GC(16)   Other: 0.1ms
[2025-04-27T11:54:08.473+0000][23.025s][info ][gc,heap     ] GC(16) Eden regions: 97->0(155)
[2025-04-27T11:54:08.473+0000][23.025s][info ][gc,heap     ] GC(16) Survivor regions: 6->8(13)
[2025-04-27T11:54:08.473+0000][23.025s][info ][gc,heap     ] GC(16) Old regions: 47->47
[2025-04-27T11:54:08.473+0000][23.025s][info ][gc,heap     ] GC(16) Archive regions: 2->2
[2025-04-27T11:54:08.473+0000][23.025s][info ][gc,heap     ] GC(16) Humongous regions: 0->0
[2025-04-27T11:54:08.473+0000][23.025s][info ][gc,metaspace] GC(16) Metaspace: 25344K(25664K)->25344K(25664K) NonClass: 22050K(22208K)->22050K(22208K) Class: 3293K(3456K)->3293K(3456K)
[2025-04-27T11:54:08.473+0000][23.025s][info ][gc          ] GC(16) Pause Young (Normal) (G1 Evacuation Pause) 149M->55M(277M) 40.473ms
[2025-04-27T11:54:08.473+0000][23.025s][info ][gc,cpu      ] GC(16) User=0.04s Sys=0.00s Real=0.04s
[2025-04-27T11:54:08.473+0000][23.025s][info ][safepoint   ] Safepoint "G1CollectForAllocation", Time since last: 708812086 ns, Reaching safepoint: 142226 ns, Cleanup: 95360 ns, At safepoint: 40554214 ns, Total: 40791800 ns
[2025-04-27T11:54:09.478+0000][24.030s][debug][safepoint   ] Safepoint synchronization initiated using futex wait barrier. (15 threads)
[2025-04-27T11:54:09.478+0000][24.030s][debug][safepoint   ] ... found polling page loop exception at pc = 0x00007a342cf6fccc, stub =0x00007a342c98e400
[2025-04-27T11:54:09.478+0000][24.031s][debug][safepoint   ] ... found polling page loop exception at pc = 0x00007a342cfee398, stub =0x00007a342c98e400
[2025-04-27T11:54:09.479+0000][24.031s][info ][safepoint   ] Safepoint "Cleanup", Time since last: 1005073598 ns, Reaching safepoint: 654796 ns, Cleanup: 64385 ns, At safepoint: 23876 ns, Total: 743057 ns
[2025-04-27T11:54:09.826+0000][24.378s][debug][safepoint   ] Safepoint synchronization initiated using futex wait barrier. (15 threads)
[2025-04-27T11:54:09.826+0000][24.379s][info ][gc,start    ] GC(17) Pause Young (Normal) (G1 Evacuation Pause)
[2025-04-27T11:54:09.826+0000][24.379s][info ][gc,task     ] GC(17) Using 4 workers of 4 for evacuation
[2025-04-27T11:54:09.847+0000][24.400s][info ][gc,phases   ] GC(17)   Pre Evacuate Collection Set: 0.1ms
[2025-04-27T11:54:09.847+0000][24.400s][info ][gc,phases   ] GC(17)   Merge Heap Roots: 0.1ms
[2025-04-27T11:54:09.847+0000][24.400s][info ][gc,phases   ] GC(17)   Evacuate Collection Set: 18.2ms
[2025-04-27T11:54:09.847+0000][24.400s][info ][gc,phases   ] GC(17)   Post Evacuate Collection Set: 2.4ms
[2025-04-27T11:54:09.847+0000][24.400s][info ][gc,phases   ] GC(17)   Other: 0.2ms
[2025-04-27T11:54:09.847+0000][24.400s][info ][gc,heap     ] GC(17) Eden regions: 155->0(156)
[2025-04-27T11:54:09.847+0000][24.400s][info ][gc,heap     ] GC(17) Survivor regions: 8->10(21)
[2025-04-27T11:54:09.847+0000][24.400s][info ][gc,heap     ] GC(17) Old regions: 47->47
[2025-04-27T11:54:09.847+0000][24.400s][info ][gc,heap     ] GC(17) Archive regions: 2->2
[2025-04-27T11:54:09.847+0000][24.400s][info ][gc,heap     ] GC(17) Humongous regions: 0->0
[2025-04-27T11:54:09.847+0000][24.400s][info ][gc,metaspace] GC(17) Metaspace: 27040K(27392K)->27040K(27392K) NonClass: 23610K(23744K)->23610K(23744K) Class: 3429K(3648K)->3429K(3648K)
[2025-04-27T11:54:09.847+0000][24.400s][info ][gc          ] GC(17) Pause Young (Normal) (G1 Evacuation Pause) 210M->57M(277M) 21.130ms
[2025-04-27T11:54:09.847+0000][24.400s][info ][gc,cpu      ] GC(17) User=0.03s Sys=0.00s Real=0.03s
[2025-04-27T11:54:09.847+0000][24.400s][info ][safepoint   ] Safepoint "G1CollectForAllocation", Time since last: 347611733 ns, Reaching safepoint: 45359 ns, Cleanup: 31476 ns, At safepoint: 21188172 ns, Total: 21265007 ns
[2025-04-27T11:54:10.851+0000][25.404s][debug][safepoint   ] Safepoint synchronization initiated using futex wait barrier. (15 threads)
[2025-04-27T11:54:10.857+0000][25.410s][info ][safepoint   ] Safepoint "Cleanup", Time since last: 1003966570 ns, Reaching safepoint: 115353 ns, Cleanup: 93241 ns, At safepoint: 5836631 ns, Total: 6045225 ns
[2025-04-27T11:54:11.858+0000][26.410s][debug][safepoint   ] Safepoint synchronization initiated using futex wait barrier. (15 threads)
[2025-04-27T11:54:11.858+0000][26.410s][info ][safepoint   ] Safepoint "Cleanup", Time since last: 1000121047 ns, Reaching safepoint: 127533 ns, Cleanup: 78645 ns, At safepoint: 6782 ns, Total: 212960 ns
[2025-04-27T11:54:11.966+0000][26.519s][debug][safepoint   ] Safepoint synchronization initiated using futex wait barrier. (15 threads)
[2025-04-27T11:54:11.967+0000][26.519s][info ][gc,start    ] GC(18) Pause Young (Normal) (G1 Evacuation Pause)
[2025-04-27T11:54:11.967+0000][26.519s][info ][gc,task     ] GC(18) Using 4 workers of 4 for evacuation
[2025-04-27T11:54:11.989+0000][26.541s][info ][gc,phases   ] GC(18)   Pre Evacuate Collection Set: 0.1ms
[2025-04-27T11:54:11.989+0000][26.541s][info ][gc,phases   ] GC(18)   Merge Heap Roots: 0.1ms
[2025-04-27T11:54:11.989+0000][26.541s][info ][gc,phases   ] GC(18)   Evacuate Collection Set: 18.0ms
[2025-04-27T11:54:11.989+0000][26.541s][info ][gc,phases   ] GC(18)   Post Evacuate Collection Set: 3.6ms
[2025-04-27T11:54:11.989+0000][26.541s][info ][gc,phases   ] GC(18)   Other: 0.2ms
[2025-04-27T11:54:11.989+0000][26.541s][info ][gc,heap     ] GC(18) Eden regions: 156->0(154)
[2025-04-27T11:54:11.989+0000][26.541s][info ][gc,heap     ] GC(18) Survivor regions: 10->12(21)
[2025-04-27T11:54:11.989+0000][26.541s][info ][gc,heap     ] GC(18) Old regions: 47->47
[2025-04-27T11:54:11.989+0000][26.541s][info ][gc,heap     ] GC(18) Archive regions: 2->2
[2025-04-27T11:54:11.989+0000][26.541s][info ][gc,heap     ] GC(18) Humongous regions: 0->0
[2025-04-27T11:54:11.989+0000][26.541s][info ][gc,metaspace] GC(18) Metaspace: 34267K(34688K)->34267K(34688K) NonClass: 30055K(30272K)->30055K(30272K) Class: 4211K(4416K)->4211K(4416K)
[2025-04-27T11:54:11.989+0000][26.541s][info ][gc          ] GC(18) Pause Young (Normal) (G1 Evacuation Pause) 213M->59M(277M) 22.136ms
[2025-04-27T11:54:11.989+0000][26.541s][info ][gc,cpu      ] GC(18) User=0.06s Sys=0.00s Real=0.02s
[2025-04-27T11:54:11.989+0000][26.541s][info ][safepoint   ] Safepoint "G1CollectForAllocation", Time since last: 108723660 ns, Reaching safepoint: 46427 ns, Cleanup: 17648 ns, At safepoint: 22190004 ns, Total: 22254079 ns
[2025-04-27T11:54:12.948+0000][27.500s][debug][safepoint   ] Safepoint synchronization initiated using futex wait barrier. (15 threads)
[2025-04-27T11:54:12.948+0000][27.500s][info ][gc,start    ] GC(19) Pause Young (Concurrent Start) (Metadata GC Threshold)
[2025-04-27T11:54:12.948+0000][27.500s][info ][gc,task     ] GC(19) Using 4 workers of 4 for evacuation
[2025-04-27T11:54:12.968+0000][27.521s][info ][gc,phases   ] GC(19)   Pre Evacuate Collection Set: 0.2ms
[2025-04-27T11:54:12.968+0000][27.521s][info ][gc,phases   ] GC(19)   Merge Heap Roots: 0.2ms
[2025-04-27T11:54:12.968+0000][27.521s][info ][gc,phases   ] GC(19)   Evacuate Collection Set: 17.0ms
[2025-04-27T11:54:12.968+0000][27.521s][info ][gc,phases   ] GC(19)   Post Evacuate Collection Set: 2.8ms
[2025-04-27T11:54:12.968+0000][27.521s][info ][gc,phases   ] GC(19)   Other: 0.1ms
[2025-04-27T11:54:12.968+0000][27.521s][info ][gc,heap     ] GC(19) Eden regions: 127->0(158)
[2025-04-27T11:54:12.968+0000][27.521s][info ][gc,heap     ] GC(19) Survivor regions: 12->8(21)
[2025-04-27T11:54:12.968+0000][27.521s][info ][gc,heap     ] GC(19) Old regions: 47->50
[2025-04-27T11:54:12.968+0000][27.521s][info ][gc,heap     ] GC(19) Archive regions: 2->2
[2025-04-27T11:54:12.968+0000][27.521s][info ][gc,heap     ] GC(19) Humongous regions: 0->0
[2025-04-27T11:54:12.968+0000][27.521s][info ][gc,metaspace] GC(19) Metaspace: 35807K(36160K)->35807K(36160K) NonClass: 31393K(31552K)->31393K(31552K) Class: 4413K(4608K)->4413K(4608K)
[2025-04-27T11:54:12.968+0000][27.521s][info ][gc          ] GC(19) Pause Young (Concurrent Start) (Metadata GC Threshold) 186M->58M(277M) 20.428ms
[2025-04-27T11:54:12.968+0000][27.521s][info ][gc,cpu      ] GC(19) User=0.05s Sys=0.00s Real=0.02s
[2025-04-27T11:54:12.968+0000][27.521s][info ][gc          ] GC(20) Concurrent Mark Cycle
[2025-04-27T11:54:12.968+0000][27.521s][info ][gc,marking  ] GC(20) Concurrent Clear Claimed Marks
[2025-04-27T11:54:12.968+0000][27.521s][info ][gc,marking  ] GC(20) Concurrent Clear Claimed Marks 0.026ms
[2025-04-27T11:54:12.968+0000][27.521s][info ][gc,marking  ] GC(20) Concurrent Scan Root Regions
[2025-04-27T11:54:12.969+0000][27.522s][info ][safepoint   ] Safepoint "CollectForMetadataAllocation", Time since last: 959011540 ns, Reaching safepoint: 43100 ns, Cleanup: 142586 ns, At safepoint: 21493262 ns, Total: 21678948 ns
[2025-04-27T11:54:12.974+0000][27.526s][debug][safepoint   ] Safepoint synchronization initiated using futex wait barrier. (15 threads)
[2025-04-27T11:54:12.974+0000][27.526s][debug][safepoint   ] ... found polling page loop exception at pc = 0x00007a342d14566c, stub =0x00007a342c98e400
[2025-04-27T11:54:12.974+0000][27.526s][info ][safepoint   ] Safepoint "CollectForMetadataAllocation", Time since last: 4155000 ns, Reaching safepoint: 242222 ns, Cleanup: 3857 ns, At safepoint: 10948 ns, Total: 257027 ns
[2025-04-27T11:54:12.984+0000][27.536s][info ][gc,marking  ] GC(20) Concurrent Scan Root Regions 15.518ms
[2025-04-27T11:54:12.984+0000][27.536s][info ][gc,marking  ] GC(20) Concurrent Mark
[2025-04-27T11:54:12.984+0000][27.536s][info ][gc,marking  ] GC(20) Concurrent Mark From Roots
[2025-04-27T11:54:12.984+0000][27.536s][info ][gc,task     ] GC(20) Using 1 workers of 1 for marking
[2025-04-27T11:54:13.091+0000][27.644s][debug][safepoint   ] Safepoint synchronization initiated using futex wait barrier. (15 threads)
[2025-04-27T11:54:13.092+0000][27.644s][info ][safepoint   ] Safepoint "CollectForMetadataAllocation", Time since last: 117530785 ns, Reaching safepoint: 82176 ns, Cleanup: 38777 ns, At safepoint: 62145 ns, Total: 183098 ns
[2025-04-27T11:54:13.118+0000][27.670s][info ][gc,marking  ] GC(20) Concurrent Mark From Roots 133.733ms
[2025-04-27T11:54:13.118+0000][27.670s][info ][gc,marking  ] GC(20) Concurrent Preclean
[2025-04-27T11:54:13.118+0000][27.670s][info ][gc,marking  ] GC(20) Concurrent Preclean 0.288ms
[2025-04-27T11:54:13.118+0000][27.670s][debug][safepoint   ] Safepoint synchronization initiated using futex wait barrier. (15 threads)
[2025-04-27T11:54:13.118+0000][27.671s][info ][gc,start    ] GC(20) Pause Remark
[2025-04-27T11:54:13.125+0000][27.677s][info ][gc          ] GC(20) Pause Remark 68M->68M(234M) 6.774ms
[2025-04-27T11:54:13.125+0000][27.677s][info ][gc,cpu      ] GC(20) User=0.02s Sys=0.00s Real=0.00s
[2025-04-27T11:54:13.127+0000][27.680s][info ][safepoint   ] Safepoint "G1PauseRemark", Time since last: 26586312 ns, Reaching safepoint: 81895 ns, Cleanup: 7928 ns, At safepoint: 9148198 ns, Total: 9238021 ns
[2025-04-27T11:54:13.130+0000][27.682s][info ][gc,marking  ] GC(20) Concurrent Mark 146.169ms
[2025-04-27T11:54:13.130+0000][27.683s][info ][gc,marking  ] GC(20) Concurrent Rebuild Remembered Sets
[2025-04-27T11:54:13.202+0000][27.754s][info ][gc,marking  ] GC(20) Concurrent Rebuild Remembered Sets 71.885ms
[2025-04-27T11:54:13.202+0000][27.754s][debug][safepoint   ] Safepoint synchronization initiated using futex wait barrier. (15 threads)
[2025-04-27T11:54:13.206+0000][27.759s][info ][gc,start    ] GC(20) Pause Cleanup
[2025-04-27T11:54:13.207+0000][27.759s][info ][gc          ] GC(20) Pause Cleanup 72M->72M(234M) 0.321ms
[2025-04-27T11:54:13.207+0000][27.759s][info ][gc,cpu      ] GC(20) User=0.01s Sys=0.00s Real=0.00s
[2025-04-27T11:54:13.207+0000][27.759s][info ][safepoint   ] Safepoint "G1PauseCleanup", Time since last: 74811785 ns, Reaching safepoint: 4209040 ns, Cleanup: 26030 ns, At safepoint: 392464 ns, Total: 4627534 ns
[2025-04-27T11:54:13.207+0000][27.759s][info ][gc,marking  ] GC(20) Concurrent Cleanup for Next Mark
[2025-04-27T11:54:13.215+0000][27.767s][info ][gc,marking  ] GC(20) Concurrent Cleanup for Next Mark 7.991ms
[2025-04-27T11:54:13.215+0000][27.767s][info ][gc          ] GC(20) Concurrent Mark Cycle 246.550ms
[2025-04-27T11:54:14.336+0000][28.889s][debug][safepoint   ] Safepoint synchronization initiated using futex wait barrier. (15 threads)
[2025-04-27T11:54:14.336+0000][28.889s][info ][gc,start    ] GC(21) Pause Young (Prepare Mixed) (G1 Evacuation Pause)
[2025-04-27T11:54:14.337+0000][28.889s][info ][gc,task     ] GC(21) Using 4 workers of 4 for evacuation
[2025-04-27T11:54:14.362+0000][28.915s][info ][gc,phases   ] GC(21)   Pre Evacuate Collection Set: 0.2ms
[2025-04-27T11:54:14.362+0000][28.915s][info ][gc,phases   ] GC(21)   Merge Heap Roots: 1.0ms
[2025-04-27T11:54:14.362+0000][28.915s][info ][gc,phases   ] GC(21)   Evacuate Collection Set: 18.6ms
[2025-04-27T11:54:14.363+0000][28.915s][info ][gc,phases   ] GC(21)   Post Evacuate Collection Set: 6.0ms
[2025-04-27T11:54:14.363+0000][28.915s][info ][gc,phases   ] GC(21)   Other: 0.2ms
[2025-04-27T11:54:14.363+0000][28.915s][info ][gc,heap     ] GC(21) Eden regions: 132->0(3)
[2025-04-27T11:54:14.363+0000][28.915s][info ][gc,heap     ] GC(21) Survivor regions: 8->8(18)
[2025-04-27T11:54:14.363+0000][28.915s][info ][gc,heap     ] GC(21) Old regions: 50->50
[2025-04-27T11:54:14.363+0000][28.915s][info ][gc,heap     ] GC(21) Archive regions: 2->2
[2025-04-27T11:54:14.363+0000][28.915s][info ][gc,heap     ] GC(21) Humongous regions: 0->0
[2025-04-27T11:54:14.363+0000][28.915s][info ][gc,metaspace] GC(21) Metaspace: 39239K(39616K)->39239K(39616K) NonClass: 34324K(34496K)->34324K(34496K) Class: 4915K(5120K)->4915K(5120K)
[2025-04-27T11:54:14.363+0000][28.915s][info ][gc          ] GC(21) Pause Young (Prepare Mixed) (G1 Evacuation Pause) 190M->58M(234M) 26.111ms
[2025-04-27T11:54:14.363+0000][28.915s][info ][gc,cpu      ] GC(21) User=0.06s Sys=0.00s Real=0.02s
[2025-04-27T11:54:14.363+0000][28.915s][info ][safepoint   ] Safepoint "G1CollectForAllocation", Time since last: 1129464428 ns, Reaching safepoint: 54168 ns, Cleanup: 154287 ns, At safepoint: 26199113 ns, Total: 26407568 ns
[2025-04-27T11:54:14.390+0000][28.943s][debug][safepoint   ] Safepoint synchronization initiated using futex wait barrier. (15 threads)
[2025-04-27T11:54:14.390+0000][28.943s][info ][gc,start    ] GC(22) Pause Young (Mixed) (G1 Evacuation Pause)
[2025-04-27T11:54:14.390+0000][28.943s][info ][gc,task     ] GC(22) Using 4 workers of 4 for evacuation
[2025-04-27T11:54:14.406+0000][28.959s][info ][gc,phases   ] GC(22)   Pre Evacuate Collection Set: 0.1ms
[2025-04-27T11:54:14.407+0000][28.959s][info ][gc,phases   ] GC(22)   Merge Heap Roots: 0.1ms
[2025-04-27T11:54:14.407+0000][28.959s][info ][gc,phases   ] GC(22)   Evacuate Collection Set: 12.7ms
[2025-04-27T11:54:14.407+0000][28.959s][info ][gc,phases   ] GC(22)   Post Evacuate Collection Set: 3.0ms
[2025-04-27T11:54:14.407+0000][28.959s][info ][gc,phases   ] GC(22)   Other: 0.1ms
[2025-04-27T11:54:14.407+0000][28.959s][info ][gc,heap     ] GC(22) Eden regions: 3->0(138)
[2025-04-27T11:54:14.407+0000][28.959s][info ][gc,heap     ] GC(22) Survivor regions: 8->2(2)
[2025-04-27T11:54:14.407+0000][28.959s][info ][gc,heap     ] GC(22) Old regions: 50->56
[2025-04-27T11:54:14.407+0000][28.959s][info ][gc,heap     ] GC(22) Archive regions: 2->2
[2025-04-27T11:54:14.407+0000][28.959s][info ][gc,heap     ] GC(22) Humongous regions: 0->0
[2025-04-27T11:54:14.407+0000][28.959s][info ][gc,metaspace] GC(22) Metaspace: 39251K(39680K)->39251K(39680K) NonClass: 34335K(34560K)->34335K(34560K) Class: 4915K(5120K)->4915K(5120K)
[2025-04-27T11:54:14.407+0000][28.959s][info ][gc          ] GC(22) Pause Young (Mixed) (G1 Evacuation Pause) 61M->57M(234M) 16.365ms
[2025-04-27T11:54:14.407+0000][28.959s][info ][gc,cpu      ] GC(22) User=0.05s Sys=0.00s Real=0.02s
[2025-04-27T11:54:14.407+0000][28.959s][info ][safepoint   ] Safepoint "G1CollectForAllocation", Time since last: 27684357 ns, Reaching safepoint: 58353 ns, Cleanup: 17133 ns, At safepoint: 16433770 ns, Total: 16509256 ns
[2025-04-27T11:54:14.425+0000][28.977s][debug][safepoint   ] ... found polling page loop exception at pc = 0x00007a342cfee398, stub =0x00007a342c98e400
[2025-04-27T11:54:15.427+0000][29.979s][debug][safepoint   ] Safepoint synchronization initiated using futex wait barrier. (15 threads)
[2025-04-27T11:54:15.429+0000][29.981s][info ][safepoint   ] Safepoint "Cleanup", Time since last: 1019702256 ns, Reaching safepoint: 2124667 ns, Cleanup: 113362 ns, At safepoint: 32614 ns, Total: 2270643 ns
[2025-04-27T11:54:16.516+0000][31.069s][debug][safepoint   ] Safepoint synchronization initiated using futex wait barrier. (16 threads)
[2025-04-27T11:54:16.516+0000][31.069s][info ][gc,start    ] GC(23) Pause Young (Concurrent Start) (G1 Evacuation Pause)
[2025-04-27T11:54:16.516+0000][31.069s][info ][gc,task     ] GC(23) Using 4 workers of 4 for evacuation
[2025-04-27T11:54:16.538+0000][31.090s][info ][gc,phases   ] GC(23)   Pre Evacuate Collection Set: 0.2ms
[2025-04-27T11:54:16.538+0000][31.090s][info ][gc,phases   ] GC(23)   Merge Heap Roots: 0.1ms
[2025-04-27T11:54:16.538+0000][31.090s][info ][gc,phases   ] GC(23)   Evacuate Collection Set: 18.6ms
[2025-04-27T11:54:16.538+0000][31.090s][info ][gc,phases   ] GC(23)   Post Evacuate Collection Set: 2.3ms
[2025-04-27T11:54:16.538+0000][31.090s][info ][gc,phases   ] GC(23)   Other: 0.2ms
[2025-04-27T11:54:16.538+0000][31.090s][info ][gc,heap     ] GC(23) Eden regions: 138->0(137)
[2025-04-27T11:54:16.538+0000][31.090s][info ][gc,heap     ] GC(23) Survivor regions: 2->3(18)
[2025-04-27T11:54:16.538+0000][31.090s][info ][gc,heap     ] GC(23) Old regions: 56->56
[2025-04-27T11:54:16.538+0000][31.090s][info ][gc,heap     ] GC(23) Archive regions: 2->2
[2025-04-27T11:54:16.538+0000][31.090s][info ][gc,heap     ] GC(23) Humongous regions: 0->0
[2025-04-27T11:54:16.538+0000][31.090s][info ][gc,metaspace] GC(23) Metaspace: 41722K(42112K)->41722K(42112K) NonClass: 36471K(36672K)->36471K(36672K) Class: 5251K(5440K)->5251K(5440K)
[2025-04-27T11:54:16.538+0000][31.090s][info ][gc          ] GC(23) Pause Young (Concurrent Start) (G1 Evacuation Pause) 195M->59M(234M) 21.508ms
[2025-04-27T11:54:16.538+0000][31.090s][info ][gc,cpu      ] GC(23) User=0.04s Sys=0.00s Real=0.02s
[2025-04-27T11:54:16.538+0000][31.090s][info ][gc          ] GC(24) Concurrent Mark Cycle
[2025-04-27T11:54:16.538+0000][31.090s][info ][gc,marking  ] GC(24) Concurrent Clear Claimed Marks
[2025-04-27T11:54:16.538+0000][31.090s][info ][gc,marking  ] GC(24) Concurrent Clear Claimed Marks 0.030ms
[2025-04-27T11:54:16.538+0000][31.090s][info ][gc,marking  ] GC(24) Concurrent Scan Root Regions
[2025-04-27T11:54:16.538+0000][31.091s][info ][safepoint   ] Safepoint "G1CollectForAllocation", Time since last: 1087516934 ns, Reaching safepoint: 60179 ns, Cleanup: 56226 ns, At safepoint: 21903496 ns, Total: 22019901 ns
[2025-04-27T11:54:16.548+0000][31.100s][info ][gc,marking  ] GC(24) Concurrent Scan Root Regions 9.863ms
[2025-04-27T11:54:16.548+0000][31.100s][info ][gc,marking  ] GC(24) Concurrent Mark
[2025-04-27T11:54:16.548+0000][31.100s][info ][gc,marking  ] GC(24) Concurrent Mark From Roots
[2025-04-27T11:54:16.548+0000][31.100s][info ][gc,task     ] GC(24) Using 1 workers of 1 for marking
[2025-04-27T11:54:16.897+0000][31.450s][info ][gc,marking  ] GC(24) Concurrent Mark From Roots 349.394ms
[2025-04-27T11:54:16.897+0000][31.450s][info ][gc,marking  ] GC(24) Concurrent Preclean
[2025-04-27T11:54:16.898+0000][31.450s][info ][gc,marking  ] GC(24) Concurrent Preclean 0.313ms
[2025-04-27T11:54:16.898+0000][31.450s][debug][safepoint   ] Safepoint synchronization initiated using futex wait barrier. (16 threads)
[2025-04-27T11:54:16.900+0000][31.453s][info ][gc,start    ] GC(24) Pause Remark
[2025-04-27T11:54:16.917+0000][31.470s][info ][gc          ] GC(24) Pause Remark 68M->68M(234M) 16.962ms
[2025-04-27T11:54:16.917+0000][31.470s][info ][gc,cpu      ] GC(24) User=0.03s Sys=0.00s Real=0.02s
[2025-04-27T11:54:16.917+0000][31.470s][info ][safepoint   ] Safepoint "G1PauseRemark", Time since last: 359518546 ns, Reaching safepoint: 2458133 ns, Cleanup: 31502 ns, At safepoint: 17067643 ns, Total: 19557278 ns
[2025-04-27T11:54:16.919+0000][31.471s][info ][gc,marking  ] GC(24) Concurrent Mark 370.537ms
[2025-04-27T11:54:16.919+0000][31.471s][info ][gc,marking  ] GC(24) Concurrent Rebuild Remembered Sets
[2025-04-27T11:54:17.001+0000][31.553s][info ][gc,marking  ] GC(24) Concurrent Rebuild Remembered Sets 82.119ms
[2025-04-27T11:54:17.001+0000][31.553s][debug][safepoint   ] Safepoint synchronization initiated using futex wait barrier. (16 threads)
[2025-04-27T11:54:17.001+0000][31.553s][info ][gc,start    ] GC(24) Pause Cleanup
[2025-04-27T11:54:17.001+0000][31.553s][info ][gc          ] GC(24) Pause Cleanup 73M->73M(234M) 0.156ms
[2025-04-27T11:54:17.001+0000][31.553s][info ][gc,cpu      ] GC(24) User=0.00s Sys=0.00s Real=0.00s
[2025-04-27T11:54:17.001+0000][31.553s][info ][safepoint   ] Safepoint "G1PauseCleanup", Time since last: 83404423 ns, Reaching safepoint: 15148 ns, Cleanup: 4574 ns, At safepoint: 232292 ns, Total: 252014 ns
[2025-04-27T11:54:17.001+0000][31.553s][info ][gc,marking  ] GC(24) Concurrent Cleanup for Next Mark
[2025-04-27T11:54:17.004+0000][31.556s][info ][gc,marking  ] GC(24) Concurrent Cleanup for Next Mark 2.389ms
[2025-04-27T11:54:17.004+0000][31.556s][info ][gc          ] GC(24) Concurrent Mark Cycle 465.558ms
[2025-04-27T11:54:18.029+0000][32.581s][debug][safepoint   ] Safepoint synchronization initiated using futex wait barrier. (16 threads)
[2025-04-27T11:54:18.029+0000][32.581s][info ][safepoint   ] Safepoint "Cleanup", Time since last: 1027532819 ns, Reaching safepoint: 46744 ns, Cleanup: 149082 ns, At safepoint: 11865 ns, Total: 207691 ns
[2025-04-27T11:54:18.459+0000][33.011s][debug][safepoint   ] Safepoint synchronization initiated using futex wait barrier. (16 threads)
[2025-04-27T11:54:18.459+0000][33.011s][info ][gc,start    ] GC(25) Pause Young (Prepare Mixed) (G1 Evacuation Pause)
[2025-04-27T11:54:18.459+0000][33.011s][info ][gc,task     ] GC(25) Using 4 workers of 4 for evacuation
[2025-04-27T11:54:18.474+0000][33.026s][info ][gc,phases   ] GC(25)   Pre Evacuate Collection Set: 0.3ms
[2025-04-27T11:54:18.474+0000][33.026s][info ][gc,phases   ] GC(25)   Merge Heap Roots: 0.3ms
[2025-04-27T11:54:18.474+0000][33.026s][info ][gc,phases   ] GC(25)   Evacuate Collection Set: 13.3ms
[2025-04-27T11:54:18.474+0000][33.026s][info ][gc,phases   ] GC(25)   Post Evacuate Collection Set: 1.0ms
[2025-04-27T11:54:18.474+0000][33.026s][info ][gc,phases   ] GC(25)   Other: 0.1ms
[2025-04-27T11:54:18.474+0000][33.026s][info ][gc,heap     ] GC(25) Eden regions: 137->0(5)
[2025-04-27T11:54:18.474+0000][33.026s][info ][gc,heap     ] GC(25) Survivor regions: 3->6(18)
[2025-04-27T11:54:18.474+0000][33.026s][info ][gc,heap     ] GC(25) Old regions: 56->56
[2025-04-27T11:54:18.474+0000][33.026s][info ][gc,heap     ] GC(25) Archive regions: 2->2
[2025-04-27T11:54:18.474+0000][33.026s][info ][gc,heap     ] GC(25) Humongous regions: 0->0
[2025-04-27T11:54:18.474+0000][33.026s][info ][gc,metaspace] GC(25) Metaspace: 45103K(45568K)->45103K(45568K) NonClass: 39368K(39616K)->39368K(39616K) Class: 5735K(5952K)->5735K(5952K)
[2025-04-27T11:54:18.474+0000][33.026s][info ][gc          ] GC(25) Pause Young (Prepare Mixed) (G1 Evacuation Pause) 196M->62M(234M) 15.068ms
[2025-04-27T11:54:18.474+0000][33.026s][info ][gc,cpu      ] GC(25) User=0.03s Sys=0.00s Real=0.01s
[2025-04-27T11:54:18.474+0000][33.026s][info ][safepoint   ] Safepoint "G1CollectForAllocation", Time since last: 429968592 ns, Reaching safepoint: 39593 ns, Cleanup: 73033 ns, At safepoint: 15113185 ns, Total: 15225811 ns
[2025-04-27T11:54:18.530+0000][33.082s][debug][safepoint   ] Safepoint synchronization initiated using futex wait barrier. (16 threads)
[2025-04-27T11:54:18.530+0000][33.082s][info ][gc,start    ] GC(26) Pause Young (Mixed) (G1 Evacuation Pause)
[2025-04-27T11:54:18.530+0000][33.083s][info ][gc,task     ] GC(26) Using 4 workers of 4 for evacuation
[2025-04-27T11:54:18.551+0000][33.103s][info ][gc,phases   ] GC(26)   Pre Evacuate Collection Set: 1.8ms
[2025-04-27T11:54:18.551+0000][33.103s][info ][gc,phases   ] GC(26)   Merge Heap Roots: 0.1ms
[2025-04-27T11:54:18.551+0000][33.103s][info ][gc,phases   ] GC(26)   Evacuate Collection Set: 17.7ms
[2025-04-27T11:54:18.551+0000][33.103s][info ][gc,phases   ] GC(26)   Post Evacuate Collection Set: 1.0ms
[2025-04-27T11:54:18.551+0000][33.103s][info ][gc,phases   ] GC(26)   Other: 0.1ms
[2025-04-27T11:54:18.551+0000][33.103s][info ][gc,heap     ] GC(26) Eden regions: 5->0(136)
[2025-04-27T11:54:18.551+0000][33.103s][info ][gc,heap     ] GC(26) Survivor regions: 6->1(2)
[2025-04-27T11:54:18.551+0000][33.103s][info ][gc,heap     ] GC(26) Old regions: 56->60
[2025-04-27T11:54:18.551+0000][33.103s][info ][gc,heap     ] GC(26) Archive regions: 2->2
[2025-04-27T11:54:18.551+0000][33.103s][info ][gc,heap     ] GC(26) Humongous regions: 0->0
[2025-04-27T11:54:18.551+0000][33.103s][info ][gc,metaspace] GC(26) Metaspace: 45345K(45696K)->45345K(45696K) NonClass: 39576K(39744K)->39576K(39744K) Class: 5768K(5952K)->5768K(5952K)
[2025-04-27T11:54:18.551+0000][33.103s][info ][gc          ] GC(26) Pause Young (Mixed) (G1 Evacuation Pause) 67M->61M(234M) 20.834ms
[2025-04-27T11:54:18.551+0000][33.103s][info ][gc,cpu      ] GC(26) User=0.06s Sys=0.00s Real=0.02s
[2025-04-27T11:54:18.551+0000][33.103s][info ][safepoint   ] Safepoint "G1CollectForAllocation", Time since last: 56075870 ns, Reaching safepoint: 41575 ns, Cleanup: 12049 ns, At safepoint: 20892107 ns, Total: 20945731 ns
[2025-04-27T11:54:19.631+0000][34.184s][debug][safepoint   ] Safepoint synchronization initiated using futex wait barrier. (16 threads)
[2025-04-27T11:54:19.631+0000][34.184s][info ][safepoint   ] Safepoint "Cleanup", Time since last: 1080223073 ns, Reaching safepoint: 51849 ns, Cleanup: 61356 ns, At safepoint: 2909 ns, Total: 116114 ns
[2025-04-27T11:54:20.633+0000][35.185s][debug][safepoint   ] Safepoint synchronization initiated using futex wait barrier. (16 threads)
[2025-04-27T11:54:20.634+0000][35.186s][debug][safepoint   ] ... found polling page loop exception at pc = 0x00007a342cfee398, stub =0x00007a342c98e400
[2025-04-27T11:54:20.634+0000][35.186s][info ][safepoint   ] Safepoint "Cleanup", Time since last: 1001576429 ns, Reaching safepoint: 758117 ns, Cleanup: 50633 ns, At safepoint: 11147 ns, Total: 819897 ns
[2025-04-27T11:54:21.649+0000][36.202s][debug][safepoint   ] Safepoint synchronization initiated using futex wait barrier. (16 threads)
[2025-04-27T11:54:21.650+0000][36.203s][info ][safepoint   ] Safepoint "Cleanup", Time since last: 1015485641 ns, Reaching safepoint: 846574 ns, Cleanup: 89786 ns, At safepoint: 11491 ns, Total: 947851 ns
[2025-04-27T11:54:21.653+0000][36.205s][debug][safepoint   ] Safepoint synchronization initiated using futex wait barrier. (16 threads)
[2025-04-27T11:54:21.653+0000][36.205s][info ][gc,start    ] GC(27) Pause Young (Normal) (G1 Evacuation Pause)
[2025-04-27T11:54:21.653+0000][36.205s][info ][gc,task     ] GC(27) Using 4 workers of 4 for evacuation
[2025-04-27T11:54:21.665+0000][36.218s][info ][gc,phases   ] GC(27)   Pre Evacuate Collection Set: 0.2ms
[2025-04-27T11:54:21.665+0000][36.218s][info ][gc,phases   ] GC(27)   Merge Heap Roots: 0.2ms
[2025-04-27T11:54:21.665+0000][36.218s][info ][gc,phases   ] GC(27)   Evacuate Collection Set: 6.0ms
[2025-04-27T11:54:21.665+0000][36.218s][info ][gc,phases   ] GC(27)   Post Evacuate Collection Set: 6.1ms
[2025-04-27T11:54:21.665+0000][36.218s][info ][gc,phases   ] GC(27)   Other: 0.1ms
[2025-04-27T11:54:21.665+0000][36.218s][info ][gc,heap     ] GC(27) Eden regions: 136->0(310)
[2025-04-27T11:54:21.665+0000][36.218s][info ][gc,heap     ] GC(27) Survivor regions: 1->3(18)
[2025-04-27T11:54:21.665+0000][36.218s][info ][gc,heap     ] GC(27) Old regions: 60->60
[2025-04-27T11:54:21.665+0000][36.218s][info ][gc,heap     ] GC(27) Archive regions: 2->2
[2025-04-27T11:54:21.665+0000][36.218s][info ][gc,heap     ] GC(27) Humongous regions: 0->0
[2025-04-27T11:54:21.665+0000][36.218s][info ][gc,metaspace] GC(27) Metaspace: 51168K(51648K)->51168K(51648K) NonClass: 44673K(44928K)->44673K(44928K) Class: 6495K(6720K)->6495K(6720K)
[2025-04-27T11:54:21.665+0000][36.218s][info ][gc          ] GC(27) Pause Young (Normal) (G1 Evacuation Pause) 197M->63M(522M) 12.693ms
[2025-04-27T11:54:21.665+0000][36.218s][info ][gc,cpu      ] GC(27) User=0.02s Sys=0.01s Real=0.01s
[2025-04-27T11:54:21.665+0000][36.218s][info ][safepoint   ] Safepoint "G1CollectForAllocation", Time since last: 2369483 ns, Reaching safepoint: 55065 ns, Cleanup: 4075 ns, At safepoint: 12750373 ns, Total: 12809513 ns
[2025-04-27T11:54:23.080+0000][37.633s][debug][safepoint   ] Safepoint synchronization initiated using futex wait barrier. (18 threads)
[2025-04-27T11:54:23.081+0000][37.633s][info ][safepoint   ] Safepoint "Cleanup", Time since last: 1415092697 ns, Reaching safepoint: 105950 ns, Cleanup: 82588 ns, At safepoint: 49426 ns, Total: 237964 ns
[2025-04-27T11:54:24.020+0000][38.572s][debug][safepoint   ] Safepoint synchronization initiated using futex wait barrier. (18 threads)
[2025-04-27T11:54:24.020+0000][38.573s][info ][safepoint   ] Safepoint "ICBufferFull", Time since last: 939309532 ns, Reaching safepoint: 51825 ns, Cleanup: 107225 ns, At safepoint: 4661 ns, Total: 163711 ns
[2025-04-27T11:54:25.745+0000][40.298s][debug][safepoint   ] Safepoint synchronization initiated using futex wait barrier. (19 threads)
[2025-04-27T11:54:25.746+0000][40.299s][info ][safepoint   ] Safepoint "Cleanup", Time since last: 1725196073 ns, Reaching safepoint: 279634 ns, Cleanup: 711133 ns, At safepoint: 25458 ns, Total: 1016225 ns
[2025-04-27T11:54:26.755+0000][41.307s][debug][safepoint   ] Safepoint synchronization initiated using futex wait barrier. (22 threads)
[2025-04-27T11:54:26.755+0000][41.307s][info ][safepoint   ] Safepoint "ICBufferFull", Time since last: 1008156892 ns, Reaching safepoint: 29945 ns, Cleanup: 77821 ns, At safepoint: 2866 ns, Total: 110632 ns
[2025-04-27T11:54:26.885+0000][41.438s][debug][safepoint   ] Safepoint synchronization initiated using futex wait barrier. (22 threads)
[2025-04-27T11:54:26.885+0000][41.438s][info ][gc,start    ] GC(28) Pause Young (Normal) (G1 Evacuation Pause)
[2025-04-27T11:54:26.885+0000][41.438s][info ][gc,task     ] GC(28) Using 4 workers of 4 for evacuation
[2025-04-27T11:54:26.902+0000][41.454s][info ][gc,phases   ] GC(28)   Pre Evacuate Collection Set: 0.2ms
[2025-04-27T11:54:26.902+0000][41.454s][info ][gc,phases   ] GC(28)   Merge Heap Roots: 0.2ms
[2025-04-27T11:54:26.902+0000][41.454s][info ][gc,phases   ] GC(28)   Evacuate Collection Set: 13.6ms
[2025-04-27T11:54:26.902+0000][41.454s][info ][gc,phases   ] GC(28)   Post Evacuate Collection Set: 2.3ms
[2025-04-27T11:54:26.902+0000][41.454s][info ][gc,phases   ] GC(28)   Other: 0.1ms
[2025-04-27T11:54:26.902+0000][41.454s][info ][gc,heap     ] GC(28) Eden regions: 310->0(304)
[2025-04-27T11:54:26.902+0000][41.454s][info ][gc,heap     ] GC(28) Survivor regions: 3->9(40)
[2025-04-27T11:54:26.902+0000][41.454s][info ][gc,heap     ] GC(28) Old regions: 60->60
[2025-04-27T11:54:26.902+0000][41.454s][info ][gc,heap     ] GC(28) Archive regions: 2->2
[2025-04-27T11:54:26.902+0000][41.454s][info ][gc,heap     ] GC(28) Humongous regions: 0->0
[2025-04-27T11:54:26.902+0000][41.454s][info ][gc,metaspace] GC(28) Metaspace: 62960K(63360K)->62960K(63360K) NonClass: 55000K(55168K)->55000K(55168K) Class: 7960K(8192K)->7960K(8192K)
[2025-04-27T11:54:26.902+0000][41.454s][info ][gc          ] GC(28) Pause Young (Normal) (G1 Evacuation Pause) 373M->69M(522M) 16.563ms
[2025-04-27T11:54:26.902+0000][41.454s][info ][gc,cpu      ] GC(28) User=0.06s Sys=0.00s Real=0.02s
[2025-04-27T11:54:26.902+0000][41.454s][info ][safepoint   ] Safepoint "G1CollectForAllocation", Time since last: 130700744 ns, Reaching safepoint: 41217 ns, Cleanup: 33554 ns, At safepoint: 16612733 ns, Total: 16687504 ns
[2025-04-27T11:54:27.902+0000][42.455s][debug][safepoint   ] Safepoint synchronization initiated using futex wait barrier. (22 threads)
[2025-04-27T11:54:27.902+0000][42.455s][debug][safepoint   ] ... found polling page loop exception at pc = 0x00007a342d09e34d, stub =0x00007a342c98e400
[2025-04-27T11:54:27.903+0000][42.456s][info ][safepoint   ] Safepoint "Cleanup", Time since last: 1000118581 ns, Reaching safepoint: 100669 ns, Cleanup: 1083532 ns, At safepoint: 6638 ns, Total: 1190839 ns
[2025-04-27T11:54:28.479+0000][43.032s][debug][safepoint   ] Safepoint synchronization initiated using futex wait barrier. (22 threads)
[2025-04-27T11:54:28.480+0000][43.032s][info ][safepoint   ] Safepoint "ICBufferFull", Time since last: 575986561 ns, Reaching safepoint: 114075 ns, Cleanup: 211715 ns, At safepoint: 17530 ns, Total: 343320 ns
[2025-04-27T11:54:28.959+0000][43.511s][debug][safepoint   ] Safepoint synchronization initiated using futex wait barrier. (22 threads)
[2025-04-27T11:54:28.959+0000][43.511s][info ][gc,start    ] GC(29) Pause Young (Normal) (G1 Evacuation Pause)
[2025-04-27T11:54:28.959+0000][43.511s][info ][gc,task     ] GC(29) Using 4 workers of 4 for evacuation
[2025-04-27T11:54:28.988+0000][43.540s][info ][gc,phases   ] GC(29)   Pre Evacuate Collection Set: 0.3ms
[2025-04-27T11:54:28.988+0000][43.540s][info ][gc,phases   ] GC(29)   Merge Heap Roots: 0.3ms
[2025-04-27T11:54:28.988+0000][43.540s][info ][gc,phases   ] GC(29)   Evacuate Collection Set: 26.5ms
[2025-04-27T11:54:28.988+0000][43.540s][info ][gc,phases   ] GC(29)   Post Evacuate Collection Set: 2.2ms
[2025-04-27T11:54:28.988+0000][43.540s][info ][gc,phases   ] GC(29)   Other: 0.1ms
[2025-04-27T11:54:28.988+0000][43.541s][info ][gc,heap     ] GC(29) Eden regions: 304->0(300)
[2025-04-27T11:54:28.988+0000][43.541s][info ][gc,heap     ] GC(29) Survivor regions: 9->13(40)
[2025-04-27T11:54:28.988+0000][43.541s][info ][gc,heap     ] GC(29) Old regions: 60->60
[2025-04-27T11:54:28.988+0000][43.541s][info ][gc,heap     ] GC(29) Archive regions: 2->2
[2025-04-27T11:54:28.988+0000][43.541s][info ][gc,heap     ] GC(29) Humongous regions: 0->0
[2025-04-27T11:54:28.988+0000][43.541s][info ][gc,metaspace] GC(29) Metaspace: 69144K(69568K)->69144K(69568K) NonClass: 60332K(60544K)->60332K(60544K) Class: 8811K(9024K)->8811K(9024K)
[2025-04-27T11:54:28.988+0000][43.541s][info ][gc          ] GC(29) Pause Young (Normal) (G1 Evacuation Pause) 373M->73M(522M) 29.542ms
[2025-04-27T11:54:28.988+0000][43.541s][info ][gc,cpu      ] GC(29) User=0.07s Sys=0.00s Real=0.03s
[2025-04-27T11:54:28.988+0000][43.541s][info ][safepoint   ] Safepoint "G1CollectForAllocation", Time since last: 478826457 ns, Reaching safepoint: 51091 ns, Cleanup: 71486 ns, At safepoint: 29594858 ns, Total: 29717435 ns
[2025-04-27T11:54:29.276+0000][43.829s][debug][safepoint   ] Safepoint synchronization initiated using futex wait barrier. (22 threads)
[2025-04-27T11:54:29.277+0000][43.829s][info ][gc,start    ] GC(30) Pause Young (Concurrent Start) (Metadata GC Threshold)
[2025-04-27T11:54:29.277+0000][43.829s][info ][gc,task     ] GC(30) Using 4 workers of 4 for evacuation
[2025-04-27T11:54:29.295+0000][43.847s][info ][gc,phases   ] GC(30)   Pre Evacuate Collection Set: 0.2ms
[2025-04-27T11:54:29.295+0000][43.847s][info ][gc,phases   ] GC(30)   Merge Heap Roots: 0.1ms
[2025-04-27T11:54:29.295+0000][43.847s][info ][gc,phases   ] GC(30)   Evacuate Collection Set: 15.3ms
[2025-04-27T11:54:29.295+0000][43.847s][info ][gc,phases   ] GC(30)   Post Evacuate Collection Set: 2.4ms
[2025-04-27T11:54:29.295+0000][43.847s][info ][gc,phases   ] GC(30)   Other: 0.1ms
[2025-04-27T11:54:29.295+0000][43.847s][info ][gc,heap     ] GC(30) Eden regions: 20->0(300)
[2025-04-27T11:54:29.295+0000][43.847s][info ][gc,heap     ] GC(30) Survivor regions: 13->13(40)
[2025-04-27T11:54:29.295+0000][43.847s][info ][gc,heap     ] GC(30) Old regions: 60->60
[2025-04-27T11:54:29.295+0000][43.847s][info ][gc,heap     ] GC(30) Archive regions: 2->2
[2025-04-27T11:54:29.295+0000][43.847s][info ][gc,heap     ] GC(30) Humongous regions: 0->0
[2025-04-27T11:54:29.295+0000][43.847s][info ][gc,metaspace] GC(30) Metaspace: 69944K(70400K)->69944K(70400K) NonClass: 61031K(61248K)->61031K(61248K) Class: 8912K(9152K)->8912K(9152K)
[2025-04-27T11:54:29.295+0000][43.847s][info ][gc          ] GC(30) Pause Young (Concurrent Start) (Metadata GC Threshold) 93M->73M(522M) 18.239ms
[2025-04-27T11:54:29.295+0000][43.847s][info ][gc,cpu      ] GC(30) User=0.06s Sys=0.00s Real=0.01s
[2025-04-27T11:54:29.295+0000][43.847s][info ][gc          ] GC(31) Concurrent Mark Cycle
[2025-04-27T11:54:29.295+0000][43.847s][info ][gc,marking  ] GC(31) Concurrent Clear Claimed Marks
[2025-04-27T11:54:29.295+0000][43.847s][info ][gc,marking  ] GC(31) Concurrent Clear Claimed Marks 0.044ms
[2025-04-27T11:54:29.295+0000][43.847s][info ][gc,marking  ] GC(31) Concurrent Scan Root Regions
[2025-04-27T11:54:29.295+0000][43.847s][info ][safepoint   ] Safepoint "CollectForMetadataAllocation", Time since last: 288119314 ns, Reaching safepoint: 57360 ns, Cleanup: 64576 ns, At safepoint: 18351904 ns, Total: 18473840 ns
[2025-04-27T11:54:29.317+0000][43.869s][info ][gc,marking  ] GC(31) Concurrent Scan Root Regions 22.011ms
[2025-04-27T11:54:29.317+0000][43.869s][info ][gc,marking  ] GC(31) Concurrent Mark
[2025-04-27T11:54:29.317+0000][43.869s][info ][gc,marking  ] GC(31) Concurrent Mark From Roots
[2025-04-27T11:54:29.317+0000][43.869s][info ][gc,task     ] GC(31) Using 1 workers of 1 for marking
[2025-04-27T11:54:29.360+0000][43.913s][debug][safepoint   ] Safepoint synchronization initiated using futex wait barrier. (22 threads)
[2025-04-27T11:54:29.360+0000][43.913s][info ][safepoint   ] Safepoint "CollectForMetadataAllocation", Time since last: 65532175 ns, Reaching safepoint: 56186 ns, Cleanup: 3006 ns, At safepoint: 31479 ns, Total: 90671 ns
[2025-04-27T11:54:29.502+0000][44.055s][info ][gc,marking  ] GC(31) Concurrent Mark From Roots 185.531ms
[2025-04-27T11:54:29.503+0000][44.055s][info ][gc,marking  ] GC(31) Concurrent Preclean
[2025-04-27T11:54:29.503+0000][44.055s][info ][gc,marking  ] GC(31) Concurrent Preclean 0.537ms
[2025-04-27T11:54:29.506+0000][44.058s][debug][safepoint   ] Safepoint synchronization initiated using futex wait barrier. (22 threads)
[2025-04-27T11:54:29.506+0000][44.058s][info ][gc,start    ] GC(31) Pause Remark
[2025-04-27T11:54:29.516+0000][44.068s][info ][gc          ] GC(31) Pause Remark 95M->95M(324M) 9.585ms
[2025-04-27T11:54:29.516+0000][44.068s][info ][gc,cpu      ] GC(31) User=0.03s Sys=0.00s Real=0.01s
[2025-04-27T11:54:29.516+0000][44.068s][info ][safepoint   ] Safepoint "G1PauseRemark", Time since last: 145261154 ns, Reaching safepoint: 339555 ns, Cleanup: 21501 ns, At safepoint: 9656251 ns, Total: 10017307 ns
[2025-04-27T11:54:29.516+0000][44.069s][info ][gc,marking  ] GC(31) Concurrent Mark 199.441ms
[2025-04-27T11:54:29.516+0000][44.069s][info ][gc,marking  ] GC(31) Concurrent Rebuild Remembered Sets
[2025-04-27T11:54:29.597+0000][44.149s][info ][gc,marking  ] GC(31) Concurrent Rebuild Remembered Sets 80.163ms
[2025-04-27T11:54:29.597+0000][44.149s][debug][safepoint   ] Safepoint synchronization initiated using futex wait barrier. (22 threads)
[2025-04-27T11:54:29.597+0000][44.149s][info ][gc,start    ] GC(31) Pause Cleanup
[2025-04-27T11:54:29.597+0000][44.150s][info ][gc          ] GC(31) Pause Cleanup 104M->104M(324M) 0.430ms
[2025-04-27T11:54:29.597+0000][44.150s][info ][gc,cpu      ] GC(31) User=0.00s Sys=0.00s Real=0.00s
[2025-04-27T11:54:29.597+0000][44.150s][info ][safepoint   ] Safepoint "G1PauseCleanup", Time since last: 80903503 ns, Reaching safepoint: 162370 ns, Cleanup: 3448 ns, At safepoint: 525079 ns, Total: 690897 ns
[2025-04-27T11:54:29.597+0000][44.150s][info ][gc,marking  ] GC(31) Concurrent Cleanup for Next Mark
[2025-04-27T11:54:29.599+0000][44.151s][info ][gc,marking  ] GC(31) Concurrent Cleanup for Next Mark 1.771ms
[2025-04-27T11:54:29.599+0000][44.152s][info ][gc          ] GC(31) Concurrent Mark Cycle 304.436ms
[2025-04-27T11:54:30.113+0000][44.665s][debug][safepoint   ] Safepoint synchronization initiated using futex wait barrier. (22 threads)
[2025-04-27T11:54:30.113+0000][44.665s][info ][safepoint   ] Safepoint "ICBufferFull", Time since last: 515466771 ns, Reaching safepoint: 57553 ns, Cleanup: 171792 ns, At safepoint: 7075 ns, Total: 236420 ns
[2025-04-27T11:54:30.966+0000][45.519s][debug][safepoint   ] Safepoint synchronization initiated using futex wait barrier. (21 threads)
[2025-04-27T11:54:30.966+0000][45.519s][info ][gc,start    ] GC(32) Pause Young (Prepare Mixed) (G1 Evacuation Pause)
[2025-04-27T11:54:30.966+0000][45.519s][info ][gc,task     ] GC(32) Using 4 workers of 4 for evacuation
[2025-04-27T11:54:30.986+0000][45.539s][info ][gc,phases   ] GC(32)   Pre Evacuate Collection Set: 0.1ms
[2025-04-27T11:54:30.986+0000][45.539s][info ][gc,phases   ] GC(32)   Merge Heap Roots: 0.1ms
[2025-04-27T11:54:30.986+0000][45.539s][info ][gc,phases   ] GC(32)   Evacuate Collection Set: 17.8ms
[2025-04-27T11:54:30.986+0000][45.539s][info ][gc,phases   ] GC(32)   Post Evacuate Collection Set: 1.9ms
[2025-04-27T11:54:30.986+0000][45.539s][info ][gc,phases   ] GC(32)   Other: 0.1ms
[2025-04-27T11:54:30.986+0000][45.539s][info ][gc,heap     ] GC(32) Eden regions: 181->0(2)
[2025-04-27T11:54:30.986+0000][45.539s][info ][gc,heap     ] GC(32) Survivor regions: 13->14(25)
[2025-04-27T11:54:30.986+0000][45.539s][info ][gc,heap     ] GC(32) Old regions: 60->60
[2025-04-27T11:54:30.986+0000][45.539s][info ][gc,heap     ] GC(32) Archive regions: 2->2
[2025-04-27T11:54:30.986+0000][45.539s][info ][gc,heap     ] GC(32) Humongous regions: 0->0
[2025-04-27T11:54:30.986+0000][45.539s][info ][gc,metaspace] GC(32) Metaspace: 75979K(76416K)->75979K(76416K) NonClass: 66161K(66368K)->66161K(66368K) Class: 9817K(10048K)->9817K(10048K)
[2025-04-27T11:54:30.986+0000][45.539s][info ][gc          ] GC(32) Pause Young (Prepare Mixed) (G1 Evacuation Pause) 254M->74M(324M) 20.072ms
[2025-04-27T11:54:30.986+0000][45.539s][info ][gc,cpu      ] GC(32) User=0.06s Sys=0.00s Real=0.03s
[2025-04-27T11:54:30.986+0000][45.539s][info ][safepoint   ] Safepoint "G1CollectForAllocation", Time since last: 853149835 ns, Reaching safepoint: 33082 ns, Cleanup: 60936 ns, At safepoint: 20124986 ns, Total: 20219004 ns
[2025-04-27T11:54:31.000+0000][45.552s][debug][safepoint   ] Safepoint synchronization initiated using futex wait barrier. (21 threads)
[2025-04-27T11:54:31.000+0000][45.552s][info ][gc,start    ] GC(33) Pause Young (Mixed) (G1 Evacuation Pause)
[2025-04-27T11:54:31.000+0000][45.552s][info ][gc,task     ] GC(33) Using 4 workers of 4 for evacuation
[2025-04-27T11:54:31.024+0000][45.576s][info ][gc,phases   ] GC(33)   Pre Evacuate Collection Set: 0.2ms
[2025-04-27T11:54:31.024+0000][45.576s][info ][gc,phases   ] GC(33)   Merge Heap Roots: 0.3ms
[2025-04-27T11:54:31.024+0000][45.576s][info ][gc,phases   ] GC(33)   Evacuate Collection Set: 21.4ms
[2025-04-27T11:54:31.024+0000][45.576s][info ][gc,phases   ] GC(33)   Post Evacuate Collection Set: 1.9ms
[2025-04-27T11:54:31.024+0000][45.576s][info ][gc,phases   ] GC(33)   Other: 0.2ms
[2025-04-27T11:54:31.024+0000][45.576s][info ][gc,heap     ] GC(33) Eden regions: 2->0(192)
[2025-04-27T11:54:31.024+0000][45.576s][info ][gc,heap     ] GC(33) Survivor regions: 14->2(2)
[2025-04-27T11:54:31.024+0000][45.576s][info ][gc,heap     ] GC(33) Old regions: 60->73
[2025-04-27T11:54:31.024+0000][45.576s][info ][gc,heap     ] GC(33) Archive regions: 2->2
[2025-04-27T11:54:31.024+0000][45.576s][info ][gc,heap     ] GC(33) Humongous regions: 0->0
[2025-04-27T11:54:31.024+0000][45.576s][info ][gc,metaspace] GC(33) Metaspace: 76009K(76480K)->76009K(76480K) NonClass: 66187K(66432K)->66187K(66432K) Class: 9822K(10048K)->9822K(10048K)
[2025-04-27T11:54:31.024+0000][45.576s][info ][gc          ] GC(33) Pause Young (Mixed) (G1 Evacuation Pause) 76M->75M(324M) 24.054ms
[2025-04-27T11:54:31.024+0000][45.576s][info ][gc,cpu      ] GC(33) User=0.06s Sys=0.00s Real=0.02s
[2025-04-27T11:54:31.024+0000][45.576s][info ][safepoint   ] Safepoint "G1CollectForAllocation", Time since last: 13330337 ns, Reaching safepoint: 104645 ns, Cleanup: 10752 ns, At safepoint: 24129026 ns, Total: 24244423 ns
[2025-04-27T11:54:31.871+0000][46.423s][debug][safepoint   ] Safepoint synchronization initiated using futex wait barrier. (20 threads)
[2025-04-27T11:54:31.871+0000][46.423s][info ][safepoint   ] Safepoint "ICBufferFull", Time since last: 846707075 ns, Reaching safepoint: 52781 ns, Cleanup: 194748 ns, At safepoint: 8570 ns, Total: 256099 ns
[2025-04-27T11:54:32.088+0000][46.640s][debug][safepoint   ] Safepoint synchronization initiated using futex wait barrier. (21 threads)
[2025-04-27T11:54:32.088+0000][46.640s][info ][safepoint   ] Safepoint "ICBufferFull", Time since last: 216570017 ns, Reaching safepoint: 81670 ns, Cleanup: 112503 ns, At safepoint: 3544 ns, Total: 197717 ns
[2025-04-27T11:54:32.337+0000][46.889s][debug][safepoint   ] Safepoint synchronization initiated using futex wait barrier. (21 threads)
[2025-04-27T11:54:32.337+0000][46.889s][info ][safepoint   ] Safepoint "ICBufferFull", Time since last: 249011545 ns, Reaching safepoint: 48270 ns, Cleanup: 120792 ns, At safepoint: 5332 ns, Total: 174394 ns
[2025-04-27T11:54:32.537+0000][47.090s][debug][safepoint   ] Safepoint synchronization initiated using futex wait barrier. (21 threads)
[2025-04-27T11:54:32.537+0000][47.090s][info ][safepoint   ] Safepoint "ICBufferFull", Time since last: 200318130 ns, Reaching safepoint: 66267 ns, Cleanup: 139498 ns, At safepoint: 4683 ns, Total: 210448 ns
[2025-04-27T11:54:33.091+0000][47.643s][debug][safepoint   ] Safepoint synchronization initiated using futex wait barrier. (21 threads)
[2025-04-27T11:54:33.091+0000][47.643s][info ][safepoint   ] Safepoint "ICBufferFull", Time since last: 553134102 ns, Reaching safepoint: 122763 ns, Cleanup: 115872 ns, At safepoint: 11511 ns, Total: 250146 ns
[2025-04-27T11:54:33.227+0000][47.779s][debug][safepoint   ] Safepoint synchronization initiated using futex wait barrier. (21 threads)
[2025-04-27T11:54:33.227+0000][47.779s][info ][safepoint   ] Safepoint "ICBufferFull", Time since last: 135889845 ns, Reaching safepoint: 121889 ns, Cleanup: 163583 ns, At safepoint: 6712 ns, Total: 292184 ns
[2025-04-27T11:54:33.372+0000][47.925s][debug][safepoint   ] Safepoint synchronization initiated using futex wait barrier. (21 threads)
[2025-04-27T11:54:33.373+0000][47.925s][info ][gc,start    ] GC(34) Pause Young (Concurrent Start) (G1 Evacuation Pause)
[2025-04-27T11:54:33.373+0000][47.925s][info ][gc,task     ] GC(34) Using 4 workers of 4 for evacuation
[2025-04-27T11:54:33.386+0000][47.938s][info ][gc,phases   ] GC(34)   Pre Evacuate Collection Set: 0.8ms
[2025-04-27T11:54:33.386+0000][47.938s][info ][gc,phases   ] GC(34)   Merge Heap Roots: 0.2ms
[2025-04-27T11:54:33.386+0000][47.938s][info ][gc,phases   ] GC(34)   Evacuate Collection Set: 9.0ms
[2025-04-27T11:54:33.386+0000][47.938s][info ][gc,phases   ] GC(34)   Post Evacuate Collection Set: 2.9ms
[2025-04-27T11:54:33.386+0000][47.938s][info ][gc,phases   ] GC(34)   Other: 0.1ms
[2025-04-27T11:54:33.386+0000][47.938s][info ][gc,heap     ] GC(34) Eden regions: 192->0(192)
[2025-04-27T11:54:33.386+0000][47.938s][info ][gc,heap     ] GC(34) Survivor regions: 2->2(25)
[2025-04-27T11:54:33.386+0000][47.938s][info ][gc,heap     ] GC(34) Old regions: 73->73
[2025-04-27T11:54:33.386+0000][47.938s][info ][gc,heap     ] GC(34) Archive regions: 2->2
[2025-04-27T11:54:33.386+0000][47.938s][info ][gc,heap     ] GC(34) Humongous regions: 0->0
[2025-04-27T11:54:33.386+0000][47.938s][info ][gc,metaspace] GC(34) Metaspace: 79582K(80064K)->79582K(80064K) NonClass: 69211K(69440K)->69211K(69440K) Class: 10371K(10624K)->10371K(10624K)
[2025-04-27T11:54:33.386+0000][47.938s][info ][gc          ] GC(34) Pause Young (Concurrent Start) (G1 Evacuation Pause) 267M->75M(324M) 13.119ms
[2025-04-27T11:54:33.386+0000][47.938s][info ][gc,cpu      ] GC(34) User=0.03s Sys=0.00s Real=0.01s
[2025-04-27T11:54:33.386+0000][47.938s][info ][gc          ] GC(35) Concurrent Mark Cycle
[2025-04-27T11:54:33.386+0000][47.938s][info ][gc,marking  ] GC(35) Concurrent Clear Claimed Marks
[2025-04-27T11:54:33.386+0000][47.938s][info ][gc,marking  ] GC(35) Concurrent Clear Claimed Marks 0.048ms
[2025-04-27T11:54:33.386+0000][47.938s][info ][gc,marking  ] GC(35) Concurrent Scan Root Regions
[2025-04-27T11:54:33.388+0000][47.941s][info ][safepoint   ] Safepoint "G1CollectForAllocation", Time since last: 145414144 ns, Reaching safepoint: 45593 ns, Cleanup: 97481 ns, At safepoint: 15734004 ns, Total: 15877078 ns
[2025-04-27T11:54:33.404+0000][47.957s][info ][gc,marking  ] GC(35) Concurrent Scan Root Regions 18.525ms
[2025-04-27T11:54:33.404+0000][47.957s][info ][gc,marking  ] GC(35) Concurrent Mark
[2025-04-27T11:54:33.404+0000][47.957s][info ][gc,marking  ] GC(35) Concurrent Mark From Roots
[2025-04-27T11:54:33.404+0000][47.957s][info ][gc,task     ] GC(35) Using 1 workers of 1 for marking
[2025-04-27T11:54:33.782+0000][48.334s][info ][gc,marking  ] GC(35) Concurrent Mark From Roots 377.343ms
[2025-04-27T11:54:33.782+0000][48.334s][info ][gc,marking  ] GC(35) Concurrent Preclean
[2025-04-27T11:54:33.782+0000][48.334s][info ][gc,marking  ] GC(35) Concurrent Preclean 0.327ms
[2025-04-27T11:54:33.782+0000][48.334s][debug][safepoint   ] Safepoint synchronization initiated using futex wait barrier. (21 threads)
[2025-04-27T11:54:33.782+0000][48.335s][info ][gc,start    ] GC(35) Pause Remark
[2025-04-27T11:54:33.796+0000][48.349s][info ][gc          ] GC(35) Pause Remark 103M->103M(324M) 14.006ms
[2025-04-27T11:54:33.796+0000][48.349s][info ][gc,cpu      ] GC(35) User=0.03s Sys=0.00s Real=0.02s
[2025-04-27T11:54:33.796+0000][48.349s][info ][safepoint   ] Safepoint "G1PauseRemark", Time since last: 393887683 ns, Reaching safepoint: 99894 ns, Cleanup: 83589 ns, At safepoint: 14127176 ns, Total: 14310659 ns
[2025-04-27T11:54:33.797+0000][48.349s][info ][gc,marking  ] GC(35) Concurrent Mark 392.118ms
[2025-04-27T11:54:33.797+0000][48.349s][info ][gc,marking  ] GC(35) Concurrent Rebuild Remembered Sets
[2025-04-27T11:54:33.884+0000][48.436s][info ][gc,marking  ] GC(35) Concurrent Rebuild Remembered Sets 87.290ms
[2025-04-27T11:54:33.884+0000][48.436s][debug][safepoint   ] Safepoint synchronization initiated using futex wait barrier. (21 threads)
[2025-04-27T11:54:33.884+0000][48.436s][info ][gc,start    ] GC(35) Pause Cleanup
[2025-04-27T11:54:33.884+0000][48.436s][info ][gc          ] GC(35) Pause Cleanup 111M->111M(324M) 0.128ms
[2025-04-27T11:54:33.884+0000][48.436s][info ][gc,cpu      ] GC(35) User=0.00s Sys=0.00s Real=0.00s
[2025-04-27T11:54:33.884+0000][48.436s][info ][safepoint   ] Safepoint "G1PauseCleanup", Time since last: 87432812 ns, Reaching safepoint: 81654 ns, Cleanup: 7794 ns, At safepoint: 163283 ns, Total: 252731 ns
[2025-04-27T11:54:33.884+0000][48.437s][info ][gc,marking  ] GC(35) Concurrent Cleanup for Next Mark
[2025-04-27T11:54:33.885+0000][48.438s][info ][gc,marking  ] GC(35) Concurrent Cleanup for Next Mark 1.172ms
[2025-04-27T11:54:33.885+0000][48.438s][info ][gc          ] GC(35) Concurrent Mark Cycle 499.674ms
[2025-04-27T11:54:35.209+0000][49.762s][debug][safepoint   ] Safepoint synchronization initiated using futex wait barrier. (20 threads)
[2025-04-27T11:54:35.210+0000][49.762s][info ][safepoint   ] Safepoint "Cleanup", Time since last: 1325102934 ns, Reaching safepoint: 197165 ns, Cleanup: 115794 ns, At safepoint: 8445 ns, Total: 321404 ns
[2025-04-27T11:54:35.551+0000][50.103s][debug][safepoint   ] Safepoint synchronization initiated using futex wait barrier. (21 threads)
[2025-04-27T11:54:35.551+0000][50.103s][info ][gc,start    ] GC(36) Pause Young (Prepare Mixed) (G1 Evacuation Pause)
[2025-04-27T11:54:35.551+0000][50.103s][info ][gc,task     ] GC(36) Using 4 workers of 4 for evacuation
[2025-04-27T11:54:35.583+0000][50.135s][info ][gc,phases   ] GC(36)   Pre Evacuate Collection Set: 1.0ms
[2025-04-27T11:54:35.583+0000][50.135s][info ][gc,phases   ] GC(36)   Merge Heap Roots: 0.6ms
[2025-04-27T11:54:35.583+0000][50.135s][info ][gc,phases   ] GC(36)   Evacuate Collection Set: 28.3ms
[2025-04-27T11:54:35.583+0000][50.135s][info ][gc,phases   ] GC(36)   Post Evacuate Collection Set: 1.9ms
[2025-04-27T11:54:35.583+0000][50.135s][info ][gc,phases   ] GC(36)   Other: 0.1ms
[2025-04-27T11:54:35.583+0000][50.135s][info ][gc,heap     ] GC(36) Eden regions: 192->0(10)
[2025-04-27T11:54:35.583+0000][50.135s][info ][gc,heap     ] GC(36) Survivor regions: 2->6(25)
[2025-04-27T11:54:35.583+0000][50.135s][info ][gc,heap     ] GC(36) Old regions: 73->73
[2025-04-27T11:54:35.583+0000][50.135s][info ][gc,heap     ] GC(36) Archive regions: 2->2
[2025-04-27T11:54:35.583+0000][50.135s][info ][gc,heap     ] GC(36) Humongous regions: 0->0
[2025-04-27T11:54:35.583+0000][50.135s][info ][gc,metaspace] GC(36) Metaspace: 83383K(83904K)->83383K(83904K) NonClass: 72489K(72768K)->72489K(72768K) Class: 10893K(11136K)->10893K(11136K)
[2025-04-27T11:54:35.583+0000][50.135s][info ][gc          ] GC(36) Pause Young (Prepare Mixed) (G1 Evacuation Pause) 267M->78M(324M) 31.999ms
[2025-04-27T11:54:35.583+0000][50.135s][info ][gc,cpu      ] GC(36) User=0.04s Sys=0.00s Real=0.03s
[2025-04-27T11:54:35.583+0000][50.135s][info ][safepoint   ] Safepoint "G1CollectForAllocation", Time since last: 341224755 ns, Reaching safepoint: 53418 ns, Cleanup: 82161 ns, At safepoint: 32092354 ns, Total: 32227933 ns
[2025-04-27T11:54:35.815+0000][50.367s][debug][safepoint   ] Safepoint synchronization initiated using futex wait barrier. (21 threads)
[2025-04-27T11:54:35.815+0000][50.368s][info ][gc,start    ] GC(37) Pause Young (Mixed) (G1 Evacuation Pause)
[2025-04-27T11:54:35.815+0000][50.368s][info ][gc,task     ] GC(37) Using 4 workers of 4 for evacuation
[2025-04-27T11:54:35.833+0000][50.386s][info ][gc,phases   ] GC(37)   Pre Evacuate Collection Set: 0.4ms
[2025-04-27T11:54:35.833+0000][50.386s][info ][gc,phases   ] GC(37)   Merge Heap Roots: 0.3ms
[2025-04-27T11:54:35.833+0000][50.386s][info ][gc,phases   ] GC(37)   Evacuate Collection Set: 15.6ms
[2025-04-27T11:54:35.833+0000][50.386s][info ][gc,phases   ] GC(37)   Post Evacuate Collection Set: 1.4ms
[2025-04-27T11:54:35.833+0000][50.386s][info ][gc,phases   ] GC(37)   Other: 0.3ms
[2025-04-27T11:54:35.833+0000][50.386s][info ][gc,heap     ] GC(37) Eden regions: 10->0(193)
[2025-04-27T11:54:35.833+0000][50.386s][info ][gc,heap     ] GC(37) Survivor regions: 6->1(2)
[2025-04-27T11:54:35.833+0000][50.386s][info ][gc,heap     ] GC(37) Old regions: 73->77
[2025-04-27T11:54:35.833+0000][50.386s][info ][gc,heap     ] GC(37) Archive regions: 2->2
[2025-04-27T11:54:35.833+0000][50.386s][info ][gc,heap     ] GC(37) Humongous regions: 0->0
[2025-04-27T11:54:35.833+0000][50.386s][info ][gc,metaspace] GC(37) Metaspace: 83496K(83968K)->83496K(83968K) NonClass: 72589K(72832K)->72589K(72832K) Class: 10907K(11136K)->10907K(11136K)
[2025-04-27T11:54:35.833+0000][50.386s][info ][gc          ] GC(37) Pause Young (Mixed) (G1 Evacuation Pause) 88M->78M(324M) 17.968ms
[2025-04-27T11:54:35.833+0000][50.386s][info ][gc,cpu      ] GC(37) User=0.04s Sys=0.00s Real=0.02s
[2025-04-27T11:54:35.833+0000][50.386s][info ][safepoint   ] Safepoint "G1CollectForAllocation", Time since last: 232088935 ns, Reaching safepoint: 66006 ns, Cleanup: 90752 ns, At safepoint: 18105432 ns, Total: 18262190 ns
[2025-04-27T11:54:36.907+0000][51.459s][debug][safepoint   ] Safepoint synchronization initiated using futex wait barrier. (21 threads)
[2025-04-27T11:54:36.907+0000][51.460s][info ][safepoint   ] Safepoint "Cleanup", Time since last: 1073545852 ns, Reaching safepoint: 115466 ns, Cleanup: 186480 ns, At safepoint: 7908 ns, Total: 309854 ns
[2025-04-27T11:54:37.907+0000][52.460s][debug][safepoint   ] Safepoint synchronization initiated using futex wait barrier. (21 threads)
[2025-04-27T11:54:37.908+0000][52.460s][info ][safepoint   ] Safepoint "Cleanup", Time since last: 1000112281 ns, Reaching safepoint: 467380 ns, Cleanup: 46659 ns, At safepoint: 5430 ns, Total: 519469 ns
[2025-04-27T11:54:38.780+0000][53.332s][debug][safepoint   ] ... found polling page loop exception at pc = 0x00007a342cfc7b0b, stub =0x00007a342c98e400
[2025-04-27T11:54:38.805+0000][53.357s][debug][safepoint   ] Safepoint synchronization initiated using futex wait barrier. (22 threads)
[2025-04-27T11:54:38.805+0000][53.357s][debug][safepoint   ] ... found polling page loop exception at pc = 0x00007a342d16e6dc, stub =0x00007a342c98e400
[2025-04-27T11:54:38.805+0000][53.357s][info ][safepoint   ] Safepoint "ICBufferFull", Time since last: 896993124 ns, Reaching safepoint: 118732 ns, Cleanup: 131756 ns, At safepoint: 7767 ns, Total: 258255 ns
[2025-04-27T11:54:38.807+0000][53.359s][debug][safepoint   ] Safepoint synchronization initiated using futex wait barrier. (24 threads)
[2025-04-27T11:54:38.807+0000][53.359s][info ][gc,start    ] GC(38) Pause Young (Normal) (G1 Evacuation Pause)
[2025-04-27T11:54:38.807+0000][53.359s][info ][gc,task     ] GC(38) Using 4 workers of 4 for evacuation
[2025-04-27T11:54:38.820+0000][53.372s][info ][gc,phases   ] GC(38)   Pre Evacuate Collection Set: 0.1ms
[2025-04-27T11:54:38.820+0000][53.372s][info ][gc,phases   ] GC(38)   Merge Heap Roots: 0.1ms
[2025-04-27T11:54:38.820+0000][53.372s][info ][gc,phases   ] GC(38)   Evacuate Collection Set: 11.6ms
[2025-04-27T11:54:38.820+0000][53.372s][info ][gc,phases   ] GC(38)   Post Evacuate Collection Set: 1.2ms
[2025-04-27T11:54:38.820+0000][53.372s][info ][gc,phases   ] GC(38)   Other: 0.1ms
[2025-04-27T11:54:38.820+0000][53.372s][info ][gc,heap     ] GC(38) Eden regions: 193->0(188)
[2025-04-27T11:54:38.820+0000][53.372s][info ][gc,heap     ] GC(38) Survivor regions: 1->6(25)
[2025-04-27T11:54:38.820+0000][53.372s][info ][gc,heap     ] GC(38) Old regions: 77->77
[2025-04-27T11:54:38.820+0000][53.372s][info ][gc,heap     ] GC(38) Archive regions: 2->2
[2025-04-27T11:54:38.820+0000][53.372s][info ][gc,heap     ] GC(38) Humongous regions: 0->0
[2025-04-27T11:54:38.820+0000][53.372s][info ][gc,metaspace] GC(38) Metaspace: 87241K(87808K)->87241K(87808K) NonClass: 76051K(76352K)->76051K(76352K) Class: 11189K(11456K)->11189K(11456K)
[2025-04-27T11:54:38.820+0000][53.372s][info ][gc          ] GC(38) Pause Young (Normal) (G1 Evacuation Pause) 271M->83M(324M) 13.319ms
[2025-04-27T11:54:38.820+0000][53.372s][info ][gc,cpu      ] GC(38) User=0.04s Sys=0.00s Real=0.01s
[2025-04-27T11:54:38.820+0000][53.373s][info ][safepoint   ] Safepoint "G1CollectForAllocation", Time since last: 1378826 ns, Reaching safepoint: 122642 ns, Cleanup: 9718 ns, At safepoint: 13684555 ns, Total: 13816915 ns
[2025-04-27T11:54:39.846+0000][54.398s][debug][safepoint   ] Safepoint synchronization initiated using futex wait barrier. (25 threads)
[2025-04-27T11:54:39.846+0000][54.398s][info ][safepoint   ] Safepoint "Cleanup", Time since last: 1025639619 ns, Reaching safepoint: 71078 ns, Cleanup: 64653 ns, At safepoint: 3738 ns, Total: 139469 ns
[2025-04-27T11:54:40.949+0000][55.502s][debug][safepoint   ] Safepoint synchronization initiated using futex wait barrier. (25 threads)
[2025-04-27T11:54:40.950+0000][55.502s][info ][gc,start    ] GC(39) Pause Young (Normal) (G1 Evacuation Pause)
[2025-04-27T11:54:40.951+0000][55.503s][info ][gc,task     ] GC(39) Using 4 workers of 4 for evacuation
[2025-04-27T11:54:40.974+0000][55.526s][info ][gc,phases   ] GC(39)   Pre Evacuate Collection Set: 0.1ms
[2025-04-27T11:54:40.974+0000][55.526s][info ][gc,phases   ] GC(39)   Merge Heap Roots: 0.1ms
[2025-04-27T11:54:40.974+0000][55.526s][info ][gc,phases   ] GC(39)   Evacuate Collection Set: 19.6ms
[2025-04-27T11:54:40.974+0000][55.526s][info ][gc,phases   ] GC(39)   Post Evacuate Collection Set: 3.6ms
[2025-04-27T11:54:40.974+0000][55.526s][info ][gc,phases   ] GC(39)   Other: 0.6ms
[2025-04-27T11:54:40.974+0000][55.526s][info ][gc,heap     ] GC(39) Eden regions: 188->0(183)
[2025-04-27T11:54:40.974+0000][55.526s][info ][gc,heap     ] GC(39) Survivor regions: 6->11(25)
[2025-04-27T11:54:40.974+0000][55.526s][info ][gc,heap     ] GC(39) Old regions: 77->77
[2025-04-27T11:54:40.974+0000][55.526s][info ][gc,heap     ] GC(39) Archive regions: 2->2
[2025-04-27T11:54:40.974+0000][55.526s][info ][gc,heap     ] GC(39) Humongous regions: 0->0
[2025-04-27T11:54:40.974+0000][55.526s][info ][gc,metaspace] GC(39) Metaspace: 92536K(93120K)->92536K(93120K) NonClass: 80692K(81024K)->80692K(81024K) Class: 11843K(12096K)->11843K(12096K)
[2025-04-27T11:54:40.974+0000][55.526s][info ][gc          ] GC(39) Pause Young (Normal) (G1 Evacuation Pause) 271M->87M(324M) 24.072ms
[2025-04-27T11:54:40.974+0000][55.526s][info ][gc,cpu      ] GC(39) User=0.07s Sys=0.00s Real=0.02s
[2025-04-27T11:54:40.974+0000][55.526s][info ][safepoint   ] Safepoint "G1CollectForAllocation", Time since last: 1103055402 ns, Reaching safepoint: 278275 ns, Cleanup: 541253 ns, At safepoint: 24176651 ns, Total: 24996179 ns
[2025-04-27T11:54:42.343+0000][56.895s][debug][safepoint   ] Safepoint synchronization initiated using futex wait barrier. (25 threads)
[2025-04-27T11:54:42.343+0000][56.896s][info ][safepoint   ] Safepoint "ICBufferFull", Time since last: 1368916098 ns, Reaching safepoint: 53056 ns, Cleanup: 114658 ns, At safepoint: 3952 ns, Total: 171666 ns
[2025-04-27T11:54:42.419+0000][56.971s][debug][safepoint   ] Safepoint synchronization initiated using futex wait barrier. (25 threads)
[2025-04-27T11:54:42.419+0000][56.971s][info ][gc,start    ] GC(40) Pause Young (Normal) (G1 Evacuation Pause)
[2025-04-27T11:54:42.419+0000][56.971s][info ][gc,task     ] GC(40) Using 4 workers of 4 for evacuation
[2025-04-27T11:54:42.455+0000][57.007s][info ][gc,phases   ] GC(40)   Pre Evacuate Collection Set: 0.1ms
[2025-04-27T11:54:42.455+0000][57.007s][info ][gc,phases   ] GC(40)   Merge Heap Roots: 0.1ms
[2025-04-27T11:54:42.455+0000][57.008s][info ][gc,phases   ] GC(40)   Evacuate Collection Set: 33.1ms
[2025-04-27T11:54:42.455+0000][57.008s][info ][gc,phases   ] GC(40)   Post Evacuate Collection Set: 3.1ms
[2025-04-27T11:54:42.455+0000][57.008s][info ][gc,phases   ] GC(40)   Other: 0.1ms
[2025-04-27T11:54:42.455+0000][57.008s][info ][gc,heap     ] GC(40) Eden regions: 183->0(179)
[2025-04-27T11:54:42.455+0000][57.008s][info ][gc,heap     ] GC(40) Survivor regions: 11->15(25)
[2025-04-27T11:54:42.455+0000][57.008s][info ][gc,heap     ] GC(40) Old regions: 77->77
[2025-04-27T11:54:42.455+0000][57.008s][info ][gc,heap     ] GC(40) Archive regions: 2->2
[2025-04-27T11:54:42.455+0000][57.008s][info ][gc,heap     ] GC(40) Humongous regions: 0->0
[2025-04-27T11:54:42.455+0000][57.008s][info ][gc,metaspace] GC(40) Metaspace: 95446K(96000K)->95446K(96000K) NonClass: 82977K(83264K)->82977K(83264K) Class: 12469K(12736K)->12469K(12736K)
[2025-04-27T11:54:42.455+0000][57.008s][info ][gc          ] GC(40) Pause Young (Normal) (G1 Evacuation Pause) 270M->91M(324M) 36.680ms
[2025-04-27T11:54:42.455+0000][57.008s][info ][gc,cpu      ] GC(40) User=0.12s Sys=0.01s Real=0.03s
[2025-04-27T11:54:42.455+0000][57.008s][info ][safepoint   ] Safepoint "G1CollectForAllocation", Time since last: 75252039 ns, Reaching safepoint: 43992 ns, Cleanup: 15432 ns, At safepoint: 36761613 ns, Total: 36821037 ns
[2025-04-27T11:54:43.402+0000][57.954s][debug][safepoint   ] Safepoint synchronization initiated using futex wait barrier. (26 threads)
[2025-04-27T11:54:43.402+0000][57.955s][info ][safepoint   ] Safepoint "ICBufferFull", Time since last: 946702651 ns, Reaching safepoint: 54316 ns, Cleanup: 139561 ns, At safepoint: 3791 ns, Total: 197668 ns
[2025-04-27T11:54:44.402+0000][58.955s][debug][safepoint   ] Safepoint synchronization initiated using futex wait barrier. (27 threads)
[2025-04-27T11:54:44.403+0000][58.955s][info ][safepoint   ] Safepoint "Cleanup", Time since last: 1000161861 ns, Reaching safepoint: 120126 ns, Cleanup: 147936 ns, At safepoint: 12960 ns, Total: 281022 ns
[2025-04-27T11:54:44.692+0000][59.244s][debug][safepoint   ] Safepoint synchronization initiated using futex wait barrier. (28 threads)
[2025-04-27T11:54:44.692+0000][59.244s][info ][gc,start    ] GC(41) Pause Young (Normal) (G1 Evacuation Pause)
[2025-04-27T11:54:44.692+0000][59.244s][info ][gc,task     ] GC(41) Using 4 workers of 4 for evacuation
[2025-04-27T11:54:44.751+0000][59.303s][info ][gc,phases   ] GC(41)   Pre Evacuate Collection Set: 0.4ms
[2025-04-27T11:54:44.751+0000][59.303s][info ][gc,phases   ] GC(41)   Merge Heap Roots: 0.7ms
[2025-04-27T11:54:44.751+0000][59.303s][info ][gc,phases   ] GC(41)   Evacuate Collection Set: 49.9ms
[2025-04-27T11:54:44.751+0000][59.303s][info ][gc,phases   ] GC(41)   Post Evacuate Collection Set: 8.0ms
[2025-04-27T11:54:44.751+0000][59.303s][info ][gc,phases   ] GC(41)   Other: 0.1ms
[2025-04-27T11:54:44.751+0000][59.303s][info ][gc,heap     ] GC(41) Eden regions: 179->0(182)
[2025-04-27T11:54:44.751+0000][59.303s][info ][gc,heap     ] GC(41) Survivor regions: 15->12(25)
[2025-04-27T11:54:44.751+0000][59.303s][info ][gc,heap     ] GC(41) Old regions: 77->82
[2025-04-27T11:54:44.751+0000][59.303s][info ][gc,heap     ] GC(41) Archive regions: 2->2
[2025-04-27T11:54:44.751+0000][59.303s][info ][gc,heap     ] GC(41) Humongous regions: 0->0
[2025-04-27T11:54:44.751+0000][59.303s][info ][gc,metaspace] GC(41) Metaspace: 102442K(102976K)->102442K(102976K) NonClass: 89063K(89344K)->89063K(89344K) Class: 13378K(13632K)->13378K(13632K)
[2025-04-27T11:54:44.751+0000][59.303s][info ][gc          ] GC(41) Pause Young (Normal) (G1 Evacuation Pause) 270M->94M(324M) 59.184ms
[2025-04-27T11:54:44.751+0000][59.303s][info ][gc,cpu      ] GC(41) User=0.10s Sys=0.00s Real=0.06s
[2025-04-27T11:54:44.751+0000][59.303s][info ][safepoint   ] Safepoint "G1CollectForAllocation", Time since last: 289061759 ns, Reaching safepoint: 46125 ns, Cleanup: 26985 ns, At safepoint: 59250273 ns, Total: 59323383 ns
[2025-04-27T11:54:46.560+0000][61.112s][debug][safepoint   ] Safepoint synchronization initiated using futex wait barrier. (31 threads)
[2025-04-27T11:54:46.560+0000][61.113s][info ][gc,start    ] GC(42) Pause Young (Normal) (G1 Evacuation Pause)
[2025-04-27T11:54:46.560+0000][61.113s][info ][gc,task     ] GC(42) Using 4 workers of 4 for evacuation
[2025-04-27T11:54:46.586+0000][61.138s][info ][gc,phases   ] GC(42)   Pre Evacuate Collection Set: 0.2ms
[2025-04-27T11:54:46.586+0000][61.138s][info ][gc,phases   ] GC(42)   Merge Heap Roots: 0.2ms
[2025-04-27T11:54:46.586+0000][61.138s][info ][gc,phases   ] GC(42)   Evacuate Collection Set: 23.2ms
[2025-04-27T11:54:46.586+0000][61.138s][info ][gc,phases   ] GC(42)   Post Evacuate Collection Set: 2.1ms
[2025-04-27T11:54:46.586+0000][61.138s][info ][gc,phases   ] GC(42)   Other: 0.1ms
[2025-04-27T11:54:46.586+0000][61.138s][info ][gc,heap     ] GC(42) Eden regions: 182->0(175)
[2025-04-27T11:54:46.586+0000][61.138s][info ][gc,heap     ] GC(42) Survivor regions: 12->16(25)
[2025-04-27T11:54:46.586+0000][61.138s][info ][gc,heap     ] GC(42) Old regions: 82->82
[2025-04-27T11:54:46.586+0000][61.138s][info ][gc,heap     ] GC(42) Archive regions: 2->2
[2025-04-27T11:54:46.586+0000][61.138s][info ][gc,heap     ] GC(42) Humongous regions: 0->0
[2025-04-27T11:54:46.586+0000][61.138s][info ][gc,metaspace] GC(42) Metaspace: 106634K(107264K)->106634K(107264K) NonClass: 92757K(93056K)->92757K(93056K) Class: 13877K(14208K)->13877K(14208K)
[2025-04-27T11:54:46.586+0000][61.138s][info ][gc          ] GC(42) Pause Young (Normal) (G1 Evacuation Pause) 276M->98M(324M) 25.826ms
[2025-04-27T11:54:46.586+0000][61.138s][info ][gc,cpu      ] GC(42) User=0.09s Sys=0.00s Real=0.02s
[2025-04-27T11:54:46.586+0000][61.138s][info ][safepoint   ] Safepoint "G1CollectForAllocation", Time since last: 1809000157 ns, Reaching safepoint: 82003 ns, Cleanup: 107241 ns, At safepoint: 25897115 ns, Total: 26086359 ns
[2025-04-27T11:54:47.586+0000][62.139s][debug][safepoint   ] Safepoint synchronization initiated using futex wait barrier. (37 threads)
[2025-04-27T11:54:47.587+0000][62.139s][info ][safepoint   ] Safepoint "Cleanup", Time since last: 1000211953 ns, Reaching safepoint: 168097 ns, Cleanup: 143447 ns, At safepoint: 22448 ns, Total: 333992 ns
[2025-04-27T11:54:48.351+0000][62.903s][debug][safepoint   ] Safepoint synchronization initiated using futex wait barrier. (37 threads)
[2025-04-27T11:54:48.351+0000][62.903s][info ][gc,start    ] GC(43) Pause Young (Normal) (G1 Evacuation Pause)
[2025-04-27T11:54:48.351+0000][62.903s][info ][gc,task     ] GC(43) Using 4 workers of 4 for evacuation
[2025-04-27T11:54:48.382+0000][62.935s][info ][gc,phases   ] GC(43)   Pre Evacuate Collection Set: 0.2ms
[2025-04-27T11:54:48.382+0000][62.935s][info ][gc,phases   ] GC(43)   Merge Heap Roots: 0.4ms
[2025-04-27T11:54:48.382+0000][62.935s][info ][gc,phases   ] GC(43)   Evacuate Collection Set: 28.2ms
[2025-04-27T11:54:48.382+0000][62.935s][info ][gc,phases   ] GC(43)   Post Evacuate Collection Set: 2.4ms
[2025-04-27T11:54:48.382+0000][62.935s][info ][gc,phases   ] GC(43)   Other: 0.1ms
[2025-04-27T11:54:48.382+0000][62.935s][info ][gc,heap     ] GC(43) Eden regions: 175->0(169)
[2025-04-27T11:54:48.382+0000][62.935s][info ][gc,heap     ] GC(43) Survivor regions: 16->17(24)
[2025-04-27T11:54:48.383+0000][62.935s][info ][gc,heap     ] GC(43) Old regions: 82->86
[2025-04-27T11:54:48.383+0000][62.935s][info ][gc,heap     ] GC(43) Archive regions: 2->2
[2025-04-27T11:54:48.383+0000][62.935s][info ][gc,heap     ] GC(43) Humongous regions: 0->0
[2025-04-27T11:54:48.383+0000][62.935s][info ][gc,metaspace] GC(43) Metaspace: 109638K(110272K)->109638K(110272K) NonClass: 95471K(95808K)->95471K(95808K) Class: 14166K(14464K)->14166K(14464K)
[2025-04-27T11:54:48.383+0000][62.935s][info ][gc          ] GC(43) Pause Young (Normal) (G1 Evacuation Pause) 273M->103M(324M) 31.462ms
[2025-04-27T11:54:48.383+0000][62.935s][info ][gc,cpu      ] GC(43) User=0.10s Sys=0.00s Real=0.03s
[2025-04-27T11:54:48.383+0000][62.935s][info ][safepoint   ] Safepoint "G1CollectForAllocation", Time since last: 764197556 ns, Reaching safepoint: 58743 ns, Cleanup: 101834 ns, At safepoint: 31570457 ns, Total: 31731034 ns
[2025-04-27T11:54:49.907+0000][64.459s][debug][safepoint   ] Safepoint synchronization initiated using futex wait barrier. (38 threads)
[2025-04-27T11:54:49.907+0000][64.459s][info ][safepoint   ] Safepoint "ICBufferFull", Time since last: 1524139789 ns, Reaching safepoint: 58078 ns, Cleanup: 150953 ns, At safepoint: 8331 ns, Total: 217362 ns
[2025-04-27T11:54:50.424+0000][64.977s][debug][safepoint   ] Safepoint synchronization initiated using futex wait barrier. (38 threads)
[2025-04-27T11:54:50.424+0000][64.977s][info ][safepoint   ] Safepoint "ICBufferFull", Time since last: 517269151 ns, Reaching safepoint: 55904 ns, Cleanup: 133738 ns, At safepoint: 6344 ns, Total: 195986 ns
[2025-04-27T11:54:50.634+0000][65.186s][debug][safepoint   ] Safepoint synchronization initiated using futex wait barrier. (38 threads)
[2025-04-27T11:54:50.634+0000][65.186s][info ][gc,start    ] GC(44) Pause Young (Normal) (G1 Evacuation Pause)
[2025-04-27T11:54:50.634+0000][65.186s][info ][gc,task     ] GC(44) Using 4 workers of 4 for evacuation
[2025-04-27T11:54:50.693+0000][65.245s][info ][gc,phases   ] GC(44)   Pre Evacuate Collection Set: 0.1ms
[2025-04-27T11:54:50.693+0000][65.245s][info ][gc,phases   ] GC(44)   Merge Heap Roots: 0.3ms
[2025-04-27T11:54:50.693+0000][65.245s][info ][gc,phases   ] GC(44)   Evacuate Collection Set: 54.6ms
[2025-04-27T11:54:50.693+0000][65.245s][info ][gc,phases   ] GC(44)   Post Evacuate Collection Set: 3.5ms
[2025-04-27T11:54:50.693+0000][65.245s][info ][gc,phases   ] GC(44)   Other: 0.1ms
[2025-04-27T11:54:50.693+0000][65.245s][info ][gc,heap     ] GC(44) Eden regions: 169->0(167)
[2025-04-27T11:54:50.693+0000][65.245s][info ][gc,heap     ] GC(44) Survivor regions: 17->16(24)
[2025-04-27T11:54:50.693+0000][65.245s][info ][gc,heap     ] GC(44) Old regions: 86->90
[2025-04-27T11:54:50.693+0000][65.245s][info ][gc,heap     ] GC(44) Archive regions: 2->2
[2025-04-27T11:54:50.693+0000][65.245s][info ][gc,heap     ] GC(44) Humongous regions: 0->0
[2025-04-27T11:54:50.693+0000][65.245s][info ][gc,metaspace] GC(44) Metaspace: 115423K(116160K)->115423K(116160K) NonClass: 100651K(101056K)->100651K(101056K) Class: 14771K(15104K)->14771K(15104K)
[2025-04-27T11:54:50.693+0000][65.245s][info ][gc          ] GC(44) Pause Young (Normal) (G1 Evacuation Pause) 272M->105M(324M) 58.743ms
[2025-04-27T11:54:50.693+0000][65.245s][info ][gc,cpu      ] GC(44) User=0.16s Sys=0.00s Real=0.06s
[2025-04-27T11:54:50.693+0000][65.245s][info ][safepoint   ] Safepoint "G1CollectForAllocation", Time since last: 209435528 ns, Reaching safepoint: 39751 ns, Cleanup: 38373 ns, At safepoint: 58911764 ns, Total: 58989888 ns
[2025-04-27T11:54:51.826+0000][66.378s][debug][safepoint   ] Safepoint synchronization initiated using futex wait barrier. (41 threads)
[2025-04-27T11:54:51.826+0000][66.379s][info ][safepoint   ] Safepoint "Cleanup", Time since last: 1125347011 ns, Reaching safepoint: 7787407 ns, Cleanup: 193433 ns, At safepoint: 27727 ns, Total: 8008567 ns
[2025-04-27T11:54:53.031+0000][67.583s][debug][safepoint   ] Safepoint synchronization initiated using futex wait barrier. (41 threads)
[2025-04-27T11:54:53.031+0000][67.583s][info ][safepoint   ] Safepoint "Cleanup", Time since last: 1204436195 ns, Reaching safepoint: 235245 ns, Cleanup: 72849 ns, At safepoint: 4518 ns, Total: 312612 ns
[2025-04-27T11:54:53.631+0000][68.183s][debug][safepoint   ] Safepoint synchronization initiated using futex wait barrier. (41 threads)
[2025-04-27T11:54:53.631+0000][68.183s][info ][gc,start    ] GC(45) Pause Young (Normal) (G1 Evacuation Pause)
[2025-04-27T11:54:53.631+0000][68.183s][info ][gc,task     ] GC(45) Using 4 workers of 4 for evacuation
[2025-04-27T11:54:53.671+0000][68.224s][info ][gc,phases   ] GC(45)   Pre Evacuate Collection Set: 0.3ms
[2025-04-27T11:54:53.671+0000][68.224s][info ][gc,phases   ] GC(45)   Merge Heap Roots: 0.4ms
[2025-04-27T11:54:53.671+0000][68.224s][info ][gc,phases   ] GC(45)   Evacuate Collection Set: 37.4ms
[2025-04-27T11:54:53.671+0000][68.224s][info ][gc,phases   ] GC(45)   Post Evacuate Collection Set: 2.5ms
[2025-04-27T11:54:53.671+0000][68.224s][info ][gc,phases   ] GC(45)   Other: 0.2ms
[2025-04-27T11:54:53.671+0000][68.224s][info ][gc,heap     ] GC(45) Eden regions: 167->0(164)
[2025-04-27T11:54:53.671+0000][68.224s][info ][gc,heap     ] GC(45) Survivor regions: 16->14(23)
[2025-04-27T11:54:53.671+0000][68.224s][info ][gc,heap     ] GC(45) Old regions: 90->96
[2025-04-27T11:54:53.671+0000][68.224s][info ][gc,heap     ] GC(45) Archive regions: 2->2
[2025-04-27T11:54:53.671+0000][68.224s][info ][gc,heap     ] GC(45) Humongous regions: 0->0
[2025-04-27T11:54:53.671+0000][68.224s][info ][gc,metaspace] GC(45) Metaspace: 124634K(125568K)->124634K(125568K) NonClass: 108733K(109248K)->108733K(109248K) Class: 15900K(16320K)->15900K(16320K)
[2025-04-27T11:54:53.672+0000][68.224s][info ][gc          ] GC(45) Pause Young (Normal) (G1 Evacuation Pause) 272M->110M(324M) 40.838ms
[2025-04-27T11:54:53.672+0000][68.224s][info ][gc,cpu      ] GC(45) User=0.11s Sys=0.00s Real=0.04s
[2025-04-27T11:54:53.672+0000][68.225s][info ][safepoint   ] Safepoint "G1CollectForAllocation", Time since last: 599553698 ns, Reaching safepoint: 57226 ns, Cleanup: 54978 ns, At safepoint: 41544468 ns, Total: 41656672 ns
[2025-04-27T11:54:54.672+0000][69.225s][debug][safepoint   ] Safepoint synchronization initiated using futex wait barrier. (49 threads)
[2025-04-27T11:54:54.673+0000][69.226s][info ][safepoint   ] Safepoint "Cleanup", Time since last: 1000243560 ns, Reaching safepoint: 829723 ns, Cleanup: 83944 ns, At safepoint: 18080 ns, Total: 931747 ns
[2025-04-27T11:54:55.481+0000][70.033s][debug][safepoint   ] Safepoint synchronization initiated using futex wait barrier. (50 threads)
[2025-04-27T11:54:55.481+0000][70.033s][info ][gc,start    ] GC(46) Pause Young (Normal) (G1 Evacuation Pause)
[2025-04-27T11:54:55.481+0000][70.033s][info ][gc,task     ] GC(46) Using 4 workers of 4 for evacuation
[2025-04-27T11:54:55.515+0000][70.067s][info ][gc,phases   ] GC(46)   Pre Evacuate Collection Set: 0.1ms
[2025-04-27T11:54:55.515+0000][70.067s][info ][gc,phases   ] GC(46)   Merge Heap Roots: 0.4ms
[2025-04-27T11:54:55.515+0000][70.067s][info ][gc,phases   ] GC(46)   Evacuate Collection Set: 30.9ms
[2025-04-27T11:54:55.515+0000][70.067s][info ][gc,phases   ] GC(46)   Post Evacuate Collection Set: 2.4ms
[2025-04-27T11:54:55.515+0000][70.067s][info ][gc,phases   ] GC(46)   Other: 0.1ms
[2025-04-27T11:54:55.515+0000][70.067s][info ][gc,heap     ] GC(46) Eden regions: 164->0(160)
[2025-04-27T11:54:55.515+0000][70.067s][info ][gc,heap     ] GC(46) Survivor regions: 14->14(23)
[2025-04-27T11:54:55.515+0000][70.067s][info ][gc,heap     ] GC(46) Old regions: 96->101
[2025-04-27T11:54:55.515+0000][70.067s][info ][gc,heap     ] GC(46) Archive regions: 2->2
[2025-04-27T11:54:55.515+0000][70.067s][info ][gc,heap     ] GC(46) Humongous regions: 1->0
[2025-04-27T11:54:55.515+0000][70.067s][info ][gc,metaspace] GC(46) Metaspace: 128501K(129536K)->128501K(129536K) NonClass: 112358K(112896K)->112358K(112896K) Class: 16142K(16640K)->16142K(16640K)
[2025-04-27T11:54:55.515+0000][70.067s][info ][gc          ] GC(46) Pause Young (Normal) (G1 Evacuation Pause) 275M->114M(324M) 34.145ms
[2025-04-27T11:54:55.515+0000][70.067s][info ][gc,cpu      ] GC(46) User=0.10s Sys=0.00s Real=0.03s
[2025-04-27T11:54:55.515+0000][70.068s][info ][safepoint   ] Safepoint "G1CollectForAllocation", Time since last: 807427439 ns, Reaching safepoint: 57621 ns, Cleanup: 40184 ns, At safepoint: 34356972 ns, Total: 34454777 ns
[2025-04-27T11:54:57.201+0000][71.754s][debug][safepoint   ] Safepoint synchronization initiated using futex wait barrier. (53 threads)
[2025-04-27T11:54:57.201+0000][71.754s][info ][gc,start    ] GC(47) Pause Young (Normal) (G1 Evacuation Pause)
[2025-04-27T11:54:57.201+0000][71.754s][info ][gc,task     ] GC(47) Using 4 workers of 4 for evacuation
[2025-04-27T11:54:57.232+0000][71.784s][info ][gc,phases   ] GC(47)   Pre Evacuate Collection Set: 0.1ms
[2025-04-27T11:54:57.232+0000][71.784s][info ][gc,phases   ] GC(47)   Merge Heap Roots: 0.2ms
[2025-04-27T11:54:57.232+0000][71.784s][info ][gc,phases   ] GC(47)   Evacuate Collection Set: 28.0ms
[2025-04-27T11:54:57.232+0000][71.784s][info ][gc,phases   ] GC(47)   Post Evacuate Collection Set: 2.1ms
[2025-04-27T11:54:57.232+0000][71.784s][info ][gc,phases   ] GC(47)   Other: 0.1ms
[2025-04-27T11:54:57.232+0000][71.784s][info ][gc,heap     ] GC(47) Eden regions: 160->0(159)
[2025-04-27T11:54:57.232+0000][71.784s][info ][gc,heap     ] GC(47) Survivor regions: 14->13(22)
[2025-04-27T11:54:57.232+0000][71.784s][info ][gc,heap     ] GC(47) Old regions: 101->104
[2025-04-27T11:54:57.232+0000][71.784s][info ][gc,heap     ] GC(47) Archive regions: 2->2
[2025-04-27T11:54:57.232+0000][71.784s][info ][gc,heap     ] GC(47) Humongous regions: 0->0
[2025-04-27T11:54:57.232+0000][71.784s][info ][gc,metaspace] GC(47) Metaspace: 131217K(132288K)->131217K(132288K) NonClass: 114723K(115264K)->114723K(115264K) Class: 16493K(17024K)->16493K(17024K)
[2025-04-27T11:54:57.232+0000][71.784s][info ][gc          ] GC(47) Pause Young (Normal) (G1 Evacuation Pause) 274M->117M(324M) 30.509ms
[2025-04-27T11:54:57.232+0000][71.784s][info ][gc,cpu      ] GC(47) User=0.10s Sys=0.00s Real=0.03s
[2025-04-27T11:54:57.232+0000][71.784s][info ][safepoint   ] Safepoint "G1CollectForAllocation", Time since last: 1685998975 ns, Reaching safepoint: 96504 ns, Cleanup: 104450 ns, At safepoint: 30726960 ns, Total: 30927914 ns
[2025-04-27T11:54:57.671+0000][72.223s][debug][safepoint   ] Safepoint synchronization initiated using futex wait barrier. (53 threads)
[2025-04-27T11:54:57.671+0000][72.223s][info ][gc,start    ] GC(48) Pause Young (Concurrent Start) (Metadata GC Threshold)
[2025-04-27T11:54:57.671+0000][72.224s][info ][gc,task     ] GC(48) Using 4 workers of 4 for evacuation
[2025-04-27T11:54:57.694+0000][72.247s][info ][gc,phases   ] GC(48)   Pre Evacuate Collection Set: 0.2ms
[2025-04-27T11:54:57.694+0000][72.247s][info ][gc,phases   ] GC(48)   Merge Heap Roots: 0.1ms
[2025-04-27T11:54:57.694+0000][72.247s][info ][gc,phases   ] GC(48)   Evacuate Collection Set: 20.0ms
[2025-04-27T11:54:57.694+0000][72.247s][info ][gc,phases   ] GC(48)   Post Evacuate Collection Set: 2.6ms
[2025-04-27T11:54:57.694+0000][72.247s][info ][gc,phases   ] GC(48)   Other: 0.1ms
[2025-04-27T11:54:57.694+0000][72.247s][info ][gc,heap     ] GC(48) Eden regions: 82->0(160)
[2025-04-27T11:54:57.694+0000][72.247s][info ][gc,heap     ] GC(48) Survivor regions: 13->8(22)
[2025-04-27T11:54:57.694+0000][72.247s][info ][gc,heap     ] GC(48) Old regions: 104->110
[2025-04-27T11:54:57.694+0000][72.247s][info ][gc,heap     ] GC(48) Archive regions: 2->2
[2025-04-27T11:54:57.694+0000][72.247s][info ][gc,heap     ] GC(48) Humongous regions: 0->0
[2025-04-27T11:54:57.694+0000][72.247s][info ][gc,metaspace] GC(48) Metaspace: 132989K(134016K)->132989K(134016K) NonClass: 116264K(116800K)->116264K(116800K) Class: 16725K(17216K)->16725K(17216K)
[2025-04-27T11:54:57.694+0000][72.247s][info ][gc          ] GC(48) Pause Young (Concurrent Start) (Metadata GC Threshold) 199M->118M(324M) 23.196ms
[2025-04-27T11:54:57.694+0000][72.247s][info ][gc,cpu      ] GC(48) User=0.07s Sys=0.00s Real=0.02s
[2025-04-27T11:54:57.695+0000][72.247s][info ][gc          ] GC(49) Concurrent Mark Cycle
[2025-04-27T11:54:57.695+0000][72.247s][info ][gc,marking  ] GC(49) Concurrent Clear Claimed Marks
[2025-04-27T11:54:57.695+0000][72.247s][info ][gc,marking  ] GC(49) Concurrent Clear Claimed Marks 0.115ms
[2025-04-27T11:54:57.695+0000][72.247s][info ][gc,marking  ] GC(49) Concurrent Scan Root Regions
[2025-04-27T11:54:57.696+0000][72.248s][info ][safepoint   ] Safepoint "CollectForMetadataAllocation", Time since last: 438951711 ns, Reaching safepoint: 35621 ns, Cleanup: 7699 ns, At safepoint: 24339866 ns, Total: 24383186 ns
[2025-04-27T11:54:57.714+0000][72.267s][info ][gc,marking  ] GC(49) Concurrent Scan Root Regions 19.779ms
[2025-04-27T11:54:57.715+0000][72.267s][info ][gc,marking  ] GC(49) Concurrent Mark
[2025-04-27T11:54:57.715+0000][72.267s][info ][gc,marking  ] GC(49) Concurrent Mark From Roots
[2025-04-27T11:54:57.715+0000][72.267s][info ][gc,task     ] GC(49) Using 1 workers of 1 for marking
[2025-04-27T11:54:57.746+0000][72.299s][debug][safepoint   ] Safepoint synchronization initiated using futex wait barrier. (53 threads)
[2025-04-27T11:54:57.747+0000][72.299s][info ][safepoint   ] Safepoint "CollectForMetadataAllocation", Time since last: 50986507 ns, Reaching safepoint: 40552 ns, Cleanup: 4945 ns, At safepoint: 30159 ns, Total: 75656 ns
[2025-04-27T11:54:57.780+0000][72.332s][debug][safepoint   ] Safepoint synchronization initiated using futex wait barrier. (53 threads)
[2025-04-27T11:54:57.780+0000][72.332s][info ][safepoint   ] Safepoint "CollectForMetadataAllocation", Time since last: 33011360 ns, Reaching safepoint: 67884 ns, Cleanup: 2550 ns, At safepoint: 44499 ns, Total: 114933 ns
[2025-04-27T11:54:57.836+0000][72.389s][debug][safepoint   ] Safepoint synchronization initiated using futex wait barrier. (53 threads)
[2025-04-27T11:54:57.837+0000][72.389s][info ][safepoint   ] Safepoint "CollectForMetadataAllocation", Time since last: 56748750 ns, Reaching safepoint: 90085 ns, Cleanup: 3053 ns, At safepoint: 27086 ns, Total: 120224 ns
[2025-04-27T11:54:57.933+0000][72.485s][debug][safepoint   ] Safepoint synchronization initiated using futex wait barrier. (54 threads)
[2025-04-27T11:54:57.933+0000][72.485s][info ][safepoint   ] Safepoint "CollectForMetadataAllocation", Time since last: 96073188 ns, Reaching safepoint: 91256 ns, Cleanup: 16557 ns, At safepoint: 36688 ns, Total: 144501 ns
[2025-04-27T11:54:57.940+0000][72.492s][info ][gc,marking  ] GC(49) Concurrent Mark From Roots 225.579ms
[2025-04-27T11:54:57.940+0000][72.492s][info ][gc,marking  ] GC(49) Concurrent Preclean
[2025-04-27T11:54:57.941+0000][72.493s][info ][gc,marking  ] GC(49) Concurrent Preclean 0.383ms
[2025-04-27T11:54:57.941+0000][72.493s][debug][safepoint   ] Safepoint synchronization initiated using futex wait barrier. (54 threads)
[2025-04-27T11:54:57.941+0000][72.493s][info ][gc,start    ] GC(49) Pause Remark
[2025-04-27T11:54:57.951+0000][72.503s][info ][gc          ] GC(49) Pause Remark 167M->167M(324M) 10.233ms
[2025-04-27T11:54:57.951+0000][72.503s][info ][gc,cpu      ] GC(49) User=0.03s Sys=0.00s Real=0.01s
[2025-04-27T11:54:57.951+0000][72.503s][info ][safepoint   ] Safepoint "G1PauseRemark", Time since last: 7820391 ns, Reaching safepoint: 19821 ns, Cleanup: 3366 ns, At safepoint: 10390414 ns, Total: 10413601 ns
[2025-04-27T11:54:57.951+0000][72.503s][info ][gc,marking  ] GC(49) Concurrent Mark 236.518ms
[2025-04-27T11:54:57.951+0000][72.503s][info ][gc,marking  ] GC(49) Concurrent Rebuild Remembered Sets
[2025-04-27T11:54:58.131+0000][72.683s][info ][gc,marking  ] GC(49) Concurrent Rebuild Remembered Sets 179.715ms
[2025-04-27T11:54:58.131+0000][72.683s][debug][safepoint   ] Safepoint synchronization initiated using futex wait barrier. (54 threads)
[2025-04-27T11:54:58.131+0000][72.683s][info ][gc,start    ] GC(49) Pause Cleanup
[2025-04-27T11:54:58.131+0000][72.683s][info ][gc          ] GC(49) Pause Cleanup 185M->185M(324M) 0.179ms
[2025-04-27T11:54:58.131+0000][72.683s][info ][gc,cpu      ] GC(49) User=0.00s Sys=0.00s Real=0.00s
[2025-04-27T11:54:58.131+0000][72.683s][info ][safepoint   ] Safepoint "G1PauseCleanup", Time since last: 179838763 ns, Reaching safepoint: 23969 ns, Cleanup: 19451 ns, At safepoint: 230698 ns, Total: 274118 ns
[2025-04-27T11:54:58.131+0000][72.683s][info ][gc,marking  ] GC(49) Concurrent Cleanup for Next Mark
[2025-04-27T11:54:58.132+0000][72.684s][info ][gc,marking  ] GC(49) Concurrent Cleanup for Next Mark 0.812ms
[2025-04-27T11:54:58.132+0000][72.684s][info ][gc          ] GC(49) Concurrent Mark Cycle 437.479ms
[2025-04-27T11:54:59.035+0000][73.588s][debug][safepoint   ] Safepoint synchronization initiated using futex wait barrier. (54 threads)
[2025-04-27T11:54:59.035+0000][73.588s][info ][gc,start    ] GC(50) Pause Young (Prepare Mixed) (G1 Evacuation Pause)
[2025-04-27T11:54:59.036+0000][73.588s][info ][gc,task     ] GC(50) Using 4 workers of 4 for evacuation
[2025-04-27T11:54:59.068+0000][73.620s][info ][gc,phases   ] GC(50)   Pre Evacuate Collection Set: 0.2ms
[2025-04-27T11:54:59.068+0000][73.620s][info ][gc,phases   ] GC(50)   Merge Heap Roots: 0.6ms
[2025-04-27T11:54:59.068+0000][73.620s][info ][gc,phases   ] GC(50)   Evacuate Collection Set: 27.7ms
[2025-04-27T11:54:59.068+0000][73.620s][info ][gc,phases   ] GC(50)   Post Evacuate Collection Set: 3.8ms
[2025-04-27T11:54:59.068+0000][73.620s][info ][gc,phases   ] GC(50)   Other: 0.2ms
[2025-04-27T11:54:59.068+0000][73.620s][info ][gc,heap     ] GC(50) Eden regions: 160->0(4)
[2025-04-27T11:54:59.068+0000][73.620s][info ][gc,heap     ] GC(50) Survivor regions: 8->12(21)
[2025-04-27T11:54:59.068+0000][73.620s][info ][gc,heap     ] GC(50) Old regions: 110->110
[2025-04-27T11:54:59.068+0000][73.620s][info ][gc,heap     ] GC(50) Archive regions: 2->2
[2025-04-27T11:54:59.068+0000][73.620s][info ][gc,heap     ] GC(50) Humongous regions: 0->0
[2025-04-27T11:54:59.068+0000][73.620s][info ][gc,metaspace] GC(50) Metaspace: 136138K(137216K)->136138K(137216K) NonClass: 119119K(119680K)->119119K(119680K) Class: 17018K(17536K)->17018K(17536K)
[2025-04-27T11:54:59.068+0000][73.620s][info ][gc          ] GC(50) Pause Young (Prepare Mixed) (G1 Evacuation Pause) 278M->121M(324M) 32.506ms
[2025-04-27T11:54:59.068+0000][73.620s][info ][gc,cpu      ] GC(50) User=0.08s Sys=0.00s Real=0.04s
[2025-04-27T11:54:59.071+0000][73.623s][info ][safepoint   ] Safepoint "G1CollectForAllocation", Time since last: 904205881 ns, Reaching safepoint: 64311 ns, Cleanup: 73225 ns, At safepoint: 35590651 ns, Total: 35728187 ns
[2025-04-27T11:54:59.111+0000][73.663s][debug][safepoint   ] Safepoint synchronization initiated using futex wait barrier. (54 threads)
[2025-04-27T11:54:59.111+0000][73.663s][info ][gc,start    ] GC(51) Pause Young (Mixed) (G1 Evacuation Pause)
[2025-04-27T11:54:59.111+0000][73.663s][info ][gc,task     ] GC(51) Using 4 workers of 4 for evacuation
[2025-04-27T11:54:59.156+0000][73.708s][info ][gc,phases   ] GC(51)   Pre Evacuate Collection Set: 0.2ms
[2025-04-27T11:54:59.156+0000][73.708s][info ][gc,phases   ] GC(51)   Merge Heap Roots: 0.4ms
[2025-04-27T11:54:59.156+0000][73.708s][info ][gc,phases   ] GC(51)   Evacuate Collection Set: 39.0ms
[2025-04-27T11:54:59.156+0000][73.708s][info ][gc,phases   ] GC(51)   Post Evacuate Collection Set: 5.4ms
[2025-04-27T11:54:59.156+0000][73.708s][info ][gc,phases   ] GC(51)   Other: 0.1ms
[2025-04-27T11:54:59.156+0000][73.708s][info ][gc,heap     ] GC(51) Eden regions: 4->0(156)
[2025-04-27T11:54:59.156+0000][73.708s][info ][gc,heap     ] GC(51) Survivor regions: 12->2(2)
[2025-04-27T11:54:59.156+0000][73.708s][info ][gc,heap     ] GC(51) Old regions: 110->119
[2025-04-27T11:54:59.156+0000][73.708s][info ][gc,heap     ] GC(51) Archive regions: 2->2
[2025-04-27T11:54:59.156+0000][73.708s][info ][gc,heap     ] GC(51) Humongous regions: 0->0
[2025-04-27T11:54:59.156+0000][73.708s][info ][gc,metaspace] GC(51) Metaspace: 136215K(137280K)->136215K(137280K) NonClass: 119194K(119744K)->119194K(119744K) Class: 17020K(17536K)->17020K(17536K)
[2025-04-27T11:54:59.156+0000][73.708s][info ][gc          ] GC(51) Pause Young (Mixed) (G1 Evacuation Pause) 125M->121M(324M) 45.162ms
[2025-04-27T11:54:59.156+0000][73.708s][info ][gc,cpu      ] GC(51) User=0.12s Sys=0.00s Real=0.04s
[2025-04-27T11:54:59.158+0000][73.710s][info ][safepoint   ] Safepoint "G1CollectForAllocation", Time since last: 39688829 ns, Reaching safepoint: 49989 ns, Cleanup: 18588 ns, At safepoint: 47131077 ns, Total: 47199654 ns
[2025-04-27T11:55:00.649+0000][75.202s][debug][safepoint   ] Safepoint synchronization initiated using futex wait barrier. (58 threads)
[2025-04-27T11:55:00.650+0000][75.202s][info ][safepoint   ] Safepoint "Cleanup", Time since last: 1491255918 ns, Reaching safepoint: 747617 ns, Cleanup: 146999 ns, At safepoint: 26974 ns, Total: 921590 ns
[2025-04-27T11:55:00.825+0000][75.377s][debug][safepoint   ] Safepoint synchronization initiated using futex wait barrier. (58 threads)
[2025-04-27T11:55:00.825+0000][75.377s][info ][gc,start    ] GC(52) Pause Young (Concurrent Start) (G1 Evacuation Pause)
[2025-04-27T11:55:00.825+0000][75.377s][info ][gc,task     ] GC(52) Using 4 workers of 4 for evacuation
[2025-04-27T11:55:00.842+0000][75.395s][info ][gc,phases   ] GC(52)   Pre Evacuate Collection Set: 0.3ms
[2025-04-27T11:55:00.842+0000][75.395s][info ][gc,phases   ] GC(52)   Merge Heap Roots: 0.1ms
[2025-04-27T11:55:00.842+0000][75.395s][info ][gc,phases   ] GC(52)   Evacuate Collection Set: 14.4ms
[2025-04-27T11:55:00.842+0000][75.395s][info ][gc,phases   ] GC(52)   Post Evacuate Collection Set: 2.7ms
[2025-04-27T11:55:00.842+0000][75.395s][info ][gc,phases   ] GC(52)   Other: 0.2ms
[2025-04-27T11:55:00.842+0000][75.395s][info ][gc,heap     ] GC(52) Eden regions: 156->0(151)
[2025-04-27T11:55:00.842+0000][75.395s][info ][gc,heap     ] GC(52) Survivor regions: 2->6(20)
[2025-04-27T11:55:00.842+0000][75.395s][info ][gc,heap     ] GC(52) Old regions: 119->119
[2025-04-27T11:55:00.842+0000][75.395s][info ][gc,heap     ] GC(52) Archive regions: 2->2
[2025-04-27T11:55:00.843+0000][75.395s][info ][gc,heap     ] GC(52) Humongous regions: 0->0
[2025-04-27T11:55:00.843+0000][75.395s][info ][gc,metaspace] GC(52) Metaspace: 139173K(140224K)->139173K(140224K) NonClass: 121956K(122496K)->121956K(122496K) Class: 17217K(17728K)->17217K(17728K)
[2025-04-27T11:55:00.843+0000][75.395s][info ][gc          ] GC(52) Pause Young (Concurrent Start) (G1 Evacuation Pause) 277M->125M(324M) 17.777ms
[2025-04-27T11:55:00.843+0000][75.395s][info ][gc,cpu      ] GC(52) User=0.06s Sys=0.00s Real=0.02s
[2025-04-27T11:55:00.843+0000][75.395s][info ][gc          ] GC(53) Concurrent Mark Cycle
[2025-04-27T11:55:00.843+0000][75.395s][info ][gc,marking  ] GC(53) Concurrent Clear Claimed Marks
[2025-04-27T11:55:00.843+0000][75.395s][info ][safepoint   ] Safepoint "G1CollectForAllocation", Time since last: 174455578 ns, Reaching safepoint: 66268 ns, Cleanup: 43188 ns, At safepoint: 18120724 ns, Total: 18230180 ns
[2025-04-27T11:55:00.843+0000][75.395s][info ][gc,marking  ] GC(53) Concurrent Clear Claimed Marks 0.122ms
[2025-04-27T11:55:00.843+0000][75.395s][info ][gc,marking  ] GC(53) Concurrent Scan Root Regions
[2025-04-27T11:55:00.865+0000][75.417s][info ][gc,marking  ] GC(53) Concurrent Scan Root Regions 22.278ms
[2025-04-27T11:55:00.865+0000][75.417s][info ][gc,marking  ] GC(53) Concurrent Mark
[2025-04-27T11:55:00.865+0000][75.417s][info ][gc,marking  ] GC(53) Concurrent Mark From Roots
[2025-04-27T11:55:00.865+0000][75.417s][info ][gc,task     ] GC(53) Using 1 workers of 1 for marking
[2025-04-27T11:55:01.304+0000][75.857s][info ][gc,marking  ] GC(53) Concurrent Mark From Roots 439.188ms
[2025-04-27T11:55:01.304+0000][75.857s][info ][gc,marking  ] GC(53) Concurrent Preclean
[2025-04-27T11:55:01.305+0000][75.857s][info ][gc,marking  ] GC(53) Concurrent Preclean 0.339ms
[2025-04-27T11:55:01.305+0000][75.857s][debug][safepoint   ] Safepoint synchronization initiated using futex wait barrier. (58 threads)
[2025-04-27T11:55:01.305+0000][75.858s][info ][gc,start    ] GC(53) Pause Remark
[2025-04-27T11:55:01.320+0000][75.872s][info ][gc          ] GC(53) Pause Remark 183M->183M(324M) 14.515ms
[2025-04-27T11:55:01.320+0000][75.872s][info ][gc,cpu      ] GC(53) User=0.04s Sys=0.00s Real=0.02s
[2025-04-27T11:55:01.320+0000][75.872s][info ][safepoint   ] Safepoint "G1PauseRemark", Time since last: 461965557 ns, Reaching safepoint: 504045 ns, Cleanup: 26638 ns, At safepoint: 14633761 ns, Total: 15164444 ns
[2025-04-27T11:55:01.320+0000][75.873s][info ][gc,marking  ] GC(53) Concurrent Mark 455.323ms
[2025-04-27T11:55:01.321+0000][75.873s][info ][gc,marking  ] GC(53) Concurrent Rebuild Remembered Sets
[2025-04-27T11:55:01.536+0000][76.088s][info ][gc,marking  ] GC(53) Concurrent Rebuild Remembered Sets 215.120ms
[2025-04-27T11:55:01.536+0000][76.088s][debug][safepoint   ] Safepoint synchronization initiated using futex wait barrier. (58 threads)
[2025-04-27T11:55:01.536+0000][76.088s][info ][gc,start    ] GC(53) Pause Cleanup
[2025-04-27T11:55:01.536+0000][76.088s][info ][gc          ] GC(53) Pause Cleanup 218M->218M(324M) 0.158ms
[2025-04-27T11:55:01.536+0000][76.088s][info ][gc,cpu      ] GC(53) User=0.00s Sys=0.00s Real=0.00s
[2025-04-27T11:55:01.536+0000][76.088s][info ][safepoint   ] Safepoint "G1PauseCleanup", Time since last: 215765019 ns, Reaching safepoint: 121672 ns, Cleanup: 14147 ns, At safepoint: 202902 ns, Total: 338721 ns
[2025-04-27T11:55:01.536+0000][76.089s][info ][gc,marking  ] GC(53) Concurrent Cleanup for Next Mark
[2025-04-27T11:55:01.537+0000][76.089s][info ][gc,marking  ] GC(53) Concurrent Cleanup for Next Mark 0.717ms
[2025-04-27T11:55:01.537+0000][76.089s][info ][gc          ] GC(53) Concurrent Mark Cycle 694.427ms
[2025-04-27T11:55:01.977+0000][76.530s][debug][safepoint   ] Safepoint synchronization initiated using futex wait barrier. (58 threads)
[2025-04-27T11:55:01.977+0000][76.530s][info ][gc,start    ] GC(54) Pause Young (Prepare Mixed) (G1 Evacuation Pause)
[2025-04-27T11:55:01.977+0000][76.530s][info ][gc,task     ] GC(54) Using 4 workers of 4 for evacuation
[2025-04-27T11:55:02.008+0000][76.560s][info ][gc,phases   ] GC(54)   Pre Evacuate Collection Set: 0.1ms
[2025-04-27T11:55:02.008+0000][76.561s][info ][gc,phases   ] GC(54)   Merge Heap Roots: 0.4ms
[2025-04-27T11:55:02.008+0000][76.561s][info ][gc,phases   ] GC(54)   Evacuate Collection Set: 25.2ms
[2025-04-27T11:55:02.008+0000][76.561s][info ][gc,phases   ] GC(54)   Post Evacuate Collection Set: 4.8ms
[2025-04-27T11:55:02.008+0000][76.561s][info ][gc,phases   ] GC(54)   Other: 0.1ms
[2025-04-27T11:55:02.008+0000][76.561s][info ][gc,heap     ] GC(54) Eden regions: 151->0(4)
[2025-04-27T11:55:02.008+0000][76.561s][info ][gc,heap     ] GC(54) Survivor regions: 6->12(20)
[2025-04-27T11:55:02.008+0000][76.561s][info ][gc,heap     ] GC(54) Old regions: 119->119
[2025-04-27T11:55:02.008+0000][76.561s][info ][gc,heap     ] GC(54) Archive regions: 2->2
[2025-04-27T11:55:02.008+0000][76.561s][info ][gc,heap     ] GC(54) Humongous regions: 0->0
[2025-04-27T11:55:02.008+0000][76.561s][info ][gc,metaspace] GC(54) Metaspace: 141844K(142912K)->141844K(142912K) NonClass: 124523K(125056K)->124523K(125056K) Class: 17321K(17856K)->17321K(17856K)
[2025-04-27T11:55:02.008+0000][76.561s][info ][gc          ] GC(54) Pause Young (Prepare Mixed) (G1 Evacuation Pause) 276M->130M(324M) 30.870ms
[2025-04-27T11:55:02.008+0000][76.561s][info ][gc,cpu      ] GC(54) User=0.08s Sys=0.00s Real=0.03s
[2025-04-27T11:55:02.010+0000][76.562s][info ][safepoint   ] Safepoint "G1CollectForAllocation", Time since last: 441319526 ns, Reaching safepoint: 56582 ns, Cleanup: 36934 ns, At safepoint: 32609586 ns, Total: 32703102 ns
[2025-04-27T11:55:02.079+0000][76.631s][debug][safepoint   ] Safepoint synchronization initiated using futex wait barrier. (58 threads)
[2025-04-27T11:55:02.079+0000][76.631s][info ][gc,start    ] GC(55) Pause Young (Mixed) (G1 Evacuation Pause)
[2025-04-27T11:55:02.079+0000][76.631s][info ][gc,task     ] GC(55) Using 4 workers of 4 for evacuation
[2025-04-27T11:55:02.114+0000][76.666s][info ][gc,phases   ] GC(55)   Pre Evacuate Collection Set: 0.1ms
[2025-04-27T11:55:02.114+0000][76.666s][info ][gc,phases   ] GC(55)   Merge Heap Roots: 0.4ms
[2025-04-27T11:55:02.114+0000][76.666s][info ][gc,phases   ] GC(55)   Evacuate Collection Set: 32.4ms
[2025-04-27T11:55:02.114+0000][76.666s][info ][gc,phases   ] GC(55)   Post Evacuate Collection Set: 1.8ms
[2025-04-27T11:55:02.114+0000][76.666s][info ][gc,phases   ] GC(55)   Other: 0.1ms
[2025-04-27T11:55:02.114+0000][76.666s][info ][gc,heap     ] GC(55) Eden regions: 4->0(145)
[2025-04-27T11:55:02.114+0000][76.666s][info ][gc,heap     ] GC(55) Survivor regions: 12->2(2)
[2025-04-27T11:55:02.114+0000][76.666s][info ][gc,heap     ] GC(55) Old regions: 119->128
[2025-04-27T11:55:02.114+0000][76.666s][info ][gc,heap     ] GC(55) Archive regions: 2->2
[2025-04-27T11:55:02.114+0000][76.666s][info ][gc,heap     ] GC(55) Humongous regions: 0->0
[2025-04-27T11:55:02.114+0000][76.666s][info ][gc,metaspace] GC(55) Metaspace: 142473K(143552K)->142473K(143552K) NonClass: 125087K(125632K)->125087K(125632K) Class: 17386K(17920K)->17386K(17920K)
[2025-04-27T11:55:02.114+0000][76.666s][info ][gc          ] GC(55) Pause Young (Mixed) (G1 Evacuation Pause) 134M->129M(324M) 34.977ms
[2025-04-27T11:55:02.114+0000][76.666s][info ][gc,cpu      ] GC(55) User=0.10s Sys=0.00s Real=0.03s
[2025-04-27T11:55:02.114+0000][76.666s][info ][safepoint   ] Safepoint "G1CollectForAllocation", Time since last: 68745023 ns, Reaching safepoint: 49954 ns, Cleanup: 5170 ns, At safepoint: 35102863 ns, Total: 35157987 ns
[2025-04-27T11:55:03.184+0000][77.736s][info ][cds,heap    ] initialize_from_archived_subgraph jdk.internal.math.FDBigInteger 0x00007a33c314dd00
[2025-04-27T11:55:03.224+0000][77.777s][debug][safepoint   ] Safepoint synchronization initiated using futex wait barrier. (64 threads)
[2025-04-27T11:55:03.226+0000][77.779s][info ][safepoint   ] Safepoint "Cleanup", Time since last: 1110443696 ns, Reaching safepoint: 1857881 ns, Cleanup: 42298 ns, At safepoint: 21408 ns, Total: 1921587 ns
[2025-04-27T11:55:03.790+0000][78.342s][debug][safepoint   ] Safepoint synchronization initiated using futex wait barrier. (64 threads)
[2025-04-27T11:55:03.790+0000][78.342s][info ][gc,start    ] GC(56) Pause Young (Normal) (G1 Evacuation Pause)
[2025-04-27T11:55:03.790+0000][78.342s][info ][gc,task     ] GC(56) Using 4 workers of 4 for evacuation
[2025-04-27T11:55:03.805+0000][78.357s][info ][gc,phases   ] GC(56)   Pre Evacuate Collection Set: 0.1ms
[2025-04-27T11:55:03.805+0000][78.357s][info ][gc,phases   ] GC(56)   Merge Heap Roots: 0.1ms
[2025-04-27T11:55:03.805+0000][78.357s][info ][gc,phases   ] GC(56)   Evacuate Collection Set: 6.5ms
[2025-04-27T11:55:03.805+0000][78.357s][info ][gc,phases   ] GC(56)   Post Evacuate Collection Set: 8.0ms
[2025-04-27T11:55:03.805+0000][78.357s][info ][gc,phases   ] GC(56)   Other: 0.1ms
[2025-04-27T11:55:03.805+0000][78.357s][info ][gc,heap     ] GC(56) Eden regions: 145->0(503)
[2025-04-27T11:55:03.805+0000][78.357s][info ][gc,heap     ] GC(56) Survivor regions: 2->4(19)
[2025-04-27T11:55:03.805+0000][78.357s][info ][gc,heap     ] GC(56) Old regions: 128->128
[2025-04-27T11:55:03.805+0000][78.357s][info ][gc,heap     ] GC(56) Archive regions: 2->2
[2025-04-27T11:55:03.805+0000][78.357s][info ][gc,heap     ] GC(56) Humongous regions: 0->0
[2025-04-27T11:55:03.805+0000][78.357s][info ][gc,metaspace] GC(56) Metaspace: 148277K(149312K)->148277K(149312K) NonClass: 130211K(130752K)->130211K(130752K) Class: 18066K(18560K)->18066K(18560K)
[2025-04-27T11:55:03.805+0000][78.357s][info ][gc          ] GC(56) Pause Young (Normal) (G1 Evacuation Pause) 274M->131M(846M) 14.871ms
[2025-04-27T11:55:03.805+0000][78.357s][info ][gc,cpu      ] GC(56) User=0.03s Sys=0.01s Real=0.01s
[2025-04-27T11:55:03.805+0000][78.357s][info ][safepoint   ] Safepoint "G1CollectForAllocation", Time since last: 563565138 ns, Reaching safepoint: 39585 ns, Cleanup: 89007 ns, At safepoint: 14933812 ns, Total: 15062404 ns
[2025-04-27T11:55:05.384+0000][79.936s][debug][safepoint   ] Safepoint synchronization initiated using futex wait barrier. (79 threads)
[2025-04-27T11:55:05.384+0000][79.937s][info ][safepoint   ] Safepoint "Cleanup", Time since last: 1578561007 ns, Reaching safepoint: 644656 ns, Cleanup: 87671 ns, At safepoint: 23921 ns, Total: 756248 ns
[2025-04-27T11:55:06.736+0000][81.289s][debug][safepoint   ] Safepoint synchronization initiated using futex wait barrier. (79 threads)
[2025-04-27T11:55:06.737+0000][81.289s][debug][safepoint   ] ... found polling page loop exception at pc = 0x00007a342d97576b, stub =0x00007a342c98e400
[2025-04-27T11:55:06.737+0000][81.289s][info ][safepoint   ] Safepoint "Cleanup", Time since last: 1352159166 ns, Reaching safepoint: 403939 ns, Cleanup: 141277 ns, At safepoint: 27822 ns, Total: 573038 ns
[2025-04-27T11:55:08.454+0000][83.006s][debug][safepoint   ] Safepoint synchronization initiated using futex wait barrier. (78 threads)
[2025-04-27T11:55:08.454+0000][83.007s][info ][safepoint   ] Safepoint "Cleanup", Time since last: 1717115122 ns, Reaching safepoint: 73333 ns, Cleanup: 93751 ns, At safepoint: 8074 ns, Total: 175158 ns
[2025-04-27T11:55:08.757+0000][83.310s][debug][safepoint   ] Safepoint synchronization initiated using futex wait barrier. (78 threads)
[2025-04-27T11:55:08.758+0000][83.310s][info ][gc,start    ] GC(57) Pause Young (Normal) (G1 Evacuation Pause)
[2025-04-27T11:55:08.758+0000][83.310s][info ][gc,task     ] GC(57) Using 4 workers of 4 for evacuation
[2025-04-27T11:55:08.794+0000][83.346s][info ][gc,phases   ] GC(57)   Pre Evacuate Collection Set: 1.2ms
[2025-04-27T11:55:08.794+0000][83.346s][info ][gc,phases   ] GC(57)   Merge Heap Roots: 0.6ms
[2025-04-27T11:55:08.794+0000][83.346s][info ][gc,phases   ] GC(57)   Evacuate Collection Set: 30.5ms
[2025-04-27T11:55:08.794+0000][83.346s][info ][gc,phases   ] GC(57)   Post Evacuate Collection Set: 3.2ms
[2025-04-27T11:55:08.794+0000][83.346s][info ][gc,phases   ] GC(57)   Other: 0.8ms
[2025-04-27T11:55:08.794+0000][83.346s][info ][gc,heap     ] GC(57) Eden regions: 503->0(491)
[2025-04-27T11:55:08.794+0000][83.347s][info ][gc,heap     ] GC(57) Survivor regions: 4->16(64)
[2025-04-27T11:55:08.794+0000][83.347s][info ][gc,heap     ] GC(57) Old regions: 128->128
[2025-04-27T11:55:08.794+0000][83.347s][info ][gc,heap     ] GC(57) Archive regions: 2->2
[2025-04-27T11:55:08.794+0000][83.347s][info ][gc,heap     ] GC(57) Humongous regions: 0->0
[2025-04-27T11:55:08.794+0000][83.347s][info ][gc,metaspace] GC(57) Metaspace: 155648K(156736K)->155648K(156736K) NonClass: 136576K(137152K)->136576K(137152K) Class: 19072K(19584K)->19072K(19584K)
[2025-04-27T11:55:08.794+0000][83.347s][info ][gc          ] GC(57) Pause Young (Normal) (G1 Evacuation Pause) 634M->143M(846M) 36.308ms
[2025-04-27T11:55:08.794+0000][83.347s][info ][gc,cpu      ] GC(57) User=0.10s Sys=0.01s Real=0.03s
[2025-04-27T11:55:08.794+0000][83.347s][info ][safepoint   ] Safepoint "G1CollectForAllocation", Time since last: 303144298 ns, Reaching safepoint: 380911 ns, Cleanup: 56700 ns, At safepoint: 36443403 ns, Total: 36881014 ns
[2025-04-27T11:55:10.501+0000][85.054s][debug][safepoint   ] Safepoint synchronization initiated using futex wait barrier. (83 threads)
[2025-04-27T11:55:10.502+0000][85.054s][info ][safepoint   ] Safepoint "Cleanup", Time since last: 1707063244 ns, Reaching safepoint: 108152 ns, Cleanup: 89979 ns, At safepoint: 4593 ns, Total: 202724 ns
[2025-04-27T11:55:11.581+0000][86.133s][debug][safepoint   ] Safepoint synchronization initiated using futex wait barrier. (115 threads)
[2025-04-27T11:55:11.581+0000][86.133s][info ][safepoint   ] Safepoint "ICBufferFull", Time since last: 1079209651 ns, Reaching safepoint: 47663 ns, Cleanup: 101033 ns, At safepoint: 4860 ns, Total: 153556 ns
[2025-04-27T11:55:12.071+0000][86.624s][debug][safepoint   ] Safepoint synchronization initiated using futex wait barrier. (117 threads)
[2025-04-27T11:55:12.072+0000][86.624s][info ][gc,start    ] GC(58) Pause Young (Normal) (G1 Evacuation Pause)
[2025-04-27T11:55:12.072+0000][86.624s][info ][gc,task     ] GC(58) Using 4 workers of 4 for evacuation
[2025-04-27T11:55:12.128+0000][86.680s][info ][gc,phases   ] GC(58)   Pre Evacuate Collection Set: 0.2ms
[2025-04-27T11:55:12.128+0000][86.680s][info ][gc,phases   ] GC(58)   Merge Heap Roots: 0.2ms
[2025-04-27T11:55:12.128+0000][86.680s][info ][gc,phases   ] GC(58)   Evacuate Collection Set: 48.6ms
[2025-04-27T11:55:12.128+0000][86.680s][info ][gc,phases   ] GC(58)   Post Evacuate Collection Set: 6.8ms
[2025-04-27T11:55:12.128+0000][86.680s][info ][gc,phases   ] GC(58)   Other: 0.2ms
[2025-04-27T11:55:12.128+0000][86.680s][info ][gc,heap     ] GC(58) Eden regions: 491->0(479)
[2025-04-27T11:55:12.128+0000][86.680s][info ][gc,heap     ] GC(58) Survivor regions: 16->28(64)
[2025-04-27T11:55:12.128+0000][86.680s][info ][gc,heap     ] GC(58) Old regions: 128->128
[2025-04-27T11:55:12.128+0000][86.680s][info ][gc,heap     ] GC(58) Archive regions: 2->2
[2025-04-27T11:55:12.128+0000][86.680s][info ][gc,heap     ] GC(58) Humongous regions: 0->0
[2025-04-27T11:55:12.128+0000][86.680s][info ][gc,metaspace] GC(58) Metaspace: 163131K(164288K)->163131K(164288K) NonClass: 143018K(143616K)->143018K(143616K) Class: 20113K(20672K)->20113K(20672K)
[2025-04-27T11:55:12.128+0000][86.680s][info ][gc          ] GC(58) Pause Young (Normal) (G1 Evacuation Pause) 634M->156M(846M) 56.137ms
[2025-04-27T11:55:12.128+0000][86.680s][info ][gc,cpu      ] GC(58) User=0.14s Sys=0.01s Real=0.06s
[2025-04-27T11:55:12.128+0000][86.680s][info ][safepoint   ] Safepoint "G1CollectForAllocation", Time since last: 490525608 ns, Reaching safepoint: 50606 ns, Cleanup: 72521 ns, At safepoint: 56346865 ns, Total: 56469992 ns
[2025-04-27T11:55:13.125+0000][87.677s][debug][safepoint   ] Safepoint synchronization initiated using futex wait barrier. (194 threads)
[2025-04-27T11:55:13.126+0000][87.678s][info ][safepoint   ] Safepoint "ICBufferFull", Time since last: 997167476 ns, Reaching safepoint: 189125 ns, Cleanup: 195082 ns, At safepoint: 651162 ns, Total: 1035369 ns
[2025-04-27T11:55:13.880+0000][88.433s][debug][safepoint   ] Safepoint synchronization initiated using futex wait barrier. (196 threads)
[2025-04-27T11:55:13.881+0000][88.434s][info ][safepoint   ] Safepoint "ICBufferFull", Time since last: 754203888 ns, Reaching safepoint: 453691 ns, Cleanup: 178804 ns, At safepoint: 265530 ns, Total: 898025 ns
[2025-04-27T11:55:14.792+0000][89.345s][debug][safepoint   ] Safepoint synchronization initiated using futex wait barrier. (206 threads)
[2025-04-27T11:55:14.792+0000][89.345s][info ][safepoint   ] Safepoint "ICBufferFull", Time since last: 910962894 ns, Reaching safepoint: 113415 ns, Cleanup: 137183 ns, At safepoint: 15879 ns, Total: 266477 ns
[2025-04-27T11:55:15.465+0000][90.017s][debug][safepoint   ] Safepoint synchronization initiated using futex wait barrier. (222 threads)
[2025-04-27T11:55:15.465+0000][90.017s][info ][safepoint   ] Safepoint "ICBufferFull", Time since last: 668873799 ns, Reaching safepoint: 3386753 ns, Cleanup: 147155 ns, At safepoint: 48557 ns, Total: 3582465 ns
[2025-04-27T11:55:15.484+0000][90.036s][debug][safepoint   ] Safepoint synchronization initiated using futex wait barrier. (222 threads)
[2025-04-27T11:55:15.484+0000][90.036s][debug][safepoint   ] ... found polling page loop exception at pc = 0x00007a342d14566c, stub =0x00007a342c98e400
[2025-04-27T11:55:15.484+0000][90.036s][info ][safepoint   ] Safepoint "ICBufferFull", Time since last: 18735526 ns, Reaching safepoint: 286272 ns, Cleanup: 22009 ns, At safepoint: 45790 ns, Total: 354071 ns
[2025-04-27T11:55:15.513+0000][90.065s][debug][safepoint   ] Safepoint synchronization initiated using futex wait barrier. (224 threads)
[2025-04-27T11:55:15.513+0000][90.065s][debug][safepoint   ] ... found polling page loop exception at pc = 0x00007a342d4cd972, stub =0x00007a342c98e400
[2025-04-27T11:55:15.515+0000][90.067s][info ][safepoint   ] Safepoint "ICBufferFull", Time since last: 24453314 ns, Reaching safepoint: 4599459 ns, Cleanup: 10199 ns, At safepoint: 1996278 ns, Total: 6605936 ns
[2025-04-27T11:55:15.524+0000][90.076s][debug][safepoint   ] Safepoint synchronization initiated using futex wait barrier. (224 threads)
[2025-04-27T11:55:15.524+0000][90.077s][debug][safepoint   ] ... found polling page loop exception at pc = 0x00007a342d14566c, stub =0x00007a342c98e400
[2025-04-27T11:55:15.544+0000][90.097s][info ][safepoint   ] Safepoint "ICBufferFull", Time since last: 9043033 ns, Reaching safepoint: 695071 ns, Cleanup: 5013 ns, At safepoint: 19461374 ns, Total: 20161458 ns
[2025-04-27T11:55:15.901+0000][90.453s][debug][safepoint   ] Safepoint synchronization initiated using futex wait barrier. (225 threads)
[2025-04-27T11:55:15.901+0000][90.453s][info ][gc,start    ] GC(59) Pause Young (Normal) (G1 Evacuation Pause)
[2025-04-27T11:55:15.901+0000][90.453s][info ][gc,task     ] GC(59) Using 4 workers of 4 for evacuation
[2025-04-27T11:55:16.022+0000][90.574s][info ][gc,phases   ] GC(59)   Pre Evacuate Collection Set: 1.2ms
[2025-04-27T11:55:16.022+0000][90.574s][info ][gc,phases   ] GC(59)   Merge Heap Roots: 0.7ms
[2025-04-27T11:55:16.022+0000][90.574s][info ][gc,phases   ] GC(59)   Evacuate Collection Set: 112.3ms
[2025-04-27T11:55:16.022+0000][90.574s][info ][gc,phases   ] GC(59)   Post Evacuate Collection Set: 6.6ms
[2025-04-27T11:55:16.022+0000][90.574s][info ][gc,phases   ] GC(59)   Other: 0.3ms
[2025-04-27T11:55:16.022+0000][90.574s][info ][gc,heap     ] GC(59) Eden regions: 479->0(466)
[2025-04-27T11:55:16.022+0000][90.574s][info ][gc,heap     ] GC(59) Survivor regions: 28->41(64)
[2025-04-27T11:55:16.022+0000][90.574s][info ][gc,heap     ] GC(59) Old regions: 128->128
[2025-04-27T11:55:16.022+0000][90.574s][info ][gc,heap     ] GC(59) Archive regions: 2->2
[2025-04-27T11:55:16.022+0000][90.574s][info ][gc,heap     ] GC(59) Humongous regions: 10->2
[2025-04-27T11:55:16.022+0000][90.574s][info ][gc,metaspace] GC(59) Metaspace: 175535K(176832K)->175535K(176832K) NonClass: 153916K(154624K)->153916K(154624K) Class: 21618K(22208K)->21618K(22208K)
[2025-04-27T11:55:16.022+0000][90.575s][info ][gc          ] GC(59) Pause Young (Normal) (G1 Evacuation Pause) 645M->170M(846M) 121.156ms
[2025-04-27T11:55:16.022+0000][90.575s][info ][gc,cpu      ] GC(59) User=0.19s Sys=0.01s Real=0.12s
[2025-04-27T11:55:16.023+0000][90.576s][info ][safepoint   ] Safepoint "G1CollectForAllocation", Time since last: 356590584 ns, Reaching safepoint: 71089 ns, Cleanup: 44469 ns, At safepoint: 122187102 ns, Total: 122302660 ns
[2025-04-27T11:55:17.113+0000][91.665s][debug][safepoint   ] Safepoint synchronization initiated using futex wait barrier. (226 threads)
[2025-04-27T11:55:17.113+0000][91.666s][info ][safepoint   ] Safepoint "Cleanup", Time since last: 1089929326 ns, Reaching safepoint: 67912 ns, Cleanup: 126120 ns, At safepoint: 31438 ns, Total: 225470 ns
[2025-04-27T11:55:18.299+0000][92.852s][debug][safepoint   ] Safepoint synchronization initiated using futex wait barrier. (230 threads)
[2025-04-27T11:55:18.305+0000][92.857s][info ][safepoint   ] Safepoint "Cleanup", Time since last: 1185921742 ns, Reaching safepoint: 627248 ns, Cleanup: 284807 ns, At safepoint: 4496236 ns, Total: 5408291 ns
[2025-04-27T11:55:19.591+0000][94.143s][debug][safepoint   ] Safepoint synchronization initiated using futex wait barrier. (231 threads)
[2025-04-27T11:55:19.591+0000][94.143s][info ][safepoint   ] Safepoint "Cleanup", Time since last: 1286172491 ns, Reaching safepoint: 136699 ns, Cleanup: 85563 ns, At safepoint: 7310 ns, Total: 229572 ns
[2025-04-27T11:55:20.591+0000][95.143s][debug][safepoint   ] Safepoint synchronization initiated using futex wait barrier. (231 threads)
[2025-04-27T11:55:20.591+0000][95.144s][info ][safepoint   ] Safepoint "Cleanup", Time since last: 1000090482 ns, Reaching safepoint: 79708 ns, Cleanup: 48780 ns, At safepoint: 9577 ns, Total: 138065 ns
[2025-04-27T11:55:21.591+0000][96.144s][debug][safepoint   ] Safepoint synchronization initiated using futex wait barrier. (231 threads)
[2025-04-27T11:55:21.591+0000][96.144s][info ][safepoint   ] Safepoint "Cleanup", Time since last: 1000098244 ns, Reaching safepoint: 51523 ns, Cleanup: 22388 ns, At safepoint: 4348 ns, Total: 78259 ns
[2025-04-27T11:55:22.749+0000][97.301s][debug][safepoint   ] Safepoint synchronization initiated using futex wait barrier. (231 threads)
[2025-04-27T11:55:22.749+0000][97.302s][info ][safepoint   ] Safepoint "Cleanup", Time since last: 1157689740 ns, Reaching safepoint: 68784 ns, Cleanup: 97810 ns, At safepoint: 12414 ns, Total: 179008 ns
[2025-04-27T11:55:23.749+0000][98.302s][debug][safepoint   ] Safepoint synchronization initiated using futex wait barrier. (231 threads)
[2025-04-27T11:55:23.750+0000][98.302s][info ][safepoint   ] Safepoint "Cleanup", Time since last: 1000096065 ns, Reaching safepoint: 69462 ns, Cleanup: 35413 ns, At safepoint: 3632 ns, Total: 108507 ns
[2025-04-27T11:55:24.750+0000][99.302s][debug][safepoint   ] Safepoint synchronization initiated using futex wait barrier. (230 threads)
[2025-04-27T11:55:24.750+0000][99.302s][info ][safepoint   ] Safepoint "Cleanup", Time since last: 1000145492 ns, Reaching safepoint: 77623 ns, Cleanup: 25833 ns, At safepoint: 5742 ns, Total: 109198 ns
[2025-04-27T11:55:25.750+0000][100.302s][debug][safepoint   ] Safepoint synchronization initiated using futex wait barrier. (230 threads)
[2025-04-27T11:55:25.750+0000][100.302s][info ][safepoint   ] Safepoint "Cleanup", Time since last: 1000116276 ns, Reaching safepoint: 52182 ns, Cleanup: 22973 ns, At safepoint: 4999 ns, Total: 80154 ns
[2025-04-27T11:55:26.750+0000][101.302s][debug][safepoint   ] Safepoint synchronization initiated using futex wait barrier. (230 threads)
[2025-04-27T11:55:26.750+0000][101.303s][info ][safepoint   ] Safepoint "Cleanup", Time since last: 1000099243 ns, Reaching safepoint: 105708 ns, Cleanup: 39415 ns, At safepoint: 8759 ns, Total: 153882 ns
[2025-04-27T11:55:27.750+0000][102.303s][debug][safepoint   ] Safepoint synchronization initiated using futex wait barrier. (230 threads)
[2025-04-27T11:55:27.750+0000][102.303s][info ][safepoint   ] Safepoint "Cleanup", Time since last: 1000087093 ns, Reaching safepoint: 68730 ns, Cleanup: 14836 ns, At safepoint: 5750 ns, Total: 89316 ns
[2025-04-27T11:55:28.751+0000][103.303s][debug][safepoint   ] Safepoint synchronization initiated using futex wait barrier. (230 threads)
[2025-04-27T11:55:28.751+0000][103.303s][info ][safepoint   ] Safepoint "Cleanup", Time since last: 1000081090 ns, Reaching safepoint: 54875 ns, Cleanup: 22185 ns, At safepoint: 5687 ns, Total: 82747 ns
[2025-04-27T11:55:29.751+0000][104.303s][debug][safepoint   ] Safepoint synchronization initiated using futex wait barrier. (230 threads)
[2025-04-27T11:55:29.751+0000][104.303s][info ][safepoint   ] Safepoint "Cleanup", Time since last: 1000100388 ns, Reaching safepoint: 117652 ns, Cleanup: 21617 ns, At safepoint: 5636 ns, Total: 144905 ns
[2025-04-27T11:55:30.751+0000][105.303s][debug][safepoint   ] Safepoint synchronization initiated using futex wait barrier. (230 threads)
[2025-04-27T11:55:30.751+0000][105.304s][info ][safepoint   ] Safepoint "Cleanup", Time since last: 1000142053 ns, Reaching safepoint: 212818 ns, Cleanup: 52226 ns, At safepoint: 22287 ns, Total: 287331 ns
[2025-04-27T11:55:31.751+0000][106.304s][debug][safepoint   ] Safepoint synchronization initiated using futex wait barrier. (230 threads)
[2025-04-27T11:55:31.751+0000][106.304s][info ][safepoint   ] Safepoint "Cleanup", Time since last: 1000162354 ns, Reaching safepoint: 55020 ns, Cleanup: 11384 ns, At safepoint: 4795 ns, Total: 71199 ns
[2025-04-27T11:55:32.752+0000][107.304s][debug][safepoint   ] Safepoint synchronization initiated using futex wait barrier. (231 threads)
[2025-04-27T11:55:32.752+0000][107.304s][info ][safepoint   ] Safepoint "Cleanup", Time since last: 1000079312 ns, Reaching safepoint: 60717 ns, Cleanup: 15162 ns, At safepoint: 5511 ns, Total: 81390 ns
[2025-04-27T11:55:33.752+0000][108.304s][debug][safepoint   ] Safepoint synchronization initiated using futex wait barrier. (231 threads)
[2025-04-27T11:55:33.752+0000][108.304s][info ][safepoint   ] Safepoint "Cleanup", Time since last: 1000118507 ns, Reaching safepoint: 75981 ns, Cleanup: 13102 ns, At safepoint: 6553 ns, Total: 95636 ns
[2025-04-27T11:55:34.752+0000][109.304s][debug][safepoint   ] Safepoint synchronization initiated using futex wait barrier. (231 threads)
[2025-04-27T11:55:34.752+0000][109.304s][info ][safepoint   ] Safepoint "Cleanup", Time since last: 1000177526 ns, Reaching safepoint: 67100 ns, Cleanup: 17266 ns, At safepoint: 9014 ns, Total: 93380 ns
[2025-04-27T11:55:35.752+0000][110.305s][debug][safepoint   ] Safepoint synchronization initiated using futex wait barrier. (231 threads)
[2025-04-27T11:55:35.752+0000][110.305s][info ][safepoint   ] Safepoint "Cleanup", Time since last: 1000195048 ns, Reaching safepoint: 63256 ns, Cleanup: 26084 ns, At safepoint: 5584 ns, Total: 94924 ns
[2025-04-27T11:55:36.753+0000][111.305s][debug][safepoint   ] Safepoint synchronization initiated using futex wait barrier. (231 threads)
[2025-04-27T11:55:36.753+0000][111.305s][info ][safepoint   ] Safepoint "Cleanup", Time since last: 1000151149 ns, Reaching safepoint: 224689 ns, Cleanup: 52023 ns, At safepoint: 23640 ns, Total: 300352 ns
[2025-04-27T11:55:37.754+0000][112.306s][debug][safepoint   ] Safepoint synchronization initiated using futex wait barrier. (231 threads)
[2025-04-27T11:55:37.754+0000][112.306s][info ][safepoint   ] Safepoint "Cleanup", Time since last: 1000619549 ns, Reaching safepoint: 208474 ns, Cleanup: 33994 ns, At safepoint: 21297 ns, Total: 263765 ns
[2025-04-27T11:55:38.754+0000][113.306s][debug][safepoint   ] Safepoint synchronization initiated using futex wait barrier. (231 threads)
[2025-04-27T11:55:38.754+0000][113.307s][info ][safepoint   ] Safepoint "Cleanup", Time since last: 1000255671 ns, Reaching safepoint: 224656 ns, Cleanup: 86668 ns, At safepoint: 27847 ns, Total: 339171 ns
[2025-04-27T11:55:39.755+0000][114.307s][debug][safepoint   ] Safepoint synchronization initiated using futex wait barrier. (231 threads)
[2025-04-27T11:55:39.755+0000][114.307s][info ][safepoint   ] Safepoint "Cleanup", Time since last: 1000248898 ns, Reaching safepoint: 221764 ns, Cleanup: 48553 ns, At safepoint: 24019 ns, Total: 294336 ns
[2025-04-27T11:55:40.755+0000][115.307s][debug][safepoint   ] Safepoint synchronization initiated using futex wait barrier. (231 threads)
[2025-04-27T11:55:40.755+0000][115.307s][info ][safepoint   ] Safepoint "Cleanup", Time since last: 1000136691 ns, Reaching safepoint: 48666 ns, Cleanup: 27089 ns, At safepoint: 4549 ns, Total: 80304 ns
[2025-04-27T11:55:41.755+0000][116.308s][debug][safepoint   ] Safepoint synchronization initiated using futex wait barrier. (231 threads)
[2025-04-27T11:55:41.756+0000][116.308s][info ][safepoint   ] Safepoint "Cleanup", Time since last: 1000160787 ns, Reaching safepoint: 262053 ns, Cleanup: 47655 ns, At safepoint: 77378 ns, Total: 387086 ns
[2025-04-27T11:55:42.756+0000][117.308s][debug][safepoint   ] Safepoint synchronization initiated using futex wait barrier. (231 threads)
[2025-04-27T11:55:42.756+0000][117.309s][info ][safepoint   ] Safepoint "Cleanup", Time since last: 1000230371 ns, Reaching safepoint: 223092 ns, Cleanup: 45335 ns, At safepoint: 42663 ns, Total: 311090 ns
[2025-04-27T11:55:43.756+0000][118.309s][debug][safepoint   ] Safepoint synchronization initiated using futex wait barrier. (231 threads)
[2025-04-27T11:55:43.756+0000][118.309s][info ][safepoint   ] Safepoint "Cleanup", Time since last: 1000140633 ns, Reaching safepoint: 92128 ns, Cleanup: 17452 ns, At safepoint: 9461 ns, Total: 119041 ns
[2025-04-27T11:55:44.757+0000][119.309s][debug][safepoint   ] Safepoint synchronization initiated using futex wait barrier. (231 threads)
[2025-04-27T11:55:44.757+0000][119.309s][info ][safepoint   ] Safepoint "Cleanup", Time since last: 1000149111 ns, Reaching safepoint: 330497 ns, Cleanup: 111428 ns, At safepoint: 65832 ns, Total: 507757 ns
[2025-04-27T11:55:46.631+0000][121.184s][debug][safepoint   ] Safepoint synchronization initiated using futex wait barrier. (231 threads)
[2025-04-27T11:55:46.631+0000][121.184s][info ][safepoint   ] Safepoint "Cleanup", Time since last: 1874085947 ns, Reaching safepoint: 163438 ns, Cleanup: 37032 ns, At safepoint: 12450 ns, Total: 212920 ns
[2025-04-27T11:55:47.632+0000][122.184s][debug][safepoint   ] Safepoint synchronization initiated using futex wait barrier. (231 threads)
[2025-04-27T11:55:47.632+0000][122.184s][info ][safepoint   ] Safepoint "Cleanup", Time since last: 1000156472 ns, Reaching safepoint: 212555 ns, Cleanup: 41334 ns, At safepoint: 16158 ns, Total: 270047 ns
[2025-04-27T11:55:48.632+0000][123.184s][debug][safepoint   ] Safepoint synchronization initiated using futex wait barrier. (231 threads)
[2025-04-27T11:55:48.632+0000][123.185s][info ][safepoint   ] Safepoint "Cleanup", Time since last: 1000172366 ns, Reaching safepoint: 215824 ns, Cleanup: 58110 ns, At safepoint: 91548 ns, Total: 365482 ns
[2025-04-27T11:55:49.633+0000][124.185s][debug][safepoint   ] Safepoint synchronization initiated using futex wait barrier. (231 threads)
[2025-04-27T11:55:49.633+0000][124.185s][info ][safepoint   ] Safepoint "Cleanup", Time since last: 1000281355 ns, Reaching safepoint: 163336 ns, Cleanup: 33138 ns, At safepoint: 21322 ns, Total: 217796 ns
[2025-04-27T11:55:50.633+0000][125.185s][debug][safepoint   ] Safepoint synchronization initiated using futex wait barrier. (231 threads)
[2025-04-27T11:55:50.633+0000][125.186s][info ][safepoint   ] Safepoint "Cleanup", Time since last: 1000206259 ns, Reaching safepoint: 187136 ns, Cleanup: 83357 ns, At safepoint: 21758 ns, Total: 292251 ns
[2025-04-27T11:55:51.634+0000][126.186s][debug][safepoint   ] Safepoint synchronization initiated using futex wait barrier. (231 threads)
[2025-04-27T11:55:51.634+0000][126.186s][info ][safepoint   ] Safepoint "Cleanup", Time since last: 1000191375 ns, Reaching safepoint: 150974 ns, Cleanup: 40103 ns, At safepoint: 17990 ns, Total: 209067 ns
[2025-04-27T11:55:52.634+0000][127.186s][debug][safepoint   ] Safepoint synchronization initiated using futex wait barrier. (231 threads)
[2025-04-27T11:55:52.634+0000][127.187s][info ][safepoint   ] Safepoint "Cleanup", Time since last: 1000224300 ns, Reaching safepoint: 196480 ns, Cleanup: 44637 ns, At safepoint: 26448 ns, Total: 267565 ns
[2025-04-27T11:55:53.635+0000][128.187s][debug][safepoint   ] Safepoint synchronization initiated using futex wait barrier. (231 threads)
[2025-04-27T11:55:53.635+0000][128.187s][info ][safepoint   ] Safepoint "Cleanup", Time since last: 1000264194 ns, Reaching safepoint: 117698 ns, Cleanup: 24843 ns, At safepoint: 13137 ns, Total: 155678 ns
[2025-04-27T11:55:54.635+0000][129.187s][debug][safepoint   ] Safepoint synchronization initiated using futex wait barrier. (231 threads)
[2025-04-27T11:55:54.635+0000][129.187s][info ][safepoint   ] Safepoint "Cleanup", Time since last: 1000129412 ns, Reaching safepoint: 87745 ns, Cleanup: 13276 ns, At safepoint: 5999 ns, Total: 107020 ns
[2025-04-27T11:55:55.635+0000][130.187s][debug][safepoint   ] Safepoint synchronization initiated using futex wait barrier. (231 threads)
[2025-04-27T11:55:55.635+0000][130.188s][info ][safepoint   ] Safepoint "Cleanup", Time since last: 1000147628 ns, Reaching safepoint: 79387 ns, Cleanup: 17692 ns, At safepoint: 7835 ns, Total: 104914 ns
[2025-04-27T11:55:56.635+0000][131.188s][debug][safepoint   ] Safepoint synchronization initiated using futex wait barrier. (231 threads)
[2025-04-27T11:55:56.635+0000][131.188s][info ][safepoint   ] Safepoint "Cleanup", Time since last: 1000087303 ns, Reaching safepoint: 99022 ns, Cleanup: 14445 ns, At safepoint: 6328 ns, Total: 119795 ns
[2025-04-27T11:55:58.636+0000][133.188s][debug][safepoint   ] Safepoint synchronization initiated using futex wait barrier. (230 threads)
[2025-04-27T11:55:58.636+0000][133.188s][info ][safepoint   ] Safepoint "Cleanup", Time since last: 2000289373 ns, Reaching safepoint: 152310 ns, Cleanup: 35199 ns, At safepoint: 18562 ns, Total: 206071 ns
[2025-04-27T11:55:59.636+0000][134.188s][debug][safepoint   ] Safepoint synchronization initiated using futex wait barrier. (230 threads)
[2025-04-27T11:55:59.636+0000][134.189s][info ][safepoint   ] Safepoint "Cleanup", Time since last: 1000185893 ns, Reaching safepoint: 83178 ns, Cleanup: 16134 ns, At safepoint: 11242 ns, Total: 110554 ns
[2025-04-27T11:56:00.636+0000][135.189s][debug][safepoint   ] Safepoint synchronization initiated using futex wait barrier. (230 threads)
[2025-04-27T11:56:00.637+0000][135.189s][info ][safepoint   ] Safepoint "Cleanup", Time since last: 1000178455 ns, Reaching safepoint: 155370 ns, Cleanup: 31139 ns, At safepoint: 21836 ns, Total: 208345 ns
[2025-04-27T11:56:02.637+0000][137.189s][debug][safepoint   ] Safepoint synchronization initiated using futex wait barrier. (230 threads)
[2025-04-27T11:56:02.637+0000][137.190s][info ][safepoint   ] Safepoint "Cleanup", Time since last: 2000413637 ns, Reaching safepoint: 204237 ns, Cleanup: 40174 ns, At safepoint: 26145 ns, Total: 270556 ns
[2025-04-27T11:56:05.638+0000][140.190s][debug][safepoint   ] Safepoint synchronization initiated using futex wait barrier. (230 threads)
[2025-04-27T11:56:05.638+0000][140.190s][info ][safepoint   ] Safepoint "Cleanup", Time since last: 3000340282 ns, Reaching safepoint: 64552 ns, Cleanup: 18643 ns, At safepoint: 4716 ns, Total: 87911 ns
[2025-04-27T11:56:06.638+0000][141.190s][debug][safepoint   ] Safepoint synchronization initiated using futex wait barrier. (230 threads)
[2025-04-27T11:56:06.638+0000][141.190s][info ][safepoint   ] Safepoint "Cleanup", Time since last: 1000158089 ns, Reaching safepoint: 89156 ns, Cleanup: 14507 ns, At safepoint: 7299 ns, Total: 110962 ns
[2025-04-27T11:56:07.638+0000][142.190s][debug][safepoint   ] Safepoint synchronization initiated using futex wait barrier. (230 threads)
[2025-04-27T11:56:07.638+0000][142.190s][info ][safepoint   ] Safepoint "Cleanup", Time since last: 1000089643 ns, Reaching safepoint: 75163 ns, Cleanup: 21342 ns, At safepoint: 7254 ns, Total: 103759 ns
[2025-04-27T11:56:08.638+0000][143.191s][debug][safepoint   ] Safepoint synchronization initiated using futex wait barrier. (230 threads)
[2025-04-27T11:56:08.638+0000][143.191s][info ][safepoint   ] Safepoint "Cleanup", Time since last: 1000202047 ns, Reaching safepoint: 55944 ns, Cleanup: 14347 ns, At safepoint: 3398 ns, Total: 73689 ns
[2025-04-27T11:56:09.639+0000][144.191s][debug][safepoint   ] Safepoint synchronization initiated using futex wait barrier. (230 threads)
[2025-04-27T11:56:09.639+0000][144.191s][info ][safepoint   ] Safepoint "Cleanup", Time since last: 1000119255 ns, Reaching safepoint: 227782 ns, Cleanup: 48510 ns, At safepoint: 19994 ns, Total: 296286 ns
[2025-04-27T11:56:10.639+0000][145.191s][debug][safepoint   ] Safepoint synchronization initiated using futex wait barrier. (230 threads)
[2025-04-27T11:56:10.639+0000][145.191s][info ][safepoint   ] Safepoint "Cleanup", Time since last: 1000191274 ns, Reaching safepoint: 61280 ns, Cleanup: 19001 ns, At safepoint: 7578 ns, Total: 87859 ns
[2025-04-27T11:56:11.541+0000][146.093s][debug][safepoint   ] Safepoint synchronization initiated using futex wait barrier. (229 threads)
[2025-04-27T11:56:11.541+0000][146.094s][info ][safepoint   ] Safepoint "ICBufferFull", Time since last: 901863617 ns, Reaching safepoint: 59733 ns, Cleanup: 146097 ns, At safepoint: 8680 ns, Total: 214510 ns
[2025-04-27T11:56:12.541+0000][147.094s][debug][safepoint   ] Safepoint synchronization initiated using futex wait barrier. (228 threads)
[2025-04-27T11:56:12.542+0000][147.094s][info ][safepoint   ] Safepoint "Cleanup", Time since last: 1000162654 ns, Reaching safepoint: 140989 ns, Cleanup: 168339 ns, At safepoint: 18501 ns, Total: 327829 ns
[2025-04-27T11:56:13.542+0000][148.094s][debug][safepoint   ] Safepoint synchronization initiated using futex wait barrier. (224 threads)
[2025-04-27T11:56:13.542+0000][148.094s][info ][safepoint   ] Safepoint "Cleanup", Time since last: 1000182017 ns, Reaching safepoint: 106114 ns, Cleanup: 25606 ns, At safepoint: 15178 ns, Total: 146898 ns
[2025-04-27T11:56:14.542+0000][149.095s][debug][safepoint   ] Safepoint synchronization initiated using futex wait barrier. (224 threads)
[2025-04-27T11:56:14.543+0000][149.095s][info ][safepoint   ] Safepoint "Cleanup", Time since last: 1000238205 ns, Reaching safepoint: 239387 ns, Cleanup: 35833 ns, At safepoint: 22804 ns, Total: 298024 ns
[2025-04-27T11:56:15.543+0000][150.095s][debug][safepoint   ] Safepoint synchronization initiated using futex wait barrier. (221 threads)
[2025-04-27T11:56:15.543+0000][150.095s][info ][safepoint   ] Safepoint "Cleanup", Time since last: 1000122645 ns, Reaching safepoint: 72341 ns, Cleanup: 67780 ns, At safepoint: 7152 ns, Total: 147273 ns
[2025-04-27T11:56:16.543+0000][151.095s][debug][safepoint   ] Safepoint synchronization initiated using futex wait barrier. (221 threads)
[2025-04-27T11:56:16.543+0000][151.096s][info ][safepoint   ] Safepoint "Cleanup", Time since last: 1000147560 ns, Reaching safepoint: 280161 ns, Cleanup: 45395 ns, At safepoint: 65538 ns, Total: 391094 ns
[2025-04-27T11:56:17.544+0000][152.096s][debug][safepoint   ] Safepoint synchronization initiated using futex wait barrier. (220 threads)
[2025-04-27T11:56:17.544+0000][152.096s][info ][safepoint   ] Safepoint "Cleanup", Time since last: 1000163587 ns, Reaching safepoint: 214922 ns, Cleanup: 25956 ns, At safepoint: 11647 ns, Total: 252525 ns
[2025-04-27T11:56:18.544+0000][153.096s][debug][safepoint   ] Safepoint synchronization initiated using futex wait barrier. (219 threads)
[2025-04-27T11:56:18.544+0000][153.097s][info ][safepoint   ] Safepoint "Cleanup", Time since last: 1000189769 ns, Reaching safepoint: 245442 ns, Cleanup: 127214 ns, At safepoint: 80054 ns, Total: 452710 ns
[2025-04-27T11:56:19.545+0000][154.097s][debug][safepoint   ] Safepoint synchronization initiated using futex wait barrier. (219 threads)
[2025-04-27T11:56:19.545+0000][154.097s][info ][safepoint   ] Safepoint "Cleanup", Time since last: 1000184825 ns, Reaching safepoint: 126105 ns, Cleanup: 25020 ns, At safepoint: 8470 ns, Total: 159595 ns
[2025-04-27T11:56:20.545+0000][155.097s][debug][safepoint   ] Safepoint synchronization initiated using futex wait barrier. (217 threads)
[2025-04-27T11:56:20.545+0000][155.097s][info ][safepoint   ] Safepoint "Cleanup", Time since last: 1000127697 ns, Reaching safepoint: 49686 ns, Cleanup: 10791 ns, At safepoint: 5755 ns, Total: 66232 ns
[2025-04-27T11:56:21.545+0000][156.097s][debug][safepoint   ] Safepoint synchronization initiated using futex wait barrier. (217 threads)
[2025-04-27T11:56:21.545+0000][156.097s][info ][safepoint   ] Safepoint "Cleanup", Time since last: 1000079733 ns, Reaching safepoint: 63981 ns, Cleanup: 16599 ns, At safepoint: 6033 ns, Total: 86613 ns
[2025-04-27T11:56:23.545+0000][158.098s][debug][safepoint   ] Safepoint synchronization initiated using futex wait barrier. (217 threads)
[2025-04-27T11:56:23.545+0000][158.098s][info ][safepoint   ] Safepoint "Cleanup", Time since last: 2000142723 ns, Reaching safepoint: 67939 ns, Cleanup: 10993 ns, At safepoint: 6718 ns, Total: 85650 ns
[2025-04-27T11:56:27.546+0000][162.098s][debug][safepoint   ] Safepoint synchronization initiated using futex wait barrier. (217 threads)
[2025-04-27T11:56:27.546+0000][162.098s][info ][safepoint   ] Safepoint "Cleanup", Time since last: 4000369685 ns, Reaching safepoint: 49518 ns, Cleanup: 22453 ns, At safepoint: 4663 ns, Total: 76634 ns
[2025-04-27T11:56:29.546+0000][164.098s][debug][safepoint   ] Safepoint synchronization initiated using futex wait barrier. (217 threads)
[2025-04-27T11:56:29.547+0000][164.099s][info ][safepoint   ] Safepoint "Cleanup", Time since last: 2000168197 ns, Reaching safepoint: 746638 ns, Cleanup: 16025 ns, At safepoint: 54975 ns, Total: 817638 ns
[2025-04-27T11:56:30.547+0000][165.099s][debug][safepoint   ] Safepoint synchronization initiated using futex wait barrier. (217 threads)
[2025-04-27T11:56:30.548+0000][165.100s][info ][safepoint   ] Safepoint "Cleanup", Time since last: 1000218149 ns, Reaching safepoint: 425492 ns, Cleanup: 72226 ns, At safepoint: 181605 ns, Total: 679323 ns
[2025-04-27T11:56:31.548+0000][166.100s][debug][safepoint   ] Safepoint synchronization initiated using futex wait barrier. (217 threads)
[2025-04-27T11:56:31.548+0000][166.100s][info ][safepoint   ] Safepoint "Cleanup", Time since last: 1000151104 ns, Reaching safepoint: 80587 ns, Cleanup: 16540 ns, At safepoint: 8625 ns, Total: 105752 ns
[2025-04-27T11:56:33.548+0000][168.100s][debug][safepoint   ] Safepoint synchronization initiated using futex wait barrier. (217 threads)
[2025-04-27T11:56:33.548+0000][168.101s][info ][safepoint   ] Safepoint "Cleanup", Time since last: 2000199263 ns, Reaching safepoint: 89068 ns, Cleanup: 16396 ns, At safepoint: 7773 ns, Total: 113237 ns
[2025-04-27T11:56:35.549+0000][170.101s][debug][safepoint   ] Safepoint synchronization initiated using futex wait barrier. (217 threads)
[2025-04-27T11:56:35.549+0000][170.101s][info ][safepoint   ] Safepoint "Cleanup", Time since last: 2000656519 ns, Reaching safepoint: 132171 ns, Cleanup: 10719 ns, At safepoint: 9670 ns, Total: 152560 ns
[2025-04-27T11:56:36.549+0000][171.101s][debug][safepoint   ] Safepoint synchronization initiated using futex wait barrier. (217 threads)
[2025-04-27T11:56:36.549+0000][171.102s][info ][safepoint   ] Safepoint "Cleanup", Time since last: 1000096566 ns, Reaching safepoint: 82571 ns, Cleanup: 12750 ns, At safepoint: 5128 ns, Total: 100449 ns
[2025-04-27T11:56:37.549+0000][172.102s][debug][safepoint   ] Safepoint synchronization initiated using futex wait barrier. (217 threads)
[2025-04-27T11:56:37.549+0000][172.102s][info ][safepoint   ] Safepoint "Cleanup", Time since last: 1000069351 ns, Reaching safepoint: 49667 ns, Cleanup: 10030 ns, At safepoint: 4410 ns, Total: 64107 ns
[2025-04-27T11:56:38.549+0000][173.102s][debug][safepoint   ] Safepoint synchronization initiated using futex wait barrier. (217 threads)
[2025-04-27T11:56:38.550+0000][173.102s][info ][safepoint   ] Safepoint "Cleanup", Time since last: 1000093634 ns, Reaching safepoint: 70644 ns, Cleanup: 19560 ns, At safepoint: 6195 ns, Total: 96399 ns
[2025-04-27T11:56:39.550+0000][174.102s][debug][safepoint   ] Safepoint synchronization initiated using futex wait barrier. (217 threads)
[2025-04-27T11:56:39.550+0000][174.102s][info ][safepoint   ] Safepoint "Cleanup", Time since last: 1000087547 ns, Reaching safepoint: 71697 ns, Cleanup: 16398 ns, At safepoint: 7495 ns, Total: 95590 ns
[2025-04-27T11:56:40.550+0000][175.102s][debug][safepoint   ] Safepoint synchronization initiated using futex wait barrier. (217 threads)
[2025-04-27T11:56:40.550+0000][175.102s][info ][safepoint   ] Safepoint "Cleanup", Time since last: 1000093319 ns, Reaching safepoint: 68583 ns, Cleanup: 18493 ns, At safepoint: 6081 ns, Total: 93157 ns
[2025-04-27T11:56:41.550+0000][176.102s][debug][safepoint   ] Safepoint synchronization initiated using futex wait barrier. (217 threads)
[2025-04-27T11:56:41.550+0000][176.102s][info ][safepoint   ] Safepoint "Cleanup", Time since last: 1000089894 ns, Reaching safepoint: 54698 ns, Cleanup: 19429 ns, At safepoint: 9124 ns, Total: 83251 ns
[2025-04-27T11:56:43.550+0000][178.103s][debug][safepoint   ] Safepoint synchronization initiated using futex wait barrier. (217 threads)
[2025-04-27T11:56:43.550+0000][178.103s][info ][safepoint   ] Safepoint "Cleanup", Time since last: 2000222732 ns, Reaching safepoint: 52835 ns, Cleanup: 10140 ns, At safepoint: 6199 ns, Total: 69174 ns
[2025-04-27T11:56:44.551+0000][179.103s][debug][safepoint   ] Safepoint synchronization initiated using futex wait barrier. (217 threads)
[2025-04-27T11:56:44.551+0000][179.103s][info ][safepoint   ] Safepoint "Cleanup", Time since last: 1000080202 ns, Reaching safepoint: 55394 ns, Cleanup: 11748 ns, At safepoint: 4429 ns, Total: 71571 ns
[2025-04-27T11:56:45.551+0000][180.103s][debug][safepoint   ] Safepoint synchronization initiated using futex wait barrier. (217 threads)
[2025-04-27T11:56:45.551+0000][180.103s][info ][safepoint   ] Safepoint "Cleanup", Time since last: 1000088666 ns, Reaching safepoint: 86527 ns, Cleanup: 26407 ns, At safepoint: 7054 ns, Total: 119988 ns
[2025-04-27T11:56:46.124+0000][180.677s][debug][safepoint   ] Safepoint synchronization initiated using futex wait barrier. (217 threads)
[2025-04-27T11:56:46.125+0000][180.677s][info ][gc,start    ] GC(60) Pause Young (Normal) (G1 Evacuation Pause)
[2025-04-27T11:56:46.125+0000][180.677s][info ][gc,task     ] GC(60) Using 4 workers of 4 for evacuation
[2025-04-27T11:56:46.219+0000][180.772s][info ][gc,phases   ] GC(60)   Pre Evacuate Collection Set: 0.5ms
[2025-04-27T11:56:46.219+0000][180.772s][info ][gc,phases   ] GC(60)   Merge Heap Roots: 0.4ms
[2025-04-27T11:56:46.219+0000][180.772s][info ][gc,phases   ] GC(60)   Evacuate Collection Set: 86.0ms
[2025-04-27T11:56:46.219+0000][180.772s][info ][gc,phases   ] GC(60)   Post Evacuate Collection Set: 7.7ms
[2025-04-27T11:56:46.219+0000][180.772s][info ][gc,phases   ] GC(60)   Other: 0.4ms
[2025-04-27T11:56:46.219+0000][180.772s][info ][gc,heap     ] GC(60) Eden regions: 466->0(471)
[2025-04-27T11:56:46.219+0000][180.772s][info ][gc,heap     ] GC(60) Survivor regions: 41->36(64)
[2025-04-27T11:56:46.219+0000][180.772s][info ][gc,heap     ] GC(60) Old regions: 128->142
[2025-04-27T11:56:46.219+0000][180.772s][info ][gc,heap     ] GC(60) Archive regions: 2->2
[2025-04-27T11:56:46.220+0000][180.772s][info ][gc,heap     ] GC(60) Humongous regions: 18->0
[2025-04-27T11:56:46.220+0000][180.772s][info ][gc,metaspace] GC(60) Metaspace: 185482K(186752K)->185482K(186752K) NonClass: 162881K(163520K)->162881K(163520K) Class: 22600K(23232K)->22600K(23232K)
[2025-04-27T11:56:46.220+0000][180.772s][info ][gc          ] GC(60) Pause Young (Normal) (G1 Evacuation Pause) 652M->178M(846M) 95.077ms
[2025-04-27T11:56:46.220+0000][180.772s][info ][gc,cpu      ] GC(60) User=0.25s Sys=0.00s Real=0.10s
[2025-04-27T11:56:46.220+0000][180.772s][info ][safepoint   ] Safepoint "G1CollectForAllocation", Time since last: 573524154 ns, Reaching safepoint: 100156 ns, Cleanup: 18291 ns, At safepoint: 95570647 ns, Total: 95689094 ns
[2025-04-27T11:56:47.220+0000][181.772s][debug][safepoint   ] Safepoint synchronization initiated using futex wait barrier. (217 threads)
[2025-04-27T11:56:47.220+0000][181.773s][info ][safepoint   ] Safepoint "Cleanup", Time since last: 1000107876 ns, Reaching safepoint: 66828 ns, Cleanup: 17556 ns, At safepoint: 7168 ns, Total: 91552 ns
[2025-04-27T11:56:48.220+0000][182.773s][debug][safepoint   ] Safepoint synchronization initiated using futex wait barrier. (217 threads)
[2025-04-27T11:56:48.220+0000][182.773s][info ][safepoint   ] Safepoint "Cleanup", Time since last: 1000224529 ns, Reaching safepoint: 47408 ns, Cleanup: 21586 ns, At safepoint: 6170 ns, Total: 75164 ns
[2025-04-27T11:56:49.221+0000][183.773s][debug][safepoint   ] Safepoint synchronization initiated using futex wait barrier. (217 threads)
[2025-04-27T11:56:49.221+0000][183.773s][info ][safepoint   ] Safepoint "Cleanup", Time since last: 1000090071 ns, Reaching safepoint: 85379 ns, Cleanup: 17112 ns, At safepoint: 7809 ns, Total: 110300 ns
[2025-04-27T11:56:51.221+0000][185.773s][debug][safepoint   ] Safepoint synchronization initiated using futex wait barrier. (217 threads)
[2025-04-27T11:56:51.221+0000][185.773s][info ][safepoint   ] Safepoint "Cleanup", Time since last: 2000235672 ns, Reaching safepoint: 66589 ns, Cleanup: 15870 ns, At safepoint: 6229 ns, Total: 88688 ns
[2025-04-27T11:56:52.221+0000][186.774s][debug][safepoint   ] Safepoint synchronization initiated using futex wait barrier. (217 threads)
[2025-04-27T11:56:52.222+0000][186.774s][info ][safepoint   ] Safepoint "Cleanup", Time since last: 1000181139 ns, Reaching safepoint: 244708 ns, Cleanup: 43327 ns, At safepoint: 22171 ns, Total: 310206 ns
[2025-04-27T11:56:53.222+0000][187.774s][debug][safepoint   ] Safepoint synchronization initiated using futex wait barrier. (217 threads)
[2025-04-27T11:56:53.222+0000][187.774s][info ][safepoint   ] Safepoint "Cleanup", Time since last: 1000213310 ns, Reaching safepoint: 103097 ns, Cleanup: 41657 ns, At safepoint: 13399 ns, Total: 158153 ns
[2025-04-27T11:56:54.222+0000][188.774s][debug][safepoint   ] Safepoint synchronization initiated using futex wait barrier. (217 threads)
[2025-04-27T11:56:54.223+0000][188.775s][info ][safepoint   ] Safepoint "Cleanup", Time since last: 1000168166 ns, Reaching safepoint: 218768 ns, Cleanup: 186864 ns, At safepoint: 36617 ns, Total: 442249 ns
[2025-04-27T11:56:56.223+0000][190.775s][debug][safepoint   ] Safepoint synchronization initiated using futex wait barrier. (217 threads)
[2025-04-27T11:56:56.223+0000][190.775s][info ][safepoint   ] Safepoint "Cleanup", Time since last: 2000301115 ns, Reaching safepoint: 160269 ns, Cleanup: 48221 ns, At safepoint: 20444 ns, Total: 228934 ns
[2025-04-27T11:56:57.223+0000][191.776s][debug][safepoint   ] Safepoint synchronization initiated using futex wait barrier. (217 threads)
[2025-04-27T11:56:57.223+0000][191.776s][info ][safepoint   ] Safepoint "Cleanup", Time since last: 1000153514 ns, Reaching safepoint: 79737 ns, Cleanup: 13795 ns, At safepoint: 7086 ns, Total: 100618 ns
[2025-04-27T11:57:00.224+0000][194.776s][debug][safepoint   ] Safepoint synchronization initiated using futex wait barrier. (217 threads)
[2025-04-27T11:57:00.224+0000][194.776s][info ][safepoint   ] Safepoint "Cleanup", Time since last: 3000339053 ns, Reaching safepoint: 179528 ns, Cleanup: 52352 ns, At safepoint: 23084 ns, Total: 254964 ns
[2025-04-27T11:57:02.224+0000][196.777s][debug][safepoint   ] Safepoint synchronization initiated using futex wait barrier. (217 threads)
[2025-04-27T11:57:02.225+0000][196.777s][info ][safepoint   ] Safepoint "Cleanup", Time since last: 2000475302 ns, Reaching safepoint: 168609 ns, Cleanup: 37070 ns, At safepoint: 20355 ns, Total: 226034 ns
[2025-04-27T11:57:03.225+0000][197.777s][debug][safepoint   ] Safepoint synchronization initiated using futex wait barrier. (217 threads)
[2025-04-27T11:57:03.225+0000][197.777s][info ][safepoint   ] Safepoint "Cleanup", Time since last: 1000199324 ns, Reaching safepoint: 159989 ns, Cleanup: 34394 ns, At safepoint: 19924 ns, Total: 214307 ns
[2025-04-27T11:57:04.225+0000][198.778s][debug][safepoint   ] Safepoint synchronization initiated using futex wait barrier. (217 threads)
[2025-04-27T11:57:04.225+0000][198.778s][info ][safepoint   ] Safepoint "Cleanup", Time since last: 1000223961 ns, Reaching safepoint: 217661 ns, Cleanup: 36773 ns, At safepoint: 21547 ns, Total: 275981 ns
[2025-04-27T11:57:05.226+0000][199.778s][debug][safepoint   ] Safepoint synchronization initiated using futex wait barrier. (217 threads)
[2025-04-27T11:57:05.226+0000][199.778s][info ][safepoint   ] Safepoint "Cleanup", Time since last: 1000187895 ns, Reaching safepoint: 160994 ns, Cleanup: 44737 ns, At safepoint: 21042 ns, Total: 226773 ns
[2025-04-27T11:57:07.226+0000][201.779s][debug][safepoint   ] Safepoint synchronization initiated using futex wait barrier. (217 threads)
[2025-04-27T11:57:07.227+0000][201.779s][info ][safepoint   ] Safepoint "Cleanup", Time since last: 2000334560 ns, Reaching safepoint: 225573 ns, Cleanup: 35016 ns, At safepoint: 21386 ns, Total: 281975 ns
[2025-04-27T11:57:08.227+0000][202.779s][debug][safepoint   ] Safepoint synchronization initiated using futex wait barrier. (217 threads)
[2025-04-27T11:57:08.227+0000][202.779s][info ][safepoint   ] Safepoint "Cleanup", Time since last: 1000162903 ns, Reaching safepoint: 75373 ns, Cleanup: 18099 ns, At safepoint: 8996 ns, Total: 102468 ns
[2025-04-27T11:57:12.227+0000][206.780s][debug][safepoint   ] Safepoint synchronization initiated using futex wait barrier. (217 threads)
[2025-04-27T11:57:12.228+0000][206.780s][info ][safepoint   ] Safepoint "Cleanup", Time since last: 4000564196 ns, Reaching safepoint: 162553 ns, Cleanup: 28338 ns, At safepoint: 18901 ns, Total: 209792 ns
[2025-04-27T11:57:15.228+0000][209.780s][debug][safepoint   ] Safepoint synchronization initiated using futex wait barrier. (214 threads)
[2025-04-27T11:57:15.228+0000][209.781s][info ][safepoint   ] Safepoint "Cleanup", Time since last: 3000410424 ns, Reaching safepoint: 221438 ns, Cleanup: 54771 ns, At safepoint: 29413 ns, Total: 305622 ns
[2025-04-27T11:57:16.229+0000][210.781s][debug][safepoint   ] Safepoint synchronization initiated using futex wait barrier. (214 threads)
[2025-04-27T11:57:16.229+0000][210.781s][info ][safepoint   ] Safepoint "Cleanup", Time since last: 1000405389 ns, Reaching safepoint: 211200 ns, Cleanup: 50950 ns, At safepoint: 25285 ns, Total: 287435 ns
[2025-04-27T11:57:17.229+0000][211.782s][debug][safepoint   ] Safepoint synchronization initiated using futex wait barrier. (214 threads)
[2025-04-27T11:57:17.230+0000][211.782s][info ][safepoint   ] Safepoint "Cleanup", Time since last: 1000222459 ns, Reaching safepoint: 246236 ns, Cleanup: 101785 ns, At safepoint: 40821 ns, Total: 388842 ns
[2025-04-27T11:57:18.230+0000][212.782s][debug][safepoint   ] Safepoint synchronization initiated using futex wait barrier. (213 threads)
[2025-04-27T11:57:18.230+0000][212.783s][info ][safepoint   ] Safepoint "Cleanup", Time since last: 1000446547 ns, Reaching safepoint: 188694 ns, Cleanup: 34967 ns, At safepoint: 17544 ns, Total: 241205 ns
[2025-04-27T11:57:21.231+0000][215.783s][debug][safepoint   ] Safepoint synchronization initiated using futex wait barrier. (212 threads)
[2025-04-27T11:57:21.231+0000][215.783s][info ][safepoint   ] Safepoint "Cleanup", Time since last: 3000403177 ns, Reaching safepoint: 85691 ns, Cleanup: 19180 ns, At safepoint: 6635 ns, Total: 111506 ns
[2025-04-27T11:57:22.231+0000][216.783s][debug][safepoint   ] Safepoint synchronization initiated using futex wait barrier. (212 threads)
[2025-04-27T11:57:22.231+0000][216.784s][info ][safepoint   ] Safepoint "Cleanup", Time since last: 1000160510 ns, Reaching safepoint: 262045 ns, Cleanup: 35250 ns, At safepoint: 48823 ns, Total: 346118 ns
[2025-04-27T11:57:23.232+0000][217.784s][debug][safepoint   ] Safepoint synchronization initiated using futex wait barrier. (212 threads)
[2025-04-27T11:57:23.232+0000][217.784s][info ][safepoint   ] Safepoint "Cleanup", Time since last: 1000231196 ns, Reaching safepoint: 203650 ns, Cleanup: 34120 ns, At safepoint: 19663 ns, Total: 257433 ns
[2025-04-27T11:57:24.232+0000][218.784s][debug][safepoint   ] Safepoint synchronization initiated using futex wait barrier. (212 threads)
[2025-04-27T11:57:24.232+0000][218.785s][info ][safepoint   ] Safepoint "Cleanup", Time since last: 1000215898 ns, Reaching safepoint: 143519 ns, Cleanup: 38174 ns, At safepoint: 17580 ns, Total: 199273 ns
[2025-04-27T11:57:25.232+0000][219.785s][debug][safepoint   ] Safepoint synchronization initiated using futex wait barrier. (212 threads)
[2025-04-27T11:57:25.233+0000][219.785s][info ][safepoint   ] Safepoint "Cleanup", Time since last: 1000249462 ns, Reaching safepoint: 289337 ns, Cleanup: 35928 ns, At safepoint: 17060 ns, Total: 342325 ns
[2025-04-27T11:57:26.233+0000][220.785s][debug][safepoint   ] Safepoint synchronization initiated using futex wait barrier. (212 threads)
[2025-04-27T11:57:26.233+0000][220.786s][info ][safepoint   ] Safepoint "Cleanup", Time since last: 1000230615 ns, Reaching safepoint: 165882 ns, Cleanup: 25174 ns, At safepoint: 20517 ns, Total: 211573 ns
[2025-04-27T11:57:27.234+0000][221.786s][debug][safepoint   ] Safepoint synchronization initiated using futex wait barrier. (212 threads)
[2025-04-27T11:57:27.234+0000][221.786s][info ][safepoint   ] Safepoint "Cleanup", Time since last: 1000360945 ns, Reaching safepoint: 204328 ns, Cleanup: 33784 ns, At safepoint: 23884 ns, Total: 261996 ns
[2025-04-27T11:57:31.234+0000][225.787s][debug][safepoint   ] Safepoint synchronization initiated using futex wait barrier. (212 threads)
[2025-04-27T11:57:31.235+0000][225.787s][info ][safepoint   ] Safepoint "Cleanup", Time since last: 4000567585 ns, Reaching safepoint: 156073 ns, Cleanup: 31073 ns, At safepoint: 16017 ns, Total: 203163 ns
[2025-04-27T11:57:33.235+0000][227.787s][debug][safepoint   ] Safepoint synchronization initiated using futex wait barrier. (212 threads)
[2025-04-27T11:57:33.235+0000][227.787s][info ][safepoint   ] Safepoint "Cleanup", Time since last: 2000276649 ns, Reaching safepoint: 93323 ns, Cleanup: 25128 ns, At safepoint: 12289 ns, Total: 130740 ns
[2025-04-27T11:57:34.235+0000][228.788s][debug][safepoint   ] Safepoint synchronization initiated using futex wait barrier. (212 threads)
[2025-04-27T11:57:34.235+0000][228.788s][info ][safepoint   ] Safepoint "Cleanup", Time since last: 1000195937 ns, Reaching safepoint: 169263 ns, Cleanup: 33401 ns, At safepoint: 17429 ns, Total: 220093 ns
[2025-04-27T11:57:36.236+0000][230.788s][debug][safepoint   ] Safepoint synchronization initiated using futex wait barrier. (212 threads)
[2025-04-27T11:57:36.236+0000][230.788s][info ][safepoint   ] Safepoint "Cleanup", Time since last: 2000296331 ns, Reaching safepoint: 193101 ns, Cleanup: 30132 ns, At safepoint: 20960 ns, Total: 244193 ns
[2025-04-27T11:57:37.236+0000][231.789s][debug][safepoint   ] Safepoint synchronization initiated using futex wait barrier. (212 threads)
[2025-04-27T11:57:37.236+0000][231.789s][info ][safepoint   ] Safepoint "Cleanup", Time since last: 1000229104 ns, Reaching safepoint: 188559 ns, Cleanup: 26721 ns, At safepoint: 19072 ns, Total: 234352 ns
[2025-04-27T11:57:38.237+0000][232.789s][debug][safepoint   ] Safepoint synchronization initiated using futex wait barrier. (212 threads)
[2025-04-27T11:57:38.237+0000][232.789s][info ][safepoint   ] Safepoint "Cleanup", Time since last: 1000194961 ns, Reaching safepoint: 269510 ns, Cleanup: 31089 ns, At safepoint: 27843 ns, Total: 328442 ns
[2025-04-27T11:57:39.237+0000][233.790s][debug][safepoint   ] Safepoint synchronization initiated using futex wait barrier. (212 threads)
[2025-04-27T11:57:39.237+0000][233.790s][info ][safepoint   ] Safepoint "Cleanup", Time since last: 1000239646 ns, Reaching safepoint: 172690 ns, Cleanup: 24699 ns, At safepoint: 18902 ns, Total: 216291 ns
[2025-04-27T11:57:40.238+0000][234.790s][debug][safepoint   ] Safepoint synchronization initiated using futex wait barrier. (212 threads)
[2025-04-27T11:57:40.238+0000][234.790s][info ][safepoint   ] Safepoint "Cleanup", Time since last: 1000207424 ns, Reaching safepoint: 129804 ns, Cleanup: 27752 ns, At safepoint: 15422 ns, Total: 172978 ns
[2025-04-27T11:57:41.238+0000][235.790s][debug][safepoint   ] Safepoint synchronization initiated using futex wait barrier. (212 threads)
[2025-04-27T11:57:41.238+0000][235.791s][info ][safepoint   ] Safepoint "Cleanup", Time since last: 1000215409 ns, Reaching safepoint: 169073 ns, Cleanup: 42951 ns, At safepoint: 23035 ns, Total: 235059 ns
[2025-04-27T11:57:43.239+0000][237.791s][debug][safepoint   ] Safepoint synchronization initiated using futex wait barrier. (212 threads)
[2025-04-27T11:57:43.239+0000][237.791s][info ][safepoint   ] Safepoint "Cleanup", Time since last: 2000270255 ns, Reaching safepoint: 197451 ns, Cleanup: 38364 ns, At safepoint: 23258 ns, Total: 259073 ns
[2025-04-27T11:57:44.239+0000][238.791s][debug][safepoint   ] Safepoint synchronization initiated using futex wait barrier. (212 threads)
[2025-04-27T11:57:44.239+0000][238.792s][info ][safepoint   ] Safepoint "Cleanup", Time since last: 1000193811 ns, Reaching safepoint: 183020 ns, Cleanup: 29218 ns, At safepoint: 22947 ns, Total: 235185 ns
[2025-04-27T11:57:45.239+0000][239.792s][debug][safepoint   ] Safepoint synchronization initiated using futex wait barrier. (212 threads)
[2025-04-27T11:57:45.240+0000][239.792s][info ][safepoint   ] Safepoint "Cleanup", Time since last: 1000174511 ns, Reaching safepoint: 172491 ns, Cleanup: 33954 ns, At safepoint: 16909 ns, Total: 223354 ns
[2025-04-27T11:57:46.240+0000][240.792s][debug][safepoint   ] Safepoint synchronization initiated using futex wait barrier. (212 threads)
[2025-04-27T11:57:46.240+0000][240.792s][info ][safepoint   ] Safepoint "Cleanup", Time since last: 1000180441 ns, Reaching safepoint: 187048 ns, Cleanup: 57214 ns, At safepoint: 24044 ns, Total: 268306 ns
[2025-04-27T11:57:47.240+0000][241.793s][debug][safepoint   ] Safepoint synchronization initiated using futex wait barrier. (212 threads)
[2025-04-27T11:57:47.240+0000][241.793s][info ][safepoint   ] Safepoint "Cleanup", Time since last: 1000174302 ns, Reaching safepoint: 125387 ns, Cleanup: 26998 ns, At safepoint: 13659 ns, Total: 166044 ns
[2025-04-27T11:57:48.240+0000][242.793s][debug][safepoint   ] Safepoint synchronization initiated using futex wait barrier. (212 threads)
[2025-04-27T11:57:48.241+0000][242.793s][info ][safepoint   ] Safepoint "Cleanup", Time since last: 1000099161 ns, Reaching safepoint: 45957 ns, Cleanup: 10101 ns, At safepoint: 4887 ns, Total: 60945 ns
[2025-04-27T11:57:51.241+0000][245.793s][debug][safepoint   ] Safepoint synchronization initiated using futex wait barrier. (212 threads)
[2025-04-27T11:57:51.241+0000][245.794s][info ][safepoint   ] Safepoint "Cleanup", Time since last: 3000426843 ns, Reaching safepoint: 157746 ns, Cleanup: 38487 ns, At safepoint: 21631 ns, Total: 217864 ns
[2025-04-27T11:57:52.241+0000][246.794s][debug][safepoint   ] Safepoint synchronization initiated using futex wait barrier. (212 threads)
[2025-04-27T11:57:52.242+0000][246.794s][info ][safepoint   ] Safepoint "Cleanup", Time since last: 1000183640 ns, Reaching safepoint: 162622 ns, Cleanup: 28736 ns, At safepoint: 25519 ns, Total: 216877 ns
[2025-04-27T11:57:53.242+0000][247.794s][debug][safepoint   ] Safepoint synchronization initiated using futex wait barrier. (212 threads)
[2025-04-27T11:57:53.242+0000][247.794s][info ][safepoint   ] Safepoint "Cleanup", Time since last: 1000199079 ns, Reaching safepoint: 180494 ns, Cleanup: 24728 ns, At safepoint: 20917 ns, Total: 226139 ns
[2025-04-27T11:57:55.242+0000][249.795s][debug][safepoint   ] Safepoint synchronization initiated using futex wait barrier. (212 threads)
[2025-04-27T11:57:55.243+0000][249.795s][info ][safepoint   ] Safepoint "Cleanup", Time since last: 2000362267 ns, Reaching safepoint: 133173 ns, Cleanup: 21491 ns, At safepoint: 16396 ns, Total: 171060 ns
[2025-04-27T11:57:57.243+0000][251.795s][debug][safepoint   ] Safepoint synchronization initiated using futex wait barrier. (212 threads)
[2025-04-27T11:57:57.243+0000][251.795s][info ][safepoint   ] Safepoint "Cleanup", Time since last: 2000354385 ns, Reaching safepoint: 198180 ns, Cleanup: 27915 ns, At safepoint: 24793 ns, Total: 250888 ns
[2025-04-27T11:57:59.244+0000][253.796s][debug][safepoint   ] Safepoint synchronization initiated using futex wait barrier. (212 threads)
[2025-04-27T11:57:59.244+0000][253.796s][info ][safepoint   ] Safepoint "Cleanup", Time since last: 2000334442 ns, Reaching safepoint: 170870 ns, Cleanup: 34591 ns, At safepoint: 22705 ns, Total: 228166 ns
[2025-04-27T11:58:00.244+0000][254.796s][debug][safepoint   ] Safepoint synchronization initiated using futex wait barrier. (212 threads)
[2025-04-27T11:58:00.244+0000][254.796s][info ][safepoint   ] Safepoint "Cleanup", Time since last: 1000192270 ns, Reaching safepoint: 124255 ns, Cleanup: 22721 ns, At safepoint: 16625 ns, Total: 163601 ns
[2025-04-27T11:58:01.244+0000][255.797s][debug][safepoint   ] Safepoint synchronization initiated using futex wait barrier. (212 threads)
[2025-04-27T11:58:01.245+0000][255.797s][info ][safepoint   ] Safepoint "Cleanup", Time since last: 1000178032 ns, Reaching safepoint: 217878 ns, Cleanup: 27520 ns, At safepoint: 14822 ns, Total: 260220 ns
[2025-04-27T11:58:05.245+0000][259.797s][debug][safepoint   ] Safepoint synchronization initiated using futex wait barrier. (212 threads)
[2025-04-27T11:58:05.245+0000][259.797s][info ][safepoint   ] Safepoint "Cleanup", Time since last: 4000457695 ns, Reaching safepoint: 66724 ns, Cleanup: 18328 ns, At safepoint: 6974 ns, Total: 92026 ns
[2025-04-27T11:58:06.245+0000][260.798s][debug][safepoint   ] Safepoint synchronization initiated using futex wait barrier. (212 threads)
[2025-04-27T11:58:06.246+0000][260.798s][info ][safepoint   ] Safepoint "Cleanup", Time since last: 1000295801 ns, Reaching safepoint: 217581 ns, Cleanup: 35886 ns, At safepoint: 24948 ns, Total: 278415 ns
[2025-04-27T11:58:09.246+0000][263.799s][debug][safepoint   ] Safepoint synchronization initiated using futex wait barrier. (212 threads)
[2025-04-27T11:58:09.247+0000][263.799s][info ][safepoint   ] Safepoint "Cleanup", Time since last: 3000581772 ns, Reaching safepoint: 283988 ns, Cleanup: 36606 ns, At safepoint: 25605 ns, Total: 346199 ns
[2025-04-27T11:58:11.247+0000][265.799s][debug][safepoint   ] Safepoint synchronization initiated using futex wait barrier. (212 threads)
[2025-04-27T11:58:11.247+0000][265.799s][info ][safepoint   ] Safepoint "Cleanup", Time since last: 2000354466 ns, Reaching safepoint: 155581 ns, Cleanup: 35275 ns, At safepoint: 18763 ns, Total: 209619 ns
[2025-04-27T11:58:12.644+0000][267.196s][debug][safepoint   ] Safepoint synchronization initiated using futex wait barrier. (211 threads)
[2025-04-27T11:58:12.645+0000][267.197s][info ][safepoint   ] Safepoint "Cleanup", Time since last: 1396472146 ns, Reaching safepoint: 316063 ns, Cleanup: 796135 ns, At safepoint: 70795 ns, Total: 1182993 ns
[2025-04-27T11:58:13.645+0000][268.197s][debug][safepoint   ] Safepoint synchronization initiated using futex wait barrier. (211 threads)
[2025-04-27T11:58:13.645+0000][268.198s][info ][safepoint   ] Safepoint "Cleanup", Time since last: 1000287154 ns, Reaching safepoint: 263187 ns, Cleanup: 41096 ns, At safepoint: 28919 ns, Total: 333202 ns
[2025-04-27T11:58:14.646+0000][269.198s][debug][safepoint   ] Safepoint synchronization initiated using futex wait barrier. (211 threads)
[2025-04-27T11:58:14.646+0000][269.198s][info ][safepoint   ] Safepoint "Cleanup", Time since last: 1000180136 ns, Reaching safepoint: 173841 ns, Cleanup: 22506 ns, At safepoint: 14342 ns, Total: 210689 ns
[2025-04-27T11:58:15.646+0000][270.198s][debug][safepoint   ] Safepoint synchronization initiated using futex wait barrier. (211 threads)
[2025-04-27T11:58:15.646+0000][270.198s][info ][safepoint   ] Safepoint "Cleanup", Time since last: 1000164939 ns, Reaching safepoint: 132800 ns, Cleanup: 28359 ns, At safepoint: 7466 ns, Total: 168625 ns
[2025-04-27T11:58:16.646+0000][271.199s][debug][safepoint   ] Safepoint synchronization initiated using futex wait barrier. (211 threads)
[2025-04-27T11:58:16.646+0000][271.199s][info ][safepoint   ] Safepoint "Cleanup", Time since last: 1000155073 ns, Reaching safepoint: 105616 ns, Cleanup: 16667 ns, At safepoint: 8627 ns, Total: 130910 ns
[2025-04-27T11:58:17.647+0000][272.199s][debug][safepoint   ] Safepoint synchronization initiated using futex wait barrier. (210 threads)
[2025-04-27T11:58:17.647+0000][272.199s][info ][safepoint   ] Safepoint "Cleanup", Time since last: 1000089428 ns, Reaching safepoint: 59794 ns, Cleanup: 20979 ns, At safepoint: 9093 ns, Total: 89866 ns
[2025-04-27T11:58:20.647+0000][275.199s][debug][safepoint   ] Safepoint synchronization initiated using futex wait barrier. (209 threads)
[2025-04-27T11:58:20.647+0000][275.199s][info ][safepoint   ] Safepoint "Cleanup", Time since last: 3000271647 ns, Reaching safepoint: 87273 ns, Cleanup: 19347 ns, At safepoint: 26804 ns, Total: 133424 ns
[2025-04-27T11:58:21.647+0000][276.199s][debug][safepoint   ] Safepoint synchronization initiated using futex wait barrier. (209 threads)
[2025-04-27T11:58:21.647+0000][276.200s][info ][safepoint   ] Safepoint "Cleanup", Time since last: 1000096717 ns, Reaching safepoint: 70248 ns, Cleanup: 22222 ns, At safepoint: 8189 ns, Total: 100659 ns
[2025-04-27T11:58:22.647+0000][277.200s][debug][safepoint   ] Safepoint synchronization initiated using futex wait barrier. (209 threads)
[2025-04-27T11:58:22.647+0000][277.200s][info ][safepoint   ] Safepoint "Cleanup", Time since last: 1000115425 ns, Reaching safepoint: 72226 ns, Cleanup: 15903 ns, At safepoint: 5166 ns, Total: 93295 ns
[2025-04-27T11:58:25.387+0000][279.939s][debug][safepoint   ] Safepoint synchronization initiated using futex wait barrier. (209 threads)
[2025-04-27T11:58:25.387+0000][279.939s][info ][safepoint   ] Safepoint "Cleanup", Time since last: 2739502883 ns, Reaching safepoint: 178223 ns, Cleanup: 30086 ns, At safepoint: 33523 ns, Total: 241832 ns
[2025-04-27T11:58:26.387+0000][280.940s][debug][safepoint   ] Safepoint synchronization initiated using futex wait barrier. (209 threads)
[2025-04-27T11:58:26.388+0000][280.940s][info ][safepoint   ] Safepoint "Cleanup", Time since last: 1000270047 ns, Reaching safepoint: 42332 ns, Cleanup: 26165 ns, At safepoint: 3823 ns, Total: 72320 ns
[2025-04-27T11:58:27.388+0000][281.940s][debug][safepoint   ] Safepoint synchronization initiated using futex wait barrier. (209 threads)
[2025-04-27T11:58:27.388+0000][281.940s][info ][safepoint   ] Safepoint "Cleanup", Time since last: 1000160937 ns, Reaching safepoint: 198506 ns, Cleanup: 38051 ns, At safepoint: 21786 ns, Total: 258343 ns
[2025-04-27T11:58:28.389+0000][282.941s][debug][safepoint   ] Safepoint synchronization initiated using futex wait barrier. (209 threads)
[2025-04-27T11:58:28.389+0000][282.941s][info ][safepoint   ] Safepoint "Cleanup", Time since last: 1000676000 ns, Reaching safepoint: 219253 ns, Cleanup: 37636 ns, At safepoint: 24644 ns, Total: 281533 ns
[2025-04-27T11:58:29.390+0000][283.942s][debug][safepoint   ] Safepoint synchronization initiated using futex wait barrier. (209 threads)
[2025-04-27T11:58:29.390+0000][283.943s][info ][safepoint   ] Safepoint "Cleanup", Time since last: 1001143403 ns, Reaching safepoint: 179891 ns, Cleanup: 30569 ns, At safepoint: 19871 ns, Total: 230331 ns
[2025-04-27T11:58:33.392+0000][287.945s][debug][safepoint   ] Safepoint synchronization initiated using futex wait barrier. (209 threads)
[2025-04-27T11:58:33.393+0000][287.945s][info ][safepoint   ] Safepoint "Cleanup", Time since last: 4002093347 ns, Reaching safepoint: 118834 ns, Cleanup: 19798 ns, At safepoint: 11269 ns, Total: 149901 ns
[2025-04-27T11:58:35.395+0000][289.948s][debug][safepoint   ] Safepoint synchronization initiated using futex wait barrier. (209 threads)
[2025-04-27T11:58:35.397+0000][289.949s][info ][safepoint   ] Safepoint "Cleanup", Time since last: 2002912508 ns, Reaching safepoint: 207241 ns, Cleanup: 35743 ns, At safepoint: 1143665 ns, Total: 1386649 ns
[2025-04-27T11:58:38.397+0000][292.950s][debug][safepoint   ] Safepoint synchronization initiated using futex wait barrier. (209 threads)
[2025-04-27T11:58:38.398+0000][292.950s][info ][safepoint   ] Safepoint "Cleanup", Time since last: 3000625405 ns, Reaching safepoint: 255733 ns, Cleanup: 46548 ns, At safepoint: 24877 ns, Total: 327158 ns
[2025-04-27T11:58:40.398+0000][294.950s][debug][safepoint   ] Safepoint synchronization initiated using futex wait barrier. (209 threads)
[2025-04-27T11:58:40.399+0000][294.952s][info ][safepoint   ] Safepoint "Cleanup", Time since last: 2000315829 ns, Reaching safepoint: 313779 ns, Cleanup: 104383 ns, At safepoint: 706159 ns, Total: 1124321 ns
[2025-04-27T11:58:41.400+0000][295.952s][debug][safepoint   ] Safepoint synchronization initiated using futex wait barrier. (209 threads)
[2025-04-27T11:58:41.400+0000][295.952s][info ][safepoint   ] Safepoint "Cleanup", Time since last: 1000350582 ns, Reaching safepoint: 257284 ns, Cleanup: 70655 ns, At safepoint: 27985 ns, Total: 355924 ns
[2025-04-27T11:58:42.400+0000][296.952s][debug][safepoint   ] Safepoint synchronization initiated using futex wait barrier. (209 threads)
[2025-04-27T11:58:42.400+0000][296.952s][info ][safepoint   ] Safepoint "Cleanup", Time since last: 1000175337 ns, Reaching safepoint: 61975 ns, Cleanup: 11800 ns, At safepoint: 6883 ns, Total: 80658 ns
[2025-04-27T11:58:44.401+0000][298.953s][debug][safepoint   ] Safepoint synchronization initiated using futex wait barrier. (209 threads)
[2025-04-27T11:58:44.401+0000][298.953s][info ][safepoint   ] Safepoint "Cleanup", Time since last: 2000372653 ns, Reaching safepoint: 204678 ns, Cleanup: 22293 ns, At safepoint: 14785 ns, Total: 241756 ns
[2025-04-27T11:58:45.401+0000][299.953s][debug][safepoint   ] Safepoint synchronization initiated using futex wait barrier. (209 threads)
[2025-04-27T11:58:45.401+0000][299.953s][info ][safepoint   ] Safepoint "Cleanup", Time since last: 1000104971 ns, Reaching safepoint: 60611 ns, Cleanup: 21557 ns, At safepoint: 6253 ns, Total: 88421 ns
[2025-04-27T11:58:48.345+0000][302.898s][debug][safepoint   ] Safepoint synchronization initiated using futex wait barrier. (209 threads)
[2025-04-27T11:58:48.346+0000][302.898s][info ][safepoint   ] Safepoint "Cleanup", Time since last: 2944465335 ns, Reaching safepoint: 58734 ns, Cleanup: 14514 ns, At safepoint: 7384 ns, Total: 80632 ns
[2025-04-27T11:58:50.346+0000][304.898s][debug][safepoint   ] Safepoint synchronization initiated using futex wait barrier. (209 threads)
[2025-04-27T11:58:50.346+0000][304.898s][info ][safepoint   ] Safepoint "Cleanup", Time since last: 2000168721 ns, Reaching safepoint: 55123 ns, Cleanup: 14532 ns, At safepoint: 6220 ns, Total: 75875 ns
[2025-04-27T11:58:54.346+0000][308.898s][debug][safepoint   ] Safepoint synchronization initiated using futex wait barrier. (209 threads)
[2025-04-27T11:58:54.346+0000][308.899s][info ][safepoint   ] Safepoint "Cleanup", Time since last: 4000386747 ns, Reaching safepoint: 150823 ns, Cleanup: 36717 ns, At safepoint: 21689 ns, Total: 209229 ns
[2025-04-27T11:58:57.347+0000][311.899s][debug][safepoint   ] Safepoint synchronization initiated using futex wait barrier. (209 threads)
[2025-04-27T11:58:57.347+0000][311.899s][info ][safepoint   ] Safepoint "Cleanup", Time since last: 3000250846 ns, Reaching safepoint: 51387 ns, Cleanup: 13259 ns, At safepoint: 4584 ns, Total: 69230 ns
[2025-04-27T11:58:58.347+0000][312.899s][debug][safepoint   ] Safepoint synchronization initiated using futex wait barrier. (209 threads)
[2025-04-27T11:58:58.347+0000][312.899s][info ][safepoint   ] Safepoint "Cleanup", Time since last: 1000077897 ns, Reaching safepoint: 64633 ns, Cleanup: 10801 ns, At safepoint: 4716 ns, Total: 80150 ns
[2025-04-27T11:59:00.347+0000][314.899s][debug][safepoint   ] Safepoint synchronization initiated using futex wait barrier. (209 threads)
[2025-04-27T11:59:00.347+0000][314.899s][info ][safepoint   ] Safepoint "Cleanup", Time since last: 2000162570 ns, Reaching safepoint: 51729 ns, Cleanup: 10091 ns, At safepoint: 5774 ns, Total: 67594 ns
[2025-04-27T11:59:02.347+0000][316.900s][debug][safepoint   ] Safepoint synchronization initiated using futex wait barrier. (209 threads)
[2025-04-27T11:59:02.347+0000][316.900s][info ][safepoint   ] Safepoint "Cleanup", Time since last: 2000210193 ns, Reaching safepoint: 145153 ns, Cleanup: 24362 ns, At safepoint: 12106 ns, Total: 181621 ns
[2025-04-27T11:59:04.348+0000][318.900s][debug][safepoint   ] Safepoint synchronization initiated using futex wait barrier. (209 threads)
[2025-04-27T11:59:04.348+0000][318.900s][info ][safepoint   ] Safepoint "Cleanup", Time since last: 2000234603 ns, Reaching safepoint: 140222 ns, Cleanup: 29775 ns, At safepoint: 30323 ns, Total: 200320 ns
[2025-04-27T11:59:06.349+0000][320.901s][debug][safepoint   ] Safepoint synchronization initiated using futex wait barrier. (209 threads)
[2025-04-27T11:59:06.349+0000][320.901s][info ][safepoint   ] Safepoint "Cleanup", Time since last: 2000763608 ns, Reaching safepoint: 102234 ns, Cleanup: 23164 ns, At safepoint: 12526 ns, Total: 137924 ns
[2025-04-27T11:59:07.349+0000][321.901s][debug][safepoint   ] Safepoint synchronization initiated using futex wait barrier. (209 threads)
[2025-04-27T11:59:07.349+0000][321.901s][info ][safepoint   ] Safepoint "Cleanup", Time since last: 1000193467 ns, Reaching safepoint: 56449 ns, Cleanup: 16292 ns, At safepoint: 9083 ns, Total: 81824 ns
[2025-04-27T11:59:11.349+0000][325.902s][debug][safepoint   ] Safepoint synchronization initiated using futex wait barrier. (209 threads)
[2025-04-27T11:59:11.350+0000][325.902s][info ][safepoint   ] Safepoint "Cleanup", Time since last: 4000281636 ns, Reaching safepoint: 142729 ns, Cleanup: 61017 ns, At safepoint: 15187 ns, Total: 218933 ns
[2025-04-27T11:59:12.350+0000][326.902s][debug][safepoint   ] Safepoint synchronization initiated using futex wait barrier. (209 threads)
[2025-04-27T11:59:12.350+0000][326.902s][info ][safepoint   ] Safepoint "Cleanup", Time since last: 1000144189 ns, Reaching safepoint: 49450 ns, Cleanup: 11027 ns, At safepoint: 5054 ns, Total: 65531 ns
[2025-04-27T11:59:15.350+0000][329.902s][debug][safepoint   ] Safepoint synchronization initiated using futex wait barrier. (209 threads)
[2025-04-27T11:59:15.350+0000][329.903s][info ][safepoint   ] Safepoint "Cleanup", Time since last: 3000323600 ns, Reaching safepoint: 247395 ns, Cleanup: 27229 ns, At safepoint: 14386 ns, Total: 289010 ns
[2025-04-27T11:59:17.351+0000][331.903s][debug][safepoint   ] Safepoint synchronization initiated using futex wait barrier. (209 threads)
[2025-04-27T11:59:17.351+0000][331.903s][info ][safepoint   ] Safepoint "Cleanup", Time since last: 2000194856 ns, Reaching safepoint: 55020 ns, Cleanup: 16379 ns, At safepoint: 4458 ns, Total: 75857 ns
[2025-04-27T11:59:18.351+0000][332.903s][debug][safepoint   ] Safepoint synchronization initiated using futex wait barrier. (208 threads)
[2025-04-27T11:59:18.351+0000][332.903s][info ][safepoint   ] Safepoint "Cleanup", Time since last: 1000140354 ns, Reaching safepoint: 53785 ns, Cleanup: 12024 ns, At safepoint: 5593 ns, Total: 71402 ns
[2025-04-27T11:59:19.351+0000][333.903s][debug][safepoint   ] Safepoint synchronization initiated using futex wait barrier. (208 threads)
[2025-04-27T11:59:19.351+0000][333.903s][info ][safepoint   ] Safepoint "Cleanup", Time since last: 1000126627 ns, Reaching safepoint: 77452 ns, Cleanup: 14349 ns, At safepoint: 8462 ns, Total: 100263 ns
[2025-04-27T11:59:25.352+0000][339.904s][debug][safepoint   ] Safepoint synchronization initiated using futex wait barrier. (208 threads)
[2025-04-27T11:59:25.352+0000][339.904s][info ][safepoint   ] Safepoint "Cleanup", Time since last: 6000465651 ns, Reaching safepoint: 202822 ns, Cleanup: 28387 ns, At safepoint: 22807 ns, Total: 254016 ns
[2025-04-27T11:59:26.352+0000][340.904s][debug][safepoint   ] Safepoint synchronization initiated using futex wait barrier. (208 threads)
[2025-04-27T11:59:26.352+0000][340.904s][info ][safepoint   ] Safepoint "Cleanup", Time since last: 1000113598 ns, Reaching safepoint: 66292 ns, Cleanup: 20116 ns, At safepoint: 5088 ns, Total: 91496 ns
[2025-04-27T11:59:27.352+0000][341.905s][debug][safepoint   ] Safepoint synchronization initiated using futex wait barrier. (208 threads)
[2025-04-27T11:59:27.352+0000][341.905s][info ][safepoint   ] Safepoint "Cleanup", Time since last: 1000192177 ns, Reaching safepoint: 173823 ns, Cleanup: 44554 ns, At safepoint: 23068 ns, Total: 241445 ns
[2025-04-27T11:59:29.353+0000][343.905s][debug][safepoint   ] Safepoint synchronization initiated using futex wait barrier. (208 threads)
[2025-04-27T11:59:29.353+0000][343.905s][info ][safepoint   ] Safepoint "Cleanup", Time since last: 2000190152 ns, Reaching safepoint: 46488 ns, Cleanup: 9771 ns, At safepoint: 4802 ns, Total: 61061 ns
[2025-04-27T11:59:30.353+0000][344.905s][debug][safepoint   ] Safepoint synchronization initiated using futex wait barrier. (208 threads)
[2025-04-27T11:59:30.353+0000][344.905s][info ][safepoint   ] Safepoint "Cleanup", Time since last: 1000191546 ns, Reaching safepoint: 54604 ns, Cleanup: 10271 ns, At safepoint: 5209 ns, Total: 70084 ns
[2025-04-27T11:59:31.353+0000][345.905s][debug][safepoint   ] Safepoint synchronization initiated using futex wait barrier. (208 threads)
[2025-04-27T11:59:31.353+0000][345.906s][info ][safepoint   ] Safepoint "Cleanup", Time since last: 1000144467 ns, Reaching safepoint: 54503 ns, Cleanup: 16604 ns, At safepoint: 6384 ns, Total: 77491 ns
[2025-04-27T11:59:32.353+0000][346.906s][debug][safepoint   ] Safepoint synchronization initiated using futex wait barrier. (208 threads)
[2025-04-27T11:59:32.354+0000][346.906s][info ][safepoint   ] Safepoint "Cleanup", Time since last: 1000174683 ns, Reaching safepoint: 195813 ns, Cleanup: 33457 ns, At safepoint: 26024 ns, Total: 255294 ns
[2025-04-27T11:59:34.354+0000][348.906s][debug][safepoint   ] Safepoint synchronization initiated using futex wait barrier. (208 threads)
[2025-04-27T11:59:34.354+0000][348.907s][info ][safepoint   ] Safepoint "Cleanup", Time since last: 2000278140 ns, Reaching safepoint: 263548 ns, Cleanup: 26715 ns, At safepoint: 16791 ns, Total: 307054 ns
[2025-04-27T11:59:35.354+0000][349.907s][debug][safepoint   ] Safepoint synchronization initiated using futex wait barrier. (208 threads)
[2025-04-27T11:59:35.354+0000][349.907s][info ][safepoint   ] Safepoint "Cleanup", Time since last: 1000143786 ns, Reaching safepoint: 76421 ns, Cleanup: 20258 ns, At safepoint: 5988 ns, Total: 102667 ns
[2025-04-27T11:59:39.355+0000][353.907s][debug][safepoint   ] Safepoint synchronization initiated using futex wait barrier. (208 threads)
[2025-04-27T11:59:39.355+0000][353.907s][info ][safepoint   ] Safepoint "Cleanup", Time since last: 4000384552 ns, Reaching safepoint: 89618 ns, Cleanup: 10630 ns, At safepoint: 7559 ns, Total: 107807 ns
[2025-04-27T11:59:40.355+0000][354.907s][debug][safepoint   ] Safepoint synchronization initiated using futex wait barrier. (208 threads)
[2025-04-27T11:59:40.355+0000][354.907s][info ][safepoint   ] Safepoint "Cleanup", Time since last: 1000090954 ns, Reaching safepoint: 77487 ns, Cleanup: 21494 ns, At safepoint: 6721 ns, Total: 105702 ns
[2025-04-27T11:59:41.355+0000][355.908s][debug][safepoint   ] Safepoint synchronization initiated using futex wait barrier. (208 threads)
[2025-04-27T11:59:41.356+0000][355.908s][info ][safepoint   ] Safepoint "Cleanup", Time since last: 1000158038 ns, Reaching safepoint: 322855 ns, Cleanup: 62269 ns, At safepoint: 29786 ns, Total: 414910 ns
[2025-04-27T11:59:42.356+0000][356.908s][debug][safepoint   ] Safepoint synchronization initiated using futex wait barrier. (208 threads)
[2025-04-27T11:59:42.356+0000][356.909s][info ][safepoint   ] Safepoint "Cleanup", Time since last: 1000344688 ns, Reaching safepoint: 193229 ns, Cleanup: 46132 ns, At safepoint: 47979 ns, Total: 287340 ns
[2025-04-27T11:59:45.357+0000][359.909s][debug][safepoint   ] Safepoint synchronization initiated using futex wait barrier. (208 threads)
[2025-04-27T11:59:45.357+0000][359.909s][info ][safepoint   ] Safepoint "Cleanup", Time since last: 3000310350 ns, Reaching safepoint: 53060 ns, Cleanup: 12561 ns, At safepoint: 7441 ns, Total: 73062 ns
[2025-04-27T11:59:46.357+0000][360.909s][debug][safepoint   ] Safepoint synchronization initiated using futex wait barrier. (208 threads)
[2025-04-27T11:59:46.357+0000][360.909s][info ][safepoint   ] Safepoint "Cleanup", Time since last: 1000130397 ns, Reaching safepoint: 77984 ns, Cleanup: 15846 ns, At safepoint: 10260 ns, Total: 104090 ns
[2025-04-27T11:59:47.357+0000][361.909s][debug][safepoint   ] Safepoint synchronization initiated using futex wait barrier. (208 threads)
[2025-04-27T11:59:47.357+0000][361.910s][info ][safepoint   ] Safepoint "Cleanup", Time since last: 1000164858 ns, Reaching safepoint: 182559 ns, Cleanup: 84657 ns, At safepoint: 24430 ns, Total: 291646 ns
[2025-04-27T11:59:48.358+0000][362.910s][debug][safepoint   ] Safepoint synchronization initiated using futex wait barrier. (208 threads)
[2025-04-27T11:59:48.358+0000][362.910s][info ][safepoint   ] Safepoint "Cleanup", Time since last: 1000123107 ns, Reaching safepoint: 72615 ns, Cleanup: 15311 ns, At safepoint: 4339 ns, Total: 92265 ns
[2025-04-27T11:59:51.359+0000][365.911s][debug][safepoint   ] Safepoint synchronization initiated using futex wait barrier. (208 threads)
[2025-04-27T11:59:51.359+0000][365.911s][info ][safepoint   ] Safepoint "Cleanup", Time since last: 3001084433 ns, Reaching safepoint: 200452 ns, Cleanup: 43843 ns, At safepoint: 24420 ns, Total: 268715 ns
[2025-04-27T11:59:52.362+0000][366.914s][debug][safepoint   ] Safepoint synchronization initiated using futex wait barrier. (208 threads)
[2025-04-27T11:59:52.362+0000][366.914s][info ][safepoint   ] Safepoint "Cleanup", Time since last: 1002659513 ns, Reaching safepoint: 196000 ns, Cleanup: 35041 ns, At safepoint: 47644 ns, Total: 278685 ns
[2025-04-27T11:59:53.363+0000][367.916s][debug][safepoint   ] Safepoint synchronization initiated using futex wait barrier. (208 threads)
[2025-04-27T11:59:53.364+0000][367.916s][info ][safepoint   ] Safepoint "Cleanup", Time since last: 1001493861 ns, Reaching safepoint: 211158 ns, Cleanup: 37968 ns, At safepoint: 43500 ns, Total: 292626 ns
[2025-04-27T11:59:54.364+0000][368.916s][debug][safepoint   ] Safepoint synchronization initiated using futex wait barrier. (208 threads)
[2025-04-27T11:59:54.364+0000][368.917s][info ][safepoint   ] Safepoint "Cleanup", Time since last: 1000215824 ns, Reaching safepoint: 277463 ns, Cleanup: 42930 ns, At safepoint: 24701 ns, Total: 345094 ns
[2025-04-27T11:59:57.365+0000][371.918s][debug][safepoint   ] Safepoint synchronization initiated using futex wait barrier. (208 threads)
[2025-04-27T11:59:57.365+0000][371.918s][info ][safepoint   ] Safepoint "Cleanup", Time since last: 3000975273 ns, Reaching safepoint: 76333 ns, Cleanup: 13335 ns, At safepoint: 6606 ns, Total: 96274 ns
[2025-04-27T11:59:58.366+0000][372.918s][debug][safepoint   ] Safepoint synchronization initiated using futex wait barrier. (208 threads)
[2025-04-27T11:59:58.366+0000][372.919s][info ][safepoint   ] Safepoint "Cleanup", Time since last: 1000238784 ns, Reaching safepoint: 504399 ns, Cleanup: 93253 ns, At safepoint: 62553 ns, Total: 660205 ns
[2025-04-27T12:00:00.367+0000][374.919s][debug][safepoint   ] Safepoint synchronization initiated using futex wait barrier. (208 threads)
[2025-04-27T12:00:00.367+0000][374.920s][info ][safepoint   ] Safepoint "Cleanup", Time since last: 2000909165 ns, Reaching safepoint: 240913 ns, Cleanup: 58537 ns, At safepoint: 30258 ns, Total: 329708 ns
[2025-04-27T12:00:01.368+0000][375.921s][debug][safepoint   ] Safepoint synchronization initiated using futex wait barrier. (208 threads)
[2025-04-27T12:00:01.369+0000][375.921s][info ][safepoint   ] Safepoint "Cleanup", Time since last: 1000887332 ns, Reaching safepoint: 211762 ns, Cleanup: 44701 ns, At safepoint: 21742 ns, Total: 278205 ns
[2025-04-27T12:00:02.369+0000][376.921s][debug][safepoint   ] Safepoint synchronization initiated using futex wait barrier. (208 threads)
[2025-04-27T12:00:02.369+0000][376.922s][info ][safepoint   ] Safepoint "Cleanup", Time since last: 1000224076 ns, Reaching safepoint: 426003 ns, Cleanup: 72879 ns, At safepoint: 33009 ns, Total: 531891 ns
[2025-04-27T12:00:03.370+0000][377.922s][debug][safepoint   ] Safepoint synchronization initiated using futex wait barrier. (208 threads)
[2025-04-27T12:00:03.370+0000][377.922s][info ][safepoint   ] Safepoint "Cleanup", Time since last: 1000255884 ns, Reaching safepoint: 210667 ns, Cleanup: 42839 ns, At safepoint: 25591 ns, Total: 279097 ns
[2025-04-27T12:00:09.372+0000][383.924s][debug][safepoint   ] Safepoint synchronization initiated using futex wait barrier. (208 threads)
[2025-04-27T12:00:09.372+0000][383.924s][info ][safepoint   ] Safepoint "Cleanup", Time since last: 6001600453 ns, Reaching safepoint: 358826 ns, Cleanup: 41427 ns, At safepoint: 26170 ns, Total: 426423 ns
[2025-04-27T12:00:11.372+0000][385.925s][debug][safepoint   ] Safepoint synchronization initiated using futex wait barrier. (208 threads)
[2025-04-27T12:00:11.373+0000][385.925s][info ][safepoint   ] Safepoint "Cleanup", Time since last: 2000342537 ns, Reaching safepoint: 232516 ns, Cleanup: 40346 ns, At safepoint: 26631 ns, Total: 299493 ns
[2025-04-27T12:00:16.373+0000][390.926s][debug][safepoint   ] Safepoint synchronization initiated using futex wait barrier. (208 threads)
[2025-04-27T12:00:16.373+0000][390.926s][info ][safepoint   ] Safepoint "Cleanup", Time since last: 5000712070 ns, Reaching safepoint: 74600 ns, Cleanup: 12335 ns, At safepoint: 8855 ns, Total: 95790 ns
[2025-04-27T12:00:18.374+0000][392.926s][debug][safepoint   ] Safepoint synchronization initiated using futex wait barrier. (207 threads)
[2025-04-27T12:00:18.374+0000][392.926s][info ][safepoint   ] Safepoint "Cleanup", Time since last: 2000175967 ns, Reaching safepoint: 93753 ns, Cleanup: 18049 ns, At safepoint: 5736 ns, Total: 117538 ns
[2025-04-27T12:00:19.374+0000][393.926s][debug][safepoint   ] Safepoint synchronization initiated using futex wait barrier. (207 threads)
[2025-04-27T12:00:19.374+0000][393.926s][info ][safepoint   ] Safepoint "Cleanup", Time since last: 1000125404 ns, Reaching safepoint: 95598 ns, Cleanup: 9613 ns, At safepoint: 4266 ns, Total: 109477 ns
[2025-04-27T12:00:20.374+0000][394.927s][debug][safepoint   ] Safepoint synchronization initiated using futex wait barrier. (207 threads)
[2025-04-27T12:00:20.374+0000][394.927s][info ][safepoint   ] Safepoint "Cleanup", Time since last: 1000255197 ns, Reaching safepoint: 236562 ns, Cleanup: 31361 ns, At safepoint: 23733 ns, Total: 291656 ns
[2025-04-27T12:00:24.375+0000][398.928s][debug][safepoint   ] Safepoint synchronization initiated using futex wait barrier. (207 threads)
[2025-04-27T12:00:24.376+0000][398.929s][info ][safepoint   ] Safepoint "Cleanup", Time since last: 4000937942 ns, Reaching safepoint: 611892 ns, Cleanup: 108511 ns, At safepoint: 103553 ns, Total: 823956 ns
[2025-04-27T12:00:29.377+0000][403.930s][debug][safepoint   ] Safepoint synchronization initiated using futex wait barrier. (207 threads)
[2025-04-27T12:00:29.377+0000][403.930s][info ][safepoint   ] Safepoint "Cleanup", Time since last: 5000991414 ns, Reaching safepoint: 191657 ns, Cleanup: 28758 ns, At safepoint: 19773 ns, Total: 240188 ns
[2025-04-27T12:00:32.378+0000][406.930s][debug][safepoint   ] Safepoint synchronization initiated using futex wait barrier. (207 threads)
[2025-04-27T12:00:32.378+0000][406.931s][debug][safepoint   ] ... found polling page loop exception at pc = 0x00007a342db6cbbd, stub =0x00007a342c98e400
[2025-04-27T12:00:32.379+0000][406.931s][info ][safepoint   ] Safepoint "Cleanup", Time since last: 3000429423 ns, Reaching safepoint: 730616 ns, Cleanup: 42235 ns, At safepoint: 127930 ns, Total: 900781 ns
[2025-04-27T12:00:33.379+0000][407.931s][debug][safepoint   ] Safepoint synchronization initiated using futex wait barrier. (207 threads)
[2025-04-27T12:00:33.379+0000][407.932s][info ][safepoint   ] Safepoint "Cleanup", Time since last: 1000299913 ns, Reaching safepoint: 152654 ns, Cleanup: 37073 ns, At safepoint: 56410 ns, Total: 246137 ns
[2025-04-27T12:00:35.380+0000][409.932s][debug][safepoint   ] Safepoint synchronization initiated using futex wait barrier. (207 threads)
[2025-04-27T12:00:35.380+0000][409.932s][info ][safepoint   ] Safepoint "Cleanup", Time since last: 2000242246 ns, Reaching safepoint: 80014 ns, Cleanup: 16576 ns, At safepoint: 9191 ns, Total: 105781 ns
[2025-04-27T12:00:36.380+0000][410.932s][debug][safepoint   ] Safepoint synchronization initiated using futex wait barrier. (207 threads)
[2025-04-27T12:00:36.380+0000][410.932s][info ][safepoint   ] Safepoint "Cleanup", Time since last: 1000174233 ns, Reaching safepoint: 142782 ns, Cleanup: 31913 ns, At safepoint: 19303 ns, Total: 193998 ns
[2025-04-27T12:00:39.381+0000][413.933s][debug][safepoint   ] Safepoint synchronization initiated using futex wait barrier. (207 threads)
[2025-04-27T12:00:39.381+0000][413.933s][info ][safepoint   ] Safepoint "Cleanup", Time since last: 3000620748 ns, Reaching safepoint: 142870 ns, Cleanup: 33334 ns, At safepoint: 18912 ns, Total: 195116 ns
[2025-04-27T12:00:41.381+0000][415.933s][debug][safepoint   ] Safepoint synchronization initiated using futex wait barrier. (207 threads)
[2025-04-27T12:00:41.381+0000][415.933s][info ][safepoint   ] Safepoint "Cleanup", Time since last: 2000204443 ns, Reaching safepoint: 50805 ns, Cleanup: 23278 ns, At safepoint: 5464 ns, Total: 79547 ns
[2025-04-27T12:00:44.382+0000][418.934s][debug][safepoint   ] Safepoint synchronization initiated using futex wait barrier. (207 threads)
[2025-04-27T12:00:44.382+0000][418.934s][info ][safepoint   ] Safepoint "Cleanup", Time since last: 3000449291 ns, Reaching safepoint: 155791 ns, Cleanup: 35220 ns, At safepoint: 21763 ns, Total: 212774 ns
[2025-04-27T12:00:49.343+0000][423.895s][debug][safepoint   ] Safepoint synchronization initiated using futex wait barrier. (207 threads)
[2025-04-27T12:00:49.344+0000][423.896s][info ][safepoint   ] Safepoint "Cleanup", Time since last: 4960769883 ns, Reaching safepoint: 1105223 ns, Cleanup: 22601 ns, At safepoint: 114299 ns, Total: 1242123 ns
[2025-04-27T12:00:49.780+0000][424.332s][debug][safepoint   ] ... found polling page loop exception at pc = 0x00007a3426e63a79, stub =0x00007a342c98e400
[2025-04-27T12:00:50.734+0000][425.286s][debug][safepoint   ] Safepoint synchronization initiated using futex wait barrier. (207 threads)
[2025-04-27T12:00:50.735+0000][425.287s][info ][safepoint   ] Safepoint "Cleanup", Time since last: 1389739098 ns, Reaching safepoint: 1000968 ns, Cleanup: 110358 ns, At safepoint: 44723 ns, Total: 1156049 ns
[2025-04-27T12:00:51.096+0000][425.648s][debug][safepoint   ] Safepoint synchronization initiated using futex wait barrier. (207 threads)
[2025-04-27T12:00:51.097+0000][425.650s][info ][gc,start    ] GC(61) Pause Young (Normal) (G1 Evacuation Pause)
[2025-04-27T12:00:51.098+0000][425.650s][info ][gc,task     ] GC(61) Using 4 workers of 4 for evacuation
[2025-04-27T12:00:51.179+0000][425.731s][info ][gc,phases   ] GC(61)   Pre Evacuate Collection Set: 0.5ms
[2025-04-27T12:00:51.179+0000][425.731s][info ][gc,phases   ] GC(61)   Merge Heap Roots: 0.7ms
[2025-04-27T12:00:51.179+0000][425.731s][info ][gc,phases   ] GC(61)   Evacuate Collection Set: 77.2ms
[2025-04-27T12:00:51.179+0000][425.731s][info ][gc,phases   ] GC(61)   Post Evacuate Collection Set: 2.7ms
[2025-04-27T12:00:51.179+0000][425.731s][info ][gc,phases   ] GC(61)   Other: 0.4ms
[2025-04-27T12:00:51.179+0000][425.731s][info ][gc,heap     ] GC(61) Eden regions: 471->0(478)
[2025-04-27T12:00:51.179+0000][425.731s][info ][gc,heap     ] GC(61) Survivor regions: 36->29(64)
[2025-04-27T12:00:51.179+0000][425.731s][info ][gc,heap     ] GC(61) Old regions: 142->153
[2025-04-27T12:00:51.179+0000][425.731s][info ][gc,heap     ] GC(61) Archive regions: 2->2
[2025-04-27T12:00:51.179+0000][425.731s][info ][gc,heap     ] GC(61) Humongous regions: 0->0
[2025-04-27T12:00:51.179+0000][425.731s][info ][gc,metaspace] GC(61) Metaspace: 188888K(190208K)->188888K(190208K) NonClass: 165897K(166592K)->165897K(166592K) Class: 22990K(23616K)->22990K(23616K)
[2025-04-27T12:00:51.179+0000][425.731s][info ][gc          ] GC(61) Pause Young (Normal) (G1 Evacuation Pause) 649M->182M(846M) 81.589ms
[2025-04-27T12:00:51.179+0000][425.731s][info ][gc,cpu      ] GC(61) User=0.20s Sys=0.01s Real=0.08s
[2025-04-27T12:00:51.179+0000][425.732s][info ][safepoint   ] Safepoint "G1CollectForAllocation", Time since last: 361416103 ns, Reaching safepoint: 1187652 ns, Cleanup: 68242 ns, At safepoint: 82008178 ns, Total: 83264072 ns
[2025-04-27T12:00:51.688+0000][426.240s][debug][safepoint   ] Safepoint synchronization initiated using futex wait barrier. (207 threads)
[2025-04-27T12:00:51.688+0000][426.241s][info ][safepoint   ] Safepoint "ICBufferFull", Time since last: 508633269 ns, Reaching safepoint: 142024 ns, Cleanup: 196231 ns, At safepoint: 14701 ns, Total: 352956 ns
[2025-04-27T12:00:52.313+0000][426.866s][debug][safepoint   ] Safepoint synchronization initiated using futex wait barrier. (207 threads)
[2025-04-27T12:00:52.314+0000][426.866s][info ][safepoint   ] Safepoint "ICBufferFull", Time since last: 625079042 ns, Reaching safepoint: 170485 ns, Cleanup: 148953 ns, At safepoint: 23280 ns, Total: 342718 ns
[2025-04-27T12:00:53.187+0000][427.739s][debug][safepoint   ] Safepoint synchronization initiated using futex wait barrier. (209 threads)
[2025-04-27T12:00:53.187+0000][427.739s][info ][safepoint   ] Safepoint "ICBufferFull", Time since last: 872817455 ns, Reaching safepoint: 171374 ns, Cleanup: 168812 ns, At safepoint: 29783 ns, Total: 369969 ns
[2025-04-27T12:00:53.204+0000][427.757s][debug][safepoint   ] Safepoint synchronization initiated using futex wait barrier. (209 threads)
[2025-04-27T12:00:53.204+0000][427.757s][debug][safepoint   ] ... found polling page loop exception at pc = 0x00007a34264b9b1c, stub =0x00007a342c98e400
[2025-04-27T12:00:53.206+0000][427.758s][debug][safepoint   ] ... found polling page loop exception at pc = 0x00007a34264b9b1c, stub =0x00007a342c98e400
[2025-04-27T12:00:53.208+0000][427.761s][info ][safepoint   ] Safepoint "ICBufferFull", Time since last: 17268744 ns, Reaching safepoint: 2261710 ns, Cleanup: 25712 ns, At safepoint: 1858696 ns, Total: 4146118 ns
[2025-04-27T12:00:53.209+0000][427.761s][debug][safepoint   ] Safepoint synchronization initiated using futex wait barrier. (209 threads)
[2025-04-27T12:00:53.209+0000][427.762s][debug][safepoint   ] ... found polling page loop exception at pc = 0x00007a34264b9b1c, stub =0x00007a342c98e400
[2025-04-27T12:00:53.210+0000][427.763s][info ][safepoint   ] Safepoint "ICBufferFull", Time since last: 518070 ns, Reaching safepoint: 465132 ns, Cleanup: 26185 ns, At safepoint: 1047496 ns, Total: 1538813 ns
[2025-04-27T12:00:54.211+0000][428.763s][debug][safepoint   ] Safepoint synchronization initiated using futex wait barrier. (226 threads)
[2025-04-27T12:00:54.211+0000][428.763s][info ][safepoint   ] Safepoint "Cleanup", Time since last: 1000286224 ns, Reaching safepoint: 74436 ns, Cleanup: 112737 ns, At safepoint: 12822 ns, Total: 199995 ns
[2025-04-27T12:00:55.552+0000][430.105s][debug][safepoint   ] Safepoint synchronization initiated using futex wait barrier. (235 threads)
[2025-04-27T12:00:55.553+0000][430.105s][info ][safepoint   ] Safepoint "Cleanup", Time since last: 1341429224 ns, Reaching safepoint: 73642 ns, Cleanup: 95000 ns, At safepoint: 11964 ns, Total: 180606 ns
[2025-04-27T12:00:56.553+0000][431.105s][debug][safepoint   ] Safepoint synchronization initiated using futex wait barrier. (239 threads)
[2025-04-27T12:00:56.553+0000][431.105s][info ][safepoint   ] Safepoint "Cleanup", Time since last: 1000134865 ns, Reaching safepoint: 60940 ns, Cleanup: 16821 ns, At safepoint: 4455 ns, Total: 82216 ns
[2025-04-27T12:00:57.553+0000][432.105s][debug][safepoint   ] Safepoint synchronization initiated using futex wait barrier. (239 threads)
[2025-04-27T12:00:57.553+0000][432.105s][info ][safepoint   ] Safepoint "Cleanup", Time since last: 1000110568 ns, Reaching safepoint: 76410 ns, Cleanup: 13531 ns, At safepoint: 4576 ns, Total: 94517 ns
[2025-04-27T12:00:58.553+0000][433.105s][debug][safepoint   ] Safepoint synchronization initiated using futex wait barrier. (239 threads)
[2025-04-27T12:00:58.553+0000][433.106s][info ][safepoint   ] Safepoint "Cleanup", Time since last: 1000103116 ns, Reaching safepoint: 103960 ns, Cleanup: 31057 ns, At safepoint: 8305 ns, Total: 143322 ns
[2025-04-27T12:00:59.187+0000][433.740s][debug][safepoint   ] Safepoint synchronization initiated using futex wait barrier. (239 threads)
[2025-04-27T12:00:59.188+0000][433.740s][info ][safepoint   ] Safepoint "ICBufferFull", Time since last: 634068201 ns, Reaching safepoint: 148173 ns, Cleanup: 132907 ns, At safepoint: 13403 ns, Total: 294483 ns
[2025-04-27T12:00:59.193+0000][433.746s][debug][safepoint   ] Safepoint synchronization initiated using futex wait barrier. (239 threads)
[2025-04-27T12:00:59.198+0000][433.751s][info ][safepoint   ] Safepoint "ICBufferFull", Time since last: 5813547 ns, Reaching safepoint: 151660 ns, Cleanup: 10318 ns, At safepoint: 4762206 ns, Total: 4924184 ns
[2025-04-27T12:01:00.198+0000][434.751s][debug][safepoint   ] Safepoint synchronization initiated using futex wait barrier. (238 threads)
[2025-04-27T12:01:00.199+0000][434.751s][info ][safepoint   ] Safepoint "Cleanup", Time since last: 1000130753 ns, Reaching safepoint: 91738 ns, Cleanup: 43561 ns, At safepoint: 9924 ns, Total: 145223 ns
[2025-04-27T12:01:01.199+0000][435.751s][debug][safepoint   ] Safepoint synchronization initiated using futex wait barrier. (238 threads)
[2025-04-27T12:01:01.199+0000][435.751s][info ][safepoint   ] Safepoint "Cleanup", Time since last: 1000120640 ns, Reaching safepoint: 50669 ns, Cleanup: 8385 ns, At safepoint: 5326 ns, Total: 64380 ns
[2025-04-27T12:01:02.346+0000][436.899s][debug][safepoint   ] Safepoint synchronization initiated using futex wait barrier. (238 threads)
[2025-04-27T12:01:02.347+0000][436.899s][info ][safepoint   ] Safepoint "Cleanup", Time since last: 1147660411 ns, Reaching safepoint: 51752 ns, Cleanup: 56377 ns, At safepoint: 7830 ns, Total: 115959 ns
[2025-04-27T12:01:03.347+0000][437.899s][debug][safepoint   ] Safepoint synchronization initiated using futex wait barrier. (238 threads)
[2025-04-27T12:01:03.347+0000][437.899s][info ][safepoint   ] Safepoint "Cleanup", Time since last: 1000092067 ns, Reaching safepoint: 66594 ns, Cleanup: 64729 ns, At safepoint: 5606 ns, Total: 136929 ns
[2025-04-27T12:01:04.347+0000][438.899s][debug][safepoint   ] Safepoint synchronization initiated using futex wait barrier. (238 threads)
[2025-04-27T12:01:04.347+0000][438.899s][info ][safepoint   ] Safepoint "Cleanup", Time since last: 1000130298 ns, Reaching safepoint: 110611 ns, Cleanup: 30088 ns, At safepoint: 13487 ns, Total: 154186 ns
[2025-04-27T12:01:06.347+0000][440.900s][debug][safepoint   ] Safepoint synchronization initiated using futex wait barrier. (238 threads)
[2025-04-27T12:01:06.348+0000][440.900s][info ][safepoint   ] Safepoint "Cleanup", Time since last: 2000346460 ns, Reaching safepoint: 194127 ns, Cleanup: 40298 ns, At safepoint: 23418 ns, Total: 257843 ns
[2025-04-27T12:01:09.348+0000][443.900s][debug][safepoint   ] Safepoint synchronization initiated using futex wait barrier. (238 threads)
[2025-04-27T12:01:09.349+0000][443.901s][info ][safepoint   ] Safepoint "Cleanup", Time since last: 3000415868 ns, Reaching safepoint: 330887 ns, Cleanup: 54013 ns, At safepoint: 79018 ns, Total: 463918 ns
[2025-04-27T12:01:10.349+0000][444.901s][debug][safepoint   ] Safepoint synchronization initiated using futex wait barrier. (238 threads)
[2025-04-27T12:01:10.349+0000][444.901s][info ][safepoint   ] Safepoint "Cleanup", Time since last: 1000266413 ns, Reaching safepoint: 64356 ns, Cleanup: 10916 ns, At safepoint: 5879 ns, Total: 81151 ns
[2025-04-27T12:01:12.349+0000][446.902s][debug][safepoint   ] Safepoint synchronization initiated using futex wait barrier. (238 threads)
[2025-04-27T12:01:12.349+0000][446.902s][info ][safepoint   ] Safepoint "Cleanup", Time since last: 2000249704 ns, Reaching safepoint: 153240 ns, Cleanup: 29780 ns, At safepoint: 18381 ns, Total: 201401 ns
[2025-04-27T12:01:13.349+0000][447.902s][debug][safepoint   ] Safepoint synchronization initiated using futex wait barrier. (238 threads)
[2025-04-27T12:01:13.350+0000][447.902s][info ][safepoint   ] Safepoint "Cleanup", Time since last: 1000107740 ns, Reaching safepoint: 50331 ns, Cleanup: 12782 ns, At safepoint: 5272 ns, Total: 68385 ns
[2025-04-27T12:01:17.350+0000][451.902s][debug][safepoint   ] Safepoint synchronization initiated using futex wait barrier. (238 threads)
[2025-04-27T12:01:17.350+0000][451.903s][info ][safepoint   ] Safepoint "Cleanup", Time since last: 4000540823 ns, Reaching safepoint: 82172 ns, Cleanup: 21319 ns, At safepoint: 10623 ns, Total: 114114 ns
[2025-04-27T12:01:18.350+0000][452.903s][debug][safepoint   ] Safepoint synchronization initiated using futex wait barrier. (237 threads)
[2025-04-27T12:01:18.351+0000][452.903s][info ][safepoint   ] Safepoint "Cleanup", Time since last: 1000220215 ns, Reaching safepoint: 47304 ns, Cleanup: 10218 ns, At safepoint: 4758 ns, Total: 62280 ns
[2025-04-27T12:01:20.351+0000][454.903s][debug][safepoint   ] Safepoint synchronization initiated using futex wait barrier. (237 threads)
[2025-04-27T12:01:20.351+0000][454.903s][info ][safepoint   ] Safepoint "Cleanup", Time since last: 2000205125 ns, Reaching safepoint: 164469 ns, Cleanup: 45367 ns, At safepoint: 17077 ns, Total: 226913 ns
[2025-04-27T12:01:21.351+0000][455.903s][debug][safepoint   ] Safepoint synchronization initiated using futex wait barrier. (237 threads)
[2025-04-27T12:01:21.351+0000][455.904s][info ][safepoint   ] Safepoint "Cleanup", Time since last: 1000167971 ns, Reaching safepoint: 72834 ns, Cleanup: 46211 ns, At safepoint: 14774 ns, Total: 133819 ns
[2025-04-27T12:01:22.351+0000][456.904s][debug][safepoint   ] Safepoint synchronization initiated using futex wait barrier. (237 threads)
[2025-04-27T12:01:22.352+0000][456.904s][info ][safepoint   ] Safepoint "Cleanup", Time since last: 1000230813 ns, Reaching safepoint: 48806 ns, Cleanup: 16067 ns, At safepoint: 6484 ns, Total: 71357 ns
[2025-04-27T12:01:23.352+0000][457.904s][debug][safepoint   ] Safepoint synchronization initiated using futex wait barrier. (237 threads)
[2025-04-27T12:01:23.352+0000][457.904s][info ][safepoint   ] Safepoint "Cleanup", Time since last: 1000189959 ns, Reaching safepoint: 49858 ns, Cleanup: 13836 ns, At safepoint: 6213 ns, Total: 69907 ns
[2025-04-27T12:01:24.352+0000][458.904s][debug][safepoint   ] Safepoint synchronization initiated using futex wait barrier. (237 threads)
[2025-04-27T12:01:24.352+0000][458.904s][info ][safepoint   ] Safepoint "Cleanup", Time since last: 1000146025 ns, Reaching safepoint: 154114 ns, Cleanup: 28343 ns, At safepoint: 20326 ns, Total: 202783 ns
[2025-04-27T12:01:25.352+0000][459.905s][debug][safepoint   ] Safepoint synchronization initiated using futex wait barrier. (237 threads)
[2025-04-27T12:01:25.353+0000][459.905s][info ][safepoint   ] Safepoint "Cleanup", Time since last: 1000211188 ns, Reaching safepoint: 119679 ns, Cleanup: 23806 ns, At safepoint: 15514 ns, Total: 158999 ns
[2025-04-27T12:01:26.353+0000][460.905s][debug][safepoint   ] Safepoint synchronization initiated using futex wait barrier. (237 threads)
[2025-04-27T12:01:26.353+0000][460.905s][info ][safepoint   ] Safepoint "Cleanup", Time since last: 1000118150 ns, Reaching safepoint: 91052 ns, Cleanup: 44870 ns, At safepoint: 16458 ns, Total: 152380 ns
[2025-04-27T12:01:27.353+0000][461.905s][debug][safepoint   ] Safepoint synchronization initiated using futex wait barrier. (237 threads)
[2025-04-27T12:01:27.353+0000][461.905s][info ][safepoint   ] Safepoint "Cleanup", Time since last: 1000109636 ns, Reaching safepoint: 89106 ns, Cleanup: 14688 ns, At safepoint: 8469 ns, Total: 112263 ns
[2025-04-27T12:01:28.353+0000][462.905s][debug][safepoint   ] Safepoint synchronization initiated using futex wait barrier. (237 threads)
[2025-04-27T12:01:28.353+0000][462.906s][info ][safepoint   ] Safepoint "Cleanup", Time since last: 1000121024 ns, Reaching safepoint: 86351 ns, Cleanup: 13606 ns, At safepoint: 7758 ns, Total: 107715 ns
[2025-04-27T12:01:29.353+0000][463.906s][debug][safepoint   ] Safepoint synchronization initiated using futex wait barrier. (237 threads)
[2025-04-27T12:01:29.354+0000][463.906s][info ][safepoint   ] Safepoint "Cleanup", Time since last: 1000182003 ns, Reaching safepoint: 176977 ns, Cleanup: 36575 ns, At safepoint: 18882 ns, Total: 232434 ns
[2025-04-27T12:01:30.354+0000][464.906s][debug][safepoint   ] Safepoint synchronization initiated using futex wait barrier. (237 threads)
[2025-04-27T12:01:30.354+0000][464.906s][info ][safepoint   ] Safepoint "Cleanup", Time since last: 1000155345 ns, Reaching safepoint: 103991 ns, Cleanup: 25035 ns, At safepoint: 11338 ns, Total: 140364 ns
[2025-04-27T12:01:32.354+0000][466.907s][debug][safepoint   ] Safepoint synchronization initiated using futex wait barrier. (237 threads)
[2025-04-27T12:01:32.354+0000][466.907s][info ][safepoint   ] Safepoint "Cleanup", Time since last: 2000312523 ns, Reaching safepoint: 147538 ns, Cleanup: 26265 ns, At safepoint: 14004 ns, Total: 187807 ns
[2025-04-27T12:01:33.355+0000][467.907s][debug][safepoint   ] Safepoint synchronization initiated using futex wait barrier. (237 threads)
[2025-04-27T12:01:33.355+0000][467.908s][info ][safepoint   ] Safepoint "Cleanup", Time since last: 1000523245 ns, Reaching safepoint: 198559 ns, Cleanup: 49938 ns, At safepoint: 20135 ns, Total: 268632 ns
[2025-04-27T12:01:35.355+0000][469.908s][debug][safepoint   ] Safepoint synchronization initiated using futex wait barrier. (237 threads)
[2025-04-27T12:01:35.356+0000][469.908s][info ][safepoint   ] Safepoint "Cleanup", Time since last: 2000252251 ns, Reaching safepoint: 129464 ns, Cleanup: 21933 ns, At safepoint: 16229 ns, Total: 167626 ns
[2025-04-27T12:01:36.356+0000][470.908s][debug][safepoint   ] Safepoint synchronization initiated using futex wait barrier. (237 threads)
[2025-04-27T12:01:36.356+0000][470.908s][info ][safepoint   ] Safepoint "Cleanup", Time since last: 1000179102 ns, Reaching safepoint: 214840 ns, Cleanup: 45930 ns, At safepoint: 25095 ns, Total: 285865 ns
[2025-04-27T12:01:37.356+0000][471.909s][debug][safepoint   ] Safepoint synchronization initiated using futex wait barrier. (237 threads)
[2025-04-27T12:01:37.357+0000][471.909s][info ][safepoint   ] Safepoint "Cleanup", Time since last: 1000260368 ns, Reaching safepoint: 170404 ns, Cleanup: 41922 ns, At safepoint: 19438 ns, Total: 231764 ns
[2025-04-27T12:01:38.357+0000][472.909s][debug][safepoint   ] Safepoint synchronization initiated using futex wait barrier. (237 threads)
[2025-04-27T12:01:38.357+0000][472.909s][info ][safepoint   ] Safepoint "Cleanup", Time since last: 1000075475 ns, Reaching safepoint: 56739 ns, Cleanup: 13008 ns, At safepoint: 5871 ns, Total: 75618 ns
[2025-04-27T12:01:39.357+0000][473.909s][debug][safepoint   ] Safepoint synchronization initiated using futex wait barrier. (237 threads)
[2025-04-27T12:01:39.357+0000][473.910s][info ][safepoint   ] Safepoint "Cleanup", Time since last: 1000160654 ns, Reaching safepoint: 243140 ns, Cleanup: 61043 ns, At safepoint: 28747 ns, Total: 332930 ns
[2025-04-27T12:01:40.358+0000][474.910s][debug][safepoint   ] Safepoint synchronization initiated using futex wait barrier. (237 threads)
[2025-04-27T12:01:40.358+0000][474.910s][info ][safepoint   ] Safepoint "Cleanup", Time since last: 1000305499 ns, Reaching safepoint: 71606 ns, Cleanup: 19476 ns, At safepoint: 6500 ns, Total: 97582 ns
[2025-04-27T12:01:41.359+0000][475.911s][debug][safepoint   ] Safepoint synchronization initiated using futex wait barrier. (237 threads)
[2025-04-27T12:01:41.359+0000][475.911s][info ][safepoint   ] Safepoint "Cleanup", Time since last: 1001117281 ns, Reaching safepoint: 225675 ns, Cleanup: 55668 ns, At safepoint: 26111 ns, Total: 307454 ns
[2025-04-27T12:01:43.360+0000][477.912s][debug][safepoint   ] Safepoint synchronization initiated using futex wait barrier. (237 threads)
[2025-04-27T12:01:43.360+0000][477.912s][info ][safepoint   ] Safepoint "Cleanup", Time since last: 2000640372 ns, Reaching safepoint: 236219 ns, Cleanup: 36985 ns, At safepoint: 26578 ns, Total: 299782 ns
[2025-04-27T12:01:44.361+0000][478.913s][debug][safepoint   ] Safepoint synchronization initiated using futex wait barrier. (237 threads)
[2025-04-27T12:01:44.361+0000][478.913s][info ][safepoint   ] Safepoint "Cleanup", Time since last: 1000820157 ns, Reaching safepoint: 229057 ns, Cleanup: 42103 ns, At safepoint: 28980 ns, Total: 300140 ns
[2025-04-27T12:01:45.361+0000][479.914s][debug][safepoint   ] Safepoint synchronization initiated using futex wait barrier. (237 threads)
[2025-04-27T12:01:45.362+0000][479.914s][info ][safepoint   ] Safepoint "Cleanup", Time since last: 1000331130 ns, Reaching safepoint: 216239 ns, Cleanup: 55425 ns, At safepoint: 23655 ns, Total: 295319 ns
[2025-04-27T12:01:46.845+0000][481.397s][debug][safepoint   ] Safepoint synchronization initiated using futex wait barrier. (238 threads)
[2025-04-27T12:01:46.845+0000][481.397s][info ][safepoint   ] Safepoint "Cleanup", Time since last: 1482854438 ns, Reaching safepoint: 204335 ns, Cleanup: 93797 ns, At safepoint: 22723 ns, Total: 320855 ns
[2025-04-27T12:01:49.845+0000][484.398s][debug][safepoint   ] Safepoint synchronization initiated using futex wait barrier. (238 threads)
[2025-04-27T12:01:49.845+0000][484.398s][info ][safepoint   ] Safepoint "Cleanup", Time since last: 3000306425 ns, Reaching safepoint: 108076 ns, Cleanup: 16143 ns, At safepoint: 6247 ns, Total: 130466 ns
[2025-04-27T12:01:50.845+0000][485.398s][debug][safepoint   ] Safepoint synchronization initiated using futex wait barrier. (238 threads)
[2025-04-27T12:01:50.846+0000][485.398s][info ][safepoint   ] Safepoint "Cleanup", Time since last: 1000097871 ns, Reaching safepoint: 86248 ns, Cleanup: 11298 ns, At safepoint: 5167 ns, Total: 102713 ns
[2025-04-27T12:01:52.846+0000][487.398s][debug][safepoint   ] Safepoint synchronization initiated using futex wait barrier. (238 threads)
[2025-04-27T12:01:52.846+0000][487.398s][info ][safepoint   ] Safepoint "Cleanup", Time since last: 2000184239 ns, Reaching safepoint: 84204 ns, Cleanup: 13775 ns, At safepoint: 6971 ns, Total: 104950 ns
[2025-04-27T12:01:53.846+0000][488.398s][debug][safepoint   ] Safepoint synchronization initiated using futex wait barrier. (238 threads)
[2025-04-27T12:01:53.846+0000][488.398s][info ][safepoint   ] Safepoint "Cleanup", Time since last: 1000087932 ns, Reaching safepoint: 105677 ns, Cleanup: 17345 ns, At safepoint: 7031 ns, Total: 130053 ns
[2025-04-27T12:01:54.846+0000][489.399s][debug][safepoint   ] Safepoint synchronization initiated using futex wait barrier. (238 threads)
[2025-04-27T12:01:54.846+0000][489.399s][info ][safepoint   ] Safepoint "Cleanup", Time since last: 1000092723 ns, Reaching safepoint: 112306 ns, Cleanup: 30482 ns, At safepoint: 9064 ns, Total: 151852 ns
[2025-04-27T12:01:56.847+0000][491.399s][debug][safepoint   ] Safepoint synchronization initiated using futex wait barrier. (237 threads)
[2025-04-27T12:01:56.847+0000][491.399s][info ][safepoint   ] Safepoint "Cleanup", Time since last: 2000160560 ns, Reaching safepoint: 65979 ns, Cleanup: 12063 ns, At safepoint: 5359 ns, Total: 83401 ns
[2025-04-27T12:01:57.847+0000][492.399s][debug][safepoint   ] Safepoint synchronization initiated using futex wait barrier. (237 threads)
[2025-04-27T12:01:57.847+0000][492.399s][info ][safepoint   ] Safepoint "Cleanup", Time since last: 1000090342 ns, Reaching safepoint: 118609 ns, Cleanup: 63073 ns, At safepoint: 10866 ns, Total: 192548 ns
[2025-04-27T12:01:58.847+0000][493.399s][debug][safepoint   ] Safepoint synchronization initiated using futex wait barrier. (237 threads)
[2025-04-27T12:01:58.847+0000][493.399s][info ][safepoint   ] Safepoint "Cleanup", Time since last: 1000110155 ns, Reaching safepoint: 80100 ns, Cleanup: 12187 ns, At safepoint: 7045 ns, Total: 99332 ns
[2025-04-27T12:01:59.847+0000][494.400s][debug][safepoint   ] Safepoint synchronization initiated using futex wait barrier. (237 threads)
[2025-04-27T12:01:59.847+0000][494.400s][info ][safepoint   ] Safepoint "Cleanup", Time since last: 1000127927 ns, Reaching safepoint: 62348 ns, Cleanup: 10139 ns, At safepoint: 6083 ns, Total: 78570 ns
[2025-04-27T12:02:00.847+0000][495.400s][debug][safepoint   ] Safepoint synchronization initiated using futex wait barrier. (237 threads)
[2025-04-27T12:02:00.847+0000][495.400s][info ][safepoint   ] Safepoint "Cleanup", Time since last: 1000090372 ns, Reaching safepoint: 86670 ns, Cleanup: 10347 ns, At safepoint: 5259 ns, Total: 102276 ns
[2025-04-27T12:02:01.848+0000][496.400s][debug][safepoint   ] Safepoint synchronization initiated using futex wait barrier. (237 threads)
[2025-04-27T12:02:01.848+0000][496.400s][info ][safepoint   ] Safepoint "Cleanup", Time since last: 1000115597 ns, Reaching safepoint: 190533 ns, Cleanup: 24476 ns, At safepoint: 8629 ns, Total: 223638 ns
[2025-04-27T12:02:03.848+0000][498.400s][debug][safepoint   ] Safepoint synchronization initiated using futex wait barrier. (237 threads)
[2025-04-27T12:02:03.848+0000][498.401s][info ][safepoint   ] Safepoint "Cleanup", Time since last: 2000294500 ns, Reaching safepoint: 138521 ns, Cleanup: 21724 ns, At safepoint: 8163 ns, Total: 168408 ns
[2025-04-27T12:02:04.848+0000][499.401s][debug][safepoint   ] Safepoint synchronization initiated using futex wait barrier. (237 threads)
[2025-04-27T12:02:04.848+0000][499.401s][info ][safepoint   ] Safepoint "Cleanup", Time since last: 1000104930 ns, Reaching safepoint: 67312 ns, Cleanup: 15717 ns, At safepoint: 5339 ns, Total: 88368 ns
[2025-04-27T12:02:05.849+0000][500.401s][debug][safepoint   ] Safepoint synchronization initiated using futex wait barrier. (237 threads)
[2025-04-27T12:02:05.849+0000][500.401s][info ][safepoint   ] Safepoint "Cleanup", Time since last: 1000084139 ns, Reaching safepoint: 58679 ns, Cleanup: 13075 ns, At safepoint: 4432 ns, Total: 76186 ns
[2025-04-27T12:02:06.849+0000][501.401s][debug][safepoint   ] Safepoint synchronization initiated using futex wait barrier. (237 threads)
[2025-04-27T12:02:06.849+0000][501.401s][info ][safepoint   ] Safepoint "Cleanup", Time since last: 1000115409 ns, Reaching safepoint: 75770 ns, Cleanup: 16470 ns, At safepoint: 6211 ns, Total: 98451 ns
[2025-04-27T12:02:08.849+0000][503.401s][debug][safepoint   ] Safepoint synchronization initiated using futex wait barrier. (237 threads)
[2025-04-27T12:02:08.849+0000][503.401s][info ][safepoint   ] Safepoint "Cleanup", Time since last: 2000237407 ns, Reaching safepoint: 68910 ns, Cleanup: 9187 ns, At safepoint: 4294 ns, Total: 82391 ns
[2025-04-27T12:02:10.667+0000][505.219s][debug][safepoint   ] Safepoint synchronization initiated using futex wait barrier. (237 threads)
[2025-04-27T12:02:10.667+0000][505.220s][info ][safepoint   ] Safepoint "Cleanup", Time since last: 1817694477 ns, Reaching safepoint: 421084 ns, Cleanup: 85169 ns, At safepoint: 38324 ns, Total: 544577 ns
[2025-04-27T12:02:10.873+0000][505.426s][debug][safepoint   ] Safepoint synchronization initiated using futex wait barrier. (238 threads)
[2025-04-27T12:02:10.875+0000][505.427s][info ][safepoint   ] Safepoint "ICBufferFull", Time since last: 206008056 ns, Reaching safepoint: 176566 ns, Cleanup: 256991 ns, At safepoint: 900409 ns, Total: 1333966 ns
[2025-04-27T12:02:12.097+0000][506.650s][debug][safepoint   ] Safepoint synchronization initiated using futex wait barrier. (239 threads)
[2025-04-27T12:02:12.098+0000][506.650s][info ][safepoint   ] Safepoint "Cleanup", Time since last: 1222746062 ns, Reaching safepoint: 60233 ns, Cleanup: 71232 ns, At safepoint: 6381 ns, Total: 137846 ns
[2025-04-27T12:02:13.098+0000][507.650s][debug][safepoint   ] Safepoint synchronization initiated using futex wait barrier. (239 threads)
[2025-04-27T12:02:13.098+0000][507.650s][info ][safepoint   ] Safepoint "Cleanup", Time since last: 1000121583 ns, Reaching safepoint: 177982 ns, Cleanup: 25624 ns, At safepoint: 19671 ns, Total: 223277 ns
[2025-04-27T12:02:16.098+0000][510.651s][debug][safepoint   ] Safepoint synchronization initiated using futex wait barrier. (239 threads)
[2025-04-27T12:02:16.099+0000][510.651s][info ][safepoint   ] Safepoint "Cleanup", Time since last: 3000503487 ns, Reaching safepoint: 81839 ns, Cleanup: 16579 ns, At safepoint: 12754 ns, Total: 111172 ns
[2025-04-27T12:02:16.884+0000][511.436s][debug][safepoint   ] Safepoint synchronization initiated using futex wait barrier. (239 threads)
[2025-04-27T12:02:16.884+0000][511.436s][info ][gc,start    ] GC(62) Pause Young (Normal) (G1 Evacuation Pause)
[2025-04-27T12:02:16.884+0000][511.436s][info ][gc,task     ] GC(62) Using 4 workers of 4 for evacuation
[2025-04-27T12:02:16.971+0000][511.523s][info ][gc,phases   ] GC(62)   Pre Evacuate Collection Set: 0.4ms
[2025-04-27T12:02:16.971+0000][511.523s][info ][gc,phases   ] GC(62)   Merge Heap Roots: 0.4ms
[2025-04-27T12:02:16.971+0000][511.523s][info ][gc,phases   ] GC(62)   Evacuate Collection Set: 82.1ms
[2025-04-27T12:02:16.971+0000][511.523s][info ][gc,phases   ] GC(62)   Post Evacuate Collection Set: 3.5ms
[2025-04-27T12:02:16.971+0000][511.523s][info ][gc,phases   ] GC(62)   Other: 0.3ms
[2025-04-27T12:02:16.971+0000][511.523s][info ][gc,heap     ] GC(62) Eden regions: 478->0(470)
[2025-04-27T12:02:16.971+0000][511.523s][info ][gc,heap     ] GC(62) Survivor regions: 29->37(64)
[2025-04-27T12:02:16.971+0000][511.523s][info ][gc,heap     ] GC(62) Old regions: 153->153
[2025-04-27T12:02:16.971+0000][511.523s][info ][gc,heap     ] GC(62) Archive regions: 2->2
[2025-04-27T12:02:16.971+0000][511.523s][info ][gc,heap     ] GC(62) Humongous regions: 0->0
[2025-04-27T12:02:16.971+0000][511.523s][info ][gc,metaspace] GC(62) Metaspace: 192690K(194112K)->192690K(194112K) NonClass: 169351K(170048K)->169351K(170048K) Class: 23339K(24064K)->23339K(24064K)
[2025-04-27T12:02:16.971+0000][511.523s][info ][gc          ] GC(62) Pause Young (Normal) (G1 Evacuation Pause) 660M->190M(846M) 86.930ms
[2025-04-27T12:02:16.971+0000][511.523s][info ][gc,cpu      ] GC(62) User=0.23s Sys=0.00s Real=0.09s
[2025-04-27T12:02:16.971+0000][511.524s][info ][safepoint   ] Safepoint "G1CollectForAllocation", Time since last: 785309479 ns, Reaching safepoint: 86575 ns, Cleanup: 5943 ns, At safepoint: 87493682 ns, Total: 87586200 ns
[2025-04-27T12:02:17.972+0000][512.524s][debug][safepoint   ] Safepoint synchronization initiated using futex wait barrier. (239 threads)
[2025-04-27T12:02:17.972+0000][512.524s][info ][safepoint   ] Safepoint "Cleanup", Time since last: 1000131580 ns, Reaching safepoint: 87948 ns, Cleanup: 24632 ns, At safepoint: 8240 ns, Total: 120820 ns
[2025-04-27T12:02:18.972+0000][513.524s][debug][safepoint   ] Safepoint synchronization initiated using futex wait barrier. (239 threads)
[2025-04-27T12:02:18.972+0000][513.524s][info ][safepoint   ] Safepoint "Cleanup", Time since last: 1000092104 ns, Reaching safepoint: 54277 ns, Cleanup: 15794 ns, At safepoint: 5083 ns, Total: 75154 ns
[2025-04-27T12:02:20.972+0000][515.524s][debug][safepoint   ] Safepoint synchronization initiated using futex wait barrier. (239 threads)
[2025-04-27T12:02:20.972+0000][515.525s][info ][safepoint   ] Safepoint "Cleanup", Time since last: 2000161487 ns, Reaching safepoint: 100341 ns, Cleanup: 16829 ns, At safepoint: 7310 ns, Total: 124480 ns
[2025-04-27T12:02:22.972+0000][517.525s][debug][safepoint   ] Safepoint synchronization initiated using futex wait barrier. (239 threads)
[2025-04-27T12:02:22.972+0000][517.525s][info ][safepoint   ] Safepoint "Cleanup", Time since last: 2000187017 ns, Reaching safepoint: 57965 ns, Cleanup: 10059 ns, At safepoint: 5742 ns, Total: 73766 ns
[2025-04-27T12:02:24.973+0000][519.525s][debug][safepoint   ] Safepoint synchronization initiated using futex wait barrier. (239 threads)
[2025-04-27T12:02:24.973+0000][519.525s][info ][safepoint   ] Safepoint "Cleanup", Time since last: 2000158885 ns, Reaching safepoint: 87582 ns, Cleanup: 19708 ns, At safepoint: 4685 ns, Total: 111975 ns
[2025-04-27T12:02:26.973+0000][521.525s][debug][safepoint   ] Safepoint synchronization initiated using futex wait barrier. (239 threads)
[2025-04-27T12:02:26.973+0000][521.525s][info ][safepoint   ] Safepoint "Cleanup", Time since last: 2000209191 ns, Reaching safepoint: 71163 ns, Cleanup: 12666 ns, At safepoint: 7540 ns, Total: 91369 ns
[2025-04-27T12:02:27.973+0000][522.525s][debug][safepoint   ] Safepoint synchronization initiated using futex wait barrier. (239 threads)
[2025-04-27T12:02:27.973+0000][522.526s][info ][safepoint   ] Safepoint "Cleanup", Time since last: 1000091023 ns, Reaching safepoint: 63865 ns, Cleanup: 11008 ns, At safepoint: 5301 ns, Total: 80174 ns
[2025-04-27T12:02:29.973+0000][524.526s][debug][safepoint   ] Safepoint synchronization initiated using futex wait barrier. (239 threads)
[2025-04-27T12:02:29.973+0000][524.526s][info ][safepoint   ] Safepoint "Cleanup", Time since last: 2000155456 ns, Reaching safepoint: 67259 ns, Cleanup: 10116 ns, At safepoint: 6768 ns, Total: 84143 ns
[2025-04-27T12:02:30.974+0000][525.526s][debug][safepoint   ] Safepoint synchronization initiated using futex wait barrier. (239 threads)
[2025-04-27T12:02:30.974+0000][525.526s][info ][safepoint   ] Safepoint "Cleanup", Time since last: 1000089324 ns, Reaching safepoint: 56992 ns, Cleanup: 42740 ns, At safepoint: 4980 ns, Total: 104712 ns
[2025-04-27T12:02:32.974+0000][527.526s][debug][safepoint   ] Safepoint synchronization initiated using futex wait barrier. (239 threads)
[2025-04-27T12:02:32.974+0000][527.526s][info ][safepoint   ] Safepoint "Cleanup", Time since last: 2000176279 ns, Reaching safepoint: 59896 ns, Cleanup: 9671 ns, At safepoint: 4277 ns, Total: 73844 ns
[2025-04-27T12:02:34.974+0000][529.526s][debug][safepoint   ] Safepoint synchronization initiated using futex wait barrier. (239 threads)
[2025-04-27T12:02:34.974+0000][529.527s][info ][safepoint   ] Safepoint "Cleanup", Time since last: 2000192448 ns, Reaching safepoint: 80398 ns, Cleanup: 18472 ns, At safepoint: 5503 ns, Total: 104373 ns
[2025-04-27T12:02:38.975+0000][533.527s][debug][safepoint   ] Safepoint synchronization initiated using futex wait barrier. (239 threads)
[2025-04-27T12:02:38.975+0000][533.527s][info ][safepoint   ] Safepoint "Cleanup", Time since last: 4000326506 ns, Reaching safepoint: 78443 ns, Cleanup: 16427 ns, At safepoint: 6137 ns, Total: 101007 ns
[2025-04-27T12:02:39.975+0000][534.527s][debug][safepoint   ] Safepoint synchronization initiated using futex wait barrier. (239 threads)
[2025-04-27T12:02:39.975+0000][534.527s][info ][safepoint   ] Safepoint "Cleanup", Time since last: 1000113567 ns, Reaching safepoint: 55208 ns, Cleanup: 10515 ns, At safepoint: 4803 ns, Total: 70526 ns
[2025-04-27T12:02:40.975+0000][535.527s][debug][safepoint   ] Safepoint synchronization initiated using futex wait barrier. (239 threads)
[2025-04-27T12:02:40.975+0000][535.527s][info ][safepoint   ] Safepoint "Cleanup", Time since last: 1000117559 ns, Reaching safepoint: 53345 ns, Cleanup: 11694 ns, At safepoint: 5063 ns, Total: 70102 ns
[2025-04-27T12:02:41.975+0000][536.527s][debug][safepoint   ] Safepoint synchronization initiated using futex wait barrier. (239 threads)
[2025-04-27T12:02:41.975+0000][536.527s][info ][safepoint   ] Safepoint "Cleanup", Time since last: 1000107954 ns, Reaching safepoint: 46838 ns, Cleanup: 8646 ns, At safepoint: 4690 ns, Total: 60174 ns
[2025-04-27T12:02:45.876+0000][540.428s][debug][safepoint   ] Safepoint synchronization initiated using futex wait barrier. (239 threads)
[2025-04-27T12:02:45.876+0000][540.428s][info ][safepoint   ] Safepoint "Cleanup", Time since last: 3900717579 ns, Reaching safepoint: 141061 ns, Cleanup: 25419 ns, At safepoint: 6728 ns, Total: 173208 ns
[2025-04-27T12:02:46.876+0000][541.429s][debug][safepoint   ] Safepoint synchronization initiated using futex wait barrier. (239 threads)
[2025-04-27T12:02:46.876+0000][541.429s][info ][safepoint   ] Safepoint "Cleanup", Time since last: 1000332518 ns, Reaching safepoint: 76110 ns, Cleanup: 20844 ns, At safepoint: 6626 ns, Total: 103580 ns
[2025-04-27T12:02:49.877+0000][544.429s][debug][safepoint   ] Safepoint synchronization initiated using futex wait barrier. (239 threads)
[2025-04-27T12:02:49.877+0000][544.429s][info ][safepoint   ] Safepoint "Cleanup", Time since last: 3000326086 ns, Reaching safepoint: 122645 ns, Cleanup: 21257 ns, At safepoint: 9005 ns, Total: 152907 ns
[2025-04-27T12:02:50.877+0000][545.429s][debug][safepoint   ] Safepoint synchronization initiated using futex wait barrier. (239 threads)
[2025-04-27T12:02:50.877+0000][545.430s][info ][safepoint   ] Safepoint "Cleanup", Time since last: 1000164970 ns, Reaching safepoint: 107746 ns, Cleanup: 16356 ns, At safepoint: 7193 ns, Total: 131295 ns
[2025-04-27T12:02:51.877+0000][546.430s][debug][safepoint   ] Safepoint synchronization initiated using futex wait barrier. (239 threads)
[2025-04-27T12:02:51.877+0000][546.430s][info ][safepoint   ] Safepoint "Cleanup", Time since last: 1000098531 ns, Reaching safepoint: 66099 ns, Cleanup: 13479 ns, At safepoint: 7114 ns, Total: 86692 ns
[2025-04-27T12:02:52.878+0000][547.430s][debug][safepoint   ] Safepoint synchronization initiated using futex wait barrier. (239 threads)
[2025-04-27T12:02:52.878+0000][547.430s][info ][safepoint   ] Safepoint "Cleanup", Time since last: 1000095857 ns, Reaching safepoint: 76380 ns, Cleanup: 39271 ns, At safepoint: 5958 ns, Total: 121609 ns
[2025-04-27T12:02:54.878+0000][549.430s][debug][safepoint   ] Safepoint synchronization initiated using futex wait barrier. (239 threads)
[2025-04-27T12:02:54.878+0000][549.430s][info ][safepoint   ] Safepoint "Cleanup", Time since last: 2000194043 ns, Reaching safepoint: 58658 ns, Cleanup: 12540 ns, At safepoint: 5349 ns, Total: 76547 ns
[2025-04-27T12:02:56.878+0000][551.430s][debug][safepoint   ] Safepoint synchronization initiated using futex wait barrier. (239 threads)
[2025-04-27T12:02:56.878+0000][551.430s][info ][safepoint   ] Safepoint "Cleanup", Time since last: 2000181052 ns, Reaching safepoint: 53766 ns, Cleanup: 11121 ns, At safepoint: 4872 ns, Total: 69759 ns
[2025-04-27T12:02:57.878+0000][552.431s][debug][safepoint   ] Safepoint synchronization initiated using futex wait barrier. (239 threads)
[2025-04-27T12:02:57.878+0000][552.431s][info ][safepoint   ] Safepoint "Cleanup", Time since last: 1000101231 ns, Reaching safepoint: 173847 ns, Cleanup: 12354 ns, At safepoint: 7693 ns, Total: 193894 ns
[2025-04-27T12:03:01.879+0000][556.431s][debug][safepoint   ] Safepoint synchronization initiated using futex wait barrier. (239 threads)
[2025-04-27T12:03:01.879+0000][556.431s][info ][safepoint   ] Safepoint "Cleanup", Time since last: 4000343484 ns, Reaching safepoint: 61121 ns, Cleanup: 13594 ns, At safepoint: 5544 ns, Total: 80259 ns
[2025-04-27T12:03:02.880+0000][557.433s][debug][safepoint   ] Safepoint synchronization initiated using futex wait barrier. (239 threads)
[2025-04-27T12:03:02.880+0000][557.433s][info ][safepoint   ] Safepoint "Cleanup", Time since last: 1001293659 ns, Reaching safepoint: 91569 ns, Cleanup: 17069 ns, At safepoint: 5335 ns, Total: 113973 ns
[2025-04-27T12:03:04.881+0000][559.433s][debug][safepoint   ] Safepoint synchronization initiated using futex wait barrier. (239 threads)
[2025-04-27T12:03:04.881+0000][559.433s][info ][safepoint   ] Safepoint "Cleanup", Time since last: 2000269706 ns, Reaching safepoint: 91855 ns, Cleanup: 25830 ns, At safepoint: 10211 ns, Total: 127896 ns
[2025-04-27T12:03:06.881+0000][561.433s][debug][safepoint   ] Safepoint synchronization initiated using futex wait barrier. (239 threads)
[2025-04-27T12:03:06.881+0000][561.433s][info ][safepoint   ] Safepoint "Cleanup", Time since last: 2000182930 ns, Reaching safepoint: 62010 ns, Cleanup: 9544 ns, At safepoint: 7063 ns, Total: 78617 ns
[2025-04-27T12:03:08.881+0000][563.433s][debug][safepoint   ] Safepoint synchronization initiated using futex wait barrier. (239 threads)
[2025-04-27T12:03:08.881+0000][563.434s][info ][safepoint   ] Safepoint "Cleanup", Time since last: 2000164252 ns, Reaching safepoint: 131619 ns, Cleanup: 22824 ns, At safepoint: 6871 ns, Total: 161314 ns
[2025-04-27T12:03:10.882+0000][565.434s][debug][safepoint   ] Safepoint synchronization initiated using futex wait barrier. (239 threads)
[2025-04-27T12:03:10.882+0000][565.434s][info ][safepoint   ] Safepoint "Cleanup", Time since last: 2000259891 ns, Reaching safepoint: 305030 ns, Cleanup: 23080 ns, At safepoint: 11320 ns, Total: 339430 ns
[2025-04-27T12:03:11.882+0000][566.434s][debug][safepoint   ] Safepoint synchronization initiated using futex wait barrier. (239 threads)
[2025-04-27T12:03:11.882+0000][566.435s][info ][safepoint   ] Safepoint "Cleanup", Time since last: 1000125525 ns, Reaching safepoint: 146463 ns, Cleanup: 27845 ns, At safepoint: 6950 ns, Total: 181258 ns
[2025-04-27T12:03:12.882+0000][567.435s][debug][safepoint   ] Safepoint synchronization initiated using futex wait barrier. (239 threads)
[2025-04-27T12:03:12.883+0000][567.435s][info ][safepoint   ] Safepoint "Cleanup", Time since last: 1000157130 ns, Reaching safepoint: 233340 ns, Cleanup: 46011 ns, At safepoint: 14886 ns, Total: 294237 ns
[2025-04-27T12:03:15.883+0000][570.435s][debug][safepoint   ] Safepoint synchronization initiated using futex wait barrier. (239 threads)
[2025-04-27T12:03:15.883+0000][570.435s][info ][safepoint   ] Safepoint "Cleanup", Time since last: 3000281563 ns, Reaching safepoint: 136724 ns, Cleanup: 23882 ns, At safepoint: 9891 ns, Total: 170497 ns
[2025-04-27T12:03:17.883+0000][572.436s][debug][safepoint   ] Safepoint synchronization initiated using futex wait barrier. (239 threads)
[2025-04-27T12:03:17.883+0000][572.436s][info ][safepoint   ] Safepoint "Cleanup", Time since last: 2000244910 ns, Reaching safepoint: 87255 ns, Cleanup: 15501 ns, At safepoint: 9262 ns, Total: 112018 ns
[2025-04-27T12:03:18.884+0000][573.436s][debug][safepoint   ] Safepoint synchronization initiated using futex wait barrier. (239 threads)
[2025-04-27T12:03:18.884+0000][573.436s][info ][safepoint   ] Safepoint "Cleanup", Time since last: 1000100272 ns, Reaching safepoint: 81288 ns, Cleanup: 14398 ns, At safepoint: 6372 ns, Total: 102058 ns
[2025-04-27T12:03:20.884+0000][575.436s][debug][safepoint   ] Safepoint synchronization initiated using futex wait barrier. (239 threads)
[2025-04-27T12:03:20.884+0000][575.436s][info ][safepoint   ] Safepoint "Cleanup", Time since last: 2000221752 ns, Reaching safepoint: 108247 ns, Cleanup: 18699 ns, At safepoint: 9489 ns, Total: 136435 ns
[2025-04-27T12:03:21.884+0000][576.436s][debug][safepoint   ] Safepoint synchronization initiated using futex wait barrier. (239 threads)
[2025-04-27T12:03:21.884+0000][576.437s][info ][safepoint   ] Safepoint "Cleanup", Time since last: 1000139631 ns, Reaching safepoint: 68570 ns, Cleanup: 14865 ns, At safepoint: 6944 ns, Total: 90379 ns
[2025-04-27T12:03:22.884+0000][577.437s][debug][safepoint   ] Safepoint synchronization initiated using futex wait barrier. (239 threads)
[2025-04-27T12:03:22.885+0000][577.437s][info ][safepoint   ] Safepoint "Cleanup", Time since last: 1000171936 ns, Reaching safepoint: 198467 ns, Cleanup: 30844 ns, At safepoint: 30535 ns, Total: 259846 ns
[2025-04-27T12:03:25.885+0000][580.437s][debug][safepoint   ] Safepoint synchronization initiated using futex wait barrier. (239 threads)
[2025-04-27T12:03:25.885+0000][580.437s][info ][safepoint   ] Safepoint "Cleanup", Time since last: 3000263378 ns, Reaching safepoint: 65359 ns, Cleanup: 18526 ns, At safepoint: 5136 ns, Total: 89021 ns
[2025-04-27T12:03:37.886+0000][592.439s][debug][safepoint   ] Safepoint synchronization initiated using futex wait barrier. (239 threads)
[2025-04-27T12:03:37.887+0000][592.439s][info ][safepoint   ] Safepoint "Cleanup", Time since last: 12001283994 ns, Reaching safepoint: 182106 ns, Cleanup: 30616 ns, At safepoint: 15366 ns, Total: 228088 ns
[2025-04-27T12:03:38.887+0000][593.439s][debug][safepoint   ] Safepoint synchronization initiated using futex wait barrier. (239 threads)
[2025-04-27T12:03:38.887+0000][593.439s][info ][safepoint   ] Safepoint "Cleanup", Time since last: 1000199165 ns, Reaching safepoint: 195256 ns, Cleanup: 61942 ns, At safepoint: 36590 ns, Total: 293788 ns
[2025-04-27T12:03:40.887+0000][595.440s][debug][safepoint   ] Safepoint synchronization initiated using futex wait barrier. (239 threads)
[2025-04-27T12:03:40.888+0000][595.440s][info ][safepoint   ] Safepoint "Cleanup", Time since last: 2000378435 ns, Reaching safepoint: 181057 ns, Cleanup: 30470 ns, At safepoint: 20218 ns, Total: 231745 ns
[2025-04-27T12:03:42.888+0000][597.440s][debug][safepoint   ] Safepoint synchronization initiated using futex wait barrier. (239 threads)
[2025-04-27T12:03:42.888+0000][597.441s][info ][safepoint   ] Safepoint "Cleanup", Time since last: 2000345727 ns, Reaching safepoint: 187972 ns, Cleanup: 34667 ns, At safepoint: 24324 ns, Total: 246963 ns
[2025-04-27T12:03:43.888+0000][598.441s][debug][safepoint   ] Safepoint synchronization initiated using futex wait barrier. (239 threads)
[2025-04-27T12:03:43.889+0000][598.441s][info ][safepoint   ] Safepoint "Cleanup", Time since last: 1000148165 ns, Reaching safepoint: 194939 ns, Cleanup: 38928 ns, At safepoint: 28139 ns, Total: 262006 ns
[2025-04-27T12:03:44.889+0000][599.441s][debug][safepoint   ] Safepoint synchronization initiated using futex wait barrier. (239 threads)
[2025-04-27T12:03:44.889+0000][599.441s][info ][safepoint   ] Safepoint "Cleanup", Time since last: 1000242749 ns, Reaching safepoint: 177811 ns, Cleanup: 36487 ns, At safepoint: 25553 ns, Total: 239851 ns
[2025-04-27T12:03:47.902+0000][602.455s][debug][safepoint   ] Safepoint synchronization initiated using futex wait barrier. (239 threads)
[2025-04-27T12:03:47.903+0000][602.455s][info ][safepoint   ] Safepoint "Cleanup", Time since last: 3013347475 ns, Reaching safepoint: 183301 ns, Cleanup: 66780 ns, At safepoint: 24479 ns, Total: 274560 ns
[2025-04-27T12:03:51.903+0000][606.456s][debug][safepoint   ] Safepoint synchronization initiated using futex wait barrier. (239 threads)
[2025-04-27T12:03:51.903+0000][606.456s][info ][safepoint   ] Safepoint "Cleanup", Time since last: 4000508177 ns, Reaching safepoint: 174590 ns, Cleanup: 18205 ns, At safepoint: 6547 ns, Total: 199342 ns
[2025-04-27T12:03:56.904+0000][611.456s][debug][safepoint   ] Safepoint synchronization initiated using futex wait barrier. (235 threads)
[2025-04-27T12:03:56.904+0000][611.457s][info ][safepoint   ] Safepoint "Cleanup", Time since last: 5000632718 ns, Reaching safepoint: 182347 ns, Cleanup: 32963 ns, At safepoint: 94283 ns, Total: 309593 ns
[2025-04-27T12:04:00.905+0000][615.457s][debug][safepoint   ] Safepoint synchronization initiated using futex wait barrier. (235 threads)
[2025-04-27T12:04:00.905+0000][615.457s][info ][safepoint   ] Safepoint "Cleanup", Time since last: 4000422346 ns, Reaching safepoint: 52956 ns, Cleanup: 10141 ns, At safepoint: 4296 ns, Total: 67393 ns
[2025-04-27T12:04:04.906+0000][619.458s][debug][safepoint   ] Safepoint synchronization initiated using futex wait barrier. (235 threads)
[2025-04-27T12:04:04.906+0000][619.458s][info ][safepoint   ] Safepoint "Cleanup", Time since last: 4000654488 ns, Reaching safepoint: 231888 ns, Cleanup: 40718 ns, At safepoint: 25943 ns, Total: 298549 ns
[2025-04-27T12:04:05.906+0000][620.458s][debug][safepoint   ] Safepoint synchronization initiated using futex wait barrier. (235 threads)
[2025-04-27T12:04:05.906+0000][620.458s][info ][safepoint   ] Safepoint "Cleanup", Time since last: 1000176243 ns, Reaching safepoint: 58124 ns, Cleanup: 10442 ns, At safepoint: 5373 ns, Total: 73939 ns
[2025-04-27T12:04:10.907+0000][625.459s][debug][safepoint   ] Safepoint synchronization initiated using futex wait barrier. (235 threads)
[2025-04-27T12:04:10.907+0000][625.459s][info ][safepoint   ] Safepoint "Cleanup", Time since last: 5000722790 ns, Reaching safepoint: 140536 ns, Cleanup: 24964 ns, At safepoint: 16863 ns, Total: 182363 ns
[2025-04-27T12:04:11.907+0000][626.460s][debug][safepoint   ] Safepoint synchronization initiated using futex wait barrier. (235 threads)
[2025-04-27T12:04:11.908+0000][626.460s][info ][safepoint   ] Safepoint "Cleanup", Time since last: 1000220687 ns, Reaching safepoint: 274243 ns, Cleanup: 35769 ns, At safepoint: 25955 ns, Total: 335967 ns
[2025-04-27T12:04:15.908+0000][630.460s][debug][safepoint   ] Safepoint synchronization initiated using futex wait barrier. (235 threads)
[2025-04-27T12:04:15.908+0000][630.461s][info ][safepoint   ] Safepoint "Cleanup", Time since last: 4000574922 ns, Reaching safepoint: 69601 ns, Cleanup: 14741 ns, At safepoint: 6972 ns, Total: 91314 ns
[2025-04-27T12:04:17.909+0000][632.461s][debug][safepoint   ] Safepoint synchronization initiated using futex wait barrier. (235 threads)
[2025-04-27T12:04:17.909+0000][632.461s][info ][safepoint   ] Safepoint "Cleanup", Time since last: 2000284036 ns, Reaching safepoint: 131457 ns, Cleanup: 51837 ns, At safepoint: 16260 ns, Total: 199554 ns
[2025-04-27T12:04:38.911+0000][653.463s][debug][safepoint   ] Safepoint synchronization initiated using futex wait barrier. (235 threads)
[2025-04-27T12:04:38.911+0000][653.463s][info ][safepoint   ] Safepoint "Cleanup", Time since last: 21002077813 ns, Reaching safepoint: 77320 ns, Cleanup: 26320 ns, At safepoint: 5005 ns, Total: 108645 ns
[2025-04-27T12:04:40.911+0000][655.463s][debug][safepoint   ] Safepoint synchronization initiated using futex wait barrier. (235 threads)
[2025-04-27T12:04:40.911+0000][655.464s][info ][safepoint   ] Safepoint "Cleanup", Time since last: 2000268154 ns, Reaching safepoint: 269942 ns, Cleanup: 39612 ns, At safepoint: 26701 ns, Total: 336255 ns
[2025-04-27T12:04:42.912+0000][657.464s][debug][safepoint   ] Safepoint synchronization initiated using futex wait barrier. (235 threads)
[2025-04-27T12:04:42.912+0000][657.464s][info ][safepoint   ] Safepoint "Cleanup", Time since last: 2000573143 ns, Reaching safepoint: 83616 ns, Cleanup: 10858 ns, At safepoint: 4512 ns, Total: 98986 ns
[2025-04-27T12:04:45.913+0000][660.465s][debug][safepoint   ] Safepoint synchronization initiated using futex wait barrier. (235 threads)
[2025-04-27T12:04:45.913+0000][660.465s][info ][safepoint   ] Safepoint "Cleanup", Time since last: 3000853241 ns, Reaching safepoint: 69562 ns, Cleanup: 13533 ns, At safepoint: 7095 ns, Total: 90190 ns
[2025-04-27T12:04:46.934+0000][661.486s][debug][safepoint   ] Safepoint synchronization initiated using futex wait barrier. (235 threads)
[2025-04-27T12:04:46.934+0000][661.487s][info ][safepoint   ] Safepoint "Cleanup", Time since last: 1021009225 ns, Reaching safepoint: 131234 ns, Cleanup: 37324 ns, At safepoint: 16239 ns, Total: 184797 ns
[2025-04-27T12:04:47.190+0000][661.743s][debug][safepoint   ] ... found polling page loop exception at pc = 0x00007a342d14566c, stub =0x00007a342c98e400
[2025-04-27T12:04:48.191+0000][662.743s][debug][safepoint   ] Safepoint synchronization initiated using futex wait barrier. (235 threads)
[2025-04-27T12:04:48.191+0000][662.744s][info ][safepoint   ] Safepoint "Cleanup", Time since last: 1256800431 ns, Reaching safepoint: 94165 ns, Cleanup: 98929 ns, At safepoint: 11330 ns, Total: 204424 ns
[2025-04-27T12:04:49.192+0000][663.745s][debug][safepoint   ] Safepoint synchronization initiated using futex wait barrier. (235 threads)
[2025-04-27T12:04:49.193+0000][663.745s][info ][safepoint   ] Safepoint "Cleanup", Time since last: 1001056630 ns, Reaching safepoint: 110167 ns, Cleanup: 76822 ns, At safepoint: 19366 ns, Total: 206355 ns
[2025-04-27T12:04:50.193+0000][664.745s][debug][safepoint   ] Safepoint synchronization initiated using futex wait barrier. (235 threads)
[2025-04-27T12:04:50.193+0000][664.745s][info ][safepoint   ] Safepoint "Cleanup", Time since last: 1000107505 ns, Reaching safepoint: 49055 ns, Cleanup: 28513 ns, At safepoint: 4214 ns, Total: 81782 ns
[2025-04-27T12:04:52.193+0000][666.745s][debug][safepoint   ] Safepoint synchronization initiated using futex wait barrier. (233 threads)
[2025-04-27T12:04:52.193+0000][666.746s][info ][safepoint   ] Safepoint "Cleanup", Time since last: 2000229917 ns, Reaching safepoint: 176803 ns, Cleanup: 27273 ns, At safepoint: 20848 ns, Total: 224924 ns
[2025-04-27T12:05:02.194+0000][676.747s][debug][safepoint   ] Safepoint synchronization initiated using futex wait barrier. (233 threads)
[2025-04-27T12:05:02.195+0000][676.747s][info ][safepoint   ] Safepoint "Cleanup", Time since last: 10001087650 ns, Reaching safepoint: 210797 ns, Cleanup: 30294 ns, At safepoint: 24644 ns, Total: 265735 ns
[2025-04-27T12:05:04.195+0000][678.747s][debug][safepoint   ] Safepoint synchronization initiated using futex wait barrier. (233 threads)
[2025-04-27T12:05:04.195+0000][678.748s][info ][safepoint   ] Safepoint "Cleanup", Time since last: 2000376740 ns, Reaching safepoint: 191952 ns, Cleanup: 34512 ns, At safepoint: 27633 ns, Total: 254097 ns
[2025-04-27T12:05:07.196+0000][681.748s][debug][safepoint   ] Safepoint synchronization initiated using futex wait barrier. (233 threads)
[2025-04-27T12:05:07.196+0000][681.748s][info ][safepoint   ] Safepoint "Cleanup", Time since last: 3000518213 ns, Reaching safepoint: 245990 ns, Cleanup: 51349 ns, At safepoint: 30443 ns, Total: 327782 ns
[2025-04-27T12:05:09.196+0000][683.749s][debug][safepoint   ] Safepoint synchronization initiated using futex wait barrier. (233 threads)
[2025-04-27T12:05:09.197+0000][683.749s][info ][safepoint   ] Safepoint "Cleanup", Time since last: 2000442523 ns, Reaching safepoint: 169180 ns, Cleanup: 29690 ns, At safepoint: 23815 ns, Total: 222685 ns
[2025-04-27T12:05:10.197+0000][684.749s][debug][safepoint   ] Safepoint synchronization initiated using futex wait barrier. (233 threads)
[2025-04-27T12:05:10.197+0000][684.750s][info ][safepoint   ] Safepoint "Cleanup", Time since last: 1000246686 ns, Reaching safepoint: 286003 ns, Cleanup: 36821 ns, At safepoint: 71368 ns, Total: 394192 ns
[2025-04-27T12:05:13.198+0000][687.750s][debug][safepoint   ] Safepoint synchronization initiated using futex wait barrier. (233 threads)
[2025-04-27T12:05:13.198+0000][687.750s][info ][safepoint   ] Safepoint "Cleanup", Time since last: 3000447428 ns, Reaching safepoint: 89868 ns, Cleanup: 13460 ns, At safepoint: 6244 ns, Total: 109572 ns
[2025-04-27T12:05:16.199+0000][690.751s][debug][safepoint   ] Safepoint synchronization initiated using futex wait barrier. (233 threads)
[2025-04-27T12:05:16.199+0000][690.751s][info ][safepoint   ] Safepoint "Cleanup", Time since last: 3000632939 ns, Reaching safepoint: 84635 ns, Cleanup: 23154 ns, At safepoint: 10542 ns, Total: 118331 ns
[2025-04-27T12:05:25.200+0000][699.752s][debug][safepoint   ] Safepoint synchronization initiated using futex wait barrier. (233 threads)
[2025-04-27T12:05:25.200+0000][699.752s][debug][safepoint   ] ... found polling page loop exception at pc = 0x00007a342d3a255d, stub =0x00007a342c98e400
[2025-04-27T12:05:25.202+0000][699.754s][info ][safepoint   ] Safepoint "Cleanup", Time since last: 9001059436 ns, Reaching safepoint: 1677808 ns, Cleanup: 77288 ns, At safepoint: 145568 ns, Total: 1900664 ns
[2025-04-27T12:05:25.335+0000][699.887s][debug][safepoint   ] ... found polling page loop exception at pc = 0x00007a342d09e34d, stub =0x00007a342c98e400
[2025-04-27T12:05:25.335+0000][699.888s][debug][safepoint   ] ... found polling page loop exception at pc = 0x00007a342d0fc9c0, stub =0x00007a342c98e400
[2025-04-27T12:05:26.336+0000][700.889s][debug][safepoint   ] Safepoint synchronization initiated using futex wait barrier. (233 threads)
[2025-04-27T12:05:26.337+0000][700.889s][info ][safepoint   ] Safepoint "Cleanup", Time since last: 1134871182 ns, Reaching safepoint: 175120 ns, Cleanup: 148518 ns, At safepoint: 19597 ns, Total: 343235 ns
[2025-04-27T12:05:26.362+0000][700.914s][debug][safepoint   ] Safepoint synchronization initiated using futex wait barrier. (233 threads)
[2025-04-27T12:05:26.362+0000][700.914s][info ][gc,start    ] GC(63) Pause Young (Normal) (G1 Evacuation Pause)
[2025-04-27T12:05:26.362+0000][700.914s][info ][gc,task     ] GC(63) Using 4 workers of 4 for evacuation
[2025-04-27T12:05:26.428+0000][700.981s][info ][gc,phases   ] GC(63)   Pre Evacuate Collection Set: 0.3ms
[2025-04-27T12:05:26.428+0000][700.981s][info ][gc,phases   ] GC(63)   Merge Heap Roots: 0.4ms
[2025-04-27T12:05:26.428+0000][700.981s][info ][gc,phases   ] GC(63)   Evacuate Collection Set: 61.6ms
[2025-04-27T12:05:26.428+0000][700.981s][info ][gc,phases   ] GC(63)   Post Evacuate Collection Set: 3.9ms
[2025-04-27T12:05:26.428+0000][700.981s][info ][gc,phases   ] GC(63)   Other: 0.2ms
[2025-04-27T12:05:26.428+0000][700.981s][info ][gc,heap     ] GC(63) Eden regions: 470->0(483)
[2025-04-27T12:05:26.428+0000][700.981s][info ][gc,heap     ] GC(63) Survivor regions: 37->24(64)
[2025-04-27T12:05:26.428+0000][700.981s][info ][gc,heap     ] GC(63) Old regions: 153->167
[2025-04-27T12:05:26.428+0000][700.981s][info ][gc,heap     ] GC(63) Archive regions: 2->2
[2025-04-27T12:05:26.428+0000][700.981s][info ][gc,heap     ] GC(63) Humongous regions: 33->0
[2025-04-27T12:05:26.428+0000][700.981s][info ][gc,metaspace] GC(63) Metaspace: 193500K(194944K)->193500K(194944K) NonClass: 170137K(170880K)->170137K(170880K) Class: 23362K(24064K)->23362K(24064K)
[2025-04-27T12:05:26.428+0000][700.981s][info ][gc          ] GC(63) Pause Young (Normal) (G1 Evacuation Pause) 693M->191M(846M) 66.384ms
[2025-04-27T12:05:26.428+0000][700.981s][info ][gc,cpu      ] GC(63) User=0.14s Sys=0.00s Real=0.07s
[2025-04-27T12:05:26.429+0000][700.981s][info ][safepoint   ] Safepoint "G1CollectForAllocation", Time since last: 25127320 ns, Reaching safepoint: 57794 ns, Cleanup: 5327 ns, At safepoint: 66846210 ns, Total: 66909331 ns
[2025-04-27T12:05:27.429+0000][701.981s][debug][safepoint   ] Safepoint synchronization initiated using futex wait barrier. (233 threads)
[2025-04-27T12:05:27.429+0000][701.982s][info ][safepoint   ] Safepoint "Cleanup", Time since last: 1000155682 ns, Reaching safepoint: 147994 ns, Cleanup: 91050 ns, At safepoint: 20046 ns, Total: 259090 ns
[2025-04-27T12:05:29.430+0000][703.982s][debug][safepoint   ] Safepoint synchronization initiated using futex wait barrier. (233 threads)
[2025-04-27T12:05:29.430+0000][703.982s][info ][safepoint   ] Safepoint "Cleanup", Time since last: 2000311781 ns, Reaching safepoint: 327299 ns, Cleanup: 91488 ns, At safepoint: 35993 ns, Total: 454780 ns
[2025-04-27T12:05:30.430+0000][704.983s][debug][safepoint   ] Safepoint synchronization initiated using futex wait barrier. (233 threads)
[2025-04-27T12:05:30.430+0000][704.983s][info ][safepoint   ] Safepoint "Cleanup", Time since last: 1000341307 ns, Reaching safepoint: 58674 ns, Cleanup: 14485 ns, At safepoint: 6722 ns, Total: 79881 ns
[2025-04-27T12:05:33.431+0000][707.983s][debug][safepoint   ] Safepoint synchronization initiated using futex wait barrier. (233 threads)
[2025-04-27T12:05:33.431+0000][707.983s][info ][safepoint   ] Safepoint "Cleanup", Time since last: 3000453280 ns, Reaching safepoint: 47705 ns, Cleanup: 10860 ns, At safepoint: 4013 ns, Total: 62578 ns
[2025-04-27T12:05:36.431+0000][710.984s][debug][safepoint   ] Safepoint synchronization initiated using futex wait barrier. (233 threads)
[2025-04-27T12:05:36.432+0000][710.984s][info ][safepoint   ] Safepoint "Cleanup", Time since last: 3000416563 ns, Reaching safepoint: 201559 ns, Cleanup: 34187 ns, At safepoint: 29209 ns, Total: 264955 ns
[2025-04-27T12:05:40.432+0000][714.984s][debug][safepoint   ] Safepoint synchronization initiated using futex wait barrier. (232 threads)
[2025-04-27T12:05:40.432+0000][714.985s][info ][safepoint   ] Safepoint "Cleanup", Time since last: 4000421224 ns, Reaching safepoint: 130820 ns, Cleanup: 34308 ns, At safepoint: 19960 ns, Total: 185088 ns
[2025-04-27T12:05:41.432+0000][715.985s][debug][safepoint   ] Safepoint synchronization initiated using futex wait barrier. (234 threads)
[2025-04-27T12:05:41.433+0000][715.985s][info ][safepoint   ] Safepoint "Cleanup", Time since last: 1000177638 ns, Reaching safepoint: 101558 ns, Cleanup: 105126 ns, At safepoint: 54014 ns, Total: 260698 ns
[2025-04-27T12:05:43.433+0000][717.985s][debug][safepoint   ] Safepoint synchronization initiated using futex wait barrier. (234 threads)
[2025-04-27T12:05:43.433+0000][717.985s][info ][safepoint   ] Safepoint "Cleanup", Time since last: 2000195376 ns, Reaching safepoint: 102016 ns, Cleanup: 66389 ns, At safepoint: 10557 ns, Total: 178962 ns
[2025-04-27T12:05:44.433+0000][718.986s][debug][safepoint   ] Safepoint synchronization initiated using futex wait barrier. (234 threads)
[2025-04-27T12:05:44.433+0000][718.986s][info ][safepoint   ] Safepoint "Cleanup", Time since last: 1000120978 ns, Reaching safepoint: 79176 ns, Cleanup: 59978 ns, At safepoint: 17184 ns, Total: 156338 ns
[2025-04-27T12:05:45.435+0000][719.987s][debug][safepoint   ] Safepoint synchronization initiated using futex wait barrier. (234 threads)
[2025-04-27T12:05:45.435+0000][719.987s][debug][safepoint   ] ... found polling page loop exception at pc = 0x00007a342d14566c, stub =0x00007a342c98e400
[2025-04-27T12:05:45.436+0000][719.988s][info ][safepoint   ] Safepoint "Cleanup", Time since last: 1001368653 ns, Reaching safepoint: 787161 ns, Cleanup: 80365 ns, At safepoint: 168928 ns, Total: 1036454 ns
[2025-04-27T12:05:46.983+0000][721.535s][debug][safepoint   ] Safepoint synchronization initiated using futex wait barrier. (234 threads)
[2025-04-27T12:05:46.983+0000][721.536s][info ][safepoint   ] Safepoint "Cleanup", Time since last: 1547255196 ns, Reaching safepoint: 121380 ns, Cleanup: 92346 ns, At safepoint: 18447 ns, Total: 232173 ns
[2025-04-27T12:05:47.983+0000][722.536s][debug][safepoint   ] Safepoint synchronization initiated using futex wait barrier. (234 threads)
[2025-04-27T12:05:47.984+0000][722.536s][info ][safepoint   ] Safepoint "Cleanup", Time since last: 1000120874 ns, Reaching safepoint: 153755 ns, Cleanup: 28239 ns, At safepoint: 15203 ns, Total: 197197 ns
[2025-04-27T12:05:49.984+0000][724.536s][debug][safepoint   ] Safepoint synchronization initiated using futex wait barrier. (234 threads)
[2025-04-27T12:05:49.984+0000][724.536s][info ][safepoint   ] Safepoint "Cleanup", Time since last: 2000231896 ns, Reaching safepoint: 67565 ns, Cleanup: 12893 ns, At safepoint: 5342 ns, Total: 85800 ns
[2025-04-27T12:05:50.984+0000][725.536s][debug][safepoint   ] Safepoint synchronization initiated using futex wait barrier. (234 threads)
[2025-04-27T12:05:50.984+0000][725.536s][info ][safepoint   ] Safepoint "Cleanup", Time since last: 1000084993 ns, Reaching safepoint: 77578 ns, Cleanup: 20786 ns, At safepoint: 7085 ns, Total: 105449 ns
[2025-04-27T12:05:51.985+0000][726.537s][debug][safepoint   ] Safepoint synchronization initiated using futex wait barrier. (234 threads)
[2025-04-27T12:05:51.985+0000][726.537s][info ][safepoint   ] Safepoint "Cleanup", Time since last: 1000435103 ns, Reaching safepoint: 229497 ns, Cleanup: 46476 ns, At safepoint: 24845 ns, Total: 300818 ns
[2025-04-27T12:05:52.985+0000][727.537s][debug][safepoint   ] Safepoint synchronization initiated using futex wait barrier. (234 threads)
[2025-04-27T12:05:52.985+0000][727.538s][info ][safepoint   ] Safepoint "Cleanup", Time since last: 1000280884 ns, Reaching safepoint: 171730 ns, Cleanup: 29853 ns, At safepoint: 86201 ns, Total: 287784 ns
[2025-04-27T12:05:55.986+0000][730.538s][debug][safepoint   ] Safepoint synchronization initiated using futex wait barrier. (234 threads)
[2025-04-27T12:05:55.986+0000][730.538s][info ][safepoint   ] Safepoint "Cleanup", Time since last: 3000430845 ns, Reaching safepoint: 60804 ns, Cleanup: 13487 ns, At safepoint: 8263 ns, Total: 82554 ns
[2025-04-27T12:06:04.987+0000][739.539s][debug][safepoint   ] Safepoint synchronization initiated using futex wait barrier. (234 threads)
[2025-04-27T12:06:04.987+0000][739.539s][info ][safepoint   ] Safepoint "Cleanup", Time since last: 9000974939 ns, Reaching safepoint: 178680 ns, Cleanup: 29251 ns, At safepoint: 23013 ns, Total: 230944 ns
[2025-04-27T12:06:05.987+0000][740.540s][debug][safepoint   ] Safepoint synchronization initiated using futex wait barrier. (234 threads)
[2025-04-27T12:06:05.987+0000][740.540s][info ][safepoint   ] Safepoint "Cleanup", Time since last: 1000181540 ns, Reaching safepoint: 76044 ns, Cleanup: 15650 ns, At safepoint: 7063 ns, Total: 98757 ns
[2025-04-27T12:06:06.988+0000][741.540s][debug][safepoint   ] Safepoint synchronization initiated using futex wait barrier. (234 threads)
[2025-04-27T12:06:06.988+0000][741.540s][info ][safepoint   ] Safepoint "Cleanup", Time since last: 1000143883 ns, Reaching safepoint: 211560 ns, Cleanup: 41882 ns, At safepoint: 24672 ns, Total: 278114 ns
[2025-04-27T12:06:10.988+0000][745.541s][debug][safepoint   ] Safepoint synchronization initiated using futex wait barrier. (234 threads)
[2025-04-27T12:06:10.988+0000][745.541s][info ][safepoint   ] Safepoint "Cleanup", Time since last: 4000564729 ns, Reaching safepoint: 60299 ns, Cleanup: 10738 ns, At safepoint: 6262 ns, Total: 77299 ns
[2025-04-27T12:06:12.989+0000][747.541s][debug][safepoint   ] Safepoint synchronization initiated using futex wait barrier. (234 threads)
[2025-04-27T12:06:12.989+0000][747.541s][info ][safepoint   ] Safepoint "Cleanup", Time since last: 2000267903 ns, Reaching safepoint: 211494 ns, Cleanup: 29977 ns, At safepoint: 30243 ns, Total: 271714 ns
[2025-04-27T12:06:15.989+0000][750.542s][debug][safepoint   ] Safepoint synchronization initiated using futex wait barrier. (234 threads)
[2025-04-27T12:06:15.990+0000][750.542s][info ][safepoint   ] Safepoint "Cleanup", Time since last: 3000474110 ns, Reaching safepoint: 187876 ns, Cleanup: 31493 ns, At safepoint: 24044 ns, Total: 243413 ns
[2025-04-27T12:06:18.990+0000][753.542s][debug][safepoint   ] Safepoint synchronization initiated using futex wait barrier. (234 threads)
[2025-04-27T12:06:18.990+0000][753.543s][info ][safepoint   ] Safepoint "Cleanup", Time since last: 3000382023 ns, Reaching safepoint: 145673 ns, Cleanup: 51401 ns, At safepoint: 77866 ns, Total: 274940 ns
[2025-04-27T12:06:37.993+0000][772.545s][debug][safepoint   ] Safepoint synchronization initiated using futex wait barrier. (233 threads)
[2025-04-27T12:06:37.993+0000][772.545s][info ][safepoint   ] Safepoint "Cleanup", Time since last: 19002432305 ns, Reaching safepoint: 294397 ns, Cleanup: 27532 ns, At safepoint: 27996 ns, Total: 349925 ns
[2025-04-27T12:06:38.993+0000][773.546s][debug][safepoint   ] Safepoint synchronization initiated using futex wait barrier. (233 threads)
[2025-04-27T12:06:38.993+0000][773.546s][info ][safepoint   ] Safepoint "Cleanup", Time since last: 1000106235 ns, Reaching safepoint: 95956 ns, Cleanup: 32310 ns, At safepoint: 4996 ns, Total: 133262 ns
[2025-04-27T12:06:39.993+0000][774.546s][debug][safepoint   ] Safepoint synchronization initiated using futex wait barrier. (233 threads)
[2025-04-27T12:06:39.994+0000][774.546s][info ][safepoint   ] Safepoint "Cleanup", Time since last: 1000095723 ns, Reaching safepoint: 80165 ns, Cleanup: 32772 ns, At safepoint: 8701 ns, Total: 121638 ns
[2025-04-27T12:06:40.994+0000][775.546s][debug][safepoint   ] Safepoint synchronization initiated using futex wait barrier. (233 threads)
[2025-04-27T12:06:40.994+0000][775.546s][info ][safepoint   ] Safepoint "Cleanup", Time since last: 1000163004 ns, Reaching safepoint: 123534 ns, Cleanup: 35840 ns, At safepoint: 18705 ns, Total: 178079 ns
[2025-04-27T12:06:41.994+0000][776.546s][debug][safepoint   ] Safepoint synchronization initiated using futex wait barrier. (233 threads)
[2025-04-27T12:06:41.994+0000][776.547s][info ][safepoint   ] Safepoint "Cleanup", Time since last: 1000119865 ns, Reaching safepoint: 119312 ns, Cleanup: 57997 ns, At safepoint: 15722 ns, Total: 193031 ns
[2025-04-27T12:06:47.028+0000][781.580s][debug][safepoint   ] Safepoint synchronization initiated using futex wait barrier. (233 threads)
[2025-04-27T12:06:47.028+0000][781.581s][info ][safepoint   ] Safepoint "Cleanup", Time since last: 5033858042 ns, Reaching safepoint: 71851 ns, Cleanup: 25763 ns, At safepoint: 8954 ns, Total: 106568 ns
[2025-04-27T12:06:48.028+0000][782.581s][debug][safepoint   ] Safepoint synchronization initiated using futex wait barrier. (233 threads)
[2025-04-27T12:06:48.029+0000][782.581s][info ][safepoint   ] Safepoint "Cleanup", Time since last: 1000256661 ns, Reaching safepoint: 194018 ns, Cleanup: 37029 ns, At safepoint: 17832 ns, Total: 248879 ns
[2025-04-27T12:06:49.029+0000][783.581s][debug][safepoint   ] Safepoint synchronization initiated using futex wait barrier. (233 threads)
[2025-04-27T12:06:49.029+0000][783.581s][info ][safepoint   ] Safepoint "Cleanup", Time since last: 1000150965 ns, Reaching safepoint: 152469 ns, Cleanup: 68773 ns, At safepoint: 23711 ns, Total: 244953 ns
[2025-04-27T12:06:50.029+0000][784.582s][debug][safepoint   ] Safepoint synchronization initiated using futex wait barrier. (236 threads)
[2025-04-27T12:06:50.029+0000][784.582s][info ][safepoint   ] Safepoint "Cleanup", Time since last: 1000091202 ns, Reaching safepoint: 50221 ns, Cleanup: 52548 ns, At safepoint: 7099 ns, Total: 109868 ns
[2025-04-27T12:06:52.029+0000][786.582s][debug][safepoint   ] Safepoint synchronization initiated using futex wait barrier. (236 threads)
[2025-04-27T12:06:52.030+0000][786.582s][info ][safepoint   ] Safepoint "Cleanup", Time since last: 2000163549 ns, Reaching safepoint: 100294 ns, Cleanup: 20657 ns, At safepoint: 7956 ns, Total: 128907 ns
[2025-04-27T12:06:54.030+0000][788.583s][debug][safepoint   ] Safepoint synchronization initiated using futex wait barrier. (236 threads)
[2025-04-27T12:06:54.030+0000][788.583s][info ][safepoint   ] Safepoint "Cleanup", Time since last: 2000559539 ns, Reaching safepoint: 91205 ns, Cleanup: 113954 ns, At safepoint: 19546 ns, Total: 224705 ns
[2025-04-27T12:06:57.031+0000][791.583s][debug][safepoint   ] Safepoint synchronization initiated using futex wait barrier. (237 threads)
[2025-04-27T12:06:57.031+0000][791.583s][info ][safepoint   ] Safepoint "Cleanup", Time since last: 3000199755 ns, Reaching safepoint: 63225 ns, Cleanup: 29459 ns, At safepoint: 6031 ns, Total: 98715 ns
[2025-04-27T12:06:58.031+0000][792.583s][debug][safepoint   ] Safepoint synchronization initiated using futex wait barrier. (237 threads)
[2025-04-27T12:06:58.031+0000][792.583s][info ][safepoint   ] Safepoint "Cleanup", Time since last: 1000093072 ns, Reaching safepoint: 68593 ns, Cleanup: 19723 ns, At safepoint: 6847 ns, Total: 95163 ns
[2025-04-27T12:06:59.031+0000][793.583s][debug][safepoint   ] Safepoint synchronization initiated using futex wait barrier. (237 threads)
[2025-04-27T12:06:59.031+0000][793.583s][info ][safepoint   ] Safepoint "Cleanup", Time since last: 1000091647 ns, Reaching safepoint: 81281 ns, Cleanup: 51887 ns, At safepoint: 6383 ns, Total: 139551 ns
[2025-04-27T12:07:03.031+0000][797.584s][debug][safepoint   ] Safepoint synchronization initiated using futex wait barrier. (238 threads)
[2025-04-27T12:07:03.031+0000][797.584s][info ][safepoint   ] Safepoint "Cleanup", Time since last: 4000292758 ns, Reaching safepoint: 68140 ns, Cleanup: 12920 ns, At safepoint: 6392 ns, Total: 87452 ns
[2025-04-27T12:07:04.032+0000][798.584s][debug][safepoint   ] Safepoint synchronization initiated using futex wait barrier. (238 threads)
[2025-04-27T12:07:04.032+0000][798.584s][info ][safepoint   ] Safepoint "Cleanup", Time since last: 1000287826 ns, Reaching safepoint: 89590 ns, Cleanup: 13268 ns, At safepoint: 16826 ns, Total: 119684 ns
[2025-04-27T12:07:06.032+0000][800.584s][debug][safepoint   ] Safepoint synchronization initiated using futex wait barrier. (238 threads)
[2025-04-27T12:07:06.032+0000][800.585s][info ][safepoint   ] Safepoint "Cleanup", Time since last: 2000222026 ns, Reaching safepoint: 67464 ns, Cleanup: 40563 ns, At safepoint: 7752 ns, Total: 115779 ns
[2025-04-27T12:07:10.033+0000][804.585s][debug][safepoint   ] Safepoint synchronization initiated using futex wait barrier. (238 threads)
[2025-04-27T12:07:10.033+0000][804.585s][info ][safepoint   ] Safepoint "Cleanup", Time since last: 4000273308 ns, Reaching safepoint: 55090 ns, Cleanup: 9628 ns, At safepoint: 4976 ns, Total: 69694 ns
[2025-04-27T12:07:12.033+0000][806.585s][debug][safepoint   ] Safepoint synchronization initiated using futex wait barrier. (238 threads)
[2025-04-27T12:07:12.033+0000][806.585s][info ][safepoint   ] Safepoint "Cleanup", Time since last: 2000280895 ns, Reaching safepoint: 65923 ns, Cleanup: 10515 ns, At safepoint: 3892 ns, Total: 80330 ns
[2025-04-27T12:07:14.033+0000][808.585s][debug][safepoint   ] Safepoint synchronization initiated using futex wait barrier. (238 threads)
[2025-04-27T12:07:14.033+0000][808.586s][info ][safepoint   ] Safepoint "Cleanup", Time since last: 2000159371 ns, Reaching safepoint: 85338 ns, Cleanup: 14983 ns, At safepoint: 6533 ns, Total: 106854 ns
[2025-04-27T12:07:15.033+0000][809.586s][debug][safepoint   ] Safepoint synchronization initiated using futex wait barrier. (238 threads)
[2025-04-27T12:07:15.033+0000][809.586s][info ][safepoint   ] Safepoint "Cleanup", Time since last: 1000079204 ns, Reaching safepoint: 62333 ns, Cleanup: 11692 ns, At safepoint: 4945 ns, Total: 78970 ns
[2025-04-27T12:07:17.034+0000][811.586s][debug][safepoint   ] Safepoint synchronization initiated using futex wait barrier. (238 threads)
[2025-04-27T12:07:17.034+0000][811.586s][info ][safepoint   ] Safepoint "Cleanup", Time since last: 2000139867 ns, Reaching safepoint: 53139 ns, Cleanup: 18589 ns, At safepoint: 6032 ns, Total: 77760 ns
[2025-04-27T12:07:18.034+0000][812.586s][debug][safepoint   ] Safepoint synchronization initiated using futex wait barrier. (237 threads)
[2025-04-27T12:07:18.034+0000][812.586s][info ][safepoint   ] Safepoint "Cleanup", Time since last: 1000114007 ns, Reaching safepoint: 57566 ns, Cleanup: 10856 ns, At safepoint: 4234 ns, Total: 72656 ns
[2025-04-30T03:26:47.746+0000][816.189s][debug][safepoint   ] Safepoint synchronization initiated using futex wait barrier. (229 threads)
[2025-04-30T03:26:47.747+0000][816.189s][info ][safepoint   ] Safepoint "Cleanup", Time since last: 3602623760 ns, Reaching safepoint: 186913 ns, Cleanup: 27407 ns, At safepoint: 21490 ns, Total: 235810 ns
[2025-04-30T03:26:52.450+0000][820.893s][debug][safepoint   ] Safepoint synchronization initiated using futex wait barrier. (230 threads)
[2025-04-30T03:26:52.451+0000][820.893s][info ][safepoint   ] Safepoint "Cleanup", Time since last: 4703775814 ns, Reaching safepoint: 190873 ns, Cleanup: 26423 ns, At safepoint: 111974 ns, Total: 329270 ns
[2025-04-30T03:26:53.451+0000][821.893s][debug][safepoint   ] Safepoint synchronization initiated using futex wait barrier. (229 threads)
[2025-04-30T03:26:53.451+0000][821.894s][info ][safepoint   ] Safepoint "Cleanup", Time since last: 1000200961 ns, Reaching safepoint: 127615 ns, Cleanup: 273045 ns, At safepoint: 61802 ns, Total: 462462 ns
[2025-04-30T03:26:58.452+0000][826.894s][debug][safepoint   ] Safepoint synchronization initiated using futex wait barrier. (229 threads)
[2025-04-30T03:26:58.452+0000][826.895s][info ][safepoint   ] Safepoint "Cleanup", Time since last: 5000612764 ns, Reaching safepoint: 238088 ns, Cleanup: 40375 ns, At safepoint: 74582 ns, Total: 353045 ns
[2025-04-30T03:26:58.656+0000][827.098s][debug][safepoint   ] Safepoint synchronization initiated using futex wait barrier. (229 threads)
[2025-04-30T03:26:58.656+0000][827.099s][info ][gc,start    ] GC(64) Pause Young (Normal) (G1 Evacuation Pause)
[2025-04-30T03:26:58.656+0000][827.099s][info ][gc,task     ] GC(64) Using 4 workers of 4 for evacuation
[2025-04-30T03:26:58.842+0000][827.285s][info ][gc,phases   ] GC(64)   Pre Evacuate Collection Set: 0.9ms
[2025-04-30T03:26:58.843+0000][827.285s][info ][gc,phases   ] GC(64)   Merge Heap Roots: 0.8ms
[2025-04-30T03:26:58.843+0000][827.285s][info ][gc,phases   ] GC(64)   Evacuate Collection Set: 169.6ms
[2025-04-30T03:26:58.843+0000][827.285s][info ][gc,phases   ] GC(64)   Post Evacuate Collection Set: 14.1ms
[2025-04-30T03:26:58.843+0000][827.285s][info ][gc,phases   ] GC(64)   Other: 0.8ms
[2025-04-30T03:26:58.843+0000][827.285s][info ][gc,heap     ] GC(64) Eden regions: 483->0(483)
[2025-04-30T03:26:58.843+0000][827.285s][info ][gc,heap     ] GC(64) Survivor regions: 24->24(64)
[2025-04-30T03:26:58.843+0000][827.285s][info ][gc,heap     ] GC(64) Old regions: 167->167
[2025-04-30T03:26:58.843+0000][827.285s][info ][gc,heap     ] GC(64) Archive regions: 2->2
[2025-04-30T03:26:58.843+0000][827.285s][info ][gc,heap     ] GC(64) Humongous regions: 34->0
[2025-04-30T03:26:58.843+0000][827.285s][info ][gc,metaspace] GC(64) Metaspace: 194568K(196032K)->194568K(196032K) NonClass: 171167K(171904K)->171167K(171904K) Class: 23401K(24128K)->23401K(24128K)
[2025-04-30T03:26:58.843+0000][827.286s][info ][gc          ] GC(64) Pause Young (Normal) (G1 Evacuation Pause) 708M->191M(846M) 187.166ms
[2025-04-30T03:26:58.844+0000][827.286s][info ][gc,cpu      ] GC(64) User=0.53s Sys=0.01s Real=0.19s
[2025-04-30T03:26:58.845+0000][827.288s][info ][safepoint   ] Safepoint "G1CollectForAllocation", Time since last: 203567827 ns, Reaching safepoint: 153450 ns, Cleanup: 11802 ns, At safepoint: 189127916 ns, Total: 189293168 ns
[2025-04-30T03:26:59.846+0000][828.288s][debug][safepoint   ] Safepoint synchronization initiated using futex wait barrier. (229 threads)
[2025-04-30T03:26:59.846+0000][828.288s][info ][safepoint   ] Safepoint "Cleanup", Time since last: 1000363540 ns, Reaching safepoint: 197339 ns, Cleanup: 59387 ns, At safepoint: 48257 ns, Total: 304983 ns
[2025-04-30T03:27:06.847+0000][835.289s][debug][safepoint   ] Safepoint synchronization initiated using futex wait barrier. (229 threads)
[2025-04-30T03:27:06.847+0000][835.290s][info ][safepoint   ] Safepoint "Cleanup", Time since last: 7001073209 ns, Reaching safepoint: 163879 ns, Cleanup: 29132 ns, At safepoint: 23699 ns, Total: 216710 ns
[2025-04-30T03:27:07.848+0000][836.290s][debug][safepoint   ] Safepoint synchronization initiated using futex wait barrier. (229 threads)
[2025-04-30T03:27:07.848+0000][836.290s][info ][safepoint   ] Safepoint "Cleanup", Time since last: 1000253895 ns, Reaching safepoint: 153260 ns, Cleanup: 33119 ns, At safepoint: 19478 ns, Total: 205857 ns
[2025-04-30T03:27:14.279+0000][842.721s][debug][safepoint   ] Safepoint synchronization initiated using futex wait barrier. (229 threads)
[2025-04-30T03:27:14.279+0000][842.721s][info ][safepoint   ] Safepoint "Cleanup", Time since last: 6430821463 ns, Reaching safepoint: 449856 ns, Cleanup: 59404 ns, At safepoint: 100136 ns, Total: 609396 ns
[2025-04-30T08:30:56.731+0000][845.759s][debug][safepoint   ] Safepoint synchronization initiated using futex wait barrier. (227 threads)
[2025-04-30T08:30:56.810+0000][845.838s][info ][safepoint   ] Safepoint "Cleanup", Time since last: 3037192671 ns, Reaching safepoint: 18686718 ns, Cleanup: 339202 ns, At safepoint: 60467410 ns, Total: 79493330 ns
[2025-04-30T08:30:57.812+0000][846.840s][debug][safepoint   ] Safepoint synchronization initiated using futex wait barrier. (225 threads)
[2025-04-30T08:30:57.813+0000][846.840s][info ][safepoint   ] Safepoint "Cleanup", Time since last: 1001991273 ns, Reaching safepoint: 189928 ns, Cleanup: 118723 ns, At safepoint: 21307 ns, Total: 329958 ns
[2025-04-30T08:30:58.814+0000][847.841s][debug][safepoint   ] Safepoint synchronization initiated using futex wait barrier. (225 threads)
[2025-04-30T08:30:58.814+0000][847.842s][info ][safepoint   ] Safepoint "Cleanup", Time since last: 1000968684 ns, Reaching safepoint: 166482 ns, Cleanup: 24153 ns, At safepoint: 44102 ns, Total: 234737 ns
[2025-04-30T08:31:12.816+0000][861.844s][debug][safepoint   ] Safepoint synchronization initiated using futex wait barrier. (227 threads)
[2025-04-30T08:31:12.817+0000][861.844s][info ][safepoint   ] Safepoint "Cleanup", Time since last: 14002296148 ns, Reaching safepoint: 202496 ns, Cleanup: 130438 ns, At safepoint: 27907 ns, Total: 360841 ns
[2025-04-30T08:31:14.817+0000][863.845s][debug][safepoint   ] Safepoint synchronization initiated using futex wait barrier. (228 threads)
[2025-04-30T08:31:14.817+0000][863.845s][info ][safepoint   ] Safepoint "Cleanup", Time since last: 2000467976 ns, Reaching safepoint: 155956 ns, Cleanup: 62011 ns, At safepoint: 20120 ns, Total: 238087 ns
[2025-04-30T08:31:15.818+0000][864.845s][debug][safepoint   ] Safepoint synchronization initiated using futex wait barrier. (228 threads)
[2025-04-30T08:31:15.818+0000][864.845s][info ][safepoint   ] Safepoint "Cleanup", Time since last: 1000223219 ns, Reaching safepoint: 175806 ns, Cleanup: 36852 ns, At safepoint: 25777 ns, Total: 238435 ns
[2025-04-30T08:31:17.822+0000][866.850s][debug][safepoint   ] Safepoint synchronization initiated using futex wait barrier. (228 threads)
[2025-04-30T08:31:17.823+0000][866.850s][info ][safepoint   ] Safepoint "Cleanup", Time since last: 2004392053 ns, Reaching safepoint: 275257 ns, Cleanup: 45178 ns, At safepoint: 23305 ns, Total: 343740 ns
