[2025-04-26T16:29:20.877+0000][0.061s][info][gc] Using G1
[2025-04-26T16:29:20.886+0000][0.071s][info][gc,init] Version: 17.0.14+7-Debian-1deb12u1 (release)
[2025-04-26T16:29:20.886+0000][0.071s][info][gc,init] CPUs: 4 total, 4 available
[2025-04-26T16:29:20.886+0000][0.071s][info][gc,init] Memory: 7823M
[2025-04-26T16:29:20.886+0000][0.071s][info][gc,init] Large Page Support: Disabled
[2025-04-26T16:29:20.886+0000][0.071s][info][gc,init] NUMA Support: Disabled
[2025-04-26T16:29:20.886+0000][0.071s][info][gc,init] Compressed Oops: Enabled (32-bit)
[2025-04-26T16:29:20.886+0000][0.071s][info][gc,init] Heap Region Size: 1M
[2025-04-26T16:29:20.886+0000][0.071s][info][gc,init] Heap Min Capacity: 8M
[2025-04-26T16:29:20.886+0000][0.071s][info][gc,init] Heap Initial Capacity: 124M
[2025-04-26T16:29:20.886+0000][0.071s][info][gc,init] Heap Max Capacity: 1956M
[2025-04-26T16:29:20.886+0000][0.071s][info][gc,init] Pre-touch: Disabled
[2025-04-26T16:29:20.886+0000][0.071s][info][gc,init] Parallel Workers: 4
[2025-04-26T16:29:20.886+0000][0.071s][info][gc,init] Concurrent Workers: 1
[2025-04-26T16:29:20.886+0000][0.071s][info][gc,init] Concurrent Refinement Workers: 4
[2025-04-26T16:29:20.886+0000][0.071s][info][gc,init] Periodic GC: Disabled
[2025-04-26T16:29:20.925+0000][0.109s][info][gc,metaspace] CDS archive(s) mapped at: [0x0000760933000000-0x0000760933bc9000-0x0000760933bc9000), size 12357632, SharedBaseAddress: 0x0000760933000000, ArchiveRelocationMode: 1.
[2025-04-26T16:29:20.925+0000][0.109s][info][gc,metaspace] Compressed class space mapped at: 0x0000760934000000-0x0000760974000000, reserved size: 1073741824
[2025-04-26T16:29:20.925+0000][0.109s][info][gc,metaspace] Narrow klass base: 0x0000760933000000, Narrow klass shift: 0, Narrow klass range: 0x100000000
[2025-04-26T16:29:20.954+0000][0.138s][info][cds,heap    ] initialize_from_archived_subgraph java.lang.Module$ArchivedData 0x0000760933183798 (early)
[2025-04-26T16:29:20.956+0000][0.141s][info][cds,heap    ] initialize_from_archived_subgraph java.util.ImmutableCollections 0x0000760933072308 (early)
[2025-04-26T16:29:20.960+0000][0.144s][info][cds,heap    ] initialize_from_archived_subgraph java.lang.Integer$IntegerCache 0x0000760933037660 (early)
[2025-04-26T16:29:20.967+0000][0.151s][info][cds,heap    ] initialize_from_archived_subgraph java.lang.module.Configuration 0x0000760933171718 (early)
[2025-04-26T16:29:20.967+0000][0.151s][info][cds,heap    ] initialize_from_archived_subgraph java.lang.ModuleLayer 0x0000760933145b50 (early)
[2025-04-26T16:29:20.968+0000][0.152s][info][cds,heap    ] initialize_from_archived_subgraph jdk.internal.loader.ArchivedClassLoaders 0x00007609331a7e00 (early)
[2025-04-26T16:29:20.968+0000][0.152s][info][cds,heap    ] initialize_from_archived_subgraph jdk.internal.module.ArchivedBootLayer 0x0000760933178358 (early)
[2025-04-26T16:29:20.976+0000][0.160s][info][cds,heap    ] initialize_from_archived_subgraph sun.util.locale.BaseLocale 0x000076093326eb88
[2025-04-26T16:29:21.014+0000][0.199s][info][cds,heap    ] initialize_from_archived_subgraph java.util.jar.Attributes$Name 0x0000760933199878
[2025-04-26T16:29:21.116+0000][0.301s][info][cds,heap    ] initialize_from_archived_subgraph java.lang.Long$LongCache 0x0000760933020f98
[2025-04-26T16:29:21.302+0000][0.487s][info][cds,heap    ] initialize_from_archived_subgraph java.lang.Character$CharacterCache 0x000076093303a9e8
[2025-04-26T16:29:22.355+0000][1.540s][debug][safepoint   ] Safepoint synchronization initiated using futex wait barrier. (12 threads)
[2025-04-26T16:29:22.355+0000][1.540s][info ][gc,start    ] GC(0) Pause Young (Normal) (G1 Evacuation Pause)
[2025-04-26T16:29:22.356+0000][1.541s][info ][gc,task     ] GC(0) Using 3 workers of 4 for evacuation
[2025-04-26T16:29:22.375+0000][1.560s][info ][gc,phases   ] GC(0)   Pre Evacuate Collection Set: 0.1ms
[2025-04-26T16:29:22.375+0000][1.560s][info ][gc,phases   ] GC(0)   Merge Heap Roots: 0.1ms
[2025-04-26T16:29:22.375+0000][1.560s][info ][gc,phases   ] GC(0)   Evacuate Collection Set: 13.0ms
[2025-04-26T16:29:22.375+0000][1.560s][info ][gc,phases   ] GC(0)   Post Evacuate Collection Set: 5.1ms
[2025-04-26T16:29:22.375+0000][1.560s][info ][gc,phases   ] GC(0)   Other: 1.4ms
[2025-04-26T16:29:22.375+0000][1.560s][info ][gc,heap     ] GC(0) Eden regions: 37->0(51)
[2025-04-26T16:29:22.375+0000][1.560s][info ][gc,heap     ] GC(0) Survivor regions: 0->5(5)
[2025-04-26T16:29:22.375+0000][1.560s][info ][gc,heap     ] GC(0) Old regions: 0->2
[2025-04-26T16:29:22.375+0000][1.560s][info ][gc,heap     ] GC(0) Archive regions: 2->2
[2025-04-26T16:29:22.375+0000][1.560s][info ][gc,heap     ] GC(0) Humongous regions: 0->0
[2025-04-26T16:29:22.375+0000][1.560s][info ][gc,metaspace] GC(0) Metaspace: 2071K(2304K)->2071K(2304K) NonClass: 1865K(1984K)->1865K(1984K) Class: 205K(320K)->205K(320K)
[2025-04-26T16:29:22.375+0000][1.560s][info ][gc          ] GC(0) Pause Young (Normal) (G1 Evacuation Pause) 37M->7M(126M) 19.872ms
[2025-04-26T16:29:22.375+0000][1.560s][info ][gc,cpu      ] GC(0) User=0.02s Sys=0.00s Real=0.02s
[2025-04-26T16:29:22.375+0000][1.560s][info ][safepoint   ] Safepoint "G1CollectForAllocation", Time since last: 1406927268 ns, Reaching safepoint: 191774 ns, Cleanup: 87612 ns, At safepoint: 20000792 ns, Total: 20280178 ns
[2025-04-26T16:29:23.731+0000][2.916s][debug][safepoint   ] Safepoint synchronization initiated using futex wait barrier. (13 threads)
[2025-04-26T16:29:23.731+0000][2.916s][info ][safepoint   ] Safepoint "Cleanup", Time since last: 1355874287 ns, Reaching safepoint: 65576 ns, Cleanup: 79076 ns, At safepoint: 6993 ns, Total: 151645 ns
[2025-04-26T16:29:24.125+0000][3.310s][debug][safepoint   ] Safepoint synchronization initiated using futex wait barrier. (13 threads)
[2025-04-26T16:29:24.128+0000][3.312s][info ][gc,start    ] GC(1) Pause Young (Normal) (G1 Evacuation Pause)
[2025-04-26T16:29:24.128+0000][3.312s][info ][gc,task     ] GC(1) Using 3 workers of 4 for evacuation
[2025-04-26T16:29:24.159+0000][3.344s][info ][gc,phases   ] GC(1)   Pre Evacuate Collection Set: 0.1ms
[2025-04-26T16:29:24.163+0000][3.347s][info ][gc,phases   ] GC(1)   Merge Heap Roots: 0.1ms
[2025-04-26T16:29:24.163+0000][3.347s][info ][gc,phases   ] GC(1)   Evacuate Collection Set: 28.7ms
[2025-04-26T16:29:24.163+0000][3.347s][info ][gc,phases   ] GC(1)   Post Evacuate Collection Set: 2.8ms
[2025-04-26T16:29:24.163+0000][3.347s][info ][gc,phases   ] GC(1)   Other: 0.2ms
[2025-04-26T16:29:24.163+0000][3.347s][info ][gc,heap     ] GC(1) Eden regions: 51->0(62)
[2025-04-26T16:29:24.163+0000][3.347s][info ][gc,heap     ] GC(1) Survivor regions: 5->4(7)
[2025-04-26T16:29:24.163+0000][3.347s][info ][gc,heap     ] GC(1) Old regions: 2->7
[2025-04-26T16:29:24.163+0000][3.347s][info ][gc,heap     ] GC(1) Archive regions: 2->2
[2025-04-26T16:29:24.163+0000][3.347s][info ][gc,heap     ] GC(1) Humongous regions: 0->0
[2025-04-26T16:29:24.163+0000][3.347s][info ][gc,metaspace] GC(1) Metaspace: 4312K(4544K)->4312K(4544K) NonClass: 3849K(3968K)->3849K(3968K) Class: 463K(576K)->463K(576K)
[2025-04-26T16:29:24.163+0000][3.347s][info ][gc          ] GC(1) Pause Young (Normal) (G1 Evacuation Pause) 58M->10M(126M) 35.101ms
[2025-04-26T16:29:24.163+0000][3.347s][info ][gc,cpu      ] GC(1) User=0.06s Sys=0.01s Real=0.04s
[2025-04-26T16:29:24.163+0000][3.347s][info ][safepoint   ] Safepoint "G1CollectForAllocation", Time since last: 393657107 ns, Reaching safepoint: 2508711 ns, Cleanup: 28337 ns, At safepoint: 35177309 ns, Total: 37714357 ns
[2025-04-26T16:29:25.337+0000][4.521s][debug][safepoint   ] Safepoint synchronization initiated using futex wait barrier. (14 threads)
[2025-04-26T16:29:25.337+0000][4.522s][info ][gc,start    ] GC(2) Pause Young (Normal) (G1 Evacuation Pause)
[2025-04-26T16:29:25.337+0000][4.522s][info ][gc,task     ] GC(2) Using 3 workers of 4 for evacuation
[2025-04-26T16:29:25.349+0000][4.534s][info ][gc,phases   ] GC(2)   Pre Evacuate Collection Set: 0.1ms
[2025-04-26T16:29:25.349+0000][4.534s][info ][gc,phases   ] GC(2)   Merge Heap Roots: 0.1ms
[2025-04-26T16:29:25.349+0000][4.534s][info ][gc,phases   ] GC(2)   Evacuate Collection Set: 10.0ms
[2025-04-26T16:29:25.349+0000][4.534s][info ][gc,phases   ] GC(2)   Post Evacuate Collection Set: 1.5ms
[2025-04-26T16:29:25.349+0000][4.534s][info ][gc,phases   ] GC(2)   Other: 0.3ms
[2025-04-26T16:29:25.349+0000][4.534s][info ][gc,heap     ] GC(2) Eden regions: 62->0(69)
[2025-04-26T16:29:25.349+0000][4.534s][info ][gc,heap     ] GC(2) Survivor regions: 4->5(9)
[2025-04-26T16:29:25.349+0000][4.534s][info ][gc,heap     ] GC(2) Old regions: 7->7
[2025-04-26T16:29:25.349+0000][4.534s][info ][gc,heap     ] GC(2) Archive regions: 2->2
[2025-04-26T16:29:25.349+0000][4.534s][info ][gc,heap     ] GC(2) Humongous regions: 0->0
[2025-04-26T16:29:25.349+0000][4.534s][info ][gc,metaspace] GC(2) Metaspace: 6289K(6592K)->6289K(6592K) NonClass: 5494K(5632K)->5494K(5632K) Class: 795K(960K)->795K(960K)
[2025-04-26T16:29:25.349+0000][4.534s][info ][gc          ] GC(2) Pause Young (Normal) (G1 Evacuation Pause) 72M->12M(126M) 12.046ms
[2025-04-26T16:29:25.349+0000][4.534s][info ][gc,cpu      ] GC(2) User=0.03s Sys=0.00s Real=0.01s
[2025-04-26T16:29:25.349+0000][4.534s][info ][safepoint   ] Safepoint "G1CollectForAllocation", Time since last: 1173823759 ns, Reaching safepoint: 406340 ns, Cleanup: 231144 ns, At safepoint: 12111822 ns, Total: 12749306 ns
[2025-04-26T16:29:26.110+0000][5.294s][debug][safepoint   ] Safepoint synchronization initiated using futex wait barrier. (13 threads)
[2025-04-26T16:29:26.110+0000][5.294s][info ][gc,start    ] GC(3) Pause Young (Normal) (G1 Evacuation Pause)
[2025-04-26T16:29:26.110+0000][5.294s][info ][gc,task     ] GC(3) Using 3 workers of 4 for evacuation
[2025-04-26T16:29:26.120+0000][5.304s][info ][gc,phases   ] GC(3)   Pre Evacuate Collection Set: 2.4ms
[2025-04-26T16:29:26.120+0000][5.304s][info ][gc,phases   ] GC(3)   Merge Heap Roots: 0.1ms
[2025-04-26T16:29:26.120+0000][5.304s][info ][gc,phases   ] GC(3)   Evacuate Collection Set: 6.7ms
[2025-04-26T16:29:26.120+0000][5.304s][info ][gc,phases   ] GC(3)   Post Evacuate Collection Set: 0.8ms
[2025-04-26T16:29:26.120+0000][5.304s][info ][gc,phases   ] GC(3)   Other: 0.1ms
[2025-04-26T16:29:26.120+0000][5.304s][info ][gc,heap     ] GC(3) Eden regions: 69->0(68)
[2025-04-26T16:29:26.120+0000][5.304s][info ][gc,heap     ] GC(3) Survivor regions: 5->6(10)
[2025-04-26T16:29:26.120+0000][5.304s][info ][gc,heap     ] GC(3) Old regions: 7->7
[2025-04-26T16:29:26.120+0000][5.304s][info ][gc,heap     ] GC(3) Archive regions: 2->2
[2025-04-26T16:29:26.120+0000][5.304s][info ][gc,heap     ] GC(3) Humongous regions: 0->0
[2025-04-26T16:29:26.120+0000][5.304s][info ][gc,metaspace] GC(3) Metaspace: 10263K(10560K)->10263K(10560K) NonClass: 8935K(9088K)->8935K(9088K) Class: 1328K(1472K)->1328K(1472K)
[2025-04-26T16:29:26.120+0000][5.304s][info ][gc          ] GC(3) Pause Young (Normal) (G1 Evacuation Pause) 81M->13M(126M) 10.195ms
[2025-04-26T16:29:26.120+0000][5.304s][info ][gc,cpu      ] GC(3) User=0.02s Sys=0.00s Real=0.01s
[2025-04-26T16:29:26.120+0000][5.304s][info ][safepoint   ] Safepoint "G1CollectForAllocation", Time since last: 760232823 ns, Reaching safepoint: 48617 ns, Cleanup: 71026 ns, At safepoint: 10240857 ns, Total: 10360500 ns
[2025-04-26T16:29:26.687+0000][5.872s][debug][safepoint   ] Safepoint synchronization initiated using futex wait barrier. (14 threads)
[2025-04-26T16:29:26.687+0000][5.872s][info ][safepoint   ] Safepoint "ICBufferFull", Time since last: 567124136 ns, Reaching safepoint: 130673 ns, Cleanup: 98051 ns, At safepoint: 5900 ns, Total: 234624 ns
[2025-04-26T16:29:26.822+0000][6.006s][debug][safepoint   ] Safepoint synchronization initiated using futex wait barrier. (14 threads)
[2025-04-26T16:29:26.822+0000][6.006s][info ][gc,start    ] GC(4) Pause Young (Normal) (G1 Evacuation Pause)
[2025-04-26T16:29:26.822+0000][6.006s][info ][gc,task     ] GC(4) Using 3 workers of 4 for evacuation
[2025-04-26T16:29:26.830+0000][6.015s][info ][gc,phases   ] GC(4)   Pre Evacuate Collection Set: 0.1ms
[2025-04-26T16:29:26.830+0000][6.015s][info ][gc,phases   ] GC(4)   Merge Heap Roots: 0.0ms
[2025-04-26T16:29:26.830+0000][6.015s][info ][gc,phases   ] GC(4)   Evacuate Collection Set: 7.3ms
[2025-04-26T16:29:26.830+0000][6.015s][info ][gc,phases   ] GC(4)   Post Evacuate Collection Set: 0.8ms
[2025-04-26T16:29:26.830+0000][6.015s][info ][gc,phases   ] GC(4)   Other: 0.1ms
[2025-04-26T16:29:26.830+0000][6.015s][info ][gc,heap     ] GC(4) Eden regions: 68->0(68)
[2025-04-26T16:29:26.830+0000][6.015s][info ][gc,heap     ] GC(4) Survivor regions: 6->6(10)
[2025-04-26T16:29:26.830+0000][6.015s][info ][gc,heap     ] GC(4) Old regions: 7->10
[2025-04-26T16:29:26.830+0000][6.015s][info ][gc,heap     ] GC(4) Archive regions: 2->2
[2025-04-26T16:29:26.830+0000][6.015s][info ][gc,heap     ] GC(4) Humongous regions: 0->0
[2025-04-26T16:29:26.830+0000][6.015s][info ][gc,metaspace] GC(4) Metaspace: 11959K(12224K)->11959K(12224K) NonClass: 10412K(10560K)->10412K(10560K) Class: 1547K(1664K)->1547K(1664K)
[2025-04-26T16:29:26.830+0000][6.015s][info ][gc          ] GC(4) Pause Young (Normal) (G1 Evacuation Pause) 81M->15M(126M) 8.581ms
[2025-04-26T16:29:26.830+0000][6.015s][info ][gc,cpu      ] GC(4) User=0.03s Sys=0.00s Real=0.01s
[2025-04-26T16:29:26.830+0000][6.015s][info ][safepoint   ] Safepoint "G1CollectForAllocation", Time since last: 134362058 ns, Reaching safepoint: 84985 ns, Cleanup: 37635 ns, At safepoint: 8634683 ns, Total: 8757303 ns
[2025-04-26T16:29:27.331+0000][6.515s][debug][safepoint   ] Safepoint synchronization initiated using futex wait barrier. (15 threads)
[2025-04-26T16:29:27.331+0000][6.516s][info ][gc,start    ] GC(5) Pause Young (Normal) (G1 Evacuation Pause)
[2025-04-26T16:29:27.331+0000][6.516s][info ][gc,task     ] GC(5) Using 4 workers of 4 for evacuation
[2025-04-26T16:29:27.339+0000][6.524s][info ][gc,phases   ] GC(5)   Pre Evacuate Collection Set: 0.2ms
[2025-04-26T16:29:27.339+0000][6.524s][info ][gc,phases   ] GC(5)   Merge Heap Roots: 0.1ms
[2025-04-26T16:29:27.339+0000][6.524s][info ][gc,phases   ] GC(5)   Evacuate Collection Set: 5.9ms
[2025-04-26T16:29:27.339+0000][6.524s][info ][gc,phases   ] GC(5)   Post Evacuate Collection Set: 1.7ms
[2025-04-26T16:29:27.339+0000][6.524s][info ][gc,phases   ] GC(5)   Other: 0.1ms
[2025-04-26T16:29:27.339+0000][6.524s][info ][gc,heap     ] GC(5) Eden regions: 68->0(85)
[2025-04-26T16:29:27.339+0000][6.524s][info ][gc,heap     ] GC(5) Survivor regions: 6->6(10)
[2025-04-26T16:29:27.339+0000][6.524s][info ][gc,heap     ] GC(5) Old regions: 10->10
[2025-04-26T16:29:27.339+0000][6.524s][info ][gc,heap     ] GC(5) Archive regions: 2->2
[2025-04-26T16:29:27.339+0000][6.524s][info ][gc,heap     ] GC(5) Humongous regions: 0->0
[2025-04-26T16:29:27.339+0000][6.524s][info ][gc,metaspace] GC(5) Metaspace: 14650K(14976K)->14650K(14976K) NonClass: 12745K(12928K)->12745K(12928K) Class: 1905K(2048K)->1905K(2048K)
[2025-04-26T16:29:27.339+0000][6.524s][info ][gc          ] GC(5) Pause Young (Normal) (G1 Evacuation Pause) 83M->16M(152M) 8.084ms
[2025-04-26T16:29:27.339+0000][6.524s][info ][gc,cpu      ] GC(5) User=0.02s Sys=0.00s Real=0.00s
[2025-04-26T16:29:27.339+0000][6.524s][info ][safepoint   ] Safepoint "G1CollectForAllocation", Time since last: 500191780 ns, Reaching safepoint: 340473 ns, Cleanup: 121789 ns, At safepoint: 8146046 ns, Total: 8608308 ns
[2025-04-26T16:29:27.602+0000][6.786s][info ][cds,heap    ] initialize_from_archived_subgraph java.lang.Byte$ByteCache 0x000076093303abf8
[2025-04-26T16:29:27.602+0000][6.786s][info ][cds,heap    ] initialize_from_archived_subgraph java.lang.Short$ShortCache 0x00007609330412e8
[2025-04-26T16:29:27.758+0000][6.942s][debug][safepoint   ] Safepoint synchronization initiated using futex wait barrier. (15 threads)
[2025-04-26T16:29:27.758+0000][6.942s][debug][safepoint   ] ... found polling page loop exception at pc = 0x000076099cfe50bf, stub =0x000076099c98e400
[2025-04-26T16:29:27.758+0000][6.942s][info ][gc,start    ] GC(6) Pause Young (Normal) (G1 Evacuation Pause)
[2025-04-26T16:29:27.758+0000][6.942s][info ][gc,task     ] GC(6) Using 4 workers of 4 for evacuation
[2025-04-26T16:29:27.764+0000][6.949s][info ][gc,phases   ] GC(6)   Pre Evacuate Collection Set: 0.1ms
[2025-04-26T16:29:27.764+0000][6.949s][info ][gc,phases   ] GC(6)   Merge Heap Roots: 0.1ms
[2025-04-26T16:29:27.765+0000][6.949s][info ][gc,phases   ] GC(6)   Evacuate Collection Set: 5.6ms
[2025-04-26T16:29:27.765+0000][6.949s][info ][gc,phases   ] GC(6)   Post Evacuate Collection Set: 0.8ms
[2025-04-26T16:29:27.765+0000][6.949s][info ][gc,phases   ] GC(6)   Other: 0.1ms
[2025-04-26T16:29:27.765+0000][6.949s][info ][gc,heap     ] GC(6) Eden regions: 85->0(84)
[2025-04-26T16:29:27.765+0000][6.949s][info ][gc,heap     ] GC(6) Survivor regions: 6->7(12)
[2025-04-26T16:29:27.765+0000][6.949s][info ][gc,heap     ] GC(6) Old regions: 10->10
[2025-04-26T16:29:27.765+0000][6.949s][info ][gc,heap     ] GC(6) Archive regions: 2->2
[2025-04-26T16:29:27.765+0000][6.949s][info ][gc,heap     ] GC(6) Humongous regions: 0->0
[2025-04-26T16:29:27.765+0000][6.949s][info ][gc,metaspace] GC(6) Metaspace: 17055K(17408K)->17055K(17408K) NonClass: 14723K(14912K)->14723K(14912K) Class: 2332K(2496K)->2332K(2496K)
[2025-04-26T16:29:27.765+0000][6.949s][info ][gc          ] GC(6) Pause Young (Normal) (G1 Evacuation Pause) 101M->17M(152M) 6.828ms
[2025-04-26T16:29:27.765+0000][6.949s][info ][gc,cpu      ] GC(6) User=0.02s Sys=0.00s Real=0.01s
[2025-04-26T16:29:27.765+0000][6.949s][info ][safepoint   ] Safepoint "G1CollectForAllocation", Time since last: 418373434 ns, Reaching safepoint: 124183 ns, Cleanup: 57693 ns, At safepoint: 6881011 ns, Total: 7062887 ns
[2025-04-26T16:29:28.202+0000][7.387s][debug][safepoint   ] Safepoint synchronization initiated using futex wait barrier. (15 threads)
[2025-04-26T16:29:28.202+0000][7.387s][info ][gc,start    ] GC(7) Pause Young (Normal) (G1 Evacuation Pause)
[2025-04-26T16:29:28.203+0000][7.387s][info ][gc,task     ] GC(7) Using 4 workers of 4 for evacuation
[2025-04-26T16:29:28.214+0000][7.399s][info ][gc,phases   ] GC(7)   Pre Evacuate Collection Set: 0.1ms
[2025-04-26T16:29:28.214+0000][7.399s][info ][gc,phases   ] GC(7)   Merge Heap Roots: 0.0ms
[2025-04-26T16:29:28.214+0000][7.399s][info ][gc,phases   ] GC(7)   Evacuate Collection Set: 10.5ms
[2025-04-26T16:29:28.214+0000][7.399s][info ][gc,phases   ] GC(7)   Post Evacuate Collection Set: 0.8ms
[2025-04-26T16:29:28.214+0000][7.399s][info ][gc,phases   ] GC(7)   Other: 0.1ms
[2025-04-26T16:29:28.214+0000][7.399s][info ][gc,heap     ] GC(7) Eden regions: 84->0(82)
[2025-04-26T16:29:28.214+0000][7.399s][info ][gc,heap     ] GC(7) Survivor regions: 7->9(12)
[2025-04-26T16:29:28.214+0000][7.399s][info ][gc,heap     ] GC(7) Old regions: 10->11
[2025-04-26T16:29:28.214+0000][7.399s][info ][gc,heap     ] GC(7) Archive regions: 2->2
[2025-04-26T16:29:28.214+0000][7.399s][info ][gc,heap     ] GC(7) Humongous regions: 0->0
[2025-04-26T16:29:28.214+0000][7.399s][info ][gc,metaspace] GC(7) Metaspace: 20949K(21312K)->20949K(21312K) NonClass: 18219K(18368K)->18219K(18368K) Class: 2730K(2944K)->2730K(2944K)
[2025-04-26T16:29:28.214+0000][7.399s][info ][gc          ] GC(7) Pause Young (Normal) (G1 Evacuation Pause) 101M->20M(152M) 11.638ms
[2025-04-26T16:29:28.214+0000][7.399s][info ][gc,cpu      ] GC(7) User=0.03s Sys=0.00s Real=0.01s
[2025-04-26T16:29:28.214+0000][7.399s][info ][safepoint   ] Safepoint "G1CollectForAllocation", Time since last: 437545696 ns, Reaching safepoint: 234780 ns, Cleanup: 66510 ns, At safepoint: 11685790 ns, Total: 11987080 ns
[2025-04-26T16:29:28.239+0000][7.423s][debug][safepoint   ] Safepoint synchronization initiated using futex wait barrier. (15 threads)
[2025-04-26T16:29:28.239+0000][7.423s][info ][safepoint   ] Safepoint "CollectForMetadataAllocation", Time since last: 24353064 ns, Reaching safepoint: 168028 ns, Cleanup: 16213 ns, At safepoint: 32134 ns, Total: 216375 ns
[2025-04-26T16:29:28.239+0000][7.423s][debug][safepoint   ] Safepoint synchronization initiated using futex wait barrier. (15 threads)
[2025-04-26T16:29:28.239+0000][7.424s][info ][safepoint   ] Safepoint "CollectForMetadataAllocation", Time since last: 157022 ns, Reaching safepoint: 86780 ns, Cleanup: 2051 ns, At safepoint: 4126 ns, Total: 92957 ns
[2025-04-26T16:29:28.239+0000][7.424s][debug][safepoint   ] Safepoint synchronization initiated using futex wait barrier. (15 threads)
[2025-04-26T16:29:28.239+0000][7.424s][info ][gc,start    ] GC(8) Pause Young (Concurrent Start) (GCLocker Initiated GC)
[2025-04-26T16:29:28.240+0000][7.424s][info ][gc,task     ] GC(8) Using 4 workers of 4 for evacuation
[2025-04-26T16:29:28.248+0000][7.433s][info ][gc,phases   ] GC(8)   Pre Evacuate Collection Set: 0.1ms
[2025-04-26T16:29:28.248+0000][7.433s][info ][gc,phases   ] GC(8)   Merge Heap Roots: 0.0ms
[2025-04-26T16:29:28.248+0000][7.433s][info ][gc,phases   ] GC(8)   Evacuate Collection Set: 7.9ms
[2025-04-26T16:29:28.249+0000][7.433s][info ][gc,phases   ] GC(8)   Post Evacuate Collection Set: 0.7ms
[2025-04-26T16:29:28.249+0000][7.433s][info ][gc,phases   ] GC(8)   Other: 0.2ms
[2025-04-26T16:29:28.249+0000][7.433s][info ][gc,heap     ] GC(8) Eden regions: 5->0(85)
[2025-04-26T16:29:28.249+0000][7.433s][info ][gc,heap     ] GC(8) Survivor regions: 9->6(12)
[2025-04-26T16:29:28.249+0000][7.433s][info ][gc,heap     ] GC(8) Old regions: 11->14
[2025-04-26T16:29:28.249+0000][7.433s][info ][gc,heap     ] GC(8) Archive regions: 2->2
[2025-04-26T16:29:28.249+0000][7.433s][info ][gc,heap     ] GC(8) Humongous regions: 0->0
[2025-04-26T16:29:28.249+0000][7.433s][info ][gc,metaspace] GC(8) Metaspace: 21203K(21568K)->21203K(21568K) NonClass: 18443K(18624K)->18443K(18624K) Class: 2760K(2944K)->2760K(2944K)
[2025-04-26T16:29:28.249+0000][7.433s][info ][gc          ] GC(8) Pause Young (Concurrent Start) (GCLocker Initiated GC) 25M->20M(152M) 9.085ms
[2025-04-26T16:29:28.249+0000][7.433s][info ][gc,cpu      ] GC(8) User=0.03s Sys=0.00s Real=0.01s
[2025-04-26T16:29:28.249+0000][7.433s][info ][safepoint   ] Safepoint "G1CollectForAllocation", Time since last: 325766 ns, Reaching safepoint: 182308 ns, Cleanup: 2302 ns, At safepoint: 9143643 ns, Total: 9328253 ns
[2025-04-26T16:29:28.249+0000][7.433s][info ][gc          ] GC(9) Concurrent Mark Cycle
[2025-04-26T16:29:28.249+0000][7.433s][info ][gc,marking  ] GC(9) Concurrent Clear Claimed Marks
[2025-04-26T16:29:28.249+0000][7.433s][info ][gc,marking  ] GC(9) Concurrent Clear Claimed Marks 0.093ms
[2025-04-26T16:29:28.249+0000][7.434s][info ][gc,marking  ] GC(9) Concurrent Scan Root Regions
[2025-04-26T16:29:28.264+0000][7.448s][info ][gc,marking  ] GC(9) Concurrent Scan Root Regions 14.610ms
[2025-04-26T16:29:28.264+0000][7.448s][info ][gc,marking  ] GC(9) Concurrent Mark
[2025-04-26T16:29:28.264+0000][7.448s][info ][gc,marking  ] GC(9) Concurrent Mark From Roots
[2025-04-26T16:29:28.264+0000][7.448s][info ][gc,task     ] GC(9) Using 1 workers of 1 for marking
[2025-04-26T16:29:28.276+0000][7.460s][debug][safepoint   ] Safepoint synchronization initiated using futex wait barrier. (15 threads)
[2025-04-26T16:29:28.276+0000][7.460s][info ][safepoint   ] Safepoint "CollectForMetadataAllocation", Time since last: 26907521 ns, Reaching safepoint: 80071 ns, Cleanup: 15720 ns, At safepoint: 41238 ns, Total: 137029 ns
[2025-04-26T16:29:28.294+0000][7.479s][info ][gc,marking  ] GC(9) Concurrent Mark From Roots 30.451ms
[2025-04-26T16:29:28.295+0000][7.479s][info ][gc,marking  ] GC(9) Concurrent Preclean
[2025-04-26T16:29:28.295+0000][7.479s][info ][gc,marking  ] GC(9) Concurrent Preclean 0.383ms
[2025-04-26T16:29:28.295+0000][7.480s][debug][safepoint   ] Safepoint synchronization initiated using futex wait barrier. (15 threads)
[2025-04-26T16:29:28.295+0000][7.480s][info ][gc,start    ] GC(9) Pause Remark
[2025-04-26T16:29:28.298+0000][7.483s][info ][gc          ] GC(9) Pause Remark 27M->27M(97M) 3.170ms
[2025-04-26T16:29:28.298+0000][7.483s][info ][gc,cpu      ] GC(9) User=0.01s Sys=0.00s Real=0.00s
[2025-04-26T16:29:28.299+0000][7.484s][info ][safepoint   ] Safepoint "G1PauseRemark", Time since last: 19345554 ns, Reaching safepoint: 152836 ns, Cleanup: 9599 ns, At safepoint: 4118610 ns, Total: 4281045 ns
[2025-04-26T16:29:28.299+0000][7.484s][info ][gc,marking  ] GC(9) Concurrent Mark 35.719ms
[2025-04-26T16:29:28.300+0000][7.484s][info ][gc,marking  ] GC(9) Concurrent Rebuild Remembered Sets
[2025-04-26T16:29:28.300+0000][7.484s][info ][gc,marking  ] GC(9) Concurrent Rebuild Remembered Sets 0.099ms
[2025-04-26T16:29:28.306+0000][7.491s][debug][safepoint   ] Safepoint synchronization initiated using futex wait barrier. (15 threads)
[2025-04-26T16:29:28.307+0000][7.491s][info ][gc,start    ] GC(9) Pause Cleanup
[2025-04-26T16:29:28.307+0000][7.492s][info ][gc          ] GC(9) Pause Cleanup 28M->28M(97M) 0.205ms
[2025-04-26T16:29:28.307+0000][7.492s][info ][gc,cpu      ] GC(9) User=0.00s Sys=0.00s Real=0.00s
[2025-04-26T16:29:28.307+0000][7.492s][info ][safepoint   ] Safepoint "G1PauseCleanup", Time since last: 1376403 ns, Reaching safepoint: 6200220 ns, Cleanup: 7177 ns, At safepoint: 444053 ns, Total: 6651450 ns
[2025-04-26T16:29:28.307+0000][7.492s][info ][gc,marking  ] GC(9) Concurrent Cleanup for Next Mark
[2025-04-26T16:29:28.309+0000][7.493s][info ][gc,marking  ] GC(9) Concurrent Cleanup for Next Mark 1.330ms
[2025-04-26T16:29:28.309+0000][7.494s][info ][gc          ] GC(9) Concurrent Mark Cycle 60.302ms
[2025-04-26T16:29:28.553+0000][7.737s][debug][safepoint   ] Safepoint synchronization initiated using futex wait barrier. (15 threads)
[2025-04-26T16:29:28.553+0000][7.738s][info ][gc,start    ] GC(10) Pause Young (Concurrent Start) (G1 Evacuation Pause)
[2025-04-26T16:29:28.553+0000][7.738s][info ][gc,task     ] GC(10) Using 4 workers of 4 for evacuation
[2025-04-26T16:29:28.563+0000][7.748s][info ][gc,phases   ] GC(10)   Pre Evacuate Collection Set: 0.1ms
[2025-04-26T16:29:28.563+0000][7.748s][info ][gc,phases   ] GC(10)   Merge Heap Roots: 0.1ms
[2025-04-26T16:29:28.563+0000][7.748s][info ][gc,phases   ] GC(10)   Evacuate Collection Set: 8.7ms
[2025-04-26T16:29:28.563+0000][7.748s][info ][gc,phases   ] GC(10)   Post Evacuate Collection Set: 0.9ms
[2025-04-26T16:29:28.563+0000][7.748s][info ][gc,phases   ] GC(10)   Other: 0.2ms
[2025-04-26T16:29:28.563+0000][7.748s][info ][gc,heap     ] GC(10) Eden regions: 57->0(51)
[2025-04-26T16:29:28.563+0000][7.748s][info ][gc,heap     ] GC(10) Survivor regions: 6->7(8)
[2025-04-26T16:29:28.563+0000][7.748s][info ][gc,heap     ] GC(10) Old regions: 14->16
[2025-04-26T16:29:28.563+0000][7.748s][info ][gc,heap     ] GC(10) Archive regions: 2->2
[2025-04-26T16:29:28.563+0000][7.748s][info ][gc,heap     ] GC(10) Humongous regions: 0->0
[2025-04-26T16:29:28.563+0000][7.748s][info ][gc,metaspace] GC(10) Metaspace: 23189K(23552K)->23189K(23552K) NonClass: 20143K(20352K)->20143K(20352K) Class: 3045K(3200K)->3045K(3200K)
[2025-04-26T16:29:28.563+0000][7.748s][info ][gc          ] GC(10) Pause Young (Concurrent Start) (G1 Evacuation Pause) 77M->23M(97M) 10.179ms
[2025-04-26T16:29:28.563+0000][7.748s][info ][gc,cpu      ] GC(10) User=0.03s Sys=0.00s Real=0.01s
[2025-04-26T16:29:28.563+0000][7.748s][info ][gc          ] GC(11) Concurrent Mark Cycle
[2025-04-26T16:29:28.564+0000][7.748s][info ][gc,marking  ] GC(11) Concurrent Clear Claimed Marks
[2025-04-26T16:29:28.564+0000][7.748s][info ][gc,marking  ] GC(11) Concurrent Clear Claimed Marks 0.112ms
[2025-04-26T16:29:28.564+0000][7.748s][info ][gc,marking  ] GC(11) Concurrent Scan Root Regions
[2025-04-26T16:29:28.566+0000][7.750s][info ][safepoint   ] Safepoint "G1CollectForAllocation", Time since last: 245516149 ns, Reaching safepoint: 247824 ns, Cleanup: 70182 ns, At safepoint: 12591242 ns, Total: 12909248 ns
[2025-04-26T16:29:28.570+0000][7.755s][info ][gc,marking  ] GC(11) Concurrent Scan Root Regions 6.580ms
[2025-04-26T16:29:28.571+0000][7.755s][info ][gc,marking  ] GC(11) Concurrent Mark
[2025-04-26T16:29:28.571+0000][7.755s][info ][gc,marking  ] GC(11) Concurrent Mark From Roots
[2025-04-26T16:29:28.571+0000][7.755s][info ][gc,task     ] GC(11) Using 1 workers of 1 for marking
[2025-04-26T16:29:28.604+0000][7.789s][info ][gc,marking  ] GC(11) Concurrent Mark From Roots 33.684ms
[2025-04-26T16:29:28.605+0000][7.789s][info ][gc,marking  ] GC(11) Concurrent Preclean
[2025-04-26T16:29:28.605+0000][7.789s][info ][gc,marking  ] GC(11) Concurrent Preclean 0.336ms
[2025-04-26T16:29:28.605+0000][7.790s][debug][safepoint   ] Safepoint synchronization initiated using futex wait barrier. (15 threads)
[2025-04-26T16:29:28.605+0000][7.790s][debug][safepoint   ] ... found polling page loop exception at pc = 0x000076099cfe50bf, stub =0x000076099c98e400
[2025-04-26T16:29:28.605+0000][7.790s][info ][gc,start    ] GC(11) Pause Remark
[2025-04-26T16:29:28.610+0000][7.794s][info ][gc          ] GC(11) Pause Remark 29M->29M(97M) 4.405ms
[2025-04-26T16:29:28.610+0000][7.794s][info ][gc,cpu      ] GC(11) User=0.01s Sys=0.00s Real=0.01s
[2025-04-26T16:29:28.610+0000][7.794s][info ][safepoint   ] Safepoint "G1PauseRemark", Time since last: 39252293 ns, Reaching safepoint: 226141 ns, Cleanup: 15445 ns, At safepoint: 4487586 ns, Total: 4729172 ns
[2025-04-26T16:29:28.610+0000][7.794s][info ][gc,marking  ] GC(11) Concurrent Mark 39.297ms
[2025-04-26T16:29:28.610+0000][7.794s][info ][gc,marking  ] GC(11) Concurrent Rebuild Remembered Sets
[2025-04-26T16:29:28.632+0000][7.816s][info ][gc,marking  ] GC(11) Concurrent Rebuild Remembered Sets 21.782ms
[2025-04-26T16:29:28.632+0000][7.816s][debug][safepoint   ] Safepoint synchronization initiated using futex wait barrier. (15 threads)
[2025-04-26T16:29:28.632+0000][7.817s][info ][gc,start    ] GC(11) Pause Cleanup
[2025-04-26T16:29:28.632+0000][7.817s][info ][gc          ] GC(11) Pause Cleanup 33M->33M(97M) 0.194ms
[2025-04-26T16:29:28.632+0000][7.817s][info ][gc,cpu      ] GC(11) User=0.00s Sys=0.00s Real=0.00s
[2025-04-26T16:29:28.632+0000][7.817s][info ][safepoint   ] Safepoint "G1PauseCleanup", Time since last: 22203558 ns, Reaching safepoint: 164612 ns, Cleanup: 7833 ns, At safepoint: 248493 ns, Total: 420938 ns
[2025-04-26T16:29:28.632+0000][7.817s][info ][gc,marking  ] GC(11) Concurrent Cleanup for Next Mark
[2025-04-26T16:29:28.634+0000][7.818s][info ][gc,marking  ] GC(11) Concurrent Cleanup for Next Mark 1.238ms
[2025-04-26T16:29:28.634+0000][7.818s][info ][gc          ] GC(11) Concurrent Mark Cycle 70.281ms
[2025-04-26T16:29:28.816+0000][8.001s][debug][safepoint   ] Safepoint synchronization initiated using futex wait barrier. (15 threads)
[2025-04-26T16:29:28.816+0000][8.001s][info ][gc,start    ] GC(12) Pause Young (Normal) (G1 Evacuation Pause)
[2025-04-26T16:29:28.816+0000][8.001s][info ][gc,task     ] GC(12) Using 4 workers of 4 for evacuation
[2025-04-26T16:29:28.825+0000][8.009s][info ][gc,phases   ] GC(12)   Pre Evacuate Collection Set: 0.1ms
[2025-04-26T16:29:28.825+0000][8.009s][info ][gc,phases   ] GC(12)   Merge Heap Roots: 0.1ms
[2025-04-26T16:29:28.825+0000][8.009s][info ][gc,phases   ] GC(12)   Evacuate Collection Set: 7.3ms
[2025-04-26T16:29:28.825+0000][8.009s][info ][gc,phases   ] GC(12)   Post Evacuate Collection Set: 0.8ms
[2025-04-26T16:29:28.825+0000][8.009s][info ][gc,phases   ] GC(12)   Other: 0.3ms
[2025-04-26T16:29:28.825+0000][8.009s][info ][gc,heap     ] GC(12) Eden regions: 51->0(50)
[2025-04-26T16:29:28.825+0000][8.009s][info ][gc,heap     ] GC(12) Survivor regions: 7->7(8)
[2025-04-26T16:29:28.825+0000][8.009s][info ][gc,heap     ] GC(12) Old regions: 16->19
[2025-04-26T16:29:28.825+0000][8.009s][info ][gc,heap     ] GC(12) Archive regions: 2->2
[2025-04-26T16:29:28.825+0000][8.009s][info ][gc,heap     ] GC(12) Humongous regions: 0->0
[2025-04-26T16:29:28.825+0000][8.009s][info ][gc,metaspace] GC(12) Metaspace: 24344K(24768K)->24344K(24768K) NonClass: 21163K(21376K)->21163K(21376K) Class: 3180K(3392K)->3180K(3392K)
[2025-04-26T16:29:28.825+0000][8.010s][info ][gc          ] GC(12) Pause Young (Normal) (G1 Evacuation Pause) 74M->26M(97M) 8.676ms
[2025-04-26T16:29:28.825+0000][8.010s][info ][gc,cpu      ] GC(12) User=0.03s Sys=0.00s Real=0.01s
[2025-04-26T16:29:28.825+0000][8.010s][info ][safepoint   ] Safepoint "G1CollectForAllocation", Time since last: 183621433 ns, Reaching safepoint: 262946 ns, Cleanup: 49566 ns, At safepoint: 8731831 ns, Total: 9044343 ns
[2025-04-26T16:29:28.956+0000][8.141s][debug][safepoint   ] Safepoint synchronization initiated using futex wait barrier. (14 threads)
[2025-04-26T16:29:28.956+0000][8.141s][info ][gc,start    ] GC(13) Pause Young (Normal) (G1 Evacuation Pause)
[2025-04-26T16:29:28.956+0000][8.141s][info ][gc,task     ] GC(13) Using 3 workers of 4 for evacuation
[2025-04-26T16:29:28.970+0000][8.154s][info ][gc,phases   ] GC(13)   Pre Evacuate Collection Set: 0.2ms
[2025-04-26T16:29:28.970+0000][8.154s][info ][gc,phases   ] GC(13)   Merge Heap Roots: 0.1ms
[2025-04-26T16:29:28.970+0000][8.154s][info ][gc,phases   ] GC(13)   Evacuate Collection Set: 11.7ms
[2025-04-26T16:29:28.970+0000][8.154s][info ][gc,phases   ] GC(13)   Post Evacuate Collection Set: 1.3ms
[2025-04-26T16:29:28.970+0000][8.154s][info ][gc,phases   ] GC(13)   Other: 0.1ms
[2025-04-26T16:29:28.970+0000][8.154s][info ][gc,heap     ] GC(13) Eden regions: 50->0(57)
[2025-04-26T16:29:28.970+0000][8.154s][info ][gc,heap     ] GC(13) Survivor regions: 7->8(8)
[2025-04-26T16:29:28.970+0000][8.154s][info ][gc,heap     ] GC(13) Old regions: 19->24
[2025-04-26T16:29:28.970+0000][8.154s][info ][gc,heap     ] GC(13) Archive regions: 2->2
[2025-04-26T16:29:28.970+0000][8.154s][info ][gc,heap     ] GC(13) Humongous regions: 0->0
[2025-04-26T16:29:28.970+0000][8.154s][info ][gc,metaspace] GC(13) Metaspace: 24417K(24832K)->24417K(24832K) NonClass: 21224K(21440K)->21224K(21440K) Class: 3193K(3392K)->3193K(3392K)
[2025-04-26T16:29:28.970+0000][8.154s][info ][gc          ] GC(13) Pause Young (Normal) (G1 Evacuation Pause) 76M->32M(117M) 13.448ms
[2025-04-26T16:29:28.970+0000][8.154s][info ][gc,cpu      ] GC(13) User=0.05s Sys=0.01s Real=0.02s
[2025-04-26T16:29:28.970+0000][8.154s][info ][safepoint   ] Safepoint "G1CollectForAllocation", Time since last: 131268084 ns, Reaching safepoint: 52778 ns, Cleanup: 9592 ns, At safepoint: 13495221 ns, Total: 13557591 ns
[2025-04-26T16:29:29.157+0000][8.342s][debug][safepoint   ] Safepoint synchronization initiated using futex wait barrier. (14 threads)
[2025-04-26T16:29:29.157+0000][8.342s][info ][gc,start    ] GC(14) Pause Young (Normal) (G1 Evacuation Pause)
[2025-04-26T16:29:29.157+0000][8.342s][info ][gc,task     ] GC(14) Using 2 workers of 4 for evacuation
[2025-04-26T16:29:29.181+0000][8.365s][info ][gc,phases   ] GC(14)   Pre Evacuate Collection Set: 0.2ms
[2025-04-26T16:29:29.181+0000][8.365s][info ][gc,phases   ] GC(14)   Merge Heap Roots: 0.1ms
[2025-04-26T16:29:29.181+0000][8.365s][info ][gc,phases   ] GC(14)   Evacuate Collection Set: 21.7ms
[2025-04-26T16:29:29.181+0000][8.365s][info ][gc,phases   ] GC(14)   Post Evacuate Collection Set: 1.3ms
[2025-04-26T16:29:29.181+0000][8.365s][info ][gc,phases   ] GC(14)   Other: 0.1ms
[2025-04-26T16:29:29.181+0000][8.365s][info ][gc,heap     ] GC(14) Eden regions: 57->0(50)
[2025-04-26T16:29:29.181+0000][8.365s][info ][gc,heap     ] GC(14) Survivor regions: 8->8(9)
[2025-04-26T16:29:29.181+0000][8.365s][info ][gc,heap     ] GC(14) Old regions: 24->32
[2025-04-26T16:29:29.181+0000][8.365s][info ][gc,heap     ] GC(14) Archive regions: 2->2
[2025-04-26T16:29:29.181+0000][8.365s][info ][gc,heap     ] GC(14) Humongous regions: 0->0
[2025-04-26T16:29:29.181+0000][8.365s][info ][gc,metaspace] GC(14) Metaspace: 24503K(24896K)->24503K(24896K) NonClass: 21304K(21504K)->21304K(21504K) Class: 3199K(3392K)->3199K(3392K)
[2025-04-26T16:29:29.181+0000][8.365s][info ][gc          ] GC(14) Pause Young (Normal) (G1 Evacuation Pause) 89M->40M(117M) 23.526ms
[2025-04-26T16:29:29.181+0000][8.365s][info ][gc,cpu      ] GC(14) User=0.06s Sys=0.00s Real=0.03s
[2025-04-26T16:29:29.181+0000][8.366s][info ][safepoint   ] Safepoint "G1CollectForAllocation", Time since last: 187355298 ns, Reaching safepoint: 172697 ns, Cleanup: 26693 ns, At safepoint: 23577369 ns, Total: 23776759 ns
[2025-04-26T16:29:29.446+0000][8.631s][debug][safepoint   ] Safepoint synchronization initiated using futex wait barrier. (14 threads)
[2025-04-26T16:29:29.447+0000][8.631s][info ][gc,start    ] GC(15) Pause Young (Normal) (G1 Evacuation Pause)
[2025-04-26T16:29:29.447+0000][8.631s][info ][gc,task     ] GC(15) Using 2 workers of 4 for evacuation
[2025-04-26T16:29:29.461+0000][8.646s][info ][gc,phases   ] GC(15)   Pre Evacuate Collection Set: 0.1ms
[2025-04-26T16:29:29.461+0000][8.646s][info ][gc,phases   ] GC(15)   Merge Heap Roots: 0.1ms
[2025-04-26T16:29:29.461+0000][8.646s][info ][gc,phases   ] GC(15)   Evacuate Collection Set: 12.8ms
[2025-04-26T16:29:29.461+0000][8.646s][info ][gc,phases   ] GC(15)   Post Evacuate Collection Set: 1.3ms
[2025-04-26T16:29:29.461+0000][8.646s][info ][gc,phases   ] GC(15)   Other: 0.2ms
[2025-04-26T16:29:29.461+0000][8.646s][info ][gc,heap     ] GC(15) Eden regions: 50->0(47)
[2025-04-26T16:29:29.461+0000][8.646s][info ][gc,heap     ] GC(15) Survivor regions: 8->5(8)
[2025-04-26T16:29:29.461+0000][8.646s][info ][gc,heap     ] GC(15) Old regions: 32->39
[2025-04-26T16:29:29.461+0000][8.646s][info ][gc,heap     ] GC(15) Archive regions: 2->2
[2025-04-26T16:29:29.461+0000][8.646s][info ][gc,heap     ] GC(15) Humongous regions: 0->0
[2025-04-26T16:29:29.461+0000][8.646s][info ][gc,metaspace] GC(15) Metaspace: 24751K(25088K)->24751K(25088K) NonClass: 21512K(21696K)->21512K(21696K) Class: 3238K(3392K)->3238K(3392K)
[2025-04-26T16:29:29.461+0000][8.646s][info ][gc          ] GC(15) Pause Young (Normal) (G1 Evacuation Pause) 90M->44M(117M) 14.576ms
[2025-04-26T16:29:29.461+0000][8.646s][info ][gc,cpu      ] GC(15) User=0.04s Sys=0.00s Real=0.02s
[2025-04-26T16:29:29.464+0000][8.648s][info ][safepoint   ] Safepoint "G1CollectForAllocation", Time since last: 265460186 ns, Reaching safepoint: 256891 ns, Cleanup: 75549 ns, At safepoint: 17104226 ns, Total: 17436666 ns
[2025-04-26T16:29:29.742+0000][8.927s][debug][safepoint   ] Safepoint synchronization initiated using futex wait barrier. (14 threads)
[2025-04-26T16:29:29.744+0000][8.928s][info ][gc,start    ] GC(16) Pause Young (Normal) (G1 Evacuation Pause)
[2025-04-26T16:29:29.744+0000][8.928s][info ][gc,task     ] GC(16) Using 2 workers of 4 for evacuation
[2025-04-26T16:29:29.762+0000][8.947s][info ][gc,phases   ] GC(16)   Pre Evacuate Collection Set: 0.1ms
[2025-04-26T16:29:29.762+0000][8.947s][info ][gc,phases   ] GC(16)   Merge Heap Roots: 0.1ms
[2025-04-26T16:29:29.762+0000][8.947s][info ][gc,phases   ] GC(16)   Evacuate Collection Set: 17.1ms
[2025-04-26T16:29:29.762+0000][8.947s][info ][gc,phases   ] GC(16)   Post Evacuate Collection Set: 1.2ms
[2025-04-26T16:29:29.763+0000][8.947s][info ][gc,phases   ] GC(16)   Other: 0.2ms
[2025-04-26T16:29:29.763+0000][8.947s][info ][gc,heap     ] GC(16) Eden regions: 47->0(44)
[2025-04-26T16:29:29.763+0000][8.947s][info ][gc,heap     ] GC(16) Survivor regions: 5->4(7)
[2025-04-26T16:29:29.763+0000][8.947s][info ][gc,heap     ] GC(16) Old regions: 39->44
[2025-04-26T16:29:29.763+0000][8.947s][info ][gc,heap     ] GC(16) Archive regions: 2->2
[2025-04-26T16:29:29.763+0000][8.947s][info ][gc,heap     ] GC(16) Humongous regions: 0->0
[2025-04-26T16:29:29.763+0000][8.947s][info ][gc,metaspace] GC(16) Metaspace: 24983K(25408K)->24983K(25408K) NonClass: 21722K(21952K)->21722K(21952K) Class: 3261K(3456K)->3261K(3456K)
[2025-04-26T16:29:29.763+0000][8.947s][info ][gc          ] GC(16) Pause Young (Normal) (G1 Evacuation Pause) 91M->48M(117M) 18.833ms
[2025-04-26T16:29:29.763+0000][8.947s][info ][gc,cpu      ] GC(16) User=0.07s Sys=0.00s Real=0.02s
[2025-04-26T16:29:29.763+0000][8.947s][info ][safepoint   ] Safepoint "G1CollectForAllocation", Time since last: 278588288 ns, Reaching safepoint: 1198301 ns, Cleanup: 62871 ns, At safepoint: 19030190 ns, Total: 20291362 ns
[2025-04-26T16:29:30.094+0000][9.278s][debug][safepoint   ] Safepoint synchronization initiated using futex wait barrier. (14 threads)
[2025-04-26T16:29:30.094+0000][9.279s][info ][gc,start    ] GC(17) Pause Young (Normal) (G1 Evacuation Pause)
[2025-04-26T16:29:30.094+0000][9.279s][info ][gc,task     ] GC(17) Using 2 workers of 4 for evacuation
[2025-04-26T16:29:30.104+0000][9.288s][info ][gc,phases   ] GC(17)   Pre Evacuate Collection Set: 0.1ms
[2025-04-26T16:29:30.104+0000][9.288s][info ][gc,phases   ] GC(17)   Merge Heap Roots: 0.1ms
[2025-04-26T16:29:30.104+0000][9.288s][info ][gc,phases   ] GC(17)   Evacuate Collection Set: 7.0ms
[2025-04-26T16:29:30.104+0000][9.288s][info ][gc,phases   ] GC(17)   Post Evacuate Collection Set: 2.3ms
[2025-04-26T16:29:30.104+0000][9.288s][info ][gc,phases   ] GC(17)   Other: 0.1ms
[2025-04-26T16:29:30.104+0000][9.288s][info ][gc,heap     ] GC(17) Eden regions: 44->0(118)
[2025-04-26T16:29:30.104+0000][9.288s][info ][gc,heap     ] GC(17) Survivor regions: 4->3(6)
[2025-04-26T16:29:30.104+0000][9.288s][info ][gc,heap     ] GC(17) Old regions: 44->48
[2025-04-26T16:29:30.104+0000][9.288s][info ][gc,heap     ] GC(17) Archive regions: 2->2
[2025-04-26T16:29:30.104+0000][9.288s][info ][gc,heap     ] GC(17) Humongous regions: 0->0
[2025-04-26T16:29:30.104+0000][9.288s][info ][gc,metaspace] GC(17) Metaspace: 25142K(25536K)->25142K(25536K) NonClass: 21872K(22080K)->21872K(22080K) Class: 3269K(3456K)->3269K(3456K)
[2025-04-26T16:29:30.104+0000][9.288s][info ][gc          ] GC(17) Pause Young (Normal) (G1 Evacuation Pause) 92M->51M(222M) 9.787ms
[2025-04-26T16:29:30.104+0000][9.288s][info ][gc,cpu      ] GC(17) User=0.03s Sys=0.00s Real=0.01s
[2025-04-26T16:29:30.104+0000][9.289s][info ][safepoint   ] Safepoint "G1CollectForAllocation", Time since last: 331128697 ns, Reaching safepoint: 53269 ns, Cleanup: 67460 ns, At safepoint: 10378876 ns, Total: 10499605 ns
[2025-04-26T16:29:30.578+0000][9.763s][debug][safepoint   ] Safepoint synchronization initiated using futex wait barrier. (14 threads)
[2025-04-26T16:29:30.578+0000][9.763s][info ][safepoint   ] Safepoint "ICBufferFull", Time since last: 473691853 ns, Reaching safepoint: 155663 ns, Cleanup: 91373 ns, At safepoint: 3257 ns, Total: 250293 ns
[2025-04-26T16:29:30.984+0000][10.168s][debug][safepoint   ] Safepoint synchronization initiated using futex wait barrier. (14 threads)
[2025-04-26T16:29:30.984+0000][10.168s][info ][gc,start    ] GC(18) Pause Young (Normal) (G1 Evacuation Pause)
[2025-04-26T16:29:30.984+0000][10.168s][info ][gc,task     ] GC(18) Using 4 workers of 4 for evacuation
[2025-04-26T16:29:30.992+0000][10.176s][info ][gc,phases   ] GC(18)   Pre Evacuate Collection Set: 0.1ms
[2025-04-26T16:29:30.992+0000][10.177s][info ][gc,phases   ] GC(18)   Merge Heap Roots: 0.1ms
[2025-04-26T16:29:30.992+0000][10.177s][info ][gc,phases   ] GC(18)   Evacuate Collection Set: 6.4ms
[2025-04-26T16:29:30.992+0000][10.177s][info ][gc,phases   ] GC(18)   Post Evacuate Collection Set: 1.2ms
[2025-04-26T16:29:30.992+0000][10.177s][info ][gc,phases   ] GC(18)   Other: 0.3ms
[2025-04-26T16:29:30.992+0000][10.177s][info ][gc,heap     ] GC(18) Eden regions: 118->0(120)
[2025-04-26T16:29:30.992+0000][10.177s][info ][gc,heap     ] GC(18) Survivor regions: 3->7(16)
[2025-04-26T16:29:30.993+0000][10.177s][info ][gc,heap     ] GC(18) Old regions: 48->48
[2025-04-26T16:29:30.993+0000][10.177s][info ][gc,heap     ] GC(18) Archive regions: 2->2
[2025-04-26T16:29:30.993+0000][10.177s][info ][gc,heap     ] GC(18) Humongous regions: 0->0
[2025-04-26T16:29:30.993+0000][10.177s][info ][gc,metaspace] GC(18) Metaspace: 25268K(25600K)->25268K(25600K) NonClass: 21981K(22144K)->21981K(22144K) Class: 3286K(3456K)->3286K(3456K)
[2025-04-26T16:29:30.993+0000][10.177s][info ][gc          ] GC(18) Pause Young (Normal) (G1 Evacuation Pause) 169M->55M(222M) 8.984ms
[2025-04-26T16:29:30.993+0000][10.177s][info ][gc,cpu      ] GC(18) User=0.03s Sys=0.00s Real=0.01s
[2025-04-26T16:29:30.993+0000][10.178s][info ][safepoint   ] Safepoint "G1CollectForAllocation", Time since last: 405260040 ns, Reaching safepoint: 173743 ns, Cleanup: 70465 ns, At safepoint: 9164758 ns, Total: 9408966 ns
[2025-04-26T16:29:31.382+0000][10.566s][debug][safepoint   ] Safepoint synchronization initiated using futex wait barrier. (15 threads)
[2025-04-26T16:29:31.382+0000][10.566s][info ][gc,start    ] GC(19) Pause Young (Normal) (G1 Evacuation Pause)
[2025-04-26T16:29:31.382+0000][10.566s][info ][gc,task     ] GC(19) Using 4 workers of 4 for evacuation
[2025-04-26T16:29:31.388+0000][10.573s][info ][gc,phases   ] GC(19)   Pre Evacuate Collection Set: 0.1ms
[2025-04-26T16:29:31.388+0000][10.573s][info ][gc,phases   ] GC(19)   Merge Heap Roots: 0.0ms
[2025-04-26T16:29:31.388+0000][10.573s][info ][gc,phases   ] GC(19)   Evacuate Collection Set: 5.2ms
[2025-04-26T16:29:31.388+0000][10.573s][info ][gc,phases   ] GC(19)   Post Evacuate Collection Set: 0.8ms
[2025-04-26T16:29:31.388+0000][10.573s][info ][gc,phases   ] GC(19)   Other: 0.1ms
[2025-04-26T16:29:31.388+0000][10.573s][info ][gc,heap     ] GC(19) Eden regions: 120->0(124)
[2025-04-26T16:29:31.388+0000][10.573s][info ][gc,heap     ] GC(19) Survivor regions: 7->8(16)
[2025-04-26T16:29:31.388+0000][10.573s][info ][gc,heap     ] GC(19) Old regions: 48->48
[2025-04-26T16:29:31.388+0000][10.573s][info ][gc,heap     ] GC(19) Archive regions: 2->2
[2025-04-26T16:29:31.388+0000][10.573s][info ][gc,heap     ] GC(19) Humongous regions: 0->0
[2025-04-26T16:29:31.388+0000][10.573s][info ][gc,metaspace] GC(19) Metaspace: 26878K(27264K)->26878K(27264K) NonClass: 23465K(23680K)->23465K(23680K) Class: 3412K(3584K)->3412K(3584K)
[2025-04-26T16:29:31.388+0000][10.573s][info ][gc          ] GC(19) Pause Young (Normal) (G1 Evacuation Pause) 175M->56M(222M) 6.286ms
[2025-04-26T16:29:31.388+0000][10.573s][info ][gc,cpu      ] GC(19) User=0.02s Sys=0.00s Real=0.00s
[2025-04-26T16:29:31.388+0000][10.573s][info ][safepoint   ] Safepoint "G1CollectForAllocation", Time since last: 388819215 ns, Reaching safepoint: 37479 ns, Cleanup: 35902 ns, At safepoint: 6322000 ns, Total: 6395381 ns
[2025-04-26T16:29:32.115+0000][11.299s][debug][safepoint   ] Safepoint synchronization initiated using futex wait barrier. (14 threads)
[2025-04-26T16:29:32.115+0000][11.300s][info ][gc,start    ] GC(20) Pause Young (Normal) (G1 Evacuation Pause)
[2025-04-26T16:29:32.115+0000][11.300s][info ][gc,task     ] GC(20) Using 4 workers of 4 for evacuation
[2025-04-26T16:29:32.126+0000][11.311s][info ][gc,phases   ] GC(20)   Pre Evacuate Collection Set: 0.1ms
[2025-04-26T16:29:32.126+0000][11.311s][info ][gc,phases   ] GC(20)   Merge Heap Roots: 0.1ms
[2025-04-26T16:29:32.126+0000][11.311s][info ][gc,phases   ] GC(20)   Evacuate Collection Set: 8.8ms
[2025-04-26T16:29:32.126+0000][11.311s][info ][gc,phases   ] GC(20)   Post Evacuate Collection Set: 2.1ms
[2025-04-26T16:29:32.126+0000][11.311s][info ][gc,phases   ] GC(20)   Other: 0.1ms
[2025-04-26T16:29:32.126+0000][11.311s][info ][gc,heap     ] GC(20) Eden regions: 124->0(123)
[2025-04-26T16:29:32.126+0000][11.311s][info ][gc,heap     ] GC(20) Survivor regions: 8->10(17)
[2025-04-26T16:29:32.126+0000][11.311s][info ][gc,heap     ] GC(20) Old regions: 48->48
[2025-04-26T16:29:32.126+0000][11.311s][info ][gc,heap     ] GC(20) Archive regions: 2->2
[2025-04-26T16:29:32.126+0000][11.311s][info ][gc,heap     ] GC(20) Humongous regions: 0->0
[2025-04-26T16:29:32.126+0000][11.311s][info ][gc,metaspace] GC(20) Metaspace: 32075K(32384K)->32075K(32384K) NonClass: 28136K(28288K)->28136K(28288K) Class: 3939K(4096K)->3939K(4096K)
[2025-04-26T16:29:32.126+0000][11.311s][info ][gc          ] GC(20) Pause Young (Normal) (G1 Evacuation Pause) 180M->58M(222M) 11.449ms
[2025-04-26T16:29:32.126+0000][11.311s][info ][gc,cpu      ] GC(20) User=0.03s Sys=0.00s Real=0.01s
[2025-04-26T16:29:32.126+0000][11.311s][info ][safepoint   ] Safepoint "G1CollectForAllocation", Time since last: 726614287 ns, Reaching safepoint: 49391 ns, Cleanup: 79469 ns, At safepoint: 11523690 ns, Total: 11652550 ns
[2025-04-26T16:29:32.987+0000][12.172s][debug][safepoint   ] Safepoint synchronization initiated using futex wait barrier. (14 threads)
[2025-04-26T16:29:32.988+0000][12.172s][info ][gc,start    ] GC(21) Pause Young (Normal) (G1 Evacuation Pause)
[2025-04-26T16:29:32.988+0000][12.172s][info ][gc,task     ] GC(21) Using 4 workers of 4 for evacuation
[2025-04-26T16:29:33.005+0000][12.190s][info ][gc,phases   ] GC(21)   Pre Evacuate Collection Set: 0.1ms
[2025-04-26T16:29:33.005+0000][12.190s][info ][gc,phases   ] GC(21)   Merge Heap Roots: 0.1ms
[2025-04-26T16:29:33.005+0000][12.190s][info ][gc,phases   ] GC(21)   Evacuate Collection Set: 15.9ms
[2025-04-26T16:29:33.005+0000][12.190s][info ][gc,phases   ] GC(21)   Post Evacuate Collection Set: 1.6ms
[2025-04-26T16:29:33.005+0000][12.190s][info ][gc,phases   ] GC(21)   Other: 0.1ms
[2025-04-26T16:29:33.005+0000][12.190s][info ][gc,heap     ] GC(21) Eden regions: 123->0(125)
[2025-04-26T16:29:33.005+0000][12.190s][info ][gc,heap     ] GC(21) Survivor regions: 10->8(17)
[2025-04-26T16:29:33.005+0000][12.190s][info ][gc,heap     ] GC(21) Old regions: 48->50
[2025-04-26T16:29:33.005+0000][12.190s][info ][gc,heap     ] GC(21) Archive regions: 2->2
[2025-04-26T16:29:33.005+0000][12.190s][info ][gc,heap     ] GC(21) Humongous regions: 0->0
[2025-04-26T16:29:33.005+0000][12.190s][info ][gc,metaspace] GC(21) Metaspace: 34574K(35008K)->34574K(35008K) NonClass: 30311K(30528K)->30311K(30528K) Class: 4263K(4480K)->4263K(4480K)
[2025-04-26T16:29:33.006+0000][12.190s][info ][gc          ] GC(21) Pause Young (Normal) (G1 Evacuation Pause) 181M->57M(222M) 17.994ms
[2025-04-26T16:29:33.006+0000][12.190s][info ][gc,cpu      ] GC(21) User=0.06s Sys=0.00s Real=0.02s
[2025-04-26T16:29:33.006+0000][12.190s][info ][safepoint   ] Safepoint "G1CollectForAllocation", Time since last: 860897711 ns, Reaching safepoint: 44501 ns, Cleanup: 105553 ns, At safepoint: 18067451 ns, Total: 18217505 ns
[2025-04-26T16:29:33.934+0000][13.118s][debug][safepoint   ] Safepoint synchronization initiated using futex wait barrier. (14 threads)
[2025-04-26T16:29:33.934+0000][13.119s][info ][safepoint   ] Safepoint "ICBufferFull", Time since last: 928110703 ns, Reaching safepoint: 139670 ns, Cleanup: 198322 ns, At safepoint: 15041 ns, Total: 353033 ns
[2025-04-26T16:29:34.305+0000][13.489s][debug][safepoint   ] Safepoint synchronization initiated using futex wait barrier. (14 threads)
[2025-04-26T16:29:34.305+0000][13.489s][info ][gc,start    ] GC(22) Pause Young (Normal) (G1 Evacuation Pause)
[2025-04-26T16:29:34.305+0000][13.489s][info ][gc,task     ] GC(22) Using 4 workers of 4 for evacuation
[2025-04-26T16:29:34.320+0000][13.504s][info ][gc,phases   ] GC(22)   Pre Evacuate Collection Set: 0.1ms
[2025-04-26T16:29:34.320+0000][13.504s][info ][gc,phases   ] GC(22)   Merge Heap Roots: 0.2ms
[2025-04-26T16:29:34.320+0000][13.504s][info ][gc,phases   ] GC(22)   Evacuate Collection Set: 12.8ms
[2025-04-26T16:29:34.320+0000][13.504s][info ][gc,phases   ] GC(22)   Post Evacuate Collection Set: 1.6ms
[2025-04-26T16:29:34.320+0000][13.504s][info ][gc,phases   ] GC(22)   Other: 0.1ms
[2025-04-26T16:29:34.320+0000][13.504s][info ][gc,heap     ] GC(22) Eden regions: 125->0(124)
[2025-04-26T16:29:34.320+0000][13.504s][info ][gc,heap     ] GC(22) Survivor regions: 8->9(17)
[2025-04-26T16:29:34.320+0000][13.504s][info ][gc,heap     ] GC(22) Old regions: 50->50
[2025-04-26T16:29:34.320+0000][13.504s][info ][gc,heap     ] GC(22) Archive regions: 2->2
[2025-04-26T16:29:34.320+0000][13.504s][info ][gc,heap     ] GC(22) Humongous regions: 0->0
[2025-04-26T16:29:34.320+0000][13.504s][info ][gc,metaspace] GC(22) Metaspace: 37386K(37824K)->37386K(37824K) NonClass: 32678K(32896K)->32678K(32896K) Class: 4708K(4928K)->4708K(4928K)
[2025-04-26T16:29:34.320+0000][13.504s][info ][gc          ] GC(22) Pause Young (Normal) (G1 Evacuation Pause) 182M->58M(222M) 15.167ms
[2025-04-26T16:29:34.320+0000][13.504s][info ][gc,cpu      ] GC(22) User=0.05s Sys=0.00s Real=0.02s
[2025-04-26T16:29:34.320+0000][13.504s][info ][safepoint   ] Safepoint "G1CollectForAllocation", Time since last: 370609186 ns, Reaching safepoint: 51556 ns, Cleanup: 25681 ns, At safepoint: 15219148 ns, Total: 15296385 ns
[2025-04-26T16:29:34.876+0000][14.061s][debug][safepoint   ] Safepoint synchronization initiated using futex wait barrier. (14 threads)
[2025-04-26T16:29:34.876+0000][14.061s][info ][gc,start    ] GC(23) Pause Young (Concurrent Start) (Metadata GC Threshold)
[2025-04-26T16:29:34.877+0000][14.061s][info ][gc,task     ] GC(23) Using 4 workers of 4 for evacuation
[2025-04-26T16:29:34.887+0000][14.072s][info ][gc,phases   ] GC(23)   Pre Evacuate Collection Set: 0.1ms
[2025-04-26T16:29:34.888+0000][14.072s][info ][gc,phases   ] GC(23)   Merge Heap Roots: 0.1ms
[2025-04-26T16:29:34.888+0000][14.072s][info ][gc,phases   ] GC(23)   Evacuate Collection Set: 9.5ms
[2025-04-26T16:29:34.888+0000][14.072s][info ][gc,phases   ] GC(23)   Post Evacuate Collection Set: 1.0ms
[2025-04-26T16:29:34.888+0000][14.072s][info ][gc,phases   ] GC(23)   Other: 0.3ms
[2025-04-26T16:29:34.888+0000][14.072s][info ][gc,heap     ] GC(23) Eden regions: 95->0(123)
[2025-04-26T16:29:34.888+0000][14.072s][info ][gc,heap     ] GC(23) Survivor regions: 9->10(17)
[2025-04-26T16:29:34.888+0000][14.072s][info ][gc,heap     ] GC(23) Old regions: 50->50
[2025-04-26T16:29:34.888+0000][14.072s][info ][gc,heap     ] GC(23) Archive regions: 2->2
[2025-04-26T16:29:34.888+0000][14.072s][info ][gc,heap     ] GC(23) Humongous regions: 0->0
[2025-04-26T16:29:34.888+0000][14.072s][info ][gc,metaspace] GC(23) Metaspace: 39258K(39616K)->39258K(39616K) NonClass: 34343K(34496K)->34343K(34496K) Class: 4914K(5120K)->4914K(5120K)
[2025-04-26T16:29:34.888+0000][14.072s][info ][gc          ] GC(23) Pause Young (Concurrent Start) (Metadata GC Threshold) 153M->59M(222M) 11.199ms
[2025-04-26T16:29:34.888+0000][14.072s][info ][gc,cpu      ] GC(23) User=0.04s Sys=0.00s Real=0.01s
[2025-04-26T16:29:34.888+0000][14.072s][info ][safepoint   ] Safepoint "CollectForMetadataAllocation", Time since last: 556221647 ns, Reaching safepoint: 178284 ns, Cleanup: 54920 ns, At safepoint: 11288225 ns, Total: 11521429 ns
[2025-04-26T16:29:34.888+0000][14.072s][info ][gc          ] GC(24) Concurrent Mark Cycle
[2025-04-26T16:29:34.890+0000][14.075s][info ][gc,marking  ] GC(24) Concurrent Clear Claimed Marks
[2025-04-26T16:29:34.890+0000][14.075s][info ][gc,marking  ] GC(24) Concurrent Clear Claimed Marks 0.122ms
[2025-04-26T16:29:34.890+0000][14.075s][info ][gc,marking  ] GC(24) Concurrent Scan Root Regions
[2025-04-26T16:29:34.901+0000][14.085s][info ][gc,marking  ] GC(24) Concurrent Scan Root Regions 10.395ms
[2025-04-26T16:29:34.901+0000][14.086s][info ][gc,marking  ] GC(24) Concurrent Mark
[2025-04-26T16:29:34.901+0000][14.086s][info ][gc,marking  ] GC(24) Concurrent Mark From Roots
[2025-04-26T16:29:34.901+0000][14.086s][info ][gc,task     ] GC(24) Using 1 workers of 1 for marking
[2025-04-26T16:29:35.030+0000][14.214s][info ][gc,marking  ] GC(24) Concurrent Mark From Roots 128.663ms
[2025-04-26T16:29:35.030+0000][14.215s][info ][gc,marking  ] GC(24) Concurrent Preclean
[2025-04-26T16:29:35.030+0000][14.215s][info ][gc,marking  ] GC(24) Concurrent Preclean 0.428ms
[2025-04-26T16:29:35.031+0000][14.215s][debug][safepoint   ] Safepoint synchronization initiated using futex wait barrier. (14 threads)
[2025-04-26T16:29:35.031+0000][14.215s][info ][gc,start    ] GC(24) Pause Remark
[2025-04-26T16:29:35.036+0000][14.220s][info ][gc          ] GC(24) Pause Remark 74M->74M(222M) 4.857ms
[2025-04-26T16:29:35.036+0000][14.220s][info ][gc,cpu      ] GC(24) User=0.01s Sys=0.00s Real=0.00s
[2025-04-26T16:29:35.036+0000][14.220s][info ][safepoint   ] Safepoint "G1PauseRemark", Time since last: 142879428 ns, Reaching safepoint: 168220 ns, Cleanup: 30320 ns, At safepoint: 5005931 ns, Total: 5204471 ns
[2025-04-26T16:29:35.037+0000][14.221s][info ][gc,marking  ] GC(24) Concurrent Mark 135.491ms
[2025-04-26T16:29:35.037+0000][14.221s][info ][gc,marking  ] GC(24) Concurrent Rebuild Remembered Sets
[2025-04-26T16:29:35.100+0000][14.284s][info ][gc,marking  ] GC(24) Concurrent Rebuild Remembered Sets 63.162ms
[2025-04-26T16:29:35.100+0000][14.284s][debug][safepoint   ] Safepoint synchronization initiated using futex wait barrier. (14 threads)
[2025-04-26T16:29:35.100+0000][14.284s][debug][safepoint   ] ... found polling page loop exception at pc = 0x000076099cf71d6e, stub =0x000076099c98e400
[2025-04-26T16:29:35.100+0000][14.285s][info ][gc,start    ] GC(24) Pause Cleanup
[2025-04-26T16:29:35.100+0000][14.285s][info ][gc          ] GC(24) Pause Cleanup 77M->77M(222M) 0.198ms
[2025-04-26T16:29:35.100+0000][14.285s][info ][gc,cpu      ] GC(24) User=0.00s Sys=0.00s Real=0.00s
[2025-04-26T16:29:35.100+0000][14.285s][info ][safepoint   ] Safepoint "G1PauseCleanup", Time since last: 64105803 ns, Reaching safepoint: 158442 ns, Cleanup: 14631 ns, At safepoint: 368068 ns, Total: 541141 ns
[2025-04-26T16:29:35.101+0000][14.286s][info ][gc,marking  ] GC(24) Concurrent Cleanup for Next Mark
[2025-04-26T16:29:35.103+0000][14.287s][info ][gc,marking  ] GC(24) Concurrent Cleanup for Next Mark 1.906ms
[2025-04-26T16:29:35.103+0000][14.288s][info ][gc          ] GC(24) Concurrent Mark Cycle 215.419ms
[2025-04-26T16:29:36.292+0000][15.477s][debug][safepoint   ] Safepoint synchronization initiated using futex wait barrier. (14 threads)
[2025-04-26T16:29:36.293+0000][15.477s][info ][gc,start    ] GC(25) Pause Young (Prepare Mixed) (G1 Evacuation Pause)
[2025-04-26T16:29:36.293+0000][15.477s][info ][gc,task     ] GC(25) Using 4 workers of 4 for evacuation
[2025-04-26T16:29:36.316+0000][15.501s][info ][gc,phases   ] GC(25)   Pre Evacuate Collection Set: 0.1ms
[2025-04-26T16:29:36.316+0000][15.501s][info ][gc,phases   ] GC(25)   Merge Heap Roots: 0.2ms
[2025-04-26T16:29:36.316+0000][15.501s][info ][gc,phases   ] GC(25)   Evacuate Collection Set: 21.0ms
[2025-04-26T16:29:36.316+0000][15.501s][info ][gc,phases   ] GC(25)   Post Evacuate Collection Set: 2.0ms
[2025-04-26T16:29:36.316+0000][15.501s][info ][gc,phases   ] GC(25)   Other: 0.4ms
[2025-04-26T16:29:36.316+0000][15.501s][info ][gc,heap     ] GC(25) Eden regions: 123->0(2)
[2025-04-26T16:29:36.316+0000][15.501s][info ][gc,heap     ] GC(25) Survivor regions: 10->9(17)
[2025-04-26T16:29:36.316+0000][15.501s][info ][gc,heap     ] GC(25) Old regions: 50->52
[2025-04-26T16:29:36.316+0000][15.501s][info ][gc,heap     ] GC(25) Archive regions: 2->2
[2025-04-26T16:29:36.316+0000][15.501s][info ][gc,heap     ] GC(25) Humongous regions: 0->0
[2025-04-26T16:29:36.316+0000][15.501s][info ][gc,metaspace] GC(25) Metaspace: 41268K(41664K)->41268K(41664K) NonClass: 36069K(36288K)->36069K(36288K) Class: 5199K(5376K)->5199K(5376K)
[2025-04-26T16:29:36.316+0000][15.501s][info ][gc          ] GC(25) Pause Young (Prepare Mixed) (G1 Evacuation Pause) 182M->61M(222M) 23.799ms
[2025-04-26T16:29:36.316+0000][15.501s][info ][gc,cpu      ] GC(25) User=0.06s Sys=0.00s Real=0.02s
[2025-04-26T16:29:36.316+0000][15.501s][info ][safepoint   ] Safepoint "G1CollectForAllocation", Time since last: 1191529637 ns, Reaching safepoint: 438512 ns, Cleanup: 149497 ns, At safepoint: 23888053 ns, Total: 24476062 ns
[2025-04-26T16:29:36.340+0000][15.524s][debug][safepoint   ] Safepoint synchronization initiated using futex wait barrier. (14 threads)
[2025-04-26T16:29:36.340+0000][15.524s][info ][gc,start    ] GC(26) Pause Young (Mixed) (G1 Evacuation Pause)
[2025-04-26T16:29:36.340+0000][15.524s][info ][gc,task     ] GC(26) Using 4 workers of 4 for evacuation
[2025-04-26T16:29:36.354+0000][15.538s][info ][gc,phases   ] GC(26)   Pre Evacuate Collection Set: 0.1ms
[2025-04-26T16:29:36.354+0000][15.538s][info ][gc,phases   ] GC(26)   Merge Heap Roots: 0.1ms
[2025-04-26T16:29:36.354+0000][15.538s][info ][gc,phases   ] GC(26)   Evacuate Collection Set: 12.3ms
[2025-04-26T16:29:36.354+0000][15.538s][info ][gc,phases   ] GC(26)   Post Evacuate Collection Set: 1.2ms
[2025-04-26T16:29:36.354+0000][15.538s][info ][gc,phases   ] GC(26)   Other: 0.3ms
[2025-04-26T16:29:36.354+0000][15.538s][info ][gc,heap     ] GC(26) Eden regions: 2->0(128)
[2025-04-26T16:29:36.354+0000][15.538s][info ][gc,heap     ] GC(26) Survivor regions: 9->2(2)
[2025-04-26T16:29:36.354+0000][15.538s][info ][gc,heap     ] GC(26) Old regions: 52->58
[2025-04-26T16:29:36.354+0000][15.538s][info ][gc,heap     ] GC(26) Archive regions: 2->2
[2025-04-26T16:29:36.354+0000][15.538s][info ][gc,heap     ] GC(26) Humongous regions: 0->0
[2025-04-26T16:29:36.354+0000][15.538s][info ][gc,metaspace] GC(26) Metaspace: 41288K(41664K)->41288K(41664K) NonClass: 36085K(36288K)->36085K(36288K) Class: 5203K(5376K)->5203K(5376K)
[2025-04-26T16:29:36.354+0000][15.538s][info ][gc          ] GC(26) Pause Young (Mixed) (G1 Evacuation Pause) 63M->60M(222M) 14.109ms
[2025-04-26T16:29:36.354+0000][15.538s][info ][gc,cpu      ] GC(26) User=0.03s Sys=0.00s Real=0.01s
[2025-04-26T16:29:36.358+0000][15.542s][info ][safepoint   ] Safepoint "G1CollectForAllocation", Time since last: 23097825 ns, Reaching safepoint: 213481 ns, Cleanup: 9645 ns, At safepoint: 17771536 ns, Total: 17994662 ns
[2025-04-26T16:29:37.439+0000][16.623s][debug][safepoint   ] Safepoint synchronization initiated using futex wait barrier. (15 threads)
[2025-04-26T16:29:37.439+0000][16.623s][info ][safepoint   ] Safepoint "Cleanup", Time since last: 1081046112 ns, Reaching safepoint: 186505 ns, Cleanup: 114119 ns, At safepoint: 4180 ns, Total: 304804 ns
[2025-04-26T16:29:37.659+0000][16.843s][debug][safepoint   ] Safepoint synchronization initiated using futex wait barrier. (15 threads)
[2025-04-26T16:29:37.659+0000][16.843s][info ][gc,start    ] GC(27) Pause Young (Normal) (G1 Evacuation Pause)
[2025-04-26T16:29:37.659+0000][16.843s][info ][gc,task     ] GC(27) Using 4 workers of 4 for evacuation
[2025-04-26T16:29:37.667+0000][16.851s][info ][gc,phases   ] GC(27)   Pre Evacuate Collection Set: 0.1ms
[2025-04-26T16:29:37.667+0000][16.851s][info ][gc,phases   ] GC(27)   Merge Heap Roots: 0.1ms
[2025-04-26T16:29:37.667+0000][16.851s][info ][gc,phases   ] GC(27)   Evacuate Collection Set: 4.2ms
[2025-04-26T16:29:37.667+0000][16.851s][info ][gc,phases   ] GC(27)   Post Evacuate Collection Set: 3.6ms
[2025-04-26T16:29:37.667+0000][16.851s][info ][gc,phases   ] GC(27)   Other: 0.1ms
[2025-04-26T16:29:37.667+0000][16.851s][info ][gc,heap     ] GC(27) Eden regions: 128->0(263)
[2025-04-26T16:29:37.667+0000][16.851s][info ][gc,heap     ] GC(27) Survivor regions: 2->3(17)
[2025-04-26T16:29:37.667+0000][16.851s][info ][gc,heap     ] GC(27) Old regions: 58->58
[2025-04-26T16:29:37.667+0000][16.851s][info ][gc,heap     ] GC(27) Archive regions: 2->2
[2025-04-26T16:29:37.667+0000][16.851s][info ][gc,heap     ] GC(27) Humongous regions: 0->0
[2025-04-26T16:29:37.667+0000][16.851s][info ][gc,metaspace] GC(27) Metaspace: 44413K(44800K)->44413K(44800K) NonClass: 38765K(38976K)->38765K(38976K) Class: 5647K(5824K)->5647K(5824K)
[2025-04-26T16:29:37.667+0000][16.851s][info ][gc          ] GC(27) Pause Young (Normal) (G1 Evacuation Pause) 188M->61M(444M) 8.242ms
[2025-04-26T16:29:37.667+0000][16.851s][info ][gc,cpu      ] GC(27) User=0.03s Sys=0.00s Real=0.01s
[2025-04-26T16:29:37.667+0000][16.851s][info ][safepoint   ] Safepoint "G1CollectForAllocation", Time since last: 219671111 ns, Reaching safepoint: 54774 ns, Cleanup: 36052 ns, At safepoint: 8301338 ns, Total: 8392164 ns
[2025-04-26T16:29:38.716+0000][17.900s][debug][safepoint   ] Safepoint synchronization initiated using futex wait barrier. (15 threads)
[2025-04-26T16:29:38.716+0000][17.900s][info ][safepoint   ] Safepoint "Cleanup", Time since last: 1048602445 ns, Reaching safepoint: 166273 ns, Cleanup: 117671 ns, At safepoint: 5069 ns, Total: 289013 ns
[2025-04-26T16:29:40.204+0000][19.389s][debug][safepoint   ] Safepoint synchronization initiated using futex wait barrier. (15 threads)
[2025-04-26T16:29:40.204+0000][19.389s][info ][safepoint   ] Safepoint "Cleanup", Time since last: 1488371784 ns, Reaching safepoint: 49712 ns, Cleanup: 122666 ns, At safepoint: 2856 ns, Total: 175234 ns
[2025-04-26T16:29:41.415+0000][20.599s][debug][safepoint   ] Safepoint synchronization initiated using futex wait barrier. (17 threads)
[2025-04-26T16:29:41.415+0000][20.599s][info ][safepoint   ] Safepoint "Cleanup", Time since last: 1210223358 ns, Reaching safepoint: 169480 ns, Cleanup: 153871 ns, At safepoint: 6588 ns, Total: 329939 ns
[2025-04-26T16:29:42.069+0000][21.253s][debug][safepoint   ] Safepoint synchronization initiated using futex wait barrier. (17 threads)
[2025-04-26T16:29:42.069+0000][21.254s][info ][safepoint   ] Safepoint "ICBufferFull", Time since last: 653620019 ns, Reaching safepoint: 485652 ns, Cleanup: 123148 ns, At safepoint: 6219 ns, Total: 615019 ns
[2025-04-26T16:29:42.564+0000][21.749s][debug][safepoint   ] Safepoint synchronization initiated using futex wait barrier. (17 threads)
[2025-04-26T16:29:42.564+0000][21.749s][info ][gc,start    ] GC(28) Pause Young (Normal) (G1 Evacuation Pause)
[2025-04-26T16:29:42.564+0000][21.749s][info ][gc,task     ] GC(28) Using 4 workers of 4 for evacuation
[2025-04-26T16:29:42.603+0000][21.788s][info ][gc,phases   ] GC(28)   Pre Evacuate Collection Set: 0.2ms
[2025-04-26T16:29:42.603+0000][21.788s][info ][gc,phases   ] GC(28)   Merge Heap Roots: 0.3ms
[2025-04-26T16:29:42.603+0000][21.788s][info ][gc,phases   ] GC(28)   Evacuate Collection Set: 34.4ms
[2025-04-26T16:29:42.603+0000][21.788s][info ][gc,phases   ] GC(28)   Post Evacuate Collection Set: 3.6ms
[2025-04-26T16:29:42.603+0000][21.788s][info ][gc,phases   ] GC(28)   Other: 0.5ms
[2025-04-26T16:29:42.603+0000][21.788s][info ][gc,heap     ] GC(28) Eden regions: 263->0(257)
[2025-04-26T16:29:42.603+0000][21.788s][info ][gc,heap     ] GC(28) Survivor regions: 3->9(34)
[2025-04-26T16:29:42.603+0000][21.788s][info ][gc,heap     ] GC(28) Old regions: 58->58
[2025-04-26T16:29:42.603+0000][21.788s][info ][gc,heap     ] GC(28) Archive regions: 2->2
[2025-04-26T16:29:42.603+0000][21.788s][info ][gc,heap     ] GC(28) Humongous regions: 0->0
[2025-04-26T16:29:42.603+0000][21.788s][info ][gc,metaspace] GC(28) Metaspace: 55221K(55616K)->55221K(55616K) NonClass: 48245K(48448K)->48245K(48448K) Class: 6976K(7168K)->6976K(7168K)
[2025-04-26T16:29:42.603+0000][21.788s][info ][gc          ] GC(28) Pause Young (Normal) (G1 Evacuation Pause) 324M->67M(444M) 39.104ms
[2025-04-26T16:29:42.603+0000][21.788s][info ][gc,cpu      ] GC(28) User=0.11s Sys=0.00s Real=0.04s
[2025-04-26T16:29:42.603+0000][21.788s][info ][safepoint   ] Safepoint "G1CollectForAllocation", Time since last: 494834028 ns, Reaching safepoint: 190368 ns, Cleanup: 48886 ns, At safepoint: 39172452 ns, Total: 39411706 ns
[2025-04-26T16:29:43.801+0000][22.985s][debug][safepoint   ] Safepoint synchronization initiated using futex wait barrier. (17 threads)
[2025-04-26T16:29:43.801+0000][22.985s][debug][safepoint   ] ... found polling page loop exception at pc = 0x000076099cf71d6e, stub =0x000076099c98e400
[2025-04-26T16:29:43.801+0000][22.985s][info ][safepoint   ] Safepoint "Cleanup", Time since last: 1197136726 ns, Reaching safepoint: 291804 ns, Cleanup: 49191 ns, At safepoint: 33598 ns, Total: 374593 ns
[2025-04-26T16:29:44.964+0000][24.149s][debug][safepoint   ] Safepoint synchronization initiated using futex wait barrier. (20 threads)
[2025-04-26T16:29:44.967+0000][24.151s][info ][safepoint   ] Safepoint "ICBufferFull", Time since last: 1163119731 ns, Reaching safepoint: 2566814 ns, Cleanup: 103845 ns, At safepoint: 8790 ns, Total: 2679449 ns
[2025-04-26T16:29:45.651+0000][24.835s][debug][safepoint   ] Safepoint synchronization initiated using futex wait barrier. (20 threads)
[2025-04-26T16:29:45.651+0000][24.835s][info ][gc,start    ] GC(29) Pause Young (Normal) (G1 Evacuation Pause)
[2025-04-26T16:29:45.651+0000][24.835s][info ][gc,task     ] GC(29) Using 4 workers of 4 for evacuation
[2025-04-26T16:29:45.693+0000][24.877s][info ][gc,phases   ] GC(29)   Pre Evacuate Collection Set: 0.1ms
[2025-04-26T16:29:45.693+0000][24.877s][info ][gc,phases   ] GC(29)   Merge Heap Roots: 0.1ms
[2025-04-26T16:29:45.693+0000][24.877s][info ][gc,phases   ] GC(29)   Evacuate Collection Set: 35.6ms
[2025-04-26T16:29:45.693+0000][24.877s][info ][gc,phases   ] GC(29)   Post Evacuate Collection Set: 6.1ms
[2025-04-26T16:29:45.693+0000][24.877s][info ][gc,phases   ] GC(29)   Other: 0.1ms
[2025-04-26T16:29:45.693+0000][24.877s][info ][gc,heap     ] GC(29) Eden regions: 257->0(255)
[2025-04-26T16:29:45.693+0000][24.877s][info ][gc,heap     ] GC(29) Survivor regions: 9->11(34)
[2025-04-26T16:29:45.693+0000][24.877s][info ][gc,heap     ] GC(29) Old regions: 58->58
[2025-04-26T16:29:45.693+0000][24.877s][info ][gc,heap     ] GC(29) Archive regions: 2->2
[2025-04-26T16:29:45.693+0000][24.877s][info ][gc,heap     ] GC(29) Humongous regions: 0->0
[2025-04-26T16:29:45.693+0000][24.877s][info ][gc,metaspace] GC(29) Metaspace: 63334K(63808K)->63334K(63808K) NonClass: 55323K(55552K)->55323K(55552K) Class: 8011K(8256K)->8011K(8256K)
[2025-04-26T16:29:45.693+0000][24.877s][info ][gc          ] GC(29) Pause Young (Normal) (G1 Evacuation Pause) 324M->69M(444M) 42.270ms
[2025-04-26T16:29:45.693+0000][24.877s][info ][gc,cpu      ] GC(29) User=0.06s Sys=0.00s Real=0.04s
[2025-04-26T16:29:45.693+0000][24.878s][info ][safepoint   ] Safepoint "G1CollectForAllocation", Time since last: 683816686 ns, Reaching safepoint: 58377 ns, Cleanup: 43880 ns, At safepoint: 42354122 ns, Total: 42456379 ns
[2025-04-26T16:29:46.552+0000][25.736s][debug][safepoint   ] Safepoint synchronization initiated using futex wait barrier. (19 threads)
[2025-04-26T16:29:46.555+0000][25.739s][info ][gc,start    ] GC(30) Pause Young (Concurrent Start) (Metadata GC Threshold)
[2025-04-26T16:29:46.555+0000][25.739s][info ][gc,task     ] GC(30) Using 4 workers of 4 for evacuation
[2025-04-26T16:29:46.583+0000][25.767s][info ][gc,phases   ] GC(30)   Pre Evacuate Collection Set: 0.1ms
[2025-04-26T16:29:46.583+0000][25.767s][info ][gc,phases   ] GC(30)   Merge Heap Roots: 0.1ms
[2025-04-26T16:29:46.583+0000][25.767s][info ][gc,phases   ] GC(30)   Evacuate Collection Set: 23.8ms
[2025-04-26T16:29:46.583+0000][25.767s][info ][gc,phases   ] GC(30)   Post Evacuate Collection Set: 4.1ms
[2025-04-26T16:29:46.583+0000][25.767s][info ][gc,phases   ] GC(30)   Other: 0.2ms
[2025-04-26T16:29:46.583+0000][25.768s][info ][gc,heap     ] GC(30) Eden regions: 117->0(254)
[2025-04-26T16:29:46.583+0000][25.768s][info ][gc,heap     ] GC(30) Survivor regions: 11->12(34)
[2025-04-26T16:29:46.583+0000][25.768s][info ][gc,heap     ] GC(30) Old regions: 58->58
[2025-04-26T16:29:46.583+0000][25.768s][info ][gc,heap     ] GC(30) Archive regions: 2->2
[2025-04-26T16:29:46.583+0000][25.768s][info ][gc,heap     ] GC(30) Humongous regions: 0->0
[2025-04-26T16:29:46.583+0000][25.768s][info ][gc,metaspace] GC(30) Metaspace: 65928K(66368K)->65928K(66368K) NonClass: 57479K(57664K)->57479K(57664K) Class: 8448K(8704K)->8448K(8704K)
[2025-04-26T16:29:46.583+0000][25.768s][info ][gc          ] GC(30) Pause Young (Concurrent Start) (Metadata GC Threshold) 186M->70M(444M) 28.439ms
[2025-04-26T16:29:46.583+0000][25.768s][info ][gc,cpu      ] GC(30) User=0.04s Sys=0.00s Real=0.03s
[2025-04-26T16:29:46.583+0000][25.768s][info ][gc          ] GC(31) Concurrent Mark Cycle
[2025-04-26T16:29:46.583+0000][25.768s][info ][gc,marking  ] GC(31) Concurrent Clear Claimed Marks
[2025-04-26T16:29:46.583+0000][25.768s][info ][safepoint   ] Safepoint "CollectForMetadataAllocation", Time since last: 858598598 ns, Reaching safepoint: 53690 ns, Cleanup: 2902884 ns, At safepoint: 28550136 ns, Total: 31506710 ns
[2025-04-26T16:29:46.583+0000][25.768s][info ][gc,marking  ] GC(31) Concurrent Clear Claimed Marks 0.043ms
[2025-04-26T16:29:46.583+0000][25.768s][info ][gc,marking  ] GC(31) Concurrent Scan Root Regions
[2025-04-26T16:29:46.609+0000][25.794s][info ][gc,marking  ] GC(31) Concurrent Scan Root Regions 25.805ms
[2025-04-26T16:29:46.609+0000][25.794s][info ][gc,marking  ] GC(31) Concurrent Mark
[2025-04-26T16:29:46.609+0000][25.794s][info ][gc,marking  ] GC(31) Concurrent Mark From Roots
[2025-04-26T16:29:46.609+0000][25.794s][info ][gc,task     ] GC(31) Using 1 workers of 1 for marking
[2025-04-26T16:29:46.711+0000][25.896s][debug][safepoint   ] Safepoint synchronization initiated using futex wait barrier. (19 threads)
[2025-04-26T16:29:46.719+0000][25.903s][info ][safepoint   ] Safepoint "CollectForMetadataAllocation", Time since last: 128324320 ns, Reaching safepoint: 341145 ns, Cleanup: 24257 ns, At safepoint: 7113529 ns, Total: 7478931 ns
[2025-04-26T16:29:46.796+0000][25.981s][debug][safepoint   ] Safepoint synchronization initiated using futex wait barrier. (19 threads)
[2025-04-26T16:29:46.797+0000][25.981s][info ][safepoint   ] Safepoint "CollectForMetadataAllocation", Time since last: 77469448 ns, Reaching safepoint: 240035 ns, Cleanup: 11087 ns, At safepoint: 52355 ns, Total: 303477 ns
[2025-04-26T16:29:46.851+0000][26.036s][info ][gc,marking  ] GC(31) Concurrent Mark From Roots 242.094ms
[2025-04-26T16:29:46.851+0000][26.036s][info ][gc,marking  ] GC(31) Concurrent Preclean
[2025-04-26T16:29:46.852+0000][26.036s][info ][gc,marking  ] GC(31) Concurrent Preclean 0.325ms
[2025-04-26T16:29:46.852+0000][26.036s][debug][safepoint   ] Safepoint synchronization initiated using futex wait barrier. (19 threads)
[2025-04-26T16:29:46.852+0000][26.036s][info ][gc,start    ] GC(31) Pause Remark
[2025-04-26T16:29:46.866+0000][26.050s][info ][gc          ] GC(31) Pause Remark 81M->81M(277M) 13.781ms
[2025-04-26T16:29:46.866+0000][26.050s][info ][gc,cpu      ] GC(31) User=0.01s Sys=0.00s Real=0.01s
[2025-04-26T16:29:46.866+0000][26.050s][info ][safepoint   ] Safepoint "G1PauseRemark", Time since last: 54921842 ns, Reaching safepoint: 105589 ns, Cleanup: 10455 ns, At safepoint: 14085207 ns, Total: 14201251 ns
[2025-04-26T16:29:46.866+0000][26.050s][info ][gc,marking  ] GC(31) Concurrent Mark 256.804ms
[2025-04-26T16:29:46.866+0000][26.050s][info ][gc,marking  ] GC(31) Concurrent Rebuild Remembered Sets
[2025-04-26T16:29:46.996+0000][26.180s][info ][gc,marking  ] GC(31) Concurrent Rebuild Remembered Sets 129.872ms
[2025-04-26T16:29:46.996+0000][26.180s][debug][safepoint   ] Safepoint synchronization initiated using futex wait barrier. (21 threads)
[2025-04-26T16:29:46.996+0000][26.180s][info ][gc,start    ] GC(31) Pause Cleanup
[2025-04-26T16:29:46.996+0000][26.181s][info ][gc          ] GC(31) Pause Cleanup 87M->87M(277M) 0.180ms
[2025-04-26T16:29:46.996+0000][26.181s][info ][gc,cpu      ] GC(31) User=0.00s Sys=0.00s Real=0.00s
[2025-04-26T16:29:46.996+0000][26.181s][info ][safepoint   ] Safepoint "G1PauseCleanup", Time since last: 130018831 ns, Reaching safepoint: 19332 ns, Cleanup: 27128 ns, At safepoint: 224603 ns, Total: 271063 ns
[2025-04-26T16:29:46.996+0000][26.181s][info ][gc,marking  ] GC(31) Concurrent Cleanup for Next Mark
[2025-04-26T16:29:46.998+0000][26.183s][info ][gc,marking  ] GC(31) Concurrent Cleanup for Next Mark 2.268ms
[2025-04-26T16:29:46.999+0000][26.184s][info ][gc          ] GC(31) Concurrent Mark Cycle 416.318ms
[2025-04-26T16:29:47.996+0000][27.181s][debug][safepoint   ] Safepoint synchronization initiated using futex wait barrier. (21 threads)
[2025-04-26T16:29:47.998+0000][27.183s][info ][safepoint   ] Safepoint "Cleanup", Time since last: 1000111791 ns, Reaching safepoint: 2144807 ns, Cleanup: 69621 ns, At safepoint: 18612 ns, Total: 2233040 ns
[2025-04-26T16:29:49.004+0000][28.188s][debug][safepoint   ] Safepoint synchronization initiated using futex wait barrier. (21 threads)
[2025-04-26T16:29:49.005+0000][28.189s][info ][safepoint   ] Safepoint "Cleanup", Time since last: 1005101916 ns, Reaching safepoint: 855615 ns, Cleanup: 100747 ns, At safepoint: 30261 ns, Total: 986623 ns
[2025-04-26T16:29:49.695+0000][28.879s][debug][safepoint   ] Safepoint synchronization initiated using futex wait barrier. (21 threads)
[2025-04-26T16:29:49.696+0000][28.880s][info ][gc,start    ] GC(32) Pause Young (Prepare Mixed) (G1 Evacuation Pause)
[2025-04-26T16:29:49.696+0000][28.880s][info ][gc,task     ] GC(32) Using 4 workers of 4 for evacuation
[2025-04-26T16:29:49.751+0000][28.935s][info ][gc,phases   ] GC(32)   Pre Evacuate Collection Set: 0.1ms
[2025-04-26T16:29:49.751+0000][28.935s][info ][gc,phases   ] GC(32)   Merge Heap Roots: 0.4ms
[2025-04-26T16:29:49.751+0000][28.935s][info ][gc,phases   ] GC(32)   Evacuate Collection Set: 50.5ms
[2025-04-26T16:29:49.751+0000][28.935s][info ][gc,phases   ] GC(32)   Post Evacuate Collection Set: 3.8ms
[2025-04-26T16:29:49.751+0000][28.936s][info ][gc,phases   ] GC(32)   Other: 0.2ms
[2025-04-26T16:29:49.751+0000][28.936s][info ][gc,heap     ] GC(32) Eden regions: 154->0(1)
[2025-04-26T16:29:49.751+0000][28.936s][info ][gc,heap     ] GC(32) Survivor regions: 12->14(21)
[2025-04-26T16:29:49.751+0000][28.936s][info ][gc,heap     ] GC(32) Old regions: 58->60
[2025-04-26T16:29:49.751+0000][28.936s][info ][gc,heap     ] GC(32) Archive regions: 2->2
[2025-04-26T16:29:49.751+0000][28.936s][info ][gc,heap     ] GC(32) Humongous regions: 0->0
[2025-04-26T16:29:49.751+0000][28.936s][info ][gc,metaspace] GC(32) Metaspace: 69148K(69568K)->69148K(69568K) NonClass: 60283K(60480K)->60283K(60480K) Class: 8864K(9088K)->8864K(9088K)
[2025-04-26T16:29:49.751+0000][28.936s][info ][gc          ] GC(32) Pause Young (Prepare Mixed) (G1 Evacuation Pause) 224M->74M(277M) 55.532ms
[2025-04-26T16:29:49.751+0000][28.936s][info ][gc,cpu      ] GC(32) User=0.09s Sys=0.00s Real=0.06s
[2025-04-26T16:29:49.756+0000][28.940s][info ][safepoint   ] Safepoint "G1CollectForAllocation", Time since last: 690377887 ns, Reaching safepoint: 76279 ns, Cleanup: 631534 ns, At safepoint: 59927922 ns, Total: 60635735 ns
[2025-04-26T16:29:49.837+0000][29.022s][debug][safepoint   ] Safepoint synchronization initiated using futex wait barrier. (21 threads)
[2025-04-26T16:29:49.837+0000][29.022s][info ][gc,start    ] GC(33) Pause Young (Mixed) (G1 Evacuation Pause)
[2025-04-26T16:29:49.837+0000][29.022s][info ][gc,task     ] GC(33) Using 4 workers of 4 for evacuation
[2025-04-26T16:29:49.868+0000][29.053s][info ][gc,phases   ] GC(33)   Pre Evacuate Collection Set: 0.1ms
[2025-04-26T16:29:49.868+0000][29.053s][info ][gc,phases   ] GC(33)   Merge Heap Roots: 0.2ms
[2025-04-26T16:29:49.868+0000][29.053s][info ][gc,phases   ] GC(33)   Evacuate Collection Set: 28.5ms
[2025-04-26T16:29:49.868+0000][29.053s][info ][gc,phases   ] GC(33)   Post Evacuate Collection Set: 2.0ms
[2025-04-26T16:29:49.868+0000][29.053s][info ][gc,phases   ] GC(33)   Other: 0.1ms
[2025-04-26T16:29:49.868+0000][29.053s][info ][gc,heap     ] GC(33) Eden regions: 1->0(163)
[2025-04-26T16:29:49.868+0000][29.053s][info ][gc,heap     ] GC(33) Survivor regions: 14->2(2)
[2025-04-26T16:29:49.868+0000][29.053s][info ][gc,heap     ] GC(33) Old regions: 60->72
[2025-04-26T16:29:49.868+0000][29.053s][info ][gc,heap     ] GC(33) Archive regions: 2->2
[2025-04-26T16:29:49.868+0000][29.053s][info ][gc,heap     ] GC(33) Humongous regions: 0->0
[2025-04-26T16:29:49.868+0000][29.053s][info ][gc,metaspace] GC(33) Metaspace: 69402K(69888K)->69402K(69888K) NonClass: 60522K(60800K)->60522K(60800K) Class: 8879K(9088K)->8879K(9088K)
[2025-04-26T16:29:49.868+0000][29.053s][info ][gc          ] GC(33) Pause Young (Mixed) (G1 Evacuation Pause) 75M->74M(277M) 31.227ms
[2025-04-26T16:29:49.868+0000][29.053s][info ][gc,cpu      ] GC(33) User=0.06s Sys=0.00s Real=0.03s
[2025-04-26T16:29:49.869+0000][29.053s][info ][safepoint   ] Safepoint "G1CollectForAllocation", Time since last: 81511762 ns, Reaching safepoint: 139524 ns, Cleanup: 23122 ns, At safepoint: 31311804 ns, Total: 31474450 ns
[2025-04-26T16:29:50.962+0000][30.146s][debug][safepoint   ] Safepoint synchronization initiated using futex wait barrier. (20 threads)
[2025-04-26T16:29:50.967+0000][30.151s][info ][safepoint   ] Safepoint "Cleanup", Time since last: 1093010912 ns, Reaching safepoint: 128723 ns, Cleanup: 45254 ns, At safepoint: 4838409 ns, Total: 5012386 ns
[2025-04-26T16:29:51.521+0000][30.706s][debug][safepoint   ] Safepoint synchronization initiated using futex wait barrier. (20 threads)
[2025-04-26T16:29:51.522+0000][30.707s][info ][safepoint   ] Safepoint "ICBufferFull", Time since last: 554652470 ns, Reaching safepoint: 305303 ns, Cleanup: 461697 ns, At safepoint: 8700 ns, Total: 775700 ns
[2025-04-26T16:29:52.442+0000][31.627s][debug][safepoint   ] Safepoint synchronization initiated using futex wait barrier. (19 threads)
[2025-04-26T16:29:52.443+0000][31.627s][info ][gc,start    ] GC(34) Pause Young (Concurrent Start) (G1 Evacuation Pause)
[2025-04-26T16:29:52.443+0000][31.627s][info ][gc,task     ] GC(34) Using 4 workers of 4 for evacuation
[2025-04-26T16:29:52.450+0000][31.635s][info ][gc,phases   ] GC(34)   Pre Evacuate Collection Set: 0.2ms
[2025-04-26T16:29:52.451+0000][31.635s][info ][gc,phases   ] GC(34)   Merge Heap Roots: 0.1ms
[2025-04-26T16:29:52.451+0000][31.635s][info ][gc,phases   ] GC(34)   Evacuate Collection Set: 6.1ms
[2025-04-26T16:29:52.451+0000][31.635s][info ][gc,phases   ] GC(34)   Post Evacuate Collection Set: 1.0ms
[2025-04-26T16:29:52.451+0000][31.635s][info ][gc,phases   ] GC(34)   Other: 0.1ms
[2025-04-26T16:29:52.451+0000][31.635s][info ][gc,heap     ] GC(34) Eden regions: 163->0(164)
[2025-04-26T16:29:52.451+0000][31.635s][info ][gc,heap     ] GC(34) Survivor regions: 2->2(21)
[2025-04-26T16:29:52.451+0000][31.635s][info ][gc,heap     ] GC(34) Old regions: 72->72
[2025-04-26T16:29:52.451+0000][31.635s][info ][gc,heap     ] GC(34) Archive regions: 2->2
[2025-04-26T16:29:52.451+0000][31.635s][info ][gc,heap     ] GC(34) Humongous regions: 0->0
[2025-04-26T16:29:52.451+0000][31.635s][info ][gc,metaspace] GC(34) Metaspace: 75482K(75968K)->75482K(75968K) NonClass: 65759K(65984K)->65759K(65984K) Class: 9722K(9984K)->9722K(9984K)
[2025-04-26T16:29:52.451+0000][31.635s][info ][gc          ] GC(34) Pause Young (Concurrent Start) (G1 Evacuation Pause) 237M->73M(277M) 8.287ms
[2025-04-26T16:29:52.451+0000][31.635s][info ][gc,cpu      ] GC(34) User=0.02s Sys=0.00s Real=0.01s
[2025-04-26T16:29:52.451+0000][31.635s][info ][gc          ] GC(35) Concurrent Mark Cycle
[2025-04-26T16:29:52.451+0000][31.635s][info ][gc,marking  ] GC(35) Concurrent Clear Claimed Marks
[2025-04-26T16:29:52.451+0000][31.635s][info ][safepoint   ] Safepoint "G1CollectForAllocation", Time since last: 920412083 ns, Reaching safepoint: 37807 ns, Cleanup: 76275 ns, At safepoint: 8347444 ns, Total: 8461526 ns
[2025-04-26T16:29:52.451+0000][31.635s][info ][gc,marking  ] GC(35) Concurrent Clear Claimed Marks 0.040ms
[2025-04-26T16:29:52.451+0000][31.635s][info ][gc,marking  ] GC(35) Concurrent Scan Root Regions
[2025-04-26T16:29:52.455+0000][31.640s][info ][gc,marking  ] GC(35) Concurrent Scan Root Regions 4.166ms
[2025-04-26T16:29:52.455+0000][31.640s][info ][gc,marking  ] GC(35) Concurrent Mark
[2025-04-26T16:29:52.455+0000][31.640s][info ][gc,marking  ] GC(35) Concurrent Mark From Roots
[2025-04-26T16:29:52.455+0000][31.640s][info ][gc,task     ] GC(35) Using 1 workers of 1 for marking
[2025-04-26T16:29:52.622+0000][31.806s][info ][gc,marking  ] GC(35) Concurrent Mark From Roots 166.564ms
[2025-04-26T16:29:52.622+0000][31.806s][info ][gc,marking  ] GC(35) Concurrent Preclean
[2025-04-26T16:29:52.622+0000][31.807s][info ][gc,marking  ] GC(35) Concurrent Preclean 0.321ms
[2025-04-26T16:29:52.622+0000][31.807s][debug][safepoint   ] Safepoint synchronization initiated using futex wait barrier. (19 threads)
[2025-04-26T16:29:52.622+0000][31.807s][info ][gc,start    ] GC(35) Pause Remark
[2025-04-26T16:29:52.657+0000][31.842s][info ][gc          ] GC(35) Pause Remark 108M->108M(277M) 34.857ms
[2025-04-26T16:29:52.659+0000][31.843s][info ][gc,cpu      ] GC(35) User=0.03s Sys=0.00s Real=0.03s
[2025-04-26T16:29:52.659+0000][31.844s][info ][safepoint   ] Safepoint "G1PauseRemark", Time since last: 171282938 ns, Reaching safepoint: 91440 ns, Cleanup: 14921 ns, At safepoint: 36835081 ns, Total: 36941442 ns
[2025-04-26T16:29:52.662+0000][31.846s][info ][gc,marking  ] GC(35) Concurrent Mark 206.664ms
[2025-04-26T16:29:52.662+0000][31.847s][info ][gc,marking  ] GC(35) Concurrent Rebuild Remembered Sets
[2025-04-26T16:29:52.852+0000][32.036s][info ][gc,marking  ] GC(35) Concurrent Rebuild Remembered Sets 189.740ms
[2025-04-26T16:29:52.852+0000][32.036s][debug][safepoint   ] Safepoint synchronization initiated using futex wait barrier. (20 threads)
[2025-04-26T16:29:52.852+0000][32.037s][info ][gc,start    ] GC(35) Pause Cleanup
[2025-04-26T16:29:52.852+0000][32.037s][info ][gc          ] GC(35) Pause Cleanup 131M->131M(277M) 0.229ms
[2025-04-26T16:29:52.852+0000][32.037s][info ][gc,cpu      ] GC(35) User=0.01s Sys=0.00s Real=0.00s
[2025-04-26T16:29:52.852+0000][32.037s][info ][safepoint   ] Safepoint "G1PauseCleanup", Time since last: 192821986 ns, Reaching safepoint: 96524 ns, Cleanup: 35252 ns, At safepoint: 336276 ns, Total: 468052 ns
[2025-04-26T16:29:52.853+0000][32.037s][info ][gc,marking  ] GC(35) Concurrent Cleanup for Next Mark
[2025-04-26T16:29:52.854+0000][32.038s][info ][gc,marking  ] GC(35) Concurrent Cleanup for Next Mark 1.137ms
[2025-04-26T16:29:52.854+0000][32.038s][info ][gc          ] GC(35) Concurrent Mark Cycle 402.853ms
[2025-04-26T16:29:53.311+0000][32.496s][debug][safepoint   ] Safepoint synchronization initiated using futex wait barrier. (19 threads)
[2025-04-26T16:29:53.312+0000][32.496s][info ][safepoint   ] Safepoint "ICBufferFull", Time since last: 458980701 ns, Reaching safepoint: 132935 ns, Cleanup: 117259 ns, At safepoint: 5440 ns, Total: 255634 ns
[2025-04-26T16:29:53.393+0000][32.578s][debug][safepoint   ] Safepoint synchronization initiated using futex wait barrier. (20 threads)
[2025-04-26T16:29:53.393+0000][32.578s][info ][safepoint   ] Safepoint "ICBufferFull", Time since last: 81682753 ns, Reaching safepoint: 43876 ns, Cleanup: 134245 ns, At safepoint: 5039 ns, Total: 183160 ns
[2025-04-26T16:29:53.442+0000][32.627s][debug][safepoint   ] Safepoint synchronization initiated using futex wait barrier. (20 threads)
[2025-04-26T16:29:53.442+0000][32.627s][info ][gc,start    ] GC(36) Pause Young (Prepare Mixed) (G1 Evacuation Pause)
[2025-04-26T16:29:53.442+0000][32.627s][info ][gc,task     ] GC(36) Using 4 workers of 4 for evacuation
[2025-04-26T16:29:53.449+0000][32.634s][info ][gc,phases   ] GC(36)   Pre Evacuate Collection Set: 0.1ms
[2025-04-26T16:29:53.449+0000][32.634s][info ][gc,phases   ] GC(36)   Merge Heap Roots: 0.2ms
[2025-04-26T16:29:53.449+0000][32.634s][info ][gc,phases   ] GC(36)   Evacuate Collection Set: 5.6ms
[2025-04-26T16:29:53.449+0000][32.634s][info ][gc,phases   ] GC(36)   Post Evacuate Collection Set: 0.9ms
[2025-04-26T16:29:53.449+0000][32.634s][info ][gc,phases   ] GC(36)   Other: 0.1ms
[2025-04-26T16:29:53.449+0000][32.634s][info ][gc,heap     ] GC(36) Eden regions: 164->0(10)
[2025-04-26T16:29:53.449+0000][32.634s][info ][gc,heap     ] GC(36) Survivor regions: 2->3(21)
[2025-04-26T16:29:53.449+0000][32.634s][info ][gc,heap     ] GC(36) Old regions: 72->72
[2025-04-26T16:29:53.449+0000][32.634s][info ][gc,heap     ] GC(36) Archive regions: 2->2
[2025-04-26T16:29:53.449+0000][32.634s][info ][gc,heap     ] GC(36) Humongous regions: 0->0
[2025-04-26T16:29:53.449+0000][32.634s][info ][gc,metaspace] GC(36) Metaspace: 78498K(78976K)->78498K(78976K) NonClass: 68198K(68416K)->68198K(68416K) Class: 10299K(10560K)->10299K(10560K)
[2025-04-26T16:29:53.449+0000][32.634s][info ][gc          ] GC(36) Pause Young (Prepare Mixed) (G1 Evacuation Pause) 237M->74M(277M) 7.028ms
[2025-04-26T16:29:53.449+0000][32.634s][info ][gc,cpu      ] GC(36) User=0.01s Sys=0.00s Real=0.00s
[2025-04-26T16:29:53.449+0000][32.634s][info ][safepoint   ] Safepoint "G1CollectForAllocation", Time since last: 48728573 ns, Reaching safepoint: 60246 ns, Cleanup: 57322 ns, At safepoint: 7075610 ns, Total: 7193178 ns
[2025-04-26T16:29:53.589+0000][32.774s][debug][safepoint   ] Safepoint synchronization initiated using futex wait barrier. (20 threads)
[2025-04-26T16:29:53.590+0000][32.774s][info ][safepoint   ] Safepoint "ICBufferFull", Time since last: 139864662 ns, Reaching safepoint: 267340 ns, Cleanup: 182324 ns, At safepoint: 4817 ns, Total: 454481 ns
[2025-04-26T16:29:53.606+0000][32.791s][debug][safepoint   ] Safepoint synchronization initiated using futex wait barrier. (20 threads)
[2025-04-26T16:29:53.606+0000][32.791s][info ][gc,start    ] GC(37) Pause Young (Mixed) (G1 Evacuation Pause)
[2025-04-26T16:29:53.606+0000][32.791s][info ][gc,task     ] GC(37) Using 4 workers of 4 for evacuation
[2025-04-26T16:29:53.617+0000][32.801s][info ][gc,phases   ] GC(37)   Pre Evacuate Collection Set: 1.0ms
[2025-04-26T16:29:53.617+0000][32.801s][info ][gc,phases   ] GC(37)   Merge Heap Roots: 0.2ms
[2025-04-26T16:29:53.617+0000][32.801s][info ][gc,phases   ] GC(37)   Evacuate Collection Set: 7.9ms
[2025-04-26T16:29:53.617+0000][32.801s][info ][gc,phases   ] GC(37)   Post Evacuate Collection Set: 1.1ms
[2025-04-26T16:29:53.617+0000][32.801s][info ][gc,phases   ] GC(37)   Other: 0.1ms
[2025-04-26T16:29:53.617+0000][32.801s][info ][gc,heap     ] GC(37) Eden regions: 10->0(165)
[2025-04-26T16:29:53.617+0000][32.801s][info ][gc,heap     ] GC(37) Survivor regions: 3->1(2)
[2025-04-26T16:29:53.617+0000][32.801s][info ][gc,heap     ] GC(37) Old regions: 72->73
[2025-04-26T16:29:53.617+0000][32.801s][info ][gc,heap     ] GC(37) Archive regions: 2->2
[2025-04-26T16:29:53.617+0000][32.801s][info ][gc,heap     ] GC(37) Humongous regions: 0->0
[2025-04-26T16:29:53.617+0000][32.801s][info ][gc,metaspace] GC(37) Metaspace: 78728K(79232K)->78728K(79232K) NonClass: 68415K(68672K)->68415K(68672K) Class: 10313K(10560K)->10313K(10560K)
[2025-04-26T16:29:53.617+0000][32.801s][info ][gc          ] GC(37) Pause Young (Mixed) (G1 Evacuation Pause) 84M->74M(277M) 10.483ms
[2025-04-26T16:29:53.617+0000][32.801s][info ][gc,cpu      ] GC(37) User=0.03s Sys=0.00s Real=0.01s
[2025-04-26T16:29:53.617+0000][32.801s][info ][safepoint   ] Safepoint "G1CollectForAllocation", Time since last: 16601139 ns, Reaching safepoint: 48662 ns, Cleanup: 28405 ns, At safepoint: 10559585 ns, Total: 10636652 ns
[2025-04-26T16:29:53.738+0000][32.923s][debug][safepoint   ] Safepoint synchronization initiated using futex wait barrier. (20 threads)
[2025-04-26T16:29:53.738+0000][32.923s][info ][safepoint   ] Safepoint "ICBufferFull", Time since last: 121100974 ns, Reaching safepoint: 187102 ns, Cleanup: 109776 ns, At safepoint: 4901 ns, Total: 301779 ns
[2025-04-26T16:29:53.965+0000][33.149s][debug][safepoint   ] Safepoint synchronization initiated using futex wait barrier. (20 threads)
[2025-04-26T16:29:53.965+0000][33.149s][info ][safepoint   ] Safepoint "ICBufferFull", Time since last: 226201076 ns, Reaching safepoint: 57193 ns, Cleanup: 119964 ns, At safepoint: 3730 ns, Total: 180887 ns
[2025-04-26T16:29:54.636+0000][33.820s][debug][safepoint   ] Safepoint synchronization initiated using futex wait barrier. (19 threads)
[2025-04-26T16:29:54.636+0000][33.821s][info ][safepoint   ] Safepoint "ICBufferFull", Time since last: 671074417 ns, Reaching safepoint: 94249 ns, Cleanup: 197830 ns, At safepoint: 6561 ns, Total: 298640 ns
[2025-04-26T16:29:54.910+0000][34.095s][debug][safepoint   ] Safepoint synchronization initiated using futex wait barrier. (19 threads)
[2025-04-26T16:29:54.910+0000][34.095s][info ][gc,start    ] GC(38) Pause Young (Normal) (G1 Evacuation Pause)
[2025-04-26T16:29:54.910+0000][34.095s][info ][gc,task     ] GC(38) Using 4 workers of 4 for evacuation
[2025-04-26T16:29:54.921+0000][34.105s][info ][gc,phases   ] GC(38)   Pre Evacuate Collection Set: 0.2ms
[2025-04-26T16:29:54.921+0000][34.105s][info ][gc,phases   ] GC(38)   Merge Heap Roots: 0.1ms
[2025-04-26T16:29:54.921+0000][34.105s][info ][gc,phases   ] GC(38)   Evacuate Collection Set: 6.7ms
[2025-04-26T16:29:54.921+0000][34.105s][info ][gc,phases   ] GC(38)   Post Evacuate Collection Set: 3.4ms
[2025-04-26T16:29:54.921+0000][34.105s][info ][gc,phases   ] GC(38)   Other: 0.1ms
[2025-04-26T16:29:54.921+0000][34.105s][info ][gc,heap     ] GC(38) Eden regions: 165->0(161)
[2025-04-26T16:29:54.921+0000][34.105s][info ][gc,heap     ] GC(38) Survivor regions: 1->4(21)
[2025-04-26T16:29:54.921+0000][34.105s][info ][gc,heap     ] GC(38) Old regions: 73->73
[2025-04-26T16:29:54.921+0000][34.105s][info ][gc,heap     ] GC(38) Archive regions: 2->2
[2025-04-26T16:29:54.921+0000][34.105s][info ][gc,heap     ] GC(38) Humongous regions: 0->0
[2025-04-26T16:29:54.921+0000][34.105s][info ][gc,metaspace] GC(38) Metaspace: 82477K(82944K)->82477K(82944K) NonClass: 71645K(71872K)->71645K(71872K) Class: 10831K(11072K)->10831K(11072K)
[2025-04-26T16:29:54.921+0000][34.105s][info ][gc          ] GC(38) Pause Young (Normal) (G1 Evacuation Pause) 239M->77M(277M) 10.608ms
[2025-04-26T16:29:54.921+0000][34.106s][info ][gc,cpu      ] GC(38) User=0.02s Sys=0.00s Real=0.01s
[2025-04-26T16:29:54.921+0000][34.106s][info ][safepoint   ] Safepoint "G1CollectForAllocation", Time since last: 274110521 ns, Reaching safepoint: 50029 ns, Cleanup: 56186 ns, At safepoint: 10659597 ns, Total: 10765812 ns
[2025-04-26T16:29:55.393+0000][34.577s][debug][safepoint   ] Safepoint synchronization initiated using futex wait barrier. (20 threads)
[2025-04-26T16:29:55.393+0000][34.577s][info ][safepoint   ] Safepoint "ICBufferFull", Time since last: 471698735 ns, Reaching safepoint: 41359 ns, Cleanup: 151659 ns, At safepoint: 3523 ns, Total: 196541 ns
[2025-04-26T16:29:56.276+0000][35.460s][debug][safepoint   ] Safepoint synchronization initiated using futex wait barrier. (20 threads)
[2025-04-26T16:29:56.276+0000][35.461s][info ][gc,start    ] GC(39) Pause Young (Normal) (G1 Evacuation Pause)
[2025-04-26T16:29:56.276+0000][35.461s][info ][gc,task     ] GC(39) Using 4 workers of 4 for evacuation
[2025-04-26T16:29:56.288+0000][35.472s][info ][gc,phases   ] GC(39)   Pre Evacuate Collection Set: 0.2ms
[2025-04-26T16:29:56.288+0000][35.472s][info ][gc,phases   ] GC(39)   Merge Heap Roots: 0.1ms
[2025-04-26T16:29:56.288+0000][35.472s][info ][gc,phases   ] GC(39)   Evacuate Collection Set: 9.9ms
[2025-04-26T16:29:56.288+0000][35.472s][info ][gc,phases   ] GC(39)   Post Evacuate Collection Set: 1.3ms
[2025-04-26T16:29:56.288+0000][35.472s][info ][gc,phases   ] GC(39)   Other: 0.1ms
[2025-04-26T16:29:56.288+0000][35.472s][info ][gc,heap     ] GC(39) Eden regions: 161->0(157)
[2025-04-26T16:29:56.288+0000][35.472s][info ][gc,heap     ] GC(39) Survivor regions: 4->7(21)
[2025-04-26T16:29:56.288+0000][35.472s][info ][gc,heap     ] GC(39) Old regions: 73->73
[2025-04-26T16:29:56.288+0000][35.472s][info ][gc,heap     ] GC(39) Archive regions: 2->2
[2025-04-26T16:29:56.288+0000][35.472s][info ][gc,heap     ] GC(39) Humongous regions: 0->0
[2025-04-26T16:29:56.288+0000][35.472s][info ][gc,metaspace] GC(39) Metaspace: 84932K(85504K)->84932K(85504K) NonClass: 73923K(74240K)->73923K(74240K) Class: 11009K(11264K)->11009K(11264K)
[2025-04-26T16:29:56.288+0000][35.472s][info ][gc          ] GC(39) Pause Young (Normal) (G1 Evacuation Pause) 238M->80M(277M) 11.713ms
[2025-04-26T16:29:56.288+0000][35.472s][info ][gc,cpu      ] GC(39) User=0.04s Sys=0.00s Real=0.01s
[2025-04-26T16:29:56.288+0000][35.472s][info ][safepoint   ] Safepoint "G1CollectForAllocation", Time since last: 883067928 ns, Reaching safepoint: 52692 ns, Cleanup: 99996 ns, At safepoint: 11789645 ns, Total: 11942333 ns
[2025-04-26T16:29:57.291+0000][36.475s][debug][safepoint   ] Safepoint synchronization initiated using futex wait barrier. (21 threads)
[2025-04-26T16:29:57.291+0000][36.475s][info ][safepoint   ] Safepoint "Cleanup", Time since last: 1002657183 ns, Reaching safepoint: 135540 ns, Cleanup: 79766 ns, At safepoint: 10007 ns, Total: 225313 ns
[2025-04-26T16:29:57.869+0000][37.054s][debug][safepoint   ] Safepoint synchronization initiated using futex wait barrier. (25 threads)
[2025-04-26T16:29:57.871+0000][37.056s][info ][gc,start    ] GC(40) Pause Young (Concurrent Start) (G1 Evacuation Pause)
[2025-04-26T16:29:57.871+0000][37.056s][info ][gc,task     ] GC(40) Using 4 workers of 4 for evacuation
[2025-04-26T16:29:57.963+0000][37.148s][info ][gc,phases   ] GC(40)   Pre Evacuate Collection Set: 0.4ms
[2025-04-26T16:29:57.963+0000][37.148s][info ][gc,phases   ] GC(40)   Merge Heap Roots: 1.3ms
[2025-04-26T16:29:57.963+0000][37.148s][info ][gc,phases   ] GC(40)   Evacuate Collection Set: 75.4ms
[2025-04-26T16:29:57.963+0000][37.148s][info ][gc,phases   ] GC(40)   Post Evacuate Collection Set: 14.6ms
[2025-04-26T16:29:57.963+0000][37.148s][info ][gc,phases   ] GC(40)   Other: 0.3ms
[2025-04-26T16:29:57.963+0000][37.148s][info ][gc,heap     ] GC(40) Eden regions: 157->0(152)
[2025-04-26T16:29:57.963+0000][37.148s][info ][gc,heap     ] GC(40) Survivor regions: 7->11(21)
[2025-04-26T16:29:57.963+0000][37.148s][info ][gc,heap     ] GC(40) Old regions: 73->73
[2025-04-26T16:29:57.963+0000][37.148s][info ][gc,heap     ] GC(40) Archive regions: 2->2
[2025-04-26T16:29:57.963+0000][37.148s][info ][gc,heap     ] GC(40) Humongous regions: 0->0
[2025-04-26T16:29:57.963+0000][37.148s][info ][gc,metaspace] GC(40) Metaspace: 87863K(88448K)->87863K(88448K) NonClass: 76627K(76928K)->76627K(76928K) Class: 11236K(11520K)->11236K(11520K)
[2025-04-26T16:29:57.963+0000][37.148s][info ][gc          ] GC(40) Pause Young (Concurrent Start) (G1 Evacuation Pause) 237M->84M(277M) 92.301ms
[2025-04-26T16:29:57.963+0000][37.148s][info ][gc,cpu      ] GC(40) User=0.17s Sys=0.00s Real=0.09s
[2025-04-26T16:29:57.963+0000][37.148s][info ][gc          ] GC(41) Concurrent Mark Cycle
[2025-04-26T16:29:57.963+0000][37.148s][info ][gc,marking  ] GC(41) Concurrent Clear Claimed Marks
[2025-04-26T16:29:57.964+0000][37.148s][info ][gc,marking  ] GC(41) Concurrent Clear Claimed Marks 0.078ms
[2025-04-26T16:29:57.964+0000][37.148s][info ][gc,marking  ] GC(41) Concurrent Scan Root Regions
[2025-04-26T16:29:57.963+0000][37.148s][info ][safepoint   ] Safepoint "G1CollectForAllocation", Time since last: 578664163 ns, Reaching safepoint: 61175 ns, Cleanup: 1551194 ns, At safepoint: 92410794 ns, Total: 94023163 ns
[2025-04-26T16:29:58.018+0000][37.203s][info ][gc,marking  ] GC(41) Concurrent Scan Root Regions 54.778ms
[2025-04-26T16:29:58.018+0000][37.203s][info ][gc,marking  ] GC(41) Concurrent Mark
[2025-04-26T16:29:58.018+0000][37.203s][info ][gc,marking  ] GC(41) Concurrent Mark From Roots
[2025-04-26T16:29:58.018+0000][37.203s][info ][gc,task     ] GC(41) Using 1 workers of 1 for marking
[2025-04-26T16:29:58.498+0000][37.682s][info ][gc,marking  ] GC(41) Concurrent Mark From Roots 479.094ms
[2025-04-26T16:29:58.498+0000][37.682s][info ][gc,marking  ] GC(41) Concurrent Preclean
[2025-04-26T16:29:58.498+0000][37.683s][info ][gc,marking  ] GC(41) Concurrent Preclean 0.502ms
[2025-04-26T16:29:58.500+0000][37.684s][debug][safepoint   ] Safepoint synchronization initiated using futex wait barrier. (25 threads)
[2025-04-26T16:29:58.502+0000][37.687s][info ][gc,start    ] GC(41) Pause Remark
[2025-04-26T16:29:58.515+0000][37.699s][info ][gc          ] GC(41) Pause Remark 125M->125M(277M) 12.494ms
[2025-04-26T16:29:58.515+0000][37.699s][info ][gc,cpu      ] GC(41) User=0.02s Sys=0.00s Real=0.01s
[2025-04-26T16:29:58.515+0000][37.699s][info ][safepoint   ] Safepoint "G1PauseRemark", Time since last: 536089517 ns, Reaching safepoint: 2605317 ns, Cleanup: 28319 ns, At safepoint: 12594560 ns, Total: 15228196 ns
[2025-04-26T16:29:58.515+0000][37.700s][info ][gc,marking  ] GC(41) Concurrent Mark 496.896ms
[2025-04-26T16:29:58.515+0000][37.700s][info ][gc,marking  ] GC(41) Concurrent Rebuild Remembered Sets
[2025-04-26T16:29:58.699+0000][37.883s][info ][gc,marking  ] GC(41) Concurrent Rebuild Remembered Sets 183.412ms
[2025-04-26T16:29:58.699+0000][37.884s][debug][safepoint   ] Safepoint synchronization initiated using futex wait barrier. (25 threads)
[2025-04-26T16:29:58.701+0000][37.886s][debug][safepoint   ] ... found polling page loop exception at pc = 0x000076099d010543, stub =0x000076099c98e400
[2025-04-26T16:29:58.702+0000][37.887s][info ][gc,start    ] GC(41) Pause Cleanup
[2025-04-26T16:29:58.703+0000][37.887s][info ][gc          ] GC(41) Pause Cleanup 134M->134M(277M) 0.332ms
[2025-04-26T16:29:58.703+0000][37.887s][info ][gc,cpu      ] GC(41) User=0.00s Sys=0.00s Real=0.00s
[2025-04-26T16:29:58.703+0000][37.887s][info ][safepoint   ] Safepoint "G1PauseCleanup", Time since last: 184202492 ns, Reaching safepoint: 3292316 ns, Cleanup: 16611 ns, At safepoint: 565447 ns, Total: 3874374 ns
[2025-04-26T16:29:58.704+0000][37.888s][info ][gc,marking  ] GC(41) Concurrent Cleanup for Next Mark
[2025-04-26T16:29:58.713+0000][37.897s][info ][gc,marking  ] GC(41) Concurrent Cleanup for Next Mark 8.733ms
[2025-04-26T16:29:58.713+0000][37.897s][info ][gc          ] GC(41) Concurrent Mark Cycle 749.301ms
[2025-04-26T16:29:59.971+0000][39.156s][debug][safepoint   ] Safepoint synchronization initiated using futex wait barrier. (25 threads)
[2025-04-26T16:29:59.972+0000][39.157s][info ][safepoint   ] Safepoint "Cleanup", Time since last: 1268469604 ns, Reaching safepoint: 53648 ns, Cleanup: 268331 ns, At safepoint: 414658 ns, Total: 736637 ns
[2025-04-26T16:30:00.664+0000][39.849s][debug][safepoint   ] Safepoint synchronization initiated using futex wait barrier. (25 threads)
[2025-04-26T16:30:00.665+0000][39.849s][info ][gc,start    ] GC(42) Pause Young (Prepare Mixed) (G1 Evacuation Pause)
[2025-04-26T16:30:00.666+0000][39.850s][info ][gc,task     ] GC(42) Using 4 workers of 4 for evacuation
[2025-04-26T16:30:00.698+0000][39.882s][info ][gc,phases   ] GC(42)   Pre Evacuate Collection Set: 0.7ms
[2025-04-26T16:30:00.698+0000][39.882s][info ][gc,phases   ] GC(42)   Merge Heap Roots: 0.4ms
[2025-04-26T16:30:00.698+0000][39.882s][info ][gc,phases   ] GC(42)   Evacuate Collection Set: 26.5ms
[2025-04-26T16:30:00.698+0000][39.882s][info ][gc,phases   ] GC(42)   Post Evacuate Collection Set: 4.1ms
[2025-04-26T16:30:00.698+0000][39.882s][info ][gc,phases   ] GC(42)   Other: 1.4ms
[2025-04-26T16:30:00.698+0000][39.882s][info ][gc,heap     ] GC(42) Eden regions: 152->0(1)
[2025-04-26T16:30:00.698+0000][39.882s][info ][gc,heap     ] GC(42) Survivor regions: 11->15(21)
[2025-04-26T16:30:00.698+0000][39.882s][info ][gc,heap     ] GC(42) Old regions: 73->73
[2025-04-26T16:30:00.698+0000][39.882s][info ][gc,heap     ] GC(42) Archive regions: 2->2
[2025-04-26T16:30:00.698+0000][39.882s][info ][gc,heap     ] GC(42) Humongous regions: 0->0
[2025-04-26T16:30:00.698+0000][39.882s][info ][gc,metaspace] GC(42) Metaspace: 92432K(92992K)->92432K(92992K) NonClass: 80575K(80896K)->80575K(80896K) Class: 11856K(12096K)->11856K(12096K)
[2025-04-26T16:30:00.698+0000][39.882s][info ][gc          ] GC(42) Pause Young (Prepare Mixed) (G1 Evacuation Pause) 236M->88M(277M) 33.280ms
[2025-04-26T16:30:00.698+0000][39.882s][info ][gc,cpu      ] GC(42) User=0.05s Sys=0.00s Real=0.03s
[2025-04-26T16:30:00.698+0000][39.882s][info ][safepoint   ] Safepoint "G1CollectForAllocation", Time since last: 692176763 ns, Reaching safepoint: 225946 ns, Cleanup: 47689 ns, At safepoint: 33380004 ns, Total: 33653639 ns
[2025-04-26T16:30:00.728+0000][39.913s][debug][safepoint   ] Safepoint synchronization initiated using futex wait barrier. (25 threads)
[2025-04-26T16:30:00.728+0000][39.913s][info ][gc,start    ] GC(43) Pause Young (Mixed) (G1 Evacuation Pause)
[2025-04-26T16:30:00.729+0000][39.913s][info ][gc,task     ] GC(43) Using 4 workers of 4 for evacuation
[2025-04-26T16:30:00.760+0000][39.944s][info ][gc,phases   ] GC(43)   Pre Evacuate Collection Set: 0.2ms
[2025-04-26T16:30:00.760+0000][39.944s][info ][gc,phases   ] GC(43)   Merge Heap Roots: 1.0ms
[2025-04-26T16:30:00.760+0000][39.944s][info ][gc,phases   ] GC(43)   Evacuate Collection Set: 27.8ms
[2025-04-26T16:30:00.760+0000][39.944s][info ][gc,phases   ] GC(43)   Post Evacuate Collection Set: 2.1ms
[2025-04-26T16:30:00.760+0000][39.944s][info ][gc,phases   ] GC(43)   Other: 0.5ms
[2025-04-26T16:30:00.760+0000][39.944s][info ][gc,heap     ] GC(43) Eden regions: 1->0(148)
[2025-04-26T16:30:00.760+0000][39.944s][info ][gc,heap     ] GC(43) Survivor regions: 15->2(2)
[2025-04-26T16:30:00.760+0000][39.944s][info ][gc,heap     ] GC(43) Old regions: 73->86
[2025-04-26T16:30:00.760+0000][39.944s][info ][gc,heap     ] GC(43) Archive regions: 2->2
[2025-04-26T16:30:00.760+0000][39.944s][info ][gc,heap     ] GC(43) Humongous regions: 0->0
[2025-04-26T16:30:00.760+0000][39.945s][info ][gc,metaspace] GC(43) Metaspace: 92446K(92992K)->92446K(92992K) NonClass: 80585K(80896K)->80585K(80896K) Class: 11861K(12096K)->11861K(12096K)
[2025-04-26T16:30:00.760+0000][39.945s][info ][gc          ] GC(43) Pause Young (Mixed) (G1 Evacuation Pause) 89M->88M(277M) 31.709ms
[2025-04-26T16:30:00.760+0000][39.945s][info ][gc,cpu      ] GC(43) User=0.06s Sys=0.00s Real=0.04s
[2025-04-26T16:30:00.760+0000][39.945s][info ][safepoint   ] Safepoint "G1CollectForAllocation", Time since last: 30132474 ns, Reaching safepoint: 240063 ns, Cleanup: 5655 ns, At safepoint: 31789296 ns, Total: 32035014 ns
[2025-04-26T16:30:02.152+0000][41.336s][debug][safepoint   ] Safepoint synchronization initiated using futex wait barrier. (25 threads)
[2025-04-26T16:30:02.155+0000][41.340s][info ][safepoint   ] Safepoint "Cleanup", Time since last: 1391510620 ns, Reaching safepoint: 253929 ns, Cleanup: 118756 ns, At safepoint: 3030881 ns, Total: 3403566 ns
[2025-04-26T16:30:02.322+0000][41.507s][debug][safepoint   ] Safepoint synchronization initiated using futex wait barrier. (25 threads)
[2025-04-26T16:30:02.323+0000][41.507s][info ][gc,start    ] GC(44) Pause Young (Normal) (G1 Evacuation Pause)
[2025-04-26T16:30:02.323+0000][41.507s][info ][gc,task     ] GC(44) Using 4 workers of 4 for evacuation
[2025-04-26T16:30:02.356+0000][41.540s][info ][gc,phases   ] GC(44)   Pre Evacuate Collection Set: 0.2ms
[2025-04-26T16:30:02.356+0000][41.541s][info ][gc,phases   ] GC(44)   Merge Heap Roots: 0.2ms
[2025-04-26T16:30:02.356+0000][41.541s][info ][gc,phases   ] GC(44)   Evacuate Collection Set: 27.6ms
[2025-04-26T16:30:02.356+0000][41.541s][info ][gc,phases   ] GC(44)   Post Evacuate Collection Set: 5.0ms
[2025-04-26T16:30:02.356+0000][41.541s][info ][gc,phases   ] GC(44)   Other: 0.4ms
[2025-04-26T16:30:02.356+0000][41.541s][info ][gc,heap     ] GC(44) Eden regions: 148->0(136)
[2025-04-26T16:30:02.356+0000][41.541s][info ][gc,heap     ] GC(44) Survivor regions: 2->9(19)
[2025-04-26T16:30:02.356+0000][41.541s][info ][gc,heap     ] GC(44) Old regions: 86->86
[2025-04-26T16:30:02.356+0000][41.541s][info ][gc,heap     ] GC(44) Archive regions: 2->2
[2025-04-26T16:30:02.356+0000][41.541s][info ][gc,heap     ] GC(44) Humongous regions: 0->0
[2025-04-26T16:30:02.356+0000][41.541s][info ][gc,metaspace] GC(44) Metaspace: 95333K(95872K)->95333K(95872K) NonClass: 82852K(83136K)->82852K(83136K) Class: 12481K(12736K)->12481K(12736K)
[2025-04-26T16:30:02.356+0000][41.541s][info ][gc          ] GC(44) Pause Young (Normal) (G1 Evacuation Pause) 236M->95M(277M) 33.567ms
[2025-04-26T16:30:02.356+0000][41.541s][info ][gc,cpu      ] GC(44) User=0.05s Sys=0.00s Real=0.03s
[2025-04-26T16:30:02.356+0000][41.541s][info ][safepoint   ] Safepoint "G1CollectForAllocation", Time since last: 167296693 ns, Reaching safepoint: 226358 ns, Cleanup: 128241 ns, At safepoint: 33731312 ns, Total: 34085911 ns
[2025-04-26T16:30:03.496+0000][42.680s][debug][safepoint   ] Safepoint synchronization initiated using futex wait barrier. (26 threads)
[2025-04-26T16:30:03.496+0000][42.681s][info ][safepoint   ] Safepoint "Cleanup", Time since last: 1139348773 ns, Reaching safepoint: 51323 ns, Cleanup: 195999 ns, At safepoint: 24233 ns, Total: 271555 ns
[2025-04-26T16:30:03.953+0000][43.137s][debug][safepoint   ] Safepoint synchronization initiated using futex wait barrier. (26 threads)
[2025-04-26T16:30:03.953+0000][43.137s][info ][gc,start    ] GC(45) Pause Young (Normal) (G1 Evacuation Pause)
[2025-04-26T16:30:03.953+0000][43.137s][info ][gc,task     ] GC(45) Using 4 workers of 4 for evacuation
[2025-04-26T16:30:03.984+0000][43.169s][info ][gc,phases   ] GC(45)   Pre Evacuate Collection Set: 0.2ms
[2025-04-26T16:30:03.984+0000][43.169s][info ][gc,phases   ] GC(45)   Merge Heap Roots: 0.1ms
[2025-04-26T16:30:03.984+0000][43.169s][info ][gc,phases   ] GC(45)   Evacuate Collection Set: 29.1ms
[2025-04-26T16:30:03.984+0000][43.169s][info ][gc,phases   ] GC(45)   Post Evacuate Collection Set: 2.0ms
[2025-04-26T16:30:03.985+0000][43.169s][info ][gc,phases   ] GC(45)   Other: 0.3ms
[2025-04-26T16:30:03.985+0000][43.169s][info ][gc,heap     ] GC(45) Eden regions: 136->0(141)
[2025-04-26T16:30:03.985+0000][43.169s][info ][gc,heap     ] GC(45) Survivor regions: 9->6(19)
[2025-04-26T16:30:03.985+0000][43.169s][info ][gc,heap     ] GC(45) Old regions: 86->86
[2025-04-26T16:30:03.985+0000][43.169s][info ][gc,heap     ] GC(45) Archive regions: 2->2
[2025-04-26T16:30:03.985+0000][43.169s][info ][gc,heap     ] GC(45) Humongous regions: 0->0
[2025-04-26T16:30:03.985+0000][43.169s][info ][gc,metaspace] GC(45) Metaspace: 100097K(100672K)->100097K(100672K) NonClass: 86992K(87296K)->86992K(87296K) Class: 13105K(13376K)->13105K(13376K)
[2025-04-26T16:30:03.985+0000][43.169s][info ][gc          ] GC(45) Pause Young (Normal) (G1 Evacuation Pause) 231M->92M(277M) 31.800ms
[2025-04-26T16:30:03.985+0000][43.169s][info ][gc,cpu      ] GC(45) User=0.06s Sys=0.00s Real=0.03s
[2025-04-26T16:30:03.985+0000][43.169s][info ][safepoint   ] Safepoint "G1CollectForAllocation", Time since last: 456572501 ns, Reaching safepoint: 185692 ns, Cleanup: 35957 ns, At safepoint: 31872621 ns, Total: 32094270 ns
[2025-04-26T16:30:04.988+0000][44.172s][debug][safepoint   ] Safepoint synchronization initiated using futex wait barrier. (28 threads)
[2025-04-26T16:30:04.988+0000][44.172s][info ][safepoint   ] Safepoint "Cleanup", Time since last: 1002913327 ns, Reaching safepoint: 154741 ns, Cleanup: 99116 ns, At safepoint: 8482 ns, Total: 262339 ns
[2025-04-26T16:30:06.454+0000][45.639s][debug][safepoint   ] Safepoint synchronization initiated using futex wait barrier. (28 threads)
[2025-04-26T16:30:06.454+0000][45.639s][info ][safepoint   ] Safepoint "Cleanup", Time since last: 1466264329 ns, Reaching safepoint: 75015 ns, Cleanup: 70865 ns, At safepoint: 3370 ns, Total: 149250 ns
[2025-04-26T16:30:06.635+0000][45.820s][debug][safepoint   ] Safepoint synchronization initiated using futex wait barrier. (28 threads)
[2025-04-26T16:30:06.635+0000][45.820s][info ][gc,start    ] GC(46) Pause Young (Normal) (G1 Evacuation Pause)
[2025-04-26T16:30:06.635+0000][45.820s][info ][gc,task     ] GC(46) Using 4 workers of 4 for evacuation
[2025-04-26T16:30:06.660+0000][45.845s][info ][gc,phases   ] GC(46)   Pre Evacuate Collection Set: 0.2ms
[2025-04-26T16:30:06.661+0000][45.845s][info ][gc,phases   ] GC(46)   Merge Heap Roots: 0.2ms
[2025-04-26T16:30:06.661+0000][45.845s][info ][gc,phases   ] GC(46)   Evacuate Collection Set: 20.9ms
[2025-04-26T16:30:06.661+0000][45.845s][info ][gc,phases   ] GC(46)   Post Evacuate Collection Set: 3.9ms
[2025-04-26T16:30:06.661+0000][45.845s][info ][gc,phases   ] GC(46)   Other: 0.1ms
[2025-04-26T16:30:06.661+0000][45.845s][info ][gc,heap     ] GC(46) Eden regions: 141->0(187)
[2025-04-26T16:30:06.661+0000][45.845s][info ][gc,heap     ] GC(46) Survivor regions: 6->9(19)
[2025-04-26T16:30:06.661+0000][45.845s][info ][gc,heap     ] GC(46) Old regions: 86->86
[2025-04-26T16:30:06.661+0000][45.845s][info ][gc,heap     ] GC(46) Archive regions: 2->2
[2025-04-26T16:30:06.661+0000][45.845s][info ][gc,heap     ] GC(46) Humongous regions: 0->0
[2025-04-26T16:30:06.661+0000][45.845s][info ][gc,metaspace] GC(46) Metaspace: 103986K(104640K)->103986K(104640K) NonClass: 90370K(90688K)->90370K(90688K) Class: 13616K(13952K)->13616K(13952K)
[2025-04-26T16:30:06.661+0000][45.845s][info ][gc          ] GC(46) Pause Young (Normal) (G1 Evacuation Pause) 233M->94M(333M) 25.681ms
[2025-04-26T16:30:06.661+0000][45.845s][info ][gc,cpu      ] GC(46) User=0.09s Sys=0.00s Real=0.03s
[2025-04-26T16:30:06.661+0000][45.846s][info ][safepoint   ] Safepoint "G1CollectForAllocation", Time since last: 180743974 ns, Reaching safepoint: 89011 ns, Cleanup: 15090 ns, At safepoint: 25956357 ns, Total: 26060458 ns
[2025-04-26T16:30:08.144+0000][47.328s][debug][safepoint   ] Safepoint synchronization initiated using futex wait barrier. (31 threads)
[2025-04-26T16:30:08.144+0000][47.328s][info ][safepoint   ] Safepoint "Cleanup", Time since last: 1482546029 ns, Reaching safepoint: 275466 ns, Cleanup: 86529 ns, At safepoint: 4971 ns, Total: 366966 ns
[2025-04-26T16:30:08.202+0000][47.386s][debug][safepoint   ] ... found polling page loop exception at pc = 0x000076099d635133, stub =0x000076099c98e400
[2025-04-26T16:30:08.406+0000][47.591s][debug][safepoint   ] Safepoint synchronization initiated using futex wait barrier. (34 threads)
[2025-04-26T16:30:08.407+0000][47.591s][info ][gc,start    ] GC(47) Pause Young (Normal) (G1 Evacuation Pause)
[2025-04-26T16:30:08.407+0000][47.591s][info ][gc,task     ] GC(47) Using 4 workers of 4 for evacuation
[2025-04-26T16:30:08.430+0000][47.615s][info ][gc,phases   ] GC(47)   Pre Evacuate Collection Set: 0.1ms
[2025-04-26T16:30:08.430+0000][47.615s][info ][gc,phases   ] GC(47)   Merge Heap Roots: 0.3ms
[2025-04-26T16:30:08.430+0000][47.615s][info ][gc,phases   ] GC(47)   Evacuate Collection Set: 19.4ms
[2025-04-26T16:30:08.431+0000][47.615s][info ][gc,phases   ] GC(47)   Post Evacuate Collection Set: 3.6ms
[2025-04-26T16:30:08.431+0000][47.615s][info ][gc,phases   ] GC(47)   Other: 0.3ms
[2025-04-26T16:30:08.431+0000][47.615s][info ][gc,heap     ] GC(47) Eden regions: 187->0(182)
[2025-04-26T16:30:08.431+0000][47.615s][info ][gc,heap     ] GC(47) Survivor regions: 9->14(25)
[2025-04-26T16:30:08.431+0000][47.615s][info ][gc,heap     ] GC(47) Old regions: 86->86
[2025-04-26T16:30:08.431+0000][47.615s][info ][gc,heap     ] GC(47) Archive regions: 2->2
[2025-04-26T16:30:08.431+0000][47.616s][info ][gc,heap     ] GC(47) Humongous regions: 0->0
[2025-04-26T16:30:08.431+0000][47.616s][info ][gc,metaspace] GC(47) Metaspace: 107859K(108544K)->107859K(108544K) NonClass: 93857K(94208K)->93857K(94208K) Class: 14001K(14336K)->14001K(14336K)
[2025-04-26T16:30:08.431+0000][47.616s][info ][gc          ] GC(47) Pause Young (Normal) (G1 Evacuation Pause) 281M->100M(333M) 24.650ms
[2025-04-26T16:30:08.431+0000][47.616s][info ][gc,cpu      ] GC(47) User=0.09s Sys=0.00s Real=0.03s
[2025-04-26T16:30:08.431+0000][47.616s][info ][safepoint   ] Safepoint "G1CollectForAllocation", Time since last: 262274351 ns, Reaching safepoint: 202910 ns, Cleanup: 59350 ns, At safepoint: 24971943 ns, Total: 25234203 ns
[2025-04-26T16:30:09.542+0000][48.726s][debug][safepoint   ] Safepoint synchronization initiated using futex wait barrier. (38 threads)
[2025-04-26T16:30:09.542+0000][48.726s][info ][safepoint   ] Safepoint "Cleanup", Time since last: 1110082988 ns, Reaching safepoint: 56824 ns, Cleanup: 94309 ns, At safepoint: 6319 ns, Total: 157452 ns
[2025-04-26T16:30:09.898+0000][49.083s][debug][safepoint   ] Safepoint synchronization initiated using futex wait barrier. (38 threads)
[2025-04-26T16:30:09.899+0000][49.083s][info ][gc,start    ] GC(48) Pause Young (Normal) (G1 Evacuation Pause)
[2025-04-26T16:30:09.899+0000][49.083s][info ][gc,task     ] GC(48) Using 4 workers of 4 for evacuation
[2025-04-26T16:30:09.926+0000][49.111s][info ][gc,phases   ] GC(48)   Pre Evacuate Collection Set: 0.2ms
[2025-04-26T16:30:09.926+0000][49.111s][info ][gc,phases   ] GC(48)   Merge Heap Roots: 0.3ms
[2025-04-26T16:30:09.927+0000][49.111s][info ][gc,phases   ] GC(48)   Evacuate Collection Set: 24.8ms
[2025-04-26T16:30:09.927+0000][49.111s][info ][gc,phases   ] GC(48)   Post Evacuate Collection Set: 2.0ms
[2025-04-26T16:30:09.927+0000][49.111s][info ][gc,phases   ] GC(48)   Other: 0.3ms
[2025-04-26T16:30:09.927+0000][49.111s][info ][gc,heap     ] GC(48) Eden regions: 182->0(178)
[2025-04-26T16:30:09.927+0000][49.111s][info ][gc,heap     ] GC(48) Survivor regions: 14->15(25)
[2025-04-26T16:30:09.927+0000][49.111s][info ][gc,heap     ] GC(48) Old regions: 86->89
[2025-04-26T16:30:09.927+0000][49.111s][info ][gc,heap     ] GC(48) Archive regions: 2->2
[2025-04-26T16:30:09.927+0000][49.112s][info ][gc,heap     ] GC(48) Humongous regions: 0->0
[2025-04-26T16:30:09.927+0000][49.112s][info ][gc,metaspace] GC(48) Metaspace: 111881K(112576K)->111881K(112576K) NonClass: 97442K(97792K)->97442K(97792K) Class: 14439K(14784K)->14439K(14784K)
[2025-04-26T16:30:09.927+0000][49.112s][info ][gc          ] GC(48) Pause Young (Normal) (G1 Evacuation Pause) 282M->104M(333M) 28.455ms
[2025-04-26T16:30:09.927+0000][49.112s][info ][gc,cpu      ] GC(48) User=0.09s Sys=0.00s Real=0.03s
[2025-04-26T16:30:09.931+0000][49.115s][info ][safepoint   ] Safepoint "G1CollectForAllocation", Time since last: 356662698 ns, Reaching safepoint: 212691 ns, Cleanup: 140766 ns, At safepoint: 31815543 ns, Total: 32169000 ns
[2025-04-26T16:30:10.921+0000][50.105s][debug][safepoint   ] Safepoint synchronization initiated using futex wait barrier. (38 threads)
[2025-04-26T16:30:10.921+0000][50.105s][info ][safepoint   ] Safepoint "ICBufferFull", Time since last: 990019653 ns, Reaching safepoint: 60006 ns, Cleanup: 140736 ns, At safepoint: 6343 ns, Total: 207085 ns
[2025-04-26T16:30:11.544+0000][50.729s][debug][safepoint   ] Safepoint synchronization initiated using futex wait barrier. (38 threads)
[2025-04-26T16:30:11.545+0000][50.729s][info ][safepoint   ] Safepoint "ICBufferFull", Time since last: 623687717 ns, Reaching safepoint: 59695 ns, Cleanup: 153415 ns, At safepoint: 8472 ns, Total: 221582 ns
[2025-04-26T16:30:12.295+0000][51.479s][debug][safepoint   ] Safepoint synchronization initiated using futex wait barrier. (41 threads)
[2025-04-26T16:30:12.295+0000][51.479s][info ][gc,start    ] GC(49) Pause Young (Normal) (G1 Evacuation Pause)
[2025-04-26T16:30:12.295+0000][51.479s][info ][gc,task     ] GC(49) Using 4 workers of 4 for evacuation
[2025-04-26T16:30:12.326+0000][51.510s][info ][gc,phases   ] GC(49)   Pre Evacuate Collection Set: 0.1ms
[2025-04-26T16:30:12.326+0000][51.511s][info ][gc,phases   ] GC(49)   Merge Heap Roots: 0.5ms
[2025-04-26T16:30:12.326+0000][51.511s][info ][gc,phases   ] GC(49)   Evacuate Collection Set: 27.0ms
[2025-04-26T16:30:12.326+0000][51.511s][info ][gc,phases   ] GC(49)   Post Evacuate Collection Set: 3.5ms
[2025-04-26T16:30:12.326+0000][51.511s][info ][gc,phases   ] GC(49)   Other: 0.2ms
[2025-04-26T16:30:12.326+0000][51.511s][info ][gc,heap     ] GC(49) Eden regions: 178->0(174)
[2025-04-26T16:30:12.326+0000][51.511s][info ][gc,heap     ] GC(49) Survivor regions: 15->16(25)
[2025-04-26T16:30:12.326+0000][51.511s][info ][gc,heap     ] GC(49) Old regions: 89->91
[2025-04-26T16:30:12.326+0000][51.511s][info ][gc,heap     ] GC(49) Archive regions: 2->2
[2025-04-26T16:30:12.326+0000][51.511s][info ][gc,heap     ] GC(49) Humongous regions: 0->0
[2025-04-26T16:30:12.326+0000][51.511s][info ][gc,metaspace] GC(49) Metaspace: 118639K(119424K)->118639K(119424K) NonClass: 103500K(103936K)->103500K(103936K) Class: 15138K(15488K)->15138K(15488K)
[2025-04-26T16:30:12.326+0000][51.511s][info ][gc          ] GC(49) Pause Young (Normal) (G1 Evacuation Pause) 282M->107M(333M) 31.420ms
[2025-04-26T16:30:12.326+0000][51.511s][info ][gc,cpu      ] GC(49) User=0.10s Sys=0.00s Real=0.03s
[2025-04-26T16:30:12.326+0000][51.511s][info ][safepoint   ] Safepoint "G1CollectForAllocation", Time since last: 749909342 ns, Reaching safepoint: 46360 ns, Cleanup: 76372 ns, At safepoint: 31729239 ns, Total: 31851971 ns
[2025-04-26T16:30:13.642+0000][52.827s][debug][safepoint   ] Safepoint synchronization initiated using futex wait barrier. (49 threads)
[2025-04-26T16:30:13.643+0000][52.827s][info ][safepoint   ] Safepoint "Cleanup", Time since last: 1315933904 ns, Reaching safepoint: 296220 ns, Cleanup: 85213 ns, At safepoint: 3760 ns, Total: 385193 ns
[2025-04-26T16:30:14.503+0000][53.687s][debug][safepoint   ] Safepoint synchronization initiated using futex wait barrier. (48 threads)
[2025-04-26T16:30:14.503+0000][53.687s][info ][gc,start    ] GC(50) Pause Young (Normal) (G1 Evacuation Pause)
[2025-04-26T16:30:14.503+0000][53.687s][info ][gc,task     ] GC(50) Using 4 workers of 4 for evacuation
[2025-04-26T16:30:14.560+0000][53.744s][info ][gc,phases   ] GC(50)   Pre Evacuate Collection Set: 0.1ms
[2025-04-26T16:30:14.560+0000][53.744s][info ][gc,phases   ] GC(50)   Merge Heap Roots: 1.1ms
[2025-04-26T16:30:14.560+0000][53.745s][info ][gc,phases   ] GC(50)   Evacuate Collection Set: 52.1ms
[2025-04-26T16:30:14.560+0000][53.745s][info ][gc,phases   ] GC(50)   Post Evacuate Collection Set: 3.4ms
[2025-04-26T16:30:14.560+0000][53.745s][info ][gc,phases   ] GC(50)   Other: 0.1ms
[2025-04-26T16:30:14.560+0000][53.745s][info ][gc,heap     ] GC(50) Eden regions: 174->0(167)
[2025-04-26T16:30:14.560+0000][53.745s][info ][gc,heap     ] GC(50) Survivor regions: 16->18(24)
[2025-04-26T16:30:14.560+0000][53.745s][info ][gc,heap     ] GC(50) Old regions: 91->94
[2025-04-26T16:30:14.560+0000][53.745s][info ][gc,heap     ] GC(50) Archive regions: 2->2
[2025-04-26T16:30:14.560+0000][53.745s][info ][gc,heap     ] GC(50) Humongous regions: 1->0
[2025-04-26T16:30:14.561+0000][53.746s][info ][gc,metaspace] GC(50) Metaspace: 127598K(128576K)->127598K(128576K) NonClass: 111498K(112000K)->111498K(112000K) Class: 16099K(16576K)->16099K(16576K)
[2025-04-26T16:30:14.561+0000][53.746s][info ][gc          ] GC(50) Pause Young (Normal) (G1 Evacuation Pause) 282M->112M(333M) 58.626ms
[2025-04-26T16:30:14.561+0000][53.746s][info ][gc,cpu      ] GC(50) User=0.14s Sys=0.00s Real=0.06s
[2025-04-26T16:30:14.562+0000][53.746s][info ][safepoint   ] Safepoint "G1CollectForAllocation", Time since last: 859877054 ns, Reaching safepoint: 57927 ns, Cleanup: 104669 ns, At safepoint: 58836136 ns, Total: 58998732 ns
[2025-04-26T16:30:15.564+0000][54.749s][debug][safepoint   ] Safepoint synchronization initiated using futex wait barrier. (49 threads)
[2025-04-26T16:30:15.564+0000][54.749s][info ][safepoint   ] Safepoint "Cleanup", Time since last: 1002598622 ns, Reaching safepoint: 216561 ns, Cleanup: 45578 ns, At safepoint: 4064 ns, Total: 266203 ns
[2025-04-26T16:30:16.333+0000][55.518s][debug][safepoint   ] Safepoint synchronization initiated using futex wait barrier. (49 threads)
[2025-04-26T16:30:16.333+0000][55.518s][info ][gc,start    ] GC(51) Pause Young (Normal) (G1 Evacuation Pause)
[2025-04-26T16:30:16.333+0000][55.518s][info ][gc,task     ] GC(51) Using 4 workers of 4 for evacuation
[2025-04-26T16:30:16.375+0000][55.559s][info ][gc,phases   ] GC(51)   Pre Evacuate Collection Set: 0.1ms
[2025-04-26T16:30:16.375+0000][55.560s][info ][gc,phases   ] GC(51)   Merge Heap Roots: 0.2ms
[2025-04-26T16:30:16.375+0000][55.560s][info ][gc,phases   ] GC(51)   Evacuate Collection Set: 37.8ms
[2025-04-26T16:30:16.375+0000][55.560s][info ][gc,phases   ] GC(51)   Post Evacuate Collection Set: 3.5ms
[2025-04-26T16:30:16.375+0000][55.560s][info ][gc,phases   ] GC(51)   Other: 0.1ms
[2025-04-26T16:30:16.375+0000][55.560s][info ][gc,heap     ] GC(51) Eden regions: 167->0(168)
[2025-04-26T16:30:16.375+0000][55.560s][info ][gc,heap     ] GC(51) Survivor regions: 18->14(24)
[2025-04-26T16:30:16.375+0000][55.560s][info ][gc,heap     ] GC(51) Old regions: 94->101
[2025-04-26T16:30:16.375+0000][55.560s][info ][gc,heap     ] GC(51) Archive regions: 2->2
[2025-04-26T16:30:16.375+0000][55.560s][info ][gc,heap     ] GC(51) Humongous regions: 0->0
[2025-04-26T16:30:16.375+0000][55.560s][info ][gc,metaspace] GC(51) Metaspace: 129317K(130368K)->129317K(130368K) NonClass: 113012K(113536K)->113012K(113536K) Class: 16305K(16832K)->16305K(16832K)
[2025-04-26T16:30:16.375+0000][55.560s][info ][gc          ] GC(51) Pause Young (Normal) (G1 Evacuation Pause) 279M->115M(333M) 41.872ms
[2025-04-26T16:30:16.375+0000][55.560s][info ][gc,cpu      ] GC(51) User=0.11s Sys=0.01s Real=0.04s
[2025-04-26T16:30:16.375+0000][55.560s][info ][safepoint   ] Safepoint "G1CollectForAllocation", Time since last: 768553390 ns, Reaching safepoint: 127036 ns, Cleanup: 56205 ns, At safepoint: 42038377 ns, Total: 42221618 ns
[2025-04-26T16:30:17.375+0000][56.560s][debug][safepoint   ] Safepoint synchronization initiated using futex wait barrier. (52 threads)
[2025-04-26T16:30:17.375+0000][56.560s][debug][safepoint   ] ... found polling page loop exception at pc = 0x000076099cf71d6e, stub =0x000076099c98e400
[2025-04-26T16:30:17.376+0000][56.560s][info ][safepoint   ] Safepoint "Cleanup", Time since last: 1000099568 ns, Reaching safepoint: 130731 ns, Cleanup: 45446 ns, At safepoint: 7283 ns, Total: 183460 ns
[2025-04-26T16:30:17.555+0000][56.739s][debug][safepoint   ] Safepoint synchronization initiated using futex wait barrier. (52 threads)
[2025-04-26T16:30:17.555+0000][56.740s][info ][gc,start    ] GC(52) Pause Young (Normal) (G1 Evacuation Pause)
[2025-04-26T16:30:17.555+0000][56.740s][info ][gc,task     ] GC(52) Using 4 workers of 4 for evacuation
[2025-04-26T16:30:17.581+0000][56.765s][info ][gc,phases   ] GC(52)   Pre Evacuate Collection Set: 0.1ms
[2025-04-26T16:30:17.581+0000][56.765s][info ][gc,phases   ] GC(52)   Merge Heap Roots: 0.1ms
[2025-04-26T16:30:17.581+0000][56.765s][info ][gc,phases   ] GC(52)   Evacuate Collection Set: 23.1ms
[2025-04-26T16:30:17.581+0000][56.765s][info ][gc,phases   ] GC(52)   Post Evacuate Collection Set: 2.2ms
[2025-04-26T16:30:17.581+0000][56.765s][info ][gc,phases   ] GC(52)   Other: 0.1ms
[2025-04-26T16:30:17.581+0000][56.765s][info ][gc,heap     ] GC(52) Eden regions: 168->0(166)
[2025-04-26T16:30:17.581+0000][56.765s][info ][gc,heap     ] GC(52) Survivor regions: 14->12(23)
[2025-04-26T16:30:17.581+0000][56.765s][info ][gc,heap     ] GC(52) Old regions: 101->106
[2025-04-26T16:30:17.581+0000][56.765s][info ][gc,heap     ] GC(52) Archive regions: 2->2
[2025-04-26T16:30:17.581+0000][56.765s][info ][gc,heap     ] GC(52) Humongous regions: 0->0
[2025-04-26T16:30:17.581+0000][56.765s][info ][gc,metaspace] GC(52) Metaspace: 133688K(134720K)->133688K(134720K) NonClass: 116860K(117376K)->116860K(117376K) Class: 16828K(17344K)->16828K(17344K)
[2025-04-26T16:30:17.581+0000][56.765s][info ][gc          ] GC(52) Pause Young (Normal) (G1 Evacuation Pause) 283M->118M(333M) 25.896ms
[2025-04-26T16:30:17.581+0000][56.765s][info ][gc,cpu      ] GC(52) User=0.07s Sys=0.01s Real=0.03s
[2025-04-26T16:30:17.581+0000][56.766s][info ][safepoint   ] Safepoint "G1CollectForAllocation", Time since last: 179396731 ns, Reaching safepoint: 42742 ns, Cleanup: 6273 ns, At safepoint: 26019183 ns, Total: 26068198 ns
[2025-04-26T16:30:18.581+0000][57.766s][debug][safepoint   ] Safepoint synchronization initiated using futex wait barrier. (53 threads)
[2025-04-26T16:30:18.581+0000][57.766s][info ][safepoint   ] Safepoint "Cleanup", Time since last: 1000101996 ns, Reaching safepoint: 144140 ns, Cleanup: 39018 ns, At safepoint: 6813 ns, Total: 189971 ns
[2025-04-26T16:30:18.746+0000][57.930s][debug][safepoint   ] Safepoint synchronization initiated using futex wait barrier. (53 threads)
[2025-04-26T16:30:18.746+0000][57.931s][info ][gc,start    ] GC(53) Pause Young (Normal) (G1 Evacuation Pause)
[2025-04-26T16:30:18.746+0000][57.931s][info ][gc,task     ] GC(53) Using 4 workers of 4 for evacuation
[2025-04-26T16:30:18.793+0000][57.977s][info ][gc,phases   ] GC(53)   Pre Evacuate Collection Set: 0.1ms
[2025-04-26T16:30:18.793+0000][57.977s][info ][gc,phases   ] GC(53)   Merge Heap Roots: 0.3ms
[2025-04-26T16:30:18.793+0000][57.978s][info ][gc,phases   ] GC(53)   Evacuate Collection Set: 42.4ms
[2025-04-26T16:30:18.793+0000][57.978s][info ][gc,phases   ] GC(53)   Post Evacuate Collection Set: 3.8ms
[2025-04-26T16:30:18.793+0000][57.978s][info ][gc,phases   ] GC(53)   Other: 0.3ms
[2025-04-26T16:30:18.793+0000][57.978s][info ][gc,heap     ] GC(53) Eden regions: 166->0(157)
[2025-04-26T16:30:18.793+0000][57.978s][info ][gc,heap     ] GC(53) Survivor regions: 12->17(23)
[2025-04-26T16:30:18.793+0000][57.978s][info ][gc,heap     ] GC(53) Old regions: 106->106
[2025-04-26T16:30:18.793+0000][57.978s][info ][gc,heap     ] GC(53) Archive regions: 2->2
[2025-04-26T16:30:18.793+0000][57.978s][info ][gc,heap     ] GC(53) Humongous regions: 0->0
[2025-04-26T16:30:18.793+0000][57.978s][info ][gc,metaspace] GC(53) Metaspace: 137084K(138176K)->137084K(138176K) NonClass: 120005K(120576K)->120005K(120576K) Class: 17078K(17600K)->17078K(17600K)
[2025-04-26T16:30:18.793+0000][57.978s][info ][gc          ] GC(53) Pause Young (Normal) (G1 Evacuation Pause) 284M->122M(333M) 47.041ms
[2025-04-26T16:30:18.793+0000][57.978s][info ][gc,cpu      ] GC(53) User=0.10s Sys=0.00s Real=0.05s
[2025-04-26T16:30:18.793+0000][57.978s][info ][safepoint   ] Safepoint "G1CollectForAllocation", Time since last: 164428798 ns, Reaching safepoint: 239723 ns, Cleanup: 18641 ns, At safepoint: 47166429 ns, Total: 47424793 ns
[2025-04-26T16:30:19.850+0000][59.035s][debug][safepoint   ] Safepoint synchronization initiated using futex wait barrier. (57 threads)
[2025-04-26T16:30:19.850+0000][59.035s][info ][gc,start    ] GC(54) Pause Young (Normal) (G1 Evacuation Pause)
[2025-04-26T16:30:19.850+0000][59.035s][info ][gc,task     ] GC(54) Using 4 workers of 4 for evacuation
[2025-04-26T16:30:19.877+0000][59.062s][info ][gc,phases   ] GC(54)   Pre Evacuate Collection Set: 0.2ms
[2025-04-26T16:30:19.877+0000][59.062s][info ][gc,phases   ] GC(54)   Merge Heap Roots: 0.2ms
[2025-04-26T16:30:19.877+0000][59.062s][info ][gc,phases   ] GC(54)   Evacuate Collection Set: 24.1ms
[2025-04-26T16:30:19.877+0000][59.062s][info ][gc,phases   ] GC(54)   Post Evacuate Collection Set: 2.0ms
[2025-04-26T16:30:19.877+0000][59.062s][info ][gc,phases   ] GC(54)   Other: 0.3ms
[2025-04-26T16:30:19.877+0000][59.062s][info ][gc,heap     ] GC(54) Eden regions: 157->0(152)
[2025-04-26T16:30:19.877+0000][59.062s][info ][gc,heap     ] GC(54) Survivor regions: 17->17(22)
[2025-04-26T16:30:19.877+0000][59.062s][info ][gc,heap     ] GC(54) Old regions: 106->111
[2025-04-26T16:30:19.877+0000][59.062s][info ][gc,heap     ] GC(54) Archive regions: 2->2
[2025-04-26T16:30:19.877+0000][59.062s][info ][gc,heap     ] GC(54) Humongous regions: 0->0
[2025-04-26T16:30:19.877+0000][59.062s][info ][gc,metaspace] GC(54) Metaspace: 139939K(140992K)->139939K(140992K) NonClass: 122693K(123264K)->122693K(123264K) Class: 17246K(17728K)->17246K(17728K)
[2025-04-26T16:30:19.877+0000][59.062s][info ][gc          ] GC(54) Pause Young (Normal) (G1 Evacuation Pause) 279M->128M(333M) 26.871ms
[2025-04-26T16:30:19.877+0000][59.062s][info ][gc,cpu      ] GC(54) User=0.08s Sys=0.00s Real=0.02s
[2025-04-26T16:30:19.877+0000][59.062s][info ][safepoint   ] Safepoint "G1CollectForAllocation", Time since last: 1057030067 ns, Reaching safepoint: 156741 ns, Cleanup: 48913 ns, At safepoint: 26942857 ns, Total: 27148511 ns
[2025-04-26T16:30:20.970+0000][60.154s][debug][safepoint   ] Safepoint synchronization initiated using futex wait barrier. (58 threads)
[2025-04-26T16:30:20.970+0000][60.155s][info ][gc,start    ] GC(55) Pause Young (Normal) (G1 Evacuation Pause)
[2025-04-26T16:30:20.970+0000][60.155s][info ][gc,task     ] GC(55) Using 4 workers of 4 for evacuation
[2025-04-26T16:30:21.015+0000][60.199s][info ][gc,phases   ] GC(55)   Pre Evacuate Collection Set: 0.2ms
[2025-04-26T16:30:21.015+0000][60.200s][info ][gc,phases   ] GC(55)   Merge Heap Roots: 0.3ms
[2025-04-26T16:30:21.015+0000][60.200s][info ][gc,phases   ] GC(55)   Evacuate Collection Set: 39.4ms
[2025-04-26T16:30:21.015+0000][60.200s][info ][gc,phases   ] GC(55)   Post Evacuate Collection Set: 4.2ms
[2025-04-26T16:30:21.015+0000][60.200s][info ][gc,phases   ] GC(55)   Other: 0.9ms
[2025-04-26T16:30:21.015+0000][60.200s][info ][gc,heap     ] GC(55) Eden regions: 152->0(146)
[2025-04-26T16:30:21.015+0000][60.200s][info ][gc,heap     ] GC(55) Survivor regions: 17->17(22)
[2025-04-26T16:30:21.015+0000][60.200s][info ][gc,heap     ] GC(55) Old regions: 111->117
[2025-04-26T16:30:21.015+0000][60.200s][info ][gc,heap     ] GC(55) Archive regions: 2->2
[2025-04-26T16:30:21.015+0000][60.200s][info ][gc,heap     ] GC(55) Humongous regions: 0->0
[2025-04-26T16:30:21.015+0000][60.200s][info ][gc,metaspace] GC(55) Metaspace: 144170K(145216K)->144170K(145216K) NonClass: 126609K(127168K)->126609K(127168K) Class: 17560K(18048K)->17560K(18048K)
[2025-04-26T16:30:21.015+0000][60.200s][info ][gc          ] GC(55) Pause Young (Normal) (G1 Evacuation Pause) 280M->133M(333M) 45.305ms
[2025-04-26T16:30:21.015+0000][60.200s][info ][gc,cpu      ] GC(55) User=0.12s Sys=0.00s Real=0.04s
[2025-04-26T16:30:21.016+0000][60.201s][info ][safepoint   ] Safepoint "G1CollectForAllocation", Time since last: 1092332823 ns, Reaching safepoint: 239636 ns, Cleanup: 53465 ns, At safepoint: 46012323 ns, Total: 46305424 ns
[2025-04-26T16:30:21.723+0000][60.907s][info ][cds,heap    ] initialize_from_archived_subgraph jdk.internal.math.FDBigInteger 0x000076093314dd00
[2025-04-26T16:30:21.907+0000][61.091s][debug][safepoint   ] Safepoint synchronization initiated using futex wait barrier. (63 threads)
[2025-04-26T16:30:21.907+0000][61.092s][info ][gc,start    ] GC(56) Pause Young (Concurrent Start) (Metadata GC Threshold)
[2025-04-26T16:30:21.907+0000][61.092s][info ][gc,task     ] GC(56) Using 4 workers of 4 for evacuation
[2025-04-26T16:30:21.931+0000][61.116s][info ][gc,phases   ] GC(56)   Pre Evacuate Collection Set: 0.3ms
[2025-04-26T16:30:21.931+0000][61.116s][info ][gc,phases   ] GC(56)   Merge Heap Roots: 0.4ms
[2025-04-26T16:30:21.931+0000][61.116s][info ][gc,phases   ] GC(56)   Evacuate Collection Set: 21.6ms
[2025-04-26T16:30:21.931+0000][61.116s][info ][gc,phases   ] GC(56)   Post Evacuate Collection Set: 1.8ms
[2025-04-26T16:30:21.931+0000][61.116s][info ][gc,phases   ] GC(56)   Other: 0.2ms
[2025-04-26T16:30:21.932+0000][61.116s][info ][gc,heap     ] GC(56) Eden regions: 88->0(149)
[2025-04-26T16:30:21.932+0000][61.116s][info ][gc,heap     ] GC(56) Survivor regions: 17->8(21)
[2025-04-26T16:30:21.932+0000][61.116s][info ][gc,heap     ] GC(56) Old regions: 117->127
[2025-04-26T16:30:21.932+0000][61.116s][info ][gc,heap     ] GC(56) Archive regions: 2->2
[2025-04-26T16:30:21.932+0000][61.116s][info ][gc,heap     ] GC(56) Humongous regions: 0->0
[2025-04-26T16:30:21.932+0000][61.116s][info ][gc,metaspace] GC(56) Metaspace: 147773K(148800K)->147773K(148800K) NonClass: 129787K(130304K)->129787K(130304K) Class: 17985K(18496K)->17985K(18496K)
[2025-04-26T16:30:21.932+0000][61.116s][info ][gc          ] GC(56) Pause Young (Concurrent Start) (Metadata GC Threshold) 221M->135M(333M) 24.431ms
[2025-04-26T16:30:21.932+0000][61.116s][info ][gc,cpu      ] GC(56) User=0.08s Sys=0.00s Real=0.03s
[2025-04-26T16:30:21.932+0000][61.116s][info ][gc          ] GC(57) Concurrent Mark Cycle
[2025-04-26T16:30:21.932+0000][61.116s][info ][gc,marking  ] GC(57) Concurrent Clear Claimed Marks
[2025-04-26T16:30:21.932+0000][61.116s][info ][safepoint   ] Safepoint "CollectForMetadataAllocation", Time since last: 890611781 ns, Reaching safepoint: 353181 ns, Cleanup: 195339 ns, At safepoint: 24614496 ns, Total: 25163016 ns
[2025-04-26T16:30:21.932+0000][61.116s][info ][gc,marking  ] GC(57) Concurrent Clear Claimed Marks 0.134ms
[2025-04-26T16:30:21.932+0000][61.116s][info ][gc,marking  ] GC(57) Concurrent Scan Root Regions
[2025-04-26T16:30:21.956+0000][61.141s][info ][gc,marking  ] GC(57) Concurrent Scan Root Regions 24.600ms
[2025-04-26T16:30:21.957+0000][61.141s][info ][gc,marking  ] GC(57) Concurrent Mark
[2025-04-26T16:30:21.957+0000][61.141s][info ][gc,marking  ] GC(57) Concurrent Mark From Roots
[2025-04-26T16:30:21.957+0000][61.141s][info ][gc,task     ] GC(57) Using 1 workers of 1 for marking
[2025-04-26T16:30:22.164+0000][61.349s][debug][safepoint   ] Safepoint synchronization initiated using futex wait barrier. (63 threads)
[2025-04-26T16:30:22.164+0000][61.349s][info ][safepoint   ] Safepoint "CollectForMetadataAllocation", Time since last: 232466129 ns, Reaching safepoint: 99516 ns, Cleanup: 49274 ns, At safepoint: 38582 ns, Total: 187372 ns
[2025-04-26T16:30:22.248+0000][61.432s][info ][gc,marking  ] GC(57) Concurrent Mark From Roots 291.182ms
[2025-04-26T16:30:22.248+0000][61.433s][info ][gc,marking  ] GC(57) Concurrent Preclean
[2025-04-26T16:30:22.249+0000][61.433s][info ][gc,marking  ] GC(57) Concurrent Preclean 0.699ms
[2025-04-26T16:30:22.249+0000][61.434s][debug][safepoint   ] Safepoint synchronization initiated using futex wait barrier. (63 threads)
[2025-04-26T16:30:22.249+0000][61.434s][info ][gc,start    ] GC(57) Pause Remark
[2025-04-26T16:30:22.262+0000][61.446s][info ][gc          ] GC(57) Pause Remark 168M->168M(333M) 12.379ms
[2025-04-26T16:30:22.262+0000][61.446s][info ][gc,cpu      ] GC(57) User=0.03s Sys=0.00s Real=0.02s
[2025-04-26T16:30:22.262+0000][61.446s][info ][safepoint   ] Safepoint "G1PauseRemark", Time since last: 84743207 ns, Reaching safepoint: 158963 ns, Cleanup: 7764 ns, At safepoint: 12499439 ns, Total: 12666166 ns
[2025-04-26T16:30:22.262+0000][61.446s][info ][gc,marking  ] GC(57) Concurrent Mark 305.364ms
[2025-04-26T16:30:22.262+0000][61.447s][info ][gc,marking  ] GC(57) Concurrent Rebuild Remembered Sets
[2025-04-26T16:30:22.446+0000][61.630s][info ][gc,marking  ] GC(57) Concurrent Rebuild Remembered Sets 183.711ms
[2025-04-26T16:30:22.446+0000][61.630s][debug][safepoint   ] Safepoint synchronization initiated using futex wait barrier. (76 threads)
[2025-04-26T16:30:22.446+0000][61.630s][info ][gc,start    ] GC(57) Pause Cleanup
[2025-04-26T16:30:22.446+0000][61.631s][info ][gc          ] GC(57) Pause Cleanup 190M->190M(333M) 0.162ms
[2025-04-26T16:30:22.446+0000][61.631s][info ][gc,cpu      ] GC(57) User=0.00s Sys=0.00s Real=0.00s
[2025-04-26T16:30:22.446+0000][61.631s][info ][safepoint   ] Safepoint "G1PauseCleanup", Time since last: 184011287 ns, Reaching safepoint: 31718 ns, Cleanup: 12758 ns, At safepoint: 215038 ns, Total: 259514 ns
[2025-04-26T16:30:22.446+0000][61.631s][info ][gc,marking  ] GC(57) Concurrent Cleanup for Next Mark
[2025-04-26T16:30:22.447+0000][61.632s][info ][gc,marking  ] GC(57) Concurrent Cleanup for Next Mark 1.283ms
[2025-04-26T16:30:22.447+0000][61.632s][info ][gc          ] GC(57) Concurrent Mark Cycle 515.806ms
[2025-04-26T16:30:23.003+0000][62.187s][debug][safepoint   ] Safepoint synchronization initiated using futex wait barrier. (77 threads)
[2025-04-26T16:30:23.003+0000][62.187s][info ][gc,start    ] GC(58) Pause Young (Prepare Mixed) (G1 Evacuation Pause)
[2025-04-26T16:30:23.003+0000][62.188s][info ][gc,task     ] GC(58) Using 4 workers of 4 for evacuation
[2025-04-26T16:30:23.031+0000][62.215s][info ][gc,phases   ] GC(58)   Pre Evacuate Collection Set: 0.1ms
[2025-04-26T16:30:23.031+0000][62.215s][info ][gc,phases   ] GC(58)   Merge Heap Roots: 0.2ms
[2025-04-26T16:30:23.031+0000][62.215s][info ][gc,phases   ] GC(58)   Evacuate Collection Set: 25.5ms
[2025-04-26T16:30:23.031+0000][62.215s][info ][gc,phases   ] GC(58)   Post Evacuate Collection Set: 1.7ms
[2025-04-26T16:30:23.031+0000][62.215s][info ][gc,phases   ] GC(58)   Other: 0.1ms
[2025-04-26T16:30:23.031+0000][62.215s][info ][gc,heap     ] GC(58) Eden regions: 149->0(6)
[2025-04-26T16:30:23.031+0000][62.215s][info ][gc,heap     ] GC(58) Survivor regions: 8->10(20)
[2025-04-26T16:30:23.031+0000][62.215s][info ][gc,heap     ] GC(58) Old regions: 127->127
[2025-04-26T16:30:23.031+0000][62.215s][info ][gc,heap     ] GC(58) Archive regions: 2->2
[2025-04-26T16:30:23.031+0000][62.215s][info ][gc,heap     ] GC(58) Humongous regions: 0->0
[2025-04-26T16:30:23.031+0000][62.215s][info ][gc,metaspace] GC(58) Metaspace: 150024K(151104K)->150024K(151104K) NonClass: 131728K(132288K)->131728K(132288K) Class: 18296K(18816K)->18296K(18816K)
[2025-04-26T16:30:23.031+0000][62.215s][info ][gc          ] GC(58) Pause Young (Prepare Mixed) (G1 Evacuation Pause) 284M->137M(333M) 27.830ms
[2025-04-26T16:30:23.031+0000][62.215s][info ][gc,cpu      ] GC(58) User=0.10s Sys=0.00s Real=0.03s
[2025-04-26T16:30:23.031+0000][62.215s][info ][safepoint   ] Safepoint "G1CollectForAllocation", Time since last: 556766525 ns, Reaching safepoint: 50306 ns, Cleanup: 35259 ns, At safepoint: 27912604 ns, Total: 27998169 ns
[2025-04-26T16:30:23.056+0000][62.240s][debug][safepoint   ] Safepoint synchronization initiated using futex wait barrier. (77 threads)
[2025-04-26T16:30:23.056+0000][62.240s][info ][gc,start    ] GC(59) Pause Young (Mixed) (G1 Evacuation Pause)
[2025-04-26T16:30:23.056+0000][62.240s][info ][gc,task     ] GC(59) Using 4 workers of 4 for evacuation
[2025-04-26T16:30:23.072+0000][62.256s][info ][gc,phases   ] GC(59)   Pre Evacuate Collection Set: 0.1ms
[2025-04-26T16:30:23.072+0000][62.256s][info ][gc,phases   ] GC(59)   Merge Heap Roots: 0.2ms
[2025-04-26T16:30:23.072+0000][62.256s][info ][gc,phases   ] GC(59)   Evacuate Collection Set: 13.9ms
[2025-04-26T16:30:23.072+0000][62.256s][info ][gc,phases   ] GC(59)   Post Evacuate Collection Set: 1.5ms
[2025-04-26T16:30:23.072+0000][62.256s][info ][gc,phases   ] GC(59)   Other: 0.1ms
[2025-04-26T16:30:23.072+0000][62.256s][info ][gc,heap     ] GC(59) Eden regions: 6->0(149)
[2025-04-26T16:30:23.072+0000][62.256s][info ][gc,heap     ] GC(59) Survivor regions: 10->2(2)
[2025-04-26T16:30:23.072+0000][62.256s][info ][gc,heap     ] GC(59) Old regions: 127->134
[2025-04-26T16:30:23.072+0000][62.256s][info ][gc,heap     ] GC(59) Archive regions: 2->2
[2025-04-26T16:30:23.072+0000][62.256s][info ][gc,heap     ] GC(59) Humongous regions: 0->0
[2025-04-26T16:30:23.072+0000][62.256s][info ][gc,metaspace] GC(59) Metaspace: 150068K(151168K)->150068K(151168K) NonClass: 131765K(132352K)->131765K(132352K) Class: 18303K(18816K)->18303K(18816K)
[2025-04-26T16:30:23.072+0000][62.256s][info ][gc          ] GC(59) Pause Young (Mixed) (G1 Evacuation Pause) 143M->136M(333M) 15.899ms
[2025-04-26T16:30:23.072+0000][62.256s][info ][gc,cpu      ] GC(59) User=0.06s Sys=0.00s Real=0.02s
[2025-04-26T16:30:23.072+0000][62.256s][info ][safepoint   ] Safepoint "G1CollectForAllocation", Time since last: 25014210 ns, Reaching safepoint: 50486 ns, Cleanup: 5484 ns, At safepoint: 15973309 ns, Total: 16029279 ns
[2025-04-26T16:30:23.887+0000][63.072s][debug][safepoint   ] Safepoint synchronization initiated using futex wait barrier. (77 threads)
[2025-04-26T16:30:23.887+0000][63.072s][info ][gc,start    ] GC(60) Pause Young (Concurrent Start) (G1 Evacuation Pause)
[2025-04-26T16:30:23.887+0000][63.072s][info ][gc,task     ] GC(60) Using 4 workers of 4 for evacuation
[2025-04-26T16:30:23.909+0000][63.094s][info ][gc,phases   ] GC(60)   Pre Evacuate Collection Set: 0.3ms
[2025-04-26T16:30:23.909+0000][63.094s][info ][gc,phases   ] GC(60)   Merge Heap Roots: 0.1ms
[2025-04-26T16:30:23.909+0000][63.094s][info ][gc,phases   ] GC(60)   Evacuate Collection Set: 14.5ms
[2025-04-26T16:30:23.909+0000][63.094s][info ][gc,phases   ] GC(60)   Post Evacuate Collection Set: 6.8ms
[2025-04-26T16:30:23.909+0000][63.094s][info ][gc,phases   ] GC(60)   Other: 0.2ms
[2025-04-26T16:30:23.909+0000][63.094s][info ][gc,heap     ] GC(60) Eden regions: 149->0(389)
[2025-04-26T16:30:23.909+0000][63.094s][info ][gc,heap     ] GC(60) Survivor regions: 2->5(19)
[2025-04-26T16:30:23.909+0000][63.094s][info ][gc,heap     ] GC(60) Old regions: 134->134
[2025-04-26T16:30:23.909+0000][63.094s][info ][gc,heap     ] GC(60) Archive regions: 2->2
[2025-04-26T16:30:23.909+0000][63.094s][info ][gc,heap     ] GC(60) Humongous regions: 0->0
[2025-04-26T16:30:23.909+0000][63.094s][info ][gc,metaspace] GC(60) Metaspace: 151840K(152960K)->151840K(152960K) NonClass: 133300K(133888K)->133300K(133888K) Class: 18539K(19072K)->18539K(19072K)
[2025-04-26T16:30:23.909+0000][63.094s][info ][gc          ] GC(60) Pause Young (Concurrent Start) (G1 Evacuation Pause) 285M->139M(658M) 22.097ms
[2025-04-26T16:30:23.909+0000][63.094s][info ][gc,cpu      ] GC(60) User=0.05s Sys=0.00s Real=0.02s
[2025-04-26T16:30:23.909+0000][63.094s][info ][safepoint   ] Safepoint "G1CollectForAllocation", Time since last: 815097792 ns, Reaching safepoint: 110315 ns, Cleanup: 94792 ns, At safepoint: 22221436 ns, Total: 22426543 ns
[2025-04-26T16:30:23.909+0000][63.094s][info ][gc          ] GC(61) Concurrent Mark Cycle
[2025-04-26T16:30:23.909+0000][63.094s][info ][gc,marking  ] GC(61) Concurrent Clear Claimed Marks
[2025-04-26T16:30:23.910+0000][63.094s][info ][gc,marking  ] GC(61) Concurrent Clear Claimed Marks 0.123ms
[2025-04-26T16:30:23.910+0000][63.094s][info ][gc,marking  ] GC(61) Concurrent Scan Root Regions
[2025-04-26T16:30:23.918+0000][63.102s][info ][gc,marking  ] GC(61) Concurrent Scan Root Regions 7.984ms
[2025-04-26T16:30:23.918+0000][63.102s][info ][gc,marking  ] GC(61) Concurrent Mark
[2025-04-26T16:30:23.918+0000][63.102s][info ][gc,marking  ] GC(61) Concurrent Mark From Roots
[2025-04-26T16:30:23.918+0000][63.102s][info ][gc,task     ] GC(61) Using 1 workers of 1 for marking
[2025-04-26T16:30:24.384+0000][63.569s][info ][gc,marking  ] GC(61) Concurrent Mark From Roots 466.392ms
[2025-04-26T16:30:24.384+0000][63.569s][info ][gc,marking  ] GC(61) Concurrent Preclean
[2025-04-26T16:30:24.384+0000][63.569s][info ][gc,marking  ] GC(61) Concurrent Preclean 0.356ms
[2025-04-26T16:30:24.385+0000][63.569s][debug][safepoint   ] Safepoint synchronization initiated using futex wait barrier. (77 threads)
[2025-04-26T16:30:24.385+0000][63.569s][debug][safepoint   ] ... found polling page loop exception at pc = 0x000076099cf71d6e, stub =0x000076099c98e400
[2025-04-26T16:30:24.385+0000][63.569s][info ][gc,start    ] GC(61) Pause Remark
[2025-04-26T16:30:24.394+0000][63.578s][info ][gc          ] GC(61) Pause Remark 195M->195M(657M) 8.922ms
[2025-04-26T16:30:24.394+0000][63.578s][info ][gc,cpu      ] GC(61) User=0.04s Sys=0.00s Real=0.01s
[2025-04-26T16:30:24.394+0000][63.578s][info ][safepoint   ] Safepoint "G1PauseRemark", Time since last: 475132570 ns, Reaching safepoint: 115477 ns, Cleanup: 48841 ns, At safepoint: 9021744 ns, Total: 9186062 ns
[2025-04-26T16:30:24.394+0000][63.579s][info ][gc,marking  ] GC(61) Concurrent Mark 476.344ms
[2025-04-26T16:30:24.394+0000][63.579s][info ][gc,marking  ] GC(61) Concurrent Rebuild Remembered Sets
[2025-04-26T16:30:24.589+0000][63.773s][info ][gc,marking  ] GC(61) Concurrent Rebuild Remembered Sets 194.609ms
[2025-04-26T16:30:24.589+0000][63.774s][debug][safepoint   ] Safepoint synchronization initiated using futex wait barrier. (77 threads)
[2025-04-26T16:30:24.589+0000][63.774s][debug][safepoint   ] ... found polling page loop exception at pc = 0x000076099d0bdf22, stub =0x000076099c98e400
[2025-04-26T16:30:24.589+0000][63.774s][info ][gc,start    ] GC(61) Pause Cleanup
[2025-04-26T16:30:24.590+0000][63.774s][info ][gc          ] GC(61) Pause Cleanup 220M->220M(657M) 0.396ms
[2025-04-26T16:30:24.590+0000][63.774s][info ][gc,cpu      ] GC(61) User=0.00s Sys=0.00s Real=0.01s
[2025-04-26T16:30:24.590+0000][63.775s][info ][safepoint   ] Safepoint "G1PauseCleanup", Time since last: 195259421 ns, Reaching safepoint: 340117 ns, Cleanup: 30911 ns, At safepoint: 626405 ns, Total: 997433 ns
[2025-04-26T16:30:24.590+0000][63.775s][info ][gc,marking  ] GC(61) Concurrent Cleanup for Next Mark
[2025-04-26T16:30:24.595+0000][63.780s][info ][gc,marking  ] GC(61) Concurrent Cleanup for Next Mark 5.324ms
[2025-04-26T16:30:24.596+0000][63.780s][info ][gc          ] GC(61) Concurrent Mark Cycle 686.368ms
[2025-04-26T16:30:25.628+0000][64.813s][debug][safepoint   ] Safepoint synchronization initiated using futex wait barrier. (78 threads)
[2025-04-26T16:30:25.628+0000][64.813s][debug][safepoint   ] ... found polling page loop exception at pc = 0x000076099cfe50bf, stub =0x000076099c98e400
[2025-04-26T16:30:25.629+0000][64.813s][info ][safepoint   ] Safepoint "Cleanup", Time since last: 1038421985 ns, Reaching safepoint: 111287 ns, Cleanup: 99608 ns, At safepoint: 11546 ns, Total: 222441 ns
[2025-04-26T16:30:26.410+0000][65.594s][debug][safepoint   ] Safepoint synchronization initiated using futex wait barrier. (78 threads)
[2025-04-26T16:30:26.410+0000][65.594s][info ][gc,start    ] GC(62) Pause Young (Prepare Mixed) (G1 Evacuation Pause)
[2025-04-26T16:30:26.410+0000][65.594s][info ][gc,task     ] GC(62) Using 4 workers of 4 for evacuation
[2025-04-26T16:30:26.433+0000][65.618s][info ][gc,phases   ] GC(62)   Pre Evacuate Collection Set: 0.3ms
[2025-04-26T16:30:26.433+0000][65.618s][info ][gc,phases   ] GC(62)   Merge Heap Roots: 0.3ms
[2025-04-26T16:30:26.433+0000][65.618s][info ][gc,phases   ] GC(62)   Evacuate Collection Set: 20.8ms
[2025-04-26T16:30:26.433+0000][65.618s][info ][gc,phases   ] GC(62)   Post Evacuate Collection Set: 1.9ms
[2025-04-26T16:30:26.433+0000][65.618s][info ][gc,phases   ] GC(62)   Other: 0.2ms
[2025-04-26T16:30:26.433+0000][65.618s][info ][gc,heap     ] GC(62) Eden regions: 389->0(17)
[2025-04-26T16:30:26.433+0000][65.618s][info ][gc,heap     ] GC(62) Survivor regions: 5->15(50)
[2025-04-26T16:30:26.433+0000][65.618s][info ][gc,heap     ] GC(62) Old regions: 134->134
[2025-04-26T16:30:26.433+0000][65.618s][info ][gc,heap     ] GC(62) Archive regions: 2->2
[2025-04-26T16:30:26.433+0000][65.618s][info ][gc,heap     ] GC(62) Humongous regions: 0->0
[2025-04-26T16:30:26.433+0000][65.618s][info ][gc,metaspace] GC(62) Metaspace: 157399K(158464K)->157399K(158464K) NonClass: 138068K(138624K)->138068K(138624K) Class: 19331K(19840K)->19331K(19840K)
[2025-04-26T16:30:26.433+0000][65.618s][info ][gc          ] GC(62) Pause Young (Prepare Mixed) (G1 Evacuation Pause) 528M->149M(657M) 23.644ms
[2025-04-26T16:30:26.433+0000][65.618s][info ][gc,cpu      ] GC(62) User=0.09s Sys=0.00s Real=0.02s
[2025-04-26T16:30:26.433+0000][65.618s][info ][safepoint   ] Safepoint "G1CollectForAllocation", Time since last: 780932328 ns, Reaching safepoint: 52128 ns, Cleanup: 102947 ns, At safepoint: 23727252 ns, Total: 23882327 ns
[2025-04-26T16:30:26.527+0000][65.711s][debug][safepoint   ] Safepoint synchronization initiated using futex wait barrier. (78 threads)
[2025-04-26T16:30:26.527+0000][65.712s][info ][gc,start    ] GC(63) Pause Young (Mixed) (G1 Evacuation Pause)
[2025-04-26T16:30:26.527+0000][65.712s][info ][gc,task     ] GC(63) Using 4 workers of 4 for evacuation
[2025-04-26T16:30:26.554+0000][65.738s][info ][gc,phases   ] GC(63)   Pre Evacuate Collection Set: 0.1ms
[2025-04-26T16:30:26.554+0000][65.738s][info ][gc,phases   ] GC(63)   Merge Heap Roots: 0.2ms
[2025-04-26T16:30:26.554+0000][65.738s][info ][gc,phases   ] GC(63)   Evacuate Collection Set: 24.7ms
[2025-04-26T16:30:26.554+0000][65.738s][info ][gc,phases   ] GC(63)   Post Evacuate Collection Set: 1.6ms
[2025-04-26T16:30:26.554+0000][65.738s][info ][gc,phases   ] GC(63)   Other: 0.1ms
[2025-04-26T16:30:26.554+0000][65.738s][info ][gc,heap     ] GC(63) Eden regions: 17->0(392)
[2025-04-26T16:30:26.554+0000][65.738s][info ][gc,heap     ] GC(63) Survivor regions: 15->2(4)
[2025-04-26T16:30:26.554+0000][65.738s][info ][gc,heap     ] GC(63) Old regions: 134->146
[2025-04-26T16:30:26.554+0000][65.738s][info ][gc,heap     ] GC(63) Archive regions: 2->2
[2025-04-26T16:30:26.554+0000][65.738s][info ][gc,heap     ] GC(63) Humongous regions: 0->0
[2025-04-26T16:30:26.554+0000][65.738s][info ][gc,metaspace] GC(63) Metaspace: 157463K(158528K)->157463K(158528K) NonClass: 138119K(138688K)->138119K(138688K) Class: 19343K(19840K)->19343K(19840K)
[2025-04-26T16:30:26.554+0000][65.738s][info ][gc          ] GC(63) Pause Young (Mixed) (G1 Evacuation Pause) 166M->148M(657M) 26.752ms
[2025-04-26T16:30:26.554+0000][65.738s][info ][gc,cpu      ] GC(63) User=0.10s Sys=0.00s Real=0.03s
[2025-04-26T16:30:26.554+0000][65.739s][info ][safepoint   ] Safepoint "G1CollectForAllocation", Time since last: 93509265 ns, Reaching safepoint: 46485 ns, Cleanup: 14763 ns, At safepoint: 26944375 ns, Total: 27005623 ns
[2025-04-26T16:30:27.565+0000][66.749s][debug][safepoint   ] Safepoint synchronization initiated using futex wait barrier. (83 threads)
[2025-04-26T16:30:27.565+0000][66.750s][info ][safepoint   ] Safepoint "Cleanup", Time since last: 1010704901 ns, Reaching safepoint: 195431 ns, Cleanup: 103587 ns, At safepoint: 9322 ns, Total: 308340 ns
[2025-04-26T16:30:28.050+0000][67.234s][debug][safepoint   ] Safepoint synchronization initiated using futex wait barrier. (115 threads)
[2025-04-26T16:30:28.051+0000][67.235s][info ][safepoint   ] Safepoint "ICBufferFull", Time since last: 484959731 ns, Reaching safepoint: 202341 ns, Cleanup: 134075 ns, At safepoint: 327036 ns, Total: 663452 ns
[2025-04-26T16:30:28.622+0000][67.806s][debug][safepoint   ] Safepoint synchronization initiated using futex wait barrier. (138 threads)
[2025-04-26T16:30:28.622+0000][67.807s][info ][gc,start    ] GC(64) Pause Young (Normal) (G1 Evacuation Pause)
[2025-04-26T16:30:28.622+0000][67.807s][info ][gc,task     ] GC(64) Using 4 workers of 4 for evacuation
[2025-04-26T16:30:28.659+0000][67.844s][info ][gc,phases   ] GC(64)   Pre Evacuate Collection Set: 0.2ms
[2025-04-26T16:30:28.660+0000][67.844s][info ][gc,phases   ] GC(64)   Merge Heap Roots: 0.5ms
[2025-04-26T16:30:28.660+0000][67.844s][info ][gc,phases   ] GC(64)   Evacuate Collection Set: 31.7ms
[2025-04-26T16:30:28.660+0000][67.844s][info ][gc,phases   ] GC(64)   Post Evacuate Collection Set: 4.8ms
[2025-04-26T16:30:28.660+0000][67.844s][info ][gc,phases   ] GC(64)   Other: 0.2ms
[2025-04-26T16:30:28.660+0000][67.844s][info ][gc,heap     ] GC(64) Eden regions: 392->0(384)
[2025-04-26T16:30:28.660+0000][67.844s][info ][gc,heap     ] GC(64) Survivor regions: 2->10(50)
[2025-04-26T16:30:28.660+0000][67.844s][info ][gc,heap     ] GC(64) Old regions: 146->146
[2025-04-26T16:30:28.660+0000][67.844s][info ][gc,heap     ] GC(64) Archive regions: 2->2
[2025-04-26T16:30:28.660+0000][67.844s][info ][gc,heap     ] GC(64) Humongous regions: 0->0
[2025-04-26T16:30:28.660+0000][67.844s][info ][gc,metaspace] GC(64) Metaspace: 163640K(164800K)->163640K(164800K) NonClass: 143438K(144064K)->143438K(144064K) Class: 20201K(20736K)->20201K(20736K)
[2025-04-26T16:30:28.660+0000][67.844s][info ][gc          ] GC(64) Pause Young (Normal) (G1 Evacuation Pause) 540M->155M(657M) 37.541ms
[2025-04-26T16:30:28.660+0000][67.844s][info ][gc,cpu      ] GC(64) User=0.11s Sys=0.00s Real=0.04s
[2025-04-26T16:30:28.664+0000][67.848s][info ][safepoint   ] Safepoint "G1CollectForAllocation", Time since last: 562222019 ns, Reaching safepoint: 9210646 ns, Cleanup: 62500 ns, At safepoint: 41805749 ns, Total: 51078895 ns
[2025-04-26T16:30:29.137+0000][68.322s][debug][safepoint   ] Safepoint synchronization initiated using futex wait barrier. (195 threads)
[2025-04-26T16:30:29.137+0000][68.322s][debug][safepoint   ] ... found polling page loop exception at pc = 0x000076099d2d59a1, stub =0x000076099c98e400
[2025-04-26T16:30:29.137+0000][68.322s][info ][safepoint   ] Safepoint "ICBufferFull", Time since last: 473157225 ns, Reaching safepoint: 297608 ns, Cleanup: 98885 ns, At safepoint: 12127 ns, Total: 408620 ns
[2025-04-26T16:30:29.624+0000][68.809s][debug][safepoint   ] Safepoint synchronization initiated using futex wait barrier. (195 threads)
[2025-04-26T16:30:29.625+0000][68.809s][info ][safepoint   ] Safepoint "ICBufferFull", Time since last: 487005146 ns, Reaching safepoint: 252381 ns, Cleanup: 134889 ns, At safepoint: 19828 ns, Total: 407098 ns
[2025-04-26T16:30:30.006+0000][69.190s][debug][safepoint   ] Safepoint synchronization initiated using futex wait barrier. (201 threads)
[2025-04-26T16:30:30.006+0000][69.191s][info ][safepoint   ] Safepoint "ICBufferFull", Time since last: 380763741 ns, Reaching safepoint: 475501 ns, Cleanup: 216023 ns, At safepoint: 25611 ns, Total: 717135 ns
[2025-04-26T16:30:30.581+0000][69.766s][debug][safepoint   ] Safepoint synchronization initiated using futex wait barrier. (214 threads)
[2025-04-26T16:30:30.582+0000][69.766s][debug][safepoint   ] ... found polling page loop exception at pc = 0x000076099cf71d6e, stub =0x000076099c98e400
[2025-04-26T16:30:30.582+0000][69.767s][info ][gc,start    ] GC(65) Pause Young (Normal) (G1 Evacuation Pause)
[2025-04-26T16:30:30.582+0000][69.767s][info ][gc,task     ] GC(65) Using 4 workers of 4 for evacuation
[2025-04-26T16:30:30.618+0000][69.803s][info ][gc,phases   ] GC(65)   Pre Evacuate Collection Set: 0.6ms
[2025-04-26T16:30:30.618+0000][69.803s][info ][gc,phases   ] GC(65)   Merge Heap Roots: 0.5ms
[2025-04-26T16:30:30.618+0000][69.803s][info ][gc,phases   ] GC(65)   Evacuate Collection Set: 32.7ms
[2025-04-26T16:30:30.618+0000][69.803s][info ][gc,phases   ] GC(65)   Post Evacuate Collection Set: 2.0ms
[2025-04-26T16:30:30.618+0000][69.803s][info ][gc,phases   ] GC(65)   Other: 0.4ms
[2025-04-26T16:30:30.618+0000][69.803s][info ][gc,heap     ] GC(65) Eden regions: 384->0(372)
[2025-04-26T16:30:30.618+0000][69.803s][info ][gc,heap     ] GC(65) Survivor regions: 10->22(50)
[2025-04-26T16:30:30.618+0000][69.803s][info ][gc,heap     ] GC(65) Old regions: 146->146
[2025-04-26T16:30:30.618+0000][69.803s][info ][gc,heap     ] GC(65) Archive regions: 2->2
[2025-04-26T16:30:30.618+0000][69.803s][info ][gc,heap     ] GC(65) Humongous regions: 0->0
[2025-04-26T16:30:30.618+0000][69.803s][info ][gc,metaspace] GC(65) Metaspace: 176954K(178176K)->176954K(178176K) NonClass: 155150K(155776K)->155150K(155776K) Class: 21804K(22400K)->21804K(22400K)
[2025-04-26T16:30:30.618+0000][69.803s][info ][gc          ] GC(65) Pause Young (Normal) (G1 Evacuation Pause) 539M->167M(657M) 36.273ms
[2025-04-26T16:30:30.618+0000][69.803s][info ][gc,cpu      ] GC(65) User=0.11s Sys=0.00s Real=0.03s
[2025-04-26T16:30:30.619+0000][69.803s][info ][safepoint   ] Safepoint "G1CollectForAllocation", Time since last: 575061769 ns, Reaching safepoint: 368914 ns, Cleanup: 124517 ns, At safepoint: 36990521 ns, Total: 37483952 ns
[2025-04-26T16:30:30.997+0000][70.181s][debug][safepoint   ] Safepoint synchronization initiated using futex wait barrier. (228 threads)
[2025-04-26T16:30:30.997+0000][70.182s][debug][safepoint   ] ... found polling page loop exception at pc = 0x000076099cfe50bf, stub =0x000076099c98e400
[2025-04-26T16:30:30.998+0000][70.182s][info ][safepoint   ] Safepoint "ICBufferFull", Time since last: 377999167 ns, Reaching safepoint: 524762 ns, Cleanup: 222447 ns, At safepoint: 73409 ns, Total: 820618 ns
[2025-04-26T16:30:31.801+0000][70.986s][debug][safepoint   ] Safepoint synchronization initiated using futex wait barrier. (228 threads)
[2025-04-26T16:30:31.802+0000][70.986s][info ][safepoint   ] Safepoint "ICBufferFull", Time since last: 803406642 ns, Reaching safepoint: 406530 ns, Cleanup: 104446 ns, At safepoint: 29542 ns, Total: 540518 ns
[2025-04-26T16:30:31.925+0000][71.110s][debug][safepoint   ] ... found polling page loop exception at pc = 0x0000760996cfd3a9, stub =0x000076099c98e400
[2025-04-26T16:30:32.303+0000][71.487s][debug][safepoint   ] Safepoint synchronization initiated using futex wait barrier. (231 threads)
[2025-04-26T16:30:32.303+0000][71.488s][info ][safepoint   ] Safepoint "ICBufferFull", Time since last: 500992955 ns, Reaching safepoint: 77064 ns, Cleanup: 332994 ns, At safepoint: 29765 ns, Total: 439823 ns
[2025-04-26T16:30:32.974+0000][72.159s][debug][safepoint   ] Safepoint synchronization initiated using futex wait barrier. (231 threads)
[2025-04-26T16:30:32.974+0000][72.159s][info ][safepoint   ] Safepoint "ICBufferFull", Time since last: 671067676 ns, Reaching safepoint: 78257 ns, Cleanup: 110449 ns, At safepoint: 12002 ns, Total: 200708 ns
[2025-04-26T16:30:33.977+0000][73.161s][debug][safepoint   ] Safepoint synchronization initiated using futex wait barrier. (231 threads)
[2025-04-26T16:30:33.977+0000][73.161s][info ][safepoint   ] Safepoint "Cleanup", Time since last: 1002286932 ns, Reaching safepoint: 70268 ns, Cleanup: 94102 ns, At safepoint: 12743 ns, Total: 177113 ns
[2025-04-26T16:30:34.977+0000][74.162s][debug][safepoint   ] Safepoint synchronization initiated using futex wait barrier. (230 threads)
[2025-04-26T16:30:34.977+0000][74.162s][info ][safepoint   ] Safepoint "Cleanup", Time since last: 1000216177 ns, Reaching safepoint: 83048 ns, Cleanup: 17251 ns, At safepoint: 7420 ns, Total: 107719 ns
[2025-04-26T16:30:35.978+0000][75.162s][debug][safepoint   ] Safepoint synchronization initiated using futex wait barrier. (230 threads)
[2025-04-26T16:30:35.978+0000][75.163s][info ][safepoint   ] Safepoint "Cleanup", Time since last: 1000468060 ns, Reaching safepoint: 222571 ns, Cleanup: 107706 ns, At safepoint: 26856 ns, Total: 357133 ns
[2025-04-26T16:30:36.978+0000][76.163s][debug][safepoint   ] Safepoint synchronization initiated using futex wait barrier. (230 threads)
[2025-04-26T16:30:36.978+0000][76.163s][info ][safepoint   ] Safepoint "Cleanup", Time since last: 1000177776 ns, Reaching safepoint: 99539 ns, Cleanup: 53501 ns, At safepoint: 9533 ns, Total: 162573 ns
[2025-04-26T16:30:37.978+0000][77.163s][debug][safepoint   ] Safepoint synchronization initiated using futex wait barrier. (230 threads)
[2025-04-26T16:30:37.979+0000][77.163s][info ][safepoint   ] Safepoint "Cleanup", Time since last: 1000111656 ns, Reaching safepoint: 142939 ns, Cleanup: 70089 ns, At safepoint: 27819 ns, Total: 240847 ns
[2025-04-26T16:30:38.979+0000][78.163s][debug][safepoint   ] Safepoint synchronization initiated using futex wait barrier. (230 threads)
[2025-04-26T16:30:38.979+0000][78.164s][info ][safepoint   ] Safepoint "Cleanup", Time since last: 1000127106 ns, Reaching safepoint: 128875 ns, Cleanup: 37164 ns, At safepoint: 7816 ns, Total: 173855 ns
[2025-04-26T16:30:39.842+0000][79.027s][debug][safepoint   ] Safepoint synchronization initiated using futex wait barrier. (230 threads)
[2025-04-26T16:30:39.842+0000][79.027s][info ][gc,start    ] GC(66) Pause Young (Normal) (G1 Evacuation Pause)
[2025-04-26T16:30:39.842+0000][79.027s][info ][gc,task     ] GC(66) Using 4 workers of 4 for evacuation
[2025-04-26T16:30:39.888+0000][79.073s][info ][gc,phases   ] GC(66)   Pre Evacuate Collection Set: 0.3ms
[2025-04-26T16:30:39.888+0000][79.073s][info ][gc,phases   ] GC(66)   Merge Heap Roots: 0.3ms
[2025-04-26T16:30:39.888+0000][79.073s][info ][gc,phases   ] GC(66)   Evacuate Collection Set: 42.9ms
[2025-04-26T16:30:39.888+0000][79.073s][info ][gc,phases   ] GC(66)   Post Evacuate Collection Set: 2.4ms
[2025-04-26T16:30:39.888+0000][79.073s][info ][gc,phases   ] GC(66)   Other: 0.2ms
[2025-04-26T16:30:39.888+0000][79.073s][info ][gc,heap     ] GC(66) Eden regions: 372->0(362)
[2025-04-26T16:30:39.888+0000][79.073s][info ][gc,heap     ] GC(66) Survivor regions: 22->32(50)
[2025-04-26T16:30:39.888+0000][79.073s][info ][gc,heap     ] GC(66) Old regions: 146->146
[2025-04-26T16:30:39.888+0000][79.073s][info ][gc,heap     ] GC(66) Archive regions: 2->2
[2025-04-26T16:30:39.888+0000][79.073s][info ][gc,heap     ] GC(66) Humongous regions: 26->0
[2025-04-26T16:30:39.888+0000][79.073s][info ][gc,metaspace] GC(66) Metaspace: 184168K(185472K)->184168K(185472K) NonClass: 161614K(162304K)->161614K(162304K) Class: 22553K(23168K)->22553K(23168K)
[2025-04-26T16:30:39.888+0000][79.073s][info ][gc          ] GC(66) Pause Young (Normal) (G1 Evacuation Pause) 565M->178M(657M) 46.148ms
[2025-04-26T16:30:39.889+0000][79.073s][info ][gc,cpu      ] GC(66) User=0.14s Sys=0.00s Real=0.04s
[2025-04-26T16:30:39.889+0000][79.073s][info ][safepoint   ] Safepoint "G1CollectForAllocation", Time since last: 863222174 ns, Reaching safepoint: 76516 ns, Cleanup: 14768 ns, At safepoint: 46591941 ns, Total: 46683225 ns
[2025-04-26T16:30:40.889+0000][80.074s][debug][safepoint   ] Safepoint synchronization initiated using futex wait barrier. (230 threads)
[2025-04-26T16:30:40.889+0000][80.074s][info ][safepoint   ] Safepoint "Cleanup", Time since last: 1000272539 ns, Reaching safepoint: 131385 ns, Cleanup: 55937 ns, At safepoint: 13295 ns, Total: 200617 ns
[2025-04-26T16:30:41.889+0000][81.074s][debug][safepoint   ] Safepoint synchronization initiated using futex wait barrier. (230 threads)
[2025-04-26T16:30:41.890+0000][81.074s][info ][safepoint   ] Safepoint "Cleanup", Time since last: 1000121912 ns, Reaching safepoint: 151525 ns, Cleanup: 40780 ns, At safepoint: 10292 ns, Total: 202597 ns
[2025-04-26T16:30:42.890+0000][82.074s][debug][safepoint   ] Safepoint synchronization initiated using futex wait barrier. (230 threads)
[2025-04-26T16:30:42.890+0000][82.075s][info ][safepoint   ] Safepoint "Cleanup", Time since last: 1000132749 ns, Reaching safepoint: 134208 ns, Cleanup: 105191 ns, At safepoint: 46985 ns, Total: 286384 ns
[2025-04-26T16:30:43.891+0000][83.075s][debug][safepoint   ] Safepoint synchronization initiated using futex wait barrier. (230 threads)
[2025-04-26T16:30:43.891+0000][83.075s][info ][safepoint   ] Safepoint "Cleanup", Time since last: 1000717556 ns, Reaching safepoint: 94959 ns, Cleanup: 13998 ns, At safepoint: 8283 ns, Total: 117240 ns
[2025-04-26T16:30:44.891+0000][84.076s][debug][safepoint   ] Safepoint synchronization initiated using futex wait barrier. (230 threads)
[2025-04-26T16:30:44.891+0000][84.076s][info ][safepoint   ] Safepoint "Cleanup", Time since last: 1000200059 ns, Reaching safepoint: 107769 ns, Cleanup: 23793 ns, At safepoint: 13731 ns, Total: 145293 ns
[2025-04-26T16:30:45.891+0000][85.076s][debug][safepoint   ] Safepoint synchronization initiated using futex wait barrier. (230 threads)
[2025-04-26T16:30:45.892+0000][85.076s][info ][safepoint   ] Safepoint "Cleanup", Time since last: 1000137335 ns, Reaching safepoint: 253892 ns, Cleanup: 47695 ns, At safepoint: 12024 ns, Total: 313611 ns
[2025-04-26T16:30:46.892+0000][86.076s][debug][safepoint   ] Safepoint synchronization initiated using futex wait barrier. (231 threads)
[2025-04-26T16:30:46.892+0000][86.077s][info ][safepoint   ] Safepoint "Cleanup", Time since last: 1000168338 ns, Reaching safepoint: 229806 ns, Cleanup: 45481 ns, At safepoint: 21937 ns, Total: 297224 ns
[2025-04-26T16:30:47.892+0000][87.077s][debug][safepoint   ] Safepoint synchronization initiated using futex wait barrier. (231 threads)
[2025-04-26T16:30:47.893+0000][87.077s][info ][safepoint   ] Safepoint "Cleanup", Time since last: 1000193083 ns, Reaching safepoint: 156968 ns, Cleanup: 59283 ns, At safepoint: 10500 ns, Total: 226751 ns
[2025-04-26T16:30:48.893+0000][88.077s][debug][safepoint   ] Safepoint synchronization initiated using futex wait barrier. (231 threads)
[2025-04-26T16:30:48.893+0000][88.078s][info ][safepoint   ] Safepoint "Cleanup", Time since last: 1000136099 ns, Reaching safepoint: 195740 ns, Cleanup: 35717 ns, At safepoint: 12728 ns, Total: 244185 ns
[2025-04-26T16:30:51.893+0000][91.078s][debug][safepoint   ] Safepoint synchronization initiated using futex wait barrier. (231 threads)
[2025-04-26T16:30:51.893+0000][91.078s][info ][safepoint   ] Safepoint "Cleanup", Time since last: 3000323412 ns, Reaching safepoint: 50265 ns, Cleanup: 11008 ns, At safepoint: 4360 ns, Total: 65633 ns
[2025-04-26T16:30:52.894+0000][92.078s][debug][safepoint   ] Safepoint synchronization initiated using futex wait barrier. (231 threads)
[2025-04-26T16:30:52.894+0000][92.078s][info ][safepoint   ] Safepoint "Cleanup", Time since last: 1000205486 ns, Reaching safepoint: 77724 ns, Cleanup: 16597 ns, At safepoint: 8056 ns, Total: 102377 ns
[2025-04-26T16:30:53.894+0000][93.078s][debug][safepoint   ] Safepoint synchronization initiated using futex wait barrier. (231 threads)
[2025-04-26T16:30:53.894+0000][93.078s][info ][safepoint   ] Safepoint "Cleanup", Time since last: 1000101885 ns, Reaching safepoint: 115777 ns, Cleanup: 16425 ns, At safepoint: 7252 ns, Total: 139454 ns
[2025-04-26T16:30:54.894+0000][94.079s][debug][safepoint   ] Safepoint synchronization initiated using futex wait barrier. (231 threads)
[2025-04-26T16:30:54.894+0000][94.079s][info ][safepoint   ] Safepoint "Cleanup", Time since last: 1000258667 ns, Reaching safepoint: 223869 ns, Cleanup: 37553 ns, At safepoint: 24029 ns, Total: 285451 ns
[2025-04-26T16:30:55.895+0000][95.079s][debug][safepoint   ] Safepoint synchronization initiated using futex wait barrier. (231 threads)
[2025-04-26T16:30:55.895+0000][95.079s][info ][safepoint   ] Safepoint "Cleanup", Time since last: 1000194197 ns, Reaching safepoint: 83663 ns, Cleanup: 18666 ns, At safepoint: 6488 ns, Total: 108817 ns
[2025-04-26T16:30:56.895+0000][96.079s][debug][safepoint   ] Safepoint synchronization initiated using futex wait barrier. (231 threads)
[2025-04-26T16:30:56.895+0000][96.079s][info ][safepoint   ] Safepoint "Cleanup", Time since last: 1000086444 ns, Reaching safepoint: 69151 ns, Cleanup: 14001 ns, At safepoint: 5628 ns, Total: 88780 ns
[2025-04-26T16:30:57.895+0000][97.080s][debug][safepoint   ] Safepoint synchronization initiated using futex wait barrier. (231 threads)
[2025-04-26T16:30:57.895+0000][97.080s][info ][safepoint   ] Safepoint "Cleanup", Time since last: 1000062486 ns, Reaching safepoint: 77797 ns, Cleanup: 20992 ns, At safepoint: 6242 ns, Total: 105031 ns
[2025-04-26T16:30:58.895+0000][98.080s][debug][safepoint   ] Safepoint synchronization initiated using futex wait barrier. (231 threads)
[2025-04-26T16:30:58.895+0000][98.080s][info ][safepoint   ] Safepoint "Cleanup", Time since last: 1000096711 ns, Reaching safepoint: 83366 ns, Cleanup: 15195 ns, At safepoint: 7001 ns, Total: 105562 ns
[2025-04-26T16:30:59.895+0000][99.080s][debug][safepoint   ] Safepoint synchronization initiated using futex wait barrier. (231 threads)
[2025-04-26T16:30:59.896+0000][99.080s][info ][safepoint   ] Safepoint "Cleanup", Time since last: 1000156457 ns, Reaching safepoint: 180958 ns, Cleanup: 50723 ns, At safepoint: 37310 ns, Total: 268991 ns
[2025-04-26T16:31:00.896+0000][100.080s][debug][safepoint   ] Safepoint synchronization initiated using futex wait barrier. (231 threads)
[2025-04-26T16:31:00.896+0000][100.081s][info ][safepoint   ] Safepoint "Cleanup", Time since last: 1000131306 ns, Reaching safepoint: 84997 ns, Cleanup: 15729 ns, At safepoint: 8317 ns, Total: 109043 ns
[2025-04-26T16:31:01.896+0000][101.081s][debug][safepoint   ] Safepoint synchronization initiated using futex wait barrier. (231 threads)
[2025-04-26T16:31:01.896+0000][101.081s][info ][safepoint   ] Safepoint "Cleanup", Time since last: 1000095514 ns, Reaching safepoint: 68483 ns, Cleanup: 11704 ns, At safepoint: 6051 ns, Total: 86238 ns
[2025-04-26T16:31:02.896+0000][102.081s][debug][safepoint   ] Safepoint synchronization initiated using futex wait barrier. (231 threads)
[2025-04-26T16:31:02.897+0000][102.082s][info ][safepoint   ] Safepoint "Cleanup", Time since last: 1000148541 ns, Reaching safepoint: 936095 ns, Cleanup: 24672 ns, At safepoint: 26867 ns, Total: 987634 ns
[2025-04-26T16:31:03.898+0000][103.082s][debug][safepoint   ] Safepoint synchronization initiated using futex wait barrier. (231 threads)
[2025-04-26T16:31:03.898+0000][103.082s][info ][safepoint   ] Safepoint "Cleanup", Time since last: 1000193831 ns, Reaching safepoint: 184149 ns, Cleanup: 36212 ns, At safepoint: 15818 ns, Total: 236179 ns
[2025-04-26T16:31:04.898+0000][104.082s][debug][safepoint   ] Safepoint synchronization initiated using futex wait barrier. (231 threads)
[2025-04-26T16:31:04.898+0000][104.083s][info ][safepoint   ] Safepoint "Cleanup", Time since last: 1000113649 ns, Reaching safepoint: 134330 ns, Cleanup: 16880 ns, At safepoint: 6131 ns, Total: 157341 ns
[2025-04-26T16:31:05.898+0000][105.083s][debug][safepoint   ] Safepoint synchronization initiated using futex wait barrier. (231 threads)
[2025-04-26T16:31:05.899+0000][105.083s][info ][safepoint   ] Safepoint "Cleanup", Time since last: 1000408682 ns, Reaching safepoint: 238881 ns, Cleanup: 37072 ns, At safepoint: 19676 ns, Total: 295629 ns
[2025-04-26T16:31:06.899+0000][106.083s][debug][safepoint   ] Safepoint synchronization initiated using futex wait barrier. (231 threads)
[2025-04-26T16:31:06.899+0000][106.084s][info ][safepoint   ] Safepoint "Cleanup", Time since last: 1000191630 ns, Reaching safepoint: 243309 ns, Cleanup: 154026 ns, At safepoint: 23477 ns, Total: 420812 ns
[2025-04-26T16:31:07.900+0000][107.084s][debug][safepoint   ] Safepoint synchronization initiated using futex wait barrier. (231 threads)
[2025-04-26T16:31:07.900+0000][107.084s][info ][safepoint   ] Safepoint "Cleanup", Time since last: 1000232647 ns, Reaching safepoint: 87150 ns, Cleanup: 24126 ns, At safepoint: 9142 ns, Total: 120418 ns
[2025-04-26T16:31:08.900+0000][108.084s][debug][safepoint   ] Safepoint synchronization initiated using futex wait barrier. (231 threads)
[2025-04-26T16:31:08.900+0000][108.085s][info ][safepoint   ] Safepoint "Cleanup", Time since last: 1000139159 ns, Reaching safepoint: 175322 ns, Cleanup: 45574 ns, At safepoint: 18396 ns, Total: 239292 ns
[2025-04-26T16:31:09.900+0000][109.085s][debug][safepoint   ] Safepoint synchronization initiated using futex wait barrier. (231 threads)
[2025-04-26T16:31:09.900+0000][109.085s][info ][safepoint   ] Safepoint "Cleanup", Time since last: 1000199022 ns, Reaching safepoint: 88042 ns, Cleanup: 21773 ns, At safepoint: 10122 ns, Total: 119937 ns
[2025-04-26T16:31:10.901+0000][110.085s][debug][safepoint   ] Safepoint synchronization initiated using futex wait barrier. (231 threads)
[2025-04-26T16:31:10.901+0000][110.085s][info ][safepoint   ] Safepoint "Cleanup", Time since last: 1000267497 ns, Reaching safepoint: 185536 ns, Cleanup: 39705 ns, At safepoint: 19484 ns, Total: 244725 ns
[2025-04-26T16:31:11.901+0000][111.086s][debug][safepoint   ] Safepoint synchronization initiated using futex wait barrier. (231 threads)
[2025-04-26T16:31:11.901+0000][111.086s][info ][safepoint   ] Safepoint "Cleanup", Time since last: 1000147242 ns, Reaching safepoint: 81069 ns, Cleanup: 15433 ns, At safepoint: 7288 ns, Total: 103790 ns
[2025-04-26T16:31:12.901+0000][112.086s][debug][safepoint   ] Safepoint synchronization initiated using futex wait barrier. (231 threads)
[2025-04-26T16:31:12.901+0000][112.086s][info ][safepoint   ] Safepoint "Cleanup", Time since last: 1000094529 ns, Reaching safepoint: 85458 ns, Cleanup: 19082 ns, At safepoint: 8739 ns, Total: 113279 ns
[2025-04-26T16:31:13.902+0000][113.086s][debug][safepoint   ] Safepoint synchronization initiated using futex wait barrier. (231 threads)
[2025-04-26T16:31:13.902+0000][113.086s][info ][safepoint   ] Safepoint "Cleanup", Time since last: 1000207558 ns, Reaching safepoint: 148696 ns, Cleanup: 25716 ns, At safepoint: 18972 ns, Total: 193384 ns
[2025-04-26T16:31:14.902+0000][114.086s][debug][safepoint   ] Safepoint synchronization initiated using futex wait barrier. (231 threads)
[2025-04-26T16:31:14.902+0000][114.086s][info ][safepoint   ] Safepoint "Cleanup", Time since last: 1000120658 ns, Reaching safepoint: 60858 ns, Cleanup: 10122 ns, At safepoint: 4094 ns, Total: 75074 ns
[2025-04-26T16:31:15.902+0000][115.087s][debug][safepoint   ] Safepoint synchronization initiated using futex wait barrier. (231 threads)
[2025-04-26T16:31:15.902+0000][115.087s][info ][safepoint   ] Safepoint "Cleanup", Time since last: 1000133455 ns, Reaching safepoint: 193529 ns, Cleanup: 47338 ns, At safepoint: 22914 ns, Total: 263781 ns
[2025-04-26T16:31:16.902+0000][116.087s][debug][safepoint   ] Safepoint synchronization initiated using futex wait barrier. (231 threads)
[2025-04-26T16:31:16.903+0000][116.087s][info ][safepoint   ] Safepoint "Cleanup", Time since last: 1000117583 ns, Reaching safepoint: 91214 ns, Cleanup: 14052 ns, At safepoint: 6664 ns, Total: 111930 ns
[2025-04-26T16:31:17.903+0000][117.087s][debug][safepoint   ] Safepoint synchronization initiated using futex wait barrier. (231 threads)
[2025-04-26T16:31:17.903+0000][117.087s][info ][safepoint   ] Safepoint "Cleanup", Time since last: 1000125883 ns, Reaching safepoint: 169355 ns, Cleanup: 68204 ns, At safepoint: 9409 ns, Total: 246968 ns
[2025-04-26T16:31:18.903+0000][118.088s][debug][safepoint   ] Safepoint synchronization initiated using futex wait barrier. (230 threads)
[2025-04-26T16:31:18.903+0000][118.088s][info ][safepoint   ] Safepoint "Cleanup", Time since last: 1000129399 ns, Reaching safepoint: 85884 ns, Cleanup: 17336 ns, At safepoint: 6383 ns, Total: 109603 ns
[2025-04-26T16:31:19.903+0000][119.088s][debug][safepoint   ] Safepoint synchronization initiated using futex wait barrier. (230 threads)
[2025-04-26T16:31:19.903+0000][119.088s][info ][safepoint   ] Safepoint "Cleanup", Time since last: 1000167986 ns, Reaching safepoint: 70979 ns, Cleanup: 19574 ns, At safepoint: 7462 ns, Total: 98015 ns
[2025-04-26T16:31:20.904+0000][120.088s][debug][safepoint   ] Safepoint synchronization initiated using futex wait barrier. (230 threads)
[2025-04-26T16:31:20.904+0000][120.088s][info ][safepoint   ] Safepoint "Cleanup", Time since last: 1000082161 ns, Reaching safepoint: 63715 ns, Cleanup: 12381 ns, At safepoint: 5223 ns, Total: 81319 ns
[2025-04-26T16:31:21.911+0000][121.096s][debug][safepoint   ] Safepoint synchronization initiated using futex wait barrier. (230 threads)
[2025-04-26T16:31:21.912+0000][121.097s][info ][safepoint   ] Safepoint "Cleanup", Time since last: 1007814994 ns, Reaching safepoint: 588738 ns, Cleanup: 65396 ns, At safepoint: 25231 ns, Total: 679365 ns
[2025-04-26T16:31:22.912+0000][122.097s][debug][safepoint   ] Safepoint synchronization initiated using futex wait barrier. (230 threads)
[2025-04-26T16:31:22.913+0000][122.097s][info ][safepoint   ] Safepoint "Cleanup", Time since last: 1000193901 ns, Reaching safepoint: 149800 ns, Cleanup: 45318 ns, At safepoint: 39188 ns, Total: 234306 ns
[2025-04-26T16:31:24.913+0000][124.098s][debug][safepoint   ] Safepoint synchronization initiated using futex wait barrier. (230 threads)
[2025-04-26T16:31:24.914+0000][124.098s][info ][safepoint   ] Safepoint "Cleanup", Time since last: 2000615872 ns, Reaching safepoint: 275765 ns, Cleanup: 77854 ns, At safepoint: 80183 ns, Total: 433802 ns
[2025-04-26T16:31:25.914+0000][125.098s][debug][safepoint   ] Safepoint synchronization initiated using futex wait barrier. (230 threads)
[2025-04-26T16:31:25.914+0000][125.098s][info ][safepoint   ] Safepoint "Cleanup", Time since last: 1000193114 ns, Reaching safepoint: 126182 ns, Cleanup: 16193 ns, At safepoint: 6328 ns, Total: 148703 ns
[2025-04-26T16:31:26.914+0000][126.099s][debug][safepoint   ] Safepoint synchronization initiated using futex wait barrier. (230 threads)
[2025-04-26T16:31:26.915+0000][126.100s][info ][safepoint   ] Safepoint "Cleanup", Time since last: 1000388212 ns, Reaching safepoint: 962387 ns, Cleanup: 33263 ns, At safepoint: 141435 ns, Total: 1137085 ns
[2025-04-26T16:31:27.828+0000][127.013s][debug][safepoint   ] Safepoint synchronization initiated using futex wait barrier. (229 threads)
[2025-04-26T16:31:27.829+0000][127.013s][info ][safepoint   ] Safepoint "ICBufferFull", Time since last: 912919635 ns, Reaching safepoint: 93500 ns, Cleanup: 122229 ns, At safepoint: 12393 ns, Total: 228122 ns
[2025-04-26T16:31:28.803+0000][127.987s][debug][safepoint   ] Safepoint synchronization initiated using futex wait barrier. (226 threads)
[2025-04-26T16:31:28.805+0000][127.989s][info ][safepoint   ] Safepoint "ICBufferFull", Time since last: 973957823 ns, Reaching safepoint: 705695 ns, Cleanup: 182006 ns, At safepoint: 1141537 ns, Total: 2029238 ns
[2025-04-26T16:31:29.806+0000][128.991s][debug][safepoint   ] Safepoint synchronization initiated using futex wait barrier. (226 threads)
[2025-04-26T16:31:29.807+0000][128.991s][info ][safepoint   ] Safepoint "Cleanup", Time since last: 1001864720 ns, Reaching safepoint: 191674 ns, Cleanup: 54705 ns, At safepoint: 9358 ns, Total: 255737 ns
[2025-04-26T16:31:30.493+0000][129.677s][debug][safepoint   ] Safepoint synchronization initiated using futex wait barrier. (222 threads)
[2025-04-26T16:31:30.494+0000][129.678s][info ][safepoint   ] Safepoint "ICBufferFull", Time since last: 686085013 ns, Reaching safepoint: 742416 ns, Cleanup: 147917 ns, At safepoint: 32400 ns, Total: 922733 ns
[2025-04-26T16:31:31.469+0000][130.654s][debug][safepoint   ] Safepoint synchronization initiated using futex wait barrier. (222 threads)
[2025-04-26T16:31:31.470+0000][130.655s][info ][safepoint   ] Safepoint "ICBufferFull", Time since last: 975678415 ns, Reaching safepoint: 720834 ns, Cleanup: 164807 ns, At safepoint: 14351 ns, Total: 899992 ns
[2025-04-26T16:31:32.071+0000][131.256s][debug][safepoint   ] Safepoint synchronization initiated using futex wait barrier. (220 threads)
[2025-04-26T16:31:32.072+0000][131.256s][info ][safepoint   ] Safepoint "ICBufferFull", Time since last: 600772626 ns, Reaching safepoint: 513606 ns, Cleanup: 157541 ns, At safepoint: 13849 ns, Total: 684996 ns
[2025-04-26T16:31:32.498+0000][131.682s][debug][safepoint   ] Safepoint synchronization initiated using futex wait barrier. (220 threads)
[2025-04-26T16:31:32.499+0000][131.684s][debug][safepoint   ] ... found polling page loop exception at pc = 0x000076099d88d8b9, stub =0x000076099c98e400
[2025-04-26T16:31:32.499+0000][131.684s][info ][gc,start    ] GC(67) Pause Young (Normal) (G1 Evacuation Pause)
[2025-04-26T16:31:32.499+0000][131.684s][info ][gc,task     ] GC(67) Using 4 workers of 4 for evacuation
[2025-04-26T16:31:32.566+0000][131.750s][info ][gc,phases   ] GC(67)   Pre Evacuate Collection Set: 1.2ms
[2025-04-26T16:31:32.566+0000][131.750s][info ][gc,phases   ] GC(67)   Merge Heap Roots: 0.3ms
[2025-04-26T16:31:32.566+0000][131.750s][info ][gc,phases   ] GC(67)   Evacuate Collection Set: 58.0ms
[2025-04-26T16:31:32.566+0000][131.750s][info ][gc,phases   ] GC(67)   Post Evacuate Collection Set: 6.7ms
[2025-04-26T16:31:32.566+0000][131.750s][info ][gc,phases   ] GC(67)   Other: 0.2ms
[2025-04-26T16:31:32.566+0000][131.750s][info ][gc,heap     ] GC(67) Eden regions: 362->0(363)
[2025-04-26T16:31:32.566+0000][131.750s][info ][gc,heap     ] GC(67) Survivor regions: 32->31(50)
[2025-04-26T16:31:32.566+0000][131.750s][info ][gc,heap     ] GC(67) Old regions: 146->154
[2025-04-26T16:31:32.566+0000][131.750s][info ][gc,heap     ] GC(67) Archive regions: 2->2
[2025-04-26T16:31:32.566+0000][131.750s][info ][gc,heap     ] GC(67) Humongous regions: 16->0
[2025-04-26T16:31:32.566+0000][131.750s][info ][gc,metaspace] GC(67) Metaspace: 189095K(190464K)->189095K(190464K) NonClass: 166007K(166720K)->166007K(166720K) Class: 23088K(23744K)->23088K(23744K)
[2025-04-26T16:31:32.566+0000][131.750s][info ][gc          ] GC(67) Pause Young (Normal) (G1 Evacuation Pause) 556M->184M(657M) 66.488ms
[2025-04-26T16:31:32.566+0000][131.750s][info ][gc,cpu      ] GC(67) User=0.16s Sys=0.00s Real=0.07s
[2025-04-26T16:31:32.566+0000][131.751s][info ][safepoint   ] Safepoint "G1CollectForAllocation", Time since last: 426193177 ns, Reaching safepoint: 1200106 ns, Cleanup: 98654 ns, At safepoint: 66865330 ns, Total: 68164090 ns
[2025-04-26T16:31:33.566+0000][132.751s][debug][safepoint   ] Safepoint synchronization initiated using futex wait barrier. (219 threads)
[2025-04-26T16:31:33.567+0000][132.751s][info ][safepoint   ] Safepoint "Cleanup", Time since last: 1000128718 ns, Reaching safepoint: 143191 ns, Cleanup: 275106 ns, At safepoint: 34246 ns, Total: 452543 ns
[2025-04-26T16:31:34.294+0000][133.478s][debug][safepoint   ] Safepoint synchronization initiated using futex wait barrier. (219 threads)
[2025-04-26T16:31:34.294+0000][133.479s][info ][safepoint   ] Safepoint "ICBufferFull", Time since last: 727196099 ns, Reaching safepoint: 74122 ns, Cleanup: 123637 ns, At safepoint: 13129 ns, Total: 210888 ns
[2025-04-26T16:31:35.294+0000][134.479s][debug][safepoint   ] Safepoint synchronization initiated using futex wait barrier. (224 threads)
[2025-04-26T16:31:35.295+0000][134.479s][info ][safepoint   ] Safepoint "Cleanup", Time since last: 1000175003 ns, Reaching safepoint: 216846 ns, Cleanup: 242544 ns, At safepoint: 32084 ns, Total: 491474 ns
[2025-04-26T16:31:36.295+0000][135.480s][debug][safepoint   ] Safepoint synchronization initiated using futex wait barrier. (224 threads)
[2025-04-26T16:31:36.295+0000][135.480s][info ][safepoint   ] Safepoint "Cleanup", Time since last: 1000207192 ns, Reaching safepoint: 115920 ns, Cleanup: 21328 ns, At safepoint: 7792 ns, Total: 145040 ns
[2025-04-26T16:31:37.296+0000][136.480s][debug][safepoint   ] Safepoint synchronization initiated using futex wait barrier. (224 threads)
[2025-04-26T16:31:37.296+0000][136.480s][info ][safepoint   ] Safepoint "Cleanup", Time since last: 1000563950 ns, Reaching safepoint: 97729 ns, Cleanup: 17941 ns, At safepoint: 5887 ns, Total: 121557 ns
[2025-04-26T16:31:38.296+0000][137.481s][debug][safepoint   ] Safepoint synchronization initiated using futex wait barrier. (224 threads)
[2025-04-26T16:31:38.296+0000][137.481s][info ][safepoint   ] Safepoint "Cleanup", Time since last: 1000151931 ns, Reaching safepoint: 151494 ns, Cleanup: 27498 ns, At safepoint: 14712 ns, Total: 193704 ns
[2025-04-26T16:31:40.296+0000][139.481s][debug][safepoint   ] Safepoint synchronization initiated using futex wait barrier. (224 threads)
[2025-04-26T16:31:40.297+0000][139.481s][info ][safepoint   ] Safepoint "Cleanup", Time since last: 2000212734 ns, Reaching safepoint: 208604 ns, Cleanup: 53252 ns, At safepoint: 19602 ns, Total: 281458 ns
[2025-04-26T16:31:42.297+0000][141.482s][debug][safepoint   ] Safepoint synchronization initiated using futex wait barrier. (224 threads)
[2025-04-26T16:31:42.298+0000][141.482s][info ][safepoint   ] Safepoint "Cleanup", Time since last: 2000616079 ns, Reaching safepoint: 189572 ns, Cleanup: 35108 ns, At safepoint: 17310 ns, Total: 241990 ns
[2025-04-26T16:31:43.298+0000][142.482s][debug][safepoint   ] Safepoint synchronization initiated using futex wait barrier. (224 threads)
[2025-04-26T16:31:43.298+0000][142.482s][info ][safepoint   ] Safepoint "Cleanup", Time since last: 1000178761 ns, Reaching safepoint: 81486 ns, Cleanup: 34992 ns, At safepoint: 5512 ns, Total: 121990 ns
[2025-04-26T16:31:44.298+0000][143.483s][debug][safepoint   ] Safepoint synchronization initiated using futex wait barrier. (224 threads)
[2025-04-26T16:31:44.298+0000][143.483s][info ][safepoint   ] Safepoint "Cleanup", Time since last: 1000151717 ns, Reaching safepoint: 248705 ns, Cleanup: 228569 ns, At safepoint: 45791 ns, Total: 523065 ns
[2025-04-26T16:31:45.299+0000][144.483s][debug][safepoint   ] Safepoint synchronization initiated using futex wait barrier. (224 threads)
[2025-04-26T16:31:45.299+0000][144.484s][info ][safepoint   ] Safepoint "Cleanup", Time since last: 1000403246 ns, Reaching safepoint: 430756 ns, Cleanup: 95434 ns, At safepoint: 42175 ns, Total: 568365 ns
[2025-04-26T16:31:46.300+0000][145.484s][debug][safepoint   ] Safepoint synchronization initiated using futex wait barrier. (224 threads)
[2025-04-26T16:31:46.300+0000][145.484s][info ][safepoint   ] Safepoint "Cleanup", Time since last: 1000357505 ns, Reaching safepoint: 65955 ns, Cleanup: 50944 ns, At safepoint: 5917 ns, Total: 122816 ns
[2025-04-26T16:31:47.300+0000][146.485s][debug][safepoint   ] Safepoint synchronization initiated using futex wait barrier. (224 threads)
[2025-04-26T16:31:47.300+0000][146.485s][info ][safepoint   ] Safepoint "Cleanup", Time since last: 1000125031 ns, Reaching safepoint: 80335 ns, Cleanup: 12412 ns, At safepoint: 6524 ns, Total: 99271 ns
[2025-04-26T16:31:48.300+0000][147.485s][debug][safepoint   ] Safepoint synchronization initiated using futex wait barrier. (224 threads)
[2025-04-26T16:31:48.301+0000][147.485s][info ][safepoint   ] Safepoint "Cleanup", Time since last: 1000157808 ns, Reaching safepoint: 274674 ns, Cleanup: 57118 ns, At safepoint: 25979 ns, Total: 357771 ns
[2025-04-26T16:31:49.301+0000][148.486s][debug][safepoint   ] Safepoint synchronization initiated using futex wait barrier. (224 threads)
[2025-04-26T16:31:49.302+0000][148.486s][info ][safepoint   ] Safepoint "Cleanup", Time since last: 1000607908 ns, Reaching safepoint: 299150 ns, Cleanup: 39795 ns, At safepoint: 41159 ns, Total: 380104 ns
[2025-04-26T16:31:50.302+0000][149.486s][debug][safepoint   ] Safepoint synchronization initiated using futex wait barrier. (224 threads)
[2025-04-26T16:31:50.302+0000][149.487s][info ][safepoint   ] Safepoint "Cleanup", Time since last: 1000198114 ns, Reaching safepoint: 96625 ns, Cleanup: 23615 ns, At safepoint: 5831 ns, Total: 126071 ns
[2025-04-26T16:31:51.302+0000][150.487s][debug][safepoint   ] Safepoint synchronization initiated using futex wait barrier. (224 threads)
[2025-04-26T16:31:51.302+0000][150.487s][info ][safepoint   ] Safepoint "Cleanup", Time since last: 1000118002 ns, Reaching safepoint: 50729 ns, Cleanup: 16422 ns, At safepoint: 4896 ns, Total: 72047 ns
[2025-04-26T16:31:52.302+0000][151.487s][debug][safepoint   ] Safepoint synchronization initiated using futex wait barrier. (224 threads)
[2025-04-26T16:31:52.303+0000][151.487s][info ][safepoint   ] Safepoint "Cleanup", Time since last: 1000133567 ns, Reaching safepoint: 537965 ns, Cleanup: 30940 ns, At safepoint: 62750 ns, Total: 631655 ns
[2025-04-26T16:31:53.348+0000][152.533s][debug][safepoint   ] Safepoint synchronization initiated using futex wait barrier. (224 threads)
[2025-04-26T16:31:53.349+0000][152.533s][info ][safepoint   ] Safepoint "Cleanup", Time since last: 1045422521 ns, Reaching safepoint: 208079 ns, Cleanup: 147136 ns, At safepoint: 18505 ns, Total: 373720 ns
[2025-04-26T16:31:54.349+0000][153.533s][debug][safepoint   ] Safepoint synchronization initiated using futex wait barrier. (224 threads)
[2025-04-26T16:31:54.349+0000][153.533s][info ][safepoint   ] Safepoint "Cleanup", Time since last: 1000114301 ns, Reaching safepoint: 69768 ns, Cleanup: 19690 ns, At safepoint: 6894 ns, Total: 96352 ns
[2025-04-26T16:31:55.351+0000][154.535s][debug][safepoint   ] Safepoint synchronization initiated using futex wait barrier. (224 threads)
[2025-04-26T16:31:55.352+0000][154.537s][info ][safepoint   ] Safepoint "Cleanup", Time since last: 1001913324 ns, Reaching safepoint: 1013214 ns, Cleanup: 86624 ns, At safepoint: 55213 ns, Total: 1155051 ns
[2025-04-26T16:31:56.353+0000][155.537s][debug][safepoint   ] Safepoint synchronization initiated using futex wait barrier. (224 threads)
[2025-04-26T16:31:56.353+0000][155.538s][info ][safepoint   ] Safepoint "Cleanup", Time since last: 1000870997 ns, Reaching safepoint: 91442 ns, Cleanup: 24393 ns, At safepoint: 6213 ns, Total: 122048 ns
[2025-04-26T16:31:58.354+0000][157.539s][debug][safepoint   ] Safepoint synchronization initiated using futex wait barrier. (224 threads)
[2025-04-26T16:31:58.355+0000][157.539s][info ][safepoint   ] Safepoint "Cleanup", Time since last: 2001309733 ns, Reaching safepoint: 183607 ns, Cleanup: 70783 ns, At safepoint: 20815 ns, Total: 275205 ns
[2025-04-26T16:31:59.355+0000][158.539s][debug][safepoint   ] Safepoint synchronization initiated using futex wait barrier. (224 threads)
[2025-04-26T16:31:59.355+0000][158.540s][info ][safepoint   ] Safepoint "Cleanup", Time since last: 1000195877 ns, Reaching safepoint: 269471 ns, Cleanup: 30415 ns, At safepoint: 51064 ns, Total: 350950 ns
[2025-04-26T16:32:01.356+0000][160.541s][debug][safepoint   ] Safepoint synchronization initiated using futex wait barrier. (224 threads)
[2025-04-26T16:32:01.357+0000][160.542s][info ][safepoint   ] Safepoint "Cleanup", Time since last: 2000853763 ns, Reaching safepoint: 957052 ns, Cleanup: 51678 ns, At safepoint: 46997 ns, Total: 1055727 ns
[2025-04-26T16:32:02.359+0000][161.543s][debug][safepoint   ] Safepoint synchronization initiated using futex wait barrier. (224 threads)
[2025-04-26T16:32:02.359+0000][161.543s][info ][safepoint   ] Safepoint "Cleanup", Time since last: 1001449742 ns, Reaching safepoint: 300958 ns, Cleanup: 46157 ns, At safepoint: 54981 ns, Total: 402096 ns
[2025-04-26T16:32:03.359+0000][162.544s][debug][safepoint   ] Safepoint synchronization initiated using futex wait barrier. (224 threads)
[2025-04-26T16:32:03.359+0000][162.544s][info ][safepoint   ] Safepoint "Cleanup", Time since last: 1000236809 ns, Reaching safepoint: 249952 ns, Cleanup: 34614 ns, At safepoint: 17471 ns, Total: 302037 ns
[2025-04-26T16:32:04.360+0000][163.544s][debug][safepoint   ] Safepoint synchronization initiated using futex wait barrier. (224 threads)
[2025-04-26T16:32:04.360+0000][163.544s][info ][safepoint   ] Safepoint "Cleanup", Time since last: 1000125118 ns, Reaching safepoint: 121839 ns, Cleanup: 29156 ns, At safepoint: 15557 ns, Total: 166552 ns
[2025-04-26T16:32:05.360+0000][164.544s][debug][safepoint   ] Safepoint synchronization initiated using futex wait barrier. (224 threads)
[2025-04-26T16:32:05.360+0000][164.545s][info ][safepoint   ] Safepoint "Cleanup", Time since last: 1000194116 ns, Reaching safepoint: 302375 ns, Cleanup: 74426 ns, At safepoint: 45676 ns, Total: 422477 ns
[2025-04-26T16:32:06.361+0000][165.545s][debug][safepoint   ] Safepoint synchronization initiated using futex wait barrier. (224 threads)
[2025-04-26T16:32:06.361+0000][165.546s][info ][safepoint   ] Safepoint "Cleanup", Time since last: 1000406901 ns, Reaching safepoint: 296902 ns, Cleanup: 31202 ns, At safepoint: 23428 ns, Total: 351532 ns
[2025-04-26T16:32:08.361+0000][167.546s][debug][safepoint   ] Safepoint synchronization initiated using futex wait barrier. (224 threads)
[2025-04-26T16:32:08.362+0000][167.546s][info ][safepoint   ] Safepoint "Cleanup", Time since last: 2000333155 ns, Reaching safepoint: 166933 ns, Cleanup: 21353 ns, At safepoint: 16152 ns, Total: 204438 ns
[2025-04-26T16:32:09.362+0000][168.546s][debug][safepoint   ] Safepoint synchronization initiated using futex wait barrier. (224 threads)
[2025-04-26T16:32:09.362+0000][168.547s][info ][safepoint   ] Safepoint "Cleanup", Time since last: 1000244558 ns, Reaching safepoint: 208210 ns, Cleanup: 31751 ns, At safepoint: 24417 ns, Total: 264378 ns
[2025-04-26T16:32:10.362+0000][169.547s][debug][safepoint   ] Safepoint synchronization initiated using futex wait barrier. (224 threads)
[2025-04-26T16:32:10.364+0000][169.549s][info ][safepoint   ] Safepoint "Cleanup", Time since last: 1000206166 ns, Reaching safepoint: 279560 ns, Cleanup: 38905 ns, At safepoint: 1643687 ns, Total: 1962152 ns
[2025-04-26T16:32:11.365+0000][170.549s][debug][safepoint   ] Safepoint synchronization initiated using futex wait barrier. (224 threads)
[2025-04-26T16:32:11.365+0000][170.549s][info ][safepoint   ] Safepoint "Cleanup", Time since last: 1000334829 ns, Reaching safepoint: 191483 ns, Cleanup: 28753 ns, At safepoint: 21285 ns, Total: 241521 ns
[2025-04-26T16:32:12.365+0000][171.550s][debug][safepoint   ] Safepoint synchronization initiated using futex wait barrier. (224 threads)
[2025-04-26T16:32:12.365+0000][171.550s][info ][safepoint   ] Safepoint "Cleanup", Time since last: 1000199297 ns, Reaching safepoint: 273971 ns, Cleanup: 33777 ns, At safepoint: 29510 ns, Total: 337258 ns
[2025-04-26T16:32:13.366+0000][172.550s][debug][safepoint   ] Safepoint synchronization initiated using futex wait barrier. (224 threads)
[2025-04-26T16:32:13.366+0000][172.550s][info ][safepoint   ] Safepoint "Cleanup", Time since last: 1000231180 ns, Reaching safepoint: 92355 ns, Cleanup: 14295 ns, At safepoint: 5497 ns, Total: 112147 ns
[2025-04-26T16:32:14.366+0000][173.550s][debug][safepoint   ] Safepoint synchronization initiated using futex wait barrier. (224 threads)
[2025-04-26T16:32:14.366+0000][173.551s][info ][safepoint   ] Safepoint "Cleanup", Time since last: 1000095477 ns, Reaching safepoint: 91314 ns, Cleanup: 16074 ns, At safepoint: 6324 ns, Total: 113712 ns
[2025-04-26T16:32:16.366+0000][175.551s][debug][safepoint   ] Safepoint synchronization initiated using futex wait barrier. (224 threads)
[2025-04-26T16:32:16.366+0000][175.551s][info ][safepoint   ] Safepoint "Cleanup", Time since last: 2000323149 ns, Reaching safepoint: 53763 ns, Cleanup: 39047 ns, At safepoint: 3972 ns, Total: 96782 ns
[2025-04-26T16:32:17.370+0000][176.555s][debug][safepoint   ] Safepoint synchronization initiated using futex wait barrier. (224 threads)
[2025-04-26T16:32:17.370+0000][176.555s][info ][safepoint   ] Safepoint "Cleanup", Time since last: 1003642539 ns, Reaching safepoint: 323539 ns, Cleanup: 37289 ns, At safepoint: 52684 ns, Total: 413512 ns
[2025-04-26T16:32:19.371+0000][178.555s][debug][safepoint   ] Safepoint synchronization initiated using futex wait barrier. (224 threads)
[2025-04-26T16:32:19.371+0000][178.555s][info ][safepoint   ] Safepoint "Cleanup", Time since last: 2000304129 ns, Reaching safepoint: 59340 ns, Cleanup: 20706 ns, At safepoint: 4333 ns, Total: 84379 ns
[2025-04-26T16:32:20.371+0000][179.555s][debug][safepoint   ] Safepoint synchronization initiated using futex wait barrier. (224 threads)
[2025-04-26T16:32:20.371+0000][179.556s][info ][safepoint   ] Safepoint "Cleanup", Time since last: 1000077302 ns, Reaching safepoint: 61093 ns, Cleanup: 11408 ns, At safepoint: 4371 ns, Total: 76872 ns
[2025-04-26T16:32:21.969+0000][181.154s][debug][safepoint   ] Safepoint synchronization initiated using futex wait barrier. (224 threads)
[2025-04-26T16:32:21.969+0000][181.154s][info ][safepoint   ] Safepoint "Cleanup", Time since last: 1598040078 ns, Reaching safepoint: 99629 ns, Cleanup: 15162 ns, At safepoint: 4539 ns, Total: 119330 ns
[2025-04-26T16:32:22.969+0000][182.154s][debug][safepoint   ] Safepoint synchronization initiated using futex wait barrier. (224 threads)
[2025-04-26T16:32:22.969+0000][182.154s][info ][safepoint   ] Safepoint "Cleanup", Time since last: 1000097358 ns, Reaching safepoint: 90401 ns, Cleanup: 16204 ns, At safepoint: 7641 ns, Total: 114246 ns
[2025-04-26T16:32:25.970+0000][185.154s][debug][safepoint   ] Safepoint synchronization initiated using futex wait barrier. (224 threads)
[2025-04-26T16:32:25.970+0000][185.154s][info ][safepoint   ] Safepoint "Cleanup", Time since last: 3000218976 ns, Reaching safepoint: 86307 ns, Cleanup: 9772 ns, At safepoint: 4089 ns, Total: 100168 ns
[2025-04-26T16:32:26.970+0000][186.154s][debug][safepoint   ] Safepoint synchronization initiated using futex wait barrier. (224 threads)
[2025-04-26T16:32:26.970+0000][186.154s][info ][safepoint   ] Safepoint "Cleanup", Time since last: 1000079023 ns, Reaching safepoint: 81991 ns, Cleanup: 15852 ns, At safepoint: 6172 ns, Total: 104015 ns
[2025-04-26T16:32:27.970+0000][187.155s][debug][safepoint   ] Safepoint synchronization initiated using futex wait barrier. (224 threads)
[2025-04-26T16:32:27.970+0000][187.155s][info ][safepoint   ] Safepoint "Cleanup", Time since last: 1000211654 ns, Reaching safepoint: 52167 ns, Cleanup: 13675 ns, At safepoint: 3633 ns, Total: 69475 ns
[2025-04-26T16:32:29.970+0000][189.155s][debug][safepoint   ] Safepoint synchronization initiated using futex wait barrier. (223 threads)
[2025-04-26T16:32:29.970+0000][189.155s][info ][safepoint   ] Safepoint "Cleanup", Time since last: 2000215702 ns, Reaching safepoint: 78039 ns, Cleanup: 13729 ns, At safepoint: 7085 ns, Total: 98853 ns
[2025-04-26T16:32:30.971+0000][190.155s][debug][safepoint   ] Safepoint synchronization initiated using futex wait barrier. (221 threads)
[2025-04-26T16:32:30.971+0000][190.155s][info ][safepoint   ] Safepoint "Cleanup", Time since last: 1000167635 ns, Reaching safepoint: 107150 ns, Cleanup: 28028 ns, At safepoint: 11737 ns, Total: 146915 ns
[2025-04-26T16:32:31.971+0000][191.156s][debug][safepoint   ] Safepoint synchronization initiated using futex wait barrier. (221 threads)
[2025-04-26T16:32:31.971+0000][191.156s][info ][safepoint   ] Safepoint "Cleanup", Time since last: 1000176384 ns, Reaching safepoint: 240094 ns, Cleanup: 97804 ns, At safepoint: 23032 ns, Total: 360930 ns
[2025-04-26T16:32:33.972+0000][193.156s][debug][safepoint   ] Safepoint synchronization initiated using futex wait barrier. (220 threads)
[2025-04-26T16:32:33.972+0000][193.157s][info ][safepoint   ] Safepoint "Cleanup", Time since last: 2000287125 ns, Reaching safepoint: 408986 ns, Cleanup: 29273 ns, At safepoint: 24398 ns, Total: 462657 ns
[2025-04-26T16:32:34.972+0000][194.157s][debug][safepoint   ] Safepoint synchronization initiated using futex wait barrier. (219 threads)
[2025-04-26T16:32:34.972+0000][194.157s][info ][safepoint   ] Safepoint "Cleanup", Time since last: 1000240265 ns, Reaching safepoint: 89292 ns, Cleanup: 21478 ns, At safepoint: 6411 ns, Total: 117181 ns
[2025-04-26T16:32:35.973+0000][195.157s][debug][safepoint   ] Safepoint synchronization initiated using futex wait barrier. (220 threads)
[2025-04-26T16:32:35.973+0000][195.157s][info ][safepoint   ] Safepoint "Cleanup", Time since last: 1000128910 ns, Reaching safepoint: 87121 ns, Cleanup: 65018 ns, At safepoint: 10448 ns, Total: 162587 ns
[2025-04-26T16:32:36.973+0000][196.157s][debug][safepoint   ] Safepoint synchronization initiated using futex wait barrier. (220 threads)
[2025-04-26T16:32:36.973+0000][196.158s][info ][safepoint   ] Safepoint "Cleanup", Time since last: 1000122486 ns, Reaching safepoint: 94099 ns, Cleanup: 19261 ns, At safepoint: 8648 ns, Total: 122008 ns
[2025-04-26T16:32:37.973+0000][197.158s][debug][safepoint   ] Safepoint synchronization initiated using futex wait barrier. (220 threads)
[2025-04-26T16:32:37.973+0000][197.158s][info ][safepoint   ] Safepoint "Cleanup", Time since last: 1000135155 ns, Reaching safepoint: 102789 ns, Cleanup: 15249 ns, At safepoint: 9476 ns, Total: 127514 ns
[2025-04-26T16:32:38.973+0000][198.158s][debug][safepoint   ] Safepoint synchronization initiated using futex wait barrier. (220 threads)
[2025-04-26T16:32:38.974+0000][198.158s][info ][safepoint   ] Safepoint "Cleanup", Time since last: 1000202939 ns, Reaching safepoint: 192600 ns, Cleanup: 27835 ns, At safepoint: 17148 ns, Total: 237583 ns
[2025-04-26T16:32:42.974+0000][202.159s][debug][safepoint   ] Safepoint synchronization initiated using futex wait barrier. (220 threads)
[2025-04-26T16:32:42.975+0000][202.159s][info ][safepoint   ] Safepoint "Cleanup", Time since last: 4000623935 ns, Reaching safepoint: 346656 ns, Cleanup: 56098 ns, At safepoint: 48665 ns, Total: 451419 ns
[2025-04-26T16:32:43.975+0000][203.160s][debug][safepoint   ] Safepoint synchronization initiated using futex wait barrier. (220 threads)
[2025-04-26T16:32:43.976+0000][203.160s][info ][safepoint   ] Safepoint "Cleanup", Time since last: 1000321296 ns, Reaching safepoint: 191665 ns, Cleanup: 43696 ns, At safepoint: 283207 ns, Total: 518568 ns
[2025-04-26T16:32:44.976+0000][204.160s][debug][safepoint   ] Safepoint synchronization initiated using futex wait barrier. (220 threads)
[2025-04-26T16:32:44.976+0000][204.161s][info ][safepoint   ] Safepoint "Cleanup", Time since last: 1000241488 ns, Reaching safepoint: 188864 ns, Cleanup: 42841 ns, At safepoint: 24109 ns, Total: 255814 ns
[2025-04-26T16:32:46.976+0000][206.161s][debug][safepoint   ] Safepoint synchronization initiated using futex wait barrier. (220 threads)
[2025-04-26T16:32:46.977+0000][206.161s][info ][safepoint   ] Safepoint "Cleanup", Time since last: 2000335854 ns, Reaching safepoint: 124106 ns, Cleanup: 26721 ns, At safepoint: 12390 ns, Total: 163217 ns
[2025-04-26T16:32:48.977+0000][208.161s][debug][safepoint   ] Safepoint synchronization initiated using futex wait barrier. (220 threads)
[2025-04-26T16:32:48.977+0000][208.161s][info ][safepoint   ] Safepoint "Cleanup", Time since last: 2000180117 ns, Reaching safepoint: 80947 ns, Cleanup: 14131 ns, At safepoint: 6896 ns, Total: 101974 ns
[2025-04-26T16:32:49.977+0000][209.162s][debug][safepoint   ] Safepoint synchronization initiated using futex wait barrier. (220 threads)
[2025-04-26T16:32:49.977+0000][209.162s][info ][safepoint   ] Safepoint "Cleanup", Time since last: 1000151978 ns, Reaching safepoint: 216310 ns, Cleanup: 38960 ns, At safepoint: 25001 ns, Total: 280271 ns
[2025-04-26T16:32:50.977+0000][210.162s][debug][safepoint   ] Safepoint synchronization initiated using futex wait barrier. (220 threads)
[2025-04-26T16:32:50.978+0000][210.162s][info ][safepoint   ] Safepoint "Cleanup", Time since last: 1000151872 ns, Reaching safepoint: 133302 ns, Cleanup: 16968 ns, At safepoint: 12933 ns, Total: 163203 ns
[2025-04-26T16:32:52.978+0000][212.162s][debug][safepoint   ] Safepoint synchronization initiated using futex wait barrier. (220 threads)
[2025-04-26T16:32:52.978+0000][212.162s][info ][safepoint   ] Safepoint "Cleanup", Time since last: 2000231336 ns, Reaching safepoint: 81705 ns, Cleanup: 14047 ns, At safepoint: 6987 ns, Total: 102739 ns
[2025-04-26T16:32:53.978+0000][213.163s][debug][safepoint   ] Safepoint synchronization initiated using futex wait barrier. (220 threads)
[2025-04-26T16:32:53.978+0000][213.163s][info ][safepoint   ] Safepoint "Cleanup", Time since last: 1000123279 ns, Reaching safepoint: 192386 ns, Cleanup: 56867 ns, At safepoint: 23614 ns, Total: 272867 ns
[2025-04-26T16:32:54.979+0000][214.163s][debug][safepoint   ] Safepoint synchronization initiated using futex wait barrier. (220 threads)
[2025-04-26T16:32:54.979+0000][214.163s][info ][safepoint   ] Safepoint "Cleanup", Time since last: 1000288751 ns, Reaching safepoint: 192458 ns, Cleanup: 46542 ns, At safepoint: 22522 ns, Total: 261522 ns
[2025-04-26T16:32:57.979+0000][217.164s][debug][safepoint   ] Safepoint synchronization initiated using futex wait barrier. (220 threads)
[2025-04-26T16:32:57.980+0000][217.165s][info ][safepoint   ] Safepoint "Cleanup", Time since last: 3000289449 ns, Reaching safepoint: 1214597 ns, Cleanup: 21486 ns, At safepoint: 8128 ns, Total: 1244211 ns
[2025-04-26T16:32:59.981+0000][219.165s][debug][safepoint   ] Safepoint synchronization initiated using futex wait barrier. (220 threads)
[2025-04-26T16:32:59.981+0000][219.166s][info ][safepoint   ] Safepoint "Cleanup", Time since last: 2000403094 ns, Reaching safepoint: 278537 ns, Cleanup: 35070 ns, At safepoint: 26680 ns, Total: 340287 ns
[2025-04-26T16:33:00.981+0000][220.166s][debug][safepoint   ] Safepoint synchronization initiated using futex wait barrier. (220 threads)
[2025-04-26T16:33:00.982+0000][220.166s][info ][safepoint   ] Safepoint "Cleanup", Time since last: 1000214967 ns, Reaching safepoint: 185921 ns, Cleanup: 25971 ns, At safepoint: 11227 ns, Total: 223119 ns
[2025-04-26T16:33:03.982+0000][223.166s][debug][safepoint   ] Safepoint synchronization initiated using futex wait barrier. (220 threads)
[2025-04-26T16:33:03.982+0000][223.167s][info ][safepoint   ] Safepoint "Cleanup", Time since last: 3000276523 ns, Reaching safepoint: 97599 ns, Cleanup: 11361 ns, At safepoint: 5425 ns, Total: 114385 ns
[2025-04-26T16:33:05.982+0000][225.167s][debug][safepoint   ] Safepoint synchronization initiated using futex wait barrier. (220 threads)
[2025-04-26T16:33:05.983+0000][225.167s][info ][safepoint   ] Safepoint "Cleanup", Time since last: 2000265980 ns, Reaching safepoint: 225326 ns, Cleanup: 76197 ns, At safepoint: 21915 ns, Total: 323438 ns
[2025-04-26T16:33:08.983+0000][228.167s][debug][safepoint   ] Safepoint synchronization initiated using futex wait barrier. (220 threads)
[2025-04-26T16:33:08.983+0000][228.168s][info ][safepoint   ] Safepoint "Cleanup", Time since last: 3000355647 ns, Reaching safepoint: 98708 ns, Cleanup: 12729 ns, At safepoint: 4697 ns, Total: 116134 ns
[2025-04-26T16:33:09.983+0000][229.168s][debug][safepoint   ] Safepoint synchronization initiated using futex wait barrier. (220 threads)
[2025-04-26T16:33:09.984+0000][229.168s][info ][safepoint   ] Safepoint "Cleanup", Time since last: 1000206310 ns, Reaching safepoint: 199911 ns, Cleanup: 31454 ns, At safepoint: 70651 ns, Total: 302016 ns
[2025-04-26T16:33:14.984+0000][234.169s][debug][safepoint   ] Safepoint synchronization initiated using futex wait barrier. (220 threads)
[2025-04-26T16:33:14.985+0000][234.169s][info ][safepoint   ] Safepoint "Cleanup", Time since last: 5000829387 ns, Reaching safepoint: 82258 ns, Cleanup: 18774 ns, At safepoint: 6904 ns, Total: 107936 ns
[2025-04-26T16:33:15.985+0000][235.169s][debug][safepoint   ] Safepoint synchronization initiated using futex wait barrier. (220 threads)
[2025-04-26T16:33:15.985+0000][235.170s][info ][safepoint   ] Safepoint "Cleanup", Time since last: 1000191862 ns, Reaching safepoint: 236777 ns, Cleanup: 43168 ns, At safepoint: 26594 ns, Total: 306539 ns
[2025-04-26T16:33:16.985+0000][236.170s][debug][safepoint   ] Safepoint synchronization initiated using futex wait barrier. (220 threads)
[2025-04-26T16:33:16.986+0000][236.170s][info ][safepoint   ] Safepoint "Cleanup", Time since last: 1000279909 ns, Reaching safepoint: 293476 ns, Cleanup: 49444 ns, At safepoint: 25862 ns, Total: 368782 ns
[2025-04-26T16:33:17.986+0000][237.170s][debug][safepoint   ] Safepoint synchronization initiated using futex wait barrier. (220 threads)
[2025-04-26T16:33:17.986+0000][237.171s][info ][safepoint   ] Safepoint "Cleanup", Time since last: 1000231182 ns, Reaching safepoint: 263611 ns, Cleanup: 34588 ns, At safepoint: 27549 ns, Total: 325748 ns
[2025-04-26T16:33:18.986+0000][238.171s][debug][safepoint   ] Safepoint synchronization initiated using futex wait barrier. (220 threads)
[2025-04-26T16:33:18.987+0000][238.171s][info ][safepoint   ] Safepoint "Cleanup", Time since last: 1000228175 ns, Reaching safepoint: 238944 ns, Cleanup: 38824 ns, At safepoint: 25164 ns, Total: 302932 ns
[2025-04-26T16:33:19.987+0000][239.171s][debug][safepoint   ] Safepoint synchronization initiated using futex wait barrier. (220 threads)
[2025-04-26T16:33:19.987+0000][239.172s][info ][safepoint   ] Safepoint "Cleanup", Time since last: 1000201365 ns, Reaching safepoint: 196574 ns, Cleanup: 58028 ns, At safepoint: 22792 ns, Total: 277394 ns
[2025-04-26T16:33:20.988+0000][240.172s][debug][safepoint   ] Safepoint synchronization initiated using futex wait barrier. (220 threads)
[2025-04-26T16:33:20.988+0000][240.172s][info ][safepoint   ] Safepoint "Cleanup", Time since last: 1000268226 ns, Reaching safepoint: 276923 ns, Cleanup: 36668 ns, At safepoint: 22792 ns, Total: 336383 ns
[2025-04-26T16:33:22.001+0000][241.186s][debug][safepoint   ] Safepoint synchronization initiated using futex wait barrier. (220 threads)
[2025-04-26T16:33:22.002+0000][241.186s][info ][safepoint   ] Safepoint "Cleanup", Time since last: 1013267354 ns, Reaching safepoint: 347500 ns, Cleanup: 69834 ns, At safepoint: 97876 ns, Total: 515210 ns
[2025-04-26T16:33:24.002+0000][243.187s][debug][safepoint   ] Safepoint synchronization initiated using futex wait barrier. (220 threads)
[2025-04-26T16:33:24.002+0000][243.187s][info ][safepoint   ] Safepoint "Cleanup", Time since last: 2000496950 ns, Reaching safepoint: 199015 ns, Cleanup: 38887 ns, At safepoint: 28688 ns, Total: 266590 ns
[2025-04-26T16:33:25.003+0000][244.187s][debug][safepoint   ] Safepoint synchronization initiated using futex wait barrier. (220 threads)
[2025-04-26T16:33:25.003+0000][244.187s][info ][safepoint   ] Safepoint "Cleanup", Time since last: 1000180694 ns, Reaching safepoint: 100491 ns, Cleanup: 21219 ns, At safepoint: 14149 ns, Total: 135859 ns
[2025-04-26T16:33:28.003+0000][247.188s][debug][safepoint   ] Safepoint synchronization initiated using futex wait barrier. (220 threads)
[2025-04-26T16:33:28.003+0000][247.188s][info ][safepoint   ] Safepoint "Cleanup", Time since last: 3000450735 ns, Reaching safepoint: 67498 ns, Cleanup: 15629 ns, At safepoint: 6927 ns, Total: 90054 ns
[2025-04-26T16:33:29.003+0000][248.188s][debug][safepoint   ] Safepoint synchronization initiated using futex wait barrier. (219 threads)
[2025-04-26T16:33:29.003+0000][248.188s][info ][safepoint   ] Safepoint "Cleanup", Time since last: 1000112586 ns, Reaching safepoint: 71514 ns, Cleanup: 10520 ns, At safepoint: 5165 ns, Total: 87199 ns
[2025-04-26T16:33:30.773+0000][249.957s][debug][safepoint   ] Safepoint synchronization initiated using futex wait barrier. (219 threads)
[2025-04-26T16:33:30.773+0000][249.958s][info ][gc,start    ] GC(68) Pause Young (Normal) (G1 Evacuation Pause)
[2025-04-26T16:33:30.773+0000][249.958s][info ][gc,task     ] GC(68) Using 4 workers of 4 for evacuation
[2025-04-26T16:33:30.833+0000][250.018s][info ][gc,phases   ] GC(68)   Pre Evacuate Collection Set: 0.4ms
[2025-04-26T16:33:30.833+0000][250.018s][info ][gc,phases   ] GC(68)   Merge Heap Roots: 0.4ms
[2025-04-26T16:33:30.833+0000][250.018s][info ][gc,phases   ] GC(68)   Evacuate Collection Set: 56.9ms
[2025-04-26T16:33:30.834+0000][250.018s][info ][gc,phases   ] GC(68)   Post Evacuate Collection Set: 2.3ms
[2025-04-26T16:33:30.834+0000][250.018s][info ][gc,phases   ] GC(68)   Other: 0.3ms
[2025-04-26T16:33:30.834+0000][250.018s][info ][gc,heap     ] GC(68) Eden regions: 363->0(368)
[2025-04-26T16:33:30.834+0000][250.018s][info ][gc,heap     ] GC(68) Survivor regions: 31->26(50)
[2025-04-26T16:33:30.834+0000][250.018s][info ][gc,heap     ] GC(68) Old regions: 154->166
[2025-04-26T16:33:30.834+0000][250.018s][info ][gc,heap     ] GC(68) Archive regions: 2->2
[2025-04-26T16:33:30.834+0000][250.018s][info ][gc,heap     ] GC(68) Humongous regions: 0->0
[2025-04-26T16:33:30.834+0000][250.018s][info ][gc,metaspace] GC(68) Metaspace: 191340K(192704K)->191340K(192704K) NonClass: 168076K(168768K)->168076K(168768K) Class: 23264K(23936K)->23264K(23936K)
[2025-04-26T16:33:30.834+0000][250.018s][info ][gc          ] GC(68) Pause Young (Normal) (G1 Evacuation Pause) 547M->191M(657M) 60.425ms
[2025-04-26T16:33:30.834+0000][250.018s][info ][gc,cpu      ] GC(68) User=0.18s Sys=0.00s Real=0.06s
[2025-04-26T16:33:30.834+0000][250.018s][info ][safepoint   ] Safepoint "G1CollectForAllocation", Time since last: 1769494324 ns, Reaching safepoint: 141719 ns, Cleanup: 32674 ns, At safepoint: 60848618 ns, Total: 61023011 ns
[2025-04-26T16:33:31.834+0000][251.019s][debug][safepoint   ] Safepoint synchronization initiated using futex wait barrier. (219 threads)
[2025-04-26T16:33:31.834+0000][251.019s][info ][safepoint   ] Safepoint "Cleanup", Time since last: 1000216834 ns, Reaching safepoint: 86415 ns, Cleanup: 24137 ns, At safepoint: 19817 ns, Total: 130369 ns
[2025-04-26T16:33:32.835+0000][252.019s][debug][safepoint   ] Safepoint synchronization initiated using futex wait barrier. (218 threads)
[2025-04-26T16:33:32.835+0000][252.020s][info ][safepoint   ] Safepoint "Cleanup", Time since last: 1000326068 ns, Reaching safepoint: 390125 ns, Cleanup: 54634 ns, At safepoint: 79546 ns, Total: 524305 ns
[2025-04-26T16:33:33.835+0000][253.020s][debug][safepoint   ] Safepoint synchronization initiated using futex wait barrier. (218 threads)
[2025-04-26T16:33:33.835+0000][253.020s][info ][safepoint   ] Safepoint "Cleanup", Time since last: 1000173175 ns, Reaching safepoint: 76030 ns, Cleanup: 18233 ns, At safepoint: 4223 ns, Total: 98486 ns
[2025-04-26T16:33:35.836+0000][255.020s][debug][safepoint   ] Safepoint synchronization initiated using futex wait barrier. (217 threads)
[2025-04-26T16:33:35.836+0000][255.021s][info ][safepoint   ] Safepoint "Cleanup", Time since last: 2000347116 ns, Reaching safepoint: 222249 ns, Cleanup: 40612 ns, At safepoint: 23696 ns, Total: 286557 ns
[2025-04-26T16:33:37.836+0000][257.021s][debug][safepoint   ] Safepoint synchronization initiated using futex wait barrier. (217 threads)
[2025-04-26T16:33:37.837+0000][257.021s][info ][safepoint   ] Safepoint "Cleanup", Time since last: 2000232819 ns, Reaching safepoint: 172252 ns, Cleanup: 28528 ns, At safepoint: 19286 ns, Total: 220066 ns
[2025-04-26T16:33:38.837+0000][258.021s][debug][safepoint   ] Safepoint synchronization initiated using futex wait barrier. (217 threads)
[2025-04-26T16:33:38.837+0000][258.021s][info ][safepoint   ] Safepoint "Cleanup", Time since last: 1000198935 ns, Reaching safepoint: 185171 ns, Cleanup: 36427 ns, At safepoint: 14570 ns, Total: 236168 ns
[2025-04-26T16:33:39.837+0000][259.022s][debug][safepoint   ] Safepoint synchronization initiated using futex wait barrier. (217 threads)
[2025-04-26T16:33:39.837+0000][259.022s][info ][safepoint   ] Safepoint "Cleanup", Time since last: 1000125253 ns, Reaching safepoint: 83663 ns, Cleanup: 11841 ns, At safepoint: 18689 ns, Total: 114193 ns
[2025-04-26T16:33:40.837+0000][260.022s][debug][safepoint   ] Safepoint synchronization initiated using futex wait barrier. (217 threads)
[2025-04-26T16:33:40.838+0000][260.022s][info ][safepoint   ] Safepoint "Cleanup", Time since last: 1000208136 ns, Reaching safepoint: 239084 ns, Cleanup: 51558 ns, At safepoint: 23296 ns, Total: 313938 ns
[2025-04-26T16:33:41.838+0000][261.023s][debug][safepoint   ] Safepoint synchronization initiated using futex wait barrier. (217 threads)
[2025-04-26T16:33:41.838+0000][261.023s][info ][safepoint   ] Safepoint "Cleanup", Time since last: 1000292151 ns, Reaching safepoint: 253774 ns, Cleanup: 50449 ns, At safepoint: 24453 ns, Total: 328676 ns
[2025-04-26T16:33:42.838+0000][262.023s][debug][safepoint   ] Safepoint synchronization initiated using futex wait barrier. (217 threads)
[2025-04-26T16:33:42.839+0000][262.023s][info ][safepoint   ] Safepoint "Cleanup", Time since last: 1000159697 ns, Reaching safepoint: 62044 ns, Cleanup: 13760 ns, At safepoint: 3806 ns, Total: 79610 ns
[2025-04-26T16:33:43.839+0000][263.023s][debug][safepoint   ] Safepoint synchronization initiated using futex wait barrier. (217 threads)
[2025-04-26T16:33:43.839+0000][263.024s][info ][safepoint   ] Safepoint "Cleanup", Time since last: 1000117195 ns, Reaching safepoint: 197117 ns, Cleanup: 258014 ns, At safepoint: 26356 ns, Total: 481487 ns
[2025-04-26T16:33:44.839+0000][264.024s][debug][safepoint   ] Safepoint synchronization initiated using futex wait barrier. (217 threads)
[2025-04-26T16:33:44.840+0000][264.024s][info ][safepoint   ] Safepoint "Cleanup", Time since last: 1000298455 ns, Reaching safepoint: 258111 ns, Cleanup: 35012 ns, At safepoint: 48325 ns, Total: 341448 ns
[2025-04-26T16:33:45.840+0000][265.025s][debug][safepoint   ] Safepoint synchronization initiated using futex wait barrier. (217 threads)
[2025-04-26T16:33:45.840+0000][265.025s][info ][safepoint   ] Safepoint "Cleanup", Time since last: 1000246497 ns, Reaching safepoint: 244048 ns, Cleanup: 46936 ns, At safepoint: 27175 ns, Total: 318159 ns
[2025-04-26T16:33:50.841+0000][270.026s][debug][safepoint   ] Safepoint synchronization initiated using futex wait barrier. (217 threads)
[2025-04-26T16:33:50.841+0000][270.026s][info ][safepoint   ] Safepoint "Cleanup", Time since last: 5000883533 ns, Reaching safepoint: 146234 ns, Cleanup: 20162 ns, At safepoint: 24782 ns, Total: 191178 ns
[2025-04-26T16:33:54.842+0000][274.027s][debug][safepoint   ] Safepoint synchronization initiated using futex wait barrier. (217 threads)
[2025-04-26T16:33:54.842+0000][274.027s][info ][safepoint   ] Safepoint "Cleanup", Time since last: 4000532550 ns, Reaching safepoint: 237733 ns, Cleanup: 44833 ns, At safepoint: 28959 ns, Total: 311525 ns
[2025-04-26T16:33:57.843+0000][277.027s][debug][safepoint   ] Safepoint synchronization initiated using futex wait barrier. (217 threads)
[2025-04-26T16:33:57.843+0000][277.028s][info ][safepoint   ] Safepoint "Cleanup", Time since last: 3000427611 ns, Reaching safepoint: 306249 ns, Cleanup: 33162 ns, At safepoint: 24279 ns, Total: 363690 ns
[2025-04-26T16:33:59.843+0000][279.028s][debug][safepoint   ] Safepoint synchronization initiated using futex wait barrier. (217 threads)
[2025-04-26T16:33:59.844+0000][279.028s][info ][safepoint   ] Safepoint "Cleanup", Time since last: 2000290899 ns, Reaching safepoint: 285711 ns, Cleanup: 42730 ns, At safepoint: 28070 ns, Total: 356511 ns
[2025-04-26T16:34:16.847+0000][296.031s][debug][safepoint   ] Safepoint synchronization initiated using futex wait barrier. (217 threads)
[2025-04-26T16:34:16.847+0000][296.032s][info ][safepoint   ] Safepoint "Cleanup", Time since last: 17002955020 ns, Reaching safepoint: 233408 ns, Cleanup: 45183 ns, At safepoint: 24899 ns, Total: 303490 ns
[2025-04-26T16:34:18.847+0000][298.032s][debug][safepoint   ] Safepoint synchronization initiated using futex wait barrier. (217 threads)
[2025-04-26T16:34:18.848+0000][298.032s][info ][safepoint   ] Safepoint "Cleanup", Time since last: 2000366333 ns, Reaching safepoint: 232780 ns, Cleanup: 34830 ns, At safepoint: 17898 ns, Total: 285508 ns
[2025-04-26T16:34:19.848+0000][299.032s][debug][safepoint   ] Safepoint synchronization initiated using futex wait barrier. (217 threads)
[2025-04-26T16:34:19.848+0000][299.032s][info ][safepoint   ] Safepoint "Cleanup", Time since last: 1000135488 ns, Reaching safepoint: 61011 ns, Cleanup: 9550 ns, At safepoint: 4500 ns, Total: 75061 ns
[2025-04-26T16:34:21.848+0000][301.033s][debug][safepoint   ] Safepoint synchronization initiated using futex wait barrier. (217 threads)
[2025-04-26T16:34:21.849+0000][301.033s][info ][safepoint   ] Safepoint "Cleanup", Time since last: 2000286477 ns, Reaching safepoint: 303524 ns, Cleanup: 29868 ns, At safepoint: 83893 ns, Total: 417285 ns
[2025-04-26T16:34:27.849+0000][307.034s][debug][safepoint   ] Safepoint synchronization initiated using futex wait barrier. (217 threads)
[2025-04-26T16:34:27.850+0000][307.034s][info ][safepoint   ] Safepoint "Cleanup", Time since last: 6000852442 ns, Reaching safepoint: 395001 ns, Cleanup: 39214 ns, At safepoint: 22969 ns, Total: 457184 ns
[2025-04-26T16:34:28.850+0000][308.035s][debug][safepoint   ] Safepoint synchronization initiated using futex wait barrier. (217 threads)
[2025-04-26T16:34:28.850+0000][308.035s][info ][safepoint   ] Safepoint "Cleanup", Time since last: 1000248805 ns, Reaching safepoint: 244319 ns, Cleanup: 39807 ns, At safepoint: 22183 ns, Total: 306309 ns
[2025-04-26T16:34:30.851+0000][310.035s][debug][safepoint   ] Safepoint synchronization initiated using futex wait barrier. (217 threads)
[2025-04-26T16:34:30.851+0000][310.035s][info ][safepoint   ] Safepoint "Cleanup", Time since last: 2000286497 ns, Reaching safepoint: 179081 ns, Cleanup: 41658 ns, At safepoint: 19171 ns, Total: 239910 ns
[2025-04-26T16:34:31.851+0000][311.036s][debug][safepoint   ] Safepoint synchronization initiated using futex wait barrier. (217 threads)
[2025-04-26T16:34:31.851+0000][311.036s][info ][safepoint   ] Safepoint "Cleanup", Time since last: 1000167983 ns, Reaching safepoint: 217205 ns, Cleanup: 45021 ns, At safepoint: 23176 ns, Total: 285402 ns
[2025-04-26T16:34:32.852+0000][312.036s][debug][safepoint   ] Safepoint synchronization initiated using futex wait barrier. (216 threads)
[2025-04-26T16:34:32.852+0000][312.036s][info ][safepoint   ] Safepoint "Cleanup", Time since last: 1000201715 ns, Reaching safepoint: 214342 ns, Cleanup: 61799 ns, At safepoint: 24940 ns, Total: 301081 ns
[2025-04-26T16:34:33.852+0000][313.037s][debug][safepoint   ] Safepoint synchronization initiated using futex wait barrier. (216 threads)
[2025-04-26T16:34:33.853+0000][313.037s][info ][safepoint   ] Safepoint "Cleanup", Time since last: 1000261534 ns, Reaching safepoint: 302162 ns, Cleanup: 45017 ns, At safepoint: 57811 ns, Total: 404990 ns
[2025-04-26T16:34:34.853+0000][314.037s][debug][safepoint   ] Safepoint synchronization initiated using futex wait barrier. (216 threads)
[2025-04-26T16:34:34.853+0000][314.037s][info ][safepoint   ] Safepoint "Cleanup", Time since last: 1000185747 ns, Reaching safepoint: 95702 ns, Cleanup: 16798 ns, At safepoint: 8625 ns, Total: 121125 ns
[2025-04-26T16:34:39.854+0000][319.038s][debug][safepoint   ] Safepoint synchronization initiated using futex wait barrier. (215 threads)
[2025-04-26T16:34:39.854+0000][319.039s][info ][safepoint   ] Safepoint "Cleanup", Time since last: 5000938548 ns, Reaching safepoint: 248429 ns, Cleanup: 50763 ns, At safepoint: 25032 ns, Total: 324224 ns
[2025-04-26T16:34:40.854+0000][320.039s][debug][safepoint   ] Safepoint synchronization initiated using futex wait barrier. (215 threads)
[2025-04-26T16:34:40.854+0000][320.039s][info ][safepoint   ] Safepoint "Cleanup", Time since last: 1000237466 ns, Reaching safepoint: 69710 ns, Cleanup: 16931 ns, At safepoint: 7439 ns, Total: 94080 ns
[2025-04-26T16:34:41.855+0000][321.039s][debug][safepoint   ] Safepoint synchronization initiated using futex wait barrier. (215 threads)
[2025-04-26T16:34:41.855+0000][321.039s][info ][safepoint   ] Safepoint "Cleanup", Time since last: 1000159543 ns, Reaching safepoint: 132547 ns, Cleanup: 19985 ns, At safepoint: 11526 ns, Total: 164058 ns
[2025-04-26T16:34:42.855+0000][322.039s][debug][safepoint   ] Safepoint synchronization initiated using futex wait barrier. (215 threads)
[2025-04-26T16:34:42.855+0000][322.040s][info ][safepoint   ] Safepoint "Cleanup", Time since last: 1000151569 ns, Reaching safepoint: 54828 ns, Cleanup: 9887 ns, At safepoint: 4127 ns, Total: 68842 ns
[2025-04-26T16:34:43.855+0000][323.040s][debug][safepoint   ] Safepoint synchronization initiated using futex wait barrier. (215 threads)
[2025-04-26T16:34:43.855+0000][323.040s][info ][safepoint   ] Safepoint "Cleanup", Time since last: 1000210230 ns, Reaching safepoint: 178008 ns, Cleanup: 42607 ns, At safepoint: 21894 ns, Total: 242509 ns
[2025-04-26T16:34:44.856+0000][324.040s][debug][safepoint   ] Safepoint synchronization initiated using futex wait barrier. (215 threads)
[2025-04-26T16:34:44.856+0000][324.040s][info ][safepoint   ] Safepoint "Cleanup", Time since last: 1000093020 ns, Reaching safepoint: 82373 ns, Cleanup: 14179 ns, At safepoint: 7524 ns, Total: 104076 ns
[2025-04-26T16:34:47.856+0000][327.041s][debug][safepoint   ] Safepoint synchronization initiated using futex wait barrier. (215 threads)
[2025-04-26T16:34:47.856+0000][327.041s][info ][safepoint   ] Safepoint "Cleanup", Time since last: 3000351671 ns, Reaching safepoint: 222145 ns, Cleanup: 44312 ns, At safepoint: 28690 ns, Total: 295147 ns
[2025-04-26T16:34:48.857+0000][328.041s][debug][safepoint   ] Safepoint synchronization initiated using futex wait barrier. (215 threads)
[2025-04-26T16:34:48.857+0000][328.042s][info ][safepoint   ] Safepoint "Cleanup", Time since last: 1000305169 ns, Reaching safepoint: 306486 ns, Cleanup: 34979 ns, At safepoint: 31804 ns, Total: 373269 ns
[2025-04-26T16:34:49.857+0000][329.042s][debug][safepoint   ] Safepoint synchronization initiated using futex wait barrier. (215 threads)
[2025-04-26T16:34:49.858+0000][329.042s][info ][safepoint   ] Safepoint "Cleanup", Time since last: 1000302643 ns, Reaching safepoint: 202142 ns, Cleanup: 30082 ns, At safepoint: 64774 ns, Total: 296998 ns
[2025-04-26T16:34:51.858+0000][331.042s][debug][safepoint   ] Safepoint synchronization initiated using futex wait barrier. (215 threads)
[2025-04-26T16:34:51.858+0000][331.043s][info ][safepoint   ] Safepoint "Cleanup", Time since last: 2000317795 ns, Reaching safepoint: 218704 ns, Cleanup: 34230 ns, At safepoint: 23647 ns, Total: 276581 ns
[2025-04-26T16:34:54.859+0000][334.043s][debug][safepoint   ] Safepoint synchronization initiated using futex wait barrier. (215 threads)
[2025-04-26T16:34:54.859+0000][334.043s][info ][safepoint   ] Safepoint "Cleanup", Time since last: 3000402433 ns, Reaching safepoint: 239093 ns, Cleanup: 32634 ns, At safepoint: 27367 ns, Total: 299094 ns
[2025-04-26T16:34:58.860+0000][338.044s][debug][safepoint   ] Safepoint synchronization initiated using futex wait barrier. (215 threads)
[2025-04-26T16:34:58.860+0000][338.044s][info ][safepoint   ] Safepoint "Cleanup", Time since last: 4000627641 ns, Reaching safepoint: 152834 ns, Cleanup: 13530 ns, At safepoint: 7284 ns, Total: 173648 ns
[2025-04-26T16:35:00.860+0000][340.045s][debug][safepoint   ] Safepoint synchronization initiated using futex wait barrier. (215 threads)
[2025-04-26T16:35:00.860+0000][340.045s][info ][safepoint   ] Safepoint "Cleanup", Time since last: 2000300776 ns, Reaching safepoint: 241057 ns, Cleanup: 41956 ns, At safepoint: 27751 ns, Total: 310764 ns
[2025-04-26T16:35:01.861+0000][341.045s][debug][safepoint   ] Safepoint synchronization initiated using futex wait barrier. (215 threads)
[2025-04-26T16:35:01.861+0000][341.045s][info ][safepoint   ] Safepoint "Cleanup", Time since last: 1000331907 ns, Reaching safepoint: 185087 ns, Cleanup: 30284 ns, At safepoint: 18542 ns, Total: 233913 ns
[2025-04-26T16:35:02.861+0000][342.046s][debug][safepoint   ] Safepoint synchronization initiated using futex wait barrier. (215 threads)
[2025-04-26T16:35:02.861+0000][342.046s][info ][safepoint   ] Safepoint "Cleanup", Time since last: 1000188148 ns, Reaching safepoint: 214037 ns, Cleanup: 56028 ns, At safepoint: 23486 ns, Total: 293551 ns
[2025-04-26T16:35:03.862+0000][343.046s][debug][safepoint   ] Safepoint synchronization initiated using futex wait barrier. (215 threads)
[2025-04-26T16:35:03.862+0000][343.046s][info ][safepoint   ] Safepoint "Cleanup", Time since last: 1000282527 ns, Reaching safepoint: 199768 ns, Cleanup: 39582 ns, At safepoint: 23748 ns, Total: 263098 ns
[2025-04-26T16:35:05.862+0000][345.047s][debug][safepoint   ] Safepoint synchronization initiated using futex wait barrier. (215 threads)
[2025-04-26T16:35:05.863+0000][345.047s][info ][safepoint   ] Safepoint "Cleanup", Time since last: 2000460117 ns, Reaching safepoint: 300918 ns, Cleanup: 48268 ns, At safepoint: 24792 ns, Total: 373978 ns
[2025-04-26T16:35:06.863+0000][346.048s][debug][safepoint   ] Safepoint synchronization initiated using futex wait barrier. (215 threads)
[2025-04-26T16:35:06.863+0000][346.048s][info ][safepoint   ] Safepoint "Cleanup", Time since last: 1000266609 ns, Reaching safepoint: 196507 ns, Cleanup: 34367 ns, At safepoint: 23959 ns, Total: 254833 ns
[2025-04-26T16:35:07.863+0000][347.048s][debug][safepoint   ] Safepoint synchronization initiated using futex wait barrier. (215 threads)
[2025-04-26T16:35:07.864+0000][347.048s][info ][safepoint   ] Safepoint "Cleanup", Time since last: 1000190653 ns, Reaching safepoint: 71247 ns, Cleanup: 13014 ns, At safepoint: 14917 ns, Total: 99178 ns
[2025-04-26T16:35:08.864+0000][348.048s][debug][safepoint   ] Safepoint synchronization initiated using futex wait barrier. (215 threads)
[2025-04-26T16:35:08.864+0000][348.049s][info ][safepoint   ] Safepoint "Cleanup", Time since last: 1000160907 ns, Reaching safepoint: 223678 ns, Cleanup: 29601 ns, At safepoint: 20887 ns, Total: 274166 ns
[2025-04-26T16:35:09.864+0000][349.049s][debug][safepoint   ] Safepoint synchronization initiated using futex wait barrier. (215 threads)
[2025-04-26T16:35:09.864+0000][349.049s][info ][safepoint   ] Safepoint "Cleanup", Time since last: 1000207885 ns, Reaching safepoint: 273436 ns, Cleanup: 26874 ns, At safepoint: 23672 ns, Total: 323982 ns
[2025-04-26T16:35:14.865+0000][354.050s][debug][safepoint   ] Safepoint synchronization initiated using futex wait barrier. (215 threads)
[2025-04-26T16:35:14.866+0000][354.050s][info ][safepoint   ] Safepoint "Cleanup", Time since last: 5000757879 ns, Reaching safepoint: 192412 ns, Cleanup: 41270 ns, At safepoint: 20846 ns, Total: 254528 ns
[2025-04-26T16:35:15.866+0000][355.051s][debug][safepoint   ] Safepoint synchronization initiated using futex wait barrier. (215 threads)
[2025-04-26T16:35:15.866+0000][355.051s][info ][safepoint   ] Safepoint "Cleanup", Time since last: 1000452193 ns, Reaching safepoint: 248435 ns, Cleanup: 44290 ns, At safepoint: 26608 ns, Total: 319333 ns
[2025-04-26T16:35:16.866+0000][356.051s][debug][safepoint   ] Safepoint synchronization initiated using futex wait barrier. (215 threads)
[2025-04-26T16:35:16.867+0000][356.051s][info ][safepoint   ] Safepoint "Cleanup", Time since last: 1000164250 ns, Reaching safepoint: 72913 ns, Cleanup: 21174 ns, At safepoint: 5854 ns, Total: 99941 ns
[2025-04-26T16:35:20.867+0000][360.052s][debug][safepoint   ] Safepoint synchronization initiated using futex wait barrier. (215 threads)
[2025-04-26T16:35:20.867+0000][360.052s][info ][safepoint   ] Safepoint "Cleanup", Time since last: 4000494129 ns, Reaching safepoint: 225347 ns, Cleanup: 34352 ns, At safepoint: 25316 ns, Total: 285015 ns
[2025-04-26T16:35:23.868+0000][363.052s][debug][safepoint   ] Safepoint synchronization initiated using futex wait barrier. (215 threads)
[2025-04-26T16:35:23.868+0000][363.053s][info ][safepoint   ] Safepoint "Cleanup", Time since last: 3000442887 ns, Reaching safepoint: 200327 ns, Cleanup: 42142 ns, At safepoint: 22664 ns, Total: 265133 ns
[2025-04-26T16:35:27.869+0000][367.053s][debug][safepoint   ] Safepoint synchronization initiated using futex wait barrier. (215 threads)
[2025-04-26T16:35:27.869+0000][367.053s][info ][safepoint   ] Safepoint "Cleanup", Time since last: 4000498987 ns, Reaching safepoint: 73821 ns, Cleanup: 15772 ns, At safepoint: 6121 ns, Total: 95714 ns
[2025-04-26T16:35:28.869+0000][368.053s][debug][safepoint   ] Safepoint synchronization initiated using futex wait barrier. (215 threads)
[2025-04-26T16:35:28.870+0000][368.054s][info ][safepoint   ] Safepoint "Cleanup", Time since last: 1000156668 ns, Reaching safepoint: 716906 ns, Cleanup: 53991 ns, At safepoint: 17229 ns, Total: 788126 ns
[2025-04-26T16:35:29.870+0000][369.054s][debug][safepoint   ] Safepoint synchronization initiated using futex wait barrier. (215 threads)
[2025-04-26T16:35:29.870+0000][369.055s][info ][safepoint   ] Safepoint "Cleanup", Time since last: 1000282623 ns, Reaching safepoint: 131194 ns, Cleanup: 25098 ns, At safepoint: 12559 ns, Total: 168851 ns
[2025-04-26T16:35:30.870+0000][370.055s][debug][safepoint   ] Safepoint synchronization initiated using futex wait barrier. (215 threads)
[2025-04-26T16:35:30.870+0000][370.055s][info ][safepoint   ] Safepoint "Cleanup", Time since last: 1000121656 ns, Reaching safepoint: 69350 ns, Cleanup: 10546 ns, At safepoint: 4065 ns, Total: 83961 ns
[2025-04-26T16:35:31.870+0000][371.055s][debug][safepoint   ] Safepoint synchronization initiated using futex wait barrier. (215 threads)
[2025-04-26T16:35:31.871+0000][371.055s][info ][safepoint   ] Safepoint "Cleanup", Time since last: 1000160189 ns, Reaching safepoint: 368020 ns, Cleanup: 36043 ns, At safepoint: 22949 ns, Total: 427012 ns
[2025-04-26T16:35:32.871+0000][372.056s][debug][safepoint   ] Safepoint synchronization initiated using futex wait barrier. (214 threads)
[2025-04-26T16:35:32.871+0000][372.056s][info ][safepoint   ] Safepoint "Cleanup", Time since last: 1000202206 ns, Reaching safepoint: 243654 ns, Cleanup: 23060 ns, At safepoint: 8614 ns, Total: 275328 ns
[2025-04-26T16:35:34.872+0000][374.056s][debug][safepoint   ] Safepoint synchronization initiated using futex wait barrier. (214 threads)
[2025-04-26T16:35:34.872+0000][374.057s][info ][safepoint   ] Safepoint "Cleanup", Time since last: 2000402086 ns, Reaching safepoint: 236103 ns, Cleanup: 31376 ns, At safepoint: 22480 ns, Total: 289959 ns
[2025-04-26T16:35:37.872+0000][377.057s][debug][safepoint   ] Safepoint synchronization initiated using futex wait barrier. (213 threads)
[2025-04-26T16:35:37.872+0000][377.057s][info ][safepoint   ] Safepoint "Cleanup", Time since last: 3000339628 ns, Reaching safepoint: 93823 ns, Cleanup: 13500 ns, At safepoint: 5573 ns, Total: 112896 ns
[2025-04-26T16:35:43.656+0000][382.841s][debug][safepoint   ] Safepoint synchronization initiated using futex wait barrier. (213 threads)
[2025-04-26T16:35:43.656+0000][382.841s][info ][safepoint   ] Safepoint "Cleanup", Time since last: 5783600435 ns, Reaching safepoint: 84696 ns, Cleanup: 30629 ns, At safepoint: 11491 ns, Total: 126816 ns
[2025-04-26T16:35:44.656+0000][383.841s][debug][safepoint   ] Safepoint synchronization initiated using futex wait barrier. (213 threads)
[2025-04-26T16:35:44.657+0000][383.842s][info ][safepoint   ] Safepoint "Cleanup", Time since last: 1000214188 ns, Reaching safepoint: 286467 ns, Cleanup: 292435 ns, At safepoint: 34007 ns, Total: 612909 ns
[2025-04-26T16:35:45.657+0000][384.842s][debug][safepoint   ] Safepoint synchronization initiated using futex wait barrier. (213 threads)
[2025-04-26T16:35:45.657+0000][384.842s][info ][safepoint   ] Safepoint "Cleanup", Time since last: 1000275156 ns, Reaching safepoint: 108792 ns, Cleanup: 17242 ns, At safepoint: 12074 ns, Total: 138108 ns
[2025-04-26T16:35:47.658+0000][386.842s][debug][safepoint   ] Safepoint synchronization initiated using futex wait barrier. (213 threads)
[2025-04-26T16:35:47.658+0000][386.843s][info ][safepoint   ] Safepoint "Cleanup", Time since last: 2000321571 ns, Reaching safepoint: 226963 ns, Cleanup: 36662 ns, At safepoint: 39139 ns, Total: 302764 ns
[2025-04-26T16:35:50.659+0000][389.843s][debug][safepoint   ] Safepoint synchronization initiated using futex wait barrier. (213 threads)
[2025-04-26T16:35:50.659+0000][389.843s][info ][safepoint   ] Safepoint "Cleanup", Time since last: 3000606160 ns, Reaching safepoint: 73804 ns, Cleanup: 14606 ns, At safepoint: 5968 ns, Total: 94378 ns
[2025-04-26T16:35:51.660+0000][390.845s][debug][safepoint   ] Safepoint synchronization initiated using futex wait barrier. (213 threads)
[2025-04-26T16:35:51.661+0000][390.845s][info ][safepoint   ] Safepoint "Cleanup", Time since last: 1001762992 ns, Reaching safepoint: 300111 ns, Cleanup: 89351 ns, At safepoint: 24180 ns, Total: 413642 ns
[2025-04-26T16:35:57.662+0000][396.847s][debug][safepoint   ] Safepoint synchronization initiated using futex wait barrier. (213 threads)
[2025-04-26T16:35:57.662+0000][396.847s][info ][safepoint   ] Safepoint "Cleanup", Time since last: 6001070485 ns, Reaching safepoint: 158671 ns, Cleanup: 31053 ns, At safepoint: 17146 ns, Total: 206870 ns
[2025-04-26T16:36:00.663+0000][399.847s][debug][safepoint   ] Safepoint synchronization initiated using futex wait barrier. (213 threads)
[2025-04-26T16:36:00.663+0000][399.848s][info ][safepoint   ] Safepoint "Cleanup", Time since last: 3000635786 ns, Reaching safepoint: 283661 ns, Cleanup: 34208 ns, At safepoint: 23005 ns, Total: 340874 ns
[2025-04-26T16:36:02.664+0000][401.848s][debug][safepoint   ] Safepoint synchronization initiated using futex wait barrier. (213 threads)
[2025-04-26T16:36:02.664+0000][401.848s][info ][safepoint   ] Safepoint "Cleanup", Time since last: 2000333743 ns, Reaching safepoint: 267028 ns, Cleanup: 29531 ns, At safepoint: 18283 ns, Total: 314842 ns
[2025-04-26T16:36:04.664+0000][403.849s][debug][safepoint   ] Safepoint synchronization initiated using futex wait barrier. (213 threads)
[2025-04-26T16:36:04.664+0000][403.849s][info ][safepoint   ] Safepoint "Cleanup", Time since last: 2000282588 ns, Reaching safepoint: 148504 ns, Cleanup: 36886 ns, At safepoint: 15028 ns, Total: 200418 ns
[2025-04-26T16:36:06.621+0000][405.806s][debug][safepoint   ] Safepoint synchronization initiated using futex wait barrier. (213 threads)
[2025-04-26T16:36:06.622+0000][405.806s][info ][safepoint   ] Safepoint "Cleanup", Time since last: 1957162044 ns, Reaching safepoint: 273037 ns, Cleanup: 67126 ns, At safepoint: 37117 ns, Total: 377280 ns
[2025-04-26T16:36:08.622+0000][407.807s][debug][safepoint   ] Safepoint synchronization initiated using futex wait barrier. (213 threads)
[2025-04-26T16:36:08.622+0000][407.807s][info ][safepoint   ] Safepoint "Cleanup", Time since last: 2000328563 ns, Reaching safepoint: 230715 ns, Cleanup: 30774 ns, At safepoint: 35380 ns, Total: 296869 ns
[2025-04-26T16:36:12.623+0000][411.808s][debug][safepoint   ] Safepoint synchronization initiated using futex wait barrier. (213 threads)
[2025-04-26T16:36:12.623+0000][411.808s][info ][safepoint   ] Safepoint "Cleanup", Time since last: 4000622416 ns, Reaching safepoint: 301125 ns, Cleanup: 61479 ns, At safepoint: 21931 ns, Total: 384535 ns
[2025-04-26T16:36:15.624+0000][414.809s][debug][safepoint   ] Safepoint synchronization initiated using futex wait barrier. (213 threads)
[2025-04-26T16:36:15.624+0000][414.809s][info ][safepoint   ] Safepoint "Cleanup", Time since last: 3000629061 ns, Reaching safepoint: 113286 ns, Cleanup: 13035 ns, At safepoint: 6654 ns, Total: 132975 ns
[2025-04-26T16:36:18.625+0000][417.809s][debug][safepoint   ] Safepoint synchronization initiated using futex wait barrier. (213 threads)
[2025-04-26T16:36:18.625+0000][417.810s][info ][safepoint   ] Safepoint "Cleanup", Time since last: 3000461084 ns, Reaching safepoint: 264895 ns, Cleanup: 33733 ns, At safepoint: 22448 ns, Total: 321076 ns
[2025-04-26T16:36:19.625+0000][418.810s][debug][safepoint   ] Safepoint synchronization initiated using futex wait barrier. (213 threads)
[2025-04-26T16:36:19.625+0000][418.810s][info ][safepoint   ] Safepoint "Cleanup", Time since last: 1000193562 ns, Reaching safepoint: 87873 ns, Cleanup: 15830 ns, At safepoint: 10108 ns, Total: 113811 ns
[2025-04-26T16:36:21.626+0000][420.810s][debug][safepoint   ] Safepoint synchronization initiated using futex wait barrier. (213 threads)
[2025-04-26T16:36:21.626+0000][420.810s][info ][safepoint   ] Safepoint "Cleanup", Time since last: 2000288899 ns, Reaching safepoint: 233994 ns, Cleanup: 31843 ns, At safepoint: 20284 ns, Total: 286121 ns
[2025-04-26T16:36:28.627+0000][427.811s][debug][safepoint   ] Safepoint synchronization initiated using futex wait barrier. (213 threads)
[2025-04-26T16:36:28.628+0000][427.812s][info ][safepoint   ] Safepoint "Cleanup", Time since last: 7000975029 ns, Reaching safepoint: 741123 ns, Cleanup: 62410 ns, At safepoint: 27428 ns, Total: 830961 ns
[2025-04-26T16:36:30.628+0000][429.813s][debug][safepoint   ] Safepoint synchronization initiated using futex wait barrier. (213 threads)
[2025-04-26T16:36:30.628+0000][429.813s][info ][safepoint   ] Safepoint "Cleanup", Time since last: 2000570879 ns, Reaching safepoint: 73897 ns, Cleanup: 22543 ns, At safepoint: 6413 ns, Total: 102853 ns
[2025-04-26T16:36:31.629+0000][430.813s][debug][safepoint   ] Safepoint synchronization initiated using futex wait barrier. (213 threads)
[2025-04-26T16:36:31.629+0000][430.813s][info ][safepoint   ] Safepoint "Cleanup", Time since last: 1000124858 ns, Reaching safepoint: 215558 ns, Cleanup: 31702 ns, At safepoint: 15983 ns, Total: 263243 ns
[2025-04-26T16:36:33.515+0000][432.700s][debug][safepoint   ] Safepoint synchronization initiated using futex wait barrier. (212 threads)
[2025-04-26T16:36:33.517+0000][432.702s][info ][safepoint   ] Safepoint "Cleanup", Time since last: 1886493937 ns, Reaching safepoint: 1710927 ns, Cleanup: 31718 ns, At safepoint: 455309 ns, Total: 2197954 ns
[2025-04-26T16:36:34.519+0000][433.703s][debug][safepoint   ] Safepoint synchronization initiated using futex wait barrier. (212 threads)
[2025-04-26T16:36:34.519+0000][433.703s][info ][safepoint   ] Safepoint "Cleanup", Time since last: 1001196865 ns, Reaching safepoint: 63117 ns, Cleanup: 10538 ns, At safepoint: 4849 ns, Total: 78504 ns
[2025-04-26T16:36:36.521+0000][435.705s][debug][safepoint   ] Safepoint synchronization initiated using futex wait barrier. (211 threads)
[2025-04-26T16:36:36.521+0000][435.705s][info ][safepoint   ] Safepoint "Cleanup", Time since last: 2002080629 ns, Reaching safepoint: 84948 ns, Cleanup: 23678 ns, At safepoint: 7590 ns, Total: 116216 ns
[2025-04-26T16:36:39.523+0000][438.707s][debug][safepoint   ] Safepoint synchronization initiated using futex wait barrier. (211 threads)
[2025-04-26T16:36:39.523+0000][438.708s][info ][safepoint   ] Safepoint "Cleanup", Time since last: 3001930142 ns, Reaching safepoint: 256489 ns, Cleanup: 35732 ns, At safepoint: 21217 ns, Total: 313438 ns
[2025-04-26T16:36:42.524+0000][441.709s][debug][safepoint   ] Safepoint synchronization initiated using futex wait barrier. (211 threads)
[2025-04-26T16:36:42.525+0000][441.709s][info ][safepoint   ] Safepoint "Cleanup", Time since last: 3001310842 ns, Reaching safepoint: 294061 ns, Cleanup: 33469 ns, At safepoint: 21635 ns, Total: 349165 ns
[2025-04-26T16:36:43.525+0000][442.710s][debug][safepoint   ] Safepoint synchronization initiated using futex wait barrier. (211 threads)
[2025-04-26T16:36:43.526+0000][442.711s][info ][safepoint   ] Safepoint "Cleanup", Time since last: 1000573549 ns, Reaching safepoint: 705040 ns, Cleanup: 58983 ns, At safepoint: 66856 ns, Total: 830879 ns
[2025-04-26T16:36:46.527+0000][445.711s][debug][safepoint   ] Safepoint synchronization initiated using futex wait barrier. (211 threads)
[2025-04-26T16:36:46.528+0000][445.713s][info ][safepoint   ] Safepoint "Cleanup", Time since last: 3000633570 ns, Reaching safepoint: 1187010 ns, Cleanup: 26907 ns, At safepoint: 132360 ns, Total: 1346277 ns
[2025-04-26T16:36:47.529+0000][446.713s][debug][safepoint   ] Safepoint synchronization initiated using futex wait barrier. (211 threads)
[2025-04-26T16:36:47.529+0000][446.713s][info ][safepoint   ] Safepoint "Cleanup", Time since last: 1000301340 ns, Reaching safepoint: 234270 ns, Cleanup: 37299 ns, At safepoint: 21283 ns, Total: 292852 ns
[2025-04-26T16:36:48.529+0000][447.714s][debug][safepoint   ] Safepoint synchronization initiated using futex wait barrier. (211 threads)
[2025-04-26T16:36:48.530+0000][447.714s][info ][safepoint   ] Safepoint "Cleanup", Time since last: 1000335481 ns, Reaching safepoint: 618651 ns, Cleanup: 89213 ns, At safepoint: 22828 ns, Total: 730692 ns
[2025-04-26T16:36:49.530+0000][448.715s][debug][safepoint   ] Safepoint synchronization initiated using futex wait barrier. (211 threads)
[2025-04-26T16:36:49.532+0000][448.716s][info ][safepoint   ] Safepoint "Cleanup", Time since last: 1000388482 ns, Reaching safepoint: 1393710 ns, Cleanup: 33054 ns, At safepoint: 25451 ns, Total: 1452215 ns
[2025-04-26T16:36:50.532+0000][449.717s][debug][safepoint   ] Safepoint synchronization initiated using futex wait barrier. (211 threads)
[2025-04-26T16:36:50.532+0000][449.717s][info ][safepoint   ] Safepoint "Cleanup", Time since last: 1000263779 ns, Reaching safepoint: 98271 ns, Cleanup: 10667 ns, At safepoint: 8172 ns, Total: 117110 ns
[2025-04-26T16:36:51.532+0000][450.717s][debug][safepoint   ] Safepoint synchronization initiated using futex wait barrier. (211 threads)
[2025-04-26T16:36:51.532+0000][450.717s][info ][safepoint   ] Safepoint "Cleanup", Time since last: 1000222638 ns, Reaching safepoint: 84145 ns, Cleanup: 9156 ns, At safepoint: 5645 ns, Total: 98946 ns
[2025-04-26T16:36:53.537+0000][452.721s][debug][safepoint   ] Safepoint synchronization initiated using futex wait barrier. (211 threads)
[2025-04-26T16:36:53.537+0000][452.722s][info ][safepoint   ] Safepoint "Cleanup", Time since last: 2004206801 ns, Reaching safepoint: 390681 ns, Cleanup: 28998 ns, At safepoint: 125792 ns, Total: 545471 ns
[2025-04-26T16:36:54.537+0000][453.722s][debug][safepoint   ] Safepoint synchronization initiated using futex wait barrier. (211 threads)
[2025-04-26T16:36:54.538+0000][453.722s][info ][safepoint   ] Safepoint "Cleanup", Time since last: 1000254877 ns, Reaching safepoint: 145211 ns, Cleanup: 33821 ns, At safepoint: 12989 ns, Total: 192021 ns
[2025-04-26T16:36:57.538+0000][456.723s][debug][safepoint   ] Safepoint synchronization initiated using futex wait barrier. (211 threads)
[2025-04-26T16:36:57.539+0000][456.723s][info ][safepoint   ] Safepoint "Cleanup", Time since last: 3000572216 ns, Reaching safepoint: 263919 ns, Cleanup: 36039 ns, At safepoint: 18822 ns, Total: 318780 ns
[2025-04-26T16:36:58.539+0000][457.723s][debug][safepoint   ] Safepoint synchronization initiated using futex wait barrier. (211 threads)
[2025-04-26T16:36:58.539+0000][457.723s][info ][safepoint   ] Safepoint "Cleanup", Time since last: 1000192719 ns, Reaching safepoint: 68777 ns, Cleanup: 9783 ns, At safepoint: 7339 ns, Total: 85899 ns
[2025-04-26T16:37:04.542+0000][463.726s][debug][safepoint   ] Safepoint synchronization initiated using futex wait barrier. (211 threads)
[2025-04-26T16:37:04.542+0000][463.727s][info ][safepoint   ] Safepoint "Cleanup", Time since last: 6002858737 ns, Reaching safepoint: 268203 ns, Cleanup: 29066 ns, At safepoint: 38726 ns, Total: 335995 ns
[2025-04-26T16:37:09.543+0000][468.727s][debug][safepoint   ] Safepoint synchronization initiated using futex wait barrier. (211 threads)
[2025-04-26T16:37:09.543+0000][468.728s][info ][safepoint   ] Safepoint "Cleanup", Time since last: 5000907563 ns, Reaching safepoint: 72059 ns, Cleanup: 11819 ns, At safepoint: 6890 ns, Total: 90768 ns
[2025-04-26T16:37:11.543+0000][470.728s][debug][safepoint   ] Safepoint synchronization initiated using futex wait barrier. (211 threads)
[2025-04-26T16:37:11.543+0000][470.728s][info ][safepoint   ] Safepoint "Cleanup", Time since last: 2000395645 ns, Reaching safepoint: 45826 ns, Cleanup: 8646 ns, At safepoint: 3765 ns, Total: 58237 ns
[2025-04-26T16:37:12.544+0000][471.728s][debug][safepoint   ] Safepoint synchronization initiated using futex wait barrier. (211 threads)
[2025-04-26T16:37:12.544+0000][471.728s][info ][safepoint   ] Safepoint "Cleanup", Time since last: 1000230814 ns, Reaching safepoint: 224268 ns, Cleanup: 36312 ns, At safepoint: 27964 ns, Total: 288544 ns
[2025-04-26T16:37:19.546+0000][478.731s][debug][safepoint   ] Safepoint synchronization initiated using futex wait barrier. (211 threads)
[2025-04-26T16:37:19.547+0000][478.731s][info ][safepoint   ] Safepoint "Cleanup", Time since last: 7002456078 ns, Reaching safepoint: 307712 ns, Cleanup: 45847 ns, At safepoint: 55502 ns, Total: 409061 ns
[2025-04-26T16:37:20.547+0000][479.732s][debug][safepoint   ] Safepoint synchronization initiated using futex wait barrier. (211 threads)
[2025-04-26T16:37:20.547+0000][479.732s][info ][safepoint   ] Safepoint "Cleanup", Time since last: 1000253264 ns, Reaching safepoint: 305858 ns, Cleanup: 40053 ns, At safepoint: 54513 ns, Total: 400424 ns
[2025-04-26T16:37:29.549+0000][488.733s][debug][safepoint   ] Safepoint synchronization initiated using futex wait barrier. (211 threads)
[2025-04-26T16:37:29.549+0000][488.733s][info ][safepoint   ] Safepoint "Cleanup", Time since last: 9001172871 ns, Reaching safepoint: 114650 ns, Cleanup: 13789 ns, At safepoint: 8381 ns, Total: 136820 ns
[2025-04-26T16:37:30.549+0000][489.734s][debug][safepoint   ] Safepoint synchronization initiated using futex wait barrier. (211 threads)
[2025-04-26T16:37:30.555+0000][489.739s][info ][safepoint   ] Safepoint "Cleanup", Time since last: 1000348490 ns, Reaching safepoint: 2699034 ns, Cleanup: 44425 ns, At safepoint: 2648317 ns, Total: 5391776 ns
[2025-04-26T16:37:31.555+0000][490.739s][debug][safepoint   ] Safepoint synchronization initiated using futex wait barrier. (211 threads)
[2025-04-26T16:37:31.555+0000][490.740s][info ][safepoint   ] Safepoint "Cleanup", Time since last: 1000359788 ns, Reaching safepoint: 181118 ns, Cleanup: 27612 ns, At safepoint: 16825 ns, Total: 225555 ns
[2025-04-26T16:37:33.556+0000][492.740s][debug][safepoint   ] Safepoint synchronization initiated using futex wait barrier. (210 threads)
[2025-04-26T16:37:33.556+0000][492.740s][info ][safepoint   ] Safepoint "Cleanup", Time since last: 2000396147 ns, Reaching safepoint: 275797 ns, Cleanup: 35030 ns, At safepoint: 42606 ns, Total: 353433 ns
[2025-04-26T16:37:34.556+0000][493.741s][debug][safepoint   ] Safepoint synchronization initiated using futex wait barrier. (210 threads)
[2025-04-26T16:37:34.556+0000][493.741s][info ][safepoint   ] Safepoint "Cleanup", Time since last: 1000280345 ns, Reaching safepoint: 194677 ns, Cleanup: 32012 ns, At safepoint: 20403 ns, Total: 247092 ns
[2025-04-26T16:37:36.557+0000][495.741s][debug][safepoint   ] Safepoint synchronization initiated using futex wait barrier. (209 threads)
[2025-04-26T16:37:36.557+0000][495.741s][info ][safepoint   ] Safepoint "Cleanup", Time since last: 2000227552 ns, Reaching safepoint: 213232 ns, Cleanup: 41557 ns, At safepoint: 26006 ns, Total: 280795 ns
[2025-04-26T16:37:42.558+0000][501.742s][debug][safepoint   ] Safepoint synchronization initiated using futex wait barrier. (209 threads)
[2025-04-26T16:37:42.558+0000][501.743s][info ][safepoint   ] Safepoint "Cleanup", Time since last: 6000927757 ns, Reaching safepoint: 186803 ns, Cleanup: 30839 ns, At safepoint: 15826 ns, Total: 233468 ns
[2025-04-26T16:37:44.558+0000][503.743s][debug][safepoint   ] Safepoint synchronization initiated using futex wait barrier. (209 threads)
[2025-04-26T16:37:44.559+0000][503.743s][info ][safepoint   ] Safepoint "Cleanup", Time since last: 2000367273 ns, Reaching safepoint: 241247 ns, Cleanup: 68697 ns, At safepoint: 16865 ns, Total: 326809 ns
[2025-04-26T16:37:47.559+0000][506.744s][debug][safepoint   ] Safepoint synchronization initiated using futex wait barrier. (209 threads)
[2025-04-26T16:37:47.560+0000][506.744s][info ][safepoint   ] Safepoint "Cleanup", Time since last: 3000621360 ns, Reaching safepoint: 262898 ns, Cleanup: 44002 ns, At safepoint: 36626 ns, Total: 343526 ns
[2025-04-26T16:37:48.560+0000][507.745s][debug][safepoint   ] Safepoint synchronization initiated using futex wait barrier. (209 threads)
[2025-04-26T16:37:48.560+0000][507.745s][info ][safepoint   ] Safepoint "Cleanup", Time since last: 1000299112 ns, Reaching safepoint: 181798 ns, Cleanup: 39072 ns, At safepoint: 18244 ns, Total: 239114 ns
[2025-04-26T16:37:49.560+0000][508.745s][debug][safepoint   ] Safepoint synchronization initiated using futex wait barrier. (209 threads)
[2025-04-26T16:37:49.561+0000][508.745s][info ][safepoint   ] Safepoint "Cleanup", Time since last: 1000173104 ns, Reaching safepoint: 284482 ns, Cleanup: 33934 ns, At safepoint: 23346 ns, Total: 341762 ns
[2025-04-26T16:37:51.561+0000][510.746s][debug][safepoint   ] Safepoint synchronization initiated using futex wait barrier. (209 threads)
[2025-04-26T16:37:51.561+0000][510.746s][info ][safepoint   ] Safepoint "Cleanup", Time since last: 2000374824 ns, Reaching safepoint: 288914 ns, Cleanup: 34392 ns, At safepoint: 24209 ns, Total: 347515 ns
[2025-04-26T16:37:56.562+0000][515.747s][debug][safepoint   ] Safepoint synchronization initiated using futex wait barrier. (209 threads)
[2025-04-26T16:37:56.563+0000][515.747s][info ][safepoint   ] Safepoint "Cleanup", Time since last: 5000608778 ns, Reaching safepoint: 273282 ns, Cleanup: 38546 ns, At safepoint: 89951 ns, Total: 401779 ns
[2025-04-26T16:37:57.239+0000][516.423s][debug][safepoint   ] Safepoint synchronization initiated using futex wait barrier. (209 threads)
[2025-04-26T16:37:57.239+0000][516.424s][info ][gc,start    ] GC(69) Pause Young (Normal) (G1 Evacuation Pause)
[2025-04-26T16:37:57.239+0000][516.424s][info ][gc,task     ] GC(69) Using 4 workers of 4 for evacuation
[2025-04-26T16:37:57.347+0000][516.532s][info ][gc,phases   ] GC(69)   Pre Evacuate Collection Set: 1.0ms
[2025-04-26T16:37:57.347+0000][516.532s][info ][gc,phases   ] GC(69)   Merge Heap Roots: 0.9ms
[2025-04-26T16:37:57.347+0000][516.532s][info ][gc,phases   ] GC(69)   Evacuate Collection Set: 103.8ms
[2025-04-26T16:37:57.347+0000][516.532s][info ][gc,phases   ] GC(69)   Post Evacuate Collection Set: 1.9ms
[2025-04-26T16:37:57.347+0000][516.532s][info ][gc,phases   ] GC(69)   Other: 0.7ms
[2025-04-26T16:37:57.347+0000][516.532s][info ][gc,heap     ] GC(69) Eden regions: 368->0(368)
[2025-04-26T16:37:57.347+0000][516.532s][info ][gc,heap     ] GC(69) Survivor regions: 26->26(50)
[2025-04-26T16:37:57.347+0000][516.532s][info ][gc,heap     ] GC(69) Old regions: 166->166
[2025-04-26T16:37:57.347+0000][516.532s][info ][gc,heap     ] GC(69) Archive regions: 2->2
[2025-04-26T16:37:57.347+0000][516.532s][info ][gc,heap     ] GC(69) Humongous regions: 0->0
[2025-04-26T16:37:57.347+0000][516.532s][info ][gc,metaspace] GC(69) Metaspace: 191936K(193280K)->191936K(193280K) NonClass: 168668K(169344K)->168668K(169344K) Class: 23268K(23936K)->23268K(23936K)
[2025-04-26T16:37:57.347+0000][516.532s][info ][gc          ] GC(69) Pause Young (Normal) (G1 Evacuation Pause) 559M->191M(657M) 108.218ms
[2025-04-26T16:37:57.347+0000][516.532s][info ][gc,cpu      ] GC(69) User=0.37s Sys=0.01s Real=0.11s
[2025-04-26T16:37:57.348+0000][516.532s][info ][safepoint   ] Safepoint "G1CollectForAllocation", Time since last: 676113001 ns, Reaching safepoint: 332071 ns, Cleanup: 43216 ns, At safepoint: 108698225 ns, Total: 109073512 ns
[2025-04-26T16:37:58.348+0000][517.533s][debug][safepoint   ] Safepoint synchronization initiated using futex wait barrier. (209 threads)
[2025-04-26T16:37:58.349+0000][517.534s][info ][safepoint   ] Safepoint "Cleanup", Time since last: 1000520540 ns, Reaching safepoint: 267155 ns, Cleanup: 544591 ns, At safepoint: 119068 ns, Total: 930814 ns
[2025-04-26T16:37:59.350+0000][518.535s][debug][safepoint   ] Safepoint synchronization initiated using futex wait barrier. (209 threads)
[2025-04-26T16:37:59.351+0000][518.535s][info ][safepoint   ] Safepoint "Cleanup", Time since last: 1001110388 ns, Reaching safepoint: 586176 ns, Cleanup: 31676 ns, At safepoint: 23422 ns, Total: 641274 ns
[2025-04-26T16:38:00.351+0000][519.536s][debug][safepoint   ] Safepoint synchronization initiated using futex wait barrier. (209 threads)
[2025-04-26T16:38:00.351+0000][519.536s][info ][safepoint   ] Safepoint "Cleanup", Time since last: 1000266353 ns, Reaching safepoint: 182487 ns, Cleanup: 38841 ns, At safepoint: 21189 ns, Total: 242517 ns
[2025-04-26T16:38:01.352+0000][520.536s][debug][safepoint   ] Safepoint synchronization initiated using futex wait barrier. (209 threads)
[2025-04-26T16:38:01.352+0000][520.537s][info ][safepoint   ] Safepoint "Cleanup", Time since last: 1000397242 ns, Reaching safepoint: 217296 ns, Cleanup: 36035 ns, At safepoint: 22573 ns, Total: 275904 ns
[2025-04-26T16:38:03.352+0000][522.537s][debug][safepoint   ] Safepoint synchronization initiated using futex wait barrier. (209 threads)
[2025-04-26T16:38:03.353+0000][522.537s][info ][safepoint   ] Safepoint "Cleanup", Time since last: 2000424627 ns, Reaching safepoint: 309159 ns, Cleanup: 36353 ns, At safepoint: 25688 ns, Total: 371200 ns
[2025-04-26T16:38:04.353+0000][523.538s][debug][safepoint   ] Safepoint synchronization initiated using futex wait barrier. (209 threads)
[2025-04-26T16:38:04.353+0000][523.538s][info ][safepoint   ] Safepoint "Cleanup", Time since last: 1000228546 ns, Reaching safepoint: 260996 ns, Cleanup: 32184 ns, At safepoint: 41654 ns, Total: 334834 ns
[2025-04-26T16:38:06.354+0000][525.538s][debug][safepoint   ] Safepoint synchronization initiated using futex wait barrier. (209 threads)
[2025-04-26T16:38:06.354+0000][525.538s][info ][safepoint   ] Safepoint "Cleanup", Time since last: 2000282999 ns, Reaching safepoint: 118755 ns, Cleanup: 22802 ns, At safepoint: 10863 ns, Total: 152420 ns
[2025-04-26T16:38:08.354+0000][527.539s][debug][safepoint   ] Safepoint synchronization initiated using futex wait barrier. (209 threads)
[2025-04-26T16:38:08.354+0000][527.539s][info ][safepoint   ] Safepoint "Cleanup", Time since last: 2000297406 ns, Reaching safepoint: 88730 ns, Cleanup: 19625 ns, At safepoint: 9666 ns, Total: 118021 ns
[2025-04-26T16:38:09.354+0000][528.539s][debug][safepoint   ] Safepoint synchronization initiated using futex wait barrier. (209 threads)
[2025-04-26T16:38:09.355+0000][528.539s][info ][safepoint   ] Safepoint "Cleanup", Time since last: 1000213595 ns, Reaching safepoint: 196215 ns, Cleanup: 29969 ns, At safepoint: 18191 ns, Total: 244375 ns
[2025-04-26T16:38:14.355+0000][533.540s][debug][safepoint   ] Safepoint synchronization initiated using futex wait barrier. (209 threads)
[2025-04-26T16:38:14.355+0000][533.540s][info ][safepoint   ] Safepoint "Cleanup", Time since last: 5000659913 ns, Reaching safepoint: 71021 ns, Cleanup: 10866 ns, At safepoint: 5116 ns, Total: 87003 ns
[2025-04-26T16:38:19.356+0000][538.541s][debug][safepoint   ] Safepoint synchronization initiated using futex wait barrier. (209 threads)
[2025-04-26T16:38:19.356+0000][538.541s][info ][safepoint   ] Safepoint "Cleanup", Time since last: 5000561819 ns, Reaching safepoint: 257967 ns, Cleanup: 38066 ns, At safepoint: 19923 ns, Total: 315956 ns
[2025-04-26T16:38:24.357+0000][543.542s][debug][safepoint   ] Safepoint synchronization initiated using futex wait barrier. (209 threads)
[2025-04-26T16:38:24.357+0000][543.542s][info ][safepoint   ] Safepoint "Cleanup", Time since last: 5000836332 ns, Reaching safepoint: 54954 ns, Cleanup: 10625 ns, At safepoint: 4731 ns, Total: 70310 ns
[2025-04-26T16:38:27.358+0000][546.542s][debug][safepoint   ] Safepoint synchronization initiated using futex wait barrier. (209 threads)
[2025-04-26T16:38:27.358+0000][546.542s][info ][safepoint   ] Safepoint "Cleanup", Time since last: 3000416958 ns, Reaching safepoint: 198900 ns, Cleanup: 35873 ns, At safepoint: 23503 ns, Total: 258276 ns
[2025-04-26T16:38:28.358+0000][547.543s][debug][safepoint   ] Safepoint synchronization initiated using futex wait barrier. (209 threads)
[2025-04-26T16:38:28.358+0000][547.543s][info ][safepoint   ] Safepoint "Cleanup", Time since last: 1000157351 ns, Reaching safepoint: 89576 ns, Cleanup: 14451 ns, At safepoint: 9433 ns, Total: 113460 ns
[2025-04-26T16:38:31.358+0000][550.543s][debug][safepoint   ] Safepoint synchronization initiated using futex wait barrier. (209 threads)
[2025-04-26T16:38:31.359+0000][550.543s][info ][safepoint   ] Safepoint "Cleanup", Time since last: 3000224762 ns, Reaching safepoint: 101445 ns, Cleanup: 17836 ns, At safepoint: 14785 ns, Total: 134066 ns
[2025-04-26T16:38:35.359+0000][554.544s][debug][safepoint   ] Safepoint synchronization initiated using futex wait barrier. (208 threads)
[2025-04-26T16:38:35.359+0000][554.544s][info ][safepoint   ] Safepoint "Cleanup", Time since last: 4000404856 ns, Reaching safepoint: 137245 ns, Cleanup: 21043 ns, At safepoint: 10650 ns, Total: 168938 ns
[2025-04-26T16:38:47.360+0000][566.545s][debug][safepoint   ] Safepoint synchronization initiated using futex wait barrier. (208 threads)
[2025-04-26T16:38:47.362+0000][566.546s][info ][safepoint   ] Safepoint "Cleanup", Time since last: 12001161769 ns, Reaching safepoint: 1162150 ns, Cleanup: 37165 ns, At safepoint: 68494 ns, Total: 1267809 ns
[2025-04-26T16:38:48.362+0000][567.546s][debug][safepoint   ] Safepoint synchronization initiated using futex wait barrier. (208 threads)
[2025-04-26T16:38:48.362+0000][567.546s][info ][safepoint   ] Safepoint "Cleanup", Time since last: 1000208887 ns, Reaching safepoint: 115892 ns, Cleanup: 17570 ns, At safepoint: 10212 ns, Total: 143674 ns
[2025-04-26T16:38:49.362+0000][568.547s][debug][safepoint   ] Safepoint synchronization initiated using futex wait barrier. (208 threads)
[2025-04-26T16:38:49.362+0000][568.547s][info ][safepoint   ] Safepoint "Cleanup", Time since last: 1000111678 ns, Reaching safepoint: 90564 ns, Cleanup: 17665 ns, At safepoint: 7924 ns, Total: 116153 ns
[2025-04-26T16:38:53.363+0000][572.547s][debug][safepoint   ] Safepoint synchronization initiated using futex wait barrier. (208 threads)
[2025-04-26T16:38:53.363+0000][572.547s][info ][safepoint   ] Safepoint "Cleanup", Time since last: 4000481537 ns, Reaching safepoint: 217081 ns, Cleanup: 32281 ns, At safepoint: 18922 ns, Total: 268284 ns
[2025-04-26T16:39:03.364+0000][582.549s][debug][safepoint   ] Safepoint synchronization initiated using futex wait barrier. (208 threads)
[2025-04-26T16:39:03.364+0000][582.549s][info ][safepoint   ] Safepoint "Cleanup", Time since last: 10001150815 ns, Reaching safepoint: 82119 ns, Cleanup: 15472 ns, At safepoint: 6219 ns, Total: 103810 ns
[2025-04-26T16:39:07.365+0000][586.549s][debug][safepoint   ] Safepoint synchronization initiated using futex wait barrier. (208 threads)
[2025-04-26T16:39:07.365+0000][586.549s][info ][safepoint   ] Safepoint "Cleanup", Time since last: 4000400135 ns, Reaching safepoint: 232651 ns, Cleanup: 33906 ns, At safepoint: 38055 ns, Total: 304612 ns
[2025-04-26T16:39:09.365+0000][588.550s][debug][safepoint   ] Safepoint synchronization initiated using futex wait barrier. (208 threads)
[2025-04-26T16:39:09.365+0000][588.550s][info ][safepoint   ] Safepoint "Cleanup", Time since last: 2000256107 ns, Reaching safepoint: 64157 ns, Cleanup: 10064 ns, At safepoint: 6135 ns, Total: 80356 ns
[2025-04-26T16:39:10.365+0000][589.550s][debug][safepoint   ] Safepoint synchronization initiated using futex wait barrier. (208 threads)
[2025-04-26T16:39:10.366+0000][589.550s][info ][safepoint   ] Safepoint "Cleanup", Time since last: 1000263961 ns, Reaching safepoint: 247803 ns, Cleanup: 58383 ns, At safepoint: 23595 ns, Total: 329781 ns
[2025-04-26T16:39:16.367+0000][595.551s][debug][safepoint   ] Safepoint synchronization initiated using futex wait barrier. (208 threads)
[2025-04-26T16:39:16.367+0000][595.551s][info ][safepoint   ] Safepoint "Cleanup", Time since last: 6000797877 ns, Reaching safepoint: 234719 ns, Cleanup: 31853 ns, At safepoint: 44595 ns, Total: 311167 ns
[2025-04-26T16:39:19.367+0000][598.552s][debug][safepoint   ] Safepoint synchronization initiated using futex wait barrier. (208 threads)
[2025-04-26T16:39:19.368+0000][598.552s][info ][safepoint   ] Safepoint "Cleanup", Time since last: 3000478468 ns, Reaching safepoint: 194749 ns, Cleanup: 22734 ns, At safepoint: 18871 ns, Total: 236354 ns
[2025-04-26T16:39:30.370+0000][609.555s][debug][safepoint   ] Safepoint synchronization initiated using futex wait barrier. (208 threads)
[2025-04-26T16:39:30.371+0000][609.555s][info ][safepoint   ] Safepoint "Cleanup", Time since last: 11002643558 ns, Reaching safepoint: 213994 ns, Cleanup: 34614 ns, At safepoint: 74889 ns, Total: 323497 ns
[2025-04-26T16:39:44.373+0000][623.557s][debug][safepoint   ] Safepoint synchronization initiated using futex wait barrier. (207 threads)
[2025-04-26T16:39:44.373+0000][623.557s][info ][safepoint   ] Safepoint "Cleanup", Time since last: 14001979210 ns, Reaching safepoint: 273943 ns, Cleanup: 56244 ns, At safepoint: 19729 ns, Total: 349916 ns
[2025-04-26T16:39:48.373+0000][627.558s][debug][safepoint   ] Safepoint synchronization initiated using futex wait barrier. (207 threads)
[2025-04-26T16:39:48.374+0000][627.558s][info ][safepoint   ] Safepoint "Cleanup", Time since last: 4000556666 ns, Reaching safepoint: 276286 ns, Cleanup: 29230 ns, At safepoint: 17775 ns, Total: 323291 ns
[2025-04-26T16:40:01.375+0000][640.560s][debug][safepoint   ] Safepoint synchronization initiated using futex wait barrier. (207 threads)
[2025-04-26T16:40:01.376+0000][640.560s][info ][safepoint   ] Safepoint "Cleanup", Time since last: 13001586200 ns, Reaching safepoint: 383686 ns, Cleanup: 67331 ns, At safepoint: 29526 ns, Total: 480543 ns
[2025-04-26T16:40:02.376+0000][641.561s][debug][safepoint   ] Safepoint synchronization initiated using futex wait barrier. (207 threads)
[2025-04-26T16:40:02.377+0000][641.561s][info ][safepoint   ] Safepoint "Cleanup", Time since last: 1000308204 ns, Reaching safepoint: 283791 ns, Cleanup: 30999 ns, At safepoint: 27304 ns, Total: 342094 ns
[2025-04-26T16:40:05.377+0000][644.562s][debug][safepoint   ] Safepoint synchronization initiated using futex wait barrier. (207 threads)
[2025-04-26T16:40:05.377+0000][644.562s][info ][safepoint   ] Safepoint "Cleanup", Time since last: 3000516106 ns, Reaching safepoint: 233151 ns, Cleanup: 35399 ns, At safepoint: 22593 ns, Total: 291143 ns
[2025-04-26T16:40:12.378+0000][651.563s][debug][safepoint   ] Safepoint synchronization initiated using futex wait barrier. (207 threads)
[2025-04-26T16:40:12.379+0000][651.563s][info ][safepoint   ] Safepoint "Cleanup", Time since last: 7000979479 ns, Reaching safepoint: 177193 ns, Cleanup: 31638 ns, At safepoint: 69418 ns, Total: 278249 ns
[2025-04-26T16:40:19.379+0000][658.564s][debug][safepoint   ] Safepoint synchronization initiated using futex wait barrier. (207 threads)
[2025-04-26T16:40:19.380+0000][658.564s][info ][safepoint   ] Safepoint "Cleanup", Time since last: 7000778545 ns, Reaching safepoint: 226162 ns, Cleanup: 31274 ns, At safepoint: 20407 ns, Total: 277843 ns
[2025-04-26T16:40:25.380+0000][664.565s][debug][safepoint   ] Safepoint synchronization initiated using futex wait barrier. (207 threads)
[2025-04-26T16:40:25.380+0000][664.565s][info ][safepoint   ] Safepoint "Cleanup", Time since last: 6000668760 ns, Reaching safepoint: 73169 ns, Cleanup: 9702 ns, At safepoint: 5534 ns, Total: 88405 ns
[2025-04-26T16:40:28.381+0000][667.565s][debug][safepoint   ] Safepoint synchronization initiated using futex wait barrier. (207 threads)
[2025-04-26T16:40:28.381+0000][667.565s][info ][safepoint   ] Safepoint "Cleanup", Time since last: 3000430821 ns, Reaching safepoint: 71083 ns, Cleanup: 12663 ns, At safepoint: 5130 ns, Total: 88876 ns
[2025-04-26T16:40:31.381+0000][670.566s][debug][safepoint   ] Safepoint synchronization initiated using futex wait barrier. (207 threads)
[2025-04-26T16:40:31.381+0000][670.566s][info ][safepoint   ] Safepoint "Cleanup", Time since last: 3000371572 ns, Reaching safepoint: 105907 ns, Cleanup: 26804 ns, At safepoint: 5792 ns, Total: 138503 ns
[2025-04-26T16:40:35.382+0000][674.566s][debug][safepoint   ] Safepoint synchronization initiated using futex wait barrier. (206 threads)
[2025-04-26T16:40:35.382+0000][674.567s][info ][safepoint   ] Safepoint "Cleanup", Time since last: 4000530473 ns, Reaching safepoint: 227392 ns, Cleanup: 36138 ns, At safepoint: 21821 ns, Total: 285351 ns
[2025-04-26T16:40:39.383+0000][678.567s][debug][safepoint   ] Safepoint synchronization initiated using futex wait barrier. (206 threads)
[2025-04-26T16:40:39.383+0000][678.568s][info ][safepoint   ] Safepoint "Cleanup", Time since last: 4000685663 ns, Reaching safepoint: 225960 ns, Cleanup: 38780 ns, At safepoint: 29100 ns, Total: 293840 ns
[2025-04-26T16:40:40.383+0000][679.568s][debug][safepoint   ] Safepoint synchronization initiated using futex wait barrier. (206 threads)
[2025-04-26T16:40:40.384+0000][679.568s][info ][safepoint   ] Safepoint "Cleanup", Time since last: 1000249841 ns, Reaching safepoint: 229507 ns, Cleanup: 53844 ns, At safepoint: 19899 ns, Total: 303250 ns
[2025-04-26T16:40:41.384+0000][680.569s][debug][safepoint   ] Safepoint synchronization initiated using futex wait barrier. (206 threads)
[2025-04-26T16:40:41.384+0000][680.569s][info ][safepoint   ] Safepoint "Cleanup", Time since last: 1000205287 ns, Reaching safepoint: 413861 ns, Cleanup: 44858 ns, At safepoint: 18440 ns, Total: 477159 ns
[2025-04-26T16:40:51.386+0000][690.570s][debug][safepoint   ] Safepoint synchronization initiated using futex wait barrier. (206 threads)
[2025-04-26T16:40:51.386+0000][690.571s][info ][safepoint   ] Safepoint "Cleanup", Time since last: 10001389873 ns, Reaching safepoint: 293489 ns, Cleanup: 35054 ns, At safepoint: 26690 ns, Total: 355233 ns
[2025-04-26T16:40:56.387+0000][695.572s][debug][safepoint   ] Safepoint synchronization initiated using futex wait barrier. (206 threads)
[2025-04-26T16:40:56.387+0000][695.572s][info ][safepoint   ] Safepoint "Cleanup", Time since last: 5000896825 ns, Reaching safepoint: 207068 ns, Cleanup: 20784 ns, At safepoint: 11745 ns, Total: 239597 ns
[2025-04-26T16:41:05.388+0000][704.573s][debug][safepoint   ] Safepoint synchronization initiated using futex wait barrier. (206 threads)
[2025-04-26T16:41:05.389+0000][704.573s][info ][safepoint   ] Safepoint "Cleanup", Time since last: 9001134977 ns, Reaching safepoint: 299208 ns, Cleanup: 37592 ns, At safepoint: 72196 ns, Total: 408996 ns
[2025-04-26T16:41:07.389+0000][706.574s][debug][safepoint   ] Safepoint synchronization initiated using futex wait barrier. (206 threads)
[2025-04-26T16:41:07.390+0000][706.574s][info ][safepoint   ] Safepoint "Cleanup", Time since last: 2000397054 ns, Reaching safepoint: 218474 ns, Cleanup: 102424 ns, At safepoint: 31224 ns, Total: 352122 ns
[2025-04-26T16:41:09.390+0000][708.575s][debug][safepoint   ] Safepoint synchronization initiated using futex wait barrier. (206 threads)
[2025-04-26T16:41:09.390+0000][708.575s][info ][safepoint   ] Safepoint "Cleanup", Time since last: 2000390573 ns, Reaching safepoint: 55663 ns, Cleanup: 9434 ns, At safepoint: 4588 ns, Total: 69685 ns
[2025-04-26T16:41:11.390+0000][710.575s][debug][safepoint   ] Safepoint synchronization initiated using futex wait barrier. (206 threads)
[2025-04-26T16:41:11.390+0000][710.575s][info ][safepoint   ] Safepoint "Cleanup", Time since last: 2000266085 ns, Reaching safepoint: 88734 ns, Cleanup: 14360 ns, At safepoint: 6234 ns, Total: 109328 ns
[2025-04-26T16:41:13.391+0000][712.575s][debug][safepoint   ] Safepoint synchronization initiated using futex wait barrier. (206 threads)
[2025-04-26T16:41:13.391+0000][712.575s][info ][safepoint   ] Safepoint "Cleanup", Time since last: 2000299232 ns, Reaching safepoint: 49402 ns, Cleanup: 8617 ns, At safepoint: 3329 ns, Total: 61348 ns
[2025-04-26T16:41:20.392+0000][719.576s][debug][safepoint   ] Safepoint synchronization initiated using futex wait barrier. (206 threads)
[2025-04-26T16:41:20.392+0000][719.577s][info ][safepoint   ] Safepoint "Cleanup", Time since last: 7000911169 ns, Reaching safepoint: 247740 ns, Cleanup: 45163 ns, At safepoint: 20595 ns, Total: 313498 ns
[2025-04-26T16:41:21.392+0000][720.577s][debug][safepoint   ] Safepoint synchronization initiated using futex wait barrier. (206 threads)
[2025-04-26T16:41:21.393+0000][720.577s][info ][safepoint   ] Safepoint "Cleanup", Time since last: 1000274707 ns, Reaching safepoint: 177807 ns, Cleanup: 79221 ns, At safepoint: 25843 ns, Total: 282871 ns
[2025-04-26T16:41:22.393+0000][721.577s][debug][safepoint   ] Safepoint synchronization initiated using futex wait barrier. (206 threads)
[2025-04-26T16:41:22.393+0000][721.578s][info ][safepoint   ] Safepoint "Cleanup", Time since last: 1000211673 ns, Reaching safepoint: 211722 ns, Cleanup: 37729 ns, At safepoint: 29078 ns, Total: 278529 ns
[2025-04-26T16:41:30.394+0000][729.579s][debug][safepoint   ] Safepoint synchronization initiated using futex wait barrier. (206 threads)
[2025-04-26T16:41:30.394+0000][729.579s][info ][safepoint   ] Safepoint "Cleanup", Time since last: 8001188340 ns, Reaching safepoint: 156826 ns, Cleanup: 22032 ns, At safepoint: 19106 ns, Total: 197964 ns
[2025-04-26T16:41:34.395+0000][733.580s][debug][safepoint   ] Safepoint synchronization initiated using futex wait barrier. (206 threads)
[2025-04-26T16:41:34.396+0000][733.581s][info ][safepoint   ] Safepoint "Cleanup", Time since last: 4000508847 ns, Reaching safepoint: 289542 ns, Cleanup: 70740 ns, At safepoint: 967666 ns, Total: 1327948 ns
[2025-04-26T16:41:35.397+0000][734.581s][debug][safepoint   ] Safepoint synchronization initiated using futex wait barrier. (206 threads)
[2025-04-26T16:41:35.398+0000][734.582s][info ][safepoint   ] Safepoint "Cleanup", Time since last: 1000598477 ns, Reaching safepoint: 728431 ns, Cleanup: 51562 ns, At safepoint: 63156 ns, Total: 843149 ns
[2025-04-26T16:41:38.398+0000][737.583s][debug][safepoint   ] Safepoint synchronization initiated using futex wait barrier. (206 threads)
[2025-04-26T16:41:38.398+0000][737.583s][info ][safepoint   ] Safepoint "Cleanup", Time since last: 3000502788 ns, Reaching safepoint: 181426 ns, Cleanup: 30763 ns, At safepoint: 17475 ns, Total: 229664 ns
[2025-04-26T16:41:42.399+0000][741.584s][debug][safepoint   ] Safepoint synchronization initiated using futex wait barrier. (206 threads)
[2025-04-26T16:41:42.400+0000][741.584s][info ][safepoint   ] Safepoint "Cleanup", Time since last: 4000660425 ns, Reaching safepoint: 502660 ns, Cleanup: 40232 ns, At safepoint: 30824 ns, Total: 573716 ns
[2025-04-26T16:41:45.400+0000][744.585s][debug][safepoint   ] Safepoint synchronization initiated using futex wait barrier. (206 threads)
[2025-04-26T16:41:45.401+0000][744.585s][info ][safepoint   ] Safepoint "Cleanup", Time since last: 3000522313 ns, Reaching safepoint: 368891 ns, Cleanup: 91076 ns, At safepoint: 23458 ns, Total: 483425 ns
[2025-04-26T16:41:54.402+0000][753.587s][debug][safepoint   ] Safepoint synchronization initiated using futex wait barrier. (206 threads)
[2025-04-26T16:41:54.403+0000][753.587s][info ][safepoint   ] Safepoint "Cleanup", Time since last: 9001733999 ns, Reaching safepoint: 243238 ns, Cleanup: 32792 ns, At safepoint: 16534 ns, Total: 292564 ns
[2025-04-26T16:42:10.406+0000][769.591s][debug][safepoint   ] Safepoint synchronization initiated using futex wait barrier. (206 threads)
[2025-04-26T16:42:10.412+0000][769.596s][info ][safepoint   ] Safepoint "Cleanup", Time since last: 16003203178 ns, Reaching safepoint: 5846786 ns, Cleanup: 44662 ns, At safepoint: 32403 ns, Total: 5923851 ns
[2025-04-26T16:42:11.412+0000][770.597s][debug][safepoint   ] Safepoint synchronization initiated using futex wait barrier. (206 threads)
[2025-04-26T16:42:11.412+0000][770.597s][info ][safepoint   ] Safepoint "Cleanup", Time since last: 1000298507 ns, Reaching safepoint: 164075 ns, Cleanup: 25876 ns, At safepoint: 15469 ns, Total: 205420 ns
[2025-04-26T16:42:15.414+0000][774.598s][debug][safepoint   ] Safepoint synchronization initiated using futex wait barrier. (209 threads)
[2025-04-26T16:42:15.416+0000][774.601s][info ][safepoint   ] Safepoint "Cleanup", Time since last: 4001489157 ns, Reaching safepoint: 1906222 ns, Cleanup: 257071 ns, At safepoint: 40143 ns, Total: 2203436 ns
[2025-04-26T16:42:24.402+0000][783.586s][debug][safepoint   ] Safepoint synchronization initiated using futex wait barrier. (209 threads)
[2025-04-26T16:42:24.402+0000][783.587s][info ][gc,start    ] GC(70) Pause Young (Normal) (G1 Evacuation Pause)
[2025-04-26T16:42:24.402+0000][783.587s][info ][gc,task     ] GC(70) Using 4 workers of 4 for evacuation
[2025-04-26T16:42:24.535+0000][783.720s][info ][gc,phases   ] GC(70)   Pre Evacuate Collection Set: 0.9ms
[2025-04-26T16:42:24.535+0000][783.720s][info ][gc,phases   ] GC(70)   Merge Heap Roots: 0.9ms
[2025-04-26T16:42:24.535+0000][783.720s][info ][gc,phases   ] GC(70)   Evacuate Collection Set: 128.0ms
[2025-04-26T16:42:24.535+0000][783.720s][info ][gc,phases   ] GC(70)   Post Evacuate Collection Set: 2.9ms
[2025-04-26T16:42:24.535+0000][783.720s][info ][gc,phases   ] GC(70)   Other: 0.6ms
[2025-04-26T16:42:24.535+0000][783.720s][info ][gc,heap     ] GC(70) Eden regions: 368->0(368)
[2025-04-26T16:42:24.536+0000][783.720s][info ][gc,heap     ] GC(70) Survivor regions: 26->26(50)
[2025-04-26T16:42:24.536+0000][783.720s][info ][gc,heap     ] GC(70) Old regions: 166->166
[2025-04-26T16:42:24.536+0000][783.720s][info ][gc,heap     ] GC(70) Archive regions: 2->2
[2025-04-26T16:42:24.536+0000][783.720s][info ][gc,heap     ] GC(70) Humongous regions: 0->0
[2025-04-26T16:42:24.536+0000][783.720s][info ][gc,metaspace] GC(70) Metaspace: 192295K(193600K)->192295K(193600K) NonClass: 169021K(169664K)->169021K(169664K) Class: 23274K(23936K)->23274K(23936K)
[2025-04-26T16:42:24.536+0000][783.720s][info ][gc          ] GC(70) Pause Young (Normal) (G1 Evacuation Pause) 559M->191M(657M) 133.534ms
[2025-04-26T16:42:24.536+0000][783.720s][info ][gc,cpu      ] GC(70) User=0.40s Sys=0.01s Real=0.13s
[2025-04-26T16:42:24.536+0000][783.721s][info ][safepoint   ] Safepoint "G1CollectForAllocation", Time since last: 8985651692 ns, Reaching safepoint: 258529 ns, Cleanup: 17000 ns, At safepoint: 134090745 ns, Total: 134366274 ns
[2025-04-26T16:42:25.536+0000][784.721s][debug][safepoint   ] Safepoint synchronization initiated using futex wait barrier. (209 threads)
[2025-04-26T16:42:25.536+0000][784.721s][info ][safepoint   ] Safepoint "Cleanup", Time since last: 1000213585 ns, Reaching safepoint: 81784 ns, Cleanup: 22029 ns, At safepoint: 9979 ns, Total: 113792 ns
[2025-04-26T16:42:27.537+0000][786.721s][debug][safepoint   ] Safepoint synchronization initiated using futex wait barrier. (209 threads)
[2025-04-26T16:42:27.537+0000][786.722s][info ][safepoint   ] Safepoint "Cleanup", Time since last: 2000262710 ns, Reaching safepoint: 386986 ns, Cleanup: 50261 ns, At safepoint: 71102 ns, Total: 508349 ns
[2025-04-26T16:42:29.538+0000][788.722s][debug][safepoint   ] Safepoint synchronization initiated using futex wait barrier. (209 threads)
[2025-04-26T16:42:29.538+0000][788.722s][info ][safepoint   ] Safepoint "Cleanup", Time since last: 2000440573 ns, Reaching safepoint: 193105 ns, Cleanup: 29965 ns, At safepoint: 19364 ns, Total: 242434 ns
[2025-04-26T16:42:30.538+0000][789.723s][debug][safepoint   ] Safepoint synchronization initiated using futex wait barrier. (209 threads)
[2025-04-26T16:42:30.538+0000][789.723s][info ][safepoint   ] Safepoint "Cleanup", Time since last: 1000230006 ns, Reaching safepoint: 81500 ns, Cleanup: 13489 ns, At safepoint: 7229 ns, Total: 102218 ns
[2025-04-26T16:42:37.539+0000][796.724s][debug][safepoint   ] Safepoint synchronization initiated using futex wait barrier. (209 threads)
[2025-04-26T16:42:37.539+0000][796.724s][info ][safepoint   ] Safepoint "Cleanup", Time since last: 7000799208 ns, Reaching safepoint: 298863 ns, Cleanup: 40725 ns, At safepoint: 24450 ns, Total: 364038 ns
[2025-04-26T16:42:38.540+0000][797.724s][debug][safepoint   ] Safepoint synchronization initiated using futex wait barrier. (209 threads)
[2025-04-26T16:42:38.540+0000][797.725s][info ][safepoint   ] Safepoint "Cleanup", Time since last: 1000235880 ns, Reaching safepoint: 368794 ns, Cleanup: 38003 ns, At safepoint: 28299 ns, Total: 435096 ns
[2025-04-26T16:42:39.540+0000][798.725s][debug][safepoint   ] Safepoint synchronization initiated using futex wait barrier. (209 threads)
[2025-04-26T16:42:39.541+0000][798.725s][info ][safepoint   ] Safepoint "Cleanup", Time since last: 1000180547 ns, Reaching safepoint: 216568 ns, Cleanup: 35414 ns, At safepoint: 27701 ns, Total: 279683 ns
[2025-04-26T16:42:41.541+0000][800.726s][debug][safepoint   ] Safepoint synchronization initiated using futex wait barrier. (209 threads)
[2025-04-26T16:42:41.542+0000][800.726s][info ][safepoint   ] Safepoint "Cleanup", Time since last: 2000869288 ns, Reaching safepoint: 201987 ns, Cleanup: 120920 ns, At safepoint: 17521 ns, Total: 340428 ns
[2025-04-26T16:42:42.542+0000][801.727s][debug][safepoint   ] Safepoint synchronization initiated using futex wait barrier. (209 threads)
[2025-04-26T16:42:42.543+0000][801.727s][info ][safepoint   ] Safepoint "Cleanup", Time since last: 1000768499 ns, Reaching safepoint: 62707 ns, Cleanup: 9229 ns, At safepoint: 9221 ns, Total: 81157 ns
[2025-04-26T16:42:43.543+0000][802.727s][debug][safepoint   ] Safepoint synchronization initiated using futex wait barrier. (209 threads)
[2025-04-26T16:42:43.544+0000][802.729s][info ][safepoint   ] Safepoint "Cleanup", Time since last: 1000162765 ns, Reaching safepoint: 109537 ns, Cleanup: 112735 ns, At safepoint: 1126807 ns, Total: 1349079 ns
[2025-04-26T16:42:44.841+0000][804.025s][debug][safepoint   ] Safepoint synchronization initiated using futex wait barrier. (241 threads)
[2025-04-26T16:42:44.841+0000][804.025s][info ][safepoint   ] Safepoint "Cleanup", Time since last: 1296491441 ns, Reaching safepoint: 131611 ns, Cleanup: 107602 ns, At safepoint: 18661 ns, Total: 257874 ns
[2025-04-26T16:42:45.841+0000][805.025s][debug][safepoint   ] Safepoint synchronization initiated using futex wait barrier. (241 threads)
[2025-04-26T16:42:45.841+0000][805.026s][info ][safepoint   ] Safepoint "Cleanup", Time since last: 1000114687 ns, Reaching safepoint: 131634 ns, Cleanup: 31433 ns, At safepoint: 7143 ns, Total: 170210 ns
[2025-04-26T16:42:46.841+0000][806.026s][debug][safepoint   ] Safepoint synchronization initiated using futex wait barrier. (241 threads)
[2025-04-26T16:42:46.841+0000][806.026s][info ][safepoint   ] Safepoint "Cleanup", Time since last: 1000121135 ns, Reaching safepoint: 118315 ns, Cleanup: 18530 ns, At safepoint: 6517 ns, Total: 143362 ns
[2025-04-26T16:42:47.842+0000][807.026s][debug][safepoint   ] Safepoint synchronization initiated using futex wait barrier. (241 threads)
[2025-04-26T16:42:47.842+0000][807.026s][info ][safepoint   ] Safepoint "Cleanup", Time since last: 1000181790 ns, Reaching safepoint: 141620 ns, Cleanup: 30435 ns, At safepoint: 5093 ns, Total: 177148 ns
[2025-04-26T16:42:48.842+0000][808.026s][debug][safepoint   ] Safepoint synchronization initiated using futex wait barrier. (241 threads)
[2025-04-26T16:42:48.842+0000][808.027s][info ][safepoint   ] Safepoint "Cleanup", Time since last: 1000099064 ns, Reaching safepoint: 130559 ns, Cleanup: 24763 ns, At safepoint: 10223 ns, Total: 165545 ns
[2025-04-26T16:42:50.432+0000][809.616s][debug][safepoint   ] Safepoint synchronization initiated using futex wait barrier. (242 threads)
[2025-04-26T16:42:50.432+0000][809.616s][info ][safepoint   ] Safepoint "Cleanup", Time since last: 1589651638 ns, Reaching safepoint: 74296 ns, Cleanup: 177654 ns, At safepoint: 9546 ns, Total: 261496 ns
[2025-04-26T16:42:52.432+0000][811.617s][debug][safepoint   ] Safepoint synchronization initiated using futex wait barrier. (242 threads)
[2025-04-26T16:42:52.432+0000][811.617s][info ][safepoint   ] Safepoint "Cleanup", Time since last: 2000271252 ns, Reaching safepoint: 156566 ns, Cleanup: 25549 ns, At safepoint: 14160 ns, Total: 196275 ns
[2025-04-26T16:42:54.433+0000][813.617s][debug][safepoint   ] Safepoint synchronization initiated using futex wait barrier. (242 threads)
[2025-04-26T16:42:54.433+0000][813.618s][info ][safepoint   ] Safepoint "Cleanup", Time since last: 2000386944 ns, Reaching safepoint: 217382 ns, Cleanup: 39007 ns, At safepoint: 23345 ns, Total: 279734 ns
[2025-04-26T16:42:56.434+0000][815.618s][debug][safepoint   ] Safepoint synchronization initiated using futex wait barrier. (243 threads)
[2025-04-26T16:42:56.434+0000][815.618s][info ][safepoint   ] Safepoint "Cleanup", Time since last: 2000460562 ns, Reaching safepoint: 108608 ns, Cleanup: 10541 ns, At safepoint: 5483 ns, Total: 124632 ns
[2025-04-26T16:42:57.434+0000][816.618s][debug][safepoint   ] Safepoint synchronization initiated using futex wait barrier. (243 threads)
[2025-04-26T16:42:57.434+0000][816.618s][info ][safepoint   ] Safepoint "Cleanup", Time since last: 1000082857 ns, Reaching safepoint: 108677 ns, Cleanup: 43265 ns, At safepoint: 4984 ns, Total: 156926 ns
[2025-04-26T16:42:58.434+0000][817.619s][debug][safepoint   ] Safepoint synchronization initiated using futex wait barrier. (243 threads)
[2025-04-26T16:42:58.434+0000][817.619s][info ][safepoint   ] Safepoint "Cleanup", Time since last: 1000200394 ns, Reaching safepoint: 355275 ns, Cleanup: 28920 ns, At safepoint: 9746 ns, Total: 393941 ns
[2025-04-26T16:42:59.435+0000][818.619s][debug][safepoint   ] Safepoint synchronization initiated using futex wait barrier. (243 threads)
[2025-04-26T16:42:59.435+0000][818.619s][info ][safepoint   ] Safepoint "Cleanup", Time since last: 1000188978 ns, Reaching safepoint: 137266 ns, Cleanup: 31460 ns, At safepoint: 12399 ns, Total: 181125 ns
[2025-04-26T16:43:00.435+0000][819.620s][debug][safepoint   ] Safepoint synchronization initiated using futex wait barrier. (243 threads)
[2025-04-26T16:43:00.435+0000][819.620s][info ][safepoint   ] Safepoint "Cleanup", Time since last: 1000191099 ns, Reaching safepoint: 193395 ns, Cleanup: 62877 ns, At safepoint: 64210 ns, Total: 320482 ns
[2025-04-26T16:43:01.436+0000][820.620s][debug][safepoint   ] Safepoint synchronization initiated using futex wait barrier. (243 threads)
[2025-04-26T16:43:01.436+0000][820.620s][info ][safepoint   ] Safepoint "Cleanup", Time since last: 1000294143 ns, Reaching safepoint: 100457 ns, Cleanup: 19720 ns, At safepoint: 14713 ns, Total: 134890 ns
[2025-04-26T16:43:03.436+0000][822.621s][debug][safepoint   ] Safepoint synchronization initiated using futex wait barrier. (243 threads)
[2025-04-26T16:43:03.436+0000][822.621s][info ][safepoint   ] Safepoint "Cleanup", Time since last: 2000280784 ns, Reaching safepoint: 126443 ns, Cleanup: 18935 ns, At safepoint: 24517 ns, Total: 169895 ns
[2025-04-26T16:43:04.436+0000][823.621s][debug][safepoint   ] Safepoint synchronization initiated using futex wait barrier. (243 threads)
[2025-04-26T16:43:04.437+0000][823.621s][info ][safepoint   ] Safepoint "Cleanup", Time since last: 1000208304 ns, Reaching safepoint: 300224 ns, Cleanup: 45921 ns, At safepoint: 32909 ns, Total: 379054 ns
[2025-04-26T16:43:05.437+0000][824.622s][debug][safepoint   ] Safepoint synchronization initiated using futex wait barrier. (243 threads)
[2025-04-26T16:43:05.437+0000][824.622s][info ][safepoint   ] Safepoint "Cleanup", Time since last: 1000242126 ns, Reaching safepoint: 69362 ns, Cleanup: 41438 ns, At safepoint: 5899 ns, Total: 116699 ns
[2025-04-26T16:43:08.438+0000][827.622s][debug][safepoint   ] Safepoint synchronization initiated using futex wait barrier. (243 threads)
[2025-04-26T16:43:08.438+0000][827.622s][info ][safepoint   ] Safepoint "Cleanup", Time since last: 3000338472 ns, Reaching safepoint: 72128 ns, Cleanup: 11158 ns, At safepoint: 5862 ns, Total: 89148 ns
[2025-04-26T16:43:12.438+0000][831.622s][debug][safepoint   ] Safepoint synchronization initiated using futex wait barrier. (243 threads)
[2025-04-26T16:43:12.438+0000][831.623s][info ][safepoint   ] Safepoint "Cleanup", Time since last: 4000360515 ns, Reaching safepoint: 65513 ns, Cleanup: 15224 ns, At safepoint: 4698 ns, Total: 85435 ns
[2025-04-26T16:43:13.438+0000][832.623s][debug][safepoint   ] Safepoint synchronization initiated using futex wait barrier. (243 threads)
[2025-04-26T16:43:13.438+0000][832.623s][info ][safepoint   ] Safepoint "Cleanup", Time since last: 1000121022 ns, Reaching safepoint: 106279 ns, Cleanup: 14964 ns, At safepoint: 7066 ns, Total: 128309 ns
[2025-04-26T16:43:14.438+0000][833.623s][debug][safepoint   ] Safepoint synchronization initiated using futex wait barrier. (243 threads)
[2025-04-26T16:43:14.439+0000][833.623s][info ][safepoint   ] Safepoint "Cleanup", Time since last: 1000164779 ns, Reaching safepoint: 281193 ns, Cleanup: 62350 ns, At safepoint: 21028 ns, Total: 364571 ns
[2025-04-26T16:43:15.439+0000][834.624s][debug][safepoint   ] Safepoint synchronization initiated using futex wait barrier. (241 threads)
[2025-04-26T16:43:15.439+0000][834.624s][info ][safepoint   ] Safepoint "Cleanup", Time since last: 1000205631 ns, Reaching safepoint: 159087 ns, Cleanup: 24676 ns, At safepoint: 14977 ns, Total: 198740 ns
[2025-04-26T16:43:18.440+0000][837.624s][debug][safepoint   ] Safepoint synchronization initiated using futex wait barrier. (241 threads)
[2025-04-26T16:43:18.440+0000][837.624s][info ][safepoint   ] Safepoint "Cleanup", Time since last: 3000326005 ns, Reaching safepoint: 93381 ns, Cleanup: 14380 ns, At safepoint: 7131 ns, Total: 114892 ns
[2025-04-26T16:43:19.440+0000][838.624s][debug][safepoint   ] Safepoint synchronization initiated using futex wait barrier. (241 threads)
[2025-04-26T16:43:19.440+0000][838.625s][info ][safepoint   ] Safepoint "Cleanup", Time since last: 1000186338 ns, Reaching safepoint: 190899 ns, Cleanup: 34478 ns, At safepoint: 22845 ns, Total: 248222 ns
[2025-04-26T16:43:20.440+0000][839.625s][debug][safepoint   ] Safepoint synchronization initiated using futex wait barrier. (241 threads)
[2025-04-26T16:43:20.441+0000][839.625s][info ][safepoint   ] Safepoint "Cleanup", Time since last: 1000198802 ns, Reaching safepoint: 302991 ns, Cleanup: 50020 ns, At safepoint: 32265 ns, Total: 385276 ns
[2025-04-26T16:43:22.382+0000][841.567s][debug][safepoint   ] Safepoint synchronization initiated using futex wait barrier. (241 threads)
[2025-04-26T16:43:22.382+0000][841.567s][info ][safepoint   ] Safepoint "Cleanup", Time since last: 1941378378 ns, Reaching safepoint: 266806 ns, Cleanup: 75418 ns, At safepoint: 20588 ns, Total: 362812 ns
[2025-04-26T16:43:23.383+0000][842.567s][debug][safepoint   ] Safepoint synchronization initiated using futex wait barrier. (241 threads)
[2025-04-26T16:43:23.383+0000][842.567s][info ][safepoint   ] Safepoint "Cleanup", Time since last: 1000246040 ns, Reaching safepoint: 198570 ns, Cleanup: 46255 ns, At safepoint: 29180 ns, Total: 274005 ns
[2025-04-26T16:43:24.383+0000][843.568s][debug][safepoint   ] Safepoint synchronization initiated using futex wait barrier. (241 threads)
[2025-04-26T16:43:24.383+0000][843.568s][info ][safepoint   ] Safepoint "Cleanup", Time since last: 1000249167 ns, Reaching safepoint: 209103 ns, Cleanup: 31885 ns, At safepoint: 24811 ns, Total: 265799 ns
[2025-04-26T16:43:25.384+0000][844.568s][debug][safepoint   ] Safepoint synchronization initiated using futex wait barrier. (241 threads)
[2025-04-26T16:43:25.384+0000][844.569s][info ][safepoint   ] Safepoint "Cleanup", Time since last: 1000232544 ns, Reaching safepoint: 250008 ns, Cleanup: 72724 ns, At safepoint: 24638 ns, Total: 347370 ns
[2025-04-26T16:43:26.384+0000][845.569s][debug][safepoint   ] Safepoint synchronization initiated using futex wait barrier. (241 threads)
[2025-04-26T16:43:26.384+0000][845.569s][info ][safepoint   ] Safepoint "Cleanup", Time since last: 1000161888 ns, Reaching safepoint: 84546 ns, Cleanup: 16692 ns, At safepoint: 7344 ns, Total: 108582 ns
[2025-04-26T16:43:27.384+0000][846.569s][debug][safepoint   ] Safepoint synchronization initiated using futex wait barrier. (241 threads)
[2025-04-26T16:43:27.385+0000][846.569s][info ][safepoint   ] Safepoint "Cleanup", Time since last: 1000139758 ns, Reaching safepoint: 260762 ns, Cleanup: 46706 ns, At safepoint: 20487 ns, Total: 327955 ns
[2025-04-26T16:43:28.385+0000][847.570s][debug][safepoint   ] Safepoint synchronization initiated using futex wait barrier. (241 threads)
[2025-04-26T16:43:28.385+0000][847.570s][info ][safepoint   ] Safepoint "Cleanup", Time since last: 1000217904 ns, Reaching safepoint: 275063 ns, Cleanup: 60678 ns, At safepoint: 33457 ns, Total: 369198 ns
[2025-04-26T16:43:30.386+0000][849.570s][debug][safepoint   ] Safepoint synchronization initiated using futex wait barrier. (241 threads)
[2025-04-26T16:43:30.386+0000][849.570s][info ][safepoint   ] Safepoint "Cleanup", Time since last: 2000317855 ns, Reaching safepoint: 203832 ns, Cleanup: 35722 ns, At safepoint: 24932 ns, Total: 264486 ns
[2025-04-26T16:43:31.386+0000][850.571s][debug][safepoint   ] Safepoint synchronization initiated using futex wait barrier. (241 threads)
[2025-04-26T16:43:31.387+0000][850.571s][info ][safepoint   ] Safepoint "Cleanup", Time since last: 1000253303 ns, Reaching safepoint: 263167 ns, Cleanup: 132043 ns, At safepoint: 39334 ns, Total: 434544 ns
[2025-04-26T16:43:33.387+0000][852.572s][debug][safepoint   ] Safepoint synchronization initiated using futex wait barrier. (241 threads)
[2025-04-26T16:43:33.387+0000][852.572s][info ][safepoint   ] Safepoint "Cleanup", Time since last: 2000375882 ns, Reaching safepoint: 191680 ns, Cleanup: 43403 ns, At safepoint: 23561 ns, Total: 258644 ns
[2025-04-26T16:43:37.388+0000][856.573s][debug][safepoint   ] Safepoint synchronization initiated using futex wait barrier. (241 threads)
[2025-04-26T16:43:37.389+0000][856.573s][info ][safepoint   ] Safepoint "Cleanup", Time since last: 4000909270 ns, Reaching safepoint: 278770 ns, Cleanup: 35806 ns, At safepoint: 51056 ns, Total: 365632 ns
[2025-04-26T16:43:38.389+0000][857.573s][debug][safepoint   ] Safepoint synchronization initiated using futex wait barrier. (241 threads)
[2025-04-26T16:43:38.389+0000][857.574s][info ][safepoint   ] Safepoint "Cleanup", Time since last: 1000239386 ns, Reaching safepoint: 264598 ns, Cleanup: 323473 ns, At safepoint: 82154 ns, Total: 670225 ns
[2025-04-26T16:43:40.390+0000][859.574s][debug][safepoint   ] Safepoint synchronization initiated using futex wait barrier. (241 threads)
[2025-04-26T16:43:40.390+0000][859.575s][info ][safepoint   ] Safepoint "Cleanup", Time since last: 2000482126 ns, Reaching safepoint: 269396 ns, Cleanup: 41574 ns, At safepoint: 29333 ns, Total: 340303 ns
[2025-04-26T16:43:42.391+0000][861.575s][debug][safepoint   ] Safepoint synchronization initiated using futex wait barrier. (241 threads)
[2025-04-26T16:43:42.391+0000][861.575s][info ][safepoint   ] Safepoint "Cleanup", Time since last: 2000323496 ns, Reaching safepoint: 250978 ns, Cleanup: 38530 ns, At safepoint: 30292 ns, Total: 319800 ns
[2025-04-26T16:43:43.391+0000][862.576s][debug][safepoint   ] Safepoint synchronization initiated using futex wait barrier. (241 threads)
[2025-04-26T16:43:43.391+0000][862.576s][info ][safepoint   ] Safepoint "Cleanup", Time since last: 1000166866 ns, Reaching safepoint: 89258 ns, Cleanup: 34570 ns, At safepoint: 7344 ns, Total: 131172 ns
[2025-04-26T16:43:44.391+0000][863.576s][debug][safepoint   ] Safepoint synchronization initiated using futex wait barrier. (241 threads)
[2025-04-26T16:43:44.392+0000][863.576s][info ][safepoint   ] Safepoint "Cleanup", Time since last: 1000220914 ns, Reaching safepoint: 323055 ns, Cleanup: 45788 ns, At safepoint: 39652 ns, Total: 408495 ns
[2025-04-26T16:43:47.393+0000][866.577s][debug][safepoint   ] Safepoint synchronization initiated using futex wait barrier. (241 threads)
[2025-04-26T16:43:47.393+0000][866.577s][info ][safepoint   ] Safepoint "Cleanup", Time since last: 3000772414 ns, Reaching safepoint: 230735 ns, Cleanup: 37188 ns, At safepoint: 18855 ns, Total: 286778 ns
[2025-04-26T16:43:49.393+0000][868.578s][debug][safepoint   ] Safepoint synchronization initiated using futex wait barrier. (241 threads)
[2025-04-26T16:43:49.393+0000][868.578s][info ][safepoint   ] Safepoint "Cleanup", Time since last: 2000299838 ns, Reaching safepoint: 97761 ns, Cleanup: 19420 ns, At safepoint: 6350 ns, Total: 123531 ns
[2025-04-26T16:43:50.394+0000][869.578s][debug][safepoint   ] Safepoint synchronization initiated using futex wait barrier. (241 threads)
[2025-04-26T16:43:50.394+0000][869.578s][info ][safepoint   ] Safepoint "Cleanup", Time since last: 1000195726 ns, Reaching safepoint: 123619 ns, Cleanup: 19006 ns, At safepoint: 11114 ns, Total: 153739 ns
[2025-04-26T16:43:53.394+0000][872.579s][debug][safepoint   ] Safepoint synchronization initiated using futex wait barrier. (241 threads)
[2025-04-26T16:43:53.395+0000][872.579s][info ][safepoint   ] Safepoint "Cleanup", Time since last: 3000764853 ns, Reaching safepoint: 281417 ns, Cleanup: 34427 ns, At safepoint: 25200 ns, Total: 341044 ns
[2025-04-26T16:43:54.395+0000][873.580s][debug][safepoint   ] Safepoint synchronization initiated using futex wait barrier. (241 threads)
[2025-04-26T16:43:54.395+0000][873.580s][info ][safepoint   ] Safepoint "Cleanup", Time since last: 1000229624 ns, Reaching safepoint: 268606 ns, Cleanup: 36349 ns, At safepoint: 34801 ns, Total: 339756 ns
[2025-04-26T16:43:55.396+0000][874.580s][debug][safepoint   ] Safepoint synchronization initiated using futex wait barrier. (241 threads)
[2025-04-26T16:43:55.396+0000][874.581s][info ][safepoint   ] Safepoint "Cleanup", Time since last: 1000250832 ns, Reaching safepoint: 704620 ns, Cleanup: 63299 ns, At safepoint: 26703 ns, Total: 794622 ns
[2025-04-26T16:44:00.397+0000][879.582s][debug][safepoint   ] Safepoint synchronization initiated using futex wait barrier. (241 threads)
[2025-04-26T16:44:00.398+0000][879.582s][info ][safepoint   ] Safepoint "Cleanup", Time since last: 5001060687 ns, Reaching safepoint: 345949 ns, Cleanup: 32886 ns, At safepoint: 28683 ns, Total: 407518 ns
[2025-04-26T16:44:04.399+0000][883.583s][debug][safepoint   ] Safepoint synchronization initiated using futex wait barrier. (240 threads)
[2025-04-26T16:44:04.399+0000][883.583s][info ][safepoint   ] Safepoint "Cleanup", Time since last: 4000793045 ns, Reaching safepoint: 52209 ns, Cleanup: 7899 ns, At safepoint: 3664 ns, Total: 63772 ns
[2025-04-26T16:44:09.400+0000][888.584s][debug][safepoint   ] Safepoint synchronization initiated using futex wait barrier. (240 threads)
[2025-04-26T16:44:09.400+0000][888.585s][info ][safepoint   ] Safepoint "Cleanup", Time since last: 5000887562 ns, Reaching safepoint: 299561 ns, Cleanup: 52170 ns, At safepoint: 37138 ns, Total: 388869 ns
[2025-04-26T16:44:11.401+0000][890.586s][debug][safepoint   ] Safepoint synchronization initiated using futex wait barrier. (240 threads)
[2025-04-26T16:44:11.401+0000][890.586s][info ][safepoint   ] Safepoint "Cleanup", Time since last: 2001037195 ns, Reaching safepoint: 219937 ns, Cleanup: 33292 ns, At safepoint: 24742 ns, Total: 277971 ns
[2025-04-26T16:44:12.402+0000][891.586s][debug][safepoint   ] Safepoint synchronization initiated using futex wait barrier. (240 threads)
[2025-04-26T16:44:12.402+0000][891.587s][info ][safepoint   ] Safepoint "Cleanup", Time since last: 1000234467 ns, Reaching safepoint: 312987 ns, Cleanup: 61912 ns, At safepoint: 30205 ns, Total: 405104 ns
[2025-04-26T16:44:17.403+0000][896.588s][debug][safepoint   ] Safepoint synchronization initiated using futex wait barrier. (240 threads)
[2025-04-26T16:44:17.403+0000][896.588s][info ][safepoint   ] Safepoint "Cleanup", Time since last: 5000999033 ns, Reaching safepoint: 321061 ns, Cleanup: 44391 ns, At safepoint: 26278 ns, Total: 391730 ns
[2025-04-26T16:44:18.404+0000][897.588s][debug][safepoint   ] Safepoint synchronization initiated using futex wait barrier. (240 threads)
[2025-04-26T16:44:18.404+0000][897.588s][info ][safepoint   ] Safepoint "Cleanup", Time since last: 1000267651 ns, Reaching safepoint: 239278 ns, Cleanup: 39502 ns, At safepoint: 28516 ns, Total: 307296 ns
[2025-04-26T16:44:21.406+0000][900.590s][debug][safepoint   ] Safepoint synchronization initiated using futex wait barrier. (240 threads)
[2025-04-26T16:44:21.406+0000][900.590s][info ][safepoint   ] Safepoint "Cleanup", Time since last: 3001816348 ns, Reaching safepoint: 141844 ns, Cleanup: 23203 ns, At safepoint: 19083 ns, Total: 184130 ns
[2025-04-26T16:44:22.427+0000][901.611s][debug][safepoint   ] Safepoint synchronization initiated using futex wait barrier. (240 threads)
[2025-04-26T16:44:22.427+0000][901.611s][info ][safepoint   ] Safepoint "Cleanup", Time since last: 1020874998 ns, Reaching safepoint: 83521 ns, Cleanup: 18442 ns, At safepoint: 8264 ns, Total: 110227 ns
[2025-04-26T16:44:25.427+0000][904.612s][debug][safepoint   ] Safepoint synchronization initiated using futex wait barrier. (240 threads)
[2025-04-26T16:44:25.427+0000][904.612s][info ][safepoint   ] Safepoint "Cleanup", Time since last: 3000314175 ns, Reaching safepoint: 68372 ns, Cleanup: 11742 ns, At safepoint: 3894 ns, Total: 84008 ns
[2025-04-26T16:44:28.428+0000][907.612s][debug][safepoint   ] Safepoint synchronization initiated using futex wait barrier. (240 threads)
[2025-04-26T16:44:28.430+0000][907.614s][info ][safepoint   ] Safepoint "Cleanup", Time since last: 3000493020 ns, Reaching safepoint: 1905643 ns, Cleanup: 37737 ns, At safepoint: 200720 ns, Total: 2144100 ns
[2025-04-26T16:44:39.431+0000][918.616s][debug][safepoint   ] Safepoint synchronization initiated using futex wait barrier. (240 threads)
[2025-04-26T16:44:39.431+0000][918.616s][info ][safepoint   ] Safepoint "Cleanup", Time since last: 11001281146 ns, Reaching safepoint: 62961 ns, Cleanup: 12780 ns, At safepoint: 5057 ns, Total: 80798 ns
[2025-04-26T16:44:40.431+0000][919.616s][debug][safepoint   ] Safepoint synchronization initiated using futex wait barrier. (240 threads)
[2025-04-26T16:44:40.432+0000][919.616s][info ][safepoint   ] Safepoint "Cleanup", Time since last: 1000166056 ns, Reaching safepoint: 153087 ns, Cleanup: 16474 ns, At safepoint: 11313 ns, Total: 180874 ns
[2025-04-26T16:44:43.432+0000][922.617s][debug][safepoint   ] Safepoint synchronization initiated using futex wait barrier. (240 threads)
[2025-04-26T16:44:43.432+0000][922.617s][info ][safepoint   ] Safepoint "Cleanup", Time since last: 3000396292 ns, Reaching safepoint: 256931 ns, Cleanup: 45661 ns, At safepoint: 35736 ns, Total: 338328 ns
[2025-04-26T16:44:44.433+0000][923.617s][debug][safepoint   ] Safepoint synchronization initiated using futex wait barrier. (240 threads)
[2025-04-26T16:44:44.433+0000][923.617s][info ][safepoint   ] Safepoint "Cleanup", Time since last: 1000160421 ns, Reaching safepoint: 93194 ns, Cleanup: 13118 ns, At safepoint: 7160 ns, Total: 113472 ns
[2025-04-26T16:44:47.433+0000][926.618s][debug][safepoint   ] Safepoint synchronization initiated using futex wait barrier. (240 threads)
[2025-04-26T16:44:47.433+0000][926.618s][info ][safepoint   ] Safepoint "Cleanup", Time since last: 3000349031 ns, Reaching safepoint: 289383 ns, Cleanup: 20313 ns, At safepoint: 8172 ns, Total: 317868 ns
[2025-04-26T16:44:50.434+0000][929.618s][debug][safepoint   ] Safepoint synchronization initiated using futex wait barrier. (240 threads)
[2025-04-26T16:44:50.434+0000][929.618s][info ][safepoint   ] Safepoint "Cleanup", Time since last: 3000280102 ns, Reaching safepoint: 63702 ns, Cleanup: 44436 ns, At safepoint: 4242 ns, Total: 112380 ns
[2025-04-26T16:44:52.434+0000][931.618s][debug][safepoint   ] Safepoint synchronization initiated using futex wait barrier. (240 threads)
[2025-04-26T16:44:52.434+0000][931.618s][info ][safepoint   ] Safepoint "Cleanup", Time since last: 2000148821 ns, Reaching safepoint: 74217 ns, Cleanup: 12077 ns, At safepoint: 5494 ns, Total: 91788 ns
[2025-04-26T16:44:53.434+0000][932.619s][debug][safepoint   ] Safepoint synchronization initiated using futex wait barrier. (240 threads)
[2025-04-26T16:44:53.434+0000][932.619s][info ][safepoint   ] Safepoint "Cleanup", Time since last: 1000179147 ns, Reaching safepoint: 247949 ns, Cleanup: 23803 ns, At safepoint: 26376 ns, Total: 298128 ns
[2025-04-26T16:44:54.435+0000][933.619s][debug][safepoint   ] Safepoint synchronization initiated using futex wait barrier. (240 threads)
[2025-04-26T16:44:54.435+0000][933.619s][info ][safepoint   ] Safepoint "Cleanup", Time since last: 1000199013 ns, Reaching safepoint: 136285 ns, Cleanup: 20145 ns, At safepoint: 8893 ns, Total: 165323 ns
[2025-04-26T16:44:57.435+0000][936.620s][debug][safepoint   ] Safepoint synchronization initiated using futex wait barrier. (240 threads)
[2025-04-26T16:44:57.435+0000][936.620s][info ][safepoint   ] Safepoint "Cleanup", Time since last: 3000356143 ns, Reaching safepoint: 242146 ns, Cleanup: 37909 ns, At safepoint: 27166 ns, Total: 307221 ns
[2025-04-26T16:45:07.437+0000][946.621s][debug][safepoint   ] Safepoint synchronization initiated using futex wait barrier. (239 threads)
[2025-04-26T16:45:07.437+0000][946.622s][info ][safepoint   ] Safepoint "Cleanup", Time since last: 10001291370 ns, Reaching safepoint: 400190 ns, Cleanup: 65127 ns, At safepoint: 33876 ns, Total: 499193 ns
[2025-04-26T16:45:09.438+0000][948.622s][debug][safepoint   ] Safepoint synchronization initiated using futex wait barrier. (239 threads)
[2025-04-26T16:45:09.438+0000][948.622s][info ][safepoint   ] Safepoint "Cleanup", Time since last: 2000313897 ns, Reaching safepoint: 83324 ns, Cleanup: 12876 ns, At safepoint: 7044 ns, Total: 103244 ns
[2025-04-26T16:45:13.438+0000][952.623s][debug][safepoint   ] Safepoint synchronization initiated using futex wait barrier. (239 threads)
[2025-04-26T16:45:13.438+0000][952.623s][info ][safepoint   ] Safepoint "Cleanup", Time since last: 4000590381 ns, Reaching safepoint: 79300 ns, Cleanup: 13254 ns, At safepoint: 6439 ns, Total: 98993 ns
[2025-04-26T16:45:14.439+0000][953.623s][debug][safepoint   ] Safepoint synchronization initiated using futex wait barrier. (239 threads)
[2025-04-26T16:45:14.439+0000][953.623s][info ][safepoint   ] Safepoint "Cleanup", Time since last: 1000284029 ns, Reaching safepoint: 198970 ns, Cleanup: 31672 ns, At safepoint: 20628 ns, Total: 251270 ns
[2025-04-26T16:45:15.439+0000][954.624s][debug][safepoint   ] Safepoint synchronization initiated using futex wait barrier. (239 threads)
[2025-04-26T16:45:15.439+0000][954.624s][info ][safepoint   ] Safepoint "Cleanup", Time since last: 1000198658 ns, Reaching safepoint: 106102 ns, Cleanup: 20068 ns, At safepoint: 11906 ns, Total: 138076 ns
[2025-04-26T16:45:16.439+0000][955.624s][debug][safepoint   ] Safepoint synchronization initiated using futex wait barrier. (239 threads)
[2025-04-26T16:45:16.440+0000][955.624s][info ][safepoint   ] Safepoint "Cleanup", Time since last: 1000162335 ns, Reaching safepoint: 254419 ns, Cleanup: 31126 ns, At safepoint: 19712 ns, Total: 305257 ns
[2025-04-26T16:45:17.440+0000][956.624s][debug][safepoint   ] Safepoint synchronization initiated using futex wait barrier. (239 threads)
[2025-04-26T16:45:17.440+0000][956.625s][info ][safepoint   ] Safepoint "Cleanup", Time since last: 1000199797 ns, Reaching safepoint: 85804 ns, Cleanup: 33973 ns, At safepoint: 8549 ns, Total: 128326 ns
[2025-04-26T16:45:18.440+0000][957.625s][debug][safepoint   ] Safepoint synchronization initiated using futex wait barrier. (239 threads)
[2025-04-26T16:45:18.441+0000][957.625s][info ][safepoint   ] Safepoint "Cleanup", Time since last: 1000165179 ns, Reaching safepoint: 252917 ns, Cleanup: 32347 ns, At safepoint: 20054 ns, Total: 305318 ns
[2025-04-26T16:45:20.441+0000][959.625s][debug][safepoint   ] Safepoint synchronization initiated using futex wait barrier. (239 threads)
[2025-04-26T16:45:20.441+0000][959.625s][info ][safepoint   ] Safepoint "Cleanup", Time since last: 2000232250 ns, Reaching safepoint: 77006 ns, Cleanup: 16415 ns, At safepoint: 8443 ns, Total: 101864 ns
[2025-04-26T16:45:25.462+0000][964.646s][debug][safepoint   ] Safepoint synchronization initiated using futex wait barrier. (239 threads)
[2025-04-26T16:45:25.463+0000][964.648s][info ][safepoint   ] Safepoint "Cleanup", Time since last: 5020959907 ns, Reaching safepoint: 1134389 ns, Cleanup: 46040 ns, At safepoint: 58067 ns, Total: 1238496 ns
[2025-04-26T16:45:28.464+0000][967.648s][debug][safepoint   ] Safepoint synchronization initiated using futex wait barrier. (239 threads)
[2025-04-26T16:45:28.464+0000][967.649s][info ][safepoint   ] Safepoint "Cleanup", Time since last: 3000556918 ns, Reaching safepoint: 290966 ns, Cleanup: 58231 ns, At safepoint: 27716 ns, Total: 376913 ns
[2025-04-26T16:45:31.464+0000][970.649s][debug][safepoint   ] Safepoint synchronization initiated using futex wait barrier. (239 threads)
[2025-04-26T16:45:31.465+0000][970.649s][info ][safepoint   ] Safepoint "Cleanup", Time since last: 3000423546 ns, Reaching safepoint: 96569 ns, Cleanup: 14500 ns, At safepoint: 7957 ns, Total: 119026 ns
[2025-04-26T16:45:35.465+0000][974.650s][debug][safepoint   ] Safepoint synchronization initiated using futex wait barrier. (239 threads)
[2025-04-26T16:45:35.466+0000][974.650s][info ][safepoint   ] Safepoint "Cleanup", Time since last: 4000732855 ns, Reaching safepoint: 408228 ns, Cleanup: 39223 ns, At safepoint: 64735 ns, Total: 512186 ns
[2025-04-26T16:45:36.466+0000][975.650s][debug][safepoint   ] Safepoint synchronization initiated using futex wait barrier. (239 threads)
[2025-04-26T16:45:36.466+0000][975.651s][info ][safepoint   ] Safepoint "Cleanup", Time since last: 1000183982 ns, Reaching safepoint: 71505 ns, Cleanup: 10681 ns, At safepoint: 5970 ns, Total: 88156 ns
[2025-04-26T16:45:40.466+0000][979.651s][debug][safepoint   ] Safepoint synchronization initiated using futex wait barrier. (239 threads)
[2025-04-26T16:45:40.467+0000][979.651s][info ][safepoint   ] Safepoint "Cleanup", Time since last: 4000407383 ns, Reaching safepoint: 78287 ns, Cleanup: 22668 ns, At safepoint: 9835 ns, Total: 110790 ns
[2025-04-26T16:45:41.467+0000][980.651s][debug][safepoint   ] Safepoint synchronization initiated using futex wait barrier. (239 threads)
[2025-04-26T16:45:41.467+0000][980.651s][info ][safepoint   ] Safepoint "Cleanup", Time since last: 1000112049 ns, Reaching safepoint: 83498 ns, Cleanup: 10646 ns, At safepoint: 6142 ns, Total: 100286 ns
[2025-04-26T16:45:42.467+0000][981.651s][debug][safepoint   ] Safepoint synchronization initiated using futex wait barrier. (239 threads)
[2025-04-26T16:45:42.467+0000][981.652s][info ][safepoint   ] Safepoint "Cleanup", Time since last: 1000144175 ns, Reaching safepoint: 198433 ns, Cleanup: 23079 ns, At safepoint: 14259 ns, Total: 235771 ns
[2025-04-26T16:45:43.467+0000][982.652s][debug][safepoint   ] Safepoint synchronization initiated using futex wait barrier. (239 threads)
[2025-04-26T16:45:43.468+0000][982.652s][info ][safepoint   ] Safepoint "Cleanup", Time since last: 1000173125 ns, Reaching safepoint: 183864 ns, Cleanup: 71461 ns, At safepoint: 16342 ns, Total: 271667 ns
[2025-04-26T16:45:58.469+0000][997.654s][debug][safepoint   ] Safepoint synchronization initiated using futex wait barrier. (239 threads)
[2025-04-26T16:45:58.469+0000][997.654s][info ][safepoint   ] Safepoint "Cleanup", Time since last: 15001551159 ns, Reaching safepoint: 104184 ns, Cleanup: 18088 ns, At safepoint: 6445 ns, Total: 128717 ns
[2025-04-26T16:45:59.469+0000][998.654s][debug][safepoint   ] Safepoint synchronization initiated using futex wait barrier. (239 threads)
[2025-04-26T16:45:59.469+0000][998.654s][info ][safepoint   ] Safepoint "Cleanup", Time since last: 1000095153 ns, Reaching safepoint: 85064 ns, Cleanup: 13809 ns, At safepoint: 9248 ns, Total: 108121 ns
[2025-04-26T16:46:01.470+0000][1000.654s][debug][safepoint   ] Safepoint synchronization initiated using futex wait barrier. (239 threads)
[2025-04-26T16:46:01.470+0000][1000.655s][info ][safepoint   ] Safepoint "Cleanup", Time since last: 2000239292 ns, Reaching safepoint: 278765 ns, Cleanup: 41387 ns, At safepoint: 24040 ns, Total: 344192 ns
[2025-04-26T16:46:07.471+0000][1006.656s][debug][safepoint   ] Safepoint synchronization initiated using futex wait barrier. (238 threads)
[2025-04-26T16:46:07.471+0000][1006.656s][info ][safepoint   ] Safepoint "Cleanup", Time since last: 6000971627 ns, Reaching safepoint: 177358 ns, Cleanup: 22428 ns, At safepoint: 8664 ns, Total: 208450 ns
[2025-04-26T16:46:11.242+0000][1010.426s][debug][safepoint   ] Safepoint synchronization initiated using futex wait barrier. (238 threads)
[2025-04-26T16:46:11.242+0000][1010.426s][info ][gc,start    ] GC(71) Pause Young (Normal) (G1 Evacuation Pause)
[2025-04-26T16:46:11.242+0000][1010.426s][info ][gc,task     ] GC(71) Using 4 workers of 4 for evacuation
[2025-04-26T16:46:11.277+0000][1010.462s][info ][gc,phases   ] GC(71)   Pre Evacuate Collection Set: 0.2ms
[2025-04-26T16:46:11.277+0000][1010.462s][info ][gc,phases   ] GC(71)   Merge Heap Roots: 0.2ms
[2025-04-26T16:46:11.277+0000][1010.462s][info ][gc,phases   ] GC(71)   Evacuate Collection Set: 31.5ms
[2025-04-26T16:46:11.277+0000][1010.462s][info ][gc,phases   ] GC(71)   Post Evacuate Collection Set: 3.3ms
[2025-04-26T16:46:11.277+0000][1010.462s][info ][gc,phases   ] GC(71)   Other: 0.2ms
[2025-04-26T16:46:11.277+0000][1010.462s][info ][gc,heap     ] GC(71) Eden regions: 368->0(368)
[2025-04-26T16:46:11.277+0000][1010.462s][info ][gc,heap     ] GC(71) Survivor regions: 26->26(50)
[2025-04-26T16:46:11.277+0000][1010.462s][info ][gc,heap     ] GC(71) Old regions: 166->166
[2025-04-26T16:46:11.277+0000][1010.462s][info ][gc,heap     ] GC(71) Archive regions: 2->2
[2025-04-26T16:46:11.277+0000][1010.462s][info ][gc,heap     ] GC(71) Humongous regions: 0->0
[2025-04-26T16:46:11.277+0000][1010.462s][info ][gc,metaspace] GC(71) Metaspace: 194238K(195648K)->194238K(195648K) NonClass: 170783K(171520K)->170783K(171520K) Class: 23454K(24128K)->23454K(24128K)
[2025-04-26T16:46:11.277+0000][1010.462s][info ][gc          ] GC(71) Pause Young (Normal) (G1 Evacuation Pause) 559M->192M(657M) 35.504ms
[2025-04-26T16:46:11.277+0000][1010.462s][info ][gc,cpu      ] GC(71) User=0.12s Sys=0.00s Real=0.03s
[2025-04-26T16:46:11.278+0000][1010.462s][info ][safepoint   ] Safepoint "G1CollectForAllocation", Time since last: 3770457724 ns, Reaching safepoint: 53941 ns, Cleanup: 3958 ns, At safepoint: 35915740 ns, Total: 35973639 ns
[2025-04-26T16:46:12.278+0000][1011.463s][debug][safepoint   ] Safepoint synchronization initiated using futex wait barrier. (238 threads)
[2025-04-26T16:46:12.278+0000][1011.463s][info ][safepoint   ] Safepoint "Cleanup", Time since last: 1000388486 ns, Reaching safepoint: 74261 ns, Cleanup: 18007 ns, At safepoint: 11234 ns, Total: 103502 ns
[2025-04-26T16:46:19.279+0000][1018.464s][debug][safepoint   ] Safepoint synchronization initiated using futex wait barrier. (238 threads)
[2025-04-26T16:46:19.279+0000][1018.464s][info ][safepoint   ] Safepoint "Cleanup", Time since last: 7000891283 ns, Reaching safepoint: 95828 ns, Cleanup: 69737 ns, At safepoint: 7350 ns, Total: 172915 ns
[2025-04-26T16:46:21.030+0000][1020.214s][debug][safepoint   ] Safepoint synchronization initiated using futex wait barrier. (238 threads)
[2025-04-26T16:46:21.032+0000][1020.216s][info ][safepoint   ] Safepoint "Cleanup", Time since last: 1750323608 ns, Reaching safepoint: 2100007 ns, Cleanup: 43494 ns, At safepoint: 9669 ns, Total: 2153170 ns
[2025-04-26T16:46:22.489+0000][1021.674s][debug][safepoint   ] Safepoint synchronization initiated using futex wait barrier. (241 threads)
[2025-04-26T16:46:22.490+0000][1021.674s][info ][safepoint   ] Safepoint "Cleanup", Time since last: 1457465127 ns, Reaching safepoint: 100894 ns, Cleanup: 204670 ns, At safepoint: 33070 ns, Total: 338634 ns
[2025-04-26T16:46:25.490+0000][1024.674s][debug][safepoint   ] Safepoint synchronization initiated using futex wait barrier. (241 threads)
[2025-04-26T16:46:25.490+0000][1024.674s][info ][safepoint   ] Safepoint "Cleanup", Time since last: 3000313860 ns, Reaching safepoint: 67763 ns, Cleanup: 10313 ns, At safepoint: 5853 ns, Total: 83929 ns
[2025-04-26T16:46:26.490+0000][1025.675s][debug][safepoint   ] Safepoint synchronization initiated using futex wait barrier. (241 threads)
[2025-04-26T16:46:26.490+0000][1025.675s][info ][safepoint   ] Safepoint "Cleanup", Time since last: 1000111926 ns, Reaching safepoint: 94039 ns, Cleanup: 23352 ns, At safepoint: 4159 ns, Total: 121550 ns
[2025-04-26T16:46:28.490+0000][1027.675s][debug][safepoint   ] Safepoint synchronization initiated using futex wait barrier. (241 threads)
[2025-04-26T16:46:28.491+0000][1027.675s][info ][safepoint   ] Safepoint "Cleanup", Time since last: 2000222397 ns, Reaching safepoint: 198144 ns, Cleanup: 17492 ns, At safepoint: 7943 ns, Total: 223579 ns
[2025-04-26T16:46:29.491+0000][1028.675s][debug][safepoint   ] Safepoint synchronization initiated using futex wait barrier. (241 threads)
[2025-04-26T16:46:29.491+0000][1028.675s][info ][safepoint   ] Safepoint "Cleanup", Time since last: 1000100066 ns, Reaching safepoint: 82395 ns, Cleanup: 13264 ns, At safepoint: 6183 ns, Total: 101842 ns
[2025-04-26T16:46:37.903+0000][1037.088s][debug][safepoint   ] Safepoint synchronization initiated using futex wait barrier. (241 threads)
[2025-04-26T16:46:37.903+0000][1037.088s][info ][safepoint   ] Safepoint "Cleanup", Time since last: 8412188117 ns, Reaching safepoint: 80971 ns, Cleanup: 30634 ns, At safepoint: 9706 ns, Total: 121311 ns
[2025-04-26T16:46:40.903+0000][1040.088s][debug][safepoint   ] Safepoint synchronization initiated using futex wait barrier. (241 threads)
[2025-04-26T16:46:40.903+0000][1040.088s][info ][safepoint   ] Safepoint "Cleanup", Time since last: 3000253195 ns, Reaching safepoint: 80789 ns, Cleanup: 12289 ns, At safepoint: 5680 ns, Total: 98758 ns
[2025-04-26T16:46:54.905+0000][1054.089s][debug][safepoint   ] Safepoint synchronization initiated using futex wait barrier. (241 threads)
[2025-04-26T16:46:54.905+0000][1054.089s][info ][safepoint   ] Safepoint "Cleanup", Time since last: 14001198744 ns, Reaching safepoint: 141063 ns, Cleanup: 10001 ns, At safepoint: 5517 ns, Total: 156581 ns
[2025-04-26T16:47:00.906+0000][1060.091s][debug][safepoint   ] Safepoint synchronization initiated using futex wait barrier. (241 threads)
[2025-04-26T16:47:00.907+0000][1060.091s][info ][safepoint   ] Safepoint "Cleanup", Time since last: 6001651901 ns, Reaching safepoint: 99324 ns, Cleanup: 10386 ns, At safepoint: 8916 ns, Total: 118626 ns
[2025-04-26T16:47:03.780+0000][1062.964s][debug][safepoint   ] Safepoint synchronization initiated using futex wait barrier. (241 threads)
[2025-04-26T16:47:03.780+0000][1062.965s][debug][safepoint   ] ... found polling page loop exception at pc = 0x000076099d0895ff, stub =0x000076099c98e400
[2025-04-26T16:47:03.791+0000][1062.975s][info ][safepoint   ] Safepoint "Cleanup", Time since last: 2873146474 ns, Reaching safepoint: 2230031 ns, Cleanup: 30351 ns, At safepoint: 8760932 ns, Total: 11021314 ns
[2025-04-26T16:47:04.791+0000][1063.975s][debug][safepoint   ] Safepoint synchronization initiated using futex wait barrier. (241 threads)
[2025-04-26T16:47:04.791+0000][1063.976s][info ][safepoint   ] Safepoint "Cleanup", Time since last: 1000162462 ns, Reaching safepoint: 62831 ns, Cleanup: 25119 ns, At safepoint: 5096 ns, Total: 93046 ns
[2025-04-26T16:47:08.791+0000][1067.976s][debug][safepoint   ] Safepoint synchronization initiated using futex wait barrier. (241 threads)
[2025-04-26T16:47:08.791+0000][1067.976s][info ][safepoint   ] Safepoint "Cleanup", Time since last: 4000327656 ns, Reaching safepoint: 64375 ns, Cleanup: 7679 ns, At safepoint: 3495 ns, Total: 75549 ns
[2025-04-26T16:47:13.792+0000][1072.976s][debug][safepoint   ] Safepoint synchronization initiated using futex wait barrier. (241 threads)
[2025-04-26T16:47:13.792+0000][1072.977s][info ][safepoint   ] Safepoint "Cleanup", Time since last: 5000461746 ns, Reaching safepoint: 100255 ns, Cleanup: 17648 ns, At safepoint: 7759 ns, Total: 125662 ns
[2025-04-26T16:47:36.525+0000][1095.710s][debug][safepoint   ] Safepoint synchronization initiated using futex wait barrier. (237 threads)
[2025-04-26T16:47:36.525+0000][1095.710s][info ][safepoint   ] Safepoint "Cleanup", Time since last: 22733144999 ns, Reaching safepoint: 135544 ns, Cleanup: 27650 ns, At safepoint: 6983 ns, Total: 170177 ns
[2025-04-26T16:47:38.525+0000][1097.710s][debug][safepoint   ] Safepoint synchronization initiated using futex wait barrier. (237 threads)
[2025-04-26T16:47:38.526+0000][1097.710s][info ][safepoint   ] Safepoint "Cleanup", Time since last: 2000198167 ns, Reaching safepoint: 89362 ns, Cleanup: 30208 ns, At safepoint: 7057 ns, Total: 126627 ns
[2025-04-26T16:47:40.526+0000][1099.710s][debug][safepoint   ] Safepoint synchronization initiated using futex wait barrier. (237 threads)
[2025-04-26T16:47:40.526+0000][1099.710s][info ][safepoint   ] Safepoint "Cleanup", Time since last: 2000160293 ns, Reaching safepoint: 92945 ns, Cleanup: 12133 ns, At safepoint: 6064 ns, Total: 111142 ns
[2025-04-26T16:47:41.526+0000][1100.711s][debug][safepoint   ] Safepoint synchronization initiated using futex wait barrier. (237 threads)
[2025-04-26T16:47:41.526+0000][1100.711s][info ][safepoint   ] Safepoint "Cleanup", Time since last: 1000128533 ns, Reaching safepoint: 84254 ns, Cleanup: 15731 ns, At safepoint: 7145 ns, Total: 107130 ns
[2025-04-26T16:47:45.527+0000][1104.711s][debug][safepoint   ] Safepoint synchronization initiated using futex wait barrier. (237 threads)
[2025-04-26T16:47:45.527+0000][1104.712s][info ][safepoint   ] Safepoint "Cleanup", Time since last: 4000460544 ns, Reaching safepoint: 281788 ns, Cleanup: 44315 ns, At safepoint: 44494 ns, Total: 370597 ns
[2025-04-26T16:47:46.527+0000][1105.712s][debug][safepoint   ] Safepoint synchronization initiated using futex wait barrier. (237 threads)
[2025-04-26T16:47:46.527+0000][1105.712s][info ][safepoint   ] Safepoint "Cleanup", Time since last: 1000173211 ns, Reaching safepoint: 297995 ns, Cleanup: 19423 ns, At safepoint: 12428 ns, Total: 329846 ns
[2025-04-26T16:47:47.528+0000][1106.712s][debug][safepoint   ] Safepoint synchronization initiated using futex wait barrier. (237 threads)
[2025-04-26T16:47:47.528+0000][1106.712s][info ][safepoint   ] Safepoint "Cleanup", Time since last: 1000155078 ns, Reaching safepoint: 81652 ns, Cleanup: 12686 ns, At safepoint: 5913 ns, Total: 100251 ns
[2025-04-26T16:47:54.528+0000][1113.713s][debug][safepoint   ] Safepoint synchronization initiated using futex wait barrier. (237 threads)
[2025-04-26T16:47:54.529+0000][1113.713s][info ][safepoint   ] Safepoint "Cleanup", Time since last: 7000684744 ns, Reaching safepoint: 142666 ns, Cleanup: 15837 ns, At safepoint: 10720 ns, Total: 169223 ns
[2025-04-26T16:48:15.530+0000][1134.715s][debug][safepoint   ] Safepoint synchronization initiated using futex wait barrier. (237 threads)
[2025-04-26T16:48:15.530+0000][1134.715s][info ][safepoint   ] Safepoint "Cleanup", Time since last: 21001667742 ns, Reaching safepoint: 70161 ns, Cleanup: 11999 ns, At safepoint: 4150 ns, Total: 86310 ns
[2025-04-26T16:48:24.547+0000][1143.732s][debug][safepoint   ] Safepoint synchronization initiated using futex wait barrier. (236 threads)
[2025-04-26T16:48:24.547+0000][1143.732s][info ][safepoint   ] Safepoint "Cleanup", Time since last: 9016739247 ns, Reaching safepoint: 82432 ns, Cleanup: 18809 ns, At safepoint: 6813 ns, Total: 108054 ns
[2025-04-26T16:48:28.548+0000][1147.732s][debug][safepoint   ] Safepoint synchronization initiated using futex wait barrier. (236 threads)
[2025-04-26T16:48:28.548+0000][1147.732s][info ][safepoint   ] Safepoint "Cleanup", Time since last: 4000428791 ns, Reaching safepoint: 116578 ns, Cleanup: 23249 ns, At safepoint: 6964 ns, Total: 146791 ns
[2025-04-26T16:48:30.548+0000][1149.732s][debug][safepoint   ] Safepoint synchronization initiated using futex wait barrier. (236 threads)
[2025-04-26T16:48:30.548+0000][1149.733s][info ][safepoint   ] Safepoint "Cleanup", Time since last: 2000176529 ns, Reaching safepoint: 133437 ns, Cleanup: 18815 ns, At safepoint: 11391 ns, Total: 163643 ns
[2025-04-26T16:48:38.549+0000][1157.733s][debug][safepoint   ] Safepoint synchronization initiated using futex wait barrier. (236 threads)
[2025-04-26T16:48:38.549+0000][1157.733s][info ][safepoint   ] Safepoint "Cleanup", Time since last: 8000722033 ns, Reaching safepoint: 65049 ns, Cleanup: 9842 ns, At safepoint: 6160 ns, Total: 81051 ns
[2025-04-26T16:49:02.551+0000][1181.736s][debug][safepoint   ] Safepoint synchronization initiated using futex wait barrier. (236 threads)
[2025-04-26T16:49:02.551+0000][1181.736s][info ][safepoint   ] Safepoint "Cleanup", Time since last: 24002065866 ns, Reaching safepoint: 203462 ns, Cleanup: 30833 ns, At safepoint: 10976 ns, Total: 245271 ns
[2025-04-26T16:49:04.551+0000][1183.736s][debug][safepoint   ] Safepoint synchronization initiated using futex wait barrier. (236 threads)
[2025-04-26T16:49:04.551+0000][1183.736s][info ][safepoint   ] Safepoint "Cleanup", Time since last: 2000173830 ns, Reaching safepoint: 99138 ns, Cleanup: 13130 ns, At safepoint: 6666 ns, Total: 118934 ns
[2025-04-26T16:49:06.552+0000][1185.736s][debug][safepoint   ] Safepoint synchronization initiated using futex wait barrier. (236 threads)
[2025-04-26T16:49:06.552+0000][1185.736s][info ][safepoint   ] Safepoint "Cleanup", Time since last: 2000171068 ns, Reaching safepoint: 222996 ns, Cleanup: 26099 ns, At safepoint: 12071 ns, Total: 261166 ns
[2025-04-26T16:49:07.552+0000][1186.737s][debug][safepoint   ] Safepoint synchronization initiated using futex wait barrier. (236 threads)
[2025-04-26T16:49:07.552+0000][1186.737s][info ][safepoint   ] Safepoint "Cleanup", Time since last: 1000128785 ns, Reaching safepoint: 188692 ns, Cleanup: 25456 ns, At safepoint: 12493 ns, Total: 226641 ns
[2025-04-26T16:49:09.552+0000][1188.737s][debug][safepoint   ] Safepoint synchronization initiated using futex wait barrier. (236 threads)
[2025-04-26T16:49:09.553+0000][1188.737s][info ][safepoint   ] Safepoint "Cleanup", Time since last: 2000211928 ns, Reaching safepoint: 128099 ns, Cleanup: 14625 ns, At safepoint: 8948 ns, Total: 151672 ns
[2025-04-26T16:49:17.553+0000][1196.738s][debug][safepoint   ] Safepoint synchronization initiated using futex wait barrier. (236 threads)
[2025-04-26T16:49:17.554+0000][1196.738s][info ][safepoint   ] Safepoint "Cleanup", Time since last: 8000739701 ns, Reaching safepoint: 129326 ns, Cleanup: 59851 ns, At safepoint: 15626 ns, Total: 204803 ns
[2025-04-26T16:49:18.554+0000][1197.738s][debug][safepoint   ] Safepoint synchronization initiated using futex wait barrier. (236 threads)
[2025-04-26T16:49:18.554+0000][1197.738s][info ][safepoint   ] Safepoint "Cleanup", Time since last: 1000125702 ns, Reaching safepoint: 183538 ns, Cleanup: 24281 ns, At safepoint: 6847 ns, Total: 214666 ns
[2025-04-26T16:49:21.554+0000][1200.739s][debug][safepoint   ] Safepoint synchronization initiated using futex wait barrier. (235 threads)
[2025-04-26T16:49:21.554+0000][1200.739s][info ][safepoint   ] Safepoint "Cleanup", Time since last: 3000283039 ns, Reaching safepoint: 124141 ns, Cleanup: 19326 ns, At safepoint: 8504 ns, Total: 151971 ns
[2025-04-26T16:49:24.576+0000][1203.761s][debug][safepoint   ] Safepoint synchronization initiated using futex wait barrier. (235 threads)
[2025-04-26T16:49:24.577+0000][1203.761s][info ][safepoint   ] Safepoint "Cleanup", Time since last: 3022031557 ns, Reaching safepoint: 179164 ns, Cleanup: 21557 ns, At safepoint: 10837 ns, Total: 211558 ns
[2025-04-26T16:49:36.578+0000][1215.763s][debug][safepoint   ] Safepoint synchronization initiated using futex wait barrier. (235 threads)
[2025-04-26T16:49:36.578+0000][1215.763s][info ][safepoint   ] Safepoint "Cleanup", Time since last: 12001431943 ns, Reaching safepoint: 103316 ns, Cleanup: 13388 ns, At safepoint: 4280 ns, Total: 120984 ns
[2025-04-26T16:49:38.578+0000][1217.763s][debug][safepoint   ] Safepoint synchronization initiated using futex wait barrier. (235 threads)
[2025-04-26T16:49:38.578+0000][1217.763s][info ][safepoint   ] Safepoint "Cleanup", Time since last: 2000161843 ns, Reaching safepoint: 87697 ns, Cleanup: 22420 ns, At safepoint: 4212 ns, Total: 114329 ns
[2025-04-26T16:49:42.579+0000][1221.763s][debug][safepoint   ] Safepoint synchronization initiated using futex wait barrier. (235 threads)
[2025-04-26T16:49:42.579+0000][1221.763s][info ][safepoint   ] Safepoint "Cleanup", Time since last: 4000308100 ns, Reaching safepoint: 89991 ns, Cleanup: 12680 ns, At safepoint: 5348 ns, Total: 108019 ns
[2025-04-26T16:49:42.713+0000][1221.898s][debug][safepoint   ] Safepoint synchronization initiated using futex wait barrier. (235 threads)
[2025-04-26T16:49:42.714+0000][1221.898s][info ][gc,start    ] GC(72) Pause Young (Normal) (G1 Evacuation Pause)
[2025-04-26T16:49:42.714+0000][1221.898s][info ][gc,task     ] GC(72) Using 4 workers of 4 for evacuation
[2025-04-26T16:49:42.797+0000][1221.982s][info ][gc,phases   ] GC(72)   Pre Evacuate Collection Set: 0.3ms
[2025-04-26T16:49:42.797+0000][1221.982s][info ][gc,phases   ] GC(72)   Merge Heap Roots: 3.5ms
[2025-04-26T16:49:42.797+0000][1221.982s][info ][gc,phases   ] GC(72)   Evacuate Collection Set: 73.6ms
[2025-04-26T16:49:42.797+0000][1221.982s][info ][gc,phases   ] GC(72)   Post Evacuate Collection Set: 5.9ms
[2025-04-26T16:49:42.797+0000][1221.982s][info ][gc,phases   ] GC(72)   Other: 0.2ms
[2025-04-26T16:49:42.797+0000][1221.982s][info ][gc,heap     ] GC(72) Eden regions: 368->0(378)
[2025-04-26T16:49:42.797+0000][1221.982s][info ][gc,heap     ] GC(72) Survivor regions: 26->16(50)
[2025-04-26T16:49:42.797+0000][1221.982s][info ][gc,heap     ] GC(72) Old regions: 166->177
[2025-04-26T16:49:42.797+0000][1221.982s][info ][gc,heap     ] GC(72) Archive regions: 2->2
[2025-04-26T16:49:42.797+0000][1221.982s][info ][gc,heap     ] GC(72) Humongous regions: 0->0
[2025-04-26T16:49:42.797+0000][1221.982s][info ][gc,metaspace] GC(72) Metaspace: 194751K(196160K)->194751K(196160K) NonClass: 171266K(171968K)->171266K(171968K) Class: 23484K(24192K)->23484K(24192K)
[2025-04-26T16:49:42.797+0000][1221.982s][info ][gc          ] GC(72) Pause Young (Normal) (G1 Evacuation Pause) 560M->193M(657M) 83.682ms
[2025-04-26T16:49:42.797+0000][1221.982s][info ][gc,cpu      ] GC(72) User=0.12s Sys=0.00s Real=0.08s
[2025-04-26T16:49:42.798+0000][1221.982s][info ][safepoint   ] Safepoint "G1CollectForAllocation", Time since last: 134635827 ns, Reaching safepoint: 91232 ns, Cleanup: 11696 ns, At safepoint: 84097613 ns, Total: 84200541 ns
[2025-04-26T16:49:49.799+0000][1228.983s][debug][safepoint   ] Safepoint synchronization initiated using futex wait barrier. (235 threads)
[2025-04-26T16:49:49.799+0000][1228.983s][info ][safepoint   ] Safepoint "Cleanup", Time since last: 7000815121 ns, Reaching safepoint: 226554 ns, Cleanup: 38632 ns, At safepoint: 11663 ns, Total: 276849 ns
[2025-04-26T16:49:53.799+0000][1232.984s][debug][safepoint   ] Safepoint synchronization initiated using futex wait barrier. (235 threads)
[2025-04-26T16:49:53.799+0000][1232.984s][info ][safepoint   ] Safepoint "Cleanup", Time since last: 4000375248 ns, Reaching safepoint: 98354 ns, Cleanup: 11924 ns, At safepoint: 13148 ns, Total: 123426 ns
[2025-04-26T16:50:06.800+0000][1245.985s][debug][safepoint   ] Safepoint synchronization initiated using futex wait barrier. (235 threads)
[2025-04-26T16:50:06.800+0000][1245.985s][info ][safepoint   ] Safepoint "Cleanup", Time since last: 13000971290 ns, Reaching safepoint: 82810 ns, Cleanup: 13479 ns, At safepoint: 6753 ns, Total: 103042 ns
[2025-04-26T16:50:08.801+0000][1247.985s][debug][safepoint   ] Safepoint synchronization initiated using futex wait barrier. (235 threads)
[2025-04-26T16:50:08.801+0000][1247.985s][info ][safepoint   ] Safepoint "Cleanup", Time since last: 2000188451 ns, Reaching safepoint: 65400 ns, Cleanup: 10807 ns, At safepoint: 4169 ns, Total: 80376 ns
[2025-04-26T16:50:17.801+0000][1256.986s][debug][safepoint   ] Safepoint synchronization initiated using futex wait barrier. (235 threads)
[2025-04-26T16:50:17.802+0000][1256.986s][info ][safepoint   ] Safepoint "Cleanup", Time since last: 9000721479 ns, Reaching safepoint: 142227 ns, Cleanup: 15054 ns, At safepoint: 6922 ns, Total: 164203 ns
[2025-04-26T16:50:29.602+0000][1268.786s][debug][safepoint   ] Safepoint synchronization initiated using futex wait barrier. (234 threads)
[2025-04-26T16:50:29.602+0000][1268.786s][info ][safepoint   ] Safepoint "Cleanup", Time since last: 11800233753 ns, Reaching safepoint: 110063 ns, Cleanup: 15125 ns, At safepoint: 6680 ns, Total: 131868 ns
[2025-04-26T16:50:36.602+0000][1275.787s][debug][safepoint   ] Safepoint synchronization initiated using futex wait barrier. (234 threads)
[2025-04-26T16:50:36.603+0000][1275.787s][info ][safepoint   ] Safepoint "Cleanup", Time since last: 7000602983 ns, Reaching safepoint: 112775 ns, Cleanup: 19529 ns, At safepoint: 5642 ns, Total: 137946 ns
[2025-04-26T16:50:37.603+0000][1276.787s][debug][safepoint   ] Safepoint synchronization initiated using futex wait barrier. (234 threads)
[2025-04-26T16:50:37.603+0000][1276.788s][info ][safepoint   ] Safepoint "Cleanup", Time since last: 1000149094 ns, Reaching safepoint: 236173 ns, Cleanup: 29233 ns, At safepoint: 12846 ns, Total: 278252 ns
[2025-04-26T16:50:43.604+0000][1282.788s][debug][safepoint   ] Safepoint synchronization initiated using futex wait barrier. (234 threads)
[2025-04-26T16:50:43.604+0000][1282.788s][info ][safepoint   ] Safepoint "Cleanup", Time since last: 6000730912 ns, Reaching safepoint: 75872 ns, Cleanup: 11436 ns, At safepoint: 4190 ns, Total: 91498 ns
[2025-04-26T16:51:02.607+0000][1301.792s][debug][safepoint   ] Safepoint synchronization initiated using futex wait barrier. (234 threads)
[2025-04-26T16:51:02.607+0000][1301.792s][info ][safepoint   ] Safepoint "Cleanup", Time since last: 19003437731 ns, Reaching safepoint: 90194 ns, Cleanup: 15597 ns, At safepoint: 5432 ns, Total: 111223 ns
[2025-04-26T16:51:03.608+0000][1302.792s][debug][safepoint   ] Safepoint synchronization initiated using futex wait barrier. (234 threads)
[2025-04-26T16:51:03.608+0000][1302.792s][info ][safepoint   ] Safepoint "Cleanup", Time since last: 1000182511 ns, Reaching safepoint: 116848 ns, Cleanup: 14088 ns, At safepoint: 7353 ns, Total: 138289 ns
[2025-04-26T16:51:04.609+0000][1303.794s][debug][safepoint   ] Safepoint synchronization initiated using futex wait barrier. (234 threads)
[2025-04-26T16:51:04.609+0000][1303.794s][info ][safepoint   ] Safepoint "Cleanup", Time since last: 1001251894 ns, Reaching safepoint: 99422 ns, Cleanup: 18166 ns, At safepoint: 8800 ns, Total: 126388 ns
[2025-04-26T16:51:28.629+0000][1327.814s][debug][safepoint   ] Safepoint synchronization initiated using futex wait barrier. (233 threads)
[2025-04-26T16:51:28.629+0000][1327.814s][info ][safepoint   ] Safepoint "Cleanup", Time since last: 24019926169 ns, Reaching safepoint: 77910 ns, Cleanup: 18315 ns, At safepoint: 5676 ns, Total: 101901 ns
[2025-04-26T16:51:45.631+0000][1344.816s][debug][safepoint   ] Safepoint synchronization initiated using futex wait barrier. (233 threads)
[2025-04-26T16:51:45.632+0000][1344.816s][info ][safepoint   ] Safepoint "Cleanup", Time since last: 17002350748 ns, Reaching safepoint: 73388 ns, Cleanup: 10977 ns, At safepoint: 4299 ns, Total: 88664 ns
[2025-04-26T16:51:46.632+0000][1345.816s][debug][safepoint   ] Safepoint synchronization initiated using futex wait barrier. (233 threads)
[2025-04-26T16:51:46.632+0000][1345.816s][info ][safepoint   ] Safepoint "Cleanup", Time since last: 1000121939 ns, Reaching safepoint: 77214 ns, Cleanup: 13531 ns, At safepoint: 5602 ns, Total: 96347 ns
[2025-04-26T16:51:59.633+0000][1358.818s][debug][safepoint   ] Safepoint synchronization initiated using futex wait barrier. (233 threads)
[2025-04-26T16:51:59.633+0000][1358.818s][info ][safepoint   ] Safepoint "Cleanup", Time since last: 13001411426 ns, Reaching safepoint: 121725 ns, Cleanup: 14808 ns, At safepoint: 4609 ns, Total: 141142 ns
[2025-04-26T16:52:01.634+0000][1360.818s][debug][safepoint   ] Safepoint synchronization initiated using futex wait barrier. (233 threads)
[2025-04-26T16:52:01.634+0000][1360.818s][info ][safepoint   ] Safepoint "Cleanup", Time since last: 2000161347 ns, Reaching safepoint: 101275 ns, Cleanup: 10263 ns, At safepoint: 6377 ns, Total: 117915 ns
[2025-04-26T16:52:06.634+0000][1365.819s][debug][safepoint   ] Safepoint synchronization initiated using futex wait barrier. (233 threads)
[2025-04-26T16:52:06.634+0000][1365.819s][info ][safepoint   ] Safepoint "Cleanup", Time since last: 5000378490 ns, Reaching safepoint: 108213 ns, Cleanup: 24907 ns, At safepoint: 7630 ns, Total: 140750 ns
[2025-04-26T16:52:10.634+0000][1369.819s][debug][safepoint   ] Safepoint synchronization initiated using futex wait barrier. (233 threads)
[2025-04-26T16:52:10.635+0000][1369.819s][info ][safepoint   ] Safepoint "Cleanup", Time since last: 4000330886 ns, Reaching safepoint: 147647 ns, Cleanup: 22762 ns, At safepoint: 12939 ns, Total: 183348 ns
[2025-04-26T16:52:15.635+0000][1374.820s][debug][safepoint   ] Safepoint synchronization initiated using futex wait barrier. (233 threads)
[2025-04-26T16:52:15.635+0000][1374.820s][info ][safepoint   ] Safepoint "Cleanup", Time since last: 5000434685 ns, Reaching safepoint: 74386 ns, Cleanup: 12908 ns, At safepoint: 5898 ns, Total: 93192 ns
[2025-04-26T16:52:19.636+0000][1378.820s][debug][safepoint   ] Safepoint synchronization initiated using futex wait barrier. (233 threads)
[2025-04-26T16:52:19.636+0000][1378.820s][info ][safepoint   ] Safepoint "Cleanup", Time since last: 4000370516 ns, Reaching safepoint: 72955 ns, Cleanup: 20099 ns, At safepoint: 5130 ns, Total: 98184 ns
[2025-04-26T16:52:27.653+0000][1386.838s][debug][safepoint   ] Safepoint synchronization initiated using futex wait barrier. (232 threads)
[2025-04-26T16:52:27.653+0000][1386.838s][info ][safepoint   ] Safepoint "Cleanup", Time since last: 8017466755 ns, Reaching safepoint: 129820 ns, Cleanup: 14690 ns, At safepoint: 6721 ns, Total: 151231 ns
[2025-04-26T16:52:29.654+0000][1388.838s][debug][safepoint   ] Safepoint synchronization initiated using futex wait barrier. (232 threads)
[2025-04-26T16:52:29.654+0000][1388.838s][info ][safepoint   ] Safepoint "Cleanup", Time since last: 2000215273 ns, Reaching safepoint: 295818 ns, Cleanup: 16640 ns, At safepoint: 7005 ns, Total: 319463 ns
[2025-04-26T16:52:31.655+0000][1390.839s][debug][safepoint   ] Safepoint synchronization initiated using futex wait barrier. (232 threads)
[2025-04-26T16:52:31.655+0000][1390.839s][info ][safepoint   ] Safepoint "Cleanup", Time since last: 2000918618 ns, Reaching safepoint: 112312 ns, Cleanup: 17127 ns, At safepoint: 7456 ns, Total: 136895 ns
[2025-04-26T16:53:01.660+0000][1420.845s][debug][safepoint   ] Safepoint synchronization initiated using futex wait barrier. (232 threads)
[2025-04-26T16:53:01.660+0000][1420.845s][info ][safepoint   ] Safepoint "Cleanup", Time since last: 30005322582 ns, Reaching safepoint: 211356 ns, Cleanup: 31878 ns, At safepoint: 23104 ns, Total: 266338 ns
[2025-04-26T16:53:03.661+0000][1422.845s][debug][safepoint   ] Safepoint synchronization initiated using futex wait barrier. (232 threads)
[2025-04-26T16:53:03.661+0000][1422.845s][info ][safepoint   ] Safepoint "Cleanup", Time since last: 2000267793 ns, Reaching safepoint: 71422 ns, Cleanup: 11694 ns, At safepoint: 4705 ns, Total: 87821 ns
[2025-04-26T16:53:05.661+0000][1424.846s][debug][safepoint   ] Safepoint synchronization initiated using futex wait barrier. (232 threads)
[2025-04-26T16:53:05.661+0000][1424.846s][info ][safepoint   ] Safepoint "Cleanup", Time since last: 2000248478 ns, Reaching safepoint: 272606 ns, Cleanup: 71481 ns, At safepoint: 23009 ns, Total: 367096 ns
[2025-04-26T16:53:09.662+0000][1428.847s][debug][safepoint   ] Safepoint synchronization initiated using futex wait barrier. (232 threads)
[2025-04-26T16:53:09.662+0000][1428.847s][info ][safepoint   ] Safepoint "Cleanup", Time since last: 4000631065 ns, Reaching safepoint: 311025 ns, Cleanup: 58751 ns, At safepoint: 31133 ns, Total: 400909 ns
[2025-04-26T16:53:14.663+0000][1433.848s][debug][safepoint   ] Safepoint synchronization initiated using futex wait barrier. (232 threads)
[2025-04-26T16:53:14.664+0000][1433.848s][info ][safepoint   ] Safepoint "Cleanup", Time since last: 5000765104 ns, Reaching safepoint: 238827 ns, Cleanup: 33812 ns, At safepoint: 171753 ns, Total: 444392 ns
[2025-04-26T16:53:18.664+0000][1437.849s][debug][safepoint   ] Safepoint synchronization initiated using futex wait barrier. (232 threads)
[2025-04-26T16:53:18.664+0000][1437.849s][info ][safepoint   ] Safepoint "Cleanup", Time since last: 4000521647 ns, Reaching safepoint: 146782 ns, Cleanup: 24689 ns, At safepoint: 15572 ns, Total: 187043 ns
[2025-04-26T16:53:35.689+0000][1454.874s][debug][safepoint   ] Safepoint synchronization initiated using futex wait barrier. (231 threads)
[2025-04-26T16:53:35.690+0000][1454.874s][info ][safepoint   ] Safepoint "Cleanup", Time since last: 17024682948 ns, Reaching safepoint: 565814 ns, Cleanup: 115098 ns, At safepoint: 199918 ns, Total: 880830 ns
[2025-04-26T16:53:48.692+0000][1467.877s][debug][safepoint   ] Safepoint synchronization initiated using futex wait barrier. (231 threads)
[2025-04-26T16:53:48.692+0000][1467.877s][info ][safepoint   ] Safepoint "Cleanup", Time since last: 13002010233 ns, Reaching safepoint: 304754 ns, Cleanup: 35963 ns, At safepoint: 50764 ns, Total: 391481 ns
[2025-04-26T16:53:50.693+0000][1469.877s][debug][safepoint   ] Safepoint synchronization initiated using futex wait barrier. (231 threads)
[2025-04-26T16:53:50.693+0000][1469.877s][info ][safepoint   ] Safepoint "Cleanup", Time since last: 2000344586 ns, Reaching safepoint: 151007 ns, Cleanup: 23271 ns, At safepoint: 14677 ns, Total: 188955 ns
[2025-04-26T16:53:59.694+0000][1478.879s][debug][safepoint   ] Safepoint synchronization initiated using futex wait barrier. (231 threads)
[2025-04-26T16:53:59.695+0000][1478.879s][info ][safepoint   ] Safepoint "Cleanup", Time since last: 9001428021 ns, Reaching safepoint: 308448 ns, Cleanup: 35112 ns, At safepoint: 28026 ns, Total: 371586 ns
[2025-04-26T16:54:04.474+0000][1483.658s][debug][safepoint   ] Safepoint synchronization initiated using futex wait barrier. (231 threads)
[2025-04-26T16:54:04.474+0000][1483.659s][info ][gc,start    ] GC(73) Pause Young (Normal) (G1 Evacuation Pause)
[2025-04-26T16:54:04.474+0000][1483.659s][info ][gc,task     ] GC(73) Using 4 workers of 4 for evacuation
[2025-04-26T16:54:04.562+0000][1483.747s][info ][gc,phases   ] GC(73)   Pre Evacuate Collection Set: 1.4ms
[2025-04-26T16:54:04.562+0000][1483.747s][info ][gc,phases   ] GC(73)   Merge Heap Roots: 1.8ms
[2025-04-26T16:54:04.562+0000][1483.747s][info ][gc,phases   ] GC(73)   Evacuate Collection Set: 80.5ms
[2025-04-26T16:54:04.562+0000][1483.747s][info ][gc,phases   ] GC(73)   Post Evacuate Collection Set: 3.8ms
[2025-04-26T16:54:04.562+0000][1483.747s][info ][gc,phases   ] GC(73)   Other: 0.7ms
[2025-04-26T16:54:04.562+0000][1483.747s][info ][gc,heap     ] GC(73) Eden regions: 378->0(378)
[2025-04-26T16:54:04.562+0000][1483.747s][info ][gc,heap     ] GC(73) Survivor regions: 16->16(50)
[2025-04-26T16:54:04.562+0000][1483.747s][info ][gc,heap     ] GC(73) Old regions: 177->177
[2025-04-26T16:54:04.562+0000][1483.747s][info ][gc,heap     ] GC(73) Archive regions: 2->2
[2025-04-26T16:54:04.562+0000][1483.747s][info ][gc,heap     ] GC(73) Humongous regions: 0->0
[2025-04-26T16:54:04.562+0000][1483.747s][info ][gc,metaspace] GC(73) Metaspace: 194793K(196224K)->194793K(196224K) NonClass: 171307K(172032K)->171307K(172032K) Class: 23486K(24192K)->23486K(24192K)
[2025-04-26T16:54:04.562+0000][1483.747s][info ][gc          ] GC(73) Pause Young (Normal) (G1 Evacuation Pause) 571M->192M(657M) 88.236ms
[2025-04-26T16:54:04.563+0000][1483.747s][info ][gc,cpu      ] GC(73) User=0.13s Sys=0.00s Real=0.09s
[2025-04-26T16:54:04.563+0000][1483.748s][info ][safepoint   ] Safepoint "G1CollectForAllocation", Time since last: 4779025559 ns, Reaching safepoint: 410391 ns, Cleanup: 14168 ns, At safepoint: 88978530 ns, Total: 89403089 ns
[2025-04-26T16:54:07.563+0000][1486.748s][debug][safepoint   ] Safepoint synchronization initiated using futex wait barrier. (231 threads)
[2025-04-26T16:54:07.564+0000][1486.748s][info ][safepoint   ] Safepoint "Cleanup", Time since last: 3000364712 ns, Reaching safepoint: 86525 ns, Cleanup: 91898 ns, At safepoint: 9372 ns, Total: 187795 ns
[2025-04-26T16:54:08.564+0000][1487.748s][debug][safepoint   ] Safepoint synchronization initiated using futex wait barrier. (231 threads)
[2025-04-26T16:54:08.564+0000][1487.748s][info ][safepoint   ] Safepoint "Cleanup", Time since last: 1000095845 ns, Reaching safepoint: 122870 ns, Cleanup: 18524 ns, At safepoint: 5374 ns, Total: 146768 ns
[2025-04-26T16:54:09.952+0000][1489.137s][debug][safepoint   ] Safepoint synchronization initiated using futex wait barrier. (231 threads)
[2025-04-26T16:54:09.953+0000][1489.137s][info ][safepoint   ] Safepoint "Cleanup", Time since last: 1388535903 ns, Reaching safepoint: 97671 ns, Cleanup: 56804 ns, At safepoint: 11045 ns, Total: 165520 ns
[2025-04-26T16:54:10.953+0000][1490.137s][debug][safepoint   ] Safepoint synchronization initiated using futex wait barrier. (231 threads)
[2025-04-26T16:54:10.953+0000][1490.137s][info ][safepoint   ] Safepoint "Cleanup", Time since last: 1000098654 ns, Reaching safepoint: 80580 ns, Cleanup: 23635 ns, At safepoint: 6510 ns, Total: 110725 ns
[2025-04-26T16:54:14.953+0000][1494.138s][debug][safepoint   ] Safepoint synchronization initiated using futex wait barrier. (231 threads)
[2025-04-26T16:54:14.953+0000][1494.138s][info ][safepoint   ] Safepoint "Cleanup", Time since last: 4000409770 ns, Reaching safepoint: 87898 ns, Cleanup: 12434 ns, At safepoint: 5773 ns, Total: 106105 ns
[2025-04-26T16:54:18.954+0000][1498.138s][debug][safepoint   ] Safepoint synchronization initiated using futex wait barrier. (231 threads)
[2025-04-26T16:54:18.954+0000][1498.138s][info ][safepoint   ] Safepoint "Cleanup", Time since last: 4000315446 ns, Reaching safepoint: 107609 ns, Cleanup: 18480 ns, At safepoint: 7824 ns, Total: 133913 ns
[2025-04-26T16:54:27.720+0000][1506.904s][debug][safepoint   ] Safepoint synchronization initiated using futex wait barrier. (230 threads)
[2025-04-26T16:54:27.720+0000][1506.904s][info ][safepoint   ] Safepoint "Cleanup", Time since last: 8765916639 ns, Reaching safepoint: 88061 ns, Cleanup: 12599 ns, At safepoint: 5818 ns, Total: 106478 ns
[2025-04-26T16:54:53.724+0000][1532.908s][debug][safepoint   ] Safepoint synchronization initiated using futex wait barrier. (230 threads)
[2025-04-26T16:54:53.724+0000][1532.908s][info ][safepoint   ] Safepoint "Cleanup", Time since last: 26003778100 ns, Reaching safepoint: 303829 ns, Cleanup: 40155 ns, At safepoint: 21462 ns, Total: 365446 ns
[2025-04-26T16:55:10.727+0000][1549.911s][debug][safepoint   ] Safepoint synchronization initiated using futex wait barrier. (230 threads)
[2025-04-26T16:55:10.727+0000][1549.911s][info ][safepoint   ] Safepoint "Cleanup", Time since last: 17002822713 ns, Reaching safepoint: 50748 ns, Cleanup: 8997 ns, At safepoint: 4310 ns, Total: 64055 ns
[2025-04-26T16:55:30.918+0000][1570.103s][debug][safepoint   ] Safepoint synchronization initiated using futex wait barrier. (229 threads)
[2025-04-26T16:55:30.918+0000][1570.103s][info ][safepoint   ] Safepoint "Cleanup", Time since last: 20191429066 ns, Reaching safepoint: 137402 ns, Cleanup: 34393 ns, At safepoint: 7995 ns, Total: 179790 ns
[2025-04-26T16:55:32.919+0000][1572.104s][debug][safepoint   ] Safepoint synchronization initiated using futex wait barrier. (229 threads)
[2025-04-26T16:55:32.920+0000][1572.104s][info ][safepoint   ] Safepoint "Cleanup", Time since last: 2000809495 ns, Reaching safepoint: 305214 ns, Cleanup: 22951 ns, At safepoint: 14309 ns, Total: 342474 ns
[2025-04-26T16:55:36.921+0000][1576.106s][debug][safepoint   ] Safepoint synchronization initiated using futex wait barrier. (229 threads)
[2025-04-26T16:55:36.922+0000][1576.106s][info ][safepoint   ] Safepoint "Cleanup", Time since last: 4001743679 ns, Reaching safepoint: 294170 ns, Cleanup: 41657 ns, At safepoint: 46666 ns, Total: 382493 ns
[2025-04-26T16:56:03.932+0000][1603.116s][debug][safepoint   ] Safepoint synchronization initiated using futex wait barrier. (229 threads)
[2025-04-26T16:56:03.932+0000][1603.117s][info ][safepoint   ] Safepoint "Cleanup", Time since last: 27010069191 ns, Reaching safepoint: 188732 ns, Cleanup: 28215 ns, At safepoint: 20621 ns, Total: 237568 ns
[2025-04-26T16:56:18.934+0000][1618.119s][debug][safepoint   ] Safepoint synchronization initiated using futex wait barrier. (229 threads)
[2025-04-26T16:56:18.934+0000][1618.119s][info ][safepoint   ] Safepoint "Cleanup", Time since last: 15002198495 ns, Reaching safepoint: 96310 ns, Cleanup: 16314 ns, At safepoint: 6226 ns, Total: 118850 ns
[2025-04-26T16:56:29.787+0000][1628.971s][debug][safepoint   ] Safepoint synchronization initiated using futex wait barrier. (228 threads)
[2025-04-26T16:56:29.787+0000][1628.972s][info ][safepoint   ] Safepoint "Cleanup", Time since last: 10852316403 ns, Reaching safepoint: 257138 ns, Cleanup: 54564 ns, At safepoint: 33746 ns, Total: 345448 ns
[2025-04-26T16:57:03.793+0000][1662.977s][debug][safepoint   ] Safepoint synchronization initiated using futex wait barrier. (228 threads)
[2025-04-26T16:57:03.793+0000][1662.978s][info ][safepoint   ] Safepoint "Cleanup", Time since last: 34005900990 ns, Reaching safepoint: 278209 ns, Cleanup: 42904 ns, At safepoint: 34317 ns, Total: 355430 ns
[2025-04-26T16:57:09.794+0000][1668.979s][debug][safepoint   ] Safepoint synchronization initiated using futex wait barrier. (228 threads)
[2025-04-26T16:57:09.795+0000][1668.979s][info ][safepoint   ] Safepoint "Cleanup", Time since last: 6000855184 ns, Reaching safepoint: 506135 ns, Cleanup: 76333 ns, At safepoint: 136013 ns, Total: 718481 ns
[2025-04-26T16:57:19.796+0000][1678.981s][debug][safepoint   ] Safepoint synchronization initiated using futex wait barrier. (228 threads)
[2025-04-26T16:57:19.797+0000][1678.981s][info ][safepoint   ] Safepoint "Cleanup", Time since last: 10001627252 ns, Reaching safepoint: 337319 ns, Cleanup: 31839 ns, At safepoint: 22135 ns, Total: 391293 ns
[2025-04-26T16:57:29.830+0000][1689.015s][debug][safepoint   ] Safepoint synchronization initiated using futex wait barrier. (227 threads)
[2025-04-26T16:57:29.830+0000][1689.015s][info ][safepoint   ] Safepoint "Cleanup", Time since last: 10033185931 ns, Reaching safepoint: 229027 ns, Cleanup: 42233 ns, At safepoint: 26699 ns, Total: 297959 ns
[2025-04-26T16:57:34.831+0000][1694.016s][debug][safepoint   ] Safepoint synchronization initiated using futex wait barrier. (227 threads)
[2025-04-26T16:57:34.831+0000][1694.016s][info ][safepoint   ] Safepoint "Cleanup", Time since last: 5000744417 ns, Reaching safepoint: 193175 ns, Cleanup: 31481 ns, At safepoint: 16703 ns, Total: 241359 ns
[2025-04-26T16:57:35.832+0000][1695.016s][debug][safepoint   ] Safepoint synchronization initiated using futex wait barrier. (227 threads)
[2025-04-26T16:57:35.832+0000][1695.017s][info ][safepoint   ] Safepoint "Cleanup", Time since last: 1000288404 ns, Reaching safepoint: 293566 ns, Cleanup: 38431 ns, At safepoint: 31409 ns, Total: 363406 ns
[2025-04-26T16:57:44.833+0000][1704.018s][debug][safepoint   ] Safepoint synchronization initiated using futex wait barrier. (227 threads)
[2025-04-26T16:57:44.834+0000][1704.018s][info ][safepoint   ] Safepoint "Cleanup", Time since last: 9001295781 ns, Reaching safepoint: 220751 ns, Cleanup: 95822 ns, At safepoint: 30340 ns, Total: 346913 ns
[2025-04-26T16:57:56.835+0000][1716.020s][debug][safepoint   ] Safepoint synchronization initiated using futex wait barrier. (227 threads)
[2025-04-26T16:57:56.835+0000][1716.020s][info ][safepoint   ] Safepoint "Cleanup", Time since last: 12001708798 ns, Reaching safepoint: 117294 ns, Cleanup: 13605 ns, At safepoint: 9176 ns, Total: 140075 ns
[2025-04-26T16:57:57.836+0000][1717.020s][debug][safepoint   ] Safepoint synchronization initiated using futex wait barrier. (227 threads)
[2025-04-26T16:57:57.836+0000][1717.020s][info ][safepoint   ] Safepoint "Cleanup", Time since last: 1000149388 ns, Reaching safepoint: 260182 ns, Cleanup: 32603 ns, At safepoint: 21731 ns, Total: 314516 ns
[2025-04-26T16:58:03.837+0000][1723.022s][debug][safepoint   ] Safepoint synchronization initiated using futex wait barrier. (227 threads)
[2025-04-26T16:58:03.837+0000][1723.022s][info ][safepoint   ] Safepoint "Cleanup", Time since last: 6001116664 ns, Reaching safepoint: 220970 ns, Cleanup: 34378 ns, At safepoint: 23321 ns, Total: 278669 ns
[2025-04-26T16:58:05.838+0000][1725.022s][debug][safepoint   ] Safepoint synchronization initiated using futex wait barrier. (227 threads)
[2025-04-26T16:58:05.838+0000][1725.023s][info ][safepoint   ] Safepoint "Cleanup", Time since last: 2000364546 ns, Reaching safepoint: 247649 ns, Cleanup: 35715 ns, At safepoint: 23895 ns, Total: 307259 ns
[2025-04-26T16:58:07.605+0000][1726.789s][debug][safepoint   ] Safepoint synchronization initiated using futex wait barrier. (227 threads)
[2025-04-26T16:58:07.605+0000][1726.790s][info ][gc,start    ] GC(74) Pause Young (Normal) (G1 Evacuation Pause)
[2025-04-26T16:58:07.606+0000][1726.791s][info ][gc,task     ] GC(74) Using 4 workers of 4 for evacuation
[2025-04-26T16:58:07.696+0000][1726.880s][info ][gc,phases   ] GC(74)   Pre Evacuate Collection Set: 1.0ms
[2025-04-26T16:58:07.696+0000][1726.880s][info ][gc,phases   ] GC(74)   Merge Heap Roots: 1.6ms
[2025-04-26T16:58:07.696+0000][1726.880s][info ][gc,phases   ] GC(74)   Evacuate Collection Set: 83.3ms
[2025-04-26T16:58:07.696+0000][1726.880s][info ][gc,phases   ] GC(74)   Post Evacuate Collection Set: 3.4ms
[2025-04-26T16:58:07.696+0000][1726.880s][info ][gc,phases   ] GC(74)   Other: 1.7ms
[2025-04-26T16:58:07.696+0000][1726.881s][info ][gc,heap     ] GC(74) Eden regions: 378->0(378)
[2025-04-26T16:58:07.696+0000][1726.881s][info ][gc,heap     ] GC(74) Survivor regions: 16->16(50)
[2025-04-26T16:58:07.696+0000][1726.881s][info ][gc,heap     ] GC(74) Old regions: 177->177
[2025-04-26T16:58:07.696+0000][1726.881s][info ][gc,heap     ] GC(74) Archive regions: 2->2
[2025-04-26T16:58:07.696+0000][1726.881s][info ][gc,heap     ] GC(74) Humongous regions: 0->0
[2025-04-26T16:58:07.696+0000][1726.881s][info ][gc,metaspace] GC(74) Metaspace: 195173K(196544K)->195173K(196544K) NonClass: 171656K(172352K)->171656K(172352K) Class: 23516K(24192K)->23516K(24192K)
[2025-04-26T16:58:07.696+0000][1726.881s][info ][gc          ] GC(74) Pause Young (Normal) (G1 Evacuation Pause) 570M->193M(657M) 91.025ms
[2025-04-26T16:58:07.696+0000][1726.881s][info ][gc,cpu      ] GC(74) User=0.29s Sys=0.00s Real=0.09s
[2025-04-26T16:58:07.697+0000][1726.881s][info ][safepoint   ] Safepoint "G1CollectForAllocation", Time since last: 1766604964 ns, Reaching safepoint: 284211 ns, Cleanup: 42278 ns, At safepoint: 91570512 ns, Total: 91897001 ns
[2025-04-26T16:58:08.697+0000][1727.881s][debug][safepoint   ] Safepoint synchronization initiated using futex wait barrier. (227 threads)
[2025-04-26T16:58:08.697+0000][1727.882s][info ][safepoint   ] Safepoint "Cleanup", Time since last: 1000318581 ns, Reaching safepoint: 251239 ns, Cleanup: 72850 ns, At safepoint: 30800 ns, Total: 354889 ns
[2025-04-26T16:58:19.699+0000][1738.883s][debug][safepoint   ] Safepoint synchronization initiated using futex wait barrier. (227 threads)
[2025-04-26T16:58:19.699+0000][1738.884s][info ][safepoint   ] Safepoint "Cleanup", Time since last: 11001541463 ns, Reaching safepoint: 206032 ns, Cleanup: 47041 ns, At safepoint: 15736 ns, Total: 268809 ns
[2025-04-26T16:58:25.877+0000][1745.062s][debug][safepoint   ] Safepoint synchronization initiated using futex wait barrier. (226 threads)
[2025-04-26T16:58:25.878+0000][1745.062s][info ][safepoint   ] Safepoint "Cleanup", Time since last: 6178486105 ns, Reaching safepoint: 275064 ns, Cleanup: 33291 ns, At safepoint: 25895 ns, Total: 334250 ns
[2025-04-26T16:58:48.882+0000][1768.066s][debug][safepoint   ] Safepoint synchronization initiated using futex wait barrier. (226 threads)
[2025-04-26T16:58:48.882+0000][1768.067s][info ][safepoint   ] Safepoint "Cleanup", Time since last: 23004124539 ns, Reaching safepoint: 80109 ns, Cleanup: 14571 ns, At safepoint: 7292 ns, Total: 101972 ns
[2025-04-26T16:58:51.883+0000][1771.067s][debug][safepoint   ] Safepoint synchronization initiated using futex wait barrier. (226 threads)
[2025-04-26T16:58:51.883+0000][1771.068s][info ][safepoint   ] Safepoint "Cleanup", Time since last: 3000705682 ns, Reaching safepoint: 246188 ns, Cleanup: 34256 ns, At safepoint: 29680 ns, Total: 310124 ns
[2025-04-26T16:58:58.884+0000][1778.069s][debug][safepoint   ] Safepoint synchronization initiated using futex wait barrier. (226 threads)
[2025-04-26T16:58:58.884+0000][1778.069s][info ][safepoint   ] Safepoint "Cleanup", Time since last: 7001112237 ns, Reaching safepoint: 251913 ns, Cleanup: 36049 ns, At safepoint: 27909 ns, Total: 315871 ns
[2025-04-26T16:59:06.886+0000][1786.070s][debug][safepoint   ] Safepoint synchronization initiated using futex wait barrier. (228 threads)
[2025-04-26T16:59:06.886+0000][1786.071s][info ][safepoint   ] Safepoint "Cleanup", Time since last: 8001316381 ns, Reaching safepoint: 260081 ns, Cleanup: 85277 ns, At safepoint: 32471 ns, Total: 377829 ns
[2025-04-26T16:59:07.886+0000][1787.071s][debug][safepoint   ] Safepoint synchronization initiated using futex wait barrier. (228 threads)
[2025-04-26T16:59:07.887+0000][1787.071s][info ][safepoint   ] Safepoint "Cleanup", Time since last: 1000283035 ns, Reaching safepoint: 93539 ns, Cleanup: 14815 ns, At safepoint: 12612 ns, Total: 120966 ns
[2025-04-26T16:59:10.887+0000][1790.072s][debug][safepoint   ] Safepoint synchronization initiated using futex wait barrier. (228 threads)
[2025-04-26T16:59:10.887+0000][1790.072s][info ][safepoint   ] Safepoint "Cleanup", Time since last: 3000469237 ns, Reaching safepoint: 242885 ns, Cleanup: 35555 ns, At safepoint: 29340 ns, Total: 307780 ns
[2025-04-26T16:59:13.888+0000][1793.072s][debug][safepoint   ] Safepoint synchronization initiated using futex wait barrier. (228 threads)
[2025-04-26T16:59:13.888+0000][1793.073s][info ][safepoint   ] Safepoint "Cleanup", Time since last: 3000494194 ns, Reaching safepoint: 325095 ns, Cleanup: 39705 ns, At safepoint: 24407 ns, Total: 389207 ns
[2025-04-26T16:59:14.888+0000][1794.073s][debug][safepoint   ] Safepoint synchronization initiated using futex wait barrier. (228 threads)
[2025-04-26T16:59:14.889+0000][1794.074s][info ][safepoint   ] Safepoint "Cleanup", Time since last: 1000251561 ns, Reaching safepoint: 457032 ns, Cleanup: 46106 ns, At safepoint: 85981 ns, Total: 589119 ns
[2025-04-26T16:59:17.890+0000][1797.074s][debug][safepoint   ] Safepoint synchronization initiated using futex wait barrier. (228 threads)
[2025-04-26T16:59:17.890+0000][1797.075s][info ][safepoint   ] Safepoint "Cleanup", Time since last: 3000771074 ns, Reaching safepoint: 208246 ns, Cleanup: 38709 ns, At safepoint: 22168 ns, Total: 269123 ns
[2025-04-26T16:59:21.891+0000][1801.075s][debug][safepoint   ] Safepoint synchronization initiated using futex wait barrier. (227 threads)
[2025-04-26T16:59:21.891+0000][1801.076s][info ][safepoint   ] Safepoint "Cleanup", Time since last: 4000653248 ns, Reaching safepoint: 224852 ns, Cleanup: 44016 ns, At safepoint: 26420 ns, Total: 295288 ns
[2025-04-26T16:59:22.920+0000][1802.104s][debug][safepoint   ] Safepoint synchronization initiated using futex wait barrier. (227 threads)
[2025-04-26T16:59:22.920+0000][1802.105s][info ][safepoint   ] Safepoint "Cleanup", Time since last: 1028685129 ns, Reaching safepoint: 274181 ns, Cleanup: 35247 ns, At safepoint: 23023 ns, Total: 332451 ns
[2025-04-26T16:59:23.920+0000][1803.105s][debug][safepoint   ] Safepoint synchronization initiated using futex wait barrier. (227 threads)
[2025-04-26T16:59:23.921+0000][1803.106s][info ][safepoint   ] Safepoint "Cleanup", Time since last: 1000278666 ns, Reaching safepoint: 474725 ns, Cleanup: 65367 ns, At safepoint: 45946 ns, Total: 586038 ns
[2025-04-26T16:59:24.921+0000][1804.106s][debug][safepoint   ] Safepoint synchronization initiated using futex wait barrier. (227 threads)
[2025-04-26T16:59:24.922+0000][1804.106s][info ][safepoint   ] Safepoint "Cleanup", Time since last: 1000303289 ns, Reaching safepoint: 243789 ns, Cleanup: 63950 ns, At safepoint: 26512 ns, Total: 334251 ns
[2025-04-26T16:59:27.922+0000][1807.107s][debug][safepoint   ] Safepoint synchronization initiated using futex wait barrier. (227 threads)
[2025-04-26T16:59:27.922+0000][1807.107s][info ][safepoint   ] Safepoint "Cleanup", Time since last: 3000389251 ns, Reaching safepoint: 263399 ns, Cleanup: 40542 ns, At safepoint: 21084 ns, Total: 325025 ns
[2025-04-26T16:59:28.923+0000][1808.107s][debug][safepoint   ] Safepoint synchronization initiated using futex wait barrier. (225 threads)
[2025-04-26T16:59:28.923+0000][1808.107s][info ][safepoint   ] Safepoint "Cleanup", Time since last: 1000274013 ns, Reaching safepoint: 258824 ns, Cleanup: 34796 ns, At safepoint: 23167 ns, Total: 316787 ns
[2025-04-26T16:59:34.924+0000][1814.108s][debug][safepoint   ] Safepoint synchronization initiated using futex wait barrier. (227 threads)
[2025-04-26T16:59:34.924+0000][1814.108s][info ][safepoint   ] Safepoint "Cleanup", Time since last: 6000778000 ns, Reaching safepoint: 205887 ns, Cleanup: 45971 ns, At safepoint: 15853 ns, Total: 267711 ns
[2025-04-26T16:59:42.925+0000][1822.110s][debug][safepoint   ] Safepoint synchronization initiated using futex wait barrier. (226 threads)
[2025-04-26T16:59:42.925+0000][1822.110s][info ][safepoint   ] Safepoint "Cleanup", Time since last: 8001076706 ns, Reaching safepoint: 162377 ns, Cleanup: 34848 ns, At safepoint: 16764 ns, Total: 213989 ns
[2025-04-26T16:59:59.927+0000][1839.112s][debug][safepoint   ] Safepoint synchronization initiated using futex wait barrier. (224 threads)
[2025-04-26T16:59:59.928+0000][1839.112s][info ][safepoint   ] Safepoint "Cleanup", Time since last: 17002214438 ns, Reaching safepoint: 229350 ns, Cleanup: 32555 ns, At safepoint: 18633 ns, Total: 280538 ns
[2025-04-26T17:00:12.931+0000][1852.116s][debug][safepoint   ] Safepoint synchronization initiated using futex wait barrier. (224 threads)
[2025-04-26T17:00:12.931+0000][1852.116s][info ][safepoint   ] Safepoint "Cleanup", Time since last: 13003453919 ns, Reaching safepoint: 231159 ns, Cleanup: 36909 ns, At safepoint: 28027 ns, Total: 296095 ns
[2025-04-26T17:00:26.957+0000][1866.141s][debug][safepoint   ] Safepoint synchronization initiated using futex wait barrier. (224 threads)
[2025-04-26T17:00:26.957+0000][1866.142s][info ][safepoint   ] Safepoint "Cleanup", Time since last: 14025297166 ns, Reaching safepoint: 275528 ns, Cleanup: 34873 ns, At safepoint: 29156 ns, Total: 339557 ns
[2025-04-26T17:00:33.958+0000][1873.142s][debug][safepoint   ] Safepoint synchronization initiated using futex wait barrier. (224 threads)
[2025-04-26T17:00:33.958+0000][1873.142s][info ][safepoint   ] Safepoint "Cleanup", Time since last: 7000529406 ns, Reaching safepoint: 65696 ns, Cleanup: 10773 ns, At safepoint: 4002 ns, Total: 80471 ns
[2025-04-26T17:00:34.958+0000][1874.142s][debug][safepoint   ] Safepoint synchronization initiated using futex wait barrier. (224 threads)
[2025-04-26T17:00:34.958+0000][1874.142s][info ][safepoint   ] Safepoint "Cleanup", Time since last: 1000086429 ns, Reaching safepoint: 82565 ns, Cleanup: 10249 ns, At safepoint: 5407 ns, Total: 98221 ns
[2025-04-26T17:00:35.958+0000][1875.143s][debug][safepoint   ] Safepoint synchronization initiated using futex wait barrier. (224 threads)
[2025-04-26T17:00:35.958+0000][1875.143s][info ][safepoint   ] Safepoint "Cleanup", Time since last: 1000120780 ns, Reaching safepoint: 67566 ns, Cleanup: 13166 ns, At safepoint: 4961 ns, Total: 85693 ns
[2025-04-26T17:00:42.959+0000][1882.144s][debug][safepoint   ] Safepoint synchronization initiated using futex wait barrier. (224 threads)
[2025-04-26T17:00:42.960+0000][1882.144s][info ][safepoint   ] Safepoint "Cleanup", Time since last: 7001014520 ns, Reaching safepoint: 259612 ns, Cleanup: 98164 ns, At safepoint: 33032 ns, Total: 390808 ns
[2025-04-26T17:00:48.961+0000][1888.145s][debug][safepoint   ] Safepoint synchronization initiated using futex wait barrier. (224 threads)
[2025-04-26T17:00:48.961+0000][1888.145s][info ][safepoint   ] Safepoint "Cleanup", Time since last: 6001001261 ns, Reaching safepoint: 226233 ns, Cleanup: 29646 ns, At safepoint: 18887 ns, Total: 274766 ns
[2025-04-26T17:00:54.962+0000][1894.146s][debug][safepoint   ] Safepoint synchronization initiated using futex wait barrier. (224 threads)
[2025-04-26T17:00:54.962+0000][1894.147s][info ][safepoint   ] Safepoint "Cleanup", Time since last: 6001027517 ns, Reaching safepoint: 224441 ns, Cleanup: 35735 ns, At safepoint: 27063 ns, Total: 287239 ns
[2025-04-26T17:01:07.964+0000][1907.149s][debug][safepoint   ] Safepoint synchronization initiated using futex wait barrier. (224 threads)
[2025-04-26T17:01:07.964+0000][1907.149s][info ][safepoint   ] Safepoint "Cleanup", Time since last: 13002060663 ns, Reaching safepoint: 245691 ns, Cleanup: 39662 ns, At safepoint: 25416 ns, Total: 310769 ns
[2025-04-26T17:01:10.965+0000][1910.149s][debug][safepoint   ] Safepoint synchronization initiated using futex wait barrier. (224 threads)
[2025-04-26T17:01:10.965+0000][1910.149s][info ][safepoint   ] Safepoint "Cleanup", Time since last: 3000309568 ns, Reaching safepoint: 55984 ns, Cleanup: 9308 ns, At safepoint: 4923 ns, Total: 70215 ns
[2025-04-26T17:01:26.999+0000][1926.184s][debug][safepoint   ] Safepoint synchronization initiated using futex wait barrier. (225 threads)
[2025-04-26T17:01:27.000+0000][1926.184s][info ][safepoint   ] Safepoint "Cleanup", Time since last: 16034591125 ns, Reaching safepoint: 102778 ns, Cleanup: 72690 ns, At safepoint: 9024 ns, Total: 184492 ns
[2025-04-26T17:01:28.000+0000][1927.184s][debug][safepoint   ] Safepoint synchronization initiated using futex wait barrier. (225 threads)
[2025-04-26T17:01:28.000+0000][1927.185s][info ][safepoint   ] Safepoint "Cleanup", Time since last: 1000124821 ns, Reaching safepoint: 197792 ns, Cleanup: 40657 ns, At safepoint: 45454 ns, Total: 283903 ns
[2025-04-26T17:01:33.001+0000][1932.185s][debug][safepoint   ] Safepoint synchronization initiated using futex wait barrier. (225 threads)
[2025-04-26T17:01:33.001+0000][1932.185s][info ][safepoint   ] Safepoint "Cleanup", Time since last: 5000518807 ns, Reaching safepoint: 107471 ns, Cleanup: 53619 ns, At safepoint: 6055 ns, Total: 167145 ns
[2025-04-26T17:01:38.001+0000][1937.186s][debug][safepoint   ] Safepoint synchronization initiated using futex wait barrier. (225 threads)
[2025-04-26T17:01:38.001+0000][1937.186s][info ][safepoint   ] Safepoint "Cleanup", Time since last: 5000476594 ns, Reaching safepoint: 73705 ns, Cleanup: 9889 ns, At safepoint: 4569 ns, Total: 88163 ns
[2025-04-26T17:01:40.002+0000][1939.186s][debug][safepoint   ] Safepoint synchronization initiated using futex wait barrier. (225 threads)
[2025-04-26T17:01:40.002+0000][1939.186s][info ][safepoint   ] Safepoint "Cleanup", Time since last: 2000215199 ns, Reaching safepoint: 82568 ns, Cleanup: 20552 ns, At safepoint: 7076 ns, Total: 110196 ns
[2025-04-26T17:01:42.002+0000][1941.186s][debug][safepoint   ] Safepoint synchronization initiated using futex wait barrier. (225 threads)
[2025-04-26T17:01:42.002+0000][1941.186s][info ][safepoint   ] Safepoint "Cleanup", Time since last: 2000152127 ns, Reaching safepoint: 71813 ns, Cleanup: 10104 ns, At safepoint: 4993 ns, Total: 86910 ns
[2025-04-26T17:01:49.003+0000][1948.187s][debug][safepoint   ] Safepoint synchronization initiated using futex wait barrier. (225 threads)
[2025-04-26T17:01:49.003+0000][1948.187s][info ][safepoint   ] Safepoint "Cleanup", Time since last: 7000925992 ns, Reaching safepoint: 62245 ns, Cleanup: 60238 ns, At safepoint: 4646 ns, Total: 127129 ns
[2025-04-26T17:01:50.003+0000][1949.188s][debug][safepoint   ] Safepoint synchronization initiated using futex wait barrier. (225 threads)
[2025-04-26T17:01:50.003+0000][1949.188s][info ][safepoint   ] Safepoint "Cleanup", Time since last: 1000100867 ns, Reaching safepoint: 101581 ns, Cleanup: 23111 ns, At safepoint: 13831 ns, Total: 138523 ns
[2025-04-26T17:01:51.151+0000][1950.336s][debug][safepoint   ] Safepoint synchronization initiated using futex wait barrier. (227 threads)
[2025-04-26T17:01:51.152+0000][1950.336s][info ][safepoint   ] Safepoint "Cleanup", Time since last: 1147828858 ns, Reaching safepoint: 186117 ns, Cleanup: 418795 ns, At safepoint: 115608 ns, Total: 720520 ns
[2025-04-26T17:01:55.152+0000][1954.337s][debug][safepoint   ] Safepoint synchronization initiated using futex wait barrier. (227 threads)
[2025-04-26T17:01:55.152+0000][1954.337s][info ][safepoint   ] Safepoint "Cleanup", Time since last: 4000422443 ns, Reaching safepoint: 68671 ns, Cleanup: 10811 ns, At safepoint: 5623 ns, Total: 85105 ns
[2025-04-26T17:02:00.154+0000][1959.338s][debug][safepoint   ] Safepoint synchronization initiated using futex wait barrier. (227 threads)
[2025-04-26T17:02:00.154+0000][1959.338s][info ][safepoint   ] Safepoint "Cleanup", Time since last: 5001359135 ns, Reaching safepoint: 71198 ns, Cleanup: 11411 ns, At safepoint: 6465 ns, Total: 89074 ns
[2025-04-26T17:02:01.154+0000][1960.338s][debug][safepoint   ] Safepoint synchronization initiated using futex wait barrier. (227 threads)
[2025-04-26T17:02:01.154+0000][1960.338s][info ][safepoint   ] Safepoint "Cleanup", Time since last: 1000087134 ns, Reaching safepoint: 58917 ns, Cleanup: 11456 ns, At safepoint: 6965 ns, Total: 77338 ns
[2025-04-26T17:02:06.942+0000][1966.126s][debug][safepoint   ] Safepoint synchronization initiated using futex wait barrier. (228 threads)
[2025-04-26T17:02:06.942+0000][1966.126s][info ][gc,start    ] GC(75) Pause Young (Normal) (G1 Evacuation Pause)
[2025-04-26T17:02:06.942+0000][1966.126s][info ][gc,task     ] GC(75) Using 4 workers of 4 for evacuation
[2025-04-26T17:02:06.972+0000][1966.157s][info ][gc,phases   ] GC(75)   Pre Evacuate Collection Set: 0.2ms
[2025-04-26T17:02:06.972+0000][1966.157s][info ][gc,phases   ] GC(75)   Merge Heap Roots: 0.2ms
[2025-04-26T17:02:06.972+0000][1966.157s][info ][gc,phases   ] GC(75)   Evacuate Collection Set: 26.4ms
[2025-04-26T17:02:06.972+0000][1966.157s][info ][gc,phases   ] GC(75)   Post Evacuate Collection Set: 3.5ms
[2025-04-26T17:02:06.972+0000][1966.157s][info ][gc,phases   ] GC(75)   Other: 0.2ms
[2025-04-26T17:02:06.972+0000][1966.157s][info ][gc,heap     ] GC(75) Eden regions: 378->0(376)
[2025-04-26T17:02:06.972+0000][1966.157s][info ][gc,heap     ] GC(75) Survivor regions: 16->18(50)
[2025-04-26T17:02:06.972+0000][1966.157s][info ][gc,heap     ] GC(75) Old regions: 177->177
[2025-04-26T17:02:06.972+0000][1966.157s][info ][gc,heap     ] GC(75) Archive regions: 2->2
[2025-04-26T17:02:06.972+0000][1966.157s][info ][gc,heap     ] GC(75) Humongous regions: 0->0
[2025-04-26T17:02:06.972+0000][1966.157s][info ][gc,metaspace] GC(75) Metaspace: 195582K(197056K)->195582K(197056K) NonClass: 172041K(172800K)->172041K(172800K) Class: 23541K(24256K)->23541K(24256K)
[2025-04-26T17:02:06.972+0000][1966.157s][info ][gc          ] GC(75) Pause Young (Normal) (G1 Evacuation Pause) 571M->194M(657M) 30.752ms
[2025-04-26T17:02:06.972+0000][1966.157s][info ][gc,cpu      ] GC(75) User=0.09s Sys=0.00s Real=0.03s
[2025-04-26T17:02:06.973+0000][1966.157s][info ][safepoint   ] Safepoint "G1CollectForAllocation", Time since last: 5787728422 ns, Reaching safepoint: 76397 ns, Cleanup: 4891 ns, At safepoint: 31120035 ns, Total: 31201323 ns
[2025-04-26T17:02:07.973+0000][1967.157s][debug][safepoint   ] Safepoint synchronization initiated using futex wait barrier. (228 threads)
[2025-04-26T17:02:07.973+0000][1967.157s][info ][safepoint   ] Safepoint "Cleanup", Time since last: 1000108233 ns, Reaching safepoint: 79734 ns, Cleanup: 11585 ns, At safepoint: 7327 ns, Total: 98646 ns
[2025-04-26T17:02:08.973+0000][1968.158s][debug][safepoint   ] Safepoint synchronization initiated using futex wait barrier. (228 threads)
[2025-04-26T17:02:08.973+0000][1968.158s][info ][safepoint   ] Safepoint "Cleanup", Time since last: 1000139785 ns, Reaching safepoint: 84039 ns, Cleanup: 13841 ns, At safepoint: 7618 ns, Total: 105498 ns
[2025-04-26T17:02:17.974+0000][1977.159s][debug][safepoint   ] Safepoint synchronization initiated using futex wait barrier. (228 threads)
[2025-04-26T17:02:17.974+0000][1977.159s][info ][safepoint   ] Safepoint "Cleanup", Time since last: 9000852405 ns, Reaching safepoint: 207523 ns, Cleanup: 37128 ns, At safepoint: 11519 ns, Total: 256170 ns
[2025-04-26T17:02:18.974+0000][1978.159s][debug][safepoint   ] Safepoint synchronization initiated using futex wait barrier. (228 threads)
[2025-04-26T17:02:18.975+0000][1978.159s][info ][safepoint   ] Safepoint "Cleanup", Time since last: 1000128693 ns, Reaching safepoint: 69047 ns, Cleanup: 12062 ns, At safepoint: 24801 ns, Total: 105910 ns
[2025-04-26T17:02:28.027+0000][1987.212s][debug][safepoint   ] Safepoint synchronization initiated using futex wait barrier. (228 threads)
[2025-04-26T17:02:28.027+0000][1987.212s][info ][safepoint   ] Safepoint "Cleanup", Time since last: 9052481158 ns, Reaching safepoint: 157504 ns, Cleanup: 29266 ns, At safepoint: 17183 ns, Total: 203953 ns
[2025-04-26T17:02:29.027+0000][1988.212s][debug][safepoint   ] Safepoint synchronization initiated using futex wait barrier. (228 threads)
[2025-04-26T17:02:29.028+0000][1988.212s][info ][safepoint   ] Safepoint "Cleanup", Time since last: 1000172819 ns, Reaching safepoint: 233546 ns, Cleanup: 29576 ns, At safepoint: 21727 ns, Total: 284849 ns
[2025-04-26T17:02:33.966+0000][1993.150s][debug][safepoint   ] Safepoint synchronization initiated using futex wait barrier. (228 threads)
[2025-04-26T17:02:33.966+0000][1993.150s][info ][safepoint   ] Safepoint "Cleanup", Time since last: 4937825180 ns, Reaching safepoint: 59016 ns, Cleanup: 25272 ns, At safepoint: 4291 ns, Total: 88579 ns
[2025-04-26T17:03:00.969+0000][2020.153s][debug][safepoint   ] Safepoint synchronization initiated using futex wait barrier. (227 threads)
[2025-04-26T17:03:00.969+0000][2020.153s][info ][safepoint   ] Safepoint "Cleanup", Time since last: 27002937898 ns, Reaching safepoint: 68055 ns, Cleanup: 11360 ns, At safepoint: 4118 ns, Total: 83533 ns
[2025-04-26T17:03:03.969+0000][2023.154s][debug][safepoint   ] Safepoint synchronization initiated using futex wait barrier. (227 threads)
[2025-04-26T17:03:03.969+0000][2023.154s][info ][safepoint   ] Safepoint "Cleanup", Time since last: 3000345590 ns, Reaching safepoint: 205472 ns, Cleanup: 28512 ns, At safepoint: 22623 ns, Total: 256607 ns
[2025-04-26T17:03:18.971+0000][2038.155s][debug][safepoint   ] Safepoint synchronization initiated using futex wait barrier. (227 threads)
[2025-04-26T17:03:18.971+0000][2038.155s][info ][safepoint   ] Safepoint "Cleanup", Time since last: 15001468047 ns, Reaching safepoint: 71788 ns, Cleanup: 10349 ns, At safepoint: 5187 ns, Total: 87324 ns
[2025-04-26T17:03:28.057+0000][2047.241s][debug][safepoint   ] Safepoint synchronization initiated using futex wait barrier. (227 threads)
[2025-04-26T17:03:28.057+0000][2047.242s][info ][safepoint   ] Safepoint "Cleanup", Time since last: 9085929138 ns, Reaching safepoint: 214672 ns, Cleanup: 39319 ns, At safepoint: 22091 ns, Total: 276082 ns
[2025-04-26T17:03:48.060+0000][2067.244s][debug][safepoint   ] Safepoint synchronization initiated using futex wait barrier. (227 threads)
[2025-04-26T17:03:48.060+0000][2067.244s][info ][safepoint   ] Safepoint "Cleanup", Time since last: 20002608776 ns, Reaching safepoint: 247452 ns, Cleanup: 35102 ns, At safepoint: 25793 ns, Total: 308347 ns
[2025-04-26T17:04:04.067+0000][2083.251s][debug][safepoint   ] Safepoint synchronization initiated using futex wait barrier. (226 threads)
[2025-04-26T17:04:04.073+0000][2083.257s][info ][safepoint   ] Safepoint "Cleanup", Time since last: 16006669553 ns, Reaching safepoint: 272483 ns, Cleanup: 35244 ns, At safepoint: 5839987 ns, Total: 6147714 ns
[2025-04-26T17:04:05.073+0000][2084.258s][debug][safepoint   ] Safepoint synchronization initiated using futex wait barrier. (226 threads)
[2025-04-26T17:04:05.073+0000][2084.258s][info ][safepoint   ] Safepoint "Cleanup", Time since last: 1000355822 ns, Reaching safepoint: 168431 ns, Cleanup: 70328 ns, At safepoint: 18549 ns, Total: 257308 ns
[2025-04-26T17:04:07.382+0000][2086.566s][debug][safepoint   ] Safepoint synchronization initiated using futex wait barrier. (226 threads)
[2025-04-26T17:04:07.382+0000][2086.566s][info ][safepoint   ] Safepoint "Cleanup", Time since last: 2308481694 ns, Reaching safepoint: 95790 ns, Cleanup: 13089 ns, At safepoint: 5877 ns, Total: 114756 ns
[2025-04-26T17:04:08.382+0000][2087.567s][debug][safepoint   ] Safepoint synchronization initiated using futex wait barrier. (226 threads)
[2025-04-26T17:04:08.382+0000][2087.567s][info ][safepoint   ] Safepoint "Cleanup", Time since last: 1000092777 ns, Reaching safepoint: 74194 ns, Cleanup: 37390 ns, At safepoint: 7396 ns, Total: 118980 ns
[2025-04-26T17:04:09.382+0000][2088.567s][debug][safepoint   ] Safepoint synchronization initiated using futex wait barrier. (226 threads)
[2025-04-26T17:04:09.383+0000][2088.567s][info ][safepoint   ] Safepoint "Cleanup", Time since last: 1000130188 ns, Reaching safepoint: 227196 ns, Cleanup: 34884 ns, At safepoint: 10541 ns, Total: 272621 ns
[2025-04-26T17:04:10.383+0000][2089.567s][debug][safepoint   ] Safepoint synchronization initiated using futex wait barrier. (226 threads)
[2025-04-26T17:04:10.383+0000][2089.567s][info ][safepoint   ] Safepoint "Cleanup", Time since last: 1000103538 ns, Reaching safepoint: 70187 ns, Cleanup: 17208 ns, At safepoint: 5974 ns, Total: 93369 ns
[2025-04-26T17:04:17.383+0000][2096.568s][debug][safepoint   ] Safepoint synchronization initiated using futex wait barrier. (226 threads)
[2025-04-26T17:04:17.383+0000][2096.568s][info ][safepoint   ] Safepoint "Cleanup", Time since last: 7000542660 ns, Reaching safepoint: 65882 ns, Cleanup: 10634 ns, At safepoint: 4768 ns, Total: 81284 ns
[2025-04-26T17:04:18.383+0000][2097.568s][debug][safepoint   ] Safepoint synchronization initiated using futex wait barrier. (226 threads)
[2025-04-26T17:04:18.384+0000][2097.568s][info ][safepoint   ] Safepoint "Cleanup", Time since last: 1000111884 ns, Reaching safepoint: 69028 ns, Cleanup: 12125 ns, At safepoint: 5398 ns, Total: 86551 ns
[2025-04-26T17:04:19.384+0000][2098.568s][debug][safepoint   ] Safepoint synchronization initiated using futex wait barrier. (227 threads)
[2025-04-26T17:04:19.384+0000][2098.568s][info ][safepoint   ] Safepoint "Cleanup", Time since last: 1000091168 ns, Reaching safepoint: 85532 ns, Cleanup: 14228 ns, At safepoint: 11328 ns, Total: 111088 ns
[2025-04-26T17:04:32.088+0000][2111.272s][debug][safepoint   ] Safepoint synchronization initiated using futex wait barrier. (227 threads)
[2025-04-26T17:04:32.088+0000][2111.272s][info ][safepoint   ] Safepoint "Cleanup", Time since last: 12703828016 ns, Reaching safepoint: 165939 ns, Cleanup: 26856 ns, At safepoint: 7157 ns, Total: 199952 ns
[2025-04-26T17:04:42.089+0000][2121.274s][debug][safepoint   ] Safepoint synchronization initiated using futex wait barrier. (227 threads)
[2025-04-26T17:04:42.089+0000][2121.274s][info ][safepoint   ] Safepoint "Cleanup", Time since last: 10001267618 ns, Reaching safepoint: 253221 ns, Cleanup: 34630 ns, At safepoint: 25639 ns, Total: 313490 ns
[2025-04-26T17:05:04.092+0000][2143.277s][debug][safepoint   ] Safepoint synchronization initiated using futex wait barrier. (227 threads)
[2025-04-26T17:05:04.092+0000][2143.277s][info ][safepoint   ] Safepoint "Cleanup", Time since last: 22002685630 ns, Reaching safepoint: 96163 ns, Cleanup: 15649 ns, At safepoint: 8798 ns, Total: 120610 ns
[2025-04-26T17:05:08.093+0000][2147.277s][debug][safepoint   ] Safepoint synchronization initiated using futex wait barrier. (227 threads)
[2025-04-26T17:05:08.093+0000][2147.278s][info ][safepoint   ] Safepoint "Cleanup", Time since last: 4000522032 ns, Reaching safepoint: 207138 ns, Cleanup: 35684 ns, At safepoint: 18616 ns, Total: 261438 ns
[2025-04-26T17:05:11.093+0000][2150.278s][debug][safepoint   ] Safepoint synchronization initiated using futex wait barrier. (227 threads)
[2025-04-26T17:05:11.094+0000][2150.278s][info ][safepoint   ] Safepoint "Cleanup", Time since last: 3000478507 ns, Reaching safepoint: 302072 ns, Cleanup: 41362 ns, At safepoint: 39429 ns, Total: 382863 ns
[2025-04-26T17:05:18.095+0000][2157.280s][debug][safepoint   ] Safepoint synchronization initiated using futex wait barrier. (227 threads)
[2025-04-26T17:05:18.096+0000][2157.280s][info ][safepoint   ] Safepoint "Cleanup", Time since last: 7001517169 ns, Reaching safepoint: 258869 ns, Cleanup: 36184 ns, At safepoint: 19756 ns, Total: 314809 ns
[2025-04-26T17:05:39.126+0000][2178.310s][debug][safepoint   ] Safepoint synchronization initiated using futex wait barrier. (226 threads)
[2025-04-26T17:05:39.126+0000][2178.310s][info ][safepoint   ] Safepoint "Cleanup", Time since last: 21030110965 ns, Reaching safepoint: 124096 ns, Cleanup: 17632 ns, At safepoint: 12945 ns, Total: 154673 ns
[2025-04-26T17:06:04.130+0000][2203.315s][debug][safepoint   ] Safepoint synchronization initiated using futex wait barrier. (226 threads)
[2025-04-26T17:06:04.130+0000][2203.315s][info ][safepoint   ] Safepoint "Cleanup", Time since last: 25004158166 ns, Reaching safepoint: 319560 ns, Cleanup: 41775 ns, At safepoint: 26433 ns, Total: 387768 ns
[2025-04-26T17:06:13.177+0000][2212.362s][debug][safepoint   ] Safepoint synchronization initiated using futex wait barrier. (226 threads)
[2025-04-26T17:06:13.178+0000][2212.362s][info ][gc,start    ] GC(76) Pause Young (Normal) (G1 Evacuation Pause)
[2025-04-26T17:06:13.178+0000][2212.362s][info ][gc,task     ] GC(76) Using 4 workers of 4 for evacuation
[2025-04-26T17:06:13.281+0000][2212.465s][info ][gc,phases   ] GC(76)   Pre Evacuate Collection Set: 2.4ms
[2025-04-26T17:06:13.281+0000][2212.465s][info ][gc,phases   ] GC(76)   Merge Heap Roots: 1.9ms
[2025-04-26T17:06:13.281+0000][2212.465s][info ][gc,phases   ] GC(76)   Evacuate Collection Set: 94.3ms
[2025-04-26T17:06:13.281+0000][2212.465s][info ][gc,phases   ] GC(76)   Post Evacuate Collection Set: 3.9ms
[2025-04-26T17:06:13.281+0000][2212.465s][info ][gc,phases   ] GC(76)   Other: 0.6ms
[2025-04-26T17:06:13.281+0000][2212.465s][info ][gc,heap     ] GC(76) Eden regions: 376->0(376)
[2025-04-26T17:06:13.281+0000][2212.465s][info ][gc,heap     ] GC(76) Survivor regions: 18->18(50)
[2025-04-26T17:06:13.281+0000][2212.465s][info ][gc,heap     ] GC(76) Old regions: 177->177
[2025-04-26T17:06:13.281+0000][2212.465s][info ][gc,heap     ] GC(76) Archive regions: 2->2
[2025-04-26T17:06:13.281+0000][2212.465s][info ][gc,heap     ] GC(76) Humongous regions: 0->0
[2025-04-26T17:06:13.281+0000][2212.465s][info ][gc,metaspace] GC(76) Metaspace: 195811K(197312K)->195811K(197312K) NonClass: 172267K(173056K)->172267K(173056K) Class: 23544K(24256K)->23544K(24256K)
[2025-04-26T17:06:13.281+0000][2212.465s][info ][gc          ] GC(76) Pause Young (Normal) (G1 Evacuation Pause) 570M->194M(657M) 103.308ms
[2025-04-26T17:06:13.281+0000][2212.466s][info ][gc,cpu      ] GC(76) User=0.13s Sys=0.01s Real=0.11s
[2025-04-26T17:06:13.282+0000][2212.466s][info ][safepoint   ] Safepoint "G1CollectForAllocation", Time since last: 9046719079 ns, Reaching safepoint: 296365 ns, Cleanup: 14515 ns, At safepoint: 103999697 ns, Total: 104310577 ns
[2025-04-26T17:06:14.282+0000][2213.466s][debug][safepoint   ] Safepoint synchronization initiated using futex wait barrier. (226 threads)
[2025-04-26T17:06:14.282+0000][2213.467s][info ][safepoint   ] Safepoint "Cleanup", Time since last: 1000230633 ns, Reaching safepoint: 227997 ns, Cleanup: 83354 ns, At safepoint: 23011 ns, Total: 334362 ns
[2025-04-26T17:06:39.157+0000][2238.341s][debug][safepoint   ] Safepoint synchronization initiated using futex wait barrier. (226 threads)
[2025-04-26T17:06:39.157+0000][2238.341s][info ][safepoint   ] Safepoint "Cleanup", Time since last: 24874572682 ns, Reaching safepoint: 56672 ns, Cleanup: 10539 ns, At safepoint: 4345 ns, Total: 71556 ns
[2025-04-26T17:06:41.157+0000][2240.341s][debug][safepoint   ] Safepoint synchronization initiated using futex wait barrier. (226 threads)
[2025-04-26T17:06:41.157+0000][2240.342s][info ][safepoint   ] Safepoint "Cleanup", Time since last: 2000193224 ns, Reaching safepoint: 68313 ns, Cleanup: 18010 ns, At safepoint: 4330 ns, Total: 90653 ns
[2025-04-26T17:06:52.158+0000][2251.343s][debug][safepoint   ] Safepoint synchronization initiated using futex wait barrier. (226 threads)
[2025-04-26T17:06:52.158+0000][2251.343s][info ][safepoint   ] Safepoint "Cleanup", Time since last: 11001091989 ns, Reaching safepoint: 112847 ns, Cleanup: 12064 ns, At safepoint: 5537 ns, Total: 130448 ns
[2025-04-26T17:07:02.160+0000][2261.344s][debug][safepoint   ] Safepoint synchronization initiated using futex wait barrier. (226 threads)
[2025-04-26T17:07:02.160+0000][2261.344s][info ][safepoint   ] Safepoint "Cleanup", Time since last: 10001517382 ns, Reaching safepoint: 128988 ns, Cleanup: 13704 ns, At safepoint: 5936 ns, Total: 148628 ns
[2025-04-26T17:07:11.161+0000][2270.345s][debug][safepoint   ] Safepoint synchronization initiated using futex wait barrier. (228 threads)
[2025-04-26T17:07:11.161+0000][2270.345s][info ][safepoint   ] Safepoint "Cleanup", Time since last: 9000938277 ns, Reaching safepoint: 55501 ns, Cleanup: 8587 ns, At safepoint: 3996 ns, Total: 68084 ns
[2025-04-26T17:07:43.189+0000][2302.373s][debug][safepoint   ] Safepoint synchronization initiated using futex wait barrier. (228 threads)
[2025-04-26T17:07:43.189+0000][2302.374s][info ][safepoint   ] Safepoint "Cleanup", Time since last: 32027917481 ns, Reaching safepoint: 281088 ns, Cleanup: 37573 ns, At safepoint: 22691 ns, Total: 341352 ns
[2025-04-26T17:07:45.190+0000][2304.374s][debug][safepoint   ] Safepoint synchronization initiated using futex wait barrier. (228 threads)
[2025-04-26T17:07:45.190+0000][2304.374s][info ][safepoint   ] Safepoint "Cleanup", Time since last: 2000548597 ns, Reaching safepoint: 175246 ns, Cleanup: 31564 ns, At safepoint: 20545 ns, Total: 227355 ns
[2025-04-26T17:08:25.225+0000][2344.410s][debug][safepoint   ] Safepoint synchronization initiated using futex wait barrier. (228 threads)
[2025-04-26T17:08:25.225+0000][2344.410s][info ][safepoint   ] Safepoint "Cleanup", Time since last: 40035214558 ns, Reaching safepoint: 213516 ns, Cleanup: 31323 ns, At safepoint: 17188 ns, Total: 262027 ns
[2025-04-26T17:08:53.228+0000][2372.413s][debug][safepoint   ] Safepoint synchronization initiated using futex wait barrier. (228 threads)
[2025-04-26T17:08:53.229+0000][2372.413s][info ][safepoint   ] Safepoint "Cleanup", Time since last: 28003036515 ns, Reaching safepoint: 187048 ns, Cleanup: 24416 ns, At safepoint: 14990 ns, Total: 226454 ns
[2025-04-26T17:08:54.229+0000][2373.413s][debug][safepoint   ] Safepoint synchronization initiated using futex wait barrier. (228 threads)
[2025-04-26T17:08:54.229+0000][2373.414s][info ][safepoint   ] Safepoint "Cleanup", Time since last: 1000175914 ns, Reaching safepoint: 132248 ns, Cleanup: 14378 ns, At safepoint: 7920 ns, Total: 154546 ns
[2025-04-26T17:08:56.229+0000][2375.414s][debug][safepoint   ] Safepoint synchronization initiated using futex wait barrier. (228 threads)
[2025-04-26T17:08:56.229+0000][2375.414s][info ][safepoint   ] Safepoint "Cleanup", Time since last: 2000224313 ns, Reaching safepoint: 105145 ns, Cleanup: 13594 ns, At safepoint: 14358 ns, Total: 133097 ns
[2025-04-26T17:09:36.257+0000][2415.441s][debug][safepoint   ] Safepoint synchronization initiated using futex wait barrier. (228 threads)
[2025-04-26T17:09:36.257+0000][2415.441s][info ][safepoint   ] Safepoint "Cleanup", Time since last: 40027418595 ns, Reaching safepoint: 94691 ns, Cleanup: 14789 ns, At safepoint: 10839 ns, Total: 120319 ns
[2025-04-26T17:10:10.261+0000][2449.446s][debug][safepoint   ] Safepoint synchronization initiated using futex wait barrier. (228 threads)
[2025-04-26T17:10:10.262+0000][2449.446s][info ][safepoint   ] Safepoint "Cleanup", Time since last: 34004429591 ns, Reaching safepoint: 365059 ns, Cleanup: 42298 ns, At safepoint: 36691 ns, Total: 444048 ns
[2025-04-26T17:10:30.609+0000][2469.794s][debug][safepoint   ] Safepoint synchronization initiated using futex wait barrier. (228 threads)
[2025-04-26T17:10:30.609+0000][2469.794s][info ][gc,start    ] GC(77) Pause Young (Normal) (G1 Evacuation Pause)
[2025-04-26T17:10:30.609+0000][2469.794s][info ][gc,task     ] GC(77) Using 4 workers of 4 for evacuation
[2025-04-26T17:10:30.649+0000][2469.834s][info ][gc,phases   ] GC(77)   Pre Evacuate Collection Set: 1.2ms
[2025-04-26T17:10:30.649+0000][2469.834s][info ][gc,phases   ] GC(77)   Merge Heap Roots: 0.7ms
[2025-04-26T17:10:30.649+0000][2469.834s][info ][gc,phases   ] GC(77)   Evacuate Collection Set: 33.1ms
[2025-04-26T17:10:30.649+0000][2469.834s][info ][gc,phases   ] GC(77)   Post Evacuate Collection Set: 4.4ms
[2025-04-26T17:10:30.649+0000][2469.834s][info ][gc,phases   ] GC(77)   Other: 0.3ms
[2025-04-26T17:10:30.649+0000][2469.834s][info ][gc,heap     ] GC(77) Eden regions: 376->0(383)
[2025-04-26T17:10:30.649+0000][2469.834s][info ][gc,heap     ] GC(77) Survivor regions: 18->11(50)
[2025-04-26T17:10:30.649+0000][2469.834s][info ][gc,heap     ] GC(77) Old regions: 177->183
[2025-04-26T17:10:30.649+0000][2469.834s][info ][gc,heap     ] GC(77) Archive regions: 2->2
[2025-04-26T17:10:30.649+0000][2469.834s][info ][gc,heap     ] GC(77) Humongous regions: 0->0
[2025-04-26T17:10:30.649+0000][2469.834s][info ][gc,metaspace] GC(77) Metaspace: 195919K(197376K)->195919K(197376K) NonClass: 172368K(173120K)->172368K(173120K) Class: 23551K(24256K)->23551K(24256K)
[2025-04-26T17:10:30.649+0000][2469.834s][info ][gc          ] GC(77) Pause Young (Normal) (G1 Evacuation Pause) 570M->194M(657M) 40.050ms
[2025-04-26T17:10:30.650+0000][2469.834s][info ][gc,cpu      ] GC(77) User=0.10s Sys=0.00s Real=0.05s
[2025-04-26T17:10:30.650+0000][2469.834s][info ][safepoint   ] Safepoint "G1CollectForAllocation", Time since last: 20347521953 ns, Reaching safepoint: 98089 ns, Cleanup: 6370 ns, At safepoint: 40552315 ns, Total: 40656774 ns
[2025-04-26T17:10:36.651+0000][2475.835s][debug][safepoint   ] Safepoint synchronization initiated using futex wait barrier. (228 threads)
[2025-04-26T17:10:36.651+0000][2475.836s][info ][safepoint   ] Safepoint "Cleanup", Time since last: 6000976726 ns, Reaching safepoint: 222802 ns, Cleanup: 29274 ns, At safepoint: 23061 ns, Total: 275137 ns
[2025-04-26T17:11:07.654+0000][2506.839s][debug][safepoint   ] Safepoint synchronization initiated using futex wait barrier. (228 threads)
[2025-04-26T17:11:07.655+0000][2506.839s][info ][safepoint   ] Safepoint "Cleanup", Time since last: 31003168489 ns, Reaching safepoint: 368330 ns, Cleanup: 62054 ns, At safepoint: 9974 ns, Total: 440358 ns
[2025-04-26T17:11:09.655+0000][2508.840s][debug][safepoint   ] Safepoint synchronization initiated using futex wait barrier. (228 threads)
[2025-04-26T17:11:09.655+0000][2508.840s][info ][safepoint   ] Safepoint "Cleanup", Time since last: 2000350105 ns, Reaching safepoint: 89560 ns, Cleanup: 31806 ns, At safepoint: 5891 ns, Total: 127257 ns
[2025-04-26T17:11:10.655+0000][2509.840s][debug][safepoint   ] Safepoint synchronization initiated using futex wait barrier. (228 threads)
[2025-04-26T17:11:10.656+0000][2509.840s][info ][safepoint   ] Safepoint "Cleanup", Time since last: 1000107892 ns, Reaching safepoint: 107532 ns, Cleanup: 78251 ns, At safepoint: 38291 ns, Total: 224074 ns
[2025-04-26T17:11:51.336+0000][2550.521s][debug][safepoint   ] Safepoint synchronization initiated using futex wait barrier. (228 threads)
[2025-04-26T17:11:51.337+0000][2550.521s][info ][safepoint   ] Safepoint "Cleanup", Time since last: 40680855733 ns, Reaching safepoint: 125363 ns, Cleanup: 13528 ns, At safepoint: 12796 ns, Total: 151687 ns
[2025-04-26T17:12:02.338+0000][2561.522s][debug][safepoint   ] Safepoint synchronization initiated using futex wait barrier. (228 threads)
[2025-04-26T17:12:02.338+0000][2561.522s][info ][safepoint   ] Safepoint "Cleanup", Time since last: 11000995381 ns, Reaching safepoint: 131589 ns, Cleanup: 21721 ns, At safepoint: 11726 ns, Total: 165036 ns
[2025-04-26T17:12:13.339+0000][2572.523s][debug][safepoint   ] Safepoint synchronization initiated using futex wait barrier. (228 threads)
[2025-04-26T17:12:13.339+0000][2572.524s][info ][safepoint   ] Safepoint "Cleanup", Time since last: 11000980284 ns, Reaching safepoint: 575711 ns, Cleanup: 30106 ns, At safepoint: 60464 ns, Total: 666281 ns
[2025-04-26T17:12:16.340+0000][2575.524s][debug][safepoint   ] Safepoint synchronization initiated using futex wait barrier. (228 threads)
[2025-04-26T17:12:16.340+0000][2575.525s][info ][safepoint   ] Safepoint "Cleanup", Time since last: 3000383814 ns, Reaching safepoint: 233380 ns, Cleanup: 32830 ns, At safepoint: 20383 ns, Total: 286593 ns
[2025-04-26T17:12:33.362+0000][2592.546s][debug][safepoint   ] Safepoint synchronization initiated using futex wait barrier. (228 threads)
[2025-04-26T17:12:33.362+0000][2592.546s][info ][safepoint   ] Safepoint "Cleanup", Time since last: 17021615302 ns, Reaching safepoint: 205124 ns, Cleanup: 32744 ns, At safepoint: 10601 ns, Total: 248469 ns
[2025-04-26T17:12:42.363+0000][2601.547s][debug][safepoint   ] Safepoint synchronization initiated using futex wait barrier. (228 threads)
[2025-04-26T17:12:42.363+0000][2601.547s][info ][safepoint   ] Safepoint "Cleanup", Time since last: 9000853939 ns, Reaching safepoint: 111412 ns, Cleanup: 18610 ns, At safepoint: 8169 ns, Total: 138191 ns
[2025-04-26T17:12:57.365+0000][2616.549s][debug][safepoint   ] Safepoint synchronization initiated using futex wait barrier. (228 threads)
[2025-04-26T17:12:57.365+0000][2616.549s][info ][safepoint   ] Safepoint "Cleanup", Time since last: 15001755597 ns, Reaching safepoint: 98012 ns, Cleanup: 15278 ns, At safepoint: 5543 ns, Total: 118833 ns
[2025-04-26T17:13:10.367+0000][2629.552s][debug][safepoint   ] Safepoint synchronization initiated using futex wait barrier. (228 threads)
[2025-04-26T17:13:10.367+0000][2629.552s][info ][safepoint   ] Safepoint "Cleanup", Time since last: 13002432897 ns, Reaching safepoint: 82294 ns, Cleanup: 12753 ns, At safepoint: 5078 ns, Total: 100125 ns
[2025-04-26T17:14:09.399+0000][2688.583s][debug][safepoint   ] Safepoint synchronization initiated using futex wait barrier. (228 threads)
[2025-04-26T17:14:09.399+0000][2688.583s][info ][safepoint   ] Safepoint "Cleanup", Time since last: 59031185528 ns, Reaching safepoint: 69139 ns, Cleanup: 10492 ns, At safepoint: 5474 ns, Total: 85105 ns
[2025-04-26T17:14:13.399+0000][2692.584s][debug][safepoint   ] Safepoint synchronization initiated using futex wait barrier. (228 threads)
[2025-04-26T17:14:13.399+0000][2692.584s][info ][safepoint   ] Safepoint "Cleanup", Time since last: 4000412019 ns, Reaching safepoint: 224914 ns, Cleanup: 31877 ns, At safepoint: 26957 ns, Total: 283748 ns
[2025-04-26T17:14:19.400+0000][2698.585s][debug][safepoint   ] Safepoint synchronization initiated using futex wait barrier. (228 threads)
[2025-04-26T17:14:19.400+0000][2698.585s][info ][safepoint   ] Safepoint "Cleanup", Time since last: 6000845993 ns, Reaching safepoint: 205473 ns, Cleanup: 35916 ns, At safepoint: 25229 ns, Total: 266618 ns
[2025-04-26T17:14:37.867+0000][2717.052s][debug][safepoint   ] Safepoint synchronization initiated using futex wait barrier. (228 threads)
[2025-04-26T17:14:37.867+0000][2717.052s][info ][gc,start    ] GC(78) Pause Young (Normal) (G1 Evacuation Pause)
[2025-04-26T17:14:37.867+0000][2717.052s][info ][gc,task     ] GC(78) Using 4 workers of 4 for evacuation
[2025-04-26T17:14:37.884+0000][2717.068s][info ][gc,phases   ] GC(78)   Pre Evacuate Collection Set: 0.2ms
[2025-04-26T17:14:37.884+0000][2717.068s][info ][gc,phases   ] GC(78)   Merge Heap Roots: 0.2ms
[2025-04-26T17:14:37.884+0000][2717.068s][info ][gc,phases   ] GC(78)   Evacuate Collection Set: 11.3ms
[2025-04-26T17:14:37.884+0000][2717.068s][info ][gc,phases   ] GC(78)   Post Evacuate Collection Set: 4.6ms
[2025-04-26T17:14:37.884+0000][2717.068s][info ][gc,phases   ] GC(78)   Other: 0.2ms
[2025-04-26T17:14:37.884+0000][2717.068s][info ][gc,heap     ] GC(78) Eden regions: 383->0(389)
[2025-04-26T17:14:37.884+0000][2717.068s][info ][gc,heap     ] GC(78) Survivor regions: 11->5(50)
[2025-04-26T17:14:37.884+0000][2717.068s][info ][gc,heap     ] GC(78) Old regions: 183->189
[2025-04-26T17:14:37.884+0000][2717.068s][info ][gc,heap     ] GC(78) Archive regions: 2->2
[2025-04-26T17:14:37.884+0000][2717.068s][info ][gc,heap     ] GC(78) Humongous regions: 0->0
[2025-04-26T17:14:37.884+0000][2717.068s][info ][gc,metaspace] GC(78) Metaspace: 196049K(197504K)->196049K(197504K) NonClass: 172497K(173248K)->172497K(173248K) Class: 23552K(24256K)->23552K(24256K)
[2025-04-26T17:14:37.884+0000][2717.068s][info ][gc          ] GC(78) Pause Young (Normal) (G1 Evacuation Pause) 577M->194M(657M) 16.578ms
[2025-04-26T17:14:37.884+0000][2717.068s][info ][gc,cpu      ] GC(78) User=0.05s Sys=0.00s Real=0.02s
[2025-04-26T17:14:37.884+0000][2717.069s][info ][safepoint   ] Safepoint "G1CollectForAllocation", Time since last: 18466617440 ns, Reaching safepoint: 74351 ns, Cleanup: 3593 ns, At safepoint: 16893617 ns, Total: 16971561 ns
[2025-04-26T17:14:53.886+0000][2733.071s][debug][safepoint   ] Safepoint synchronization initiated using futex wait barrier. (228 threads)
[2025-04-26T17:14:53.886+0000][2733.071s][info ][safepoint   ] Safepoint "Cleanup", Time since last: 16001974138 ns, Reaching safepoint: 168100 ns, Cleanup: 41373 ns, At safepoint: 17536 ns, Total: 227009 ns
[2025-04-26T17:15:31.477+0000][2770.661s][debug][safepoint   ] Safepoint synchronization initiated using futex wait barrier. (228 threads)
[2025-04-26T17:15:31.477+0000][2770.662s][info ][safepoint   ] Safepoint "Cleanup", Time since last: 37590670157 ns, Reaching safepoint: 83029 ns, Cleanup: 10876 ns, At safepoint: 5343 ns, Total: 99248 ns
[2025-04-26T17:15:41.478+0000][2780.663s][debug][safepoint   ] Safepoint synchronization initiated using futex wait barrier. (228 threads)
[2025-04-26T17:15:41.479+0000][2780.663s][info ][safepoint   ] Safepoint "Cleanup", Time since last: 10001473789 ns, Reaching safepoint: 82611 ns, Cleanup: 19224 ns, At safepoint: 8303 ns, Total: 110138 ns
[2025-04-26T17:16:16.484+0000][2815.668s][debug][safepoint   ] Safepoint synchronization initiated using futex wait barrier. (228 threads)
[2025-04-26T17:16:16.484+0000][2815.669s][info ][safepoint   ] Safepoint "Cleanup", Time since last: 35005363865 ns, Reaching safepoint: 89655 ns, Cleanup: 16902 ns, At safepoint: 5508 ns, Total: 112065 ns
[2025-04-26T17:16:22.485+0000][2821.669s][debug][safepoint   ] Safepoint synchronization initiated using futex wait barrier. (228 threads)
[2025-04-26T17:16:22.485+0000][2821.669s][info ][safepoint   ] Safepoint "Cleanup", Time since last: 6000575245 ns, Reaching safepoint: 105337 ns, Cleanup: 13025 ns, At safepoint: 5695 ns, Total: 124057 ns
[2025-04-26T17:16:23.528+0000][2822.712s][debug][safepoint   ] Safepoint synchronization initiated using futex wait barrier. (243 threads)
[2025-04-26T17:16:23.528+0000][2822.713s][info ][safepoint   ] Safepoint "Cleanup", Time since last: 1016653695 ns, Reaching safepoint: 26503993 ns, Cleanup: 29829 ns, At safepoint: 73447 ns, Total: 26607269 ns
[2025-04-26T17:16:24.528+0000][2823.713s][debug][safepoint   ] Safepoint synchronization initiated using futex wait barrier. (243 threads)
[2025-04-26T17:16:24.528+0000][2823.713s][info ][safepoint   ] Safepoint "Cleanup", Time since last: 1000112482 ns, Reaching safepoint: 102822 ns, Cleanup: 20321 ns, At safepoint: 6084 ns, Total: 129227 ns
[2025-04-26T17:16:33.529+0000][2832.714s][debug][safepoint   ] Safepoint synchronization initiated using futex wait barrier. (243 threads)
[2025-04-26T17:16:33.530+0000][2832.714s][info ][safepoint   ] Safepoint "Cleanup", Time since last: 9001171868 ns, Reaching safepoint: 189799 ns, Cleanup: 100812 ns, At safepoint: 17827 ns, Total: 308438 ns
[2025-04-26T17:16:34.531+0000][2833.715s][debug][safepoint   ] Safepoint synchronization initiated using futex wait barrier. (243 threads)
[2025-04-26T17:16:34.531+0000][2833.716s][info ][safepoint   ] Safepoint "Cleanup", Time since last: 1000917410 ns, Reaching safepoint: 630500 ns, Cleanup: 57223 ns, At safepoint: 12050 ns, Total: 699773 ns
[2025-04-26T17:16:35.531+0000][2834.716s][debug][safepoint   ] Safepoint synchronization initiated using futex wait barrier. (243 threads)
[2025-04-26T17:16:35.532+0000][2834.716s][info ][safepoint   ] Safepoint "Cleanup", Time since last: 1000128062 ns, Reaching safepoint: 94118 ns, Cleanup: 13301 ns, At safepoint: 5997 ns, Total: 113416 ns
[2025-04-26T17:16:37.532+0000][2836.716s][debug][safepoint   ] Safepoint synchronization initiated using futex wait barrier. (243 threads)
[2025-04-26T17:16:37.532+0000][2836.716s][info ][safepoint   ] Safepoint "Cleanup", Time since last: 2000173283 ns, Reaching safepoint: 99218 ns, Cleanup: 13516 ns, At safepoint: 6715 ns, Total: 119449 ns
[2025-04-26T17:17:12.535+0000][2871.720s][debug][safepoint   ] Safepoint synchronization initiated using futex wait barrier. (244 threads)
[2025-04-26T17:17:12.535+0000][2871.720s][info ][safepoint   ] Safepoint "Cleanup", Time since last: 35003264133 ns, Reaching safepoint: 153078 ns, Cleanup: 42860 ns, At safepoint: 14632 ns, Total: 210570 ns
[2025-04-26T17:17:20.536+0000][2879.721s][debug][safepoint   ] Safepoint synchronization initiated using futex wait barrier. (243 threads)
[2025-04-26T17:17:20.537+0000][2879.722s][info ][safepoint   ] Safepoint "Cleanup", Time since last: 8000907103 ns, Reaching safepoint: 561116 ns, Cleanup: 49242 ns, At safepoint: 101085 ns, Total: 711443 ns
[2025-04-26T17:17:28.542+0000][2887.726s][debug][safepoint   ] Safepoint synchronization initiated using futex wait barrier. (242 threads)
[2025-04-26T17:17:28.542+0000][2887.726s][info ][safepoint   ] Safepoint "Cleanup", Time since last: 8004667257 ns, Reaching safepoint: 100990 ns, Cleanup: 12793 ns, At safepoint: 5241 ns, Total: 119024 ns
[2025-04-26T17:17:54.545+0000][2913.730s][debug][safepoint   ] Safepoint synchronization initiated using futex wait barrier. (242 threads)
[2025-04-26T17:17:54.546+0000][2913.730s][info ][safepoint   ] Safepoint "Cleanup", Time since last: 26003701782 ns, Reaching safepoint: 326842 ns, Cleanup: 35915 ns, At safepoint: 23669 ns, Total: 386426 ns
[2025-04-26T17:18:14.548+0000][2933.732s][debug][safepoint   ] Safepoint synchronization initiated using futex wait barrier. (242 threads)
[2025-04-26T17:18:14.548+0000][2933.732s][info ][safepoint   ] Safepoint "Cleanup", Time since last: 20001901464 ns, Reaching safepoint: 77926 ns, Cleanup: 10538 ns, At safepoint: 6292 ns, Total: 94756 ns
[2025-04-26T17:18:18.548+0000][2937.733s][debug][safepoint   ] Safepoint synchronization initiated using futex wait barrier. (242 threads)
[2025-04-26T17:18:18.548+0000][2937.733s][info ][safepoint   ] Safepoint "Cleanup", Time since last: 4000367793 ns, Reaching safepoint: 87747 ns, Cleanup: 23690 ns, At safepoint: 5713 ns, Total: 117150 ns
[2025-04-26T17:18:22.573+0000][2941.757s][debug][safepoint   ] ... found polling page loop exception at pc = 0x000076099db850fc, stub =0x000076099c98e400
[2025-04-26T17:18:28.574+0000][2947.759s][debug][safepoint   ] Safepoint synchronization initiated using futex wait barrier. (241 threads)
[2025-04-26T17:18:28.575+0000][2947.759s][info ][safepoint   ] Safepoint "Cleanup", Time since last: 10025964901 ns, Reaching safepoint: 280326 ns, Cleanup: 35920 ns, At safepoint: 26445 ns, Total: 342691 ns
[2025-04-26T17:18:41.772+0000][2960.957s][debug][safepoint   ] Safepoint synchronization initiated using futex wait barrier. (241 threads)
[2025-04-26T17:18:41.772+0000][2960.957s][info ][gc,start    ] GC(79) Pause Young (Normal) (G1 Evacuation Pause)
[2025-04-26T17:18:41.773+0000][2960.957s][info ][gc,task     ] GC(79) Using 4 workers of 4 for evacuation
[2025-04-26T17:18:41.784+0000][2960.969s][info ][gc,phases   ] GC(79)   Pre Evacuate Collection Set: 0.3ms
[2025-04-26T17:18:41.784+0000][2960.969s][info ][gc,phases   ] GC(79)   Merge Heap Roots: 0.3ms
[2025-04-26T17:18:41.784+0000][2960.969s][info ][gc,phases   ] GC(79)   Evacuate Collection Set: 8.8ms
[2025-04-26T17:18:41.784+0000][2960.969s][info ][gc,phases   ] GC(79)   Post Evacuate Collection Set: 2.1ms
[2025-04-26T17:18:41.784+0000][2960.969s][info ][gc,phases   ] GC(79)   Other: 0.3ms
[2025-04-26T17:18:41.784+0000][2960.969s][info ][gc,heap     ] GC(79) Eden regions: 389->0(389)
[2025-04-26T17:18:41.784+0000][2960.969s][info ][gc,heap     ] GC(79) Survivor regions: 5->5(50)
[2025-04-26T17:18:41.784+0000][2960.969s][info ][gc,heap     ] GC(79) Old regions: 189->190
[2025-04-26T17:18:41.784+0000][2960.969s][info ][gc,heap     ] GC(79) Archive regions: 2->2
[2025-04-26T17:18:41.784+0000][2960.969s][info ][gc,heap     ] GC(79) Humongous regions: 0->0
[2025-04-26T17:18:41.784+0000][2960.969s][info ][gc,metaspace] GC(79) Metaspace: 196410K(197824K)->196410K(197824K) NonClass: 172856K(173568K)->172856K(173568K) Class: 23553K(24256K)->23553K(24256K)
[2025-04-26T17:18:41.784+0000][2960.969s][info ][gc          ] GC(79) Pause Young (Normal) (G1 Evacuation Pause) 583M->195M(657M) 11.918ms
[2025-04-26T17:18:41.784+0000][2960.969s][info ][gc,cpu      ] GC(79) User=0.04s Sys=0.00s Real=0.01s
[2025-04-26T17:18:41.785+0000][2960.969s][info ][safepoint   ] Safepoint "G1CollectForAllocation", Time since last: 13197697523 ns, Reaching safepoint: 95118 ns, Cleanup: 6635 ns, At safepoint: 12172671 ns, Total: 12274424 ns
[2025-04-26T17:20:26.637+0000][3065.822s][debug][safepoint   ] Safepoint synchronization initiated using futex wait barrier. (239 threads)
[2025-04-26T17:20:26.637+0000][3065.822s][info ][safepoint   ] Safepoint "Cleanup", Time since last: 104852360514 ns, Reaching safepoint: 106825 ns, Cleanup: 16767 ns, At safepoint: 7463 ns, Total: 131055 ns
[2025-04-26T17:21:06.640+0000][3105.825s][debug][safepoint   ] Safepoint synchronization initiated using futex wait barrier. (239 threads)
[2025-04-26T17:21:06.641+0000][3105.825s][info ][safepoint   ] Safepoint "Cleanup", Time since last: 40003144520 ns, Reaching safepoint: 349914 ns, Cleanup: 18922 ns, At safepoint: 11326 ns, Total: 380162 ns
[2025-04-26T17:21:54.666+0000][3153.850s][debug][safepoint   ] Safepoint synchronization initiated using futex wait barrier. (238 threads)
[2025-04-26T17:21:54.666+0000][3153.850s][info ][safepoint   ] Safepoint "Cleanup", Time since last: 48025041002 ns, Reaching safepoint: 97409 ns, Cleanup: 18523 ns, At safepoint: 5748 ns, Total: 121680 ns
[2025-04-26T17:22:09.667+0000][3168.852s][debug][safepoint   ] Safepoint synchronization initiated using futex wait barrier. (238 threads)
[2025-04-26T17:22:09.668+0000][3168.852s][info ][safepoint   ] Safepoint "Cleanup", Time since last: 15001694160 ns, Reaching safepoint: 88274 ns, Cleanup: 17587 ns, At safepoint: 6149 ns, Total: 112010 ns
[2025-04-26T17:23:04.690+0000][3223.875s][debug][safepoint   ] Safepoint synchronization initiated using futex wait barrier. (237 threads)
[2025-04-26T17:23:04.690+0000][3223.875s][info ][safepoint   ] Safepoint "Cleanup", Time since last: 55022543573 ns, Reaching safepoint: 125879 ns, Cleanup: 18670 ns, At safepoint: 7686 ns, Total: 152235 ns
[2025-04-26T17:23:11.991+0000][3231.176s][debug][safepoint   ] Safepoint synchronization initiated using futex wait barrier. (237 threads)
[2025-04-26T17:23:11.992+0000][3231.176s][info ][gc,start    ] GC(80) Pause Young (Normal) (G1 Evacuation Pause)
[2025-04-26T17:23:11.992+0000][3231.176s][info ][gc,task     ] GC(80) Using 4 workers of 4 for evacuation
[2025-04-26T17:23:12.002+0000][3231.186s][info ][gc,phases   ] GC(80)   Pre Evacuate Collection Set: 0.2ms
[2025-04-26T17:23:12.002+0000][3231.186s][info ][gc,phases   ] GC(80)   Merge Heap Roots: 0.2ms
[2025-04-26T17:23:12.002+0000][3231.186s][info ][gc,phases   ] GC(80)   Evacuate Collection Set: 7.9ms
[2025-04-26T17:23:12.002+0000][3231.186s][info ][gc,phases   ] GC(80)   Post Evacuate Collection Set: 1.8ms
[2025-04-26T17:23:12.002+0000][3231.186s][info ][gc,phases   ] GC(80)   Other: 0.2ms
[2025-04-26T17:23:12.002+0000][3231.186s][info ][gc,heap     ] GC(80) Eden regions: 389->0(390)
[2025-04-26T17:23:12.002+0000][3231.186s][info ][gc,heap     ] GC(80) Survivor regions: 5->4(50)
[2025-04-26T17:23:12.002+0000][3231.186s][info ][gc,heap     ] GC(80) Old regions: 190->191
[2025-04-26T17:23:12.002+0000][3231.187s][info ][gc,heap     ] GC(80) Archive regions: 2->2
[2025-04-26T17:23:12.002+0000][3231.187s][info ][gc,heap     ] GC(80) Humongous regions: 0->0
[2025-04-26T17:23:12.002+0000][3231.187s][info ][gc,metaspace] GC(80) Metaspace: 196457K(197952K)->196457K(197952K) NonClass: 172903K(173696K)->172903K(173696K) Class: 23553K(24256K)->23553K(24256K)
[2025-04-26T17:23:12.002+0000][3231.187s][info ][gc          ] GC(80) Pause Young (Normal) (G1 Evacuation Pause) 584M->195M(657M) 10.356ms
[2025-04-26T17:23:12.002+0000][3231.187s][info ][gc,cpu      ] GC(80) User=0.04s Sys=0.00s Real=0.01s
[2025-04-26T17:23:12.002+0000][3231.187s][info ][safepoint   ] Safepoint "G1CollectForAllocation", Time since last: 7301182323 ns, Reaching safepoint: 94911 ns, Cleanup: 5037 ns, At safepoint: 10593550 ns, Total: 10693498 ns
[2025-04-26T17:23:18.003+0000][3237.187s][debug][safepoint   ] Safepoint synchronization initiated using futex wait barrier. (237 threads)
[2025-04-26T17:23:18.003+0000][3237.188s][info ][safepoint   ] Safepoint "Cleanup", Time since last: 6000731579 ns, Reaching safepoint: 261438 ns, Cleanup: 75554 ns, At safepoint: 27478 ns, Total: 364470 ns
[2025-04-26T17:23:24.719+0000][3243.904s][debug][safepoint   ] Safepoint synchronization initiated using futex wait barrier. (236 threads)
[2025-04-26T17:23:24.719+0000][3243.904s][info ][safepoint   ] Safepoint "Cleanup", Time since last: 6715894317 ns, Reaching safepoint: 106638 ns, Cleanup: 11926 ns, At safepoint: 5058 ns, Total: 123622 ns
[2025-04-26T17:23:58.725+0000][3277.909s][debug][safepoint   ] Safepoint synchronization initiated using futex wait barrier. (236 threads)
[2025-04-26T17:23:58.725+0000][3277.910s][info ][safepoint   ] Safepoint "Cleanup", Time since last: 34005643277 ns, Reaching safepoint: 72674 ns, Cleanup: 14143 ns, At safepoint: 4988 ns, Total: 91805 ns
[2025-04-26T17:23:59.725+0000][3278.910s][debug][safepoint   ] Safepoint synchronization initiated using futex wait barrier. (236 threads)
[2025-04-26T17:23:59.725+0000][3278.910s][info ][safepoint   ] Safepoint "Cleanup", Time since last: 1000120601 ns, Reaching safepoint: 163759 ns, Cleanup: 21837 ns, At safepoint: 12917 ns, Total: 198513 ns
[2025-04-26T17:24:00.725+0000][3279.910s][debug][safepoint   ] Safepoint synchronization initiated using futex wait barrier. (236 threads)
[2025-04-26T17:24:00.726+0000][3279.910s][info ][safepoint   ] Safepoint "Cleanup", Time since last: 1000132244 ns, Reaching safepoint: 135723 ns, Cleanup: 16894 ns, At safepoint: 8058 ns, Total: 160675 ns
[2025-04-26T17:24:01.726+0000][3280.910s][debug][safepoint   ] Safepoint synchronization initiated using futex wait barrier. (236 threads)
[2025-04-26T17:24:01.726+0000][3280.910s][info ][safepoint   ] Safepoint "Cleanup", Time since last: 1000104548 ns, Reaching safepoint: 122336 ns, Cleanup: 14379 ns, At safepoint: 9720 ns, Total: 146435 ns
[2025-04-26T17:24:02.726+0000][3281.911s][debug][safepoint   ] Safepoint synchronization initiated using futex wait barrier. (236 threads)
[2025-04-26T17:24:02.726+0000][3281.911s][info ][safepoint   ] Safepoint "Cleanup", Time since last: 1000121548 ns, Reaching safepoint: 140267 ns, Cleanup: 21739 ns, At safepoint: 11944 ns, Total: 173950 ns
[2025-04-26T17:24:05.727+0000][3284.911s][debug][safepoint   ] Safepoint synchronization initiated using futex wait barrier. (236 threads)
[2025-04-26T17:24:05.727+0000][3284.911s][info ][safepoint   ] Safepoint "Cleanup", Time since last: 3000377859 ns, Reaching safepoint: 94363 ns, Cleanup: 12463 ns, At safepoint: 6216 ns, Total: 113042 ns
[2025-04-26T17:24:48.751+0000][3327.936s][debug][safepoint   ] Safepoint synchronization initiated using futex wait barrier. (235 threads)
[2025-04-26T17:24:48.751+0000][3327.936s][info ][safepoint   ] Safepoint "Cleanup", Time since last: 43024474343 ns, Reaching safepoint: 211420 ns, Cleanup: 40703 ns, At safepoint: 17476 ns, Total: 269599 ns
[2025-04-26T17:25:52.081+0000][3391.266s][debug][safepoint   ] Safepoint synchronization initiated using futex wait barrier. (234 threads)
[2025-04-26T17:25:52.082+0000][3391.266s][info ][safepoint   ] Safepoint "Cleanup", Time since last: 63330049237 ns, Reaching safepoint: 250066 ns, Cleanup: 137086 ns, At safepoint: 21764 ns, Total: 408916 ns
[2025-04-26T17:26:09.084+0000][3408.269s][debug][safepoint   ] Safepoint synchronization initiated using futex wait barrier. (234 threads)
[2025-04-26T17:26:09.085+0000][3408.269s][info ][safepoint   ] Safepoint "Cleanup", Time since last: 17002603810 ns, Reaching safepoint: 107072 ns, Cleanup: 15680 ns, At safepoint: 11714 ns, Total: 134466 ns
[2025-04-26T17:26:25.822+0000][3425.006s][debug][safepoint   ] Safepoint synchronization initiated using futex wait barrier. (233 threads)
[2025-04-26T17:26:25.822+0000][3425.006s][info ][safepoint   ] Safepoint "Cleanup", Time since last: 16736968397 ns, Reaching safepoint: 101381 ns, Cleanup: 12631 ns, At safepoint: 4963 ns, Total: 118975 ns
[2025-04-26T17:26:39.823+0000][3439.008s][debug][safepoint   ] Safepoint synchronization initiated using futex wait barrier. (233 threads)
[2025-04-26T17:26:39.823+0000][3439.008s][info ][safepoint   ] Safepoint "Cleanup", Time since last: 14001406510 ns, Reaching safepoint: 76799 ns, Cleanup: 16095 ns, At safepoint: 5457 ns, Total: 98351 ns
[2025-04-26T17:26:40.823+0000][3440.008s][debug][safepoint   ] Safepoint synchronization initiated using futex wait barrier. (234 threads)
[2025-04-26T17:26:40.824+0000][3440.008s][info ][safepoint   ] Safepoint "Cleanup", Time since last: 1000091885 ns, Reaching safepoint: 179295 ns, Cleanup: 28875 ns, At safepoint: 8088 ns, Total: 216258 ns
[2025-04-26T17:26:42.824+0000][3442.008s][debug][safepoint   ] Safepoint synchronization initiated using futex wait barrier. (234 threads)
[2025-04-26T17:26:42.824+0000][3442.008s][info ][safepoint   ] Safepoint "Cleanup", Time since last: 2000179969 ns, Reaching safepoint: 63007 ns, Cleanup: 27347 ns, At safepoint: 4566 ns, Total: 94920 ns
[2025-04-26T17:26:48.824+0000][3448.009s][debug][safepoint   ] Safepoint synchronization initiated using futex wait barrier. (233 threads)
[2025-04-26T17:26:48.825+0000][3448.009s][info ][safepoint   ] Safepoint "Cleanup", Time since last: 6000651221 ns, Reaching safepoint: 132659 ns, Cleanup: 16667 ns, At safepoint: 7059 ns, Total: 156385 ns
[2025-04-26T17:26:50.825+0000][3450.009s][debug][safepoint   ] Safepoint synchronization initiated using futex wait barrier. (233 threads)
[2025-04-26T17:26:50.825+0000][3450.009s][info ][safepoint   ] Safepoint "Cleanup", Time since last: 2000161510 ns, Reaching safepoint: 75551 ns, Cleanup: 19229 ns, At safepoint: 6755 ns, Total: 101535 ns
[2025-04-26T17:26:51.825+0000][3451.009s][debug][safepoint   ] Safepoint synchronization initiated using futex wait barrier. (233 threads)
[2025-04-26T17:26:51.825+0000][3451.010s][info ][safepoint   ] Safepoint "Cleanup", Time since last: 1000090072 ns, Reaching safepoint: 96961 ns, Cleanup: 18253 ns, At safepoint: 33247 ns, Total: 148461 ns
[2025-04-26T17:26:57.826+0000][3457.010s][debug][safepoint   ] Safepoint synchronization initiated using futex wait barrier. (236 threads)
[2025-04-26T17:26:57.827+0000][3457.012s][info ][safepoint   ] Safepoint "Cleanup", Time since last: 6000784742 ns, Reaching safepoint: 751752 ns, Cleanup: 228537 ns, At safepoint: 103781 ns, Total: 1084070 ns
[2025-04-26T17:27:12.828+0000][3472.013s][debug][safepoint   ] Safepoint synchronization initiated using futex wait barrier. (236 threads)
[2025-04-26T17:27:12.829+0000][3472.013s][info ][safepoint   ] Safepoint "Cleanup", Time since last: 15001504241 ns, Reaching safepoint: 242025 ns, Cleanup: 62113 ns, At safepoint: 20066 ns, Total: 324204 ns
[2025-04-26T17:27:16.829+0000][3476.014s][debug][safepoint   ] Safepoint synchronization initiated using futex wait barrier. (236 threads)
[2025-04-26T17:27:16.830+0000][3476.014s][info ][safepoint   ] Safepoint "Cleanup", Time since last: 4000421047 ns, Reaching safepoint: 249374 ns, Cleanup: 128999 ns, At safepoint: 24837 ns, Total: 403210 ns
[2025-04-26T17:27:20.830+0000][3480.014s][debug][safepoint   ] Safepoint synchronization initiated using futex wait barrier. (236 threads)
[2025-04-26T17:27:20.830+0000][3480.015s][info ][safepoint   ] Safepoint "Cleanup", Time since last: 4000338545 ns, Reaching safepoint: 118670 ns, Cleanup: 32762 ns, At safepoint: 6809 ns, Total: 158241 ns
[2025-04-26T17:27:25.851+0000][3485.035s][debug][safepoint   ] Safepoint synchronization initiated using futex wait barrier. (235 threads)
[2025-04-26T17:27:25.851+0000][3485.036s][info ][safepoint   ] Safepoint "Cleanup", Time since last: 5020613572 ns, Reaching safepoint: 197078 ns, Cleanup: 41966 ns, At safepoint: 19539 ns, Total: 258583 ns
[2025-04-26T17:27:26.851+0000][3486.036s][debug][safepoint   ] Safepoint synchronization initiated using futex wait barrier. (235 threads)
[2025-04-26T17:27:26.851+0000][3486.036s][info ][safepoint   ] Safepoint "Cleanup", Time since last: 1000260715 ns, Reaching safepoint: 60594 ns, Cleanup: 10561 ns, At safepoint: 6201 ns, Total: 77356 ns
[2025-04-26T17:27:28.851+0000][3488.036s][debug][safepoint   ] Safepoint synchronization initiated using futex wait barrier. (235 threads)
[2025-04-26T17:27:28.852+0000][3488.036s][info ][safepoint   ] Safepoint "Cleanup", Time since last: 2000168432 ns, Reaching safepoint: 96296 ns, Cleanup: 13552 ns, At safepoint: 6729 ns, Total: 116577 ns
[2025-04-26T17:27:30.852+0000][3490.036s][debug][safepoint   ] Safepoint synchronization initiated using futex wait barrier. (235 threads)
[2025-04-26T17:27:30.852+0000][3490.037s][info ][safepoint   ] Safepoint "Cleanup", Time since last: 2000232013 ns, Reaching safepoint: 190284 ns, Cleanup: 26907 ns, At safepoint: 12818 ns, Total: 230009 ns
[2025-04-26T17:27:30.890+0000][3490.074s][debug][safepoint   ] Safepoint synchronization initiated using futex wait barrier. (235 threads)
[2025-04-26T17:27:30.890+0000][3490.074s][info ][gc,start    ] GC(81) Pause Young (Normal) (G1 Evacuation Pause)
[2025-04-26T17:27:30.890+0000][3490.075s][info ][gc,task     ] GC(81) Using 4 workers of 4 for evacuation
[2025-04-26T17:27:30.955+0000][3490.139s][info ][gc,phases   ] GC(81)   Pre Evacuate Collection Set: 0.5ms
[2025-04-26T17:27:30.955+0000][3490.139s][info ][gc,phases   ] GC(81)   Merge Heap Roots: 0.6ms
[2025-04-26T17:27:30.955+0000][3490.139s][info ][gc,phases   ] GC(81)   Evacuate Collection Set: 39.0ms
[2025-04-26T17:27:30.955+0000][3490.139s][info ][gc,phases   ] GC(81)   Post Evacuate Collection Set: 24.1ms
[2025-04-26T17:27:30.955+0000][3490.139s][info ][gc,phases   ] GC(81)   Other: 0.6ms
[2025-04-26T17:27:30.955+0000][3490.140s][info ][gc,heap     ] GC(81) Eden regions: 390->0(389)
[2025-04-26T17:27:30.955+0000][3490.140s][info ][gc,heap     ] GC(81) Survivor regions: 4->4(50)
[2025-04-26T17:27:30.955+0000][3490.140s][info ][gc,heap     ] GC(81) Old regions: 191->192
[2025-04-26T17:27:30.955+0000][3490.140s][info ][gc,heap     ] GC(81) Archive regions: 2->2
[2025-04-26T17:27:30.955+0000][3490.140s][info ][gc,heap     ] GC(81) Humongous regions: 0->0
[2025-04-26T17:27:30.955+0000][3490.140s][info ][gc,metaspace] GC(81) Metaspace: 196676K(198144K)->196676K(198144K) NonClass: 173118K(173888K)->173118K(173888K) Class: 23557K(24256K)->23557K(24256K)
[2025-04-26T17:27:30.955+0000][3490.140s][info ][gc          ] GC(81) Pause Young (Normal) (G1 Evacuation Pause) 585M->195M(657M) 65.395ms
[2025-04-26T17:27:30.955+0000][3490.140s][info ][gc,cpu      ] GC(81) User=0.11s Sys=0.00s Real=0.06s
[2025-04-26T17:27:30.957+0000][3490.141s][info ][safepoint   ] Safepoint "G1CollectForAllocation", Time since last: 37541421 ns, Reaching safepoint: 208895 ns, Cleanup: 11139 ns, At safepoint: 66925494 ns, Total: 67145528 ns
[2025-04-26T17:28:24.890+0000][3544.074s][debug][safepoint   ] Safepoint synchronization initiated using futex wait barrier. (235 threads)
[2025-04-26T17:28:24.890+0000][3544.074s][info ][safepoint   ] Safepoint "Cleanup", Time since last: 53932933245 ns, Reaching safepoint: 64077 ns, Cleanup: 14062 ns, At safepoint: 6077 ns, Total: 84216 ns
[2025-04-26T17:28:25.890+0000][3545.074s][debug][safepoint   ] Safepoint synchronization initiated using futex wait barrier. (235 threads)
[2025-04-26T17:28:25.890+0000][3545.075s][info ][safepoint   ] Safepoint "Cleanup", Time since last: 1000126598 ns, Reaching safepoint: 92178 ns, Cleanup: 20349 ns, At safepoint: 10110 ns, Total: 122637 ns
[2025-04-26T17:28:34.891+0000][3554.075s][debug][safepoint   ] Safepoint synchronization initiated using futex wait barrier. (233 threads)
[2025-04-26T17:28:34.891+0000][3554.076s][info ][safepoint   ] Safepoint "Cleanup", Time since last: 9000910125 ns, Reaching safepoint: 87105 ns, Cleanup: 17824 ns, At safepoint: 6164 ns, Total: 111093 ns
[2025-04-26T17:28:40.892+0000][3560.076s][debug][safepoint   ] Safepoint synchronization initiated using futex wait barrier. (235 threads)
[2025-04-26T17:28:40.892+0000][3560.076s][info ][safepoint   ] Safepoint "Cleanup", Time since last: 6000621315 ns, Reaching safepoint: 159402 ns, Cleanup: 31583 ns, At safepoint: 17747 ns, Total: 208732 ns
[2025-04-26T17:28:42.892+0000][3562.077s][debug][safepoint   ] Safepoint synchronization initiated using futex wait barrier. (235 threads)
[2025-04-26T17:28:42.892+0000][3562.077s][info ][safepoint   ] Safepoint "Cleanup", Time since last: 2000205917 ns, Reaching safepoint: 73411 ns, Cleanup: 12064 ns, At safepoint: 5712 ns, Total: 91187 ns
[2025-04-26T17:28:45.893+0000][3565.077s][debug][safepoint   ] Safepoint synchronization initiated using futex wait barrier. (233 threads)
[2025-04-26T17:28:45.893+0000][3565.077s][info ][safepoint   ] Safepoint "Cleanup", Time since last: 3000382766 ns, Reaching safepoint: 168979 ns, Cleanup: 13758 ns, At safepoint: 5738 ns, Total: 188475 ns
[2025-04-26T17:28:50.893+0000][3570.078s][debug][safepoint   ] Safepoint synchronization initiated using futex wait barrier. (235 threads)
[2025-04-26T17:28:50.893+0000][3570.078s][info ][safepoint   ] Safepoint "Cleanup", Time since last: 5000475732 ns, Reaching safepoint: 139372 ns, Cleanup: 22459 ns, At safepoint: 10685 ns, Total: 172516 ns
[2025-04-26T17:28:55.894+0000][3575.078s][debug][safepoint   ] Safepoint synchronization initiated using futex wait barrier. (235 threads)
[2025-04-26T17:28:55.894+0000][3575.079s][info ][safepoint   ] Safepoint "Cleanup", Time since last: 5000547226 ns, Reaching safepoint: 71844 ns, Cleanup: 13376 ns, At safepoint: 4924 ns, Total: 90144 ns
[2025-04-26T17:30:17.926+0000][3657.110s][debug][safepoint   ] Safepoint synchronization initiated using futex wait barrier. (231 threads)
[2025-04-26T17:30:17.926+0000][3657.110s][info ][safepoint   ] Safepoint "Cleanup", Time since last: 82031662153 ns, Reaching safepoint: 187929 ns, Cleanup: 22394 ns, At safepoint: 12922 ns, Total: 223245 ns
[2025-04-26T17:30:30.954+0000][3670.138s][debug][safepoint   ] Safepoint synchronization initiated using futex wait barrier. (229 threads)
[2025-04-26T17:30:30.954+0000][3670.139s][info ][safepoint   ] Safepoint "Cleanup", Time since last: 13028039284 ns, Reaching safepoint: 94186 ns, Cleanup: 19004 ns, At safepoint: 9188 ns, Total: 122378 ns
[2025-04-26T17:30:39.955+0000][3679.140s][debug][safepoint   ] Safepoint synchronization initiated using futex wait barrier. (229 threads)
[2025-04-26T17:30:39.955+0000][3679.140s][info ][safepoint   ] Safepoint "Cleanup", Time since last: 9000940516 ns, Reaching safepoint: 81978 ns, Cleanup: 15734 ns, At safepoint: 8160 ns, Total: 105872 ns
[2025-04-26T17:30:50.956+0000][3690.141s][debug][safepoint   ] Safepoint synchronization initiated using futex wait barrier. (229 threads)
[2025-04-26T17:30:50.957+0000][3690.141s][info ][safepoint   ] Safepoint "Cleanup", Time since last: 11001352675 ns, Reaching safepoint: 337682 ns, Cleanup: 42930 ns, At safepoint: 25617 ns, Total: 406229 ns
[2025-04-26T17:31:03.959+0000][3703.143s][debug][safepoint   ] Safepoint synchronization initiated using futex wait barrier. (229 threads)
[2025-04-26T17:31:03.959+0000][3703.144s][info ][safepoint   ] Safepoint "Cleanup", Time since last: 13001980380 ns, Reaching safepoint: 298269 ns, Cleanup: 28058 ns, At safepoint: 18904 ns, Total: 345231 ns
[2025-04-26T17:31:04.959+0000][3704.144s][debug][safepoint   ] Safepoint synchronization initiated using futex wait barrier. (229 threads)
[2025-04-26T17:31:04.960+0000][3704.145s][info ][safepoint   ] Safepoint "Cleanup", Time since last: 1000235592 ns, Reaching safepoint: 647496 ns, Cleanup: 44124 ns, At safepoint: 27477 ns, Total: 719097 ns
[2025-04-26T17:31:25.000+0000][3724.184s][debug][safepoint   ] Safepoint synchronization initiated using futex wait barrier. (228 threads)
[2025-04-26T17:31:25.000+0000][3724.184s][info ][safepoint   ] Safepoint "Cleanup", Time since last: 20039420982 ns, Reaching safepoint: 263294 ns, Cleanup: 41912 ns, At safepoint: 30590 ns, Total: 335796 ns
[2025-04-26T17:31:27.000+0000][3726.185s][debug][safepoint   ] Safepoint synchronization initiated using futex wait barrier. (228 threads)
[2025-04-26T17:31:27.001+0000][3726.185s][info ][safepoint   ] Safepoint "Cleanup", Time since last: 2000443531 ns, Reaching safepoint: 305297 ns, Cleanup: 39009 ns, At safepoint: 34327 ns, Total: 378633 ns
[2025-04-26T17:31:29.001+0000][3728.186s][debug][safepoint   ] Safepoint synchronization initiated using futex wait barrier. (228 threads)
[2025-04-26T17:31:29.001+0000][3728.186s][info ][safepoint   ] Safepoint "Cleanup", Time since last: 2000385322 ns, Reaching safepoint: 220389 ns, Cleanup: 28645 ns, At safepoint: 24032 ns, Total: 273066 ns
[2025-04-26T17:31:30.002+0000][3729.186s][debug][safepoint   ] Safepoint synchronization initiated using futex wait barrier. (228 threads)
[2025-04-26T17:31:30.002+0000][3729.186s][info ][safepoint   ] Safepoint "Cleanup", Time since last: 1000159905 ns, Reaching safepoint: 69099 ns, Cleanup: 12383 ns, At safepoint: 3614 ns, Total: 85096 ns
[2025-04-26T17:31:31.002+0000][3730.186s][debug][safepoint   ] Safepoint synchronization initiated using futex wait barrier. (228 threads)
[2025-04-26T17:31:31.002+0000][3730.186s][info ][safepoint   ] Safepoint "Cleanup", Time since last: 1000113732 ns, Reaching safepoint: 64307 ns, Cleanup: 11397 ns, At safepoint: 4651 ns, Total: 80355 ns
[2025-04-26T17:31:49.005+0000][3748.189s][debug][safepoint   ] Safepoint synchronization initiated using futex wait barrier. (228 threads)
[2025-04-26T17:31:49.005+0000][3748.190s][info ][safepoint   ] Safepoint "Cleanup", Time since last: 18002749256 ns, Reaching safepoint: 309583 ns, Cleanup: 37688 ns, At safepoint: 41167 ns, Total: 388438 ns
[2025-04-26T17:32:00.890+0000][3760.075s][debug][safepoint   ] Safepoint synchronization initiated using futex wait barrier. (228 threads)
[2025-04-26T17:32:00.890+0000][3760.075s][info ][gc,start    ] GC(82) Pause Young (Normal) (G1 Evacuation Pause)
[2025-04-26T17:32:00.890+0000][3760.075s][info ][gc,task     ] GC(82) Using 4 workers of 4 for evacuation
[2025-04-26T17:32:00.940+0000][3760.124s][info ][gc,phases   ] GC(82)   Pre Evacuate Collection Set: 0.7ms
[2025-04-26T17:32:00.940+0000][3760.124s][info ][gc,phases   ] GC(82)   Merge Heap Roots: 0.5ms
[2025-04-26T17:32:00.940+0000][3760.124s][info ][gc,phases   ] GC(82)   Evacuate Collection Set: 28.2ms
[2025-04-26T17:32:00.940+0000][3760.124s][info ][gc,phases   ] GC(82)   Post Evacuate Collection Set: 19.2ms
[2025-04-26T17:32:00.940+0000][3760.125s][info ][gc,phases   ] GC(82)   Other: 0.7ms
[2025-04-26T17:32:00.940+0000][3760.125s][info ][gc,heap     ] GC(82) Eden regions: 389->0(390)
[2025-04-26T17:32:00.940+0000][3760.125s][info ][gc,heap     ] GC(82) Survivor regions: 4->3(50)
[2025-04-26T17:32:00.940+0000][3760.125s][info ][gc,heap     ] GC(82) Old regions: 192->192
[2025-04-26T17:32:00.940+0000][3760.125s][info ][gc,heap     ] GC(82) Archive regions: 2->2
[2025-04-26T17:32:00.940+0000][3760.125s][info ][gc,heap     ] GC(82) Humongous regions: 0->0
[2025-04-26T17:32:00.940+0000][3760.125s][info ][gc,metaspace] GC(82) Metaspace: 196718K(198144K)->196718K(198144K) NonClass: 173156K(173888K)->173156K(173888K) Class: 23562K(24256K)->23562K(24256K)
[2025-04-26T17:32:00.940+0000][3760.125s][info ][gc          ] GC(82) Pause Young (Normal) (G1 Evacuation Pause) 584M->195M(657M) 49.936ms
[2025-04-26T17:32:00.940+0000][3760.125s][info ][gc,cpu      ] GC(82) User=0.08s Sys=0.01s Real=0.05s
[2025-04-26T17:32:00.941+0000][3760.126s][info ][safepoint   ] Safepoint "G1CollectForAllocation", Time since last: 11885125380 ns, Reaching safepoint: 147285 ns, Cleanup: 9530 ns, At safepoint: 51140657 ns, Total: 51297472 ns
[2025-04-26T17:33:07.055+0000][3826.240s][debug][safepoint   ] Safepoint synchronization initiated using futex wait barrier. (228 threads)
[2025-04-26T17:33:07.055+0000][3826.240s][info ][safepoint   ] Safepoint "Cleanup", Time since last: 66113704131 ns, Reaching safepoint: 199642 ns, Cleanup: 29379 ns, At safepoint: 16440 ns, Total: 245461 ns
[2025-04-26T17:33:41.089+0000][3860.273s][debug][safepoint   ] Safepoint synchronization initiated using futex wait barrier. (233 threads)
[2025-04-26T17:33:41.089+0000][3860.273s][info ][safepoint   ] Safepoint "Cleanup", Time since last: 34033327921 ns, Reaching safepoint: 60440 ns, Cleanup: 72653 ns, At safepoint: 5183 ns, Total: 138276 ns
[2025-04-26T17:33:54.090+0000][3873.275s][debug][safepoint   ] Safepoint synchronization initiated using futex wait barrier. (233 threads)
[2025-04-26T17:33:54.090+0000][3873.275s][info ][safepoint   ] Safepoint "Cleanup", Time since last: 13001413990 ns, Reaching safepoint: 83581 ns, Cleanup: 17427 ns, At safepoint: 5574 ns, Total: 106582 ns
[2025-04-26T17:34:06.092+0000][3885.276s][debug][safepoint   ] Safepoint synchronization initiated using futex wait barrier. (232 threads)
[2025-04-26T17:34:06.092+0000][3885.276s][info ][safepoint   ] Safepoint "Cleanup", Time since last: 12001217225 ns, Reaching safepoint: 90446 ns, Cleanup: 13019 ns, At safepoint: 5642 ns, Total: 109107 ns
[2025-04-26T17:34:13.092+0000][3892.277s][debug][safepoint   ] Safepoint synchronization initiated using futex wait barrier. (232 threads)
[2025-04-26T17:34:13.093+0000][3892.277s][info ][safepoint   ] Safepoint "Cleanup", Time since last: 7000761831 ns, Reaching safepoint: 211137 ns, Cleanup: 35042 ns, At safepoint: 17724 ns, Total: 263903 ns
[2025-04-26T17:34:26.116+0000][3905.301s][debug][safepoint   ] Safepoint synchronization initiated using futex wait barrier. (232 threads)
[2025-04-26T17:34:26.117+0000][3905.301s][info ][safepoint   ] Safepoint "Cleanup", Time since last: 13023726144 ns, Reaching safepoint: 194906 ns, Cleanup: 16354 ns, At safepoint: 7030 ns, Total: 218290 ns
[2025-04-26T17:34:28.117+0000][3907.301s][debug][safepoint   ] Safepoint synchronization initiated using futex wait barrier. (232 threads)
[2025-04-26T17:34:28.117+0000][3907.302s][info ][safepoint   ] Safepoint "Cleanup", Time since last: 2000259810 ns, Reaching safepoint: 108021 ns, Cleanup: 21696 ns, At safepoint: 9253 ns, Total: 138970 ns
[2025-04-26T17:34:56.121+0000][3935.306s][debug][safepoint   ] Safepoint synchronization initiated using futex wait barrier. (233 threads)
[2025-04-26T17:34:56.121+0000][3935.306s][info ][safepoint   ] Safepoint "Cleanup", Time since last: 28004046450 ns, Reaching safepoint: 139013 ns, Cleanup: 16277 ns, At safepoint: 13910 ns, Total: 169200 ns
[2025-04-26T17:34:58.121+0000][3937.306s][debug][safepoint   ] Safepoint synchronization initiated using futex wait barrier. (233 threads)
[2025-04-26T17:34:58.122+0000][3937.306s][info ][safepoint   ] Safepoint "Cleanup", Time since last: 2000230961 ns, Reaching safepoint: 95726 ns, Cleanup: 11833 ns, At safepoint: 16564 ns, Total: 124123 ns
[2025-04-26T17:35:01.122+0000][3940.307s][debug][safepoint   ] Safepoint synchronization initiated using futex wait barrier. (232 threads)
[2025-04-26T17:35:01.122+0000][3940.307s][info ][safepoint   ] Safepoint "Cleanup", Time since last: 3000499085 ns, Reaching safepoint: 166620 ns, Cleanup: 30737 ns, At safepoint: 16962 ns, Total: 214319 ns
[2025-04-26T17:35:07.123+0000][3946.308s][debug][safepoint   ] Safepoint synchronization initiated using futex wait barrier. (232 threads)
[2025-04-26T17:35:07.123+0000][3946.308s][info ][safepoint   ] Safepoint "Cleanup", Time since last: 6000771679 ns, Reaching safepoint: 71450 ns, Cleanup: 11397 ns, At safepoint: 6169 ns, Total: 89016 ns
[2025-04-26T17:35:12.124+0000][3951.308s][debug][safepoint   ] Safepoint synchronization initiated using futex wait barrier. (232 threads)
[2025-04-26T17:35:12.124+0000][3951.308s][info ][safepoint   ] Safepoint "Cleanup", Time since last: 5000517504 ns, Reaching safepoint: 56740 ns, Cleanup: 18910 ns, At safepoint: 4352 ns, Total: 80002 ns
[2025-04-26T17:35:58.149+0000][3997.333s][debug][safepoint   ] Safepoint synchronization initiated using futex wait barrier. (232 threads)
[2025-04-26T17:35:58.149+0000][3997.334s][info ][safepoint   ] Safepoint "Cleanup", Time since last: 46025137434 ns, Reaching safepoint: 80676 ns, Cleanup: 13318 ns, At safepoint: 6929 ns, Total: 100923 ns
[2025-04-26T17:36:11.150+0000][4010.335s][debug][safepoint   ] Safepoint synchronization initiated using futex wait barrier. (232 threads)
[2025-04-26T17:36:11.151+0000][4010.336s][debug][safepoint   ] ... found polling page loop exception at pc = 0x000076099775497b, stub =0x000076099c98e400
[2025-04-26T17:36:11.154+0000][4010.338s][info ][safepoint   ] Safepoint "Cleanup", Time since last: 13001380624 ns, Reaching safepoint: 887463 ns, Cleanup: 11876 ns, At safepoint: 2666686 ns, Total: 3566025 ns
[2025-04-26T17:36:12.154+0000][4011.339s][debug][safepoint   ] Safepoint synchronization initiated using futex wait barrier. (232 threads)
[2025-04-26T17:36:12.155+0000][4011.339s][info ][safepoint   ] Safepoint "Cleanup", Time since last: 1000198032 ns, Reaching safepoint: 414452 ns, Cleanup: 66297 ns, At safepoint: 45432 ns, Total: 526181 ns
[2025-04-26T17:36:20.404+0000][4019.588s][debug][safepoint   ] Safepoint synchronization initiated using futex wait barrier. (232 threads)
[2025-04-26T17:36:20.404+0000][4019.589s][info ][gc,start    ] GC(83) Pause Young (Normal) (G1 Evacuation Pause)
[2025-04-26T17:36:20.404+0000][4019.589s][info ][gc,task     ] GC(83) Using 4 workers of 4 for evacuation
[2025-04-26T17:36:20.456+0000][4019.641s][info ][gc,phases   ] GC(83)   Pre Evacuate Collection Set: 0.5ms
[2025-04-26T17:36:20.456+0000][4019.641s][info ][gc,phases   ] GC(83)   Merge Heap Roots: 0.6ms
[2025-04-26T17:36:20.456+0000][4019.641s][info ][gc,phases   ] GC(83)   Evacuate Collection Set: 41.6ms
[2025-04-26T17:36:20.456+0000][4019.641s][info ][gc,phases   ] GC(83)   Post Evacuate Collection Set: 8.9ms
[2025-04-26T17:36:20.456+0000][4019.641s][info ][gc,phases   ] GC(83)   Other: 0.6ms
[2025-04-26T17:36:20.456+0000][4019.641s][info ][gc,heap     ] GC(83) Eden regions: 390->0(389)
[2025-04-26T17:36:20.456+0000][4019.641s][info ][gc,heap     ] GC(83) Survivor regions: 3->4(50)
[2025-04-26T17:36:20.456+0000][4019.641s][info ][gc,heap     ] GC(83) Old regions: 192->192
[2025-04-26T17:36:20.456+0000][4019.641s][info ][gc,heap     ] GC(83) Archive regions: 2->2
[2025-04-26T17:36:20.456+0000][4019.641s][info ][gc,heap     ] GC(83) Humongous regions: 0->0
[2025-04-26T17:36:20.456+0000][4019.641s][info ][gc,metaspace] GC(83) Metaspace: 196898K(198400K)->196898K(198400K) NonClass: 173324K(174080K)->173324K(174080K) Class: 23574K(24320K)->23574K(24320K)
[2025-04-26T17:36:20.456+0000][4019.641s][info ][gc          ] GC(83) Pause Young (Normal) (G1 Evacuation Pause) 585M->196M(657M) 52.454ms
[2025-04-26T17:36:20.457+0000][4019.641s][info ][gc,cpu      ] GC(83) User=0.10s Sys=0.01s Real=0.05s
[2025-04-26T17:36:20.457+0000][4019.642s][info ][safepoint   ] Safepoint "G1CollectForAllocation", Time since last: 8248982487 ns, Reaching safepoint: 205810 ns, Cleanup: 12111 ns, At safepoint: 53221679 ns, Total: 53439600 ns
[2025-04-26T17:36:35.184+0000][4034.369s][debug][safepoint   ] Safepoint synchronization initiated using futex wait barrier. (232 threads)
[2025-04-26T17:36:35.185+0000][4034.369s][info ][safepoint   ] Safepoint "Cleanup", Time since last: 14727366164 ns, Reaching safepoint: 229033 ns, Cleanup: 57458 ns, At safepoint: 22853 ns, Total: 309344 ns
[2025-04-26T17:36:51.187+0000][4050.371s][debug][safepoint   ] Safepoint synchronization initiated using futex wait barrier. (232 threads)
[2025-04-26T17:36:51.187+0000][4050.372s][info ][safepoint   ] Safepoint "Cleanup", Time since last: 16002055787 ns, Reaching safepoint: 111704 ns, Cleanup: 20183 ns, At safepoint: 6869 ns, Total: 138756 ns
[2025-04-26T17:36:52.187+0000][4051.372s][debug][safepoint   ] Safepoint synchronization initiated using futex wait barrier. (233 threads)
[2025-04-26T17:36:52.187+0000][4051.372s][info ][safepoint   ] Safepoint "Cleanup", Time since last: 1000125051 ns, Reaching safepoint: 146282 ns, Cleanup: 70771 ns, At safepoint: 11942 ns, Total: 228995 ns
[2025-04-26T17:36:56.188+0000][4055.372s][debug][safepoint   ] Safepoint synchronization initiated using futex wait barrier. (232 threads)
[2025-04-26T17:36:56.188+0000][4055.372s][info ][safepoint   ] Safepoint "Cleanup", Time since last: 4000473723 ns, Reaching safepoint: 93430 ns, Cleanup: 36082 ns, At safepoint: 5928 ns, Total: 135440 ns
[2025-04-26T17:37:02.189+0000][4061.373s][debug][safepoint   ] Safepoint synchronization initiated using futex wait barrier. (232 threads)
[2025-04-26T17:37:02.189+0000][4061.373s][info ][safepoint   ] Safepoint "Cleanup", Time since last: 6000711332 ns, Reaching safepoint: 98082 ns, Cleanup: 16607 ns, At safepoint: 5995 ns, Total: 120684 ns
[2025-04-26T17:37:09.189+0000][4068.374s][debug][safepoint   ] Safepoint synchronization initiated using futex wait barrier. (232 threads)
[2025-04-26T17:37:09.190+0000][4068.374s][info ][safepoint   ] Safepoint "Cleanup", Time since last: 7000726198 ns, Reaching safepoint: 136758 ns, Cleanup: 19088 ns, At safepoint: 7906 ns, Total: 163752 ns
[2025-04-26T17:37:13.190+0000][4072.375s][debug][safepoint   ] Safepoint synchronization initiated using futex wait barrier. (228 threads)
[2025-04-26T17:37:13.190+0000][4072.375s][info ][safepoint   ] Safepoint "Cleanup", Time since last: 4000475750 ns, Reaching safepoint: 162655 ns, Cleanup: 32951 ns, At safepoint: 19539 ns, Total: 215145 ns
[2025-04-26T17:37:22.192+0000][4081.376s][debug][safepoint   ] Safepoint synchronization initiated using futex wait barrier. (228 threads)
[2025-04-26T17:37:22.192+0000][4081.377s][info ][safepoint   ] Safepoint "Cleanup", Time since last: 9001309038 ns, Reaching safepoint: 417416 ns, Cleanup: 86164 ns, At safepoint: 16168 ns, Total: 519748 ns
[2025-04-26T17:37:27.218+0000][4086.402s][debug][safepoint   ] Safepoint synchronization initiated using futex wait barrier. (228 threads)
[2025-04-26T17:37:27.218+0000][4086.402s][info ][safepoint   ] Safepoint "Cleanup", Time since last: 5025430456 ns, Reaching safepoint: 143605 ns, Cleanup: 33858 ns, At safepoint: 12562 ns, Total: 190025 ns
[2025-04-26T17:37:30.218+0000][4089.403s][debug][safepoint   ] Safepoint synchronization initiated using futex wait barrier. (230 threads)
[2025-04-26T17:37:30.218+0000][4089.403s][info ][safepoint   ] Safepoint "Cleanup", Time since last: 3000426312 ns, Reaching safepoint: 105534 ns, Cleanup: 95317 ns, At safepoint: 28504 ns, Total: 229355 ns
[2025-04-26T17:37:33.219+0000][4092.403s][debug][safepoint   ] Safepoint synchronization initiated using futex wait barrier. (230 threads)
[2025-04-26T17:37:33.220+0000][4092.404s][info ][safepoint   ] Safepoint "Cleanup", Time since last: 3000406051 ns, Reaching safepoint: 819114 ns, Cleanup: 60309 ns, At safepoint: 35661 ns, Total: 915084 ns
[2025-04-26T17:37:35.220+0000][4094.405s][debug][safepoint   ] Safepoint synchronization initiated using futex wait barrier. (230 threads)
[2025-04-26T17:37:35.220+0000][4094.405s][info ][safepoint   ] Safepoint "Cleanup", Time since last: 2000294177 ns, Reaching safepoint: 110265 ns, Cleanup: 11800 ns, At safepoint: 9604 ns, Total: 131669 ns
[2025-04-26T17:37:45.222+0000][4104.406s][debug][safepoint   ] Safepoint synchronization initiated using futex wait barrier. (231 threads)
[2025-04-26T17:37:45.222+0000][4104.406s][info ][safepoint   ] Safepoint "Cleanup", Time since last: 10001421020 ns, Reaching safepoint: 99937 ns, Cleanup: 18459 ns, At safepoint: 9819 ns, Total: 128215 ns
[2025-04-26T17:37:46.222+0000][4105.406s][debug][safepoint   ] Safepoint synchronization initiated using futex wait barrier. (231 threads)
[2025-04-26T17:37:46.222+0000][4105.407s][info ][safepoint   ] Safepoint "Cleanup", Time since last: 1000117172 ns, Reaching safepoint: 106810 ns, Cleanup: 24640 ns, At safepoint: 8311 ns, Total: 139761 ns
[2025-04-26T17:37:47.222+0000][4106.407s][debug][safepoint   ] Safepoint synchronization initiated using futex wait barrier. (231 threads)
[2025-04-26T17:37:47.222+0000][4106.407s][info ][safepoint   ] Safepoint "Cleanup", Time since last: 1000169925 ns, Reaching safepoint: 110858 ns, Cleanup: 11565 ns, At safepoint: 5691 ns, Total: 128114 ns
[2025-04-26T17:37:48.832+0000][4108.017s][debug][safepoint   ] Safepoint synchronization initiated using futex wait barrier. (231 threads)
[2025-04-26T17:37:48.832+0000][4108.017s][info ][safepoint   ] Safepoint "Cleanup", Time since last: 1609718368 ns, Reaching safepoint: 145155 ns, Cleanup: 14486 ns, At safepoint: 11874 ns, Total: 171515 ns
[2025-04-26T17:37:49.832+0000][4109.017s][debug][safepoint   ] Safepoint synchronization initiated using futex wait barrier. (231 threads)
[2025-04-26T17:37:49.833+0000][4109.017s][info ][safepoint   ] Safepoint "Cleanup", Time since last: 1000102856 ns, Reaching safepoint: 123625 ns, Cleanup: 81566 ns, At safepoint: 22287 ns, Total: 227478 ns
[2025-04-26T17:38:00.833+0000][4120.018s][debug][safepoint   ] Safepoint synchronization initiated using futex wait barrier. (231 threads)
[2025-04-26T17:38:00.834+0000][4120.018s][info ][safepoint   ] Safepoint "Cleanup", Time since last: 11000890219 ns, Reaching safepoint: 302104 ns, Cleanup: 83432 ns, At safepoint: 44489 ns, Total: 430025 ns
[2025-04-26T17:38:16.836+0000][4136.020s][debug][safepoint   ] Safepoint synchronization initiated using futex wait barrier. (231 threads)
[2025-04-26T17:38:16.836+0000][4136.021s][info ][safepoint   ] Safepoint "Cleanup", Time since last: 16002087250 ns, Reaching safepoint: 475930 ns, Cleanup: 28136 ns, At safepoint: 16661 ns, Total: 520727 ns
[2025-04-26T17:38:17.837+0000][4137.021s][debug][safepoint   ] Safepoint synchronization initiated using futex wait barrier. (231 threads)
[2025-04-26T17:38:17.837+0000][4137.021s][info ][safepoint   ] Safepoint "Cleanup", Time since last: 1000148702 ns, Reaching safepoint: 109161 ns, Cleanup: 14038 ns, At safepoint: 5917 ns, Total: 129116 ns
[2025-04-26T17:38:34.259+0000][4153.443s][debug][safepoint   ] Safepoint synchronization initiated using futex wait barrier. (231 threads)
[2025-04-26T17:38:34.259+0000][4153.443s][info ][safepoint   ] Safepoint "Cleanup", Time since last: 16421984514 ns, Reaching safepoint: 88305 ns, Cleanup: 15324 ns, At safepoint: 6127 ns, Total: 109756 ns
[2025-04-26T17:38:35.419+0000][4154.604s][debug][safepoint   ] Safepoint synchronization initiated using futex wait barrier. (230 threads)
[2025-04-26T17:38:35.420+0000][4154.604s][info ][safepoint   ] Safepoint "Cleanup", Time since last: 1160663266 ns, Reaching safepoint: 108273 ns, Cleanup: 31298 ns, At safepoint: 8432 ns, Total: 148003 ns
[2025-04-26T17:38:42.421+0000][4161.605s][debug][safepoint   ] Safepoint synchronization initiated using futex wait barrier. (230 threads)
[2025-04-26T17:38:42.423+0000][4161.608s][info ][safepoint   ] Safepoint "Cleanup", Time since last: 7000870300 ns, Reaching safepoint: 2402838 ns, Cleanup: 24844 ns, At safepoint: 56537 ns, Total: 2484219 ns
[2025-04-26T17:38:43.423+0000][4162.608s][debug][safepoint   ] Safepoint synchronization initiated using futex wait barrier. (230 threads)
[2025-04-26T17:38:43.423+0000][4162.608s][info ][safepoint   ] Safepoint "Cleanup", Time since last: 1000126568 ns, Reaching safepoint: 79268 ns, Cleanup: 17986 ns, At safepoint: 5131 ns, Total: 102385 ns
[2025-04-26T17:38:48.424+0000][4167.608s][debug][safepoint   ] Safepoint synchronization initiated using futex wait barrier. (230 threads)
[2025-04-26T17:38:48.424+0000][4167.608s][info ][safepoint   ] Safepoint "Cleanup", Time since last: 5000346642 ns, Reaching safepoint: 57803 ns, Cleanup: 14690 ns, At safepoint: 5008 ns, Total: 77501 ns
[2025-04-26T17:38:49.424+0000][4168.608s][debug][safepoint   ] Safepoint synchronization initiated using futex wait barrier. (230 threads)
[2025-04-26T17:38:49.424+0000][4168.608s][info ][safepoint   ] Safepoint "Cleanup", Time since last: 1000087127 ns, Reaching safepoint: 75853 ns, Cleanup: 26973 ns, At safepoint: 8087 ns, Total: 110913 ns
[2025-04-26T17:39:06.426+0000][4185.610s][debug][safepoint   ] Safepoint synchronization initiated using futex wait barrier. (230 threads)
[2025-04-26T17:39:06.426+0000][4185.610s][info ][safepoint   ] Safepoint "Cleanup", Time since last: 17001880968 ns, Reaching safepoint: 85400 ns, Cleanup: 13521 ns, At safepoint: 9650 ns, Total: 108571 ns
[2025-04-26T17:39:13.427+0000][4192.611s][debug][safepoint   ] Safepoint synchronization initiated using futex wait barrier. (230 threads)
[2025-04-26T17:39:13.427+0000][4192.611s][info ][safepoint   ] Safepoint "Cleanup", Time since last: 7000883795 ns, Reaching safepoint: 86459 ns, Cleanup: 15680 ns, At safepoint: 7896 ns, Total: 110035 ns
[2025-04-26T17:39:19.161+0000][4198.346s][debug][safepoint   ] Safepoint synchronization initiated using futex wait barrier. (231 threads)
[2025-04-26T17:39:19.161+0000][4198.346s][info ][safepoint   ] Safepoint "Cleanup", Time since last: 5734466716 ns, Reaching safepoint: 97710 ns, Cleanup: 34076 ns, At safepoint: 12183 ns, Total: 143969 ns
[2025-04-26T17:39:20.162+0000][4199.346s][debug][safepoint   ] Safepoint synchronization initiated using futex wait barrier. (231 threads)
[2025-04-26T17:39:20.162+0000][4199.346s][info ][safepoint   ] Safepoint "Cleanup", Time since last: 1000141028 ns, Reaching safepoint: 200322 ns, Cleanup: 83042 ns, At safepoint: 22536 ns, Total: 305900 ns
[2025-04-26T17:39:28.287+0000][4207.472s][debug][safepoint   ] Safepoint synchronization initiated using futex wait barrier. (230 threads)
[2025-04-26T17:39:28.287+0000][4207.472s][info ][safepoint   ] Safepoint "Cleanup", Time since last: 8125161032 ns, Reaching safepoint: 152987 ns, Cleanup: 29470 ns, At safepoint: 16094 ns, Total: 198551 ns
[2025-04-26T17:39:29.288+0000][4208.472s][debug][safepoint   ] Safepoint synchronization initiated using futex wait barrier. (231 threads)
[2025-04-26T17:39:29.290+0000][4208.474s][info ][safepoint   ] Safepoint "Cleanup", Time since last: 1000400941 ns, Reaching safepoint: 2079348 ns, Cleanup: 58964 ns, At safepoint: 9873 ns, Total: 2148185 ns
[2025-04-26T17:39:31.243+0000][4210.427s][debug][safepoint   ] Safepoint synchronization initiated using futex wait barrier. (231 threads)
[2025-04-26T17:39:31.243+0000][4210.428s][info ][gc,start    ] GC(84) Pause Young (Normal) (G1 Evacuation Pause)
[2025-04-26T17:39:31.243+0000][4210.428s][info ][gc,task     ] GC(84) Using 4 workers of 4 for evacuation
[2025-04-26T17:39:31.271+0000][4210.455s][info ][gc,phases   ] GC(84)   Pre Evacuate Collection Set: 0.5ms
[2025-04-26T17:39:31.271+0000][4210.456s][info ][gc,phases   ] GC(84)   Merge Heap Roots: 0.5ms
[2025-04-26T17:39:31.271+0000][4210.456s][info ][gc,phases   ] GC(84)   Evacuate Collection Set: 19.4ms
[2025-04-26T17:39:31.271+0000][4210.456s][info ][gc,phases   ] GC(84)   Post Evacuate Collection Set: 7.1ms
[2025-04-26T17:39:31.271+0000][4210.456s][info ][gc,phases   ] GC(84)   Other: 0.5ms
[2025-04-26T17:39:31.271+0000][4210.456s][info ][gc,heap     ] GC(84) Eden regions: 389->0(389)
[2025-04-26T17:39:31.271+0000][4210.456s][info ][gc,heap     ] GC(84) Survivor regions: 4->3(50)
[2025-04-26T17:39:31.271+0000][4210.456s][info ][gc,heap     ] GC(84) Old regions: 192->193
[2025-04-26T17:39:31.271+0000][4210.456s][info ][gc,heap     ] GC(84) Archive regions: 2->2
[2025-04-26T17:39:31.271+0000][4210.456s][info ][gc,heap     ] GC(84) Humongous regions: 0->0
[2025-04-26T17:39:31.271+0000][4210.456s][info ][gc,metaspace] GC(84) Metaspace: 197518K(198976K)->197518K(198976K) NonClass: 173938K(174656K)->173938K(174656K) Class: 23580K(24320K)->23580K(24320K)
[2025-04-26T17:39:31.271+0000][4210.456s][info ][gc          ] GC(84) Pause Young (Normal) (G1 Evacuation Pause) 585M->196M(657M) 28.390ms
[2025-04-26T17:39:31.272+0000][4210.456s][info ][gc,cpu      ] GC(84) User=0.09s Sys=0.00s Real=0.03s
[2025-04-26T17:39:31.272+0000][4210.457s][info ][safepoint   ] Safepoint "G1CollectForAllocation", Time since last: 1952955155 ns, Reaching safepoint: 175263 ns, Cleanup: 11242 ns, At safepoint: 29432501 ns, Total: 29619006 ns
[2025-04-26T17:39:37.273+0000][4216.458s][debug][safepoint   ] Safepoint synchronization initiated using futex wait barrier. (230 threads)
[2025-04-26T17:39:37.273+0000][4216.458s][info ][safepoint   ] Safepoint "Cleanup", Time since last: 6000772965 ns, Reaching safepoint: 98773 ns, Cleanup: 26968 ns, At safepoint: 6790 ns, Total: 132531 ns
[2025-04-26T17:39:38.273+0000][4217.458s][debug][safepoint   ] Safepoint synchronization initiated using futex wait barrier. (230 threads)
[2025-04-26T17:39:38.275+0000][4217.459s][info ][safepoint   ] Safepoint "Cleanup", Time since last: 1000158395 ns, Reaching safepoint: 896910 ns, Cleanup: 95529 ns, At safepoint: 152719 ns, Total: 1145158 ns
[2025-04-26T17:39:39.275+0000][4218.459s][debug][safepoint   ] Safepoint synchronization initiated using futex wait barrier. (230 threads)
[2025-04-26T17:39:39.275+0000][4218.459s][info ][safepoint   ] Safepoint "Cleanup", Time since last: 1000237992 ns, Reaching safepoint: 88488 ns, Cleanup: 32668 ns, At safepoint: 6453 ns, Total: 127609 ns
[2025-04-26T17:39:42.276+0000][4221.460s][debug][safepoint   ] Safepoint synchronization initiated using futex wait barrier. (230 threads)
[2025-04-26T17:39:42.280+0000][4221.464s][info ][safepoint   ] Safepoint "Cleanup", Time since last: 3000626383 ns, Reaching safepoint: 330231 ns, Cleanup: 23932 ns, At safepoint: 3725520 ns, Total: 4079683 ns
[2025-04-26T17:39:43.280+0000][4222.464s][debug][safepoint   ] Safepoint synchronization initiated using futex wait barrier. (230 threads)
[2025-04-26T17:39:43.280+0000][4222.465s][info ][safepoint   ] Safepoint "Cleanup", Time since last: 1000170313 ns, Reaching safepoint: 155424 ns, Cleanup: 30618 ns, At safepoint: 12435 ns, Total: 198477 ns
[2025-04-26T17:39:44.280+0000][4223.465s][debug][safepoint   ] Safepoint synchronization initiated using futex wait barrier. (230 threads)
[2025-04-26T17:39:44.280+0000][4223.465s][info ][safepoint   ] Safepoint "Cleanup", Time since last: 1000113801 ns, Reaching safepoint: 109349 ns, Cleanup: 35374 ns, At safepoint: 8350 ns, Total: 153073 ns
[2025-04-26T17:39:45.280+0000][4224.465s][debug][safepoint   ] Safepoint synchronization initiated using futex wait barrier. (231 threads)
[2025-04-26T17:39:45.281+0000][4224.465s][info ][safepoint   ] Safepoint "Cleanup", Time since last: 1000152240 ns, Reaching safepoint: 214562 ns, Cleanup: 116328 ns, At safepoint: 68483 ns, Total: 399373 ns
[2025-04-26T17:39:46.282+0000][4225.466s][debug][safepoint   ] Safepoint synchronization initiated using futex wait barrier. (230 threads)
[2025-04-26T17:39:46.283+0000][4225.467s][info ][safepoint   ] Safepoint "Cleanup", Time since last: 1001075107 ns, Reaching safepoint: 460720 ns, Cleanup: 174487 ns, At safepoint: 33715 ns, Total: 668922 ns
[2025-04-26T17:39:47.283+0000][4226.467s][debug][safepoint   ] Safepoint synchronization initiated using futex wait barrier. (230 threads)
[2025-04-26T17:39:47.283+0000][4226.467s][info ][safepoint   ] Safepoint "Cleanup", Time since last: 1000145453 ns, Reaching safepoint: 108537 ns, Cleanup: 21143 ns, At safepoint: 12604 ns, Total: 142284 ns
[2025-04-26T17:39:48.283+0000][4227.468s][debug][safepoint   ] Safepoint synchronization initiated using futex wait barrier. (230 threads)
[2025-04-26T17:39:48.287+0000][4227.471s][info ][safepoint   ] Safepoint "Cleanup", Time since last: 1000109077 ns, Reaching safepoint: 2261762 ns, Cleanup: 22922 ns, At safepoint: 1491134 ns, Total: 3775818 ns
[2025-04-26T17:39:49.287+0000][4228.472s][debug][safepoint   ] Safepoint synchronization initiated using futex wait barrier. (229 threads)
[2025-04-26T17:39:49.287+0000][4228.472s][info ][safepoint   ] Safepoint "Cleanup", Time since last: 1000216128 ns, Reaching safepoint: 285933 ns, Cleanup: 64717 ns, At safepoint: 33018 ns, Total: 383668 ns
[2025-04-26T17:39:50.288+0000][4229.472s][debug][safepoint   ] Safepoint synchronization initiated using futex wait barrier. (229 threads)
[2025-04-26T17:39:50.288+0000][4229.472s][info ][safepoint   ] Safepoint "Cleanup", Time since last: 1000334443 ns, Reaching safepoint: 63504 ns, Cleanup: 25167 ns, At safepoint: 5476 ns, Total: 94147 ns
[2025-04-26T17:39:52.288+0000][4231.473s][debug][safepoint   ] Safepoint synchronization initiated using futex wait barrier. (229 threads)
[2025-04-26T17:39:52.289+0000][4231.473s][info ][safepoint   ] Safepoint "Cleanup", Time since last: 2000246039 ns, Reaching safepoint: 467168 ns, Cleanup: 154931 ns, At safepoint: 29548 ns, Total: 651647 ns
[2025-04-26T17:39:53.289+0000][4232.473s][debug][safepoint   ] Safepoint synchronization initiated using futex wait barrier. (229 threads)
[2025-04-26T17:39:53.289+0000][4232.474s][info ][safepoint   ] Safepoint "Cleanup", Time since last: 1000181962 ns, Reaching safepoint: 212811 ns, Cleanup: 42602 ns, At safepoint: 23344 ns, Total: 278757 ns
[2025-04-26T17:39:54.289+0000][4233.474s][debug][safepoint   ] Safepoint synchronization initiated using futex wait barrier. (229 threads)
[2025-04-26T17:39:54.289+0000][4233.474s][info ][safepoint   ] Safepoint "Cleanup", Time since last: 1000119941 ns, Reaching safepoint: 82931 ns, Cleanup: 43164 ns, At safepoint: 10206 ns, Total: 136301 ns
[2025-04-26T17:39:55.290+0000][4234.474s][debug][safepoint   ] Safepoint synchronization initiated using futex wait barrier. (229 threads)
[2025-04-26T17:39:55.290+0000][4234.474s][info ][safepoint   ] Safepoint "Cleanup", Time since last: 1000220792 ns, Reaching safepoint: 113833 ns, Cleanup: 20135 ns, At safepoint: 5134 ns, Total: 139102 ns
[2025-04-26T17:39:56.290+0000][4235.475s][debug][safepoint   ] Safepoint synchronization initiated using futex wait barrier. (229 threads)
[2025-04-26T17:39:56.291+0000][4235.475s][info ][safepoint   ] Safepoint "Cleanup", Time since last: 1000248052 ns, Reaching safepoint: 716026 ns, Cleanup: 21026 ns, At safepoint: 14531 ns, Total: 751583 ns
[2025-04-26T17:39:57.291+0000][4236.475s][debug][safepoint   ] Safepoint synchronization initiated using futex wait barrier. (229 threads)
[2025-04-26T17:39:57.291+0000][4236.476s][info ][safepoint   ] Safepoint "Cleanup", Time since last: 1000108010 ns, Reaching safepoint: 89158 ns, Cleanup: 16547 ns, At safepoint: 6773 ns, Total: 112478 ns
[2025-04-26T17:39:59.291+0000][4238.476s][debug][safepoint   ] Safepoint synchronization initiated using futex wait barrier. (229 threads)
[2025-04-26T17:39:59.291+0000][4238.476s][info ][safepoint   ] Safepoint "Cleanup", Time since last: 2000162733 ns, Reaching safepoint: 99849 ns, Cleanup: 19518 ns, At safepoint: 5830 ns, Total: 125197 ns
[2025-04-26T17:40:03.292+0000][4242.476s][debug][safepoint   ] Safepoint synchronization initiated using futex wait barrier. (229 threads)
[2025-04-26T17:40:03.292+0000][4242.476s][info ][safepoint   ] Safepoint "Cleanup", Time since last: 4000406566 ns, Reaching safepoint: 91173 ns, Cleanup: 24882 ns, At safepoint: 6163 ns, Total: 122218 ns
[2025-04-26T17:40:04.292+0000][4243.476s][debug][safepoint   ] Safepoint synchronization initiated using futex wait barrier. (229 threads)
[2025-04-26T17:40:04.292+0000][4243.477s][info ][safepoint   ] Safepoint "Cleanup", Time since last: 1000084813 ns, Reaching safepoint: 81219 ns, Cleanup: 26040 ns, At safepoint: 5366 ns, Total: 112625 ns
[2025-04-26T17:40:09.293+0000][4248.477s][debug][safepoint   ] Safepoint synchronization initiated using futex wait barrier. (229 threads)
[2025-04-26T17:40:09.293+0000][4248.477s][info ][safepoint   ] Safepoint "Cleanup", Time since last: 5000521456 ns, Reaching safepoint: 116205 ns, Cleanup: 13446 ns, At safepoint: 20663 ns, Total: 150314 ns
[2025-04-26T17:40:10.293+0000][4249.477s][debug][safepoint   ] Safepoint synchronization initiated using futex wait barrier. (229 threads)
[2025-04-26T17:40:10.293+0000][4249.477s][info ][safepoint   ] Safepoint "Cleanup", Time since last: 1000097189 ns, Reaching safepoint: 111974 ns, Cleanup: 26391 ns, At safepoint: 14437 ns, Total: 152802 ns
[2025-04-26T17:40:27.333+0000][4266.517s][debug][safepoint   ] Safepoint synchronization initiated using futex wait barrier. (229 threads)
[2025-04-26T17:40:27.333+0000][4266.518s][info ][safepoint   ] Safepoint "Cleanup", Time since last: 17039839918 ns, Reaching safepoint: 222692 ns, Cleanup: 59439 ns, At safepoint: 27765 ns, Total: 309896 ns
[2025-04-26T17:40:28.333+0000][4267.518s][debug][safepoint   ] Safepoint synchronization initiated using futex wait barrier. (229 threads)
[2025-04-26T17:40:28.335+0000][4267.519s][info ][safepoint   ] Safepoint "Cleanup", Time since last: 1000192636 ns, Reaching safepoint: 1453591 ns, Cleanup: 36174 ns, At safepoint: 22502 ns, Total: 1512267 ns
[2025-04-26T17:40:35.336+0000][4274.520s][debug][safepoint   ] Safepoint synchronization initiated using futex wait barrier. (229 threads)
[2025-04-26T17:40:35.336+0000][4274.520s][info ][safepoint   ] Safepoint "Cleanup", Time since last: 7000809963 ns, Reaching safepoint: 174869 ns, Cleanup: 22504 ns, At safepoint: 8715 ns, Total: 206088 ns
[2025-04-26T17:40:45.337+0000][4284.522s][debug][safepoint   ] Safepoint synchronization initiated using futex wait barrier. (229 threads)
[2025-04-26T17:40:45.337+0000][4284.522s][info ][safepoint   ] Safepoint "Cleanup", Time since last: 10001370184 ns, Reaching safepoint: 179788 ns, Cleanup: 39113 ns, At safepoint: 11813 ns, Total: 230714 ns
[2025-04-26T17:40:46.337+0000][4285.522s][debug][safepoint   ] Safepoint synchronization initiated using futex wait barrier. (229 threads)
[2025-04-26T17:40:46.338+0000][4285.522s][info ][safepoint   ] Safepoint "Cleanup", Time since last: 1000109546 ns, Reaching safepoint: 91200 ns, Cleanup: 22770 ns, At safepoint: 7347 ns, Total: 121317 ns
[2025-04-26T17:40:49.338+0000][4288.522s][debug][safepoint   ] Safepoint synchronization initiated using futex wait barrier. (228 threads)
[2025-04-26T17:40:49.338+0000][4288.523s][info ][safepoint   ] Safepoint "Cleanup", Time since last: 3000301109 ns, Reaching safepoint: 317160 ns, Cleanup: 157554 ns, At safepoint: 57519 ns, Total: 532233 ns
[2025-04-26T17:41:15.342+0000][4314.526s][debug][safepoint   ] Safepoint synchronization initiated using futex wait barrier. (228 threads)
[2025-04-26T17:41:15.342+0000][4314.526s][info ][safepoint   ] Safepoint "Cleanup", Time since last: 26003190459 ns, Reaching safepoint: 220197 ns, Cleanup: 34012 ns, At safepoint: 31876 ns, Total: 286085 ns
[2025-04-26T17:41:22.343+0000][4321.527s][debug][safepoint   ] Safepoint synchronization initiated using futex wait barrier. (228 threads)
[2025-04-26T17:41:22.343+0000][4321.528s][info ][safepoint   ] Safepoint "Cleanup", Time since last: 7000761381 ns, Reaching safepoint: 211135 ns, Cleanup: 154952 ns, At safepoint: 19844 ns, Total: 385931 ns
[2025-04-26T17:41:24.368+0000][4323.553s][debug][safepoint   ] Safepoint synchronization initiated using futex wait barrier. (230 threads)
[2025-04-26T17:41:24.368+0000][4323.553s][info ][safepoint   ] Safepoint "Cleanup", Time since last: 2025118714 ns, Reaching safepoint: 85121 ns, Cleanup: 44485 ns, At safepoint: 6445 ns, Total: 136051 ns
[2025-04-26T17:41:30.369+0000][4329.554s][debug][safepoint   ] Safepoint synchronization initiated using futex wait barrier. (246 threads)
[2025-04-26T17:41:30.369+0000][4329.554s][info ][safepoint   ] Safepoint "Cleanup", Time since last: 6001007646 ns, Reaching safepoint: 71701 ns, Cleanup: 30223 ns, At safepoint: 6887 ns, Total: 108811 ns
[2025-04-26T17:41:31.370+0000][4330.554s][debug][safepoint   ] Safepoint synchronization initiated using futex wait barrier. (246 threads)
[2025-04-26T17:41:31.370+0000][4330.555s][info ][safepoint   ] Safepoint "Cleanup", Time since last: 1000167334 ns, Reaching safepoint: 238474 ns, Cleanup: 46423 ns, At safepoint: 74385 ns, Total: 359282 ns
[2025-04-26T17:41:34.371+0000][4333.555s][debug][safepoint   ] Safepoint synchronization initiated using futex wait barrier. (246 threads)
[2025-04-26T17:41:34.371+0000][4333.555s][info ][safepoint   ] Safepoint "Cleanup", Time since last: 3000539817 ns, Reaching safepoint: 221675 ns, Cleanup: 32991 ns, At safepoint: 20506 ns, Total: 275172 ns
[2025-04-26T17:41:36.378+0000][4335.563s][debug][safepoint   ] Safepoint synchronization initiated using futex wait barrier. (249 threads)
[2025-04-26T17:41:36.379+0000][4335.564s][info ][safepoint   ] Safepoint "Cleanup", Time since last: 2007522695 ns, Reaching safepoint: 673322 ns, Cleanup: 52085 ns, At safepoint: 66534 ns, Total: 791941 ns
[2025-04-26T17:41:37.379+0000][4336.564s][debug][safepoint   ] Safepoint synchronization initiated using futex wait barrier. (249 threads)
[2025-04-26T17:41:37.379+0000][4336.564s][info ][safepoint   ] Safepoint "Cleanup", Time since last: 1000138436 ns, Reaching safepoint: 88939 ns, Cleanup: 22636 ns, At safepoint: 4403 ns, Total: 115978 ns
[2025-04-26T17:41:40.380+0000][4339.564s][debug][safepoint   ] Safepoint synchronization initiated using futex wait barrier. (249 threads)
[2025-04-26T17:41:40.380+0000][4339.564s][info ][safepoint   ] Safepoint "Cleanup", Time since last: 3000253858 ns, Reaching safepoint: 68642 ns, Cleanup: 14979 ns, At safepoint: 5345 ns, Total: 88966 ns
[2025-04-26T17:41:46.380+0000][4345.565s][debug][safepoint   ] Safepoint synchronization initiated using futex wait barrier. (249 threads)
[2025-04-26T17:41:46.381+0000][4345.565s][info ][safepoint   ] Safepoint "Cleanup", Time since last: 6000551453 ns, Reaching safepoint: 217159 ns, Cleanup: 27984 ns, At safepoint: 16822 ns, Total: 261965 ns
[2025-04-26T17:42:03.382+0000][4362.567s][debug][safepoint   ] Safepoint synchronization initiated using futex wait barrier. (249 threads)
[2025-04-26T17:42:03.382+0000][4362.567s][info ][safepoint   ] Safepoint "Cleanup", Time since last: 17001514374 ns, Reaching safepoint: 202667 ns, Cleanup: 31835 ns, At safepoint: 19649 ns, Total: 254151 ns
[2025-04-26T17:42:06.383+0000][4365.567s][debug][safepoint   ] Safepoint synchronization initiated using futex wait barrier. (250 threads)
[2025-04-26T17:42:06.383+0000][4365.567s][info ][safepoint   ] Safepoint "Cleanup", Time since last: 3000262442 ns, Reaching safepoint: 79971 ns, Cleanup: 72221 ns, At safepoint: 3467 ns, Total: 155659 ns
[2025-04-26T17:42:07.383+0000][4366.567s][debug][safepoint   ] Safepoint synchronization initiated using futex wait barrier. (250 threads)
[2025-04-26T17:42:07.383+0000][4366.568s][info ][safepoint   ] Safepoint "Cleanup", Time since last: 1000185404 ns, Reaching safepoint: 92768 ns, Cleanup: 13897 ns, At safepoint: 7252 ns, Total: 113917 ns
[2025-04-26T17:42:10.383+0000][4369.568s][debug][safepoint   ] Safepoint synchronization initiated using futex wait barrier. (250 threads)
[2025-04-26T17:42:10.384+0000][4369.569s][info ][safepoint   ] Safepoint "Cleanup", Time since last: 3000282425 ns, Reaching safepoint: 871357 ns, Cleanup: 19198 ns, At safepoint: 11677 ns, Total: 902232 ns
[2025-04-26T17:42:25.632+0000][4384.816s][debug][safepoint   ] Safepoint synchronization initiated using futex wait barrier. (250 threads)
[2025-04-26T17:42:25.632+0000][4384.816s][info ][gc,start    ] GC(85) Pause Young (Normal) (G1 Evacuation Pause)
[2025-04-26T17:42:25.632+0000][4384.816s][info ][gc,task     ] GC(85) Using 4 workers of 4 for evacuation
[2025-04-26T17:42:25.643+0000][4384.828s][info ][gc,phases   ] GC(85)   Pre Evacuate Collection Set: 0.6ms
[2025-04-26T17:42:25.643+0000][4384.828s][info ][gc,phases   ] GC(85)   Merge Heap Roots: 0.2ms
[2025-04-26T17:42:25.643+0000][4384.828s][info ][gc,phases   ] GC(85)   Evacuate Collection Set: 8.4ms
[2025-04-26T17:42:25.643+0000][4384.828s][info ][gc,phases   ] GC(85)   Post Evacuate Collection Set: 2.1ms
[2025-04-26T17:42:25.643+0000][4384.828s][info ][gc,phases   ] GC(85)   Other: 0.2ms
[2025-04-26T17:42:25.643+0000][4384.828s][info ][gc,heap     ] GC(85) Eden regions: 389->0(388)
[2025-04-26T17:42:25.643+0000][4384.828s][info ][gc,heap     ] GC(85) Survivor regions: 3->4(49)
[2025-04-26T17:42:25.643+0000][4384.828s][info ][gc,heap     ] GC(85) Old regions: 193->193
[2025-04-26T17:42:25.643+0000][4384.828s][info ][gc,heap     ] GC(85) Archive regions: 2->2
[2025-04-26T17:42:25.644+0000][4384.828s][info ][gc,heap     ] GC(85) Humongous regions: 0->0
[2025-04-26T17:42:25.644+0000][4384.828s][info ][gc,metaspace] GC(85) Metaspace: 198081K(199552K)->198081K(199552K) NonClass: 174489K(175232K)->174489K(175232K) Class: 23592K(24320K)->23592K(24320K)
[2025-04-26T17:42:25.644+0000][4384.828s][info ][gc          ] GC(85) Pause Young (Normal) (G1 Evacuation Pause) 585M->196M(657M) 11.620ms
[2025-04-26T17:42:25.644+0000][4384.828s][info ][gc,cpu      ] GC(85) User=0.03s Sys=0.00s Real=0.01s
[2025-04-26T17:42:25.644+0000][4384.828s][info ][safepoint   ] Safepoint "G1CollectForAllocation", Time since last: 15247596313 ns, Reaching safepoint: 109648 ns, Cleanup: 5590 ns, At safepoint: 12039153 ns, Total: 12154391 ns
[2025-04-26T17:42:43.646+0000][4402.831s][debug][safepoint   ] Safepoint synchronization initiated using futex wait barrier. (249 threads)
[2025-04-26T17:42:43.646+0000][4402.831s][info ][safepoint   ] Safepoint "Cleanup", Time since last: 18002355444 ns, Reaching safepoint: 89550 ns, Cleanup: 19681 ns, At safepoint: 7296 ns, Total: 116527 ns
[2025-04-26T17:43:20.650+0000][4439.835s][debug][safepoint   ] Safepoint synchronization initiated using futex wait barrier. (249 threads)
[2025-04-26T17:43:20.650+0000][4439.835s][info ][safepoint   ] Safepoint "Cleanup", Time since last: 37003701495 ns, Reaching safepoint: 63242 ns, Cleanup: 10496 ns, At safepoint: 5899 ns, Total: 79637 ns
[2025-04-26T17:43:24.428+0000][4443.612s][debug][safepoint   ] Safepoint synchronization initiated using futex wait barrier. (249 threads)
[2025-04-26T17:43:24.428+0000][4443.613s][info ][safepoint   ] Safepoint "Cleanup", Time since last: 3777609381 ns, Reaching safepoint: 204522 ns, Cleanup: 27885 ns, At safepoint: 25569 ns, Total: 257976 ns
[2025-04-26T17:43:50.431+0000][4469.615s][debug][safepoint   ] Safepoint synchronization initiated using futex wait barrier. (245 threads)
[2025-04-26T17:43:50.431+0000][4469.616s][info ][safepoint   ] Safepoint "Cleanup", Time since last: 26002228702 ns, Reaching safepoint: 733166 ns, Cleanup: 14301 ns, At safepoint: 8769 ns, Total: 756236 ns
[2025-04-26T17:44:15.434+0000][4494.618s][debug][safepoint   ] Safepoint synchronization initiated using futex wait barrier. (245 threads)
[2025-04-26T17:44:15.434+0000][4494.618s][info ][safepoint   ] Safepoint "Cleanup", Time since last: 25002741561 ns, Reaching safepoint: 131547 ns, Cleanup: 14777 ns, At safepoint: 6800 ns, Total: 153124 ns
[2025-04-26T17:44:18.434+0000][4497.619s][debug][safepoint   ] Safepoint synchronization initiated using futex wait barrier. (246 threads)
[2025-04-26T17:44:18.434+0000][4497.619s][info ][safepoint   ] Safepoint "Cleanup", Time since last: 3000340035 ns, Reaching safepoint: 141487 ns, Cleanup: 19657 ns, At safepoint: 8332 ns, Total: 169476 ns
[2025-04-26T17:45:20.459+0000][4559.644s][debug][safepoint   ] Safepoint synchronization initiated using futex wait barrier. (249 threads)
[2025-04-26T17:45:20.460+0000][4559.644s][info ][safepoint   ] Safepoint "Cleanup", Time since last: 62025012547 ns, Reaching safepoint: 337391 ns, Cleanup: 91170 ns, At safepoint: 50731 ns, Total: 479292 ns
[2025-04-26T17:45:26.489+0000][4565.673s][debug][safepoint   ] Safepoint synchronization initiated using futex wait barrier. (249 threads)
[2025-04-26T17:45:26.489+0000][4565.674s][info ][safepoint   ] Safepoint "Cleanup", Time since last: 6028975542 ns, Reaching safepoint: 160818 ns, Cleanup: 26980 ns, At safepoint: 18177 ns, Total: 205975 ns
[2025-04-26T17:45:27.489+0000][4566.674s][debug][safepoint   ] Safepoint synchronization initiated using futex wait barrier. (249 threads)
[2025-04-26T17:45:27.490+0000][4566.675s][info ][safepoint   ] Safepoint "Cleanup", Time since last: 1000120713 ns, Reaching safepoint: 980867 ns, Cleanup: 65994 ns, At safepoint: 19224 ns, Total: 1066085 ns
[2025-04-26T17:45:28.490+0000][4567.675s][debug][safepoint   ] Safepoint synchronization initiated using futex wait barrier. (249 threads)
[2025-04-26T17:45:28.491+0000][4567.675s][info ][safepoint   ] Safepoint "Cleanup", Time since last: 1000144165 ns, Reaching safepoint: 162427 ns, Cleanup: 36321 ns, At safepoint: 12934 ns, Total: 211682 ns
[2025-04-26T17:45:30.491+0000][4569.675s][debug][safepoint   ] Safepoint synchronization initiated using futex wait barrier. (249 threads)
[2025-04-26T17:45:30.491+0000][4569.676s][info ][safepoint   ] Safepoint "Cleanup", Time since last: 2000214745 ns, Reaching safepoint: 123855 ns, Cleanup: 24570 ns, At safepoint: 9754 ns, Total: 158179 ns
[2025-04-26T17:45:32.491+0000][4571.676s][debug][safepoint   ] Safepoint synchronization initiated using futex wait barrier. (249 threads)
[2025-04-26T17:45:32.492+0000][4571.676s][info ][safepoint   ] Safepoint "Cleanup", Time since last: 2000249300 ns, Reaching safepoint: 283761 ns, Cleanup: 32751 ns, At safepoint: 83193 ns, Total: 399705 ns
[2025-04-26T17:45:41.423+0000][4580.608s][debug][safepoint   ] Safepoint synchronization initiated using futex wait barrier. (249 threads)
[2025-04-26T17:45:41.433+0000][4580.617s][info ][safepoint   ] Safepoint "Cleanup", Time since last: 8931817589 ns, Reaching safepoint: 3143475 ns, Cleanup: 129504 ns, At safepoint: 5846346 ns, Total: 9119325 ns
[2025-04-26T17:45:42.662+0000][4581.847s][debug][safepoint   ] Safepoint synchronization initiated using futex wait barrier. (249 threads)
[2025-04-26T17:45:42.663+0000][4581.848s][info ][safepoint   ] Safepoint "Cleanup", Time since last: 1229719936 ns, Reaching safepoint: 282195 ns, Cleanup: 352907 ns, At safepoint: 38450 ns, Total: 673552 ns
[2025-04-26T17:46:04.667+0000][4603.852s][debug][safepoint   ] Safepoint synchronization initiated using futex wait barrier. (249 threads)
[2025-04-26T17:46:04.668+0000][4603.852s][info ][safepoint   ] Safepoint "Cleanup", Time since last: 22004323134 ns, Reaching safepoint: 382223 ns, Cleanup: 158182 ns, At safepoint: 31067 ns, Total: 571472 ns
[2025-04-26T17:46:09.670+0000][4608.854s][debug][safepoint   ] Safepoint synchronization initiated using futex wait barrier. (249 threads)
[2025-04-26T17:46:09.672+0000][4608.856s][info ][safepoint   ] Safepoint "Cleanup", Time since last: 5001779521 ns, Reaching safepoint: 1014769 ns, Cleanup: 30664 ns, At safepoint: 1073944 ns, Total: 2119377 ns
[2025-04-26T17:46:25.631+0000][4624.816s][debug][safepoint   ] Safepoint synchronization initiated using futex wait barrier. (249 threads)
[2025-04-26T17:46:25.632+0000][4624.816s][info ][gc,start    ] GC(86) Pause Young (Normal) (G1 Evacuation Pause)
[2025-04-26T17:46:25.632+0000][4624.816s][info ][gc,task     ] GC(86) Using 4 workers of 4 for evacuation
[2025-04-26T17:46:25.693+0000][4624.878s][info ][gc,phases   ] GC(86)   Pre Evacuate Collection Set: 2.2ms
[2025-04-26T17:46:25.694+0000][4624.878s][info ][gc,phases   ] GC(86)   Merge Heap Roots: 1.9ms
[2025-04-26T17:46:25.694+0000][4624.879s][info ][gc,phases   ] GC(86)   Evacuate Collection Set: 50.4ms
[2025-04-26T17:46:25.695+0000][4624.879s][info ][gc,phases   ] GC(86)   Post Evacuate Collection Set: 6.4ms
[2025-04-26T17:46:25.695+0000][4624.879s][info ][gc,phases   ] GC(86)   Other: 0.8ms
[2025-04-26T17:46:25.695+0000][4624.879s][info ][gc,heap     ] GC(86) Eden regions: 388->0(386)
[2025-04-26T17:46:25.695+0000][4624.879s][info ][gc,heap     ] GC(86) Survivor regions: 4->5(49)
[2025-04-26T17:46:25.695+0000][4624.879s][info ][gc,heap     ] GC(86) Old regions: 193->193
[2025-04-26T17:46:25.695+0000][4624.879s][info ][gc,heap     ] GC(86) Archive regions: 2->2
[2025-04-26T17:46:25.695+0000][4624.879s][info ][gc,heap     ] GC(86) Humongous regions: 0->0
[2025-04-26T17:46:25.695+0000][4624.879s][info ][gc,metaspace] GC(86) Metaspace: 198430K(199936K)->198430K(199936K) NonClass: 174791K(175552K)->174791K(175552K) Class: 23639K(24384K)->23639K(24384K)
[2025-04-26T17:46:25.695+0000][4624.879s][info ][gc          ] GC(86) Pause Young (Normal) (G1 Evacuation Pause) 584M->198M(657M) 63.084ms
[2025-04-26T17:46:25.695+0000][4624.880s][info ][gc,cpu      ] GC(86) User=0.12s Sys=0.00s Real=0.06s
[2025-04-26T17:46:25.696+0000][4624.881s][info ][safepoint   ] Safepoint "G1CollectForAllocation", Time since last: 15959316313 ns, Reaching safepoint: 578897 ns, Cleanup: 12354 ns, At safepoint: 64309771 ns, Total: 64901022 ns
[2025-04-26T17:46:29.697+0000][4628.881s][debug][safepoint   ] Safepoint synchronization initiated using futex wait barrier. (249 threads)
[2025-04-26T17:46:29.697+0000][4628.881s][info ][safepoint   ] Safepoint "Cleanup", Time since last: 4000513110 ns, Reaching safepoint: 56920 ns, Cleanup: 12794 ns, At safepoint: 4457 ns, Total: 74171 ns
[2025-04-26T17:46:30.697+0000][4629.881s][debug][safepoint   ] Safepoint synchronization initiated using futex wait barrier. (249 threads)
[2025-04-26T17:46:30.697+0000][4629.881s][info ][safepoint   ] Safepoint "Cleanup", Time since last: 1000079294 ns, Reaching safepoint: 65147 ns, Cleanup: 11585 ns, At safepoint: 4540 ns, Total: 81272 ns
[2025-04-26T17:47:10.702+0000][4669.886s][debug][safepoint   ] Safepoint synchronization initiated using futex wait barrier. (249 threads)
[2025-04-26T17:47:10.702+0000][4669.886s][info ][safepoint   ] Safepoint "Cleanup", Time since last: 40004783748 ns, Reaching safepoint: 75902 ns, Cleanup: 10536 ns, At safepoint: 23041 ns, Total: 109479 ns
[2025-04-26T17:47:26.564+0000][4685.748s][debug][safepoint   ] Safepoint synchronization initiated using futex wait barrier. (249 threads)
[2025-04-26T17:47:26.564+0000][4685.748s][info ][safepoint   ] Safepoint "Cleanup", Time since last: 15862124369 ns, Reaching safepoint: 147521 ns, Cleanup: 16243 ns, At safepoint: 8474 ns, Total: 172238 ns
[2025-04-26T17:47:28.564+0000][4687.749s][debug][safepoint   ] Safepoint synchronization initiated using futex wait barrier. (249 threads)
[2025-04-26T17:47:28.564+0000][4687.749s][info ][safepoint   ] Safepoint "Cleanup", Time since last: 2000337943 ns, Reaching safepoint: 67828 ns, Cleanup: 10409 ns, At safepoint: 6621 ns, Total: 84858 ns
[2025-04-26T17:47:32.565+0000][4691.749s][debug][safepoint   ] Safepoint synchronization initiated using futex wait barrier. (249 threads)
[2025-04-26T17:47:32.565+0000][4691.750s][info ][safepoint   ] Safepoint "Cleanup", Time since last: 4000526170 ns, Reaching safepoint: 66843 ns, Cleanup: 21352 ns, At safepoint: 5837 ns, Total: 94032 ns
[2025-04-26T17:47:33.565+0000][4692.750s][debug][safepoint   ] Safepoint synchronization initiated using futex wait barrier. (249 threads)
[2025-04-26T17:47:33.565+0000][4692.750s][info ][safepoint   ] Safepoint "Cleanup", Time since last: 1000138309 ns, Reaching safepoint: 101268 ns, Cleanup: 22558 ns, At safepoint: 10257 ns, Total: 134083 ns
[2025-04-26T17:47:38.566+0000][4697.750s][debug][safepoint   ] Safepoint synchronization initiated using futex wait barrier. (249 threads)
[2025-04-26T17:47:38.566+0000][4697.751s][info ][safepoint   ] Safepoint "Cleanup", Time since last: 5000413933 ns, Reaching safepoint: 279680 ns, Cleanup: 34501 ns, At safepoint: 26568 ns, Total: 340749 ns
[2025-04-26T17:47:52.568+0000][4711.753s][debug][safepoint   ] Safepoint synchronization initiated using futex wait barrier. (249 threads)
[2025-04-26T17:47:52.568+0000][4711.753s][info ][safepoint   ] Safepoint "Cleanup", Time since last: 14002304353 ns, Reaching safepoint: 98594 ns, Cleanup: 20139 ns, At safepoint: 6039 ns, Total: 124772 ns
[2025-04-26T17:47:58.569+0000][4717.754s][debug][safepoint   ] Safepoint synchronization initiated using futex wait barrier. (249 threads)
[2025-04-26T17:47:58.570+0000][4717.754s][info ][safepoint   ] Safepoint "Cleanup", Time since last: 6000792628 ns, Reaching safepoint: 230253 ns, Cleanup: 33283 ns, At safepoint: 64520 ns, Total: 328056 ns
[2025-04-26T17:48:00.570+0000][4719.754s][debug][safepoint   ] Safepoint synchronization initiated using futex wait barrier. (249 threads)
[2025-04-26T17:48:00.570+0000][4719.755s][info ][safepoint   ] Safepoint "Cleanup", Time since last: 2000313329 ns, Reaching safepoint: 270922 ns, Cleanup: 51532 ns, At safepoint: 19321 ns, Total: 341775 ns
[2025-04-26T17:48:11.571+0000][4730.756s][debug][safepoint   ] Safepoint synchronization initiated using futex wait barrier. (249 threads)
[2025-04-26T17:48:11.572+0000][4730.756s][info ][safepoint   ] Safepoint "Cleanup", Time since last: 11001219469 ns, Reaching safepoint: 224190 ns, Cleanup: 93959 ns, At safepoint: 30737 ns, Total: 348886 ns
[2025-04-26T17:48:15.572+0000][4734.757s][debug][safepoint   ] Safepoint synchronization initiated using futex wait barrier. (249 threads)
[2025-04-26T17:48:15.573+0000][4734.757s][info ][safepoint   ] Safepoint "Cleanup", Time since last: 4000518885 ns, Reaching safepoint: 224641 ns, Cleanup: 27261 ns, At safepoint: 17572 ns, Total: 269474 ns
[2025-04-26T17:48:28.592+0000][4747.777s][debug][safepoint   ] Safepoint synchronization initiated using futex wait barrier. (249 threads)
[2025-04-26T17:48:28.592+0000][4747.777s][info ][safepoint   ] Safepoint "Cleanup", Time since last: 13019544333 ns, Reaching safepoint: 59041 ns, Cleanup: 9511 ns, At safepoint: 4833 ns, Total: 73385 ns
[2025-04-26T17:48:32.593+0000][4751.777s][debug][safepoint   ] Safepoint synchronization initiated using futex wait barrier. (249 threads)
[2025-04-26T17:48:32.593+0000][4751.777s][info ][safepoint   ] Safepoint "Cleanup", Time since last: 4000425661 ns, Reaching safepoint: 123429 ns, Cleanup: 38971 ns, At safepoint: 6770 ns, Total: 169170 ns
[2025-04-26T17:48:56.597+0000][4775.782s][debug][safepoint   ] Safepoint synchronization initiated using futex wait barrier. (249 threads)
[2025-04-26T17:48:56.598+0000][4775.782s][info ][safepoint   ] Safepoint "Cleanup", Time since last: 24004625878 ns, Reaching safepoint: 111393 ns, Cleanup: 50026 ns, At safepoint: 8491 ns, Total: 169910 ns
[2025-04-26T17:48:57.598+0000][4776.782s][debug][safepoint   ] Safepoint synchronization initiated using futex wait barrier. (249 threads)
[2025-04-26T17:48:57.598+0000][4776.782s][info ][safepoint   ] Safepoint "Cleanup", Time since last: 1000128346 ns, Reaching safepoint: 164295 ns, Cleanup: 25729 ns, At safepoint: 19328 ns, Total: 209352 ns
[2025-04-26T17:49:00.598+0000][4779.783s][debug][safepoint   ] Safepoint synchronization initiated using futex wait barrier. (249 threads)
[2025-04-26T17:49:00.599+0000][4779.783s][info ][safepoint   ] Safepoint "Cleanup", Time since last: 3000464951 ns, Reaching safepoint: 245589 ns, Cleanup: 34395 ns, At safepoint: 20667 ns, Total: 300651 ns
[2025-04-26T17:49:05.600+0000][4784.785s][debug][safepoint   ] Safepoint synchronization initiated using futex wait barrier. (249 threads)
[2025-04-26T17:49:05.608+0000][4784.792s][info ][safepoint   ] Safepoint "Cleanup", Time since last: 5001736993 ns, Reaching safepoint: 3326865 ns, Cleanup: 43606 ns, At safepoint: 3734997 ns, Total: 7105468 ns
[2025-04-26T17:49:06.608+0000][4785.792s][debug][safepoint   ] Safepoint synchronization initiated using futex wait barrier. (249 threads)
[2025-04-26T17:49:06.608+0000][4785.793s][info ][safepoint   ] Safepoint "Cleanup", Time since last: 1000142097 ns, Reaching safepoint: 135915 ns, Cleanup: 142712 ns, At safepoint: 15948 ns, Total: 294575 ns
[2025-04-26T17:49:07.544+0000][4786.729s][debug][safepoint   ] Safepoint synchronization initiated using futex wait barrier. (249 threads)
[2025-04-26T17:49:07.545+0000][4786.729s][info ][gc,start    ] GC(87) Pause Young (Normal) (G1 Evacuation Pause)
[2025-04-26T17:49:07.545+0000][4786.729s][info ][gc,task     ] GC(87) Using 4 workers of 4 for evacuation
[2025-04-26T17:49:07.568+0000][4786.752s][info ][gc,phases   ] GC(87)   Pre Evacuate Collection Set: 1.0ms
[2025-04-26T17:49:07.568+0000][4786.752s][info ][gc,phases   ] GC(87)   Merge Heap Roots: 1.0ms
[2025-04-26T17:49:07.568+0000][4786.752s][info ][gc,phases   ] GC(87)   Evacuate Collection Set: 16.7ms
[2025-04-26T17:49:07.568+0000][4786.752s][info ][gc,phases   ] GC(87)   Post Evacuate Collection Set: 4.3ms
[2025-04-26T17:49:07.568+0000][4786.752s][info ][gc,phases   ] GC(87)   Other: 0.2ms
[2025-04-26T17:49:07.568+0000][4786.752s][info ][gc,heap     ] GC(87) Eden regions: 386->0(384)
[2025-04-26T17:49:07.568+0000][4786.752s][info ][gc,heap     ] GC(87) Survivor regions: 5->6(49)
[2025-04-26T17:49:07.568+0000][4786.752s][info ][gc,heap     ] GC(87) Old regions: 193->193
[2025-04-26T17:49:07.568+0000][4786.752s][info ][gc,heap     ] GC(87) Archive regions: 2->2
[2025-04-26T17:49:07.568+0000][4786.752s][info ][gc,heap     ] GC(87) Humongous regions: 16->0
[2025-04-26T17:49:07.568+0000][4786.752s][info ][gc,metaspace] GC(87) Metaspace: 198600K(200064K)->198600K(200064K) NonClass: 174946K(175680K)->174946K(175680K) Class: 23653K(24384K)->23653K(24384K)
[2025-04-26T17:49:07.568+0000][4786.753s][info ][gc          ] GC(87) Pause Young (Normal) (G1 Evacuation Pause) 600M->199M(657M) 23.411ms
[2025-04-26T17:49:07.568+0000][4786.753s][info ][gc,cpu      ] GC(87) User=0.04s Sys=0.00s Real=0.02s
[2025-04-26T17:49:07.569+0000][4786.754s][info ][safepoint   ] Safepoint "G1CollectForAllocation", Time since last: 936353972 ns, Reaching safepoint: 152225 ns, Cleanup: 17077 ns, At safepoint: 24739983 ns, Total: 24909285 ns
[2025-04-26T17:49:08.569+0000][4787.754s][debug][safepoint   ] Safepoint synchronization initiated using futex wait barrier. (249 threads)
[2025-04-26T17:49:08.570+0000][4787.754s][info ][safepoint   ] Safepoint "Cleanup", Time since last: 1000155266 ns, Reaching safepoint: 135455 ns, Cleanup: 57813 ns, At safepoint: 9897 ns, Total: 203165 ns
[2025-04-26T17:49:09.570+0000][4788.754s][debug][safepoint   ] Safepoint synchronization initiated using futex wait barrier. (249 threads)
[2025-04-26T17:49:09.570+0000][4788.754s][info ][safepoint   ] Safepoint "Cleanup", Time since last: 1000104410 ns, Reaching safepoint: 87186 ns, Cleanup: 19653 ns, At safepoint: 8513 ns, Total: 115352 ns
[2025-04-26T17:49:12.570+0000][4791.755s][debug][safepoint   ] Safepoint synchronization initiated using futex wait barrier. (249 threads)
[2025-04-26T17:49:12.570+0000][4791.755s][info ][safepoint   ] Safepoint "Cleanup", Time since last: 3000449258 ns, Reaching safepoint: 95707 ns, Cleanup: 13656 ns, At safepoint: 10732 ns, Total: 120095 ns
[2025-04-26T17:49:13.571+0000][4792.755s][debug][safepoint   ] Safepoint synchronization initiated using futex wait barrier. (249 threads)
[2025-04-26T17:49:13.571+0000][4792.756s][info ][safepoint   ] Safepoint "Cleanup", Time since last: 1000230381 ns, Reaching safepoint: 286033 ns, Cleanup: 38930 ns, At safepoint: 22478 ns, Total: 347441 ns
[2025-04-26T17:49:22.572+0000][4801.757s][debug][safepoint   ] Safepoint synchronization initiated using futex wait barrier. (249 threads)
[2025-04-26T17:49:22.572+0000][4801.757s][info ][safepoint   ] Safepoint "Cleanup", Time since last: 9001246132 ns, Reaching safepoint: 176456 ns, Cleanup: 42068 ns, At safepoint: 11911 ns, Total: 230435 ns
[2025-04-26T17:49:27.637+0000][4806.821s][debug][safepoint   ] Safepoint synchronization initiated using futex wait barrier. (248 threads)
[2025-04-26T17:49:27.637+0000][4806.822s][info ][safepoint   ] Safepoint "Cleanup", Time since last: 5064500041 ns, Reaching safepoint: 89508 ns, Cleanup: 14701 ns, At safepoint: 5170 ns, Total: 109379 ns
[2025-04-26T17:49:29.637+0000][4808.822s][debug][safepoint   ] Safepoint synchronization initiated using futex wait barrier. (248 threads)
[2025-04-26T17:49:29.637+0000][4808.822s][info ][safepoint   ] Safepoint "Cleanup", Time since last: 2000184279 ns, Reaching safepoint: 95791 ns, Cleanup: 13191 ns, At safepoint: 5578 ns, Total: 114560 ns
[2025-04-27T07:11:50.729+0000][4811.610s][debug][safepoint   ] Safepoint synchronization initiated using futex wait barrier. (240 threads)
[2025-04-27T07:11:50.729+0000][4811.610s][info ][safepoint   ] Safepoint "Cleanup", Time since last: 2788339769 ns, Reaching safepoint: 73921 ns, Cleanup: 16394 ns, At safepoint: 5246 ns, Total: 95561 ns
[2025-04-27T07:11:56.730+0000][4817.611s][debug][safepoint   ] Safepoint synchronization initiated using futex wait barrier. (240 threads)
[2025-04-27T07:11:56.730+0000][4817.611s][info ][safepoint   ] Safepoint "Cleanup", Time since last: 6000778694 ns, Reaching safepoint: 152129 ns, Cleanup: 19896 ns, At safepoint: 13040 ns, Total: 185065 ns
[2025-04-27T07:12:05.731+0000][4826.612s][debug][safepoint   ] Safepoint synchronization initiated using futex wait barrier. (243 threads)
[2025-04-27T07:12:05.732+0000][4826.613s][info ][safepoint   ] Safepoint "Cleanup", Time since last: 9001007179 ns, Reaching safepoint: 216302 ns, Cleanup: 80568 ns, At safepoint: 21619 ns, Total: 318489 ns
[2025-04-27T07:12:28.735+0000][4849.616s][debug][safepoint   ] Safepoint synchronization initiated using futex wait barrier. (242 threads)
[2025-04-27T07:12:28.735+0000][4849.616s][info ][safepoint   ] Safepoint "Cleanup", Time since last: 23003252928 ns, Reaching safepoint: 276949 ns, Cleanup: 42446 ns, At safepoint: 24209 ns, Total: 343604 ns
[2025-04-27T07:12:47.026+0000][4867.907s][debug][safepoint   ] Safepoint synchronization initiated using futex wait barrier. (242 threads)
[2025-04-27T07:12:47.026+0000][4867.907s][info ][safepoint   ] Safepoint "Cleanup", Time since last: 18290358300 ns, Reaching safepoint: 55721 ns, Cleanup: 14155 ns, At safepoint: 5670 ns, Total: 75546 ns
[2025-04-27T07:12:50.026+0000][4870.907s][debug][safepoint   ] Safepoint synchronization initiated using futex wait barrier. (239 threads)
[2025-04-27T07:12:50.026+0000][4870.907s][info ][safepoint   ] Safepoint "Cleanup", Time since last: 3000508882 ns, Reaching safepoint: 99075 ns, Cleanup: 15191 ns, At safepoint: 8943 ns, Total: 123209 ns
[2025-04-27T07:16:03.795+0000][5064.676s][debug][safepoint   ] Safepoint synchronization initiated using futex wait barrier. (229 threads)
[2025-04-27T07:16:03.795+0000][5064.676s][info ][gc,start    ] GC(88) Pause Young (Normal) (G1 Evacuation Pause)
[2025-04-27T07:16:03.795+0000][5064.676s][info ][gc,task     ] GC(88) Using 4 workers of 4 for evacuation
[2025-04-27T07:16:03.806+0000][5064.687s][info ][gc,phases   ] GC(88)   Pre Evacuate Collection Set: 0.2ms
[2025-04-27T07:16:03.806+0000][5064.687s][info ][gc,phases   ] GC(88)   Merge Heap Roots: 0.2ms
[2025-04-27T07:16:03.806+0000][5064.687s][info ][gc,phases   ] GC(88)   Evacuate Collection Set: 8.8ms
[2025-04-27T07:16:03.806+0000][5064.687s][info ][gc,phases   ] GC(88)   Post Evacuate Collection Set: 1.6ms
[2025-04-27T07:16:03.806+0000][5064.687s][info ][gc,phases   ] GC(88)   Other: 0.2ms
[2025-04-27T07:16:03.806+0000][5064.687s][info ][gc,heap     ] GC(88) Eden regions: 384->0(383)
[2025-04-27T07:16:03.806+0000][5064.687s][info ][gc,heap     ] GC(88) Survivor regions: 6->6(49)
[2025-04-27T07:16:03.806+0000][5064.687s][info ][gc,heap     ] GC(88) Old regions: 193->194
[2025-04-27T07:16:03.806+0000][5064.687s][info ][gc,heap     ] GC(88) Archive regions: 2->2
[2025-04-27T07:16:03.806+0000][5064.687s][info ][gc,heap     ] GC(88) Humongous regions: 0->0
[2025-04-27T07:16:03.806+0000][5064.687s][info ][gc,metaspace] GC(88) Metaspace: 198678K(200192K)->198678K(200192K) NonClass: 175021K(175808K)->175021K(175808K) Class: 23657K(24384K)->23657K(24384K)
[2025-04-27T07:16:03.806+0000][5064.687s][info ][gc          ] GC(88) Pause Young (Normal) (G1 Evacuation Pause) 583M->199M(657M) 11.135ms
[2025-04-27T07:16:03.806+0000][5064.687s][info ][gc,cpu      ] GC(88) User=0.03s Sys=0.00s Real=0.01s
[2025-04-27T07:16:03.806+0000][5064.687s][info ][safepoint   ] Safepoint "G1CollectForAllocation", Time since last: 193768301541 ns, Reaching safepoint: 76910 ns, Cleanup: 4618 ns, At safepoint: 11278007 ns, Total: 11359535 ns
[2025-04-27T07:16:04.806+0000][5065.687s][debug][safepoint   ] Safepoint synchronization initiated using futex wait barrier. (229 threads)
[2025-04-27T07:16:04.807+0000][5065.687s][info ][safepoint   ] Safepoint "Cleanup", Time since last: 1000247481 ns, Reaching safepoint: 200051 ns, Cleanup: 37209 ns, At safepoint: 25070 ns, Total: 262330 ns
[2025-04-27T07:17:46.829+0000][5167.709s][debug][safepoint   ] Safepoint synchronization initiated using futex wait barrier. (226 threads)
[2025-04-27T07:17:46.829+0000][5167.710s][info ][safepoint   ] Safepoint "Cleanup", Time since last: 102021998890 ns, Reaching safepoint: 201990 ns, Cleanup: 29550 ns, At safepoint: 18613 ns, Total: 250153 ns
[2025-04-27T07:18:28.835+0000][5209.716s][debug][safepoint   ] Safepoint synchronization initiated using futex wait barrier. (223 threads)
[2025-04-27T07:18:28.835+0000][5209.716s][info ][safepoint   ] Safepoint "Cleanup", Time since last: 42005972765 ns, Reaching safepoint: 263310 ns, Cleanup: 32647 ns, At safepoint: 27659 ns, Total: 323616 ns
[2025-04-27T07:18:30.836+0000][5211.717s][debug][safepoint   ] Safepoint synchronization initiated using futex wait barrier. (223 threads)
[2025-04-27T07:18:30.836+0000][5211.717s][info ][safepoint   ] Safepoint "Cleanup", Time since last: 2000551756 ns, Reaching safepoint: 233680 ns, Cleanup: 36568 ns, At safepoint: 20743 ns, Total: 290991 ns
[2025-04-27T07:19:31.846+0000][5272.726s][debug][safepoint   ] Safepoint synchronization initiated using futex wait barrier. (221 threads)
[2025-04-27T07:19:31.846+0000][5272.727s][info ][safepoint   ] Safepoint "Cleanup", Time since last: 61009652798 ns, Reaching safepoint: 208103 ns, Cleanup: 33417 ns, At safepoint: 24731 ns, Total: 266251 ns
[2025-04-27T07:20:05.852+0000][5306.732s][debug][safepoint   ] Safepoint synchronization initiated using futex wait barrier. (220 threads)
[2025-04-27T07:20:05.852+0000][5306.733s][info ][safepoint   ] Safepoint "Cleanup", Time since last: 34005724879 ns, Reaching safepoint: 199259 ns, Cleanup: 29194 ns, At safepoint: 16228 ns, Total: 244681 ns
[2025-04-27T07:20:15.853+0000][5316.734s][debug][safepoint   ] Safepoint synchronization initiated using futex wait barrier. (223 threads)
[2025-04-27T07:20:15.853+0000][5316.734s][info ][safepoint   ] Safepoint "Cleanup", Time since last: 10001293071 ns, Reaching safepoint: 247665 ns, Cleanup: 40563 ns, At safepoint: 23853 ns, Total: 312081 ns
[2025-04-27T07:20:24.855+0000][5325.736s][debug][safepoint   ] Safepoint synchronization initiated using futex wait barrier. (221 threads)
[2025-04-27T07:20:24.855+0000][5325.736s][info ][safepoint   ] Safepoint "Cleanup", Time since last: 9001313767 ns, Reaching safepoint: 196595 ns, Cleanup: 28413 ns, At safepoint: 21292 ns, Total: 246300 ns
[2025-04-27T07:20:46.795+0000][5347.676s][debug][safepoint   ] Safepoint synchronization initiated using futex wait barrier. (221 threads)
[2025-04-27T07:20:46.795+0000][5347.676s][info ][gc,start    ] GC(89) Pause Young (Normal) (G1 Evacuation Pause)
[2025-04-27T07:20:46.795+0000][5347.676s][info ][gc,task     ] GC(89) Using 4 workers of 4 for evacuation
[2025-04-27T07:20:46.852+0000][5347.733s][info ][gc,phases   ] GC(89)   Pre Evacuate Collection Set: 0.6ms
[2025-04-27T07:20:46.852+0000][5347.733s][info ][gc,phases   ] GC(89)   Merge Heap Roots: 0.6ms
[2025-04-27T07:20:46.853+0000][5347.734s][info ][gc,phases   ] GC(89)   Evacuate Collection Set: 41.8ms
[2025-04-27T07:20:46.853+0000][5347.734s][info ][gc,phases   ] GC(89)   Post Evacuate Collection Set: 13.0ms
[2025-04-27T07:20:46.853+0000][5347.734s][info ][gc,phases   ] GC(89)   Other: 0.8ms
[2025-04-27T07:20:46.853+0000][5347.734s][info ][gc,heap     ] GC(89) Eden regions: 383->0(383)
[2025-04-27T07:20:46.853+0000][5347.734s][info ][gc,heap     ] GC(89) Survivor regions: 6->6(49)
[2025-04-27T07:20:46.853+0000][5347.734s][info ][gc,heap     ] GC(89) Old regions: 194->194
[2025-04-27T07:20:46.853+0000][5347.734s][info ][gc,heap     ] GC(89) Archive regions: 2->2
[2025-04-27T07:20:46.853+0000][5347.734s][info ][gc,heap     ] GC(89) Humongous regions: 0->0
[2025-04-27T07:20:46.853+0000][5347.734s][info ][gc,metaspace] GC(89) Metaspace: 198690K(200192K)->198690K(200192K) NonClass: 175033K(175808K)->175033K(175808K) Class: 23657K(24384K)->23657K(24384K)
[2025-04-27T07:20:46.854+0000][5347.734s][info ][gc          ] GC(89) Pause Young (Normal) (G1 Evacuation Pause) 582M->199M(657M) 58.269ms
[2025-04-27T07:20:46.854+0000][5347.735s][info ][gc,cpu      ] GC(89) User=0.15s Sys=0.00s Real=0.06s
[2025-04-27T07:20:46.855+0000][5347.736s][info ][safepoint   ] Safepoint "G1CollectForAllocation", Time since last: 21939888479 ns, Reaching safepoint: 208491 ns, Cleanup: 12497 ns, At safepoint: 60195190 ns, Total: 60416178 ns
[2025-04-27T07:21:03.858+0000][5364.739s][debug][safepoint   ] Safepoint synchronization initiated using futex wait barrier. (222 threads)
[2025-04-27T07:21:03.858+0000][5364.739s][info ][safepoint   ] Safepoint "Cleanup", Time since last: 17002857904 ns, Reaching safepoint: 281702 ns, Cleanup: 31912 ns, At safepoint: 37928 ns, Total: 351542 ns
[2025-04-27T07:21:05.146+0000][5366.027s][debug][safepoint   ] Safepoint synchronization initiated using futex wait barrier. (222 threads)
[2025-04-27T07:21:05.146+0000][5366.027s][info ][safepoint   ] Safepoint "Cleanup", Time since last: 1287916038 ns, Reaching safepoint: 46970 ns, Cleanup: 6758 ns, At safepoint: 4323 ns, Total: 58051 ns
[2025-04-27T07:21:06.147+0000][5367.028s][debug][safepoint   ] Safepoint synchronization initiated using futex wait barrier. (222 threads)
[2025-04-27T07:21:06.147+0000][5367.028s][info ][safepoint   ] Safepoint "Cleanup", Time since last: 1000178343 ns, Reaching safepoint: 67800 ns, Cleanup: 52884 ns, At safepoint: 13451 ns, Total: 134135 ns
[2025-04-27T07:21:16.149+0000][5377.030s][debug][safepoint   ] Safepoint synchronization initiated using futex wait barrier. (222 threads)
[2025-04-27T07:21:16.149+0000][5377.030s][info ][safepoint   ] Safepoint "Cleanup", Time since last: 10002314015 ns, Reaching safepoint: 265886 ns, Cleanup: 36304 ns, At safepoint: 22750 ns, Total: 324940 ns
[2025-04-27T07:21:20.150+0000][5381.031s][debug][safepoint   ] Safepoint synchronization initiated using futex wait barrier. (222 threads)
[2025-04-27T07:21:20.151+0000][5381.032s][info ][safepoint   ] Safepoint "Cleanup", Time since last: 4000834581 ns, Reaching safepoint: 277279 ns, Cleanup: 40303 ns, At safepoint: 30687 ns, Total: 348269 ns
[2025-04-27T07:22:03.421+0000][5424.302s][debug][safepoint   ] Safepoint synchronization initiated using futex wait barrier. (218 threads)
[2025-04-27T07:22:03.421+0000][5424.302s][info ][safepoint   ] Safepoint "Cleanup", Time since last: 43270145503 ns, Reaching safepoint: 286338 ns, Cleanup: 37275 ns, At safepoint: 46553 ns, Total: 370166 ns
[2025-04-27T07:22:45.428+0000][5466.309s][debug][safepoint   ] Safepoint synchronization initiated using futex wait barrier. (218 threads)
[2025-04-27T07:22:45.428+0000][5466.309s][info ][safepoint   ] Safepoint "Cleanup", Time since last: 42006467785 ns, Reaching safepoint: 197413 ns, Cleanup: 30348 ns, At safepoint: 14875 ns, Total: 242636 ns
[2025-04-27T07:23:15.683+0000][5496.564s][debug][safepoint   ] Safepoint synchronization initiated using futex wait barrier. (217 threads)
[2025-04-27T07:23:15.683+0000][5496.564s][info ][safepoint   ] Safepoint "Cleanup", Time since last: 30254782765 ns, Reaching safepoint: 183256 ns, Cleanup: 65996 ns, At safepoint: 20270 ns, Total: 269522 ns
[2025-04-27T07:24:49.697+0000][5590.578s][debug][safepoint   ] Safepoint synchronization initiated using futex wait barrier. (216 threads)
[2025-04-27T07:24:49.698+0000][5590.579s][info ][safepoint   ] Safepoint "Cleanup", Time since last: 94014608027 ns, Reaching safepoint: 249311 ns, Cleanup: 38391 ns, At safepoint: 32306 ns, Total: 320008 ns
[2025-04-27T07:25:04.700+0000][5605.581s][debug][safepoint   ] Safepoint synchronization initiated using futex wait barrier. (215 threads)
[2025-04-27T07:25:04.700+0000][5605.581s][info ][safepoint   ] Safepoint "Cleanup", Time since last: 15002284501 ns, Reaching safepoint: 247417 ns, Cleanup: 31779 ns, At safepoint: 22461 ns, Total: 301657 ns
[2025-04-27T07:25:17.834+0000][5618.715s][debug][safepoint   ] Safepoint synchronization initiated using futex wait barrier. (215 threads)
[2025-04-27T07:25:17.834+0000][5618.715s][info ][safepoint   ] Safepoint "Cleanup", Time since last: 13133834051 ns, Reaching safepoint: 189844 ns, Cleanup: 40612 ns, At safepoint: 19183 ns, Total: 249639 ns
[2025-04-27T07:25:23.836+0000][5624.716s][debug][safepoint   ] Safepoint synchronization initiated using futex wait barrier. (215 threads)
[2025-04-27T07:25:23.836+0000][5624.717s][info ][safepoint   ] Safepoint "Cleanup", Time since last: 6001063029 ns, Reaching safepoint: 191334 ns, Cleanup: 35328 ns, At safepoint: 24019 ns, Total: 250681 ns
[2025-04-27T07:25:29.073+0000][5629.954s][debug][safepoint   ] Safepoint synchronization initiated using futex wait barrier. (215 threads)
[2025-04-27T07:25:29.074+0000][5629.955s][info ][gc,start    ] GC(90) Pause Young (Normal) (G1 Evacuation Pause)
[2025-04-27T07:25:29.074+0000][5629.955s][info ][gc,task     ] GC(90) Using 4 workers of 4 for evacuation
[2025-04-27T07:25:29.115+0000][5629.996s][info ][gc,phases   ] GC(90)   Pre Evacuate Collection Set: 0.7ms
[2025-04-27T07:25:29.115+0000][5629.996s][info ][gc,phases   ] GC(90)   Merge Heap Roots: 0.8ms
[2025-04-27T07:25:29.115+0000][5629.996s][info ][gc,phases   ] GC(90)   Evacuate Collection Set: 28.2ms
[2025-04-27T07:25:29.115+0000][5629.996s][info ][gc,phases   ] GC(90)   Post Evacuate Collection Set: 10.5ms
[2025-04-27T07:25:29.115+0000][5629.996s][info ][gc,phases   ] GC(90)   Other: 0.7ms
[2025-04-27T07:25:29.115+0000][5629.996s][info ][gc,heap     ] GC(90) Eden regions: 383->0(383)
[2025-04-27T07:25:29.115+0000][5629.996s][info ][gc,heap     ] GC(90) Survivor regions: 6->6(49)
[2025-04-27T07:25:29.115+0000][5629.996s][info ][gc,heap     ] GC(90) Old regions: 194->194
[2025-04-27T07:25:29.115+0000][5629.996s][info ][gc,heap     ] GC(90) Archive regions: 2->2
[2025-04-27T07:25:29.115+0000][5629.996s][info ][gc,heap     ] GC(90) Humongous regions: 0->0
[2025-04-27T07:25:29.116+0000][5629.996s][info ][gc,metaspace] GC(90) Metaspace: 198704K(200192K)->198704K(200192K) NonClass: 175046K(175808K)->175046K(175808K) Class: 23658K(24384K)->23658K(24384K)
[2025-04-27T07:25:29.116+0000][5629.997s][info ][gc          ] GC(90) Pause Young (Normal) (G1 Evacuation Pause) 582M->199M(657M) 41.898ms
[2025-04-27T07:25:29.116+0000][5629.997s][info ][gc,cpu      ] GC(90) User=0.13s Sys=0.00s Real=0.04s
[2025-04-27T07:25:29.118+0000][5629.999s][info ][safepoint   ] Safepoint "G1CollectForAllocation", Time since last: 5237666719 ns, Reaching safepoint: 241303 ns, Cleanup: 18229 ns, At safepoint: 44035003 ns, Total: 44294535 ns
[2025-04-27T07:25:37.120+0000][5638.001s][debug][safepoint   ] Safepoint synchronization initiated using futex wait barrier. (215 threads)
[2025-04-27T07:25:37.120+0000][5638.001s][info ][safepoint   ] Safepoint "Cleanup", Time since last: 8001958902 ns, Reaching safepoint: 330685 ns, Cleanup: 62000 ns, At safepoint: 72066 ns, Total: 464751 ns
[2025-04-27T07:26:25.127+0000][5686.008s][debug][safepoint   ] Safepoint synchronization initiated using futex wait barrier. (214 threads)
[2025-04-27T07:26:25.128+0000][5686.009s][info ][safepoint   ] Safepoint "Cleanup", Time since last: 48007249454 ns, Reaching safepoint: 165949 ns, Cleanup: 46365 ns, At safepoint: 9964 ns, Total: 222278 ns
[2025-04-27T07:26:35.130+0000][5696.011s][debug][safepoint   ] Safepoint synchronization initiated using futex wait barrier. (214 threads)
[2025-04-27T07:26:35.130+0000][5696.011s][info ][safepoint   ] Safepoint "Cleanup", Time since last: 10002352267 ns, Reaching safepoint: 222383 ns, Cleanup: 37135 ns, At safepoint: 16134 ns, Total: 275652 ns
[2025-04-27T07:27:37.631+0000][5758.512s][debug][safepoint   ] Safepoint synchronization initiated using futex wait barrier. (213 threads)
[2025-04-27T07:27:37.631+0000][5758.512s][info ][safepoint   ] Safepoint "Cleanup", Time since last: 62500384600 ns, Reaching safepoint: 258645 ns, Cleanup: 35949 ns, At safepoint: 20779 ns, Total: 315373 ns
[2025-04-27T07:28:06.635+0000][5787.516s][debug][safepoint   ] Safepoint synchronization initiated using futex wait barrier. (213 threads)
[2025-04-27T07:28:06.635+0000][5787.516s][info ][safepoint   ] Safepoint "Cleanup", Time since last: 29004077021 ns, Reaching safepoint: 221157 ns, Cleanup: 29091 ns, At safepoint: 18419 ns, Total: 268667 ns
[2025-04-27T07:30:12.929+0000][5913.810s][debug][safepoint   ] Safepoint synchronization initiated using futex wait barrier. (213 threads)
[2025-04-27T07:30:12.930+0000][5913.811s][info ][gc,start    ] GC(91) Pause Young (Normal) (G1 Evacuation Pause)
[2025-04-27T07:30:12.930+0000][5913.811s][info ][gc,task     ] GC(91) Using 4 workers of 4 for evacuation
[2025-04-27T07:30:12.974+0000][5913.855s][info ][gc,phases   ] GC(91)   Pre Evacuate Collection Set: 4.2ms
[2025-04-27T07:30:12.974+0000][5913.855s][info ][gc,phases   ] GC(91)   Merge Heap Roots: 1.3ms
[2025-04-27T07:30:12.974+0000][5913.855s][info ][gc,phases   ] GC(91)   Evacuate Collection Set: 33.1ms
[2025-04-27T07:30:12.974+0000][5913.855s][info ][gc,phases   ] GC(91)   Post Evacuate Collection Set: 5.1ms
[2025-04-27T07:30:12.974+0000][5913.855s][info ][gc,phases   ] GC(91)   Other: 0.6ms
[2025-04-27T07:30:12.974+0000][5913.855s][info ][gc,heap     ] GC(91) Eden regions: 383->0(383)
[2025-04-27T07:30:12.974+0000][5913.855s][info ][gc,heap     ] GC(91) Survivor regions: 6->6(49)
[2025-04-27T07:30:12.974+0000][5913.855s][info ][gc,heap     ] GC(91) Old regions: 194->194
[2025-04-27T07:30:12.974+0000][5913.855s][info ][gc,heap     ] GC(91) Archive regions: 2->2
[2025-04-27T07:30:12.974+0000][5913.855s][info ][gc,heap     ] GC(91) Humongous regions: 0->0
[2025-04-27T07:30:12.974+0000][5913.855s][info ][gc,metaspace] GC(91) Metaspace: 198705K(200192K)->198705K(200192K) NonClass: 175047K(175808K)->175047K(175808K) Class: 23658K(24384K)->23658K(24384K)
[2025-04-27T07:30:12.974+0000][5913.855s][info ][gc          ] GC(91) Pause Young (Normal) (G1 Evacuation Pause) 582M->199M(657M) 44.399ms
[2025-04-27T07:30:12.974+0000][5913.855s][info ][gc,cpu      ] GC(91) User=0.07s Sys=0.00s Real=0.05s
[2025-04-27T07:30:12.975+0000][5913.855s][info ][safepoint   ] Safepoint "G1CollectForAllocation", Time since last: 126293919206 ns, Reaching safepoint: 259473 ns, Cleanup: 12876 ns, At safepoint: 45016483 ns, Total: 45288832 ns
[2025-04-27T07:30:28.977+0000][5929.858s][debug][safepoint   ] Safepoint synchronization initiated using futex wait barrier. (214 threads)
[2025-04-27T07:30:28.978+0000][5929.858s][info ][safepoint   ] Safepoint "Cleanup", Time since last: 16002772591 ns, Reaching safepoint: 202677 ns, Cleanup: 44644 ns, At safepoint: 25310 ns, Total: 272631 ns
[2025-04-27T07:31:48.796+0000][6009.677s][debug][safepoint   ] Safepoint synchronization initiated using futex wait barrier. (214 threads)
[2025-04-27T07:31:48.796+0000][6009.677s][info ][safepoint   ] Safepoint "Cleanup", Time since last: 79818460486 ns, Reaching safepoint: 283203 ns, Cleanup: 31869 ns, At safepoint: 21535 ns, Total: 336607 ns
[2025-04-27T09:22:33.738+0000][6055.702s][debug][safepoint   ] Safepoint synchronization initiated using futex wait barrier. (217 threads)
[2025-04-27T09:22:33.738+0000][6055.702s][info ][safepoint   ] Safepoint "Cleanup", Time since last: 46024640074 ns, Reaching safepoint: 286316 ns, Cleanup: 39963 ns, At safepoint: 22320 ns, Total: 348599 ns
[2025-04-27T09:23:35.770+0000][6117.734s][debug][safepoint   ] Safepoint synchronization initiated using futex wait barrier. (216 threads)
[2025-04-27T09:23:35.770+0000][6117.734s][info ][safepoint   ] Safepoint "Cleanup", Time since last: 62031634928 ns, Reaching safepoint: 100425 ns, Cleanup: 13972 ns, At safepoint: 6047 ns, Total: 120444 ns
[2025-04-27T09:24:58.029+0000][6199.993s][debug][safepoint   ] Safepoint synchronization initiated using futex wait barrier. (216 threads)
[2025-04-27T09:24:58.031+0000][6199.995s][info ][gc,start    ] GC(92) Pause Young (Normal) (G1 Evacuation Pause)
[2025-04-27T09:24:58.031+0000][6199.995s][info ][gc,task     ] GC(92) Using 4 workers of 4 for evacuation
[2025-04-27T09:24:58.117+0000][6200.081s][info ][gc,phases   ] GC(92)   Pre Evacuate Collection Set: 1.8ms
[2025-04-27T09:24:58.118+0000][6200.082s][info ][gc,phases   ] GC(92)   Merge Heap Roots: 1.1ms
[2025-04-27T09:24:58.118+0000][6200.082s][info ][gc,phases   ] GC(92)   Evacuate Collection Set: 68.1ms
[2025-04-27T09:24:58.118+0000][6200.082s][info ][gc,phases   ] GC(92)   Post Evacuate Collection Set: 14.8ms
[2025-04-27T09:24:58.118+0000][6200.082s][info ][gc,phases   ] GC(92)   Other: 0.9ms
[2025-04-27T09:24:58.118+0000][6200.082s][info ][gc,heap     ] GC(92) Eden regions: 383->0(383)
[2025-04-27T09:24:58.118+0000][6200.082s][info ][gc,heap     ] GC(92) Survivor regions: 6->6(49)
[2025-04-27T09:24:58.118+0000][6200.082s][info ][gc,heap     ] GC(92) Old regions: 194->194
[2025-04-27T09:24:58.118+0000][6200.082s][info ][gc,heap     ] GC(92) Archive regions: 2->2
[2025-04-27T09:24:58.118+0000][6200.082s][info ][gc,heap     ] GC(92) Humongous regions: 0->0
[2025-04-27T09:24:58.118+0000][6200.082s][info ][gc,metaspace] GC(92) Metaspace: 198717K(200192K)->198717K(200192K) NonClass: 175058K(175808K)->175058K(175808K) Class: 23658K(24384K)->23658K(24384K)
[2025-04-27T09:24:58.118+0000][6200.082s][info ][gc          ] GC(92) Pause Young (Normal) (G1 Evacuation Pause) 582M->199M(657M) 87.414ms
[2025-04-27T09:24:58.118+0000][6200.082s][info ][gc,cpu      ] GC(92) User=0.16s Sys=0.00s Real=0.08s
[2025-04-27T09:24:58.121+0000][6200.085s][info ][safepoint   ] Safepoint "G1CollectForAllocation", Time since last: 82259314078 ns, Reaching safepoint: 1307146 ns, Cleanup: 19061 ns, At safepoint: 89929473 ns, Total: 91255680 ns
[2025-04-27T09:25:33.125+0000][6235.089s][debug][safepoint   ] Safepoint synchronization initiated using futex wait barrier. (217 threads)
[2025-04-27T09:25:33.127+0000][6235.091s][info ][safepoint   ] Safepoint "Cleanup", Time since last: 35004378134 ns, Reaching safepoint: 1865145 ns, Cleanup: 78337 ns, At safepoint: 40258 ns, Total: 1983740 ns
[2025-04-27T09:28:03.164+0000][6385.128s][debug][safepoint   ] Safepoint synchronization initiated using futex wait barrier. (217 threads)
[2025-04-27T09:28:03.165+0000][6385.129s][info ][safepoint   ] Safepoint "Cleanup", Time since last: 150036929575 ns, Reaching safepoint: 915770 ns, Cleanup: 50073 ns, At safepoint: 20413 ns, Total: 986256 ns
[2025-04-27T09:29:15.175+0000][6457.139s][debug][safepoint   ] Safepoint synchronization initiated using futex wait barrier. (217 threads)
[2025-04-27T09:29:15.175+0000][6457.139s][info ][safepoint   ] Safepoint "Cleanup", Time since last: 72009937473 ns, Reaching safepoint: 134261 ns, Cleanup: 47341 ns, At safepoint: 13976 ns, Total: 195578 ns
[2025-04-27T09:29:41.962+0000][6483.926s][debug][safepoint   ] Safepoint synchronization initiated using futex wait barrier. (217 threads)
[2025-04-27T09:29:41.963+0000][6483.927s][info ][gc,start    ] GC(93) Pause Young (Normal) (G1 Evacuation Pause)
[2025-04-27T09:29:41.963+0000][6483.927s][info ][gc,task     ] GC(93) Using 4 workers of 4 for evacuation
[2025-04-27T09:29:42.018+0000][6483.982s][info ][gc,phases   ] GC(93)   Pre Evacuate Collection Set: 1.1ms
[2025-04-27T09:29:42.018+0000][6483.982s][info ][gc,phases   ] GC(93)   Merge Heap Roots: 0.7ms
[2025-04-27T09:29:42.019+0000][6483.983s][info ][gc,phases   ] GC(93)   Evacuate Collection Set: 39.4ms
[2025-04-27T09:29:42.019+0000][6483.983s][info ][gc,phases   ] GC(93)   Post Evacuate Collection Set: 13.1ms
[2025-04-27T09:29:42.019+0000][6483.983s][info ][gc,phases   ] GC(93)   Other: 0.8ms
[2025-04-27T09:29:42.019+0000][6483.983s][info ][gc,heap     ] GC(93) Eden regions: 383->0(385)
[2025-04-27T09:29:42.019+0000][6483.983s][info ][gc,heap     ] GC(93) Survivor regions: 6->5(49)
[2025-04-27T09:29:42.019+0000][6483.983s][info ][gc,heap     ] GC(93) Old regions: 194->194
[2025-04-27T09:29:42.019+0000][6483.983s][info ][gc,heap     ] GC(93) Archive regions: 2->2
[2025-04-27T09:29:42.019+0000][6483.983s][info ][gc,heap     ] GC(93) Humongous regions: 0->0
[2025-04-27T09:29:42.019+0000][6483.983s][info ][gc,metaspace] GC(93) Metaspace: 198725K(200192K)->198725K(200192K) NonClass: 175066K(175808K)->175066K(175808K) Class: 23658K(24384K)->23658K(24384K)
[2025-04-27T09:29:42.019+0000][6483.983s][info ][gc          ] GC(93) Pause Young (Normal) (G1 Evacuation Pause) 582M->199M(657M) 56.688ms
[2025-04-27T09:29:42.020+0000][6483.983s][info ][gc,cpu      ] GC(93) User=0.13s Sys=0.00s Real=0.05s
[2025-04-27T09:29:42.020+0000][6483.984s][info ][safepoint   ] Safepoint "G1CollectForAllocation", Time since last: 26787213530 ns, Reaching safepoint: 266981 ns, Cleanup: 15508 ns, At safepoint: 57793862 ns, Total: 58076351 ns
[2025-04-27T09:30:48.035+0000][6549.999s][debug][safepoint   ] Safepoint synchronization initiated using futex wait barrier. (217 threads)
[2025-04-27T09:30:48.036+0000][6550.000s][info ][safepoint   ] Safepoint "Cleanup", Time since last: 66014855941 ns, Reaching safepoint: 987600 ns, Cleanup: 34446 ns, At safepoint: 43897 ns, Total: 1065943 ns
[2025-04-27T09:34:27.484+0000][6769.448s][debug][safepoint   ] Safepoint synchronization initiated using futex wait barrier. (217 threads)
[2025-04-27T09:34:27.484+0000][6769.448s][info ][gc,start    ] GC(94) Pause Young (Normal) (G1 Evacuation Pause)
[2025-04-27T09:34:27.484+0000][6769.448s][info ][gc,task     ] GC(94) Using 4 workers of 4 for evacuation
[2025-04-27T09:34:27.510+0000][6769.474s][info ][gc,phases   ] GC(94)   Pre Evacuate Collection Set: 0.8ms
[2025-04-27T09:34:27.510+0000][6769.474s][info ][gc,phases   ] GC(94)   Merge Heap Roots: 0.6ms
[2025-04-27T09:34:27.510+0000][6769.474s][info ][gc,phases   ] GC(94)   Evacuate Collection Set: 19.6ms
[2025-04-27T09:34:27.510+0000][6769.474s][info ][gc,phases   ] GC(94)   Post Evacuate Collection Set: 4.8ms
[2025-04-27T09:34:27.510+0000][6769.474s][info ][gc,phases   ] GC(94)   Other: 0.4ms
[2025-04-27T09:34:27.510+0000][6769.474s][info ][gc,heap     ] GC(94) Eden regions: 385->0(385)
[2025-04-27T09:34:27.510+0000][6769.474s][info ][gc,heap     ] GC(94) Survivor regions: 5->5(49)
[2025-04-27T09:34:27.510+0000][6769.474s][info ][gc,heap     ] GC(94) Old regions: 194->194
[2025-04-27T09:34:27.510+0000][6769.474s][info ][gc,heap     ] GC(94) Archive regions: 2->2
[2025-04-27T09:34:27.510+0000][6769.474s][info ][gc,heap     ] GC(94) Humongous regions: 0->0
[2025-04-27T09:34:27.510+0000][6769.474s][info ][gc,metaspace] GC(94) Metaspace: 198728K(200192K)->198728K(200192K) NonClass: 175069K(175808K)->175069K(175808K) Class: 23659K(24384K)->23659K(24384K)
[2025-04-27T09:34:27.511+0000][6769.474s][info ][gc          ] GC(94) Pause Young (Normal) (G1 Evacuation Pause) 584M->199M(657M) 26.607ms
[2025-04-27T09:34:27.511+0000][6769.475s][info ][gc,cpu      ] GC(94) User=0.07s Sys=0.00s Real=0.03s
[2025-04-27T09:34:27.511+0000][6769.475s][info ][safepoint   ] Safepoint "G1CollectForAllocation", Time since last: 219447439773 ns, Reaching safepoint: 151561 ns, Cleanup: 8076 ns, At safepoint: 27315969 ns, Total: 27475606 ns
[2025-04-27T09:38:42.418+0000][7024.382s][debug][safepoint   ] Safepoint synchronization initiated using futex wait barrier. (217 threads)
[2025-04-27T09:38:42.419+0000][7024.383s][info ][safepoint   ] Safepoint "Cleanup", Time since last: 254907270948 ns, Reaching safepoint: 78870 ns, Cleanup: 18394 ns, At safepoint: 5787 ns, Total: 103051 ns
[2025-04-27T09:39:12.692+0000][7054.656s][debug][safepoint   ] Safepoint synchronization initiated using futex wait barrier. (217 threads)
[2025-04-27T09:39:12.692+0000][7054.656s][info ][gc,start    ] GC(95) Pause Young (Normal) (G1 Evacuation Pause)
[2025-04-27T09:39:12.692+0000][7054.656s][info ][gc,task     ] GC(95) Using 4 workers of 4 for evacuation
[2025-04-27T09:39:12.753+0000][7054.717s][info ][gc,phases   ] GC(95)   Pre Evacuate Collection Set: 0.7ms
[2025-04-27T09:39:12.753+0000][7054.717s][info ][gc,phases   ] GC(95)   Merge Heap Roots: 0.9ms
[2025-04-27T09:39:12.753+0000][7054.717s][info ][gc,phases   ] GC(95)   Evacuate Collection Set: 39.9ms
[2025-04-27T09:39:12.754+0000][7054.717s][info ][gc,phases   ] GC(95)   Post Evacuate Collection Set: 19.0ms
[2025-04-27T09:39:12.754+0000][7054.718s][info ][gc,phases   ] GC(95)   Other: 0.8ms
[2025-04-27T09:39:12.754+0000][7054.718s][info ][gc,heap     ] GC(95) Eden regions: 385->0(384)
[2025-04-27T09:39:12.754+0000][7054.718s][info ][gc,heap     ] GC(95) Survivor regions: 5->5(49)
[2025-04-27T09:39:12.754+0000][7054.718s][info ][gc,heap     ] GC(95) Old regions: 194->195
[2025-04-27T09:39:12.754+0000][7054.718s][info ][gc,heap     ] GC(95) Archive regions: 2->2
[2025-04-27T09:39:12.754+0000][7054.718s][info ][gc,heap     ] GC(95) Humongous regions: 0->0
[2025-04-27T09:39:12.754+0000][7054.718s][info ][gc,metaspace] GC(95) Metaspace: 198732K(200192K)->198732K(200192K) NonClass: 175073K(175808K)->175073K(175808K) Class: 23659K(24384K)->23659K(24384K)
[2025-04-27T09:39:12.754+0000][7054.718s][info ][gc          ] GC(95) Pause Young (Normal) (G1 Evacuation Pause) 584M->199M(657M) 61.985ms
[2025-04-27T09:39:12.754+0000][7054.718s][info ][gc,cpu      ] GC(95) User=0.12s Sys=0.01s Real=0.06s
[2025-04-27T09:39:12.756+0000][7054.720s][info ][safepoint   ] Safepoint "G1CollectForAllocation", Time since last: 30273075899 ns, Reaching safepoint: 249361 ns, Cleanup: 15149 ns, At safepoint: 64131114 ns, Total: 64395624 ns
[2025-04-27T09:40:33.484+0000][7135.448s][debug][safepoint   ] Safepoint synchronization initiated using futex wait barrier. (218 threads)
[2025-04-27T09:40:33.484+0000][7135.448s][info ][safepoint   ] Safepoint "Cleanup", Time since last: 80727801740 ns, Reaching safepoint: 52026 ns, Cleanup: 10010 ns, At safepoint: 3796 ns, Total: 65832 ns
[2025-04-27T09:41:30.521+0000][7192.485s][debug][safepoint   ] Safepoint synchronization initiated using futex wait barrier. (216 threads)
[2025-04-27T09:41:30.521+0000][7192.485s][info ][safepoint   ] Safepoint "Cleanup", Time since last: 57036985863 ns, Reaching safepoint: 318829 ns, Cleanup: 77024 ns, At safepoint: 28125 ns, Total: 423978 ns
[2025-04-27T09:41:59.524+0000][7221.488s][debug][safepoint   ] Safepoint synchronization initiated using futex wait barrier. (216 threads)
[2025-04-27T09:41:59.524+0000][7221.488s][debug][safepoint   ] ... found polling page loop exception at pc = 0x000076099cf71d6e, stub =0x000076099c98e400
[2025-04-27T09:41:59.524+0000][7221.488s][info ][safepoint   ] Safepoint "Cleanup", Time since last: 29002836111 ns, Reaching safepoint: 148841 ns, Cleanup: 27048 ns, At safepoint: 19877 ns, Total: 195766 ns
[2025-04-27T09:42:01.375+0000][7223.339s][debug][safepoint   ] Safepoint synchronization initiated using futex wait barrier. (218 threads)
[2025-04-27T09:42:01.375+0000][7223.339s][info ][safepoint   ] Safepoint "Cleanup", Time since last: 1850281441 ns, Reaching safepoint: 67895 ns, Cleanup: 93005 ns, At safepoint: 11141 ns, Total: 172041 ns
[2025-04-27T09:42:03.055+0000][7225.018s][debug][safepoint   ] Safepoint synchronization initiated using futex wait barrier. (219 threads)
[2025-04-27T09:42:03.055+0000][7225.019s][info ][gc,start    ] GC(96) Pause Young (Normal) (G1 Evacuation Pause)
[2025-04-27T09:42:03.055+0000][7225.019s][info ][gc,task     ] GC(96) Using 4 workers of 4 for evacuation
[2025-04-27T09:42:03.072+0000][7225.036s][info ][gc,phases   ] GC(96)   Pre Evacuate Collection Set: 0.3ms
[2025-04-27T09:42:03.073+0000][7225.037s][info ][gc,phases   ] GC(96)   Merge Heap Roots: 0.2ms
[2025-04-27T09:42:03.073+0000][7225.037s][info ][gc,phases   ] GC(96)   Evacuate Collection Set: 14.1ms
[2025-04-27T09:42:03.073+0000][7225.037s][info ][gc,phases   ] GC(96)   Post Evacuate Collection Set: 2.8ms
[2025-04-27T09:42:03.073+0000][7225.037s][info ][gc,phases   ] GC(96)   Other: 0.2ms
[2025-04-27T09:42:03.073+0000][7225.037s][info ][gc,heap     ] GC(96) Eden regions: 384->0(384)
[2025-04-27T09:42:03.073+0000][7225.037s][info ][gc,heap     ] GC(96) Survivor regions: 5->4(49)
[2025-04-27T09:42:03.073+0000][7225.037s][info ][gc,heap     ] GC(96) Old regions: 195->196
[2025-04-27T09:42:03.073+0000][7225.037s][info ][gc,heap     ] GC(96) Archive regions: 2->2
[2025-04-27T09:42:03.073+0000][7225.037s][info ][gc,heap     ] GC(96) Humongous regions: 16->0
[2025-04-27T09:42:03.073+0000][7225.037s][info ][gc,metaspace] GC(96) Metaspace: 199058K(200576K)->199058K(200576K) NonClass: 175375K(176128K)->175375K(176128K) Class: 23682K(24448K)->23682K(24448K)
[2025-04-27T09:42:03.073+0000][7225.037s][info ][gc          ] GC(96) Pause Young (Normal) (G1 Evacuation Pause) 599M->200M(657M) 18.092ms
[2025-04-27T09:42:03.073+0000][7225.037s][info ][gc,cpu      ] GC(96) User=0.04s Sys=0.00s Real=0.02s
[2025-04-27T09:42:03.073+0000][7225.037s][info ][safepoint   ] Safepoint "G1CollectForAllocation", Time since last: 1679735637 ns, Reaching safepoint: 181832 ns, Cleanup: 83289 ns, At safepoint: 18508328 ns, Total: 18773449 ns
[2025-04-27T09:42:04.076+0000][7226.040s][debug][safepoint   ] Safepoint synchronization initiated using futex wait barrier. (224 threads)
[2025-04-27T09:42:04.076+0000][7226.040s][info ][safepoint   ] Safepoint "Cleanup", Time since last: 1000345817 ns, Reaching safepoint: 2665667 ns, Cleanup: 62174 ns, At safepoint: 39176 ns, Total: 2767017 ns
[2025-04-27T09:42:05.503+0000][7227.467s][debug][safepoint   ] Safepoint synchronization initiated using futex wait barrier. (224 threads)
[2025-04-27T09:42:05.503+0000][7227.467s][info ][safepoint   ] Safepoint "Cleanup", Time since last: 1426584805 ns, Reaching safepoint: 96775 ns, Cleanup: 73869 ns, At safepoint: 12710 ns, Total: 183354 ns
[2025-04-27T09:42:09.504+0000][7231.467s][debug][safepoint   ] Safepoint synchronization initiated using futex wait barrier. (224 threads)
[2025-04-27T09:42:09.504+0000][7231.468s][info ][safepoint   ] Safepoint "Cleanup", Time since last: 4000358790 ns, Reaching safepoint: 156279 ns, Cleanup: 42965 ns, At safepoint: 32196 ns, Total: 231440 ns
[2025-04-27T09:42:10.504+0000][7232.468s][debug][safepoint   ] Safepoint synchronization initiated using futex wait barrier. (224 threads)
[2025-04-27T09:42:10.504+0000][7232.468s][info ][safepoint   ] Safepoint "Cleanup", Time since last: 1000139322 ns, Reaching safepoint: 90986 ns, Cleanup: 37688 ns, At safepoint: 7280 ns, Total: 135954 ns
[2025-04-27T09:42:11.504+0000][7233.468s][debug][safepoint   ] Safepoint synchronization initiated using futex wait barrier. (224 threads)
[2025-04-27T09:42:11.504+0000][7233.468s][info ][safepoint   ] Safepoint "Cleanup", Time since last: 1000177950 ns, Reaching safepoint: 75618 ns, Cleanup: 10660 ns, At safepoint: 4572 ns, Total: 90850 ns
[2025-04-27T09:42:13.505+0000][7235.468s][debug][safepoint   ] Safepoint synchronization initiated using futex wait barrier. (226 threads)
[2025-04-27T09:42:13.505+0000][7235.469s][info ][safepoint   ] Safepoint "Cleanup", Time since last: 2000200555 ns, Reaching safepoint: 70155 ns, Cleanup: 29462 ns, At safepoint: 5829 ns, Total: 105446 ns
[2025-04-27T09:42:16.505+0000][7238.469s][debug][safepoint   ] Safepoint synchronization initiated using futex wait barrier. (226 threads)
[2025-04-27T09:42:16.506+0000][7238.470s][info ][safepoint   ] Safepoint "Cleanup", Time since last: 3000611937 ns, Reaching safepoint: 494842 ns, Cleanup: 35023 ns, At safepoint: 86008 ns, Total: 615873 ns
[2025-04-27T09:42:17.506+0000][7239.470s][debug][safepoint   ] Safepoint synchronization initiated using futex wait barrier. (227 threads)
[2025-04-27T09:42:17.506+0000][7239.470s][info ][safepoint   ] Safepoint "Cleanup", Time since last: 1000170785 ns, Reaching safepoint: 111368 ns, Cleanup: 17904 ns, At safepoint: 8156 ns, Total: 137428 ns
[2025-04-27T09:42:18.506+0000][7240.470s][debug][safepoint   ] Safepoint synchronization initiated using futex wait barrier. (227 threads)
[2025-04-27T09:42:18.506+0000][7240.470s][info ][safepoint   ] Safepoint "Cleanup", Time since last: 1000125199 ns, Reaching safepoint: 163343 ns, Cleanup: 29658 ns, At safepoint: 13388 ns, Total: 206389 ns
[2025-04-27T09:42:23.507+0000][7245.471s][debug][safepoint   ] Safepoint synchronization initiated using futex wait barrier. (227 threads)
[2025-04-27T09:42:23.507+0000][7245.471s][info ][safepoint   ] Safepoint "Cleanup", Time since last: 5000604655 ns, Reaching safepoint: 273736 ns, Cleanup: 41381 ns, At safepoint: 22221 ns, Total: 337338 ns
[2025-04-27T09:42:25.508+0000][7247.472s][debug][safepoint   ] Safepoint synchronization initiated using futex wait barrier. (227 threads)
[2025-04-27T09:42:25.508+0000][7247.472s][info ][safepoint   ] Safepoint "Cleanup", Time since last: 2000223695 ns, Reaching safepoint: 95599 ns, Cleanup: 12898 ns, At safepoint: 6410 ns, Total: 114907 ns
[2025-04-27T09:42:28.508+0000][7250.472s][debug][safepoint   ] Safepoint synchronization initiated using futex wait barrier. (227 threads)
[2025-04-27T09:42:28.509+0000][7250.472s][info ][safepoint   ] Safepoint "Cleanup", Time since last: 3000499173 ns, Reaching safepoint: 192855 ns, Cleanup: 34853 ns, At safepoint: 20167 ns, Total: 247875 ns
[2025-04-27T09:42:34.509+0000][7256.473s][debug][safepoint   ] Safepoint synchronization initiated using futex wait barrier. (227 threads)
[2025-04-27T09:42:34.510+0000][7256.474s][info ][safepoint   ] Safepoint "Cleanup", Time since last: 6000812136 ns, Reaching safepoint: 244967 ns, Cleanup: 33315 ns, At safepoint: 24767 ns, Total: 303049 ns
[2025-04-27T09:42:35.510+0000][7257.474s][debug][safepoint   ] Safepoint synchronization initiated using futex wait barrier. (227 threads)
[2025-04-27T09:42:35.510+0000][7257.474s][info ][safepoint   ] Safepoint "Cleanup", Time since last: 1000153345 ns, Reaching safepoint: 118133 ns, Cleanup: 33416 ns, At safepoint: 7430 ns, Total: 158979 ns
[2025-04-27T09:42:36.510+0000][7258.474s][debug][safepoint   ] Safepoint synchronization initiated using futex wait barrier. (227 threads)
[2025-04-27T09:42:36.510+0000][7258.474s][info ][safepoint   ] Safepoint "Cleanup", Time since last: 1000115533 ns, Reaching safepoint: 81360 ns, Cleanup: 13742 ns, At safepoint: 6016 ns, Total: 101118 ns
[2025-04-27T09:42:40.511+0000][7262.475s][debug][safepoint   ] Safepoint synchronization initiated using futex wait barrier. (227 threads)
[2025-04-27T09:42:40.511+0000][7262.475s][info ][safepoint   ] Safepoint "Cleanup", Time since last: 4000767074 ns, Reaching safepoint: 84535 ns, Cleanup: 16970 ns, At safepoint: 16858 ns, Total: 118363 ns
[2025-04-27T09:42:41.511+0000][7263.475s][debug][safepoint   ] Safepoint synchronization initiated using futex wait barrier. (227 threads)
[2025-04-27T09:42:41.512+0000][7263.476s][info ][safepoint   ] Safepoint "Cleanup", Time since last: 1000207782 ns, Reaching safepoint: 207687 ns, Cleanup: 82184 ns, At safepoint: 16792 ns, Total: 306663 ns
[2025-04-27T09:42:47.588+0000][7269.552s][debug][safepoint   ] Safepoint synchronization initiated using futex wait barrier. (227 threads)
[2025-04-27T09:42:47.590+0000][7269.554s][info ][safepoint   ] Safepoint "Cleanup", Time since last: 6076693914 ns, Reaching safepoint: 1764091 ns, Cleanup: 39810 ns, At safepoint: 14050 ns, Total: 1817951 ns
[2025-04-27T09:42:48.590+0000][7270.554s][debug][safepoint   ] Safepoint synchronization initiated using futex wait barrier. (227 threads)
[2025-04-27T09:42:48.590+0000][7270.554s][info ][safepoint   ] Safepoint "Cleanup", Time since last: 1000184385 ns, Reaching safepoint: 64915 ns, Cleanup: 16002 ns, At safepoint: 5023 ns, Total: 85940 ns
[2025-04-27T09:42:49.590+0000][7271.554s][debug][safepoint   ] Safepoint synchronization initiated using futex wait barrier. (227 threads)
[2025-04-27T09:42:49.590+0000][7271.554s][info ][safepoint   ] Safepoint "Cleanup", Time since last: 1000084263 ns, Reaching safepoint: 64299 ns, Cleanup: 9249 ns, At safepoint: 5724 ns, Total: 79272 ns
[2025-04-27T09:42:52.591+0000][7274.555s][debug][safepoint   ] Safepoint synchronization initiated using futex wait barrier. (230 threads)
[2025-04-27T09:42:52.591+0000][7274.555s][info ][safepoint   ] Safepoint "Cleanup", Time since last: 3000409855 ns, Reaching safepoint: 268688 ns, Cleanup: 214257 ns, At safepoint: 32337 ns, Total: 515282 ns
[2025-04-27T09:42:54.592+0000][7276.556s][debug][safepoint   ] Safepoint synchronization initiated using futex wait barrier. (230 threads)
[2025-04-27T09:42:54.592+0000][7276.556s][info ][safepoint   ] Safepoint "Cleanup", Time since last: 2000724950 ns, Reaching safepoint: 84757 ns, Cleanup: 15609 ns, At safepoint: 5860 ns, Total: 106226 ns
[2025-04-27T09:42:56.592+0000][7278.556s][debug][safepoint   ] Safepoint synchronization initiated using futex wait barrier. (230 threads)
[2025-04-27T09:42:56.593+0000][7278.557s][info ][safepoint   ] Safepoint "Cleanup", Time since last: 2000173988 ns, Reaching safepoint: 87357 ns, Cleanup: 23086 ns, At safepoint: 4313 ns, Total: 114756 ns
[2025-04-27T09:42:57.292+0000][7279.256s][debug][safepoint   ] ... found polling page loop exception at pc = 0x000076099d256bb3, stub =0x000076099c98e400
[2025-04-27T09:42:58.293+0000][7280.257s][debug][safepoint   ] Safepoint synchronization initiated using futex wait barrier. (244 threads)
[2025-04-27T09:42:58.293+0000][7280.257s][info ][safepoint   ] Safepoint "Cleanup", Time since last: 1700248763 ns, Reaching safepoint: 186766 ns, Cleanup: 335701 ns, At safepoint: 41439 ns, Total: 563906 ns
[2025-04-27T09:43:00.294+0000][7282.258s][debug][safepoint   ] Safepoint synchronization initiated using futex wait barrier. (244 threads)
[2025-04-27T09:43:00.294+0000][7282.258s][info ][safepoint   ] Safepoint "Cleanup", Time since last: 2000443940 ns, Reaching safepoint: 264687 ns, Cleanup: 68565 ns, At safepoint: 26025 ns, Total: 359277 ns
[2025-04-27T09:43:09.295+0000][7291.259s][debug][safepoint   ] Safepoint synchronization initiated using futex wait barrier. (247 threads)
[2025-04-27T09:43:09.295+0000][7291.259s][info ][safepoint   ] Safepoint "Cleanup", Time since last: 9000959199 ns, Reaching safepoint: 79828 ns, Cleanup: 24818 ns, At safepoint: 8120 ns, Total: 112766 ns
[2025-04-27T09:43:45.618+0000][7327.581s][debug][safepoint   ] Safepoint synchronization initiated using futex wait barrier. (249 threads)
[2025-04-27T09:43:45.618+0000][7327.582s][info ][safepoint   ] Safepoint "Cleanup", Time since last: 36322288721 ns, Reaching safepoint: 146298 ns, Cleanup: 21150 ns, At safepoint: 20609 ns, Total: 188057 ns
[2025-04-27T09:43:48.618+0000][7330.582s][debug][safepoint   ] Safepoint synchronization initiated using futex wait barrier. (249 threads)
[2025-04-27T09:43:48.618+0000][7330.582s][info ][safepoint   ] Safepoint "Cleanup", Time since last: 3000454710 ns, Reaching safepoint: 108969 ns, Cleanup: 18366 ns, At safepoint: 7235 ns, Total: 134570 ns
[2025-04-27T09:43:51.619+0000][7333.583s][debug][safepoint   ] Safepoint synchronization initiated using futex wait barrier. (249 threads)
[2025-04-27T09:43:51.619+0000][7333.583s][info ][safepoint   ] Safepoint "Cleanup", Time since last: 3000301640 ns, Reaching safepoint: 104618 ns, Cleanup: 14667 ns, At safepoint: 6527 ns, Total: 125812 ns
[2025-04-27T09:43:57.619+0000][7339.583s][debug][safepoint   ] Safepoint synchronization initiated using futex wait barrier. (245 threads)
[2025-04-27T09:43:57.619+0000][7339.583s][info ][safepoint   ] Safepoint "Cleanup", Time since last: 6000527175 ns, Reaching safepoint: 62056 ns, Cleanup: 8830 ns, At safepoint: 4429 ns, Total: 75315 ns
[2025-04-27T09:44:02.620+0000][7344.584s][debug][safepoint   ] Safepoint synchronization initiated using futex wait barrier. (245 threads)
[2025-04-27T09:44:02.620+0000][7344.584s][info ][safepoint   ] Safepoint "Cleanup", Time since last: 5000507970 ns, Reaching safepoint: 90727 ns, Cleanup: 16528 ns, At safepoint: 6367 ns, Total: 113622 ns
[2025-04-27T09:44:45.031+0000][7386.995s][debug][safepoint   ] Safepoint synchronization initiated using futex wait barrier. (245 threads)
[2025-04-27T09:44:45.031+0000][7386.995s][info ][gc,start    ] GC(97) Pause Young (Normal) (G1 Evacuation Pause)
[2025-04-27T09:44:45.032+0000][7386.995s][info ][gc,task     ] GC(97) Using 4 workers of 4 for evacuation
[2025-04-27T09:44:45.084+0000][7387.048s][info ][gc,phases   ] GC(97)   Pre Evacuate Collection Set: 1.1ms
[2025-04-27T09:44:45.085+0000][7387.049s][info ][gc,phases   ] GC(97)   Merge Heap Roots: 1.3ms
[2025-04-27T09:44:45.085+0000][7387.049s][info ][gc,phases   ] GC(97)   Evacuate Collection Set: 42.4ms
[2025-04-27T09:44:45.085+0000][7387.049s][info ][gc,phases   ] GC(97)   Post Evacuate Collection Set: 7.5ms
[2025-04-27T09:44:45.085+0000][7387.049s][info ][gc,phases   ] GC(97)   Other: 0.8ms
[2025-04-27T09:44:45.085+0000][7387.049s][info ][gc,heap     ] GC(97) Eden regions: 384->0(382)
[2025-04-27T09:44:45.085+0000][7387.049s][info ][gc,heap     ] GC(97) Survivor regions: 4->5(49)
[2025-04-27T09:44:45.085+0000][7387.049s][info ][gc,heap     ] GC(97) Old regions: 196->197
[2025-04-27T09:44:45.085+0000][7387.049s][info ][gc,heap     ] GC(97) Archive regions: 2->2
[2025-04-27T09:44:45.085+0000][7387.049s][info ][gc,heap     ] GC(97) Humongous regions: 1->0
[2025-04-27T09:44:45.085+0000][7387.049s][info ][gc,metaspace] GC(97) Metaspace: 199382K(200896K)->199382K(200896K) NonClass: 175668K(176448K)->175668K(176448K) Class: 23713K(24448K)->23713K(24448K)
[2025-04-27T09:44:45.085+0000][7387.049s][info ][gc          ] GC(97) Pause Young (Normal) (G1 Evacuation Pause) 585M->202M(657M) 53.535ms
[2025-04-27T09:44:45.085+0000][7387.049s][info ][gc,cpu      ] GC(97) User=0.13s Sys=0.00s Real=0.05s
[2025-04-27T09:44:45.086+0000][7387.050s][info ][safepoint   ] Safepoint "G1CollectForAllocation", Time since last: 42410986620 ns, Reaching safepoint: 319504 ns, Cleanup: 15685 ns, At safepoint: 54988339 ns, Total: 55323528 ns
[2025-04-27T09:44:48.087+0000][7390.051s][debug][safepoint   ] Safepoint synchronization initiated using futex wait barrier. (245 threads)
[2025-04-27T09:44:48.087+0000][7390.051s][info ][safepoint   ] Safepoint "Cleanup", Time since last: 3000480369 ns, Reaching safepoint: 190268 ns, Cleanup: 57746 ns, At safepoint: 19036 ns, Total: 267050 ns
[2025-04-27T09:48:45.766+0000][7627.730s][debug][safepoint   ] Safepoint synchronization initiated using futex wait barrier. (242 threads)
[2025-04-27T09:48:45.766+0000][7627.730s][info ][safepoint   ] Safepoint "Cleanup", Time since last: 237679011807 ns, Reaching safepoint: 442610 ns, Cleanup: 20168 ns, At safepoint: 9775 ns, Total: 472553 ns
[2025-04-27T09:49:02.375+0000][7644.339s][debug][safepoint   ] Safepoint synchronization initiated using futex wait barrier. (241 threads)
[2025-04-27T09:49:02.375+0000][7644.339s][info ][gc,start    ] GC(98) Pause Young (Normal) (G1 Evacuation Pause)
[2025-04-27T09:49:02.375+0000][7644.339s][info ][gc,task     ] GC(98) Using 4 workers of 4 for evacuation
[2025-04-27T09:49:02.388+0000][7644.352s][info ][gc,phases   ] GC(98)   Pre Evacuate Collection Set: 0.2ms
[2025-04-27T09:49:02.388+0000][7644.352s][info ][gc,phases   ] GC(98)   Merge Heap Roots: 0.3ms
[2025-04-27T09:49:02.388+0000][7644.352s][info ][gc,phases   ] GC(98)   Evacuate Collection Set: 9.0ms
[2025-04-27T09:49:02.388+0000][7644.352s][info ][gc,phases   ] GC(98)   Post Evacuate Collection Set: 3.0ms
[2025-04-27T09:49:02.388+0000][7644.352s][info ][gc,phases   ] GC(98)   Other: 0.2ms
[2025-04-27T09:49:02.388+0000][7644.352s][info ][gc,heap     ] GC(98) Eden regions: 382->0(381)
[2025-04-27T09:49:02.388+0000][7644.352s][info ][gc,heap     ] GC(98) Survivor regions: 5->5(49)
[2025-04-27T09:49:02.388+0000][7644.352s][info ][gc,heap     ] GC(98) Old regions: 197->198
[2025-04-27T09:49:02.388+0000][7644.352s][info ][gc,heap     ] GC(98) Archive regions: 2->2
[2025-04-27T09:49:02.388+0000][7644.352s][info ][gc,heap     ] GC(98) Humongous regions: 2->0
[2025-04-27T09:49:02.388+0000][7644.352s][info ][gc,metaspace] GC(98) Metaspace: 199409K(200896K)->199409K(200896K) NonClass: 175695K(176448K)->175695K(176448K) Class: 23713K(24448K)->23713K(24448K)
[2025-04-27T09:49:02.388+0000][7644.352s][info ][gc          ] GC(98) Pause Young (Normal) (G1 Evacuation Pause) 586M->202M(657M) 12.924ms
[2025-04-27T09:49:02.388+0000][7644.352s][info ][gc,cpu      ] GC(98) User=0.02s Sys=0.00s Real=0.01s
[2025-04-27T09:49:02.388+0000][7644.352s][info ][safepoint   ] Safepoint "G1CollectForAllocation", Time since last: 16608477702 ns, Reaching safepoint: 97044 ns, Cleanup: 4615 ns, At safepoint: 13153173 ns, Total: 13254832 ns
[2025-04-27T09:49:45.800+0000][7687.764s][debug][safepoint   ] Safepoint synchronization initiated using futex wait barrier. (241 threads)
[2025-04-27T09:49:45.801+0000][7687.764s][info ][safepoint   ] Safepoint "Cleanup", Time since last: 43412199262 ns, Reaching safepoint: 74293 ns, Cleanup: 10465 ns, At safepoint: 5094 ns, Total: 89852 ns
[2025-04-27T09:49:52.803+0000][7694.767s][debug][safepoint   ] Safepoint synchronization initiated using futex wait barrier. (241 threads)
[2025-04-27T09:49:52.803+0000][7694.767s][info ][safepoint   ] Safepoint "Cleanup", Time since last: 7002425929 ns, Reaching safepoint: 85815 ns, Cleanup: 12105 ns, At safepoint: 5844 ns, Total: 103764 ns
[2025-04-27T09:50:54.842+0000][7756.806s][debug][safepoint   ] Safepoint synchronization initiated using futex wait barrier. (240 threads)
[2025-04-27T09:50:54.842+0000][7756.806s][info ][safepoint   ] Safepoint "Cleanup", Time since last: 62038920036 ns, Reaching safepoint: 62948 ns, Cleanup: 11156 ns, At safepoint: 6437 ns, Total: 80541 ns
[2025-04-27T09:51:00.843+0000][7762.807s][debug][safepoint   ] Safepoint synchronization initiated using futex wait barrier. (239 threads)
[2025-04-27T09:51:00.843+0000][7762.807s][info ][safepoint   ] Safepoint "Cleanup", Time since last: 6000550821 ns, Reaching safepoint: 59777 ns, Cleanup: 9005 ns, At safepoint: 5400 ns, Total: 74182 ns
[2025-04-27T09:51:43.867+0000][7805.831s][debug][safepoint   ] Safepoint synchronization initiated using futex wait barrier. (242 threads)
[2025-04-27T09:51:43.868+0000][7805.832s][info ][safepoint   ] Safepoint "Cleanup", Time since last: 43024747426 ns, Reaching safepoint: 188649 ns, Cleanup: 27778 ns, At safepoint: 12658 ns, Total: 229085 ns
[2025-04-27T09:52:06.870+0000][7828.834s][debug][safepoint   ] Safepoint synchronization initiated using futex wait barrier. (241 threads)
[2025-04-27T09:52:06.870+0000][7828.834s][info ][safepoint   ] Safepoint "Cleanup", Time since last: 23002380142 ns, Reaching safepoint: 114256 ns, Cleanup: 17739 ns, At safepoint: 5122 ns, Total: 137117 ns
[2025-04-27T09:52:48.893+0000][7870.857s][debug][safepoint   ] Safepoint synchronization initiated using futex wait barrier. (241 threads)
[2025-04-27T09:52:48.894+0000][7870.858s][info ][safepoint   ] Safepoint "Cleanup", Time since last: 42023275199 ns, Reaching safepoint: 92594 ns, Cleanup: 16086 ns, At safepoint: 8518 ns, Total: 117198 ns
[2025-04-27T09:53:16.375+0000][7898.339s][debug][safepoint   ] Safepoint synchronization initiated using futex wait barrier. (240 threads)
[2025-04-27T09:53:16.376+0000][7898.340s][info ][gc,start    ] GC(99) Pause Young (Normal) (G1 Evacuation Pause)
[2025-04-27T09:53:16.376+0000][7898.340s][info ][gc,task     ] GC(99) Using 4 workers of 4 for evacuation
[2025-04-27T09:53:16.413+0000][7898.376s][info ][gc,phases   ] GC(99)   Pre Evacuate Collection Set: 1.1ms
[2025-04-27T09:53:16.413+0000][7898.377s][info ][gc,phases   ] GC(99)   Merge Heap Roots: 1.5ms
[2025-04-27T09:53:16.413+0000][7898.377s][info ][gc,phases   ] GC(99)   Evacuate Collection Set: 28.9ms
[2025-04-27T09:53:16.413+0000][7898.377s][info ][gc,phases   ] GC(99)   Post Evacuate Collection Set: 4.3ms
[2025-04-27T09:53:16.413+0000][7898.377s][info ][gc,phases   ] GC(99)   Other: 0.8ms
[2025-04-27T09:53:16.413+0000][7898.377s][info ][gc,heap     ] GC(99) Eden regions: 381->0(381)
[2025-04-27T09:53:16.413+0000][7898.377s][info ][gc,heap     ] GC(99) Survivor regions: 5->5(49)
[2025-04-27T09:53:16.413+0000][7898.377s][info ][gc,heap     ] GC(99) Old regions: 198->198
[2025-04-27T09:53:16.413+0000][7898.377s][info ][gc,heap     ] GC(99) Archive regions: 2->2
[2025-04-27T09:53:16.413+0000][7898.377s][info ][gc,heap     ] GC(99) Humongous regions: 2->0
[2025-04-27T09:53:16.413+0000][7898.377s][info ][gc,metaspace] GC(99) Metaspace: 199464K(200960K)->199464K(200960K) NonClass: 175750K(176512K)->175750K(176512K) Class: 23713K(24448K)->23713K(24448K)
[2025-04-27T09:53:16.413+0000][7898.377s][info ][gc          ] GC(99) Pause Young (Normal) (G1 Evacuation Pause) 585M->201M(657M) 36.764ms
[2025-04-27T09:53:16.413+0000][7898.377s][info ][gc,cpu      ] GC(99) User=0.05s Sys=0.00s Real=0.04s
[2025-04-27T09:53:16.413+0000][7898.377s][info ][safepoint   ] Safepoint "G1CollectForAllocation", Time since last: 27481167781 ns, Reaching safepoint: 1136144 ns, Cleanup: 21839 ns, At safepoint: 37512808 ns, Total: 38670791 ns
[2025-04-27T09:54:20.923+0000][7962.887s][debug][safepoint   ] Safepoint synchronization initiated using futex wait barrier. (239 threads)
[2025-04-27T09:54:20.923+0000][7962.887s][info ][safepoint   ] Safepoint "Cleanup", Time since last: 64509395934 ns, Reaching safepoint: 90069 ns, Cleanup: 12378 ns, At safepoint: 5266 ns, Total: 107713 ns
[2025-04-27T09:55:07.953+0000][8009.917s][debug][safepoint   ] Safepoint synchronization initiated using futex wait barrier. (238 threads)
[2025-04-27T09:55:07.953+0000][8009.917s][info ][safepoint   ] Safepoint "Cleanup", Time since last: 47030038748 ns, Reaching safepoint: 65718 ns, Cleanup: 9100 ns, At safepoint: 3885 ns, Total: 78703 ns
[2025-04-27T09:57:06.005+0000][8127.969s][debug][safepoint   ] Safepoint synchronization initiated using futex wait barrier. (236 threads)
[2025-04-27T09:57:06.005+0000][8127.969s][info ][safepoint   ] Safepoint "Cleanup", Time since last: 118051521955 ns, Reaching safepoint: 393869 ns, Cleanup: 20689 ns, At safepoint: 21317 ns, Total: 435875 ns
[2025-04-27T09:57:11.007+0000][8132.971s][debug][safepoint   ] Safepoint synchronization initiated using futex wait barrier. (236 threads)
[2025-04-27T09:57:11.007+0000][8132.971s][info ][safepoint   ] Safepoint "Cleanup", Time since last: 5002005682 ns, Reaching safepoint: 106633 ns, Cleanup: 165606 ns, At safepoint: 16091 ns, Total: 288330 ns
[2025-04-27T09:57:29.379+0000][8151.343s][debug][safepoint   ] Safepoint synchronization initiated using futex wait barrier. (236 threads)
[2025-04-27T09:57:29.379+0000][8151.343s][info ][gc,start    ] GC(100) Pause Young (Normal) (G1 Evacuation Pause)
[2025-04-27T09:57:29.379+0000][8151.343s][info ][gc,task     ] GC(100) Using 4 workers of 4 for evacuation
[2025-04-27T09:57:29.391+0000][8151.355s][info ][gc,phases   ] GC(100)   Pre Evacuate Collection Set: 0.2ms
[2025-04-27T09:57:29.391+0000][8151.355s][info ][gc,phases   ] GC(100)   Merge Heap Roots: 0.1ms
[2025-04-27T09:57:29.391+0000][8151.355s][info ][gc,phases   ] GC(100)   Evacuate Collection Set: 8.0ms
[2025-04-27T09:57:29.391+0000][8151.355s][info ][gc,phases   ] GC(100)   Post Evacuate Collection Set: 3.3ms
[2025-04-27T09:57:29.391+0000][8151.355s][info ][gc,phases   ] GC(100)   Other: 0.2ms
[2025-04-27T09:57:29.391+0000][8151.355s][info ][gc,heap     ] GC(100) Eden regions: 381->0(383)
[2025-04-27T09:57:29.391+0000][8151.355s][info ][gc,heap     ] GC(100) Survivor regions: 5->4(49)
[2025-04-27T09:57:29.391+0000][8151.355s][info ][gc,heap     ] GC(100) Old regions: 198->198
[2025-04-27T09:57:29.391+0000][8151.355s][info ][gc,heap     ] GC(100) Archive regions: 2->2
[2025-04-27T09:57:29.391+0000][8151.355s][info ][gc,heap     ] GC(100) Humongous regions: 1->0
[2025-04-27T09:57:29.391+0000][8151.355s][info ][gc,metaspace] GC(100) Metaspace: 199480K(200960K)->199480K(200960K) NonClass: 175766K(176512K)->175766K(176512K) Class: 23713K(24448K)->23713K(24448K)
[2025-04-27T09:57:29.391+0000][8151.355s][info ][gc          ] GC(100) Pause Young (Normal) (G1 Evacuation Pause) 583M->201M(657M) 12.200ms
[2025-04-27T09:57:29.391+0000][8151.355s][info ][gc,cpu      ] GC(100) User=0.02s Sys=0.00s Real=0.02s
[2025-04-27T09:57:29.391+0000][8151.355s][info ][safepoint   ] Safepoint "G1CollectForAllocation", Time since last: 18371697117 ns, Reaching safepoint: 95086 ns, Cleanup: 5164 ns, At safepoint: 12356726 ns, Total: 12456976 ns
[2025-04-27T09:57:49.026+0000][8170.990s][debug][safepoint   ] Safepoint synchronization initiated using futex wait barrier. (236 threads)
[2025-04-27T09:57:49.026+0000][8170.990s][info ][safepoint   ] Safepoint "Cleanup", Time since last: 19634507501 ns, Reaching safepoint: 165088 ns, Cleanup: 59612 ns, At safepoint: 7197 ns, Total: 231897 ns
[2025-04-27T09:58:39.033+0000][8220.997s][debug][safepoint   ] Safepoint synchronization initiated using futex wait barrier. (235 threads)
[2025-04-27T09:58:39.033+0000][8220.997s][info ][safepoint   ] Safepoint "Cleanup", Time since last: 50006977271 ns, Reaching safepoint: 110909 ns, Cleanup: 11889 ns, At safepoint: 6789 ns, Total: 129587 ns
[2025-04-27T10:00:09.078+0000][8311.042s][debug][safepoint   ] Safepoint synchronization initiated using futex wait barrier. (234 threads)
[2025-04-27T10:00:09.078+0000][8311.042s][info ][safepoint   ] Safepoint "Cleanup", Time since last: 90044778366 ns, Reaching safepoint: 111500 ns, Cleanup: 16416 ns, At safepoint: 5053 ns, Total: 132969 ns
[2025-04-27T10:00:13.079+0000][8315.043s][debug][safepoint   ] Safepoint synchronization initiated using futex wait barrier. (238 threads)
[2025-04-27T10:00:13.079+0000][8315.043s][info ][safepoint   ] Safepoint "Cleanup", Time since last: 4000434832 ns, Reaching safepoint: 140097 ns, Cleanup: 193784 ns, At safepoint: 36535 ns, Total: 370416 ns
[2025-04-27T10:00:15.079+0000][8317.043s][debug][safepoint   ] Safepoint synchronization initiated using futex wait barrier. (238 threads)
[2025-04-27T10:00:15.079+0000][8317.043s][info ][safepoint   ] Safepoint "Cleanup", Time since last: 2000322804 ns, Reaching safepoint: 98988 ns, Cleanup: 54062 ns, At safepoint: 9477 ns, Total: 162527 ns
[2025-04-27T10:00:48.101+0000][8350.065s][debug][safepoint   ] Safepoint synchronization initiated using futex wait barrier. (238 threads)
[2025-04-27T10:00:48.101+0000][8350.065s][info ][safepoint   ] Safepoint "Cleanup", Time since last: 33021552161 ns, Reaching safepoint: 101038 ns, Cleanup: 12600 ns, At safepoint: 4236 ns, Total: 117874 ns
[2025-04-27T10:00:49.101+0000][8351.065s][debug][safepoint   ] Safepoint synchronization initiated using futex wait barrier. (238 threads)
[2025-04-27T10:00:49.101+0000][8351.065s][info ][safepoint   ] Safepoint "Cleanup", Time since last: 1000092432 ns, Reaching safepoint: 89265 ns, Cleanup: 13718 ns, At safepoint: 7164 ns, Total: 110147 ns
[2025-04-27T10:00:52.564+0000][8354.528s][debug][safepoint   ] Safepoint synchronization initiated using futex wait barrier. (238 threads)
[2025-04-27T10:00:52.564+0000][8354.528s][info ][safepoint   ] Safepoint "Cleanup", Time since last: 3463034177 ns, Reaching safepoint: 76596 ns, Cleanup: 34624 ns, At safepoint: 7832 ns, Total: 119052 ns
[2025-04-27T10:00:54.565+0000][8356.529s][debug][safepoint   ] Safepoint synchronization initiated using futex wait barrier. (238 threads)
[2025-04-27T10:00:54.565+0000][8356.529s][info ][safepoint   ] Safepoint "Cleanup", Time since last: 2000252342 ns, Reaching safepoint: 82018 ns, Cleanup: 11817 ns, At safepoint: 7066 ns, Total: 100901 ns
[2025-04-27T10:00:55.565+0000][8357.529s][debug][safepoint   ] Safepoint synchronization initiated using futex wait barrier. (238 threads)
[2025-04-27T10:00:55.565+0000][8357.529s][info ][safepoint   ] Safepoint "Cleanup", Time since last: 1000093551 ns, Reaching safepoint: 99188 ns, Cleanup: 14897 ns, At safepoint: 19031 ns, Total: 133116 ns
[2025-04-27T10:01:06.568+0000][8368.532s][debug][safepoint   ] Safepoint synchronization initiated using futex wait barrier. (238 threads)
[2025-04-27T10:01:06.568+0000][8368.532s][info ][safepoint   ] Safepoint "Cleanup", Time since last: 11003147183 ns, Reaching safepoint: 110787 ns, Cleanup: 13971 ns, At safepoint: 5765 ns, Total: 130523 ns
[2025-04-27T10:01:07.569+0000][8369.533s][debug][safepoint   ] Safepoint synchronization initiated using futex wait barrier. (238 threads)
[2025-04-27T10:01:07.569+0000][8369.533s][info ][safepoint   ] Safepoint "Cleanup", Time since last: 1000279731 ns, Reaching safepoint: 222455 ns, Cleanup: 14610 ns, At safepoint: 8464 ns, Total: 245529 ns
[2025-04-27T10:01:10.569+0000][8372.533s][debug][safepoint   ] Safepoint synchronization initiated using futex wait barrier. (238 threads)
[2025-04-27T10:01:10.569+0000][8372.533s][info ][safepoint   ] Safepoint "Cleanup", Time since last: 3000337825 ns, Reaching safepoint: 115084 ns, Cleanup: 15539 ns, At safepoint: 5902 ns, Total: 136525 ns
[2025-04-27T10:01:14.570+0000][8376.534s][debug][safepoint   ] Safepoint synchronization initiated using futex wait barrier. (238 threads)
[2025-04-27T10:01:14.570+0000][8376.534s][info ][safepoint   ] Safepoint "Cleanup", Time since last: 4000445533 ns, Reaching safepoint: 258737 ns, Cleanup: 30169 ns, At safepoint: 42889 ns, Total: 331795 ns
[2025-04-27T10:01:17.570+0000][8379.534s][debug][safepoint   ] Safepoint synchronization initiated using futex wait barrier. (238 threads)
[2025-04-27T10:01:17.571+0000][8379.535s][info ][safepoint   ] Safepoint "Cleanup", Time since last: 3000300734 ns, Reaching safepoint: 336155 ns, Cleanup: 46777 ns, At safepoint: 29869 ns, Total: 412801 ns
[2025-04-27T10:01:19.571+0000][8381.535s][debug][safepoint   ] Safepoint synchronization initiated using futex wait barrier. (238 threads)
[2025-04-27T10:01:19.571+0000][8381.535s][info ][safepoint   ] Safepoint "Cleanup", Time since last: 2000249393 ns, Reaching safepoint: 98319 ns, Cleanup: 21052 ns, At safepoint: 5486 ns, Total: 124857 ns
[2025-04-27T10:01:21.571+0000][8383.535s][debug][safepoint   ] Safepoint synchronization initiated using futex wait barrier. (238 threads)
[2025-04-27T10:01:21.571+0000][8383.535s][info ][safepoint   ] Safepoint "Cleanup", Time since last: 2000145805 ns, Reaching safepoint: 88558 ns, Cleanup: 30167 ns, At safepoint: 5302 ns, Total: 124027 ns
[2025-04-27T10:01:24.572+0000][8386.536s][debug][safepoint   ] Safepoint synchronization initiated using futex wait barrier. (238 threads)
[2025-04-27T10:01:24.572+0000][8386.536s][info ][safepoint   ] Safepoint "Cleanup", Time since last: 3000361678 ns, Reaching safepoint: 78922 ns, Cleanup: 38271 ns, At safepoint: 5608 ns, Total: 122801 ns
[2025-04-27T10:01:27.572+0000][8389.536s][debug][safepoint   ] Safepoint synchronization initiated using futex wait barrier. (238 threads)
[2025-04-27T10:01:27.572+0000][8389.536s][info ][safepoint   ] Safepoint "Cleanup", Time since last: 3000304908 ns, Reaching safepoint: 84367 ns, Cleanup: 11744 ns, At safepoint: 6560 ns, Total: 102671 ns
[2025-04-27T10:01:39.021+0000][8400.985s][debug][safepoint   ] Safepoint synchronization initiated using futex wait barrier. (235 threads)
[2025-04-27T10:01:39.021+0000][8400.985s][info ][safepoint   ] Safepoint "Cleanup", Time since last: 11448343374 ns, Reaching safepoint: 144537 ns, Cleanup: 15305 ns, At safepoint: 19484 ns, Total: 179326 ns
[2025-04-27T10:01:40.021+0000][8401.985s][debug][safepoint   ] Safepoint synchronization initiated using futex wait barrier. (235 threads)
[2025-04-27T10:01:40.022+0000][8401.986s][info ][safepoint   ] Safepoint "Cleanup", Time since last: 1000274733 ns, Reaching safepoint: 304190 ns, Cleanup: 115088 ns, At safepoint: 37993 ns, Total: 457271 ns
[2025-04-27T10:01:42.870+0000][8404.834s][debug][safepoint   ] Safepoint synchronization initiated using futex wait barrier. (235 threads)
[2025-04-27T10:01:42.870+0000][8404.834s][info ][gc,start    ] GC(101) Pause Young (Normal) (G1 Evacuation Pause)
[2025-04-27T10:01:42.870+0000][8404.834s][info ][gc,task     ] GC(101) Using 4 workers of 4 for evacuation
[2025-04-27T10:01:42.917+0000][8404.881s][info ][gc,phases   ] GC(101)   Pre Evacuate Collection Set: 2.1ms
[2025-04-27T10:01:42.917+0000][8404.881s][info ][gc,phases   ] GC(101)   Merge Heap Roots: 0.9ms
[2025-04-27T10:01:42.917+0000][8404.881s][info ][gc,phases   ] GC(101)   Evacuate Collection Set: 35.6ms
[2025-04-27T10:01:42.918+0000][8404.881s][info ][gc,phases   ] GC(101)   Post Evacuate Collection Set: 6.7ms
[2025-04-27T10:01:42.918+0000][8404.882s][info ][gc,phases   ] GC(101)   Other: 2.2ms
[2025-04-27T10:01:42.918+0000][8404.882s][info ][gc,heap     ] GC(101) Eden regions: 383->0(381)
[2025-04-27T10:01:42.918+0000][8404.882s][info ][gc,heap     ] GC(101) Survivor regions: 4->5(49)
[2025-04-27T10:01:42.918+0000][8404.882s][info ][gc,heap     ] GC(101) Old regions: 198->198
[2025-04-27T10:01:42.918+0000][8404.882s][info ][gc,heap     ] GC(101) Archive regions: 2->2
[2025-04-27T10:01:42.918+0000][8404.882s][info ][gc,heap     ] GC(101) Humongous regions: 1->0
[2025-04-27T10:01:42.918+0000][8404.882s][info ][gc,metaspace] GC(101) Metaspace: 199703K(201216K)->199703K(201216K) NonClass: 175958K(176704K)->175958K(176704K) Class: 23744K(24512K)->23744K(24512K)
[2025-04-27T10:01:42.918+0000][8404.882s][info ][gc          ] GC(101) Pause Young (Normal) (G1 Evacuation Pause) 585M->202M(657M) 47.768ms
[2025-04-27T10:01:42.918+0000][8404.882s][info ][gc,cpu      ] GC(101) User=0.11s Sys=0.00s Real=0.05s
[2025-04-27T10:01:42.919+0000][8404.882s][info ][safepoint   ] Safepoint "G1CollectForAllocation", Time since last: 2847917029 ns, Reaching safepoint: 297847 ns, Cleanup: 15189 ns, At safepoint: 48665584 ns, Total: 48978620 ns
[2025-04-27T10:01:48.137+0000][8410.101s][debug][safepoint   ] Safepoint synchronization initiated using futex wait barrier. (235 threads)
[2025-04-27T10:01:48.137+0000][8410.101s][info ][safepoint   ] Safepoint "Cleanup", Time since last: 5218424808 ns, Reaching safepoint: 64588 ns, Cleanup: 15802 ns, At safepoint: 5828 ns, Total: 86218 ns
[2025-04-27T10:01:50.137+0000][8412.101s][debug][safepoint   ] Safepoint synchronization initiated using futex wait barrier. (235 threads)
[2025-04-27T10:01:50.138+0000][8412.102s][info ][safepoint   ] Safepoint "Cleanup", Time since last: 2000323633 ns, Reaching safepoint: 177029 ns, Cleanup: 17103 ns, At safepoint: 8858 ns, Total: 202990 ns
[2025-04-27T10:02:00.141+0000][8422.104s][debug][safepoint   ] Safepoint synchronization initiated using futex wait barrier. (235 threads)
[2025-04-27T10:02:00.141+0000][8422.105s][info ][safepoint   ] Safepoint "Cleanup", Time since last: 10002968499 ns, Reaching safepoint: 68732 ns, Cleanup: 11755 ns, At safepoint: 4220 ns, Total: 84707 ns
[2025-04-27T10:02:01.141+0000][8423.105s][debug][safepoint   ] Safepoint synchronization initiated using futex wait barrier. (235 threads)
[2025-04-27T10:02:01.141+0000][8423.105s][info ][safepoint   ] Safepoint "Cleanup", Time since last: 1000076806 ns, Reaching safepoint: 177936 ns, Cleanup: 21493 ns, At safepoint: 10112 ns, Total: 209541 ns
[2025-04-27T10:02:05.141+0000][8427.105s][debug][safepoint   ] Safepoint synchronization initiated using futex wait barrier. (235 threads)
[2025-04-27T10:02:05.142+0000][8427.106s][info ][safepoint   ] Safepoint "Cleanup", Time since last: 4000447843 ns, Reaching safepoint: 238909 ns, Cleanup: 50622 ns, At safepoint: 15605 ns, Total: 305136 ns
[2025-04-27T10:02:11.143+0000][8433.107s][debug][safepoint   ] Safepoint synchronization initiated using futex wait barrier. (235 threads)
[2025-04-27T10:02:11.143+0000][8433.107s][info ][safepoint   ] Safepoint "Cleanup", Time since last: 6000895418 ns, Reaching safepoint: 74025 ns, Cleanup: 19538 ns, At safepoint: 6262 ns, Total: 99825 ns
[2025-04-27T10:02:14.143+0000][8436.107s][debug][safepoint   ] Safepoint synchronization initiated using futex wait barrier. (235 threads)
[2025-04-27T10:02:14.143+0000][8436.107s][info ][safepoint   ] Safepoint "Cleanup", Time since last: 3000643689 ns, Reaching safepoint: 104338 ns, Cleanup: 19641 ns, At safepoint: 8916 ns, Total: 132895 ns
[2025-04-27T10:02:15.144+0000][8437.107s][debug][safepoint   ] Safepoint synchronization initiated using futex wait barrier. (235 threads)
[2025-04-27T10:02:15.144+0000][8437.108s][info ][safepoint   ] Safepoint "Cleanup", Time since last: 1000106654 ns, Reaching safepoint: 93332 ns, Cleanup: 15167 ns, At safepoint: 9187 ns, Total: 117686 ns
[2025-04-27T10:02:19.144+0000][8441.108s][debug][safepoint   ] Safepoint synchronization initiated using futex wait barrier. (235 threads)
[2025-04-27T10:02:19.145+0000][8441.108s][info ][safepoint   ] Safepoint "Cleanup", Time since last: 4000506423 ns, Reaching safepoint: 286627 ns, Cleanup: 35312 ns, At safepoint: 31698 ns, Total: 353637 ns
[2025-04-27T10:02:21.145+0000][8443.109s][debug][safepoint   ] Safepoint synchronization initiated using futex wait barrier. (235 threads)
[2025-04-27T10:02:21.145+0000][8443.109s][info ][safepoint   ] Safepoint "Cleanup", Time since last: 2000312358 ns, Reaching safepoint: 224566 ns, Cleanup: 26531 ns, At safepoint: 46014 ns, Total: 297111 ns
[2025-04-27T10:02:27.146+0000][8449.110s][debug][safepoint   ] Safepoint synchronization initiated using futex wait barrier. (235 threads)
[2025-04-27T10:02:27.147+0000][8449.110s][info ][safepoint   ] Safepoint "Cleanup", Time since last: 6001284687 ns, Reaching safepoint: 83974 ns, Cleanup: 14082 ns, At safepoint: 6129 ns, Total: 104185 ns
[2025-04-27T10:02:28.809+0000][8450.772s][debug][safepoint   ] Safepoint synchronization initiated using futex wait barrier. (247 threads)
[2025-04-27T10:02:28.809+0000][8450.773s][info ][safepoint   ] Safepoint "Cleanup", Time since last: 1661987955 ns, Reaching safepoint: 67322 ns, Cleanup: 21753 ns, At safepoint: 5106 ns, Total: 94181 ns
[2025-04-27T10:02:34.809+0000][8456.773s][debug][safepoint   ] Safepoint synchronization initiated using futex wait barrier. (247 threads)
[2025-04-27T10:02:34.809+0000][8456.773s][info ][safepoint   ] Safepoint "Cleanup", Time since last: 6000453812 ns, Reaching safepoint: 64586 ns, Cleanup: 11768 ns, At safepoint: 4857 ns, Total: 81211 ns
[2025-04-27T10:02:36.809+0000][8458.773s][debug][safepoint   ] Safepoint synchronization initiated using futex wait barrier. (247 threads)
[2025-04-27T10:02:36.809+0000][8458.773s][info ][safepoint   ] Safepoint "Cleanup", Time since last: 2000131068 ns, Reaching safepoint: 99008 ns, Cleanup: 12230 ns, At safepoint: 5973 ns, Total: 117211 ns
[2025-04-27T10:02:46.169+0000][8468.133s][debug][safepoint   ] Safepoint synchronization initiated using futex wait barrier. (250 threads)
[2025-04-27T10:02:46.169+0000][8468.133s][info ][safepoint   ] Safepoint "Cleanup", Time since last: 9359458751 ns, Reaching safepoint: 115466 ns, Cleanup: 14425 ns, At safepoint: 7275 ns, Total: 137166 ns
[2025-04-27T10:02:51.169+0000][8473.133s][debug][safepoint   ] Safepoint synchronization initiated using futex wait barrier. (250 threads)
[2025-04-27T10:02:51.170+0000][8473.134s][info ][safepoint   ] Safepoint "Cleanup", Time since last: 5000504369 ns, Reaching safepoint: 114061 ns, Cleanup: 27607 ns, At safepoint: 9054 ns, Total: 150722 ns
[2025-04-27T10:02:54.170+0000][8476.134s][debug][safepoint   ] Safepoint synchronization initiated using futex wait barrier. (250 threads)
[2025-04-27T10:02:54.170+0000][8476.134s][info ][safepoint   ] Safepoint "Cleanup", Time since last: 3000366165 ns, Reaching safepoint: 146790 ns, Cleanup: 15381 ns, At safepoint: 17009 ns, Total: 179180 ns
[2025-04-27T10:02:56.170+0000][8478.134s][debug][safepoint   ] Safepoint synchronization initiated using futex wait barrier. (250 threads)
[2025-04-27T10:02:56.170+0000][8478.134s][info ][safepoint   ] Safepoint "Cleanup", Time since last: 2000201464 ns, Reaching safepoint: 79261 ns, Cleanup: 13930 ns, At safepoint: 7487 ns, Total: 100678 ns
[2025-04-27T10:02:58.171+0000][8480.135s][debug][safepoint   ] Safepoint synchronization initiated using futex wait barrier. (250 threads)
[2025-04-27T10:02:58.171+0000][8480.135s][info ][safepoint   ] Safepoint "Cleanup", Time since last: 2000287800 ns, Reaching safepoint: 92863 ns, Cleanup: 15440 ns, At safepoint: 5311 ns, Total: 113614 ns
[2025-04-27T10:03:02.171+0000][8484.135s][debug][safepoint   ] Safepoint synchronization initiated using futex wait barrier. (250 threads)
[2025-04-27T10:03:02.171+0000][8484.135s][info ][safepoint   ] Safepoint "Cleanup", Time since last: 4000321121 ns, Reaching safepoint: 103295 ns, Cleanup: 12344 ns, At safepoint: 6634 ns, Total: 122273 ns
[2025-04-27T10:03:03.171+0000][8485.135s][debug][safepoint   ] Safepoint synchronization initiated using futex wait barrier. (250 threads)
[2025-04-27T10:03:03.172+0000][8485.136s][info ][safepoint   ] Safepoint "Cleanup", Time since last: 1000096487 ns, Reaching safepoint: 103659 ns, Cleanup: 13270 ns, At safepoint: 6322 ns, Total: 123251 ns
[2025-04-27T10:03:06.172+0000][8488.136s][debug][safepoint   ] Safepoint synchronization initiated using futex wait barrier. (250 threads)
[2025-04-27T10:03:06.172+0000][8488.136s][info ][safepoint   ] Safepoint "Cleanup", Time since last: 3000275439 ns, Reaching safepoint: 391326 ns, Cleanup: 40257 ns, At safepoint: 29107 ns, Total: 460690 ns
[2025-04-27T10:03:09.173+0000][8491.137s][debug][safepoint   ] Safepoint synchronization initiated using futex wait barrier. (250 threads)
[2025-04-27T10:03:09.173+0000][8491.137s][info ][safepoint   ] Safepoint "Cleanup", Time since last: 3000410260 ns, Reaching safepoint: 97017 ns, Cleanup: 13483 ns, At safepoint: 9595 ns, Total: 120095 ns
[2025-04-27T10:03:10.173+0000][8492.137s][debug][safepoint   ] Safepoint synchronization initiated using futex wait barrier. (250 threads)
[2025-04-27T10:03:10.173+0000][8492.137s][info ][safepoint   ] Safepoint "Cleanup", Time since last: 1000095302 ns, Reaching safepoint: 101222 ns, Cleanup: 18826 ns, At safepoint: 6140 ns, Total: 126188 ns
[2025-04-27T10:03:13.173+0000][8495.137s][debug][safepoint   ] Safepoint synchronization initiated using futex wait barrier. (250 threads)
[2025-04-27T10:03:13.173+0000][8495.137s][info ][safepoint   ] Safepoint "Cleanup", Time since last: 3000207730 ns, Reaching safepoint: 68837 ns, Cleanup: 15290 ns, At safepoint: 6569 ns, Total: 90696 ns
[2025-04-27T10:03:14.173+0000][8496.137s][debug][safepoint   ] Safepoint synchronization initiated using futex wait barrier. (250 threads)
[2025-04-27T10:03:14.174+0000][8496.138s][info ][safepoint   ] Safepoint "Cleanup", Time since last: 1000093456 ns, Reaching safepoint: 99671 ns, Cleanup: 13928 ns, At safepoint: 7628 ns, Total: 121227 ns
[2025-04-27T10:03:15.174+0000][8497.138s][debug][safepoint   ] Safepoint synchronization initiated using futex wait barrier. (250 threads)
[2025-04-27T10:03:15.174+0000][8497.138s][info ][safepoint   ] Safepoint "Cleanup", Time since last: 1000093842 ns, Reaching safepoint: 88956 ns, Cleanup: 17090 ns, At safepoint: 7148 ns, Total: 113194 ns
[2025-04-27T10:03:34.175+0000][8516.139s][debug][safepoint   ] Safepoint synchronization initiated using futex wait barrier. (250 threads)
[2025-04-27T10:03:34.175+0000][8516.139s][info ][safepoint   ] Safepoint "Cleanup", Time since last: 19001553581 ns, Reaching safepoint: 108588 ns, Cleanup: 23446 ns, At safepoint: 7155 ns, Total: 139189 ns
[2025-04-27T10:03:46.208+0000][8528.172s][debug][safepoint   ] Safepoint synchronization initiated using futex wait barrier. (250 threads)
[2025-04-27T10:03:46.208+0000][8528.172s][info ][safepoint   ] Safepoint "Cleanup", Time since last: 12032161039 ns, Reaching safepoint: 73564 ns, Cleanup: 14322 ns, At safepoint: 7789 ns, Total: 95675 ns
[2025-04-27T10:03:51.208+0000][8533.172s][debug][safepoint   ] Safepoint synchronization initiated using futex wait barrier. (253 threads)
[2025-04-27T10:03:51.208+0000][8533.172s][info ][safepoint   ] Safepoint "Cleanup", Time since last: 5000403915 ns, Reaching safepoint: 113377 ns, Cleanup: 21509 ns, At safepoint: 7023 ns, Total: 141909 ns
[2025-04-27T10:04:01.209+0000][8543.173s][debug][safepoint   ] Safepoint synchronization initiated using futex wait barrier. (253 threads)
[2025-04-27T10:04:01.209+0000][8543.173s][info ][safepoint   ] Safepoint "Cleanup", Time since last: 10000890484 ns, Reaching safepoint: 115111 ns, Cleanup: 11529 ns, At safepoint: 16323 ns, Total: 142963 ns
[2025-04-27T10:04:46.233+0000][8588.197s][debug][safepoint   ] Safepoint synchronization initiated using futex wait barrier. (253 threads)
[2025-04-27T10:04:46.233+0000][8588.197s][info ][safepoint   ] Safepoint "Cleanup", Time since last: 45024018599 ns, Reaching safepoint: 95230 ns, Cleanup: 17457 ns, At safepoint: 9705 ns, Total: 122392 ns
[2025-04-27T10:05:05.236+0000][8607.200s][debug][safepoint   ] Safepoint synchronization initiated using futex wait barrier. (249 threads)
[2025-04-27T10:05:05.236+0000][8607.200s][info ][safepoint   ] Safepoint "Cleanup", Time since last: 19002148083 ns, Reaching safepoint: 103388 ns, Cleanup: 25570 ns, At safepoint: 4803 ns, Total: 133761 ns
[2025-04-27T10:05:46.280+0000][8648.243s][debug][safepoint   ] Safepoint synchronization initiated using futex wait barrier. (249 threads)
[2025-04-27T10:05:46.283+0000][8648.247s][info ][gc,start    ] GC(102) Pause Young (Normal) (G1 Evacuation Pause)
[2025-04-27T10:05:46.283+0000][8648.247s][info ][gc,task     ] GC(102) Using 4 workers of 4 for evacuation
[2025-04-27T10:05:46.319+0000][8648.283s][info ][gc,phases   ] GC(102)   Pre Evacuate Collection Set: 2.0ms
[2025-04-27T10:05:46.319+0000][8648.283s][info ][gc,phases   ] GC(102)   Merge Heap Roots: 0.6ms
[2025-04-27T10:05:46.319+0000][8648.283s][info ][gc,phases   ] GC(102)   Evacuate Collection Set: 26.9ms
[2025-04-27T10:05:46.320+0000][8648.283s][info ][gc,phases   ] GC(102)   Post Evacuate Collection Set: 5.9ms
[2025-04-27T10:05:46.320+0000][8648.284s][info ][gc,phases   ] GC(102)   Other: 0.9ms
[2025-04-27T10:05:46.320+0000][8648.284s][info ][gc,heap     ] GC(102) Eden regions: 381->0(381)
[2025-04-27T10:05:46.320+0000][8648.284s][info ][gc,heap     ] GC(102) Survivor regions: 5->5(49)
[2025-04-27T10:05:46.320+0000][8648.284s][info ][gc,heap     ] GC(102) Old regions: 198->198
[2025-04-27T10:05:46.320+0000][8648.284s][info ][gc,heap     ] GC(102) Archive regions: 2->2
[2025-04-27T10:05:46.320+0000][8648.284s][info ][gc,heap     ] GC(102) Humongous regions: 1->0
[2025-04-27T10:05:46.320+0000][8648.284s][info ][gc,metaspace] GC(102) Metaspace: 199844K(201408K)->199844K(201408K) NonClass: 176093K(176896K)->176093K(176896K) Class: 23751K(24512K)->23751K(24512K)
[2025-04-27T10:05:46.320+0000][8648.284s][info ][gc          ] GC(102) Pause Young (Normal) (G1 Evacuation Pause) 584M->202M(657M) 37.237ms
[2025-04-27T10:05:46.320+0000][8648.284s][info ][gc,cpu      ] GC(102) User=0.05s Sys=0.00s Real=0.03s
[2025-04-27T10:05:46.321+0000][8648.285s][info ][safepoint   ] Safepoint "G1CollectForAllocation", Time since last: 41043799114 ns, Reaching safepoint: 3022615 ns, Cleanup: 27568 ns, At safepoint: 38254667 ns, Total: 41304850 ns
[2025-04-27T10:05:47.321+0000][8649.285s][debug][safepoint   ] Safepoint synchronization initiated using futex wait barrier. (249 threads)
[2025-04-27T10:05:47.321+0000][8649.285s][info ][safepoint   ] Safepoint "Cleanup", Time since last: 1000196405 ns, Reaching safepoint: 158743 ns, Cleanup: 33081 ns, At safepoint: 21280 ns, Total: 213104 ns
[2025-04-27T10:07:13.312+0000][8735.276s][debug][safepoint   ] Safepoint synchronization initiated using futex wait barrier. (247 threads)
[2025-04-27T10:07:13.312+0000][8735.276s][info ][safepoint   ] Safepoint "Cleanup", Time since last: 85990957467 ns, Reaching safepoint: 235194 ns, Cleanup: 37628 ns, At safepoint: 24721 ns, Total: 297543 ns
[2025-04-27T10:07:21.313+0000][8743.277s][debug][safepoint   ] Safepoint synchronization initiated using futex wait barrier. (250 threads)
[2025-04-27T10:07:21.314+0000][8743.278s][info ][safepoint   ] Safepoint "Cleanup", Time since last: 8000895661 ns, Reaching safepoint: 297159 ns, Cleanup: 52768 ns, At safepoint: 41390 ns, Total: 391317 ns
[2025-04-27T10:07:33.315+0000][8755.279s][debug][safepoint   ] Safepoint synchronization initiated using futex wait barrier. (250 threads)
[2025-04-27T10:07:33.315+0000][8755.279s][info ][safepoint   ] Safepoint "Cleanup", Time since last: 12001134617 ns, Reaching safepoint: 130572 ns, Cleanup: 18780 ns, At safepoint: 9699 ns, Total: 159051 ns
[2025-04-27T10:07:53.350+0000][8775.314s][debug][safepoint   ] Safepoint synchronization initiated using futex wait barrier. (250 threads)
[2025-04-27T10:07:53.351+0000][8775.315s][info ][safepoint   ] Safepoint "Cleanup", Time since last: 20035032960 ns, Reaching safepoint: 531274 ns, Cleanup: 116327 ns, At safepoint: 24850 ns, Total: 672451 ns
[2025-04-27T10:08:45.390+0000][8827.354s][debug][safepoint   ] Safepoint synchronization initiated using futex wait barrier. (249 threads)
[2025-04-27T10:08:45.390+0000][8827.354s][info ][safepoint   ] Safepoint "Cleanup", Time since last: 52039112566 ns, Reaching safepoint: 108873 ns, Cleanup: 15899 ns, At safepoint: 10880 ns, Total: 135652 ns
[2025-04-27T10:08:54.391+0000][8836.355s][debug][safepoint   ] Safepoint synchronization initiated using futex wait barrier. (249 threads)
[2025-04-27T10:08:54.391+0000][8836.355s][info ][safepoint   ] Safepoint "Cleanup", Time since last: 9001066778 ns, Reaching safepoint: 328209 ns, Cleanup: 47145 ns, At safepoint: 28755 ns, Total: 404109 ns
[2025-04-27T10:08:56.392+0000][8838.356s][debug][safepoint   ] Safepoint synchronization initiated using futex wait barrier. (249 threads)
[2025-04-27T10:08:56.392+0000][8838.356s][info ][safepoint   ] Safepoint "Cleanup", Time since last: 2000339238 ns, Reaching safepoint: 244138 ns, Cleanup: 97064 ns, At safepoint: 35228 ns, Total: 376430 ns
[2025-04-27T10:09:19.395+0000][8861.359s][debug][safepoint   ] Safepoint synchronization initiated using futex wait barrier. (251 threads)
[2025-04-27T10:09:19.395+0000][8861.359s][info ][safepoint   ] Safepoint "Cleanup", Time since last: 23002386779 ns, Reaching safepoint: 269654 ns, Cleanup: 43352 ns, At safepoint: 25738 ns, Total: 338744 ns
[2025-04-27T10:09:28.396+0000][8870.360s][debug][safepoint   ] Safepoint synchronization initiated using futex wait barrier. (248 threads)
[2025-04-27T10:09:28.396+0000][8870.360s][info ][safepoint   ] Safepoint "Cleanup", Time since last: 9001078276 ns, Reaching safepoint: 149822 ns, Cleanup: 25512 ns, At safepoint: 11866 ns, Total: 187200 ns
[2025-04-27T10:09:40.397+0000][8882.361s][debug][safepoint   ] Safepoint synchronization initiated using futex wait barrier. (248 threads)
[2025-04-27T10:09:40.398+0000][8882.362s][info ][safepoint   ] Safepoint "Cleanup", Time since last: 12001239510 ns, Reaching safepoint: 104190 ns, Cleanup: 13638 ns, At safepoint: 6891 ns, Total: 124719 ns
[2025-04-27T10:09:41.398+0000][8883.362s][debug][safepoint   ] Safepoint synchronization initiated using futex wait barrier. (250 threads)
[2025-04-27T10:09:41.398+0000][8883.362s][info ][safepoint   ] Safepoint "Cleanup", Time since last: 1000166897 ns, Reaching safepoint: 203252 ns, Cleanup: 42880 ns, At safepoint: 21904 ns, Total: 268036 ns
[2025-04-27T10:09:44.423+0000][8886.387s][debug][safepoint   ] Safepoint synchronization initiated using futex wait barrier. (250 threads)
[2025-04-27T10:09:44.424+0000][8886.388s][info ][safepoint   ] Safepoint "Cleanup", Time since last: 3024826229 ns, Reaching safepoint: 761977 ns, Cleanup: 44452 ns, At safepoint: 7965 ns, Total: 814394 ns
[2025-04-27T10:09:45.424+0000][8887.388s][debug][safepoint   ] Safepoint synchronization initiated using futex wait barrier. (250 threads)
[2025-04-27T10:09:45.424+0000][8887.388s][info ][safepoint   ] Safepoint "Cleanup", Time since last: 1000134683 ns, Reaching safepoint: 331555 ns, Cleanup: 39362 ns, At safepoint: 82701 ns, Total: 453618 ns
[2025-04-27T10:09:51.427+0000][8893.391s][debug][safepoint   ] Safepoint synchronization initiated using futex wait barrier. (250 threads)
[2025-04-27T10:09:51.427+0000][8893.391s][info ][safepoint   ] Safepoint "Cleanup", Time since last: 6002971286 ns, Reaching safepoint: 251250 ns, Cleanup: 21012 ns, At safepoint: 12133 ns, Total: 284395 ns
[2025-04-27T10:09:58.433+0000][8900.397s][debug][safepoint   ] Safepoint synchronization initiated using futex wait barrier. (252 threads)
[2025-04-27T10:09:58.433+0000][8900.397s][info ][safepoint   ] Safepoint "Cleanup", Time since last: 7005228118 ns, Reaching safepoint: 414270 ns, Cleanup: 23685 ns, At safepoint: 8156 ns, Total: 446111 ns
[2025-04-27T10:09:59.126+0000][8901.090s][debug][safepoint   ] Safepoint synchronization initiated using futex wait barrier. (250 threads)
[2025-04-27T10:09:59.126+0000][8901.090s][info ][gc,start    ] GC(103) Pause Young (Normal) (G1 Evacuation Pause)
[2025-04-27T10:09:59.126+0000][8901.090s][info ][gc,task     ] GC(103) Using 4 workers of 4 for evacuation
[2025-04-27T10:09:59.147+0000][8901.111s][info ][gc,phases   ] GC(103)   Pre Evacuate Collection Set: 0.3ms
[2025-04-27T10:09:59.147+0000][8901.111s][info ][gc,phases   ] GC(103)   Merge Heap Roots: 0.2ms
[2025-04-27T10:09:59.147+0000][8901.111s][info ][gc,phases   ] GC(103)   Evacuate Collection Set: 16.7ms
[2025-04-27T10:09:59.147+0000][8901.111s][info ][gc,phases   ] GC(103)   Post Evacuate Collection Set: 3.5ms
[2025-04-27T10:09:59.148+0000][8901.112s][info ][gc,phases   ] GC(103)   Other: 0.2ms
[2025-04-27T10:09:59.148+0000][8901.112s][info ][gc,heap     ] GC(103) Eden regions: 381->0(381)
[2025-04-27T10:09:59.148+0000][8901.112s][info ][gc,heap     ] GC(103) Survivor regions: 5->5(49)
[2025-04-27T10:09:59.148+0000][8901.112s][info ][gc,heap     ] GC(103) Old regions: 198->198
[2025-04-27T10:09:59.148+0000][8901.112s][info ][gc,heap     ] GC(103) Archive regions: 2->2
[2025-04-27T10:09:59.148+0000][8901.112s][info ][gc,heap     ] GC(103) Humongous regions: 0->0
[2025-04-27T10:09:59.148+0000][8901.112s][info ][gc,metaspace] GC(103) Metaspace: 199887K(201408K)->199887K(201408K) NonClass: 176134K(176896K)->176134K(176896K) Class: 23752K(24512K)->23752K(24512K)
[2025-04-27T10:09:59.148+0000][8901.112s][info ][gc          ] GC(103) Pause Young (Normal) (G1 Evacuation Pause) 583M->202M(657M) 21.455ms
[2025-04-27T10:09:59.148+0000][8901.112s][info ][gc,cpu      ] GC(103) User=0.03s Sys=0.00s Real=0.02s
[2025-04-27T10:09:59.148+0000][8901.112s][info ][safepoint   ] Safepoint "G1CollectForAllocation", Time since last: 693015050 ns, Reaching safepoint: 83785 ns, Cleanup: 4685 ns, At safepoint: 21894661 ns, Total: 21983131 ns
[2025-04-27T10:10:16.150+0000][8918.114s][debug][safepoint   ] Safepoint synchronization initiated using futex wait barrier. (252 threads)
[2025-04-27T10:10:16.151+0000][8918.114s][info ][safepoint   ] Safepoint "Cleanup", Time since last: 17002240512 ns, Reaching safepoint: 139831 ns, Cleanup: 13270 ns, At safepoint: 6835 ns, Total: 159936 ns
[2025-04-27T10:10:37.153+0000][8939.117s][debug][safepoint   ] Safepoint synchronization initiated using futex wait barrier. (252 threads)
[2025-04-27T10:10:37.153+0000][8939.117s][info ][safepoint   ] Safepoint "Cleanup", Time since last: 21002375814 ns, Reaching safepoint: 89982 ns, Cleanup: 12480 ns, At safepoint: 5301 ns, Total: 107763 ns
[2025-04-27T10:11:33.461+0000][8995.425s][debug][safepoint   ] Safepoint synchronization initiated using futex wait barrier. (252 threads)
[2025-04-27T10:11:33.461+0000][8995.425s][info ][safepoint   ] Safepoint "Cleanup", Time since last: 56307995456 ns, Reaching safepoint: 141691 ns, Cleanup: 48742 ns, At safepoint: 9294 ns, Total: 199727 ns
[2025-04-27T10:11:39.462+0000][9001.426s][debug][safepoint   ] Safepoint synchronization initiated using futex wait barrier. (252 threads)
[2025-04-27T10:11:39.462+0000][9001.426s][info ][safepoint   ] Safepoint "Cleanup", Time since last: 6000485438 ns, Reaching safepoint: 193519 ns, Cleanup: 25854 ns, At safepoint: 13183 ns, Total: 232556 ns
[2025-04-27T10:12:09.485+0000][9031.449s][debug][safepoint   ] Safepoint synchronization initiated using futex wait barrier. (252 threads)
[2025-04-27T10:12:09.486+0000][9031.450s][info ][safepoint   ] Safepoint "Cleanup", Time since last: 30023385705 ns, Reaching safepoint: 603498 ns, Cleanup: 15713 ns, At safepoint: 270858 ns, Total: 890069 ns
[2025-04-27T10:12:33.491+0000][9055.455s][debug][safepoint   ] Safepoint synchronization initiated using futex wait barrier. (252 threads)
[2025-04-27T10:12:33.491+0000][9055.455s][info ][safepoint   ] Safepoint "Cleanup", Time since last: 24004900036 ns, Reaching safepoint: 87954 ns, Cleanup: 13991 ns, At safepoint: 6921 ns, Total: 108866 ns
[2025-04-27T10:12:50.514+0000][9072.478s][debug][safepoint   ] Safepoint synchronization initiated using futex wait barrier. (252 threads)
[2025-04-27T10:12:50.514+0000][9072.478s][info ][safepoint   ] Safepoint "Cleanup", Time since last: 17022634481 ns, Reaching safepoint: 251206 ns, Cleanup: 15703 ns, At safepoint: 15273 ns, Total: 282182 ns
[2025-04-27T10:13:08.516+0000][9090.480s][debug][safepoint   ] Safepoint synchronization initiated using futex wait barrier. (252 threads)
[2025-04-27T10:13:08.516+0000][9090.480s][info ][safepoint   ] Safepoint "Cleanup", Time since last: 18001502778 ns, Reaching safepoint: 114779 ns, Cleanup: 12951 ns, At safepoint: 6236 ns, Total: 133966 ns
[2025-04-27T10:13:14.517+0000][9096.481s][debug][safepoint   ] Safepoint synchronization initiated using futex wait barrier. (248 threads)
[2025-04-27T10:13:14.517+0000][9096.481s][info ][safepoint   ] Safepoint "Cleanup", Time since last: 6001202315 ns, Reaching safepoint: 96462 ns, Cleanup: 15353 ns, At safepoint: 18529 ns, Total: 130344 ns
[2025-04-27T10:13:16.517+0000][9098.481s][debug][safepoint   ] Safepoint synchronization initiated using futex wait barrier. (251 threads)
[2025-04-27T10:13:16.517+0000][9098.481s][info ][safepoint   ] Safepoint "Cleanup", Time since last: 2000187202 ns, Reaching safepoint: 115316 ns, Cleanup: 22014 ns, At safepoint: 5439 ns, Total: 142769 ns
[2025-04-27T10:13:23.518+0000][9105.482s][debug][safepoint   ] Safepoint synchronization initiated using futex wait barrier. (250 threads)
[2025-04-27T10:13:23.518+0000][9105.482s][info ][safepoint   ] Safepoint "Cleanup", Time since last: 7000529308 ns, Reaching safepoint: 70739 ns, Cleanup: 12789 ns, At safepoint: 4307 ns, Total: 87835 ns
[2025-04-27T10:13:24.518+0000][9106.482s][debug][safepoint   ] Safepoint synchronization initiated using futex wait barrier. (250 threads)
[2025-04-27T10:13:24.518+0000][9106.482s][info ][safepoint   ] Safepoint "Cleanup", Time since last: 1000133991 ns, Reaching safepoint: 86142 ns, Cleanup: 14328 ns, At safepoint: 5940 ns, Total: 106410 ns
[2025-04-27T10:13:31.519+0000][9113.483s][debug][safepoint   ] Safepoint synchronization initiated using futex wait barrier. (250 threads)
[2025-04-27T10:13:31.519+0000][9113.483s][info ][safepoint   ] Safepoint "Cleanup", Time since last: 7000497817 ns, Reaching safepoint: 117278 ns, Cleanup: 48271 ns, At safepoint: 8731 ns, Total: 174280 ns
[2025-04-27T10:13:36.519+0000][9118.483s][debug][safepoint   ] Safepoint synchronization initiated using futex wait barrier. (250 threads)
[2025-04-27T10:13:36.520+0000][9118.484s][info ][safepoint   ] Safepoint "Cleanup", Time since last: 5000416981 ns, Reaching safepoint: 163203 ns, Cleanup: 37719 ns, At safepoint: 8970 ns, Total: 209892 ns
[2025-04-27T10:13:48.539+0000][9130.503s][debug][safepoint   ] Safepoint synchronization initiated using futex wait barrier. (250 threads)
[2025-04-27T10:13:48.540+0000][9130.504s][info ][safepoint   ] Safepoint "Cleanup", Time since last: 12019891333 ns, Reaching safepoint: 78701 ns, Cleanup: 12334 ns, At safepoint: 5345 ns, Total: 96380 ns
[2025-04-27T10:13:52.513+0000][9134.477s][debug][safepoint   ] Safepoint synchronization initiated using futex wait barrier. (250 threads)
[2025-04-27T10:13:52.514+0000][9134.478s][info ][gc,start    ] GC(104) Pause Young (Normal) (G1 Evacuation Pause)
[2025-04-27T10:13:52.514+0000][9134.478s][info ][gc,task     ] GC(104) Using 4 workers of 4 for evacuation
[2025-04-27T10:13:52.530+0000][9134.494s][info ][gc,phases   ] GC(104)   Pre Evacuate Collection Set: 0.4ms
[2025-04-27T10:13:52.530+0000][9134.494s][info ][gc,phases   ] GC(104)   Merge Heap Roots: 0.4ms
[2025-04-27T10:13:52.531+0000][9134.494s][info ][gc,phases   ] GC(104)   Evacuate Collection Set: 11.1ms
[2025-04-27T10:13:52.531+0000][9134.494s][info ][gc,phases   ] GC(104)   Post Evacuate Collection Set: 4.4ms
[2025-04-27T10:13:52.531+0000][9134.495s][info ][gc,phases   ] GC(104)   Other: 0.4ms
[2025-04-27T10:13:52.531+0000][9134.495s][info ][gc,heap     ] GC(104) Eden regions: 381->0(381)
[2025-04-27T10:13:52.531+0000][9134.495s][info ][gc,heap     ] GC(104) Survivor regions: 5->5(49)
[2025-04-27T10:13:52.531+0000][9134.495s][info ][gc,heap     ] GC(104) Old regions: 198->198
[2025-04-27T10:13:52.531+0000][9134.495s][info ][gc,heap     ] GC(104) Archive regions: 2->2
[2025-04-27T10:13:52.531+0000][9134.495s][info ][gc,heap     ] GC(104) Humongous regions: 0->0
[2025-04-27T10:13:52.531+0000][9134.495s][info ][gc,metaspace] GC(104) Metaspace: 199943K(201536K)->199943K(201536K) NonClass: 176190K(177024K)->176190K(177024K) Class: 23753K(24512K)->23753K(24512K)
[2025-04-27T10:13:52.531+0000][9134.495s][info ][gc          ] GC(104) Pause Young (Normal) (G1 Evacuation Pause) 583M->202M(657M) 17.013ms
[2025-04-27T10:13:52.531+0000][9134.495s][info ][gc,cpu      ] GC(104) User=0.03s Sys=0.00s Real=0.02s
[2025-04-27T10:13:52.531+0000][9134.495s][info ][safepoint   ] Safepoint "G1CollectForAllocation", Time since last: 3973802682 ns, Reaching safepoint: 196693 ns, Cleanup: 7429 ns, At safepoint: 17473805 ns, Total: 17677927 ns
[2025-04-27T10:14:13.534+0000][9155.498s][debug][safepoint   ] Safepoint synchronization initiated using futex wait barrier. (249 threads)
[2025-04-27T10:14:13.534+0000][9155.498s][info ][safepoint   ] Safepoint "Cleanup", Time since last: 21002638083 ns, Reaching safepoint: 143690 ns, Cleanup: 22188 ns, At safepoint: 8099 ns, Total: 173977 ns
[2025-04-27T10:14:35.537+0000][9177.501s][debug][safepoint   ] Safepoint synchronization initiated using futex wait barrier. (250 threads)
[2025-04-27T10:14:35.537+0000][9177.501s][info ][safepoint   ] Safepoint "Cleanup", Time since last: 22003212674 ns, Reaching safepoint: 109374 ns, Cleanup: 16374 ns, At safepoint: 6339 ns, Total: 132087 ns
[2025-04-27T10:14:40.538+0000][9182.502s][debug][safepoint   ] Safepoint synchronization initiated using futex wait barrier. (250 threads)
[2025-04-27T10:14:40.538+0000][9182.502s][info ][safepoint   ] Safepoint "Cleanup", Time since last: 5000705930 ns, Reaching safepoint: 113584 ns, Cleanup: 12115 ns, At safepoint: 12511 ns, Total: 138210 ns
[2025-04-27T11:39:23.741+0000][9191.391s][debug][safepoint   ] Safepoint synchronization initiated using futex wait barrier. (239 threads)
[2025-04-27T11:39:23.741+0000][9191.392s][info ][safepoint   ] Safepoint "Cleanup", Time since last: 8889416066 ns, Reaching safepoint: 122110 ns, Cleanup: 14247 ns, At safepoint: 10946 ns, Total: 147303 ns
[2025-04-27T11:39:25.744+0000][9193.394s][debug][safepoint   ] Safepoint synchronization initiated using futex wait barrier. (240 threads)
[2025-04-27T11:39:25.744+0000][9193.395s][info ][safepoint   ] Safepoint "Cleanup", Time since last: 2002794277 ns, Reaching safepoint: 392644 ns, Cleanup: 42912 ns, At safepoint: 21601 ns, Total: 457157 ns
[2025-04-27T11:39:34.749+0000][9202.400s][debug][safepoint   ] Safepoint synchronization initiated using futex wait barrier. (240 threads)
[2025-04-27T11:39:34.750+0000][9202.400s][info ][safepoint   ] Safepoint "Cleanup", Time since last: 9004920822 ns, Reaching safepoint: 291728 ns, Cleanup: 57056 ns, At safepoint: 18040 ns, Total: 366824 ns
[2025-04-27T11:39:35.750+0000][9203.400s][debug][safepoint   ] Safepoint synchronization initiated using futex wait barrier. (240 threads)
[2025-04-27T11:39:35.750+0000][9203.400s][info ][safepoint   ] Safepoint "Cleanup", Time since last: 1000169894 ns, Reaching safepoint: 95441 ns, Cleanup: 20615 ns, At safepoint: 4633 ns, Total: 120689 ns
[2025-04-27T11:39:38.750+0000][9206.401s][debug][safepoint   ] Safepoint synchronization initiated using futex wait barrier. (250 threads)
[2025-04-27T11:39:38.750+0000][9206.401s][info ][safepoint   ] Safepoint "Cleanup", Time since last: 3000209481 ns, Reaching safepoint: 96667 ns, Cleanup: 38152 ns, At safepoint: 6789 ns, Total: 141608 ns
[2025-04-27T11:39:41.751+0000][9209.401s][debug][safepoint   ] Safepoint synchronization initiated using futex wait barrier. (249 threads)
[2025-04-27T11:39:41.751+0000][9209.401s][info ][safepoint   ] Safepoint "Cleanup", Time since last: 3000327886 ns, Reaching safepoint: 128736 ns, Cleanup: 21104 ns, At safepoint: 7194 ns, Total: 157034 ns
[2025-04-27T11:39:49.753+0000][9217.403s][debug][safepoint   ] Safepoint synchronization initiated using futex wait barrier. (249 threads)
[2025-04-27T11:39:49.753+0000][9217.404s][info ][safepoint   ] Safepoint "Cleanup", Time since last: 8001926275 ns, Reaching safepoint: 238034 ns, Cleanup: 64035 ns, At safepoint: 28219 ns, Total: 330288 ns
[2025-04-27T11:40:11.757+0000][9239.407s][debug][safepoint   ] Safepoint synchronization initiated using futex wait barrier. (248 threads)
[2025-04-27T11:40:11.757+0000][9239.407s][info ][safepoint   ] Safepoint "Cleanup", Time since last: 22003620544 ns, Reaching safepoint: 328608 ns, Cleanup: 19123 ns, At safepoint: 7771 ns, Total: 355502 ns
[2025-04-27T11:40:54.057+0000][9281.707s][debug][safepoint   ] Safepoint synchronization initiated using futex wait barrier. (246 threads)
[2025-04-27T11:40:54.060+0000][9281.710s][info ][safepoint   ] Safepoint "Cleanup", Time since last: 42299836597 ns, Reaching safepoint: 2719485 ns, Cleanup: 30739 ns, At safepoint: 35673 ns, Total: 2785897 ns
[2025-04-27T11:41:05.061+0000][9292.711s][debug][safepoint   ] Safepoint synchronization initiated using futex wait barrier. (246 threads)
[2025-04-27T11:41:05.061+0000][9292.711s][info ][safepoint   ] Safepoint "Cleanup", Time since last: 11000983594 ns, Reaching safepoint: 78352 ns, Cleanup: 15134 ns, At safepoint: 7085 ns, Total: 100571 ns
[2025-04-27T11:41:06.061+0000][9293.711s][debug][safepoint   ] Safepoint synchronization initiated using futex wait barrier. (246 threads)
[2025-04-27T11:41:06.061+0000][9293.711s][info ][safepoint   ] Safepoint "Cleanup", Time since last: 1000163575 ns, Reaching safepoint: 94616 ns, Cleanup: 13061 ns, At safepoint: 5452 ns, Total: 113129 ns
[2025-04-27T11:41:11.062+0000][9298.712s][debug][safepoint   ] Safepoint synchronization initiated using futex wait barrier. (248 threads)
[2025-04-27T11:41:11.062+0000][9298.712s][info ][safepoint   ] Safepoint "Cleanup", Time since last: 5000785717 ns, Reaching safepoint: 84097 ns, Cleanup: 13846 ns, At safepoint: 5224 ns, Total: 103167 ns
[2025-04-27T11:41:19.098+0000][9306.749s][debug][safepoint   ] Safepoint synchronization initiated using futex wait barrier. (247 threads)
[2025-04-27T11:41:19.099+0000][9306.749s][info ][safepoint   ] Safepoint "Cleanup", Time since last: 8036658901 ns, Reaching safepoint: 146855 ns, Cleanup: 12645 ns, At safepoint: 7189 ns, Total: 166689 ns
[2025-04-27T11:41:25.099+0000][9312.750s][debug][safepoint   ] Safepoint synchronization initiated using futex wait barrier. (247 threads)
[2025-04-27T11:41:25.100+0000][9312.750s][info ][safepoint   ] Safepoint "Cleanup", Time since last: 6000744391 ns, Reaching safepoint: 205120 ns, Cleanup: 36148 ns, At safepoint: 21207 ns, Total: 262475 ns
[2025-04-27T11:41:29.100+0000][9316.751s][debug][safepoint   ] Safepoint synchronization initiated using futex wait barrier. (247 threads)
[2025-04-27T11:41:29.101+0000][9316.751s][info ][safepoint   ] Safepoint "Cleanup", Time since last: 4000796508 ns, Reaching safepoint: 113702 ns, Cleanup: 14942 ns, At safepoint: 5018 ns, Total: 133662 ns
[2025-04-27T11:42:12.772+0000][9360.422s][debug][safepoint   ] Safepoint synchronization initiated using futex wait barrier. (246 threads)
[2025-04-27T11:42:12.777+0000][9360.428s][info ][gc,start    ] GC(105) Pause Young (Normal) (G1 Evacuation Pause)
[2025-04-27T11:42:12.778+0000][9360.429s][info ][gc,task     ] GC(105) Using 4 workers of 4 for evacuation
[2025-04-27T11:42:12.800+0000][9360.451s][info ][gc,phases   ] GC(105)   Pre Evacuate Collection Set: 0.5ms
[2025-04-27T11:42:12.800+0000][9360.451s][info ][gc,phases   ] GC(105)   Merge Heap Roots: 0.2ms
[2025-04-27T11:42:12.801+0000][9360.451s][info ][gc,phases   ] GC(105)   Evacuate Collection Set: 10.1ms
[2025-04-27T11:42:12.801+0000][9360.451s][info ][gc,phases   ] GC(105)   Post Evacuate Collection Set: 7.9ms
[2025-04-27T11:42:12.801+0000][9360.451s][info ][gc,phases   ] GC(105)   Other: 5.3ms
[2025-04-27T11:42:12.801+0000][9360.452s][info ][gc,heap     ] GC(105) Eden regions: 381->0(381)
[2025-04-27T11:42:12.801+0000][9360.452s][info ][gc,heap     ] GC(105) Survivor regions: 5->5(49)
[2025-04-27T11:42:12.801+0000][9360.452s][info ][gc,heap     ] GC(105) Old regions: 198->198
[2025-04-27T11:42:12.801+0000][9360.452s][info ][gc,heap     ] GC(105) Archive regions: 2->2
[2025-04-27T11:42:12.801+0000][9360.452s][info ][gc,heap     ] GC(105) Humongous regions: 0->0
[2025-04-27T11:42:12.802+0000][9360.452s][info ][gc,metaspace] GC(105) Metaspace: 200025K(201600K)->200025K(201600K) NonClass: 176264K(177088K)->176264K(177088K) Class: 23761K(24512K)->23761K(24512K)
[2025-04-27T11:42:12.803+0000][9360.453s][info ][gc          ] GC(105) Pause Young (Normal) (G1 Evacuation Pause) 583M->202M(657M) 25.182ms
[2025-04-27T11:42:12.803+0000][9360.453s][info ][gc,cpu      ] GC(105) User=0.03s Sys=0.01s Real=0.02s
[2025-04-27T11:42:12.803+0000][9360.454s][info ][safepoint   ] Safepoint "G1CollectForAllocation", Time since last: 43671333882 ns, Reaching safepoint: 1265668 ns, Cleanup: 589096 ns, At safepoint: 29484979 ns, Total: 31339743 ns
[2025-04-27T11:42:13.803+0000][9361.454s][debug][safepoint   ] Safepoint synchronization initiated using futex wait barrier. (246 threads)
[2025-04-27T11:42:13.803+0000][9361.454s][info ][safepoint   ] Safepoint "Cleanup", Time since last: 1000118605 ns, Reaching safepoint: 64285 ns, Cleanup: 12951 ns, At safepoint: 4003 ns, Total: 81239 ns
[2025-04-27T11:42:16.804+0000][9364.455s][debug][safepoint   ] Safepoint synchronization initiated using futex wait barrier. (246 threads)
[2025-04-27T11:42:16.804+0000][9364.455s][info ][safepoint   ] Safepoint "Cleanup", Time since last: 3000680468 ns, Reaching safepoint: 84803 ns, Cleanup: 13031 ns, At safepoint: 6804 ns, Total: 104638 ns
[2025-04-27T11:42:40.780+0000][9388.431s][debug][safepoint   ] Safepoint synchronization initiated using futex wait barrier. (246 threads)
[2025-04-27T11:42:40.781+0000][9388.431s][info ][safepoint   ] Safepoint "Cleanup", Time since last: 23976110663 ns, Reaching safepoint: 259212 ns, Cleanup: 14766 ns, At safepoint: 22198 ns, Total: 296176 ns
[2025-04-27T11:42:41.781+0000][9389.431s][debug][safepoint   ] Safepoint synchronization initiated using futex wait barrier. (246 threads)
[2025-04-27T11:42:41.781+0000][9389.431s][info ][safepoint   ] Safepoint "Cleanup", Time since last: 1000113616 ns, Reaching safepoint: 109468 ns, Cleanup: 29710 ns, At safepoint: 6787 ns, Total: 145965 ns
[2025-04-27T11:42:51.782+0000][9399.433s][debug][safepoint   ] Safepoint synchronization initiated using futex wait barrier. (246 threads)
[2025-04-27T11:42:51.782+0000][9399.433s][info ][safepoint   ] Safepoint "Cleanup", Time since last: 10001154968 ns, Reaching safepoint: 124171 ns, Cleanup: 17595 ns, At safepoint: 13095 ns, Total: 154861 ns
[2025-04-27T11:43:17.785+0000][9425.436s][debug][safepoint   ] Safepoint synchronization initiated using futex wait barrier. (245 threads)
[2025-04-27T11:43:17.786+0000][9425.437s][info ][safepoint   ] Safepoint "Cleanup", Time since last: 26003285239 ns, Reaching safepoint: 459338 ns, Cleanup: 18813 ns, At safepoint: 7382 ns, Total: 485533 ns
[2025-04-27T11:43:19.163+0000][9426.813s][debug][safepoint   ] Safepoint synchronization initiated using futex wait barrier. (245 threads)
[2025-04-27T11:43:19.163+0000][9426.814s][info ][safepoint   ] Safepoint "Cleanup", Time since last: 1376934283 ns, Reaching safepoint: 138517 ns, Cleanup: 16466 ns, At safepoint: 8032 ns, Total: 163015 ns
[2025-04-27T11:43:20.163+0000][9427.814s][debug][safepoint   ] Safepoint synchronization initiated using futex wait barrier. (245 threads)
[2025-04-27T11:43:20.163+0000][9427.814s][info ][safepoint   ] Safepoint "Cleanup", Time since last: 1000132207 ns, Reaching safepoint: 94823 ns, Cleanup: 23699 ns, At safepoint: 7978 ns, Total: 126500 ns
[2025-04-27T11:43:46.167+0000][9453.817s][debug][safepoint   ] Safepoint synchronization initiated using futex wait barrier. (251 threads)
[2025-04-27T11:43:46.167+0000][9453.818s][info ][safepoint   ] Safepoint "Cleanup", Time since last: 26003384884 ns, Reaching safepoint: 328787 ns, Cleanup: 21844 ns, At safepoint: 9974 ns, Total: 360605 ns
[2025-04-27T11:43:47.167+0000][9454.818s][debug][safepoint   ] Safepoint synchronization initiated using futex wait barrier. (251 threads)
[2025-04-27T11:43:47.168+0000][9454.818s][info ][safepoint   ] Safepoint "Cleanup", Time since last: 1000145678 ns, Reaching safepoint: 404676 ns, Cleanup: 28433 ns, At safepoint: 12329 ns, Total: 445438 ns
[2025-04-27T11:43:52.171+0000][9459.822s][debug][safepoint   ] Safepoint synchronization initiated using futex wait barrier. (251 threads)
[2025-04-27T11:43:52.171+0000][9459.822s][info ][safepoint   ] Safepoint "Cleanup", Time since last: 5003464677 ns, Reaching safepoint: 245724 ns, Cleanup: 43963 ns, At safepoint: 14931 ns, Total: 304618 ns
[2025-04-27T11:43:53.172+0000][9460.822s][debug][safepoint   ] Safepoint synchronization initiated using futex wait barrier. (251 threads)
[2025-04-27T11:43:53.172+0000][9460.822s][info ][safepoint   ] Safepoint "Cleanup", Time since last: 1000096207 ns, Reaching safepoint: 102951 ns, Cleanup: 13570 ns, At safepoint: 5089 ns, Total: 121610 ns
[2025-04-27T11:43:58.172+0000][9465.823s][debug][safepoint   ] Safepoint synchronization initiated using futex wait barrier. (251 threads)
[2025-04-27T11:43:58.172+0000][9465.823s][info ][safepoint   ] Safepoint "Cleanup", Time since last: 5000426583 ns, Reaching safepoint: 102534 ns, Cleanup: 17564 ns, At safepoint: 5584 ns, Total: 125682 ns
[2025-04-27T11:44:00.172+0000][9467.823s][debug][safepoint   ] Safepoint synchronization initiated using futex wait barrier. (251 threads)
[2025-04-27T11:44:00.173+0000][9467.823s][info ][safepoint   ] Safepoint "Cleanup", Time since last: 2000211548 ns, Reaching safepoint: 247501 ns, Cleanup: 25618 ns, At safepoint: 8589 ns, Total: 281708 ns
[2025-04-27T11:44:01.173+0000][9468.823s][debug][safepoint   ] Safepoint synchronization initiated using futex wait barrier. (251 threads)
[2025-04-27T11:44:01.173+0000][9468.823s][info ][safepoint   ] Safepoint "Cleanup", Time since last: 1000103064 ns, Reaching safepoint: 85292 ns, Cleanup: 23630 ns, At safepoint: 4636 ns, Total: 113558 ns
[2025-04-27T11:44:06.173+0000][9473.824s][debug][safepoint   ] Safepoint synchronization initiated using futex wait barrier. (251 threads)
[2025-04-27T11:44:06.174+0000][9473.824s][info ][safepoint   ] Safepoint "Cleanup", Time since last: 5000469738 ns, Reaching safepoint: 84404 ns, Cleanup: 20327 ns, At safepoint: 8048 ns, Total: 112779 ns
[2025-04-27T11:44:13.174+0000][9480.825s][debug][safepoint   ] Safepoint synchronization initiated using futex wait barrier. (251 threads)
[2025-04-27T11:44:13.175+0000][9480.825s][info ][safepoint   ] Safepoint "Cleanup", Time since last: 7000834458 ns, Reaching safepoint: 356732 ns, Cleanup: 52616 ns, At safepoint: 54649 ns, Total: 463997 ns
[2025-04-27T11:44:20.195+0000][9487.846s][debug][safepoint   ] Safepoint synchronization initiated using futex wait barrier. (251 threads)
[2025-04-27T11:44:20.196+0000][9487.846s][info ][safepoint   ] Safepoint "Cleanup", Time since last: 7020615741 ns, Reaching safepoint: 198282 ns, Cleanup: 39243 ns, At safepoint: 11424 ns, Total: 248949 ns
[2025-04-27T11:44:25.196+0000][9492.847s][debug][safepoint   ] Safepoint synchronization initiated using futex wait barrier. (251 threads)
[2025-04-27T11:44:25.196+0000][9492.847s][info ][safepoint   ] Safepoint "Cleanup", Time since last: 5000466389 ns, Reaching safepoint: 71112 ns, Cleanup: 21026 ns, At safepoint: 4745 ns, Total: 96883 ns
[2025-04-27T11:44:34.197+0000][9501.848s][debug][safepoint   ] Safepoint synchronization initiated using futex wait barrier. (251 threads)
[2025-04-27T11:44:34.197+0000][9501.848s][info ][safepoint   ] Safepoint "Cleanup", Time since last: 9000817873 ns, Reaching safepoint: 94852 ns, Cleanup: 46085 ns, At safepoint: 6578 ns, Total: 147515 ns
[2025-04-27T11:44:42.198+0000][9509.849s][debug][safepoint   ] Safepoint synchronization initiated using futex wait barrier. (251 threads)
[2025-04-27T11:44:42.198+0000][9509.849s][info ][safepoint   ] Safepoint "Cleanup", Time since last: 8000798462 ns, Reaching safepoint: 110458 ns, Cleanup: 12782 ns, At safepoint: 6499 ns, Total: 129739 ns
[2025-04-27T11:45:03.201+0000][9530.852s][debug][safepoint   ] Safepoint synchronization initiated using futex wait barrier. (248 threads)
[2025-04-27T11:45:03.202+0000][9530.852s][info ][safepoint   ] Safepoint "Cleanup", Time since last: 21002854218 ns, Reaching safepoint: 810665 ns, Cleanup: 16934 ns, At safepoint: 8653 ns, Total: 836252 ns
[2025-04-27T11:45:20.230+0000][9547.880s][debug][safepoint   ] Safepoint synchronization initiated using futex wait barrier. (248 threads)
[2025-04-27T11:45:20.230+0000][9547.880s][info ][safepoint   ] Safepoint "Cleanup", Time since last: 17027754007 ns, Reaching safepoint: 182813 ns, Cleanup: 27511 ns, At safepoint: 16223 ns, Total: 226547 ns
[2025-04-27T11:45:35.231+0000][9562.882s][debug][safepoint   ] Safepoint synchronization initiated using futex wait barrier. (248 threads)
[2025-04-27T11:45:35.232+0000][9562.882s][info ][safepoint   ] Safepoint "Cleanup", Time since last: 15001551999 ns, Reaching safepoint: 238182 ns, Cleanup: 38947 ns, At safepoint: 39006 ns, Total: 316135 ns
[2025-04-27T11:45:42.233+0000][9569.883s][debug][safepoint   ] Safepoint synchronization initiated using futex wait barrier. (248 threads)
[2025-04-27T11:45:42.233+0000][9569.884s][info ][safepoint   ] Safepoint "Cleanup", Time since last: 7001115102 ns, Reaching safepoint: 219616 ns, Cleanup: 29574 ns, At safepoint: 11948 ns, Total: 261138 ns
[2025-04-27T11:45:45.233+0000][9572.884s][debug][safepoint   ] Safepoint synchronization initiated using futex wait barrier. (251 threads)
[2025-04-27T11:45:45.234+0000][9572.884s][info ][safepoint   ] Safepoint "Cleanup", Time since last: 3000347970 ns, Reaching safepoint: 104074 ns, Cleanup: 35632 ns, At safepoint: 5181 ns, Total: 144887 ns
[2025-04-27T11:45:49.234+0000][9576.884s][debug][safepoint   ] Safepoint synchronization initiated using futex wait barrier. (251 threads)
[2025-04-27T11:45:49.234+0000][9576.885s][info ][safepoint   ] Safepoint "Cleanup", Time since last: 4000352559 ns, Reaching safepoint: 156774 ns, Cleanup: 24395 ns, At safepoint: 15074 ns, Total: 196243 ns
[2025-04-27T11:45:51.234+0000][9578.885s][debug][safepoint   ] Safepoint synchronization initiated using futex wait barrier. (251 threads)
[2025-04-27T11:45:51.234+0000][9578.885s][info ][safepoint   ] Safepoint "Cleanup", Time since last: 2000215529 ns, Reaching safepoint: 82485 ns, Cleanup: 21192 ns, At safepoint: 6820 ns, Total: 110497 ns
[2025-04-27T11:45:58.235+0000][9585.885s][debug][safepoint   ] Safepoint synchronization initiated using futex wait barrier. (251 threads)
[2025-04-27T11:45:58.235+0000][9585.886s][info ][safepoint   ] Safepoint "Cleanup", Time since last: 7000527335 ns, Reaching safepoint: 111172 ns, Cleanup: 15256 ns, At safepoint: 9165 ns, Total: 135593 ns
[2025-04-27T11:45:58.476+0000][9586.127s][debug][safepoint   ] Safepoint synchronization initiated using futex wait barrier. (251 threads)
[2025-04-27T11:45:58.480+0000][9586.131s][info ][gc,start    ] GC(106) Pause Young (Normal) (G1 Evacuation Pause)
[2025-04-27T11:45:58.481+0000][9586.132s][info ][gc,task     ] GC(106) Using 4 workers of 4 for evacuation
[2025-04-27T11:45:58.524+0000][9586.174s][info ][gc,phases   ] GC(106)   Pre Evacuate Collection Set: 0.7ms
[2025-04-27T11:45:58.525+0000][9586.175s][info ][gc,phases   ] GC(106)   Merge Heap Roots: 0.3ms
[2025-04-27T11:45:58.525+0000][9586.175s][info ][gc,phases   ] GC(106)   Evacuate Collection Set: 26.8ms
[2025-04-27T11:45:58.525+0000][9586.175s][info ][gc,phases   ] GC(106)   Post Evacuate Collection Set: 10.6ms
[2025-04-27T11:45:58.525+0000][9586.176s][info ][gc,phases   ] GC(106)   Other: 7.0ms
[2025-04-27T11:45:58.526+0000][9586.176s][info ][gc,heap     ] GC(106) Eden regions: 381->0(380)
[2025-04-27T11:45:58.526+0000][9586.176s][info ][gc,heap     ] GC(106) Survivor regions: 5->5(49)
[2025-04-27T11:45:58.526+0000][9586.176s][info ][gc,heap     ] GC(106) Old regions: 198->199
[2025-04-27T11:45:58.526+0000][9586.176s][info ][gc,heap     ] GC(106) Archive regions: 2->2
[2025-04-27T11:45:58.526+0000][9586.176s][info ][gc,heap     ] GC(106) Humongous regions: 0->0
[2025-04-27T11:45:58.526+0000][9586.177s][info ][gc,metaspace] GC(106) Metaspace: 200147K(201728K)->200147K(201728K) NonClass: 176383K(177216K)->176383K(177216K) Class: 23763K(24512K)->23763K(24512K)
[2025-04-27T11:45:58.527+0000][9586.177s][info ][gc          ] GC(106) Pause Young (Normal) (G1 Evacuation Pause) 583M->203M(657M) 46.493ms
[2025-04-27T11:45:58.527+0000][9586.178s][info ][gc,cpu      ] GC(106) User=0.03s Sys=0.01s Real=0.05s
[2025-04-27T11:45:58.528+0000][9586.178s][info ][safepoint   ] Safepoint "G1CollectForAllocation", Time since last: 240952255 ns, Reaching safepoint: 98898 ns, Cleanup: 5703 ns, At safepoint: 51490356 ns, Total: 51594957 ns
[2025-04-27T11:46:14.529+0000][9602.180s][debug][safepoint   ] Safepoint synchronization initiated using futex wait barrier. (251 threads)
[2025-04-27T11:46:14.530+0000][9602.180s][info ][safepoint   ] Safepoint "Cleanup", Time since last: 16001643316 ns, Reaching safepoint: 292474 ns, Cleanup: 14808 ns, At safepoint: 11592 ns, Total: 318874 ns
[2025-04-27T11:47:26.286+0000][9673.936s][debug][safepoint   ] Safepoint synchronization initiated using futex wait barrier. (246 threads)
[2025-04-27T11:47:26.288+0000][9673.939s][info ][safepoint   ] Safepoint "Cleanup", Time since last: 71756208421 ns, Reaching safepoint: 2377741 ns, Cleanup: 13293 ns, At safepoint: 23693 ns, Total: 2414727 ns
[2025-04-27T11:47:27.288+0000][9674.939s][debug][safepoint   ] Safepoint synchronization initiated using futex wait barrier. (246 threads)
[2025-04-27T11:47:27.289+0000][9674.939s][info ][safepoint   ] Safepoint "Cleanup", Time since last: 1000149490 ns, Reaching safepoint: 206638 ns, Cleanup: 25541 ns, At safepoint: 11688 ns, Total: 243867 ns
[2025-04-27T11:47:29.289+0000][9676.939s][debug][safepoint   ] Safepoint synchronization initiated using futex wait barrier. (246 threads)
[2025-04-27T11:47:29.289+0000][9676.939s][info ][safepoint   ] Safepoint "Cleanup", Time since last: 2000238103 ns, Reaching safepoint: 84463 ns, Cleanup: 13544 ns, At safepoint: 5756 ns, Total: 103763 ns
[2025-04-27T11:47:46.290+0000][9693.941s][debug][safepoint   ] Safepoint synchronization initiated using futex wait barrier. (250 threads)
[2025-04-27T11:47:46.291+0000][9693.941s][info ][safepoint   ] Safepoint "Cleanup", Time since last: 17001329149 ns, Reaching safepoint: 273651 ns, Cleanup: 34054 ns, At safepoint: 7976 ns, Total: 315681 ns
[2025-04-27T11:47:52.292+0000][9699.942s][debug][safepoint   ] Safepoint synchronization initiated using futex wait barrier. (248 threads)
[2025-04-27T11:47:52.292+0000][9699.942s][info ][safepoint   ] Safepoint "Cleanup", Time since last: 6001116041 ns, Reaching safepoint: 75958 ns, Cleanup: 13161 ns, At safepoint: 5241 ns, Total: 94360 ns
[2025-04-27T11:48:43.733+0000][9750.975s][debug][safepoint   ] Safepoint synchronization initiated using futex wait barrier. (248 threads)
[2025-04-27T11:48:43.738+0000][9750.980s][info ][safepoint   ] Safepoint "Cleanup", Time since last: 51032613624 ns, Reaching safepoint: 3317983 ns, Cleanup: 1964474 ns, At safepoint: 47494 ns, Total: 5329951 ns
[2025-04-27T11:48:48.739+0000][9755.981s][debug][safepoint   ] Safepoint synchronization initiated using futex wait barrier. (247 threads)
[2025-04-27T11:48:48.739+0000][9755.981s][info ][safepoint   ] Safepoint "Cleanup", Time since last: 5000730860 ns, Reaching safepoint: 149538 ns, Cleanup: 16994 ns, At safepoint: 9779 ns, Total: 176311 ns
[2025-04-27T11:49:40.767+0000][9808.009s][debug][safepoint   ] Safepoint synchronization initiated using futex wait barrier. (246 threads)
[2025-04-27T11:49:40.773+0000][9808.015s][info ][safepoint   ] Safepoint "Cleanup", Time since last: 52027171440 ns, Reaching safepoint: 4663453 ns, Cleanup: 2133690 ns, At safepoint: 43738 ns, Total: 6840881 ns
[2025-04-27T11:49:41.043+0000][9808.285s][debug][safepoint   ] Safepoint synchronization initiated using futex wait barrier. (246 threads)
[2025-04-27T11:49:41.046+0000][9808.288s][info ][gc,start    ] GC(107) Pause Young (Normal) (G1 Evacuation Pause)
[2025-04-27T11:49:41.047+0000][9808.289s][info ][gc,task     ] GC(107) Using 4 workers of 4 for evacuation
[2025-04-27T11:49:41.068+0000][9808.310s][info ][gc,phases   ] GC(107)   Pre Evacuate Collection Set: 0.3ms
[2025-04-27T11:49:41.068+0000][9808.310s][info ][gc,phases   ] GC(107)   Merge Heap Roots: 0.7ms
[2025-04-27T11:49:41.068+0000][9808.310s][info ][gc,phases   ] GC(107)   Evacuate Collection Set: 9.2ms
[2025-04-27T11:49:41.068+0000][9808.310s][info ][gc,phases   ] GC(107)   Post Evacuate Collection Set: 6.8ms
[2025-04-27T11:49:41.068+0000][9808.310s][info ][gc,phases   ] GC(107)   Other: 6.0ms
[2025-04-27T11:49:41.068+0000][9808.310s][info ][gc,heap     ] GC(107) Eden regions: 380->0(381)
[2025-04-27T11:49:41.068+0000][9808.310s][info ][gc,heap     ] GC(107) Survivor regions: 5->4(49)
[2025-04-27T11:49:41.068+0000][9808.310s][info ][gc,heap     ] GC(107) Old regions: 199->200
[2025-04-27T11:49:41.068+0000][9808.310s][info ][gc,heap     ] GC(107) Archive regions: 2->2
[2025-04-27T11:49:41.068+0000][9808.310s][info ][gc,heap     ] GC(107) Humongous regions: 1->0
[2025-04-27T11:49:41.068+0000][9808.310s][info ][gc,metaspace] GC(107) Metaspace: 200155K(201728K)->200155K(201728K) NonClass: 176391K(177216K)->176391K(177216K) Class: 23763K(24512K)->23763K(24512K)
[2025-04-27T11:49:41.069+0000][9808.311s][info ][gc          ] GC(107) Pause Young (Normal) (G1 Evacuation Pause) 584M->203M(657M) 22.138ms
[2025-04-27T11:49:41.069+0000][9808.311s][info ][gc,cpu      ] GC(107) User=0.02s Sys=0.01s Real=0.02s
[2025-04-27T11:49:41.070+0000][9808.312s][info ][safepoint   ] Safepoint "G1CollectForAllocation", Time since last: 269411191 ns, Reaching safepoint: 79391 ns, Cleanup: 12227 ns, At safepoint: 26928718 ns, Total: 27020336 ns
[2025-04-27T11:49:42.070+0000][9809.312s][debug][safepoint   ] Safepoint synchronization initiated using futex wait barrier. (246 threads)
[2025-04-27T11:49:42.072+0000][9809.314s][info ][safepoint   ] Safepoint "Cleanup", Time since last: 1000175687 ns, Reaching safepoint: 180813 ns, Cleanup: 1761607 ns, At safepoint: 118237 ns, Total: 2060657 ns
[2025-04-27T11:50:25.796+0000][9853.038s][debug][safepoint   ] Safepoint synchronization initiated using futex wait barrier. (246 threads)
[2025-04-27T11:50:25.802+0000][9853.044s][info ][safepoint   ] Safepoint "Cleanup", Time since last: 43724265922 ns, Reaching safepoint: 3619582 ns, Cleanup: 1770960 ns, At safepoint: 48768 ns, Total: 5439310 ns
[2025-04-27T11:51:54.029+0000][9941.271s][debug][safepoint   ] Safepoint synchronization initiated using futex wait barrier. (243 threads)
[2025-04-27T11:51:54.090+0000][9941.332s][info ][safepoint   ] Safepoint "Cleanup", Time since last: 88227086616 ns, Reaching safepoint: 40990497 ns, Cleanup: 16991378 ns, At safepoint: 2972414 ns, Total: 60954289 ns
