[2025-04-30T08:32:25.658+0000][0.093s][info][gc] Using G1
[2025-04-30T08:32:25.666+0000][0.102s][info][gc,init] Version: 17.0.14+7-Debian-1deb12u1 (release)
[2025-04-30T08:32:25.666+0000][0.102s][info][gc,init] CPUs: 4 total, 4 available
[2025-04-30T08:32:25.666+0000][0.102s][info][gc,init] Memory: 7823M
[2025-04-30T08:32:25.666+0000][0.102s][info][gc,init] Large Page Support: Disabled
[2025-04-30T08:32:25.666+0000][0.102s][info][gc,init] NUMA Support: Disabled
[2025-04-30T08:32:25.666+0000][0.102s][info][gc,init] Compressed Oops: Enabled (32-bit)
[2025-04-30T08:32:25.666+0000][0.102s][info][gc,init] Heap Region Size: 1M
[2025-04-30T08:32:25.666+0000][0.102s][info][gc,init] Heap Min Capacity: 8M
[2025-04-30T08:32:25.666+0000][0.102s][info][gc,init] Heap Initial Capacity: 124M
[2025-04-30T08:32:25.666+0000][0.102s][info][gc,init] Heap Max Capacity: 1956M
[2025-04-30T08:32:25.666+0000][0.102s][info][gc,init] Pre-touch: Disabled
[2025-04-30T08:32:25.666+0000][0.102s][info][gc,init] Parallel Workers: 4
[2025-04-30T08:32:25.666+0000][0.102s][info][gc,init] Concurrent Workers: 1
[2025-04-30T08:32:25.666+0000][0.102s][info][gc,init] Concurrent Refinement Workers: 4
[2025-04-30T08:32:25.666+0000][0.102s][info][gc,init] Periodic GC: Disabled
[2025-04-30T08:32:25.724+0000][0.160s][info][gc,metaspace] CDS archive(s) mapped at: [0x00007b2a6f000000-0x00007b2a6fbc9000-0x00007b2a6fbc9000), size 12357632, SharedBaseAddress: 0x00007b2a6f000000, ArchiveRelocationMode: 1.
[2025-04-30T08:32:25.724+0000][0.160s][info][gc,metaspace] Compressed class space mapped at: 0x00007b2a70000000-0x00007b2ab0000000, reserved size: 1073741824
[2025-04-30T08:32:25.724+0000][0.160s][info][gc,metaspace] Narrow klass base: 0x00007b2a6f000000, Narrow klass shift: 0, Narrow klass range: 0x100000000
[2025-04-30T08:32:25.776+0000][0.211s][info][cds,heap    ] initialize_from_archived_subgraph java.lang.Module$ArchivedData 0x00007b2a6f183798 (early)
[2025-04-30T08:32:25.778+0000][0.213s][info][cds,heap    ] initialize_from_archived_subgraph java.util.ImmutableCollections 0x00007b2a6f072308 (early)
[2025-04-30T08:32:25.781+0000][0.216s][info][cds,heap    ] initialize_from_archived_subgraph java.lang.Integer$IntegerCache 0x00007b2a6f037660 (early)
[2025-04-30T08:32:25.801+0000][0.237s][info][cds,heap    ] initialize_from_archived_subgraph java.lang.module.Configuration 0x00007b2a6f171718 (early)
[2025-04-30T08:32:25.801+0000][0.237s][info][cds,heap    ] initialize_from_archived_subgraph java.lang.ModuleLayer 0x00007b2a6f145b50 (early)
[2025-04-30T08:32:25.805+0000][0.240s][info][cds,heap    ] initialize_from_archived_subgraph jdk.internal.loader.ArchivedClassLoaders 0x00007b2a6f1a7e00 (early)
[2025-04-30T08:32:25.805+0000][0.240s][info][cds,heap    ] initialize_from_archived_subgraph jdk.internal.module.ArchivedBootLayer 0x00007b2a6f178358 (early)
[2025-04-30T08:32:25.837+0000][0.272s][info][cds,heap    ] initialize_from_archived_subgraph sun.util.locale.BaseLocale 0x00007b2a6f26eb88
[2025-04-30T08:32:25.895+0000][0.330s][info][cds,heap    ] initialize_from_archived_subgraph java.util.jar.Attributes$Name 0x00007b2a6f199878
[2025-04-30T08:32:26.085+0000][0.520s][info][cds,heap    ] initialize_from_archived_subgraph java.lang.Long$LongCache 0x00007b2a6f020f98
[2025-04-30T08:32:26.452+0000][0.887s][info][cds,heap    ] initialize_from_archived_subgraph java.lang.Character$CharacterCache 0x00007b2a6f03a9e8
[2025-04-30T08:32:27.190+0000][1.625s][debug][safepoint   ] Safepoint synchronization initiated using futex wait barrier. (13 threads)
[2025-04-30T08:32:27.190+0000][1.625s][info ][safepoint   ] Safepoint "Cleanup", Time since last: 1422529711 ns, Reaching safepoint: 29142 ns, Cleanup: 55350 ns, At safepoint: 2347 ns, Total: 86839 ns
[2025-04-30T08:32:28.113+0000][2.549s][debug][safepoint   ] Safepoint synchronization initiated using futex wait barrier. (12 threads)
[2025-04-30T08:32:28.113+0000][2.549s][info ][gc,start    ] GC(0) Pause Young (Normal) (G1 Evacuation Pause)
[2025-04-30T08:32:28.114+0000][2.549s][info ][gc,task     ] GC(0) Using 3 workers of 4 for evacuation
[2025-04-30T08:32:28.139+0000][2.574s][info ][gc,phases   ] GC(0)   Pre Evacuate Collection Set: 0.1ms
[2025-04-30T08:32:28.139+0000][2.574s][info ][gc,phases   ] GC(0)   Merge Heap Roots: 0.1ms
[2025-04-30T08:32:28.139+0000][2.574s][info ][gc,phases   ] GC(0)   Evacuate Collection Set: 22.3ms
[2025-04-30T08:32:28.139+0000][2.574s][info ][gc,phases   ] GC(0)   Post Evacuate Collection Set: 2.0ms
[2025-04-30T08:32:28.139+0000][2.574s][info ][gc,phases   ] GC(0)   Other: 0.8ms
[2025-04-30T08:32:28.139+0000][2.574s][info ][gc,heap     ] GC(0) Eden regions: 37->0(47)
[2025-04-30T08:32:28.139+0000][2.574s][info ][gc,heap     ] GC(0) Survivor regions: 0->5(5)
[2025-04-30T08:32:28.139+0000][2.574s][info ][gc,heap     ] GC(0) Old regions: 0->2
[2025-04-30T08:32:28.139+0000][2.574s][info ][gc,heap     ] GC(0) Archive regions: 2->2
[2025-04-30T08:32:28.139+0000][2.574s][info ][gc,heap     ] GC(0) Humongous regions: 0->0
[2025-04-30T08:32:28.139+0000][2.574s][info ][gc,metaspace] GC(0) Metaspace: 2056K(2304K)->2056K(2304K) NonClass: 1850K(1984K)->1850K(1984K) Class: 205K(320K)->205K(320K)
[2025-04-30T08:32:28.139+0000][2.574s][info ][gc          ] GC(0) Pause Young (Normal) (G1 Evacuation Pause) 37M->7M(126M) 25.472ms
[2025-04-30T08:32:28.139+0000][2.574s][info ][gc,cpu      ] GC(0) User=0.02s Sys=0.00s Real=0.03s
[2025-04-30T08:32:28.139+0000][2.574s][info ][safepoint   ] Safepoint "G1CollectForAllocation", Time since last: 923132121 ns, Reaching safepoint: 40496 ns, Cleanup: 27972 ns, At safepoint: 25548124 ns, Total: 25616592 ns
[2025-04-30T08:32:29.600+0000][4.036s][debug][safepoint   ] Safepoint synchronization initiated using futex wait barrier. (13 threads)
[2025-04-30T08:32:29.602+0000][4.037s][info ][safepoint   ] Safepoint "Cleanup", Time since last: 1461677472 ns, Reaching safepoint: 1021445 ns, Cleanup: 82579 ns, At safepoint: 10668 ns, Total: 1114692 ns
[2025-04-30T08:32:30.233+0000][4.669s][debug][safepoint   ] Safepoint synchronization initiated using futex wait barrier. (13 threads)
[2025-04-30T08:32:30.233+0000][4.669s][info ][gc,start    ] GC(1) Pause Young (Normal) (G1 Evacuation Pause)
[2025-04-30T08:32:30.233+0000][4.669s][info ][gc,task     ] GC(1) Using 3 workers of 4 for evacuation
[2025-04-30T08:32:30.265+0000][4.701s][info ][gc,phases   ] GC(1)   Pre Evacuate Collection Set: 0.2ms
[2025-04-30T08:32:30.265+0000][4.701s][info ][gc,phases   ] GC(1)   Merge Heap Roots: 0.1ms
[2025-04-30T08:32:30.265+0000][4.701s][info ][gc,phases   ] GC(1)   Evacuate Collection Set: 30.4ms
[2025-04-30T08:32:30.265+0000][4.701s][info ][gc,phases   ] GC(1)   Post Evacuate Collection Set: 0.9ms
[2025-04-30T08:32:30.265+0000][4.701s][info ][gc,phases   ] GC(1)   Other: 0.2ms
[2025-04-30T08:32:30.265+0000][4.701s][info ][gc,heap     ] GC(1) Eden regions: 47->0(60)
[2025-04-30T08:32:30.265+0000][4.701s][info ][gc,heap     ] GC(1) Survivor regions: 5->4(7)
[2025-04-30T08:32:30.265+0000][4.701s][info ][gc,heap     ] GC(1) Old regions: 2->7
[2025-04-30T08:32:30.265+0000][4.701s][info ][gc,heap     ] GC(1) Archive regions: 2->2
[2025-04-30T08:32:30.265+0000][4.701s][info ][gc,heap     ] GC(1) Humongous regions: 0->0
[2025-04-30T08:32:30.265+0000][4.701s][info ][gc,metaspace] GC(1) Metaspace: 3969K(4224K)->3969K(4224K) NonClass: 3557K(3712K)->3557K(3712K) Class: 412K(512K)->412K(512K)
[2025-04-30T08:32:30.265+0000][4.701s][info ][gc          ] GC(1) Pause Young (Normal) (G1 Evacuation Pause) 54M->10M(126M) 32.060ms
[2025-04-30T08:32:30.265+0000][4.701s][info ][gc,cpu      ] GC(1) User=0.02s Sys=0.01s Real=0.03s
[2025-04-30T08:32:30.265+0000][4.701s][info ][safepoint   ] Safepoint "G1CollectForAllocation", Time since last: 631629818 ns, Reaching safepoint: 47828 ns, Cleanup: 52548 ns, At safepoint: 32159683 ns, Total: 32260059 ns
[2025-04-30T08:32:31.266+0000][5.701s][debug][safepoint   ] Safepoint synchronization initiated using futex wait barrier. (14 threads)
[2025-04-30T08:32:31.267+0000][5.703s][info ][safepoint   ] Safepoint "Cleanup", Time since last: 1000091361 ns, Reaching safepoint: 916300 ns, Cleanup: 778094 ns, At safepoint: 14188 ns, Total: 1708582 ns
[2025-04-30T08:32:31.437+0000][5.873s][debug][safepoint   ] Safepoint synchronization initiated using futex wait barrier. (14 threads)
[2025-04-30T08:32:31.437+0000][5.873s][info ][gc,start    ] GC(2) Pause Young (Normal) (G1 Evacuation Pause)
[2025-04-30T08:32:31.438+0000][5.873s][info ][gc,task     ] GC(2) Using 3 workers of 4 for evacuation
[2025-04-30T08:32:31.461+0000][5.897s][info ][gc,phases   ] GC(2)   Pre Evacuate Collection Set: 0.1ms
[2025-04-30T08:32:31.462+0000][5.897s][info ][gc,phases   ] GC(2)   Merge Heap Roots: 0.1ms
[2025-04-30T08:32:31.462+0000][5.897s][info ][gc,phases   ] GC(2)   Evacuate Collection Set: 22.0ms
[2025-04-30T08:32:31.462+0000][5.897s][info ][gc,phases   ] GC(2)   Post Evacuate Collection Set: 1.7ms
[2025-04-30T08:32:31.462+0000][5.897s][info ][gc,phases   ] GC(2)   Other: 0.1ms
[2025-04-30T08:32:31.462+0000][5.897s][info ][gc,heap     ] GC(2) Eden regions: 60->0(69)
[2025-04-30T08:32:31.462+0000][5.897s][info ][gc,heap     ] GC(2) Survivor regions: 4->5(8)
[2025-04-30T08:32:31.462+0000][5.897s][info ][gc,heap     ] GC(2) Old regions: 7->7
[2025-04-30T08:32:31.462+0000][5.897s][info ][gc,heap     ] GC(2) Archive regions: 2->2
[2025-04-30T08:32:31.462+0000][5.897s][info ][gc,heap     ] GC(2) Humongous regions: 0->0
[2025-04-30T08:32:31.462+0000][5.897s][info ][gc,metaspace] GC(2) Metaspace: 6254K(6592K)->6254K(6592K) NonClass: 5484K(5632K)->5484K(5632K) Class: 769K(960K)->769K(960K)
[2025-04-30T08:32:31.462+0000][5.897s][info ][gc          ] GC(2) Pause Young (Normal) (G1 Evacuation Pause) 70M->11M(126M) 24.097ms
[2025-04-30T08:32:31.462+0000][5.897s][info ][gc,cpu      ] GC(2) User=0.02s Sys=0.00s Real=0.03s
[2025-04-30T08:32:31.462+0000][5.897s][info ][safepoint   ] Safepoint "G1CollectForAllocation", Time since last: 170145330 ns, Reaching safepoint: 33555 ns, Cleanup: 13684 ns, At safepoint: 24149437 ns, Total: 24196676 ns
[2025-04-30T08:32:32.775+0000][7.210s][debug][safepoint   ] Safepoint synchronization initiated using futex wait barrier. (14 threads)
[2025-04-30T08:32:32.775+0000][7.210s][info ][gc,start    ] GC(3) Pause Young (Normal) (G1 Evacuation Pause)
[2025-04-30T08:32:32.775+0000][7.210s][info ][gc,task     ] GC(3) Using 3 workers of 4 for evacuation
[2025-04-30T08:32:32.782+0000][7.217s][info ][gc,phases   ] GC(3)   Pre Evacuate Collection Set: 0.1ms
[2025-04-30T08:32:32.782+0000][7.217s][info ][gc,phases   ] GC(3)   Merge Heap Roots: 0.0ms
[2025-04-30T08:32:32.782+0000][7.217s][info ][gc,phases   ] GC(3)   Evacuate Collection Set: 6.0ms
[2025-04-30T08:32:32.782+0000][7.217s][info ][gc,phases   ] GC(3)   Post Evacuate Collection Set: 0.9ms
[2025-04-30T08:32:32.782+0000][7.217s][info ][gc,phases   ] GC(3)   Other: 0.1ms
[2025-04-30T08:32:32.782+0000][7.217s][info ][gc,heap     ] GC(3) Eden regions: 69->0(68)
[2025-04-30T08:32:32.782+0000][7.217s][info ][gc,heap     ] GC(3) Survivor regions: 5->6(10)
[2025-04-30T08:32:32.782+0000][7.217s][info ][gc,heap     ] GC(3) Old regions: 7->7
[2025-04-30T08:32:32.782+0000][7.217s][info ][gc,heap     ] GC(3) Archive regions: 2->2
[2025-04-30T08:32:32.782+0000][7.217s][info ][gc,heap     ] GC(3) Humongous regions: 0->0
[2025-04-30T08:32:32.782+0000][7.217s][info ][gc,metaspace] GC(3) Metaspace: 10062K(10432K)->10062K(10432K) NonClass: 8766K(8960K)->8766K(8960K) Class: 1296K(1472K)->1296K(1472K)
[2025-04-30T08:32:32.782+0000][7.217s][info ][gc          ] GC(3) Pause Young (Normal) (G1 Evacuation Pause) 80M->13M(126M) 7.183ms
[2025-04-30T08:32:32.782+0000][7.217s][info ][gc,cpu      ] GC(3) User=0.01s Sys=0.00s Real=0.01s
[2025-04-30T08:32:32.782+0000][7.217s][info ][safepoint   ] Safepoint "G1CollectForAllocation", Time since last: 1313070871 ns, Reaching safepoint: 36383 ns, Cleanup: 71058 ns, At safepoint: 7231200 ns, Total: 7338641 ns
[2025-04-30T08:32:33.551+0000][7.986s][debug][safepoint   ] Safepoint synchronization initiated using futex wait barrier. (14 threads)
[2025-04-30T08:32:33.551+0000][7.986s][info ][safepoint   ] Safepoint "ICBufferFull", Time since last: 768476199 ns, Reaching safepoint: 35759 ns, Cleanup: 112902 ns, At safepoint: 2998 ns, Total: 151659 ns
[2025-04-30T08:32:33.906+0000][8.341s][debug][safepoint   ] Safepoint synchronization initiated using futex wait barrier. (14 threads)
[2025-04-30T08:32:33.906+0000][8.341s][info ][gc,start    ] GC(4) Pause Young (Normal) (G1 Evacuation Pause)
[2025-04-30T08:32:33.906+0000][8.341s][info ][gc,task     ] GC(4) Using 3 workers of 4 for evacuation
[2025-04-30T08:32:33.937+0000][8.373s][info ][gc,phases   ] GC(4)   Pre Evacuate Collection Set: 0.1ms
[2025-04-30T08:32:33.938+0000][8.373s][info ][gc,phases   ] GC(4)   Merge Heap Roots: 0.1ms
[2025-04-30T08:32:33.938+0000][8.373s][info ][gc,phases   ] GC(4)   Evacuate Collection Set: 27.6ms
[2025-04-30T08:32:33.938+0000][8.373s][info ][gc,phases   ] GC(4)   Post Evacuate Collection Set: 3.7ms
[2025-04-30T08:32:33.938+0000][8.373s][info ][gc,phases   ] GC(4)   Other: 0.1ms
[2025-04-30T08:32:33.938+0000][8.373s][info ][gc,heap     ] GC(4) Eden regions: 68->0(69)
[2025-04-30T08:32:33.938+0000][8.373s][info ][gc,heap     ] GC(4) Survivor regions: 6->5(10)
[2025-04-30T08:32:33.938+0000][8.373s][info ][gc,heap     ] GC(4) Old regions: 7->10
[2025-04-30T08:32:33.938+0000][8.373s][info ][gc,heap     ] GC(4) Archive regions: 2->2
[2025-04-30T08:32:33.938+0000][8.373s][info ][gc,heap     ] GC(4) Humongous regions: 0->0
[2025-04-30T08:32:33.938+0000][8.373s][info ][gc,metaspace] GC(4) Metaspace: 11926K(12224K)->11926K(12224K) NonClass: 10384K(10560K)->10384K(10560K) Class: 1541K(1664K)->1541K(1664K)
[2025-04-30T08:32:33.938+0000][8.373s][info ][gc          ] GC(4) Pause Young (Normal) (G1 Evacuation Pause) 81M->14M(126M) 31.789ms
[2025-04-30T08:32:33.938+0000][8.373s][info ][gc,cpu      ] GC(4) User=0.06s Sys=0.01s Real=0.03s
[2025-04-30T08:32:33.938+0000][8.373s][info ][safepoint   ] Safepoint "G1CollectForAllocation", Time since last: 355008984 ns, Reaching safepoint: 47618 ns, Cleanup: 78273 ns, At safepoint: 31851906 ns, Total: 31977797 ns
[2025-04-30T08:32:34.652+0000][9.088s][debug][safepoint   ] Safepoint synchronization initiated using futex wait barrier. (15 threads)
[2025-04-30T08:32:34.653+0000][9.088s][info ][gc,start    ] GC(5) Pause Young (Normal) (G1 Evacuation Pause)
[2025-04-30T08:32:34.653+0000][9.088s][info ][gc,task     ] GC(5) Using 4 workers of 4 for evacuation
[2025-04-30T08:32:34.666+0000][9.101s][info ][gc,phases   ] GC(5)   Pre Evacuate Collection Set: 0.1ms
[2025-04-30T08:32:34.666+0000][9.101s][info ][gc,phases   ] GC(5)   Merge Heap Roots: 0.1ms
[2025-04-30T08:32:34.666+0000][9.101s][info ][gc,phases   ] GC(5)   Evacuate Collection Set: 11.5ms
[2025-04-30T08:32:34.666+0000][9.101s][info ][gc,phases   ] GC(5)   Post Evacuate Collection Set: 1.1ms
[2025-04-30T08:32:34.666+0000][9.101s][info ][gc,phases   ] GC(5)   Other: 0.1ms
[2025-04-30T08:32:34.666+0000][9.101s][info ][gc,heap     ] GC(5) Eden regions: 69->0(68)
[2025-04-30T08:32:34.666+0000][9.101s][info ][gc,heap     ] GC(5) Survivor regions: 5->6(10)
[2025-04-30T08:32:34.666+0000][9.101s][info ][gc,heap     ] GC(5) Old regions: 10->10
[2025-04-30T08:32:34.666+0000][9.101s][info ][gc,heap     ] GC(5) Archive regions: 2->2
[2025-04-30T08:32:34.666+0000][9.101s][info ][gc,heap     ] GC(5) Humongous regions: 0->0
[2025-04-30T08:32:34.666+0000][9.101s][info ][gc,metaspace] GC(5) Metaspace: 14543K(14848K)->14543K(14848K) NonClass: 12658K(12800K)->12658K(12800K) Class: 1885K(2048K)->1885K(2048K)
[2025-04-30T08:32:34.666+0000][9.101s][info ][gc          ] GC(5) Pause Young (Normal) (G1 Evacuation Pause) 83M->15M(126M) 13.070ms
[2025-04-30T08:32:34.666+0000][9.101s][info ][gc,cpu      ] GC(5) User=0.02s Sys=0.00s Real=0.01s
[2025-04-30T08:32:34.666+0000][9.101s][info ][safepoint   ] Safepoint "G1CollectForAllocation", Time since last: 714740341 ns, Reaching safepoint: 200887 ns, Cleanup: 114468 ns, At safepoint: 13135936 ns, Total: 13451291 ns
[2025-04-30T08:32:35.131+0000][9.566s][info ][cds,heap    ] initialize_from_archived_subgraph java.lang.Byte$ByteCache 0x00007b2a6f03abf8
[2025-04-30T08:32:35.131+0000][9.566s][info ][cds,heap    ] initialize_from_archived_subgraph java.lang.Short$ShortCache 0x00007b2a6f0412e8
[2025-04-30T08:32:35.291+0000][9.727s][debug][safepoint   ] Safepoint synchronization initiated using futex wait barrier. (15 threads)
[2025-04-30T08:32:35.292+0000][9.727s][info ][gc,start    ] GC(6) Pause Young (Normal) (G1 Evacuation Pause)
[2025-04-30T08:32:35.292+0000][9.727s][info ][gc,task     ] GC(6) Using 4 workers of 4 for evacuation
[2025-04-30T08:32:35.318+0000][9.754s][info ][gc,phases   ] GC(6)   Pre Evacuate Collection Set: 0.1ms
[2025-04-30T08:32:35.318+0000][9.754s][info ][gc,phases   ] GC(6)   Merge Heap Roots: 0.1ms
[2025-04-30T08:32:35.318+0000][9.754s][info ][gc,phases   ] GC(6)   Evacuate Collection Set: 24.5ms
[2025-04-30T08:32:35.318+0000][9.754s][info ][gc,phases   ] GC(6)   Post Evacuate Collection Set: 2.0ms
[2025-04-30T08:32:35.318+0000][9.754s][info ][gc,phases   ] GC(6)   Other: 0.1ms
[2025-04-30T08:32:35.318+0000][9.754s][info ][gc,heap     ] GC(6) Eden regions: 68->0(86)
[2025-04-30T08:32:35.318+0000][9.754s][info ][gc,heap     ] GC(6) Survivor regions: 6->5(10)
[2025-04-30T08:32:35.318+0000][9.754s][info ][gc,heap     ] GC(6) Old regions: 10->11
[2025-04-30T08:32:35.318+0000][9.754s][info ][gc,heap     ] GC(6) Archive regions: 2->2
[2025-04-30T08:32:35.318+0000][9.754s][info ][gc,heap     ] GC(6) Humongous regions: 0->0
[2025-04-30T08:32:35.318+0000][9.754s][info ][gc,metaspace] GC(6) Metaspace: 16417K(16704K)->16417K(16704K) NonClass: 14181K(14336K)->14181K(14336K) Class: 2235K(2368K)->2235K(2368K)
[2025-04-30T08:32:35.318+0000][9.754s][info ][gc          ] GC(6) Pause Young (Normal) (G1 Evacuation Pause) 83M->16M(152M) 26.887ms
[2025-04-30T08:32:35.318+0000][9.754s][info ][gc,cpu      ] GC(6) User=0.03s Sys=0.00s Real=0.03s
[2025-04-30T08:32:35.318+0000][9.754s][info ][safepoint   ] Safepoint "G1CollectForAllocation", Time since last: 625344252 ns, Reaching safepoint: 277830 ns, Cleanup: 47988 ns, At safepoint: 26960490 ns, Total: 27286308 ns
[2025-04-30T08:32:36.768+0000][11.203s][debug][safepoint   ] Safepoint synchronization initiated using futex wait barrier. (15 threads)
[2025-04-30T08:32:36.768+0000][11.203s][info ][gc,start    ] GC(7) Pause Young (Normal) (G1 Evacuation Pause)
[2025-04-30T08:32:36.768+0000][11.203s][info ][gc,task     ] GC(7) Using 4 workers of 4 for evacuation
[2025-04-30T08:32:36.807+0000][11.242s][info ][gc,phases   ] GC(7)   Pre Evacuate Collection Set: 0.1ms
[2025-04-30T08:32:36.807+0000][11.242s][info ][gc,phases   ] GC(7)   Merge Heap Roots: 0.1ms
[2025-04-30T08:32:36.807+0000][11.242s][info ][gc,phases   ] GC(7)   Evacuate Collection Set: 32.1ms
[2025-04-30T08:32:36.807+0000][11.242s][info ][gc,phases   ] GC(7)   Post Evacuate Collection Set: 6.1ms
[2025-04-30T08:32:36.807+0000][11.242s][info ][gc,phases   ] GC(7)   Other: 0.1ms
[2025-04-30T08:32:36.807+0000][11.242s][info ][gc,heap     ] GC(7) Eden regions: 86->0(82)
[2025-04-30T08:32:36.807+0000][11.242s][info ][gc,heap     ] GC(7) Survivor regions: 5->9(12)
[2025-04-30T08:32:36.807+0000][11.242s][info ][gc,heap     ] GC(7) Old regions: 11->11
[2025-04-30T08:32:36.807+0000][11.242s][info ][gc,heap     ] GC(7) Archive regions: 2->2
[2025-04-30T08:32:36.807+0000][11.242s][info ][gc,heap     ] GC(7) Humongous regions: 0->0
[2025-04-30T08:32:36.807+0000][11.242s][info ][gc,metaspace] GC(7) Metaspace: 20127K(20480K)->20127K(20480K) NonClass: 17494K(17664K)->17494K(17664K) Class: 2632K(2816K)->2632K(2816K)
[2025-04-30T08:32:36.807+0000][11.242s][info ][gc          ] GC(7) Pause Young (Normal) (G1 Evacuation Pause) 102M->19M(152M) 38.735ms
[2025-04-30T08:32:36.807+0000][11.242s][info ][gc,cpu      ] GC(7) User=0.05s Sys=0.00s Real=0.04s
[2025-04-30T08:32:36.807+0000][11.242s][info ][safepoint   ] Safepoint "G1CollectForAllocation", Time since last: 1449386123 ns, Reaching safepoint: 110511 ns, Cleanup: 85507 ns, At safepoint: 38811290 ns, Total: 39007308 ns
[2025-04-30T08:32:37.263+0000][11.698s][debug][safepoint   ] Safepoint synchronization initiated using futex wait barrier. (15 threads)
[2025-04-30T08:32:37.263+0000][11.698s][info ][gc,start    ] GC(8) Pause Young (Concurrent Start) (Metadata GC Threshold)
[2025-04-30T08:32:37.263+0000][11.698s][info ][gc,task     ] GC(8) Using 4 workers of 4 for evacuation
[2025-04-30T08:32:37.287+0000][11.722s][info ][gc,phases   ] GC(8)   Pre Evacuate Collection Set: 0.1ms
[2025-04-30T08:32:37.287+0000][11.722s][info ][gc,phases   ] GC(8)   Merge Heap Roots: 0.1ms
[2025-04-30T08:32:37.287+0000][11.722s][info ][gc,phases   ] GC(8)   Evacuate Collection Set: 22.2ms
[2025-04-30T08:32:37.287+0000][11.722s][info ][gc,phases   ] GC(8)   Post Evacuate Collection Set: 1.4ms
[2025-04-30T08:32:37.287+0000][11.722s][info ][gc,phases   ] GC(8)   Other: 0.2ms
[2025-04-30T08:32:37.287+0000][11.722s][info ][gc,heap     ] GC(8) Eden regions: 18->0(84)
[2025-04-30T08:32:37.287+0000][11.722s][info ][gc,heap     ] GC(8) Survivor regions: 9->7(12)
[2025-04-30T08:32:37.287+0000][11.722s][info ][gc,heap     ] GC(8) Old regions: 11->14
[2025-04-30T08:32:37.287+0000][11.722s][info ][gc,heap     ] GC(8) Archive regions: 2->2
[2025-04-30T08:32:37.287+0000][11.722s][info ][gc,heap     ] GC(8) Humongous regions: 0->0
[2025-04-30T08:32:37.287+0000][11.722s][info ][gc,metaspace] GC(8) Metaspace: 21164K(21504K)->21164K(21504K) NonClass: 18406K(18560K)->18406K(18560K) Class: 2757K(2944K)->2757K(2944K)
[2025-04-30T08:32:37.287+0000][11.722s][info ][gc          ] GC(8) Pause Young (Concurrent Start) (Metadata GC Threshold) 37M->20M(152M) 24.107ms
[2025-04-30T08:32:37.287+0000][11.722s][info ][gc,cpu      ] GC(8) User=0.03s Sys=0.00s Real=0.02s
[2025-04-30T08:32:37.287+0000][11.722s][info ][safepoint   ] Safepoint "CollectForMetadataAllocation", Time since last: 455839988 ns, Reaching safepoint: 102948 ns, Cleanup: 20710 ns, At safepoint: 24201471 ns, Total: 24325129 ns
[2025-04-30T08:32:37.291+0000][11.726s][info ][gc          ] GC(9) Concurrent Mark Cycle
[2025-04-30T08:32:37.291+0000][11.726s][info ][gc,marking  ] GC(9) Concurrent Clear Claimed Marks
[2025-04-30T08:32:37.291+0000][11.726s][info ][gc,marking  ] GC(9) Concurrent Clear Claimed Marks 0.029ms
[2025-04-30T08:32:37.291+0000][11.726s][info ][gc,marking  ] GC(9) Concurrent Scan Root Regions
[2025-04-30T08:32:37.327+0000][11.762s][info ][gc,marking  ] GC(9) Concurrent Scan Root Regions 35.923ms
[2025-04-30T08:32:37.327+0000][11.762s][info ][gc,marking  ] GC(9) Concurrent Mark
[2025-04-30T08:32:37.327+0000][11.762s][info ][gc,marking  ] GC(9) Concurrent Mark From Roots
[2025-04-30T08:32:37.327+0000][11.762s][info ][gc,task     ] GC(9) Using 1 workers of 1 for marking
[2025-04-30T08:32:37.414+0000][11.850s][info ][gc,marking  ] GC(9) Concurrent Mark From Roots 87.842ms
[2025-04-30T08:32:37.414+0000][11.850s][debug][safepoint   ] Safepoint synchronization initiated using futex wait barrier. (15 threads)
[2025-04-30T08:32:37.415+0000][11.850s][info ][gc,marking  ] GC(9) Concurrent Preclean
[2025-04-30T08:32:37.422+0000][11.857s][info ][safepoint   ] Safepoint "CollectForMetadataAllocation", Time since last: 127416597 ns, Reaching safepoint: 4351618 ns, Cleanup: 79214 ns, At safepoint: 2695767 ns, Total: 7126599 ns
[2025-04-30T08:32:37.426+0000][11.861s][info ][gc,marking  ] GC(9) Concurrent Preclean 11.570ms
[2025-04-30T08:32:37.429+0000][11.865s][debug][safepoint   ] Safepoint synchronization initiated using futex wait barrier. (15 threads)
[2025-04-30T08:32:37.430+0000][11.865s][info ][gc,start    ] GC(9) Pause Remark
[2025-04-30T08:32:37.462+0000][11.898s][info ][gc          ] GC(9) Pause Remark 25M->25M(97M) 32.889ms
[2025-04-30T08:32:37.462+0000][11.898s][info ][gc,cpu      ] GC(9) User=0.02s Sys=0.00s Real=0.03s
[2025-04-30T08:32:37.467+0000][11.902s][info ][safepoint   ] Safepoint "G1PauseRemark", Time since last: 7758959 ns, Reaching safepoint: 160563 ns, Cleanup: 4691 ns, At safepoint: 37289508 ns, Total: 37454762 ns
[2025-04-30T08:32:37.467+0000][11.902s][info ][gc,marking  ] GC(9) Concurrent Mark 140.283ms
[2025-04-30T08:32:37.467+0000][11.902s][info ][gc,marking  ] GC(9) Concurrent Rebuild Remembered Sets
[2025-04-30T08:32:37.619+0000][12.055s][info ][gc,marking  ] GC(9) Concurrent Rebuild Remembered Sets 152.559ms
[2025-04-30T08:32:37.623+0000][12.059s][debug][safepoint   ] Safepoint synchronization initiated using futex wait barrier. (15 threads)
[2025-04-30T08:32:37.625+0000][12.060s][info ][gc,start    ] GC(9) Pause Cleanup
[2025-04-30T08:32:37.625+0000][12.060s][info ][gc          ] GC(9) Pause Cleanup 29M->29M(97M) 0.140ms
[2025-04-30T08:32:37.625+0000][12.060s][info ][gc,cpu      ] GC(9) User=0.00s Sys=0.00s Real=0.00s
[2025-04-30T08:32:37.625+0000][12.060s][info ][safepoint   ] Safepoint "G1PauseCleanup", Time since last: 156687373 ns, Reaching safepoint: 1018080 ns, Cleanup: 20219 ns, At safepoint: 197887 ns, Total: 1236186 ns
[2025-04-30T08:32:37.627+0000][12.062s][info ][gc,marking  ] GC(9) Concurrent Cleanup for Next Mark
[2025-04-30T08:32:37.645+0000][12.081s][info ][gc,marking  ] GC(9) Concurrent Cleanup for Next Mark 18.779ms
[2025-04-30T08:32:37.645+0000][12.081s][info ][gc          ] GC(9) Concurrent Mark Cycle 354.956ms
[2025-04-30T08:32:38.631+0000][13.066s][debug][safepoint   ] Safepoint synchronization initiated using futex wait barrier. (15 threads)
[2025-04-30T08:32:38.644+0000][13.080s][info ][safepoint   ] Safepoint "Cleanup", Time since last: 1006249444 ns, Reaching safepoint: 3471532 ns, Cleanup: 927074 ns, At safepoint: 9094762 ns, Total: 13493368 ns
[2025-04-30T08:32:38.735+0000][13.170s][debug][safepoint   ] Safepoint synchronization initiated using futex wait barrier. (15 threads)
[2025-04-30T08:32:38.744+0000][13.179s][info ][gc,start    ] GC(10) Pause Young (Concurrent Start) (G1 Evacuation Pause)
[2025-04-30T08:32:38.744+0000][13.179s][info ][gc,task     ] GC(10) Using 4 workers of 4 for evacuation
[2025-04-30T08:32:38.793+0000][13.229s][info ][gc,phases   ] GC(10)   Pre Evacuate Collection Set: 0.1ms
[2025-04-30T08:32:38.793+0000][13.229s][info ][gc,phases   ] GC(10)   Merge Heap Roots: 0.1ms
[2025-04-30T08:32:38.793+0000][13.229s][info ][gc,phases   ] GC(10)   Evacuate Collection Set: 47.3ms
[2025-04-30T08:32:38.793+0000][13.229s][info ][gc,phases   ] GC(10)   Post Evacuate Collection Set: 1.7ms
[2025-04-30T08:32:38.793+0000][13.229s][info ][gc,phases   ] GC(10)   Other: 0.2ms
[2025-04-30T08:32:38.793+0000][13.229s][info ][gc,heap     ] GC(10) Eden regions: 51->0(51)
[2025-04-30T08:32:38.793+0000][13.229s][info ][gc,heap     ] GC(10) Survivor regions: 7->7(8)
[2025-04-30T08:32:38.793+0000][13.229s][info ][gc,heap     ] GC(10) Old regions: 14->16
[2025-04-30T08:32:38.793+0000][13.229s][info ][gc,heap     ] GC(10) Archive regions: 2->2
[2025-04-30T08:32:38.793+0000][13.229s][info ][gc,heap     ] GC(10) Humongous regions: 0->0
[2025-04-30T08:32:38.793+0000][13.229s][info ][gc,metaspace] GC(10) Metaspace: 23122K(23488K)->23122K(23488K) NonClass: 20085K(20288K)->20085K(20288K) Class: 3037K(3200K)->3037K(3200K)
[2025-04-30T08:32:38.793+0000][13.229s][info ][gc          ] GC(10) Pause Young (Concurrent Start) (G1 Evacuation Pause) 71M->22M(97M) 49.525ms
[2025-04-30T08:32:38.793+0000][13.229s][info ][gc,cpu      ] GC(10) User=0.07s Sys=0.01s Real=0.05s
[2025-04-30T08:32:38.794+0000][13.229s][info ][gc          ] GC(11) Concurrent Mark Cycle
[2025-04-30T08:32:38.794+0000][13.229s][info ][gc,marking  ] GC(11) Concurrent Clear Claimed Marks
[2025-04-30T08:32:38.794+0000][13.229s][info ][gc,marking  ] GC(11) Concurrent Clear Claimed Marks 0.025ms
[2025-04-30T08:32:38.794+0000][13.229s][info ][gc,marking  ] GC(11) Concurrent Scan Root Regions
[2025-04-30T08:32:38.796+0000][13.232s][info ][safepoint   ] Safepoint "G1CollectForAllocation", Time since last: 90479585 ns, Reaching safepoint: 8961772 ns, Cleanup: 20541 ns, At safepoint: 52551054 ns, Total: 61533367 ns
[2025-04-30T08:32:38.821+0000][13.257s][info ][gc,marking  ] GC(11) Concurrent Scan Root Regions 27.689ms
[2025-04-30T08:32:38.821+0000][13.257s][info ][gc,marking  ] GC(11) Concurrent Mark
[2025-04-30T08:32:38.821+0000][13.257s][info ][gc,marking  ] GC(11) Concurrent Mark From Roots
[2025-04-30T08:32:38.821+0000][13.257s][info ][gc,task     ] GC(11) Using 1 workers of 1 for marking
[2025-04-30T08:32:39.058+0000][13.494s][info ][gc,marking  ] GC(11) Concurrent Mark From Roots 237.103ms
[2025-04-30T08:32:39.059+0000][13.494s][info ][gc,marking  ] GC(11) Concurrent Preclean
[2025-04-30T08:32:39.059+0000][13.494s][info ][gc,marking  ] GC(11) Concurrent Preclean 0.303ms
[2025-04-30T08:32:39.059+0000][13.494s][debug][safepoint   ] Safepoint synchronization initiated using futex wait barrier. (15 threads)
[2025-04-30T08:32:39.059+0000][13.494s][debug][safepoint   ] ... found polling page loop exception at pc = 0x00007b2ad910d7d8, stub =0x00007b2ad898e400
[2025-04-30T08:32:39.062+0000][13.497s][info ][gc,start    ] GC(11) Pause Remark
[2025-04-30T08:32:39.081+0000][13.516s][info ][gc          ] GC(11) Pause Remark 37M->37M(97M) 18.959ms
[2025-04-30T08:32:39.081+0000][13.516s][info ][gc,cpu      ] GC(11) User=0.03s Sys=0.00s Real=0.02s
[2025-04-30T08:32:39.081+0000][13.516s][info ][safepoint   ] Safepoint "G1PauseRemark", Time since last: 262369107 ns, Reaching safepoint: 2671014 ns, Cleanup: 22879 ns, At safepoint: 19066070 ns, Total: 21759963 ns
[2025-04-30T08:32:39.084+0000][13.520s][info ][gc,marking  ] GC(11) Concurrent Mark 263.134ms
[2025-04-30T08:32:39.085+0000][13.520s][info ][gc,marking  ] GC(11) Concurrent Rebuild Remembered Sets
[2025-04-30T08:32:39.214+0000][13.649s][info ][gc,marking  ] GC(11) Concurrent Rebuild Remembered Sets 129.470ms
[2025-04-30T08:32:39.215+0000][13.651s][debug][safepoint   ] Safepoint synchronization initiated using futex wait barrier. (15 threads)
[2025-04-30T08:32:39.219+0000][13.655s][info ][gc,start    ] GC(11) Pause Cleanup
[2025-04-30T08:32:39.220+0000][13.655s][info ][gc          ] GC(11) Pause Cleanup 43M->43M(97M) 0.259ms
[2025-04-30T08:32:39.220+0000][13.655s][info ][gc,cpu      ] GC(11) User=0.00s Sys=0.00s Real=0.00s
[2025-04-30T08:32:39.220+0000][13.655s][info ][safepoint   ] Safepoint "G1PauseCleanup", Time since last: 133443264 ns, Reaching safepoint: 5159473 ns, Cleanup: 53724 ns, At safepoint: 340810 ns, Total: 5554007 ns
[2025-04-30T08:32:39.220+0000][13.655s][info ][gc,marking  ] GC(11) Concurrent Cleanup for Next Mark
[2025-04-30T08:32:39.224+0000][13.659s][info ][gc,marking  ] GC(11) Concurrent Cleanup for Next Mark 4.031ms
[2025-04-30T08:32:39.224+0000][13.659s][info ][gc          ] GC(11) Concurrent Mark Cycle 430.235ms
[2025-04-30T08:32:39.544+0000][13.979s][debug][safepoint   ] Safepoint synchronization initiated using futex wait barrier. (14 threads)
[2025-04-30T08:32:39.544+0000][13.979s][info ][gc,start    ] GC(12) Pause Young (Normal) (G1 Evacuation Pause)
[2025-04-30T08:32:39.544+0000][13.979s][info ][gc,task     ] GC(12) Using 3 workers of 4 for evacuation
[2025-04-30T08:32:39.562+0000][13.998s][info ][gc,phases   ] GC(12)   Pre Evacuate Collection Set: 0.1ms
[2025-04-30T08:32:39.562+0000][13.998s][info ][gc,phases   ] GC(12)   Merge Heap Roots: 0.1ms
[2025-04-30T08:32:39.562+0000][13.998s][info ][gc,phases   ] GC(12)   Evacuate Collection Set: 16.9ms
[2025-04-30T08:32:39.562+0000][13.998s][info ][gc,phases   ] GC(12)   Post Evacuate Collection Set: 1.3ms
[2025-04-30T08:32:39.562+0000][13.998s][info ][gc,phases   ] GC(12)   Other: 0.1ms
[2025-04-30T08:32:39.562+0000][13.998s][info ][gc,heap     ] GC(12) Eden regions: 51->0(50)
[2025-04-30T08:32:39.562+0000][13.998s][info ][gc,heap     ] GC(12) Survivor regions: 7->7(8)
[2025-04-30T08:32:39.562+0000][13.998s][info ][gc,heap     ] GC(12) Old regions: 16->20
[2025-04-30T08:32:39.562+0000][13.998s][info ][gc,heap     ] GC(12) Archive regions: 2->2
[2025-04-30T08:32:39.562+0000][13.998s][info ][gc,heap     ] GC(12) Humongous regions: 0->0
[2025-04-30T08:32:39.562+0000][13.998s][info ][gc,metaspace] GC(12) Metaspace: 24416K(24832K)->24416K(24832K) NonClass: 21228K(21440K)->21228K(21440K) Class: 3187K(3392K)->3187K(3392K)
[2025-04-30T08:32:39.562+0000][13.998s][info ][gc          ] GC(12) Pause Young (Normal) (G1 Evacuation Pause) 73M->25M(97M) 18.693ms
[2025-04-30T08:32:39.562+0000][13.998s][info ][gc,cpu      ] GC(12) User=0.03s Sys=0.00s Real=0.02s
[2025-04-30T08:32:39.563+0000][13.998s][info ][safepoint   ] Safepoint "G1CollectForAllocation", Time since last: 323928357 ns, Reaching safepoint: 40506 ns, Cleanup: 58229 ns, At safepoint: 19200563 ns, Total: 19299298 ns
[2025-04-30T08:32:40.026+0000][14.461s][debug][safepoint   ] Safepoint synchronization initiated using futex wait barrier. (14 threads)
[2025-04-30T08:32:40.026+0000][14.461s][info ][gc,start    ] GC(13) Pause Young (Normal) (G1 Evacuation Pause)
[2025-04-30T08:32:40.026+0000][14.461s][info ][gc,task     ] GC(13) Using 2 workers of 4 for evacuation
[2025-04-30T08:32:40.059+0000][14.494s][info ][gc,phases   ] GC(13)   Pre Evacuate Collection Set: 0.1ms
[2025-04-30T08:32:40.059+0000][14.494s][info ][gc,phases   ] GC(13)   Merge Heap Roots: 0.1ms
[2025-04-30T08:32:40.059+0000][14.494s][info ][gc,phases   ] GC(13)   Evacuate Collection Set: 27.8ms
[2025-04-30T08:32:40.059+0000][14.494s][info ][gc,phases   ] GC(13)   Post Evacuate Collection Set: 5.0ms
[2025-04-30T08:32:40.059+0000][14.494s][info ][gc,phases   ] GC(13)   Other: 0.1ms
[2025-04-30T08:32:40.059+0000][14.494s][info ][gc,heap     ] GC(13) Eden regions: 50->0(43)
[2025-04-30T08:32:40.059+0000][14.494s][info ][gc,heap     ] GC(13) Survivor regions: 7->8(8)
[2025-04-30T08:32:40.059+0000][14.494s][info ][gc,heap     ] GC(13) Old regions: 20->24
[2025-04-30T08:32:40.059+0000][14.494s][info ][gc,heap     ] GC(13) Archive regions: 2->2
[2025-04-30T08:32:40.059+0000][14.494s][info ][gc,heap     ] GC(13) Humongous regions: 0->0
[2025-04-30T08:32:40.059+0000][14.494s][info ][gc,metaspace] GC(13) Metaspace: 24449K(24832K)->24449K(24832K) NonClass: 21252K(21440K)->21252K(21440K) Class: 3196K(3392K)->3196K(3392K)
[2025-04-30T08:32:40.059+0000][14.494s][info ][gc          ] GC(13) Pause Young (Normal) (G1 Evacuation Pause) 75M->31M(97M) 33.275ms
[2025-04-30T08:32:40.059+0000][14.494s][info ][gc,cpu      ] GC(13) User=0.05s Sys=0.00s Real=0.04s
[2025-04-30T08:32:40.059+0000][14.494s][info ][safepoint   ] Safepoint "G1CollectForAllocation", Time since last: 462703804 ns, Reaching safepoint: 39190 ns, Cleanup: 30671 ns, At safepoint: 33334274 ns, Total: 33404135 ns
[2025-04-30T08:32:40.253+0000][14.688s][debug][safepoint   ] Safepoint synchronization initiated using futex wait barrier. (14 threads)
[2025-04-30T08:32:40.253+0000][14.688s][info ][gc,start    ] GC(14) Pause Young (Normal) (G1 Evacuation Pause)
[2025-04-30T08:32:40.253+0000][14.688s][info ][gc,task     ] GC(14) Using 2 workers of 4 for evacuation
[2025-04-30T08:32:40.305+0000][14.741s][info ][gc,phases   ] GC(14)   Pre Evacuate Collection Set: 0.3ms
[2025-04-30T08:32:40.305+0000][14.741s][info ][gc,phases   ] GC(14)   Merge Heap Roots: 0.1ms
[2025-04-30T08:32:40.306+0000][14.741s][info ][gc,phases   ] GC(14)   Evacuate Collection Set: 49.5ms
[2025-04-30T08:32:40.306+0000][14.741s][info ][gc,phases   ] GC(14)   Post Evacuate Collection Set: 2.7ms
[2025-04-30T08:32:40.306+0000][14.741s][info ][gc,phases   ] GC(14)   Other: 0.1ms
[2025-04-30T08:32:40.306+0000][14.741s][info ][gc,heap     ] GC(14) Eden regions: 43->0(71)
[2025-04-30T08:32:40.306+0000][14.741s][info ][gc,heap     ] GC(14) Survivor regions: 8->6(7)
[2025-04-30T08:32:40.306+0000][14.741s][info ][gc,heap     ] GC(14) Old regions: 24->32
[2025-04-30T08:32:40.306+0000][14.741s][info ][gc,heap     ] GC(14) Archive regions: 2->2
[2025-04-30T08:32:40.306+0000][14.741s][info ][gc,heap     ] GC(14) Humongous regions: 0->0
[2025-04-30T08:32:40.306+0000][14.741s][info ][gc,metaspace] GC(14) Metaspace: 24449K(24832K)->24449K(24832K) NonClass: 21252K(21440K)->21252K(21440K) Class: 3196K(3392K)->3196K(3392K)
[2025-04-30T08:32:40.306+0000][14.741s][info ][gc          ] GC(14) Pause Young (Normal) (G1 Evacuation Pause) 74M->37M(144M) 52.825ms
[2025-04-30T08:32:40.306+0000][14.741s][info ][gc,cpu      ] GC(14) User=0.13s Sys=0.00s Real=0.05s
[2025-04-30T08:32:40.306+0000][14.741s][info ][safepoint   ] Safepoint "G1CollectForAllocation", Time since last: 193727503 ns, Reaching safepoint: 66209 ns, Cleanup: 6169 ns, At safepoint: 52884887 ns, Total: 52957265 ns
[2025-04-30T08:32:40.861+0000][15.296s][debug][safepoint   ] Safepoint synchronization initiated using futex wait barrier. (14 threads)
[2025-04-30T08:32:40.862+0000][15.298s][info ][gc,start    ] GC(15) Pause Young (Normal) (G1 Evacuation Pause)
[2025-04-30T08:32:40.862+0000][15.298s][info ][gc,task     ] GC(15) Using 3 workers of 4 for evacuation
[2025-04-30T08:32:40.889+0000][15.325s][info ][gc,phases   ] GC(15)   Pre Evacuate Collection Set: 0.4ms
[2025-04-30T08:32:40.889+0000][15.325s][info ][gc,phases   ] GC(15)   Merge Heap Roots: 0.1ms
[2025-04-30T08:32:40.889+0000][15.325s][info ][gc,phases   ] GC(15)   Evacuate Collection Set: 24.7ms
[2025-04-30T08:32:40.889+0000][15.325s][info ][gc,phases   ] GC(15)   Post Evacuate Collection Set: 1.5ms
[2025-04-30T08:32:40.889+0000][15.325s][info ][gc,phases   ] GC(15)   Other: 0.1ms
[2025-04-30T08:32:40.889+0000][15.325s][info ][gc,heap     ] GC(15) Eden regions: 71->0(65)
[2025-04-30T08:32:40.889+0000][15.325s][info ][gc,heap     ] GC(15) Survivor regions: 6->7(10)
[2025-04-30T08:32:40.889+0000][15.325s][info ][gc,heap     ] GC(15) Old regions: 32->38
[2025-04-30T08:32:40.889+0000][15.325s][info ][gc,heap     ] GC(15) Archive regions: 2->2
[2025-04-30T08:32:40.889+0000][15.325s][info ][gc,heap     ] GC(15) Humongous regions: 0->0
[2025-04-30T08:32:40.889+0000][15.325s][info ][gc,metaspace] GC(15) Metaspace: 24677K(25024K)->24677K(25024K) NonClass: 21449K(21632K)->21449K(21632K) Class: 3228K(3392K)->3228K(3392K)
[2025-04-30T08:32:40.889+0000][15.325s][info ][gc          ] GC(15) Pause Young (Normal) (G1 Evacuation Pause) 108M->44M(144M) 26.995ms
[2025-04-30T08:32:40.889+0000][15.325s][info ][gc,cpu      ] GC(15) User=0.06s Sys=0.00s Real=0.03s
[2025-04-30T08:32:40.889+0000][15.325s][info ][safepoint   ] Safepoint "G1CollectForAllocation", Time since last: 555261016 ns, Reaching safepoint: 76397 ns, Cleanup: 1261937 ns, At safepoint: 27051357 ns, Total: 28389691 ns
[2025-04-30T08:32:41.160+0000][15.596s][debug][safepoint   ] ... found polling page loop exception at pc = 0x00007b2ad8f28615, stub =0x00007b2ad898e400
[2025-04-30T08:32:41.539+0000][15.975s][debug][safepoint   ] Safepoint synchronization initiated using futex wait barrier. (14 threads)
[2025-04-30T08:32:41.539+0000][15.975s][info ][gc,start    ] GC(16) Pause Young (Normal) (G1 Evacuation Pause)
[2025-04-30T08:32:41.539+0000][15.975s][info ][gc,task     ] GC(16) Using 3 workers of 4 for evacuation
[2025-04-30T08:32:41.563+0000][15.998s][info ][gc,phases   ] GC(16)   Pre Evacuate Collection Set: 0.1ms
[2025-04-30T08:32:41.563+0000][15.998s][info ][gc,phases   ] GC(16)   Merge Heap Roots: 0.1ms
[2025-04-30T08:32:41.563+0000][15.998s][info ][gc,phases   ] GC(16)   Evacuate Collection Set: 20.8ms
[2025-04-30T08:32:41.563+0000][15.998s][info ][gc,phases   ] GC(16)   Post Evacuate Collection Set: 2.2ms
[2025-04-30T08:32:41.563+0000][15.998s][info ][gc,phases   ] GC(16)   Other: 0.1ms
[2025-04-30T08:32:41.563+0000][15.998s][info ][gc,heap     ] GC(16) Eden regions: 65->0(62)
[2025-04-30T08:32:41.563+0000][15.998s][info ][gc,heap     ] GC(16) Survivor regions: 7->6(9)
[2025-04-30T08:32:41.563+0000][15.998s][info ][gc,heap     ] GC(16) Old regions: 38->44
[2025-04-30T08:32:41.563+0000][15.998s][info ][gc,heap     ] GC(16) Archive regions: 2->2
[2025-04-30T08:32:41.563+0000][15.998s][info ][gc,heap     ] GC(16) Humongous regions: 0->0
[2025-04-30T08:32:41.563+0000][15.998s][info ][gc,metaspace] GC(16) Metaspace: 25027K(25408K)->25027K(25408K) NonClass: 21762K(21952K)->21762K(21952K) Class: 3265K(3456K)->3265K(3456K)
[2025-04-30T08:32:41.563+0000][15.998s][info ][gc          ] GC(16) Pause Young (Normal) (G1 Evacuation Pause) 109M->49M(144M) 23.352ms
[2025-04-30T08:32:41.563+0000][15.998s][info ][gc,cpu      ] GC(16) User=0.05s Sys=0.00s Real=0.02s
[2025-04-30T08:32:41.566+0000][16.001s][info ][safepoint   ] Safepoint "G1CollectForAllocation", Time since last: 649949191 ns, Reaching safepoint: 41834 ns, Cleanup: 119448 ns, At safepoint: 26133899 ns, Total: 26295181 ns
[2025-04-30T08:32:42.250+0000][16.685s][debug][safepoint   ] Safepoint synchronization initiated using futex wait barrier. (14 threads)
[2025-04-30T08:32:42.250+0000][16.686s][info ][gc,start    ] GC(17) Pause Young (Normal) (G1 Evacuation Pause)
[2025-04-30T08:32:42.250+0000][16.686s][info ][gc,task     ] GC(17) Using 3 workers of 4 for evacuation
[2025-04-30T08:32:42.279+0000][16.714s][info ][gc,phases   ] GC(17)   Pre Evacuate Collection Set: 0.1ms
[2025-04-30T08:32:42.279+0000][16.714s][info ][gc,phases   ] GC(17)   Merge Heap Roots: 0.1ms
[2025-04-30T08:32:42.279+0000][16.714s][info ][gc,phases   ] GC(17)   Evacuate Collection Set: 24.3ms
[2025-04-30T08:32:42.279+0000][16.714s][info ][gc,phases   ] GC(17)   Post Evacuate Collection Set: 4.2ms
[2025-04-30T08:32:42.279+0000][16.714s][info ][gc,phases   ] GC(17)   Other: 0.1ms
[2025-04-30T08:32:42.279+0000][16.714s][info ][gc,heap     ] GC(17) Eden regions: 62->0(61)
[2025-04-30T08:32:42.279+0000][16.714s][info ][gc,heap     ] GC(17) Survivor regions: 6->3(9)
[2025-04-30T08:32:42.279+0000][16.714s][info ][gc,heap     ] GC(17) Old regions: 44->50
[2025-04-30T08:32:42.279+0000][16.714s][info ][gc,heap     ] GC(17) Archive regions: 2->2
[2025-04-30T08:32:42.279+0000][16.714s][info ][gc,heap     ] GC(17) Humongous regions: 0->0
[2025-04-30T08:32:42.279+0000][16.714s][info ][gc,metaspace] GC(17) Metaspace: 25184K(25536K)->25184K(25536K) NonClass: 21907K(22080K)->21907K(22080K) Class: 3276K(3456K)->3276K(3456K)
[2025-04-30T08:32:42.279+0000][16.714s][info ][gc          ] GC(17) Pause Young (Normal) (G1 Evacuation Pause) 111M->52M(144M) 28.896ms
[2025-04-30T08:32:42.279+0000][16.714s][info ][gc,cpu      ] GC(17) User=0.06s Sys=0.00s Real=0.03s
[2025-04-30T08:32:42.279+0000][16.714s][info ][safepoint   ] Safepoint "G1CollectForAllocation", Time since last: 684533332 ns, Reaching safepoint: 52903 ns, Cleanup: 79402 ns, At safepoint: 28959017 ns, Total: 29091322 ns
[2025-04-30T08:32:42.757+0000][17.192s][debug][safepoint   ] Safepoint synchronization initiated using futex wait barrier. (14 threads)
[2025-04-30T08:32:42.757+0000][17.192s][info ][gc,start    ] GC(18) Pause Young (Normal) (G1 Evacuation Pause)
[2025-04-30T08:32:42.757+0000][17.192s][info ][gc,task     ] GC(18) Using 3 workers of 4 for evacuation
[2025-04-30T08:32:42.769+0000][17.204s][info ][gc,phases   ] GC(18)   Pre Evacuate Collection Set: 0.1ms
[2025-04-30T08:32:42.769+0000][17.204s][info ][gc,phases   ] GC(18)   Merge Heap Roots: 0.1ms
[2025-04-30T08:32:42.769+0000][17.204s][info ][gc,phases   ] GC(18)   Evacuate Collection Set: 8.7ms
[2025-04-30T08:32:42.769+0000][17.204s][info ][gc,phases   ] GC(18)   Post Evacuate Collection Set: 2.6ms
[2025-04-30T08:32:42.769+0000][17.204s][info ][gc,phases   ] GC(18)   Other: 0.1ms
[2025-04-30T08:32:42.769+0000][17.204s][info ][gc,heap     ] GC(18) Eden regions: 61->0(160)
[2025-04-30T08:32:42.769+0000][17.204s][info ][gc,heap     ] GC(18) Survivor regions: 3->5(8)
[2025-04-30T08:32:42.769+0000][17.204s][info ][gc,heap     ] GC(18) Old regions: 50->50
[2025-04-30T08:32:42.769+0000][17.204s][info ][gc,heap     ] GC(18) Archive regions: 2->2
[2025-04-30T08:32:42.769+0000][17.204s][info ][gc,heap     ] GC(18) Humongous regions: 0->0
[2025-04-30T08:32:42.769+0000][17.204s][info ][gc,metaspace] GC(18) Metaspace: 25196K(25536K)->25196K(25536K) NonClass: 21919K(22080K)->21919K(22080K) Class: 3276K(3456K)->3276K(3456K)
[2025-04-30T08:32:42.769+0000][17.204s][info ][gc          ] GC(18) Pause Young (Normal) (G1 Evacuation Pause) 113M->54M(279M) 11.723ms
[2025-04-30T08:32:42.769+0000][17.204s][info ][gc,cpu      ] GC(18) User=0.03s Sys=0.00s Real=0.02s
[2025-04-30T08:32:42.769+0000][17.204s][info ][safepoint   ] Safepoint "G1CollectForAllocation", Time since last: 477718888 ns, Reaching safepoint: 47375 ns, Cleanup: 42257 ns, At safepoint: 11793417 ns, Total: 11883049 ns
[2025-04-30T08:32:43.771+0000][18.207s][debug][safepoint   ] Safepoint synchronization initiated using futex wait barrier. (14 threads)
[2025-04-30T08:32:43.772+0000][18.207s][info ][safepoint   ] Safepoint "Cleanup", Time since last: 1002640192 ns, Reaching safepoint: 65300 ns, Cleanup: 69170 ns, At safepoint: 3458 ns, Total: 137928 ns
[2025-04-30T08:32:44.103+0000][18.538s][debug][safepoint   ] Safepoint synchronization initiated using futex wait barrier. (15 threads)
[2025-04-30T08:32:44.103+0000][18.538s][info ][gc,start    ] GC(19) Pause Young (Normal) (G1 Evacuation Pause)
[2025-04-30T08:32:44.103+0000][18.538s][info ][gc,task     ] GC(19) Using 4 workers of 4 for evacuation
[2025-04-30T08:32:44.113+0000][18.548s][info ][gc,phases   ] GC(19)   Pre Evacuate Collection Set: 0.1ms
[2025-04-30T08:32:44.113+0000][18.548s][info ][gc,phases   ] GC(19)   Merge Heap Roots: 0.1ms
[2025-04-30T08:32:44.113+0000][18.548s][info ][gc,phases   ] GC(19)   Evacuate Collection Set: 8.8ms
[2025-04-30T08:32:44.113+0000][18.548s][info ][gc,phases   ] GC(19)   Post Evacuate Collection Set: 1.3ms
[2025-04-30T08:32:44.113+0000][18.549s][info ][gc,phases   ] GC(19)   Other: 0.1ms
[2025-04-30T08:32:44.113+0000][18.549s][info ][gc,heap     ] GC(19) Eden regions: 160->0(159)
[2025-04-30T08:32:44.113+0000][18.549s][info ][gc,heap     ] GC(19) Survivor regions: 5->8(21)
[2025-04-30T08:32:44.113+0000][18.549s][info ][gc,heap     ] GC(19) Old regions: 50->50
[2025-04-30T08:32:44.113+0000][18.549s][info ][gc,heap     ] GC(19) Archive regions: 2->2
[2025-04-30T08:32:44.113+0000][18.549s][info ][gc,heap     ] GC(19) Humongous regions: 0->0
[2025-04-30T08:32:44.113+0000][18.549s][info ][gc,metaspace] GC(19) Metaspace: 26904K(27264K)->26904K(27264K) NonClass: 23488K(23680K)->23488K(23680K) Class: 3415K(3584K)->3415K(3584K)
[2025-04-30T08:32:44.113+0000][18.549s][info ][gc          ] GC(19) Pause Young (Normal) (G1 Evacuation Pause) 214M->56M(279M) 10.499ms
[2025-04-30T08:32:44.113+0000][18.549s][info ][gc,cpu      ] GC(19) User=0.03s Sys=0.00s Real=0.01s
[2025-04-30T08:32:44.113+0000][18.549s][info ][safepoint   ] Safepoint "G1CollectForAllocation", Time since last: 331042691 ns, Reaching safepoint: 120647 ns, Cleanup: 14680 ns, At safepoint: 10553167 ns, Total: 10688494 ns
[2025-04-30T08:32:45.113+0000][19.549s][debug][safepoint   ] Safepoint synchronization initiated using futex wait barrier. (14 threads)
[2025-04-30T08:32:45.114+0000][19.549s][info ][safepoint   ] Safepoint "Cleanup", Time since last: 1000105448 ns, Reaching safepoint: 47279 ns, Cleanup: 116916 ns, At safepoint: 7313 ns, Total: 171508 ns
[2025-04-30T08:32:45.818+0000][20.253s][debug][safepoint   ] Safepoint synchronization initiated using futex wait barrier. (15 threads)
[2025-04-30T08:32:45.818+0000][20.254s][info ][gc,start    ] GC(20) Pause Young (Normal) (G1 Evacuation Pause)
[2025-04-30T08:32:45.818+0000][20.254s][info ][gc,task     ] GC(20) Using 4 workers of 4 for evacuation
[2025-04-30T08:32:45.878+0000][20.313s][info ][gc,phases   ] GC(20)   Pre Evacuate Collection Set: 0.1ms
[2025-04-30T08:32:45.878+0000][20.314s][info ][gc,phases   ] GC(20)   Merge Heap Roots: 0.2ms
[2025-04-30T08:32:45.878+0000][20.314s][info ][gc,phases   ] GC(20)   Evacuate Collection Set: 53.9ms
[2025-04-30T08:32:45.878+0000][20.314s][info ][gc,phases   ] GC(20)   Post Evacuate Collection Set: 5.6ms
[2025-04-30T08:32:45.878+0000][20.314s][info ][gc,phases   ] GC(20)   Other: 0.1ms
[2025-04-30T08:32:45.878+0000][20.314s][info ][gc,heap     ] GC(20) Eden regions: 159->0(158)
[2025-04-30T08:32:45.878+0000][20.314s][info ][gc,heap     ] GC(20) Survivor regions: 8->9(21)
[2025-04-30T08:32:45.878+0000][20.314s][info ][gc,heap     ] GC(20) Old regions: 50->50
[2025-04-30T08:32:45.878+0000][20.314s][info ][gc,heap     ] GC(20) Archive regions: 2->2
[2025-04-30T08:32:45.878+0000][20.314s][info ][gc,heap     ] GC(20) Humongous regions: 0->0
[2025-04-30T08:32:45.878+0000][20.314s][info ][gc,metaspace] GC(20) Metaspace: 33698K(34112K)->33698K(34112K) NonClass: 29557K(29760K)->29557K(29760K) Class: 4141K(4352K)->4141K(4352K)
[2025-04-30T08:32:45.878+0000][20.314s][info ][gc          ] GC(20) Pause Young (Normal) (G1 Evacuation Pause) 215M->58M(279M) 60.117ms
[2025-04-30T08:32:45.878+0000][20.314s][info ][gc,cpu      ] GC(20) User=0.08s Sys=0.01s Real=0.06s
[2025-04-30T08:32:45.878+0000][20.314s][info ][safepoint   ] Safepoint "G1CollectForAllocation", Time since last: 704553308 ns, Reaching safepoint: 43725 ns, Cleanup: 35236 ns, At safepoint: 60180692 ns, Total: 60259653 ns
[2025-04-30T08:32:46.880+0000][21.315s][debug][safepoint   ] Safepoint synchronization initiated using futex wait barrier. (15 threads)
[2025-04-30T08:32:46.883+0000][21.318s][info ][safepoint   ] Safepoint "Cleanup", Time since last: 1001285120 ns, Reaching safepoint: 2840766 ns, Cleanup: 62601 ns, At safepoint: 9621 ns, Total: 2912988 ns
[2025-04-30T08:32:48.009+0000][22.444s][debug][safepoint   ] Safepoint synchronization initiated using futex wait barrier. (15 threads)
[2025-04-30T08:32:48.011+0000][22.446s][info ][safepoint   ] Safepoint "Cleanup", Time since last: 1126375683 ns, Reaching safepoint: 1516647 ns, Cleanup: 79760 ns, At safepoint: 10966 ns, Total: 1607373 ns
[2025-04-30T08:32:48.510+0000][22.946s][debug][safepoint   ] Safepoint synchronization initiated using futex wait barrier. (15 threads)
[2025-04-30T08:32:48.510+0000][22.946s][info ][gc,start    ] GC(21) Pause Young (Normal) (G1 Evacuation Pause)
[2025-04-30T08:32:48.511+0000][22.946s][info ][gc,task     ] GC(21) Using 4 workers of 4 for evacuation
[2025-04-30T08:32:48.551+0000][22.986s][info ][gc,phases   ] GC(21)   Pre Evacuate Collection Set: 0.1ms
[2025-04-30T08:32:48.551+0000][22.986s][info ][gc,phases   ] GC(21)   Merge Heap Roots: 0.1ms
[2025-04-30T08:32:48.551+0000][22.986s][info ][gc,phases   ] GC(21)   Evacuate Collection Set: 34.8ms
[2025-04-30T08:32:48.551+0000][22.986s][info ][gc,phases   ] GC(21)   Post Evacuate Collection Set: 5.3ms
[2025-04-30T08:32:48.551+0000][22.986s][info ][gc,phases   ] GC(21)   Other: 0.1ms
[2025-04-30T08:32:48.551+0000][22.986s][info ][gc,heap     ] GC(21) Eden regions: 158->0(156)
[2025-04-30T08:32:48.551+0000][22.986s][info ][gc,heap     ] GC(21) Survivor regions: 9->11(21)
[2025-04-30T08:32:48.551+0000][22.986s][info ][gc,heap     ] GC(21) Old regions: 50->50
[2025-04-30T08:32:48.551+0000][22.986s][info ][gc,heap     ] GC(21) Archive regions: 2->2
[2025-04-30T08:32:48.551+0000][22.986s][info ][gc,heap     ] GC(21) Humongous regions: 0->0
[2025-04-30T08:32:48.551+0000][22.986s][info ][gc,metaspace] GC(21) Metaspace: 35509K(35904K)->35509K(35904K) NonClass: 31117K(31296K)->31117K(31296K) Class: 4392K(4608K)->4392K(4608K)
[2025-04-30T08:32:48.551+0000][22.986s][info ][gc          ] GC(21) Pause Young (Normal) (G1 Evacuation Pause) 216M->60M(279M) 40.547ms
[2025-04-30T08:32:48.551+0000][22.986s][info ][gc,cpu      ] GC(21) User=0.08s Sys=0.01s Real=0.04s
[2025-04-30T08:32:48.551+0000][22.986s][info ][safepoint   ] Safepoint "G1CollectForAllocation", Time since last: 499797956 ns, Reaching safepoint: 43360 ns, Cleanup: 108754 ns, At safepoint: 40615564 ns, Total: 40767678 ns
[2025-04-30T08:32:49.595+0000][24.030s][debug][safepoint   ] Safepoint synchronization initiated using futex wait barrier. (14 threads)
[2025-04-30T08:32:49.595+0000][24.030s][info ][safepoint   ] Safepoint "Cleanup", Time since last: 1043860187 ns, Reaching safepoint: 107857 ns, Cleanup: 39405 ns, At safepoint: 5418 ns, Total: 152680 ns
[2025-04-30T08:32:50.602+0000][25.038s][debug][safepoint   ] Safepoint synchronization initiated using futex wait barrier. (15 threads)
[2025-04-30T08:32:50.606+0000][25.041s][info ][safepoint   ] Safepoint "Cleanup", Time since last: 1007365663 ns, Reaching safepoint: 3055552 ns, Cleanup: 64659 ns, At safepoint: 12371 ns, Total: 3132582 ns
[2025-04-30T08:32:50.773+0000][25.209s][debug][safepoint   ] Safepoint synchronization initiated using futex wait barrier. (15 threads)
[2025-04-30T08:32:50.774+0000][25.209s][info ][gc,start    ] GC(22) Pause Young (Concurrent Start) (Metadata GC Threshold)
[2025-04-30T08:32:50.774+0000][25.209s][info ][gc,task     ] GC(22) Using 4 workers of 4 for evacuation
[2025-04-30T08:32:50.803+0000][25.238s][info ][gc,phases   ] GC(22)   Pre Evacuate Collection Set: 0.1ms
[2025-04-30T08:32:50.803+0000][25.239s][info ][gc,phases   ] GC(22)   Merge Heap Roots: 0.1ms
[2025-04-30T08:32:50.803+0000][25.239s][info ][gc,phases   ] GC(22)   Evacuate Collection Set: 27.5ms
[2025-04-30T08:32:50.803+0000][25.239s][info ][gc,phases   ] GC(22)   Post Evacuate Collection Set: 1.7ms
[2025-04-30T08:32:50.803+0000][25.239s][info ][gc,phases   ] GC(22)   Other: 0.2ms
[2025-04-30T08:32:50.803+0000][25.239s][info ][gc,heap     ] GC(22) Eden regions: 156->0(155)
[2025-04-30T08:32:50.803+0000][25.239s][info ][gc,heap     ] GC(22) Survivor regions: 11->12(21)
[2025-04-30T08:32:50.803+0000][25.239s][info ][gc,heap     ] GC(22) Old regions: 50->50
[2025-04-30T08:32:50.803+0000][25.239s][info ][gc,heap     ] GC(22) Archive regions: 2->2
[2025-04-30T08:32:50.803+0000][25.239s][info ][gc,heap     ] GC(22) Humongous regions: 0->0
[2025-04-30T08:32:50.803+0000][25.239s][info ][gc,metaspace] GC(22) Metaspace: 39465K(39808K)->39465K(39808K) NonClass: 34535K(34688K)->34535K(34688K) Class: 4930K(5120K)->4930K(5120K)
[2025-04-30T08:32:50.803+0000][25.239s][info ][gc          ] GC(22) Pause Young (Concurrent Start) (Metadata GC Threshold) 215M->61M(279M) 29.755ms
[2025-04-30T08:32:50.803+0000][25.239s][info ][gc,cpu      ] GC(22) User=0.05s Sys=0.01s Real=0.03s
[2025-04-30T08:32:50.803+0000][25.239s][info ][safepoint   ] Safepoint "CollectForMetadataAllocation", Time since last: 167747452 ns, Reaching safepoint: 44327 ns, Cleanup: 67592 ns, At safepoint: 29898403 ns, Total: 30010322 ns
[2025-04-30T08:32:50.803+0000][25.239s][info ][gc          ] GC(23) Concurrent Mark Cycle
[2025-04-30T08:32:50.803+0000][25.239s][info ][gc,marking  ] GC(23) Concurrent Clear Claimed Marks
[2025-04-30T08:32:50.803+0000][25.239s][info ][gc,marking  ] GC(23) Concurrent Clear Claimed Marks 0.043ms
[2025-04-30T08:32:50.803+0000][25.239s][info ][gc,marking  ] GC(23) Concurrent Scan Root Regions
[2025-04-30T08:32:50.826+0000][25.261s][info ][gc,marking  ] GC(23) Concurrent Scan Root Regions 22.461ms
[2025-04-30T08:32:50.826+0000][25.261s][info ][gc,marking  ] GC(23) Concurrent Mark
[2025-04-30T08:32:50.826+0000][25.261s][info ][gc,marking  ] GC(23) Concurrent Mark From Roots
[2025-04-30T08:32:50.826+0000][25.261s][info ][gc,task     ] GC(23) Using 1 workers of 1 for marking
[2025-04-30T08:32:50.946+0000][25.382s][info ][gc,marking  ] GC(23) Concurrent Mark From Roots 120.364ms
[2025-04-30T08:32:50.946+0000][25.382s][info ][gc,marking  ] GC(23) Concurrent Preclean
[2025-04-30T08:32:50.947+0000][25.382s][info ][gc,marking  ] GC(23) Concurrent Preclean 0.402ms
[2025-04-30T08:32:50.947+0000][25.382s][debug][safepoint   ] Safepoint synchronization initiated using futex wait barrier. (15 threads)
[2025-04-30T08:32:50.947+0000][25.382s][info ][gc,start    ] GC(23) Pause Remark
[2025-04-30T08:32:50.957+0000][25.393s][info ][gc          ] GC(23) Pause Remark 65M->65M(230M) 10.394ms
[2025-04-30T08:32:50.957+0000][25.393s][info ][gc,cpu      ] GC(23) User=0.01s Sys=0.00s Real=0.01s
[2025-04-30T08:32:50.959+0000][25.394s][info ][safepoint   ] Safepoint "G1PauseRemark", Time since last: 143504295 ns, Reaching safepoint: 85245 ns, Cleanup: 25991 ns, At safepoint: 11969212 ns, Total: 12080448 ns
[2025-04-30T08:32:50.959+0000][25.394s][info ][gc,marking  ] GC(23) Concurrent Mark 133.018ms
[2025-04-30T08:32:50.959+0000][25.394s][info ][gc,marking  ] GC(23) Concurrent Rebuild Remembered Sets
[2025-04-30T08:32:51.050+0000][25.485s][info ][gc,marking  ] GC(23) Concurrent Rebuild Remembered Sets 90.859ms
[2025-04-30T08:32:51.050+0000][25.485s][debug][safepoint   ] Safepoint synchronization initiated using futex wait barrier. (15 threads)
[2025-04-30T08:32:51.051+0000][25.486s][info ][gc,start    ] GC(23) Pause Cleanup
[2025-04-30T08:32:51.051+0000][25.487s][info ][gc          ] GC(23) Pause Cleanup 70M->70M(230M) 0.218ms
[2025-04-30T08:32:51.051+0000][25.487s][info ][gc,cpu      ] GC(23) User=0.00s Sys=0.00s Real=0.00s
[2025-04-30T08:32:51.051+0000][25.487s][info ][safepoint   ] Safepoint "G1PauseCleanup", Time since last: 91021566 ns, Reaching safepoint: 987916 ns, Cleanup: 35776 ns, At safepoint: 281983 ns, Total: 1305675 ns
[2025-04-30T08:32:51.051+0000][25.487s][info ][gc,marking  ] GC(23) Concurrent Cleanup for Next Mark
[2025-04-30T08:32:51.053+0000][25.489s][info ][gc,marking  ] GC(23) Concurrent Cleanup for Next Mark 1.938ms
[2025-04-30T08:32:51.053+0000][25.489s][info ][gc          ] GC(23) Concurrent Mark Cycle 249.910ms
[2025-04-30T08:32:52.134+0000][26.569s][debug][safepoint   ] Safepoint synchronization initiated using futex wait barrier. (15 threads)
[2025-04-30T08:32:52.134+0000][26.570s][info ][safepoint   ] Safepoint "Cleanup", Time since last: 1082747333 ns, Reaching safepoint: 105778 ns, Cleanup: 50890 ns, At safepoint: 7668 ns, Total: 164336 ns
[2025-04-30T08:32:52.326+0000][26.762s][debug][safepoint   ] Safepoint synchronization initiated using futex wait barrier. (15 threads)
[2025-04-30T08:32:52.327+0000][26.762s][info ][gc,start    ] GC(24) Pause Young (Prepare Mixed) (G1 Evacuation Pause)
[2025-04-30T08:32:52.327+0000][26.762s][info ][gc,task     ] GC(24) Using 4 workers of 4 for evacuation
[2025-04-30T08:32:52.357+0000][26.792s][info ][gc,phases   ] GC(24)   Pre Evacuate Collection Set: 0.1ms
[2025-04-30T08:32:52.357+0000][26.792s][info ][gc,phases   ] GC(24)   Merge Heap Roots: 0.2ms
[2025-04-30T08:32:52.357+0000][26.792s][info ][gc,phases   ] GC(24)   Evacuate Collection Set: 25.9ms
[2025-04-30T08:32:52.357+0000][26.792s][info ][gc,phases   ] GC(24)   Post Evacuate Collection Set: 4.0ms
[2025-04-30T08:32:52.357+0000][26.792s][info ][gc,phases   ] GC(24)   Other: 0.1ms
[2025-04-30T08:32:52.357+0000][26.792s][info ][gc,heap     ] GC(24) Eden regions: 126->0(1)
[2025-04-30T08:32:52.357+0000][26.792s][info ][gc,heap     ] GC(24) Survivor regions: 12->10(18)
[2025-04-30T08:32:52.357+0000][26.792s][info ][gc,heap     ] GC(24) Old regions: 50->53
[2025-04-30T08:32:52.357+0000][26.792s][info ][gc,heap     ] GC(24) Archive regions: 2->2
[2025-04-30T08:32:52.357+0000][26.792s][info ][gc,heap     ] GC(24) Humongous regions: 0->0
[2025-04-30T08:32:52.357+0000][26.792s][info ][gc,metaspace] GC(24) Metaspace: 41687K(42112K)->41687K(42112K) NonClass: 36429K(36672K)->36429K(36672K) Class: 5257K(5440K)->5257K(5440K)
[2025-04-30T08:32:52.357+0000][26.792s][info ][gc          ] GC(24) Pause Young (Prepare Mixed) (G1 Evacuation Pause) 187M->61M(230M) 30.436ms
[2025-04-30T08:32:52.357+0000][26.792s][info ][gc,cpu      ] GC(24) User=0.09s Sys=0.01s Real=0.03s
[2025-04-30T08:32:52.359+0000][26.795s][info ][safepoint   ] Safepoint "G1CollectForAllocation", Time since last: 192259980 ns, Reaching safepoint: 40347 ns, Cleanup: 31773 ns, At safepoint: 32833486 ns, Total: 32905606 ns
[2025-04-30T08:32:52.381+0000][26.817s][debug][safepoint   ] Safepoint synchronization initiated using futex wait barrier. (15 threads)
[2025-04-30T08:32:52.381+0000][26.817s][info ][gc,start    ] GC(25) Pause Young (Mixed) (G1 Evacuation Pause)
[2025-04-30T08:32:52.381+0000][26.817s][info ][gc,task     ] GC(25) Using 4 workers of 4 for evacuation
[2025-04-30T08:32:52.407+0000][26.842s][info ][gc,phases   ] GC(25)   Pre Evacuate Collection Set: 1.2ms
[2025-04-30T08:32:52.407+0000][26.842s][info ][gc,phases   ] GC(25)   Merge Heap Roots: 0.1ms
[2025-04-30T08:32:52.407+0000][26.842s][info ][gc,phases   ] GC(25)   Evacuate Collection Set: 20.5ms
[2025-04-30T08:32:52.407+0000][26.842s][info ][gc,phases   ] GC(25)   Post Evacuate Collection Set: 3.8ms
[2025-04-30T08:32:52.407+0000][26.842s][info ][gc,phases   ] GC(25)   Other: 0.1ms
[2025-04-30T08:32:52.407+0000][26.842s][info ][gc,heap     ] GC(25) Eden regions: 1->0(133)
[2025-04-30T08:32:52.407+0000][26.842s][info ][gc,heap     ] GC(25) Survivor regions: 10->2(2)
[2025-04-30T08:32:52.407+0000][26.842s][info ][gc,heap     ] GC(25) Old regions: 53->59
[2025-04-30T08:32:52.407+0000][26.842s][info ][gc,heap     ] GC(25) Archive regions: 2->2
[2025-04-30T08:32:52.407+0000][26.842s][info ][gc,heap     ] GC(25) Humongous regions: 0->0
[2025-04-30T08:32:52.407+0000][26.842s][info ][gc,metaspace] GC(25) Metaspace: 41703K(42112K)->41703K(42112K) NonClass: 36443K(36672K)->36443K(36672K) Class: 5259K(5440K)->5259K(5440K)
[2025-04-30T08:32:52.407+0000][26.842s][info ][gc          ] GC(25) Pause Young (Mixed) (G1 Evacuation Pause) 62M->60M(230M) 25.875ms
[2025-04-30T08:32:52.407+0000][26.842s][info ][gc,cpu      ] GC(25) User=0.04s Sys=0.00s Real=0.02s
[2025-04-30T08:32:52.412+0000][26.847s][info ][safepoint   ] Safepoint "G1CollectForAllocation", Time since last: 21825926 ns, Reaching safepoint: 45105 ns, Cleanup: 3711 ns, At safepoint: 30339962 ns, Total: 30388778 ns
[2025-04-30T08:32:53.424+0000][27.860s][debug][safepoint   ] Safepoint synchronization initiated using futex wait barrier. (15 threads)
[2025-04-30T08:32:53.425+0000][27.860s][info ][safepoint   ] Safepoint "Cleanup", Time since last: 1012824540 ns, Reaching safepoint: 114157 ns, Cleanup: 111043 ns, At safepoint: 2611 ns, Total: 227811 ns
[2025-04-30T08:32:54.358+0000][28.793s][debug][safepoint   ] Safepoint synchronization initiated using futex wait barrier. (16 threads)
[2025-04-30T08:32:54.358+0000][28.794s][info ][gc,start    ] GC(26) Pause Young (Normal) (G1 Evacuation Pause)
[2025-04-30T08:32:54.358+0000][28.794s][info ][gc,task     ] GC(26) Using 4 workers of 4 for evacuation
[2025-04-30T08:32:54.372+0000][28.807s][info ][gc,phases   ] GC(26)   Pre Evacuate Collection Set: 0.2ms
[2025-04-30T08:32:54.372+0000][28.807s][info ][gc,phases   ] GC(26)   Merge Heap Roots: 0.2ms
[2025-04-30T08:32:54.372+0000][28.807s][info ][gc,phases   ] GC(26)   Evacuate Collection Set: 8.0ms
[2025-04-30T08:32:54.372+0000][28.807s][info ][gc,phases   ] GC(26)   Post Evacuate Collection Set: 5.2ms
[2025-04-30T08:32:54.372+0000][28.807s][info ][gc,phases   ] GC(26)   Other: 0.2ms
[2025-04-30T08:32:54.372+0000][28.807s][info ][gc,heap     ] GC(26) Eden regions: 133->0(286)
[2025-04-30T08:32:54.372+0000][28.807s][info ][gc,heap     ] GC(26) Survivor regions: 2->3(17)
[2025-04-30T08:32:54.372+0000][28.807s][info ][gc,heap     ] GC(26) Old regions: 59->59
[2025-04-30T08:32:54.372+0000][28.807s][info ][gc,heap     ] GC(26) Archive regions: 2->2
[2025-04-30T08:32:54.372+0000][28.807s][info ][gc,heap     ] GC(26) Humongous regions: 0->0
[2025-04-30T08:32:54.372+0000][28.807s][info ][gc,metaspace] GC(26) Metaspace: 45018K(45440K)->45018K(45440K) NonClass: 39283K(39488K)->39283K(39488K) Class: 5735K(5952K)->5735K(5952K)
[2025-04-30T08:32:54.372+0000][28.807s][info ][gc          ] GC(26) Pause Young (Normal) (G1 Evacuation Pause) 193M->62M(482M) 13.913ms
[2025-04-30T08:32:54.372+0000][28.808s][info ][gc,cpu      ] GC(26) User=0.02s Sys=0.00s Real=0.02s
[2025-04-30T08:32:54.372+0000][28.808s][info ][safepoint   ] Safepoint "G1CollectForAllocation", Time since last: 933416008 ns, Reaching safepoint: 68490 ns, Cleanup: 98249 ns, At safepoint: 13995922 ns, Total: 14162661 ns
[2025-04-30T08:32:55.532+0000][29.967s][debug][safepoint   ] Safepoint synchronization initiated using futex wait barrier. (16 threads)
[2025-04-30T08:32:55.533+0000][29.968s][info ][safepoint   ] Safepoint "Cleanup", Time since last: 1159392507 ns, Reaching safepoint: 52583 ns, Cleanup: 829151 ns, At safepoint: 180190 ns, Total: 1061924 ns
[2025-04-30T08:32:57.155+0000][31.591s][debug][safepoint   ] Safepoint synchronization initiated using futex wait barrier. (16 threads)
[2025-04-30T08:32:57.160+0000][31.595s][info ][safepoint   ] Safepoint "Cleanup", Time since last: 1622793107 ns, Reaching safepoint: 4059883 ns, Cleanup: 144073 ns, At safepoint: 12305 ns, Total: 4216261 ns
[2025-04-30T08:32:58.968+0000][33.404s][debug][safepoint   ] Safepoint synchronization initiated using futex wait barrier. (18 threads)
[2025-04-30T08:32:58.968+0000][33.404s][info ][safepoint   ] Safepoint "Cleanup", Time since last: 1808558011 ns, Reaching safepoint: 36107 ns, Cleanup: 26123 ns, At safepoint: 4590 ns, Total: 66820 ns
[2025-04-30T08:32:59.573+0000][34.008s][debug][safepoint   ] Safepoint synchronization initiated using futex wait barrier. (18 threads)
[2025-04-30T08:32:59.573+0000][34.008s][info ][safepoint   ] Safepoint "ICBufferFull", Time since last: 604323776 ns, Reaching safepoint: 47886 ns, Cleanup: 128011 ns, At safepoint: 8878 ns, Total: 184775 ns
[2025-04-30T08:33:00.714+0000][35.150s][debug][safepoint   ] Safepoint synchronization initiated using futex wait barrier. (18 threads)
[2025-04-30T08:33:00.715+0000][35.150s][info ][gc,start    ] GC(27) Pause Young (Normal) (G1 Evacuation Pause)
[2025-04-30T08:33:00.715+0000][35.150s][info ][gc,task     ] GC(27) Using 4 workers of 4 for evacuation
[2025-04-30T08:33:00.744+0000][35.179s][info ][gc,phases   ] GC(27)   Pre Evacuate Collection Set: 1.7ms
[2025-04-30T08:33:00.744+0000][35.179s][info ][gc,phases   ] GC(27)   Merge Heap Roots: 0.7ms
[2025-04-30T08:33:00.744+0000][35.179s][info ][gc,phases   ] GC(27)   Evacuate Collection Set: 23.5ms
[2025-04-30T08:33:00.744+0000][35.179s][info ][gc,phases   ] GC(27)   Post Evacuate Collection Set: 3.3ms
[2025-04-30T08:33:00.744+0000][35.179s][info ][gc,phases   ] GC(27)   Other: 0.2ms
[2025-04-30T08:33:00.744+0000][35.179s][info ][gc,heap     ] GC(27) Eden regions: 286->0(280)
[2025-04-30T08:33:00.744+0000][35.180s][info ][gc,heap     ] GC(27) Survivor regions: 3->9(37)
[2025-04-30T08:33:00.744+0000][35.180s][info ][gc,heap     ] GC(27) Old regions: 59->59
[2025-04-30T08:33:00.744+0000][35.180s][info ][gc,heap     ] GC(27) Archive regions: 2->2
[2025-04-30T08:33:00.744+0000][35.180s][info ][gc,heap     ] GC(27) Humongous regions: 0->0
[2025-04-30T08:33:00.744+0000][35.180s][info ][gc,metaspace] GC(27) Metaspace: 56563K(57024K)->56563K(57024K) NonClass: 49415K(49664K)->49415K(49664K) Class: 7147K(7360K)->7147K(7360K)
[2025-04-30T08:33:00.744+0000][35.180s][info ][gc          ] GC(27) Pause Young (Normal) (G1 Evacuation Pause) 348M->67M(482M) 29.593ms
[2025-04-30T08:33:00.744+0000][35.180s][info ][gc,cpu      ] GC(27) User=0.04s Sys=0.00s Real=0.03s
[2025-04-30T08:33:00.744+0000][35.180s][info ][safepoint   ] Safepoint "G1CollectForAllocation", Time since last: 1141659151 ns, Reaching safepoint: 57869 ns, Cleanup: 81206 ns, At safepoint: 29653703 ns, Total: 29792778 ns
[2025-04-30T08:33:01.942+0000][36.378s][debug][safepoint   ] Safepoint synchronization initiated using futex wait barrier. (21 threads)
[2025-04-30T08:33:01.942+0000][36.378s][info ][safepoint   ] Safepoint "ICBufferFull", Time since last: 1198058316 ns, Reaching safepoint: 51317 ns, Cleanup: 123923 ns, At safepoint: 7917 ns, Total: 183157 ns
[2025-04-30T08:33:02.860+0000][37.295s][debug][safepoint   ] Safepoint synchronization initiated using futex wait barrier. (21 threads)
[2025-04-30T08:33:02.861+0000][37.296s][info ][gc,start    ] GC(28) Pause Young (Normal) (G1 Evacuation Pause)
[2025-04-30T08:33:02.861+0000][37.296s][info ][gc,task     ] GC(28) Using 4 workers of 4 for evacuation
[2025-04-30T08:33:02.876+0000][37.311s][info ][gc,phases   ] GC(28)   Pre Evacuate Collection Set: 0.1ms
[2025-04-30T08:33:02.876+0000][37.311s][info ][gc,phases   ] GC(28)   Merge Heap Roots: 0.1ms
[2025-04-30T08:33:02.876+0000][37.311s][info ][gc,phases   ] GC(28)   Evacuate Collection Set: 12.9ms
[2025-04-30T08:33:02.876+0000][37.311s][info ][gc,phases   ] GC(28)   Post Evacuate Collection Set: 1.5ms
[2025-04-30T08:33:02.876+0000][37.311s][info ][gc,phases   ] GC(28)   Other: 0.1ms
[2025-04-30T08:33:02.876+0000][37.311s][info ][gc,heap     ] GC(28) Eden regions: 280->0(278)
[2025-04-30T08:33:02.876+0000][37.311s][info ][gc,heap     ] GC(28) Survivor regions: 9->11(37)
[2025-04-30T08:33:02.876+0000][37.311s][info ][gc,heap     ] GC(28) Old regions: 59->59
[2025-04-30T08:33:02.876+0000][37.311s][info ][gc,heap     ] GC(28) Archive regions: 2->2
[2025-04-30T08:33:02.876+0000][37.311s][info ][gc,heap     ] GC(28) Humongous regions: 0->0
[2025-04-30T08:33:02.876+0000][37.311s][info ][gc,metaspace] GC(28) Metaspace: 64599K(65088K)->64599K(65088K) NonClass: 56360K(56640K)->56360K(56640K) Class: 8239K(8448K)->8239K(8448K)
[2025-04-30T08:33:02.876+0000][37.311s][info ][gc          ] GC(28) Pause Young (Normal) (G1 Evacuation Pause) 347M->70M(482M) 14.817ms
[2025-04-30T08:33:02.876+0000][37.311s][info ][gc,cpu      ] GC(28) User=0.05s Sys=0.00s Real=0.01s
[2025-04-30T08:33:02.876+0000][37.311s][info ][safepoint   ] Safepoint "G1CollectForAllocation", Time since last: 917157666 ns, Reaching safepoint: 33801 ns, Cleanup: 1126063 ns, At safepoint: 14879636 ns, Total: 16039500 ns
[2025-04-30T08:33:03.241+0000][37.677s][debug][safepoint   ] Safepoint synchronization initiated using futex wait barrier. (20 threads)
[2025-04-30T08:33:03.241+0000][37.677s][info ][gc,start    ] GC(29) Pause Young (Concurrent Start) (Metadata GC Threshold)
[2025-04-30T08:33:03.241+0000][37.677s][info ][gc,task     ] GC(29) Using 4 workers of 4 for evacuation
[2025-04-30T08:33:03.262+0000][37.698s][info ][gc,phases   ] GC(29)   Pre Evacuate Collection Set: 0.5ms
[2025-04-30T08:33:03.262+0000][37.698s][info ][gc,phases   ] GC(29)   Merge Heap Roots: 0.1ms
[2025-04-30T08:33:03.262+0000][37.698s][info ][gc,phases   ] GC(29)   Evacuate Collection Set: 17.9ms
[2025-04-30T08:33:03.262+0000][37.698s][info ][gc,phases   ] GC(29)   Post Evacuate Collection Set: 2.3ms
[2025-04-30T08:33:03.262+0000][37.698s][info ][gc,phases   ] GC(29)   Other: 0.2ms
[2025-04-30T08:33:03.262+0000][37.698s][info ][gc,heap     ] GC(29) Eden regions: 51->0(277)
[2025-04-30T08:33:03.262+0000][37.698s][info ][gc,heap     ] GC(29) Survivor regions: 11->12(37)
[2025-04-30T08:33:03.262+0000][37.698s][info ][gc,heap     ] GC(29) Old regions: 59->59
[2025-04-30T08:33:03.262+0000][37.698s][info ][gc,heap     ] GC(29) Archive regions: 2->2
[2025-04-30T08:33:03.262+0000][37.698s][info ][gc,heap     ] GC(29) Humongous regions: 0->0
[2025-04-30T08:33:03.262+0000][37.698s][info ][gc,metaspace] GC(29) Metaspace: 66124K(66560K)->66124K(66560K) NonClass: 57643K(57856K)->57643K(57856K) Class: 8480K(8704K)->8480K(8704K)
[2025-04-30T08:33:03.262+0000][37.698s][info ][gc          ] GC(29) Pause Young (Concurrent Start) (Metadata GC Threshold) 120M->70M(482M) 21.058ms
[2025-04-30T08:33:03.262+0000][37.698s][info ][gc,cpu      ] GC(29) User=0.04s Sys=0.00s Real=0.02s
[2025-04-30T08:33:03.262+0000][37.698s][info ][gc          ] GC(30) Concurrent Mark Cycle
[2025-04-30T08:33:03.262+0000][37.698s][info ][gc,marking  ] GC(30) Concurrent Clear Claimed Marks
[2025-04-30T08:33:03.262+0000][37.698s][info ][safepoint   ] Safepoint "CollectForMetadataAllocation", Time since last: 365590080 ns, Reaching safepoint: 35537 ns, Cleanup: 19035 ns, At safepoint: 21146419 ns, Total: 21200991 ns
[2025-04-30T08:33:03.263+0000][37.698s][info ][gc,marking  ] GC(30) Concurrent Clear Claimed Marks 0.038ms
[2025-04-30T08:33:03.263+0000][37.698s][info ][gc,marking  ] GC(30) Concurrent Scan Root Regions
[2025-04-30T08:33:03.275+0000][37.710s][info ][gc,marking  ] GC(30) Concurrent Scan Root Regions 12.597ms
[2025-04-30T08:33:03.275+0000][37.711s][info ][gc,marking  ] GC(30) Concurrent Mark
[2025-04-30T08:33:03.275+0000][37.711s][info ][gc,marking  ] GC(30) Concurrent Mark From Roots
[2025-04-30T08:33:03.275+0000][37.711s][info ][gc,task     ] GC(30) Using 1 workers of 1 for marking
[2025-04-30T08:33:03.299+0000][37.734s][debug][safepoint   ] Safepoint synchronization initiated using futex wait barrier. (21 threads)
[2025-04-30T08:33:03.299+0000][37.735s][info ][safepoint   ] Safepoint "CollectForMetadataAllocation", Time since last: 36403721 ns, Reaching safepoint: 231714 ns, Cleanup: 5472 ns, At safepoint: 47518 ns, Total: 284704 ns
[2025-04-30T08:33:03.370+0000][37.805s][debug][safepoint   ] Safepoint synchronization initiated using futex wait barrier. (21 threads)
[2025-04-30T08:33:03.370+0000][37.805s][info ][safepoint   ] Safepoint "CollectForMetadataAllocation", Time since last: 70837027 ns, Reaching safepoint: 70223 ns, Cleanup: 16249 ns, At safepoint: 47819 ns, Total: 134291 ns
[2025-04-30T08:33:03.429+0000][37.864s][info ][gc,marking  ] GC(30) Concurrent Mark From Roots 153.969ms
[2025-04-30T08:33:03.429+0000][37.865s][info ][gc,marking  ] GC(30) Concurrent Preclean
[2025-04-30T08:33:03.430+0000][37.865s][info ][gc,marking  ] GC(30) Concurrent Preclean 0.332ms
[2025-04-30T08:33:03.430+0000][37.865s][debug][safepoint   ] Safepoint synchronization initiated using futex wait barrier. (21 threads)
[2025-04-30T08:33:03.430+0000][37.865s][debug][safepoint   ] ... found polling page loop exception at pc = 0x00007b2ad91bf4be, stub =0x00007b2ad898e400
[2025-04-30T08:33:03.430+0000][37.865s][info ][gc,start    ] GC(30) Pause Remark
[2025-04-30T08:33:03.437+0000][37.872s][info ][gc          ] GC(30) Pause Remark 80M->80M(277M) 7.403ms
[2025-04-30T08:33:03.437+0000][37.872s][info ][gc,cpu      ] GC(30) User=0.02s Sys=0.00s Real=0.00s
[2025-04-30T08:33:03.437+0000][37.872s][info ][safepoint   ] Safepoint "G1PauseRemark", Time since last: 59425054 ns, Reaching safepoint: 84400 ns, Cleanup: 15453 ns, At safepoint: 7475833 ns, Total: 7575686 ns
[2025-04-30T08:33:03.437+0000][37.873s][info ][gc,marking  ] GC(30) Concurrent Mark 162.017ms
[2025-04-30T08:33:03.437+0000][37.873s][info ][gc,marking  ] GC(30) Concurrent Rebuild Remembered Sets
[2025-04-30T08:33:03.530+0000][37.966s][info ][gc,marking  ] GC(30) Concurrent Rebuild Remembered Sets 93.220ms
[2025-04-30T08:33:03.531+0000][37.966s][debug][safepoint   ] Safepoint synchronization initiated using futex wait barrier. (21 threads)
[2025-04-30T08:33:03.531+0000][37.966s][info ][gc,start    ] GC(30) Pause Cleanup
[2025-04-30T08:33:03.531+0000][37.966s][info ][gc          ] GC(30) Pause Cleanup 91M->91M(277M) 0.156ms
[2025-04-30T08:33:03.531+0000][37.966s][info ][gc,cpu      ] GC(30) User=0.00s Sys=0.00s Real=0.00s
[2025-04-30T08:33:03.531+0000][37.966s][info ][safepoint   ] Safepoint "G1PauseCleanup", Time since last: 93401294 ns, Reaching safepoint: 93180 ns, Cleanup: 15354 ns, At safepoint: 205983 ns, Total: 314517 ns
[2025-04-30T08:33:03.531+0000][37.966s][info ][gc,marking  ] GC(30) Concurrent Cleanup for Next Mark
[2025-04-30T08:33:03.534+0000][37.969s][info ][gc,marking  ] GC(30) Concurrent Cleanup for Next Mark 2.985ms
[2025-04-30T08:33:03.534+0000][37.969s][info ][gc          ] GC(30) Concurrent Mark Cycle 271.463ms
[2025-04-30T08:33:04.134+0000][38.570s][debug][safepoint   ] Safepoint synchronization initiated using futex wait barrier. (21 threads)
[2025-04-30T08:33:04.135+0000][38.570s][info ][safepoint   ] Safepoint "ICBufferFull", Time since last: 603503456 ns, Reaching safepoint: 37863 ns, Cleanup: 144304 ns, At safepoint: 3758 ns, Total: 185925 ns
[2025-04-30T08:33:04.886+0000][39.321s][debug][safepoint   ] Safepoint synchronization initiated using futex wait barrier. (22 threads)
[2025-04-30T08:33:04.886+0000][39.322s][info ][gc,start    ] GC(31) Pause Young (Prepare Mixed) (G1 Evacuation Pause)
[2025-04-30T08:33:04.886+0000][39.322s][info ][gc,task     ] GC(31) Using 4 workers of 4 for evacuation
[2025-04-30T08:33:04.904+0000][39.339s][info ][gc,phases   ] GC(31)   Pre Evacuate Collection Set: 0.7ms
[2025-04-30T08:33:04.904+0000][39.339s][info ][gc,phases   ] GC(31)   Merge Heap Roots: 0.2ms
[2025-04-30T08:33:04.904+0000][39.339s][info ][gc,phases   ] GC(31)   Evacuate Collection Set: 15.2ms
[2025-04-30T08:33:04.904+0000][39.339s][info ][gc,phases   ] GC(31)   Post Evacuate Collection Set: 1.6ms
[2025-04-30T08:33:04.904+0000][39.339s][info ][gc,phases   ] GC(31)   Other: 0.1ms
[2025-04-30T08:33:04.904+0000][39.339s][info ][gc,heap     ] GC(31) Eden regions: 154->0(1)
[2025-04-30T08:33:04.904+0000][39.339s][info ][gc,heap     ] GC(31) Survivor regions: 12->14(21)
[2025-04-30T08:33:04.904+0000][39.339s][info ][gc,heap     ] GC(31) Old regions: 59->62
[2025-04-30T08:33:04.904+0000][39.339s][info ][gc,heap     ] GC(31) Archive regions: 2->2
[2025-04-30T08:33:04.904+0000][39.339s][info ][gc,heap     ] GC(31) Humongous regions: 0->0
[2025-04-30T08:33:04.904+0000][39.339s][info ][gc,metaspace] GC(31) Metaspace: 69449K(69952K)->69449K(69952K) NonClass: 60557K(60800K)->60557K(60800K) Class: 8892K(9152K)->8892K(9152K)
[2025-04-30T08:33:04.904+0000][39.339s][info ][gc          ] GC(31) Pause Young (Prepare Mixed) (G1 Evacuation Pause) 224M->75M(277M) 17.863ms
[2025-04-30T08:33:04.904+0000][39.339s][info ][gc,cpu      ] GC(31) User=0.06s Sys=0.00s Real=0.02s
[2025-04-30T08:33:04.904+0000][39.339s][info ][safepoint   ] Safepoint "G1CollectForAllocation", Time since last: 751530162 ns, Reaching safepoint: 36221 ns, Cleanup: 108118 ns, At safepoint: 17920709 ns, Total: 18065048 ns
[2025-04-30T08:33:04.915+0000][39.350s][debug][safepoint   ] Safepoint synchronization initiated using futex wait barrier. (22 threads)
[2025-04-30T08:33:04.915+0000][39.350s][info ][gc,start    ] GC(32) Pause Young (Mixed) (G1 Evacuation Pause)
[2025-04-30T08:33:04.915+0000][39.350s][info ][gc,task     ] GC(32) Using 4 workers of 4 for evacuation
[2025-04-30T08:33:04.930+0000][39.366s][info ][gc,phases   ] GC(32)   Pre Evacuate Collection Set: 0.1ms
[2025-04-30T08:33:04.930+0000][39.366s][info ][gc,phases   ] GC(32)   Merge Heap Roots: 0.2ms
[2025-04-30T08:33:04.930+0000][39.366s][info ][gc,phases   ] GC(32)   Evacuate Collection Set: 13.9ms
[2025-04-30T08:33:04.930+0000][39.366s][info ][gc,phases   ] GC(32)   Post Evacuate Collection Set: 1.4ms
[2025-04-30T08:33:04.930+0000][39.366s][info ][gc,phases   ] GC(32)   Other: 0.1ms
[2025-04-30T08:33:04.930+0000][39.366s][info ][gc,heap     ] GC(32) Eden regions: 1->0(162)
[2025-04-30T08:33:04.930+0000][39.366s][info ][gc,heap     ] GC(32) Survivor regions: 14->2(2)
[2025-04-30T08:33:04.930+0000][39.366s][info ][gc,heap     ] GC(32) Old regions: 62->72
[2025-04-30T08:33:04.930+0000][39.366s][info ][gc,heap     ] GC(32) Archive regions: 2->2
[2025-04-30T08:33:04.930+0000][39.366s][info ][gc,heap     ] GC(32) Humongous regions: 0->0
[2025-04-30T08:33:04.931+0000][39.366s][info ][gc,metaspace] GC(32) Metaspace: 69506K(70016K)->69506K(70016K) NonClass: 60609K(60864K)->60609K(60864K) Class: 8897K(9152K)->8897K(9152K)
[2025-04-30T08:33:04.931+0000][39.366s][info ][gc          ] GC(32) Pause Young (Mixed) (G1 Evacuation Pause) 76M->74M(277M) 15.750ms
[2025-04-30T08:33:04.931+0000][39.366s][info ][gc,cpu      ] GC(32) User=0.06s Sys=0.00s Real=0.02s
[2025-04-30T08:33:04.933+0000][39.369s][info ][safepoint   ] Safepoint "G1CollectForAllocation", Time since last: 10594927 ns, Reaching safepoint: 37292 ns, Cleanup: 6714 ns, At safepoint: 18676112 ns, Total: 18720118 ns
[2025-04-30T08:33:05.339+0000][39.775s][debug][safepoint   ] Safepoint synchronization initiated using futex wait barrier. (22 threads)
[2025-04-30T08:33:05.340+0000][39.775s][info ][safepoint   ] Safepoint "ICBufferFull", Time since last: 405913294 ns, Reaching safepoint: 76246 ns, Cleanup: 163982 ns, At safepoint: 9344 ns, Total: 249572 ns
[2025-04-30T08:33:05.624+0000][40.059s][debug][safepoint   ] Safepoint synchronization initiated using futex wait barrier. (22 threads)
[2025-04-30T08:33:05.624+0000][40.059s][info ][safepoint   ] Safepoint "ICBufferFull", Time since last: 283915581 ns, Reaching safepoint: 218671 ns, Cleanup: 138563 ns, At safepoint: 4542 ns, Total: 361776 ns
[2025-04-30T08:33:06.214+0000][40.649s][debug][safepoint   ] Safepoint synchronization initiated using futex wait barrier. (21 threads)
[2025-04-30T08:33:06.214+0000][40.649s][info ][gc,start    ] GC(33) Pause Young (Concurrent Start) (G1 Evacuation Pause)
[2025-04-30T08:33:06.214+0000][40.649s][info ][gc,task     ] GC(33) Using 4 workers of 4 for evacuation
[2025-04-30T08:33:06.219+0000][40.655s][info ][gc,phases   ] GC(33)   Pre Evacuate Collection Set: 0.1ms
[2025-04-30T08:33:06.219+0000][40.655s][info ][gc,phases   ] GC(33)   Merge Heap Roots: 0.1ms
[2025-04-30T08:33:06.219+0000][40.655s][info ][gc,phases   ] GC(33)   Evacuate Collection Set: 4.6ms
[2025-04-30T08:33:06.219+0000][40.655s][info ][gc,phases   ] GC(33)   Post Evacuate Collection Set: 1.0ms
[2025-04-30T08:33:06.219+0000][40.655s][info ][gc,phases   ] GC(33)   Other: 0.1ms
[2025-04-30T08:33:06.220+0000][40.655s][info ][gc,heap     ] GC(33) Eden regions: 162->0(163)
[2025-04-30T08:33:06.220+0000][40.655s][info ][gc,heap     ] GC(33) Survivor regions: 2->2(21)
[2025-04-30T08:33:06.220+0000][40.655s][info ][gc,heap     ] GC(33) Old regions: 72->72
[2025-04-30T08:33:06.220+0000][40.655s][info ][gc,heap     ] GC(33) Archive regions: 2->2
[2025-04-30T08:33:06.220+0000][40.655s][info ][gc,heap     ] GC(33) Humongous regions: 0->0
[2025-04-30T08:33:06.220+0000][40.655s][info ][gc,metaspace] GC(33) Metaspace: 75557K(76032K)->75557K(76032K) NonClass: 65815K(66048K)->65815K(66048K) Class: 9742K(9984K)->9742K(9984K)
[2025-04-30T08:33:06.220+0000][40.655s][info ][gc          ] GC(33) Pause Young (Concurrent Start) (G1 Evacuation Pause) 236M->74M(277M) 5.878ms
[2025-04-30T08:33:06.220+0000][40.655s][info ][gc,cpu      ] GC(33) User=0.02s Sys=0.00s Real=0.01s
[2025-04-30T08:33:06.220+0000][40.655s][info ][gc          ] GC(34) Concurrent Mark Cycle
[2025-04-30T08:33:06.220+0000][40.655s][info ][gc,marking  ] GC(34) Concurrent Clear Claimed Marks
[2025-04-30T08:33:06.220+0000][40.655s][info ][safepoint   ] Safepoint "G1CollectForAllocation", Time since last: 589719343 ns, Reaching safepoint: 26708 ns, Cleanup: 29446 ns, At safepoint: 5934523 ns, Total: 5990677 ns
[2025-04-30T08:33:06.220+0000][40.655s][info ][gc,marking  ] GC(34) Concurrent Clear Claimed Marks 0.043ms
[2025-04-30T08:33:06.220+0000][40.655s][info ][gc,marking  ] GC(34) Concurrent Scan Root Regions
[2025-04-30T08:33:06.223+0000][40.658s][info ][gc,marking  ] GC(34) Concurrent Scan Root Regions 3.335ms
[2025-04-30T08:33:06.223+0000][40.658s][info ][gc,marking  ] GC(34) Concurrent Mark
[2025-04-30T08:33:06.223+0000][40.658s][info ][gc,marking  ] GC(34) Concurrent Mark From Roots
[2025-04-30T08:33:06.223+0000][40.658s][info ][gc,task     ] GC(34) Using 1 workers of 1 for marking
[2025-04-30T08:33:06.391+0000][40.827s][info ][gc,marking  ] GC(34) Concurrent Mark From Roots 168.126ms
[2025-04-30T08:33:06.391+0000][40.827s][info ][gc,marking  ] GC(34) Concurrent Preclean
[2025-04-30T08:33:06.391+0000][40.827s][info ][gc,marking  ] GC(34) Concurrent Preclean 0.229ms
[2025-04-30T08:33:06.391+0000][40.827s][debug][safepoint   ] Safepoint synchronization initiated using futex wait barrier. (21 threads)
[2025-04-30T08:33:06.392+0000][40.827s][debug][safepoint   ] ... found polling page loop exception at pc = 0x00007b2ad912b2cc, stub =0x00007b2ad898e400
[2025-04-30T08:33:06.392+0000][40.827s][info ][gc,start    ] GC(34) Pause Remark
[2025-04-30T08:33:06.397+0000][40.832s][info ][gc          ] GC(34) Pause Remark 115M->115M(277M) 5.244ms
[2025-04-30T08:33:06.397+0000][40.832s][info ][gc,cpu      ] GC(34) User=0.01s Sys=0.00s Real=0.00s
[2025-04-30T08:33:06.397+0000][40.832s][info ][safepoint   ] Safepoint "G1PauseRemark", Time since last: 171884379 ns, Reaching safepoint: 87677 ns, Cleanup: 14076 ns, At safepoint: 5309806 ns, Total: 5411559 ns
[2025-04-30T08:33:06.397+0000][40.832s][info ][gc,marking  ] GC(34) Concurrent Mark 173.886ms
[2025-04-30T08:33:06.397+0000][40.832s][info ][gc,marking  ] GC(34) Concurrent Rebuild Remembered Sets
[2025-04-30T08:33:06.498+0000][40.933s][info ][gc,marking  ] GC(34) Concurrent Rebuild Remembered Sets 100.931ms
[2025-04-30T08:33:06.498+0000][40.933s][debug][safepoint   ] Safepoint synchronization initiated using futex wait barrier. (21 threads)
[2025-04-30T08:33:06.498+0000][40.933s][info ][gc,start    ] GC(34) Pause Cleanup
[2025-04-30T08:33:06.498+0000][40.934s][info ][gc          ] GC(34) Pause Cleanup 135M->135M(277M) 0.168ms
[2025-04-30T08:33:06.498+0000][40.934s][info ][gc,cpu      ] GC(34) User=0.00s Sys=0.00s Real=0.00s
[2025-04-30T08:33:06.498+0000][40.934s][info ][safepoint   ] Safepoint "G1PauseCleanup", Time since last: 101091534 ns, Reaching safepoint: 89245 ns, Cleanup: 14703 ns, At safepoint: 215923 ns, Total: 319871 ns
[2025-04-30T08:33:06.498+0000][40.934s][info ][gc,marking  ] GC(34) Concurrent Cleanup for Next Mark
[2025-04-30T08:33:06.502+0000][40.937s][info ][gc,marking  ] GC(34) Concurrent Cleanup for Next Mark 3.374ms
[2025-04-30T08:33:06.502+0000][40.937s][info ][gc          ] GC(34) Concurrent Mark Cycle 282.243ms
[2025-04-30T08:33:07.030+0000][41.465s][debug][safepoint   ] Safepoint synchronization initiated using futex wait barrier. (20 threads)
[2025-04-30T08:33:07.030+0000][41.466s][info ][safepoint   ] Safepoint "ICBufferFull", Time since last: 531834527 ns, Reaching safepoint: 36774 ns, Cleanup: 113726 ns, At safepoint: 5835 ns, Total: 156335 ns
[2025-04-30T08:33:07.165+0000][41.600s][debug][safepoint   ] Safepoint synchronization initiated using futex wait barrier. (21 threads)
[2025-04-30T08:33:07.165+0000][41.600s][info ][safepoint   ] Safepoint "ICBufferFull", Time since last: 134420578 ns, Reaching safepoint: 92564 ns, Cleanup: 190249 ns, At safepoint: 8103 ns, Total: 290916 ns
[2025-04-30T08:33:07.281+0000][41.717s][debug][safepoint   ] Safepoint synchronization initiated using futex wait barrier. (21 threads)
[2025-04-30T08:33:07.281+0000][41.717s][info ][gc,start    ] GC(35) Pause Young (Prepare Mixed) (G1 Evacuation Pause)
[2025-04-30T08:33:07.282+0000][41.717s][info ][gc,task     ] GC(35) Using 4 workers of 4 for evacuation
[2025-04-30T08:33:07.288+0000][41.723s][info ][gc,phases   ] GC(35)   Pre Evacuate Collection Set: 0.1ms
[2025-04-30T08:33:07.288+0000][41.723s][info ][gc,phases   ] GC(35)   Merge Heap Roots: 0.2ms
[2025-04-30T08:33:07.288+0000][41.723s][info ][gc,phases   ] GC(35)   Evacuate Collection Set: 4.9ms
[2025-04-30T08:33:07.288+0000][41.723s][info ][gc,phases   ] GC(35)   Post Evacuate Collection Set: 0.9ms
[2025-04-30T08:33:07.288+0000][41.723s][info ][gc,phases   ] GC(35)   Other: 0.1ms
[2025-04-30T08:33:07.288+0000][41.723s][info ][gc,heap     ] GC(35) Eden regions: 163->0(10)
[2025-04-30T08:33:07.288+0000][41.723s][info ][gc,heap     ] GC(35) Survivor regions: 2->3(21)
[2025-04-30T08:33:07.288+0000][41.723s][info ][gc,heap     ] GC(35) Old regions: 72->72
[2025-04-30T08:33:07.288+0000][41.723s][info ][gc,heap     ] GC(35) Archive regions: 2->2
[2025-04-30T08:33:07.288+0000][41.723s][info ][gc,heap     ] GC(35) Humongous regions: 0->0
[2025-04-30T08:33:07.288+0000][41.723s][info ][gc,metaspace] GC(35) Metaspace: 78538K(79040K)->78538K(79040K) NonClass: 68232K(68480K)->68232K(68480K) Class: 10306K(10560K)->10306K(10560K)
[2025-04-30T08:33:07.288+0000][41.723s][info ][gc          ] GC(35) Pause Young (Prepare Mixed) (G1 Evacuation Pause) 237M->75M(277M) 6.298ms
[2025-04-30T08:33:07.288+0000][41.723s][info ][gc,cpu      ] GC(35) User=0.02s Sys=0.00s Real=0.00s
[2025-04-30T08:33:07.288+0000][41.723s][info ][safepoint   ] Safepoint "G1CollectForAllocation", Time since last: 116239489 ns, Reaching safepoint: 55493 ns, Cleanup: 172248 ns, At safepoint: 6348719 ns, Total: 6576460 ns
[2025-04-30T08:33:07.415+0000][41.850s][debug][safepoint   ] Safepoint synchronization initiated using futex wait barrier. (21 threads)
[2025-04-30T08:33:07.415+0000][41.850s][info ][gc,start    ] GC(36) Pause Young (Mixed) (G1 Evacuation Pause)
[2025-04-30T08:33:07.415+0000][41.850s][info ][gc,task     ] GC(36) Using 4 workers of 4 for evacuation
[2025-04-30T08:33:07.423+0000][41.858s][info ][gc,phases   ] GC(36)   Pre Evacuate Collection Set: 0.1ms
[2025-04-30T08:33:07.423+0000][41.858s][info ][gc,phases   ] GC(36)   Merge Heap Roots: 0.1ms
[2025-04-30T08:33:07.423+0000][41.858s][info ][gc,phases   ] GC(36)   Evacuate Collection Set: 6.5ms
[2025-04-30T08:33:07.423+0000][41.858s][info ][gc,phases   ] GC(36)   Post Evacuate Collection Set: 1.3ms
[2025-04-30T08:33:07.423+0000][41.858s][info ][gc,phases   ] GC(36)   Other: 0.1ms
[2025-04-30T08:33:07.423+0000][41.858s][info ][gc,heap     ] GC(36) Eden regions: 10->0(163)
[2025-04-30T08:33:07.423+0000][41.858s][info ][gc,heap     ] GC(36) Survivor regions: 3->1(2)
[2025-04-30T08:33:07.423+0000][41.858s][info ][gc,heap     ] GC(36) Old regions: 72->74
[2025-04-30T08:33:07.423+0000][41.858s][info ][gc,heap     ] GC(36) Archive regions: 2->2
[2025-04-30T08:33:07.423+0000][41.858s][info ][gc,heap     ] GC(36) Humongous regions: 0->0
[2025-04-30T08:33:07.423+0000][41.858s][info ][gc,metaspace] GC(36) Metaspace: 78745K(79232K)->78745K(79232K) NonClass: 68426K(68672K)->68426K(68672K) Class: 10319K(10560K)->10319K(10560K)
[2025-04-30T08:33:07.423+0000][41.858s][info ][gc          ] GC(36) Pause Young (Mixed) (G1 Evacuation Pause) 85M->74M(277M) 8.173ms
[2025-04-30T08:33:07.423+0000][41.858s][info ][gc,cpu      ] GC(36) User=0.03s Sys=0.00s Real=0.01s
[2025-04-30T08:33:07.423+0000][41.858s][info ][safepoint   ] Safepoint "G1CollectForAllocation", Time since last: 126774687 ns, Reaching safepoint: 32406 ns, Cleanup: 73071 ns, At safepoint: 8224497 ns, Total: 8329974 ns
[2025-04-30T08:33:07.610+0000][42.046s][debug][safepoint   ] Safepoint synchronization initiated using futex wait barrier. (21 threads)
[2025-04-30T08:33:07.611+0000][42.046s][info ][safepoint   ] Safepoint "ICBufferFull", Time since last: 187543889 ns, Reaching safepoint: 90003 ns, Cleanup: 129303 ns, At safepoint: 4921 ns, Total: 224227 ns
[2025-04-30T08:33:07.943+0000][42.378s][debug][safepoint   ] Safepoint synchronization initiated using futex wait barrier. (21 threads)
[2025-04-30T08:33:07.943+0000][42.378s][info ][safepoint   ] Safepoint "ICBufferFull", Time since last: 332157267 ns, Reaching safepoint: 58823 ns, Cleanup: 108696 ns, At safepoint: 7090 ns, Total: 174609 ns
[2025-04-30T08:33:08.570+0000][43.005s][debug][safepoint   ] Safepoint synchronization initiated using futex wait barrier. (20 threads)
[2025-04-30T08:33:08.570+0000][43.005s][info ][safepoint   ] Safepoint "ICBufferFull", Time since last: 626717263 ns, Reaching safepoint: 114153 ns, Cleanup: 108973 ns, At safepoint: 7269 ns, Total: 230395 ns
[2025-04-30T08:33:08.794+0000][43.229s][debug][safepoint   ] Safepoint synchronization initiated using futex wait barrier. (20 threads)
[2025-04-30T08:33:08.794+0000][43.229s][info ][gc,start    ] GC(37) Pause Young (Normal) (G1 Evacuation Pause)
[2025-04-30T08:33:08.794+0000][43.229s][info ][gc,task     ] GC(37) Using 4 workers of 4 for evacuation
[2025-04-30T08:33:08.800+0000][43.235s][info ][gc,phases   ] GC(37)   Pre Evacuate Collection Set: 0.1ms
[2025-04-30T08:33:08.800+0000][43.235s][info ][gc,phases   ] GC(37)   Merge Heap Roots: 0.1ms
[2025-04-30T08:33:08.800+0000][43.235s][info ][gc,phases   ] GC(37)   Evacuate Collection Set: 4.6ms
[2025-04-30T08:33:08.800+0000][43.235s][info ][gc,phases   ] GC(37)   Post Evacuate Collection Set: 1.1ms
[2025-04-30T08:33:08.800+0000][43.235s][info ][gc,phases   ] GC(37)   Other: 0.1ms
[2025-04-30T08:33:08.800+0000][43.235s][info ][gc,heap     ] GC(37) Eden regions: 163->0(160)
[2025-04-30T08:33:08.800+0000][43.235s][info ][gc,heap     ] GC(37) Survivor regions: 1->4(21)
[2025-04-30T08:33:08.800+0000][43.235s][info ][gc,heap     ] GC(37) Old regions: 74->74
[2025-04-30T08:33:08.800+0000][43.235s][info ][gc,heap     ] GC(37) Archive regions: 2->2
[2025-04-30T08:33:08.800+0000][43.235s][info ][gc,heap     ] GC(37) Humongous regions: 0->0
[2025-04-30T08:33:08.800+0000][43.235s][info ][gc,metaspace] GC(37) Metaspace: 82460K(82944K)->82460K(82944K) NonClass: 71625K(71872K)->71625K(71872K) Class: 10834K(11072K)->10834K(11072K)
[2025-04-30T08:33:08.800+0000][43.235s][info ][gc          ] GC(37) Pause Young (Normal) (G1 Evacuation Pause) 237M->77M(277M) 6.039ms
[2025-04-30T08:33:08.800+0000][43.235s][info ][gc,cpu      ] GC(37) User=0.02s Sys=0.00s Real=0.01s
[2025-04-30T08:33:08.800+0000][43.235s][info ][safepoint   ] Safepoint "G1CollectForAllocation", Time since last: 223921242 ns, Reaching safepoint: 39612 ns, Cleanup: 27083 ns, At safepoint: 6084560 ns, Total: 6151255 ns
[2025-04-30T08:33:09.314+0000][43.750s][debug][safepoint   ] Safepoint synchronization initiated using futex wait barrier. (21 threads)
[2025-04-30T08:33:09.315+0000][43.750s][info ][safepoint   ] Safepoint "ICBufferFull", Time since last: 514207566 ns, Reaching safepoint: 139594 ns, Cleanup: 190508 ns, At safepoint: 11839 ns, Total: 341941 ns
[2025-04-30T08:33:10.359+0000][44.795s][debug][safepoint   ] Safepoint synchronization initiated using futex wait barrier. (21 threads)
[2025-04-30T08:33:10.360+0000][44.795s][info ][safepoint   ] Safepoint "Cleanup", Time since last: 1044613363 ns, Reaching safepoint: 354405 ns, Cleanup: 129814 ns, At safepoint: 11012 ns, Total: 495231 ns
[2025-04-30T08:33:10.439+0000][44.874s][debug][safepoint   ] Safepoint synchronization initiated using futex wait barrier. (21 threads)
[2025-04-30T08:33:10.439+0000][44.875s][info ][gc,start    ] GC(38) Pause Young (Normal) (G1 Evacuation Pause)
[2025-04-30T08:33:10.439+0000][44.875s][info ][gc,task     ] GC(38) Using 4 workers of 4 for evacuation
[2025-04-30T08:33:10.485+0000][44.920s][info ][gc,phases   ] GC(38)   Pre Evacuate Collection Set: 0.1ms
[2025-04-30T08:33:10.485+0000][44.920s][info ][gc,phases   ] GC(38)   Merge Heap Roots: 0.1ms
[2025-04-30T08:33:10.485+0000][44.920s][info ][gc,phases   ] GC(38)   Evacuate Collection Set: 38.0ms
[2025-04-30T08:33:10.485+0000][44.920s][info ][gc,phases   ] GC(38)   Post Evacuate Collection Set: 7.1ms
[2025-04-30T08:33:10.485+0000][44.920s][info ][gc,phases   ] GC(38)   Other: 0.1ms
[2025-04-30T08:33:10.485+0000][44.920s][info ][gc,heap     ] GC(38) Eden regions: 160->0(156)
[2025-04-30T08:33:10.485+0000][44.920s][info ][gc,heap     ] GC(38) Survivor regions: 4->7(21)
[2025-04-30T08:33:10.485+0000][44.920s][info ][gc,heap     ] GC(38) Old regions: 74->74
[2025-04-30T08:33:10.485+0000][44.920s][info ][gc,heap     ] GC(38) Archive regions: 2->2
[2025-04-30T08:33:10.485+0000][44.920s][info ][gc,heap     ] GC(38) Humongous regions: 0->0
[2025-04-30T08:33:10.485+0000][44.920s][info ][gc,metaspace] GC(38) Metaspace: 84920K(85504K)->84920K(85504K) NonClass: 73909K(74240K)->73909K(74240K) Class: 11011K(11264K)->11011K(11264K)
[2025-04-30T08:33:10.485+0000][44.920s][info ][gc          ] GC(38) Pause Young (Normal) (G1 Evacuation Pause) 237M->80M(277M) 45.663ms
[2025-04-30T08:33:10.485+0000][44.920s][info ][gc,cpu      ] GC(38) User=0.10s Sys=0.01s Real=0.04s
[2025-04-30T08:33:10.485+0000][44.920s][info ][safepoint   ] Safepoint "G1CollectForAllocation", Time since last: 79372460 ns, Reaching safepoint: 45895 ns, Cleanup: 14706 ns, At safepoint: 45718386 ns, Total: 45778987 ns
[2025-04-30T08:33:11.485+0000][45.920s][debug][safepoint   ] Safepoint synchronization initiated using futex wait barrier. (21 threads)
[2025-04-30T08:33:11.488+0000][45.924s][info ][safepoint   ] Safepoint "Cleanup", Time since last: 1000281977 ns, Reaching safepoint: 142191 ns, Cleanup: 74580 ns, At safepoint: 3070967 ns, Total: 3287738 ns
[2025-04-30T08:33:12.329+0000][46.765s][debug][safepoint   ] Safepoint synchronization initiated using futex wait barrier. (25 threads)
[2025-04-30T08:33:12.330+0000][46.765s][info ][safepoint   ] Safepoint "ICBufferFull", Time since last: 841031573 ns, Reaching safepoint: 74300 ns, Cleanup: 210113 ns, At safepoint: 4764 ns, Total: 289177 ns
[2025-04-30T08:33:12.554+0000][46.989s][debug][safepoint   ] Safepoint synchronization initiated using futex wait barrier. (25 threads)
[2025-04-30T08:33:12.554+0000][46.989s][info ][gc,start    ] GC(39) Pause Young (Normal) (G1 Evacuation Pause)
[2025-04-30T08:33:12.554+0000][46.989s][info ][gc,task     ] GC(39) Using 4 workers of 4 for evacuation
[2025-04-30T08:33:12.588+0000][47.023s][info ][gc,phases   ] GC(39)   Pre Evacuate Collection Set: 0.4ms
[2025-04-30T08:33:12.588+0000][47.023s][info ][gc,phases   ] GC(39)   Merge Heap Roots: 0.1ms
[2025-04-30T08:33:12.588+0000][47.023s][info ][gc,phases   ] GC(39)   Evacuate Collection Set: 26.9ms
[2025-04-30T08:33:12.588+0000][47.023s][info ][gc,phases   ] GC(39)   Post Evacuate Collection Set: 6.4ms
[2025-04-30T08:33:12.588+0000][47.023s][info ][gc,phases   ] GC(39)   Other: 0.1ms
[2025-04-30T08:33:12.588+0000][47.023s][info ][gc,heap     ] GC(39) Eden regions: 156->0(151)
[2025-04-30T08:33:12.588+0000][47.023s][info ][gc,heap     ] GC(39) Survivor regions: 7->11(21)
[2025-04-30T08:33:12.588+0000][47.023s][info ][gc,heap     ] GC(39) Old regions: 74->74
[2025-04-30T08:33:12.588+0000][47.023s][info ][gc,heap     ] GC(39) Archive regions: 2->2
[2025-04-30T08:33:12.588+0000][47.023s][info ][gc,heap     ] GC(39) Humongous regions: 0->0
[2025-04-30T08:33:12.588+0000][47.023s][info ][gc,metaspace] GC(39) Metaspace: 87853K(88448K)->87853K(88448K) NonClass: 76611K(76928K)->76611K(76928K) Class: 11242K(11520K)->11242K(11520K)
[2025-04-30T08:33:12.588+0000][47.023s][info ][gc          ] GC(39) Pause Young (Normal) (G1 Evacuation Pause) 236M->84M(277M) 34.024ms
[2025-04-30T08:33:12.588+0000][47.023s][info ][gc,cpu      ] GC(39) User=0.06s Sys=0.00s Real=0.03s
[2025-04-30T08:33:12.589+0000][47.025s][info ][safepoint   ] Safepoint "G1CollectForAllocation", Time since last: 224142537 ns, Reaching safepoint: 42952 ns, Cleanup: 13027 ns, At safepoint: 35536556 ns, Total: 35592535 ns
[2025-04-30T08:33:13.595+0000][48.031s][debug][safepoint   ] Safepoint synchronization initiated using futex wait barrier. (25 threads)
[2025-04-30T08:33:13.596+0000][48.031s][info ][safepoint   ] Safepoint "Cleanup", Time since last: 1005970042 ns, Reaching safepoint: 156391 ns, Cleanup: 29634 ns, At safepoint: 6248 ns, Total: 192273 ns
[2025-04-30T08:33:14.626+0000][49.061s][debug][safepoint   ] Safepoint synchronization initiated using futex wait barrier. (25 threads)
[2025-04-30T08:33:14.626+0000][49.061s][info ][gc,start    ] GC(40) Pause Young (Normal) (G1 Evacuation Pause)
[2025-04-30T08:33:14.626+0000][49.061s][info ][gc,task     ] GC(40) Using 4 workers of 4 for evacuation
[2025-04-30T08:33:14.655+0000][49.090s][info ][gc,phases   ] GC(40)   Pre Evacuate Collection Set: 0.2ms
[2025-04-30T08:33:14.655+0000][49.090s][info ][gc,phases   ] GC(40)   Merge Heap Roots: 0.1ms
[2025-04-30T08:33:14.655+0000][49.090s][info ][gc,phases   ] GC(40)   Evacuate Collection Set: 25.5ms
[2025-04-30T08:33:14.655+0000][49.090s][info ][gc,phases   ] GC(40)   Post Evacuate Collection Set: 3.1ms
[2025-04-30T08:33:14.655+0000][49.090s][info ][gc,phases   ] GC(40)   Other: 0.1ms
[2025-04-30T08:33:14.655+0000][49.090s][info ][gc,heap     ] GC(40) Eden regions: 151->0(143)
[2025-04-30T08:33:14.655+0000][49.090s][info ][gc,heap     ] GC(40) Survivor regions: 11->15(21)
[2025-04-30T08:33:14.655+0000][49.090s][info ][gc,heap     ] GC(40) Old regions: 74->74
[2025-04-30T08:33:14.655+0000][49.090s][info ][gc,heap     ] GC(40) Archive regions: 2->2
[2025-04-30T08:33:14.655+0000][49.090s][info ][gc,heap     ] GC(40) Humongous regions: 0->0
[2025-04-30T08:33:14.655+0000][49.090s][info ][gc,metaspace] GC(40) Metaspace: 92523K(93056K)->92523K(93056K) NonClass: 80665K(80960K)->80665K(80960K) Class: 11857K(12096K)->11857K(12096K)
[2025-04-30T08:33:14.655+0000][49.090s][info ][gc          ] GC(40) Pause Young (Normal) (G1 Evacuation Pause) 235M->88M(277M) 29.083ms
[2025-04-30T08:33:14.655+0000][49.090s][info ][gc,cpu      ] GC(40) User=0.06s Sys=0.00s Real=0.03s
[2025-04-30T08:33:14.655+0000][49.090s][info ][safepoint   ] Safepoint "G1CollectForAllocation", Time since last: 1029882952 ns, Reaching safepoint: 49581 ns, Cleanup: 107541 ns, At safepoint: 29147434 ns, Total: 29304556 ns
[2025-04-30T08:33:15.452+0000][49.887s][debug][safepoint   ] Safepoint synchronization initiated using futex wait barrier. (25 threads)
[2025-04-30T08:33:15.452+0000][49.887s][info ][safepoint   ] Safepoint "ICBufferFull", Time since last: 797112607 ns, Reaching safepoint: 49989 ns, Cleanup: 99837 ns, At safepoint: 3701 ns, Total: 153527 ns
[2025-04-30T08:33:16.110+0000][50.545s][debug][safepoint   ] Safepoint synchronization initiated using futex wait barrier. (25 threads)
[2025-04-30T08:33:16.110+0000][50.545s][info ][gc,start    ] GC(41) Pause Young (Normal) (G1 Evacuation Pause)
[2025-04-30T08:33:16.110+0000][50.545s][info ][gc,task     ] GC(41) Using 4 workers of 4 for evacuation
[2025-04-30T08:33:16.144+0000][50.579s][info ][gc,phases   ] GC(41)   Pre Evacuate Collection Set: 0.1ms
[2025-04-30T08:33:16.144+0000][50.579s][info ][gc,phases   ] GC(41)   Merge Heap Roots: 0.1ms
[2025-04-30T08:33:16.144+0000][50.579s][info ][gc,phases   ] GC(41)   Evacuate Collection Set: 30.9ms
[2025-04-30T08:33:16.144+0000][50.579s][info ][gc,phases   ] GC(41)   Post Evacuate Collection Set: 2.5ms
[2025-04-30T08:33:16.144+0000][50.579s][info ][gc,phases   ] GC(41)   Other: 0.1ms
[2025-04-30T08:33:16.144+0000][50.579s][info ][gc,heap     ] GC(41) Eden regions: 143->0(139)
[2025-04-30T08:33:16.144+0000][50.579s][info ][gc,heap     ] GC(41) Survivor regions: 15->14(20)
[2025-04-30T08:33:16.144+0000][50.579s][info ][gc,heap     ] GC(41) Old regions: 74->80
[2025-04-30T08:33:16.144+0000][50.579s][info ][gc,heap     ] GC(41) Archive regions: 2->2
[2025-04-30T08:33:16.144+0000][50.579s][info ][gc,heap     ] GC(41) Humongous regions: 0->0
[2025-04-30T08:33:16.144+0000][50.579s][info ][gc,metaspace] GC(41) Metaspace: 95458K(96000K)->95458K(96000K) NonClass: 82972K(83264K)->82972K(83264K) Class: 12486K(12736K)->12486K(12736K)
[2025-04-30T08:33:16.144+0000][50.579s][info ][gc          ] GC(41) Pause Young (Normal) (G1 Evacuation Pause) 231M->94M(277M) 33.965ms
[2025-04-30T08:33:16.144+0000][50.579s][info ][gc,cpu      ] GC(41) User=0.11s Sys=0.00s Real=0.03s
[2025-04-30T08:33:16.144+0000][50.579s][info ][safepoint   ] Safepoint "G1CollectForAllocation", Time since last: 657642557 ns, Reaching safepoint: 49813 ns, Cleanup: 34131 ns, At safepoint: 34254722 ns, Total: 34338666 ns
[2025-04-30T08:33:17.242+0000][51.677s][debug][safepoint   ] Safepoint synchronization initiated using futex wait barrier. (25 threads)
[2025-04-30T08:33:17.242+0000][51.677s][info ][safepoint   ] Safepoint "Cleanup", Time since last: 1097727313 ns, Reaching safepoint: 48318 ns, Cleanup: 120291 ns, At safepoint: 3468 ns, Total: 172077 ns
[2025-04-30T08:33:17.909+0000][52.345s][debug][safepoint   ] Safepoint synchronization initiated using futex wait barrier. (26 threads)
[2025-04-30T08:33:17.910+0000][52.345s][info ][gc,start    ] GC(42) Pause Young (Normal) (G1 Evacuation Pause)
[2025-04-30T08:33:17.910+0000][52.345s][info ][gc,task     ] GC(42) Using 4 workers of 4 for evacuation
[2025-04-30T08:33:17.935+0000][52.370s][info ][gc,phases   ] GC(42)   Pre Evacuate Collection Set: 0.1ms
[2025-04-30T08:33:17.935+0000][52.370s][info ][gc,phases   ] GC(42)   Merge Heap Roots: 0.1ms
[2025-04-30T08:33:17.935+0000][52.370s][info ][gc,phases   ] GC(42)   Evacuate Collection Set: 19.3ms
[2025-04-30T08:33:17.935+0000][52.370s][info ][gc,phases   ] GC(42)   Post Evacuate Collection Set: 5.5ms
[2025-04-30T08:33:17.935+0000][52.370s][info ][gc,phases   ] GC(42)   Other: 0.1ms
[2025-04-30T08:33:17.935+0000][52.370s][info ][gc,heap     ] GC(42) Eden regions: 139->0(362)
[2025-04-30T08:33:17.935+0000][52.370s][info ][gc,heap     ] GC(42) Survivor regions: 14->10(20)
[2025-04-30T08:33:17.935+0000][52.370s][info ][gc,heap     ] GC(42) Old regions: 80->84
[2025-04-30T08:33:17.935+0000][52.370s][info ][gc,heap     ] GC(42) Archive regions: 2->2
[2025-04-30T08:33:17.935+0000][52.370s][info ][gc,heap     ] GC(42) Humongous regions: 0->0
[2025-04-30T08:33:17.935+0000][52.370s][info ][gc,metaspace] GC(42) Metaspace: 100042K(100608K)->100042K(100608K) NonClass: 86944K(87232K)->86944K(87232K) Class: 13097K(13376K)->13097K(13376K)
[2025-04-30T08:33:17.935+0000][52.370s][info ][gc          ] GC(42) Pause Young (Normal) (G1 Evacuation Pause) 233M->93M(621M) 25.221ms
[2025-04-30T08:33:17.935+0000][52.370s][info ][gc,cpu      ] GC(42) User=0.06s Sys=0.00s Real=0.02s
[2025-04-30T08:33:17.935+0000][52.370s][info ][safepoint   ] Safepoint "G1CollectForAllocation", Time since last: 667487438 ns, Reaching safepoint: 43190 ns, Cleanup: 30321 ns, At safepoint: 25276711 ns, Total: 25350222 ns
[2025-04-30T08:33:18.935+0000][53.371s][debug][safepoint   ] Safepoint synchronization initiated using futex wait barrier. (26 threads)
[2025-04-30T08:33:18.936+0000][53.371s][info ][safepoint   ] Safepoint "Cleanup", Time since last: 1000680032 ns, Reaching safepoint: 146621 ns, Cleanup: 60668 ns, At safepoint: 7062 ns, Total: 214351 ns
[2025-04-30T08:33:20.067+0000][54.502s][debug][safepoint   ] Safepoint synchronization initiated using futex wait barrier. (28 threads)
[2025-04-30T08:33:20.067+0000][54.503s][info ][safepoint   ] Safepoint "Cleanup", Time since last: 1131304380 ns, Reaching safepoint: 31810 ns, Cleanup: 411837 ns, At safepoint: 23081 ns, Total: 466728 ns
[2025-04-30T08:33:21.064+0000][55.499s][debug][safepoint   ] Safepoint synchronization initiated using futex wait barrier. (31 threads)
[2025-04-30T08:33:21.064+0000][55.499s][info ][safepoint   ] Safepoint "ICBufferFull", Time since last: 996210242 ns, Reaching safepoint: 94519 ns, Cleanup: 114302 ns, At safepoint: 4577 ns, Total: 213398 ns
[2025-04-30T08:33:22.069+0000][56.504s][debug][safepoint   ] Safepoint synchronization initiated using futex wait barrier. (37 threads)
[2025-04-30T08:33:22.069+0000][56.505s][info ][gc,start    ] GC(43) Pause Young (Normal) (G1 Evacuation Pause)
[2025-04-30T08:33:22.070+0000][56.505s][info ][gc,task     ] GC(43) Using 4 workers of 4 for evacuation
[2025-04-30T08:33:22.097+0000][56.532s][info ][gc,phases   ] GC(43)   Pre Evacuate Collection Set: 0.8ms
[2025-04-30T08:33:22.097+0000][56.532s][info ][gc,phases   ] GC(43)   Merge Heap Roots: 0.2ms
[2025-04-30T08:33:22.097+0000][56.532s][info ][gc,phases   ] GC(43)   Evacuate Collection Set: 24.3ms
[2025-04-30T08:33:22.097+0000][56.532s][info ][gc,phases   ] GC(43)   Post Evacuate Collection Set: 2.0ms
[2025-04-30T08:33:22.097+0000][56.532s][info ][gc,phases   ] GC(43)   Other: 0.2ms
[2025-04-30T08:33:22.097+0000][56.532s][info ][gc,heap     ] GC(43) Eden regions: 362->0(354)
[2025-04-30T08:33:22.097+0000][56.532s][info ][gc,heap     ] GC(43) Survivor regions: 10->18(47)
[2025-04-30T08:33:22.097+0000][56.532s][info ][gc,heap     ] GC(43) Old regions: 84->84
[2025-04-30T08:33:22.097+0000][56.532s][info ][gc,heap     ] GC(43) Archive regions: 2->2
[2025-04-30T08:33:22.097+0000][56.532s][info ][gc,heap     ] GC(43) Humongous regions: 0->0
[2025-04-30T08:33:22.097+0000][56.532s][info ][gc,metaspace] GC(43) Metaspace: 108405K(109056K)->108405K(109056K) NonClass: 94366K(94720K)->94366K(94720K) Class: 14039K(14336K)->14039K(14336K)
[2025-04-30T08:33:22.097+0000][56.532s][info ][gc          ] GC(43) Pause Young (Normal) (G1 Evacuation Pause) 455M->101M(621M) 27.608ms
[2025-04-30T08:33:22.097+0000][56.532s][info ][gc,cpu      ] GC(43) User=0.10s Sys=0.01s Real=0.02s
[2025-04-30T08:33:22.097+0000][56.533s][info ][safepoint   ] Safepoint "G1CollectForAllocation", Time since last: 1005063481 ns, Reaching safepoint: 53647 ns, Cleanup: 443209 ns, At safepoint: 27843404 ns, Total: 28340260 ns
[2025-04-30T08:33:23.316+0000][57.751s][debug][safepoint   ] Safepoint synchronization initiated using futex wait barrier. (38 threads)
[2025-04-30T08:33:23.316+0000][57.751s][info ][safepoint   ] Safepoint "Cleanup", Time since last: 1218694265 ns, Reaching safepoint: 34631 ns, Cleanup: 87182 ns, At safepoint: 2725 ns, Total: 124538 ns
[2025-04-30T08:33:24.094+0000][58.530s][debug][safepoint   ] Safepoint synchronization initiated using futex wait barrier. (38 threads)
[2025-04-30T08:33:24.095+0000][58.530s][info ][safepoint   ] Safepoint "ICBufferFull", Time since last: 778263290 ns, Reaching safepoint: 56775 ns, Cleanup: 142706 ns, At safepoint: 4256 ns, Total: 203737 ns
[2025-04-30T08:33:24.748+0000][59.183s][debug][safepoint   ] Safepoint synchronization initiated using futex wait barrier. (38 threads)
[2025-04-30T08:33:24.748+0000][59.183s][info ][safepoint   ] Safepoint "ICBufferFull", Time since last: 648948185 ns, Reaching safepoint: 4023102 ns, Cleanup: 136035 ns, At safepoint: 10330 ns, Total: 4169467 ns
[2025-04-30T08:33:25.766+0000][60.201s][debug][safepoint   ] Safepoint synchronization initiated using futex wait barrier. (41 threads)
[2025-04-30T08:33:25.766+0000][60.202s][info ][safepoint   ] Safepoint "Cleanup", Time since last: 1018329328 ns, Reaching safepoint: 106759 ns, Cleanup: 144307 ns, At safepoint: 5780 ns, Total: 256846 ns
[2025-04-30T08:33:26.900+0000][61.335s][debug][safepoint   ] Safepoint synchronization initiated using futex wait barrier. (41 threads)
[2025-04-30T08:33:26.900+0000][61.335s][info ][gc,start    ] GC(44) Pause Young (Normal) (G1 Evacuation Pause)
[2025-04-30T08:33:26.900+0000][61.335s][info ][gc,task     ] GC(44) Using 4 workers of 4 for evacuation
[2025-04-30T08:33:26.978+0000][61.413s][info ][gc,phases   ] GC(44)   Pre Evacuate Collection Set: 0.2ms
[2025-04-30T08:33:26.978+0000][61.413s][info ][gc,phases   ] GC(44)   Merge Heap Roots: 0.3ms
[2025-04-30T08:33:26.978+0000][61.413s][info ][gc,phases   ] GC(44)   Evacuate Collection Set: 70.0ms
[2025-04-30T08:33:26.978+0000][61.413s][info ][gc,phases   ] GC(44)   Post Evacuate Collection Set: 7.1ms
[2025-04-30T08:33:26.978+0000][61.413s][info ][gc,phases   ] GC(44)   Other: 0.1ms
[2025-04-30T08:33:26.978+0000][61.413s][info ][gc,heap     ] GC(44) Eden regions: 354->0(347)
[2025-04-30T08:33:26.978+0000][61.413s][info ][gc,heap     ] GC(44) Survivor regions: 18->25(47)
[2025-04-30T08:33:26.978+0000][61.413s][info ][gc,heap     ] GC(44) Old regions: 84->84
[2025-04-30T08:33:26.978+0000][61.413s][info ][gc,heap     ] GC(44) Archive regions: 2->2
[2025-04-30T08:33:26.978+0000][61.413s][info ][gc,heap     ] GC(44) Humongous regions: 0->0
[2025-04-30T08:33:26.978+0000][61.413s][info ][gc,metaspace] GC(44) Metaspace: 120709K(121728K)->120709K(121728K) NonClass: 105253K(105792K)->105253K(105792K) Class: 15456K(15936K)->15456K(15936K)
[2025-04-30T08:33:26.978+0000][61.413s][info ][gc          ] GC(44) Pause Young (Normal) (G1 Evacuation Pause) 455M->109M(621M) 77.840ms
[2025-04-30T08:33:26.978+0000][61.413s][info ][gc,cpu      ] GC(44) User=0.15s Sys=0.00s Real=0.07s
[2025-04-30T08:33:26.978+0000][61.413s][info ][safepoint   ] Safepoint "G1CollectForAllocation", Time since last: 1133616376 ns, Reaching safepoint: 44123 ns, Cleanup: 56408 ns, At safepoint: 77933520 ns, Total: 78034051 ns
[2025-04-30T08:33:28.420+0000][62.855s][debug][safepoint   ] Safepoint synchronization initiated using futex wait barrier. (49 threads)
[2025-04-30T08:33:28.420+0000][62.855s][info ][safepoint   ] Safepoint "Cleanup", Time since last: 1441595227 ns, Reaching safepoint: 46296 ns, Cleanup: 41584 ns, At safepoint: 3592 ns, Total: 91472 ns
[2025-04-30T08:33:28.820+0000][63.256s][debug][safepoint   ] Safepoint synchronization initiated using futex wait barrier. (49 threads)
[2025-04-30T08:33:28.820+0000][63.256s][info ][gc,start    ] GC(45) Pause Young (Concurrent Start) (Metadata GC Threshold)
[2025-04-30T08:33:28.820+0000][63.256s][info ][gc,task     ] GC(45) Using 4 workers of 4 for evacuation
[2025-04-30T08:33:28.881+0000][63.316s][info ][gc,phases   ] GC(45)   Pre Evacuate Collection Set: 1.5ms
[2025-04-30T08:33:28.881+0000][63.316s][info ][gc,phases   ] GC(45)   Merge Heap Roots: 0.4ms
[2025-04-30T08:33:28.881+0000][63.316s][info ][gc,phases   ] GC(45)   Evacuate Collection Set: 50.6ms
[2025-04-30T08:33:28.881+0000][63.316s][info ][gc,phases   ] GC(45)   Post Evacuate Collection Set: 7.8ms
[2025-04-30T08:33:28.881+0000][63.316s][info ][gc,phases   ] GC(45)   Other: 0.2ms
[2025-04-30T08:33:28.881+0000][63.316s][info ][gc,heap     ] GC(45) Eden regions: 107->0(347)
[2025-04-30T08:33:28.881+0000][63.316s][info ][gc,heap     ] GC(45) Survivor regions: 25->25(47)
[2025-04-30T08:33:28.881+0000][63.316s][info ][gc,heap     ] GC(45) Old regions: 84->87
[2025-04-30T08:33:28.881+0000][63.316s][info ][gc,heap     ] GC(45) Archive regions: 2->2
[2025-04-30T08:33:28.881+0000][63.316s][info ][gc,heap     ] GC(45) Humongous regions: 1->0
[2025-04-30T08:33:28.881+0000][63.316s][info ][gc,metaspace] GC(45) Metaspace: 126934K(127936K)->126934K(127936K) NonClass: 110872K(111360K)->110872K(111360K) Class: 16061K(16576K)->16061K(16576K)
[2025-04-30T08:33:28.881+0000][63.316s][info ][gc          ] GC(45) Pause Young (Concurrent Start) (Metadata GC Threshold) 216M->112M(621M) 60.630ms
[2025-04-30T08:33:28.881+0000][63.316s][info ][gc,cpu      ] GC(45) User=0.15s Sys=0.00s Real=0.06s
[2025-04-30T08:33:28.881+0000][63.317s][info ][gc          ] GC(46) Concurrent Mark Cycle
[2025-04-30T08:33:28.881+0000][63.317s][info ][gc,marking  ] GC(46) Concurrent Clear Claimed Marks
[2025-04-30T08:33:28.881+0000][63.317s][info ][gc,marking  ] GC(46) Concurrent Clear Claimed Marks 0.115ms
[2025-04-30T08:33:28.881+0000][63.317s][info ][gc,marking  ] GC(46) Concurrent Scan Root Regions
[2025-04-30T08:33:28.881+0000][63.317s][info ][safepoint   ] Safepoint "CollectForMetadataAllocation", Time since last: 400648853 ns, Reaching safepoint: 46612 ns, Cleanup: 36693 ns, At safepoint: 61007099 ns, Total: 61090404 ns
[2025-04-30T08:33:28.954+0000][63.389s][info ][gc,marking  ] GC(46) Concurrent Scan Root Regions 72.185ms
[2025-04-30T08:33:28.954+0000][63.389s][info ][gc,marking  ] GC(46) Concurrent Mark
[2025-04-30T08:33:28.954+0000][63.389s][info ][gc,marking  ] GC(46) Concurrent Mark From Roots
[2025-04-30T08:33:28.954+0000][63.389s][info ][gc,task     ] GC(46) Using 1 workers of 1 for marking
[2025-04-30T08:33:29.110+0000][63.546s][debug][safepoint   ] Safepoint synchronization initiated using futex wait barrier. (49 threads)
[2025-04-30T08:33:29.111+0000][63.546s][info ][safepoint   ] Safepoint "CollectForMetadataAllocation", Time since last: 229013059 ns, Reaching safepoint: 88235 ns, Cleanup: 87707 ns, At safepoint: 35192 ns, Total: 211134 ns
[2025-04-30T08:33:29.206+0000][63.641s][debug][safepoint   ] Safepoint synchronization initiated using futex wait barrier. (49 threads)
[2025-04-30T08:33:29.206+0000][63.641s][info ][safepoint   ] Safepoint "CollectForMetadataAllocation", Time since last: 95165673 ns, Reaching safepoint: 148812 ns, Cleanup: 11909 ns, At safepoint: 44410 ns, Total: 205131 ns
[2025-04-30T08:33:29.218+0000][63.653s][info ][gc,marking  ] GC(46) Concurrent Mark From Roots 264.079ms
[2025-04-30T08:33:29.218+0000][63.653s][info ][gc,marking  ] GC(46) Concurrent Preclean
[2025-04-30T08:33:29.218+0000][63.653s][info ][gc,marking  ] GC(46) Concurrent Preclean 0.352ms
[2025-04-30T08:33:29.218+0000][63.653s][debug][safepoint   ] Safepoint synchronization initiated using futex wait barrier. (49 threads)
[2025-04-30T08:33:29.218+0000][63.654s][info ][gc,start    ] GC(46) Pause Remark
[2025-04-30T08:33:29.232+0000][63.667s][info ][gc          ] GC(46) Pause Remark 139M->139M(474M) 13.421ms
[2025-04-30T08:33:29.232+0000][63.667s][info ][gc,cpu      ] GC(46) User=0.04s Sys=0.00s Real=0.02s
[2025-04-30T08:33:29.234+0000][63.670s][info ][safepoint   ] Safepoint "G1PauseRemark", Time since last: 12143127 ns, Reaching safepoint: 90971 ns, Cleanup: 3455 ns, At safepoint: 16226435 ns, Total: 16320861 ns
[2025-04-30T08:33:29.236+0000][63.672s][info ][gc,marking  ] GC(46) Concurrent Mark 282.874ms
[2025-04-30T08:33:29.236+0000][63.672s][info ][gc,marking  ] GC(46) Concurrent Rebuild Remembered Sets
[2025-04-30T08:33:29.537+0000][63.973s][info ][gc,marking  ] GC(46) Concurrent Rebuild Remembered Sets 300.976ms
[2025-04-30T08:33:29.538+0000][63.973s][debug][safepoint   ] Safepoint synchronization initiated using futex wait barrier. (49 threads)
[2025-04-30T08:33:29.538+0000][63.973s][info ][gc,start    ] GC(46) Pause Cleanup
[2025-04-30T08:33:29.538+0000][63.974s][info ][gc          ] GC(46) Pause Cleanup 169M->169M(474M) 0.256ms
[2025-04-30T08:33:29.538+0000][63.974s][info ][gc,cpu      ] GC(46) User=0.00s Sys=0.00s Real=0.00s
[2025-04-30T08:33:29.543+0000][63.978s][info ][safepoint   ] Safepoint "G1PauseCleanup", Time since last: 303109082 ns, Reaching safepoint: 461802 ns, Cleanup: 22658 ns, At safepoint: 4581453 ns, Total: 5065913 ns
[2025-04-30T08:33:29.543+0000][63.978s][info ][gc,marking  ] GC(46) Concurrent Cleanup for Next Mark
[2025-04-30T08:33:29.550+0000][63.985s][info ][gc,marking  ] GC(46) Concurrent Cleanup for Next Mark 7.166ms
[2025-04-30T08:33:29.550+0000][63.985s][info ][gc          ] GC(46) Concurrent Mark Cycle 668.686ms
[2025-04-30T08:33:30.543+0000][64.978s][debug][safepoint   ] Safepoint synchronization initiated using futex wait barrier. (50 threads)
[2025-04-30T08:33:30.544+0000][64.980s][debug][safepoint   ] ... found polling page loop exception at pc = 0x00007b2ad980d0c4, stub =0x00007b2ad898e400
[2025-04-30T08:33:30.545+0000][64.980s][info ][safepoint   ] Safepoint "Cleanup", Time since last: 1000131422 ns, Reaching safepoint: 2132529 ns, Cleanup: 67359 ns, At safepoint: 61070 ns, Total: 2260958 ns
[2025-04-30T08:33:31.708+0000][66.143s][debug][safepoint   ] Safepoint synchronization initiated using futex wait barrier. (53 threads)
[2025-04-30T08:33:31.708+0000][66.143s][info ][safepoint   ] Safepoint "ICBufferFull", Time since last: 1162937546 ns, Reaching safepoint: 45340 ns, Cleanup: 111352 ns, At safepoint: 4318 ns, Total: 161010 ns
[2025-04-30T08:33:31.833+0000][66.268s][debug][safepoint   ] Safepoint synchronization initiated using futex wait barrier. (53 threads)
[2025-04-30T08:33:31.833+0000][66.269s][info ][gc,start    ] GC(47) Pause Young (Prepare Mixed) (G1 Evacuation Pause)
[2025-04-30T08:33:31.833+0000][66.269s][info ][gc,task     ] GC(47) Using 4 workers of 4 for evacuation
[2025-04-30T08:33:31.879+0000][66.314s][info ][gc,phases   ] GC(47)   Pre Evacuate Collection Set: 0.1ms
[2025-04-30T08:33:31.879+0000][66.314s][info ][gc,phases   ] GC(47)   Merge Heap Roots: 0.3ms
[2025-04-30T08:33:31.879+0000][66.314s][info ][gc,phases   ] GC(47)   Evacuate Collection Set: 41.6ms
[2025-04-30T08:33:31.879+0000][66.314s][info ][gc,phases   ] GC(47)   Post Evacuate Collection Set: 3.3ms
[2025-04-30T08:33:31.879+0000][66.314s][info ][gc,phases   ] GC(47)   Other: 0.1ms
[2025-04-30T08:33:31.879+0000][66.314s][info ][gc,heap     ] GC(47) Eden regions: 259->0(6)
[2025-04-30T08:33:31.879+0000][66.314s][info ][gc,heap     ] GC(47) Survivor regions: 25->17(36)
[2025-04-30T08:33:31.879+0000][66.314s][info ][gc,heap     ] GC(47) Old regions: 87->100
[2025-04-30T08:33:31.879+0000][66.314s][info ][gc,heap     ] GC(47) Archive regions: 2->2
[2025-04-30T08:33:31.879+0000][66.314s][info ][gc,heap     ] GC(47) Humongous regions: 0->0
[2025-04-30T08:33:31.879+0000][66.314s][info ][gc,metaspace] GC(47) Metaspace: 130237K(131200K)->130237K(131200K) NonClass: 113804K(114304K)->113804K(114304K) Class: 16433K(16896K)->16433K(16896K)
[2025-04-30T08:33:31.879+0000][66.314s][info ][gc          ] GC(47) Pause Young (Prepare Mixed) (G1 Evacuation Pause) 371M->116M(474M) 45.523ms
[2025-04-30T08:33:31.879+0000][66.314s][info ][gc,cpu      ] GC(47) User=0.12s Sys=0.00s Real=0.05s
[2025-04-30T08:33:31.879+0000][66.315s][info ][safepoint   ] Safepoint "G1CollectForAllocation", Time since last: 124988801 ns, Reaching safepoint: 38620 ns, Cleanup: 13749 ns, At safepoint: 46204605 ns, Total: 46256974 ns
[2025-04-30T08:33:31.921+0000][66.356s][debug][safepoint   ] Safepoint synchronization initiated using futex wait barrier. (53 threads)
[2025-04-30T08:33:31.921+0000][66.356s][info ][gc,start    ] GC(48) Pause Young (Mixed) (G1 Evacuation Pause)
[2025-04-30T08:33:31.921+0000][66.356s][info ][gc,task     ] GC(48) Using 4 workers of 4 for evacuation
[2025-04-30T08:33:31.964+0000][66.400s][info ][gc,phases   ] GC(48)   Pre Evacuate Collection Set: 0.2ms
[2025-04-30T08:33:31.964+0000][66.400s][info ][gc,phases   ] GC(48)   Merge Heap Roots: 0.4ms
[2025-04-30T08:33:31.964+0000][66.400s][info ][gc,phases   ] GC(48)   Evacuate Collection Set: 40.2ms
[2025-04-30T08:33:31.964+0000][66.400s][info ][gc,phases   ] GC(48)   Post Evacuate Collection Set: 2.5ms
[2025-04-30T08:33:31.964+0000][66.400s][info ][gc,phases   ] GC(48)   Other: 0.1ms
[2025-04-30T08:33:31.964+0000][66.400s][info ][gc,heap     ] GC(48) Eden regions: 6->0(282)
[2025-04-30T08:33:31.964+0000][66.400s][info ][gc,heap     ] GC(48) Survivor regions: 17->2(3)
[2025-04-30T08:33:31.964+0000][66.400s][info ][gc,heap     ] GC(48) Old regions: 100->115
[2025-04-30T08:33:31.964+0000][66.400s][info ][gc,heap     ] GC(48) Archive regions: 2->2
[2025-04-30T08:33:31.964+0000][66.400s][info ][gc,heap     ] GC(48) Humongous regions: 0->0
[2025-04-30T08:33:31.964+0000][66.400s][info ][gc,metaspace] GC(48) Metaspace: 130409K(131392K)->130409K(131392K) NonClass: 113950K(114432K)->113950K(114432K) Class: 16459K(16960K)->16459K(16960K)
[2025-04-30T08:33:31.964+0000][66.400s][info ][gc          ] GC(48) Pause Young (Mixed) (G1 Evacuation Pause) 122M->117M(474M) 43.503ms
[2025-04-30T08:33:31.964+0000][66.400s][info ][gc,cpu      ] GC(48) User=0.10s Sys=0.00s Real=0.04s
[2025-04-30T08:33:31.964+0000][66.400s][info ][safepoint   ] Safepoint "G1CollectForAllocation", Time since last: 41327943 ns, Reaching safepoint: 41240 ns, Cleanup: 9341 ns, At safepoint: 43741826 ns, Total: 43792407 ns
[2025-04-30T08:33:32.965+0000][67.400s][debug][safepoint   ] Safepoint synchronization initiated using futex wait barrier. (54 threads)
[2025-04-30T08:33:32.965+0000][67.400s][info ][safepoint   ] Safepoint "Cleanup", Time since last: 1000102398 ns, Reaching safepoint: 224782 ns, Cleanup: 45804 ns, At safepoint: 10648 ns, Total: 281234 ns
[2025-04-30T08:33:33.966+0000][68.402s][debug][safepoint   ] Safepoint synchronization initiated using futex wait barrier. (54 threads)
[2025-04-30T08:33:33.967+0000][68.402s][info ][safepoint   ] Safepoint "Cleanup", Time since last: 1001596107 ns, Reaching safepoint: 129093 ns, Cleanup: 54257 ns, At safepoint: 10941 ns, Total: 194291 ns
[2025-04-30T08:33:34.070+0000][68.506s][debug][safepoint   ] Safepoint synchronization initiated using futex wait barrier. (54 threads)
[2025-04-30T08:33:34.071+0000][68.506s][info ][gc,start    ] GC(49) Pause Young (Concurrent Start) (G1 Evacuation Pause)
[2025-04-30T08:33:34.071+0000][68.506s][info ][gc,task     ] GC(49) Using 4 workers of 4 for evacuation
[2025-04-30T08:33:34.094+0000][68.529s][info ][gc,phases   ] GC(49)   Pre Evacuate Collection Set: 0.2ms
[2025-04-30T08:33:34.094+0000][68.529s][info ][gc,phases   ] GC(49)   Merge Heap Roots: 0.2ms
[2025-04-30T08:33:34.094+0000][68.529s][info ][gc,phases   ] GC(49)   Evacuate Collection Set: 20.8ms
[2025-04-30T08:33:34.094+0000][68.529s][info ][gc,phases   ] GC(49)   Post Evacuate Collection Set: 1.9ms
[2025-04-30T08:33:34.094+0000][68.529s][info ][gc,phases   ] GC(49)   Other: 0.1ms
[2025-04-30T08:33:34.094+0000][68.529s][info ][gc,heap     ] GC(49) Eden regions: 282->0(277)
[2025-04-30T08:33:34.094+0000][68.529s][info ][gc,heap     ] GC(49) Survivor regions: 2->7(36)
[2025-04-30T08:33:34.094+0000][68.529s][info ][gc,heap     ] GC(49) Old regions: 115->115
[2025-04-30T08:33:34.094+0000][68.529s][info ][gc,heap     ] GC(49) Archive regions: 2->2
[2025-04-30T08:33:34.094+0000][68.529s][info ][gc,heap     ] GC(49) Humongous regions: 0->0
[2025-04-30T08:33:34.094+0000][68.529s][info ][gc,metaspace] GC(49) Metaspace: 136750K(137792K)->136750K(137792K) NonClass: 119665K(120192K)->119665K(120192K) Class: 17084K(17600K)->17084K(17600K)
[2025-04-30T08:33:34.094+0000][68.529s][info ][gc          ] GC(49) Pause Young (Concurrent Start) (G1 Evacuation Pause) 399M->121M(474M) 23.362ms
[2025-04-30T08:33:34.094+0000][68.529s][info ][gc,cpu      ] GC(49) User=0.07s Sys=0.00s Real=0.02s
[2025-04-30T08:33:34.094+0000][68.529s][info ][gc          ] GC(50) Concurrent Mark Cycle
[2025-04-30T08:33:34.094+0000][68.529s][info ][gc,marking  ] GC(50) Concurrent Clear Claimed Marks
[2025-04-30T08:33:34.094+0000][68.529s][info ][gc,marking  ] GC(50) Concurrent Clear Claimed Marks 0.106ms
[2025-04-30T08:33:34.094+0000][68.529s][info ][gc,marking  ] GC(50) Concurrent Scan Root Regions
[2025-04-30T08:33:34.094+0000][68.529s][info ][safepoint   ] Safepoint "G1CollectForAllocation", Time since last: 103801303 ns, Reaching safepoint: 60122 ns, Cleanup: 18600 ns, At safepoint: 23599493 ns, Total: 23678215 ns
[2025-04-30T08:33:34.121+0000][68.557s][info ][gc,marking  ] GC(50) Concurrent Scan Root Regions 27.374ms
[2025-04-30T08:33:34.122+0000][68.557s][info ][gc,marking  ] GC(50) Concurrent Mark
[2025-04-30T08:33:34.122+0000][68.557s][info ][gc,marking  ] GC(50) Concurrent Mark From Roots
[2025-04-30T08:33:34.122+0000][68.557s][info ][gc,task     ] GC(50) Using 1 workers of 1 for marking
[2025-04-30T08:33:34.641+0000][69.077s][info ][gc,marking  ] GC(50) Concurrent Mark From Roots 519.917ms
[2025-04-30T08:33:34.641+0000][69.077s][info ][gc,marking  ] GC(50) Concurrent Preclean
[2025-04-30T08:33:34.642+0000][69.077s][info ][gc,marking  ] GC(50) Concurrent Preclean 0.338ms
[2025-04-30T08:33:34.642+0000][69.077s][debug][safepoint   ] Safepoint synchronization initiated using futex wait barrier. (54 threads)
[2025-04-30T08:33:34.642+0000][69.077s][debug][safepoint   ] ... found polling page loop exception at pc = 0x00007b2ad9706f98, stub =0x00007b2ad898e400
[2025-04-30T08:33:34.642+0000][69.077s][info ][gc,start    ] GC(50) Pause Remark
[2025-04-30T08:33:34.659+0000][69.095s][info ][gc          ] GC(50) Pause Remark 166M->166M(474M) 17.282ms
[2025-04-30T08:33:34.659+0000][69.095s][info ][gc,cpu      ] GC(50) User=0.04s Sys=0.00s Real=0.02s
[2025-04-30T08:33:34.659+0000][69.095s][info ][safepoint   ] Safepoint "G1PauseRemark", Time since last: 547730557 ns, Reaching safepoint: 89699 ns, Cleanup: 78160 ns, At safepoint: 17376312 ns, Total: 17544171 ns
[2025-04-30T08:33:34.659+0000][69.095s][info ][gc,marking  ] GC(50) Concurrent Mark 537.928ms
[2025-04-30T08:33:34.659+0000][69.095s][info ][gc,marking  ] GC(50) Concurrent Rebuild Remembered Sets
[2025-04-30T08:33:34.912+0000][69.347s][info ][gc,marking  ] GC(50) Concurrent Rebuild Remembered Sets 252.064ms
[2025-04-30T08:33:34.914+0000][69.350s][debug][safepoint   ] Safepoint synchronization initiated using futex wait barrier. (55 threads)
[2025-04-30T08:33:34.915+0000][69.350s][info ][gc,start    ] GC(50) Pause Cleanup
[2025-04-30T08:33:34.915+0000][69.350s][info ][gc          ] GC(50) Pause Cleanup 203M->203M(474M) 0.203ms
[2025-04-30T08:33:34.915+0000][69.350s][info ][gc,cpu      ] GC(50) User=0.00s Sys=0.00s Real=0.00s
[2025-04-30T08:33:34.915+0000][69.350s][info ][safepoint   ] Safepoint "G1PauseCleanup", Time since last: 255045695 ns, Reaching safepoint: 127945 ns, Cleanup: 15142 ns, At safepoint: 255721 ns, Total: 398808 ns
[2025-04-30T08:33:34.915+0000][69.350s][info ][gc,marking  ] GC(50) Concurrent Cleanup for Next Mark
[2025-04-30T08:33:34.922+0000][69.357s][info ][gc,marking  ] GC(50) Concurrent Cleanup for Next Mark 7.175ms
[2025-04-30T08:33:34.922+0000][69.357s][info ][gc          ] GC(50) Concurrent Mark Cycle 828.150ms
[2025-04-30T08:33:35.915+0000][70.350s][debug][safepoint   ] Safepoint synchronization initiated using futex wait barrier. (58 threads)
[2025-04-30T08:33:35.915+0000][70.350s][info ][safepoint   ] Safepoint "Cleanup", Time since last: 1000085630 ns, Reaching safepoint: 115928 ns, Cleanup: 54447 ns, At safepoint: 8747 ns, Total: 179122 ns
[2025-04-30T08:33:36.227+0000][70.662s][debug][safepoint   ] Safepoint synchronization initiated using futex wait barrier. (58 threads)
[2025-04-30T08:33:36.227+0000][70.662s][info ][gc,start    ] GC(51) Pause Young (Prepare Mixed) (G1 Evacuation Pause)
[2025-04-30T08:33:36.227+0000][70.662s][info ][gc,task     ] GC(51) Using 4 workers of 4 for evacuation
[2025-04-30T08:33:36.262+0000][70.697s][info ][gc,phases   ] GC(51)   Pre Evacuate Collection Set: 0.1ms
[2025-04-30T08:33:36.262+0000][70.697s][info ][gc,phases   ] GC(51)   Merge Heap Roots: 0.6ms
[2025-04-30T08:33:36.262+0000][70.697s][info ][gc,phases   ] GC(51)   Evacuate Collection Set: 31.8ms
[2025-04-30T08:33:36.262+0000][70.697s][info ][gc,phases   ] GC(51)   Post Evacuate Collection Set: 2.1ms
[2025-04-30T08:33:36.262+0000][70.697s][info ][gc,phases   ] GC(51)   Other: 0.1ms
[2025-04-30T08:33:36.262+0000][70.697s][info ][gc,heap     ] GC(51) Eden regions: 277->0(7)
[2025-04-30T08:33:36.262+0000][70.697s][info ][gc,heap     ] GC(51) Survivor regions: 7->16(36)
[2025-04-30T08:33:36.262+0000][70.697s][info ][gc,heap     ] GC(51) Old regions: 115->115
[2025-04-30T08:33:36.262+0000][70.697s][info ][gc,heap     ] GC(51) Archive regions: 2->2
[2025-04-30T08:33:36.262+0000][70.697s][info ][gc,heap     ] GC(51) Humongous regions: 0->0
[2025-04-30T08:33:36.262+0000][70.697s][info ][gc,metaspace] GC(51) Metaspace: 141492K(142528K)->141492K(142528K) NonClass: 124179K(124736K)->124179K(124736K) Class: 17313K(17792K)->17313K(17792K)
[2025-04-30T08:33:36.262+0000][70.697s][info ][gc          ] GC(51) Pause Young (Prepare Mixed) (G1 Evacuation Pause) 398M->131M(474M) 34.788ms
[2025-04-30T08:33:36.262+0000][70.697s][info ][gc,cpu      ] GC(51) User=0.10s Sys=0.00s Real=0.04s
[2025-04-30T08:33:36.262+0000][70.698s][info ][safepoint   ] Safepoint "G1CollectForAllocation", Time since last: 311888146 ns, Reaching safepoint: 47996 ns, Cleanup: 17182 ns, At safepoint: 35415538 ns, Total: 35480716 ns
[2025-04-30T08:33:36.319+0000][70.754s][debug][safepoint   ] Safepoint synchronization initiated using futex wait barrier. (58 threads)
[2025-04-30T08:33:36.319+0000][70.754s][info ][gc,start    ] GC(52) Pause Young (Mixed) (G1 Evacuation Pause)
[2025-04-30T08:33:36.319+0000][70.754s][info ][gc,task     ] GC(52) Using 4 workers of 4 for evacuation
[2025-04-30T08:33:36.354+0000][70.790s][info ][gc,phases   ] GC(52)   Pre Evacuate Collection Set: 0.2ms
[2025-04-30T08:33:36.354+0000][70.790s][info ][gc,phases   ] GC(52)   Merge Heap Roots: 0.3ms
[2025-04-30T08:33:36.354+0000][70.790s][info ][gc,phases   ] GC(52)   Evacuate Collection Set: 32.7ms
[2025-04-30T08:33:36.354+0000][70.790s][info ][gc,phases   ] GC(52)   Post Evacuate Collection Set: 2.1ms
[2025-04-30T08:33:36.354+0000][70.790s][info ][gc,phases   ] GC(52)   Other: 0.1ms
[2025-04-30T08:33:36.354+0000][70.790s][info ][gc,heap     ] GC(52) Eden regions: 7->0(271)
[2025-04-30T08:33:36.354+0000][70.790s][info ][gc,heap     ] GC(52) Survivor regions: 16->2(3)
[2025-04-30T08:33:36.354+0000][70.790s][info ][gc,heap     ] GC(52) Old regions: 115->128
[2025-04-30T08:33:36.354+0000][70.790s][info ][gc,heap     ] GC(52) Archive regions: 2->2
[2025-04-30T08:33:36.354+0000][70.790s][info ][gc,heap     ] GC(52) Humongous regions: 0->0
[2025-04-30T08:33:36.354+0000][70.790s][info ][gc,metaspace] GC(52) Metaspace: 141722K(142784K)->141722K(142784K) NonClass: 124386K(124928K)->124386K(124928K) Class: 17336K(17856K)->17336K(17856K)
[2025-04-30T08:33:36.354+0000][70.790s][info ][gc          ] GC(52) Pause Young (Mixed) (G1 Evacuation Pause) 138M->130M(474M) 35.419ms
[2025-04-30T08:33:36.354+0000][70.790s][info ][gc,cpu      ] GC(52) User=0.09s Sys=0.00s Real=0.03s
[2025-04-30T08:33:36.355+0000][70.790s][info ][safepoint   ] Safepoint "G1CollectForAllocation", Time since last: 56503178 ns, Reaching safepoint: 44052 ns, Cleanup: 13532 ns, At safepoint: 35618349 ns, Total: 35675933 ns
[2025-04-30T08:33:37.450+0000][71.886s][info ][cds,heap    ] initialize_from_archived_subgraph jdk.internal.math.FDBigInteger 0x00007b2a6f14dd00
[2025-04-30T08:33:37.626+0000][72.062s][debug][safepoint   ] Safepoint synchronization initiated using futex wait barrier. (64 threads)
[2025-04-30T08:33:37.627+0000][72.062s][info ][safepoint   ] Safepoint "Cleanup", Time since last: 1271581554 ns, Reaching safepoint: 532790 ns, Cleanup: 58311 ns, At safepoint: 5179 ns, Total: 596280 ns
[2025-04-30T08:33:38.730+0000][73.166s][debug][safepoint   ] Safepoint synchronization initiated using futex wait barrier. (78 threads)
[2025-04-30T08:33:38.731+0000][73.166s][info ][gc,start    ] GC(53) Pause Young (Normal) (G1 Evacuation Pause)
[2025-04-30T08:33:38.731+0000][73.166s][info ][gc,task     ] GC(53) Using 4 workers of 4 for evacuation
[2025-04-30T08:33:38.748+0000][73.183s][info ][gc,phases   ] GC(53)   Pre Evacuate Collection Set: 0.1ms
[2025-04-30T08:33:38.748+0000][73.183s][info ][gc,phases   ] GC(53)   Merge Heap Roots: 0.2ms
[2025-04-30T08:33:38.748+0000][73.183s][info ][gc,phases   ] GC(53)   Evacuate Collection Set: 13.9ms
[2025-04-30T08:33:38.748+0000][73.183s][info ][gc,phases   ] GC(53)   Post Evacuate Collection Set: 2.8ms
[2025-04-30T08:33:38.748+0000][73.183s][info ][gc,phases   ] GC(53)   Other: 0.1ms
[2025-04-30T08:33:38.748+0000][73.183s][info ][gc,heap     ] GC(53) Eden regions: 271->0(269)
[2025-04-30T08:33:38.748+0000][73.183s][info ][gc,heap     ] GC(53) Survivor regions: 2->6(35)
[2025-04-30T08:33:38.748+0000][73.183s][info ][gc,heap     ] GC(53) Old regions: 128->128
[2025-04-30T08:33:38.748+0000][73.183s][info ][gc,heap     ] GC(53) Archive regions: 2->2
[2025-04-30T08:33:38.748+0000][73.183s][info ][gc,heap     ] GC(53) Humongous regions: 0->0
[2025-04-30T08:33:38.748+0000][73.183s][info ][gc,metaspace] GC(53) Metaspace: 150035K(151104K)->150035K(151104K) NonClass: 131722K(132288K)->131722K(132288K) Class: 18312K(18816K)->18312K(18816K)
[2025-04-30T08:33:38.748+0000][73.183s][info ][gc          ] GC(53) Pause Young (Normal) (G1 Evacuation Pause) 401M->134M(474M) 17.288ms
[2025-04-30T08:33:38.748+0000][73.183s][info ][gc,cpu      ] GC(53) User=0.05s Sys=0.00s Real=0.01s
[2025-04-30T08:33:38.748+0000][73.183s][info ][safepoint   ] Safepoint "G1CollectForAllocation", Time since last: 1103632354 ns, Reaching safepoint: 56702 ns, Cleanup: 87406 ns, At safepoint: 17365371 ns, Total: 17509479 ns
[2025-04-30T08:33:40.352+0000][74.787s][debug][safepoint   ] Safepoint synchronization initiated using futex wait barrier. (78 threads)
[2025-04-30T08:33:40.352+0000][74.787s][info ][safepoint   ] Safepoint "Cleanup", Time since last: 1603646315 ns, Reaching safepoint: 62242 ns, Cleanup: 167393 ns, At safepoint: 14464 ns, Total: 244099 ns
[2025-04-30T08:33:41.205+0000][75.640s][debug][safepoint   ] Safepoint synchronization initiated using futex wait barrier. (78 threads)
[2025-04-30T08:33:41.205+0000][75.640s][info ][gc,start    ] GC(54) Pause Young (Normal) (G1 Evacuation Pause)
[2025-04-30T08:33:41.205+0000][75.640s][info ][gc,task     ] GC(54) Using 4 workers of 4 for evacuation
[2025-04-30T08:33:41.241+0000][75.676s][info ][gc,phases   ] GC(54)   Pre Evacuate Collection Set: 0.6ms
[2025-04-30T08:33:41.241+0000][75.676s][info ][gc,phases   ] GC(54)   Merge Heap Roots: 0.4ms
[2025-04-30T08:33:41.241+0000][75.676s][info ][gc,phases   ] GC(54)   Evacuate Collection Set: 31.6ms
[2025-04-30T08:33:41.241+0000][75.676s][info ][gc,phases   ] GC(54)   Post Evacuate Collection Set: 3.5ms
[2025-04-30T08:33:41.241+0000][75.676s][info ][gc,phases   ] GC(54)   Other: 0.1ms
[2025-04-30T08:33:41.241+0000][75.676s][info ][gc,heap     ] GC(54) Eden regions: 269->0(260)
[2025-04-30T08:33:41.241+0000][75.676s][info ][gc,heap     ] GC(54) Survivor regions: 6->14(35)
[2025-04-30T08:33:41.241+0000][75.676s][info ][gc,heap     ] GC(54) Old regions: 128->128
[2025-04-30T08:33:41.241+0000][75.676s][info ][gc,heap     ] GC(54) Archive regions: 2->2
[2025-04-30T08:33:41.241+0000][75.676s][info ][gc,heap     ] GC(54) Humongous regions: 0->0
[2025-04-30T08:33:41.241+0000][75.676s][info ][gc,metaspace] GC(54) Metaspace: 152710K(153728K)->152710K(153728K) NonClass: 133992K(134528K)->133992K(134528K) Class: 18717K(19200K)->18717K(19200K)
[2025-04-30T08:33:41.241+0000][75.677s][info ][gc          ] GC(54) Pause Young (Normal) (G1 Evacuation Pause) 403M->142M(474M) 36.329ms
[2025-04-30T08:33:41.241+0000][75.677s][info ][gc,cpu      ] GC(54) User=0.08s Sys=0.00s Real=0.04s
[2025-04-30T08:33:41.242+0000][75.677s][info ][safepoint   ] Safepoint "G1CollectForAllocation", Time since last: 852715024 ns, Reaching safepoint: 135841 ns, Cleanup: 73589 ns, At safepoint: 37261729 ns, Total: 37471159 ns
[2025-04-30T08:33:42.242+0000][76.678s][debug][safepoint   ] Safepoint synchronization initiated using futex wait barrier. (78 threads)
[2025-04-30T08:33:42.242+0000][76.678s][info ][safepoint   ] Safepoint "Cleanup", Time since last: 1000135200 ns, Reaching safepoint: 45629 ns, Cleanup: 74885 ns, At safepoint: 7377 ns, Total: 127891 ns
[2025-04-30T08:33:43.412+0000][77.848s][debug][safepoint   ] Safepoint synchronization initiated using futex wait barrier. (78 threads)
[2025-04-30T08:33:43.413+0000][77.848s][info ][gc,start    ] GC(55) Pause Young (Normal) (G1 Evacuation Pause)
[2025-04-30T08:33:43.413+0000][77.848s][info ][gc,task     ] GC(55) Using 4 workers of 4 for evacuation
[2025-04-30T08:33:43.493+0000][77.928s][info ][gc,phases   ] GC(55)   Pre Evacuate Collection Set: 0.2ms
[2025-04-30T08:33:43.493+0000][77.928s][info ][gc,phases   ] GC(55)   Merge Heap Roots: 0.4ms
[2025-04-30T08:33:43.493+0000][77.928s][info ][gc,phases   ] GC(55)   Evacuate Collection Set: 73.0ms
[2025-04-30T08:33:43.493+0000][77.928s][info ][gc,phases   ] GC(55)   Post Evacuate Collection Set: 6.5ms
[2025-04-30T08:33:43.493+0000][77.928s][info ][gc,phases   ] GC(55)   Other: 0.2ms
[2025-04-30T08:33:43.493+0000][77.928s][info ][gc,heap     ] GC(55) Eden regions: 260->0(255)
[2025-04-30T08:33:43.493+0000][77.928s][info ][gc,heap     ] GC(55) Survivor regions: 14->20(35)
[2025-04-30T08:33:43.493+0000][77.928s][info ][gc,heap     ] GC(55) Old regions: 128->128
[2025-04-30T08:33:43.493+0000][77.928s][info ][gc,heap     ] GC(55) Archive regions: 2->2
[2025-04-30T08:33:43.493+0000][77.928s][info ][gc,heap     ] GC(55) Humongous regions: 0->0
[2025-04-30T08:33:43.493+0000][77.928s][info ][gc,metaspace] GC(55) Metaspace: 156180K(157312K)->156180K(157312K) NonClass: 136993K(137600K)->136993K(137600K) Class: 19187K(19712K)->19187K(19712K)
[2025-04-30T08:33:43.493+0000][77.928s][info ][gc          ] GC(55) Pause Young (Normal) (G1 Evacuation Pause) 402M->147M(474M) 80.426ms
[2025-04-30T08:33:43.493+0000][77.928s][info ][gc,cpu      ] GC(55) User=0.11s Sys=0.00s Real=0.08s
[2025-04-30T08:33:43.497+0000][77.932s][info ][safepoint   ] Safepoint "G1CollectForAllocation", Time since last: 1170040374 ns, Reaching safepoint: 53798 ns, Cleanup: 157890 ns, At safepoint: 84132284 ns, Total: 84343972 ns
[2025-04-30T08:33:44.497+0000][78.932s][debug][safepoint   ] Safepoint synchronization initiated using futex wait barrier. (82 threads)
[2025-04-30T08:33:44.497+0000][78.932s][info ][safepoint   ] Safepoint "Cleanup", Time since last: 1000176149 ns, Reaching safepoint: 41192 ns, Cleanup: 36462 ns, At safepoint: 4007 ns, Total: 81661 ns
[2025-04-30T08:33:45.291+0000][79.727s][debug][safepoint   ] ... found polling page loop exception at pc = 0x00007b2ad8fe9d6c, stub =0x00007b2ad898e400
[2025-04-30T08:33:45.520+0000][79.955s][debug][safepoint   ] Safepoint synchronization initiated using futex wait barrier. (84 threads)
[2025-04-30T08:33:45.520+0000][79.955s][debug][safepoint   ] ... found polling page loop exception at pc = 0x00007b2ad945fcff, stub =0x00007b2ad898e400
[2025-04-30T08:33:45.522+0000][79.957s][info ][safepoint   ] Safepoint "Cleanup", Time since last: 1022730576 ns, Reaching safepoint: 1758529 ns, Cleanup: 81791 ns, At safepoint: 28706 ns, Total: 1869026 ns
[2025-04-30T08:33:45.924+0000][80.359s][debug][safepoint   ] Safepoint synchronization initiated using futex wait barrier. (116 threads)
[2025-04-30T08:33:45.924+0000][80.360s][info ][gc,start    ] GC(56) Pause Young (Normal) (G1 Evacuation Pause)
[2025-04-30T08:33:45.924+0000][80.360s][info ][gc,task     ] GC(56) Using 4 workers of 4 for evacuation
[2025-04-30T08:33:46.029+0000][80.465s][info ][gc,phases   ] GC(56)   Pre Evacuate Collection Set: 0.3ms
[2025-04-30T08:33:46.029+0000][80.465s][info ][gc,phases   ] GC(56)   Merge Heap Roots: 0.7ms
[2025-04-30T08:33:46.029+0000][80.465s][info ][gc,phases   ] GC(56)   Evacuate Collection Set: 98.6ms
[2025-04-30T08:33:46.029+0000][80.465s][info ][gc,phases   ] GC(56)   Post Evacuate Collection Set: 5.4ms
[2025-04-30T08:33:46.029+0000][80.465s][info ][gc,phases   ] GC(56)   Other: 0.2ms
[2025-04-30T08:33:46.029+0000][80.465s][info ][gc,heap     ] GC(56) Eden regions: 255->0(251)
[2025-04-30T08:33:46.029+0000][80.465s][info ][gc,heap     ] GC(56) Survivor regions: 20->20(35)
[2025-04-30T08:33:46.029+0000][80.465s][info ][gc,heap     ] GC(56) Old regions: 128->133
[2025-04-30T08:33:46.029+0000][80.465s][info ][gc,heap     ] GC(56) Archive regions: 2->2
[2025-04-30T08:33:46.029+0000][80.465s][info ][gc,heap     ] GC(56) Humongous regions: 0->0
[2025-04-30T08:33:46.029+0000][80.465s][info ][gc,metaspace] GC(56) Metaspace: 160951K(162112K)->160951K(162112K) NonClass: 141017K(141632K)->141017K(141632K) Class: 19933K(20480K)->19933K(20480K)
[2025-04-30T08:33:46.029+0000][80.465s][info ][gc          ] GC(56) Pause Young (Normal) (G1 Evacuation Pause) 402M->152M(474M) 105.205ms
[2025-04-30T08:33:46.029+0000][80.465s][info ][gc,cpu      ] GC(56) User=0.18s Sys=0.00s Real=0.11s
[2025-04-30T08:33:46.033+0000][80.469s][info ][safepoint   ] Safepoint "G1CollectForAllocation", Time since last: 401666374 ns, Reaching safepoint: 851609 ns, Cleanup: 76226 ns, At safepoint: 109290702 ns, Total: 110218537 ns
[2025-04-30T08:33:47.034+0000][81.469s][debug][safepoint   ] Safepoint synchronization initiated using futex wait barrier. (116 threads)
[2025-04-30T08:33:47.034+0000][81.469s][debug][safepoint   ] ... found polling page loop exception at pc = 0x00007b2ad8fdacd8, stub =0x00007b2ad898e400
[2025-04-30T08:33:47.034+0000][81.469s][info ][safepoint   ] Safepoint "Cleanup", Time since last: 1000120412 ns, Reaching safepoint: 125085 ns, Cleanup: 96614 ns, At safepoint: 21908 ns, Total: 243607 ns
[2025-04-30T08:33:48.034+0000][82.469s][debug][safepoint   ] Safepoint synchronization initiated using futex wait barrier. (118 threads)
[2025-04-30T08:33:48.037+0000][82.472s][info ][safepoint   ] Safepoint "Cleanup", Time since last: 1000142529 ns, Reaching safepoint: 194323 ns, Cleanup: 44596 ns, At safepoint: 2530815 ns, Total: 2769734 ns
[2025-04-30T08:33:48.994+0000][83.430s][debug][safepoint   ] Safepoint synchronization initiated using futex wait barrier. (198 threads)
[2025-04-30T08:33:48.995+0000][83.430s][info ][gc,start    ] GC(57) Pause Young (Normal) (G1 Evacuation Pause)
[2025-04-30T08:33:48.995+0000][83.430s][info ][gc,task     ] GC(57) Using 4 workers of 4 for evacuation
[2025-04-30T08:33:49.044+0000][83.479s][info ][gc,phases   ] GC(57)   Pre Evacuate Collection Set: 0.7ms
[2025-04-30T08:33:49.044+0000][83.479s][info ][gc,phases   ] GC(57)   Merge Heap Roots: 0.5ms
[2025-04-30T08:33:49.044+0000][83.479s][info ][gc,phases   ] GC(57)   Evacuate Collection Set: 45.4ms
[2025-04-30T08:33:49.044+0000][83.479s][info ][gc,phases   ] GC(57)   Post Evacuate Collection Set: 2.5ms
[2025-04-30T08:33:49.044+0000][83.479s][info ][gc,phases   ] GC(57)   Other: 0.2ms
[2025-04-30T08:33:49.044+0000][83.479s][info ][gc,heap     ] GC(57) Eden regions: 251->0(247)
[2025-04-30T08:33:49.044+0000][83.479s][info ][gc,heap     ] GC(57) Survivor regions: 20->17(34)
[2025-04-30T08:33:49.044+0000][83.479s][info ][gc,heap     ] GC(57) Old regions: 133->140
[2025-04-30T08:33:49.044+0000][83.479s][info ][gc,heap     ] GC(57) Archive regions: 2->2
[2025-04-30T08:33:49.044+0000][83.479s][info ][gc,heap     ] GC(57) Humongous regions: 0->0
[2025-04-30T08:33:49.044+0000][83.479s][info ][gc,metaspace] GC(57) Metaspace: 166403K(167616K)->166403K(167616K) NonClass: 145812K(146432K)->145812K(146432K) Class: 20591K(21184K)->20591K(21184K)
[2025-04-30T08:33:49.044+0000][83.479s][info ][gc          ] GC(57) Pause Young (Normal) (G1 Evacuation Pause) 403M->157M(474M) 49.272ms
[2025-04-30T08:33:49.044+0000][83.479s][info ][gc,cpu      ] GC(57) User=0.13s Sys=0.01s Real=0.05s
[2025-04-30T08:33:49.048+0000][83.483s][info ][safepoint   ] Safepoint "G1CollectForAllocation", Time since last: 957604708 ns, Reaching safepoint: 262314 ns, Cleanup: 120028 ns, At safepoint: 53053664 ns, Total: 53436006 ns
[2025-04-30T08:33:49.825+0000][84.260s][debug][safepoint   ] Safepoint synchronization initiated using futex wait barrier. (203 threads)
[2025-04-30T08:33:49.829+0000][84.265s][info ][safepoint   ] Safepoint "ICBufferFull", Time since last: 776833624 ns, Reaching safepoint: 145518 ns, Cleanup: 144585 ns, At safepoint: 4553425 ns, Total: 4843528 ns
[2025-04-30T08:33:50.832+0000][85.267s][debug][safepoint   ] Safepoint synchronization initiated using futex wait barrier. (205 threads)
[2025-04-30T08:33:50.855+0000][85.290s][info ][safepoint   ] Safepoint "Cleanup", Time since last: 1002368644 ns, Reaching safepoint: 1099168 ns, Cleanup: 151230 ns, At safepoint: 21579775 ns, Total: 22830173 ns
[2025-04-30T08:33:51.261+0000][85.697s][debug][safepoint   ] Safepoint synchronization initiated using futex wait barrier. (218 threads)
[2025-04-30T08:33:51.262+0000][85.697s][info ][gc,start    ] GC(58) Pause Young (Normal) (G1 Evacuation Pause)
[2025-04-30T08:33:51.262+0000][85.697s][info ][gc,task     ] GC(58) Using 4 workers of 4 for evacuation
[2025-04-30T08:33:51.328+0000][85.763s][info ][gc,phases   ] GC(58)   Pre Evacuate Collection Set: 0.2ms
[2025-04-30T08:33:51.328+0000][85.763s][info ][gc,phases   ] GC(58)   Merge Heap Roots: 0.3ms
[2025-04-30T08:33:51.328+0000][85.763s][info ][gc,phases   ] GC(58)   Evacuate Collection Set: 59.7ms
[2025-04-30T08:33:51.328+0000][85.763s][info ][gc,phases   ] GC(58)   Post Evacuate Collection Set: 6.0ms
[2025-04-30T08:33:51.328+0000][85.763s][info ][gc,phases   ] GC(58)   Other: 0.2ms
[2025-04-30T08:33:51.328+0000][85.763s][info ][gc,heap     ] GC(58) Eden regions: 247->0(232)
[2025-04-30T08:33:51.328+0000][85.763s][info ][gc,heap     ] GC(58) Survivor regions: 17->26(33)
[2025-04-30T08:33:51.328+0000][85.763s][info ][gc,heap     ] GC(58) Old regions: 140->140
[2025-04-30T08:33:51.328+0000][85.763s][info ][gc,heap     ] GC(58) Archive regions: 2->2
[2025-04-30T08:33:51.328+0000][85.763s][info ][gc,heap     ] GC(58) Humongous regions: 0->0
[2025-04-30T08:33:51.328+0000][85.763s][info ][gc,metaspace] GC(58) Metaspace: 172066K(173376K)->172066K(173376K) NonClass: 150859K(151552K)->150859K(151552K) Class: 21206K(21824K)->21206K(21824K)
[2025-04-30T08:33:51.328+0000][85.763s][info ][gc          ] GC(58) Pause Young (Normal) (G1 Evacuation Pause) 404M->166M(474M) 66.376ms
[2025-04-30T08:33:51.328+0000][85.763s][info ][gc,cpu      ] GC(58) User=0.16s Sys=0.00s Real=0.06s
[2025-04-30T08:33:51.329+0000][85.764s][info ][safepoint   ] Safepoint "G1CollectForAllocation", Time since last: 406625810 ns, Reaching safepoint: 150060 ns, Cleanup: 110141 ns, At safepoint: 67020973 ns, Total: 67281174 ns
[2025-04-30T08:33:51.916+0000][86.351s][debug][safepoint   ] ... found polling page loop exception at pc = 0x00007b2ad2c05811, stub =0x00007b2ad898e400
[2025-04-30T08:33:52.147+0000][86.582s][debug][safepoint   ] ... found polling page loop exception at pc = 0x00007b2ad90827a6, stub =0x00007b2ad898e400
[2025-04-30T08:33:52.482+0000][86.917s][debug][safepoint   ] ... found polling page loop exception at pc = 0x00007b2ad90827a6, stub =0x00007b2ad898e400
[2025-04-30T08:33:52.487+0000][86.923s][debug][safepoint   ] Safepoint synchronization initiated using futex wait barrier. (222 threads)
[2025-04-30T08:33:52.487+0000][86.923s][debug][safepoint   ] ... found polling page loop exception at pc = 0x00007b2ad9600a3b, stub =0x00007b2ad898e400
[2025-04-30T08:33:52.488+0000][86.923s][info ][safepoint   ] Safepoint "Cleanup", Time since last: 1158839905 ns, Reaching safepoint: 281879 ns, Cleanup: 138624 ns, At safepoint: 37301 ns, Total: 457804 ns
[2025-04-30T08:33:53.598+0000][88.033s][debug][safepoint   ] Safepoint synchronization initiated using futex wait barrier. (223 threads)
[2025-04-30T08:33:53.602+0000][88.038s][info ][safepoint   ] Safepoint "Cleanup", Time since last: 1109711761 ns, Reaching safepoint: 124253 ns, Cleanup: 53792 ns, At safepoint: 4742651 ns, Total: 4920696 ns
[2025-04-30T08:33:53.795+0000][88.230s][debug][safepoint   ] ... found polling page loop exception at pc = 0x00007b2ad91bf4be, stub =0x00007b2ad898e400
[2025-04-30T08:33:54.314+0000][88.750s][debug][safepoint   ] Safepoint synchronization initiated using futex wait barrier. (224 threads)
[2025-04-30T08:33:54.317+0000][88.752s][info ][gc,start    ] GC(59) Pause Young (Normal) (G1 Evacuation Pause)
[2025-04-30T08:33:54.317+0000][88.752s][info ][gc,task     ] GC(59) Using 4 workers of 4 for evacuation
[2025-04-30T08:33:54.382+0000][88.817s][info ][gc,phases   ] GC(59)   Pre Evacuate Collection Set: 0.3ms
[2025-04-30T08:33:54.382+0000][88.817s][info ][gc,phases   ] GC(59)   Merge Heap Roots: 0.3ms
[2025-04-30T08:33:54.382+0000][88.817s][info ][gc,phases   ] GC(59)   Evacuate Collection Set: 57.2ms
[2025-04-30T08:33:54.382+0000][88.817s][info ][gc,phases   ] GC(59)   Post Evacuate Collection Set: 6.7ms
[2025-04-30T08:33:54.382+0000][88.817s][info ][gc,phases   ] GC(59)   Other: 0.3ms
[2025-04-30T08:33:54.382+0000][88.817s][info ][gc,heap     ] GC(59) Eden regions: 232->0(232)
[2025-04-30T08:33:54.382+0000][88.817s][info ][gc,heap     ] GC(59) Survivor regions: 26->20(33)
[2025-04-30T08:33:54.382+0000][88.817s][info ][gc,heap     ] GC(59) Old regions: 140->151
[2025-04-30T08:33:54.382+0000][88.817s][info ][gc,heap     ] GC(59) Archive regions: 2->2
[2025-04-30T08:33:54.382+0000][88.817s][info ][gc,heap     ] GC(59) Humongous regions: 6->0
[2025-04-30T08:33:54.382+0000][88.817s][info ][gc,metaspace] GC(59) Metaspace: 179788K(181056K)->179788K(181056K) NonClass: 157675K(158336K)->157675K(158336K) Class: 22112K(22720K)->22112K(22720K)
[2025-04-30T08:33:54.382+0000][88.817s][info ][gc          ] GC(59) Pause Young (Normal) (G1 Evacuation Pause) 404M->170M(474M) 64.970ms
[2025-04-30T08:33:54.382+0000][88.817s][info ][gc,cpu      ] GC(59) User=0.14s Sys=0.01s Real=0.07s
[2025-04-30T08:33:54.382+0000][88.818s][info ][safepoint   ] Safepoint "G1CollectForAllocation", Time since last: 711908273 ns, Reaching safepoint: 2379399 ns, Cleanup: 59226 ns, At safepoint: 65439648 ns, Total: 67878273 ns
[2025-04-30T08:33:55.382+0000][89.818s][debug][safepoint   ] Safepoint synchronization initiated using futex wait barrier. (226 threads)
[2025-04-30T08:33:55.382+0000][89.818s][debug][safepoint   ] ... found polling page loop exception at pc = 0x00007b2ad98892d7, stub =0x00007b2ad898e400
[2025-04-30T08:33:55.386+0000][89.821s][info ][safepoint   ] Safepoint "Cleanup", Time since last: 1000098500 ns, Reaching safepoint: 176950 ns, Cleanup: 184074 ns, At safepoint: 3238202 ns, Total: 3599226 ns
[2025-04-30T08:33:56.386+0000][90.821s][debug][safepoint   ] Safepoint synchronization initiated using futex wait barrier. (225 threads)
[2025-04-30T08:33:56.386+0000][90.822s][debug][safepoint   ] ... found polling page loop exception at pc = 0x00007b2ad8fdacd8, stub =0x00007b2ad898e400
[2025-04-30T08:33:56.386+0000][90.822s][info ][safepoint   ] Safepoint "Cleanup", Time since last: 1000181245 ns, Reaching safepoint: 158755 ns, Cleanup: 66617 ns, At safepoint: 25804 ns, Total: 251176 ns
[2025-04-30T08:33:57.399+0000][91.834s][debug][safepoint   ] Safepoint synchronization initiated using futex wait barrier. (225 threads)
[2025-04-30T08:33:57.399+0000][91.834s][info ][safepoint   ] Safepoint "ICBufferFull", Time since last: 1012478663 ns, Reaching safepoint: 78848 ns, Cleanup: 128673 ns, At safepoint: 14125 ns, Total: 221646 ns
[2025-04-30T08:33:58.415+0000][92.851s][debug][safepoint   ] Safepoint synchronization initiated using futex wait barrier. (226 threads)
[2025-04-30T08:33:58.416+0000][92.851s][info ][safepoint   ] Safepoint "Cleanup", Time since last: 1016368643 ns, Reaching safepoint: 66139 ns, Cleanup: 32978 ns, At safepoint: 5011 ns, Total: 104128 ns
[2025-04-30T08:33:59.497+0000][93.932s][debug][safepoint   ] Safepoint synchronization initiated using futex wait barrier. (225 threads)
[2025-04-30T08:33:59.497+0000][93.932s][info ][safepoint   ] Safepoint "Cleanup", Time since last: 1081169671 ns, Reaching safepoint: 117307 ns, Cleanup: 134070 ns, At safepoint: 20471 ns, Total: 271848 ns
[2025-04-30T08:34:00.516+0000][94.951s][debug][safepoint   ] Safepoint synchronization initiated using futex wait barrier. (226 threads)
[2025-04-30T08:34:00.516+0000][94.952s][info ][safepoint   ] Safepoint "Cleanup", Time since last: 1019048807 ns, Reaching safepoint: 78499 ns, Cleanup: 120572 ns, At safepoint: 68818 ns, Total: 267889 ns
[2025-04-30T08:34:01.516+0000][95.952s][debug][safepoint   ] Safepoint synchronization initiated using futex wait barrier. (226 threads)
[2025-04-30T08:34:01.518+0000][95.953s][info ][safepoint   ] Safepoint "Cleanup", Time since last: 1000114450 ns, Reaching safepoint: 79166 ns, Cleanup: 87095 ns, At safepoint: 1080393 ns, Total: 1246654 ns
[2025-04-30T08:34:01.916+0000][96.351s][debug][safepoint   ] Safepoint synchronization initiated using futex wait barrier. (226 threads)
[2025-04-30T08:34:01.916+0000][96.352s][debug][safepoint   ] ... found polling page loop exception at pc = 0x00007b2ad90a3b85, stub =0x00007b2ad898e400
[2025-04-30T08:34:01.918+0000][96.354s][info ][gc,start    ] GC(60) Pause Young (Normal) (G1 Evacuation Pause)
[2025-04-30T08:34:01.918+0000][96.354s][info ][gc,task     ] GC(60) Using 4 workers of 4 for evacuation
[2025-04-30T08:34:01.992+0000][96.427s][info ][gc,phases   ] GC(60)   Pre Evacuate Collection Set: 1.1ms
[2025-04-30T08:34:01.992+0000][96.427s][info ][gc,phases   ] GC(60)   Merge Heap Roots: 1.0ms
[2025-04-30T08:34:01.992+0000][96.427s][info ][gc,phases   ] GC(60)   Evacuate Collection Set: 67.3ms
[2025-04-30T08:34:01.992+0000][96.427s][info ][gc,phases   ] GC(60)   Post Evacuate Collection Set: 4.1ms
[2025-04-30T08:34:01.992+0000][96.427s][info ][gc,phases   ] GC(60)   Other: 0.2ms
[2025-04-30T08:34:01.992+0000][96.428s][info ][gc,heap     ] GC(60) Eden regions: 232->0(226)
[2025-04-30T08:34:01.992+0000][96.428s][info ][gc,heap     ] GC(60) Survivor regions: 20->20(32)
[2025-04-30T08:34:01.992+0000][96.428s][info ][gc,heap     ] GC(60) Old regions: 151->157
[2025-04-30T08:34:01.992+0000][96.428s][info ][gc,heap     ] GC(60) Archive regions: 2->2
[2025-04-30T08:34:01.992+0000][96.428s][info ][gc,heap     ] GC(60) Humongous regions: 17->0
[2025-04-30T08:34:01.992+0000][96.428s][info ][gc,metaspace] GC(60) Metaspace: 182085K(183360K)->182085K(183360K) NonClass: 159742K(160384K)->159742K(160384K) Class: 22342K(22976K)->22342K(22976K)
[2025-04-30T08:34:01.992+0000][96.428s][info ][gc          ] GC(60) Pause Young (Normal) (G1 Evacuation Pause) 419M->176M(474M) 73.943ms
[2025-04-30T08:34:01.992+0000][96.428s][info ][gc,cpu      ] GC(60) User=0.15s Sys=0.00s Real=0.08s
[2025-04-30T08:34:01.996+0000][96.432s][info ][safepoint   ] Safepoint "G1CollectForAllocation", Time since last: 398293447 ns, Reaching safepoint: 2215371 ns, Cleanup: 48737 ns, At safepoint: 78112126 ns, Total: 80376234 ns
[2025-04-30T08:34:02.989+0000][97.425s][debug][safepoint   ] Safepoint synchronization initiated using futex wait barrier. (226 threads)
[2025-04-30T08:34:02.990+0000][97.425s][info ][safepoint   ] Safepoint "ICBufferFull", Time since last: 992811030 ns, Reaching safepoint: 64215 ns, Cleanup: 316582 ns, At safepoint: 481684 ns, Total: 862481 ns
[2025-04-30T08:34:03.990+0000][98.426s][debug][safepoint   ] Safepoint synchronization initiated using futex wait barrier. (226 threads)
[2025-04-30T08:34:03.992+0000][98.428s][info ][safepoint   ] Safepoint "Cleanup", Time since last: 1000253748 ns, Reaching safepoint: 1015937 ns, Cleanup: 100109 ns, At safepoint: 949906 ns, Total: 2065952 ns
[2025-04-30T08:34:04.993+0000][99.428s][debug][safepoint   ] Safepoint synchronization initiated using futex wait barrier. (227 threads)
[2025-04-30T08:34:04.998+0000][99.434s][info ][safepoint   ] Safepoint "Cleanup", Time since last: 1000323665 ns, Reaching safepoint: 1036018 ns, Cleanup: 902398 ns, At safepoint: 3712191 ns, Total: 5650607 ns
[2025-04-30T08:34:05.670+0000][100.105s][debug][safepoint   ] Safepoint synchronization initiated using futex wait barrier. (227 threads)
[2025-04-30T08:34:05.670+0000][100.105s][info ][gc,start    ] GC(61) Pause Young (Normal) (G1 Evacuation Pause)
[2025-04-30T08:34:05.670+0000][100.105s][info ][gc,task     ] GC(61) Using 4 workers of 4 for evacuation
[2025-04-30T08:34:05.748+0000][100.183s][info ][gc,phases   ] GC(61)   Pre Evacuate Collection Set: 0.6ms
[2025-04-30T08:34:05.748+0000][100.183s][info ][gc,phases   ] GC(61)   Merge Heap Roots: 0.5ms
[2025-04-30T08:34:05.748+0000][100.183s][info ][gc,phases   ] GC(61)   Evacuate Collection Set: 72.3ms
[2025-04-30T08:34:05.748+0000][100.183s][info ][gc,phases   ] GC(61)   Post Evacuate Collection Set: 4.4ms
[2025-04-30T08:34:05.748+0000][100.183s][info ][gc,phases   ] GC(61)   Other: 0.2ms
[2025-04-30T08:34:05.748+0000][100.183s][info ][gc,heap     ] GC(61) Eden regions: 226->0(220)
[2025-04-30T08:34:05.748+0000][100.183s][info ][gc,heap     ] GC(61) Survivor regions: 20->18(31)
[2025-04-30T08:34:05.748+0000][100.183s][info ][gc,heap     ] GC(61) Old regions: 157->165
[2025-04-30T08:34:05.748+0000][100.183s][info ][gc,heap     ] GC(61) Archive regions: 2->2
[2025-04-30T08:34:05.748+0000][100.183s][info ][gc,heap     ] GC(61) Humongous regions: 9->0
[2025-04-30T08:34:05.748+0000][100.183s][info ][gc,metaspace] GC(61) Metaspace: 184321K(185664K)->184321K(185664K) NonClass: 161752K(162432K)->161752K(162432K) Class: 22569K(23232K)->22569K(23232K)
[2025-04-30T08:34:05.748+0000][100.184s][info ][gc          ] GC(61) Pause Young (Normal) (G1 Evacuation Pause) 411M->183M(474M) 78.211ms
[2025-04-30T08:34:05.748+0000][100.184s][info ][gc,cpu      ] GC(61) User=0.13s Sys=0.00s Real=0.07s
[2025-04-30T08:34:05.749+0000][100.184s][info ][safepoint   ] Safepoint "G1CollectForAllocation", Time since last: 671458747 ns, Reaching safepoint: 72982 ns, Cleanup: 80367 ns, At safepoint: 79179161 ns, Total: 79332510 ns
[2025-04-30T08:34:06.749+0000][101.185s][debug][safepoint   ] Safepoint synchronization initiated using futex wait barrier. (231 threads)
[2025-04-30T08:34:06.750+0000][101.185s][info ][safepoint   ] Safepoint "Cleanup", Time since last: 1000171179 ns, Reaching safepoint: 80322 ns, Cleanup: 161541 ns, At safepoint: 13459 ns, Total: 255322 ns
[2025-04-30T08:34:07.750+0000][102.185s][debug][safepoint   ] Safepoint synchronization initiated using futex wait barrier. (232 threads)
[2025-04-30T08:34:07.750+0000][102.185s][info ][safepoint   ] Safepoint "Cleanup", Time since last: 1000094895 ns, Reaching safepoint: 49208 ns, Cleanup: 55042 ns, At safepoint: 3802 ns, Total: 108052 ns
[2025-04-30T08:34:08.750+0000][103.185s][debug][safepoint   ] Safepoint synchronization initiated using futex wait barrier. (232 threads)
[2025-04-30T08:34:08.750+0000][103.185s][info ][safepoint   ] Safepoint "Cleanup", Time since last: 1000130843 ns, Reaching safepoint: 57301 ns, Cleanup: 28127 ns, At safepoint: 3317 ns, Total: 88745 ns
[2025-04-30T08:34:09.812+0000][104.248s][debug][safepoint   ] Safepoint synchronization initiated using futex wait barrier. (232 threads)
[2025-04-30T08:34:09.814+0000][104.249s][info ][safepoint   ] Safepoint "Cleanup", Time since last: 1062367291 ns, Reaching safepoint: 74849 ns, Cleanup: 166489 ns, At safepoint: 994234 ns, Total: 1235572 ns
[2025-04-30T08:34:10.832+0000][105.267s][debug][safepoint   ] Safepoint synchronization initiated using futex wait barrier. (241 threads)
[2025-04-30T08:34:10.852+0000][105.288s][info ][safepoint   ] Safepoint "Cleanup", Time since last: 1013065745 ns, Reaching safepoint: 7810020 ns, Cleanup: 135773 ns, At safepoint: 17681613 ns, Total: 25627406 ns
[2025-04-30T08:34:11.852+0000][106.288s][debug][safepoint   ] Safepoint synchronization initiated using futex wait barrier. (245 threads)
[2025-04-30T08:34:11.853+0000][106.288s][info ][safepoint   ] Safepoint "Cleanup", Time since last: 1000141062 ns, Reaching safepoint: 81453 ns, Cleanup: 51490 ns, At safepoint: 7652 ns, Total: 140595 ns
[2025-04-30T08:34:12.853+0000][107.288s][debug][safepoint   ] Safepoint synchronization initiated using futex wait barrier. (247 threads)
[2025-04-30T08:34:12.853+0000][107.288s][info ][safepoint   ] Safepoint "Cleanup", Time since last: 1000266689 ns, Reaching safepoint: 113620 ns, Cleanup: 54078 ns, At safepoint: 15454 ns, Total: 183152 ns
[2025-04-30T08:34:13.853+0000][108.288s][debug][safepoint   ] Safepoint synchronization initiated using futex wait barrier. (251 threads)
[2025-04-30T08:34:13.853+0000][108.289s][info ][safepoint   ] Safepoint "Cleanup", Time since last: 1000134845 ns, Reaching safepoint: 43698 ns, Cleanup: 9730 ns, At safepoint: 4190 ns, Total: 57618 ns
[2025-04-30T08:34:14.853+0000][109.289s][debug][safepoint   ] Safepoint synchronization initiated using futex wait barrier. (251 threads)
[2025-04-30T08:34:14.853+0000][109.289s][info ][safepoint   ] Safepoint "Cleanup", Time since last: 1000121270 ns, Reaching safepoint: 56455 ns, Cleanup: 10477 ns, At safepoint: 6251 ns, Total: 73183 ns
[2025-04-30T08:34:15.853+0000][110.289s][debug][safepoint   ] Safepoint synchronization initiated using futex wait barrier. (251 threads)
[2025-04-30T08:34:15.854+0000][110.289s][info ][safepoint   ] Safepoint "Cleanup", Time since last: 1000093470 ns, Reaching safepoint: 87372 ns, Cleanup: 34931 ns, At safepoint: 8633 ns, Total: 130936 ns
[2025-04-30T08:34:16.854+0000][111.289s][debug][safepoint   ] Safepoint synchronization initiated using futex wait barrier. (250 threads)
[2025-04-30T08:34:16.854+0000][111.289s][info ][safepoint   ] Safepoint "Cleanup", Time since last: 1000091354 ns, Reaching safepoint: 65797 ns, Cleanup: 13448 ns, At safepoint: 5938 ns, Total: 85183 ns
[2025-04-30T08:34:17.854+0000][112.289s][debug][safepoint   ] Safepoint synchronization initiated using futex wait barrier. (250 threads)
[2025-04-30T08:34:17.854+0000][112.289s][info ][safepoint   ] Safepoint "Cleanup", Time since last: 1000087835 ns, Reaching safepoint: 69134 ns, Cleanup: 17666 ns, At safepoint: 6388 ns, Total: 93188 ns
[2025-04-30T08:34:18.854+0000][113.289s][debug][safepoint   ] Safepoint synchronization initiated using futex wait barrier. (250 threads)
[2025-04-30T08:34:18.854+0000][113.290s][info ][safepoint   ] Safepoint "Cleanup", Time since last: 1000097624 ns, Reaching safepoint: 95149 ns, Cleanup: 23233 ns, At safepoint: 9513 ns, Total: 127895 ns
[2025-04-30T08:34:19.855+0000][114.290s][debug][safepoint   ] Safepoint synchronization initiated using futex wait barrier. (250 threads)
[2025-04-30T08:34:19.855+0000][114.290s][info ][safepoint   ] Safepoint "Cleanup", Time since last: 1000557390 ns, Reaching safepoint: 161362 ns, Cleanup: 35788 ns, At safepoint: 17454 ns, Total: 214604 ns
[2025-04-30T08:34:20.857+0000][115.292s][debug][safepoint   ] Safepoint synchronization initiated using futex wait barrier. (251 threads)
[2025-04-30T08:34:20.859+0000][115.295s][info ][safepoint   ] Safepoint "Cleanup", Time since last: 1000616625 ns, Reaching safepoint: 3719240 ns, Cleanup: 54989 ns, At safepoint: 57208 ns, Total: 3831437 ns
[2025-04-30T08:34:21.860+0000][116.295s][debug][safepoint   ] Safepoint synchronization initiated using futex wait barrier. (251 threads)
[2025-04-30T08:34:21.860+0000][116.295s][info ][safepoint   ] Safepoint "Cleanup", Time since last: 1000229315 ns, Reaching safepoint: 153139 ns, Cleanup: 30057 ns, At safepoint: 72485 ns, Total: 255681 ns
[2025-04-30T08:34:22.860+0000][117.295s][debug][safepoint   ] Safepoint synchronization initiated using futex wait barrier. (252 threads)
[2025-04-30T08:34:22.860+0000][117.296s][info ][safepoint   ] Safepoint "Cleanup", Time since last: 1000188976 ns, Reaching safepoint: 75271 ns, Cleanup: 17976 ns, At safepoint: 9216 ns, Total: 102463 ns
[2025-04-30T08:34:23.860+0000][118.296s][debug][safepoint   ] Safepoint synchronization initiated using futex wait barrier. (252 threads)
[2025-04-30T08:34:23.861+0000][118.296s][info ][safepoint   ] Safepoint "Cleanup", Time since last: 1000126937 ns, Reaching safepoint: 171813 ns, Cleanup: 31799 ns, At safepoint: 10274 ns, Total: 213886 ns
[2025-04-30T08:34:24.861+0000][119.296s][debug][safepoint   ] Safepoint synchronization initiated using futex wait barrier. (252 threads)
[2025-04-30T08:34:24.861+0000][119.296s][info ][safepoint   ] Safepoint "Cleanup", Time since last: 1000095605 ns, Reaching safepoint: 56287 ns, Cleanup: 9237 ns, At safepoint: 4299 ns, Total: 69823 ns
[2025-04-30T08:34:25.861+0000][120.296s][debug][safepoint   ] Safepoint synchronization initiated using futex wait barrier. (252 threads)
[2025-04-30T08:34:25.861+0000][120.296s][info ][safepoint   ] Safepoint "Cleanup", Time since last: 1000092396 ns, Reaching safepoint: 85822 ns, Cleanup: 18146 ns, At safepoint: 8009 ns, Total: 111977 ns
[2025-04-30T08:34:26.922+0000][121.357s][debug][safepoint   ] Safepoint synchronization initiated using futex wait barrier. (252 threads)
[2025-04-30T08:34:26.922+0000][121.357s][info ][safepoint   ] Safepoint "Cleanup", Time since last: 1060642040 ns, Reaching safepoint: 229673 ns, Cleanup: 43849 ns, At safepoint: 25521 ns, Total: 299043 ns
[2025-04-30T08:34:27.922+0000][122.357s][debug][safepoint   ] Safepoint synchronization initiated using futex wait barrier. (252 threads)
[2025-04-30T08:34:27.922+0000][122.358s][info ][safepoint   ] Safepoint "Cleanup", Time since last: 1000210355 ns, Reaching safepoint: 192022 ns, Cleanup: 42534 ns, At safepoint: 37770 ns, Total: 272326 ns
[2025-04-30T08:34:28.923+0000][123.359s][debug][safepoint   ] Safepoint synchronization initiated using futex wait barrier. (252 threads)
[2025-04-30T08:34:28.931+0000][123.367s][info ][safepoint   ] Safepoint "Cleanup", Time since last: 1001045958 ns, Reaching safepoint: 3832027 ns, Cleanup: 34056 ns, At safepoint: 4125108 ns, Total: 7991191 ns
[2025-04-30T08:34:29.932+0000][124.367s][debug][safepoint   ] Safepoint synchronization initiated using futex wait barrier. (252 threads)
[2025-04-30T08:34:29.932+0000][124.367s][info ][safepoint   ] Safepoint "Cleanup", Time since last: 1000192600 ns, Reaching safepoint: 72587 ns, Cleanup: 13529 ns, At safepoint: 9883 ns, Total: 95999 ns
[2025-04-30T08:34:30.932+0000][125.367s][debug][safepoint   ] Safepoint synchronization initiated using futex wait barrier. (252 threads)
[2025-04-30T08:34:30.932+0000][125.367s][info ][safepoint   ] Safepoint "Cleanup", Time since last: 1000144039 ns, Reaching safepoint: 55178 ns, Cleanup: 10573 ns, At safepoint: 5169 ns, Total: 70920 ns
[2025-04-30T08:34:31.933+0000][126.369s][debug][safepoint   ] Safepoint synchronization initiated using futex wait barrier. (252 threads)
[2025-04-30T08:34:31.933+0000][126.369s][info ][safepoint   ] Safepoint "Cleanup", Time since last: 1001377241 ns, Reaching safepoint: 141826 ns, Cleanup: 15400 ns, At safepoint: 16625 ns, Total: 173851 ns
[2025-04-30T08:34:33.934+0000][128.369s][debug][safepoint   ] Safepoint synchronization initiated using futex wait barrier. (251 threads)
[2025-04-30T08:34:33.934+0000][128.369s][info ][safepoint   ] Safepoint "Cleanup", Time since last: 2000209805 ns, Reaching safepoint: 211868 ns, Cleanup: 109968 ns, At safepoint: 19478 ns, Total: 341314 ns
[2025-04-30T08:34:34.934+0000][129.369s][debug][safepoint   ] Safepoint synchronization initiated using futex wait barrier. (251 threads)
[2025-04-30T08:34:34.934+0000][129.370s][info ][safepoint   ] Safepoint "Cleanup", Time since last: 1000145955 ns, Reaching safepoint: 108269 ns, Cleanup: 28704 ns, At safepoint: 10017 ns, Total: 146990 ns
[2025-04-30T08:34:35.935+0000][130.370s][debug][safepoint   ] Safepoint synchronization initiated using futex wait barrier. (251 threads)
[2025-04-30T08:34:35.935+0000][130.370s][info ][safepoint   ] Safepoint "Cleanup", Time since last: 1000258318 ns, Reaching safepoint: 169639 ns, Cleanup: 48545 ns, At safepoint: 20973 ns, Total: 239157 ns
[2025-04-30T08:34:36.935+0000][131.370s][debug][safepoint   ] Safepoint synchronization initiated using futex wait barrier. (251 threads)
[2025-04-30T08:34:36.935+0000][131.370s][info ][safepoint   ] Safepoint "Cleanup", Time since last: 1000174711 ns, Reaching safepoint: 80365 ns, Cleanup: 16192 ns, At safepoint: 7558 ns, Total: 104115 ns
[2025-04-30T08:34:37.935+0000][132.371s][debug][safepoint   ] Safepoint synchronization initiated using futex wait barrier. (251 threads)
[2025-04-30T08:34:37.936+0000][132.371s][info ][safepoint   ] Safepoint "Cleanup", Time since last: 1000224260 ns, Reaching safepoint: 243015 ns, Cleanup: 28944 ns, At safepoint: 22324 ns, Total: 294283 ns
[2025-04-30T08:34:38.936+0000][133.371s][debug][safepoint   ] Safepoint synchronization initiated using futex wait barrier. (251 threads)
[2025-04-30T08:34:38.936+0000][133.371s][info ][safepoint   ] Safepoint "Cleanup", Time since last: 1000176394 ns, Reaching safepoint: 270670 ns, Cleanup: 62631 ns, At safepoint: 34619 ns, Total: 367920 ns
[2025-04-30T08:34:39.938+0000][134.373s][debug][safepoint   ] Safepoint synchronization initiated using futex wait barrier. (251 threads)
[2025-04-30T08:34:39.938+0000][134.373s][info ][safepoint   ] Safepoint "Cleanup", Time since last: 1001577987 ns, Reaching safepoint: 234392 ns, Cleanup: 56989 ns, At safepoint: 31330 ns, Total: 322711 ns
[2025-04-30T08:34:40.938+0000][135.374s][debug][safepoint   ] Safepoint synchronization initiated using futex wait barrier. (251 threads)
[2025-04-30T08:34:40.939+0000][135.374s][info ][safepoint   ] Safepoint "Cleanup", Time since last: 1000204525 ns, Reaching safepoint: 252125 ns, Cleanup: 38227 ns, At safepoint: 49577 ns, Total: 339929 ns
[2025-04-30T08:34:41.939+0000][136.374s][debug][safepoint   ] Safepoint synchronization initiated using futex wait barrier. (251 threads)
[2025-04-30T08:34:41.939+0000][136.374s][info ][safepoint   ] Safepoint "Cleanup", Time since last: 1000165679 ns, Reaching safepoint: 74260 ns, Cleanup: 21913 ns, At safepoint: 8243 ns, Total: 104416 ns
[2025-04-30T08:34:42.939+0000][137.374s][debug][safepoint   ] Safepoint synchronization initiated using futex wait barrier. (251 threads)
[2025-04-30T08:34:42.939+0000][137.374s][info ][safepoint   ] Safepoint "Cleanup", Time since last: 1000121332 ns, Reaching safepoint: 170376 ns, Cleanup: 22797 ns, At safepoint: 9412 ns, Total: 202585 ns
[2025-04-30T08:34:43.939+0000][138.375s][debug][safepoint   ] Safepoint synchronization initiated using futex wait barrier. (251 threads)
[2025-04-30T08:34:43.939+0000][138.375s][info ][safepoint   ] Safepoint "Cleanup", Time since last: 1000122389 ns, Reaching safepoint: 116136 ns, Cleanup: 23806 ns, At safepoint: 13051 ns, Total: 152993 ns
[2025-04-30T08:34:44.940+0000][139.375s][debug][safepoint   ] Safepoint synchronization initiated using futex wait barrier. (251 threads)
[2025-04-30T08:34:44.940+0000][139.375s][info ][safepoint   ] Safepoint "Cleanup", Time since last: 1000167924 ns, Reaching safepoint: 148122 ns, Cleanup: 28196 ns, At safepoint: 14695 ns, Total: 191013 ns
[2025-04-30T08:34:45.940+0000][140.375s][debug][safepoint   ] Safepoint synchronization initiated using futex wait barrier. (250 threads)
[2025-04-30T08:34:45.940+0000][140.376s][info ][safepoint   ] Safepoint "Cleanup", Time since last: 1000215492 ns, Reaching safepoint: 181773 ns, Cleanup: 154903 ns, At safepoint: 26107 ns, Total: 362783 ns
[2025-04-30T08:34:46.940+0000][141.376s][debug][safepoint   ] Safepoint synchronization initiated using futex wait barrier. (249 threads)
[2025-04-30T08:34:46.941+0000][141.376s][info ][safepoint   ] Safepoint "Cleanup", Time since last: 1000119258 ns, Reaching safepoint: 132761 ns, Cleanup: 30686 ns, At safepoint: 102984 ns, Total: 266431 ns
[2025-04-30T08:34:47.941+0000][142.376s][debug][safepoint   ] Safepoint synchronization initiated using futex wait barrier. (249 threads)
[2025-04-30T08:34:47.941+0000][142.377s][info ][safepoint   ] Safepoint "Cleanup", Time since last: 1000195245 ns, Reaching safepoint: 224299 ns, Cleanup: 29196 ns, At safepoint: 30587 ns, Total: 284082 ns
[2025-04-30T08:34:48.941+0000][143.377s][debug][safepoint   ] Safepoint synchronization initiated using futex wait barrier. (246 threads)
[2025-04-30T08:34:48.942+0000][143.377s][info ][safepoint   ] Safepoint "Cleanup", Time since last: 1000248204 ns, Reaching safepoint: 192572 ns, Cleanup: 37233 ns, At safepoint: 23147 ns, Total: 252952 ns
[2025-04-30T08:34:49.942+0000][144.377s][debug][safepoint   ] Safepoint synchronization initiated using futex wait barrier. (245 threads)
[2025-04-30T08:34:49.942+0000][144.378s][info ][safepoint   ] Safepoint "Cleanup", Time since last: 1000200052 ns, Reaching safepoint: 194872 ns, Cleanup: 53325 ns, At safepoint: 16678 ns, Total: 264875 ns
[2025-04-30T08:34:50.942+0000][145.378s][debug][safepoint   ] Safepoint synchronization initiated using futex wait barrier. (245 threads)
[2025-04-30T08:34:50.943+0000][145.378s][info ][safepoint   ] Safepoint "Cleanup", Time since last: 1000121710 ns, Reaching safepoint: 160853 ns, Cleanup: 90409 ns, At safepoint: 87178 ns, Total: 338440 ns
[2025-04-30T08:34:51.944+0000][146.379s][debug][safepoint   ] Safepoint synchronization initiated using futex wait barrier. (243 threads)
[2025-04-30T08:34:51.948+0000][146.384s][info ][safepoint   ] Safepoint "Cleanup", Time since last: 1001090621 ns, Reaching safepoint: 226270 ns, Cleanup: 47259 ns, At safepoint: 4273952 ns, Total: 4547481 ns
[2025-04-30T08:34:52.949+0000][147.384s][debug][safepoint   ] Safepoint synchronization initiated using futex wait barrier. (242 threads)
[2025-04-30T08:34:52.949+0000][147.385s][info ][safepoint   ] Safepoint "Cleanup", Time since last: 1000495128 ns, Reaching safepoint: 390019 ns, Cleanup: 38380 ns, At safepoint: 20009 ns, Total: 448408 ns
[2025-04-30T08:34:53.950+0000][148.385s][debug][safepoint   ] Safepoint synchronization initiated using futex wait barrier. (242 threads)
[2025-04-30T08:34:53.953+0000][148.388s][info ][safepoint   ] Safepoint "Cleanup", Time since last: 1000761688 ns, Reaching safepoint: 2473281 ns, Cleanup: 38178 ns, At safepoint: 205078 ns, Total: 2716537 ns
[2025-04-30T08:34:54.834+0000][149.269s][debug][safepoint   ] Safepoint synchronization initiated using futex wait barrier. (241 threads)
[2025-04-30T08:34:54.834+0000][149.270s][info ][gc,start    ] GC(62) Pause Young (Normal) (G1 Evacuation Pause)
[2025-04-30T08:34:54.834+0000][149.270s][info ][gc,task     ] GC(62) Using 4 workers of 4 for evacuation
[2025-04-30T08:34:54.885+0000][149.321s][info ][gc,phases   ] GC(62)   Pre Evacuate Collection Set: 0.5ms
[2025-04-30T08:34:54.885+0000][149.321s][info ][gc,phases   ] GC(62)   Merge Heap Roots: 0.6ms
[2025-04-30T08:34:54.885+0000][149.321s][info ][gc,phases   ] GC(62)   Evacuate Collection Set: 46.4ms
[2025-04-30T08:34:54.885+0000][149.321s][info ][gc,phases   ] GC(62)   Post Evacuate Collection Set: 3.3ms
[2025-04-30T08:34:54.885+0000][149.321s][info ][gc,phases   ] GC(62)   Other: 0.4ms
[2025-04-30T08:34:54.885+0000][149.321s][info ][gc,heap     ] GC(62) Eden regions: 220->0(216)
[2025-04-30T08:34:54.885+0000][149.321s][info ][gc,heap     ] GC(62) Survivor regions: 18->18(30)
[2025-04-30T08:34:54.885+0000][149.321s][info ][gc,heap     ] GC(62) Old regions: 165->170
[2025-04-30T08:34:54.885+0000][149.321s][info ][gc,heap     ] GC(62) Archive regions: 2->2
[2025-04-30T08:34:54.885+0000][149.321s][info ][gc,heap     ] GC(62) Humongous regions: 0->0
[2025-04-30T08:34:54.885+0000][149.321s][info ][gc,metaspace] GC(62) Metaspace: 187162K(188544K)->187162K(188544K) NonClass: 164357K(165056K)->164357K(165056K) Class: 22805K(23488K)->22805K(23488K)
[2025-04-30T08:34:54.885+0000][149.321s][info ][gc          ] GC(62) Pause Young (Normal) (G1 Evacuation Pause) 403M->188M(474M) 51.288ms
[2025-04-30T08:34:54.886+0000][149.321s][info ][gc,cpu      ] GC(62) User=0.13s Sys=0.00s Real=0.05s
[2025-04-30T08:34:54.887+0000][149.322s][info ][safepoint   ] Safepoint "G1CollectForAllocation", Time since last: 880632486 ns, Reaching safepoint: 692071 ns, Cleanup: 93266 ns, At safepoint: 52849501 ns, Total: 53634838 ns
[2025-04-30T08:34:55.887+0000][150.323s][debug][safepoint   ] Safepoint synchronization initiated using futex wait barrier. (241 threads)
[2025-04-30T08:34:55.887+0000][150.323s][info ][safepoint   ] Safepoint "Cleanup", Time since last: 1000252385 ns, Reaching safepoint: 166838 ns, Cleanup: 78127 ns, At safepoint: 26041 ns, Total: 271006 ns
[2025-04-30T08:34:56.888+0000][151.323s][debug][safepoint   ] Safepoint synchronization initiated using futex wait barrier. (241 threads)
[2025-04-30T08:34:56.888+0000][151.323s][info ][safepoint   ] Safepoint "Cleanup", Time since last: 1000203924 ns, Reaching safepoint: 199620 ns, Cleanup: 40337 ns, At safepoint: 25734 ns, Total: 265691 ns
[2025-04-30T08:34:57.888+0000][152.323s][debug][safepoint   ] Safepoint synchronization initiated using futex wait barrier. (241 threads)
[2025-04-30T08:34:57.888+0000][152.324s][info ][safepoint   ] Safepoint "Cleanup", Time since last: 1000153235 ns, Reaching safepoint: 80967 ns, Cleanup: 29035 ns, At safepoint: 11794 ns, Total: 121796 ns
[2025-04-30T08:34:58.888+0000][153.324s][debug][safepoint   ] Safepoint synchronization initiated using futex wait barrier. (241 threads)
[2025-04-30T08:34:58.889+0000][153.324s][info ][safepoint   ] Safepoint "Cleanup", Time since last: 1000154973 ns, Reaching safepoint: 361340 ns, Cleanup: 42711 ns, At safepoint: 22737 ns, Total: 426788 ns
[2025-04-30T08:34:59.889+0000][154.324s][debug][safepoint   ] Safepoint synchronization initiated using futex wait barrier. (241 threads)
[2025-04-30T08:34:59.889+0000][154.325s][info ][safepoint   ] Safepoint "Cleanup", Time since last: 1000199613 ns, Reaching safepoint: 197602 ns, Cleanup: 50324 ns, At safepoint: 25268 ns, Total: 273194 ns
[2025-04-30T08:35:00.890+0000][155.325s][debug][safepoint   ] Safepoint synchronization initiated using futex wait barrier. (241 threads)
[2025-04-30T08:35:00.890+0000][155.325s][info ][safepoint   ] Safepoint "Cleanup", Time since last: 1000243492 ns, Reaching safepoint: 159401 ns, Cleanup: 44580 ns, At safepoint: 18698 ns, Total: 222679 ns
[2025-04-30T08:35:01.890+0000][156.325s][debug][safepoint   ] Safepoint synchronization initiated using futex wait barrier. (241 threads)
[2025-04-30T08:35:01.890+0000][156.325s][info ][safepoint   ] Safepoint "Cleanup", Time since last: 1000103668 ns, Reaching safepoint: 46442 ns, Cleanup: 9759 ns, At safepoint: 4384 ns, Total: 60585 ns
[2025-04-30T08:35:02.890+0000][157.325s][debug][safepoint   ] Safepoint synchronization initiated using futex wait barrier. (241 threads)
[2025-04-30T08:35:02.890+0000][157.325s][info ][safepoint   ] Safepoint "Cleanup", Time since last: 1000080076 ns, Reaching safepoint: 53994 ns, Cleanup: 8445 ns, At safepoint: 4601 ns, Total: 67040 ns
[2025-04-30T08:35:03.890+0000][158.325s][debug][safepoint   ] Safepoint synchronization initiated using futex wait barrier. (241 threads)
[2025-04-30T08:35:03.890+0000][158.326s][info ][safepoint   ] Safepoint "Cleanup", Time since last: 1000080903 ns, Reaching safepoint: 52177 ns, Cleanup: 10304 ns, At safepoint: 4610 ns, Total: 67091 ns
[2025-04-30T08:35:04.890+0000][159.326s][debug][safepoint   ] Safepoint synchronization initiated using futex wait barrier. (241 threads)
[2025-04-30T08:35:04.891+0000][159.326s][info ][safepoint   ] Safepoint "Cleanup", Time since last: 1000232664 ns, Reaching safepoint: 59655 ns, Cleanup: 10560 ns, At safepoint: 3971 ns, Total: 74186 ns
[2025-04-30T08:35:05.891+0000][160.326s][debug][safepoint   ] Safepoint synchronization initiated using futex wait barrier. (241 threads)
[2025-04-30T08:35:05.891+0000][160.326s][info ][safepoint   ] Safepoint "Cleanup", Time since last: 1000072184 ns, Reaching safepoint: 45131 ns, Cleanup: 9073 ns, At safepoint: 4411 ns, Total: 58615 ns
[2025-04-30T08:35:06.891+0000][161.326s][debug][safepoint   ] Safepoint synchronization initiated using futex wait barrier. (241 threads)
[2025-04-30T08:35:06.891+0000][161.326s][info ][safepoint   ] Safepoint "Cleanup", Time since last: 1000152779 ns, Reaching safepoint: 197813 ns, Cleanup: 39149 ns, At safepoint: 23665 ns, Total: 260627 ns
[2025-04-30T08:35:07.891+0000][162.327s][debug][safepoint   ] Safepoint synchronization initiated using futex wait barrier. (241 threads)
[2025-04-30T08:35:07.891+0000][162.327s][info ][safepoint   ] Safepoint "Cleanup", Time since last: 1000247185 ns, Reaching safepoint: 47657 ns, Cleanup: 13883 ns, At safepoint: 5744 ns, Total: 67284 ns
[2025-04-30T08:35:08.891+0000][163.327s][debug][safepoint   ] Safepoint synchronization initiated using futex wait barrier. (241 threads)
[2025-04-30T08:35:08.892+0000][163.327s][info ][safepoint   ] Safepoint "Cleanup", Time since last: 1000073258 ns, Reaching safepoint: 57144 ns, Cleanup: 9424 ns, At safepoint: 3714 ns, Total: 70282 ns
[2025-04-30T08:35:09.892+0000][164.327s][debug][safepoint   ] Safepoint synchronization initiated using futex wait barrier. (241 threads)
[2025-04-30T08:35:09.892+0000][164.327s][info ][safepoint   ] Safepoint "Cleanup", Time since last: 1000089164 ns, Reaching safepoint: 52452 ns, Cleanup: 17657 ns, At safepoint: 3882 ns, Total: 73991 ns
[2025-04-30T08:35:10.892+0000][165.327s][debug][safepoint   ] Safepoint synchronization initiated using futex wait barrier. (241 threads)
[2025-04-30T08:35:10.892+0000][165.327s][info ][safepoint   ] Safepoint "Cleanup", Time since last: 1000214385 ns, Reaching safepoint: 168563 ns, Cleanup: 44946 ns, At safepoint: 23025 ns, Total: 236534 ns
[2025-04-30T08:35:11.892+0000][166.328s][debug][safepoint   ] Safepoint synchronization initiated using futex wait barrier. (240 threads)
[2025-04-30T08:35:11.893+0000][166.328s][info ][safepoint   ] Safepoint "Cleanup", Time since last: 1000177735 ns, Reaching safepoint: 269625 ns, Cleanup: 33144 ns, At safepoint: 23587 ns, Total: 326356 ns
[2025-04-30T08:35:12.893+0000][167.328s][debug][safepoint   ] Safepoint synchronization initiated using futex wait barrier. (240 threads)
[2025-04-30T08:35:12.893+0000][167.329s][info ][safepoint   ] Safepoint "Cleanup", Time since last: 1000259539 ns, Reaching safepoint: 182747 ns, Cleanup: 86648 ns, At safepoint: 26277 ns, Total: 295672 ns
[2025-04-30T08:35:14.894+0000][169.329s][debug][safepoint   ] Safepoint synchronization initiated using futex wait barrier. (240 threads)
[2025-04-30T08:35:14.894+0000][169.329s][info ][safepoint   ] Safepoint "Cleanup", Time since last: 2000610273 ns, Reaching safepoint: 153070 ns, Cleanup: 34674 ns, At safepoint: 12005 ns, Total: 199749 ns
[2025-04-30T08:35:15.894+0000][170.330s][debug][safepoint   ] Safepoint synchronization initiated using futex wait barrier. (240 threads)
[2025-04-30T08:35:15.894+0000][170.330s][info ][safepoint   ] Safepoint "Cleanup", Time since last: 1000182803 ns, Reaching safepoint: 155359 ns, Cleanup: 54913 ns, At safepoint: 16888 ns, Total: 227160 ns
[2025-04-30T08:35:16.895+0000][171.330s][debug][safepoint   ] Safepoint synchronization initiated using futex wait barrier. (240 threads)
[2025-04-30T08:35:16.895+0000][171.331s][info ][safepoint   ] Safepoint "Cleanup", Time since last: 1000287832 ns, Reaching safepoint: 334683 ns, Cleanup: 231688 ns, At safepoint: 63386 ns, Total: 629757 ns
[2025-04-30T08:35:17.896+0000][172.331s][debug][safepoint   ] Safepoint synchronization initiated using futex wait barrier. (240 threads)
[2025-04-30T08:35:17.896+0000][172.331s][info ][safepoint   ] Safepoint "Cleanup", Time since last: 1000429500 ns, Reaching safepoint: 172232 ns, Cleanup: 38831 ns, At safepoint: 21550 ns, Total: 232613 ns
[2025-04-30T08:35:18.896+0000][173.331s][debug][safepoint   ] Safepoint synchronization initiated using futex wait barrier. (240 threads)
[2025-04-30T08:35:18.896+0000][173.332s][info ][safepoint   ] Safepoint "Cleanup", Time since last: 1000143836 ns, Reaching safepoint: 101584 ns, Cleanup: 19882 ns, At safepoint: 8118 ns, Total: 129584 ns
[2025-04-30T08:35:19.896+0000][174.332s][debug][safepoint   ] Safepoint synchronization initiated using futex wait barrier. (240 threads)
[2025-04-30T08:35:19.896+0000][174.332s][info ][safepoint   ] Safepoint "Cleanup", Time since last: 1000087990 ns, Reaching safepoint: 82402 ns, Cleanup: 12415 ns, At safepoint: 5731 ns, Total: 100548 ns
[2025-04-30T08:35:20.897+0000][175.332s][debug][safepoint   ] Safepoint synchronization initiated using futex wait barrier. (240 threads)
[2025-04-30T08:35:20.897+0000][175.332s][info ][safepoint   ] Safepoint "Cleanup", Time since last: 1000208676 ns, Reaching safepoint: 169981 ns, Cleanup: 45272 ns, At safepoint: 29395 ns, Total: 244648 ns
[2025-04-30T08:35:21.897+0000][176.332s][debug][safepoint   ] Safepoint synchronization initiated using futex wait barrier. (240 threads)
[2025-04-30T08:35:21.897+0000][176.333s][info ][safepoint   ] Safepoint "Cleanup", Time since last: 1000169290 ns, Reaching safepoint: 170250 ns, Cleanup: 31279 ns, At safepoint: 19147 ns, Total: 220676 ns
[2025-04-30T08:35:22.898+0000][177.333s][debug][safepoint   ] Safepoint synchronization initiated using futex wait barrier. (240 threads)
[2025-04-30T08:35:22.898+0000][177.333s][info ][safepoint   ] Safepoint "Cleanup", Time since last: 1000227101 ns, Reaching safepoint: 134452 ns, Cleanup: 36447 ns, At safepoint: 15031 ns, Total: 185930 ns
[2025-04-30T08:35:23.898+0000][178.333s][debug][safepoint   ] Safepoint synchronization initiated using futex wait barrier. (240 threads)
[2025-04-30T08:35:23.898+0000][178.333s][info ][safepoint   ] Safepoint "Cleanup", Time since last: 1000147256 ns, Reaching safepoint: 178989 ns, Cleanup: 33867 ns, At safepoint: 18495 ns, Total: 231351 ns
[2025-04-30T08:35:24.898+0000][179.334s][debug][safepoint   ] Safepoint synchronization initiated using futex wait barrier. (240 threads)
[2025-04-30T08:35:24.899+0000][179.334s][info ][safepoint   ] Safepoint "Cleanup", Time since last: 1000204053 ns, Reaching safepoint: 235595 ns, Cleanup: 46520 ns, At safepoint: 29855 ns, Total: 311970 ns
[2025-04-30T08:35:26.956+0000][181.392s][debug][safepoint   ] Safepoint synchronization initiated using futex wait barrier. (240 threads)
[2025-04-30T08:35:26.957+0000][181.392s][info ][safepoint   ] Safepoint "Cleanup", Time since last: 2057742272 ns, Reaching safepoint: 235666 ns, Cleanup: 57104 ns, At safepoint: 27011 ns, Total: 319781 ns
[2025-04-30T08:35:27.957+0000][182.392s][debug][safepoint   ] Safepoint synchronization initiated using futex wait barrier. (240 threads)
[2025-04-30T08:35:27.957+0000][182.392s][info ][safepoint   ] Safepoint "Cleanup", Time since last: 1000218653 ns, Reaching safepoint: 156990 ns, Cleanup: 32673 ns, At safepoint: 17427 ns, Total: 207090 ns
[2025-04-30T08:35:28.957+0000][183.393s][debug][safepoint   ] Safepoint synchronization initiated using futex wait barrier. (240 threads)
[2025-04-30T08:35:28.958+0000][183.393s][info ][safepoint   ] Safepoint "Cleanup", Time since last: 1000171136 ns, Reaching safepoint: 226626 ns, Cleanup: 31948 ns, At safepoint: 40916 ns, Total: 299490 ns
[2025-04-30T08:35:29.958+0000][184.393s][debug][safepoint   ] Safepoint synchronization initiated using futex wait barrier. (240 threads)
[2025-04-30T08:35:29.958+0000][184.393s][info ][safepoint   ] Safepoint "Cleanup", Time since last: 1000230477 ns, Reaching safepoint: 230756 ns, Cleanup: 46349 ns, At safepoint: 22657 ns, Total: 299762 ns
[2025-04-30T08:35:30.958+0000][185.394s][debug][safepoint   ] Safepoint synchronization initiated using futex wait barrier. (240 threads)
[2025-04-30T08:35:30.959+0000][185.394s][info ][safepoint   ] Safepoint "Cleanup", Time since last: 1000238101 ns, Reaching safepoint: 261800 ns, Cleanup: 128095 ns, At safepoint: 27516 ns, Total: 417411 ns
[2025-04-30T08:35:32.959+0000][187.394s][debug][safepoint   ] Safepoint synchronization initiated using futex wait barrier. (240 threads)
[2025-04-30T08:35:32.959+0000][187.395s][debug][safepoint   ] ... found polling page loop exception at pc = 0x00007b2ad9c996d2, stub =0x00007b2ad898e400
[2025-04-30T08:35:32.959+0000][187.395s][info ][safepoint   ] Safepoint "Cleanup", Time since last: 2000345248 ns, Reaching safepoint: 246608 ns, Cleanup: 19413 ns, At safepoint: 36019 ns, Total: 302040 ns
[2025-04-30T08:35:33.960+0000][188.395s][debug][safepoint   ] Safepoint synchronization initiated using futex wait barrier. (240 threads)
[2025-04-30T08:35:33.960+0000][188.395s][info ][safepoint   ] Safepoint "Cleanup", Time since last: 1000354736 ns, Reaching safepoint: 216029 ns, Cleanup: 32526 ns, At safepoint: 23382 ns, Total: 271937 ns
[2025-04-30T08:35:34.960+0000][189.396s][debug][safepoint   ] Safepoint synchronization initiated using futex wait barrier. (240 threads)
[2025-04-30T08:35:34.961+0000][189.396s][info ][safepoint   ] Safepoint "Cleanup", Time since last: 1000238194 ns, Reaching safepoint: 359949 ns, Cleanup: 95557 ns, At safepoint: 27154 ns, Total: 482660 ns
[2025-04-30T08:35:35.961+0000][190.396s][debug][safepoint   ] Safepoint synchronization initiated using futex wait barrier. (240 threads)
[2025-04-30T08:35:35.961+0000][190.397s][info ][safepoint   ] Safepoint "Cleanup", Time since last: 1000255276 ns, Reaching safepoint: 208479 ns, Cleanup: 29498 ns, At safepoint: 19150 ns, Total: 257127 ns
[2025-04-30T08:35:36.961+0000][191.397s][debug][safepoint   ] Safepoint synchronization initiated using futex wait barrier. (240 threads)
[2025-04-30T08:35:36.962+0000][191.397s][info ][safepoint   ] Safepoint "Cleanup", Time since last: 1000148027 ns, Reaching safepoint: 92851 ns, Cleanup: 14578 ns, At safepoint: 6552 ns, Total: 113981 ns
[2025-04-30T08:35:37.962+0000][192.397s][debug][safepoint   ] Safepoint synchronization initiated using futex wait barrier. (240 threads)
[2025-04-30T08:35:37.962+0000][192.397s][info ][safepoint   ] Safepoint "Cleanup", Time since last: 1000096066 ns, Reaching safepoint: 86376 ns, Cleanup: 9472 ns, At safepoint: 4433 ns, Total: 100281 ns
[2025-04-30T08:35:38.962+0000][193.397s][debug][safepoint   ] Safepoint synchronization initiated using futex wait barrier. (240 threads)
[2025-04-30T08:35:38.962+0000][193.397s][info ][safepoint   ] Safepoint "Cleanup", Time since last: 1000126492 ns, Reaching safepoint: 114649 ns, Cleanup: 34927 ns, At safepoint: 13630 ns, Total: 163206 ns
[2025-04-30T08:35:39.962+0000][194.398s][debug][safepoint   ] Safepoint synchronization initiated using futex wait barrier. (240 threads)
[2025-04-30T08:35:39.962+0000][194.398s][info ][safepoint   ] Safepoint "Cleanup", Time since last: 1000187769 ns, Reaching safepoint: 125272 ns, Cleanup: 25036 ns, At safepoint: 16701 ns, Total: 167009 ns
[2025-04-30T08:35:40.963+0000][195.398s][debug][safepoint   ] Safepoint synchronization initiated using futex wait barrier. (240 threads)
[2025-04-30T08:35:40.963+0000][195.398s][info ][safepoint   ] Safepoint "Cleanup", Time since last: 1000168008 ns, Reaching safepoint: 141122 ns, Cleanup: 27009 ns, At safepoint: 14738 ns, Total: 182869 ns
[2025-04-30T08:35:41.963+0000][196.398s][debug][safepoint   ] Safepoint synchronization initiated using futex wait barrier. (240 threads)
[2025-04-30T08:35:41.963+0000][196.398s][info ][safepoint   ] Safepoint "Cleanup", Time since last: 1000118296 ns, Reaching safepoint: 149035 ns, Cleanup: 23408 ns, At safepoint: 7500 ns, Total: 179943 ns
[2025-04-30T08:35:42.963+0000][197.399s][debug][safepoint   ] Safepoint synchronization initiated using futex wait barrier. (240 threads)
[2025-04-30T08:35:42.963+0000][197.399s][info ][safepoint   ] Safepoint "Cleanup", Time since last: 1000177475 ns, Reaching safepoint: 72162 ns, Cleanup: 11026 ns, At safepoint: 5018 ns, Total: 88206 ns
[2025-04-30T08:35:44.964+0000][199.399s][debug][safepoint   ] Safepoint synchronization initiated using futex wait barrier. (240 threads)
[2025-04-30T08:35:44.964+0000][199.399s][info ][safepoint   ] Safepoint "Cleanup", Time since last: 2000231723 ns, Reaching safepoint: 157912 ns, Cleanup: 21655 ns, At safepoint: 24427 ns, Total: 203994 ns
[2025-04-30T08:35:45.964+0000][200.399s][debug][safepoint   ] Safepoint synchronization initiated using futex wait barrier. (240 threads)
[2025-04-30T08:35:45.964+0000][200.399s][info ][safepoint   ] Safepoint "Cleanup", Time since last: 1000150294 ns, Reaching safepoint: 136962 ns, Cleanup: 33485 ns, At safepoint: 16461 ns, Total: 186908 ns
[2025-04-30T08:35:46.964+0000][201.400s][debug][safepoint   ] Safepoint synchronization initiated using futex wait barrier. (240 threads)
[2025-04-30T08:35:46.965+0000][201.400s][info ][safepoint   ] Safepoint "Cleanup", Time since last: 1000248585 ns, Reaching safepoint: 221894 ns, Cleanup: 30180 ns, At safepoint: 21125 ns, Total: 273199 ns
[2025-04-30T08:35:50.965+0000][205.400s][debug][safepoint   ] Safepoint synchronization initiated using futex wait barrier. (239 threads)
[2025-04-30T08:35:50.965+0000][205.401s][info ][safepoint   ] Safepoint "Cleanup", Time since last: 4000493282 ns, Reaching safepoint: 175924 ns, Cleanup: 51087 ns, At safepoint: 20392 ns, Total: 247403 ns
[2025-04-30T08:35:51.966+0000][206.402s][debug][safepoint   ] Safepoint synchronization initiated using futex wait barrier. (238 threads)
[2025-04-30T08:35:51.967+0000][206.402s][info ][safepoint   ] Safepoint "Cleanup", Time since last: 1001188500 ns, Reaching safepoint: 190959 ns, Cleanup: 93461 ns, At safepoint: 21152 ns, Total: 305572 ns
[2025-04-30T08:35:52.967+0000][207.402s][debug][safepoint   ] Safepoint synchronization initiated using futex wait barrier. (237 threads)
[2025-04-30T08:35:52.967+0000][207.403s][info ][safepoint   ] Safepoint "Cleanup", Time since last: 1000266738 ns, Reaching safepoint: 163747 ns, Cleanup: 31467 ns, At safepoint: 21300 ns, Total: 216514 ns
[2025-04-30T08:35:53.968+0000][208.403s][debug][safepoint   ] Safepoint synchronization initiated using futex wait barrier. (237 threads)
[2025-04-30T08:35:53.968+0000][208.403s][info ][safepoint   ] Safepoint "Cleanup", Time since last: 1000272527 ns, Reaching safepoint: 168958 ns, Cleanup: 31456 ns, At safepoint: 20064 ns, Total: 220478 ns
[2025-04-30T08:35:54.968+0000][209.403s][debug][safepoint   ] Safepoint synchronization initiated using futex wait barrier. (236 threads)
[2025-04-30T08:35:54.968+0000][209.404s][info ][safepoint   ] Safepoint "Cleanup", Time since last: 1000220413 ns, Reaching safepoint: 170678 ns, Cleanup: 29954 ns, At safepoint: 19194 ns, Total: 219826 ns
[2025-04-30T08:35:55.968+0000][210.404s][debug][safepoint   ] Safepoint synchronization initiated using futex wait barrier. (236 threads)
[2025-04-30T08:35:55.969+0000][210.404s][info ][safepoint   ] Safepoint "Cleanup", Time since last: 1000253203 ns, Reaching safepoint: 164465 ns, Cleanup: 43260 ns, At safepoint: 18365 ns, Total: 226090 ns
[2025-04-30T08:35:56.969+0000][211.404s][debug][safepoint   ] Safepoint synchronization initiated using futex wait barrier. (236 threads)
[2025-04-30T08:35:56.969+0000][211.405s][info ][safepoint   ] Safepoint "Cleanup", Time since last: 1000227865 ns, Reaching safepoint: 164818 ns, Cleanup: 37396 ns, At safepoint: 21000 ns, Total: 223214 ns
[2025-04-30T08:35:57.969+0000][212.405s][debug][safepoint   ] Safepoint synchronization initiated using futex wait barrier. (236 threads)
[2025-04-30T08:35:57.970+0000][212.405s][info ][safepoint   ] Safepoint "Cleanup", Time since last: 1000264845 ns, Reaching safepoint: 215446 ns, Cleanup: 36483 ns, At safepoint: 21349 ns, Total: 273278 ns
[2025-04-30T08:35:58.970+0000][213.405s][debug][safepoint   ] Safepoint synchronization initiated using futex wait barrier. (236 threads)
[2025-04-30T08:35:58.970+0000][213.406s][info ][safepoint   ] Safepoint "Cleanup", Time since last: 1000220740 ns, Reaching safepoint: 201844 ns, Cleanup: 27633 ns, At safepoint: 20690 ns, Total: 250167 ns
[2025-04-30T08:35:59.970+0000][214.406s][debug][safepoint   ] Safepoint synchronization initiated using futex wait barrier. (236 threads)
[2025-04-30T08:35:59.971+0000][214.406s][info ][safepoint   ] Safepoint "Cleanup", Time since last: 1000244638 ns, Reaching safepoint: 206047 ns, Cleanup: 32269 ns, At safepoint: 21272 ns, Total: 259588 ns
[2025-04-30T08:36:01.971+0000][216.406s][debug][safepoint   ] Safepoint synchronization initiated using futex wait barrier. (236 threads)
[2025-04-30T08:36:01.971+0000][216.407s][info ][safepoint   ] Safepoint "Cleanup", Time since last: 2000338698 ns, Reaching safepoint: 163671 ns, Cleanup: 54227 ns, At safepoint: 20712 ns, Total: 238610 ns
[2025-04-30T08:36:02.972+0000][217.407s][debug][safepoint   ] Safepoint synchronization initiated using futex wait barrier. (236 threads)
[2025-04-30T08:36:02.972+0000][217.407s][info ][safepoint   ] Safepoint "Cleanup", Time since last: 1000268069 ns, Reaching safepoint: 181601 ns, Cleanup: 43979 ns, At safepoint: 21689 ns, Total: 247269 ns
[2025-04-30T08:36:03.972+0000][218.407s][debug][safepoint   ] Safepoint synchronization initiated using futex wait barrier. (236 threads)
[2025-04-30T08:36:03.972+0000][218.408s][info ][safepoint   ] Safepoint "Cleanup", Time since last: 1000221319 ns, Reaching safepoint: 161520 ns, Cleanup: 32962 ns, At safepoint: 19656 ns, Total: 214138 ns
[2025-04-30T08:36:09.973+0000][224.408s][debug][safepoint   ] Safepoint synchronization initiated using futex wait barrier. (236 threads)
[2025-04-30T08:36:09.973+0000][224.408s][info ][safepoint   ] Safepoint "Cleanup", Time since last: 6000720581 ns, Reaching safepoint: 61562 ns, Cleanup: 11757 ns, At safepoint: 5516 ns, Total: 78835 ns
[2025-04-30T08:36:10.973+0000][225.408s][debug][safepoint   ] Safepoint synchronization initiated using futex wait barrier. (236 threads)
[2025-04-30T08:36:10.973+0000][225.409s][info ][safepoint   ] Safepoint "Cleanup", Time since last: 1000151997 ns, Reaching safepoint: 191350 ns, Cleanup: 68485 ns, At safepoint: 57020 ns, Total: 316855 ns
[2025-04-30T08:36:11.974+0000][226.409s][debug][safepoint   ] Safepoint synchronization initiated using futex wait barrier. (235 threads)
[2025-04-30T08:36:11.974+0000][226.409s][info ][safepoint   ] Safepoint "Cleanup", Time since last: 1000199726 ns, Reaching safepoint: 148457 ns, Cleanup: 27887 ns, At safepoint: 17905 ns, Total: 194249 ns
[2025-04-30T08:36:12.974+0000][227.409s][debug][safepoint   ] Safepoint synchronization initiated using futex wait barrier. (235 threads)
[2025-04-30T08:36:12.974+0000][227.410s][info ][safepoint   ] Safepoint "Cleanup", Time since last: 1000208316 ns, Reaching safepoint: 237279 ns, Cleanup: 41339 ns, At safepoint: 70805 ns, Total: 349423 ns
[2025-04-30T08:36:14.975+0000][229.410s][debug][safepoint   ] Safepoint synchronization initiated using futex wait barrier. (235 threads)
[2025-04-30T08:36:14.975+0000][229.410s][debug][safepoint   ] ... found polling page loop exception at pc = 0x00007b2ad9ce0778, stub =0x00007b2ad898e400
[2025-04-30T08:36:14.975+0000][229.411s][info ][safepoint   ] Safepoint "Cleanup", Time since last: 2000356960 ns, Reaching safepoint: 505570 ns, Cleanup: 28935 ns, At safepoint: 66062 ns, Total: 600567 ns
[2025-04-30T08:36:15.976+0000][230.411s][debug][safepoint   ] Safepoint synchronization initiated using futex wait barrier. (235 threads)
[2025-04-30T08:36:15.976+0000][230.411s][info ][safepoint   ] Safepoint "Cleanup", Time since last: 1000275094 ns, Reaching safepoint: 248724 ns, Cleanup: 52170 ns, At safepoint: 45288 ns, Total: 346182 ns
[2025-04-30T08:36:16.976+0000][231.412s][debug][safepoint   ] Safepoint synchronization initiated using futex wait barrier. (235 threads)
[2025-04-30T08:36:16.976+0000][231.412s][info ][safepoint   ] Safepoint "Cleanup", Time since last: 1000203551 ns, Reaching safepoint: 159967 ns, Cleanup: 31889 ns, At safepoint: 15426 ns, Total: 207282 ns
[2025-04-30T08:36:20.977+0000][235.412s][debug][safepoint   ] Safepoint synchronization initiated using futex wait barrier. (235 threads)
[2025-04-30T08:36:20.977+0000][235.413s][info ][safepoint   ] Safepoint "Cleanup", Time since last: 4000558423 ns, Reaching safepoint: 195175 ns, Cleanup: 38844 ns, At safepoint: 23542 ns, Total: 257561 ns
[2025-04-30T08:36:21.977+0000][236.413s][debug][safepoint   ] Safepoint synchronization initiated using futex wait barrier. (235 threads)
[2025-04-30T08:36:21.978+0000][236.413s][info ][safepoint   ] Safepoint "Cleanup", Time since last: 1000174342 ns, Reaching safepoint: 293292 ns, Cleanup: 54815 ns, At safepoint: 82201 ns, Total: 430308 ns
[2025-04-30T08:36:22.978+0000][237.413s][debug][safepoint   ] Safepoint synchronization initiated using futex wait barrier. (235 threads)
[2025-04-30T08:36:22.978+0000][237.414s][info ][safepoint   ] Safepoint "Cleanup", Time since last: 1000286653 ns, Reaching safepoint: 184164 ns, Cleanup: 42643 ns, At safepoint: 23994 ns, Total: 250801 ns
[2025-04-30T08:36:23.979+0000][238.414s][debug][safepoint   ] Safepoint synchronization initiated using futex wait barrier. (235 threads)
[2025-04-30T08:36:23.979+0000][238.414s][info ][safepoint   ] Safepoint "Cleanup", Time since last: 1000222183 ns, Reaching safepoint: 156121 ns, Cleanup: 38442 ns, At safepoint: 17644 ns, Total: 212207 ns
[2025-04-30T08:36:24.979+0000][239.414s][debug][safepoint   ] Safepoint synchronization initiated using futex wait barrier. (235 threads)
[2025-04-30T08:36:24.979+0000][239.415s][info ][safepoint   ] Safepoint "Cleanup", Time since last: 1000156258 ns, Reaching safepoint: 189520 ns, Cleanup: 38752 ns, At safepoint: 21219 ns, Total: 249491 ns
[2025-04-30T08:36:27.993+0000][242.428s][debug][safepoint   ] Safepoint synchronization initiated using futex wait barrier. (235 threads)
[2025-04-30T08:36:27.993+0000][242.429s][info ][safepoint   ] Safepoint "Cleanup", Time since last: 3013802391 ns, Reaching safepoint: 175341 ns, Cleanup: 32636 ns, At safepoint: 23292 ns, Total: 231269 ns
[2025-04-30T08:36:28.993+0000][243.429s][debug][safepoint   ] Safepoint synchronization initiated using futex wait barrier. (235 threads)
[2025-04-30T08:36:28.994+0000][243.429s][info ][safepoint   ] Safepoint "Cleanup", Time since last: 1000171548 ns, Reaching safepoint: 184896 ns, Cleanup: 28939 ns, At safepoint: 18540 ns, Total: 232375 ns
[2025-04-30T08:36:30.994+0000][245.429s][debug][safepoint   ] Safepoint synchronization initiated using futex wait barrier. (235 threads)
[2025-04-30T08:36:30.994+0000][245.430s][info ][safepoint   ] Safepoint "Cleanup", Time since last: 2000290663 ns, Reaching safepoint: 173142 ns, Cleanup: 54126 ns, At safepoint: 22972 ns, Total: 250240 ns
[2025-04-30T08:36:32.995+0000][247.430s][debug][safepoint   ] Safepoint synchronization initiated using futex wait barrier. (235 threads)
[2025-04-30T08:36:32.995+0000][247.430s][info ][safepoint   ] Safepoint "Cleanup", Time since last: 2000476304 ns, Reaching safepoint: 176088 ns, Cleanup: 35861 ns, At safepoint: 22603 ns, Total: 234552 ns
[2025-04-30T08:36:33.995+0000][248.430s][debug][safepoint   ] Safepoint synchronization initiated using futex wait barrier. (235 threads)
[2025-04-30T08:36:33.995+0000][248.431s][info ][safepoint   ] Safepoint "Cleanup", Time since last: 1000235874 ns, Reaching safepoint: 184769 ns, Cleanup: 46616 ns, At safepoint: 32449 ns, Total: 263834 ns
[2025-04-30T08:36:34.996+0000][249.431s][debug][safepoint   ] Safepoint synchronization initiated using futex wait barrier. (235 threads)
[2025-04-30T08:36:34.996+0000][249.431s][info ][safepoint   ] Safepoint "Cleanup", Time since last: 1000236675 ns, Reaching safepoint: 234311 ns, Cleanup: 43698 ns, At safepoint: 24540 ns, Total: 302549 ns
[2025-04-30T08:36:35.996+0000][250.431s][debug][safepoint   ] Safepoint synchronization initiated using futex wait barrier. (235 threads)
[2025-04-30T08:36:35.996+0000][250.432s][info ][safepoint   ] Safepoint "Cleanup", Time since last: 1000200215 ns, Reaching safepoint: 213542 ns, Cleanup: 32365 ns, At safepoint: 23394 ns, Total: 269301 ns
[2025-04-30T08:36:37.998+0000][252.433s][debug][safepoint   ] Safepoint synchronization initiated using futex wait barrier. (235 threads)
[2025-04-30T08:36:37.998+0000][252.434s][info ][safepoint   ] Safepoint "Cleanup", Time since last: 2001655030 ns, Reaching safepoint: 169808 ns, Cleanup: 40163 ns, At safepoint: 21872 ns, Total: 231843 ns
[2025-04-30T08:36:38.998+0000][253.434s][debug][safepoint   ] Safepoint synchronization initiated using futex wait barrier. (235 threads)
[2025-04-30T08:36:38.999+0000][253.434s][info ][safepoint   ] Safepoint "Cleanup", Time since last: 1000194071 ns, Reaching safepoint: 158516 ns, Cleanup: 26233 ns, At safepoint: 18726 ns, Total: 203475 ns
[2025-04-30T08:36:39.999+0000][254.434s][debug][safepoint   ] Safepoint synchronization initiated using futex wait barrier. (235 threads)
[2025-04-30T08:36:39.999+0000][254.434s][info ][safepoint   ] Safepoint "Cleanup", Time since last: 1000146352 ns, Reaching safepoint: 81591 ns, Cleanup: 15366 ns, At safepoint: 6465 ns, Total: 103422 ns
[2025-04-30T08:36:40.999+0000][255.434s][debug][safepoint   ] Safepoint synchronization initiated using futex wait barrier. (235 threads)
[2025-04-30T08:36:40.999+0000][255.434s][info ][safepoint   ] Safepoint "Cleanup", Time since last: 1000088862 ns, Reaching safepoint: 106531 ns, Cleanup: 12441 ns, At safepoint: 6945 ns, Total: 125917 ns
[2025-04-30T08:36:41.999+0000][256.435s][debug][safepoint   ] Safepoint synchronization initiated using futex wait barrier. (235 threads)
[2025-04-30T08:36:41.999+0000][256.435s][info ][safepoint   ] Safepoint "Cleanup", Time since last: 1000090007 ns, Reaching safepoint: 79178 ns, Cleanup: 12585 ns, At safepoint: 5381 ns, Total: 97144 ns
[2025-04-30T08:36:42.999+0000][257.435s][debug][safepoint   ] Safepoint synchronization initiated using futex wait barrier. (235 threads)
[2025-04-30T08:36:43.000+0000][257.435s][info ][safepoint   ] Safepoint "Cleanup", Time since last: 1000101737 ns, Reaching safepoint: 95229 ns, Cleanup: 13397 ns, At safepoint: 6938 ns, Total: 115564 ns
[2025-04-30T08:36:44.000+0000][258.435s][debug][safepoint   ] Safepoint synchronization initiated using futex wait barrier. (235 threads)
[2025-04-30T08:36:44.000+0000][258.435s][info ][safepoint   ] Safepoint "Cleanup", Time since last: 1000103418 ns, Reaching safepoint: 99226 ns, Cleanup: 14605 ns, At safepoint: 6064 ns, Total: 119895 ns
[2025-04-30T08:36:45.000+0000][259.435s][debug][safepoint   ] Safepoint synchronization initiated using futex wait barrier. (235 threads)
[2025-04-30T08:36:45.000+0000][259.435s][info ][safepoint   ] Safepoint "Cleanup", Time since last: 1000109797 ns, Reaching safepoint: 97533 ns, Cleanup: 24889 ns, At safepoint: 11489 ns, Total: 133911 ns
[2025-04-30T08:36:46.000+0000][260.435s][debug][safepoint   ] Safepoint synchronization initiated using futex wait barrier. (235 threads)
[2025-04-30T08:36:46.000+0000][260.436s][info ][safepoint   ] Safepoint "Cleanup", Time since last: 1000113018 ns, Reaching safepoint: 49469 ns, Cleanup: 13612 ns, At safepoint: 3548 ns, Total: 66629 ns
[2025-04-30T08:36:47.000+0000][261.436s][debug][safepoint   ] Safepoint synchronization initiated using futex wait barrier. (235 threads)
[2025-04-30T08:36:47.000+0000][261.436s][info ][safepoint   ] Safepoint "Cleanup", Time since last: 1000093119 ns, Reaching safepoint: 79955 ns, Cleanup: 26159 ns, At safepoint: 6606 ns, Total: 112720 ns
[2025-04-30T08:36:48.001+0000][262.436s][debug][safepoint   ] Safepoint synchronization initiated using futex wait barrier. (235 threads)
[2025-04-30T08:36:48.001+0000][262.436s][info ][safepoint   ] Safepoint "Cleanup", Time since last: 1000450770 ns, Reaching safepoint: 154611 ns, Cleanup: 30056 ns, At safepoint: 12676 ns, Total: 197343 ns
[2025-04-30T08:36:49.001+0000][263.436s][debug][safepoint   ] Safepoint synchronization initiated using futex wait barrier. (234 threads)
[2025-04-30T08:36:49.001+0000][263.437s][info ][safepoint   ] Safepoint "Cleanup", Time since last: 1000093694 ns, Reaching safepoint: 85571 ns, Cleanup: 22253 ns, At safepoint: 7778 ns, Total: 115602 ns
[2025-04-30T08:36:50.001+0000][264.437s][debug][safepoint   ] Safepoint synchronization initiated using futex wait barrier. (234 threads)
[2025-04-30T08:36:50.002+0000][264.437s][info ][safepoint   ] Safepoint "Cleanup", Time since last: 1000157685 ns, Reaching safepoint: 191192 ns, Cleanup: 23730 ns, At safepoint: 22103 ns, Total: 237025 ns
[2025-04-30T08:36:53.002+0000][267.437s][debug][safepoint   ] Safepoint synchronization initiated using futex wait barrier. (234 threads)
[2025-04-30T08:36:53.002+0000][267.438s][info ][safepoint   ] Safepoint "Cleanup", Time since last: 3000475832 ns, Reaching safepoint: 162437 ns, Cleanup: 53502 ns, At safepoint: 31257 ns, Total: 247196 ns
[2025-04-30T08:36:54.003+0000][268.438s][debug][safepoint   ] Safepoint synchronization initiated using futex wait barrier. (234 threads)
[2025-04-30T08:36:54.003+0000][268.438s][info ][safepoint   ] Safepoint "Cleanup", Time since last: 1000211572 ns, Reaching safepoint: 159382 ns, Cleanup: 38262 ns, At safepoint: 18740 ns, Total: 216384 ns
[2025-04-30T08:36:55.003+0000][269.438s][debug][safepoint   ] Safepoint synchronization initiated using futex wait barrier. (233 threads)
[2025-04-30T08:36:55.003+0000][269.439s][info ][safepoint   ] Safepoint "Cleanup", Time since last: 1000225608 ns, Reaching safepoint: 153963 ns, Cleanup: 55970 ns, At safepoint: 22152 ns, Total: 232085 ns
[2025-04-30T08:37:01.004+0000][275.439s][debug][safepoint   ] Safepoint synchronization initiated using futex wait barrier. (233 threads)
[2025-04-30T08:37:01.004+0000][275.439s][info ][safepoint   ] Safepoint "Cleanup", Time since last: 6000703415 ns, Reaching safepoint: 68706 ns, Cleanup: 20582 ns, At safepoint: 5628 ns, Total: 94916 ns
[2025-04-30T08:37:04.005+0000][278.440s][debug][safepoint   ] Safepoint synchronization initiated using futex wait barrier. (233 threads)
[2025-04-30T08:37:04.005+0000][278.440s][info ][safepoint   ] Safepoint "Cleanup", Time since last: 3000441988 ns, Reaching safepoint: 194666 ns, Cleanup: 39261 ns, At safepoint: 26582 ns, Total: 260509 ns
[2025-04-30T08:37:06.005+0000][280.441s][debug][safepoint   ] Safepoint synchronization initiated using futex wait barrier. (233 threads)
[2025-04-30T08:37:06.005+0000][280.441s][info ][safepoint   ] Safepoint "Cleanup", Time since last: 2000409309 ns, Reaching safepoint: 171795 ns, Cleanup: 57029 ns, At safepoint: 61161 ns, Total: 289985 ns
[2025-04-30T08:37:07.006+0000][281.441s][debug][safepoint   ] Safepoint synchronization initiated using futex wait barrier. (233 threads)
[2025-04-30T08:37:07.006+0000][281.441s][info ][safepoint   ] Safepoint "Cleanup", Time since last: 1000143113 ns, Reaching safepoint: 45550 ns, Cleanup: 8915 ns, At safepoint: 4779 ns, Total: 59244 ns
[2025-04-30T08:37:08.006+0000][282.441s][debug][safepoint   ] Safepoint synchronization initiated using futex wait barrier. (233 threads)
[2025-04-30T08:37:08.006+0000][282.441s][info ][safepoint   ] Safepoint "Cleanup", Time since last: 1000139681 ns, Reaching safepoint: 156616 ns, Cleanup: 34803 ns, At safepoint: 23793 ns, Total: 215212 ns
[2025-04-30T08:37:12.007+0000][286.442s][debug][safepoint   ] Safepoint synchronization initiated using futex wait barrier. (232 threads)
[2025-04-30T08:37:12.007+0000][286.442s][info ][safepoint   ] Safepoint "Cleanup", Time since last: 4000602442 ns, Reaching safepoint: 173001 ns, Cleanup: 41958 ns, At safepoint: 17448 ns, Total: 232407 ns
[2025-04-30T08:37:13.007+0000][287.442s][debug][safepoint   ] Safepoint synchronization initiated using futex wait barrier. (232 threads)
[2025-04-30T08:37:13.007+0000][287.443s][info ][safepoint   ] Safepoint "Cleanup", Time since last: 1000203759 ns, Reaching safepoint: 210551 ns, Cleanup: 47364 ns, At safepoint: 22868 ns, Total: 280783 ns
[2025-04-30T08:37:15.117+0000][289.553s][debug][safepoint   ] Safepoint synchronization initiated using futex wait barrier. (232 threads)
[2025-04-30T08:37:15.118+0000][289.553s][info ][safepoint   ] Safepoint "Cleanup", Time since last: 2110107153 ns, Reaching safepoint: 176163 ns, Cleanup: 408165 ns, At safepoint: 46917 ns, Total: 631245 ns
[2025-04-30T08:37:16.365+0000][290.800s][debug][safepoint   ] Safepoint synchronization initiated using futex wait barrier. (232 threads)
[2025-04-30T08:37:16.365+0000][290.800s][info ][safepoint   ] Safepoint "Cleanup", Time since last: 1246480565 ns, Reaching safepoint: 64119 ns, Cleanup: 22430 ns, At safepoint: 5857 ns, Total: 92406 ns
[2025-04-30T08:37:19.365+0000][293.800s][debug][safepoint   ] Safepoint synchronization initiated using futex wait barrier. (233 threads)
[2025-04-30T08:37:19.365+0000][293.800s][info ][safepoint   ] Safepoint "Cleanup", Time since last: 3000215808 ns, Reaching safepoint: 64378 ns, Cleanup: 9612 ns, At safepoint: 6125 ns, Total: 80115 ns
[2025-04-30T08:37:20.294+0000][294.729s][debug][safepoint   ] Safepoint synchronization initiated using futex wait barrier. (233 threads)
[2025-04-30T08:37:20.294+0000][294.729s][info ][gc,start    ] GC(63) Pause Young (Normal) (G1 Evacuation Pause)
[2025-04-30T08:37:20.294+0000][294.729s][info ][gc,task     ] GC(63) Using 4 workers of 4 for evacuation
[2025-04-30T08:37:20.342+0000][294.777s][info ][gc,phases   ] GC(63)   Pre Evacuate Collection Set: 0.2ms
[2025-04-30T08:37:20.342+0000][294.777s][info ][gc,phases   ] GC(63)   Merge Heap Roots: 0.3ms
[2025-04-30T08:37:20.342+0000][294.777s][info ][gc,phases   ] GC(63)   Evacuate Collection Set: 44.8ms
[2025-04-30T08:37:20.342+0000][294.777s][info ][gc,phases   ] GC(63)   Post Evacuate Collection Set: 2.5ms
[2025-04-30T08:37:20.342+0000][294.777s][info ][gc,phases   ] GC(63)   Other: 0.2ms
[2025-04-30T08:37:20.342+0000][294.777s][info ][gc,heap     ] GC(63) Eden regions: 216->0(219)
[2025-04-30T08:37:20.342+0000][294.777s][info ][gc,heap     ] GC(63) Survivor regions: 18->13(30)
[2025-04-30T08:37:20.342+0000][294.777s][info ][gc,heap     ] GC(63) Old regions: 170->176
[2025-04-30T08:37:20.342+0000][294.777s][info ][gc,heap     ] GC(63) Archive regions: 2->2
[2025-04-30T08:37:20.342+0000][294.777s][info ][gc,heap     ] GC(63) Humongous regions: 0->0
[2025-04-30T08:37:20.342+0000][294.777s][info ][gc,metaspace] GC(63) Metaspace: 187984K(189376K)->187984K(189376K) NonClass: 165173K(165888K)->165173K(165888K) Class: 22810K(23488K)->22810K(23488K)
[2025-04-30T08:37:20.342+0000][294.777s][info ][gc          ] GC(63) Pause Young (Normal) (G1 Evacuation Pause) 404M->189M(474M) 48.103ms
[2025-04-30T08:37:20.342+0000][294.777s][info ][gc,cpu      ] GC(63) User=0.09s Sys=0.00s Real=0.05s
[2025-04-30T08:37:20.342+0000][294.778s][info ][safepoint   ] Safepoint "G1CollectForAllocation", Time since last: 928805811 ns, Reaching safepoint: 73802 ns, Cleanup: 12141 ns, At safepoint: 48659084 ns, Total: 48745027 ns
[2025-04-30T08:37:21.343+0000][295.778s][debug][safepoint   ] Safepoint synchronization initiated using futex wait barrier. (233 threads)
[2025-04-30T08:37:21.343+0000][295.778s][info ][safepoint   ] Safepoint "Cleanup", Time since last: 1000112363 ns, Reaching safepoint: 65714 ns, Cleanup: 22154 ns, At safepoint: 7167 ns, Total: 95035 ns
[2025-04-30T08:37:22.343+0000][296.778s][debug][safepoint   ] Safepoint synchronization initiated using futex wait barrier. (233 threads)
[2025-04-30T08:37:22.343+0000][296.778s][info ][safepoint   ] Safepoint "Cleanup", Time since last: 1000142502 ns, Reaching safepoint: 162494 ns, Cleanup: 44336 ns, At safepoint: 19320 ns, Total: 226150 ns
[2025-04-30T08:37:23.343+0000][297.779s][debug][safepoint   ] Safepoint synchronization initiated using futex wait barrier. (233 threads)
[2025-04-30T08:37:23.343+0000][297.779s][info ][safepoint   ] Safepoint "Cleanup", Time since last: 1000167752 ns, Reaching safepoint: 156022 ns, Cleanup: 46390 ns, At safepoint: 19933 ns, Total: 222345 ns
[2025-04-30T08:37:24.344+0000][298.779s][debug][safepoint   ] Safepoint synchronization initiated using futex wait barrier. (233 threads)
[2025-04-30T08:37:24.344+0000][298.779s][info ][safepoint   ] Safepoint "Cleanup", Time since last: 1000140489 ns, Reaching safepoint: 52276 ns, Cleanup: 10623 ns, At safepoint: 4405 ns, Total: 67304 ns
[2025-04-30T08:37:25.344+0000][299.779s][debug][safepoint   ] Safepoint synchronization initiated using futex wait barrier. (233 threads)
[2025-04-30T08:37:25.344+0000][299.779s][info ][safepoint   ] Safepoint "Cleanup", Time since last: 1000100453 ns, Reaching safepoint: 94182 ns, Cleanup: 14292 ns, At safepoint: 5683 ns, Total: 114157 ns
[2025-04-30T08:37:27.026+0000][301.462s][debug][safepoint   ] Safepoint synchronization initiated using futex wait barrier. (233 threads)
[2025-04-30T08:37:27.026+0000][301.462s][info ][safepoint   ] Safepoint "Cleanup", Time since last: 1682330898 ns, Reaching safepoint: 181593 ns, Cleanup: 71246 ns, At safepoint: 20097 ns, Total: 272936 ns
[2025-04-30T08:37:28.027+0000][302.462s][debug][safepoint   ] Safepoint synchronization initiated using futex wait barrier. (233 threads)
[2025-04-30T08:37:28.027+0000][302.462s][info ][safepoint   ] Safepoint "Cleanup", Time since last: 1000306654 ns, Reaching safepoint: 230938 ns, Cleanup: 37562 ns, At safepoint: 28759 ns, Total: 297259 ns
[2025-04-30T08:37:31.028+0000][305.463s][debug][safepoint   ] Safepoint synchronization initiated using futex wait barrier. (233 threads)
[2025-04-30T08:37:31.028+0000][305.463s][info ][safepoint   ] Safepoint "Cleanup", Time since last: 3000493803 ns, Reaching safepoint: 186516 ns, Cleanup: 28525 ns, At safepoint: 18990 ns, Total: 234031 ns
[2025-04-30T08:37:32.028+0000][306.463s][debug][safepoint   ] Safepoint synchronization initiated using futex wait barrier. (233 threads)
[2025-04-30T08:37:32.028+0000][306.464s][info ][safepoint   ] Safepoint "Cleanup", Time since last: 1000188723 ns, Reaching safepoint: 169220 ns, Cleanup: 30625 ns, At safepoint: 19774 ns, Total: 219619 ns
[2025-04-30T08:37:36.029+0000][310.464s][debug][safepoint   ] Safepoint synchronization initiated using futex wait barrier. (233 threads)
[2025-04-30T08:37:36.029+0000][310.464s][info ][safepoint   ] Safepoint "Cleanup", Time since last: 4000510964 ns, Reaching safepoint: 221977 ns, Cleanup: 31038 ns, At safepoint: 26601 ns, Total: 279616 ns
[2025-04-30T08:37:39.029+0000][313.465s][debug][safepoint   ] Safepoint synchronization initiated using futex wait barrier. (233 threads)
[2025-04-30T08:37:39.030+0000][313.465s][info ][safepoint   ] Safepoint "Cleanup", Time since last: 3000440222 ns, Reaching safepoint: 195948 ns, Cleanup: 39033 ns, At safepoint: 17103 ns, Total: 252084 ns
[2025-04-30T08:37:44.031+0000][318.466s][debug][safepoint   ] Safepoint synchronization initiated using futex wait barrier. (233 threads)
[2025-04-30T08:37:44.031+0000][318.466s][info ][safepoint   ] Safepoint "Cleanup", Time since last: 5000800422 ns, Reaching safepoint: 201503 ns, Cleanup: 33484 ns, At safepoint: 21085 ns, Total: 256072 ns
[2025-04-30T08:37:45.031+0000][319.466s][debug][safepoint   ] Safepoint synchronization initiated using futex wait barrier. (233 threads)
[2025-04-30T08:37:45.031+0000][319.467s][info ][safepoint   ] Safepoint "Cleanup", Time since last: 1000248260 ns, Reaching safepoint: 167177 ns, Cleanup: 27735 ns, At safepoint: 22523 ns, Total: 217435 ns
[2025-04-30T08:37:46.032+0000][320.467s][debug][safepoint   ] Safepoint synchronization initiated using futex wait barrier. (233 threads)
[2025-04-30T08:37:46.032+0000][320.467s][info ][safepoint   ] Safepoint "Cleanup", Time since last: 1000277737 ns, Reaching safepoint: 188479 ns, Cleanup: 31992 ns, At safepoint: 24176 ns, Total: 244647 ns
[2025-04-30T08:37:48.032+0000][322.467s][debug][safepoint   ] Safepoint synchronization initiated using futex wait barrier. (233 threads)
[2025-04-30T08:37:48.032+0000][322.468s][info ][safepoint   ] Safepoint "Cleanup", Time since last: 2000357454 ns, Reaching safepoint: 176710 ns, Cleanup: 28404 ns, At safepoint: 21186 ns, Total: 226300 ns
[2025-04-30T08:37:49.092+0000][323.527s][debug][safepoint   ] Safepoint synchronization initiated using futex wait barrier. (233 threads)
[2025-04-30T08:37:49.092+0000][323.528s][info ][safepoint   ] Safepoint "Cleanup", Time since last: 1059613926 ns, Reaching safepoint: 128238 ns, Cleanup: 50201 ns, At safepoint: 14989 ns, Total: 193428 ns
[2025-04-30T08:37:53.093+0000][327.528s][debug][safepoint   ] Safepoint synchronization initiated using futex wait barrier. (233 threads)
[2025-04-30T08:37:53.093+0000][327.528s][info ][safepoint   ] Safepoint "Cleanup", Time since last: 4000529004 ns, Reaching safepoint: 231384 ns, Cleanup: 49748 ns, At safepoint: 26432 ns, Total: 307564 ns
[2025-04-30T08:37:54.093+0000][328.529s][debug][safepoint   ] Safepoint synchronization initiated using futex wait barrier. (233 threads)
[2025-04-30T08:37:54.093+0000][328.529s][info ][safepoint   ] Safepoint "Cleanup", Time since last: 1000229326 ns, Reaching safepoint: 173650 ns, Cleanup: 77430 ns, At safepoint: 21097 ns, Total: 272177 ns
[2025-04-30T08:37:56.094+0000][330.529s][debug][safepoint   ] Safepoint synchronization initiated using futex wait barrier. (232 threads)
[2025-04-30T08:37:56.094+0000][330.529s][info ][safepoint   ] Safepoint "Cleanup", Time since last: 2000287223 ns, Reaching safepoint: 191596 ns, Cleanup: 32575 ns, At safepoint: 26291 ns, Total: 250462 ns
[2025-04-30T08:37:57.094+0000][331.530s][debug][safepoint   ] Safepoint synchronization initiated using futex wait barrier. (232 threads)
[2025-04-30T08:37:57.094+0000][331.530s][info ][safepoint   ] Safepoint "Cleanup", Time since last: 1000210087 ns, Reaching safepoint: 68412 ns, Cleanup: 9424 ns, At safepoint: 8875 ns, Total: 86711 ns
[2025-04-30T08:38:01.095+0000][335.530s][debug][safepoint   ] Safepoint synchronization initiated using futex wait barrier. (232 threads)
[2025-04-30T08:38:01.095+0000][335.530s][info ][safepoint   ] Safepoint "Cleanup", Time since last: 4000483638 ns, Reaching safepoint: 211717 ns, Cleanup: 32521 ns, At safepoint: 21656 ns, Total: 265894 ns
[2025-04-30T08:38:02.095+0000][336.531s][debug][safepoint   ] Safepoint synchronization initiated using futex wait barrier. (232 threads)
[2025-04-30T08:38:02.095+0000][336.531s][info ][safepoint   ] Safepoint "Cleanup", Time since last: 1000268399 ns, Reaching safepoint: 46435 ns, Cleanup: 12488 ns, At safepoint: 4383 ns, Total: 63306 ns
[2025-04-30T08:38:03.095+0000][337.531s][debug][safepoint   ] Safepoint synchronization initiated using futex wait barrier. (232 threads)
[2025-04-30T08:38:03.096+0000][337.531s][info ][safepoint   ] Safepoint "Cleanup", Time since last: 1000066072 ns, Reaching safepoint: 106950 ns, Cleanup: 18665 ns, At safepoint: 13088 ns, Total: 138703 ns
[2025-04-30T08:38:04.096+0000][338.531s][debug][safepoint   ] Safepoint synchronization initiated using futex wait barrier. (232 threads)
[2025-04-30T08:38:04.096+0000][338.531s][info ][safepoint   ] Safepoint "Cleanup", Time since last: 1000131812 ns, Reaching safepoint: 136833 ns, Cleanup: 23128 ns, At safepoint: 14463 ns, Total: 174424 ns
[2025-04-30T08:38:14.097+0000][348.533s][debug][safepoint   ] Safepoint synchronization initiated using futex wait barrier. (231 threads)
[2025-04-30T08:38:14.097+0000][348.533s][info ][safepoint   ] Safepoint "Cleanup", Time since last: 10001297503 ns, Reaching safepoint: 120270 ns, Cleanup: 27226 ns, At safepoint: 6860 ns, Total: 154356 ns
[2025-04-30T08:38:16.098+0000][350.533s][debug][safepoint   ] Safepoint synchronization initiated using futex wait barrier. (231 threads)
[2025-04-30T08:38:16.098+0000][350.533s][info ][safepoint   ] Safepoint "Cleanup", Time since last: 2000251962 ns, Reaching safepoint: 157481 ns, Cleanup: 24092 ns, At safepoint: 15325 ns, Total: 196898 ns
[2025-04-30T08:38:17.098+0000][351.533s][debug][safepoint   ] Safepoint synchronization initiated using futex wait barrier. (231 threads)
[2025-04-30T08:38:17.099+0000][351.534s][info ][safepoint   ] Safepoint "Cleanup", Time since last: 1000319849 ns, Reaching safepoint: 373947 ns, Cleanup: 24132 ns, At safepoint: 109971 ns, Total: 508050 ns
[2025-04-30T08:38:18.100+0000][352.536s][debug][safepoint   ] Safepoint synchronization initiated using futex wait barrier. (231 threads)
[2025-04-30T08:38:18.100+0000][352.536s][info ][safepoint   ] Safepoint "Cleanup", Time since last: 1001511454 ns, Reaching safepoint: 174588 ns, Cleanup: 34564 ns, At safepoint: 44531 ns, Total: 253683 ns
[2025-04-30T08:38:19.102+0000][353.537s][debug][safepoint   ] Safepoint synchronization initiated using futex wait barrier. (231 threads)
[2025-04-30T08:38:19.102+0000][353.537s][info ][safepoint   ] Safepoint "Cleanup", Time since last: 1001334924 ns, Reaching safepoint: 62545 ns, Cleanup: 20999 ns, At safepoint: 11839 ns, Total: 95383 ns
[2025-04-30T08:38:20.102+0000][354.537s][debug][safepoint   ] Safepoint synchronization initiated using futex wait barrier. (231 threads)
[2025-04-30T08:38:20.102+0000][354.537s][info ][safepoint   ] Safepoint "Cleanup", Time since last: 1000101349 ns, Reaching safepoint: 98214 ns, Cleanup: 20487 ns, At safepoint: 9497 ns, Total: 128198 ns
[2025-04-30T08:38:21.102+0000][355.538s][debug][safepoint   ] Safepoint synchronization initiated using futex wait barrier. (231 threads)
[2025-04-30T08:38:21.103+0000][355.538s][info ][safepoint   ] Safepoint "Cleanup", Time since last: 1000287515 ns, Reaching safepoint: 347039 ns, Cleanup: 19747 ns, At safepoint: 20702 ns, Total: 387488 ns
[2025-04-30T08:38:23.103+0000][357.538s][debug][safepoint   ] Safepoint synchronization initiated using futex wait barrier. (231 threads)
[2025-04-30T08:38:23.103+0000][357.539s][info ][safepoint   ] Safepoint "Cleanup", Time since last: 2000353182 ns, Reaching safepoint: 155961 ns, Cleanup: 20625 ns, At safepoint: 23477 ns, Total: 200063 ns
[2025-04-30T08:38:25.104+0000][359.539s][debug][safepoint   ] Safepoint synchronization initiated using futex wait barrier. (231 threads)
[2025-04-30T08:38:25.104+0000][359.539s][info ][safepoint   ] Safepoint "Cleanup", Time since last: 2000344399 ns, Reaching safepoint: 147698 ns, Cleanup: 30604 ns, At safepoint: 17552 ns, Total: 195854 ns
[2025-04-30T08:38:27.057+0000][361.493s][debug][safepoint   ] Safepoint synchronization initiated using futex wait barrier. (231 threads)
[2025-04-30T08:38:27.058+0000][361.493s][info ][safepoint   ] Safepoint "Cleanup", Time since last: 1953475449 ns, Reaching safepoint: 210584 ns, Cleanup: 57600 ns, At safepoint: 20800 ns, Total: 288984 ns
[2025-04-30T08:38:28.058+0000][362.493s][debug][safepoint   ] Safepoint synchronization initiated using futex wait barrier. (231 threads)
[2025-04-30T08:38:28.058+0000][362.493s][info ][safepoint   ] Safepoint "Cleanup", Time since last: 1000154790 ns, Reaching safepoint: 76733 ns, Cleanup: 14229 ns, At safepoint: 6909 ns, Total: 97871 ns
[2025-04-30T08:38:31.058+0000][365.494s][debug][safepoint   ] Safepoint synchronization initiated using futex wait barrier. (231 threads)
[2025-04-30T08:38:31.058+0000][365.494s][info ][safepoint   ] Safepoint "Cleanup", Time since last: 3000417528 ns, Reaching safepoint: 45233 ns, Cleanup: 11160 ns, At safepoint: 3846 ns, Total: 60239 ns
[2025-04-30T08:38:36.059+0000][370.494s][debug][safepoint   ] Safepoint synchronization initiated using futex wait barrier. (231 threads)
[2025-04-30T08:38:36.059+0000][370.495s][info ][safepoint   ] Safepoint "Cleanup", Time since last: 5000685508 ns, Reaching safepoint: 183218 ns, Cleanup: 39580 ns, At safepoint: 19127 ns, Total: 241925 ns
[2025-04-30T08:38:36.915+0000][371.350s][debug][safepoint   ] Safepoint synchronization initiated using futex wait barrier. (232 threads)
[2025-04-30T08:38:36.917+0000][371.352s][info ][safepoint   ] Safepoint "ICBufferFull", Time since last: 855610869 ns, Reaching safepoint: 277102 ns, Cleanup: 186293 ns, At safepoint: 1658556 ns, Total: 2121951 ns
[2025-04-30T08:38:37.917+0000][372.353s][debug][safepoint   ] Safepoint synchronization initiated using futex wait barrier. (233 threads)
[2025-04-30T08:38:37.917+0000][372.353s][info ][safepoint   ] Safepoint "Cleanup", Time since last: 1000183350 ns, Reaching safepoint: 58041 ns, Cleanup: 55598 ns, At safepoint: 9180 ns, Total: 122819 ns
[2025-04-30T08:38:39.918+0000][374.353s][debug][safepoint   ] Safepoint synchronization initiated using futex wait barrier. (233 threads)
[2025-04-30T08:38:39.918+0000][374.353s][info ][safepoint   ] Safepoint "Cleanup", Time since last: 2000219653 ns, Reaching safepoint: 54007 ns, Cleanup: 17185 ns, At safepoint: 4705 ns, Total: 75897 ns
[2025-04-30T08:38:40.918+0000][375.353s][debug][safepoint   ] Safepoint synchronization initiated using futex wait barrier. (233 threads)
[2025-04-30T08:38:40.918+0000][375.353s][info ][safepoint   ] Safepoint "Cleanup", Time since last: 1000089850 ns, Reaching safepoint: 54336 ns, Cleanup: 9862 ns, At safepoint: 4180 ns, Total: 68378 ns
[2025-04-30T08:38:41.918+0000][376.353s][debug][safepoint   ] Safepoint synchronization initiated using futex wait barrier. (233 threads)
[2025-04-30T08:38:41.918+0000][376.353s][info ][safepoint   ] Safepoint "Cleanup", Time since last: 1000080305 ns, Reaching safepoint: 58312 ns, Cleanup: 11181 ns, At safepoint: 10442 ns, Total: 79935 ns
[2025-04-30T08:38:42.918+0000][377.353s][debug][safepoint   ] Safepoint synchronization initiated using futex wait barrier. (233 threads)
[2025-04-30T08:38:42.918+0000][377.353s][info ][safepoint   ] Safepoint "Cleanup", Time since last: 1000119143 ns, Reaching safepoint: 80922 ns, Cleanup: 18580 ns, At safepoint: 9983 ns, Total: 109485 ns
[2025-04-30T08:38:45.918+0000][380.354s][debug][safepoint   ] Safepoint synchronization initiated using futex wait barrier. (233 threads)
[2025-04-30T08:38:45.919+0000][380.354s][info ][safepoint   ] Safepoint "Cleanup", Time since last: 3000299744 ns, Reaching safepoint: 63091 ns, Cleanup: 15174 ns, At safepoint: 9517 ns, Total: 87782 ns
[2025-04-30T08:38:47.245+0000][381.681s][debug][safepoint   ] Safepoint synchronization initiated using futex wait barrier. (234 threads)
[2025-04-30T08:38:47.246+0000][381.681s][info ][safepoint   ] Safepoint "Cleanup", Time since last: 1326923391 ns, Reaching safepoint: 68222 ns, Cleanup: 47970 ns, At safepoint: 12772 ns, Total: 128964 ns
[2025-04-30T08:38:48.246+0000][382.681s][debug][safepoint   ] Safepoint synchronization initiated using futex wait barrier. (234 threads)
[2025-04-30T08:38:48.246+0000][382.681s][info ][safepoint   ] Safepoint "Cleanup", Time since last: 1000114902 ns, Reaching safepoint: 137059 ns, Cleanup: 262024 ns, At safepoint: 39237 ns, Total: 438320 ns
[2025-04-30T08:38:49.246+0000][383.682s][debug][safepoint   ] Safepoint synchronization initiated using futex wait barrier. (234 threads)
[2025-04-30T08:38:49.247+0000][383.682s][info ][safepoint   ] Safepoint "Cleanup", Time since last: 1000215408 ns, Reaching safepoint: 176634 ns, Cleanup: 52902 ns, At safepoint: 14495 ns, Total: 244031 ns
[2025-04-30T08:38:50.247+0000][384.682s][debug][safepoint   ] Safepoint synchronization initiated using futex wait barrier. (234 threads)
[2025-04-30T08:38:50.247+0000][384.682s][info ][safepoint   ] Safepoint "Cleanup", Time since last: 1000213087 ns, Reaching safepoint: 72433 ns, Cleanup: 11348 ns, At safepoint: 5834 ns, Total: 89615 ns
[2025-04-30T08:38:52.247+0000][386.682s][debug][safepoint   ] Safepoint synchronization initiated using futex wait barrier. (234 threads)
[2025-04-30T08:38:52.247+0000][386.683s][info ][safepoint   ] Safepoint "Cleanup", Time since last: 2000204833 ns, Reaching safepoint: 69628 ns, Cleanup: 11828 ns, At safepoint: 5784 ns, Total: 87240 ns
[2025-04-30T08:38:53.247+0000][387.683s][debug][safepoint   ] Safepoint synchronization initiated using futex wait barrier. (234 threads)
[2025-04-30T08:38:53.247+0000][387.683s][info ][safepoint   ] Safepoint "Cleanup", Time since last: 1000084968 ns, Reaching safepoint: 63297 ns, Cleanup: 13732 ns, At safepoint: 5572 ns, Total: 82601 ns
[2025-04-30T08:38:54.247+0000][388.683s][debug][safepoint   ] Safepoint synchronization initiated using futex wait barrier. (234 threads)
[2025-04-30T08:38:54.248+0000][388.683s][info ][safepoint   ] Safepoint "Cleanup", Time since last: 1000091127 ns, Reaching safepoint: 139154 ns, Cleanup: 13669 ns, At safepoint: 18912 ns, Total: 171735 ns
[2025-04-30T08:38:55.248+0000][389.684s][debug][safepoint   ] Safepoint synchronization initiated using futex wait barrier. (234 threads)
[2025-04-30T08:38:55.248+0000][389.684s][info ][safepoint   ] Safepoint "Cleanup", Time since last: 1000583002 ns, Reaching safepoint: 73624 ns, Cleanup: 11095 ns, At safepoint: 5383 ns, Total: 90102 ns
[2025-04-30T08:38:56.248+0000][390.684s][debug][safepoint   ] Safepoint synchronization initiated using futex wait barrier. (234 threads)
[2025-04-30T08:38:56.249+0000][390.684s][info ][safepoint   ] Safepoint "Cleanup", Time since last: 1000108695 ns, Reaching safepoint: 100288 ns, Cleanup: 15234 ns, At safepoint: 4856 ns, Total: 120378 ns
[2025-04-30T08:38:59.249+0000][393.684s][debug][safepoint   ] Safepoint synchronization initiated using futex wait barrier. (234 threads)
[2025-04-30T08:38:59.249+0000][393.684s][info ][safepoint   ] Safepoint "Cleanup", Time since last: 3000382373 ns, Reaching safepoint: 79162 ns, Cleanup: 12703 ns, At safepoint: 6992 ns, Total: 98857 ns
[2025-04-30T08:39:00.249+0000][394.684s][debug][safepoint   ] Safepoint synchronization initiated using futex wait barrier. (234 threads)
[2025-04-30T08:39:00.249+0000][394.685s][info ][safepoint   ] Safepoint "Cleanup", Time since last: 1000097443 ns, Reaching safepoint: 72168 ns, Cleanup: 40225 ns, At safepoint: 13962 ns, Total: 126355 ns
[2025-04-30T08:39:01.249+0000][395.685s][debug][safepoint   ] Safepoint synchronization initiated using futex wait barrier. (234 threads)
[2025-04-30T08:39:01.249+0000][395.685s][info ][safepoint   ] Safepoint "Cleanup", Time since last: 1000098439 ns, Reaching safepoint: 65446 ns, Cleanup: 9666 ns, At safepoint: 6242 ns, Total: 81354 ns
[2025-04-30T08:39:02.250+0000][396.685s][debug][safepoint   ] Safepoint synchronization initiated using futex wait barrier. (234 threads)
[2025-04-30T08:39:02.250+0000][396.686s][info ][safepoint   ] Safepoint "Cleanup", Time since last: 1000169131 ns, Reaching safepoint: 544880 ns, Cleanup: 34863 ns, At safepoint: 15592 ns, Total: 595335 ns
[2025-04-30T08:39:04.250+0000][398.686s][debug][safepoint   ] Safepoint synchronization initiated using futex wait barrier. (234 threads)
[2025-04-30T08:39:04.250+0000][398.686s][info ][safepoint   ] Safepoint "Cleanup", Time since last: 2000182434 ns, Reaching safepoint: 87482 ns, Cleanup: 15545 ns, At safepoint: 5582 ns, Total: 108609 ns
[2025-04-30T08:39:06.251+0000][400.686s][debug][safepoint   ] Safepoint synchronization initiated using futex wait barrier. (234 threads)
[2025-04-30T08:39:06.251+0000][400.686s][info ][safepoint   ] Safepoint "Cleanup", Time since last: 2000156441 ns, Reaching safepoint: 361176 ns, Cleanup: 18739 ns, At safepoint: 82685 ns, Total: 462600 ns
[2025-04-30T08:39:07.251+0000][401.687s][debug][safepoint   ] Safepoint synchronization initiated using futex wait barrier. (234 threads)
[2025-04-30T08:39:07.251+0000][401.687s][info ][safepoint   ] Safepoint "Cleanup", Time since last: 1000124326 ns, Reaching safepoint: 102591 ns, Cleanup: 18141 ns, At safepoint: 18135 ns, Total: 138867 ns
[2025-04-30T08:39:11.253+0000][405.688s][debug][safepoint   ] Safepoint synchronization initiated using futex wait barrier. (234 threads)
[2025-04-30T08:39:11.253+0000][405.689s][info ][safepoint   ] Safepoint "Cleanup", Time since last: 4001746942 ns, Reaching safepoint: 114895 ns, Cleanup: 18390 ns, At safepoint: 13896 ns, Total: 147181 ns
[2025-04-30T08:39:12.253+0000][406.689s][debug][safepoint   ] Safepoint synchronization initiated using futex wait barrier. (234 threads)
[2025-04-30T08:39:12.254+0000][406.689s][info ][safepoint   ] Safepoint "Cleanup", Time since last: 1000147616 ns, Reaching safepoint: 116030 ns, Cleanup: 21764 ns, At safepoint: 10837 ns, Total: 148631 ns
[2025-04-30T08:39:13.254+0000][407.689s][debug][safepoint   ] Safepoint synchronization initiated using futex wait barrier. (234 threads)
[2025-04-30T08:39:13.254+0000][407.689s][info ][safepoint   ] Safepoint "Cleanup", Time since last: 1000109353 ns, Reaching safepoint: 71923 ns, Cleanup: 12457 ns, At safepoint: 4686 ns, Total: 89066 ns
[2025-04-30T08:39:15.254+0000][409.689s][debug][safepoint   ] Safepoint synchronization initiated using futex wait barrier. (234 threads)
[2025-04-30T08:39:15.254+0000][409.689s][info ][safepoint   ] Safepoint "Cleanup", Time since last: 2000246170 ns, Reaching safepoint: 65490 ns, Cleanup: 55969 ns, At safepoint: 4650 ns, Total: 126109 ns
[2025-04-30T08:39:16.254+0000][410.690s][debug][safepoint   ] Safepoint synchronization initiated using futex wait barrier. (234 threads)
[2025-04-30T08:39:16.254+0000][410.690s][info ][safepoint   ] Safepoint "Cleanup", Time since last: 1000081109 ns, Reaching safepoint: 72492 ns, Cleanup: 23733 ns, At safepoint: 6733 ns, Total: 102958 ns
[2025-04-30T08:39:17.254+0000][411.690s][debug][safepoint   ] Safepoint synchronization initiated using futex wait barrier. (234 threads)
[2025-04-30T08:39:17.254+0000][411.690s][info ][safepoint   ] Safepoint "Cleanup", Time since last: 1000093757 ns, Reaching safepoint: 100927 ns, Cleanup: 13412 ns, At safepoint: 6312 ns, Total: 120651 ns
[2025-04-30T08:39:18.255+0000][412.690s][debug][safepoint   ] Safepoint synchronization initiated using futex wait barrier. (234 threads)
[2025-04-30T08:39:18.255+0000][412.690s][info ][safepoint   ] Safepoint "Cleanup", Time since last: 1000209691 ns, Reaching safepoint: 187631 ns, Cleanup: 46097 ns, At safepoint: 16242 ns, Total: 249970 ns
[2025-04-30T08:39:22.258+0000][416.693s][debug][safepoint   ] Safepoint synchronization initiated using futex wait barrier. (234 threads)
[2025-04-30T08:39:22.258+0000][416.694s][info ][safepoint   ] Safepoint "Cleanup", Time since last: 4002924144 ns, Reaching safepoint: 252012 ns, Cleanup: 38222 ns, At safepoint: 24216 ns, Total: 314450 ns
[2025-04-30T08:39:23.258+0000][417.694s][debug][safepoint   ] Safepoint synchronization initiated using futex wait barrier. (234 threads)
[2025-04-30T08:39:23.259+0000][417.694s][info ][safepoint   ] Safepoint "Cleanup", Time since last: 1000273340 ns, Reaching safepoint: 228931 ns, Cleanup: 36351 ns, At safepoint: 24758 ns, Total: 290040 ns
[2025-04-30T08:39:26.083+0000][420.518s][debug][safepoint   ] Safepoint synchronization initiated using futex wait barrier. (234 threads)
[2025-04-30T08:39:26.083+0000][420.518s][info ][safepoint   ] Safepoint "Cleanup", Time since last: 2823785063 ns, Reaching safepoint: 145543 ns, Cleanup: 28164 ns, At safepoint: 18211 ns, Total: 191918 ns
[2025-04-30T08:39:31.083+0000][425.519s][debug][safepoint   ] Safepoint synchronization initiated using futex wait barrier. (234 threads)
[2025-04-30T08:39:31.084+0000][425.519s][info ][safepoint   ] Safepoint "Cleanup", Time since last: 5000676353 ns, Reaching safepoint: 164429 ns, Cleanup: 22632 ns, At safepoint: 15772 ns, Total: 202833 ns
[2025-04-30T08:39:34.408+0000][428.843s][debug][safepoint   ] Safepoint synchronization initiated using futex wait barrier. (234 threads)
[2025-04-30T08:39:34.408+0000][428.844s][info ][gc,start    ] GC(64) Pause Young (Normal) (G1 Evacuation Pause)
[2025-04-30T08:39:34.408+0000][428.844s][info ][gc,task     ] GC(64) Using 4 workers of 4 for evacuation
[2025-04-30T08:39:34.435+0000][428.871s][info ][gc,phases   ] GC(64)   Pre Evacuate Collection Set: 0.4ms
[2025-04-30T08:39:34.436+0000][428.871s][info ][gc,phases   ] GC(64)   Merge Heap Roots: 0.3ms
[2025-04-30T08:39:34.436+0000][428.871s][info ][gc,phases   ] GC(64)   Evacuate Collection Set: 24.7ms
[2025-04-30T08:39:34.436+0000][428.871s][info ][gc,phases   ] GC(64)   Post Evacuate Collection Set: 1.6ms
[2025-04-30T08:39:34.436+0000][428.871s][info ][gc,phases   ] GC(64)   Other: 0.3ms
[2025-04-30T08:39:34.436+0000][428.871s][info ][gc,heap     ] GC(64) Eden regions: 219->0(221)
[2025-04-30T08:39:34.436+0000][428.871s][info ][gc,heap     ] GC(64) Survivor regions: 13->13(29)
[2025-04-30T08:39:34.436+0000][428.871s][info ][gc,heap     ] GC(64) Old regions: 176->176
[2025-04-30T08:39:34.436+0000][428.871s][info ][gc,heap     ] GC(64) Archive regions: 2->2
[2025-04-30T08:39:34.436+0000][428.871s][info ][gc,heap     ] GC(64) Humongous regions: 0->0
[2025-04-30T08:39:34.436+0000][428.871s][info ][gc,metaspace] GC(64) Metaspace: 189504K(190912K)->189504K(190912K) NonClass: 166543K(167232K)->166543K(167232K) Class: 22961K(23680K)->22961K(23680K)
[2025-04-30T08:39:34.436+0000][428.871s][info ][gc          ] GC(64) Pause Young (Normal) (G1 Evacuation Pause) 408M->189M(474M) 27.334ms
[2025-04-30T08:39:34.436+0000][428.871s][info ][gc,cpu      ] GC(64) User=0.06s Sys=0.01s Real=0.03s
[2025-04-30T08:39:34.436+0000][428.871s][info ][safepoint   ] Safepoint "G1CollectForAllocation", Time since last: 3324456172 ns, Reaching safepoint: 149378 ns, Cleanup: 8117 ns, At safepoint: 27639890 ns, Total: 27797385 ns
[2025-04-30T08:39:35.436+0000][429.871s][debug][safepoint   ] Safepoint synchronization initiated using futex wait barrier. (234 threads)
[2025-04-30T08:39:35.436+0000][429.871s][info ][safepoint   ] Safepoint "Cleanup", Time since last: 1000082064 ns, Reaching safepoint: 59666 ns, Cleanup: 9392 ns, At safepoint: 15504 ns, Total: 84562 ns
[2025-04-30T08:39:38.436+0000][432.872s][debug][safepoint   ] Safepoint synchronization initiated using futex wait barrier. (231 threads)
[2025-04-30T08:39:38.436+0000][432.872s][info ][safepoint   ] Safepoint "Cleanup", Time since last: 3000229819 ns, Reaching safepoint: 50134 ns, Cleanup: 9308 ns, At safepoint: 4203 ns, Total: 63645 ns
[2025-04-30T08:39:40.436+0000][434.872s][debug][safepoint   ] Safepoint synchronization initiated using futex wait barrier. (231 threads)
[2025-04-30T08:39:40.437+0000][434.872s][info ][safepoint   ] Safepoint "Cleanup", Time since last: 2000112649 ns, Reaching safepoint: 70755 ns, Cleanup: 16625 ns, At safepoint: 6562 ns, Total: 93942 ns
[2025-04-30T08:39:41.437+0000][435.872s][debug][safepoint   ] Safepoint synchronization initiated using futex wait barrier. (231 threads)
[2025-04-30T08:39:41.437+0000][435.872s][info ][safepoint   ] Safepoint "Cleanup", Time since last: 1000084418 ns, Reaching safepoint: 86190 ns, Cleanup: 17025 ns, At safepoint: 7488 ns, Total: 110703 ns
[2025-04-30T08:39:45.437+0000][439.872s][debug][safepoint   ] Safepoint synchronization initiated using futex wait barrier. (231 threads)
[2025-04-30T08:39:45.437+0000][439.872s][info ][safepoint   ] Safepoint "Cleanup", Time since last: 4000290662 ns, Reaching safepoint: 94902 ns, Cleanup: 16271 ns, At safepoint: 6827 ns, Total: 118000 ns
[2025-04-30T08:39:51.438+0000][445.873s][debug][safepoint   ] Safepoint synchronization initiated using futex wait barrier. (231 threads)
[2025-04-30T08:39:51.438+0000][445.873s][info ][safepoint   ] Safepoint "Cleanup", Time since last: 6000457386 ns, Reaching safepoint: 61653 ns, Cleanup: 11605 ns, At safepoint: 4943 ns, Total: 78201 ns
[2025-04-30T08:39:52.438+0000][446.873s][debug][safepoint   ] Safepoint synchronization initiated using futex wait barrier. (231 threads)
[2025-04-30T08:39:52.438+0000][446.873s][info ][safepoint   ] Safepoint "Cleanup", Time since last: 1000085961 ns, Reaching safepoint: 94647 ns, Cleanup: 17544 ns, At safepoint: 7269 ns, Total: 119460 ns
[2025-04-30T08:39:53.438+0000][447.873s][debug][safepoint   ] Safepoint synchronization initiated using futex wait barrier. (231 threads)
[2025-04-30T08:39:53.438+0000][447.874s][info ][safepoint   ] Safepoint "Cleanup", Time since last: 1000112501 ns, Reaching safepoint: 142435 ns, Cleanup: 24982 ns, At safepoint: 15097 ns, Total: 182514 ns
[2025-04-30T08:39:54.438+0000][448.874s][debug][safepoint   ] Safepoint synchronization initiated using futex wait barrier. (231 threads)
[2025-04-30T08:39:54.439+0000][448.874s][debug][safepoint   ] ... found polling page loop exception at pc = 0x00007b2ad9b5ad7a, stub =0x00007b2ad898e400
[2025-04-30T08:39:54.439+0000][448.874s][info ][safepoint   ] Safepoint "Cleanup", Time since last: 1000139619 ns, Reaching safepoint: 467217 ns, Cleanup: 35066 ns, At safepoint: 289200 ns, Total: 791483 ns
[2025-04-30T08:39:55.439+0000][449.875s][debug][safepoint   ] Safepoint synchronization initiated using futex wait barrier. (231 threads)
[2025-04-30T08:39:55.440+0000][449.875s][info ][safepoint   ] Safepoint "Cleanup", Time since last: 1000201193 ns, Reaching safepoint: 191842 ns, Cleanup: 30491 ns, At safepoint: 16676 ns, Total: 239009 ns
[2025-04-30T08:39:59.440+0000][453.876s][debug][safepoint   ] Safepoint synchronization initiated using futex wait barrier. (231 threads)
[2025-04-30T08:39:59.440+0000][453.876s][info ][safepoint   ] Safepoint "Cleanup", Time since last: 4000614950 ns, Reaching safepoint: 100498 ns, Cleanup: 10459 ns, At safepoint: 5165 ns, Total: 116122 ns
[2025-04-30T08:40:03.441+0000][457.876s][debug][safepoint   ] Safepoint synchronization initiated using futex wait barrier. (231 threads)
[2025-04-30T08:40:03.441+0000][457.876s][info ][safepoint   ] Safepoint "Cleanup", Time since last: 4000346415 ns, Reaching safepoint: 81328 ns, Cleanup: 12201 ns, At safepoint: 5906 ns, Total: 99435 ns
[2025-04-30T08:40:05.441+0000][459.876s][debug][safepoint   ] Safepoint synchronization initiated using futex wait barrier. (231 threads)
[2025-04-30T08:40:05.441+0000][459.876s][info ][safepoint   ] Safepoint "Cleanup", Time since last: 2000135421 ns, Reaching safepoint: 49929 ns, Cleanup: 10797 ns, At safepoint: 3258 ns, Total: 63984 ns
[2025-04-30T08:40:06.441+0000][460.877s][debug][safepoint   ] Safepoint synchronization initiated using futex wait barrier. (231 threads)
[2025-04-30T08:40:06.441+0000][460.877s][info ][safepoint   ] Safepoint "Cleanup", Time since last: 1000236079 ns, Reaching safepoint: 118623 ns, Cleanup: 20973 ns, At safepoint: 10562 ns, Total: 150158 ns
[2025-04-30T08:40:08.442+0000][462.877s][debug][safepoint   ] Safepoint synchronization initiated using futex wait barrier. (231 threads)
[2025-04-30T08:40:08.442+0000][462.877s][info ][safepoint   ] Safepoint "Cleanup", Time since last: 2000283824 ns, Reaching safepoint: 50523 ns, Cleanup: 13356 ns, At safepoint: 3546 ns, Total: 67425 ns
[2025-04-30T08:40:11.442+0000][465.877s][debug][safepoint   ] Safepoint synchronization initiated using futex wait barrier. (231 threads)
[2025-04-30T08:40:11.442+0000][465.877s][info ][safepoint   ] Safepoint "Cleanup", Time since last: 3000279906 ns, Reaching safepoint: 65599 ns, Cleanup: 11563 ns, At safepoint: 4241 ns, Total: 81403 ns
[2025-04-30T08:40:13.442+0000][467.877s][debug][safepoint   ] Safepoint synchronization initiated using futex wait barrier. (231 threads)
[2025-04-30T08:40:13.442+0000][467.878s][info ][safepoint   ] Safepoint "Cleanup", Time since last: 2000109472 ns, Reaching safepoint: 103788 ns, Cleanup: 16210 ns, At safepoint: 7136 ns, Total: 127134 ns
[2025-04-30T08:40:15.442+0000][469.878s][debug][safepoint   ] Safepoint synchronization initiated using futex wait barrier. (231 threads)
[2025-04-30T08:40:15.443+0000][469.878s][info ][safepoint   ] Safepoint "Cleanup", Time since last: 2000152927 ns, Reaching safepoint: 109840 ns, Cleanup: 10741 ns, At safepoint: 4812 ns, Total: 125393 ns
[2025-04-30T08:40:17.219+0000][471.655s][debug][safepoint   ] Safepoint synchronization initiated using futex wait barrier. (231 threads)
[2025-04-30T08:40:17.220+0000][471.655s][info ][safepoint   ] Safepoint "Cleanup", Time since last: 1776917509 ns, Reaching safepoint: 139000 ns, Cleanup: 101226 ns, At safepoint: 57569 ns, Total: 297795 ns
[2025-04-30T08:40:18.220+0000][472.655s][debug][safepoint   ] Safepoint synchronization initiated using futex wait barrier. (231 threads)
[2025-04-30T08:40:18.220+0000][472.655s][info ][safepoint   ] Safepoint "Cleanup", Time since last: 1000127997 ns, Reaching safepoint: 64958 ns, Cleanup: 10432 ns, At safepoint: 5373 ns, Total: 80763 ns
[2025-04-30T08:40:19.220+0000][473.656s][debug][safepoint   ] Safepoint synchronization initiated using futex wait barrier. (231 threads)
[2025-04-30T08:40:19.221+0000][473.656s][info ][safepoint   ] Safepoint "Cleanup", Time since last: 1000287509 ns, Reaching safepoint: 662979 ns, Cleanup: 40003 ns, At safepoint: 25052 ns, Total: 728034 ns
[2025-04-30T08:40:22.221+0000][476.657s][debug][safepoint   ] Safepoint synchronization initiated using futex wait barrier. (231 threads)
[2025-04-30T08:40:22.222+0000][476.657s][info ][safepoint   ] Safepoint "Cleanup", Time since last: 3000360134 ns, Reaching safepoint: 188907 ns, Cleanup: 57937 ns, At safepoint: 23792 ns, Total: 270636 ns
[2025-04-30T08:40:23.222+0000][477.657s][debug][safepoint   ] Safepoint synchronization initiated using futex wait barrier. (231 threads)
[2025-04-30T08:40:23.222+0000][477.657s][info ][safepoint   ] Safepoint "Cleanup", Time since last: 1000205371 ns, Reaching safepoint: 93670 ns, Cleanup: 14797 ns, At safepoint: 6545 ns, Total: 115012 ns
[2025-04-30T08:40:25.222+0000][479.657s][debug][safepoint   ] Safepoint synchronization initiated using futex wait barrier. (231 threads)
[2025-04-30T08:40:25.222+0000][479.658s][info ][safepoint   ] Safepoint "Cleanup", Time since last: 2000193633 ns, Reaching safepoint: 175748 ns, Cleanup: 113669 ns, At safepoint: 72921 ns, Total: 362338 ns
[2025-04-30T08:40:27.115+0000][481.550s][debug][safepoint   ] Safepoint synchronization initiated using futex wait barrier. (231 threads)
[2025-04-30T08:40:27.115+0000][481.550s][info ][safepoint   ] Safepoint "Cleanup", Time since last: 1892323965 ns, Reaching safepoint: 149112 ns, Cleanup: 22412 ns, At safepoint: 12992 ns, Total: 184516 ns
[2025-04-30T08:40:28.115+0000][482.551s][debug][safepoint   ] Safepoint synchronization initiated using futex wait barrier. (231 threads)
[2025-04-30T08:40:28.116+0000][482.551s][info ][safepoint   ] Safepoint "Cleanup", Time since last: 1000343417 ns, Reaching safepoint: 209932 ns, Cleanup: 54431 ns, At safepoint: 14619 ns, Total: 278982 ns
[2025-04-30T08:40:29.116+0000][483.551s][debug][safepoint   ] Safepoint synchronization initiated using futex wait barrier. (231 threads)
[2025-04-30T08:40:29.116+0000][483.551s][info ][safepoint   ] Safepoint "Cleanup", Time since last: 1000178015 ns, Reaching safepoint: 134959 ns, Cleanup: 25788 ns, At safepoint: 14637 ns, Total: 175384 ns
[2025-04-30T08:40:33.116+0000][487.552s][debug][safepoint   ] Safepoint synchronization initiated using futex wait barrier. (231 threads)
[2025-04-30T08:40:33.117+0000][487.552s][info ][safepoint   ] Safepoint "Cleanup", Time since last: 4000482244 ns, Reaching safepoint: 74787 ns, Cleanup: 19427 ns, At safepoint: 7185 ns, Total: 101399 ns
[2025-04-30T08:40:34.117+0000][488.552s][debug][safepoint   ] Safepoint synchronization initiated using futex wait barrier. (231 threads)
[2025-04-30T08:40:34.117+0000][488.552s][info ][safepoint   ] Safepoint "Cleanup", Time since last: 1000130792 ns, Reaching safepoint: 163568 ns, Cleanup: 30497 ns, At safepoint: 19033 ns, Total: 213098 ns
[2025-04-30T08:40:35.117+0000][489.552s][debug][safepoint   ] Safepoint synchronization initiated using futex wait barrier. (233 threads)
[2025-04-30T08:40:35.117+0000][489.553s][info ][safepoint   ] Safepoint "Cleanup", Time since last: 1000170982 ns, Reaching safepoint: 52244 ns, Cleanup: 34990 ns, At safepoint: 5635 ns, Total: 92869 ns
[2025-04-30T08:40:52.119+0000][506.555s][debug][safepoint   ] Safepoint synchronization initiated using futex wait barrier. (233 threads)
[2025-04-30T08:40:52.120+0000][506.555s][info ][safepoint   ] Safepoint "Cleanup", Time since last: 17002177301 ns, Reaching safepoint: 198318 ns, Cleanup: 31687 ns, At safepoint: 11570 ns, Total: 241575 ns
[2025-04-30T08:40:53.120+0000][507.555s][debug][safepoint   ] Safepoint synchronization initiated using futex wait barrier. (233 threads)
[2025-04-30T08:40:53.120+0000][507.555s][info ][safepoint   ] Safepoint "Cleanup", Time since last: 1000178210 ns, Reaching safepoint: 124710 ns, Cleanup: 26461 ns, At safepoint: 12905 ns, Total: 164076 ns
[2025-04-30T08:40:54.121+0000][508.556s][debug][safepoint   ] Safepoint synchronization initiated using futex wait barrier. (233 threads)
[2025-04-30T08:40:54.121+0000][508.557s][info ][safepoint   ] Safepoint "Cleanup", Time since last: 1001213990 ns, Reaching safepoint: 150075 ns, Cleanup: 26407 ns, At safepoint: 16539 ns, Total: 193021 ns
[2025-04-30T08:40:56.122+0000][510.557s][debug][safepoint   ] Safepoint synchronization initiated using futex wait barrier. (233 threads)
[2025-04-30T08:40:56.122+0000][510.557s][info ][safepoint   ] Safepoint "Cleanup", Time since last: 2000341381 ns, Reaching safepoint: 168344 ns, Cleanup: 24562 ns, At safepoint: 17316 ns, Total: 210222 ns
[2025-04-30T08:40:57.122+0000][511.557s][debug][safepoint   ] Safepoint synchronization initiated using futex wait barrier. (233 threads)
[2025-04-30T08:40:57.122+0000][511.557s][info ][safepoint   ] Safepoint "Cleanup", Time since last: 1000183922 ns, Reaching safepoint: 45560 ns, Cleanup: 10093 ns, At safepoint: 5016 ns, Total: 60669 ns
[2025-04-30T08:41:04.123+0000][518.558s][debug][safepoint   ] Safepoint synchronization initiated using futex wait barrier. (233 threads)
[2025-04-30T08:41:04.123+0000][518.558s][info ][safepoint   ] Safepoint "Cleanup", Time since last: 7000798700 ns, Reaching safepoint: 121140 ns, Cleanup: 20018 ns, At safepoint: 8973 ns, Total: 150131 ns
[2025-04-30T08:41:05.123+0000][519.559s][debug][safepoint   ] Safepoint synchronization initiated using futex wait barrier. (233 threads)
[2025-04-30T08:41:05.124+0000][519.559s][info ][safepoint   ] Safepoint "Cleanup", Time since last: 1000161280 ns, Reaching safepoint: 242014 ns, Cleanup: 35058 ns, At safepoint: 22799 ns, Total: 299871 ns
[2025-04-30T08:41:07.124+0000][521.559s][debug][safepoint   ] Safepoint synchronization initiated using futex wait barrier. (233 threads)
[2025-04-30T08:41:07.124+0000][521.559s][info ][safepoint   ] Safepoint "Cleanup", Time since last: 2000292924 ns, Reaching safepoint: 53605 ns, Cleanup: 10315 ns, At safepoint: 4593 ns, Total: 68513 ns
[2025-04-30T08:41:26.126+0000][540.562s][debug][safepoint   ] Safepoint synchronization initiated using futex wait barrier. (233 threads)
[2025-04-30T08:41:26.127+0000][540.562s][info ][safepoint   ] Safepoint "Cleanup", Time since last: 19002594452 ns, Reaching safepoint: 224602 ns, Cleanup: 45680 ns, At safepoint: 19249 ns, Total: 289531 ns
[2025-04-30T08:41:28.142+0000][542.577s][debug][safepoint   ] Safepoint synchronization initiated using futex wait barrier. (233 threads)
[2025-04-30T08:41:28.142+0000][542.578s][info ][safepoint   ] Safepoint "Cleanup", Time since last: 2015275260 ns, Reaching safepoint: 181299 ns, Cleanup: 34662 ns, At safepoint: 28732 ns, Total: 244693 ns
[2025-04-30T08:41:31.143+0000][545.579s][debug][safepoint   ] Safepoint synchronization initiated using futex wait barrier. (233 threads)
[2025-04-30T08:41:31.144+0000][545.579s][info ][safepoint   ] Safepoint "Cleanup", Time since last: 3000857723 ns, Reaching safepoint: 289742 ns, Cleanup: 35290 ns, At safepoint: 43243 ns, Total: 368275 ns
[2025-04-30T08:41:33.144+0000][547.579s][debug][safepoint   ] Safepoint synchronization initiated using futex wait barrier. (233 threads)
[2025-04-30T08:41:33.144+0000][547.579s][info ][safepoint   ] Safepoint "Cleanup", Time since last: 2000338708 ns, Reaching safepoint: 154251 ns, Cleanup: 31165 ns, At safepoint: 25377 ns, Total: 210793 ns
[2025-04-30T08:41:34.144+0000][548.580s][debug][safepoint   ] Safepoint synchronization initiated using futex wait barrier. (233 threads)
[2025-04-30T08:41:34.145+0000][548.580s][info ][safepoint   ] Safepoint "Cleanup", Time since last: 1000187223 ns, Reaching safepoint: 292959 ns, Cleanup: 32721 ns, At safepoint: 28314 ns, Total: 353994 ns
[2025-04-30T08:41:35.147+0000][549.582s][debug][safepoint   ] Safepoint synchronization initiated using futex wait barrier. (229 threads)
[2025-04-30T08:41:35.147+0000][549.583s][info ][safepoint   ] Safepoint "Cleanup", Time since last: 1002415029 ns, Reaching safepoint: 230813 ns, Cleanup: 34167 ns, At safepoint: 25385 ns, Total: 290365 ns
[2025-04-30T08:41:39.151+0000][553.586s][debug][safepoint   ] Safepoint synchronization initiated using futex wait barrier. (229 threads)
[2025-04-30T08:41:39.151+0000][553.586s][info ][safepoint   ] Safepoint "Cleanup", Time since last: 4003560792 ns, Reaching safepoint: 79759 ns, Cleanup: 15351 ns, At safepoint: 7327 ns, Total: 102437 ns
[2025-04-30T08:41:40.151+0000][554.586s][debug][safepoint   ] Safepoint synchronization initiated using futex wait barrier. (229 threads)
[2025-04-30T08:41:40.151+0000][554.587s][info ][safepoint   ] Safepoint "Cleanup", Time since last: 1000097905 ns, Reaching safepoint: 70913 ns, Cleanup: 13232 ns, At safepoint: 6214 ns, Total: 90359 ns
[2025-04-30T08:41:42.152+0000][556.588s][debug][safepoint   ] Safepoint synchronization initiated using futex wait barrier. (229 threads)
[2025-04-30T08:41:42.152+0000][556.588s][info ][safepoint   ] Safepoint "Cleanup", Time since last: 2001177934 ns, Reaching safepoint: 97025 ns, Cleanup: 14894 ns, At safepoint: 7118 ns, Total: 119037 ns
[2025-04-30T08:41:44.153+0000][558.588s][debug][safepoint   ] Safepoint synchronization initiated using futex wait barrier. (229 threads)
[2025-04-30T08:41:44.153+0000][558.588s][info ][safepoint   ] Safepoint "Cleanup", Time since last: 2000349883 ns, Reaching safepoint: 217572 ns, Cleanup: 36479 ns, At safepoint: 30066 ns, Total: 284117 ns
[2025-04-30T08:41:53.156+0000][567.591s][debug][safepoint   ] Safepoint synchronization initiated using futex wait barrier. (229 threads)
[2025-04-30T08:41:53.156+0000][567.591s][info ][safepoint   ] Safepoint "Cleanup", Time since last: 9002420953 ns, Reaching safepoint: 430771 ns, Cleanup: 36599 ns, At safepoint: 22752 ns, Total: 490122 ns
[2025-04-30T08:41:56.157+0000][570.592s][debug][safepoint   ] Safepoint synchronization initiated using futex wait barrier. (229 threads)
[2025-04-30T08:41:56.157+0000][570.592s][info ][safepoint   ] Safepoint "Cleanup", Time since last: 3000498773 ns, Reaching safepoint: 222025 ns, Cleanup: 33297 ns, At safepoint: 21691 ns, Total: 277013 ns
[2025-04-30T08:42:00.157+0000][574.593s][debug][safepoint   ] Safepoint synchronization initiated using futex wait barrier. (229 threads)
[2025-04-30T08:42:00.157+0000][574.593s][info ][safepoint   ] Safepoint "Cleanup", Time since last: 4000404678 ns, Reaching safepoint: 59592 ns, Cleanup: 10643 ns, At safepoint: 4808 ns, Total: 75043 ns
[2025-04-30T08:42:03.124+0000][577.559s][debug][safepoint   ] Safepoint synchronization initiated using futex wait barrier. (229 threads)
[2025-04-30T08:42:03.124+0000][577.559s][info ][gc,start    ] GC(65) Pause Young (Normal) (G1 Evacuation Pause)
[2025-04-30T08:42:03.124+0000][577.559s][info ][gc,task     ] GC(65) Using 4 workers of 4 for evacuation
[2025-04-30T08:42:03.161+0000][577.597s][info ][gc,phases   ] GC(65)   Pre Evacuate Collection Set: 0.2ms
[2025-04-30T08:42:03.161+0000][577.597s][info ][gc,phases   ] GC(65)   Merge Heap Roots: 0.2ms
[2025-04-30T08:42:03.161+0000][577.597s][info ][gc,phases   ] GC(65)   Evacuate Collection Set: 32.3ms
[2025-04-30T08:42:03.161+0000][577.597s][info ][gc,phases   ] GC(65)   Post Evacuate Collection Set: 4.6ms
[2025-04-30T08:42:03.161+0000][577.597s][info ][gc,phases   ] GC(65)   Other: 0.2ms
[2025-04-30T08:42:03.161+0000][577.597s][info ][gc,heap     ] GC(65) Eden regions: 221->0(220)
[2025-04-30T08:42:03.161+0000][577.597s][info ][gc,heap     ] GC(65) Survivor regions: 13->14(30)
[2025-04-30T08:42:03.161+0000][577.597s][info ][gc,heap     ] GC(65) Old regions: 176->176
[2025-04-30T08:42:03.161+0000][577.597s][info ][gc,heap     ] GC(65) Archive regions: 2->2
[2025-04-30T08:42:03.161+0000][577.597s][info ][gc,heap     ] GC(65) Humongous regions: 0->0
[2025-04-30T08:42:03.161+0000][577.597s][info ][gc,metaspace] GC(65) Metaspace: 189892K(191296K)->189892K(191296K) NonClass: 166930K(167616K)->166930K(167616K) Class: 22962K(23680K)->22962K(23680K)
[2025-04-30T08:42:03.162+0000][577.597s][info ][gc          ] GC(65) Pause Young (Normal) (G1 Evacuation Pause) 410M->190M(474M) 37.584ms
[2025-04-30T08:42:03.162+0000][577.597s][info ][gc,cpu      ] GC(65) User=0.06s Sys=0.00s Real=0.04s
[2025-04-30T08:42:03.162+0000][577.598s][info ][safepoint   ] Safepoint "G1CollectForAllocation", Time since last: 2966560312 ns, Reaching safepoint: 69792 ns, Cleanup: 11246 ns, At safepoint: 38451442 ns, Total: 38532480 ns
[2025-04-30T08:42:04.162+0000][578.598s][debug][safepoint   ] Safepoint synchronization initiated using futex wait barrier. (229 threads)
[2025-04-30T08:42:04.163+0000][578.598s][info ][safepoint   ] Safepoint "Cleanup", Time since last: 1000112081 ns, Reaching safepoint: 101844 ns, Cleanup: 25838 ns, At safepoint: 7645 ns, Total: 135327 ns
[2025-04-30T08:42:06.163+0000][580.598s][debug][safepoint   ] Safepoint synchronization initiated using futex wait barrier. (229 threads)
[2025-04-30T08:42:06.163+0000][580.598s][info ][safepoint   ] Safepoint "Cleanup", Time since last: 2000153339 ns, Reaching safepoint: 60387 ns, Cleanup: 7858 ns, At safepoint: 3973 ns, Total: 72218 ns
[2025-04-30T08:42:07.163+0000][581.598s][debug][safepoint   ] Safepoint synchronization initiated using futex wait barrier. (229 threads)
[2025-04-30T08:42:07.163+0000][581.598s][info ][safepoint   ] Safepoint "Cleanup", Time since last: 1000101309 ns, Reaching safepoint: 45962 ns, Cleanup: 9671 ns, At safepoint: 4518 ns, Total: 60151 ns
[2025-04-30T08:42:10.163+0000][584.599s][debug][safepoint   ] Safepoint synchronization initiated using futex wait barrier. (229 threads)
[2025-04-30T08:42:10.163+0000][584.599s][info ][safepoint   ] Safepoint "Cleanup", Time since last: 3000250760 ns, Reaching safepoint: 50501 ns, Cleanup: 8886 ns, At safepoint: 4532 ns, Total: 63919 ns
[2025-04-30T08:42:11.163+0000][585.599s][debug][safepoint   ] Safepoint synchronization initiated using futex wait barrier. (229 threads)
[2025-04-30T08:42:11.163+0000][585.599s][info ][safepoint   ] Safepoint "Cleanup", Time since last: 1000080266 ns, Reaching safepoint: 81730 ns, Cleanup: 12644 ns, At safepoint: 7061 ns, Total: 101435 ns
[2025-04-30T08:42:12.164+0000][586.599s][debug][safepoint   ] Safepoint synchronization initiated using futex wait barrier. (229 threads)
[2025-04-30T08:42:12.164+0000][586.599s][info ][safepoint   ] Safepoint "Cleanup", Time since last: 1000123666 ns, Reaching safepoint: 67938 ns, Cleanup: 11108 ns, At safepoint: 5935 ns, Total: 84981 ns
[2025-04-30T08:42:13.164+0000][587.599s][debug][safepoint   ] Safepoint synchronization initiated using futex wait barrier. (229 threads)
[2025-04-30T08:42:13.164+0000][587.599s][info ][safepoint   ] Safepoint "Cleanup", Time since last: 1000088773 ns, Reaching safepoint: 60893 ns, Cleanup: 10185 ns, At safepoint: 5653 ns, Total: 76731 ns
[2025-04-30T08:42:14.164+0000][588.599s][debug][safepoint   ] Safepoint synchronization initiated using futex wait barrier. (229 threads)
[2025-04-30T08:42:14.164+0000][588.599s][info ][safepoint   ] Safepoint "Cleanup", Time since last: 1000088252 ns, Reaching safepoint: 57863 ns, Cleanup: 10505 ns, At safepoint: 4509 ns, Total: 72877 ns
[2025-04-30T08:42:17.164+0000][591.600s][debug][safepoint   ] Safepoint synchronization initiated using futex wait barrier. (229 threads)
[2025-04-30T08:42:17.164+0000][591.600s][info ][safepoint   ] Safepoint "Cleanup", Time since last: 3000199519 ns, Reaching safepoint: 80895 ns, Cleanup: 11537 ns, At safepoint: 5474 ns, Total: 97906 ns
[2025-04-30T08:42:25.165+0000][599.600s][debug][safepoint   ] Safepoint synchronization initiated using futex wait barrier. (229 threads)
[2025-04-30T08:42:25.165+0000][599.600s][info ][safepoint   ] Safepoint "Cleanup", Time since last: 8000515847 ns, Reaching safepoint: 47456 ns, Cleanup: 12375 ns, At safepoint: 4017 ns, Total: 63848 ns
[2025-04-30T08:42:27.182+0000][601.617s][debug][safepoint   ] Safepoint synchronization initiated using futex wait barrier. (229 threads)
[2025-04-30T08:42:27.182+0000][601.617s][info ][safepoint   ] Safepoint "Cleanup", Time since last: 2016881898 ns, Reaching safepoint: 78811 ns, Cleanup: 14121 ns, At safepoint: 6085 ns, Total: 99017 ns
[2025-04-30T08:42:28.182+0000][602.617s][debug][safepoint   ] Safepoint synchronization initiated using futex wait barrier. (229 threads)
[2025-04-30T08:42:28.182+0000][602.618s][info ][safepoint   ] Safepoint "Cleanup", Time since last: 1000220476 ns, Reaching safepoint: 165664 ns, Cleanup: 25709 ns, At safepoint: 8872 ns, Total: 200245 ns
[2025-04-30T08:42:34.183+0000][608.618s][debug][safepoint   ] Safepoint synchronization initiated using futex wait barrier. (229 threads)
[2025-04-30T08:42:34.183+0000][608.619s][info ][safepoint   ] Safepoint "Cleanup", Time since last: 6000711865 ns, Reaching safepoint: 151580 ns, Cleanup: 22421 ns, At safepoint: 7636 ns, Total: 181637 ns
[2025-04-30T08:42:35.183+0000][609.619s][debug][safepoint   ] Safepoint synchronization initiated using futex wait barrier. (227 threads)
[2025-04-30T08:42:35.183+0000][609.619s][info ][safepoint   ] Safepoint "Cleanup", Time since last: 1000123336 ns, Reaching safepoint: 68755 ns, Cleanup: 10383 ns, At safepoint: 5776 ns, Total: 84914 ns
[2025-04-30T08:42:36.184+0000][610.619s][debug][safepoint   ] Safepoint synchronization initiated using futex wait barrier. (227 threads)
[2025-04-30T08:42:36.184+0000][610.619s][info ][safepoint   ] Safepoint "Cleanup", Time since last: 1000096402 ns, Reaching safepoint: 48454 ns, Cleanup: 10729 ns, At safepoint: 3798 ns, Total: 62981 ns
[2025-04-30T08:42:46.184+0000][620.620s][debug][safepoint   ] Safepoint synchronization initiated using futex wait barrier. (227 threads)
[2025-04-30T08:42:46.184+0000][620.620s][info ][safepoint   ] Safepoint "Cleanup", Time since last: 10000826962 ns, Reaching safepoint: 81629 ns, Cleanup: 11774 ns, At safepoint: 5474 ns, Total: 98877 ns
[2025-04-30T08:42:54.186+0000][628.621s][debug][safepoint   ] Safepoint synchronization initiated using futex wait barrier. (227 threads)
[2025-04-30T08:42:54.186+0000][628.621s][info ][safepoint   ] Safepoint "Cleanup", Time since last: 8001012759 ns, Reaching safepoint: 211052 ns, Cleanup: 78603 ns, At safepoint: 27909 ns, Total: 317564 ns
[2025-04-30T08:42:58.187+0000][632.622s][debug][safepoint   ] Safepoint synchronization initiated using futex wait barrier. (227 threads)
[2025-04-30T08:42:58.187+0000][632.622s][info ][safepoint   ] Safepoint "Cleanup", Time since last: 4001018919 ns, Reaching safepoint: 156686 ns, Cleanup: 28678 ns, At safepoint: 17985 ns, Total: 203349 ns
[2025-04-30T08:42:59.187+0000][633.623s][debug][safepoint   ] Safepoint synchronization initiated using futex wait barrier. (227 threads)
[2025-04-30T08:42:59.187+0000][633.623s][info ][safepoint   ] Safepoint "Cleanup", Time since last: 1000219120 ns, Reaching safepoint: 111446 ns, Cleanup: 23368 ns, At safepoint: 38329 ns, Total: 173143 ns
[2025-04-30T08:43:05.188+0000][639.623s][debug][safepoint   ] Safepoint synchronization initiated using futex wait barrier. (227 threads)
[2025-04-30T08:43:05.188+0000][639.624s][info ][safepoint   ] Safepoint "Cleanup", Time since last: 6000626482 ns, Reaching safepoint: 130281 ns, Cleanup: 38883 ns, At safepoint: 13742 ns, Total: 182906 ns
[2025-04-30T08:43:25.191+0000][659.626s][debug][safepoint   ] Safepoint synchronization initiated using futex wait barrier. (227 threads)
[2025-04-30T08:43:25.191+0000][659.627s][info ][safepoint   ] Safepoint "Cleanup", Time since last: 20002596203 ns, Reaching safepoint: 240693 ns, Cleanup: 34335 ns, At safepoint: 27710 ns, Total: 302738 ns
[2025-04-30T08:43:34.221+0000][668.656s][debug][safepoint   ] Safepoint synchronization initiated using futex wait barrier. (227 threads)
[2025-04-30T08:43:34.221+0000][668.656s][info ][safepoint   ] Safepoint "Cleanup", Time since last: 9029526759 ns, Reaching safepoint: 163391 ns, Cleanup: 47361 ns, At safepoint: 19793 ns, Total: 230545 ns
[2025-04-30T08:43:46.222+0000][680.658s][debug][safepoint   ] Safepoint synchronization initiated using futex wait barrier. (225 threads)
[2025-04-30T08:43:46.222+0000][680.658s][info ][safepoint   ] Safepoint "Cleanup", Time since last: 12001308973 ns, Reaching safepoint: 131379 ns, Cleanup: 16107 ns, At safepoint: 9874 ns, Total: 157360 ns
[2025-04-30T08:43:48.223+0000][682.658s][debug][safepoint   ] Safepoint synchronization initiated using futex wait barrier. (225 threads)
[2025-04-30T08:43:48.223+0000][682.658s][info ][safepoint   ] Safepoint "Cleanup", Time since last: 2000229393 ns, Reaching safepoint: 195765 ns, Cleanup: 29808 ns, At safepoint: 19501 ns, Total: 245074 ns
[2025-04-30T08:43:49.223+0000][683.658s][debug][safepoint   ] Safepoint synchronization initiated using futex wait barrier. (225 threads)
[2025-04-30T08:43:49.223+0000][683.659s][info ][safepoint   ] Safepoint "Cleanup", Time since last: 1000171008 ns, Reaching safepoint: 116085 ns, Cleanup: 19213 ns, At safepoint: 10135 ns, Total: 145433 ns
[2025-04-30T08:44:00.225+0000][694.660s][debug][safepoint   ] Safepoint synchronization initiated using futex wait barrier. (225 threads)
[2025-04-30T08:44:00.225+0000][694.660s][info ][safepoint   ] Safepoint "Cleanup", Time since last: 11001606047 ns, Reaching safepoint: 199926 ns, Cleanup: 32467 ns, At safepoint: 17856 ns, Total: 250249 ns
[2025-04-30T08:44:02.225+0000][696.661s][debug][safepoint   ] Safepoint synchronization initiated using futex wait barrier. (225 threads)
[2025-04-30T08:44:02.225+0000][696.661s][info ][safepoint   ] Safepoint "Cleanup", Time since last: 2000322221 ns, Reaching safepoint: 65573 ns, Cleanup: 19775 ns, At safepoint: 4321 ns, Total: 89669 ns
[2025-04-30T08:44:03.226+0000][697.661s][debug][safepoint   ] Safepoint synchronization initiated using futex wait barrier. (225 threads)
[2025-04-30T08:44:03.226+0000][697.661s][info ][safepoint   ] Safepoint "Cleanup", Time since last: 1000155641 ns, Reaching safepoint: 167845 ns, Cleanup: 38918 ns, At safepoint: 22851 ns, Total: 229614 ns
[2025-04-30T08:44:18.228+0000][712.663s][debug][safepoint   ] Safepoint synchronization initiated using futex wait barrier. (225 threads)
[2025-04-30T08:44:18.228+0000][712.663s][info ][safepoint   ] Safepoint "Cleanup", Time since last: 15001721860 ns, Reaching safepoint: 47155 ns, Cleanup: 9005 ns, At safepoint: 4763 ns, Total: 60923 ns
[2025-04-30T08:44:22.228+0000][716.663s][debug][safepoint   ] Safepoint synchronization initiated using futex wait barrier. (225 threads)
[2025-04-30T08:44:22.228+0000][716.663s][info ][safepoint   ] Safepoint "Cleanup", Time since last: 4000391339 ns, Reaching safepoint: 48857 ns, Cleanup: 8841 ns, At safepoint: 3936 ns, Total: 61634 ns
[2025-04-30T08:44:29.251+0000][723.686s][debug][safepoint   ] Safepoint synchronization initiated using futex wait barrier. (225 threads)
[2025-04-30T08:44:29.251+0000][723.686s][info ][safepoint   ] Safepoint "Cleanup", Time since last: 7022724388 ns, Reaching safepoint: 73871 ns, Cleanup: 10061 ns, At safepoint: 5092 ns, Total: 89024 ns
[2025-04-30T08:44:33.251+0000][727.686s][debug][safepoint   ] Safepoint synchronization initiated using futex wait barrier. (225 threads)
[2025-04-30T08:44:33.251+0000][727.687s][info ][safepoint   ] Safepoint "Cleanup", Time since last: 4000272615 ns, Reaching safepoint: 52448 ns, Cleanup: 8909 ns, At safepoint: 3745 ns, Total: 65102 ns
[2025-04-30T08:44:35.251+0000][729.687s][debug][safepoint   ] Safepoint synchronization initiated using futex wait barrier. (223 threads)
[2025-04-30T08:44:35.251+0000][729.687s][info ][safepoint   ] Safepoint "Cleanup", Time since last: 2000182312 ns, Reaching safepoint: 58641 ns, Cleanup: 9654 ns, At safepoint: 3731 ns, Total: 72026 ns
[2025-04-30T08:44:35.574+0000][730.009s][debug][safepoint   ] Safepoint synchronization initiated using futex wait barrier. (223 threads)
[2025-04-30T08:44:35.574+0000][730.010s][info ][gc,start    ] GC(66) Pause Young (Normal) (G1 Evacuation Pause)
[2025-04-30T08:44:35.574+0000][730.010s][info ][gc,task     ] GC(66) Using 4 workers of 4 for evacuation
[2025-04-30T08:44:35.593+0000][730.029s][info ][gc,phases   ] GC(66)   Pre Evacuate Collection Set: 0.2ms
[2025-04-30T08:44:35.593+0000][730.029s][info ][gc,phases   ] GC(66)   Merge Heap Roots: 0.1ms
[2025-04-30T08:44:35.593+0000][730.029s][info ][gc,phases   ] GC(66)   Evacuate Collection Set: 16.8ms
[2025-04-30T08:44:35.593+0000][730.029s][info ][gc,phases   ] GC(66)   Post Evacuate Collection Set: 1.8ms
[2025-04-30T08:44:35.593+0000][730.029s][info ][gc,phases   ] GC(66)   Other: 0.2ms
[2025-04-30T08:44:35.593+0000][730.029s][info ][gc,heap     ] GC(66) Eden regions: 220->0(222)
[2025-04-30T08:44:35.593+0000][730.029s][info ][gc,heap     ] GC(66) Survivor regions: 14->13(30)
[2025-04-30T08:44:35.593+0000][730.029s][info ][gc,heap     ] GC(66) Old regions: 176->176
[2025-04-30T08:44:35.593+0000][730.029s][info ][gc,heap     ] GC(66) Archive regions: 2->2
[2025-04-30T08:44:35.593+0000][730.029s][info ][gc,heap     ] GC(66) Humongous regions: 0->0
[2025-04-30T08:44:35.593+0000][730.029s][info ][gc,metaspace] GC(66) Metaspace: 190094K(191488K)->190094K(191488K) NonClass: 167131K(167808K)->167131K(167808K) Class: 22963K(23680K)->22963K(23680K)
[2025-04-30T08:44:35.593+0000][730.029s][info ][gc          ] GC(66) Pause Young (Normal) (G1 Evacuation Pause) 410M->189M(474M) 19.124ms
[2025-04-30T08:44:35.593+0000][730.029s][info ][gc,cpu      ] GC(66) User=0.06s Sys=0.00s Real=0.02s
[2025-04-30T08:44:35.594+0000][730.029s][info ][safepoint   ] Safepoint "G1CollectForAllocation", Time since last: 322621594 ns, Reaching safepoint: 68214 ns, Cleanup: 4175 ns, At safepoint: 19394354 ns, Total: 19466743 ns
[2025-04-30T08:44:36.594+0000][731.029s][debug][safepoint   ] Safepoint synchronization initiated using futex wait barrier. (223 threads)
[2025-04-30T08:44:36.594+0000][731.029s][info ][safepoint   ] Safepoint "Cleanup", Time since last: 1000093719 ns, Reaching safepoint: 51328 ns, Cleanup: 11007 ns, At safepoint: 4537 ns, Total: 66872 ns
[2025-04-30T08:44:40.594+0000][735.029s][debug][safepoint   ] Safepoint synchronization initiated using futex wait barrier. (223 threads)
[2025-04-30T08:44:40.594+0000][735.030s][info ][safepoint   ] Safepoint "Cleanup", Time since last: 4000380059 ns, Reaching safepoint: 56425 ns, Cleanup: 11109 ns, At safepoint: 5481 ns, Total: 73015 ns
[2025-04-30T08:44:43.594+0000][738.030s][debug][safepoint   ] Safepoint synchronization initiated using futex wait barrier. (223 threads)
[2025-04-30T08:44:43.595+0000][738.030s][info ][safepoint   ] Safepoint "Cleanup", Time since last: 3000309198 ns, Reaching safepoint: 276305 ns, Cleanup: 49996 ns, At safepoint: 19815 ns, Total: 346116 ns
[2025-04-30T08:44:45.595+0000][740.030s][debug][safepoint   ] Safepoint synchronization initiated using futex wait barrier. (223 threads)
[2025-04-30T08:44:45.595+0000][740.031s][info ][safepoint   ] Safepoint "Cleanup", Time since last: 2000245486 ns, Reaching safepoint: 85221 ns, Cleanup: 13069 ns, At safepoint: 5876 ns, Total: 104166 ns
[2025-04-30T08:44:49.596+0000][744.031s][debug][safepoint   ] Safepoint synchronization initiated using futex wait barrier. (223 threads)
[2025-04-30T08:44:49.596+0000][744.031s][info ][safepoint   ] Safepoint "Cleanup", Time since last: 4000441984 ns, Reaching safepoint: 95408 ns, Cleanup: 14982 ns, At safepoint: 6237 ns, Total: 116627 ns
[2025-04-30T08:44:52.596+0000][747.031s][debug][safepoint   ] Safepoint synchronization initiated using futex wait barrier. (223 threads)
[2025-04-30T08:44:52.596+0000][747.031s][info ][safepoint   ] Safepoint "Cleanup", Time since last: 3000233714 ns, Reaching safepoint: 55003 ns, Cleanup: 9998 ns, At safepoint: 6049 ns, Total: 71050 ns
[2025-04-30T08:44:57.597+0000][752.032s][debug][safepoint   ] Safepoint synchronization initiated using futex wait barrier. (223 threads)
[2025-04-30T08:44:57.597+0000][752.032s][info ][safepoint   ] Safepoint "Cleanup", Time since last: 5000891296 ns, Reaching safepoint: 59492 ns, Cleanup: 10190 ns, At safepoint: 5854 ns, Total: 75536 ns
[2025-04-30T08:44:59.597+0000][754.032s][debug][safepoint   ] Safepoint synchronization initiated using futex wait barrier. (223 threads)
[2025-04-30T08:44:59.597+0000][754.033s][info ][safepoint   ] Safepoint "Cleanup", Time since last: 2000149568 ns, Reaching safepoint: 45247 ns, Cleanup: 9635 ns, At safepoint: 4305 ns, Total: 59187 ns
[2025-04-30T08:45:06.598+0000][761.033s][debug][safepoint   ] Safepoint synchronization initiated using futex wait barrier. (223 threads)
[2025-04-30T08:45:06.602+0000][761.037s][info ][safepoint   ] Safepoint "Cleanup", Time since last: 7000647731 ns, Reaching safepoint: 3729021 ns, Cleanup: 8692 ns, At safepoint: 4442 ns, Total: 3742155 ns
[2025-04-30T08:45:09.602+0000][764.037s][debug][safepoint   ] Safepoint synchronization initiated using futex wait barrier. (223 threads)
[2025-04-30T08:45:09.602+0000][764.037s][info ][safepoint   ] Safepoint "Cleanup", Time since last: 3000231814 ns, Reaching safepoint: 64435 ns, Cleanup: 10317 ns, At safepoint: 4381 ns, Total: 79133 ns
[2025-04-30T08:45:17.607+0000][772.043s][debug][safepoint   ] Safepoint synchronization initiated using futex wait barrier. (223 threads)
[2025-04-30T08:45:17.608+0000][772.043s][info ][safepoint   ] Safepoint "Cleanup", Time since last: 8005461187 ns, Reaching safepoint: 123289 ns, Cleanup: 11756 ns, At safepoint: 10378 ns, Total: 145423 ns
[2025-04-30T08:45:18.610+0000][773.046s][debug][safepoint   ] Safepoint synchronization initiated using futex wait barrier. (223 threads)
[2025-04-30T08:45:18.617+0000][773.052s][info ][safepoint   ] Safepoint "Cleanup", Time since last: 1002985256 ns, Reaching safepoint: 160630 ns, Cleanup: 83964 ns, At safepoint: 5834812 ns, Total: 6079406 ns
[2025-04-30T08:45:18.981+0000][773.417s][debug][safepoint   ] ... found polling page loop exception at pc = 0x00007b2ad9c0fe50, stub =0x00007b2ad898e400
[2025-04-30T08:45:19.181+0000][773.616s][debug][safepoint   ] Safepoint synchronization initiated using futex wait barrier. (223 threads)
[2025-04-30T08:45:19.182+0000][773.617s][info ][gc,start    ] GC(67) Pause Young (Normal) (G1 Evacuation Pause)
[2025-04-30T08:45:19.182+0000][773.617s][info ][gc,task     ] GC(67) Using 4 workers of 4 for evacuation
[2025-04-30T08:45:19.226+0000][773.661s][info ][gc,phases   ] GC(67)   Pre Evacuate Collection Set: 0.3ms
[2025-04-30T08:45:19.226+0000][773.661s][info ][gc,phases   ] GC(67)   Merge Heap Roots: 0.5ms
[2025-04-30T08:45:19.226+0000][773.661s][info ][gc,phases   ] GC(67)   Evacuate Collection Set: 38.9ms
[2025-04-30T08:45:19.226+0000][773.661s][info ][gc,phases   ] GC(67)   Post Evacuate Collection Set: 4.0ms
[2025-04-30T08:45:19.226+0000][773.661s][info ][gc,phases   ] GC(67)   Other: 0.3ms
[2025-04-30T08:45:19.226+0000][773.661s][info ][gc,heap     ] GC(67) Eden regions: 222->0(212)
[2025-04-30T08:45:19.226+0000][773.661s][info ][gc,heap     ] GC(67) Survivor regions: 13->18(30)
[2025-04-30T08:45:19.226+0000][773.661s][info ][gc,heap     ] GC(67) Old regions: 176->176
[2025-04-30T08:45:19.226+0000][773.661s][info ][gc,heap     ] GC(67) Archive regions: 2->2
[2025-04-30T08:45:19.226+0000][773.661s][info ][gc,heap     ] GC(67) Humongous regions: 0->0
[2025-04-30T08:45:19.226+0000][773.661s][info ][gc,metaspace] GC(67) Metaspace: 190452K(191872K)->190452K(191872K) NonClass: 167459K(168192K)->167459K(168192K) Class: 22993K(23680K)->22993K(23680K)
[2025-04-30T08:45:19.226+0000][773.661s][info ][gc          ] GC(67) Pause Young (Normal) (G1 Evacuation Pause) 411M->194M(474M) 44.005ms
[2025-04-30T08:45:19.226+0000][773.662s][info ][gc,cpu      ] GC(67) User=0.08s Sys=0.00s Real=0.04s
[2025-04-30T08:45:19.232+0000][773.667s][info ][safepoint   ] Safepoint "G1CollectForAllocation", Time since last: 564266123 ns, Reaching safepoint: 1052782 ns, Cleanup: 153684 ns, At safepoint: 49634460 ns, Total: 50840926 ns
[2025-04-30T08:45:20.232+0000][774.667s][debug][safepoint   ] Safepoint synchronization initiated using futex wait barrier. (223 threads)
[2025-04-30T08:45:20.232+0000][774.667s][info ][safepoint   ] Safepoint "Cleanup", Time since last: 1000155876 ns, Reaching safepoint: 49619 ns, Cleanup: 38746 ns, At safepoint: 3396 ns, Total: 91761 ns
[2025-04-30T08:45:22.232+0000][776.667s][debug][safepoint   ] Safepoint synchronization initiated using futex wait barrier. (223 threads)
[2025-04-30T08:45:22.232+0000][776.668s][info ][safepoint   ] Safepoint "Cleanup", Time since last: 2000206475 ns, Reaching safepoint: 72761 ns, Cleanup: 21906 ns, At safepoint: 8125 ns, Total: 102792 ns
[2025-04-30T08:45:23.341+0000][777.776s][debug][safepoint   ] Safepoint synchronization initiated using futex wait barrier. (224 threads)
[2025-04-30T08:45:23.341+0000][777.777s][info ][safepoint   ] Safepoint "Cleanup", Time since last: 1108714331 ns, Reaching safepoint: 235115 ns, Cleanup: 64480 ns, At safepoint: 50596 ns, Total: 350191 ns
[2025-04-30T08:45:24.341+0000][778.777s][debug][safepoint   ] Safepoint synchronization initiated using futex wait barrier. (224 threads)
[2025-04-30T08:45:24.341+0000][778.777s][info ][safepoint   ] Safepoint "Cleanup", Time since last: 1000098423 ns, Reaching safepoint: 62728 ns, Cleanup: 19598 ns, At safepoint: 4198 ns, Total: 86524 ns
[2025-04-30T08:45:26.280+0000][780.715s][debug][safepoint   ] Safepoint synchronization initiated using futex wait barrier. (224 threads)
[2025-04-30T08:45:26.280+0000][780.715s][info ][safepoint   ] Safepoint "Cleanup", Time since last: 1938123180 ns, Reaching safepoint: 37661 ns, Cleanup: 8253 ns, At safepoint: 3223 ns, Total: 49137 ns
[2025-04-30T08:45:33.280+0000][787.715s][debug][safepoint   ] Safepoint synchronization initiated using futex wait barrier. (223 threads)
[2025-04-30T08:45:33.281+0000][787.716s][info ][safepoint   ] Safepoint "Cleanup", Time since last: 7000482063 ns, Reaching safepoint: 342079 ns, Cleanup: 13899 ns, At safepoint: 6624 ns, Total: 362602 ns
[2025-04-30T08:45:43.281+0000][797.717s][debug][safepoint   ] Safepoint synchronization initiated using futex wait barrier. (221 threads)
[2025-04-30T08:45:43.281+0000][797.717s][info ][safepoint   ] Safepoint "Cleanup", Time since last: 10000798170 ns, Reaching safepoint: 107460 ns, Cleanup: 34276 ns, At safepoint: 6573 ns, Total: 148309 ns
[2025-04-30T08:45:49.282+0000][803.717s][debug][safepoint   ] Safepoint synchronization initiated using futex wait barrier. (221 threads)
[2025-04-30T08:45:49.282+0000][803.717s][info ][safepoint   ] Safepoint "Cleanup", Time since last: 6000457689 ns, Reaching safepoint: 106307 ns, Cleanup: 20260 ns, At safepoint: 10253 ns, Total: 136820 ns
[2025-04-30T08:45:55.282+0000][809.718s][debug][safepoint   ] Safepoint synchronization initiated using futex wait barrier. (221 threads)
[2025-04-30T08:45:55.283+0000][809.718s][info ][safepoint   ] Safepoint "Cleanup", Time since last: 6000453109 ns, Reaching safepoint: 59137 ns, Cleanup: 13009 ns, At safepoint: 4843 ns, Total: 76989 ns
[2025-04-30T08:45:58.283+0000][812.718s][debug][safepoint   ] Safepoint synchronization initiated using futex wait barrier. (221 threads)
[2025-04-30T08:45:58.283+0000][812.718s][info ][safepoint   ] Safepoint "Cleanup", Time since last: 3000228330 ns, Reaching safepoint: 58555 ns, Cleanup: 10408 ns, At safepoint: 4945 ns, Total: 73908 ns
[2025-04-30T08:46:01.283+0000][815.719s][debug][safepoint   ] Safepoint synchronization initiated using futex wait barrier. (221 threads)
[2025-04-30T08:46:01.283+0000][815.719s][info ][safepoint   ] Safepoint "Cleanup", Time since last: 3000281673 ns, Reaching safepoint: 59093 ns, Cleanup: 10727 ns, At safepoint: 5812 ns, Total: 75632 ns
[2025-04-30T08:46:02.283+0000][816.719s][debug][safepoint   ] Safepoint synchronization initiated using futex wait barrier. (221 threads)
[2025-04-30T08:46:02.283+0000][816.719s][info ][safepoint   ] Safepoint "Cleanup", Time since last: 1000122912 ns, Reaching safepoint: 67000 ns, Cleanup: 10952 ns, At safepoint: 6209 ns, Total: 84161 ns
[2025-04-30T08:46:07.284+0000][821.719s][debug][safepoint   ] Safepoint synchronization initiated using futex wait barrier. (221 threads)
[2025-04-30T08:46:07.284+0000][821.719s][info ][safepoint   ] Safepoint "Cleanup", Time since last: 5000344872 ns, Reaching safepoint: 54421 ns, Cleanup: 10344 ns, At safepoint: 4038 ns, Total: 68803 ns
[2025-04-30T08:46:08.284+0000][822.719s][debug][safepoint   ] Safepoint synchronization initiated using futex wait barrier. (221 threads)
[2025-04-30T08:46:08.284+0000][822.719s][info ][safepoint   ] Safepoint "Cleanup", Time since last: 1000081326 ns, Reaching safepoint: 87237 ns, Cleanup: 9297 ns, At safepoint: 5979 ns, Total: 102513 ns
[2025-04-30T08:46:11.284+0000][825.720s][debug][safepoint   ] Safepoint synchronization initiated using futex wait barrier. (221 threads)
[2025-04-30T08:46:11.286+0000][825.721s][info ][safepoint   ] Safepoint "Cleanup", Time since last: 3000304009 ns, Reaching safepoint: 1171282 ns, Cleanup: 22488 ns, At safepoint: 8876 ns, Total: 1202646 ns
[2025-04-30T08:46:13.286+0000][827.721s][debug][safepoint   ] Safepoint synchronization initiated using futex wait barrier. (221 threads)
[2025-04-30T08:46:13.286+0000][827.721s][info ][safepoint   ] Safepoint "Cleanup", Time since last: 2000215754 ns, Reaching safepoint: 85902 ns, Cleanup: 14153 ns, At safepoint: 6552 ns, Total: 106607 ns
[2025-04-30T08:46:21.287+0000][835.722s][debug][safepoint   ] Safepoint synchronization initiated using futex wait barrier. (221 threads)
[2025-04-30T08:46:21.287+0000][835.722s][info ][safepoint   ] Safepoint "Cleanup", Time since last: 8000808580 ns, Reaching safepoint: 143376 ns, Cleanup: 28761 ns, At safepoint: 7779 ns, Total: 179916 ns
[2025-04-30T08:46:22.287+0000][836.722s][debug][safepoint   ] Safepoint synchronization initiated using futex wait barrier. (221 threads)
[2025-04-30T08:46:22.287+0000][836.722s][info ][safepoint   ] Safepoint "Cleanup", Time since last: 1000093103 ns, Reaching safepoint: 53133 ns, Cleanup: 12815 ns, At safepoint: 3510 ns, Total: 69458 ns
[2025-04-30T08:46:28.306+0000][842.741s][debug][safepoint   ] Safepoint synchronization initiated using futex wait barrier. (221 threads)
[2025-04-30T08:46:28.306+0000][842.742s][info ][safepoint   ] Safepoint "Cleanup", Time since last: 6019099214 ns, Reaching safepoint: 49504 ns, Cleanup: 9634 ns, At safepoint: 4989 ns, Total: 64127 ns
[2025-04-30T08:46:37.307+0000][851.742s][debug][safepoint   ] Safepoint synchronization initiated using futex wait barrier. (220 threads)
[2025-04-30T08:46:37.307+0000][851.742s][info ][safepoint   ] Safepoint "Cleanup", Time since last: 9000664653 ns, Reaching safepoint: 64607 ns, Cleanup: 8049 ns, At safepoint: 3324 ns, Total: 75980 ns
[2025-04-30T08:46:38.307+0000][852.742s][debug][safepoint   ] Safepoint synchronization initiated using futex wait barrier. (220 threads)
[2025-04-30T08:46:38.307+0000][852.742s][info ][safepoint   ] Safepoint "Cleanup", Time since last: 1000115407 ns, Reaching safepoint: 47955 ns, Cleanup: 8868 ns, At safepoint: 4675 ns, Total: 61498 ns
[2025-04-30T08:46:40.307+0000][854.743s][debug][safepoint   ] Safepoint synchronization initiated using futex wait barrier. (220 threads)
[2025-04-30T08:46:40.307+0000][854.743s][info ][safepoint   ] Safepoint "Cleanup", Time since last: 2000143213 ns, Reaching safepoint: 88348 ns, Cleanup: 9115 ns, At safepoint: 6129 ns, Total: 103592 ns
[2025-04-30T08:46:42.308+0000][856.743s][debug][safepoint   ] Safepoint synchronization initiated using futex wait barrier. (220 threads)
[2025-04-30T08:46:42.308+0000][856.743s][info ][safepoint   ] Safepoint "Cleanup", Time since last: 2000249589 ns, Reaching safepoint: 60475 ns, Cleanup: 8396 ns, At safepoint: 4804 ns, Total: 73675 ns
[2025-04-30T08:46:43.308+0000][857.743s][debug][safepoint   ] Safepoint synchronization initiated using futex wait barrier. (220 threads)
[2025-04-30T08:46:43.308+0000][857.743s][info ][safepoint   ] Safepoint "Cleanup", Time since last: 1000097656 ns, Reaching safepoint: 78092 ns, Cleanup: 18659 ns, At safepoint: 5456 ns, Total: 102207 ns
[2025-04-30T08:46:44.308+0000][858.743s][debug][safepoint   ] Safepoint synchronization initiated using futex wait barrier. (220 threads)
[2025-04-30T08:46:44.308+0000][858.743s][info ][safepoint   ] Safepoint "Cleanup", Time since last: 1000088028 ns, Reaching safepoint: 67735 ns, Cleanup: 10764 ns, At safepoint: 5116 ns, Total: 83615 ns
[2025-04-30T08:46:46.308+0000][860.744s][debug][safepoint   ] Safepoint synchronization initiated using futex wait barrier. (220 threads)
[2025-04-30T08:46:46.308+0000][860.744s][info ][safepoint   ] Safepoint "Cleanup", Time since last: 2000145576 ns, Reaching safepoint: 50423 ns, Cleanup: 15367 ns, At safepoint: 2997 ns, Total: 68787 ns
[2025-04-30T08:46:49.308+0000][863.744s][debug][safepoint   ] Safepoint synchronization initiated using futex wait barrier. (220 threads)
[2025-04-30T08:46:49.309+0000][863.744s][info ][safepoint   ] Safepoint "Cleanup", Time since last: 3000176428 ns, Reaching safepoint: 67171 ns, Cleanup: 11200 ns, At safepoint: 5726 ns, Total: 84097 ns
[2025-04-30T08:46:52.309+0000][866.744s][debug][safepoint   ] Safepoint synchronization initiated using futex wait barrier. (220 threads)
[2025-04-30T08:46:52.309+0000][866.744s][info ][safepoint   ] Safepoint "Cleanup", Time since last: 3000224868 ns, Reaching safepoint: 58280 ns, Cleanup: 15487 ns, At safepoint: 4255 ns, Total: 78022 ns
[2025-04-30T08:46:56.309+0000][870.744s][debug][safepoint   ] Safepoint synchronization initiated using futex wait barrier. (220 threads)
[2025-04-30T08:46:56.309+0000][870.745s][info ][safepoint   ] Safepoint "Cleanup", Time since last: 4000292039 ns, Reaching safepoint: 54393 ns, Cleanup: 9308 ns, At safepoint: 3873 ns, Total: 67574 ns
[2025-04-30T08:46:58.309+0000][872.745s][debug][safepoint   ] Safepoint synchronization initiated using futex wait barrier. (220 threads)
[2025-04-30T08:46:58.309+0000][872.745s][info ][safepoint   ] Safepoint "Cleanup", Time since last: 2000122025 ns, Reaching safepoint: 96679 ns, Cleanup: 25717 ns, At safepoint: 11499 ns, Total: 133895 ns
[2025-04-30T08:47:01.310+0000][875.745s][debug][safepoint   ] Safepoint synchronization initiated using futex wait barrier. (220 threads)
[2025-04-30T08:47:01.310+0000][875.745s][info ][safepoint   ] Safepoint "Cleanup", Time since last: 3000241418 ns, Reaching safepoint: 46504 ns, Cleanup: 8053 ns, At safepoint: 4065 ns, Total: 58622 ns
[2025-04-30T08:47:02.310+0000][876.745s][debug][safepoint   ] Safepoint synchronization initiated using futex wait barrier. (220 threads)
[2025-04-30T08:47:02.310+0000][876.745s][info ][safepoint   ] Safepoint "Cleanup", Time since last: 1000109492 ns, Reaching safepoint: 124665 ns, Cleanup: 24382 ns, At safepoint: 14735 ns, Total: 163782 ns
[2025-04-30T08:47:03.310+0000][877.746s][debug][safepoint   ] Safepoint synchronization initiated using futex wait barrier. (220 threads)
[2025-04-30T08:47:03.310+0000][877.746s][info ][safepoint   ] Safepoint "Cleanup", Time since last: 1000219967 ns, Reaching safepoint: 145560 ns, Cleanup: 26116 ns, At safepoint: 59420 ns, Total: 231096 ns
[2025-04-30T08:47:04.311+0000][878.746s][debug][safepoint   ] Safepoint synchronization initiated using futex wait barrier. (220 threads)
[2025-04-30T08:47:04.311+0000][878.746s][info ][safepoint   ] Safepoint "Cleanup", Time since last: 1000200616 ns, Reaching safepoint: 187352 ns, Cleanup: 37150 ns, At safepoint: 26605 ns, Total: 251107 ns
[2025-04-30T08:47:08.315+0000][882.751s][debug][safepoint   ] Safepoint synchronization initiated using futex wait barrier. (220 threads)
[2025-04-30T08:47:08.316+0000][882.751s][info ][safepoint   ] Safepoint "Cleanup", Time since last: 4004531992 ns, Reaching safepoint: 96520 ns, Cleanup: 21668 ns, At safepoint: 11498 ns, Total: 129686 ns
[2025-04-30T08:47:09.316+0000][883.751s][debug][safepoint   ] Safepoint synchronization initiated using futex wait barrier. (220 threads)
[2025-04-30T08:47:09.321+0000][883.756s][info ][safepoint   ] Safepoint "Cleanup", Time since last: 1000112462 ns, Reaching safepoint: 1201339 ns, Cleanup: 76537 ns, At safepoint: 3877433 ns, Total: 5155309 ns
[2025-04-30T08:47:10.321+0000][884.756s][debug][safepoint   ] Safepoint synchronization initiated using futex wait barrier. (221 threads)
[2025-04-30T08:47:10.321+0000][884.757s][info ][safepoint   ] Safepoint "Cleanup", Time since last: 1000225686 ns, Reaching safepoint: 150562 ns, Cleanup: 47023 ns, At safepoint: 24500 ns, Total: 222085 ns
[2025-04-30T08:47:11.321+0000][885.757s][debug][safepoint   ] Safepoint synchronization initiated using futex wait barrier. (220 threads)
[2025-04-30T08:47:11.322+0000][885.757s][info ][safepoint   ] Safepoint "Cleanup", Time since last: 1000140165 ns, Reaching safepoint: 74388 ns, Cleanup: 17046 ns, At safepoint: 5304 ns, Total: 96738 ns
[2025-04-30T08:47:12.322+0000][886.757s][debug][safepoint   ] Safepoint synchronization initiated using futex wait barrier. (221 threads)
[2025-04-30T08:47:12.322+0000][886.757s][info ][safepoint   ] Safepoint "Cleanup", Time since last: 1000085483 ns, Reaching safepoint: 48440 ns, Cleanup: 30266 ns, At safepoint: 4074 ns, Total: 82780 ns
[2025-04-30T08:47:13.322+0000][887.757s][debug][safepoint   ] Safepoint synchronization initiated using futex wait barrier. (220 threads)
[2025-04-30T08:47:13.322+0000][887.757s][info ][safepoint   ] Safepoint "Cleanup", Time since last: 1000123298 ns, Reaching safepoint: 133004 ns, Cleanup: 34078 ns, At safepoint: 21421 ns, Total: 188503 ns
[2025-04-30T08:47:13.376+0000][887.811s][debug][safepoint   ] Safepoint synchronization initiated using futex wait barrier. (220 threads)
[2025-04-30T08:47:13.376+0000][887.811s][info ][gc,start    ] GC(68) Pause Young (Normal) (G1 Evacuation Pause)
[2025-04-30T08:47:13.376+0000][887.811s][info ][gc,task     ] GC(68) Using 4 workers of 4 for evacuation
[2025-04-30T08:47:13.409+0000][887.845s][info ][gc,phases   ] GC(68)   Pre Evacuate Collection Set: 0.3ms
[2025-04-30T08:47:13.409+0000][887.845s][info ][gc,phases   ] GC(68)   Merge Heap Roots: 0.3ms
[2025-04-30T08:47:13.409+0000][887.845s][info ][gc,phases   ] GC(68)   Evacuate Collection Set: 30.2ms
[2025-04-30T08:47:13.409+0000][887.845s][info ][gc,phases   ] GC(68)   Post Evacuate Collection Set: 2.2ms
[2025-04-30T08:47:13.409+0000][887.845s][info ][gc,phases   ] GC(68)   Other: 0.4ms
[2025-04-30T08:47:13.409+0000][887.845s][info ][gc,heap     ] GC(68) Eden regions: 212->0(218)
[2025-04-30T08:47:13.409+0000][887.845s][info ][gc,heap     ] GC(68) Survivor regions: 18->12(29)
[2025-04-30T08:47:13.409+0000][887.845s][info ][gc,heap     ] GC(68) Old regions: 176->182
[2025-04-30T08:47:13.409+0000][887.845s][info ][gc,heap     ] GC(68) Archive regions: 2->2
[2025-04-30T08:47:13.409+0000][887.845s][info ][gc,heap     ] GC(68) Humongous regions: 0->0
[2025-04-30T08:47:13.409+0000][887.845s][info ][gc,metaspace] GC(68) Metaspace: 191181K(192640K)->191181K(192640K) NonClass: 168154K(168896K)->168154K(168896K) Class: 23027K(23744K)->23027K(23744K)
[2025-04-30T08:47:13.409+0000][887.845s][info ][gc          ] GC(68) Pause Young (Normal) (G1 Evacuation Pause) 406M->194M(474M) 33.443ms
[2025-04-30T08:47:13.409+0000][887.845s][info ][gc,cpu      ] GC(68) User=0.08s Sys=0.00s Real=0.04s
[2025-04-30T08:47:13.410+0000][887.845s][info ][safepoint   ] Safepoint "G1CollectForAllocation", Time since last: 53880449 ns, Reaching safepoint: 74268 ns, Cleanup: 6295 ns, At safepoint: 33723171 ns, Total: 33803734 ns
[2025-04-30T08:47:14.410+0000][888.845s][debug][safepoint   ] Safepoint synchronization initiated using futex wait barrier. (220 threads)
[2025-04-30T08:47:14.410+0000][888.845s][info ][safepoint   ] Safepoint "Cleanup", Time since last: 1000138581 ns, Reaching safepoint: 66839 ns, Cleanup: 33942 ns, At safepoint: 6414 ns, Total: 107195 ns
[2025-04-30T08:47:15.410+0000][889.845s][debug][safepoint   ] Safepoint synchronization initiated using futex wait barrier. (220 threads)
[2025-04-30T08:47:15.410+0000][889.845s][info ][safepoint   ] Safepoint "Cleanup", Time since last: 1000127054 ns, Reaching safepoint: 48481 ns, Cleanup: 24365 ns, At safepoint: 4617 ns, Total: 77463 ns
[2025-04-30T08:47:16.410+0000][890.846s][debug][safepoint   ] Safepoint synchronization initiated using futex wait barrier. (221 threads)
[2025-04-30T08:47:16.410+0000][890.846s][info ][safepoint   ] Safepoint "Cleanup", Time since last: 1000087263 ns, Reaching safepoint: 73930 ns, Cleanup: 33186 ns, At safepoint: 7958 ns, Total: 115074 ns
[2025-04-30T08:47:24.411+0000][898.846s][debug][safepoint   ] Safepoint synchronization initiated using futex wait barrier. (220 threads)
[2025-04-30T08:47:24.411+0000][898.846s][info ][safepoint   ] Safepoint "Cleanup", Time since last: 8000621634 ns, Reaching safepoint: 65995 ns, Cleanup: 10140 ns, At safepoint: 4499 ns, Total: 80634 ns
[2025-04-30T08:47:29.339+0000][903.774s][debug][safepoint   ] Safepoint synchronization initiated using futex wait barrier. (222 threads)
[2025-04-30T08:47:29.339+0000][903.774s][info ][safepoint   ] Safepoint "Cleanup", Time since last: 4927762494 ns, Reaching safepoint: 77074 ns, Cleanup: 69552 ns, At safepoint: 15201 ns, Total: 161827 ns
[2025-04-30T08:47:46.342+0000][920.777s][debug][safepoint   ] Safepoint synchronization initiated using futex wait barrier. (221 threads)
[2025-04-30T08:47:46.342+0000][920.777s][info ][safepoint   ] Safepoint "Cleanup", Time since last: 17002806687 ns, Reaching safepoint: 81427 ns, Cleanup: 14923 ns, At safepoint: 6628 ns, Total: 102978 ns
[2025-04-30T08:47:54.344+0000][928.779s][debug][safepoint   ] Safepoint synchronization initiated using futex wait barrier. (221 threads)
[2025-04-30T08:47:54.344+0000][928.780s][info ][safepoint   ] Safepoint "Cleanup", Time since last: 8002126509 ns, Reaching safepoint: 219530 ns, Cleanup: 29355 ns, At safepoint: 19848 ns, Total: 268733 ns
[2025-04-30T08:47:58.348+0000][932.783s][debug][safepoint   ] Safepoint synchronization initiated using futex wait barrier. (222 threads)
[2025-04-30T08:47:58.349+0000][932.784s][info ][safepoint   ] Safepoint "Cleanup", Time since last: 4003242991 ns, Reaching safepoint: 882056 ns, Cleanup: 54285 ns, At safepoint: 54621 ns, Total: 990962 ns
[2025-04-30T08:47:59.349+0000][933.784s][debug][safepoint   ] Safepoint synchronization initiated using futex wait barrier. (222 threads)
[2025-04-30T08:47:59.349+0000][933.784s][info ][safepoint   ] Safepoint "Cleanup", Time since last: 1000181985 ns, Reaching safepoint: 235497 ns, Cleanup: 10485 ns, At safepoint: 6314 ns, Total: 252296 ns
[2025-04-30T08:48:01.349+0000][935.784s][debug][safepoint   ] Safepoint synchronization initiated using futex wait barrier. (221 threads)
[2025-04-30T08:48:01.349+0000][935.785s][info ][safepoint   ] Safepoint "Cleanup", Time since last: 2000125091 ns, Reaching safepoint: 97289 ns, Cleanup: 26699 ns, At safepoint: 6787 ns, Total: 130775 ns
[2025-04-30T08:48:02.349+0000][936.785s][debug][safepoint   ] Safepoint synchronization initiated using futex wait barrier. (221 threads)
[2025-04-30T08:48:02.349+0000][936.785s][info ][safepoint   ] Safepoint "Cleanup", Time since last: 1000121311 ns, Reaching safepoint: 69475 ns, Cleanup: 19118 ns, At safepoint: 15667 ns, Total: 104260 ns
[2025-04-30T08:48:05.350+0000][939.785s][debug][safepoint   ] Safepoint synchronization initiated using futex wait barrier. (221 threads)
[2025-04-30T08:48:05.350+0000][939.785s][info ][safepoint   ] Safepoint "Cleanup", Time since last: 3000579422 ns, Reaching safepoint: 84178 ns, Cleanup: 17508 ns, At safepoint: 5783 ns, Total: 107469 ns
[2025-04-30T08:48:06.350+0000][940.786s][debug][safepoint   ] Safepoint synchronization initiated using futex wait barrier. (221 threads)
[2025-04-30T08:48:06.352+0000][940.788s][info ][safepoint   ] Safepoint "Cleanup", Time since last: 1000282685 ns, Reaching safepoint: 1638140 ns, Cleanup: 31709 ns, At safepoint: 82441 ns, Total: 1752290 ns
[2025-04-30T08:48:07.353+0000][941.788s][debug][safepoint   ] Safepoint synchronization initiated using futex wait barrier. (221 threads)
[2025-04-30T08:48:07.353+0000][941.789s][info ][safepoint   ] Safepoint "Cleanup", Time since last: 1000990076 ns, Reaching safepoint: 167724 ns, Cleanup: 28758 ns, At safepoint: 19310 ns, Total: 215792 ns
[2025-04-30T08:48:08.353+0000][942.789s][debug][safepoint   ] Safepoint synchronization initiated using futex wait barrier. (221 threads)
[2025-04-30T08:48:08.354+0000][942.789s][info ][safepoint   ] Safepoint "Cleanup", Time since last: 1000091957 ns, Reaching safepoint: 83368 ns, Cleanup: 14235 ns, At safepoint: 12595 ns, Total: 110198 ns
[2025-04-30T08:48:11.354+0000][945.789s][debug][safepoint   ] Safepoint synchronization initiated using futex wait barrier. (221 threads)
[2025-04-30T08:48:11.354+0000][945.789s][info ][safepoint   ] Safepoint "Cleanup", Time since last: 3000413874 ns, Reaching safepoint: 67872 ns, Cleanup: 12608 ns, At safepoint: 5906 ns, Total: 86386 ns
[2025-04-30T08:48:13.354+0000][947.790s][debug][safepoint   ] Safepoint synchronization initiated using futex wait barrier. (221 threads)
[2025-04-30T08:48:13.355+0000][947.790s][info ][safepoint   ] Safepoint "Cleanup", Time since last: 2000194914 ns, Reaching safepoint: 223737 ns, Cleanup: 29399 ns, At safepoint: 18784 ns, Total: 271920 ns
[2025-04-30T08:48:20.357+0000][954.792s][debug][safepoint   ] Safepoint synchronization initiated using futex wait barrier. (221 threads)
[2025-04-30T08:48:20.357+0000][954.792s][info ][safepoint   ] Safepoint "Cleanup", Time since last: 7002374351 ns, Reaching safepoint: 69835 ns, Cleanup: 10924 ns, At safepoint: 3746 ns, Total: 84505 ns
[2025-04-30T08:48:21.357+0000][955.792s][debug][safepoint   ] Safepoint synchronization initiated using futex wait barrier. (221 threads)
[2025-04-30T08:48:21.357+0000][955.793s][info ][safepoint   ] Safepoint "Cleanup", Time since last: 1000126248 ns, Reaching safepoint: 76959 ns, Cleanup: 12168 ns, At safepoint: 5390 ns, Total: 94517 ns
[2025-04-30T08:48:22.357+0000][956.793s][debug][safepoint   ] Safepoint synchronization initiated using futex wait barrier. (224 threads)
[2025-04-30T08:48:22.357+0000][956.793s][info ][safepoint   ] Safepoint "Cleanup", Time since last: 1000095434 ns, Reaching safepoint: 68270 ns, Cleanup: 76155 ns, At safepoint: 11414 ns, Total: 155839 ns
[2025-04-30T08:48:23.358+0000][957.793s][debug][safepoint   ] Safepoint synchronization initiated using futex wait barrier. (224 threads)
[2025-04-30T08:48:23.358+0000][957.793s][info ][safepoint   ] Safepoint "Cleanup", Time since last: 1000303326 ns, Reaching safepoint: 112175 ns, Cleanup: 22516 ns, At safepoint: 10696 ns, Total: 145387 ns
[2025-04-30T08:48:30.386+0000][964.822s][debug][safepoint   ] Safepoint synchronization initiated using futex wait barrier. (223 threads)
[2025-04-30T08:48:30.387+0000][964.822s][info ][safepoint   ] Safepoint "Cleanup", Time since last: 7028450768 ns, Reaching safepoint: 134054 ns, Cleanup: 14383 ns, At safepoint: 6847 ns, Total: 155284 ns
[2025-04-30T08:48:32.388+0000][966.823s][debug][safepoint   ] Safepoint synchronization initiated using futex wait barrier. (223 threads)
[2025-04-30T08:48:32.388+0000][966.823s][info ][safepoint   ] Safepoint "Cleanup", Time since last: 2001462560 ns, Reaching safepoint: 86796 ns, Cleanup: 12054 ns, At safepoint: 6001 ns, Total: 104851 ns
[2025-04-30T08:48:35.388+0000][969.824s][debug][safepoint   ] Safepoint synchronization initiated using futex wait barrier. (223 threads)
[2025-04-30T08:48:35.389+0000][969.824s][info ][safepoint   ] Safepoint "Cleanup", Time since last: 3000381184 ns, Reaching safepoint: 87512 ns, Cleanup: 48799 ns, At safepoint: 7375 ns, Total: 143686 ns
[2025-04-30T08:48:40.389+0000][974.824s][debug][safepoint   ] Safepoint synchronization initiated using futex wait barrier. (223 threads)
[2025-04-30T08:48:40.389+0000][974.825s][info ][safepoint   ] Safepoint "Cleanup", Time since last: 5000514142 ns, Reaching safepoint: 69501 ns, Cleanup: 10896 ns, At safepoint: 4985 ns, Total: 85382 ns
[2025-04-30T08:48:41.389+0000][975.825s][debug][safepoint   ] Safepoint synchronization initiated using futex wait barrier. (223 threads)
[2025-04-30T08:48:41.390+0000][975.825s][info ][safepoint   ] Safepoint "Cleanup", Time since last: 1000141037 ns, Reaching safepoint: 219578 ns, Cleanup: 49272 ns, At safepoint: 17215 ns, Total: 286065 ns
[2025-04-30T08:48:42.286+0000][976.721s][debug][safepoint   ] Safepoint synchronization initiated using futex wait barrier. (223 threads)
[2025-04-30T08:48:42.287+0000][976.722s][info ][gc,start    ] GC(69) Pause Young (Normal) (G1 Evacuation Pause)
[2025-04-30T08:48:42.287+0000][976.722s][info ][gc,task     ] GC(69) Using 4 workers of 4 for evacuation
[2025-04-30T08:48:42.334+0000][976.770s][info ][gc,phases   ] GC(69)   Pre Evacuate Collection Set: 1.0ms
[2025-04-30T08:48:42.334+0000][976.770s][info ][gc,phases   ] GC(69)   Merge Heap Roots: 0.9ms
[2025-04-30T08:48:42.334+0000][976.770s][info ][gc,phases   ] GC(69)   Evacuate Collection Set: 42.3ms
[2025-04-30T08:48:42.334+0000][976.770s][info ][gc,phases   ] GC(69)   Post Evacuate Collection Set: 2.7ms
[2025-04-30T08:48:42.334+0000][976.770s][info ][gc,phases   ] GC(69)   Other: 0.6ms
[2025-04-30T08:48:42.334+0000][976.770s][info ][gc,heap     ] GC(69) Eden regions: 218->0(216)
[2025-04-30T08:48:42.334+0000][976.770s][info ][gc,heap     ] GC(69) Survivor regions: 12->13(29)
[2025-04-30T08:48:42.334+0000][976.770s][info ][gc,heap     ] GC(69) Old regions: 182->182
[2025-04-30T08:48:42.334+0000][976.770s][info ][gc,heap     ] GC(69) Archive regions: 2->2
[2025-04-30T08:48:42.334+0000][976.770s][info ][gc,heap     ] GC(69) Humongous regions: 0->0
[2025-04-30T08:48:42.334+0000][976.770s][info ][gc,metaspace] GC(69) Metaspace: 191535K(192960K)->191535K(192960K) NonClass: 168487K(169216K)->168487K(169216K) Class: 23047K(23744K)->23047K(23744K)
[2025-04-30T08:48:42.334+0000][976.770s][info ][gc          ] GC(69) Pause Young (Normal) (G1 Evacuation Pause) 412M->195M(474M) 47.565ms
[2025-04-30T08:48:42.334+0000][976.770s][info ][gc,cpu      ] GC(69) User=0.11s Sys=0.00s Real=0.05s
[2025-04-30T08:48:42.335+0000][976.770s][info ][safepoint   ] Safepoint "G1CollectForAllocation", Time since last: 896340935 ns, Reaching safepoint: 745862 ns, Cleanup: 14115 ns, At safepoint: 48334327 ns, Total: 49094304 ns
[2025-04-30T08:48:45.335+0000][979.771s][debug][safepoint   ] Safepoint synchronization initiated using futex wait barrier. (223 threads)
[2025-04-30T08:48:45.336+0000][979.771s][info ][safepoint   ] Safepoint "Cleanup", Time since last: 3000347912 ns, Reaching safepoint: 72163 ns, Cleanup: 33051 ns, At safepoint: 15803 ns, Total: 121017 ns
[2025-04-30T08:48:46.336+0000][980.771s][debug][safepoint   ] Safepoint synchronization initiated using futex wait barrier. (223 threads)
[2025-04-30T08:48:46.336+0000][980.771s][info ][safepoint   ] Safepoint "Cleanup", Time since last: 1000127626 ns, Reaching safepoint: 204680 ns, Cleanup: 39498 ns, At safepoint: 29289 ns, Total: 273467 ns
[2025-04-30T08:49:03.338+0000][997.773s][debug][safepoint   ] Safepoint synchronization initiated using futex wait barrier. (223 threads)
[2025-04-30T08:49:03.338+0000][997.774s][info ][safepoint   ] Safepoint "Cleanup", Time since last: 17002035909 ns, Reaching safepoint: 216216 ns, Cleanup: 35521 ns, At safepoint: 22287 ns, Total: 274024 ns
[2025-04-30T08:49:05.339+0000][999.774s][debug][safepoint   ] Safepoint synchronization initiated using futex wait barrier. (223 threads)
[2025-04-30T08:49:05.339+0000][999.774s][info ][safepoint   ] Safepoint "Cleanup", Time since last: 2000371283 ns, Reaching safepoint: 220494 ns, Cleanup: 65992 ns, At safepoint: 29074 ns, Total: 315560 ns
[2025-04-30T08:49:06.339+0000][1000.775s][debug][safepoint   ] Safepoint synchronization initiated using futex wait barrier. (223 threads)
[2025-04-30T08:49:06.339+0000][1000.775s][info ][safepoint   ] Safepoint "Cleanup", Time since last: 1000256716 ns, Reaching safepoint: 162981 ns, Cleanup: 34250 ns, At safepoint: 20583 ns, Total: 217814 ns
[2025-04-30T08:49:07.340+0000][1001.775s][debug][safepoint   ] Safepoint synchronization initiated using futex wait barrier. (223 threads)
[2025-04-30T08:49:07.340+0000][1001.775s][info ][safepoint   ] Safepoint "Cleanup", Time since last: 1000268540 ns, Reaching safepoint: 255735 ns, Cleanup: 37647 ns, At safepoint: 25527 ns, Total: 318909 ns
[2025-04-30T08:49:08.340+0000][1002.776s][debug][safepoint   ] Safepoint synchronization initiated using futex wait barrier. (223 threads)
[2025-04-30T08:49:08.341+0000][1002.776s][info ][safepoint   ] Safepoint "Cleanup", Time since last: 1000277566 ns, Reaching safepoint: 256819 ns, Cleanup: 32822 ns, At safepoint: 27000 ns, Total: 316641 ns
[2025-04-30T08:49:15.341+0000][1009.777s][debug][safepoint   ] Safepoint synchronization initiated using futex wait barrier. (223 threads)
[2025-04-30T08:49:15.342+0000][1009.777s][info ][safepoint   ] Safepoint "Cleanup", Time since last: 7000866240 ns, Reaching safepoint: 182704 ns, Cleanup: 30649 ns, At safepoint: 13020 ns, Total: 226373 ns
[2025-04-30T08:49:25.343+0000][1019.778s][debug][safepoint   ] Safepoint synchronization initiated using futex wait barrier. (219 threads)
[2025-04-30T08:49:25.343+0000][1019.778s][info ][safepoint   ] Safepoint "Cleanup", Time since last: 10001367695 ns, Reaching safepoint: 66931 ns, Cleanup: 11451 ns, At safepoint: 6452 ns, Total: 84834 ns
[2025-04-30T08:49:33.424+0000][1027.860s][debug][safepoint   ] Safepoint synchronization initiated using futex wait barrier. (219 threads)
[2025-04-30T08:49:33.425+0000][1027.860s][info ][safepoint   ] Safepoint "Cleanup", Time since last: 8081178011 ns, Reaching safepoint: 193396 ns, Cleanup: 29104 ns, At safepoint: 19493 ns, Total: 241993 ns
[2025-04-30T08:50:00.427+0000][1054.862s][debug][safepoint   ] Safepoint synchronization initiated using futex wait barrier. (219 threads)
[2025-04-30T08:50:00.427+0000][1054.863s][info ][safepoint   ] Safepoint "Cleanup", Time since last: 27002580057 ns, Reaching safepoint: 79812 ns, Cleanup: 25782 ns, At safepoint: 6478 ns, Total: 112072 ns
[2025-04-30T08:50:17.430+0000][1071.865s][debug][safepoint   ] Safepoint synchronization initiated using futex wait barrier. (219 threads)
[2025-04-30T08:50:17.430+0000][1071.865s][info ][safepoint   ] Safepoint "Cleanup", Time since last: 17002435028 ns, Reaching safepoint: 157224 ns, Cleanup: 30870 ns, At safepoint: 17658 ns, Total: 205752 ns
[2025-04-30T08:50:18.430+0000][1072.865s][debug][safepoint   ] Safepoint synchronization initiated using futex wait barrier. (219 threads)
[2025-04-30T08:50:18.430+0000][1072.866s][info ][safepoint   ] Safepoint "Cleanup", Time since last: 1000220651 ns, Reaching safepoint: 170080 ns, Cleanup: 30981 ns, At safepoint: 22543 ns, Total: 223604 ns
[2025-04-30T08:50:44.468+0000][1098.903s][debug][safepoint   ] Safepoint synchronization initiated using futex wait barrier. (217 threads)
[2025-04-30T08:50:44.468+0000][1098.904s][info ][safepoint   ] Safepoint "Cleanup", Time since last: 26037602860 ns, Reaching safepoint: 203818 ns, Cleanup: 39954 ns, At safepoint: 30205 ns, Total: 273977 ns
[2025-04-30T08:50:45.468+0000][1099.904s][debug][safepoint   ] Safepoint synchronization initiated using futex wait barrier. (217 threads)
[2025-04-30T08:50:45.469+0000][1099.904s][info ][safepoint   ] Safepoint "Cleanup", Time since last: 1000279383 ns, Reaching safepoint: 165587 ns, Cleanup: 29901 ns, At safepoint: 23067 ns, Total: 218555 ns
[2025-04-30T08:51:06.471+0000][1120.907s][debug][safepoint   ] Safepoint synchronization initiated using futex wait barrier. (216 threads)
[2025-04-30T08:51:06.472+0000][1120.907s][info ][safepoint   ] Safepoint "Cleanup", Time since last: 21002665785 ns, Reaching safepoint: 291359 ns, Cleanup: 34013 ns, At safepoint: 44133 ns, Total: 369505 ns
[2025-04-30T08:51:07.472+0000][1121.907s][debug][safepoint   ] Safepoint synchronization initiated using futex wait barrier. (216 threads)
[2025-04-30T08:51:07.472+0000][1121.908s][info ][safepoint   ] Safepoint "Cleanup", Time since last: 1000342485 ns, Reaching safepoint: 203515 ns, Cleanup: 38221 ns, At safepoint: 25478 ns, Total: 267214 ns
[2025-04-30T08:51:08.473+0000][1122.908s][debug][safepoint   ] Safepoint synchronization initiated using futex wait barrier. (216 threads)
[2025-04-30T08:51:08.473+0000][1122.908s][info ][safepoint   ] Safepoint "Cleanup", Time since last: 1000288396 ns, Reaching safepoint: 240489 ns, Cleanup: 32910 ns, At safepoint: 22700 ns, Total: 296099 ns
[2025-04-30T08:51:09.473+0000][1123.909s][debug][safepoint   ] Safepoint synchronization initiated using futex wait barrier. (216 threads)
[2025-04-30T08:51:09.473+0000][1123.909s][info ][safepoint   ] Safepoint "Cleanup", Time since last: 1000223193 ns, Reaching safepoint: 154103 ns, Cleanup: 36616 ns, At safepoint: 18992 ns, Total: 209711 ns
[2025-04-30T08:51:12.413+0000][1126.848s][debug][safepoint   ] Safepoint synchronization initiated using futex wait barrier. (216 threads)
[2025-04-30T08:51:12.413+0000][1126.849s][info ][gc,start    ] GC(70) Pause Young (Normal) (G1 Evacuation Pause)
[2025-04-30T08:51:12.413+0000][1126.849s][info ][gc,task     ] GC(70) Using 4 workers of 4 for evacuation
[2025-04-30T08:51:12.506+0000][1126.942s][info ][gc,phases   ] GC(70)   Pre Evacuate Collection Set: 0.9ms
[2025-04-30T08:51:12.506+0000][1126.942s][info ][gc,phases   ] GC(70)   Merge Heap Roots: 0.9ms
[2025-04-30T08:51:12.506+0000][1126.942s][info ][gc,phases   ] GC(70)   Evacuate Collection Set: 84.4ms
[2025-04-30T08:51:12.506+0000][1126.942s][info ][gc,phases   ] GC(70)   Post Evacuate Collection Set: 5.8ms
[2025-04-30T08:51:12.506+0000][1126.942s][info ][gc,phases   ] GC(70)   Other: 1.1ms
[2025-04-30T08:51:12.506+0000][1126.942s][info ][gc,heap     ] GC(70) Eden regions: 216->0(218)
[2025-04-30T08:51:12.506+0000][1126.942s][info ][gc,heap     ] GC(70) Survivor regions: 13->12(29)
[2025-04-30T08:51:12.506+0000][1126.942s][info ][gc,heap     ] GC(70) Old regions: 182->182
[2025-04-30T08:51:12.507+0000][1126.942s][info ][gc,heap     ] GC(70) Archive regions: 2->2
[2025-04-30T08:51:12.507+0000][1126.942s][info ][gc,heap     ] GC(70) Humongous regions: 0->0
[2025-04-30T08:51:12.507+0000][1126.942s][info ][gc,metaspace] GC(70) Metaspace: 191656K(193088K)->191656K(193088K) NonClass: 168602K(169344K)->168602K(169344K) Class: 23053K(23744K)->23053K(23744K)
[2025-04-30T08:51:12.507+0000][1126.942s][info ][gc          ] GC(70) Pause Young (Normal) (G1 Evacuation Pause) 411M->194M(474M) 93.417ms
[2025-04-30T08:51:12.507+0000][1126.942s][info ][gc,cpu      ] GC(70) User=0.29s Sys=0.00s Real=0.09s
[2025-04-30T08:51:12.508+0000][1126.943s][info ][safepoint   ] Safepoint "G1CollectForAllocation", Time since last: 2939451219 ns, Reaching safepoint: 289840 ns, Cleanup: 13715 ns, At safepoint: 94798101 ns, Total: 95101656 ns
[2025-04-30T08:51:14.509+0000][1128.944s][debug][safepoint   ] Safepoint synchronization initiated using futex wait barrier. (216 threads)
[2025-04-30T08:51:14.509+0000][1128.944s][info ][safepoint   ] Safepoint "Cleanup", Time since last: 2000582517 ns, Reaching safepoint: 172695 ns, Cleanup: 32088 ns, At safepoint: 18923 ns, Total: 223706 ns
[2025-04-30T08:51:20.475+0000][1134.910s][debug][safepoint   ] Safepoint synchronization initiated using futex wait barrier. (216 threads)
[2025-04-30T08:51:20.475+0000][1134.911s][info ][safepoint   ] Safepoint "Cleanup", Time since last: 5966093545 ns, Reaching safepoint: 199425 ns, Cleanup: 237410 ns, At safepoint: 19937 ns, Total: 456772 ns
[2025-04-30T08:51:21.476+0000][1135.911s][debug][safepoint   ] Safepoint synchronization initiated using futex wait barrier. (216 threads)
[2025-04-30T08:51:21.476+0000][1135.911s][info ][safepoint   ] Safepoint "Cleanup", Time since last: 1000229944 ns, Reaching safepoint: 276861 ns, Cleanup: 29626 ns, At safepoint: 23786 ns, Total: 330273 ns
[2025-04-30T08:51:30.477+0000][1144.913s][debug][safepoint   ] Safepoint synchronization initiated using futex wait barrier. (215 threads)
[2025-04-30T08:51:30.478+0000][1144.913s][info ][safepoint   ] Safepoint "Cleanup", Time since last: 9001640038 ns, Reaching safepoint: 186294 ns, Cleanup: 32503 ns, At safepoint: 22729 ns, Total: 241526 ns
[2025-04-30T08:51:32.478+0000][1146.913s][debug][safepoint   ] Safepoint synchronization initiated using futex wait barrier. (215 threads)
[2025-04-30T08:51:32.478+0000][1146.914s][info ][safepoint   ] Safepoint "Cleanup", Time since last: 2000296298 ns, Reaching safepoint: 181282 ns, Cleanup: 32142 ns, At safepoint: 23481 ns, Total: 236905 ns
[2025-04-30T08:51:58.482+0000][1172.917s][debug][safepoint   ] Safepoint synchronization initiated using futex wait barrier. (215 threads)
[2025-04-30T08:51:58.482+0000][1172.917s][info ][safepoint   ] Safepoint "Cleanup", Time since last: 26003365661 ns, Reaching safepoint: 224841 ns, Cleanup: 10161 ns, At safepoint: 28151 ns, Total: 263153 ns
[2025-04-30T08:52:04.483+0000][1178.918s][debug][safepoint   ] Safepoint synchronization initiated using futex wait barrier. (214 threads)
[2025-04-30T08:52:04.483+0000][1178.918s][debug][safepoint   ] ... found polling page loop exception at pc = 0x00007b2ad9926169, stub =0x00007b2ad898e400
[2025-04-30T08:52:04.483+0000][1178.919s][info ][safepoint   ] Safepoint "Cleanup", Time since last: 6000879038 ns, Reaching safepoint: 459827 ns, Cleanup: 31588 ns, At safepoint: 47345 ns, Total: 538760 ns
[2025-04-30T08:52:13.485+0000][1187.920s][debug][safepoint   ] Safepoint synchronization initiated using futex wait barrier. (214 threads)
[2025-04-30T08:52:13.485+0000][1187.920s][info ][safepoint   ] Safepoint "Cleanup", Time since last: 9001250443 ns, Reaching safepoint: 246195 ns, Cleanup: 37085 ns, At safepoint: 138772 ns, Total: 422052 ns
[2025-04-30T08:52:16.486+0000][1190.921s][debug][safepoint   ] Safepoint synchronization initiated using futex wait barrier. (214 threads)
[2025-04-30T08:52:16.486+0000][1190.921s][info ][safepoint   ] Safepoint "Cleanup", Time since last: 3000654134 ns, Reaching safepoint: 208948 ns, Cleanup: 26968 ns, At safepoint: 23425 ns, Total: 259341 ns
[2025-04-30T08:52:31.488+0000][1205.923s][debug][safepoint   ] Safepoint synchronization initiated using futex wait barrier. (213 threads)
[2025-04-30T08:52:31.488+0000][1205.923s][info ][safepoint   ] Safepoint "Cleanup", Time since last: 15001896757 ns, Reaching safepoint: 204348 ns, Cleanup: 31670 ns, At safepoint: 49266 ns, Total: 285284 ns
[2025-04-30T08:52:46.490+0000][1220.925s][debug][safepoint   ] Safepoint synchronization initiated using futex wait barrier. (213 threads)
[2025-04-30T08:52:46.490+0000][1220.926s][info ][safepoint   ] Safepoint "Cleanup", Time since last: 15002028681 ns, Reaching safepoint: 207065 ns, Cleanup: 41207 ns, At safepoint: 22295 ns, Total: 270567 ns
[2025-04-30T08:52:52.491+0000][1226.927s][debug][safepoint   ] Safepoint synchronization initiated using futex wait barrier. (213 threads)
[2025-04-30T08:52:52.492+0000][1226.927s][info ][safepoint   ] Safepoint "Cleanup", Time since last: 6000861792 ns, Reaching safepoint: 239596 ns, Cleanup: 26335 ns, At safepoint: 57607 ns, Total: 323538 ns
[2025-04-30T08:52:57.493+0000][1231.928s][debug][safepoint   ] Safepoint synchronization initiated using futex wait barrier. (213 threads)
[2025-04-30T08:52:57.493+0000][1231.928s][info ][safepoint   ] Safepoint "Cleanup", Time since last: 5001211123 ns, Reaching safepoint: 94788 ns, Cleanup: 17297 ns, At safepoint: 10619 ns, Total: 122704 ns
[2025-04-30T08:53:06.496+0000][1240.932s][debug][safepoint   ] Safepoint synchronization initiated using futex wait barrier. (212 threads)
[2025-04-30T08:53:06.496+0000][1240.932s][info ][safepoint   ] Safepoint "Cleanup", Time since last: 9003298857 ns, Reaching safepoint: 205830 ns, Cleanup: 73082 ns, At safepoint: 23334 ns, Total: 302246 ns
[2025-04-30T08:53:07.497+0000][1241.932s][debug][safepoint   ] Safepoint synchronization initiated using futex wait barrier. (212 threads)
[2025-04-30T08:53:07.497+0000][1241.932s][info ][safepoint   ] Safepoint "Cleanup", Time since last: 1000217452 ns, Reaching safepoint: 184940 ns, Cleanup: 32399 ns, At safepoint: 19450 ns, Total: 236789 ns
[2025-04-30T08:53:09.497+0000][1243.933s][debug][safepoint   ] Safepoint synchronization initiated using futex wait barrier. (212 threads)
[2025-04-30T08:53:09.498+0000][1243.933s][info ][safepoint   ] Safepoint "Cleanup", Time since last: 2000309610 ns, Reaching safepoint: 248903 ns, Cleanup: 34363 ns, At safepoint: 19958 ns, Total: 303224 ns
[2025-04-30T08:53:13.335+0000][1247.771s][debug][safepoint   ] Safepoint synchronization initiated using futex wait barrier. (212 threads)
[2025-04-30T08:53:13.335+0000][1247.771s][info ][safepoint   ] Safepoint "Cleanup", Time since last: 3837654372 ns, Reaching safepoint: 81761 ns, Cleanup: 15432 ns, At safepoint: 6339 ns, Total: 103532 ns
[2025-04-30T08:53:16.336+0000][1250.771s][debug][safepoint   ] Safepoint synchronization initiated using futex wait barrier. (212 threads)
[2025-04-30T08:53:16.336+0000][1250.771s][info ][safepoint   ] Safepoint "Cleanup", Time since last: 3000478374 ns, Reaching safepoint: 149885 ns, Cleanup: 28190 ns, At safepoint: 19057 ns, Total: 197132 ns
[2025-04-30T08:53:18.336+0000][1252.772s][debug][safepoint   ] Safepoint synchronization initiated using futex wait barrier. (212 threads)
[2025-04-30T08:53:18.336+0000][1252.772s][info ][safepoint   ] Safepoint "Cleanup", Time since last: 2000256416 ns, Reaching safepoint: 57212 ns, Cleanup: 12161 ns, At safepoint: 5426 ns, Total: 74799 ns
[2025-04-30T08:53:29.338+0000][1263.773s][debug][safepoint   ] Safepoint synchronization initiated using futex wait barrier. (211 threads)
[2025-04-30T08:53:29.338+0000][1263.773s][info ][safepoint   ] Safepoint "Cleanup", Time since last: 11001199713 ns, Reaching safepoint: 192665 ns, Cleanup: 30827 ns, At safepoint: 46275 ns, Total: 269767 ns
[2025-04-30T08:53:31.338+0000][1265.773s][debug][safepoint   ] Safepoint synchronization initiated using futex wait barrier. (211 threads)
[2025-04-30T08:53:31.338+0000][1265.774s][info ][safepoint   ] Safepoint "Cleanup", Time since last: 2000355384 ns, Reaching safepoint: 183799 ns, Cleanup: 25104 ns, At safepoint: 18378 ns, Total: 227281 ns
[2025-04-30T08:53:36.339+0000][1270.774s][debug][safepoint   ] Safepoint synchronization initiated using futex wait barrier. (211 threads)
[2025-04-30T08:53:36.340+0000][1270.775s][info ][safepoint   ] Safepoint "Cleanup", Time since last: 5000647743 ns, Reaching safepoint: 486654 ns, Cleanup: 62628 ns, At safepoint: 118856 ns, Total: 668138 ns
[2025-04-30T08:53:46.341+0000][1280.777s][debug][safepoint   ] Safepoint synchronization initiated using futex wait barrier. (211 threads)
[2025-04-30T08:53:46.342+0000][1280.777s][info ][safepoint   ] Safepoint "Cleanup", Time since last: 10001609999 ns, Reaching safepoint: 236341 ns, Cleanup: 37738 ns, At safepoint: 21159 ns, Total: 295238 ns
[2025-04-30T08:53:51.554+0000][1285.989s][debug][safepoint   ] Safepoint synchronization initiated using futex wait barrier. (211 threads)
[2025-04-30T08:53:51.557+0000][1285.992s][info ][gc,start    ] GC(71) Pause Young (Normal) (G1 Evacuation Pause)
[2025-04-30T08:53:51.557+0000][1285.992s][info ][gc,task     ] GC(71) Using 4 workers of 4 for evacuation
[2025-04-30T08:53:51.612+0000][1286.048s][info ][gc,phases   ] GC(71)   Pre Evacuate Collection Set: 1.9ms
[2025-04-30T08:53:51.612+0000][1286.048s][info ][gc,phases   ] GC(71)   Merge Heap Roots: 0.5ms
[2025-04-30T08:53:51.613+0000][1286.048s][info ][gc,phases   ] GC(71)   Evacuate Collection Set: 48.5ms
[2025-04-30T08:53:51.613+0000][1286.048s][info ][gc,phases   ] GC(71)   Post Evacuate Collection Set: 4.7ms
[2025-04-30T08:53:51.613+0000][1286.048s][info ][gc,phases   ] GC(71)   Other: 2.5ms
[2025-04-30T08:53:51.613+0000][1286.048s][info ][gc,heap     ] GC(71) Eden regions: 218->0(216)
[2025-04-30T08:53:51.613+0000][1286.048s][info ][gc,heap     ] GC(71) Survivor regions: 12->13(29)
[2025-04-30T08:53:51.613+0000][1286.048s][info ][gc,heap     ] GC(71) Old regions: 182->182
[2025-04-30T08:53:51.613+0000][1286.048s][info ][gc,heap     ] GC(71) Archive regions: 2->2
[2025-04-30T08:53:51.613+0000][1286.048s][info ][gc,heap     ] GC(71) Humongous regions: 0->0
[2025-04-30T08:53:51.613+0000][1286.048s][info ][gc,metaspace] GC(71) Metaspace: 191718K(193152K)->191718K(193152K) NonClass: 168664K(169408K)->168664K(169408K) Class: 23054K(23744K)->23054K(23744K)
[2025-04-30T08:53:51.613+0000][1286.048s][info ][gc          ] GC(71) Pause Young (Normal) (G1 Evacuation Pause) 412M->195M(474M) 56.017ms
[2025-04-30T08:53:51.613+0000][1286.048s][info ][gc,cpu      ] GC(71) User=0.07s Sys=0.00s Real=0.06s
[2025-04-30T08:53:51.613+0000][1286.049s][info ][safepoint   ] Safepoint "G1CollectForAllocation", Time since last: 5212454837 ns, Reaching safepoint: 295782 ns, Cleanup: 41538 ns, At safepoint: 59029457 ns, Total: 59366777 ns
[2025-04-30T08:53:52.614+0000][1287.049s][debug][safepoint   ] Safepoint synchronization initiated using futex wait barrier. (211 threads)
[2025-04-30T08:53:52.614+0000][1287.049s][info ][safepoint   ] Safepoint "Cleanup", Time since last: 1000135244 ns, Reaching safepoint: 122211 ns, Cleanup: 37214 ns, At safepoint: 15440 ns, Total: 174865 ns
[2025-04-30T08:54:12.618+0000][1307.053s][debug][safepoint   ] Safepoint synchronization initiated using futex wait barrier. (210 threads)
[2025-04-30T08:54:12.618+0000][1307.054s][info ][safepoint   ] Safepoint "Cleanup", Time since last: 20004311831 ns, Reaching safepoint: 239830 ns, Cleanup: 55913 ns, At safepoint: 56928 ns, Total: 352671 ns
[2025-04-30T08:54:15.619+0000][1310.054s][debug][safepoint   ] Safepoint synchronization initiated using futex wait barrier. (210 threads)
[2025-04-30T08:54:15.619+0000][1310.055s][info ][safepoint   ] Safepoint "Cleanup", Time since last: 3000579400 ns, Reaching safepoint: 199359 ns, Cleanup: 29407 ns, At safepoint: 17146 ns, Total: 245912 ns
[2025-04-30T08:55:01.625+0000][1356.060s][debug][safepoint   ] Safepoint synchronization initiated using futex wait barrier. (209 threads)
[2025-04-30T08:55:01.625+0000][1356.061s][info ][safepoint   ] Safepoint "Cleanup", Time since last: 46005700331 ns, Reaching safepoint: 218619 ns, Cleanup: 35532 ns, At safepoint: 19325 ns, Total: 273476 ns
[2025-04-30T08:55:06.626+0000][1361.061s][debug][safepoint   ] Safepoint synchronization initiated using futex wait barrier. (209 threads)
[2025-04-30T08:55:06.626+0000][1361.061s][info ][safepoint   ] Safepoint "Cleanup", Time since last: 5000659090 ns, Reaching safepoint: 117813 ns, Cleanup: 19855 ns, At safepoint: 11375 ns, Total: 149043 ns
[2025-04-30T08:55:26.628+0000][1381.064s][debug][safepoint   ] Safepoint synchronization initiated using futex wait barrier. (209 threads)
[2025-04-30T08:55:26.628+0000][1381.064s][info ][safepoint   ] Safepoint "Cleanup", Time since last: 20002280555 ns, Reaching safepoint: 88112 ns, Cleanup: 13129 ns, At safepoint: 9544 ns, Total: 110785 ns
[2025-04-30T08:55:38.630+0000][1393.065s][debug][safepoint   ] Safepoint synchronization initiated using futex wait barrier. (209 threads)
[2025-04-30T08:55:38.630+0000][1393.065s][info ][safepoint   ] Safepoint "Cleanup", Time since last: 12001527914 ns, Reaching safepoint: 89137 ns, Cleanup: 22902 ns, At safepoint: 10147 ns, Total: 122186 ns
[2025-04-30T08:55:40.630+0000][1395.066s][debug][safepoint   ] Safepoint synchronization initiated using futex wait barrier. (209 threads)
[2025-04-30T08:55:40.630+0000][1395.066s][info ][safepoint   ] Safepoint "Cleanup", Time since last: 2000216821 ns, Reaching safepoint: 113101 ns, Cleanup: 20916 ns, At safepoint: 8816 ns, Total: 142833 ns
[2025-04-30T08:55:48.632+0000][1403.067s][debug][safepoint   ] Safepoint synchronization initiated using futex wait barrier. (209 threads)
[2025-04-30T08:55:48.632+0000][1403.067s][info ][safepoint   ] Safepoint "Cleanup", Time since last: 8001153069 ns, Reaching safepoint: 174055 ns, Cleanup: 31178 ns, At safepoint: 16979 ns, Total: 222212 ns
[2025-04-30T08:56:06.634+0000][1421.069s][debug][safepoint   ] Safepoint synchronization initiated using futex wait barrier. (208 threads)
[2025-04-30T08:56:06.634+0000][1421.070s][info ][safepoint   ] Safepoint "Cleanup", Time since last: 18002078981 ns, Reaching safepoint: 220322 ns, Cleanup: 49231 ns, At safepoint: 25075 ns, Total: 294628 ns
[2025-04-30T08:56:08.635+0000][1423.070s][debug][safepoint   ] Safepoint synchronization initiated using futex wait barrier. (208 threads)
[2025-04-30T08:56:08.635+0000][1423.070s][info ][safepoint   ] Safepoint "Cleanup", Time since last: 2000359298 ns, Reaching safepoint: 219367 ns, Cleanup: 32513 ns, At safepoint: 31208 ns, Total: 283088 ns
[2025-04-30T08:56:21.637+0000][1436.073s][debug][safepoint   ] Safepoint synchronization initiated using futex wait barrier. (208 threads)
[2025-04-30T08:56:21.638+0000][1436.073s][info ][safepoint   ] Safepoint "Cleanup", Time since last: 13002470655 ns, Reaching safepoint: 316082 ns, Cleanup: 66579 ns, At safepoint: 6845 ns, Total: 389506 ns
[2025-04-30T08:56:25.638+0000][1440.073s][debug][safepoint   ] Safepoint synchronization initiated using futex wait barrier. (208 threads)
[2025-04-30T08:56:25.638+0000][1440.073s][info ][safepoint   ] Safepoint "Cleanup", Time since last: 4000439089 ns, Reaching safepoint: 45627 ns, Cleanup: 7734 ns, At safepoint: 3896 ns, Total: 57257 ns
[2025-04-30T08:56:29.613+0000][1444.049s][debug][safepoint   ] Safepoint synchronization initiated using futex wait barrier. (208 threads)
[2025-04-30T08:56:29.614+0000][1444.049s][info ][gc,start    ] GC(72) Pause Young (Normal) (G1 Evacuation Pause)
[2025-04-30T08:56:29.614+0000][1444.049s][info ][gc,task     ] GC(72) Using 4 workers of 4 for evacuation
[2025-04-30T08:56:29.694+0000][1444.129s][info ][gc,phases   ] GC(72)   Pre Evacuate Collection Set: 1.0ms
[2025-04-30T08:56:29.694+0000][1444.129s][info ][gc,phases   ] GC(72)   Merge Heap Roots: 0.8ms
[2025-04-30T08:56:29.694+0000][1444.129s][info ][gc,phases   ] GC(72)   Evacuate Collection Set: 73.7ms
[2025-04-30T08:56:29.694+0000][1444.129s][info ][gc,phases   ] GC(72)   Post Evacuate Collection Set: 4.1ms
[2025-04-30T08:56:29.694+0000][1444.129s][info ][gc,phases   ] GC(72)   Other: 0.5ms
[2025-04-30T08:56:29.694+0000][1444.129s][info ][gc,heap     ] GC(72) Eden regions: 216->0(223)
[2025-04-30T08:56:29.694+0000][1444.129s][info ][gc,heap     ] GC(72) Survivor regions: 13->7(29)
[2025-04-30T08:56:29.694+0000][1444.129s][info ][gc,heap     ] GC(72) Old regions: 182->187
[2025-04-30T08:56:29.694+0000][1444.129s][info ][gc,heap     ] GC(72) Archive regions: 2->2
[2025-04-30T08:56:29.694+0000][1444.129s][info ][gc,heap     ] GC(72) Humongous regions: 0->0
[2025-04-30T08:56:29.694+0000][1444.129s][info ][gc,metaspace] GC(72) Metaspace: 191730K(193152K)->191730K(193152K) NonClass: 168675K(169408K)->168675K(169408K) Class: 23055K(23744K)->23055K(23744K)
[2025-04-30T08:56:29.694+0000][1444.129s][info ][gc          ] GC(72) Pause Young (Normal) (G1 Evacuation Pause) 411M->194M(474M) 80.201ms
[2025-04-30T08:56:29.694+0000][1444.129s][info ][gc,cpu      ] GC(72) User=0.20s Sys=0.01s Real=0.08s
[2025-04-30T08:56:29.694+0000][1444.130s][info ][safepoint   ] Safepoint "G1CollectForAllocation", Time since last: 3975186038 ns, Reaching safepoint: 234580 ns, Cleanup: 13667 ns, At safepoint: 80813150 ns, Total: 81061397 ns
[2025-04-30T08:56:42.696+0000][1457.131s][debug][safepoint   ] Safepoint synchronization initiated using futex wait barrier. (208 threads)
[2025-04-30T08:56:42.696+0000][1457.132s][info ][safepoint   ] Safepoint "Cleanup", Time since last: 13001651321 ns, Reaching safepoint: 252820 ns, Cleanup: 32626 ns, At safepoint: 32516 ns, Total: 317962 ns
[2025-04-30T08:56:52.698+0000][1467.133s][debug][safepoint   ] Safepoint synchronization initiated using futex wait barrier. (208 threads)
[2025-04-30T08:56:52.698+0000][1467.133s][info ][safepoint   ] Safepoint "Cleanup", Time since last: 10001389783 ns, Reaching safepoint: 216325 ns, Cleanup: 32142 ns, At safepoint: 48268 ns, Total: 296735 ns
[2025-04-30T08:56:56.699+0000][1471.134s][debug][safepoint   ] Safepoint synchronization initiated using futex wait barrier. (208 threads)
[2025-04-30T08:56:56.699+0000][1471.134s][info ][safepoint   ] Safepoint "Cleanup", Time since last: 4000524908 ns, Reaching safepoint: 179951 ns, Cleanup: 27308 ns, At safepoint: 18591 ns, Total: 225850 ns
[2025-04-30T08:57:09.701+0000][1484.136s][debug][safepoint   ] Safepoint synchronization initiated using futex wait barrier. (208 threads)
[2025-04-30T08:57:09.701+0000][1484.136s][info ][safepoint   ] Safepoint "Cleanup", Time since last: 13001855963 ns, Reaching safepoint: 140953 ns, Cleanup: 27400 ns, At safepoint: 11810 ns, Total: 180163 ns
[2025-04-30T08:57:46.705+0000][1521.141s][debug][safepoint   ] Safepoint synchronization initiated using futex wait barrier. (208 threads)
[2025-04-30T08:57:46.705+0000][1521.141s][info ][safepoint   ] Safepoint "Cleanup", Time since last: 37004387325 ns, Reaching safepoint: 191448 ns, Cleanup: 57702 ns, At safepoint: 28562 ns, Total: 277712 ns
[2025-04-30T08:57:48.706+0000][1523.141s][debug][safepoint   ] Safepoint synchronization initiated using futex wait barrier. (208 threads)
[2025-04-30T08:57:48.706+0000][1523.141s][info ][safepoint   ] Safepoint "Cleanup", Time since last: 2000293120 ns, Reaching safepoint: 82623 ns, Cleanup: 17697 ns, At safepoint: 10577 ns, Total: 110897 ns
[2025-04-30T08:58:14.709+0000][1549.144s][debug][safepoint   ] Safepoint synchronization initiated using futex wait barrier. (208 threads)
[2025-04-30T08:58:14.709+0000][1549.144s][info ][safepoint   ] Safepoint "Cleanup", Time since last: 26002867084 ns, Reaching safepoint: 255550 ns, Cleanup: 31927 ns, At safepoint: 28423 ns, Total: 315900 ns
[2025-04-30T08:58:56.716+0000][1591.151s][debug][safepoint   ] Safepoint synchronization initiated using futex wait barrier. (208 threads)
[2025-04-30T08:58:56.717+0000][1591.152s][info ][safepoint   ] Safepoint "Cleanup", Time since last: 42007038801 ns, Reaching safepoint: 349272 ns, Cleanup: 39103 ns, At safepoint: 18641 ns, Total: 407016 ns
[2025-04-30T08:59:12.718+0000][1607.154s][debug][safepoint   ] Safepoint synchronization initiated using futex wait barrier. (208 threads)
[2025-04-30T08:59:12.719+0000][1607.154s][info ][safepoint   ] Safepoint "Cleanup", Time since last: 16001863820 ns, Reaching safepoint: 359349 ns, Cleanup: 35429 ns, At safepoint: 43292 ns, Total: 438070 ns
[2025-04-30T08:59:13.281+0000][1607.716s][debug][safepoint   ] Safepoint synchronization initiated using futex wait barrier. (208 threads)
[2025-04-30T08:59:13.281+0000][1607.716s][info ][gc,start    ] GC(73) Pause Young (Normal) (G1 Evacuation Pause)
[2025-04-30T08:59:13.281+0000][1607.716s][info ][gc,task     ] GC(73) Using 4 workers of 4 for evacuation
[2025-04-30T08:59:13.337+0000][1607.773s][info ][gc,phases   ] GC(73)   Pre Evacuate Collection Set: 0.6ms
[2025-04-30T08:59:13.338+0000][1607.773s][info ][gc,phases   ] GC(73)   Merge Heap Roots: 0.5ms
[2025-04-30T08:59:13.338+0000][1607.773s][info ][gc,phases   ] GC(73)   Evacuate Collection Set: 47.1ms
[2025-04-30T08:59:13.338+0000][1607.773s][info ][gc,phases   ] GC(73)   Post Evacuate Collection Set: 8.1ms
[2025-04-30T08:59:13.338+0000][1607.773s][info ][gc,phases   ] GC(73)   Other: 0.5ms
[2025-04-30T08:59:13.338+0000][1607.773s][info ][gc,heap     ] GC(73) Eden regions: 223->0(222)
[2025-04-30T08:59:13.338+0000][1607.773s][info ][gc,heap     ] GC(73) Survivor regions: 7->7(29)
[2025-04-30T08:59:13.338+0000][1607.773s][info ][gc,heap     ] GC(73) Old regions: 187->188
[2025-04-30T08:59:13.338+0000][1607.773s][info ][gc,heap     ] GC(73) Archive regions: 2->2
[2025-04-30T08:59:13.338+0000][1607.773s][info ][gc,heap     ] GC(73) Humongous regions: 0->0
[2025-04-30T08:59:13.338+0000][1607.773s][info ][gc,metaspace] GC(73) Metaspace: 191795K(193216K)->191795K(193216K) NonClass: 168740K(169472K)->168740K(169472K) Class: 23055K(23744K)->23055K(23744K)
[2025-04-30T08:59:13.338+0000][1607.773s][info ][gc          ] GC(73) Pause Young (Normal) (G1 Evacuation Pause) 417M->195M(474M) 57.090ms
[2025-04-30T08:59:13.338+0000][1607.773s][info ][gc,cpu      ] GC(73) User=0.18s Sys=0.01s Real=0.05s
[2025-04-30T08:59:13.339+0000][1607.775s][info ][safepoint   ] Safepoint "G1CollectForAllocation", Time since last: 561736150 ns, Reaching safepoint: 150715 ns, Cleanup: 11764 ns, At safepoint: 58413262 ns, Total: 58575741 ns
[2025-04-30T08:59:16.340+0000][1610.775s][debug][safepoint   ] Safepoint synchronization initiated using futex wait barrier. (208 threads)
[2025-04-30T08:59:16.340+0000][1610.775s][info ][safepoint   ] Safepoint "Cleanup", Time since last: 3000593405 ns, Reaching safepoint: 209710 ns, Cleanup: 58261 ns, At safepoint: 44672 ns, Total: 312643 ns
[2025-04-30T08:59:19.340+0000][1613.776s][debug][safepoint   ] Safepoint synchronization initiated using futex wait barrier. (208 threads)
[2025-04-30T08:59:19.341+0000][1613.776s][info ][safepoint   ] Safepoint "Cleanup", Time since last: 3000425373 ns, Reaching safepoint: 100001 ns, Cleanup: 15552 ns, At safepoint: 7565 ns, Total: 123118 ns
[2025-04-30T08:59:22.341+0000][1616.776s][debug][safepoint   ] Safepoint synchronization initiated using futex wait barrier. (208 threads)
[2025-04-30T08:59:22.341+0000][1616.777s][info ][safepoint   ] Safepoint "Cleanup", Time since last: 3000465673 ns, Reaching safepoint: 225822 ns, Cleanup: 42025 ns, At safepoint: 26815 ns, Total: 294662 ns
[2025-04-30T08:59:41.344+0000][1635.779s][debug][safepoint   ] Safepoint synchronization initiated using futex wait barrier. (208 threads)
[2025-04-30T08:59:41.344+0000][1635.779s][info ][safepoint   ] Safepoint "Cleanup", Time since last: 19002442838 ns, Reaching safepoint: 169340 ns, Cleanup: 30699 ns, At safepoint: 19192 ns, Total: 219231 ns
[2025-04-30T08:59:42.344+0000][1636.780s][debug][safepoint   ] Safepoint synchronization initiated using futex wait barrier. (208 threads)
[2025-04-30T08:59:42.344+0000][1636.780s][info ][safepoint   ] Safepoint "Cleanup", Time since last: 1000224928 ns, Reaching safepoint: 155796 ns, Cleanup: 60835 ns, At safepoint: 29609 ns, Total: 246240 ns
[2025-04-30T09:00:06.353+0000][1660.788s][debug][safepoint   ] Safepoint synchronization initiated using futex wait barrier. (208 threads)
[2025-04-30T09:00:06.353+0000][1660.789s][info ][safepoint   ] Safepoint "Cleanup", Time since last: 24008430167 ns, Reaching safepoint: 306586 ns, Cleanup: 42832 ns, At safepoint: 24124 ns, Total: 373542 ns
[2025-04-30T09:00:13.356+0000][1667.792s][debug][safepoint   ] Safepoint synchronization initiated using futex wait barrier. (208 threads)
[2025-04-30T09:00:13.357+0000][1667.792s][info ][safepoint   ] Safepoint "Cleanup", Time since last: 7002877333 ns, Reaching safepoint: 279005 ns, Cleanup: 39111 ns, At safepoint: 48334 ns, Total: 366450 ns
[2025-04-30T09:00:33.361+0000][1687.797s][debug][safepoint   ] Safepoint synchronization initiated using futex wait barrier. (208 threads)
[2025-04-30T09:00:33.362+0000][1687.797s][info ][safepoint   ] Safepoint "Cleanup", Time since last: 20004607353 ns, Reaching safepoint: 268213 ns, Cleanup: 89608 ns, At safepoint: 68125 ns, Total: 425946 ns
[2025-04-30T09:00:55.366+0000][1709.801s][debug][safepoint   ] Safepoint synchronization initiated using futex wait barrier. (208 threads)
[2025-04-30T09:00:55.366+0000][1709.801s][info ][safepoint   ] Safepoint "Cleanup", Time since last: 22004076166 ns, Reaching safepoint: 91939 ns, Cleanup: 14137 ns, At safepoint: 8216 ns, Total: 114292 ns
[2025-04-30T09:01:16.368+0000][1730.803s][debug][safepoint   ] Safepoint synchronization initiated using futex wait barrier. (208 threads)
[2025-04-30T09:01:16.368+0000][1730.804s][info ][safepoint   ] Safepoint "Cleanup", Time since last: 21002322040 ns, Reaching safepoint: 131698 ns, Cleanup: 28383 ns, At safepoint: 14648 ns, Total: 174729 ns
[2025-04-30T09:01:17.368+0000][1731.804s][debug][safepoint   ] Safepoint synchronization initiated using futex wait barrier. (208 threads)
[2025-04-30T09:01:17.369+0000][1731.804s][info ][safepoint   ] Safepoint "Cleanup", Time since last: 1000222498 ns, Reaching safepoint: 130489 ns, Cleanup: 25636 ns, At safepoint: 14001 ns, Total: 170126 ns
[2025-04-30T09:01:26.370+0000][1740.805s][debug][safepoint   ] Safepoint synchronization initiated using futex wait barrier. (208 threads)
[2025-04-30T09:01:26.370+0000][1740.805s][info ][safepoint   ] Safepoint "Cleanup", Time since last: 9000977611 ns, Reaching safepoint: 59420 ns, Cleanup: 11287 ns, At safepoint: 5238 ns, Total: 75945 ns
[2025-04-30T09:01:28.370+0000][1742.805s][debug][safepoint   ] Safepoint synchronization initiated using futex wait barrier. (208 threads)
[2025-04-30T09:01:28.370+0000][1742.806s][info ][safepoint   ] Safepoint "Cleanup", Time since last: 2000270165 ns, Reaching safepoint: 173825 ns, Cleanup: 31355 ns, At safepoint: 14313 ns, Total: 219493 ns
[2025-04-30T09:01:30.371+0000][1744.806s][debug][safepoint   ] Safepoint synchronization initiated using futex wait barrier. (208 threads)
[2025-04-30T09:01:30.371+0000][1744.806s][info ][safepoint   ] Safepoint "Cleanup", Time since last: 2000397297 ns, Reaching safepoint: 152677 ns, Cleanup: 40501 ns, At safepoint: 17516 ns, Total: 210694 ns
[2025-04-30T09:01:47.373+0000][1761.808s][debug][safepoint   ] Safepoint synchronization initiated using futex wait barrier. (208 threads)
[2025-04-30T09:01:47.373+0000][1761.809s][info ][safepoint   ] Safepoint "Cleanup", Time since last: 17002117859 ns, Reaching safepoint: 206961 ns, Cleanup: 33720 ns, At safepoint: 22942 ns, Total: 263623 ns
[2025-04-30T09:01:56.112+0000][1770.547s][debug][safepoint   ] Safepoint synchronization initiated using futex wait barrier. (208 threads)
[2025-04-30T09:01:56.112+0000][1770.547s][info ][gc,start    ] GC(74) Pause Young (Normal) (G1 Evacuation Pause)
[2025-04-30T09:01:56.112+0000][1770.547s][info ][gc,task     ] GC(74) Using 4 workers of 4 for evacuation
[2025-04-30T09:01:56.191+0000][1770.626s][info ][gc,phases   ] GC(74)   Pre Evacuate Collection Set: 0.6ms
[2025-04-30T09:01:56.191+0000][1770.626s][info ][gc,phases   ] GC(74)   Merge Heap Roots: 0.6ms
[2025-04-30T09:01:56.191+0000][1770.626s][info ][gc,phases   ] GC(74)   Evacuate Collection Set: 66.9ms
[2025-04-30T09:01:56.191+0000][1770.626s][info ][gc,phases   ] GC(74)   Post Evacuate Collection Set: 10.5ms
[2025-04-30T09:01:56.191+0000][1770.627s][info ][gc,phases   ] GC(74)   Other: 0.6ms
[2025-04-30T09:01:56.191+0000][1770.627s][info ][gc,heap     ] GC(74) Eden regions: 222->0(221)
[2025-04-30T09:01:56.191+0000][1770.627s][info ][gc,heap     ] GC(74) Survivor regions: 7->7(29)
[2025-04-30T09:01:56.191+0000][1770.627s][info ][gc,heap     ] GC(74) Old regions: 188->189
[2025-04-30T09:01:56.191+0000][1770.627s][info ][gc,heap     ] GC(74) Archive regions: 2->2
[2025-04-30T09:01:56.191+0000][1770.627s][info ][gc,heap     ] GC(74) Humongous regions: 0->0
[2025-04-30T09:01:56.191+0000][1770.627s][info ][gc,metaspace] GC(74) Metaspace: 191825K(193216K)->191825K(193216K) NonClass: 168770K(169472K)->168770K(169472K) Class: 23055K(23744K)->23055K(23744K)
[2025-04-30T09:01:56.192+0000][1770.627s][info ][gc          ] GC(74) Pause Young (Normal) (G1 Evacuation Pause) 417M->195M(474M) 79.558ms
[2025-04-30T09:01:56.192+0000][1770.627s][info ][gc,cpu      ] GC(74) User=0.18s Sys=0.01s Real=0.08s
[2025-04-30T09:01:56.193+0000][1770.628s][info ][safepoint   ] Safepoint "G1CollectForAllocation", Time since last: 8738414827 ns, Reaching safepoint: 246340 ns, Cleanup: 16345 ns, At safepoint: 80878589 ns, Total: 81141274 ns
[2025-04-30T09:02:02.194+0000][1776.629s][debug][safepoint   ] Safepoint synchronization initiated using futex wait barrier. (208 threads)
[2025-04-30T09:02:02.197+0000][1776.632s][info ][safepoint   ] Safepoint "Cleanup", Time since last: 6001171793 ns, Reaching safepoint: 2375147 ns, Cleanup: 36810 ns, At safepoint: 623241 ns, Total: 3035198 ns
[2025-04-30T09:02:06.198+0000][1780.633s][debug][safepoint   ] Safepoint synchronization initiated using futex wait barrier. (208 threads)
[2025-04-30T09:02:06.198+0000][1780.633s][info ][safepoint   ] Safepoint "Cleanup", Time since last: 4000721522 ns, Reaching safepoint: 172248 ns, Cleanup: 28641 ns, At safepoint: 17686 ns, Total: 218575 ns
[2025-04-30T09:02:17.199+0000][1791.635s][debug][safepoint   ] Safepoint synchronization initiated using futex wait barrier. (208 threads)
[2025-04-30T09:02:17.200+0000][1791.635s][info ][safepoint   ] Safepoint "Cleanup", Time since last: 11001578122 ns, Reaching safepoint: 176201 ns, Cleanup: 34524 ns, At safepoint: 17857 ns, Total: 228582 ns
[2025-04-30T09:02:18.200+0000][1792.635s][debug][safepoint   ] Safepoint synchronization initiated using futex wait barrier. (208 threads)
[2025-04-30T09:02:18.200+0000][1792.635s][info ][safepoint   ] Safepoint "Cleanup", Time since last: 1000167889 ns, Reaching safepoint: 153636 ns, Cleanup: 29723 ns, At safepoint: 16180 ns, Total: 199539 ns
[2025-04-30T09:02:19.200+0000][1793.636s][debug][safepoint   ] Safepoint synchronization initiated using futex wait barrier. (210 threads)
[2025-04-30T09:02:19.201+0000][1793.636s][info ][safepoint   ] Safepoint "Cleanup", Time since last: 1000236690 ns, Reaching safepoint: 269090 ns, Cleanup: 82715 ns, At safepoint: 29048 ns, Total: 380853 ns
[2025-04-30T09:02:22.201+0000][1796.637s][debug][safepoint   ] Safepoint synchronization initiated using futex wait barrier. (210 threads)
[2025-04-30T09:02:22.202+0000][1796.637s][info ][safepoint   ] Safepoint "Cleanup", Time since last: 3000512958 ns, Reaching safepoint: 208030 ns, Cleanup: 68204 ns, At safepoint: 69127 ns, Total: 345361 ns
[2025-04-30T09:02:24.202+0000][1798.637s][debug][safepoint   ] Safepoint synchronization initiated using futex wait barrier. (210 threads)
[2025-04-30T09:02:24.202+0000][1798.637s][info ][safepoint   ] Safepoint "Cleanup", Time since last: 2000355564 ns, Reaching safepoint: 158979 ns, Cleanup: 30220 ns, At safepoint: 16793 ns, Total: 205992 ns
[2025-04-30T09:02:27.920+0000][1802.356s][debug][safepoint   ] Safepoint synchronization initiated using futex wait barrier. (210 threads)
[2025-04-30T09:02:27.921+0000][1802.356s][info ][safepoint   ] Safepoint "Cleanup", Time since last: 3718313381 ns, Reaching safepoint: 246683 ns, Cleanup: 36127 ns, At safepoint: 20195 ns, Total: 303005 ns
[2025-04-30T09:02:29.921+0000][1804.356s][debug][safepoint   ] Safepoint synchronization initiated using futex wait barrier. (210 threads)
[2025-04-30T09:02:29.921+0000][1804.356s][info ][safepoint   ] Safepoint "Cleanup", Time since last: 2000352498 ns, Reaching safepoint: 59178 ns, Cleanup: 10691 ns, At safepoint: 3808 ns, Total: 73677 ns
[2025-04-30T09:02:34.922+0000][1809.357s][debug][safepoint   ] Safepoint synchronization initiated using futex wait barrier. (210 threads)
[2025-04-30T09:02:34.922+0000][1809.357s][info ][safepoint   ] Safepoint "Cleanup", Time since last: 5000592963 ns, Reaching safepoint: 131125 ns, Cleanup: 24588 ns, At safepoint: 14465 ns, Total: 170178 ns
[2025-04-30T09:02:41.923+0000][1816.358s][debug][safepoint   ] Safepoint synchronization initiated using futex wait barrier. (210 threads)
[2025-04-30T09:02:41.923+0000][1816.358s][info ][safepoint   ] Safepoint "Cleanup", Time since last: 7000856702 ns, Reaching safepoint: 171079 ns, Cleanup: 47908 ns, At safepoint: 17896 ns, Total: 236883 ns
[2025-04-30T09:02:44.923+0000][1819.359s][debug][safepoint   ] Safepoint synchronization initiated using futex wait barrier. (210 threads)
[2025-04-30T09:02:44.924+0000][1819.359s][info ][safepoint   ] Safepoint "Cleanup", Time since last: 3000486379 ns, Reaching safepoint: 159817 ns, Cleanup: 32649 ns, At safepoint: 22248 ns, Total: 214714 ns
[2025-04-30T09:02:45.924+0000][1820.359s][debug][safepoint   ] Safepoint synchronization initiated using futex wait barrier. (210 threads)
[2025-04-30T09:02:45.924+0000][1820.359s][info ][safepoint   ] Safepoint "Cleanup", Time since last: 1000218428 ns, Reaching safepoint: 154647 ns, Cleanup: 28662 ns, At safepoint: 19876 ns, Total: 203185 ns
[2025-04-30T09:02:50.925+0000][1825.360s][debug][safepoint   ] Safepoint synchronization initiated using futex wait barrier. (210 threads)
[2025-04-30T09:02:50.925+0000][1825.360s][info ][safepoint   ] Safepoint "Cleanup", Time since last: 5000677061 ns, Reaching safepoint: 172482 ns, Cleanup: 30393 ns, At safepoint: 15991 ns, Total: 218866 ns
[2025-04-30T09:02:51.925+0000][1826.360s][debug][safepoint   ] Safepoint synchronization initiated using futex wait barrier. (210 threads)
[2025-04-30T09:02:51.925+0000][1826.361s][info ][safepoint   ] Safepoint "Cleanup", Time since last: 1000120243 ns, Reaching safepoint: 143310 ns, Cleanup: 13728 ns, At safepoint: 5477 ns, Total: 162515 ns
[2025-04-30T09:02:52.925+0000][1827.361s][debug][safepoint   ] Safepoint synchronization initiated using futex wait barrier. (210 threads)
[2025-04-30T09:02:52.926+0000][1827.361s][info ][safepoint   ] Safepoint "Cleanup", Time since last: 1000148431 ns, Reaching safepoint: 72434 ns, Cleanup: 10881 ns, At safepoint: 24167 ns, Total: 107482 ns
[2025-04-30T09:02:59.926+0000][1834.362s][debug][safepoint   ] Safepoint synchronization initiated using futex wait barrier. (209 threads)
[2025-04-30T09:02:59.926+0000][1834.362s][info ][safepoint   ] Safepoint "Cleanup", Time since last: 7000710167 ns, Reaching safepoint: 67016 ns, Cleanup: 12987 ns, At safepoint: 6154 ns, Total: 86157 ns
[2025-04-30T09:03:02.927+0000][1837.362s][debug][safepoint   ] Safepoint synchronization initiated using futex wait barrier. (209 threads)
[2025-04-30T09:03:02.927+0000][1837.362s][info ][safepoint   ] Safepoint "Cleanup", Time since last: 3000473626 ns, Reaching safepoint: 143009 ns, Cleanup: 29554 ns, At safepoint: 15819 ns, Total: 188382 ns
[2025-04-30T09:03:11.928+0000][1846.364s][debug][safepoint   ] Safepoint synchronization initiated using futex wait barrier. (207 threads)
[2025-04-30T09:03:11.929+0000][1846.364s][info ][safepoint   ] Safepoint "Cleanup", Time since last: 9001382515 ns, Reaching safepoint: 326785 ns, Cleanup: 37895 ns, At safepoint: 27532 ns, Total: 392212 ns
[2025-04-30T09:03:18.930+0000][1853.365s][debug][safepoint   ] Safepoint synchronization initiated using futex wait barrier. (207 threads)
[2025-04-30T09:03:18.930+0000][1853.365s][info ][safepoint   ] Safepoint "Cleanup", Time since last: 7001016437 ns, Reaching safepoint: 179673 ns, Cleanup: 29299 ns, At safepoint: 17121 ns, Total: 226093 ns
[2025-04-30T09:03:29.953+0000][1864.388s][debug][safepoint   ] Safepoint synchronization initiated using futex wait barrier. (207 threads)
[2025-04-30T09:03:29.953+0000][1864.389s][info ][safepoint   ] Safepoint "Cleanup", Time since last: 11023061182 ns, Reaching safepoint: 80080 ns, Cleanup: 11394 ns, At safepoint: 4737 ns, Total: 96211 ns
[2025-04-30T09:03:33.954+0000][1868.389s][debug][safepoint   ] Safepoint synchronization initiated using futex wait barrier. (207 threads)
[2025-04-30T09:03:33.954+0000][1868.389s][info ][safepoint   ] Safepoint "Cleanup", Time since last: 4000493862 ns, Reaching safepoint: 185558 ns, Cleanup: 63552 ns, At safepoint: 21025 ns, Total: 270135 ns
[2025-04-30T09:03:41.956+0000][1876.391s][debug][safepoint   ] Safepoint synchronization initiated using futex wait barrier. (207 threads)
[2025-04-30T09:03:41.956+0000][1876.392s][info ][safepoint   ] Safepoint "Cleanup", Time since last: 8002030693 ns, Reaching safepoint: 262867 ns, Cleanup: 35172 ns, At safepoint: 25951 ns, Total: 323990 ns
[2025-04-30T09:04:37.414+0000][1931.849s][debug][safepoint   ] Safepoint synchronization initiated using futex wait barrier. (207 threads)
[2025-04-30T09:04:37.414+0000][1931.850s][info ][gc,start    ] GC(75) Pause Young (Normal) (G1 Evacuation Pause)
[2025-04-30T09:04:37.415+0000][1931.850s][info ][gc,task     ] GC(75) Using 4 workers of 4 for evacuation
[2025-04-30T09:04:37.461+0000][1931.896s][info ][gc,phases   ] GC(75)   Pre Evacuate Collection Set: 1.2ms
[2025-04-30T09:04:37.461+0000][1931.896s][info ][gc,phases   ] GC(75)   Merge Heap Roots: 1.0ms
[2025-04-30T09:04:37.461+0000][1931.896s][info ][gc,phases   ] GC(75)   Evacuate Collection Set: 36.0ms
[2025-04-30T09:04:37.461+0000][1931.896s][info ][gc,phases   ] GC(75)   Post Evacuate Collection Set: 7.9ms
[2025-04-30T09:04:37.461+0000][1931.896s][info ][gc,phases   ] GC(75)   Other: 0.6ms
[2025-04-30T09:04:37.461+0000][1931.896s][info ][gc,heap     ] GC(75) Eden regions: 221->0(221)
[2025-04-30T09:04:37.461+0000][1931.896s][info ][gc,heap     ] GC(75) Survivor regions: 7->7(29)
[2025-04-30T09:04:37.461+0000][1931.897s][info ][gc,heap     ] GC(75) Old regions: 189->189
[2025-04-30T09:04:37.461+0000][1931.897s][info ][gc,heap     ] GC(75) Archive regions: 2->2
[2025-04-30T09:04:37.461+0000][1931.897s][info ][gc,heap     ] GC(75) Humongous regions: 0->0
[2025-04-30T09:04:37.461+0000][1931.897s][info ][gc,metaspace] GC(75) Metaspace: 191867K(193344K)->191867K(193344K) NonClass: 168811K(169600K)->168811K(169600K) Class: 23055K(23744K)->23055K(23744K)
[2025-04-30T09:04:37.461+0000][1931.897s][info ][gc          ] GC(75) Pause Young (Normal) (G1 Evacuation Pause) 416M->196M(474M) 46.836ms
[2025-04-30T09:04:37.461+0000][1931.897s][info ][gc,cpu      ] GC(75) User=0.10s Sys=0.01s Real=0.05s
[2025-04-30T09:04:37.462+0000][1931.897s][info ][safepoint   ] Safepoint "G1CollectForAllocation", Time since last: 55457778665 ns, Reaching safepoint: 235190 ns, Cleanup: 14917 ns, At safepoint: 47483662 ns, Total: 47733769 ns
[2025-04-30T09:04:38.462+0000][1932.897s][debug][safepoint   ] Safepoint synchronization initiated using futex wait barrier. (207 threads)
[2025-04-30T09:04:38.462+0000][1932.897s][info ][safepoint   ] Safepoint "Cleanup", Time since last: 1000135330 ns, Reaching safepoint: 83784 ns, Cleanup: 26013 ns, At safepoint: 12700 ns, Total: 122497 ns
[2025-04-30T09:05:01.465+0000][1955.900s][debug][safepoint   ] Safepoint synchronization initiated using futex wait barrier. (207 threads)
[2025-04-30T09:05:01.465+0000][1955.900s][info ][safepoint   ] Safepoint "Cleanup", Time since last: 23002540741 ns, Reaching safepoint: 219251 ns, Cleanup: 33802 ns, At safepoint: 17514 ns, Total: 270567 ns
[2025-04-30T09:05:07.466+0000][1961.901s][debug][safepoint   ] Safepoint synchronization initiated using futex wait barrier. (207 threads)
[2025-04-30T09:05:07.466+0000][1961.901s][info ][safepoint   ] Safepoint "Cleanup", Time since last: 6001057175 ns, Reaching safepoint: 90963 ns, Cleanup: 13220 ns, At safepoint: 5402 ns, Total: 109585 ns
[2025-04-30T09:05:09.467+0000][1963.902s][debug][safepoint   ] Safepoint synchronization initiated using futex wait barrier. (207 threads)
[2025-04-30T09:05:09.467+0000][1963.903s][info ][safepoint   ] Safepoint "Cleanup", Time since last: 2000915918 ns, Reaching safepoint: 292936 ns, Cleanup: 31996 ns, At safepoint: 39526 ns, Total: 364458 ns
[2025-04-30T09:05:21.469+0000][1975.905s][debug][safepoint   ] Safepoint synchronization initiated using futex wait barrier. (207 threads)
[2025-04-30T09:05:21.470+0000][1975.905s][info ][safepoint   ] Safepoint "Cleanup", Time since last: 12002122912 ns, Reaching safepoint: 219387 ns, Cleanup: 33454 ns, At safepoint: 21719 ns, Total: 274560 ns
[2025-04-30T09:05:39.472+0000][1993.907s][debug][safepoint   ] Safepoint synchronization initiated using futex wait barrier. (207 threads)
[2025-04-30T09:05:39.472+0000][1993.907s][info ][safepoint   ] Safepoint "Cleanup", Time since last: 18001891080 ns, Reaching safepoint: 233988 ns, Cleanup: 49696 ns, At safepoint: 23141 ns, Total: 306825 ns
[2025-04-30T09:05:43.289+0000][1997.724s][debug][safepoint   ] Safepoint synchronization initiated using futex wait barrier. (207 threads)
[2025-04-30T09:05:43.289+0000][1997.725s][info ][safepoint   ] Safepoint "Cleanup", Time since last: 3817015477 ns, Reaching safepoint: 176064 ns, Cleanup: 113577 ns, At safepoint: 19377 ns, Total: 309018 ns
[2025-04-30T09:05:54.291+0000][2008.726s][debug][safepoint   ] Safepoint synchronization initiated using futex wait barrier. (207 threads)
[2025-04-30T09:05:54.291+0000][2008.726s][info ][safepoint   ] Safepoint "Cleanup", Time since last: 11001548222 ns, Reaching safepoint: 192513 ns, Cleanup: 33062 ns, At safepoint: 23324 ns, Total: 248899 ns
[2025-04-30T09:06:15.295+0000][2029.730s][debug][safepoint   ] Safepoint synchronization initiated using futex wait barrier. (207 threads)
[2025-04-30T09:06:15.295+0000][2029.731s][info ][safepoint   ] Safepoint "Cleanup", Time since last: 21004081200 ns, Reaching safepoint: 254410 ns, Cleanup: 75355 ns, At safepoint: 27339 ns, Total: 357104 ns
[2025-04-30T09:06:17.296+0000][2031.731s][debug][safepoint   ] Safepoint synchronization initiated using futex wait barrier. (207 threads)
[2025-04-30T09:06:17.296+0000][2031.732s][info ][safepoint   ] Safepoint "Cleanup", Time since last: 2000379295 ns, Reaching safepoint: 213019 ns, Cleanup: 35526 ns, At safepoint: 21102 ns, Total: 269647 ns
[2025-04-30T09:06:49.300+0000][2063.736s][debug][safepoint   ] Safepoint synchronization initiated using futex wait barrier. (207 threads)
[2025-04-30T09:06:49.301+0000][2063.736s][info ][safepoint   ] Safepoint "Cleanup", Time since last: 32004274801 ns, Reaching safepoint: 315604 ns, Cleanup: 38705 ns, At safepoint: 24661 ns, Total: 378970 ns
[2025-04-30T09:07:19.813+0000][2094.248s][debug][safepoint   ] Safepoint synchronization initiated using futex wait barrier. (207 threads)
[2025-04-30T09:07:19.813+0000][2094.248s][info ][gc,start    ] GC(76) Pause Young (Normal) (G1 Evacuation Pause)
[2025-04-30T09:07:19.813+0000][2094.248s][info ][gc,task     ] GC(76) Using 4 workers of 4 for evacuation
[2025-04-30T09:07:19.882+0000][2094.317s][info ][gc,phases   ] GC(76)   Pre Evacuate Collection Set: 0.6ms
[2025-04-30T09:07:19.882+0000][2094.317s][info ][gc,phases   ] GC(76)   Merge Heap Roots: 0.6ms
[2025-04-30T09:07:19.882+0000][2094.317s][info ][gc,phases   ] GC(76)   Evacuate Collection Set: 55.5ms
[2025-04-30T09:07:19.882+0000][2094.317s][info ][gc,phases   ] GC(76)   Post Evacuate Collection Set: 11.7ms
[2025-04-30T09:07:19.882+0000][2094.318s][info ][gc,phases   ] GC(76)   Other: 0.6ms
[2025-04-30T09:07:19.882+0000][2094.318s][info ][gc,heap     ] GC(76) Eden regions: 221->0(221)
[2025-04-30T09:07:19.882+0000][2094.318s][info ][gc,heap     ] GC(76) Survivor regions: 7->7(29)
[2025-04-30T09:07:19.882+0000][2094.318s][info ][gc,heap     ] GC(76) Old regions: 189->189
[2025-04-30T09:07:19.882+0000][2094.318s][info ][gc,heap     ] GC(76) Archive regions: 2->2
[2025-04-30T09:07:19.882+0000][2094.318s][info ][gc,heap     ] GC(76) Humongous regions: 0->0
[2025-04-30T09:07:19.883+0000][2094.318s][info ][gc,metaspace] GC(76) Metaspace: 191872K(193344K)->191872K(193344K) NonClass: 168816K(169600K)->168816K(169600K) Class: 23055K(23744K)->23055K(23744K)
[2025-04-30T09:07:19.883+0000][2094.318s][info ][gc          ] GC(76) Pause Young (Normal) (G1 Evacuation Pause) 417M->196M(474M) 70.013ms
[2025-04-30T09:07:19.883+0000][2094.318s][info ][gc,cpu      ] GC(76) User=0.19s Sys=0.00s Real=0.07s
[2025-04-30T09:07:19.885+0000][2094.320s][info ][safepoint   ] Safepoint "G1CollectForAllocation", Time since last: 30511720628 ns, Reaching safepoint: 165526 ns, Cleanup: 12658 ns, At safepoint: 71846396 ns, Total: 72024580 ns
[2025-04-30T09:09:41.903+0000][2236.339s][debug][safepoint   ] Safepoint synchronization initiated using futex wait barrier. (207 threads)
[2025-04-30T09:09:41.904+0000][2236.339s][info ][safepoint   ] Safepoint "Cleanup", Time since last: 142018812196 ns, Reaching safepoint: 241829 ns, Cleanup: 28536 ns, At safepoint: 20366 ns, Total: 290731 ns
[2025-04-30T09:10:01.906+0000][2256.342s][debug][safepoint   ] Safepoint synchronization initiated using futex wait barrier. (207 threads)
[2025-04-30T09:10:01.906+0000][2256.342s][info ][safepoint   ] Safepoint "Cleanup", Time since last: 20002514615 ns, Reaching safepoint: 189037 ns, Cleanup: 32783 ns, At safepoint: 24139 ns, Total: 245959 ns
[2025-04-30T09:10:02.092+0000][2256.527s][debug][safepoint   ] Safepoint synchronization initiated using futex wait barrier. (207 threads)
[2025-04-30T09:10:02.092+0000][2256.527s][info ][gc,start    ] GC(77) Pause Young (Normal) (G1 Evacuation Pause)
[2025-04-30T09:10:02.092+0000][2256.527s][info ][gc,task     ] GC(77) Using 4 workers of 4 for evacuation
[2025-04-30T09:10:02.147+0000][2256.582s][info ][gc,phases   ] GC(77)   Pre Evacuate Collection Set: 0.5ms
[2025-04-30T09:10:02.147+0000][2256.583s][info ][gc,phases   ] GC(77)   Merge Heap Roots: 0.5ms
[2025-04-30T09:10:02.147+0000][2256.583s][info ][gc,phases   ] GC(77)   Evacuate Collection Set: 44.4ms
[2025-04-30T09:10:02.147+0000][2256.583s][info ][gc,phases   ] GC(77)   Post Evacuate Collection Set: 9.3ms
[2025-04-30T09:10:02.147+0000][2256.583s][info ][gc,phases   ] GC(77)   Other: 0.5ms
[2025-04-30T09:10:02.147+0000][2256.583s][info ][gc,heap     ] GC(77) Eden regions: 221->0(225)
[2025-04-30T09:10:02.148+0000][2256.583s][info ][gc,heap     ] GC(77) Survivor regions: 7->3(29)
[2025-04-30T09:10:02.148+0000][2256.583s][info ][gc,heap     ] GC(77) Old regions: 189->193
[2025-04-30T09:10:02.148+0000][2256.583s][info ][gc,heap     ] GC(77) Archive regions: 2->2
[2025-04-30T09:10:02.148+0000][2256.583s][info ][gc,heap     ] GC(77) Humongous regions: 0->0
[2025-04-30T09:10:02.148+0000][2256.583s][info ][gc,metaspace] GC(77) Metaspace: 191875K(193344K)->191875K(193344K) NonClass: 168819K(169600K)->168819K(169600K) Class: 23055K(23744K)->23055K(23744K)
[2025-04-30T09:10:02.148+0000][2256.583s][info ][gc          ] GC(77) Pause Young (Normal) (G1 Evacuation Pause) 417M->195M(474M) 56.059ms
[2025-04-30T09:10:02.148+0000][2256.583s][info ][gc,cpu      ] GC(77) User=0.16s Sys=0.00s Real=0.05s
[2025-04-30T09:10:02.152+0000][2256.587s][info ][safepoint   ] Safepoint "G1CollectForAllocation", Time since last: 185225273 ns, Reaching safepoint: 166600 ns, Cleanup: 12680 ns, At safepoint: 59884932 ns, Total: 60064212 ns
[2025-04-30T09:10:04.153+0000][2258.588s][debug][safepoint   ] Safepoint synchronization initiated using futex wait barrier. (207 threads)
[2025-04-30T09:10:04.153+0000][2258.588s][info ][safepoint   ] Safepoint "Cleanup", Time since last: 2000806860 ns, Reaching safepoint: 216459 ns, Cleanup: 66650 ns, At safepoint: 21808 ns, Total: 304917 ns
[2025-04-30T09:10:22.506+0000][2276.941s][debug][safepoint   ] Safepoint synchronization initiated using futex wait barrier. (207 threads)
[2025-04-30T09:10:22.506+0000][2276.942s][info ][safepoint   ] Safepoint "Cleanup", Time since last: 18353297610 ns, Reaching safepoint: 207946 ns, Cleanup: 54989 ns, At safepoint: 23077 ns, Total: 286012 ns
[2025-04-30T09:10:53.511+0000][2307.946s][debug][safepoint   ] Safepoint synchronization initiated using futex wait barrier. (207 threads)
[2025-04-30T09:10:53.511+0000][2307.946s][info ][safepoint   ] Safepoint "Cleanup", Time since last: 31004186248 ns, Reaching safepoint: 216424 ns, Cleanup: 31566 ns, At safepoint: 16865 ns, Total: 264855 ns
[2025-04-30T09:11:16.514+0000][2330.950s][debug][safepoint   ] Safepoint synchronization initiated using futex wait barrier. (207 threads)
[2025-04-30T09:11:16.515+0000][2330.950s][info ][safepoint   ] Safepoint "Cleanup", Time since last: 23003364674 ns, Reaching safepoint: 246643 ns, Cleanup: 35584 ns, At safepoint: 25754 ns, Total: 307981 ns
[2025-04-30T09:11:18.515+0000][2332.950s][debug][safepoint   ] Safepoint synchronization initiated using futex wait barrier. (207 threads)
[2025-04-30T09:11:18.515+0000][2332.950s][info ][safepoint   ] Safepoint "Cleanup", Time since last: 2000336271 ns, Reaching safepoint: 187118 ns, Cleanup: 34961 ns, At safepoint: 23376 ns, Total: 245455 ns
[2025-04-30T09:12:03.522+0000][2377.957s][debug][safepoint   ] Safepoint synchronization initiated using futex wait barrier. (207 threads)
[2025-04-30T09:12:03.522+0000][2377.957s][info ][safepoint   ] Safepoint "Cleanup", Time since last: 45006591617 ns, Reaching safepoint: 205483 ns, Cleanup: 33862 ns, At safepoint: 21631 ns, Total: 260976 ns
[2025-04-30T09:12:14.524+0000][2388.959s][debug][safepoint   ] Safepoint synchronization initiated using futex wait barrier. (207 threads)
[2025-04-30T09:12:14.524+0000][2388.959s][info ][safepoint   ] Safepoint "Cleanup", Time since last: 11001907453 ns, Reaching safepoint: 184565 ns, Cleanup: 33600 ns, At safepoint: 20446 ns, Total: 238611 ns
[2025-04-30T09:12:46.529+0000][2420.964s][debug][safepoint   ] Safepoint synchronization initiated using futex wait barrier. (207 threads)
[2025-04-30T09:12:46.529+0000][2420.964s][info ][safepoint   ] Safepoint "Cleanup", Time since last: 32004581586 ns, Reaching safepoint: 251093 ns, Cleanup: 41543 ns, At safepoint: 24403 ns, Total: 317039 ns
[2025-04-30T09:12:47.228+0000][2421.664s][debug][safepoint   ] Safepoint synchronization initiated using futex wait barrier. (207 threads)
[2025-04-30T09:12:47.229+0000][2421.664s][info ][gc,start    ] GC(78) Pause Young (Normal) (G1 Evacuation Pause)
[2025-04-30T09:12:47.229+0000][2421.664s][info ][gc,task     ] GC(78) Using 4 workers of 4 for evacuation
[2025-04-30T09:12:47.263+0000][2421.698s][info ][gc,phases   ] GC(78)   Pre Evacuate Collection Set: 0.6ms
[2025-04-30T09:12:47.263+0000][2421.698s][info ][gc,phases   ] GC(78)   Merge Heap Roots: 0.3ms
[2025-04-30T09:12:47.263+0000][2421.698s][info ][gc,phases   ] GC(78)   Evacuate Collection Set: 20.6ms
[2025-04-30T09:12:47.263+0000][2421.698s][info ][gc,phases   ] GC(78)   Post Evacuate Collection Set: 12.0ms
[2025-04-30T09:12:47.263+0000][2421.698s][info ][gc,phases   ] GC(78)   Other: 0.6ms
[2025-04-30T09:12:47.263+0000][2421.698s][info ][gc,heap     ] GC(78) Eden regions: 225->0(226)
[2025-04-30T09:12:47.263+0000][2421.698s][info ][gc,heap     ] GC(78) Survivor regions: 3->2(29)
[2025-04-30T09:12:47.263+0000][2421.699s][info ][gc,heap     ] GC(78) Old regions: 193->194
[2025-04-30T09:12:47.263+0000][2421.699s][info ][gc,heap     ] GC(78) Archive regions: 2->2
[2025-04-30T09:12:47.263+0000][2421.699s][info ][gc,heap     ] GC(78) Humongous regions: 0->0
[2025-04-30T09:12:47.263+0000][2421.699s][info ][gc,metaspace] GC(78) Metaspace: 191892K(193344K)->191892K(193344K) NonClass: 168836K(169600K)->168836K(169600K) Class: 23055K(23744K)->23055K(23744K)
[2025-04-30T09:12:47.264+0000][2421.699s][info ][gc          ] GC(78) Pause Young (Normal) (G1 Evacuation Pause) 420M->196M(474M) 34.942ms
[2025-04-30T09:12:47.264+0000][2421.699s][info ][gc,cpu      ] GC(78) User=0.08s Sys=0.01s Real=0.03s
[2025-04-30T09:12:47.265+0000][2421.700s][info ][safepoint   ] Safepoint "G1CollectForAllocation", Time since last: 699236566 ns, Reaching safepoint: 251986 ns, Cleanup: 14794 ns, At safepoint: 36426853 ns, Total: 36693633 ns
[2025-04-30T09:12:52.266+0000][2426.702s][debug][safepoint   ] Safepoint synchronization initiated using futex wait barrier. (207 threads)
[2025-04-30T09:12:52.267+0000][2426.702s][info ][safepoint   ] Safepoint "Cleanup", Time since last: 5001425636 ns, Reaching safepoint: 259792 ns, Cleanup: 56589 ns, At safepoint: 21183 ns, Total: 337564 ns
[2025-04-30T09:13:01.269+0000][2435.704s][debug][safepoint   ] Safepoint synchronization initiated using futex wait barrier. (207 threads)
[2025-04-30T09:13:01.269+0000][2435.704s][info ][safepoint   ] Safepoint "Cleanup", Time since last: 9001913793 ns, Reaching safepoint: 163289 ns, Cleanup: 29790 ns, At safepoint: 16326 ns, Total: 209405 ns
[2025-04-30T09:13:05.269+0000][2439.705s][debug][safepoint   ] Safepoint synchronization initiated using futex wait barrier. (207 threads)
[2025-04-30T09:13:05.270+0000][2439.705s][info ][safepoint   ] Safepoint "Cleanup", Time since last: 4000569477 ns, Reaching safepoint: 195150 ns, Cleanup: 30043 ns, At safepoint: 19637 ns, Total: 244830 ns
[2025-04-30T09:13:13.272+0000][2447.707s][debug][safepoint   ] Safepoint synchronization initiated using futex wait barrier. (207 threads)
[2025-04-30T09:13:13.272+0000][2447.708s][info ][safepoint   ] Safepoint "Cleanup", Time since last: 8002336246 ns, Reaching safepoint: 197600 ns, Cleanup: 35937 ns, At safepoint: 19501 ns, Total: 253038 ns
[2025-04-30T09:13:19.274+0000][2453.709s][debug][safepoint   ] Safepoint synchronization initiated using futex wait barrier. (207 threads)
[2025-04-30T09:13:19.274+0000][2453.709s][info ][safepoint   ] Safepoint "Cleanup", Time since last: 6001657899 ns, Reaching safepoint: 165648 ns, Cleanup: 34406 ns, At safepoint: 16904 ns, Total: 216958 ns
[2025-04-30T09:13:29.318+0000][2463.754s][debug][safepoint   ] Safepoint synchronization initiated using futex wait barrier. (207 threads)
[2025-04-30T09:13:29.319+0000][2463.754s][info ][safepoint   ] Safepoint "Cleanup", Time since last: 10044207464 ns, Reaching safepoint: 253671 ns, Cleanup: 30825 ns, At safepoint: 21466 ns, Total: 305962 ns
[2025-04-30T09:14:24.326+0000][2518.762s][debug][safepoint   ] Safepoint synchronization initiated using futex wait barrier. (207 threads)
[2025-04-30T09:14:24.327+0000][2518.762s][info ][safepoint   ] Safepoint "Cleanup", Time since last: 55007860932 ns, Reaching safepoint: 211583 ns, Cleanup: 31291 ns, At safepoint: 18616 ns, Total: 261490 ns
[2025-04-30T09:14:41.330+0000][2535.766s][debug][safepoint   ] Safepoint synchronization initiated using futex wait barrier. (207 threads)
[2025-04-30T09:14:41.330+0000][2535.766s][info ][safepoint   ] Safepoint "Cleanup", Time since last: 17003429265 ns, Reaching safepoint: 225015 ns, Cleanup: 34708 ns, At safepoint: 74680 ns, Total: 334403 ns
[2025-04-30T09:15:15.335+0000][2569.770s][debug][safepoint   ] Safepoint synchronization initiated using futex wait barrier. (207 threads)
[2025-04-30T09:15:15.335+0000][2569.770s][info ][safepoint   ] Safepoint "Cleanup", Time since last: 34004370978 ns, Reaching safepoint: 104092 ns, Cleanup: 16695 ns, At safepoint: 8451 ns, Total: 129238 ns
[2025-04-30T09:15:24.336+0000][2578.771s][debug][safepoint   ] Safepoint synchronization initiated using futex wait barrier. (207 threads)
[2025-04-30T09:15:24.336+0000][2578.772s][info ][safepoint   ] Safepoint "Cleanup", Time since last: 9001128417 ns, Reaching safepoint: 195637 ns, Cleanup: 31260 ns, At safepoint: 22671 ns, Total: 249568 ns
[2025-04-30T09:15:25.336+0000][2579.772s][debug][safepoint   ] Safepoint synchronization initiated using futex wait barrier. (207 threads)
[2025-04-30T09:15:25.337+0000][2579.772s][info ][safepoint   ] Safepoint "Cleanup", Time since last: 1000131762 ns, Reaching safepoint: 232269 ns, Cleanup: 28810 ns, At safepoint: 22913 ns, Total: 283992 ns
[2025-04-30T09:15:33.512+0000][2587.947s][debug][safepoint   ] Safepoint synchronization initiated using futex wait barrier. (207 threads)
[2025-04-30T09:15:33.512+0000][2587.947s][info ][gc,start    ] GC(79) Pause Young (Normal) (G1 Evacuation Pause)
[2025-04-30T09:15:33.512+0000][2587.948s][info ][gc,task     ] GC(79) Using 4 workers of 4 for evacuation
[2025-04-30T09:15:33.534+0000][2587.969s][info ][gc,phases   ] GC(79)   Pre Evacuate Collection Set: 0.6ms
[2025-04-30T09:15:33.534+0000][2587.970s][info ][gc,phases   ] GC(79)   Merge Heap Roots: 0.4ms
[2025-04-30T09:15:33.534+0000][2587.970s][info ][gc,phases   ] GC(79)   Evacuate Collection Set: 13.9ms
[2025-04-30T09:15:33.534+0000][2587.970s][info ][gc,phases   ] GC(79)   Post Evacuate Collection Set: 6.6ms
[2025-04-30T09:15:33.534+0000][2587.970s][info ][gc,phases   ] GC(79)   Other: 0.6ms
[2025-04-30T09:15:33.535+0000][2587.970s][info ][gc,heap     ] GC(79) Eden regions: 226->0(226)
[2025-04-30T09:15:33.535+0000][2587.970s][info ][gc,heap     ] GC(79) Survivor regions: 2->2(29)
[2025-04-30T09:15:33.535+0000][2587.970s][info ][gc,heap     ] GC(79) Old regions: 194->194
[2025-04-30T09:15:33.535+0000][2587.970s][info ][gc,heap     ] GC(79) Archive regions: 2->2
[2025-04-30T09:15:33.535+0000][2587.970s][info ][gc,heap     ] GC(79) Humongous regions: 0->0
[2025-04-30T09:15:33.535+0000][2587.970s][info ][gc,metaspace] GC(79) Metaspace: 191916K(193344K)->191916K(193344K) NonClass: 168861K(169600K)->168861K(169600K) Class: 23055K(23744K)->23055K(23744K)
[2025-04-30T09:15:33.535+0000][2587.970s][info ][gc          ] GC(79) Pause Young (Normal) (G1 Evacuation Pause) 422M->196M(474M) 22.636ms
[2025-04-30T09:15:33.535+0000][2587.970s][info ][gc,cpu      ] GC(79) User=0.07s Sys=0.00s Real=0.02s
[2025-04-30T09:15:33.536+0000][2587.971s][info ][safepoint   ] Safepoint "G1CollectForAllocation", Time since last: 8175033966 ns, Reaching safepoint: 177008 ns, Cleanup: 12241 ns, At safepoint: 23597925 ns, Total: 23787174 ns
[2025-04-30T09:15:36.536+0000][2590.972s][debug][safepoint   ] Safepoint synchronization initiated using futex wait barrier. (207 threads)
[2025-04-30T09:15:36.537+0000][2590.972s][info ][safepoint   ] Safepoint "Cleanup", Time since last: 3000715758 ns, Reaching safepoint: 271163 ns, Cleanup: 55917 ns, At safepoint: 24904 ns, Total: 351984 ns
[2025-04-30T09:16:02.541+0000][2616.976s][debug][safepoint   ] Safepoint synchronization initiated using futex wait barrier. (207 threads)
[2025-04-30T09:16:02.541+0000][2616.976s][info ][safepoint   ] Safepoint "Cleanup", Time since last: 26003836565 ns, Reaching safepoint: 208760 ns, Cleanup: 35225 ns, At safepoint: 20976 ns, Total: 264961 ns
[2025-04-30T09:16:09.542+0000][2623.977s][debug][safepoint   ] Safepoint synchronization initiated using futex wait barrier. (207 threads)
[2025-04-30T09:16:09.542+0000][2623.977s][info ][safepoint   ] Safepoint "Cleanup", Time since last: 7001071614 ns, Reaching safepoint: 162910 ns, Cleanup: 28030 ns, At safepoint: 16482 ns, Total: 207422 ns
[2025-04-30T09:16:11.542+0000][2625.978s][debug][safepoint   ] Safepoint synchronization initiated using futex wait barrier. (207 threads)
[2025-04-30T09:16:11.543+0000][2625.978s][info ][safepoint   ] Safepoint "Cleanup", Time since last: 2000316793 ns, Reaching safepoint: 195265 ns, Cleanup: 29681 ns, At safepoint: 17258 ns, Total: 242204 ns
[2025-04-30T09:16:12.543+0000][2626.978s][debug][safepoint   ] Safepoint synchronization initiated using futex wait barrier. (207 threads)
[2025-04-30T09:16:12.543+0000][2626.978s][info ][safepoint   ] Safepoint "Cleanup", Time since last: 1000223442 ns, Reaching safepoint: 155943 ns, Cleanup: 31801 ns, At safepoint: 16104 ns, Total: 203848 ns
[2025-04-30T09:16:17.544+0000][2631.979s][debug][safepoint   ] Safepoint synchronization initiated using futex wait barrier. (207 threads)
[2025-04-30T09:16:17.544+0000][2631.979s][info ][safepoint   ] Safepoint "Cleanup", Time since last: 5000661571 ns, Reaching safepoint: 167974 ns, Cleanup: 30149 ns, At safepoint: 18948 ns, Total: 217071 ns
[2025-04-30T09:16:31.547+0000][2645.983s][debug][safepoint   ] Safepoint synchronization initiated using futex wait barrier. (207 threads)
[2025-04-30T09:16:31.548+0000][2645.983s][info ][safepoint   ] Safepoint "Cleanup", Time since last: 14003312255 ns, Reaching safepoint: 258210 ns, Cleanup: 33559 ns, At safepoint: 20774 ns, Total: 312543 ns
[2025-04-30T09:16:34.405+0000][2648.840s][debug][safepoint   ] Safepoint synchronization initiated using futex wait barrier. (207 threads)
[2025-04-30T09:16:34.405+0000][2648.841s][info ][safepoint   ] Safepoint "Cleanup", Time since last: 2857466514 ns, Reaching safepoint: 199042 ns, Cleanup: 34631 ns, At safepoint: 14112 ns, Total: 247785 ns
[2025-04-30T09:17:08.410+0000][2682.845s][debug][safepoint   ] Safepoint synchronization initiated using futex wait barrier. (207 threads)
[2025-04-30T09:17:08.410+0000][2682.846s][info ][safepoint   ] Safepoint "Cleanup", Time since last: 34004702593 ns, Reaching safepoint: 227154 ns, Cleanup: 32552 ns, At safepoint: 22943 ns, Total: 282649 ns
[2025-04-30T09:17:36.414+0000][2710.849s][debug][safepoint   ] Safepoint synchronization initiated using futex wait barrier. (207 threads)
[2025-04-30T09:17:36.414+0000][2710.850s][info ][safepoint   ] Safepoint "Cleanup", Time since last: 28003892651 ns, Reaching safepoint: 215934 ns, Cleanup: 42451 ns, At safepoint: 73307 ns, Total: 331692 ns
[2025-04-30T09:17:46.416+0000][2720.852s][debug][safepoint   ] Safepoint synchronization initiated using futex wait barrier. (207 threads)
[2025-04-30T09:17:46.417+0000][2720.852s][info ][safepoint   ] Safepoint "Cleanup", Time since last: 10001936441 ns, Reaching safepoint: 223332 ns, Cleanup: 34190 ns, At safepoint: 18240 ns, Total: 275762 ns
[2025-04-30T09:18:19.896+0000][2754.331s][debug][safepoint   ] Safepoint synchronization initiated using futex wait barrier. (207 threads)
[2025-04-30T09:18:19.896+0000][2754.331s][info ][gc,start    ] GC(80) Pause Young (Normal) (G1 Evacuation Pause)
[2025-04-30T09:18:19.896+0000][2754.331s][info ][gc,task     ] GC(80) Using 4 workers of 4 for evacuation
[2025-04-30T09:18:19.912+0000][2754.347s][info ][gc,phases   ] GC(80)   Pre Evacuate Collection Set: 0.5ms
[2025-04-30T09:18:19.912+0000][2754.347s][info ][gc,phases   ] GC(80)   Merge Heap Roots: 0.4ms
[2025-04-30T09:18:19.912+0000][2754.347s][info ][gc,phases   ] GC(80)   Evacuate Collection Set: 7.7ms
[2025-04-30T09:18:19.912+0000][2754.347s][info ][gc,phases   ] GC(80)   Post Evacuate Collection Set: 6.5ms
[2025-04-30T09:18:19.912+0000][2754.347s][info ][gc,phases   ] GC(80)   Other: 0.6ms
[2025-04-30T09:18:19.912+0000][2754.347s][info ][gc,heap     ] GC(80) Eden regions: 226->0(225)
[2025-04-30T09:18:19.912+0000][2754.347s][info ][gc,heap     ] GC(80) Survivor regions: 2->2(29)
[2025-04-30T09:18:19.912+0000][2754.347s][info ][gc,heap     ] GC(80) Old regions: 194->195
[2025-04-30T09:18:19.912+0000][2754.347s][info ][gc,heap     ] GC(80) Archive regions: 2->2
[2025-04-30T09:18:19.912+0000][2754.347s][info ][gc,heap     ] GC(80) Humongous regions: 0->0
[2025-04-30T09:18:19.912+0000][2754.347s][info ][gc,metaspace] GC(80) Metaspace: 191948K(193408K)->191948K(193408K) NonClass: 168892K(169664K)->168892K(169664K) Class: 23055K(23744K)->23055K(23744K)
[2025-04-30T09:18:19.912+0000][2754.347s][info ][gc          ] GC(80) Pause Young (Normal) (G1 Evacuation Pause) 422M->196M(474M) 15.993ms
[2025-04-30T09:18:19.912+0000][2754.348s][info ][gc,cpu      ] GC(80) User=0.05s Sys=0.00s Real=0.02s
[2025-04-30T09:18:19.913+0000][2754.348s][info ][safepoint   ] Safepoint "G1CollectForAllocation", Time since last: 33479074125 ns, Reaching safepoint: 207070 ns, Cleanup: 12357 ns, At safepoint: 16551414 ns, Total: 16770841 ns
[2025-04-30T09:18:20.913+0000][2755.348s][debug][safepoint   ] Safepoint synchronization initiated using futex wait barrier. (207 threads)
[2025-04-30T09:18:20.913+0000][2755.348s][info ][safepoint   ] Safepoint "Cleanup", Time since last: 1000261768 ns, Reaching safepoint: 178746 ns, Cleanup: 29561 ns, At safepoint: 18221 ns, Total: 226528 ns
[2025-04-30T09:18:51.517+0000][2785.953s][debug][safepoint   ] Safepoint synchronization initiated using futex wait barrier. (207 threads)
[2025-04-30T09:18:51.518+0000][2785.953s][info ][safepoint   ] Safepoint "Cleanup", Time since last: 30604229297 ns, Reaching safepoint: 225001 ns, Cleanup: 36493 ns, At safepoint: 22509 ns, Total: 284003 ns
[2025-04-30T09:19:29.523+0000][2823.958s][debug][safepoint   ] Safepoint synchronization initiated using futex wait barrier. (207 threads)
[2025-04-30T09:19:29.523+0000][2823.958s][info ][safepoint   ] Safepoint "Cleanup", Time since last: 38005064757 ns, Reaching safepoint: 233614 ns, Cleanup: 34530 ns, At safepoint: 22172 ns, Total: 290316 ns
[2025-04-30T09:19:46.526+0000][2840.961s][debug][safepoint   ] Safepoint synchronization initiated using futex wait barrier. (207 threads)
[2025-04-30T09:19:46.526+0000][2840.961s][info ][safepoint   ] Safepoint "Cleanup", Time since last: 17002621666 ns, Reaching safepoint: 180454 ns, Cleanup: 39469 ns, At safepoint: 19147 ns, Total: 239070 ns
[2025-04-30T09:19:51.527+0000][2845.962s][debug][safepoint   ] Safepoint synchronization initiated using futex wait barrier. (207 threads)
[2025-04-30T09:19:51.527+0000][2845.962s][info ][safepoint   ] Safepoint "Cleanup", Time since last: 5000853347 ns, Reaching safepoint: 154041 ns, Cleanup: 46966 ns, At safepoint: 16780 ns, Total: 217787 ns
[2025-04-30T09:19:55.528+0000][2849.963s][debug][safepoint   ] Safepoint synchronization initiated using futex wait barrier. (207 threads)
[2025-04-30T09:19:55.528+0000][2849.963s][info ][safepoint   ] Safepoint "Cleanup", Time since last: 4000751703 ns, Reaching safepoint: 300211 ns, Cleanup: 70782 ns, At safepoint: 71578 ns, Total: 442571 ns
[2025-04-30T09:20:46.535+0000][2900.971s][debug][safepoint   ] Safepoint synchronization initiated using futex wait barrier. (207 threads)
[2025-04-30T09:20:46.536+0000][2900.971s][info ][safepoint   ] Safepoint "Cleanup", Time since last: 51007289654 ns, Reaching safepoint: 211207 ns, Cleanup: 31427 ns, At safepoint: 18328 ns, Total: 260962 ns
[2025-04-30T09:20:52.536+0000][2906.972s][debug][safepoint   ] Safepoint synchronization initiated using futex wait barrier. (207 threads)
[2025-04-30T09:20:52.537+0000][2906.972s][info ][safepoint   ] Safepoint "Cleanup", Time since last: 6000917485 ns, Reaching safepoint: 290793 ns, Cleanup: 64856 ns, At safepoint: 48916 ns, Total: 404565 ns
[2025-04-30T09:21:05.289+0000][2919.725s][debug][safepoint   ] Safepoint synchronization initiated using futex wait barrier. (207 threads)
[2025-04-30T09:21:05.289+0000][2919.725s][info ][gc,start    ] GC(81) Pause Young (Normal) (G1 Evacuation Pause)
[2025-04-30T09:21:05.290+0000][2919.725s][info ][gc,task     ] GC(81) Using 4 workers of 4 for evacuation
[2025-04-30T09:21:05.305+0000][2919.740s][info ][gc,phases   ] GC(81)   Pre Evacuate Collection Set: 0.5ms
[2025-04-30T09:21:05.305+0000][2919.740s][info ][gc,phases   ] GC(81)   Merge Heap Roots: 0.4ms
[2025-04-30T09:21:05.305+0000][2919.740s][info ][gc,phases   ] GC(81)   Evacuate Collection Set: 7.4ms
[2025-04-30T09:21:05.305+0000][2919.740s][info ][gc,phases   ] GC(81)   Post Evacuate Collection Set: 6.6ms
[2025-04-30T09:21:05.305+0000][2919.741s][info ][gc,phases   ] GC(81)   Other: 0.6ms
[2025-04-30T09:21:05.305+0000][2919.741s][info ][gc,heap     ] GC(81) Eden regions: 225->0(225)
[2025-04-30T09:21:05.305+0000][2919.741s][info ][gc,heap     ] GC(81) Survivor regions: 2->2(29)
[2025-04-30T09:21:05.305+0000][2919.741s][info ][gc,heap     ] GC(81) Old regions: 195->195
[2025-04-30T09:21:05.305+0000][2919.741s][info ][gc,heap     ] GC(81) Archive regions: 2->2
[2025-04-30T09:21:05.305+0000][2919.741s][info ][gc,heap     ] GC(81) Humongous regions: 0->0
[2025-04-30T09:21:05.306+0000][2919.741s][info ][gc,metaspace] GC(81) Metaspace: 191959K(193408K)->191959K(193408K) NonClass: 168903K(169664K)->168903K(169664K) Class: 23055K(23744K)->23055K(23744K)
[2025-04-30T09:21:05.306+0000][2919.741s][info ][gc          ] GC(81) Pause Young (Normal) (G1 Evacuation Pause) 421M->196M(474M) 16.176ms
[2025-04-30T09:21:05.306+0000][2919.741s][info ][gc,cpu      ] GC(81) User=0.05s Sys=0.00s Real=0.01s
[2025-04-30T09:21:05.306+0000][2919.742s][info ][safepoint   ] Safepoint "G1CollectForAllocation", Time since last: 12752317510 ns, Reaching safepoint: 172320 ns, Cleanup: 12032 ns, At safepoint: 16954078 ns, Total: 17138430 ns
[2025-04-30T09:21:07.307+0000][2921.742s][debug][safepoint   ] Safepoint synchronization initiated using futex wait barrier. (207 threads)
[2025-04-30T09:21:07.307+0000][2921.742s][info ][safepoint   ] Safepoint "Cleanup", Time since last: 2000430846 ns, Reaching safepoint: 223601 ns, Cleanup: 43002 ns, At safepoint: 43772 ns, Total: 310375 ns
[2025-04-30T09:21:45.312+0000][2959.748s][debug][safepoint   ] Safepoint synchronization initiated using futex wait barrier. (207 threads)
[2025-04-30T09:21:45.313+0000][2959.748s][info ][safepoint   ] Safepoint "Cleanup", Time since last: 38005236754 ns, Reaching safepoint: 243622 ns, Cleanup: 31837 ns, At safepoint: 30235 ns, Total: 305694 ns
[2025-04-30T09:21:54.314+0000][2968.749s][debug][safepoint   ] Safepoint synchronization initiated using futex wait barrier. (207 threads)
[2025-04-30T09:21:54.314+0000][2968.750s][info ][safepoint   ] Safepoint "Cleanup", Time since last: 9001454854 ns, Reaching safepoint: 196073 ns, Cleanup: 32267 ns, At safepoint: 23568 ns, Total: 251908 ns
[2025-04-30T09:22:46.323+0000][3020.758s][debug][safepoint   ] Safepoint synchronization initiated using futex wait barrier. (207 threads)
[2025-04-30T09:22:46.323+0000][3020.758s][info ][safepoint   ] Safepoint "Cleanup", Time since last: 52008235481 ns, Reaching safepoint: 179554 ns, Cleanup: 30832 ns, At safepoint: 18460 ns, Total: 228846 ns
[2025-04-30T09:23:50.880+0000][3085.315s][debug][safepoint   ] Safepoint synchronization initiated using futex wait barrier. (207 threads)
[2025-04-30T09:23:50.880+0000][3085.316s][info ][gc,start    ] GC(82) Pause Young (Normal) (G1 Evacuation Pause)
[2025-04-30T09:23:50.880+0000][3085.316s][info ][gc,task     ] GC(82) Using 4 workers of 4 for evacuation
[2025-04-30T09:23:50.895+0000][3085.331s][info ][gc,phases   ] GC(82)   Pre Evacuate Collection Set: 0.6ms
[2025-04-30T09:23:50.895+0000][3085.331s][info ][gc,phases   ] GC(82)   Merge Heap Roots: 0.4ms
[2025-04-30T09:23:50.896+0000][3085.331s][info ][gc,phases   ] GC(82)   Evacuate Collection Set: 7.1ms
[2025-04-30T09:23:50.896+0000][3085.331s][info ][gc,phases   ] GC(82)   Post Evacuate Collection Set: 6.3ms
[2025-04-30T09:23:50.896+0000][3085.331s][info ][gc,phases   ] GC(82)   Other: 0.6ms
[2025-04-30T09:23:50.896+0000][3085.331s][info ][gc,heap     ] GC(82) Eden regions: 225->0(225)
[2025-04-30T09:23:50.896+0000][3085.331s][info ][gc,heap     ] GC(82) Survivor regions: 2->2(29)
[2025-04-30T09:23:50.896+0000][3085.331s][info ][gc,heap     ] GC(82) Old regions: 195->195
[2025-04-30T09:23:50.896+0000][3085.331s][info ][gc,heap     ] GC(82) Archive regions: 2->2
[2025-04-30T09:23:50.896+0000][3085.331s][info ][gc,heap     ] GC(82) Humongous regions: 0->0
[2025-04-30T09:23:50.896+0000][3085.331s][info ][gc,metaspace] GC(82) Metaspace: 191999K(193408K)->191999K(193408K) NonClass: 168943K(169664K)->168943K(169664K) Class: 23055K(23744K)->23055K(23744K)
[2025-04-30T09:23:50.896+0000][3085.331s][info ][gc          ] GC(82) Pause Young (Normal) (G1 Evacuation Pause) 421M->196M(474M) 15.611ms
[2025-04-30T09:23:50.896+0000][3085.331s][info ][gc,cpu      ] GC(82) User=0.05s Sys=0.00s Real=0.01s
[2025-04-30T09:23:50.897+0000][3085.332s][info ][safepoint   ] Safepoint "G1CollectForAllocation", Time since last: 64557324713 ns, Reaching safepoint: 181668 ns, Cleanup: 11750 ns, At safepoint: 16442210 ns, Total: 16635628 ns
[2025-04-30T09:26:36.664+0000][3251.099s][debug][safepoint   ] Safepoint synchronization initiated using futex wait barrier. (207 threads)
[2025-04-30T09:26:36.664+0000][3251.100s][info ][gc,start    ] GC(83) Pause Young (Normal) (G1 Evacuation Pause)
[2025-04-30T09:26:36.665+0000][3251.100s][info ][gc,task     ] GC(83) Using 4 workers of 4 for evacuation
[2025-04-30T09:26:36.681+0000][3251.117s][info ][gc,phases   ] GC(83)   Pre Evacuate Collection Set: 0.8ms
[2025-04-30T09:26:36.681+0000][3251.117s][info ][gc,phases   ] GC(83)   Merge Heap Roots: 0.4ms
[2025-04-30T09:26:36.681+0000][3251.117s][info ][gc,phases   ] GC(83)   Evacuate Collection Set: 7.6ms
[2025-04-30T09:26:36.681+0000][3251.117s][info ][gc,phases   ] GC(83)   Post Evacuate Collection Set: 7.4ms
[2025-04-30T09:26:36.682+0000][3251.117s][info ][gc,phases   ] GC(83)   Other: 0.7ms
[2025-04-30T09:26:36.682+0000][3251.117s][info ][gc,heap     ] GC(83) Eden regions: 225->0(225)
[2025-04-30T09:26:36.682+0000][3251.117s][info ][gc,heap     ] GC(83) Survivor regions: 2->2(29)
[2025-04-30T09:26:36.682+0000][3251.117s][info ][gc,heap     ] GC(83) Old regions: 195->195
[2025-04-30T09:26:36.682+0000][3251.117s][info ][gc,heap     ] GC(83) Archive regions: 2->2
[2025-04-30T09:26:36.682+0000][3251.117s][info ][gc,heap     ] GC(83) Humongous regions: 0->0
[2025-04-30T09:26:36.682+0000][3251.117s][info ][gc,metaspace] GC(83) Metaspace: 192007K(193408K)->192007K(193408K) NonClass: 168951K(169664K)->168951K(169664K) Class: 23055K(23744K)->23055K(23744K)
[2025-04-30T09:26:36.682+0000][3251.117s][info ][gc          ] GC(83) Pause Young (Normal) (G1 Evacuation Pause) 421M->196M(474M) 17.345ms
[2025-04-30T09:26:36.682+0000][3251.117s][info ][gc,cpu      ] GC(83) User=0.04s Sys=0.00s Real=0.02s
[2025-04-30T09:26:36.683+0000][3251.118s][info ][safepoint   ] Safepoint "G1CollectForAllocation", Time since last: 165767232093 ns, Reaching safepoint: 293982 ns, Cleanup: 14057 ns, At safepoint: 18312973 ns, Total: 18621012 ns
[2025-04-30T09:27:31.690+0000][3306.125s][debug][safepoint   ] Safepoint synchronization initiated using futex wait barrier. (207 threads)
[2025-04-30T09:27:31.690+0000][3306.125s][info ][safepoint   ] Safepoint "Cleanup", Time since last: 55007124995 ns, Reaching safepoint: 174902 ns, Cleanup: 46252 ns, At safepoint: 19324 ns, Total: 240478 ns
[2025-04-30T09:27:32.690+0000][3307.125s][debug][safepoint   ] Safepoint synchronization initiated using futex wait barrier. (207 threads)
[2025-04-30T09:27:32.690+0000][3307.126s][info ][safepoint   ] Safepoint "Cleanup", Time since last: 1000173172 ns, Reaching safepoint: 198424 ns, Cleanup: 34687 ns, At safepoint: 21395 ns, Total: 254506 ns
[2025-04-30T09:27:35.691+0000][3310.126s][debug][safepoint   ] Safepoint synchronization initiated using futex wait barrier. (207 threads)
[2025-04-30T09:27:35.691+0000][3310.126s][info ][safepoint   ] Safepoint "Cleanup", Time since last: 3000497277 ns, Reaching safepoint: 168752 ns, Cleanup: 30502 ns, At safepoint: 18635 ns, Total: 217889 ns
[2025-04-30T09:27:48.693+0000][3323.128s][debug][safepoint   ] Safepoint synchronization initiated using futex wait barrier. (207 threads)
[2025-04-30T09:27:48.693+0000][3323.129s][info ][safepoint   ] Safepoint "Cleanup", Time since last: 13001982982 ns, Reaching safepoint: 183286 ns, Cleanup: 28716 ns, At safepoint: 21405 ns, Total: 233407 ns
[2025-04-30T09:28:13.697+0000][3348.132s][debug][safepoint   ] Safepoint synchronization initiated using futex wait barrier. (207 threads)
[2025-04-30T09:28:13.697+0000][3348.132s][info ][safepoint   ] Safepoint "Cleanup", Time since last: 25003378867 ns, Reaching safepoint: 283474 ns, Cleanup: 28415 ns, At safepoint: 22780 ns, Total: 334669 ns
[2025-04-30T09:28:19.698+0000][3354.133s][debug][safepoint   ] Safepoint synchronization initiated using futex wait barrier. (207 threads)
[2025-04-30T09:28:19.698+0000][3354.133s][info ][safepoint   ] Safepoint "Cleanup", Time since last: 6000800345 ns, Reaching safepoint: 161416 ns, Cleanup: 39761 ns, At safepoint: 14418 ns, Total: 215595 ns
[2025-04-30T09:29:21.966+0000][3416.401s][debug][safepoint   ] Safepoint synchronization initiated using futex wait barrier. (207 threads)
[2025-04-30T09:29:21.966+0000][3416.401s][info ][gc,start    ] GC(84) Pause Young (Normal) (G1 Evacuation Pause)
[2025-04-30T09:29:21.966+0000][3416.401s][info ][gc,task     ] GC(84) Using 4 workers of 4 for evacuation
[2025-04-30T09:29:21.990+0000][3416.425s][info ][gc,phases   ] GC(84)   Pre Evacuate Collection Set: 0.9ms
[2025-04-30T09:29:21.990+0000][3416.425s][info ][gc,phases   ] GC(84)   Merge Heap Roots: 0.5ms
[2025-04-30T09:29:21.990+0000][3416.425s][info ][gc,phases   ] GC(84)   Evacuate Collection Set: 13.3ms
[2025-04-30T09:29:21.990+0000][3416.425s][info ][gc,phases   ] GC(84)   Post Evacuate Collection Set: 8.7ms
[2025-04-30T09:29:21.990+0000][3416.426s][info ][gc,phases   ] GC(84)   Other: 0.7ms
[2025-04-30T09:29:21.990+0000][3416.426s][info ][gc,heap     ] GC(84) Eden regions: 225->0(225)
[2025-04-30T09:29:21.990+0000][3416.426s][info ][gc,heap     ] GC(84) Survivor regions: 2->2(29)
[2025-04-30T09:29:21.990+0000][3416.426s][info ][gc,heap     ] GC(84) Old regions: 195->195
[2025-04-30T09:29:21.991+0000][3416.426s][info ][gc,heap     ] GC(84) Archive regions: 2->2
[2025-04-30T09:29:21.991+0000][3416.426s][info ][gc,heap     ] GC(84) Humongous regions: 0->0
[2025-04-30T09:29:21.991+0000][3416.426s][info ][gc,metaspace] GC(84) Metaspace: 192007K(193408K)->192007K(193408K) NonClass: 168951K(169664K)->168951K(169664K) Class: 23055K(23744K)->23055K(23744K)
[2025-04-30T09:29:21.991+0000][3416.426s][info ][gc          ] GC(84) Pause Young (Normal) (G1 Evacuation Pause) 421M->196M(474M) 24.764ms
[2025-04-30T09:29:21.991+0000][3416.426s][info ][gc,cpu      ] GC(84) User=0.07s Sys=0.00s Real=0.03s
[2025-04-30T09:29:21.992+0000][3416.427s][info ][safepoint   ] Safepoint "G1CollectForAllocation", Time since last: 62267508114 ns, Reaching safepoint: 235028 ns, Cleanup: 15137 ns, At safepoint: 26050231 ns, Total: 26300396 ns
[2025-04-30T09:29:27.993+0000][3422.428s][debug][safepoint   ] Safepoint synchronization initiated using futex wait barrier. (207 threads)
[2025-04-30T09:29:27.993+0000][3422.428s][info ][safepoint   ] Safepoint "Cleanup", Time since last: 6000986406 ns, Reaching safepoint: 168970 ns, Cleanup: 29283 ns, At safepoint: 23177 ns, Total: 221430 ns
[2025-04-30T09:29:41.995+0000][3436.430s][debug][safepoint   ] Safepoint synchronization initiated using futex wait barrier. (207 threads)
[2025-04-30T09:29:41.995+0000][3436.431s][info ][safepoint   ] Safepoint "Cleanup", Time since last: 14002006326 ns, Reaching safepoint: 156737 ns, Cleanup: 33477 ns, At safepoint: 15699 ns, Total: 205913 ns
[2025-04-30T09:31:43.012+0000][3557.447s][debug][safepoint   ] Safepoint synchronization initiated using futex wait barrier. (207 threads)
[2025-04-30T09:31:43.012+0000][3557.447s][info ][safepoint   ] Safepoint "Cleanup", Time since last: 121016358009 ns, Reaching safepoint: 163101 ns, Cleanup: 29086 ns, At safepoint: 16503 ns, Total: 208690 ns
[2025-04-30T09:31:47.013+0000][3561.448s][debug][safepoint   ] Safepoint synchronization initiated using futex wait barrier. (209 threads)
[2025-04-30T09:31:47.013+0000][3561.449s][info ][safepoint   ] Safepoint "Cleanup", Time since last: 4000867580 ns, Reaching safepoint: 213528 ns, Cleanup: 40962 ns, At safepoint: 260914 ns, Total: 515404 ns
[2025-04-30T09:32:07.020+0000][3581.455s][debug][safepoint   ] Safepoint synchronization initiated using futex wait barrier. (207 threads)
[2025-04-30T09:32:07.020+0000][3581.455s][debug][safepoint   ] ... found polling page loop exception at pc = 0x00007b2ad92e073a, stub =0x00007b2ad898e400
[2025-04-30T09:32:07.020+0000][3581.456s][info ][gc,start    ] GC(85) Pause Young (Normal) (G1 Evacuation Pause)
[2025-04-30T09:32:07.020+0000][3581.456s][info ][gc,task     ] GC(85) Using 4 workers of 4 for evacuation
[2025-04-30T09:32:07.038+0000][3581.473s][info ][gc,phases   ] GC(85)   Pre Evacuate Collection Set: 0.6ms
[2025-04-30T09:32:07.038+0000][3581.473s][info ][gc,phases   ] GC(85)   Merge Heap Roots: 0.4ms
[2025-04-30T09:32:07.038+0000][3581.473s][info ][gc,phases   ] GC(85)   Evacuate Collection Set: 9.3ms
[2025-04-30T09:32:07.038+0000][3581.473s][info ][gc,phases   ] GC(85)   Post Evacuate Collection Set: 6.6ms
[2025-04-30T09:32:07.038+0000][3581.473s][info ][gc,phases   ] GC(85)   Other: 0.6ms
[2025-04-30T09:32:07.038+0000][3581.473s][info ][gc,heap     ] GC(85) Eden regions: 225->0(227)
[2025-04-30T09:32:07.038+0000][3581.473s][info ][gc,heap     ] GC(85) Survivor regions: 2->1(29)
[2025-04-30T09:32:07.038+0000][3581.473s][info ][gc,heap     ] GC(85) Old regions: 195->195
[2025-04-30T09:32:07.038+0000][3581.473s][info ][gc,heap     ] GC(85) Archive regions: 2->2
[2025-04-30T09:32:07.038+0000][3581.473s][info ][gc,heap     ] GC(85) Humongous regions: 0->0
[2025-04-30T09:32:07.038+0000][3581.473s][info ][gc,metaspace] GC(85) Metaspace: 192013K(193408K)->192013K(193408K) NonClass: 168957K(169664K)->168957K(169664K) Class: 23055K(23744K)->23055K(23744K)
[2025-04-30T09:32:07.038+0000][3581.474s][info ][gc          ] GC(85) Pause Young (Normal) (G1 Evacuation Pause) 421M->196M(474M) 17.979ms
[2025-04-30T09:32:07.038+0000][3581.474s][info ][gc,cpu      ] GC(85) User=0.05s Sys=0.01s Real=0.01s
[2025-04-30T09:32:07.039+0000][3581.474s][info ][safepoint   ] Safepoint "G1CollectForAllocation", Time since last: 20006468819 ns, Reaching safepoint: 467215 ns, Cleanup: 16475 ns, At safepoint: 18919454 ns, Total: 19403144 ns
[2025-04-30T09:32:08.039+0000][3582.475s][debug][safepoint   ] Safepoint synchronization initiated using futex wait barrier. (209 threads)
[2025-04-30T09:32:08.040+0000][3582.475s][info ][safepoint   ] Safepoint "Cleanup", Time since last: 1000228922 ns, Reaching safepoint: 191142 ns, Cleanup: 42247 ns, At safepoint: 15601 ns, Total: 248990 ns
[2025-04-30T09:32:10.040+0000][3584.475s][debug][safepoint   ] Safepoint synchronization initiated using futex wait barrier. (209 threads)
[2025-04-30T09:32:10.040+0000][3584.475s][debug][safepoint   ] ... found polling page loop exception at pc = 0x00007b2ad9b5ad7a, stub =0x00007b2ad898e400
[2025-04-30T09:32:10.040+0000][3584.476s][info ][safepoint   ] Safepoint "Cleanup", Time since last: 2000300521 ns, Reaching safepoint: 395491 ns, Cleanup: 24795 ns, At safepoint: 30375 ns, Total: 450661 ns
[2025-04-30T09:33:03.053+0000][3637.488s][debug][safepoint   ] Safepoint synchronization initiated using futex wait barrier. (207 threads)
[2025-04-30T09:33:03.053+0000][3637.488s][info ][safepoint   ] Safepoint "Cleanup", Time since last: 53012261153 ns, Reaching safepoint: 222081 ns, Cleanup: 29844 ns, At safepoint: 46295 ns, Total: 298220 ns
[2025-04-30T09:33:52.063+0000][3686.498s][debug][safepoint   ] Safepoint synchronization initiated using futex wait barrier. (207 threads)
[2025-04-30T09:33:52.063+0000][3686.498s][info ][safepoint   ] Safepoint "Cleanup", Time since last: 49009790790 ns, Reaching safepoint: 264828 ns, Cleanup: 70156 ns, At safepoint: 25270 ns, Total: 360254 ns
[2025-04-30T09:33:55.063+0000][3689.499s][debug][safepoint   ] Safepoint synchronization initiated using futex wait barrier. (207 threads)
[2025-04-30T09:33:55.064+0000][3689.499s][info ][safepoint   ] Safepoint "Cleanup", Time since last: 3000450884 ns, Reaching safepoint: 201038 ns, Cleanup: 30859 ns, At safepoint: 19154 ns, Total: 251051 ns
[2025-04-30T09:34:00.065+0000][3694.500s][debug][safepoint   ] Safepoint synchronization initiated using futex wait barrier. (207 threads)
[2025-04-30T09:34:00.065+0000][3694.500s][debug][safepoint   ] ... found polling page loop exception at pc = 0x00007b2ad951195e, stub =0x00007b2ad898e400
[2025-04-30T09:34:00.065+0000][3694.501s][info ][safepoint   ] Safepoint "Cleanup", Time since last: 5001050994 ns, Reaching safepoint: 406076 ns, Cleanup: 37488 ns, At safepoint: 29672 ns, Total: 473236 ns
[2025-04-30T09:34:11.067+0000][3705.502s][debug][safepoint   ] Safepoint synchronization initiated using futex wait barrier. (207 threads)
[2025-04-30T09:34:11.067+0000][3705.502s][info ][safepoint   ] Safepoint "Cleanup", Time since last: 11001264148 ns, Reaching safepoint: 99373 ns, Cleanup: 18506 ns, At safepoint: 9593 ns, Total: 127472 ns
[2025-04-30T09:34:25.069+0000][3719.504s][debug][safepoint   ] Safepoint synchronization initiated using futex wait barrier. (207 threads)
[2025-04-30T09:34:25.069+0000][3719.504s][info ][safepoint   ] Safepoint "Cleanup", Time since last: 14001940345 ns, Reaching safepoint: 160782 ns, Cleanup: 29718 ns, At safepoint: 15941 ns, Total: 206441 ns
[2025-04-30T09:34:26.069+0000][3720.504s][debug][safepoint   ] Safepoint synchronization initiated using futex wait barrier. (207 threads)
[2025-04-30T09:34:26.069+0000][3720.505s][info ][safepoint   ] Safepoint "Cleanup", Time since last: 1000154818 ns, Reaching safepoint: 171648 ns, Cleanup: 34030 ns, At safepoint: 15623 ns, Total: 221301 ns
[2025-04-30T09:34:50.073+0000][3744.509s][debug][safepoint   ] Safepoint synchronization initiated using futex wait barrier. (207 threads)
[2025-04-30T09:34:50.074+0000][3744.509s][info ][safepoint   ] Safepoint "Cleanup", Time since last: 24004293873 ns, Reaching safepoint: 62112 ns, Cleanup: 8912 ns, At safepoint: 5912 ns, Total: 76936 ns
[2025-04-30T09:34:52.074+0000][3746.509s][debug][safepoint   ] Safepoint synchronization initiated using futex wait barrier. (207 threads)
[2025-04-30T09:34:52.074+0000][3746.509s][info ][safepoint   ] Safepoint "Cleanup", Time since last: 2000250385 ns, Reaching safepoint: 152604 ns, Cleanup: 32742 ns, At safepoint: 16733 ns, Total: 202079 ns
[2025-04-30T09:34:52.687+0000][3747.123s][debug][safepoint   ] Safepoint synchronization initiated using futex wait barrier. (207 threads)
[2025-04-30T09:34:52.688+0000][3747.123s][info ][gc,start    ] GC(86) Pause Young (Normal) (G1 Evacuation Pause)
[2025-04-30T09:34:52.688+0000][3747.123s][info ][gc,task     ] GC(86) Using 4 workers of 4 for evacuation
[2025-04-30T09:34:52.703+0000][3747.138s][info ][gc,phases   ] GC(86)   Pre Evacuate Collection Set: 0.5ms
[2025-04-30T09:34:52.703+0000][3747.139s][info ][gc,phases   ] GC(86)   Merge Heap Roots: 0.4ms
[2025-04-30T09:34:52.703+0000][3747.139s][info ][gc,phases   ] GC(86)   Evacuate Collection Set: 7.4ms
[2025-04-30T09:34:52.703+0000][3747.139s][info ][gc,phases   ] GC(86)   Post Evacuate Collection Set: 6.6ms
[2025-04-30T09:34:52.703+0000][3747.139s][info ][gc,phases   ] GC(86)   Other: 0.6ms
[2025-04-30T09:34:52.704+0000][3747.139s][info ][gc,heap     ] GC(86) Eden regions: 227->0(225)
[2025-04-30T09:34:52.704+0000][3747.139s][info ][gc,heap     ] GC(86) Survivor regions: 1->2(29)
[2025-04-30T09:34:52.704+0000][3747.139s][info ][gc,heap     ] GC(86) Old regions: 195->195
[2025-04-30T09:34:52.704+0000][3747.139s][info ][gc,heap     ] GC(86) Archive regions: 2->2
[2025-04-30T09:34:52.704+0000][3747.139s][info ][gc,heap     ] GC(86) Humongous regions: 0->0
[2025-04-30T09:34:52.704+0000][3747.139s][info ][gc,metaspace] GC(86) Metaspace: 192045K(193472K)->192045K(193472K) NonClass: 168986K(169728K)->168986K(169728K) Class: 23059K(23744K)->23059K(23744K)
[2025-04-30T09:34:52.704+0000][3747.139s][info ][gc          ] GC(86) Pause Young (Normal) (G1 Evacuation Pause) 423M->196M(474M) 16.087ms
[2025-04-30T09:34:52.704+0000][3747.139s][info ][gc,cpu      ] GC(86) User=0.05s Sys=0.00s Real=0.02s
[2025-04-30T09:34:52.705+0000][3747.140s][info ][safepoint   ] Safepoint "G1CollectForAllocation", Time since last: 613316346 ns, Reaching safepoint: 225053 ns, Cleanup: 11863 ns, At safepoint: 17002420 ns, Total: 17239336 ns
[2025-04-30T09:34:55.705+0000][3750.140s][debug][safepoint   ] Safepoint synchronization initiated using futex wait barrier. (207 threads)
[2025-04-30T09:34:55.705+0000][3750.141s][info ][safepoint   ] Safepoint "Cleanup", Time since last: 3000459041 ns, Reaching safepoint: 210227 ns, Cleanup: 39842 ns, At safepoint: 68172 ns, Total: 318241 ns
[2025-05-09T10:54:14.762+0000][3796.034s][debug][safepoint   ] Safepoint synchronization initiated using futex wait barrier. (203 threads)
[2025-05-09T10:54:14.763+0000][3796.034s][info ][safepoint   ] Safepoint "Cleanup", Time since last: 45893639194 ns, Reaching safepoint: 109404 ns, Cleanup: 27720 ns, At safepoint: 5483 ns, Total: 142607 ns
[2025-05-09T10:54:15.763+0000][3797.035s][debug][safepoint   ] Safepoint synchronization initiated using futex wait barrier. (203 threads)
[2025-05-09T10:54:15.763+0000][3797.035s][info ][safepoint   ] Safepoint "Cleanup", Time since last: 1000123621 ns, Reaching safepoint: 294346 ns, Cleanup: 76134 ns, At safepoint: 51566 ns, Total: 422046 ns
[2025-05-09T10:54:17.764+0000][3799.035s][debug][safepoint   ] Safepoint synchronization initiated using futex wait barrier. (203 threads)
[2025-05-09T10:54:17.764+0000][3799.036s][info ][safepoint   ] Safepoint "Cleanup", Time since last: 2000387796 ns, Reaching safepoint: 159458 ns, Cleanup: 26064 ns, At safepoint: 16155 ns, Total: 201677 ns
[2025-05-09T10:54:18.764+0000][3800.036s][debug][safepoint   ] Safepoint synchronization initiated using futex wait barrier. (203 threads)
[2025-05-09T10:54:18.764+0000][3800.036s][info ][safepoint   ] Safepoint "Cleanup", Time since last: 1000135102 ns, Reaching safepoint: 100460 ns, Cleanup: 14518 ns, At safepoint: 6838 ns, Total: 121816 ns
[2025-05-09T10:54:19.764+0000][3801.036s][debug][safepoint   ] Safepoint synchronization initiated using futex wait barrier. (202 threads)
[2025-05-09T10:54:19.765+0000][3801.036s][info ][safepoint   ] Safepoint "Cleanup", Time since last: 1000209399 ns, Reaching safepoint: 211738 ns, Cleanup: 36710 ns, At safepoint: 22206 ns, Total: 270654 ns
[2025-05-09T10:54:20.765+0000][3802.037s][debug][safepoint   ] Safepoint synchronization initiated using futex wait barrier. (203 threads)
[2025-05-09T10:54:20.765+0000][3802.037s][info ][safepoint   ] Safepoint "Cleanup", Time since last: 1000162021 ns, Reaching safepoint: 69726 ns, Cleanup: 18048 ns, At safepoint: 5189 ns, Total: 92963 ns
[2025-05-09T10:54:29.765+0000][3811.037s][debug][safepoint   ] Safepoint synchronization initiated using futex wait barrier. (206 threads)
[2025-05-09T10:54:29.766+0000][3811.037s][info ][safepoint   ] Safepoint "Cleanup", Time since last: 9000661086 ns, Reaching safepoint: 115567 ns, Cleanup: 27003 ns, At safepoint: 43532 ns, Total: 186102 ns
[2025-05-09T10:54:30.766+0000][3812.038s][debug][safepoint   ] Safepoint synchronization initiated using futex wait barrier. (207 threads)
[2025-05-09T10:54:30.766+0000][3812.038s][info ][safepoint   ] Safepoint "Cleanup", Time since last: 1000085177 ns, Reaching safepoint: 48249 ns, Cleanup: 23944 ns, At safepoint: 3795 ns, Total: 75988 ns
[2025-05-09T10:54:54.768+0000][3836.039s][debug][safepoint   ] Safepoint synchronization initiated using futex wait barrier. (207 threads)
[2025-05-09T10:54:54.768+0000][3836.039s][info ][safepoint   ] Safepoint "Cleanup", Time since last: 24001764756 ns, Reaching safepoint: 62669 ns, Cleanup: 14079 ns, At safepoint: 4709 ns, Total: 81457 ns
[2025-05-09T10:55:06.543+0000][3847.815s][debug][safepoint   ] Safepoint synchronization initiated using futex wait barrier. (207 threads)
[2025-05-09T10:55:06.543+0000][3847.815s][info ][safepoint   ] Safepoint "Cleanup", Time since last: 11775405438 ns, Reaching safepoint: 42382 ns, Cleanup: 8275 ns, At safepoint: 3474 ns, Total: 54131 ns
[2025-05-09T10:55:07.543+0000][3848.815s][debug][safepoint   ] Safepoint synchronization initiated using futex wait barrier. (207 threads)
[2025-05-09T10:55:07.827+0000][3849.099s][info ][safepoint   ] Safepoint "Cleanup", Time since last: 1000087412 ns, Reaching safepoint: 276674968 ns, Cleanup: 47058 ns, At safepoint: 7094644 ns, Total: 283816670 ns
[2025-05-09T10:55:08.828+0000][3850.100s][debug][safepoint   ] Safepoint synchronization initiated using futex wait barrier. (207 threads)
[2025-05-09T10:55:08.828+0000][3850.100s][info ][safepoint   ] Safepoint "Cleanup", Time since last: 1000947039 ns, Reaching safepoint: 81952 ns, Cleanup: 18693 ns, At safepoint: 5729 ns, Total: 106374 ns
[2025-05-09T10:55:09.829+0000][3851.101s][debug][safepoint   ] Safepoint synchronization initiated using futex wait barrier. (207 threads)
[2025-05-09T10:55:09.976+0000][3851.248s][info ][safepoint   ] Safepoint "Cleanup", Time since last: 1001072022 ns, Reaching safepoint: 145417290 ns, Cleanup: 20902 ns, At safepoint: 1759260 ns, Total: 147197452 ns
[2025-05-09T10:55:10.976+0000][3852.248s][debug][safepoint   ] Safepoint synchronization initiated using futex wait barrier. (207 threads)
[2025-05-09T10:55:10.977+0000][3852.248s][info ][safepoint   ] Safepoint "Cleanup", Time since last: 1000133741 ns, Reaching safepoint: 67347 ns, Cleanup: 16553 ns, At safepoint: 4463 ns, Total: 88363 ns
[2025-05-09T10:55:11.977+0000][3853.248s][debug][safepoint   ] Safepoint synchronization initiated using futex wait barrier. (207 threads)
[2025-05-09T10:55:11.977+0000][3853.249s][info ][safepoint   ] Safepoint "Cleanup", Time since last: 1000078607 ns, Reaching safepoint: 44760 ns, Cleanup: 12788 ns, At safepoint: 3686 ns, Total: 61234 ns
[2025-05-09T10:55:12.026+0000][3853.298s][debug][safepoint   ] Safepoint synchronization initiated using futex wait barrier. (207 threads)
[2025-05-09T10:55:12.027+0000][3853.298s][info ][gc,start    ] GC(87) Pause Young (Normal) (G1 Evacuation Pause)
[2025-05-09T10:55:12.027+0000][3853.298s][info ][gc,task     ] GC(87) Using 4 workers of 4 for evacuation
[2025-05-09T10:55:12.040+0000][3853.312s][info ][gc,phases   ] GC(87)   Pre Evacuate Collection Set: 0.2ms
[2025-05-09T10:55:12.040+0000][3853.312s][info ][gc,phases   ] GC(87)   Merge Heap Roots: 0.1ms
[2025-05-09T10:55:12.040+0000][3853.312s][info ][gc,phases   ] GC(87)   Evacuate Collection Set: 11.3ms
[2025-05-09T10:55:12.040+0000][3853.312s][info ][gc,phases   ] GC(87)   Post Evacuate Collection Set: 1.9ms
[2025-05-09T10:55:12.040+0000][3853.312s][info ][gc,phases   ] GC(87)   Other: 0.2ms
[2025-05-09T10:55:12.040+0000][3853.312s][info ][gc,heap     ] GC(87) Eden regions: 225->0(225)
[2025-05-09T10:55:12.040+0000][3853.312s][info ][gc,heap     ] GC(87) Survivor regions: 2->2(29)
[2025-05-09T10:55:12.040+0000][3853.312s][info ][gc,heap     ] GC(87) Old regions: 195->195
[2025-05-09T10:55:12.040+0000][3853.312s][info ][gc,heap     ] GC(87) Archive regions: 2->2
[2025-05-09T10:55:12.040+0000][3853.312s][info ][gc,heap     ] GC(87) Humongous regions: 16->0
[2025-05-09T10:55:12.040+0000][3853.312s][info ][gc,metaspace] GC(87) Metaspace: 192281K(193728K)->192281K(193728K) NonClass: 169213K(169984K)->169213K(169984K) Class: 23068K(23744K)->23068K(23744K)
[2025-05-09T10:55:12.040+0000][3853.312s][info ][gc          ] GC(87) Pause Young (Normal) (G1 Evacuation Pause) 437M->197M(474M) 13.853ms
[2025-05-09T10:55:12.041+0000][3853.312s][info ][gc,cpu      ] GC(87) User=0.02s Sys=0.00s Real=0.01s
[2025-05-09T10:55:12.041+0000][3853.312s][info ][safepoint   ] Safepoint "G1CollectForAllocation", Time since last: 49836725 ns, Reaching safepoint: 77365 ns, Cleanup: 4259 ns, At safepoint: 14000493 ns, Total: 14082117 ns
[2025-05-09T10:55:14.041+0000][3855.313s][debug][safepoint   ] Safepoint synchronization initiated using futex wait barrier. (207 threads)
[2025-05-09T10:55:14.041+0000][3855.313s][info ][safepoint   ] Safepoint "Cleanup", Time since last: 2000525211 ns, Reaching safepoint: 71014 ns, Cleanup: 65280 ns, At safepoint: 6582 ns, Total: 142876 ns
[2025-05-09T10:55:15.008+0000][3856.280s][debug][safepoint   ] ... found polling page loop exception at pc = 0x00007b2ad8fdacd8, stub =0x00007b2ad898e400
[2025-05-09T10:55:16.008+0000][3857.280s][debug][safepoint   ] Safepoint synchronization initiated using futex wait barrier. (214 threads)
[2025-05-09T10:55:16.009+0000][3857.280s][info ][safepoint   ] Safepoint "Cleanup", Time since last: 1967128493 ns, Reaching safepoint: 62366 ns, Cleanup: 144481 ns, At safepoint: 15863 ns, Total: 222710 ns
[2025-05-09T10:55:17.009+0000][3858.280s][debug][safepoint   ] Safepoint synchronization initiated using futex wait barrier. (214 threads)
[2025-05-09T10:55:17.009+0000][3858.281s][info ][safepoint   ] Safepoint "Cleanup", Time since last: 1000045934 ns, Reaching safepoint: 51831 ns, Cleanup: 39783 ns, At safepoint: 4245 ns, Total: 95859 ns
[2025-05-09T10:55:18.009+0000][3859.281s][debug][safepoint   ] Safepoint synchronization initiated using futex wait barrier. (214 threads)
[2025-05-09T10:55:18.009+0000][3859.281s][info ][safepoint   ] Safepoint "Cleanup", Time since last: 1000082739 ns, Reaching safepoint: 57820 ns, Cleanup: 11009 ns, At safepoint: 5091 ns, Total: 73920 ns
[2025-05-09T10:55:19.009+0000][3860.281s][debug][safepoint   ] Safepoint synchronization initiated using futex wait barrier. (215 threads)
[2025-05-09T10:55:19.009+0000][3860.281s][info ][safepoint   ] Safepoint "Cleanup", Time since last: 1000129417 ns, Reaching safepoint: 178682 ns, Cleanup: 39183 ns, At safepoint: 23336 ns, Total: 241201 ns
[2025-05-09T10:55:20.010+0000][3861.281s][debug][safepoint   ] Safepoint synchronization initiated using futex wait barrier. (215 threads)
[2025-05-09T10:55:20.010+0000][3861.282s][info ][safepoint   ] Safepoint "Cleanup", Time since last: 1000326226 ns, Reaching safepoint: 75929 ns, Cleanup: 16939 ns, At safepoint: 6090 ns, Total: 98958 ns
[2025-05-09T10:55:21.014+0000][3862.286s][debug][safepoint   ] Safepoint synchronization initiated using futex wait barrier. (225 threads)
[2025-05-09T10:55:21.015+0000][3862.286s][debug][safepoint   ] ... found polling page loop exception at pc = 0x00007b2ad9f1ed04, stub =0x00007b2ad898e400
[2025-05-09T10:55:21.017+0000][3862.289s][info ][safepoint   ] Safepoint "Cleanup", Time since last: 1004793168 ns, Reaching safepoint: 2422051 ns, Cleanup: 76437 ns, At safepoint: 137524 ns, Total: 2636012 ns
[2025-05-09T10:55:22.018+0000][3863.290s][debug][safepoint   ] Safepoint synchronization initiated using futex wait barrier. (227 threads)
[2025-05-09T10:55:22.018+0000][3863.290s][info ][safepoint   ] Safepoint "Cleanup", Time since last: 1000831930 ns, Reaching safepoint: 68293 ns, Cleanup: 24678 ns, At safepoint: 5847 ns, Total: 98818 ns
[2025-05-09T10:55:26.018+0000][3867.290s][debug][safepoint   ] Safepoint synchronization initiated using futex wait barrier. (229 threads)
[2025-05-09T10:55:26.019+0000][3867.290s][info ][safepoint   ] Safepoint "Cleanup", Time since last: 4000395950 ns, Reaching safepoint: 47345 ns, Cleanup: 14368 ns, At safepoint: 3799 ns, Total: 65512 ns
[2025-05-09T10:55:30.019+0000][3871.291s][debug][safepoint   ] Safepoint synchronization initiated using futex wait barrier. (228 threads)
[2025-05-09T10:55:30.020+0000][3871.291s][info ][safepoint   ] Safepoint "Cleanup", Time since last: 4000518886 ns, Reaching safepoint: 442454 ns, Cleanup: 87519 ns, At safepoint: 54489 ns, Total: 584462 ns
[2025-05-09T10:55:32.020+0000][3873.292s][debug][safepoint   ] Safepoint synchronization initiated using futex wait barrier. (228 threads)
[2025-05-09T10:55:32.020+0000][3873.292s][info ][safepoint   ] Safepoint "Cleanup", Time since last: 2000377041 ns, Reaching safepoint: 218368 ns, Cleanup: 31228 ns, At safepoint: 21379 ns, Total: 270975 ns
[2025-05-09T10:55:34.021+0000][3875.293s][debug][safepoint   ] Safepoint synchronization initiated using futex wait barrier. (228 threads)
[2025-05-09T10:55:34.021+0000][3875.293s][info ][safepoint   ] Safepoint "Cleanup", Time since last: 2000484860 ns, Reaching safepoint: 252996 ns, Cleanup: 32694 ns, At safepoint: 21736 ns, Total: 307426 ns
[2025-05-09T10:55:35.021+0000][3876.293s][debug][safepoint   ] Safepoint synchronization initiated using futex wait barrier. (228 threads)
[2025-05-09T10:55:35.022+0000][3876.294s][info ][safepoint   ] Safepoint "Cleanup", Time since last: 1000236974 ns, Reaching safepoint: 190405 ns, Cleanup: 223228 ns, At safepoint: 44877 ns, Total: 458510 ns
[2025-05-09T10:55:37.022+0000][3878.294s][debug][safepoint   ] Safepoint synchronization initiated using futex wait barrier. (228 threads)
[2025-05-09T10:55:37.023+0000][3878.295s][info ][safepoint   ] Safepoint "Cleanup", Time since last: 2000513612 ns, Reaching safepoint: 344980 ns, Cleanup: 91222 ns, At safepoint: 87332 ns, Total: 523534 ns
[2025-05-09T10:55:39.023+0000][3880.295s][debug][safepoint   ] Safepoint synchronization initiated using futex wait barrier. (228 threads)
[2025-05-09T10:55:39.023+0000][3880.295s][info ][safepoint   ] Safepoint "Cleanup", Time since last: 2000425251 ns, Reaching safepoint: 172977 ns, Cleanup: 79898 ns, At safepoint: 19486 ns, Total: 272361 ns
[2025-05-09T10:55:53.026+0000][3894.297s][debug][safepoint   ] Safepoint synchronization initiated using futex wait barrier. (228 threads)
[2025-05-09T10:55:53.026+0000][3894.298s][info ][safepoint   ] Safepoint "Cleanup", Time since last: 14002039986 ns, Reaching safepoint: 463668 ns, Cleanup: 104264 ns, At safepoint: 27684 ns, Total: 595616 ns
[2025-05-09T10:55:55.026+0000][3896.298s][debug][safepoint   ] Safepoint synchronization initiated using futex wait barrier. (228 threads)
[2025-05-09T10:55:55.027+0000][3896.298s][info ][safepoint   ] Safepoint "Cleanup", Time since last: 2000277014 ns, Reaching safepoint: 86762 ns, Cleanup: 17863 ns, At safepoint: 5963 ns, Total: 110588 ns
[2025-05-09T10:56:00.027+0000][3901.299s][debug][safepoint   ] Safepoint synchronization initiated using futex wait barrier. (228 threads)
[2025-05-09T10:56:00.027+0000][3901.299s][info ][safepoint   ] Safepoint "Cleanup", Time since last: 5000501584 ns, Reaching safepoint: 208117 ns, Cleanup: 33707 ns, At safepoint: 20705 ns, Total: 262529 ns
[2025-05-09T10:56:08.594+0000][3909.866s][debug][safepoint   ] Safepoint synchronization initiated using futex wait barrier. (228 threads)
[2025-05-09T10:56:08.594+0000][3909.866s][info ][safepoint   ] Safepoint "Cleanup", Time since last: 8566478548 ns, Reaching safepoint: 63111 ns, Cleanup: 17174 ns, At safepoint: 4489 ns, Total: 84774 ns
[2025-05-09T10:56:15.397+0000][3916.669s][debug][safepoint   ] Safepoint synchronization initiated using futex wait barrier. (229 threads)
[2025-05-09T10:56:15.397+0000][3916.669s][info ][gc,start    ] GC(88) Pause Young (Normal) (G1 Evacuation Pause)
[2025-05-09T10:56:15.397+0000][3916.669s][info ][gc,task     ] GC(88) Using 4 workers of 4 for evacuation
[2025-05-09T10:56:15.413+0000][3916.685s][info ][gc,phases   ] GC(88)   Pre Evacuate Collection Set: 0.3ms
[2025-05-09T10:56:15.413+0000][3916.685s][info ][gc,phases   ] GC(88)   Merge Heap Roots: 0.2ms
[2025-05-09T10:56:15.413+0000][3916.685s][info ][gc,phases   ] GC(88)   Evacuate Collection Set: 9.6ms
[2025-05-09T10:56:15.413+0000][3916.685s][info ][gc,phases   ] GC(88)   Post Evacuate Collection Set: 5.3ms
[2025-05-09T10:56:15.413+0000][3916.685s][info ][gc,phases   ] GC(88)   Other: 0.3ms
[2025-05-09T10:56:15.413+0000][3916.685s][info ][gc,heap     ] GC(88) Eden regions: 225->0(223)
[2025-05-09T10:56:15.413+0000][3916.685s][info ][gc,heap     ] GC(88) Survivor regions: 2->3(29)
[2025-05-09T10:56:15.413+0000][3916.685s][info ][gc,heap     ] GC(88) Old regions: 195->195
[2025-05-09T10:56:15.413+0000][3916.685s][info ][gc,heap     ] GC(88) Archive regions: 2->2
[2025-05-09T10:56:15.413+0000][3916.685s][info ][gc,heap     ] GC(88) Humongous regions: 0->0
[2025-05-09T10:56:15.413+0000][3916.685s][info ][gc,metaspace] GC(88) Metaspace: 192917K(194432K)->192917K(194432K) NonClass: 169813K(170624K)->169813K(170624K) Class: 23103K(23808K)->23103K(23808K)
[2025-05-09T10:56:15.413+0000][3916.685s][info ][gc          ] GC(88) Pause Young (Normal) (G1 Evacuation Pause) 422M->197M(474M) 16.029ms
[2025-05-09T10:56:15.413+0000][3916.685s][info ][gc,cpu      ] GC(88) User=0.03s Sys=0.00s Real=0.02s
[2025-05-09T10:56:15.415+0000][3916.687s][info ][safepoint   ] Safepoint "G1CollectForAllocation", Time since last: 6803020217 ns, Reaching safepoint: 109454 ns, Cleanup: 6653 ns, At safepoint: 18494322 ns, Total: 18610429 ns
[2025-05-09T10:56:16.416+0000][3917.688s][debug][safepoint   ] Safepoint synchronization initiated using futex wait barrier. (229 threads)
[2025-05-09T10:56:16.416+0000][3917.688s][info ][safepoint   ] Safepoint "Cleanup", Time since last: 1000293850 ns, Reaching safepoint: 267658 ns, Cleanup: 35758 ns, At safepoint: 26417 ns, Total: 329833 ns
[2025-05-09T10:56:19.416+0000][3920.688s][debug][safepoint   ] Safepoint synchronization initiated using futex wait barrier. (229 threads)
[2025-05-09T10:56:19.417+0000][3920.688s][info ][safepoint   ] Safepoint "Cleanup", Time since last: 3000340302 ns, Reaching safepoint: 58350 ns, Cleanup: 11312 ns, At safepoint: 3751 ns, Total: 73413 ns
[2025-05-09T10:56:22.418+0000][3923.690s][debug][safepoint   ] Safepoint synchronization initiated using futex wait barrier. (229 threads)
[2025-05-09T10:56:22.421+0000][3923.693s][info ][safepoint   ] Safepoint "Cleanup", Time since last: 3001369025 ns, Reaching safepoint: 707133 ns, Cleanup: 34936 ns, At safepoint: 2853865 ns, Total: 3595934 ns
[2025-05-09T10:56:27.423+0000][3928.695s][debug][safepoint   ] Safepoint synchronization initiated using futex wait barrier. (229 threads)
[2025-05-09T10:56:27.424+0000][3928.696s][info ][safepoint   ] Safepoint "Cleanup", Time since last: 5001937905 ns, Reaching safepoint: 198004 ns, Cleanup: 111889 ns, At safepoint: 21899 ns, Total: 331792 ns
[2025-05-09T10:56:32.424+0000][3933.696s][debug][safepoint   ] Safepoint synchronization initiated using futex wait barrier. (229 threads)
[2025-05-09T10:56:32.424+0000][3933.696s][info ][safepoint   ] Safepoint "Cleanup", Time since last: 5000591162 ns, Reaching safepoint: 82406 ns, Cleanup: 31073 ns, At safepoint: 6166 ns, Total: 119645 ns
[2025-05-09T10:56:37.425+0000][3938.697s][debug][safepoint   ] Safepoint synchronization initiated using futex wait barrier. (229 threads)
[2025-05-09T10:56:37.425+0000][3938.697s][info ][safepoint   ] Safepoint "Cleanup", Time since last: 5000589147 ns, Reaching safepoint: 48221 ns, Cleanup: 8780 ns, At safepoint: 3902 ns, Total: 60903 ns
[2025-05-09T10:56:39.425+0000][3940.697s][debug][safepoint   ] Safepoint synchronization initiated using futex wait barrier. (229 threads)
[2025-05-09T10:56:39.425+0000][3940.697s][info ][safepoint   ] Safepoint "Cleanup", Time since last: 2000145338 ns, Reaching safepoint: 66971 ns, Cleanup: 11572 ns, At safepoint: 5863 ns, Total: 84406 ns
[2025-05-09T10:56:41.426+0000][3942.697s][debug][safepoint   ] Safepoint synchronization initiated using futex wait barrier. (229 threads)
[2025-05-09T10:56:41.426+0000][3942.697s][info ][safepoint   ] Safepoint "Cleanup", Time since last: 2000184960 ns, Reaching safepoint: 71335 ns, Cleanup: 15191 ns, At safepoint: 7456 ns, Total: 93982 ns
[2025-05-09T10:56:43.426+0000][3944.698s][debug][safepoint   ] Safepoint synchronization initiated using futex wait barrier. (229 threads)
[2025-05-09T10:56:43.426+0000][3944.698s][info ][safepoint   ] Safepoint "Cleanup", Time since last: 2000192783 ns, Reaching safepoint: 59268 ns, Cleanup: 17488 ns, At safepoint: 5781 ns, Total: 82537 ns
[2025-05-09T10:56:45.426+0000][3946.698s][debug][safepoint   ] Safepoint synchronization initiated using futex wait barrier. (229 threads)
[2025-05-09T10:56:45.426+0000][3946.698s][info ][safepoint   ] Safepoint "Cleanup", Time since last: 2000161954 ns, Reaching safepoint: 117768 ns, Cleanup: 26700 ns, At safepoint: 6248 ns, Total: 150716 ns
[2025-05-09T10:56:46.426+0000][3947.698s][debug][safepoint   ] Safepoint synchronization initiated using futex wait barrier. (229 threads)
[2025-05-09T10:56:46.427+0000][3947.698s][info ][safepoint   ] Safepoint "Cleanup", Time since last: 1000121341 ns, Reaching safepoint: 132160 ns, Cleanup: 62623 ns, At safepoint: 7979 ns, Total: 202762 ns
[2025-05-09T10:56:49.427+0000][3950.699s][debug][safepoint   ] Safepoint synchronization initiated using futex wait barrier. (229 threads)
[2025-05-09T10:56:49.427+0000][3950.699s][info ][safepoint   ] Safepoint "Cleanup", Time since last: 3000335266 ns, Reaching safepoint: 51831 ns, Cleanup: 8544 ns, At safepoint: 3606 ns, Total: 63981 ns
[2025-05-09T10:56:51.427+0000][3952.699s][debug][safepoint   ] Safepoint synchronization initiated using futex wait barrier. (229 threads)
[2025-05-09T10:56:51.427+0000][3952.699s][info ][safepoint   ] Safepoint "Cleanup", Time since last: 2000174756 ns, Reaching safepoint: 54274 ns, Cleanup: 9880 ns, At safepoint: 3927 ns, Total: 68081 ns
[2025-05-09T10:57:00.428+0000][3961.700s][debug][safepoint   ] Safepoint synchronization initiated using futex wait barrier. (229 threads)
[2025-05-09T10:57:00.428+0000][3961.700s][info ][safepoint   ] Safepoint "Cleanup", Time since last: 9000771398 ns, Reaching safepoint: 73440 ns, Cleanup: 12164 ns, At safepoint: 5464 ns, Total: 91068 ns
[2025-05-09T10:57:06.623+0000][3967.895s][debug][safepoint   ] Safepoint synchronization initiated using futex wait barrier. (229 threads)
[2025-05-09T10:57:06.623+0000][3967.895s][info ][safepoint   ] Safepoint "Cleanup", Time since last: 6195364192 ns, Reaching safepoint: 69514 ns, Cleanup: 16516 ns, At safepoint: 4885 ns, Total: 90915 ns
[2025-05-09T10:57:09.624+0000][3970.896s][debug][safepoint   ] Safepoint synchronization initiated using futex wait barrier. (229 threads)
[2025-05-09T10:57:09.624+0000][3970.896s][info ][safepoint   ] Safepoint "Cleanup", Time since last: 3000261030 ns, Reaching safepoint: 65703 ns, Cleanup: 10275 ns, At safepoint: 5669 ns, Total: 81647 ns
[2025-05-09T10:57:13.624+0000][3974.896s][debug][safepoint   ] Safepoint synchronization initiated using futex wait barrier. (229 threads)
[2025-05-09T10:57:13.624+0000][3974.896s][info ][safepoint   ] Safepoint "Cleanup", Time since last: 4000283100 ns, Reaching safepoint: 56296 ns, Cleanup: 8221 ns, At safepoint: 3208 ns, Total: 67725 ns
[2025-05-09T10:57:16.624+0000][3977.896s][debug][safepoint   ] Safepoint synchronization initiated using futex wait barrier. (229 threads)
[2025-05-09T10:57:16.625+0000][3977.896s][info ][safepoint   ] Safepoint "Cleanup", Time since last: 3000277036 ns, Reaching safepoint: 48401 ns, Cleanup: 9982 ns, At safepoint: 3822 ns, Total: 62205 ns
[2025-05-09T10:57:18.625+0000][3979.897s][debug][safepoint   ] Safepoint synchronization initiated using futex wait barrier. (232 threads)
[2025-05-09T10:57:18.625+0000][3979.897s][info ][safepoint   ] Safepoint "Cleanup", Time since last: 2000161383 ns, Reaching safepoint: 54434 ns, Cleanup: 93919 ns, At safepoint: 6373 ns, Total: 154726 ns
[2025-05-09T10:57:19.625+0000][3980.897s][debug][safepoint   ] Safepoint synchronization initiated using futex wait barrier. (232 threads)
[2025-05-09T10:57:19.625+0000][3980.897s][info ][safepoint   ] Safepoint "Cleanup", Time since last: 1000194489 ns, Reaching safepoint: 103370 ns, Cleanup: 25020 ns, At safepoint: 6220 ns, Total: 134610 ns
[2025-05-09T10:57:24.627+0000][3985.899s][debug][safepoint   ] Safepoint synchronization initiated using futex wait barrier. (232 threads)
[2025-05-09T10:57:24.627+0000][3985.899s][info ][safepoint   ] Safepoint "Cleanup", Time since last: 5001857462 ns, Reaching safepoint: 246473 ns, Cleanup: 25656 ns, At safepoint: 31153 ns, Total: 303282 ns
[2025-05-09T10:57:25.628+0000][3986.899s][debug][safepoint   ] Safepoint synchronization initiated using futex wait barrier. (232 threads)
[2025-05-09T10:57:25.628+0000][3986.899s][info ][safepoint   ] Safepoint "Cleanup", Time since last: 1000176567 ns, Reaching safepoint: 70087 ns, Cleanup: 36837 ns, At safepoint: 9705 ns, Total: 116629 ns
[2025-05-09T10:57:27.628+0000][3988.900s][debug][safepoint   ] Safepoint synchronization initiated using futex wait barrier. (232 threads)
[2025-05-09T10:57:27.628+0000][3988.900s][info ][safepoint   ] Safepoint "Cleanup", Time since last: 2000170767 ns, Reaching safepoint: 98814 ns, Cleanup: 15970 ns, At safepoint: 6561 ns, Total: 121345 ns
[2025-05-09T10:57:29.628+0000][3990.900s][debug][safepoint   ] Safepoint synchronization initiated using futex wait barrier. (232 threads)
[2025-05-09T10:57:29.629+0000][3990.900s][info ][safepoint   ] Safepoint "Cleanup", Time since last: 2000556581 ns, Reaching safepoint: 140537 ns, Cleanup: 14633 ns, At safepoint: 6387 ns, Total: 161557 ns
[2025-05-09T10:57:37.629+0000][3998.901s][debug][safepoint   ] Safepoint synchronization initiated using futex wait barrier. (232 threads)
[2025-05-09T10:57:37.629+0000][3998.901s][info ][safepoint   ] Safepoint "Cleanup", Time since last: 8000609880 ns, Reaching safepoint: 73555 ns, Cleanup: 9160 ns, At safepoint: 3459 ns, Total: 86174 ns
[2025-05-09T10:57:38.629+0000][3999.901s][debug][safepoint   ] Safepoint synchronization initiated using futex wait barrier. (232 threads)
[2025-05-09T10:57:38.630+0000][3999.901s][info ][safepoint   ] Safepoint "Cleanup", Time since last: 1000095231 ns, Reaching safepoint: 97995 ns, Cleanup: 32765 ns, At safepoint: 5844 ns, Total: 136604 ns
[2025-05-09T10:57:45.630+0000][4006.902s][debug][safepoint   ] Safepoint synchronization initiated using futex wait barrier. (232 threads)
[2025-05-09T10:57:45.630+0000][4006.902s][info ][safepoint   ] Safepoint "Cleanup", Time since last: 7000614488 ns, Reaching safepoint: 96549 ns, Cleanup: 19566 ns, At safepoint: 8414 ns, Total: 124529 ns
[2025-05-09T10:58:03.461+0000][4024.733s][debug][safepoint   ] Safepoint synchronization initiated using futex wait barrier. (232 threads)
[2025-05-09T10:58:03.461+0000][4024.733s][info ][gc,start    ] GC(89) Pause Young (Normal) (G1 Evacuation Pause)
[2025-05-09T10:58:03.461+0000][4024.733s][info ][gc,task     ] GC(89) Using 4 workers of 4 for evacuation
[2025-05-09T10:58:03.469+0000][4024.741s][info ][gc,phases   ] GC(89)   Pre Evacuate Collection Set: 0.2ms
[2025-05-09T10:58:03.470+0000][4024.741s][info ][gc,phases   ] GC(89)   Merge Heap Roots: 0.1ms
[2025-05-09T10:58:03.470+0000][4024.741s][info ][gc,phases   ] GC(89)   Evacuate Collection Set: 4.9ms
[2025-05-09T10:58:03.470+0000][4024.741s][info ][gc,phases   ] GC(89)   Post Evacuate Collection Set: 3.0ms
[2025-05-09T10:58:03.470+0000][4024.741s][info ][gc,phases   ] GC(89)   Other: 0.2ms
[2025-05-09T10:58:03.470+0000][4024.741s][info ][gc,heap     ] GC(89) Eden regions: 223->0(223)
[2025-05-09T10:58:03.470+0000][4024.741s][info ][gc,heap     ] GC(89) Survivor regions: 3->3(29)
[2025-05-09T10:58:03.470+0000][4024.741s][info ][gc,heap     ] GC(89) Old regions: 195->195
[2025-05-09T10:58:03.470+0000][4024.741s][info ][gc,heap     ] GC(89) Archive regions: 2->2
[2025-05-09T10:58:03.470+0000][4024.741s][info ][gc,heap     ] GC(89) Humongous regions: 1->0
[2025-05-09T10:58:03.470+0000][4024.741s][info ][gc,metaspace] GC(89) Metaspace: 193270K(194816K)->193270K(194816K) NonClass: 170162K(170944K)->170162K(170944K) Class: 23107K(23872K)->23107K(23872K)
[2025-05-09T10:58:03.470+0000][4024.741s][info ][gc          ] GC(89) Pause Young (Normal) (G1 Evacuation Pause) 421M->198M(474M) 8.350ms
[2025-05-09T10:58:03.470+0000][4024.741s][info ][gc,cpu      ] GC(89) User=0.02s Sys=0.00s Real=0.01s
[2025-05-09T10:58:03.470+0000][4024.742s][info ][safepoint   ] Safepoint "G1CollectForAllocation", Time since last: 17830786320 ns, Reaching safepoint: 76086 ns, Cleanup: 7941 ns, At safepoint: 8675994 ns, Total: 8760021 ns
[2025-05-09T10:58:08.470+0000][4029.742s][debug][safepoint   ] Safepoint synchronization initiated using futex wait barrier. (232 threads)
[2025-05-09T10:58:08.470+0000][4029.742s][info ][safepoint   ] Safepoint "Cleanup", Time since last: 5000460626 ns, Reaching safepoint: 66769 ns, Cleanup: 19544 ns, At safepoint: 7651 ns, Total: 93964 ns
[2025-05-09T10:58:11.471+0000][4032.743s][debug][safepoint   ] Safepoint synchronization initiated using futex wait barrier. (232 threads)
[2025-05-09T10:58:11.472+0000][4032.744s][info ][safepoint   ] Safepoint "Cleanup", Time since last: 3000990855 ns, Reaching safepoint: 453559 ns, Cleanup: 86537 ns, At safepoint: 38775 ns, Total: 578871 ns
[2025-05-09T10:58:14.473+0000][4035.745s][debug][safepoint   ] Safepoint synchronization initiated using futex wait barrier. (232 threads)
[2025-05-09T10:58:14.473+0000][4035.745s][info ][safepoint   ] Safepoint "Cleanup", Time since last: 3000780252 ns, Reaching safepoint: 83843 ns, Cleanup: 10441 ns, At safepoint: 11748 ns, Total: 106032 ns
[2025-05-09T10:58:16.473+0000][4037.745s][debug][safepoint   ] Safepoint synchronization initiated using futex wait barrier. (232 threads)
[2025-05-09T10:58:16.473+0000][4037.745s][info ][safepoint   ] Safepoint "Cleanup", Time since last: 2000162591 ns, Reaching safepoint: 102259 ns, Cleanup: 16097 ns, At safepoint: 5677 ns, Total: 124033 ns
[2025-05-09T10:58:23.474+0000][4044.746s][debug][safepoint   ] Safepoint synchronization initiated using futex wait barrier. (232 threads)
[2025-05-09T10:58:23.474+0000][4044.746s][info ][safepoint   ] Safepoint "Cleanup", Time since last: 7000696926 ns, Reaching safepoint: 61674 ns, Cleanup: 15788 ns, At safepoint: 3570 ns, Total: 81032 ns
[2025-05-09T10:58:26.474+0000][4047.746s][debug][safepoint   ] Safepoint synchronization initiated using futex wait barrier. (232 threads)
[2025-05-09T10:58:26.474+0000][4047.746s][info ][safepoint   ] Safepoint "Cleanup", Time since last: 3000344288 ns, Reaching safepoint: 82643 ns, Cleanup: 18537 ns, At safepoint: 6952 ns, Total: 108132 ns
[2025-05-09T10:58:48.476+0000][4069.748s][debug][safepoint   ] Safepoint synchronization initiated using futex wait barrier. (232 threads)
[2025-05-09T10:58:48.476+0000][4069.748s][info ][safepoint   ] Safepoint "Cleanup", Time since last: 22001820482 ns, Reaching safepoint: 128223 ns, Cleanup: 35614 ns, At safepoint: 8533 ns, Total: 172370 ns
[2025-05-09T10:59:02.699+0000][4083.971s][debug][safepoint   ] Safepoint synchronization initiated using futex wait barrier. (232 threads)
[2025-05-09T10:59:02.700+0000][4083.971s][info ][safepoint   ] Safepoint "Cleanup", Time since last: 14223065637 ns, Reaching safepoint: 126558 ns, Cleanup: 53192 ns, At safepoint: 5540 ns, Total: 185290 ns
[2025-05-09T10:59:03.700+0000][4084.972s][debug][safepoint   ] Safepoint synchronization initiated using futex wait barrier. (232 threads)
[2025-05-09T10:59:03.700+0000][4084.972s][info ][safepoint   ] Safepoint "Cleanup", Time since last: 1000079534 ns, Reaching safepoint: 82948 ns, Cleanup: 15031 ns, At safepoint: 4948 ns, Total: 102927 ns
[2025-05-09T10:59:33.704+0000][4114.976s][debug][safepoint   ] Safepoint synchronization initiated using futex wait barrier. (232 threads)
[2025-05-09T10:59:33.704+0000][4114.976s][info ][safepoint   ] Safepoint "Cleanup", Time since last: 30004320212 ns, Reaching safepoint: 60894 ns, Cleanup: 26732 ns, At safepoint: 4401 ns, Total: 92027 ns
[2025-05-09T10:59:34.704+0000][4115.976s][debug][safepoint   ] Safepoint synchronization initiated using futex wait barrier. (232 threads)
[2025-05-09T10:59:34.704+0000][4115.976s][info ][safepoint   ] Safepoint "Cleanup", Time since last: 1000112213 ns, Reaching safepoint: 60389 ns, Cleanup: 47445 ns, At safepoint: 4908 ns, Total: 112742 ns
[2025-05-09T11:00:01.707+0000][4142.978s][debug][safepoint   ] Safepoint synchronization initiated using futex wait barrier. (229 threads)
[2025-05-09T11:00:01.707+0000][4142.978s][info ][safepoint   ] Safepoint "Cleanup", Time since last: 27002126525 ns, Reaching safepoint: 67330 ns, Cleanup: 10978 ns, At safepoint: 4639 ns, Total: 82947 ns
[2025-05-09T11:00:02.734+0000][4144.006s][debug][safepoint   ] Safepoint synchronization initiated using futex wait barrier. (228 threads)
[2025-05-09T11:00:02.734+0000][4144.006s][info ][safepoint   ] Safepoint "Cleanup", Time since last: 1027324568 ns, Reaching safepoint: 66713 ns, Cleanup: 10117 ns, At safepoint: 5013 ns, Total: 81843 ns
[2025-05-09T11:00:04.130+0000][4145.401s][debug][safepoint   ] Safepoint synchronization initiated using futex wait barrier. (228 threads)
[2025-05-09T11:00:04.130+0000][4145.402s][info ][safepoint   ] Safepoint "Cleanup", Time since last: 1395539069 ns, Reaching safepoint: 221160 ns, Cleanup: 33035 ns, At safepoint: 25127 ns, Total: 279322 ns
[2025-05-09T11:00:05.130+0000][4146.402s][debug][safepoint   ] Safepoint synchronization initiated using futex wait barrier. (228 threads)
[2025-05-09T11:00:05.130+0000][4146.402s][info ][safepoint   ] Safepoint "Cleanup", Time since last: 1000174120 ns, Reaching safepoint: 65164 ns, Cleanup: 70333 ns, At safepoint: 7510 ns, Total: 143007 ns
[2025-05-09T11:00:10.013+0000][4151.285s][debug][safepoint   ] Safepoint synchronization initiated using futex wait barrier. (228 threads)
[2025-05-09T11:00:10.013+0000][4151.285s][info ][gc,start    ] GC(90) Pause Young (Normal) (G1 Evacuation Pause)
[2025-05-09T11:00:10.013+0000][4151.285s][info ][gc,task     ] GC(90) Using 4 workers of 4 for evacuation
[2025-05-09T11:00:10.020+0000][4151.291s][info ][gc,phases   ] GC(90)   Pre Evacuate Collection Set: 0.3ms
[2025-05-09T11:00:10.020+0000][4151.291s][info ][gc,phases   ] GC(90)   Merge Heap Roots: 0.1ms
[2025-05-09T11:00:10.020+0000][4151.291s][info ][gc,phases   ] GC(90)   Evacuate Collection Set: 4.5ms
[2025-05-09T11:00:10.020+0000][4151.291s][info ][gc,phases   ] GC(90)   Post Evacuate Collection Set: 1.6ms
[2025-05-09T11:00:10.020+0000][4151.291s][info ][gc,phases   ] GC(90)   Other: 0.2ms
[2025-05-09T11:00:10.020+0000][4151.291s][info ][gc,heap     ] GC(90) Eden regions: 223->0(221)
[2025-05-09T11:00:10.020+0000][4151.291s][info ][gc,heap     ] GC(90) Survivor regions: 3->4(29)
[2025-05-09T11:00:10.020+0000][4151.291s][info ][gc,heap     ] GC(90) Old regions: 195->195
[2025-05-09T11:00:10.020+0000][4151.291s][info ][gc,heap     ] GC(90) Archive regions: 2->2
[2025-05-09T11:00:10.020+0000][4151.291s][info ][gc,heap     ] GC(90) Humongous regions: 1->0
[2025-05-09T11:00:10.020+0000][4151.291s][info ][gc,metaspace] GC(90) Metaspace: 193702K(195200K)->193702K(195200K) NonClass: 170581K(171328K)->170581K(171328K) Class: 23121K(23872K)->23121K(23872K)
[2025-05-09T11:00:10.020+0000][4151.292s][info ][gc          ] GC(90) Pause Young (Normal) (G1 Evacuation Pause) 422M->198M(474M) 6.879ms
[2025-05-09T11:00:10.020+0000][4151.292s][info ][gc,cpu      ] GC(90) User=0.02s Sys=0.00s Real=0.00s
[2025-05-09T11:00:10.020+0000][4151.292s][info ][safepoint   ] Safepoint "G1CollectForAllocation", Time since last: 4882522360 ns, Reaching safepoint: 86220 ns, Cleanup: 4811 ns, At safepoint: 7010058 ns, Total: 7101089 ns
[2025-05-09T11:00:18.020+0000][4159.292s][debug][safepoint   ] Safepoint synchronization initiated using futex wait barrier. (228 threads)
[2025-05-09T11:00:18.020+0000][4159.292s][info ][safepoint   ] Safepoint "Cleanup", Time since last: 8000593918 ns, Reaching safepoint: 55445 ns, Cleanup: 9056 ns, At safepoint: 3071 ns, Total: 67572 ns
[2025-05-09T11:00:23.025+0000][4164.297s][debug][safepoint   ] Safepoint synchronization initiated using futex wait barrier. (228 threads)
[2025-05-09T11:00:23.025+0000][4164.297s][debug][safepoint   ] ... found polling page loop exception at pc = 0x00007b2ad9c31af6, stub =0x00007b2ad898e400
[2025-05-09T11:00:23.026+0000][4164.298s][info ][safepoint   ] Safepoint "Cleanup", Time since last: 5004621833 ns, Reaching safepoint: 197343 ns, Cleanup: 20560 ns, At safepoint: 360516 ns, Total: 578419 ns
[2025-05-09T11:00:23.153+0000][4164.425s][debug][safepoint   ] ... found polling page loop exception at pc = 0x00007b2ad9b39ce7, stub =0x00007b2ad898e400
[2025-05-09T11:00:24.157+0000][4165.429s][debug][safepoint   ] Safepoint synchronization initiated using futex wait barrier. (228 threads)
[2025-05-09T11:00:24.157+0000][4165.429s][info ][safepoint   ] Safepoint "Cleanup", Time since last: 1131318731 ns, Reaching safepoint: 83470 ns, Cleanup: 52262 ns, At safepoint: 9934 ns, Total: 145666 ns
[2025-05-09T11:00:38.159+0000][4179.431s][debug][safepoint   ] Safepoint synchronization initiated using futex wait barrier. (228 threads)
[2025-05-09T11:00:38.159+0000][4179.431s][info ][safepoint   ] Safepoint "Cleanup", Time since last: 14001607917 ns, Reaching safepoint: 60489 ns, Cleanup: 19934 ns, At safepoint: 6638 ns, Total: 87061 ns
[2025-05-09T11:00:52.160+0000][4193.432s][debug][safepoint   ] Safepoint synchronization initiated using futex wait barrier. (228 threads)
[2025-05-09T11:00:52.161+0000][4193.432s][info ][safepoint   ] Safepoint "Cleanup", Time since last: 14001596953 ns, Reaching safepoint: 128977 ns, Cleanup: 21136 ns, At safepoint: 12996 ns, Total: 163109 ns
[2025-05-09T11:00:59.161+0000][4200.433s][debug][safepoint   ] Safepoint synchronization initiated using futex wait barrier. (228 threads)
[2025-05-09T11:00:59.161+0000][4200.433s][info ][safepoint   ] Safepoint "Cleanup", Time since last: 7000693628 ns, Reaching safepoint: 61083 ns, Cleanup: 9236 ns, At safepoint: 4233 ns, Total: 74552 ns
[2025-05-09T11:01:22.761+0000][4224.033s][debug][safepoint   ] Safepoint synchronization initiated using futex wait barrier. (227 threads)
[2025-05-09T11:01:22.761+0000][4224.033s][info ][safepoint   ] Safepoint "Cleanup", Time since last: 23599805981 ns, Reaching safepoint: 54151 ns, Cleanup: 9098 ns, At safepoint: 3529 ns, Total: 66778 ns
[2025-05-09T11:01:26.762+0000][4228.033s][debug][safepoint   ] Safepoint synchronization initiated using futex wait barrier. (227 threads)
[2025-05-09T11:01:26.762+0000][4228.033s][info ][safepoint   ] Safepoint "Cleanup", Time since last: 4000342116 ns, Reaching safepoint: 53608 ns, Cleanup: 19547 ns, At safepoint: 4731 ns, Total: 77886 ns
[2025-05-09T11:01:31.762+0000][4233.034s][debug][safepoint   ] Safepoint synchronization initiated using futex wait barrier. (227 threads)
[2025-05-09T11:01:31.762+0000][4233.034s][info ][safepoint   ] Safepoint "Cleanup", Time since last: 5000415021 ns, Reaching safepoint: 72474 ns, Cleanup: 12635 ns, At safepoint: 9290 ns, Total: 94399 ns
[2025-05-09T11:01:50.764+0000][4252.036s][debug][safepoint   ] Safepoint synchronization initiated using futex wait barrier. (231 threads)
[2025-05-09T11:01:50.764+0000][4252.036s][info ][safepoint   ] Safepoint "Cleanup", Time since last: 19001832291 ns, Reaching safepoint: 75843 ns, Cleanup: 24158 ns, At safepoint: 6612 ns, Total: 106613 ns
[2025-05-09T11:02:00.765+0000][4262.037s][debug][safepoint   ] Safepoint synchronization initiated using futex wait barrier. (230 threads)
[2025-05-09T11:02:00.765+0000][4262.037s][info ][safepoint   ] Safepoint "Cleanup", Time since last: 10000940177 ns, Reaching safepoint: 79392 ns, Cleanup: 12012 ns, At safepoint: 4342 ns, Total: 95746 ns
[2025-05-09T11:02:01.765+0000][4263.037s][debug][safepoint   ] Safepoint synchronization initiated using futex wait barrier. (232 threads)
[2025-05-09T11:02:01.765+0000][4263.037s][info ][safepoint   ] Safepoint "Cleanup", Time since last: 1000092891 ns, Reaching safepoint: 85998 ns, Cleanup: 15432 ns, At safepoint: 6052 ns, Total: 107482 ns
[2025-05-09T11:02:05.791+0000][4267.063s][debug][safepoint   ] Safepoint synchronization initiated using futex wait barrier. (232 threads)
[2025-05-09T11:02:05.791+0000][4267.063s][info ][safepoint   ] Safepoint "Cleanup", Time since last: 4025759809 ns, Reaching safepoint: 86729 ns, Cleanup: 15047 ns, At safepoint: 7490 ns, Total: 109266 ns
[2025-05-09T11:02:11.792+0000][4273.064s][debug][safepoint   ] Safepoint synchronization initiated using futex wait barrier. (233 threads)
[2025-05-09T11:02:11.792+0000][4273.064s][info ][safepoint   ] Safepoint "Cleanup", Time since last: 6000504752 ns, Reaching safepoint: 123560 ns, Cleanup: 36342 ns, At safepoint: 24481 ns, Total: 184383 ns
[2025-05-09T11:02:13.598+0000][4274.870s][debug][safepoint   ] Safepoint synchronization initiated using futex wait barrier. (232 threads)
[2025-05-09T11:02:13.599+0000][4274.870s][info ][safepoint   ] Safepoint "Cleanup", Time since last: 1806589298 ns, Reaching safepoint: 49912 ns, Cleanup: 28979 ns, At safepoint: 4682 ns, Total: 83573 ns
[2025-05-09T11:02:22.486+0000][4283.758s][debug][safepoint   ] Safepoint synchronization initiated using futex wait barrier. (232 threads)
[2025-05-09T11:02:22.486+0000][4283.758s][debug][safepoint   ] ... found polling page loop exception at pc = 0x00007b2ad9ab3778, stub =0x00007b2ad898e400
[2025-05-09T11:02:22.487+0000][4283.759s][info ][gc,start    ] GC(91) Pause Young (Normal) (G1 Evacuation Pause)
[2025-05-09T11:02:22.487+0000][4283.759s][info ][gc,task     ] GC(91) Using 4 workers of 4 for evacuation
[2025-05-09T11:02:22.499+0000][4283.771s][info ][gc,phases   ] GC(91)   Pre Evacuate Collection Set: 0.5ms
[2025-05-09T11:02:22.499+0000][4283.771s][info ][gc,phases   ] GC(91)   Merge Heap Roots: 0.2ms
[2025-05-09T11:02:22.499+0000][4283.771s][info ][gc,phases   ] GC(91)   Evacuate Collection Set: 7.5ms
[2025-05-09T11:02:22.499+0000][4283.771s][info ][gc,phases   ] GC(91)   Post Evacuate Collection Set: 3.8ms
[2025-05-09T11:02:22.499+0000][4283.771s][info ][gc,phases   ] GC(91)   Other: 0.6ms
[2025-05-09T11:02:22.499+0000][4283.771s][info ][gc,heap     ] GC(91) Eden regions: 221->0(221)
[2025-05-09T11:02:22.499+0000][4283.771s][info ][gc,heap     ] GC(91) Survivor regions: 4->4(29)
[2025-05-09T11:02:22.499+0000][4283.771s][info ][gc,heap     ] GC(91) Old regions: 195->195
[2025-05-09T11:02:22.499+0000][4283.771s][info ][gc,heap     ] GC(91) Archive regions: 2->2
[2025-05-09T11:02:22.499+0000][4283.771s][info ][gc,heap     ] GC(91) Humongous regions: 0->0
[2025-05-09T11:02:22.500+0000][4283.771s][info ][gc,metaspace] GC(91) Metaspace: 193805K(195328K)->193805K(195328K) NonClass: 170679K(171456K)->170679K(171456K) Class: 23125K(23872K)->23125K(23872K)
[2025-05-09T11:02:22.500+0000][4283.771s][info ][gc          ] GC(91) Pause Young (Normal) (G1 Evacuation Pause) 419M->199M(474M) 12.858ms
[2025-05-09T11:02:22.500+0000][4283.771s][info ][gc,cpu      ] GC(91) User=0.02s Sys=0.00s Real=0.01s
[2025-05-09T11:02:22.500+0000][4283.772s][info ][safepoint   ] Safepoint "G1CollectForAllocation", Time since last: 8887516963 ns, Reaching safepoint: 517406 ns, Cleanup: 29560 ns, At safepoint: 13141036 ns, Total: 13688002 ns
[2025-05-09T11:02:29.500+0000][4290.772s][debug][safepoint   ] Safepoint synchronization initiated using futex wait barrier. (232 threads)
[2025-05-09T11:02:29.500+0000][4290.772s][info ][safepoint   ] Safepoint "Cleanup", Time since last: 7000581380 ns, Reaching safepoint: 77663 ns, Cleanup: 16335 ns, At safepoint: 4434 ns, Total: 98432 ns
[2025-05-09T11:03:02.824+0000][4324.096s][debug][safepoint   ] Safepoint synchronization initiated using futex wait barrier. (232 threads)
[2025-05-09T11:03:02.824+0000][4324.096s][info ][safepoint   ] Safepoint "Cleanup", Time since last: 33323934230 ns, Reaching safepoint: 72259 ns, Cleanup: 11749 ns, At safepoint: 4917 ns, Total: 88925 ns
[2025-05-09T11:03:09.826+0000][4331.097s][debug][safepoint   ] Safepoint synchronization initiated using futex wait barrier. (232 threads)
[2025-05-09T11:03:09.826+0000][4331.098s][info ][safepoint   ] Safepoint "Cleanup", Time since last: 7001178497 ns, Reaching safepoint: 64144 ns, Cleanup: 19908 ns, At safepoint: 5817 ns, Total: 89869 ns
[2025-05-09T11:03:29.828+0000][4351.100s][debug][safepoint   ] Safepoint synchronization initiated using futex wait barrier. (228 threads)
[2025-05-09T11:03:29.828+0000][4351.100s][info ][safepoint   ] Safepoint "Cleanup", Time since last: 20002116906 ns, Reaching safepoint: 247964 ns, Cleanup: 30687 ns, At safepoint: 21381 ns, Total: 300032 ns
[2025-05-09T11:04:32.858+0000][4414.130s][debug][safepoint   ] Safepoint synchronization initiated using futex wait barrier. (230 threads)
[2025-05-09T11:04:32.858+0000][4414.130s][info ][safepoint   ] Safepoint "Cleanup", Time since last: 63029761673 ns, Reaching safepoint: 87147 ns, Cleanup: 16773 ns, At safepoint: 5771 ns, Total: 109691 ns
[2025-05-09T11:04:33.858+0000][4415.130s][debug][safepoint   ] Safepoint synchronization initiated using futex wait barrier. (230 threads)
[2025-05-09T11:04:33.858+0000][4415.130s][info ][safepoint   ] Safepoint "Cleanup", Time since last: 1000096033 ns, Reaching safepoint: 50579 ns, Cleanup: 9873 ns, At safepoint: 4708 ns, Total: 65160 ns
[2025-05-09T11:04:34.858+0000][4416.130s][debug][safepoint   ] Safepoint synchronization initiated using futex wait barrier. (230 threads)
[2025-05-09T11:04:34.858+0000][4416.130s][info ][safepoint   ] Safepoint "Cleanup", Time since last: 1000086824 ns, Reaching safepoint: 66262 ns, Cleanup: 14002 ns, At safepoint: 5482 ns, Total: 85746 ns
[2025-05-09T11:04:35.859+0000][4417.130s][debug][safepoint   ] Safepoint synchronization initiated using futex wait barrier. (230 threads)
[2025-05-09T11:04:35.859+0000][4417.131s][info ][safepoint   ] Safepoint "Cleanup", Time since last: 1000189672 ns, Reaching safepoint: 271699 ns, Cleanup: 292983 ns, At safepoint: 55516 ns, Total: 620198 ns
[2025-05-09T11:04:39.860+0000][4421.132s][debug][safepoint   ] Safepoint synchronization initiated using futex wait barrier. (230 threads)
[2025-05-09T11:04:39.860+0000][4421.132s][info ][safepoint   ] Safepoint "Cleanup", Time since last: 4000581086 ns, Reaching safepoint: 54885 ns, Cleanup: 9090 ns, At safepoint: 3774 ns, Total: 67749 ns
[2025-05-09T11:04:44.080+0000][4425.352s][debug][safepoint   ] Safepoint synchronization initiated using futex wait barrier. (230 threads)
[2025-05-09T11:04:44.080+0000][4425.352s][info ][gc,start    ] GC(92) Pause Young (Normal) (G1 Evacuation Pause)
[2025-05-09T11:04:44.080+0000][4425.352s][info ][gc,task     ] GC(92) Using 4 workers of 4 for evacuation
[2025-05-09T11:04:44.089+0000][4425.361s][info ][gc,phases   ] GC(92)   Pre Evacuate Collection Set: 0.3ms
[2025-05-09T11:04:44.089+0000][4425.361s][info ][gc,phases   ] GC(92)   Merge Heap Roots: 0.2ms
[2025-05-09T11:04:44.089+0000][4425.361s][info ][gc,phases   ] GC(92)   Evacuate Collection Set: 6.2ms
[2025-05-09T11:04:44.089+0000][4425.361s][info ][gc,phases   ] GC(92)   Post Evacuate Collection Set: 1.9ms
[2025-05-09T11:04:44.089+0000][4425.361s][info ][gc,phases   ] GC(92)   Other: 0.2ms
[2025-05-09T11:04:44.089+0000][4425.361s][info ][gc,heap     ] GC(92) Eden regions: 221->0(221)
[2025-05-09T11:04:44.089+0000][4425.361s][info ][gc,heap     ] GC(92) Survivor regions: 4->4(29)
[2025-05-09T11:04:44.089+0000][4425.361s][info ][gc,heap     ] GC(92) Old regions: 195->195
[2025-05-09T11:04:44.089+0000][4425.361s][info ][gc,heap     ] GC(92) Archive regions: 2->2
[2025-05-09T11:04:44.089+0000][4425.361s][info ][gc,heap     ] GC(92) Humongous regions: 0->0
[2025-05-09T11:04:44.089+0000][4425.361s][info ][gc,metaspace] GC(92) Metaspace: 193945K(195456K)->193945K(195456K) NonClass: 170806K(171584K)->170806K(171584K) Class: 23138K(23872K)->23138K(23872K)
[2025-05-09T11:04:44.089+0000][4425.361s][info ][gc          ] GC(92) Pause Young (Normal) (G1 Evacuation Pause) 420M->199M(474M) 8.990ms
[2025-05-09T11:04:44.089+0000][4425.361s][info ][gc,cpu      ] GC(92) User=0.02s Sys=0.00s Real=0.01s
[2025-05-09T11:04:44.089+0000][4425.361s][info ][safepoint   ] Safepoint "G1CollectForAllocation", Time since last: 4220227968 ns, Reaching safepoint: 64365 ns, Cleanup: 4602 ns, At safepoint: 9216493 ns, Total: 9285460 ns
[2025-05-09T11:04:50.090+0000][4431.362s][debug][safepoint   ] Safepoint synchronization initiated using futex wait barrier. (230 threads)
[2025-05-09T11:04:50.090+0000][4431.362s][info ][safepoint   ] Safepoint "Cleanup", Time since last: 6000463651 ns, Reaching safepoint: 74256 ns, Cleanup: 12613 ns, At safepoint: 7314 ns, Total: 94183 ns
[2025-05-09T11:04:59.091+0000][4440.363s][debug][safepoint   ] Safepoint synchronization initiated using futex wait barrier. (230 threads)
[2025-05-09T11:04:59.091+0000][4440.363s][info ][safepoint   ] Safepoint "Cleanup", Time since last: 9000843255 ns, Reaching safepoint: 115812 ns, Cleanup: 20041 ns, At safepoint: 8718 ns, Total: 144571 ns
[2025-05-09T11:05:06.899+0000][4448.171s][debug][safepoint   ] Safepoint synchronization initiated using futex wait barrier. (230 threads)
[2025-05-09T11:05:06.899+0000][4448.171s][info ][safepoint   ] Safepoint "Cleanup", Time since last: 7808291572 ns, Reaching safepoint: 148633 ns, Cleanup: 30579 ns, At safepoint: 15784 ns, Total: 194996 ns
[2025-05-09T11:05:09.900+0000][4451.172s][debug][safepoint   ] Safepoint synchronization initiated using futex wait barrier. (230 threads)
[2025-05-09T11:05:09.900+0000][4451.172s][info ][safepoint   ] Safepoint "Cleanup", Time since last: 3000483051 ns, Reaching safepoint: 257901 ns, Cleanup: 30539 ns, At safepoint: 22667 ns, Total: 311107 ns
[2025-05-09T11:05:19.901+0000][4461.173s][debug][safepoint   ] Safepoint synchronization initiated using futex wait barrier. (230 threads)
[2025-05-09T11:05:19.902+0000][4461.174s][info ][safepoint   ] Safepoint "Cleanup", Time since last: 10001303075 ns, Reaching safepoint: 170895 ns, Cleanup: 29844 ns, At safepoint: 18106 ns, Total: 218845 ns
[2025-05-09T11:06:28.948+0000][4530.220s][debug][safepoint   ] Safepoint synchronization initiated using futex wait barrier. (225 threads)
[2025-05-09T11:06:28.948+0000][4530.220s][info ][safepoint   ] Safepoint "Cleanup", Time since last: 69046064919 ns, Reaching safepoint: 246471 ns, Cleanup: 37733 ns, At safepoint: 36386 ns, Total: 320590 ns
[2025-05-09T11:06:35.949+0000][4537.221s][debug][safepoint   ] Safepoint synchronization initiated using futex wait barrier. (224 threads)
[2025-05-09T11:06:35.949+0000][4537.221s][info ][safepoint   ] Safepoint "Cleanup", Time since last: 7001057377 ns, Reaching safepoint: 217770 ns, Cleanup: 36991 ns, At safepoint: 54532 ns, Total: 309293 ns
[2025-05-09T11:07:24.712+0000][4585.984s][debug][safepoint   ] Safepoint synchronization initiated using futex wait barrier. (223 threads)
[2025-05-09T11:07:24.712+0000][4585.984s][info ][gc,start    ] GC(93) Pause Young (Normal) (G1 Evacuation Pause)
[2025-05-09T11:07:24.712+0000][4585.984s][info ][gc,task     ] GC(93) Using 4 workers of 4 for evacuation
[2025-05-09T11:07:24.728+0000][4586.000s][info ][gc,phases   ] GC(93)   Pre Evacuate Collection Set: 0.6ms
[2025-05-09T11:07:24.728+0000][4586.000s][info ][gc,phases   ] GC(93)   Merge Heap Roots: 0.8ms
[2025-05-09T11:07:24.728+0000][4586.000s][info ][gc,phases   ] GC(93)   Evacuate Collection Set: 12.1ms
[2025-05-09T11:07:24.728+0000][4586.000s][info ][gc,phases   ] GC(93)   Post Evacuate Collection Set: 2.0ms
[2025-05-09T11:07:24.728+0000][4586.000s][info ][gc,phases   ] GC(93)   Other: 0.3ms
[2025-05-09T11:07:24.728+0000][4586.000s][info ][gc,heap     ] GC(93) Eden regions: 221->0(221)
[2025-05-09T11:07:24.728+0000][4586.000s][info ][gc,heap     ] GC(93) Survivor regions: 4->4(29)
[2025-05-09T11:07:24.728+0000][4586.000s][info ][gc,heap     ] GC(93) Old regions: 195->195
[2025-05-09T11:07:24.728+0000][4586.000s][info ][gc,heap     ] GC(93) Archive regions: 2->2
[2025-05-09T11:07:24.728+0000][4586.000s][info ][gc,heap     ] GC(93) Humongous regions: 0->0
[2025-05-09T11:07:24.728+0000][4586.000s][info ][gc,metaspace] GC(93) Metaspace: 193960K(195456K)->193960K(195456K) NonClass: 170822K(171584K)->170822K(171584K) Class: 23138K(23872K)->23138K(23872K)
[2025-05-09T11:07:24.728+0000][4586.000s][info ][gc          ] GC(93) Pause Young (Normal) (G1 Evacuation Pause) 420M->199M(474M) 15.911ms
[2025-05-09T11:07:24.728+0000][4586.000s][info ][gc,cpu      ] GC(93) User=0.02s Sys=0.00s Real=0.01s
[2025-05-09T11:07:24.728+0000][4586.000s][info ][safepoint   ] Safepoint "G1CollectForAllocation", Time since last: 48762369028 ns, Reaching safepoint: 113518 ns, Cleanup: 6166 ns, At safepoint: 16331626 ns, Total: 16451310 ns
[2025-05-09T11:07:37.732+0000][4599.004s][debug][safepoint   ] Safepoint synchronization initiated using futex wait barrier. (222 threads)
[2025-05-09T11:07:37.732+0000][4599.004s][info ][safepoint   ] Safepoint "Cleanup", Time since last: 13003846443 ns, Reaching safepoint: 223988 ns, Cleanup: 85548 ns, At safepoint: 22196 ns, Total: 331732 ns
[2025-05-09T11:07:57.737+0000][4619.008s][debug][safepoint   ] Safepoint synchronization initiated using futex wait barrier. (222 threads)
[2025-05-09T11:07:57.738+0000][4619.010s][info ][safepoint   ] Safepoint "Cleanup", Time since last: 20004107035 ns, Reaching safepoint: 583458 ns, Cleanup: 85037 ns, At safepoint: 785384 ns, Total: 1453879 ns
[2025-05-09T11:08:09.742+0000][4631.014s][debug][safepoint   ] Safepoint synchronization initiated using futex wait barrier. (222 threads)
[2025-05-09T11:08:09.742+0000][4631.014s][info ][safepoint   ] Safepoint "Cleanup", Time since last: 12003670125 ns, Reaching safepoint: 156035 ns, Cleanup: 23897 ns, At safepoint: 18739 ns, Total: 198671 ns
[2025-05-09T11:08:19.743+0000][4641.015s][debug][safepoint   ] Safepoint synchronization initiated using futex wait barrier. (222 threads)
[2025-05-09T11:08:19.744+0000][4641.015s][info ][safepoint   ] Safepoint "Cleanup", Time since last: 10001278850 ns, Reaching safepoint: 305613 ns, Cleanup: 79891 ns, At safepoint: 52691 ns, Total: 438195 ns
[2025-05-09T11:09:03.059+0000][4684.331s][debug][safepoint   ] Safepoint synchronization initiated using futex wait barrier. (221 threads)
[2025-05-09T11:09:03.059+0000][4684.331s][info ][safepoint   ] Safepoint "Cleanup", Time since last: 43315105705 ns, Reaching safepoint: 183559 ns, Cleanup: 29292 ns, At safepoint: 20542 ns, Total: 233393 ns
[2025-05-09T11:10:05.363+0000][4746.635s][debug][safepoint   ] Safepoint synchronization initiated using futex wait barrier. (220 threads)
[2025-05-09T11:10:05.363+0000][4746.635s][info ][gc,start    ] GC(94) Pause Young (Normal) (G1 Evacuation Pause)
[2025-05-09T11:10:05.363+0000][4746.635s][info ][gc,task     ] GC(94) Using 4 workers of 4 for evacuation
[2025-05-09T11:10:05.370+0000][4746.642s][info ][gc,phases   ] GC(94)   Pre Evacuate Collection Set: 0.2ms
[2025-05-09T11:10:05.370+0000][4746.642s][info ][gc,phases   ] GC(94)   Merge Heap Roots: 0.1ms
[2025-05-09T11:10:05.370+0000][4746.642s][info ][gc,phases   ] GC(94)   Evacuate Collection Set: 4.3ms
[2025-05-09T11:10:05.370+0000][4746.642s][info ][gc,phases   ] GC(94)   Post Evacuate Collection Set: 1.8ms
[2025-05-09T11:10:05.370+0000][4746.642s][info ][gc,phases   ] GC(94)   Other: 0.2ms
[2025-05-09T11:10:05.370+0000][4746.642s][info ][gc,heap     ] GC(94) Eden regions: 221->0(221)
[2025-05-09T11:10:05.370+0000][4746.642s][info ][gc,heap     ] GC(94) Survivor regions: 4->4(29)
[2025-05-09T11:10:05.370+0000][4746.642s][info ][gc,heap     ] GC(94) Old regions: 195->195
[2025-05-09T11:10:05.370+0000][4746.642s][info ][gc,heap     ] GC(94) Archive regions: 2->2
[2025-05-09T11:10:05.370+0000][4746.642s][info ][gc,heap     ] GC(94) Humongous regions: 0->0
[2025-05-09T11:10:05.370+0000][4746.642s][info ][gc,metaspace] GC(94) Metaspace: 193994K(195456K)->193994K(195456K) NonClass: 170856K(171584K)->170856K(171584K) Class: 23138K(23872K)->23138K(23872K)
[2025-05-09T11:10:05.370+0000][4746.642s][info ][gc          ] GC(94) Pause Young (Normal) (G1 Evacuation Pause) 420M->199M(474M) 6.589ms
[2025-05-09T11:10:05.370+0000][4746.642s][info ][gc,cpu      ] GC(94) User=0.01s Sys=0.00s Real=0.00s
[2025-05-09T11:10:05.370+0000][4746.642s][info ][safepoint   ] Safepoint "G1CollectForAllocation", Time since last: 62304416752 ns, Reaching safepoint: 62713 ns, Cleanup: 4575 ns, At safepoint: 6719904 ns, Total: 6787192 ns
[2025-05-09T11:10:06.370+0000][4747.642s][debug][safepoint   ] Safepoint synchronization initiated using futex wait barrier. (220 threads)
[2025-05-09T11:10:06.370+0000][4747.642s][info ][safepoint   ] Safepoint "Cleanup", Time since last: 1000098779 ns, Reaching safepoint: 111432 ns, Cleanup: 28605 ns, At safepoint: 6303 ns, Total: 146340 ns
[2025-05-09T11:10:45.376+0000][4786.648s][debug][safepoint   ] Safepoint synchronization initiated using futex wait barrier. (219 threads)
[2025-05-09T11:10:45.376+0000][4786.648s][info ][safepoint   ] Safepoint "Cleanup", Time since last: 39005518665 ns, Reaching safepoint: 67285 ns, Cleanup: 10839 ns, At safepoint: 5442 ns, Total: 83566 ns
[2025-05-09T11:11:11.137+0000][4812.409s][debug][safepoint   ] Safepoint synchronization initiated using futex wait barrier. (218 threads)
[2025-05-09T11:11:11.137+0000][4812.409s][info ][safepoint   ] Safepoint "Cleanup", Time since last: 25761217931 ns, Reaching safepoint: 235782 ns, Cleanup: 33972 ns, At safepoint: 21358 ns, Total: 291112 ns
[2025-05-09T11:12:11.146+0000][4872.417s][debug][safepoint   ] Safepoint synchronization initiated using futex wait barrier. (218 threads)
[2025-05-09T11:12:11.146+0000][4872.418s][info ][safepoint   ] Safepoint "Cleanup", Time since last: 60008065284 ns, Reaching safepoint: 116640 ns, Cleanup: 18127 ns, At safepoint: 5195 ns, Total: 139962 ns
[2025-05-09T11:12:13.146+0000][4874.418s][debug][safepoint   ] Safepoint synchronization initiated using futex wait barrier. (218 threads)
[2025-05-09T11:12:13.146+0000][4874.418s][info ][safepoint   ] Safepoint "Cleanup", Time since last: 2000253574 ns, Reaching safepoint: 54702 ns, Cleanup: 23415 ns, At safepoint: 4030 ns, Total: 82147 ns
[2025-05-09T11:12:14.146+0000][4875.418s][debug][safepoint   ] Safepoint synchronization initiated using futex wait barrier. (227 threads)
[2025-05-09T11:12:14.146+0000][4875.418s][info ][safepoint   ] Safepoint "Cleanup", Time since last: 1000084417 ns, Reaching safepoint: 83064 ns, Cleanup: 26373 ns, At safepoint: 6533 ns, Total: 115970 ns
[2025-05-09T11:12:16.146+0000][4877.418s][debug][safepoint   ] Safepoint synchronization initiated using futex wait barrier. (227 threads)
[2025-05-09T11:12:16.147+0000][4877.418s][info ][safepoint   ] Safepoint "Cleanup", Time since last: 2000188884 ns, Reaching safepoint: 90235 ns, Cleanup: 12804 ns, At safepoint: 4103 ns, Total: 107142 ns
[2025-05-09T11:12:19.147+0000][4880.419s][debug][safepoint   ] Safepoint synchronization initiated using futex wait barrier. (228 threads)
[2025-05-09T11:12:19.147+0000][4880.419s][info ][safepoint   ] Safepoint "Cleanup", Time since last: 3000242670 ns, Reaching safepoint: 76340 ns, Cleanup: 9374 ns, At safepoint: 3027 ns, Total: 88741 ns
[2025-05-09T11:12:21.147+0000][4882.419s][debug][safepoint   ] Safepoint synchronization initiated using futex wait barrier. (228 threads)
[2025-05-09T11:12:21.147+0000][4882.419s][info ][safepoint   ] Safepoint "Cleanup", Time since last: 2000123713 ns, Reaching safepoint: 94502 ns, Cleanup: 21139 ns, At safepoint: 3552 ns, Total: 119193 ns
[2025-05-09T11:12:24.147+0000][4885.419s][debug][safepoint   ] Safepoint synchronization initiated using futex wait barrier. (228 threads)
[2025-05-09T11:12:24.147+0000][4885.419s][info ][safepoint   ] Safepoint "Cleanup", Time since last: 3000264121 ns, Reaching safepoint: 85058 ns, Cleanup: 14340 ns, At safepoint: 4955 ns, Total: 104353 ns
[2025-05-09T11:12:34.148+0000][4895.420s][debug][safepoint   ] Safepoint synchronization initiated using futex wait barrier. (229 threads)
[2025-05-09T11:12:34.148+0000][4895.420s][info ][safepoint   ] Safepoint "Cleanup", Time since last: 10000814803 ns, Reaching safepoint: 63489 ns, Cleanup: 10833 ns, At safepoint: 3877 ns, Total: 78199 ns
[2025-05-09T11:12:38.149+0000][4899.421s][debug][safepoint   ] Safepoint synchronization initiated using futex wait barrier. (229 threads)
[2025-05-09T11:12:38.149+0000][4899.421s][info ][safepoint   ] Safepoint "Cleanup", Time since last: 4000313428 ns, Reaching safepoint: 137322 ns, Cleanup: 18339 ns, At safepoint: 6380 ns, Total: 162041 ns
[2025-05-09T11:12:38.889+0000][4900.161s][debug][safepoint   ] Safepoint synchronization initiated using futex wait barrier. (229 threads)
[2025-05-09T11:12:38.889+0000][4900.161s][info ][gc,start    ] GC(95) Pause Young (Normal) (G1 Evacuation Pause)
[2025-05-09T11:12:38.889+0000][4900.161s][info ][gc,task     ] GC(95) Using 4 workers of 4 for evacuation
[2025-05-09T11:12:38.901+0000][4900.173s][info ][gc,phases   ] GC(95)   Pre Evacuate Collection Set: 0.2ms
[2025-05-09T11:12:38.901+0000][4900.173s][info ][gc,phases   ] GC(95)   Merge Heap Roots: 0.2ms
[2025-05-09T11:12:38.901+0000][4900.173s][info ][gc,phases   ] GC(95)   Evacuate Collection Set: 8.7ms
[2025-05-09T11:12:38.901+0000][4900.173s][info ][gc,phases   ] GC(95)   Post Evacuate Collection Set: 2.6ms
[2025-05-09T11:12:38.901+0000][4900.173s][info ][gc,phases   ] GC(95)   Other: 0.3ms
[2025-05-09T11:12:38.901+0000][4900.173s][info ][gc,heap     ] GC(95) Eden regions: 221->0(220)
[2025-05-09T11:12:38.901+0000][4900.173s][info ][gc,heap     ] GC(95) Survivor regions: 4->4(29)
[2025-05-09T11:12:38.901+0000][4900.173s][info ][gc,heap     ] GC(95) Old regions: 195->196
[2025-05-09T11:12:38.901+0000][4900.173s][info ][gc,heap     ] GC(95) Archive regions: 2->2
[2025-05-09T11:12:38.901+0000][4900.173s][info ][gc,heap     ] GC(95) Humongous regions: 1->0
[2025-05-09T11:12:38.901+0000][4900.173s][info ][gc,metaspace] GC(95) Metaspace: 194042K(195520K)->194042K(195520K) NonClass: 170899K(171648K)->170899K(171648K) Class: 23143K(23872K)->23143K(23872K)
[2025-05-09T11:12:38.901+0000][4900.173s][info ][gc          ] GC(95) Pause Young (Normal) (G1 Evacuation Pause) 421M->199M(474M) 12.152ms
[2025-05-09T11:12:38.901+0000][4900.173s][info ][gc,cpu      ] GC(95) User=0.03s Sys=0.01s Real=0.01s
[2025-05-09T11:12:38.902+0000][4900.174s][info ][safepoint   ] Safepoint "G1CollectForAllocation", Time since last: 740244548 ns, Reaching safepoint: 74078 ns, Cleanup: 7025 ns, At safepoint: 12549831 ns, Total: 12630934 ns
[2025-05-09T11:13:05.203+0000][4926.475s][debug][safepoint   ] Safepoint synchronization initiated using futex wait barrier. (229 threads)
[2025-05-09T11:13:05.204+0000][4926.476s][debug][safepoint   ] ... found polling page loop exception at pc = 0x00007b2ad9113c5b, stub =0x00007b2ad898e400
[2025-05-09T11:13:05.204+0000][4926.476s][debug][safepoint   ] ... found polling page loop exception at pc = 0x00007b2ad9629bc4, stub =0x00007b2ad898e400
[2025-05-09T11:13:05.204+0000][4926.476s][debug][safepoint   ] ... found polling page loop exception at pc = 0x00007b2ad279f1ac, stub =0x00007b2ad898e400
[2025-05-09T11:13:05.208+0000][4926.480s][info ][safepoint   ] Safepoint "Cleanup", Time since last: 26301677644 ns, Reaching safepoint: 743119 ns, Cleanup: 54013 ns, At safepoint: 4141945 ns, Total: 4939077 ns
[2025-05-09T11:13:06.208+0000][4927.480s][debug][safepoint   ] Safepoint synchronization initiated using futex wait barrier. (229 threads)
[2025-05-09T11:13:06.209+0000][4927.480s][info ][safepoint   ] Safepoint "Cleanup", Time since last: 1000145997 ns, Reaching safepoint: 50213 ns, Cleanup: 13820 ns, At safepoint: 5785 ns, Total: 69818 ns
[2025-05-09T11:13:08.209+0000][4929.481s][debug][safepoint   ] Safepoint synchronization initiated using futex wait barrier. (229 threads)
[2025-05-09T11:13:08.209+0000][4929.481s][info ][safepoint   ] Safepoint "Cleanup", Time since last: 2000175351 ns, Reaching safepoint: 97052 ns, Cleanup: 138884 ns, At safepoint: 18179 ns, Total: 254115 ns
[2025-05-09T11:13:09.209+0000][4930.481s][debug][safepoint   ] Safepoint synchronization initiated using futex wait barrier. (229 threads)
[2025-05-09T11:13:09.209+0000][4930.481s][info ][safepoint   ] Safepoint "Cleanup", Time since last: 1000174065 ns, Reaching safepoint: 159392 ns, Cleanup: 35287 ns, At safepoint: 16864 ns, Total: 211543 ns
[2025-05-09T11:13:31.213+0000][4952.485s][debug][safepoint   ] Safepoint synchronization initiated using futex wait barrier. (228 threads)
[2025-05-09T11:13:31.213+0000][4952.485s][info ][safepoint   ] Safepoint "Cleanup", Time since last: 22003531109 ns, Reaching safepoint: 81683 ns, Cleanup: 14828 ns, At safepoint: 6716 ns, Total: 103227 ns
[2025-05-09T11:13:37.213+0000][4958.485s][debug][safepoint   ] Safepoint synchronization initiated using futex wait barrier. (228 threads)
[2025-05-09T11:13:37.214+0000][4958.485s][info ][safepoint   ] Safepoint "Cleanup", Time since last: 6000368921 ns, Reaching safepoint: 119065 ns, Cleanup: 20630 ns, At safepoint: 6687 ns, Total: 146382 ns
[2025-05-09T11:13:40.214+0000][4961.486s][debug][safepoint   ] Safepoint synchronization initiated using futex wait barrier. (228 threads)
[2025-05-09T11:13:40.214+0000][4961.486s][info ][safepoint   ] Safepoint "Cleanup", Time since last: 3000271332 ns, Reaching safepoint: 54370 ns, Cleanup: 20746 ns, At safepoint: 3964 ns, Total: 79080 ns
[2025-05-09T11:14:07.232+0000][4988.504s][debug][safepoint   ] Safepoint synchronization initiated using futex wait barrier. (228 threads)
[2025-05-09T11:14:07.232+0000][4988.504s][info ][safepoint   ] Safepoint "Cleanup", Time since last: 27018409315 ns, Reaching safepoint: 77351 ns, Cleanup: 17407 ns, At safepoint: 5727 ns, Total: 100485 ns
[2025-05-09T11:14:15.233+0000][4996.505s][debug][safepoint   ] Safepoint synchronization initiated using futex wait barrier. (227 threads)
[2025-05-09T11:14:15.233+0000][4996.505s][info ][safepoint   ] Safepoint "Cleanup", Time since last: 8000750611 ns, Reaching safepoint: 126054 ns, Cleanup: 14567 ns, At safepoint: 6847 ns, Total: 147468 ns
[2025-05-09T11:14:34.119+0000][5015.391s][debug][safepoint   ] Safepoint synchronization initiated using futex wait barrier. (227 threads)
[2025-05-09T11:14:34.120+0000][5015.391s][info ][gc,start    ] GC(96) Pause Young (Normal) (G1 Evacuation Pause)
[2025-05-09T11:14:34.120+0000][5015.391s][info ][gc,task     ] GC(96) Using 4 workers of 4 for evacuation
[2025-05-09T11:14:34.131+0000][5015.403s][info ][gc,phases   ] GC(96)   Pre Evacuate Collection Set: 0.2ms
[2025-05-09T11:14:34.131+0000][5015.403s][info ][gc,phases   ] GC(96)   Merge Heap Roots: 0.1ms
[2025-05-09T11:14:34.131+0000][5015.403s][info ][gc,phases   ] GC(96)   Evacuate Collection Set: 8.1ms
[2025-05-09T11:14:34.131+0000][5015.403s][info ][gc,phases   ] GC(96)   Post Evacuate Collection Set: 3.2ms
[2025-05-09T11:14:34.131+0000][5015.403s][info ][gc,phases   ] GC(96)   Other: 0.2ms
[2025-05-09T11:14:34.131+0000][5015.403s][info ][gc,heap     ] GC(96) Eden regions: 220->0(222)
[2025-05-09T11:14:34.131+0000][5015.403s][info ][gc,heap     ] GC(96) Survivor regions: 4->3(28)
[2025-05-09T11:14:34.131+0000][5015.403s][info ][gc,heap     ] GC(96) Old regions: 196->196
[2025-05-09T11:14:34.131+0000][5015.403s][info ][gc,heap     ] GC(96) Archive regions: 2->2
[2025-05-09T11:14:34.131+0000][5015.403s][info ][gc,heap     ] GC(96) Humongous regions: 0->0
[2025-05-09T11:14:34.132+0000][5015.403s][info ][gc,metaspace] GC(96) Metaspace: 194195K(195712K)->194195K(195712K) NonClass: 171052K(171840K)->171052K(171840K) Class: 23143K(23872K)->23143K(23872K)
[2025-05-09T11:14:34.132+0000][5015.403s][info ][gc          ] GC(96) Pause Young (Normal) (G1 Evacuation Pause) 419M->199M(474M) 12.014ms
[2025-05-09T11:14:34.132+0000][5015.403s][info ][gc,cpu      ] GC(96) User=0.02s Sys=0.00s Real=0.01s
[2025-05-09T11:14:34.132+0000][5015.404s][info ][safepoint   ] Safepoint "G1CollectForAllocation", Time since last: 18886162308 ns, Reaching safepoint: 59151 ns, Cleanup: 4329 ns, At safepoint: 12287128 ns, Total: 12350608 ns
[2025-05-09T11:15:19.261+0000][5060.532s][debug][safepoint   ] Safepoint synchronization initiated using futex wait barrier. (229 threads)
[2025-05-09T11:15:19.261+0000][5060.533s][info ][safepoint   ] Safepoint "Cleanup", Time since last: 45128849709 ns, Reaching safepoint: 182273 ns, Cleanup: 26232 ns, At safepoint: 5412 ns, Total: 213917 ns
[2025-05-09T11:15:21.261+0000][5062.533s][debug][safepoint   ] Safepoint synchronization initiated using futex wait barrier. (233 threads)
[2025-05-09T11:15:21.261+0000][5062.533s][info ][safepoint   ] Safepoint "Cleanup", Time since last: 2000124484 ns, Reaching safepoint: 80574 ns, Cleanup: 29293 ns, At safepoint: 6609 ns, Total: 116476 ns
[2025-05-09T11:15:40.264+0000][5081.536s][debug][safepoint   ] Safepoint synchronization initiated using futex wait barrier. (233 threads)
[2025-05-09T11:15:40.265+0000][5081.536s][info ][safepoint   ] Safepoint "Cleanup", Time since last: 19003297099 ns, Reaching safepoint: 162566 ns, Cleanup: 35340 ns, At safepoint: 10362 ns, Total: 208268 ns
[2025-05-09T11:15:41.265+0000][5082.537s][debug][safepoint   ] Safepoint synchronization initiated using futex wait barrier. (233 threads)
[2025-05-09T11:15:41.265+0000][5082.537s][info ][safepoint   ] Safepoint "Cleanup", Time since last: 1000181569 ns, Reaching safepoint: 161165 ns, Cleanup: 56605 ns, At safepoint: 22130 ns, Total: 239900 ns
[2025-05-09T11:15:48.266+0000][5089.538s][debug][safepoint   ] Safepoint synchronization initiated using futex wait barrier. (233 threads)
[2025-05-09T11:15:48.266+0000][5089.538s][info ][safepoint   ] Safepoint "Cleanup", Time since last: 7000959736 ns, Reaching safepoint: 62175 ns, Cleanup: 10834 ns, At safepoint: 4174 ns, Total: 77183 ns
[2025-05-09T11:16:19.287+0000][5120.559s][debug][safepoint   ] Safepoint synchronization initiated using futex wait barrier. (230 threads)
[2025-05-09T11:16:19.288+0000][5120.560s][info ][safepoint   ] Safepoint "Cleanup", Time since last: 31020849636 ns, Reaching safepoint: 719686 ns, Cleanup: 40760 ns, At safepoint: 26060 ns, Total: 786506 ns
[2025-05-09T11:17:03.199+0000][5164.471s][debug][safepoint   ] Safepoint synchronization initiated using futex wait barrier. (229 threads)
[2025-05-09T11:17:03.199+0000][5164.471s][info ][gc,start    ] GC(97) Pause Young (Normal) (G1 Evacuation Pause)
[2025-05-09T11:17:03.200+0000][5164.471s][info ][gc,task     ] GC(97) Using 4 workers of 4 for evacuation
[2025-05-09T11:17:03.208+0000][5164.479s][info ][gc,phases   ] GC(97)   Pre Evacuate Collection Set: 0.3ms
[2025-05-09T11:17:03.208+0000][5164.480s][info ][gc,phases   ] GC(97)   Merge Heap Roots: 0.2ms
[2025-05-09T11:17:03.208+0000][5164.480s][info ][gc,phases   ] GC(97)   Evacuate Collection Set: 5.3ms
[2025-05-09T11:17:03.208+0000][5164.480s][info ][gc,phases   ] GC(97)   Post Evacuate Collection Set: 2.1ms
[2025-05-09T11:17:03.208+0000][5164.480s][info ][gc,phases   ] GC(97)   Other: 0.4ms
[2025-05-09T11:17:03.208+0000][5164.480s][info ][gc,heap     ] GC(97) Eden regions: 222->0(222)
[2025-05-09T11:17:03.208+0000][5164.480s][info ][gc,heap     ] GC(97) Survivor regions: 3->3(29)
[2025-05-09T11:17:03.208+0000][5164.480s][info ][gc,heap     ] GC(97) Old regions: 196->196
[2025-05-09T11:17:03.208+0000][5164.480s][info ][gc,heap     ] GC(97) Archive regions: 2->2
[2025-05-09T11:17:03.208+0000][5164.480s][info ][gc,heap     ] GC(97) Humongous regions: 0->0
[2025-05-09T11:17:03.208+0000][5164.480s][info ][gc,metaspace] GC(97) Metaspace: 194253K(195776K)->194253K(195776K) NonClass: 171104K(171904K)->171104K(171904K) Class: 23149K(23872K)->23149K(23872K)
[2025-05-09T11:17:03.208+0000][5164.480s][info ][gc          ] GC(97) Pause Young (Normal) (G1 Evacuation Pause) 421M->199M(474M) 8.291ms
[2025-05-09T11:17:03.208+0000][5164.480s][info ][gc,cpu      ] GC(97) User=0.02s Sys=0.00s Real=0.01s
[2025-05-09T11:17:03.209+0000][5164.480s][info ][safepoint   ] Safepoint "G1CollectForAllocation", Time since last: 43911533856 ns, Reaching safepoint: 99147 ns, Cleanup: 8221 ns, At safepoint: 9311794 ns, Total: 9419162 ns
[2025-05-09T11:17:19.211+0000][5180.483s][debug][safepoint   ] Safepoint synchronization initiated using futex wait barrier. (229 threads)
[2025-05-09T11:17:19.212+0000][5180.483s][info ][safepoint   ] Safepoint "Cleanup", Time since last: 16002853928 ns, Reaching safepoint: 139249 ns, Cleanup: 11263 ns, At safepoint: 6529 ns, Total: 157041 ns
[2025-05-09T11:17:56.215+0000][5217.487s][debug][safepoint   ] Safepoint synchronization initiated using futex wait barrier. (228 threads)
[2025-05-09T11:17:56.215+0000][5217.487s][info ][safepoint   ] Safepoint "Cleanup", Time since last: 37003592126 ns, Reaching safepoint: 98871 ns, Cleanup: 16296 ns, At safepoint: 5250 ns, Total: 120417 ns
[2025-05-09T11:17:59.216+0000][5220.487s][debug][safepoint   ] Safepoint synchronization initiated using futex wait barrier. (228 threads)
[2025-05-09T11:17:59.216+0000][5220.487s][info ][safepoint   ] Safepoint "Cleanup", Time since last: 3000240274 ns, Reaching safepoint: 48871 ns, Cleanup: 8921 ns, At safepoint: 3326 ns, Total: 61118 ns
[2025-05-09T11:18:02.216+0000][5223.488s][debug][safepoint   ] Safepoint synchronization initiated using futex wait barrier. (228 threads)
[2025-05-09T11:18:02.216+0000][5223.488s][info ][safepoint   ] Safepoint "Cleanup", Time since last: 3000198332 ns, Reaching safepoint: 68354 ns, Cleanup: 24016 ns, At safepoint: 7141 ns, Total: 99511 ns
[2025-05-09T11:18:27.340+0000][5248.611s][debug][safepoint   ] Safepoint synchronization initiated using futex wait barrier. (228 threads)
[2025-05-09T11:18:27.340+0000][5248.612s][info ][safepoint   ] Safepoint "Cleanup", Time since last: 25123698787 ns, Reaching safepoint: 118356 ns, Cleanup: 27760 ns, At safepoint: 7296 ns, Total: 153412 ns
[2025-05-09T11:18:58.343+0000][5279.614s][debug][safepoint   ] Safepoint synchronization initiated using futex wait barrier. (230 threads)
[2025-05-09T11:18:58.343+0000][5279.614s][info ][safepoint   ] Safepoint "Cleanup", Time since last: 31002697784 ns, Reaching safepoint: 61247 ns, Cleanup: 10631 ns, At safepoint: 3608 ns, Total: 75486 ns
[2025-05-09T11:19:04.203+0000][5285.475s][debug][safepoint   ] Safepoint synchronization initiated using futex wait barrier. (230 threads)
[2025-05-09T11:19:04.203+0000][5285.475s][info ][gc,start    ] GC(98) Pause Young (Normal) (G1 Evacuation Pause)
[2025-05-09T11:19:04.203+0000][5285.475s][info ][gc,task     ] GC(98) Using 4 workers of 4 for evacuation
[2025-05-09T11:19:04.237+0000][5285.509s][info ][gc,phases   ] GC(98)   Pre Evacuate Collection Set: 0.3ms
[2025-05-09T11:19:04.237+0000][5285.509s][info ][gc,phases   ] GC(98)   Merge Heap Roots: 0.2ms
[2025-05-09T11:19:04.237+0000][5285.509s][info ][gc,phases   ] GC(98)   Evacuate Collection Set: 29.0ms
[2025-05-09T11:19:04.237+0000][5285.509s][info ][gc,phases   ] GC(98)   Post Evacuate Collection Set: 4.0ms
[2025-05-09T11:19:04.237+0000][5285.509s][info ][gc,phases   ] GC(98)   Other: 0.3ms
[2025-05-09T11:19:04.237+0000][5285.509s][info ][gc,heap     ] GC(98) Eden regions: 222->0(221)
[2025-05-09T11:19:04.237+0000][5285.509s][info ][gc,heap     ] GC(98) Survivor regions: 3->3(29)
[2025-05-09T11:19:04.237+0000][5285.509s][info ][gc,heap     ] GC(98) Old regions: 196->197
[2025-05-09T11:19:04.237+0000][5285.509s][info ][gc,heap     ] GC(98) Archive regions: 2->2
[2025-05-09T11:19:04.237+0000][5285.509s][info ][gc,heap     ] GC(98) Humongous regions: 0->0
[2025-05-09T11:19:04.237+0000][5285.509s][info ][gc,metaspace] GC(98) Metaspace: 194273K(195776K)->194273K(195776K) NonClass: 171123K(171904K)->171123K(171904K) Class: 23149K(23872K)->23149K(23872K)
[2025-05-09T11:19:04.237+0000][5285.509s][info ][gc          ] GC(98) Pause Young (Normal) (G1 Evacuation Pause) 421M->199M(474M) 33.949ms
[2025-05-09T11:19:04.237+0000][5285.509s][info ][gc,cpu      ] GC(98) User=0.04s Sys=0.00s Real=0.03s
[2025-05-09T11:19:04.238+0000][5285.510s][info ][safepoint   ] Safepoint "G1CollectForAllocation", Time since last: 5860527503 ns, Reaching safepoint: 81808 ns, Cleanup: 13593 ns, At safepoint: 34712414 ns, Total: 34807815 ns
[2025-05-09T11:19:05.238+0000][5286.510s][debug][safepoint   ] Safepoint synchronization initiated using futex wait barrier. (230 threads)
[2025-05-09T11:19:05.238+0000][5286.510s][info ][safepoint   ] Safepoint "Cleanup", Time since last: 1000116852 ns, Reaching safepoint: 69612 ns, Cleanup: 70600 ns, At safepoint: 5916 ns, Total: 146128 ns
[2025-05-09T11:19:15.239+0000][5296.511s][debug][safepoint   ] Safepoint synchronization initiated using futex wait barrier. (230 threads)
[2025-05-09T11:19:15.239+0000][5296.511s][info ][safepoint   ] Safepoint "Cleanup", Time since last: 10000876869 ns, Reaching safepoint: 49583 ns, Cleanup: 13745 ns, At safepoint: 4121 ns, Total: 67449 ns
[2025-05-09T11:19:30.241+0000][5311.513s][debug][safepoint   ] Safepoint synchronization initiated using futex wait barrier. (230 threads)
[2025-05-09T11:19:30.242+0000][5311.513s][info ][safepoint   ] Safepoint "Cleanup", Time since last: 15002140746 ns, Reaching safepoint: 220400 ns, Cleanup: 34725 ns, At safepoint: 32540 ns, Total: 287665 ns
[2025-05-09T11:19:36.242+0000][5317.514s][debug][safepoint   ] Safepoint synchronization initiated using futex wait barrier. (233 threads)
[2025-05-09T11:19:36.243+0000][5317.515s][info ][safepoint   ] Safepoint "Cleanup", Time since last: 6000694059 ns, Reaching safepoint: 205864 ns, Cleanup: 219872 ns, At safepoint: 59722 ns, Total: 485458 ns
[2025-05-09T11:19:37.243+0000][5318.515s][debug][safepoint   ] Safepoint synchronization initiated using futex wait barrier. (233 threads)
[2025-05-09T11:19:37.243+0000][5318.515s][info ][safepoint   ] Safepoint "Cleanup", Time since last: 1000212112 ns, Reaching safepoint: 71804 ns, Cleanup: 11701 ns, At safepoint: 4667 ns, Total: 88172 ns
[2025-05-09T11:19:38.243+0000][5319.515s][debug][safepoint   ] Safepoint synchronization initiated using futex wait barrier. (233 threads)
[2025-05-09T11:19:38.243+0000][5319.515s][info ][safepoint   ] Safepoint "Cleanup", Time since last: 1000080551 ns, Reaching safepoint: 88623 ns, Cleanup: 21559 ns, At safepoint: 5716 ns, Total: 115898 ns
[2025-05-09T11:19:39.243+0000][5320.515s][debug][safepoint   ] Safepoint synchronization initiated using futex wait barrier. (234 threads)
[2025-05-09T11:19:39.243+0000][5320.515s][info ][safepoint   ] Safepoint "Cleanup", Time since last: 1000099615 ns, Reaching safepoint: 67639 ns, Cleanup: 18484 ns, At safepoint: 6120 ns, Total: 92243 ns
[2025-05-09T11:19:40.244+0000][5321.515s][debug][safepoint   ] Safepoint synchronization initiated using futex wait barrier. (234 threads)
[2025-05-09T11:19:40.244+0000][5321.515s][info ][safepoint   ] Safepoint "Cleanup", Time since last: 1000117259 ns, Reaching safepoint: 48934 ns, Cleanup: 11123 ns, At safepoint: 3972 ns, Total: 64029 ns
[2025-05-09T11:19:45.244+0000][5326.516s][debug][safepoint   ] Safepoint synchronization initiated using futex wait barrier. (235 threads)
[2025-05-09T11:19:45.244+0000][5326.516s][info ][safepoint   ] Safepoint "Cleanup", Time since last: 5000547550 ns, Reaching safepoint: 81445 ns, Cleanup: 13668 ns, At safepoint: 6670 ns, Total: 101783 ns
[2025-05-09T11:19:45.515+0000][5326.787s][debug][safepoint   ] Safepoint synchronization initiated using futex wait barrier. (235 threads)
[2025-05-09T11:19:45.515+0000][5326.787s][info ][gc,start    ] GC(99) Pause Young (Normal) (G1 Evacuation Pause)
[2025-05-09T11:19:45.515+0000][5326.787s][info ][gc,task     ] GC(99) Using 4 workers of 4 for evacuation
[2025-05-09T11:19:45.523+0000][5326.795s][info ][gc,phases   ] GC(99)   Pre Evacuate Collection Set: 0.3ms
[2025-05-09T11:19:45.523+0000][5326.795s][info ][gc,phases   ] GC(99)   Merge Heap Roots: 0.1ms
[2025-05-09T11:19:45.523+0000][5326.795s][info ][gc,phases   ] GC(99)   Evacuate Collection Set: 4.7ms
[2025-05-09T11:19:45.523+0000][5326.795s][info ][gc,phases   ] GC(99)   Post Evacuate Collection Set: 2.4ms
[2025-05-09T11:19:45.523+0000][5326.795s][info ][gc,phases   ] GC(99)   Other: 0.2ms
[2025-05-09T11:19:45.523+0000][5326.795s][info ][gc,heap     ] GC(99) Eden regions: 221->0(223)
[2025-05-09T11:19:45.523+0000][5326.795s][info ][gc,heap     ] GC(99) Survivor regions: 3->2(28)
[2025-05-09T11:19:45.523+0000][5326.795s][info ][gc,heap     ] GC(99) Old regions: 197->197
[2025-05-09T11:19:45.523+0000][5326.795s][info ][gc,heap     ] GC(99) Archive regions: 2->2
[2025-05-09T11:19:45.523+0000][5326.795s][info ][gc,heap     ] GC(99) Humongous regions: 0->0
[2025-05-09T11:19:45.523+0000][5326.795s][info ][gc,metaspace] GC(99) Metaspace: 194325K(195840K)->194325K(195840K) NonClass: 171174K(171968K)->171174K(171968K) Class: 23150K(23872K)->23150K(23872K)
[2025-05-09T11:19:45.523+0000][5326.795s][info ][gc          ] GC(99) Pause Young (Normal) (G1 Evacuation Pause) 420M->199M(474M) 7.940ms
[2025-05-09T11:19:45.523+0000][5326.795s][info ][gc,cpu      ] GC(99) User=0.02s Sys=0.00s Real=0.01s
[2025-05-09T11:19:45.524+0000][5326.795s][info ][safepoint   ] Safepoint "G1CollectForAllocation", Time since last: 270729429 ns, Reaching safepoint: 86360 ns, Cleanup: 5947 ns, At safepoint: 8539270 ns, Total: 8631577 ns
[2025-05-09T11:19:46.524+0000][5327.796s][debug][safepoint   ] Safepoint synchronization initiated using futex wait barrier. (235 threads)
[2025-05-09T11:19:46.524+0000][5327.796s][info ][safepoint   ] Safepoint "Cleanup", Time since last: 1000174248 ns, Reaching safepoint: 255484 ns, Cleanup: 62324 ns, At safepoint: 12275 ns, Total: 330083 ns
[2025-05-09T11:19:56.525+0000][5337.797s][debug][safepoint   ] Safepoint synchronization initiated using futex wait barrier. (235 threads)
[2025-05-09T11:19:56.525+0000][5337.797s][info ][safepoint   ] Safepoint "Cleanup", Time since last: 10000781102 ns, Reaching safepoint: 118063 ns, Cleanup: 13241 ns, At safepoint: 4993 ns, Total: 136297 ns
[2025-05-09T11:20:47.283+0000][5388.555s][debug][safepoint   ] Safepoint synchronization initiated using futex wait barrier. (232 threads)
[2025-05-09T11:20:47.284+0000][5388.555s][info ][safepoint   ] Safepoint "Cleanup", Time since last: 50758166711 ns, Reaching safepoint: 179101 ns, Cleanup: 121395 ns, At safepoint: 19061 ns, Total: 319557 ns
[2025-05-09T11:20:50.284+0000][5391.556s][debug][safepoint   ] Safepoint synchronization initiated using futex wait barrier. (231 threads)
[2025-05-09T11:20:50.284+0000][5391.556s][info ][safepoint   ] Safepoint "Cleanup", Time since last: 3000297751 ns, Reaching safepoint: 84972 ns, Cleanup: 12902 ns, At safepoint: 6568 ns, Total: 104442 ns
[2025-05-09T11:20:53.284+0000][5394.556s][debug][safepoint   ] Safepoint synchronization initiated using futex wait barrier. (232 threads)
[2025-05-09T11:20:53.284+0000][5394.556s][info ][safepoint   ] Safepoint "Cleanup", Time since last: 3000240431 ns, Reaching safepoint: 103210 ns, Cleanup: 11950 ns, At safepoint: 12086 ns, Total: 127246 ns
[2025-05-09T11:21:01.285+0000][5402.557s][debug][safepoint   ] Safepoint synchronization initiated using futex wait barrier. (230 threads)
[2025-05-09T11:21:01.285+0000][5402.557s][info ][safepoint   ] Safepoint "Cleanup", Time since last: 8000752762 ns, Reaching safepoint: 54144 ns, Cleanup: 11569 ns, At safepoint: 4831 ns, Total: 70544 ns
[2025-05-09T11:21:06.443+0000][5407.715s][debug][safepoint   ] Safepoint synchronization initiated using futex wait barrier. (232 threads)
[2025-05-09T11:21:06.444+0000][5407.715s][info ][safepoint   ] Safepoint "Cleanup", Time since last: 5157958760 ns, Reaching safepoint: 360846 ns, Cleanup: 71854 ns, At safepoint: 50024 ns, Total: 482724 ns
[2025-05-09T11:21:27.446+0000][5428.718s][debug][safepoint   ] Safepoint synchronization initiated using futex wait barrier. (229 threads)
[2025-05-09T11:21:27.447+0000][5428.718s][info ][safepoint   ] Safepoint "Cleanup", Time since last: 21002663765 ns, Reaching safepoint: 268287 ns, Cleanup: 39670 ns, At safepoint: 26056 ns, Total: 334013 ns
[2025-05-09T11:21:43.449+0000][5444.721s][debug][safepoint   ] Safepoint synchronization initiated using futex wait barrier. (229 threads)
[2025-05-09T11:21:43.449+0000][5444.721s][info ][safepoint   ] Safepoint "Cleanup", Time since last: 16002559754 ns, Reaching safepoint: 250988 ns, Cleanup: 32995 ns, At safepoint: 28601 ns, Total: 312584 ns
[2025-05-09T11:21:46.450+0000][5447.722s][debug][safepoint   ] Safepoint synchronization initiated using futex wait barrier. (229 threads)
[2025-05-09T11:21:46.450+0000][5447.722s][info ][safepoint   ] Safepoint "Cleanup", Time since last: 3000614778 ns, Reaching safepoint: 177996 ns, Cleanup: 34207 ns, At safepoint: 20785 ns, Total: 232988 ns
[2025-05-09T11:22:19.600+0000][5480.872s][debug][safepoint   ] Safepoint synchronization initiated using futex wait barrier. (228 threads)
[2025-05-09T11:22:19.600+0000][5480.872s][info ][gc,start    ] GC(100) Pause Young (Normal) (G1 Evacuation Pause)
[2025-05-09T11:22:19.600+0000][5480.872s][info ][gc,task     ] GC(100) Using 4 workers of 4 for evacuation
[2025-05-09T11:22:19.633+0000][5480.905s][info ][gc,phases   ] GC(100)   Pre Evacuate Collection Set: 0.7ms
[2025-05-09T11:22:19.633+0000][5480.905s][info ][gc,phases   ] GC(100)   Merge Heap Roots: 0.5ms
[2025-05-09T11:22:19.633+0000][5480.905s][info ][gc,phases   ] GC(100)   Evacuate Collection Set: 20.5ms
[2025-05-09T11:22:19.633+0000][5480.905s][info ][gc,phases   ] GC(100)   Post Evacuate Collection Set: 10.6ms
[2025-05-09T11:22:19.633+0000][5480.905s][info ][gc,phases   ] GC(100)   Other: 0.7ms
[2025-05-09T11:22:19.634+0000][5480.905s][info ][gc,heap     ] GC(100) Eden regions: 223->0(220)
[2025-05-09T11:22:19.634+0000][5480.905s][info ][gc,heap     ] GC(100) Survivor regions: 2->3(29)
[2025-05-09T11:22:19.634+0000][5480.906s][info ][gc,heap     ] GC(100) Old regions: 197->198
[2025-05-09T11:22:19.634+0000][5480.906s][info ][gc,heap     ] GC(100) Archive regions: 2->2
[2025-05-09T11:22:19.634+0000][5480.906s][info ][gc,heap     ] GC(100) Humongous regions: 0->0
[2025-05-09T11:22:19.634+0000][5480.906s][info ][gc,metaspace] GC(100) Metaspace: 194352K(195840K)->194352K(195840K) NonClass: 171199K(171968K)->171199K(171968K) Class: 23152K(23872K)->23152K(23872K)
[2025-05-09T11:22:19.634+0000][5480.906s][info ][gc          ] GC(100) Pause Young (Normal) (G1 Evacuation Pause) 422M->200M(474M) 33.895ms
[2025-05-09T11:22:19.634+0000][5480.906s][info ][gc,cpu      ] GC(100) User=0.08s Sys=0.01s Real=0.04s
[2025-05-09T11:22:19.636+0000][5480.907s][info ][safepoint   ] Safepoint "G1CollectForAllocation", Time since last: 33149492422 ns, Reaching safepoint: 251992 ns, Cleanup: 12266 ns, At safepoint: 35511083 ns, Total: 35775341 ns
[2025-05-09T11:22:39.639+0000][5500.911s][debug][safepoint   ] Safepoint synchronization initiated using futex wait barrier. (226 threads)
[2025-05-09T11:22:39.639+0000][5500.911s][info ][safepoint   ] Safepoint "Cleanup", Time since last: 20003147311 ns, Reaching safepoint: 193090 ns, Cleanup: 29847 ns, At safepoint: 56846 ns, Total: 279783 ns
[2025-05-09T11:23:12.645+0000][5533.916s][debug][safepoint   ] Safepoint synchronization initiated using futex wait barrier. (225 threads)
[2025-05-09T11:23:12.645+0000][5533.917s][info ][safepoint   ] Safepoint "Cleanup", Time since last: 33005600351 ns, Reaching safepoint: 202065 ns, Cleanup: 31177 ns, At safepoint: 19732 ns, Total: 252974 ns
[2025-05-09T11:24:19.656+0000][5600.928s][debug][safepoint   ] Safepoint synchronization initiated using futex wait barrier. (222 threads)
[2025-05-09T11:24:19.656+0000][5600.928s][info ][safepoint   ] Safepoint "Cleanup", Time since last: 67010979331 ns, Reaching safepoint: 223108 ns, Cleanup: 30648 ns, At safepoint: 22604 ns, Total: 276360 ns
[2025-05-09T11:24:46.661+0000][5627.933s][debug][safepoint   ] Safepoint synchronization initiated using futex wait barrier. (220 threads)
[2025-05-09T11:24:46.661+0000][5627.933s][info ][safepoint   ] Safepoint "Cleanup", Time since last: 27004653583 ns, Reaching safepoint: 180911 ns, Cleanup: 96622 ns, At safepoint: 23308 ns, Total: 300841 ns
[2025-05-09T11:25:01.670+0000][5642.942s][debug][safepoint   ] Safepoint synchronization initiated using futex wait barrier. (219 threads)
[2025-05-09T11:25:01.671+0000][5642.942s][info ][gc,start    ] GC(101) Pause Young (Normal) (G1 Evacuation Pause)
[2025-05-09T11:25:01.671+0000][5642.943s][info ][gc,task     ] GC(101) Using 4 workers of 4 for evacuation
[2025-05-09T11:25:01.693+0000][5642.965s][info ][gc,phases   ] GC(101)   Pre Evacuate Collection Set: 0.7ms
[2025-05-09T11:25:01.693+0000][5642.965s][info ][gc,phases   ] GC(101)   Merge Heap Roots: 0.5ms
[2025-05-09T11:25:01.693+0000][5642.965s][info ][gc,phases   ] GC(101)   Evacuate Collection Set: 13.9ms
[2025-05-09T11:25:01.693+0000][5642.965s][info ][gc,phases   ] GC(101)   Post Evacuate Collection Set: 6.6ms
[2025-05-09T11:25:01.693+0000][5642.965s][info ][gc,phases   ] GC(101)   Other: 0.6ms
[2025-05-09T11:25:01.693+0000][5642.965s][info ][gc,heap     ] GC(101) Eden regions: 220->0(222)
[2025-05-09T11:25:01.693+0000][5642.965s][info ][gc,heap     ] GC(101) Survivor regions: 3->2(28)
[2025-05-09T11:25:01.693+0000][5642.965s][info ][gc,heap     ] GC(101) Old regions: 198->198
[2025-05-09T11:25:01.693+0000][5642.965s][info ][gc,heap     ] GC(101) Archive regions: 2->2
[2025-05-09T11:25:01.693+0000][5642.965s][info ][gc,heap     ] GC(101) Humongous regions: 0->0
[2025-05-09T11:25:01.693+0000][5642.965s][info ][gc,metaspace] GC(101) Metaspace: 194357K(195840K)->194357K(195840K) NonClass: 171205K(171968K)->171205K(171968K) Class: 23152K(23872K)->23152K(23872K)
[2025-05-09T11:25:01.693+0000][5642.965s][info ][gc          ] GC(101) Pause Young (Normal) (G1 Evacuation Pause) 420M->200M(474M) 22.766ms
[2025-05-09T11:25:01.693+0000][5642.965s][info ][gc,cpu      ] GC(101) User=0.07s Sys=0.01s Real=0.03s
[2025-05-09T11:25:01.694+0000][5642.966s][info ][safepoint   ] Safepoint "G1CollectForAllocation", Time since last: 15009089846 ns, Reaching safepoint: 359629 ns, Cleanup: 16060 ns, At safepoint: 23415732 ns, Total: 23791421 ns
[2025-05-09T11:26:19.707+0000][5720.979s][debug][safepoint   ] Safepoint synchronization initiated using futex wait barrier. (216 threads)
[2025-05-09T11:26:19.708+0000][5720.979s][info ][safepoint   ] Safepoint "Cleanup", Time since last: 78013343908 ns, Reaching safepoint: 194016 ns, Cleanup: 31986 ns, At safepoint: 21697 ns, Total: 247699 ns
[2025-05-09T11:26:36.716+0000][5737.988s][debug][safepoint   ] Safepoint synchronization initiated using futex wait barrier. (214 threads)
[2025-05-09T11:26:36.716+0000][5737.988s][info ][safepoint   ] Safepoint "Cleanup", Time since last: 17008736463 ns, Reaching safepoint: 123125 ns, Cleanup: 25991 ns, At safepoint: 15098 ns, Total: 164214 ns
[2025-05-09T11:26:45.720+0000][5746.991s][debug][safepoint   ] Safepoint synchronization initiated using futex wait barrier. (214 threads)
[2025-05-09T11:26:45.720+0000][5746.992s][info ][safepoint   ] Safepoint "Cleanup", Time since last: 9003209631 ns, Reaching safepoint: 259885 ns, Cleanup: 41528 ns, At safepoint: 72940 ns, Total: 374353 ns
[2025-05-09T11:26:55.722+0000][5756.994s][debug][safepoint   ] Safepoint synchronization initiated using futex wait barrier. (213 threads)
[2025-05-09T11:26:55.722+0000][5756.994s][info ][safepoint   ] Safepoint "Cleanup", Time since last: 10001902939 ns, Reaching safepoint: 270930 ns, Cleanup: 34043 ns, At safepoint: 22100 ns, Total: 327073 ns
[2025-05-09T11:27:36.727+0000][5797.999s][debug][safepoint   ] Safepoint synchronization initiated using futex wait barrier. (213 threads)
[2025-05-09T11:27:36.728+0000][5798.000s][info ][safepoint   ] Safepoint "Cleanup", Time since last: 41005169738 ns, Reaching safepoint: 233283 ns, Cleanup: 36028 ns, At safepoint: 22292 ns, Total: 291603 ns
[2025-05-09T11:27:44.961+0000][5806.233s][debug][safepoint   ] Safepoint synchronization initiated using futex wait barrier. (213 threads)
[2025-05-09T11:27:44.962+0000][5806.233s][info ][gc,start    ] GC(102) Pause Young (Normal) (G1 Evacuation Pause)
[2025-05-09T11:27:44.962+0000][5806.233s][info ][gc,task     ] GC(102) Using 4 workers of 4 for evacuation
[2025-05-09T11:27:44.981+0000][5806.253s][info ][gc,phases   ] GC(102)   Pre Evacuate Collection Set: 0.6ms
[2025-05-09T11:27:44.981+0000][5806.253s][info ][gc,phases   ] GC(102)   Merge Heap Roots: 0.5ms
[2025-05-09T11:27:44.981+0000][5806.253s][info ][gc,phases   ] GC(102)   Evacuate Collection Set: 10.3ms
[2025-05-09T11:27:44.981+0000][5806.253s][info ][gc,phases   ] GC(102)   Post Evacuate Collection Set: 7.6ms
[2025-05-09T11:27:44.981+0000][5806.253s][info ][gc,phases   ] GC(102)   Other: 0.7ms
[2025-05-09T11:27:44.981+0000][5806.253s][info ][gc,heap     ] GC(102) Eden regions: 222->0(222)
[2025-05-09T11:27:44.981+0000][5806.253s][info ][gc,heap     ] GC(102) Survivor regions: 2->2(28)
[2025-05-09T11:27:44.981+0000][5806.253s][info ][gc,heap     ] GC(102) Old regions: 198->198
[2025-05-09T11:27:44.982+0000][5806.253s][info ][gc,heap     ] GC(102) Archive regions: 2->2
[2025-05-09T11:27:44.982+0000][5806.253s][info ][gc,heap     ] GC(102) Humongous regions: 0->0
[2025-05-09T11:27:44.982+0000][5806.253s][info ][gc,metaspace] GC(102) Metaspace: 194361K(195840K)->194361K(195840K) NonClass: 171208K(171968K)->171208K(171968K) Class: 23152K(23872K)->23152K(23872K)
[2025-05-09T11:27:44.982+0000][5806.253s][info ][gc          ] GC(102) Pause Young (Normal) (G1 Evacuation Pause) 422M->200M(474M) 20.074ms
[2025-05-09T11:27:44.982+0000][5806.254s][info ][gc,cpu      ] GC(102) User=0.06s Sys=0.00s Real=0.02s
[2025-05-09T11:27:44.983+0000][5806.255s][info ][safepoint   ] Safepoint "G1CollectForAllocation", Time since last: 8233621449 ns, Reaching safepoint: 165848 ns, Cleanup: 12149 ns, At safepoint: 21202432 ns, Total: 21380429 ns
[2025-05-09T11:27:56.984+0000][5818.256s][debug][safepoint   ] Safepoint synchronization initiated using futex wait barrier. (212 threads)
[2025-05-09T11:27:56.985+0000][5818.257s][info ][safepoint   ] Safepoint "Cleanup", Time since last: 12001764669 ns, Reaching safepoint: 165561 ns, Cleanup: 29210 ns, At safepoint: 18953 ns, Total: 213724 ns
[2025-05-09T11:28:22.056+0000][5845.261s][debug][safepoint   ] Safepoint synchronization initiated using futex wait barrier. (212 threads)
[2025-05-09T11:28:22.056+0000][5845.261s][info ][safepoint   ] Safepoint "Cleanup", Time since last: 27004380285 ns, Reaching safepoint: 179703 ns, Cleanup: 33873 ns, At safepoint: 19207 ns, Total: 232783 ns
[2025-05-09T11:28:57.061+0000][5880.266s][debug][safepoint   ] Safepoint synchronization initiated using futex wait barrier. (211 threads)
[2025-05-09T11:28:57.062+0000][5880.266s][info ][safepoint   ] Safepoint "Cleanup", Time since last: 35005089107 ns, Reaching safepoint: 225736 ns, Cleanup: 34119 ns, At safepoint: 23859 ns, Total: 283714 ns
[2025-05-09T11:30:26.376+0000][5969.581s][debug][safepoint   ] Safepoint synchronization initiated using futex wait barrier. (210 threads)
[2025-05-09T11:30:26.376+0000][5969.581s][info ][gc,start    ] GC(103) Pause Young (Normal) (G1 Evacuation Pause)
[2025-05-09T11:30:26.376+0000][5969.581s][info ][gc,task     ] GC(103) Using 4 workers of 4 for evacuation
[2025-05-09T11:30:26.412+0000][5969.617s][info ][gc,phases   ] GC(103)   Pre Evacuate Collection Set: 3.1ms
[2025-05-09T11:30:26.412+0000][5969.617s][info ][gc,phases   ] GC(103)   Merge Heap Roots: 1.7ms
[2025-05-09T11:30:26.412+0000][5969.617s][info ][gc,phases   ] GC(103)   Evacuate Collection Set: 17.8ms
[2025-05-09T11:30:26.412+0000][5969.617s][info ][gc,phases   ] GC(103)   Post Evacuate Collection Set: 12.2ms
[2025-05-09T11:30:26.412+0000][5969.617s][info ][gc,phases   ] GC(103)   Other: 0.6ms
[2025-05-09T11:30:26.412+0000][5969.617s][info ][gc,heap     ] GC(103) Eden regions: 222->0(222)
[2025-05-09T11:30:26.412+0000][5969.617s][info ][gc,heap     ] GC(103) Survivor regions: 2->2(28)
[2025-05-09T11:30:26.412+0000][5969.617s][info ][gc,heap     ] GC(103) Old regions: 198->198
[2025-05-09T11:30:26.412+0000][5969.617s][info ][gc,heap     ] GC(103) Archive regions: 2->2
[2025-05-09T11:30:26.412+0000][5969.617s][info ][gc,heap     ] GC(103) Humongous regions: 0->0
[2025-05-09T11:30:26.412+0000][5969.617s][info ][gc,metaspace] GC(103) Metaspace: 194364K(195840K)->194364K(195840K) NonClass: 171210K(171968K)->171210K(171968K) Class: 23153K(23872K)->23153K(23872K)
[2025-05-09T11:30:26.412+0000][5969.617s][info ][gc          ] GC(103) Pause Young (Normal) (G1 Evacuation Pause) 422M->200M(474M) 35.938ms
[2025-05-09T11:30:26.412+0000][5969.617s][info ][gc,cpu      ] GC(103) User=0.07s Sys=0.00s Real=0.04s
[2025-05-09T11:30:26.413+0000][5969.618s][info ][safepoint   ] Safepoint "G1CollectForAllocation", Time since last: 89314333775 ns, Reaching safepoint: 266414 ns, Cleanup: 14414 ns, At safepoint: 37255022 ns, Total: 37535850 ns
[2025-05-09T11:31:17.422+0000][6020.627s][debug][safepoint   ] Safepoint synchronization initiated using futex wait barrier. (209 threads)
[2025-05-09T11:31:17.422+0000][6020.627s][info ][safepoint   ] Safepoint "Cleanup", Time since last: 51008546157 ns, Reaching safepoint: 172438 ns, Cleanup: 27236 ns, At safepoint: 19148 ns, Total: 218822 ns
[2025-05-09T11:32:17.439+0000][6080.644s][debug][safepoint   ] Safepoint synchronization initiated using futex wait barrier. (208 threads)
[2025-05-09T11:32:17.440+0000][6080.645s][info ][safepoint   ] Safepoint "Cleanup", Time since last: 60017212920 ns, Reaching safepoint: 181296 ns, Cleanup: 41972 ns, At safepoint: 21564 ns, Total: 244832 ns
[2025-05-09T11:32:26.441+0000][6089.646s][debug][safepoint   ] Safepoint synchronization initiated using futex wait barrier. (208 threads)
[2025-05-09T11:32:26.441+0000][6089.646s][info ][safepoint   ] Safepoint "Cleanup", Time since last: 9001531482 ns, Reaching safepoint: 184861 ns, Cleanup: 32034 ns, At safepoint: 21640 ns, Total: 238535 ns
[2025-05-09T11:33:09.848+0000][6133.053s][debug][safepoint   ] Safepoint synchronization initiated using futex wait barrier. (207 threads)
[2025-05-09T11:33:09.849+0000][6133.054s][info ][gc,start    ] GC(104) Pause Young (Normal) (G1 Evacuation Pause)
[2025-05-09T11:33:09.849+0000][6133.054s][info ][gc,task     ] GC(104) Using 4 workers of 4 for evacuation
[2025-05-09T11:33:09.866+0000][6133.071s][info ][gc,phases   ] GC(104)   Pre Evacuate Collection Set: 0.6ms
[2025-05-09T11:33:09.866+0000][6133.071s][info ][gc,phases   ] GC(104)   Merge Heap Roots: 0.4ms
[2025-05-09T11:33:09.866+0000][6133.071s][info ][gc,phases   ] GC(104)   Evacuate Collection Set: 9.9ms
[2025-05-09T11:33:09.866+0000][6133.071s][info ][gc,phases   ] GC(104)   Post Evacuate Collection Set: 6.0ms
[2025-05-09T11:33:09.866+0000][6133.071s][info ][gc,phases   ] GC(104)   Other: 0.4ms
[2025-05-09T11:33:09.866+0000][6133.071s][info ][gc,heap     ] GC(104) Eden regions: 222->0(221)
[2025-05-09T11:33:09.866+0000][6133.071s][info ][gc,heap     ] GC(104) Survivor regions: 2->2(28)
[2025-05-09T11:33:09.866+0000][6133.071s][info ][gc,heap     ] GC(104) Old regions: 198->199
[2025-05-09T11:33:09.866+0000][6133.071s][info ][gc,heap     ] GC(104) Archive regions: 2->2
[2025-05-09T11:33:09.866+0000][6133.071s][info ][gc,heap     ] GC(104) Humongous regions: 0->0
[2025-05-09T11:33:09.867+0000][6133.071s][info ][gc,metaspace] GC(104) Metaspace: 194365K(195840K)->194365K(195840K) NonClass: 171211K(171968K)->171211K(171968K) Class: 23153K(23872K)->23153K(23872K)
[2025-05-09T11:33:09.867+0000][6133.072s][info ][gc          ] GC(104) Pause Young (Normal) (G1 Evacuation Pause) 422M->200M(474M) 18.092ms
[2025-05-09T11:33:09.867+0000][6133.072s][info ][gc,cpu      ] GC(104) User=0.06s Sys=0.00s Real=0.02s
[2025-05-09T11:33:09.868+0000][6133.073s][info ][safepoint   ] Safepoint "G1CollectForAllocation", Time since last: 43406867024 ns, Reaching safepoint: 184888 ns, Cleanup: 12508 ns, At safepoint: 19180236 ns, Total: 19377632 ns
[2025-05-09T11:35:52.720+0000][6295.925s][debug][safepoint   ] Safepoint synchronization initiated using futex wait barrier. (204 threads)
[2025-05-09T11:35:52.720+0000][6295.925s][info ][gc,start    ] GC(105) Pause Young (Normal) (G1 Evacuation Pause)
[2025-05-09T11:35:52.721+0000][6295.925s][info ][gc,task     ] GC(105) Using 4 workers of 4 for evacuation
[2025-05-09T11:35:52.739+0000][6295.944s][info ][gc,phases   ] GC(105)   Pre Evacuate Collection Set: 0.7ms
[2025-05-09T11:35:52.739+0000][6295.944s][info ][gc,phases   ] GC(105)   Merge Heap Roots: 0.5ms
[2025-05-09T11:35:52.739+0000][6295.944s][info ][gc,phases   ] GC(105)   Evacuate Collection Set: 10.3ms
[2025-05-09T11:35:52.739+0000][6295.944s][info ][gc,phases   ] GC(105)   Post Evacuate Collection Set: 6.3ms
[2025-05-09T11:35:52.739+0000][6295.944s][info ][gc,phases   ] GC(105)   Other: 0.5ms
[2025-05-09T11:35:52.739+0000][6295.944s][info ][gc,heap     ] GC(105) Eden regions: 221->0(221)
[2025-05-09T11:35:52.739+0000][6295.944s][info ][gc,heap     ] GC(105) Survivor regions: 2->2(28)
[2025-05-09T11:35:52.739+0000][6295.944s][info ][gc,heap     ] GC(105) Old regions: 199->199
[2025-05-09T11:35:52.739+0000][6295.944s][info ][gc,heap     ] GC(105) Archive regions: 2->2
[2025-05-09T11:35:52.739+0000][6295.944s][info ][gc,heap     ] GC(105) Humongous regions: 0->0
[2025-05-09T11:35:52.739+0000][6295.944s][info ][gc,metaspace] GC(105) Metaspace: 194381K(195840K)->194381K(195840K) NonClass: 171228K(171968K)->171228K(171968K) Class: 23153K(23872K)->23153K(23872K)
[2025-05-09T11:35:52.739+0000][6295.944s][info ][gc          ] GC(105) Pause Young (Normal) (G1 Evacuation Pause) 421M->200M(474M) 18.801ms
[2025-05-09T11:35:52.739+0000][6295.944s][info ][gc,cpu      ] GC(105) User=0.06s Sys=0.00s Real=0.02s
[2025-05-09T11:35:52.740+0000][6295.945s][info ][safepoint   ] Safepoint "G1CollectForAllocation", Time since last: 162852548339 ns, Reaching safepoint: 186058 ns, Cleanup: 13442 ns, At safepoint: 19315818 ns, Total: 19515318 ns
[2025-05-09T11:36:04.742+0000][6307.947s][debug][safepoint   ] Safepoint synchronization initiated using futex wait barrier. (204 threads)
[2025-05-09T11:36:04.743+0000][6307.948s][info ][safepoint   ] Safepoint "Cleanup", Time since last: 12002680536 ns, Reaching safepoint: 155842 ns, Cleanup: 54953 ns, At safepoint: 19557 ns, Total: 230352 ns
[2025-05-09T11:38:35.404+0000][6458.609s][debug][safepoint   ] Safepoint synchronization initiated using futex wait barrier. (203 threads)
[2025-05-09T11:38:35.405+0000][6458.610s][info ][gc,start    ] GC(106) Pause Young (Normal) (G1 Evacuation Pause)
[2025-05-09T11:38:35.405+0000][6458.610s][info ][gc,task     ] GC(106) Using 4 workers of 4 for evacuation
[2025-05-09T11:38:35.420+0000][6458.625s][info ][gc,phases   ] GC(106)   Pre Evacuate Collection Set: 0.7ms
[2025-05-09T11:38:35.420+0000][6458.625s][info ][gc,phases   ] GC(106)   Merge Heap Roots: 0.4ms
[2025-05-09T11:38:35.420+0000][6458.625s][info ][gc,phases   ] GC(106)   Evacuate Collection Set: 8.2ms
[2025-05-09T11:38:35.420+0000][6458.625s][info ][gc,phases   ] GC(106)   Post Evacuate Collection Set: 5.8ms
[2025-05-09T11:38:35.420+0000][6458.625s][info ][gc,phases   ] GC(106)   Other: 0.4ms
[2025-05-09T11:38:35.420+0000][6458.625s][info ][gc,heap     ] GC(106) Eden regions: 221->0(221)
[2025-05-09T11:38:35.420+0000][6458.625s][info ][gc,heap     ] GC(106) Survivor regions: 2->2(28)
[2025-05-09T11:38:35.420+0000][6458.625s][info ][gc,heap     ] GC(106) Old regions: 199->199
[2025-05-09T11:38:35.420+0000][6458.625s][info ][gc,heap     ] GC(106) Archive regions: 2->2
[2025-05-09T11:38:35.420+0000][6458.625s][info ][gc,heap     ] GC(106) Humongous regions: 0->0
[2025-05-09T11:38:35.420+0000][6458.625s][info ][gc,metaspace] GC(106) Metaspace: 194383K(195840K)->194383K(195840K) NonClass: 171229K(171968K)->171229K(171968K) Class: 23153K(23872K)->23153K(23872K)
[2025-05-09T11:38:35.421+0000][6458.626s][info ][gc          ] GC(106) Pause Young (Normal) (G1 Evacuation Pause) 421M->200M(474M) 15.943ms
[2025-05-09T11:38:35.421+0000][6458.626s][info ][gc,cpu      ] GC(106) User=0.05s Sys=0.00s Real=0.02s
[2025-05-09T11:38:35.421+0000][6458.626s][info ][safepoint   ] Safepoint "G1CollectForAllocation", Time since last: 150661577169 ns, Reaching safepoint: 296047 ns, Cleanup: 15705 ns, At safepoint: 16231992 ns, Total: 16543744 ns
[2025-05-09T11:40:22.436+0000][6565.640s][debug][safepoint   ] Safepoint synchronization initiated using futex wait barrier. (203 threads)
[2025-05-09T11:40:22.436+0000][6565.641s][info ][safepoint   ] Safepoint "Cleanup", Time since last: 107014770627 ns, Reaching safepoint: 211245 ns, Cleanup: 34205 ns, At safepoint: 19006 ns, Total: 264456 ns
[2025-05-09T11:41:17.955+0000][6621.160s][debug][safepoint   ] Safepoint synchronization initiated using futex wait barrier. (203 threads)
[2025-05-09T11:41:17.955+0000][6621.160s][info ][gc,start    ] GC(107) Pause Young (Normal) (G1 Evacuation Pause)
[2025-05-09T11:41:17.955+0000][6621.160s][info ][gc,task     ] GC(107) Using 4 workers of 4 for evacuation
[2025-05-09T11:41:17.971+0000][6621.176s][info ][gc,phases   ] GC(107)   Pre Evacuate Collection Set: 0.6ms
[2025-05-09T11:41:17.972+0000][6621.177s][info ][gc,phases   ] GC(107)   Merge Heap Roots: 0.3ms
[2025-05-09T11:41:17.972+0000][6621.177s][info ][gc,phases   ] GC(107)   Evacuate Collection Set: 8.7ms
[2025-05-09T11:41:17.972+0000][6621.177s][info ][gc,phases   ] GC(107)   Post Evacuate Collection Set: 6.1ms
[2025-05-09T11:41:17.972+0000][6621.177s][info ][gc,phases   ] GC(107)   Other: 0.7ms
[2025-05-09T11:41:17.972+0000][6621.177s][info ][gc,heap     ] GC(107) Eden regions: 221->0(221)
[2025-05-09T11:41:17.972+0000][6621.177s][info ][gc,heap     ] GC(107) Survivor regions: 2->2(28)
[2025-05-09T11:41:17.972+0000][6621.177s][info ][gc,heap     ] GC(107) Old regions: 199->199
[2025-05-09T11:41:17.972+0000][6621.177s][info ][gc,heap     ] GC(107) Archive regions: 2->2
[2025-05-09T11:41:17.972+0000][6621.177s][info ][gc,heap     ] GC(107) Humongous regions: 0->0
[2025-05-09T11:41:17.972+0000][6621.177s][info ][gc,metaspace] GC(107) Metaspace: 194388K(195840K)->194388K(195840K) NonClass: 171234K(171968K)->171234K(171968K) Class: 23154K(23872K)->23154K(23872K)
[2025-05-09T11:41:17.972+0000][6621.177s][info ][gc          ] GC(107) Pause Young (Normal) (G1 Evacuation Pause) 421M->200M(474M) 16.850ms
[2025-05-09T11:41:17.972+0000][6621.177s][info ][gc,cpu      ] GC(107) User=0.05s Sys=0.00s Real=0.02s
[2025-05-09T11:41:17.973+0000][6621.178s][info ][safepoint   ] Safepoint "G1CollectForAllocation", Time since last: 55519018986 ns, Reaching safepoint: 232924 ns, Cleanup: 12621 ns, At safepoint: 17578453 ns, Total: 17823998 ns
[2025-05-09T13:10:29.740+0000][6630.114s][debug][safepoint   ] Safepoint synchronization initiated using futex wait barrier. (202 threads)
[2025-05-09T13:10:29.740+0000][6630.114s][info ][safepoint   ] Safepoint "Cleanup", Time since last: 8936027402 ns, Reaching safepoint: 171048 ns, Cleanup: 62985 ns, At safepoint: 125779 ns, Total: 359812 ns
[2025-05-09T13:10:44.742+0000][6645.116s][debug][safepoint   ] Safepoint synchronization initiated using futex wait barrier. (205 threads)
[2025-05-09T13:10:44.743+0000][6645.116s][info ][safepoint   ] Safepoint "Cleanup", Time since last: 15002013766 ns, Reaching safepoint: 215624 ns, Cleanup: 72381 ns, At safepoint: 26948 ns, Total: 314953 ns
[2025-05-09T13:11:26.268+0000][6686.641s][debug][safepoint   ] Safepoint synchronization initiated using futex wait barrier. (205 threads)
[2025-05-09T13:11:26.268+0000][6686.641s][info ][safepoint   ] Safepoint "Cleanup", Time since last: 41525111619 ns, Reaching safepoint: 67855 ns, Cleanup: 10648 ns, At safepoint: 5337 ns, Total: 83840 ns
[2025-05-09T13:13:05.860+0000][6786.233s][debug][safepoint   ] Safepoint synchronization initiated using futex wait barrier. (204 threads)
[2025-05-09T13:13:05.860+0000][6786.234s][info ][gc,start    ] GC(108) Pause Young (Normal) (G1 Evacuation Pause)
[2025-05-09T13:13:05.860+0000][6786.234s][info ][gc,task     ] GC(108) Using 4 workers of 4 for evacuation
[2025-05-09T13:13:05.879+0000][6786.252s][info ][gc,phases   ] GC(108)   Pre Evacuate Collection Set: 0.6ms
[2025-05-09T13:13:05.879+0000][6786.253s][info ][gc,phases   ] GC(108)   Merge Heap Roots: 0.4ms
[2025-05-09T13:13:05.879+0000][6786.253s][info ][gc,phases   ] GC(108)   Evacuate Collection Set: 10.3ms
[2025-05-09T13:13:05.879+0000][6786.253s][info ][gc,phases   ] GC(108)   Post Evacuate Collection Set: 7.0ms
[2025-05-09T13:13:05.879+0000][6786.253s][info ][gc,phases   ] GC(108)   Other: 0.6ms
[2025-05-09T13:13:05.879+0000][6786.253s][info ][gc,heap     ] GC(108) Eden regions: 221->0(221)
[2025-05-09T13:13:05.879+0000][6786.253s][info ][gc,heap     ] GC(108) Survivor regions: 2->2(28)
[2025-05-09T13:13:05.879+0000][6786.253s][info ][gc,heap     ] GC(108) Old regions: 199->199
[2025-05-09T13:13:05.879+0000][6786.253s][info ][gc,heap     ] GC(108) Archive regions: 2->2
[2025-05-09T13:13:05.879+0000][6786.253s][info ][gc,heap     ] GC(108) Humongous regions: 0->0
[2025-05-09T13:13:05.879+0000][6786.253s][info ][gc,metaspace] GC(108) Metaspace: 194394K(195840K)->194394K(195840K) NonClass: 171240K(171968K)->171240K(171968K) Class: 23154K(23872K)->23154K(23872K)
[2025-05-09T13:13:05.879+0000][6786.253s][info ][gc          ] GC(108) Pause Young (Normal) (G1 Evacuation Pause) 421M->200M(474M) 19.324ms
[2025-05-09T13:13:05.879+0000][6786.253s][info ][gc,cpu      ] GC(108) User=0.06s Sys=0.00s Real=0.02s
[2025-05-09T13:13:05.880+0000][6786.254s][info ][safepoint   ] Safepoint "G1CollectForAllocation", Time since last: 99591835028 ns, Reaching safepoint: 218158 ns, Cleanup: 15558 ns, At safepoint: 20270822 ns, Total: 20504538 ns
[2025-05-09T13:13:41.885+0000][6822.259s][debug][safepoint   ] Safepoint synchronization initiated using futex wait barrier. (204 threads)
[2025-05-09T13:13:41.886+0000][6822.259s][info ][safepoint   ] Safepoint "Cleanup", Time since last: 36005177139 ns, Reaching safepoint: 216266 ns, Cleanup: 48418 ns, At safepoint: 17589 ns, Total: 282273 ns
[2025-05-09T13:14:44.896+0000][6885.269s][debug][safepoint   ] Safepoint synchronization initiated using futex wait barrier. (205 threads)
[2025-05-09T13:14:44.896+0000][6885.270s][info ][safepoint   ] Safepoint "Cleanup", Time since last: 63010157397 ns, Reaching safepoint: 200166 ns, Cleanup: 32046 ns, At safepoint: 24758 ns, Total: 256970 ns
[2025-05-09T13:14:48.897+0000][6889.271s][debug][safepoint   ] Safepoint synchronization initiated using futex wait barrier. (205 threads)
[2025-05-09T13:14:48.897+0000][6889.271s][info ][safepoint   ] Safepoint "Cleanup", Time since last: 4000942578 ns, Reaching safepoint: 242241 ns, Cleanup: 67647 ns, At safepoint: 27410 ns, Total: 337298 ns
[2025-05-09T13:15:25.905+0000][6926.278s][debug][safepoint   ] Safepoint synchronization initiated using futex wait barrier. (205 threads)
[2025-05-09T13:15:25.905+0000][6926.279s][info ][safepoint   ] Safepoint "Cleanup", Time since last: 37007367767 ns, Reaching safepoint: 196049 ns, Cleanup: 32387 ns, At safepoint: 24885 ns, Total: 253321 ns
[2025-05-09T13:15:48.690+0000][6949.064s][debug][safepoint   ] Safepoint synchronization initiated using futex wait barrier. (205 threads)
[2025-05-09T13:15:48.691+0000][6949.064s][info ][gc,start    ] GC(109) Pause Young (Normal) (G1 Evacuation Pause)
[2025-05-09T13:15:48.691+0000][6949.064s][info ][gc,task     ] GC(109) Using 4 workers of 4 for evacuation
[2025-05-09T13:15:48.711+0000][6949.084s][info ][gc,phases   ] GC(109)   Pre Evacuate Collection Set: 0.6ms
[2025-05-09T13:15:48.711+0000][6949.084s][info ][gc,phases   ] GC(109)   Merge Heap Roots: 0.4ms
[2025-05-09T13:15:48.711+0000][6949.084s][info ][gc,phases   ] GC(109)   Evacuate Collection Set: 9.9ms
[2025-05-09T13:15:48.711+0000][6949.084s][info ][gc,phases   ] GC(109)   Post Evacuate Collection Set: 8.5ms
[2025-05-09T13:15:48.711+0000][6949.085s][info ][gc,phases   ] GC(109)   Other: 0.5ms
[2025-05-09T13:15:48.711+0000][6949.085s][info ][gc,heap     ] GC(109) Eden regions: 221->0(221)
[2025-05-09T13:15:48.711+0000][6949.085s][info ][gc,heap     ] GC(109) Survivor regions: 2->2(28)
[2025-05-09T13:15:48.711+0000][6949.085s][info ][gc,heap     ] GC(109) Old regions: 199->199
[2025-05-09T13:15:48.711+0000][6949.085s][info ][gc,heap     ] GC(109) Archive regions: 2->2
[2025-05-09T13:15:48.711+0000][6949.085s][info ][gc,heap     ] GC(109) Humongous regions: 0->0
[2025-05-09T13:15:48.711+0000][6949.085s][info ][gc,metaspace] GC(109) Metaspace: 194399K(195840K)->194399K(195840K) NonClass: 171245K(171968K)->171245K(171968K) Class: 23154K(23872K)->23154K(23872K)
[2025-05-09T13:15:48.712+0000][6949.086s][info ][gc          ] GC(109) Pause Young (Normal) (G1 Evacuation Pause) 421M->200M(474M) 20.630ms
[2025-05-09T13:15:48.713+0000][6949.086s][info ][gc,cpu      ] GC(109) User=0.05s Sys=0.01s Real=0.02s
[2025-05-09T13:15:48.715+0000][6949.089s][info ][safepoint   ] Safepoint "G1CollectForAllocation", Time since last: 22785420755 ns, Reaching safepoint: 214432 ns, Cleanup: 12533 ns, At safepoint: 24650515 ns, Total: 24877480 ns
[2025-05-09T13:16:20.721+0000][6981.095s][debug][safepoint   ] Safepoint synchronization initiated using futex wait barrier. (205 threads)
[2025-05-09T13:16:20.722+0000][6981.095s][info ][safepoint   ] Safepoint "Cleanup", Time since last: 32006051570 ns, Reaching safepoint: 228144 ns, Cleanup: 32813 ns, At safepoint: 24499 ns, Total: 285456 ns
[2025-05-09T13:16:50.726+0000][7011.100s][debug][safepoint   ] Safepoint synchronization initiated using futex wait barrier. (205 threads)
[2025-05-09T13:16:50.726+0000][7011.100s][info ][safepoint   ] Safepoint "Cleanup", Time since last: 30004522097 ns, Reaching safepoint: 251817 ns, Cleanup: 34287 ns, At safepoint: 45554 ns, Total: 331658 ns
[2025-05-09T13:17:44.734+0000][7065.107s][debug][safepoint   ] Safepoint synchronization initiated using futex wait barrier. (205 threads)
[2025-05-09T13:17:44.734+0000][7065.108s][info ][safepoint   ] Safepoint "Cleanup", Time since last: 54007366039 ns, Reaching safepoint: 200399 ns, Cleanup: 39925 ns, At safepoint: 24295 ns, Total: 264619 ns
[2025-05-09T13:18:11.739+0000][7092.113s][debug][safepoint   ] Safepoint synchronization initiated using futex wait barrier. (207 threads)
[2025-05-09T13:18:11.739+0000][7092.113s][info ][safepoint   ] Safepoint "Cleanup", Time since last: 27004830034 ns, Reaching safepoint: 216701 ns, Cleanup: 90252 ns, At safepoint: 36269 ns, Total: 343222 ns
[2025-05-09T13:18:31.208+0000][7111.581s][debug][safepoint   ] Safepoint synchronization initiated using futex wait barrier. (205 threads)
[2025-05-09T13:18:31.208+0000][7111.582s][info ][gc,start    ] GC(110) Pause Young (Normal) (G1 Evacuation Pause)
[2025-05-09T13:18:31.208+0000][7111.582s][info ][gc,task     ] GC(110) Using 4 workers of 4 for evacuation
[2025-05-09T13:18:31.249+0000][7111.623s][info ][gc,phases   ] GC(110)   Pre Evacuate Collection Set: 0.9ms
[2025-05-09T13:18:31.249+0000][7111.623s][info ][gc,phases   ] GC(110)   Merge Heap Roots: 1.0ms
[2025-05-09T13:18:31.249+0000][7111.623s][info ][gc,phases   ] GC(110)   Evacuate Collection Set: 27.9ms
[2025-05-09T13:18:31.249+0000][7111.623s][info ][gc,phases   ] GC(110)   Post Evacuate Collection Set: 10.5ms
[2025-05-09T13:18:31.249+0000][7111.623s][info ][gc,phases   ] GC(110)   Other: 0.8ms
[2025-05-09T13:18:31.250+0000][7111.623s][info ][gc,heap     ] GC(110) Eden regions: 221->0(222)
[2025-05-09T13:18:31.250+0000][7111.623s][info ][gc,heap     ] GC(110) Survivor regions: 2->1(28)
[2025-05-09T13:18:31.250+0000][7111.623s][info ][gc,heap     ] GC(110) Old regions: 199->200
[2025-05-09T13:18:31.250+0000][7111.623s][info ][gc,heap     ] GC(110) Archive regions: 2->2
[2025-05-09T13:18:31.250+0000][7111.623s][info ][gc,heap     ] GC(110) Humongous regions: 0->0
[2025-05-09T13:18:31.250+0000][7111.623s][info ][gc,metaspace] GC(110) Metaspace: 194408K(195904K)->194408K(195904K) NonClass: 171254K(172032K)->171254K(172032K) Class: 23154K(23872K)->23154K(23872K)
[2025-05-09T13:18:31.250+0000][7111.624s][info ][gc          ] GC(110) Pause Young (Normal) (G1 Evacuation Pause) 421M->200M(474M) 41.692ms
[2025-05-09T13:18:31.250+0000][7111.624s][info ][gc,cpu      ] GC(110) User=0.07s Sys=0.02s Real=0.04s
[2025-05-09T13:18:31.251+0000][7111.625s][info ][safepoint   ] Safepoint "G1CollectForAllocation", Time since last: 19468582587 ns, Reaching safepoint: 254369 ns, Cleanup: 13430 ns, At safepoint: 43256806 ns, Total: 43524605 ns
[2025-05-09T13:19:12.042+0000][7151.632s][debug][safepoint   ] Safepoint synchronization initiated using futex wait barrier. (207 threads)
[2025-05-09T13:19:12.042+0000][7151.632s][info ][safepoint   ] Safepoint "Cleanup", Time since last: 40006503102 ns, Reaching safepoint: 206717 ns, Cleanup: 34370 ns, At safepoint: 18386 ns, Total: 259473 ns
[2025-05-09T13:21:14.590+0000][7274.179s][debug][safepoint   ] Safepoint synchronization initiated using futex wait barrier. (204 threads)
[2025-05-09T13:21:14.590+0000][7274.180s][info ][gc,start    ] GC(111) Pause Young (Normal) (G1 Evacuation Pause)
[2025-05-09T13:21:14.590+0000][7274.180s][info ][gc,task     ] GC(111) Using 4 workers of 4 for evacuation
[2025-05-09T13:21:14.619+0000][7274.208s][info ][gc,phases   ] GC(111)   Pre Evacuate Collection Set: 0.7ms
[2025-05-09T13:21:14.619+0000][7274.209s][info ][gc,phases   ] GC(111)   Merge Heap Roots: 0.6ms
[2025-05-09T13:21:14.619+0000][7274.209s][info ][gc,phases   ] GC(111)   Evacuate Collection Set: 14.3ms
[2025-05-09T13:21:14.619+0000][7274.209s][info ][gc,phases   ] GC(111)   Post Evacuate Collection Set: 12.6ms
[2025-05-09T13:21:14.619+0000][7274.209s][info ][gc,phases   ] GC(111)   Other: 0.6ms
[2025-05-09T13:21:14.620+0000][7274.209s][info ][gc,heap     ] GC(111) Eden regions: 222->0(220)
[2025-05-09T13:21:14.620+0000][7274.209s][info ][gc,heap     ] GC(111) Survivor regions: 1->2(28)
[2025-05-09T13:21:14.620+0000][7274.209s][info ][gc,heap     ] GC(111) Old regions: 200->200
[2025-05-09T13:21:14.620+0000][7274.209s][info ][gc,heap     ] GC(111) Archive regions: 2->2
[2025-05-09T13:21:14.620+0000][7274.209s][info ][gc,heap     ] GC(111) Humongous regions: 0->0
[2025-05-09T13:21:14.620+0000][7274.209s][info ][gc,metaspace] GC(111) Metaspace: 194411K(195904K)->194411K(195904K) NonClass: 171257K(172032K)->171257K(172032K) Class: 23154K(23872K)->23154K(23872K)
[2025-05-09T13:21:14.620+0000][7274.209s][info ][gc          ] GC(111) Pause Young (Normal) (G1 Evacuation Pause) 422M->201M(474M) 29.833ms
[2025-05-09T13:21:14.620+0000][7274.210s][info ][gc,cpu      ] GC(111) User=0.05s Sys=0.00s Real=0.03s
[2025-05-09T13:21:14.621+0000][7274.210s][info ][safepoint   ] Safepoint "G1CollectForAllocation", Time since last: 122547377713 ns, Reaching safepoint: 259152 ns, Cleanup: 14125 ns, At safepoint: 31043466 ns, Total: 31316743 ns
[2025-05-09T13:21:26.623+0000][7286.212s][debug][safepoint   ] Safepoint synchronization initiated using futex wait barrier. (204 threads)
[2025-05-09T13:21:26.623+0000][7286.213s][info ][safepoint   ] Safepoint "Cleanup", Time since last: 12001928685 ns, Reaching safepoint: 161500 ns, Cleanup: 33207 ns, At safepoint: 19367 ns, Total: 214074 ns
[2025-05-09T13:21:35.625+0000][7295.214s][debug][safepoint   ] Safepoint synchronization initiated using futex wait barrier. (204 threads)
[2025-05-09T13:21:35.625+0000][7295.214s][info ][safepoint   ] Safepoint "Cleanup", Time since last: 9001562695 ns, Reaching safepoint: 247887 ns, Cleanup: 31272 ns, At safepoint: 21406 ns, Total: 300565 ns
[2025-05-09T13:23:56.716+0000][7436.305s][debug][safepoint   ] Safepoint synchronization initiated using futex wait barrier. (204 threads)
[2025-05-09T13:23:56.716+0000][7436.306s][info ][gc,start    ] GC(112) Pause Young (Normal) (G1 Evacuation Pause)
[2025-05-09T13:23:56.717+0000][7436.306s][info ][gc,task     ] GC(112) Using 4 workers of 4 for evacuation
[2025-05-09T13:23:56.730+0000][7436.320s][info ][gc,phases   ] GC(112)   Pre Evacuate Collection Set: 0.5ms
[2025-05-09T13:23:56.730+0000][7436.320s][info ][gc,phases   ] GC(112)   Merge Heap Roots: 0.3ms
[2025-05-09T13:23:56.730+0000][7436.320s][info ][gc,phases   ] GC(112)   Evacuate Collection Set: 6.8ms
[2025-05-09T13:23:56.731+0000][7436.320s][info ][gc,phases   ] GC(112)   Post Evacuate Collection Set: 5.9ms
[2025-05-09T13:23:56.731+0000][7436.320s][info ][gc,phases   ] GC(112)   Other: 0.5ms
[2025-05-09T13:23:56.731+0000][7436.320s][info ][gc,heap     ] GC(112) Eden regions: 220->0(220)
[2025-05-09T13:23:56.731+0000][7436.320s][info ][gc,heap     ] GC(112) Survivor regions: 2->2(28)
[2025-05-09T13:23:56.731+0000][7436.320s][info ][gc,heap     ] GC(112) Old regions: 200->200
[2025-05-09T13:23:56.731+0000][7436.320s][info ][gc,heap     ] GC(112) Archive regions: 2->2
[2025-05-09T13:23:56.731+0000][7436.320s][info ][gc,heap     ] GC(112) Humongous regions: 0->0
[2025-05-09T13:23:56.731+0000][7436.320s][info ][gc,metaspace] GC(112) Metaspace: 194413K(195904K)->194413K(195904K) NonClass: 171259K(172032K)->171259K(172032K) Class: 23154K(23872K)->23154K(23872K)
[2025-05-09T13:23:56.731+0000][7436.320s][info ][gc          ] GC(112) Pause Young (Normal) (G1 Evacuation Pause) 421M->201M(474M) 14.411ms
[2025-05-09T13:23:56.731+0000][7436.320s][info ][gc,cpu      ] GC(112) User=0.05s Sys=0.00s Real=0.01s
[2025-05-09T13:23:56.731+0000][7436.320s][info ][safepoint   ] Safepoint "G1CollectForAllocation", Time since last: 141091037620 ns, Reaching safepoint: 173318 ns, Cleanup: 12042 ns, At safepoint: 14805255 ns, Total: 14990615 ns
[2025-05-09T13:25:00.742+0000][7500.331s][debug][safepoint   ] Safepoint synchronization initiated using futex wait barrier. (208 threads)
[2025-05-09T13:25:00.742+0000][7500.331s][info ][safepoint   ] Safepoint "Cleanup", Time since last: 64010358572 ns, Reaching safepoint: 74097 ns, Cleanup: 100195 ns, At safepoint: 11627 ns, Total: 185919 ns
[2025-05-09T13:25:01.941+0000][7501.530s][debug][safepoint   ] Safepoint synchronization initiated using futex wait barrier. (208 threads)
[2025-05-09T13:25:01.941+0000][7501.530s][info ][safepoint   ] Safepoint "Cleanup", Time since last: 1199023215 ns, Reaching safepoint: 89483 ns, Cleanup: 96779 ns, At safepoint: 11798 ns, Total: 198060 ns
[2025-05-09T13:25:03.664+0000][7503.253s][debug][safepoint   ] Safepoint synchronization initiated using futex wait barrier. (208 threads)
[2025-05-09T13:25:03.665+0000][7503.254s][info ][safepoint   ] Safepoint "Cleanup", Time since last: 1723119700 ns, Reaching safepoint: 286422 ns, Cleanup: 37944 ns, At safepoint: 467971 ns, Total: 792337 ns
[2025-05-09T13:25:04.665+0000][7504.254s][debug][safepoint   ] Safepoint synchronization initiated using futex wait barrier. (208 threads)
[2025-05-09T13:25:04.665+0000][7504.254s][info ][safepoint   ] Safepoint "Cleanup", Time since last: 1000174186 ns, Reaching safepoint: 83376 ns, Cleanup: 46915 ns, At safepoint: 13040 ns, Total: 143331 ns
[2025-05-09T13:25:06.652+0000][7506.241s][debug][safepoint   ] Safepoint synchronization initiated using futex wait barrier. (209 threads)
[2025-05-09T13:25:06.652+0000][7506.241s][info ][safepoint   ] Safepoint "Cleanup", Time since last: 1986432346 ns, Reaching safepoint: 59898 ns, Cleanup: 44943 ns, At safepoint: 3642 ns, Total: 108483 ns
[2025-05-09T13:25:07.816+0000][7507.405s][debug][safepoint   ] Safepoint synchronization initiated using futex wait barrier. (208 threads)
[2025-05-09T13:25:07.816+0000][7507.405s][info ][safepoint   ] Safepoint "Cleanup", Time since last: 1164360577 ns, Reaching safepoint: 43312 ns, Cleanup: 18409 ns, At safepoint: 3717 ns, Total: 65438 ns
[2025-05-09T13:25:08.816+0000][7508.406s][debug][safepoint   ] Safepoint synchronization initiated using futex wait barrier. (208 threads)
[2025-05-09T13:25:08.817+0000][7508.406s][info ][safepoint   ] Safepoint "Cleanup", Time since last: 1000175037 ns, Reaching safepoint: 136179 ns, Cleanup: 52836 ns, At safepoint: 19216 ns, Total: 208231 ns
[2025-05-09T13:25:10.817+0000][7510.406s][debug][safepoint   ] Safepoint synchronization initiated using futex wait barrier. (208 threads)
[2025-05-09T13:25:10.817+0000][7510.406s][info ][safepoint   ] Safepoint "Cleanup", Time since last: 2000290721 ns, Reaching safepoint: 63538 ns, Cleanup: 56209 ns, At safepoint: 9938 ns, Total: 129685 ns
[2025-05-09T13:25:27.821+0000][7527.410s][debug][safepoint   ] Safepoint synchronization initiated using futex wait barrier. (208 threads)
[2025-05-09T13:25:27.821+0000][7527.411s][info ][safepoint   ] Safepoint "Cleanup", Time since last: 17004154675 ns, Reaching safepoint: 73848 ns, Cleanup: 37560 ns, At safepoint: 7926 ns, Total: 119334 ns
[2025-05-09T13:25:28.821+0000][7528.411s][debug][safepoint   ] Safepoint synchronization initiated using futex wait barrier. (208 threads)
[2025-05-09T13:25:28.822+0000][7528.411s][info ][safepoint   ] Safepoint "Cleanup", Time since last: 1000137587 ns, Reaching safepoint: 191967 ns, Cleanup: 35338 ns, At safepoint: 17423 ns, Total: 244728 ns
[2025-05-09T13:25:37.823+0000][7537.412s][debug][safepoint   ] Safepoint synchronization initiated using futex wait barrier. (208 threads)
[2025-05-09T13:25:37.823+0000][7537.412s][info ][safepoint   ] Safepoint "Cleanup", Time since last: 9001137674 ns, Reaching safepoint: 274686 ns, Cleanup: 65192 ns, At safepoint: 29949 ns, Total: 369827 ns
[2025-05-09T13:25:38.823+0000][7538.413s][debug][safepoint   ] Safepoint synchronization initiated using futex wait barrier. (228 threads)
[2025-05-09T13:25:38.823+0000][7538.413s][info ][safepoint   ] Safepoint "Cleanup", Time since last: 1000155224 ns, Reaching safepoint: 74800 ns, Cleanup: 12458 ns, At safepoint: 5338 ns, Total: 92596 ns
[2025-05-09T13:25:42.641+0000][7542.230s][debug][safepoint   ] Safepoint synchronization initiated using futex wait barrier. (231 threads)
[2025-05-09T13:25:42.641+0000][7542.230s][info ][safepoint   ] Safepoint "Cleanup", Time since last: 3817716230 ns, Reaching safepoint: 50391 ns, Cleanup: 10850 ns, At safepoint: 4795 ns, Total: 66036 ns
[2025-05-09T13:25:44.641+0000][7544.231s][debug][safepoint   ] Safepoint synchronization initiated using futex wait barrier. (230 threads)
[2025-05-09T13:25:44.641+0000][7544.231s][info ][safepoint   ] Safepoint "Cleanup", Time since last: 2000188190 ns, Reaching safepoint: 53071 ns, Cleanup: 12193 ns, At safepoint: 3954 ns, Total: 69218 ns
[2025-05-09T13:25:49.643+0000][7549.232s][debug][safepoint   ] Safepoint synchronization initiated using futex wait barrier. (232 threads)
[2025-05-09T13:25:49.644+0000][7549.233s][info ][safepoint   ] Safepoint "Cleanup", Time since last: 5001481280 ns, Reaching safepoint: 319382 ns, Cleanup: 24362 ns, At safepoint: 423228 ns, Total: 766972 ns
[2025-05-09T13:25:50.644+0000][7550.233s][debug][safepoint   ] Safepoint synchronization initiated using futex wait barrier. (232 threads)
[2025-05-09T13:25:50.644+0000][7550.233s][info ][safepoint   ] Safepoint "Cleanup", Time since last: 1000133262 ns, Reaching safepoint: 73936 ns, Cleanup: 26982 ns, At safepoint: 5978 ns, Total: 106896 ns
[2025-05-09T13:25:56.367+0000][7555.956s][debug][safepoint   ] Safepoint synchronization initiated using futex wait barrier. (232 threads)
[2025-05-09T13:25:56.367+0000][7555.956s][info ][gc,start    ] GC(113) Pause Young (Normal) (G1 Evacuation Pause)
[2025-05-09T13:25:56.367+0000][7555.956s][info ][gc,task     ] GC(113) Using 4 workers of 4 for evacuation
[2025-05-09T13:25:56.395+0000][7555.984s][info ][gc,phases   ] GC(113)   Pre Evacuate Collection Set: 0.3ms
[2025-05-09T13:25:56.395+0000][7555.984s][info ][gc,phases   ] GC(113)   Merge Heap Roots: 0.2ms
[2025-05-09T13:25:56.395+0000][7555.984s][info ][gc,phases   ] GC(113)   Evacuate Collection Set: 14.4ms
[2025-05-09T13:25:56.395+0000][7555.984s][info ][gc,phases   ] GC(113)   Post Evacuate Collection Set: 13.0ms
[2025-05-09T13:25:56.395+0000][7555.984s][info ][gc,phases   ] GC(113)   Other: 0.2ms
[2025-05-09T13:25:56.395+0000][7555.984s][info ][gc,heap     ] GC(113) Eden regions: 220->0(218)
[2025-05-09T13:25:56.395+0000][7555.984s][info ][gc,heap     ] GC(113) Survivor regions: 2->3(28)
[2025-05-09T13:25:56.395+0000][7555.984s][info ][gc,heap     ] GC(113) Old regions: 200->200
[2025-05-09T13:25:56.395+0000][7555.984s][info ][gc,heap     ] GC(113) Archive regions: 2->2
[2025-05-09T13:25:56.395+0000][7555.984s][info ][gc,heap     ] GC(113) Humongous regions: 0->0
[2025-05-09T13:25:56.395+0000][7555.984s][info ][gc,metaspace] GC(113) Metaspace: 194734K(196288K)->194734K(196288K) NonClass: 171553K(172352K)->171553K(172352K) Class: 23180K(23936K)->23180K(23936K)
[2025-05-09T13:25:56.395+0000][7555.984s][info ][gc          ] GC(113) Pause Young (Normal) (G1 Evacuation Pause) 421M->202M(474M) 28.110ms
[2025-05-09T13:25:56.395+0000][7555.985s][info ][gc,cpu      ] GC(113) User=0.04s Sys=0.01s Real=0.03s
[2025-05-09T13:25:56.395+0000][7555.985s][info ][safepoint   ] Safepoint "G1CollectForAllocation", Time since last: 5723028234 ns, Reaching safepoint: 75967 ns, Cleanup: 16306 ns, At safepoint: 28420650 ns, Total: 28512923 ns
[2025-05-09T13:25:57.395+0000][7556.985s][debug][safepoint   ] Safepoint synchronization initiated using futex wait barrier. (232 threads)
[2025-05-09T13:25:57.396+0000][7556.985s][info ][safepoint   ] Safepoint "Cleanup", Time since last: 1000063020 ns, Reaching safepoint: 74992 ns, Cleanup: 8763 ns, At safepoint: 3305 ns, Total: 87060 ns
[2025-05-09T13:26:02.396+0000][7561.986s][debug][safepoint   ] Safepoint synchronization initiated using futex wait barrier. (232 threads)
[2025-05-09T13:26:02.397+0000][7561.986s][info ][safepoint   ] Safepoint "Cleanup", Time since last: 5000920204 ns, Reaching safepoint: 120725 ns, Cleanup: 16878 ns, At safepoint: 3814 ns, Total: 141417 ns
[2025-05-09T13:26:04.398+0000][7563.987s][debug][safepoint   ] Safepoint synchronization initiated using futex wait barrier. (236 threads)
[2025-05-09T13:26:04.398+0000][7563.987s][info ][safepoint   ] Safepoint "Cleanup", Time since last: 2001253537 ns, Reaching safepoint: 161533 ns, Cleanup: 45376 ns, At safepoint: 20937 ns, Total: 227846 ns
[2025-05-09T13:26:11.697+0000][7571.287s][debug][safepoint   ] Safepoint synchronization initiated using futex wait barrier. (235 threads)
[2025-05-09T13:26:11.697+0000][7571.287s][info ][safepoint   ] Safepoint "Cleanup", Time since last: 7299098228 ns, Reaching safepoint: 76190 ns, Cleanup: 18169 ns, At safepoint: 7036 ns, Total: 101395 ns
[2025-05-09T13:26:21.699+0000][7581.288s][debug][safepoint   ] Safepoint synchronization initiated using futex wait barrier. (238 threads)
[2025-05-09T13:26:21.699+0000][7581.288s][info ][safepoint   ] Safepoint "Cleanup", Time since last: 10001787290 ns, Reaching safepoint: 53251 ns, Cleanup: 26138 ns, At safepoint: 4107 ns, Total: 83496 ns
[2025-05-09T13:26:26.699+0000][7586.289s][debug][safepoint   ] Safepoint synchronization initiated using futex wait barrier. (237 threads)
[2025-05-09T13:26:26.700+0000][7586.289s][info ][safepoint   ] Safepoint "Cleanup", Time since last: 5000312160 ns, Reaching safepoint: 70068 ns, Cleanup: 11959 ns, At safepoint: 5031 ns, Total: 87058 ns
[2025-05-09T13:26:40.701+0000][7600.290s][debug][safepoint   ] Safepoint synchronization initiated using futex wait barrier. (237 threads)
[2025-05-09T13:26:40.701+0000][7600.290s][info ][safepoint   ] Safepoint "Cleanup", Time since last: 14001235043 ns, Reaching safepoint: 161121 ns, Cleanup: 24538 ns, At safepoint: 11925 ns, Total: 197584 ns
[2025-05-09T13:27:34.735+0000][7654.324s][debug][safepoint   ] Safepoint synchronization initiated using futex wait barrier. (238 threads)
[2025-05-09T13:27:34.735+0000][7654.325s][info ][safepoint   ] Safepoint "Cleanup", Time since last: 54034090658 ns, Reaching safepoint: 247410 ns, Cleanup: 74623 ns, At safepoint: 28492 ns, Total: 350525 ns
[2025-05-09T13:28:16.762+0000][7696.352s][debug][safepoint   ] Safepoint synchronization initiated using futex wait barrier. (238 threads)
[2025-05-09T13:28:16.763+0000][7696.352s][info ][safepoint   ] Safepoint "Cleanup", Time since last: 42027000639 ns, Reaching safepoint: 261560 ns, Cleanup: 44849 ns, At safepoint: 20852 ns, Total: 327261 ns
[2025-05-09T13:28:20.969+0000][7700.558s][debug][safepoint   ] Safepoint synchronization initiated using futex wait barrier. (238 threads)
[2025-05-09T13:28:20.969+0000][7700.558s][info ][gc,start    ] GC(114) Pause Young (Normal) (G1 Evacuation Pause)
[2025-05-09T13:28:20.969+0000][7700.558s][info ][gc,task     ] GC(114) Using 4 workers of 4 for evacuation
[2025-05-09T13:28:20.977+0000][7700.566s][info ][gc,phases   ] GC(114)   Pre Evacuate Collection Set: 0.6ms
[2025-05-09T13:28:20.977+0000][7700.566s][info ][gc,phases   ] GC(114)   Merge Heap Roots: 0.1ms
[2025-05-09T13:28:20.977+0000][7700.566s][info ][gc,phases   ] GC(114)   Evacuate Collection Set: 5.4ms
[2025-05-09T13:28:20.977+0000][7700.566s][info ][gc,phases   ] GC(114)   Post Evacuate Collection Set: 2.0ms
[2025-05-09T13:28:20.977+0000][7700.566s][info ][gc,phases   ] GC(114)   Other: 0.2ms
[2025-05-09T13:28:20.977+0000][7700.566s][info ][gc,heap     ] GC(114) Eden regions: 218->0(218)
[2025-05-09T13:28:20.977+0000][7700.566s][info ][gc,heap     ] GC(114) Survivor regions: 3->3(28)
[2025-05-09T13:28:20.977+0000][7700.566s][info ][gc,heap     ] GC(114) Old regions: 200->200
[2025-05-09T13:28:20.977+0000][7700.566s][info ][gc,heap     ] GC(114) Archive regions: 2->2
[2025-05-09T13:28:20.977+0000][7700.566s][info ][gc,heap     ] GC(114) Humongous regions: 0->0
[2025-05-09T13:28:20.977+0000][7700.566s][info ][gc,metaspace] GC(114) Metaspace: 194820K(196352K)->194820K(196352K) NonClass: 171634K(172416K)->171634K(172416K) Class: 23185K(23936K)->23185K(23936K)
[2025-05-09T13:28:20.977+0000][7700.566s][info ][gc          ] GC(114) Pause Young (Normal) (G1 Evacuation Pause) 420M->203M(474M) 8.448ms
[2025-05-09T13:28:20.977+0000][7700.567s][info ][gc,cpu      ] GC(114) User=0.01s Sys=0.00s Real=0.01s
[2025-05-09T13:28:20.977+0000][7700.567s][info ][safepoint   ] Safepoint "G1CollectForAllocation", Time since last: 4205787002 ns, Reaching safepoint: 66867 ns, Cleanup: 4929 ns, At safepoint: 8641149 ns, Total: 8712945 ns
[2025-05-09T13:28:27.978+0000][7707.567s][debug][safepoint   ] Safepoint synchronization initiated using futex wait barrier. (237 threads)
[2025-05-09T13:28:27.978+0000][7707.568s][info ][safepoint   ] Safepoint "Cleanup", Time since last: 7000816458 ns, Reaching safepoint: 138407 ns, Cleanup: 22041 ns, At safepoint: 16110 ns, Total: 176558 ns
[2025-05-09T13:28:30.979+0000][7710.568s][debug][safepoint   ] Safepoint synchronization initiated using futex wait barrier. (237 threads)
[2025-05-09T13:28:30.979+0000][7710.568s][info ][safepoint   ] Safepoint "Cleanup", Time since last: 3000621002 ns, Reaching safepoint: 222772 ns, Cleanup: 28896 ns, At safepoint: 19698 ns, Total: 271366 ns
[2025-05-09T13:28:39.980+0000][7719.570s][debug][safepoint   ] Safepoint synchronization initiated using futex wait barrier. (237 threads)
[2025-05-09T13:28:39.980+0000][7719.570s][info ][safepoint   ] Safepoint "Cleanup", Time since last: 9001030980 ns, Reaching safepoint: 49238 ns, Cleanup: 12669 ns, At safepoint: 4608 ns, Total: 66515 ns
[2025-05-09T13:28:52.982+0000][7732.571s][debug][safepoint   ] Safepoint synchronization initiated using futex wait barrier. (237 threads)
[2025-05-09T13:28:52.982+0000][7732.571s][info ][safepoint   ] Safepoint "Cleanup", Time since last: 13001489916 ns, Reaching safepoint: 187522 ns, Cleanup: 32324 ns, At safepoint: 20903 ns, Total: 240749 ns
[2025-05-09T13:29:06.794+0000][7746.384s][debug][safepoint   ] Safepoint synchronization initiated using futex wait barrier. (237 threads)
[2025-05-09T13:29:06.795+0000][7746.384s][info ][safepoint   ] Safepoint "Cleanup", Time since last: 13812195196 ns, Reaching safepoint: 238213 ns, Cleanup: 64551 ns, At safepoint: 24482 ns, Total: 327246 ns
[2025-05-09T13:29:08.796+0000][7748.386s][debug][safepoint   ] Safepoint synchronization initiated using futex wait barrier. (237 threads)
[2025-05-09T13:29:08.797+0000][7748.386s][info ][safepoint   ] Safepoint "Cleanup", Time since last: 2001725454 ns, Reaching safepoint: 288765 ns, Cleanup: 42872 ns, At safepoint: 24639 ns, Total: 356276 ns
[2025-05-09T13:29:16.799+0000][7756.388s][debug][safepoint   ] Safepoint synchronization initiated using futex wait barrier. (235 threads)
[2025-05-09T13:29:16.799+0000][7756.388s][info ][safepoint   ] Safepoint "Cleanup", Time since last: 8002104275 ns, Reaching safepoint: 227747 ns, Cleanup: 32227 ns, At safepoint: 28700 ns, Total: 288674 ns
[2025-05-09T13:29:38.804+0000][7778.393s][debug][safepoint   ] Safepoint synchronization initiated using futex wait barrier. (234 threads)
[2025-05-09T13:29:38.804+0000][7778.393s][info ][safepoint   ] Safepoint "Cleanup", Time since last: 22004581061 ns, Reaching safepoint: 241969 ns, Cleanup: 39511 ns, At safepoint: 24766 ns, Total: 306246 ns
[2025-05-09T13:29:40.805+0000][7780.394s][debug][safepoint   ] Safepoint synchronization initiated using futex wait barrier. (233 threads)
[2025-05-09T13:29:40.805+0000][7780.394s][info ][safepoint   ] Safepoint "Cleanup", Time since last: 2000758754 ns, Reaching safepoint: 215180 ns, Cleanup: 33777 ns, At safepoint: 20946 ns, Total: 269903 ns
[2025-05-09T13:29:41.806+0000][7781.395s][debug][safepoint   ] Safepoint synchronization initiated using futex wait barrier. (233 threads)
[2025-05-09T13:29:41.806+0000][7781.395s][info ][safepoint   ] Safepoint "Cleanup", Time since last: 1000877881 ns, Reaching safepoint: 255427 ns, Cleanup: 67725 ns, At safepoint: 29584 ns, Total: 352736 ns
[2025-05-09T13:30:12.833+0000][7812.423s][debug][safepoint   ] Safepoint synchronization initiated using futex wait barrier. (233 threads)
[2025-05-09T13:30:12.834+0000][7812.423s][info ][safepoint   ] Safepoint "Cleanup", Time since last: 31027292805 ns, Reaching safepoint: 85860 ns, Cleanup: 10786 ns, At safepoint: 7587 ns, Total: 104233 ns
[2025-05-09T13:30:16.834+0000][7816.423s][debug][safepoint   ] Safepoint synchronization initiated using futex wait barrier. (233 threads)
[2025-05-09T13:30:16.834+0000][7816.423s][info ][safepoint   ] Safepoint "Cleanup", Time since last: 4000486740 ns, Reaching safepoint: 126490 ns, Cleanup: 14538 ns, At safepoint: 9545 ns, Total: 150573 ns
[2025-05-09T13:30:52.456+0000][7852.045s][debug][safepoint   ] Safepoint synchronization initiated using futex wait barrier. (232 threads)
[2025-05-09T13:30:52.456+0000][7852.045s][info ][gc,start    ] GC(115) Pause Young (Normal) (G1 Evacuation Pause)
[2025-05-09T13:30:52.456+0000][7852.045s][info ][gc,task     ] GC(115) Using 4 workers of 4 for evacuation
[2025-05-09T13:30:52.481+0000][7852.070s][info ][gc,phases   ] GC(115)   Pre Evacuate Collection Set: 0.5ms
[2025-05-09T13:30:52.481+0000][7852.070s][info ][gc,phases   ] GC(115)   Merge Heap Roots: 0.3ms
[2025-05-09T13:30:52.481+0000][7852.070s][info ][gc,phases   ] GC(115)   Evacuate Collection Set: 15.8ms
[2025-05-09T13:30:52.481+0000][7852.070s][info ][gc,phases   ] GC(115)   Post Evacuate Collection Set: 7.7ms
[2025-05-09T13:30:52.481+0000][7852.070s][info ][gc,phases   ] GC(115)   Other: 0.5ms
[2025-05-09T13:30:52.481+0000][7852.070s][info ][gc,heap     ] GC(115) Eden regions: 218->0(218)
[2025-05-09T13:30:52.481+0000][7852.070s][info ][gc,heap     ] GC(115) Survivor regions: 3->3(28)
[2025-05-09T13:30:52.481+0000][7852.070s][info ][gc,heap     ] GC(115) Old regions: 200->200
[2025-05-09T13:30:52.481+0000][7852.071s][info ][gc,heap     ] GC(115) Archive regions: 2->2
[2025-05-09T13:30:52.481+0000][7852.071s][info ][gc,heap     ] GC(115) Humongous regions: 0->0
[2025-05-09T13:30:52.481+0000][7852.071s][info ][gc,metaspace] GC(115) Metaspace: 194851K(196416K)->194851K(196416K) NonClass: 171665K(172480K)->171665K(172480K) Class: 23185K(23936K)->23185K(23936K)
[2025-05-09T13:30:52.481+0000][7852.071s][info ][gc          ] GC(115) Pause Young (Normal) (G1 Evacuation Pause) 421M->202M(474M) 25.487ms
[2025-05-09T13:30:52.482+0000][7852.071s][info ][gc,cpu      ] GC(115) User=0.06s Sys=0.01s Real=0.02s
[2025-05-09T13:30:52.483+0000][7852.072s][info ][safepoint   ] Safepoint "G1CollectForAllocation", Time since last: 35621496012 ns, Reaching safepoint: 176357 ns, Cleanup: 12044 ns, At safepoint: 27072759 ns, Total: 27261160 ns
[2025-05-09T13:31:08.867+0000][7868.457s][debug][safepoint   ] Safepoint synchronization initiated using futex wait barrier. (232 threads)
[2025-05-09T13:31:08.867+0000][7868.457s][info ][safepoint   ] Safepoint "Cleanup", Time since last: 16384395255 ns, Reaching safepoint: 62632 ns, Cleanup: 11241 ns, At safepoint: 4093 ns, Total: 77966 ns
[2025-05-09T13:31:16.868+0000][7876.458s][debug][safepoint   ] Safepoint synchronization initiated using futex wait barrier. (232 threads)
[2025-05-09T13:31:16.868+0000][7876.458s][info ][safepoint   ] Safepoint "Cleanup", Time since last: 8000820154 ns, Reaching safepoint: 144983 ns, Cleanup: 56427 ns, At safepoint: 15404 ns, Total: 216814 ns
[2025-05-09T13:31:18.869+0000][7878.458s][debug][safepoint   ] Safepoint synchronization initiated using futex wait barrier. (232 threads)
[2025-05-09T13:31:18.869+0000][7878.458s][info ][safepoint   ] Safepoint "Cleanup", Time since last: 2000265150 ns, Reaching safepoint: 135247 ns, Cleanup: 33664 ns, At safepoint: 16515 ns, Total: 185426 ns
[2025-05-09T13:31:21.869+0000][7881.459s][debug][safepoint   ] Safepoint synchronization initiated using futex wait barrier. (232 threads)
[2025-05-09T13:31:21.869+0000][7881.459s][info ][safepoint   ] Safepoint "Cleanup", Time since last: 3000385252 ns, Reaching safepoint: 59026 ns, Cleanup: 13643 ns, At safepoint: 5307 ns, Total: 77976 ns
[2025-05-09T13:31:37.871+0000][7897.461s][debug][safepoint   ] Safepoint synchronization initiated using futex wait barrier. (234 threads)
[2025-05-09T13:31:37.871+0000][7897.461s][info ][safepoint   ] Safepoint "Cleanup", Time since last: 16001995739 ns, Reaching safepoint: 71805 ns, Cleanup: 32307 ns, At safepoint: 18627 ns, Total: 122739 ns
[2025-05-09T13:31:38.872+0000][7898.461s][debug][safepoint   ] Safepoint synchronization initiated using futex wait barrier. (235 threads)
[2025-05-09T13:31:38.872+0000][7898.461s][info ][safepoint   ] Safepoint "Cleanup", Time since last: 1000110296 ns, Reaching safepoint: 83180 ns, Cleanup: 12176 ns, At safepoint: 16931 ns, Total: 112287 ns
[2025-05-09T13:32:41.908+0000][7961.497s][debug][safepoint   ] Safepoint synchronization initiated using futex wait barrier. (231 threads)
[2025-05-09T13:32:41.908+0000][7961.498s][info ][safepoint   ] Safepoint "Cleanup", Time since last: 63036282227 ns, Reaching safepoint: 235540 ns, Cleanup: 30615 ns, At safepoint: 47770 ns, Total: 313925 ns
[2025-05-09T13:33:05.913+0000][7985.502s][debug][safepoint   ] Safepoint synchronization initiated using futex wait barrier. (231 threads)
[2025-05-09T13:33:05.913+0000][7985.502s][info ][safepoint   ] Safepoint "Cleanup", Time since last: 24004410373 ns, Reaching safepoint: 354076 ns, Cleanup: 37773 ns, At safepoint: 33685 ns, Total: 425534 ns
[2025-05-09T13:33:11.934+0000][7991.523s][debug][safepoint   ] Safepoint synchronization initiated using futex wait barrier. (231 threads)
[2025-05-09T13:33:11.934+0000][7991.523s][info ][safepoint   ] Safepoint "Cleanup", Time since last: 6020519750 ns, Reaching safepoint: 193069 ns, Cleanup: 28957 ns, At safepoint: 16217 ns, Total: 238243 ns
[2025-05-09T13:33:16.087+0000][7995.676s][debug][safepoint   ] Safepoint synchronization initiated using futex wait barrier. (230 threads)
[2025-05-09T13:33:16.087+0000][7995.677s][info ][gc,start    ] GC(116) Pause Young (Normal) (G1 Evacuation Pause)
[2025-05-09T13:33:16.087+0000][7995.677s][info ][gc,task     ] GC(116) Using 4 workers of 4 for evacuation
[2025-05-09T13:33:16.121+0000][7995.711s][info ][gc,phases   ] GC(116)   Pre Evacuate Collection Set: 0.6ms
[2025-05-09T13:33:16.122+0000][7995.711s][info ][gc,phases   ] GC(116)   Merge Heap Roots: 0.5ms
[2025-05-09T13:33:16.122+0000][7995.711s][info ][gc,phases   ] GC(116)   Evacuate Collection Set: 20.5ms
[2025-05-09T13:33:16.122+0000][7995.711s][info ][gc,phases   ] GC(116)   Post Evacuate Collection Set: 11.8ms
[2025-05-09T13:33:16.122+0000][7995.711s][info ][gc,phases   ] GC(116)   Other: 0.7ms
[2025-05-09T13:33:16.122+0000][7995.711s][info ][gc,heap     ] GC(116) Eden regions: 218->0(218)
[2025-05-09T13:33:16.122+0000][7995.711s][info ][gc,heap     ] GC(116) Survivor regions: 3->3(28)
[2025-05-09T13:33:16.122+0000][7995.711s][info ][gc,heap     ] GC(116) Old regions: 200->200
[2025-05-09T13:33:16.122+0000][7995.711s][info ][gc,heap     ] GC(116) Archive regions: 2->2
[2025-05-09T13:33:16.122+0000][7995.711s][info ][gc,heap     ] GC(116) Humongous regions: 1->0
[2025-05-09T13:33:16.122+0000][7995.712s][info ][gc,metaspace] GC(116) Metaspace: 195053K(196544K)->195053K(196544K) NonClass: 171866K(172608K)->171866K(172608K) Class: 23186K(23936K)->23186K(23936K)
[2025-05-09T13:33:16.123+0000][7995.712s][info ][gc          ] GC(116) Pause Young (Normal) (G1 Evacuation Pause) 421M->203M(474M) 35.274ms
[2025-05-09T13:33:16.123+0000][7995.712s][info ][gc,cpu      ] GC(116) User=0.07s Sys=0.00s Real=0.03s
[2025-05-09T13:33:16.124+0000][7995.713s][info ][safepoint   ] Safepoint "G1CollectForAllocation", Time since last: 4153066085 ns, Reaching safepoint: 172109 ns, Cleanup: 12477 ns, At safepoint: 36787870 ns, Total: 36972456 ns
[2025-05-09T13:33:25.125+0000][8004.715s][debug][safepoint   ] Safepoint synchronization initiated using futex wait barrier. (233 threads)
[2025-05-09T13:33:25.126+0000][8004.715s][info ][safepoint   ] Safepoint "Cleanup", Time since last: 9001462345 ns, Reaching safepoint: 136915 ns, Cleanup: 38094 ns, At safepoint: 9830 ns, Total: 184839 ns
[2025-05-09T13:33:26.126+0000][8005.715s][debug][safepoint   ] Safepoint synchronization initiated using futex wait barrier. (233 threads)
[2025-05-09T13:33:26.126+0000][8005.715s][info ][safepoint   ] Safepoint "Cleanup", Time since last: 1000107207 ns, Reaching safepoint: 56769 ns, Cleanup: 32439 ns, At safepoint: 7485 ns, Total: 96693 ns
[2025-05-09T13:33:32.127+0000][8011.716s][debug][safepoint   ] Safepoint synchronization initiated using futex wait barrier. (235 threads)
[2025-05-09T13:33:32.127+0000][8011.716s][info ][safepoint   ] Safepoint "Cleanup", Time since last: 6000978350 ns, Reaching safepoint: 151557 ns, Cleanup: 55440 ns, At safepoint: 27551 ns, Total: 234548 ns
[2025-05-09T13:33:33.127+0000][8012.716s][debug][safepoint   ] Safepoint synchronization initiated using futex wait barrier. (240 threads)
[2025-05-09T13:33:33.127+0000][8012.716s][info ][safepoint   ] Safepoint "Cleanup", Time since last: 1000099834 ns, Reaching safepoint: 68872 ns, Cleanup: 16489 ns, At safepoint: 5167 ns, Total: 90528 ns
[2025-05-09T13:33:34.127+0000][8013.717s][debug][safepoint   ] Safepoint synchronization initiated using futex wait barrier. (240 threads)
[2025-05-09T13:33:34.127+0000][8013.717s][info ][safepoint   ] Safepoint "Cleanup", Time since last: 1000116698 ns, Reaching safepoint: 45786 ns, Cleanup: 11050 ns, At safepoint: 3803 ns, Total: 60639 ns
[2025-05-09T13:33:38.128+0000][8017.717s][debug][safepoint   ] Safepoint synchronization initiated using futex wait barrier. (240 threads)
[2025-05-09T13:33:38.128+0000][8017.717s][info ][safepoint   ] Safepoint "Cleanup", Time since last: 4000398268 ns, Reaching safepoint: 66210 ns, Cleanup: 19853 ns, At safepoint: 6610 ns, Total: 92673 ns
[2025-05-09T13:33:41.128+0000][8020.718s][debug][safepoint   ] Safepoint synchronization initiated using futex wait barrier. (241 threads)
[2025-05-09T13:33:41.128+0000][8020.718s][info ][safepoint   ] Safepoint "Cleanup", Time since last: 3000367359 ns, Reaching safepoint: 138023 ns, Cleanup: 49920 ns, At safepoint: 16498 ns, Total: 204441 ns
[2025-05-09T13:33:42.129+0000][8021.718s][debug][safepoint   ] Safepoint synchronization initiated using futex wait barrier. (241 threads)
[2025-05-09T13:33:42.129+0000][8021.718s][info ][safepoint   ] Safepoint "Cleanup", Time since last: 1000159107 ns, Reaching safepoint: 170788 ns, Cleanup: 39605 ns, At safepoint: 18802 ns, Total: 229195 ns
[2025-05-09T13:33:49.130+0000][8028.719s][debug][safepoint   ] Safepoint synchronization initiated using futex wait barrier. (241 threads)
[2025-05-09T13:33:49.130+0000][8028.719s][info ][safepoint   ] Safepoint "Cleanup", Time since last: 7000835275 ns, Reaching safepoint: 217542 ns, Cleanup: 35254 ns, At safepoint: 25680 ns, Total: 278476 ns
[2025-05-09T13:33:50.130+0000][8029.719s][debug][safepoint   ] Safepoint synchronization initiated using futex wait barrier. (241 threads)
[2025-05-09T13:33:50.130+0000][8029.720s][info ][safepoint   ] Safepoint "Cleanup", Time since last: 1000221857 ns, Reaching safepoint: 210825 ns, Cleanup: 58019 ns, At safepoint: 26781 ns, Total: 295625 ns
[2025-05-09T13:33:51.131+0000][8030.720s][debug][safepoint   ] Safepoint synchronization initiated using futex wait barrier. (244 threads)
[2025-05-09T13:33:51.131+0000][8030.720s][info ][safepoint   ] Safepoint "Cleanup", Time since last: 1000164273 ns, Reaching safepoint: 102788 ns, Cleanup: 125218 ns, At safepoint: 165493 ns, Total: 393499 ns
[2025-05-09T13:34:04.133+0000][8043.722s][debug][safepoint   ] Safepoint synchronization initiated using futex wait barrier. (245 threads)
[2025-05-09T13:34:04.133+0000][8043.722s][info ][safepoint   ] Safepoint "Cleanup", Time since last: 13001748046 ns, Reaching safepoint: 211173 ns, Cleanup: 39882 ns, At safepoint: 21250 ns, Total: 272305 ns
[2025-05-09T13:34:07.972+0000][8047.561s][debug][safepoint   ] Safepoint synchronization initiated using futex wait barrier. (245 threads)
[2025-05-09T13:34:07.972+0000][8047.561s][info ][safepoint   ] Safepoint "Cleanup", Time since last: 3838826264 ns, Reaching safepoint: 58472 ns, Cleanup: 15621 ns, At safepoint: 6158 ns, Total: 80251 ns
[2025-05-09T13:34:13.973+0000][8053.562s][debug][safepoint   ] Safepoint synchronization initiated using futex wait barrier. (245 threads)
[2025-05-09T13:34:13.973+0000][8053.562s][info ][safepoint   ] Safepoint "Cleanup", Time since last: 6000676191 ns, Reaching safepoint: 130771 ns, Cleanup: 18014 ns, At safepoint: 6865 ns, Total: 155650 ns
[2025-05-09T13:34:16.973+0000][8056.562s][debug][safepoint   ] Safepoint synchronization initiated using futex wait barrier. (245 threads)
[2025-05-09T13:34:16.973+0000][8056.563s][info ][safepoint   ] Safepoint "Cleanup", Time since last: 3000364859 ns, Reaching safepoint: 72312 ns, Cleanup: 14542 ns, At safepoint: 8327 ns, Total: 95181 ns
[2025-05-09T13:34:18.974+0000][8058.563s][debug][safepoint   ] Safepoint synchronization initiated using futex wait barrier. (245 threads)
[2025-05-09T13:34:18.974+0000][8058.563s][info ][safepoint   ] Safepoint "Cleanup", Time since last: 2000353793 ns, Reaching safepoint: 115195 ns, Cleanup: 18724 ns, At safepoint: 12403 ns, Total: 146322 ns
[2025-05-09T13:34:20.974+0000][8060.563s][debug][safepoint   ] Safepoint synchronization initiated using futex wait barrier. (245 threads)
[2025-05-09T13:34:20.974+0000][8060.564s][info ][safepoint   ] Safepoint "Cleanup", Time since last: 2000317110 ns, Reaching safepoint: 185508 ns, Cleanup: 29105 ns, At safepoint: 24726 ns, Total: 239339 ns
[2025-05-09T13:34:22.975+0000][8062.564s][debug][safepoint   ] Safepoint synchronization initiated using futex wait barrier. (245 threads)
[2025-05-09T13:34:22.975+0000][8062.564s][info ][safepoint   ] Safepoint "Cleanup", Time since last: 2000306409 ns, Reaching safepoint: 77188 ns, Cleanup: 14812 ns, At safepoint: 6925 ns, Total: 98925 ns
[2025-05-09T13:34:23.975+0000][8063.564s][debug][safepoint   ] Safepoint synchronization initiated using futex wait barrier. (245 threads)
[2025-05-09T13:34:23.975+0000][8063.564s][info ][safepoint   ] Safepoint "Cleanup", Time since last: 1000140781 ns, Reaching safepoint: 131153 ns, Cleanup: 38954 ns, At safepoint: 15598 ns, Total: 185705 ns
[2025-05-09T13:34:24.975+0000][8064.564s][debug][safepoint   ] Safepoint synchronization initiated using futex wait barrier. (243 threads)
[2025-05-09T13:34:24.975+0000][8064.565s][info ][safepoint   ] Safepoint "Cleanup", Time since last: 1000171162 ns, Reaching safepoint: 226503 ns, Cleanup: 36407 ns, At safepoint: 48618 ns, Total: 311528 ns
[2025-05-09T13:34:26.976+0000][8066.565s][debug][safepoint   ] Safepoint synchronization initiated using futex wait barrier. (243 threads)
[2025-05-09T13:34:26.976+0000][8066.565s][info ][safepoint   ] Safepoint "Cleanup", Time since last: 2000316674 ns, Reaching safepoint: 134211 ns, Cleanup: 22157 ns, At safepoint: 14635 ns, Total: 171003 ns
[2025-05-09T13:34:28.976+0000][8068.566s][debug][safepoint   ] Safepoint synchronization initiated using futex wait barrier. (243 threads)
[2025-05-09T13:34:28.976+0000][8068.566s][info ][safepoint   ] Safepoint "Cleanup", Time since last: 2000239459 ns, Reaching safepoint: 179665 ns, Cleanup: 31314 ns, At safepoint: 20241 ns, Total: 231220 ns
[2025-05-09T13:34:29.977+0000][8069.566s][debug][safepoint   ] Safepoint synchronization initiated using futex wait barrier. (243 threads)
[2025-05-09T13:34:29.977+0000][8069.566s][info ][safepoint   ] Safepoint "Cleanup", Time since last: 1000244787 ns, Reaching safepoint: 166495 ns, Cleanup: 28982 ns, At safepoint: 20406 ns, Total: 215883 ns
[2025-05-09T13:34:34.978+0000][8074.567s][debug][safepoint   ] Safepoint synchronization initiated using futex wait barrier. (241 threads)
[2025-05-09T13:34:34.978+0000][8074.567s][info ][safepoint   ] Safepoint "Cleanup", Time since last: 5000620451 ns, Reaching safepoint: 179583 ns, Cleanup: 30533 ns, At safepoint: 20087 ns, Total: 230203 ns
[2025-05-09T13:34:48.979+0000][8088.569s][debug][safepoint   ] Safepoint synchronization initiated using futex wait barrier. (243 threads)
[2025-05-09T13:34:48.980+0000][8088.569s][info ][safepoint   ] Safepoint "Cleanup", Time since last: 14001727353 ns, Reaching safepoint: 175242 ns, Cleanup: 18665 ns, At safepoint: 65127 ns, Total: 259034 ns
[2025-05-09T13:34:49.980+0000][8089.569s][debug][safepoint   ] Safepoint synchronization initiated using futex wait barrier. (243 threads)
[2025-05-09T13:34:49.980+0000][8089.569s][info ][safepoint   ] Safepoint "Cleanup", Time since last: 1000137995 ns, Reaching safepoint: 107563 ns, Cleanup: 17160 ns, At safepoint: 5651 ns, Total: 130374 ns
[2025-05-09T13:35:15.860+0000][8115.449s][debug][safepoint   ] Safepoint synchronization initiated using futex wait barrier. (243 threads)
[2025-05-09T13:35:15.861+0000][8115.450s][info ][gc,start    ] GC(117) Pause Young (Normal) (G1 Evacuation Pause)
[2025-05-09T13:35:15.861+0000][8115.450s][info ][gc,task     ] GC(117) Using 4 workers of 4 for evacuation
[2025-05-09T13:35:15.875+0000][8115.464s][info ][gc,phases   ] GC(117)   Pre Evacuate Collection Set: 0.4ms
[2025-05-09T13:35:15.875+0000][8115.464s][info ][gc,phases   ] GC(117)   Merge Heap Roots: 0.2ms
[2025-05-09T13:35:15.875+0000][8115.464s][info ][gc,phases   ] GC(117)   Evacuate Collection Set: 9.3ms
[2025-05-09T13:35:15.875+0000][8115.464s][info ][gc,phases   ] GC(117)   Post Evacuate Collection Set: 3.9ms
[2025-05-09T13:35:15.875+0000][8115.464s][info ][gc,phases   ] GC(117)   Other: 0.6ms
[2025-05-09T13:35:15.875+0000][8115.464s][info ][gc,heap     ] GC(117) Eden regions: 218->0(216)
[2025-05-09T13:35:15.875+0000][8115.464s][info ][gc,heap     ] GC(117) Survivor regions: 3->4(28)
[2025-05-09T13:35:15.875+0000][8115.464s][info ][gc,heap     ] GC(117) Old regions: 200->200
[2025-05-09T13:35:15.875+0000][8115.464s][info ][gc,heap     ] GC(117) Archive regions: 2->2
[2025-05-09T13:35:15.875+0000][8115.464s][info ][gc,heap     ] GC(117) Humongous regions: 0->0
[2025-05-09T13:35:15.875+0000][8115.464s][info ][gc,metaspace] GC(117) Metaspace: 195310K(196864K)->195310K(196864K) NonClass: 172092K(172864K)->172092K(172864K) Class: 23218K(24000K)->23218K(24000K)
[2025-05-09T13:35:15.875+0000][8115.464s][info ][gc          ] GC(117) Pause Young (Normal) (G1 Evacuation Pause) 421M->203M(474M) 14.353ms
[2025-05-09T13:35:15.875+0000][8115.464s][info ][gc,cpu      ] GC(117) User=0.02s Sys=0.00s Real=0.02s
[2025-05-09T13:35:15.876+0000][8115.465s][info ][safepoint   ] Safepoint "G1CollectForAllocation", Time since last: 25880052181 ns, Reaching safepoint: 282422 ns, Cleanup: 51835 ns, At safepoint: 15231511 ns, Total: 15565768 ns
[2025-05-09T13:35:17.877+0000][8117.466s][debug][safepoint   ] Safepoint synchronization initiated using futex wait barrier. (243 threads)
[2025-05-09T13:35:17.877+0000][8117.466s][info ][safepoint   ] Safepoint "Cleanup", Time since last: 2000932343 ns, Reaching safepoint: 297757 ns, Cleanup: 55210 ns, At safepoint: 27441 ns, Total: 380408 ns
[2025-05-09T13:35:20.877+0000][8120.467s][debug][safepoint   ] Safepoint synchronization initiated using futex wait barrier. (243 threads)
[2025-05-09T13:35:20.877+0000][8120.467s][info ][safepoint   ] Safepoint "Cleanup", Time since last: 3000362453 ns, Reaching safepoint: 76365 ns, Cleanup: 11249 ns, At safepoint: 7668 ns, Total: 95282 ns
[2025-05-09T13:35:21.877+0000][8121.467s][debug][safepoint   ] Safepoint synchronization initiated using futex wait barrier. (243 threads)
[2025-05-09T13:35:21.878+0000][8121.467s][info ][safepoint   ] Safepoint "Cleanup", Time since last: 1000084183 ns, Reaching safepoint: 54855 ns, Cleanup: 13614 ns, At safepoint: 6355 ns, Total: 74824 ns
[2025-05-09T13:35:39.879+0000][8139.468s][debug][safepoint   ] Safepoint synchronization initiated using futex wait barrier. (243 threads)
[2025-05-09T13:35:39.879+0000][8139.469s][info ][safepoint   ] Safepoint "Cleanup", Time since last: 18001592820 ns, Reaching safepoint: 220111 ns, Cleanup: 44057 ns, At safepoint: 22641 ns, Total: 286809 ns
[2025-05-09T13:35:49.881+0000][8149.471s][debug][safepoint   ] Safepoint synchronization initiated using futex wait barrier. (240 threads)
[2025-05-09T13:35:49.881+0000][8149.471s][info ][safepoint   ] Safepoint "Cleanup", Time since last: 10001903758 ns, Reaching safepoint: 87715 ns, Cleanup: 15400 ns, At safepoint: 9826 ns, Total: 112941 ns
[2025-05-09T13:35:50.882+0000][8150.471s][debug][safepoint   ] Safepoint synchronization initiated using futex wait barrier. (240 threads)
[2025-05-09T13:35:50.882+0000][8150.471s][info ][safepoint   ] Safepoint "Cleanup", Time since last: 1000153336 ns, Reaching safepoint: 164168 ns, Cleanup: 26944 ns, At safepoint: 11056 ns, Total: 202168 ns
[2025-05-09T13:36:12.033+0000][8171.622s][debug][safepoint   ] Safepoint synchronization initiated using futex wait barrier. (240 threads)
[2025-05-09T13:36:12.033+0000][8171.622s][info ][safepoint   ] Safepoint "Cleanup", Time since last: 21151209681 ns, Reaching safepoint: 58762 ns, Cleanup: 11968 ns, At safepoint: 3652 ns, Total: 74382 ns
[2025-05-09T13:37:36.073+0000][8255.662s][debug][safepoint   ] Safepoint synchronization initiated using futex wait barrier. (239 threads)
[2025-05-09T13:37:36.073+0000][8255.662s][info ][safepoint   ] Safepoint "Cleanup", Time since last: 84039423619 ns, Reaching safepoint: 53278 ns, Cleanup: 19396 ns, At safepoint: 3833 ns, Total: 76507 ns
[2025-05-09T13:37:39.385+0000][8258.974s][debug][safepoint   ] Safepoint synchronization initiated using futex wait barrier. (239 threads)
[2025-05-09T13:37:39.385+0000][8258.974s][info ][gc,start    ] GC(118) Pause Young (Normal) (G1 Evacuation Pause)
[2025-05-09T13:37:39.385+0000][8258.974s][info ][gc,task     ] GC(118) Using 4 workers of 4 for evacuation
[2025-05-09T13:37:39.403+0000][8258.992s][info ][gc,phases   ] GC(118)   Pre Evacuate Collection Set: 0.3ms
[2025-05-09T13:37:39.403+0000][8258.992s][info ][gc,phases   ] GC(118)   Merge Heap Roots: 0.2ms
[2025-05-09T13:37:39.403+0000][8258.992s][info ][gc,phases   ] GC(118)   Evacuate Collection Set: 10.9ms
[2025-05-09T13:37:39.403+0000][8258.992s][info ][gc,phases   ] GC(118)   Post Evacuate Collection Set: 6.2ms
[2025-05-09T13:37:39.403+0000][8258.992s][info ][gc,phases   ] GC(118)   Other: 0.3ms
[2025-05-09T13:37:39.403+0000][8258.992s][info ][gc,heap     ] GC(118) Eden regions: 216->0(216)
[2025-05-09T13:37:39.403+0000][8258.992s][info ][gc,heap     ] GC(118) Survivor regions: 4->4(28)
[2025-05-09T13:37:39.403+0000][8258.992s][info ][gc,heap     ] GC(118) Old regions: 200->200
[2025-05-09T13:37:39.403+0000][8258.992s][info ][gc,heap     ] GC(118) Archive regions: 2->2
[2025-05-09T13:37:39.403+0000][8258.992s][info ][gc,heap     ] GC(118) Humongous regions: 0->0
[2025-05-09T13:37:39.403+0000][8258.992s][info ][gc,metaspace] GC(118) Metaspace: 195321K(196864K)->195321K(196864K) NonClass: 172103K(172864K)->172103K(172864K) Class: 23218K(24000K)->23218K(24000K)
[2025-05-09T13:37:39.403+0000][8258.992s][info ][gc          ] GC(118) Pause Young (Normal) (G1 Evacuation Pause) 419M->203M(474M) 18.074ms
[2025-05-09T13:37:39.403+0000][8258.992s][info ][gc,cpu      ] GC(118) User=0.02s Sys=0.00s Real=0.01s
[2025-05-09T13:37:39.403+0000][8258.993s][info ][safepoint   ] Safepoint "G1CollectForAllocation", Time since last: 3312265864 ns, Reaching safepoint: 77253 ns, Cleanup: 4380 ns, At safepoint: 18455985 ns, Total: 18537618 ns
[2025-05-09T13:38:25.106+0000][8304.695s][debug][safepoint   ] Safepoint synchronization initiated using futex wait barrier. (239 threads)
[2025-05-09T13:38:25.107+0000][8304.696s][info ][safepoint   ] Safepoint "Cleanup", Time since last: 45702585143 ns, Reaching safepoint: 426189 ns, Cleanup: 175776 ns, At safepoint: 63176 ns, Total: 665141 ns
[2025-05-09T13:38:26.107+0000][8305.696s][debug][safepoint   ] Safepoint synchronization initiated using futex wait barrier. (239 threads)
[2025-05-09T13:38:26.107+0000][8305.696s][info ][safepoint   ] Safepoint "Cleanup", Time since last: 1000247066 ns, Reaching safepoint: 79407 ns, Cleanup: 15194 ns, At safepoint: 6373 ns, Total: 100974 ns
[2025-05-09T13:39:03.113+0000][8342.702s][debug][safepoint   ] Safepoint synchronization initiated using futex wait barrier. (235 threads)
[2025-05-09T13:39:03.113+0000][8342.702s][info ][safepoint   ] Safepoint "Cleanup", Time since last: 37005512407 ns, Reaching safepoint: 258565 ns, Cleanup: 40932 ns, At safepoint: 26652 ns, Total: 326149 ns
[2025-05-09T13:39:27.911+0000][8367.501s][debug][safepoint   ] Safepoint synchronization initiated using futex wait barrier. (238 threads)
[2025-05-09T13:39:27.911+0000][8367.501s][info ][safepoint   ] Safepoint "Cleanup", Time since last: 24798518271 ns, Reaching safepoint: 65082 ns, Cleanup: 10235 ns, At safepoint: 6345 ns, Total: 81662 ns
[2025-05-09T13:39:28.912+0000][8368.501s][debug][safepoint   ] Safepoint synchronization initiated using futex wait barrier. (238 threads)
[2025-05-09T13:39:28.912+0000][8368.501s][info ][safepoint   ] Safepoint "Cleanup", Time since last: 1000160205 ns, Reaching safepoint: 242440 ns, Cleanup: 219903 ns, At safepoint: 66456 ns, Total: 528799 ns
[2025-05-09T13:39:29.916+0000][8369.505s][debug][safepoint   ] Safepoint synchronization initiated using futex wait barrier. (237 threads)
[2025-05-09T13:39:29.916+0000][8369.505s][debug][safepoint   ] ... found polling page loop exception at pc = 0x00007b2ad8fc723e, stub =0x00007b2ad898e400
[2025-05-09T13:39:29.924+0000][8369.514s][info ][safepoint   ] Safepoint "Cleanup", Time since last: 1003546180 ns, Reaching safepoint: 3381220 ns, Cleanup: 42742 ns, At safepoint: 5152041 ns, Total: 8576003 ns
[2025-05-09T13:39:30.657+0000][8370.247s][debug][safepoint   ] Safepoint synchronization initiated using futex wait barrier. (237 threads)
[2025-05-09T13:39:30.657+0000][8370.247s][info ][gc,start    ] GC(119) Pause Young (Normal) (G1 Evacuation Pause)
[2025-05-09T13:39:30.657+0000][8370.247s][info ][gc,task     ] GC(119) Using 4 workers of 4 for evacuation
[2025-05-09T13:39:30.664+0000][8370.254s][info ][gc,phases   ] GC(119)   Pre Evacuate Collection Set: 0.2ms
[2025-05-09T13:39:30.664+0000][8370.254s][info ][gc,phases   ] GC(119)   Merge Heap Roots: 0.1ms
[2025-05-09T13:39:30.664+0000][8370.254s][info ][gc,phases   ] GC(119)   Evacuate Collection Set: 4.6ms
[2025-05-09T13:39:30.664+0000][8370.254s][info ][gc,phases   ] GC(119)   Post Evacuate Collection Set: 1.9ms
[2025-05-09T13:39:30.664+0000][8370.254s][info ][gc,phases   ] GC(119)   Other: 0.2ms
[2025-05-09T13:39:30.664+0000][8370.254s][info ][gc,heap     ] GC(119) Eden regions: 216->0(216)
[2025-05-09T13:39:30.664+0000][8370.254s][info ][gc,heap     ] GC(119) Survivor regions: 4->4(28)
[2025-05-09T13:39:30.664+0000][8370.254s][info ][gc,heap     ] GC(119) Old regions: 200->200
[2025-05-09T13:39:30.664+0000][8370.254s][info ][gc,heap     ] GC(119) Archive regions: 2->2
[2025-05-09T13:39:30.665+0000][8370.254s][info ][gc,heap     ] GC(119) Humongous regions: 7->0
[2025-05-09T13:39:30.665+0000][8370.254s][info ][gc,metaspace] GC(119) Metaspace: 195446K(196992K)->195446K(196992K) NonClass: 172212K(172992K)->172212K(172992K) Class: 23233K(24000K)->23233K(24000K)
[2025-05-09T13:39:30.665+0000][8370.254s][info ][gc          ] GC(119) Pause Young (Normal) (G1 Evacuation Pause) 426M->203M(474M) 7.059ms
[2025-05-09T13:39:30.665+0000][8370.254s][info ][gc,cpu      ] GC(119) User=0.02s Sys=0.00s Real=0.01s
[2025-05-09T13:39:30.665+0000][8370.255s][info ][safepoint   ] Safepoint "G1CollectForAllocation", Time since last: 733044368 ns, Reaching safepoint: 112904 ns, Cleanup: 19956 ns, At safepoint: 8061355 ns, Total: 8194215 ns
[2025-05-09T13:39:31.668+0000][8371.257s][debug][safepoint   ] Safepoint synchronization initiated using futex wait barrier. (238 threads)
[2025-05-09T13:39:31.668+0000][8371.257s][debug][safepoint   ] ... found polling page loop exception at pc = 0x00007b2ad91bf4be, stub =0x00007b2ad898e400
[2025-05-09T13:39:31.674+0000][8371.263s][info ][safepoint   ] Safepoint "Cleanup", Time since last: 1002181304 ns, Reaching safepoint: 358687 ns, Cleanup: 19059 ns, At safepoint: 5540727 ns, Total: 5918473 ns
[2025-05-09T13:39:32.674+0000][8372.263s][debug][safepoint   ] Safepoint synchronization initiated using futex wait barrier. (238 threads)
[2025-05-09T13:39:32.674+0000][8372.264s][info ][safepoint   ] Safepoint "Cleanup", Time since last: 1000239442 ns, Reaching safepoint: 361775 ns, Cleanup: 138552 ns, At safepoint: 73742 ns, Total: 574069 ns
[2025-05-09T13:39:59.679+0000][8399.268s][debug][safepoint   ] Safepoint synchronization initiated using futex wait barrier. (238 threads)
[2025-05-09T13:39:59.679+0000][8399.268s][info ][safepoint   ] Safepoint "Cleanup", Time since last: 27004181984 ns, Reaching safepoint: 133501 ns, Cleanup: 38190 ns, At safepoint: 9997 ns, Total: 181688 ns
[2025-05-09T13:40:02.679+0000][8402.268s][debug][safepoint   ] Safepoint synchronization initiated using futex wait barrier. (239 threads)
[2025-05-09T13:40:02.679+0000][8402.269s][info ][safepoint   ] Safepoint "Cleanup", Time since last: 3000379579 ns, Reaching safepoint: 122387 ns, Cleanup: 28937 ns, At safepoint: 8468 ns, Total: 159792 ns
[2025-05-09T13:40:10.182+0000][8409.771s][debug][safepoint   ] Safepoint synchronization initiated using futex wait barrier. (238 threads)
[2025-05-09T13:40:10.182+0000][8409.771s][info ][safepoint   ] Safepoint "Cleanup", Time since last: 7502566836 ns, Reaching safepoint: 170941 ns, Cleanup: 34040 ns, At safepoint: 16138 ns, Total: 221119 ns
[2025-05-09T13:40:13.183+0000][8412.772s][debug][safepoint   ] Safepoint synchronization initiated using futex wait barrier. (238 threads)
[2025-05-09T13:40:13.183+0000][8412.772s][info ][safepoint   ] Safepoint "Cleanup", Time since last: 3000568238 ns, Reaching safepoint: 242719 ns, Cleanup: 72735 ns, At safepoint: 39706 ns, Total: 355160 ns
[2025-05-09T13:40:18.184+0000][8417.773s][debug][safepoint   ] Safepoint synchronization initiated using futex wait barrier. (240 threads)
[2025-05-09T13:40:18.184+0000][8417.773s][info ][safepoint   ] Safepoint "Cleanup", Time since last: 5000732771 ns, Reaching safepoint: 74206 ns, Cleanup: 22827 ns, At safepoint: 7159 ns, Total: 104192 ns
[2025-05-09T13:40:48.187+0000][8447.777s][debug][safepoint   ] Safepoint synchronization initiated using futex wait barrier. (237 threads)
[2025-05-09T13:40:48.188+0000][8447.777s][info ][safepoint   ] Safepoint "Cleanup", Time since last: 30003503327 ns, Reaching safepoint: 227471 ns, Cleanup: 34351 ns, At safepoint: 18255 ns, Total: 280077 ns
[2025-05-09T13:40:51.513+0000][8451.103s][debug][safepoint   ] Safepoint synchronization initiated using futex wait barrier. (237 threads)
[2025-05-09T13:40:51.513+0000][8451.103s][info ][gc,start    ] GC(120) Pause Young (Normal) (G1 Evacuation Pause)
[2025-05-09T13:40:51.513+0000][8451.103s][info ][gc,task     ] GC(120) Using 4 workers of 4 for evacuation
[2025-05-09T13:40:51.519+0000][8451.108s][info ][gc,phases   ] GC(120)   Pre Evacuate Collection Set: 0.2ms
[2025-05-09T13:40:51.519+0000][8451.108s][info ][gc,phases   ] GC(120)   Merge Heap Roots: 0.1ms
[2025-05-09T13:40:51.519+0000][8451.108s][info ][gc,phases   ] GC(120)   Evacuate Collection Set: 3.7ms
[2025-05-09T13:40:51.519+0000][8451.109s][info ][gc,phases   ] GC(120)   Post Evacuate Collection Set: 1.7ms
[2025-05-09T13:40:51.519+0000][8451.109s][info ][gc,phases   ] GC(120)   Other: 0.2ms
[2025-05-09T13:40:51.519+0000][8451.109s][info ][gc,heap     ] GC(120) Eden regions: 216->0(216)
[2025-05-09T13:40:51.519+0000][8451.109s][info ][gc,heap     ] GC(120) Survivor regions: 4->4(28)
[2025-05-09T13:40:51.519+0000][8451.109s][info ][gc,heap     ] GC(120) Old regions: 200->200
[2025-05-09T13:40:51.519+0000][8451.109s][info ][gc,heap     ] GC(120) Archive regions: 2->2
[2025-05-09T13:40:51.519+0000][8451.109s][info ][gc,heap     ] GC(120) Humongous regions: 10->0
[2025-05-09T13:40:51.519+0000][8451.109s][info ][gc,metaspace] GC(120) Metaspace: 195550K(197056K)->195550K(197056K) NonClass: 172308K(173056K)->172308K(173056K) Class: 23242K(24000K)->23242K(24000K)
[2025-05-09T13:40:51.519+0000][8451.109s][info ][gc          ] GC(120) Pause Young (Normal) (G1 Evacuation Pause) 429M->203M(474M) 5.937ms
[2025-05-09T13:40:51.519+0000][8451.109s][info ][gc,cpu      ] GC(120) User=0.02s Sys=0.00s Real=0.01s
[2025-05-09T13:40:51.519+0000][8451.109s][info ][safepoint   ] Safepoint "G1CollectForAllocation", Time since last: 3325624771 ns, Reaching safepoint: 71302 ns, Cleanup: 3709 ns, At safepoint: 6110967 ns, Total: 6185978 ns
[2025-05-09T13:40:57.520+0000][8457.110s][debug][safepoint   ] Safepoint synchronization initiated using futex wait barrier. (237 threads)
[2025-05-09T13:40:57.521+0000][8457.110s][info ][safepoint   ] Safepoint "Cleanup", Time since last: 6000926478 ns, Reaching safepoint: 79968 ns, Cleanup: 75053 ns, At safepoint: 63260 ns, Total: 218281 ns
[2025-05-09T13:40:58.521+0000][8458.110s][debug][safepoint   ] Safepoint synchronization initiated using futex wait barrier. (243 threads)
[2025-05-09T13:40:58.521+0000][8458.110s][info ][safepoint   ] Safepoint "Cleanup", Time since last: 1000117966 ns, Reaching safepoint: 173447 ns, Cleanup: 55307 ns, At safepoint: 11652 ns, Total: 240406 ns
[2025-05-09T13:41:03.521+0000][8463.111s][debug][safepoint   ] Safepoint synchronization initiated using futex wait barrier. (242 threads)
[2025-05-09T13:41:03.522+0000][8463.111s][info ][safepoint   ] Safepoint "Cleanup", Time since last: 5000527722 ns, Reaching safepoint: 159791 ns, Cleanup: 10391 ns, At safepoint: 20838 ns, Total: 191020 ns
[2025-05-09T13:41:21.224+0000][8480.813s][debug][safepoint   ] Safepoint synchronization initiated using futex wait barrier. (244 threads)
[2025-05-09T13:41:21.224+0000][8480.813s][info ][safepoint   ] Safepoint "Cleanup", Time since last: 17701930554 ns, Reaching safepoint: 57933 ns, Cleanup: 12334 ns, At safepoint: 4679 ns, Total: 74946 ns
[2025-05-09T13:41:27.224+0000][8486.814s][debug][safepoint   ] Safepoint synchronization initiated using futex wait barrier. (244 threads)
[2025-05-09T13:41:27.224+0000][8486.814s][info ][safepoint   ] Safepoint "Cleanup", Time since last: 6000577229 ns, Reaching safepoint: 92207 ns, Cleanup: 11940 ns, At safepoint: 5863 ns, Total: 110010 ns
[2025-05-09T13:41:28.224+0000][8487.814s][debug][safepoint   ] Safepoint synchronization initiated using futex wait barrier. (243 threads)
[2025-05-09T13:41:28.225+0000][8487.814s][info ][safepoint   ] Safepoint "Cleanup", Time since last: 1000134340 ns, Reaching safepoint: 84480 ns, Cleanup: 15980 ns, At safepoint: 3974 ns, Total: 104434 ns
[2025-05-09T13:41:29.225+0000][8488.814s][debug][safepoint   ] Safepoint synchronization initiated using futex wait barrier. (244 threads)
[2025-05-09T13:41:29.225+0000][8488.814s][info ][safepoint   ] Safepoint "Cleanup", Time since last: 1000173346 ns, Reaching safepoint: 83269 ns, Cleanup: 35640 ns, At safepoint: 5418 ns, Total: 124327 ns
[2025-05-09T13:41:40.863+0000][8500.453s][debug][safepoint   ] Safepoint synchronization initiated using futex wait barrier. (244 threads)
[2025-05-09T13:41:40.863+0000][8500.453s][info ][gc,start    ] GC(121) Pause Young (Normal) (G1 Evacuation Pause)
[2025-05-09T13:41:40.863+0000][8500.453s][info ][gc,task     ] GC(121) Using 4 workers of 4 for evacuation
[2025-05-09T13:41:40.874+0000][8500.463s][info ][gc,phases   ] GC(121)   Pre Evacuate Collection Set: 0.7ms
[2025-05-09T13:41:40.874+0000][8500.463s][info ][gc,phases   ] GC(121)   Merge Heap Roots: 0.2ms
[2025-05-09T13:41:40.874+0000][8500.463s][info ][gc,phases   ] GC(121)   Evacuate Collection Set: 6.5ms
[2025-05-09T13:41:40.874+0000][8500.463s][info ][gc,phases   ] GC(121)   Post Evacuate Collection Set: 2.5ms
[2025-05-09T13:41:40.874+0000][8500.463s][info ][gc,phases   ] GC(121)   Other: 0.2ms
[2025-05-09T13:41:40.874+0000][8500.463s][info ][gc,heap     ] GC(121) Eden regions: 216->0(217)
[2025-05-09T13:41:40.874+0000][8500.463s][info ][gc,heap     ] GC(121) Survivor regions: 4->3(28)
[2025-05-09T13:41:40.874+0000][8500.463s][info ][gc,heap     ] GC(121) Old regions: 200->201
[2025-05-09T13:41:40.874+0000][8500.463s][info ][gc,heap     ] GC(121) Archive regions: 2->2
[2025-05-09T13:41:40.874+0000][8500.463s][info ][gc,heap     ] GC(121) Humongous regions: 17->0
[2025-05-09T13:41:40.874+0000][8500.463s][info ][gc,metaspace] GC(121) Metaspace: 195615K(197184K)->195615K(197184K) NonClass: 172373K(173184K)->172373K(173184K) Class: 23242K(24000K)->23242K(24000K)
[2025-05-09T13:41:40.874+0000][8500.463s][info ][gc          ] GC(121) Pause Young (Normal) (G1 Evacuation Pause) 436M->203M(474M) 10.262ms
[2025-05-09T13:41:40.874+0000][8500.463s][info ][gc,cpu      ] GC(121) User=0.02s Sys=0.01s Real=0.01s
[2025-05-09T13:41:40.874+0000][8500.463s][info ][safepoint   ] Safepoint "G1CollectForAllocation", Time since last: 11638383108 ns, Reaching safepoint: 101501 ns, Cleanup: 6298 ns, At safepoint: 10464571 ns, Total: 10572370 ns
[2025-05-09T13:41:43.874+0000][8503.463s][debug][safepoint   ] Safepoint synchronization initiated using futex wait barrier. (244 threads)
[2025-05-09T13:41:43.874+0000][8503.464s][info ][safepoint   ] Safepoint "Cleanup", Time since last: 3000315683 ns, Reaching safepoint: 134629 ns, Cleanup: 27567 ns, At safepoint: 8296 ns, Total: 170492 ns
[2025-05-09T13:41:56.876+0000][8516.465s][debug][safepoint   ] Safepoint synchronization initiated using futex wait barrier. (244 threads)
[2025-05-09T13:41:56.876+0000][8516.465s][info ][safepoint   ] Safepoint "Cleanup", Time since last: 13001240657 ns, Reaching safepoint: 181951 ns, Cleanup: 51003 ns, At safepoint: 19859 ns, Total: 252813 ns
[2025-05-09T13:41:59.876+0000][8519.466s][debug][safepoint   ] Safepoint synchronization initiated using futex wait barrier. (244 threads)
[2025-05-09T13:41:59.876+0000][8519.466s][info ][safepoint   ] Safepoint "Cleanup", Time since last: 3000413274 ns, Reaching safepoint: 109692 ns, Cleanup: 19134 ns, At safepoint: 10980 ns, Total: 139806 ns
[2025-05-09T13:42:00.877+0000][8520.466s][debug][safepoint   ] Safepoint synchronization initiated using futex wait barrier. (243 threads)
[2025-05-09T13:42:00.877+0000][8520.466s][debug][safepoint   ] ... found polling page loop exception at pc = 0x00007b2ad9ce0778, stub =0x00007b2ad898e400
[2025-05-09T13:42:00.877+0000][8520.466s][info ][safepoint   ] Safepoint "Cleanup", Time since last: 1000137978 ns, Reaching safepoint: 304075 ns, Cleanup: 15313 ns, At safepoint: 199775 ns, Total: 519163 ns
[2025-05-09T13:42:01.878+0000][8521.467s][debug][safepoint   ] Safepoint synchronization initiated using futex wait barrier. (244 threads)
[2025-05-09T13:42:01.878+0000][8521.467s][debug][safepoint   ] ... found polling page loop exception at pc = 0x00007b2ad9b6d513, stub =0x00007b2ad898e400
[2025-05-09T13:42:01.879+0000][8521.468s][info ][safepoint   ] Safepoint "Cleanup", Time since last: 1000844077 ns, Reaching safepoint: 329452 ns, Cleanup: 51316 ns, At safepoint: 531477 ns, Total: 912245 ns
[2025-05-09T13:42:02.879+0000][8522.468s][debug][safepoint   ] Safepoint synchronization initiated using futex wait barrier. (244 threads)
[2025-05-09T13:42:02.879+0000][8522.469s][info ][safepoint   ] Safepoint "Cleanup", Time since last: 1000237455 ns, Reaching safepoint: 272213 ns, Cleanup: 44049 ns, At safepoint: 31423 ns, Total: 347685 ns
[2025-05-09T13:42:20.224+0000][8539.813s][debug][safepoint   ] Safepoint synchronization initiated using futex wait barrier. (244 threads)
[2025-05-09T13:42:20.224+0000][8539.813s][info ][safepoint   ] Safepoint "G1CollectForAllocation", Time since last: 17344243424 ns, Reaching safepoint: 153407 ns, Cleanup: 15573 ns, At safepoint: 41360 ns, Total: 210340 ns
[2025-05-09T13:42:20.226+0000][8539.815s][debug][safepoint   ] Safepoint synchronization initiated using futex wait barrier. (244 threads)
[2025-05-09T13:42:20.226+0000][8539.815s][info ][gc,start    ] GC(122) Pause Young (Normal) (GCLocker Initiated GC)
[2025-05-09T13:42:20.226+0000][8539.815s][info ][gc,task     ] GC(122) Using 4 workers of 4 for evacuation
[2025-05-09T13:42:20.238+0000][8539.827s][info ][gc,phases   ] GC(122)   Pre Evacuate Collection Set: 0.2ms
[2025-05-09T13:42:20.238+0000][8539.827s][info ][gc,phases   ] GC(122)   Merge Heap Roots: 0.2ms
[2025-05-09T13:42:20.238+0000][8539.827s][info ][gc,phases   ] GC(122)   Evacuate Collection Set: 8.4ms
[2025-05-09T13:42:20.238+0000][8539.827s][info ][gc,phases   ] GC(122)   Post Evacuate Collection Set: 3.0ms
[2025-05-09T13:42:20.238+0000][8539.827s][info ][gc,phases   ] GC(122)   Other: 0.3ms
[2025-05-09T13:42:20.238+0000][8539.827s][info ][gc,heap     ] GC(122) Eden regions: 217->0(212)
[2025-05-09T13:42:20.238+0000][8539.827s][info ][gc,heap     ] GC(122) Survivor regions: 3->3(28)
[2025-05-09T13:42:20.238+0000][8539.827s][info ][gc,heap     ] GC(122) Old regions: 201->201
[2025-05-09T13:42:20.238+0000][8539.827s][info ][gc,heap     ] GC(122) Archive regions: 2->2
[2025-05-09T13:42:20.238+0000][8539.827s][info ][gc,heap     ] GC(122) Humongous regions: 22->5
[2025-05-09T13:42:20.238+0000][8539.827s][info ][gc,metaspace] GC(122) Metaspace: 195640K(197248K)->195640K(197248K) NonClass: 172396K(173248K)->172396K(173248K) Class: 23243K(24000K)->23243K(24000K)
[2025-05-09T13:42:20.238+0000][8539.828s][info ][gc          ] GC(122) Pause Young (Normal) (GCLocker Initiated GC) 442M->209M(474M) 12.285ms
[2025-05-09T13:42:20.238+0000][8539.828s][info ][gc,cpu      ] GC(122) User=0.02s Sys=0.00s Real=0.01s
[2025-05-09T13:42:20.239+0000][8539.828s][info ][safepoint   ] Safepoint "G1CollectForAllocation", Time since last: 1718006 ns, Reaching safepoint: 255401 ns, Cleanup: 12602 ns, At safepoint: 12811376 ns, Total: 13079379 ns
[2025-05-09T13:42:21.240+0000][8540.829s][debug][safepoint   ] Safepoint synchronization initiated using futex wait barrier. (243 threads)
[2025-05-09T13:42:21.240+0000][8540.829s][info ][safepoint   ] Safepoint "Cleanup", Time since last: 1001411481 ns, Reaching safepoint: 78177 ns, Cleanup: 20278 ns, At safepoint: 6405 ns, Total: 104860 ns
[2025-05-09T13:42:22.240+0000][8541.830s][debug][safepoint   ] Safepoint synchronization initiated using futex wait barrier. (244 threads)
[2025-05-09T13:42:22.241+0000][8541.830s][info ][safepoint   ] Safepoint "Cleanup", Time since last: 1000143010 ns, Reaching safepoint: 280997 ns, Cleanup: 70429 ns, At safepoint: 23052 ns, Total: 374478 ns
[2025-05-09T13:42:40.243+0000][8559.833s][debug][safepoint   ] Safepoint synchronization initiated using futex wait barrier. (244 threads)
[2025-05-09T13:42:40.243+0000][8559.833s][info ][safepoint   ] Safepoint "Cleanup", Time since last: 18002535101 ns, Reaching safepoint: 143257 ns, Cleanup: 43547 ns, At safepoint: 11357 ns, Total: 198161 ns
[2025-05-09T13:42:42.246+0000][8561.835s][debug][safepoint   ] Safepoint synchronization initiated using futex wait barrier. (244 threads)
[2025-05-09T13:42:42.246+0000][8561.835s][info ][safepoint   ] Safepoint "Cleanup", Time since last: 2002346006 ns, Reaching safepoint: 190303 ns, Cleanup: 30731 ns, At safepoint: 13401 ns, Total: 234435 ns
[2025-05-09T13:42:42.814+0000][8562.403s][debug][safepoint   ] Safepoint synchronization initiated using futex wait barrier. (243 threads)
[2025-05-09T13:42:42.814+0000][8562.404s][info ][safepoint   ] Safepoint "G1TryInitiateConcMark", Time since last: 567884000 ns, Reaching safepoint: 285880 ns, Cleanup: 33780 ns, At safepoint: 203492 ns, Total: 523152 ns
[2025-05-09T13:42:42.815+0000][8562.404s][debug][safepoint   ] Safepoint synchronization initiated using futex wait barrier. (243 threads)
[2025-05-09T13:42:42.815+0000][8562.405s][info ][gc,start    ] GC(123) Pause Young (Concurrent Start) (G1 Humongous Allocation)
[2025-05-09T13:42:42.815+0000][8562.405s][info ][gc,task     ] GC(123) Using 4 workers of 4 for evacuation
[2025-05-09T13:42:42.846+0000][8562.436s][info ][gc,phases   ] GC(123)   Pre Evacuate Collection Set: 0.5ms
[2025-05-09T13:42:42.846+0000][8562.436s][info ][gc,phases   ] GC(123)   Merge Heap Roots: 0.1ms
[2025-05-09T13:42:42.846+0000][8562.436s][info ][gc,phases   ] GC(123)   Evacuate Collection Set: 23.5ms
[2025-05-09T13:42:42.846+0000][8562.436s][info ][gc,phases   ] GC(123)   Post Evacuate Collection Set: 3.8ms
[2025-05-09T13:42:42.846+0000][8562.436s][info ][gc,phases   ] GC(123)   Other: 3.0ms
[2025-05-09T13:42:42.846+0000][8562.436s][info ][gc,heap     ] GC(123) Eden regions: 191->0(212)
[2025-05-09T13:42:42.846+0000][8562.436s][info ][gc,heap     ] GC(123) Survivor regions: 3->2(27)
[2025-05-09T13:42:42.846+0000][8562.436s][info ][gc,heap     ] GC(123) Old regions: 201->201
[2025-05-09T13:42:42.846+0000][8562.436s][info ][gc,heap     ] GC(123) Archive regions: 2->2
[2025-05-09T13:42:42.846+0000][8562.436s][info ][gc,heap     ] GC(123) Humongous regions: 31->7
[2025-05-09T13:42:42.846+0000][8562.436s][info ][gc,metaspace] GC(123) Metaspace: 195651K(197248K)->195651K(197248K) NonClass: 172407K(173248K)->172407K(173248K) Class: 23243K(24000K)->23243K(24000K)
[2025-05-09T13:42:42.846+0000][8562.436s][info ][gc          ] GC(123) Pause Young (Concurrent Start) (G1 Humongous Allocation) 426M->210M(474M) 30.980ms
[2025-05-09T13:42:42.846+0000][8562.436s][info ][gc,cpu      ] GC(123) User=0.03s Sys=0.01s Real=0.03s
[2025-05-09T13:42:42.847+0000][8562.436s][info ][gc          ] GC(124) Concurrent Undo Cycle
[2025-05-09T13:42:42.847+0000][8562.436s][info ][safepoint   ] Safepoint "G1TryInitiateConcMark", Time since last: 705320 ns, Reaching safepoint: 162333 ns, Cleanup: 9467 ns, At safepoint: 31417637 ns, Total: 31589437 ns
[2025-05-09T13:42:42.847+0000][8562.436s][info ][gc,marking  ] GC(124) Concurrent Cleanup for Next Mark
[2025-05-09T13:42:42.902+0000][8562.492s][info ][gc,marking  ] GC(124) Concurrent Cleanup for Next Mark 55.484ms
[2025-05-09T13:42:42.902+0000][8562.492s][info ][gc          ] GC(124) Concurrent Undo Cycle 55.575ms
[2025-05-09T13:42:43.847+0000][8563.437s][debug][safepoint   ] Safepoint synchronization initiated using futex wait barrier. (244 threads)
[2025-05-09T13:42:43.848+0000][8563.437s][debug][safepoint   ] ... found polling page loop exception at pc = 0x00007b2ad9d714f0, stub =0x00007b2ad898e400
[2025-05-09T13:42:43.848+0000][8563.438s][debug][safepoint   ] ... found polling page loop exception at pc = 0x00007b2ad91bf5db, stub =0x00007b2ad898e400
[2025-05-09T13:42:43.848+0000][8563.438s][info ][safepoint   ] Safepoint "Cleanup", Time since last: 1000804229 ns, Reaching safepoint: 790110 ns, Cleanup: 28461 ns, At safepoint: 64868 ns, Total: 883439 ns
[2025-05-09T13:42:51.849+0000][8571.438s][debug][safepoint   ] Safepoint synchronization initiated using futex wait barrier. (244 threads)
[2025-05-09T13:42:51.849+0000][8571.439s][info ][safepoint   ] Safepoint "Cleanup", Time since last: 8000794880 ns, Reaching safepoint: 56672 ns, Cleanup: 10343 ns, At safepoint: 5380 ns, Total: 72395 ns
[2025-05-09T13:43:25.310+0000][8604.899s][debug][safepoint   ] Safepoint synchronization initiated using futex wait barrier. (244 threads)
[2025-05-09T13:43:25.310+0000][8604.899s][info ][safepoint   ] Safepoint "Cleanup", Time since last: 33460583858 ns, Reaching safepoint: 108176 ns, Cleanup: 21700 ns, At safepoint: 6346 ns, Total: 136222 ns
[2025-05-09T13:43:26.310+0000][8605.899s][debug][safepoint   ] Safepoint synchronization initiated using futex wait barrier. (244 threads)
[2025-05-09T13:43:26.310+0000][8605.899s][info ][safepoint   ] Safepoint "Cleanup", Time since last: 1000101446 ns, Reaching safepoint: 100891 ns, Cleanup: 17051 ns, At safepoint: 7526 ns, Total: 125468 ns
[2025-05-09T13:43:27.310+0000][8606.900s][debug][safepoint   ] Safepoint synchronization initiated using futex wait barrier. (244 threads)
[2025-05-09T13:43:27.310+0000][8606.900s][info ][safepoint   ] Safepoint "Cleanup", Time since last: 1000127564 ns, Reaching safepoint: 57499 ns, Cleanup: 14620 ns, At safepoint: 6136 ns, Total: 78255 ns
[2025-05-09T13:43:42.939+0000][8622.529s][debug][safepoint   ] Safepoint synchronization initiated using futex wait barrier. (240 threads)
[2025-05-09T13:43:42.940+0000][8622.529s][info ][gc,start    ] GC(125) Pause Young (Normal) (G1 Evacuation Pause)
[2025-05-09T13:43:42.940+0000][8622.529s][info ][gc,task     ] GC(125) Using 4 workers of 4 for evacuation
[2025-05-09T13:43:42.959+0000][8622.549s][info ][gc,phases   ] GC(125)   Pre Evacuate Collection Set: 0.5ms
[2025-05-09T13:43:42.959+0000][8622.549s][info ][gc,phases   ] GC(125)   Merge Heap Roots: 0.6ms
[2025-05-09T13:43:42.959+0000][8622.549s][info ][gc,phases   ] GC(125)   Evacuate Collection Set: 10.6ms
[2025-05-09T13:43:42.960+0000][8622.549s][info ][gc,phases   ] GC(125)   Post Evacuate Collection Set: 7.3ms
[2025-05-09T13:43:42.960+0000][8622.549s][info ][gc,phases   ] GC(125)   Other: 0.5ms
[2025-05-09T13:43:42.960+0000][8622.549s][info ][gc,heap     ] GC(125) Eden regions: 212->0(218)
[2025-05-09T13:43:42.960+0000][8622.549s][info ][gc,heap     ] GC(125) Survivor regions: 2->2(27)
[2025-05-09T13:43:42.960+0000][8622.549s][info ][gc,heap     ] GC(125) Old regions: 201->202
[2025-05-09T13:43:42.960+0000][8622.549s][info ][gc,heap     ] GC(125) Archive regions: 2->2
[2025-05-09T13:43:42.960+0000][8622.549s][info ][gc,heap     ] GC(125) Humongous regions: 10->0
[2025-05-09T13:43:42.960+0000][8622.549s][info ][gc,metaspace] GC(125) Metaspace: 195670K(197248K)->195670K(197248K) NonClass: 172425K(173248K)->172425K(173248K) Class: 23245K(24000K)->23245K(24000K)
[2025-05-09T13:43:42.960+0000][8622.549s][info ][gc          ] GC(125) Pause Young (Normal) (G1 Evacuation Pause) 425M->203M(474M) 20.082ms
[2025-05-09T13:43:42.960+0000][8622.549s][info ][gc,cpu      ] GC(125) User=0.06s Sys=0.00s Real=0.02s
[2025-05-09T13:43:42.961+0000][8622.550s][info ][safepoint   ] Safepoint "G1CollectForAllocation", Time since last: 15629042571 ns, Reaching safepoint: 229212 ns, Cleanup: 13208 ns, At safepoint: 21439241 ns, Total: 21681661 ns
[2025-05-09T13:44:13.341+0000][8652.931s][debug][safepoint   ] Safepoint synchronization initiated using futex wait barrier. (240 threads)
[2025-05-09T13:44:13.341+0000][8652.931s][info ][safepoint   ] Safepoint "Cleanup", Time since last: 30380076749 ns, Reaching safepoint: 95133 ns, Cleanup: 15832 ns, At safepoint: 4295 ns, Total: 115260 ns
[2025-05-09T13:44:17.342+0000][8656.932s][debug][safepoint   ] Safepoint synchronization initiated using futex wait barrier. (242 threads)
[2025-05-09T13:44:17.342+0000][8656.932s][info ][safepoint   ] Safepoint "Cleanup", Time since last: 4000882367 ns, Reaching safepoint: 141092 ns, Cleanup: 34552 ns, At safepoint: 6123 ns, Total: 181767 ns
[2025-05-09T13:44:20.343+0000][8659.932s][debug][safepoint   ] Safepoint synchronization initiated using futex wait barrier. (242 threads)
[2025-05-09T13:44:20.343+0000][8659.932s][info ][safepoint   ] Safepoint "Cleanup", Time since last: 3000593976 ns, Reaching safepoint: 93865 ns, Cleanup: 18847 ns, At safepoint: 6390 ns, Total: 119102 ns
[2025-05-09T13:44:21.343+0000][8660.932s][debug][safepoint   ] Safepoint synchronization initiated using futex wait barrier. (242 threads)
[2025-05-09T13:44:21.343+0000][8660.933s][info ][safepoint   ] Safepoint "Cleanup", Time since last: 1000089397 ns, Reaching safepoint: 55391 ns, Cleanup: 10177 ns, At safepoint: 5434 ns, Total: 71002 ns
[2025-05-09T18:09:05.755+0000][8672.537s][debug][safepoint   ] Safepoint synchronization initiated using futex wait barrier. (233 threads)
[2025-05-09T18:09:05.755+0000][8672.537s][info ][safepoint   ] Safepoint "Cleanup", Time since last: 11604445197 ns, Reaching safepoint: 69859 ns, Cleanup: 31061 ns, At safepoint: 10898 ns, Total: 111818 ns
[2025-05-09T18:09:16.756+0000][8683.538s][debug][safepoint   ] Safepoint synchronization initiated using futex wait barrier. (237 threads)
[2025-05-09T18:09:16.756+0000][8683.539s][info ][safepoint   ] Safepoint "Cleanup", Time since last: 11001330129 ns, Reaching safepoint: 72542 ns, Cleanup: 15243 ns, At safepoint: 4896 ns, Total: 92681 ns
[2025-05-09T18:09:17.493+0000][8684.276s][debug][safepoint   ] Safepoint synchronization initiated using futex wait barrier. (237 threads)
[2025-05-09T18:09:17.494+0000][8684.276s][info ][gc,start    ] GC(126) Pause Young (Normal) (G1 Evacuation Pause)
[2025-05-09T18:09:17.494+0000][8684.276s][info ][gc,task     ] GC(126) Using 4 workers of 4 for evacuation
[2025-05-09T18:09:17.507+0000][8684.289s][info ][gc,phases   ] GC(126)   Pre Evacuate Collection Set: 0.5ms
[2025-05-09T18:09:17.507+0000][8684.289s][info ][gc,phases   ] GC(126)   Merge Heap Roots: 0.3ms
[2025-05-09T18:09:17.507+0000][8684.289s][info ][gc,phases   ] GC(126)   Evacuate Collection Set: 7.6ms
[2025-05-09T18:09:17.507+0000][8684.289s][info ][gc,phases   ] GC(126)   Post Evacuate Collection Set: 4.7ms
[2025-05-09T18:09:17.507+0000][8684.289s][info ][gc,phases   ] GC(126)   Other: 0.3ms
[2025-05-09T18:09:17.507+0000][8684.289s][info ][gc,heap     ] GC(126) Eden regions: 218->0(217)
[2025-05-09T18:09:17.507+0000][8684.289s][info ][gc,heap     ] GC(126) Survivor regions: 2->2(28)
[2025-05-09T18:09:17.507+0000][8684.289s][info ][gc,heap     ] GC(126) Old regions: 202->202
[2025-05-09T18:09:17.507+0000][8684.289s][info ][gc,heap     ] GC(126) Archive regions: 2->2
[2025-05-09T18:09:17.507+0000][8684.289s][info ][gc,heap     ] GC(126) Humongous regions: 17->0
[2025-05-09T18:09:17.507+0000][8684.289s][info ][gc,metaspace] GC(126) Metaspace: 195718K(197312K)->195718K(197312K) NonClass: 172471K(173312K)->172471K(173312K) Class: 23246K(24000K)->23246K(24000K)
[2025-05-09T18:09:17.507+0000][8684.289s][info ][gc          ] GC(126) Pause Young (Normal) (G1 Evacuation Pause) 438M->203M(474M) 13.551ms
[2025-05-09T18:09:17.507+0000][8684.289s][info ][gc,cpu      ] GC(126) User=0.02s Sys=0.00s Real=0.01s
[2025-05-09T18:09:17.508+0000][8684.290s][info ][safepoint   ] Safepoint "G1CollectForAllocation", Time since last: 736997673 ns, Reaching safepoint: 144489 ns, Cleanup: 14104 ns, At safepoint: 14518907 ns, Total: 14677500 ns
[2025-05-09T18:09:20.508+0000][8687.291s][debug][safepoint   ] Safepoint synchronization initiated using futex wait barrier. (237 threads)
[2025-05-09T18:09:20.508+0000][8687.291s][info ][safepoint   ] Safepoint "Cleanup", Time since last: 3000301608 ns, Reaching safepoint: 92631 ns, Cleanup: 14499 ns, At safepoint: 8568 ns, Total: 115698 ns
[2025-05-09T18:09:59.291+0000][8726.073s][debug][safepoint   ] Safepoint synchronization initiated using futex wait barrier. (237 threads)
[2025-05-09T18:09:59.291+0000][8726.073s][info ][safepoint   ] Safepoint "Cleanup", Time since last: 38782570089 ns, Reaching safepoint: 195670 ns, Cleanup: 39474 ns, At safepoint: 19959 ns, Total: 255103 ns
[2025-05-09T18:10:10.293+0000][8737.075s][debug][safepoint   ] Safepoint synchronization initiated using futex wait barrier. (235 threads)
[2025-05-09T18:10:10.293+0000][8737.075s][info ][safepoint   ] Safepoint "Cleanup", Time since last: 11001536604 ns, Reaching safepoint: 268331 ns, Cleanup: 44030 ns, At safepoint: 27267 ns, Total: 339628 ns
[2025-05-09T18:11:18.340+0000][8805.123s][debug][safepoint   ] Safepoint synchronization initiated using futex wait barrier. (233 threads)
[2025-05-09T18:11:18.341+0000][8805.123s][info ][safepoint   ] Safepoint "Cleanup", Time since last: 68047279337 ns, Reaching safepoint: 267065 ns, Cleanup: 32187 ns, At safepoint: 22814 ns, Total: 322066 ns
[2025-05-09T18:11:43.653+0000][8830.435s][debug][safepoint   ] Safepoint synchronization initiated using futex wait barrier. (233 threads)
[2025-05-09T18:11:43.653+0000][8830.435s][info ][gc,start    ] GC(127) Pause Young (Normal) (G1 Evacuation Pause)
[2025-05-09T18:11:43.653+0000][8830.435s][info ][gc,task     ] GC(127) Using 4 workers of 4 for evacuation
[2025-05-09T18:11:43.669+0000][8830.452s][info ][gc,phases   ] GC(127)   Pre Evacuate Collection Set: 0.6ms
[2025-05-09T18:11:43.670+0000][8830.452s][info ][gc,phases   ] GC(127)   Merge Heap Roots: 0.4ms
[2025-05-09T18:11:43.670+0000][8830.452s][info ][gc,phases   ] GC(127)   Evacuate Collection Set: 8.7ms
[2025-05-09T18:11:43.670+0000][8830.452s][info ][gc,phases   ] GC(127)   Post Evacuate Collection Set: 6.2ms
[2025-05-09T18:11:43.670+0000][8830.452s][info ][gc,phases   ] GC(127)   Other: 0.5ms
[2025-05-09T18:11:43.670+0000][8830.452s][info ][gc,heap     ] GC(127) Eden regions: 217->0(218)
[2025-05-09T18:11:43.670+0000][8830.452s][info ][gc,heap     ] GC(127) Survivor regions: 2->2(28)
[2025-05-09T18:11:43.670+0000][8830.452s][info ][gc,heap     ] GC(127) Old regions: 202->202
[2025-05-09T18:11:43.670+0000][8830.452s][info ][gc,heap     ] GC(127) Archive regions: 2->2
[2025-05-09T18:11:43.670+0000][8830.452s][info ][gc,heap     ] GC(127) Humongous regions: 0->0
[2025-05-09T18:11:43.670+0000][8830.452s][info ][gc,metaspace] GC(127) Metaspace: 195723K(197312K)->195723K(197312K) NonClass: 172476K(173312K)->172476K(173312K) Class: 23246K(24000K)->23246K(24000K)
[2025-05-09T18:11:43.670+0000][8830.452s][info ][gc          ] GC(127) Pause Young (Normal) (G1 Evacuation Pause) 420M->203M(474M) 16.843ms
[2025-05-09T18:11:43.670+0000][8830.452s][info ][gc,cpu      ] GC(127) User=0.06s Sys=0.00s Real=0.01s
[2025-05-09T18:11:43.671+0000][8830.453s][info ][safepoint   ] Safepoint "G1CollectForAllocation", Time since last: 25312157747 ns, Reaching safepoint: 171426 ns, Cleanup: 11939 ns, At safepoint: 17838861 ns, Total: 18022226 ns
[2025-05-09T18:12:51.682+0000][8898.464s][debug][safepoint   ] Safepoint synchronization initiated using futex wait barrier. (234 threads)
[2025-05-09T18:12:51.682+0000][8898.464s][info ][safepoint   ] Safepoint "Cleanup", Time since last: 68011069721 ns, Reaching safepoint: 187898 ns, Cleanup: 29896 ns, At safepoint: 20047 ns, Total: 237841 ns
[2025-05-09T18:12:55.683+0000][8902.465s][debug][safepoint   ] Safepoint synchronization initiated using futex wait barrier. (234 threads)
[2025-05-09T18:12:55.683+0000][8902.466s][info ][safepoint   ] Safepoint "Cleanup", Time since last: 4000689290 ns, Reaching safepoint: 235862 ns, Cleanup: 57575 ns, At safepoint: 71200 ns, Total: 364637 ns
[2025-05-09T18:13:10.686+0000][8917.468s][debug][safepoint   ] Safepoint synchronization initiated using futex wait barrier. (233 threads)
[2025-05-09T18:13:10.686+0000][8917.468s][info ][safepoint   ] Safepoint "Cleanup", Time since last: 15002382546 ns, Reaching safepoint: 199776 ns, Cleanup: 32513 ns, At safepoint: 20154 ns, Total: 252443 ns
[2025-05-09T18:13:21.688+0000][8928.470s][debug][safepoint   ] Safepoint synchronization initiated using futex wait barrier. (233 threads)
[2025-05-09T18:13:21.688+0000][8928.470s][info ][safepoint   ] Safepoint "Cleanup", Time since last: 11001660054 ns, Reaching safepoint: 271300 ns, Cleanup: 32005 ns, At safepoint: 20761 ns, Total: 324066 ns
[2025-05-09T18:13:24.688+0000][8931.471s][debug][safepoint   ] Safepoint synchronization initiated using futex wait barrier. (233 threads)
[2025-05-09T18:13:24.689+0000][8931.471s][info ][safepoint   ] Safepoint "Cleanup", Time since last: 3000488887 ns, Reaching safepoint: 257977 ns, Cleanup: 39084 ns, At safepoint: 32702 ns, Total: 329763 ns
[2025-05-09T18:13:37.691+0000][8944.473s][debug][safepoint   ] Safepoint synchronization initiated using futex wait barrier. (233 threads)
[2025-05-09T18:13:37.691+0000][8944.473s][info ][safepoint   ] Safepoint "Cleanup", Time since last: 13001955025 ns, Reaching safepoint: 183794 ns, Cleanup: 31718 ns, At safepoint: 21316 ns, Total: 236828 ns
[2025-05-09T18:13:44.692+0000][8951.474s][debug][safepoint   ] Safepoint synchronization initiated using futex wait barrier. (231 threads)
[2025-05-09T18:13:44.692+0000][8951.474s][info ][safepoint   ] Safepoint "Cleanup", Time since last: 7001080831 ns, Reaching safepoint: 241036 ns, Cleanup: 37998 ns, At safepoint: 24167 ns, Total: 303201 ns
[2025-05-09T18:14:10.759+0000][8977.541s][debug][safepoint   ] Safepoint synchronization initiated using futex wait barrier. (230 threads)
[2025-05-09T18:14:10.759+0000][8977.542s][info ][gc,start    ] GC(128) Pause Young (Normal) (G1 Evacuation Pause)
[2025-05-09T18:14:10.760+0000][8977.542s][info ][gc,task     ] GC(128) Using 4 workers of 4 for evacuation
[2025-05-09T18:14:10.780+0000][8977.562s][info ][gc,phases   ] GC(128)   Pre Evacuate Collection Set: 0.7ms
[2025-05-09T18:14:10.780+0000][8977.562s][info ][gc,phases   ] GC(128)   Merge Heap Roots: 0.5ms
[2025-05-09T18:14:10.780+0000][8977.562s][info ][gc,phases   ] GC(128)   Evacuate Collection Set: 11.1ms
[2025-05-09T18:14:10.780+0000][8977.562s][info ][gc,phases   ] GC(128)   Post Evacuate Collection Set: 7.4ms
[2025-05-09T18:14:10.780+0000][8977.562s][info ][gc,phases   ] GC(128)   Other: 0.9ms
[2025-05-09T18:14:10.780+0000][8977.563s][info ][gc,heap     ] GC(128) Eden regions: 218->0(217)
[2025-05-09T18:14:10.780+0000][8977.563s][info ][gc,heap     ] GC(128) Survivor regions: 2->2(28)
[2025-05-09T18:14:10.780+0000][8977.563s][info ][gc,heap     ] GC(128) Old regions: 202->202
[2025-05-09T18:14:10.781+0000][8977.563s][info ][gc,heap     ] GC(128) Archive regions: 2->2
[2025-05-09T18:14:10.781+0000][8977.563s][info ][gc,heap     ] GC(128) Humongous regions: 0->0
[2025-05-09T18:14:10.781+0000][8977.563s][info ][gc,metaspace] GC(128) Metaspace: 195762K(197312K)->195762K(197312K) NonClass: 172515K(173312K)->172515K(173312K) Class: 23246K(24000K)->23246K(24000K)
[2025-05-09T18:14:10.781+0000][8977.563s][info ][gc          ] GC(128) Pause Young (Normal) (G1 Evacuation Pause) 421M->204M(474M) 21.218ms
[2025-05-09T18:14:10.781+0000][8977.563s][info ][gc,cpu      ] GC(128) User=0.06s Sys=0.00s Real=0.02s
[2025-05-09T18:14:10.782+0000][8977.564s][info ][safepoint   ] Safepoint "G1CollectForAllocation", Time since last: 26066912876 ns, Reaching safepoint: 214255 ns, Cleanup: 14269 ns, At safepoint: 22537330 ns, Total: 22765854 ns
[2025-05-09T18:15:26.522+0000][9053.305s][debug][safepoint   ] Safepoint synchronization initiated using futex wait barrier. (229 threads)
[2025-05-09T18:15:26.523+0000][9053.305s][info ][safepoint   ] Safepoint "Cleanup", Time since last: 75740489303 ns, Reaching safepoint: 301445 ns, Cleanup: 34024 ns, At safepoint: 26928 ns, Total: 362397 ns
[2025-05-09T18:16:39.201+0000][9125.984s][debug][safepoint   ] Safepoint synchronization initiated using futex wait barrier. (228 threads)
[2025-05-09T18:16:39.202+0000][9125.984s][info ][gc,start    ] GC(129) Pause Young (Normal) (G1 Evacuation Pause)
[2025-05-09T18:16:39.202+0000][9125.984s][info ][gc,task     ] GC(129) Using 4 workers of 4 for evacuation
[2025-05-09T18:16:39.229+0000][9126.011s][info ][gc,phases   ] GC(129)   Pre Evacuate Collection Set: 1.3ms
[2025-05-09T18:16:39.229+0000][9126.011s][info ][gc,phases   ] GC(129)   Merge Heap Roots: 0.7ms
[2025-05-09T18:16:39.229+0000][9126.011s][info ][gc,phases   ] GC(129)   Evacuate Collection Set: 14.3ms
[2025-05-09T18:16:39.229+0000][9126.011s][info ][gc,phases   ] GC(129)   Post Evacuate Collection Set: 9.1ms
[2025-05-09T18:16:39.229+0000][9126.011s][info ][gc,phases   ] GC(129)   Other: 1.3ms
[2025-05-09T18:16:39.229+0000][9126.011s][info ][gc,heap     ] GC(129) Eden regions: 217->0(218)
[2025-05-09T18:16:39.229+0000][9126.011s][info ][gc,heap     ] GC(129) Survivor regions: 2->2(28)
[2025-05-09T18:16:39.229+0000][9126.011s][info ][gc,heap     ] GC(129) Old regions: 202->202
[2025-05-09T18:16:39.229+0000][9126.011s][info ][gc,heap     ] GC(129) Archive regions: 2->2
[2025-05-09T18:16:39.229+0000][9126.011s][info ][gc,heap     ] GC(129) Humongous regions: 0->0
[2025-05-09T18:16:39.229+0000][9126.011s][info ][gc,metaspace] GC(129) Metaspace: 195769K(197312K)->195769K(197312K) NonClass: 172522K(173312K)->172522K(173312K) Class: 23246K(24000K)->23246K(24000K)
[2025-05-09T18:16:39.229+0000][9126.012s][info ][gc          ] GC(129) Pause Young (Normal) (G1 Evacuation Pause) 421M->204M(474M) 27.295ms
[2025-05-09T18:16:39.229+0000][9126.012s][info ][gc,cpu      ] GC(129) User=0.06s Sys=0.00s Real=0.02s
[2025-05-09T18:16:39.231+0000][9126.013s][info ][safepoint   ] Safepoint "G1CollectForAllocation", Time since last: 72678545971 ns, Reaching safepoint: 506534 ns, Cleanup: 14480 ns, At safepoint: 29058682 ns, Total: 29579696 ns
[2025-05-09T18:18:23.657+0000][9230.439s][debug][safepoint   ] Safepoint synchronization initiated using futex wait barrier. (226 threads)
[2025-05-09T18:18:23.657+0000][9230.439s][info ][safepoint   ] Safepoint "Cleanup", Time since last: 104425603464 ns, Reaching safepoint: 328146 ns, Cleanup: 32804 ns, At safepoint: 36712 ns, Total: 397662 ns
[2025-05-09T18:19:08.516+0000][9275.298s][debug][safepoint   ] Safepoint synchronization initiated using futex wait barrier. (225 threads)
[2025-05-09T18:19:08.516+0000][9275.298s][info ][gc,start    ] GC(130) Pause Young (Normal) (G1 Evacuation Pause)
[2025-05-09T18:19:08.516+0000][9275.298s][info ][gc,task     ] GC(130) Using 4 workers of 4 for evacuation
[2025-05-09T18:19:08.535+0000][9275.317s][info ][gc,phases   ] GC(130)   Pre Evacuate Collection Set: 1.0ms
[2025-05-09T18:19:08.535+0000][9275.318s][info ][gc,phases   ] GC(130)   Merge Heap Roots: 0.8ms
[2025-05-09T18:19:08.535+0000][9275.318s][info ][gc,phases   ] GC(130)   Evacuate Collection Set: 10.1ms
[2025-05-09T18:19:08.535+0000][9275.318s][info ][gc,phases   ] GC(130)   Post Evacuate Collection Set: 6.7ms
[2025-05-09T18:19:08.535+0000][9275.318s][info ][gc,phases   ] GC(130)   Other: 0.6ms
[2025-05-09T18:19:08.535+0000][9275.318s][info ][gc,heap     ] GC(130) Eden regions: 218->0(217)
[2025-05-09T18:19:08.535+0000][9275.318s][info ][gc,heap     ] GC(130) Survivor regions: 2->2(28)
[2025-05-09T18:19:08.535+0000][9275.318s][info ][gc,heap     ] GC(130) Old regions: 202->203
[2025-05-09T18:19:08.535+0000][9275.318s][info ][gc,heap     ] GC(130) Archive regions: 2->2
[2025-05-09T18:19:08.535+0000][9275.318s][info ][gc,heap     ] GC(130) Humongous regions: 0->0
[2025-05-09T18:19:08.535+0000][9275.318s][info ][gc,metaspace] GC(130) Metaspace: 195771K(197312K)->195771K(197312K) NonClass: 172525K(173312K)->172525K(173312K) Class: 23246K(24000K)->23246K(24000K)
[2025-05-09T18:19:08.536+0000][9275.318s][info ][gc          ] GC(130) Pause Young (Normal) (G1 Evacuation Pause) 422M->204M(474M) 19.569ms
[2025-05-09T18:19:08.536+0000][9275.318s][info ][gc,cpu      ] GC(130) User=0.06s Sys=0.00s Real=0.02s
[2025-05-09T18:19:08.537+0000][9275.319s][info ][safepoint   ] Safepoint "G1CollectForAllocation", Time since last: 44858862771 ns, Reaching safepoint: 179795 ns, Cleanup: 12458 ns, At safepoint: 20758043 ns, Total: 20950296 ns
[2025-05-09T18:19:39.542+0000][9306.324s][debug][safepoint   ] Safepoint synchronization initiated using futex wait barrier. (225 threads)
[2025-05-09T18:19:39.542+0000][9306.324s][info ][safepoint   ] Safepoint "Cleanup", Time since last: 31004903300 ns, Reaching safepoint: 168347 ns, Cleanup: 28468 ns, At safepoint: 18502 ns, Total: 215317 ns
[2025-05-09T18:19:53.544+0000][9320.326s][debug][safepoint   ] Safepoint synchronization initiated using futex wait barrier. (225 threads)
[2025-05-09T18:19:53.544+0000][9320.327s][info ][safepoint   ] Safepoint "Cleanup", Time since last: 14002249657 ns, Reaching safepoint: 177596 ns, Cleanup: 30761 ns, At safepoint: 21560 ns, Total: 229917 ns
[2025-05-09T18:21:05.558+0000][9392.340s][debug][safepoint   ] Safepoint synchronization initiated using futex wait barrier. (223 threads)
[2025-05-09T18:21:05.558+0000][9392.340s][info ][safepoint   ] Safepoint "Cleanup", Time since last: 72013693894 ns, Reaching safepoint: 172240 ns, Cleanup: 29974 ns, At safepoint: 18289 ns, Total: 220503 ns
[2025-05-09T18:21:37.644+0000][9424.426s][debug][safepoint   ] Safepoint synchronization initiated using futex wait barrier. (223 threads)
[2025-05-09T18:21:37.644+0000][9424.426s][info ][gc,start    ] GC(131) Pause Young (Normal) (G1 Evacuation Pause)
[2025-05-09T18:21:37.644+0000][9424.426s][info ][gc,task     ] GC(131) Using 4 workers of 4 for evacuation
[2025-05-09T18:21:37.672+0000][9424.454s][info ][gc,phases   ] GC(131)   Pre Evacuate Collection Set: 0.7ms
[2025-05-09T18:21:37.672+0000][9424.454s][info ][gc,phases   ] GC(131)   Merge Heap Roots: 0.7ms
[2025-05-09T18:21:37.672+0000][9424.454s][info ][gc,phases   ] GC(131)   Evacuate Collection Set: 12.2ms
[2025-05-09T18:21:37.672+0000][9424.454s][info ][gc,phases   ] GC(131)   Post Evacuate Collection Set: 13.6ms
[2025-05-09T18:21:37.672+0000][9424.454s][info ][gc,phases   ] GC(131)   Other: 0.6ms
[2025-05-09T18:21:37.672+0000][9424.454s][info ][gc,heap     ] GC(131) Eden regions: 217->0(217)
[2025-05-09T18:21:37.672+0000][9424.455s][info ][gc,heap     ] GC(131) Survivor regions: 2->2(28)
[2025-05-09T18:21:37.672+0000][9424.455s][info ][gc,heap     ] GC(131) Old regions: 203->203
[2025-05-09T18:21:37.672+0000][9424.455s][info ][gc,heap     ] GC(131) Archive regions: 2->2
[2025-05-09T18:21:37.672+0000][9424.455s][info ][gc,heap     ] GC(131) Humongous regions: 0->0
[2025-05-09T18:21:37.673+0000][9424.455s][info ][gc,metaspace] GC(131) Metaspace: 195774K(197312K)->195774K(197312K) NonClass: 172528K(173312K)->172528K(173312K) Class: 23246K(24000K)->23246K(24000K)
[2025-05-09T18:21:37.673+0000][9424.455s][info ][gc          ] GC(131) Pause Young (Normal) (G1 Evacuation Pause) 421M->204M(474M) 28.793ms
[2025-05-09T18:21:37.673+0000][9424.455s][info ][gc,cpu      ] GC(131) User=0.06s Sys=0.00s Real=0.03s
[2025-05-09T18:21:37.677+0000][9424.459s][info ][safepoint   ] Safepoint "G1CollectForAllocation", Time since last: 32085523258 ns, Reaching safepoint: 184210 ns, Cleanup: 11815 ns, At safepoint: 32548919 ns, Total: 32744944 ns
[2025-05-09T18:22:34.838+0000][9481.620s][debug][safepoint   ] Safepoint synchronization initiated using futex wait barrier. (222 threads)
[2025-05-09T18:22:34.838+0000][9481.620s][info ][safepoint   ] Safepoint "Cleanup", Time since last: 57161314573 ns, Reaching safepoint: 228774 ns, Cleanup: 32363 ns, At safepoint: 23578 ns, Total: 284715 ns
[2025-05-09T18:23:20.879+0000][9527.662s][debug][safepoint   ] Safepoint synchronization initiated using futex wait barrier. (221 threads)
[2025-05-09T18:23:20.880+0000][9527.662s][info ][safepoint   ] Safepoint "Cleanup", Time since last: 46041313671 ns, Reaching safepoint: 365347 ns, Cleanup: 56066 ns, At safepoint: 32334 ns, Total: 453747 ns
[2025-05-09T18:24:06.632+0000][9573.415s][debug][safepoint   ] Safepoint synchronization initiated using futex wait barrier. (221 threads)
[2025-05-09T18:24:06.633+0000][9573.415s][info ][gc,start    ] GC(132) Pause Young (Normal) (G1 Evacuation Pause)
[2025-05-09T18:24:06.633+0000][9573.415s][info ][gc,task     ] GC(132) Using 4 workers of 4 for evacuation
[2025-05-09T18:24:06.650+0000][9573.432s][info ][gc,phases   ] GC(132)   Pre Evacuate Collection Set: 0.5ms
[2025-05-09T18:24:06.650+0000][9573.433s][info ][gc,phases   ] GC(132)   Merge Heap Roots: 0.5ms
[2025-05-09T18:24:06.650+0000][9573.433s][info ][gc,phases   ] GC(132)   Evacuate Collection Set: 8.8ms
[2025-05-09T18:24:06.650+0000][9573.433s][info ][gc,phases   ] GC(132)   Post Evacuate Collection Set: 7.3ms
[2025-05-09T18:24:06.651+0000][9573.433s][info ][gc,phases   ] GC(132)   Other: 0.5ms
[2025-05-09T18:24:06.651+0000][9573.433s][info ][gc,heap     ] GC(132) Eden regions: 217->0(217)
[2025-05-09T18:24:06.651+0000][9573.433s][info ][gc,heap     ] GC(132) Survivor regions: 2->2(28)
[2025-05-09T18:24:06.651+0000][9573.433s][info ][gc,heap     ] GC(132) Old regions: 203->203
[2025-05-09T18:24:06.651+0000][9573.433s][info ][gc,heap     ] GC(132) Archive regions: 2->2
[2025-05-09T18:24:06.651+0000][9573.433s][info ][gc,heap     ] GC(132) Humongous regions: 0->0
[2025-05-09T18:24:06.651+0000][9573.433s][info ][gc,metaspace] GC(132) Metaspace: 195776K(197312K)->195776K(197312K) NonClass: 172529K(173312K)->172529K(173312K) Class: 23246K(24000K)->23246K(24000K)
[2025-05-09T18:24:06.651+0000][9573.433s][info ][gc          ] GC(132) Pause Young (Normal) (G1 Evacuation Pause) 421M->204M(474M) 18.358ms
[2025-05-09T18:24:06.651+0000][9573.433s][info ][gc,cpu      ] GC(132) User=0.05s Sys=0.00s Real=0.01s
[2025-05-09T18:24:06.652+0000][9573.434s][info ][safepoint   ] Safepoint "G1CollectForAllocation", Time since last: 45752523246 ns, Reaching safepoint: 214985 ns, Cleanup: 12246 ns, At safepoint: 19302744 ns, Total: 19529975 ns
[2025-05-09T18:24:34.656+0000][9601.438s][debug][safepoint   ] Safepoint synchronization initiated using futex wait barrier. (221 threads)
[2025-05-09T18:24:34.656+0000][9601.438s][info ][safepoint   ] Safepoint "Cleanup", Time since last: 28004128107 ns, Reaching safepoint: 54148 ns, Cleanup: 14113 ns, At safepoint: 3939 ns, Total: 72200 ns
[2025-05-09T18:26:35.962+0000][9722.744s][debug][safepoint   ] Safepoint synchronization initiated using futex wait barrier. (221 threads)
[2025-05-09T18:26:35.963+0000][9722.745s][info ][gc,start    ] GC(133) Pause Young (Normal) (G1 Evacuation Pause)
[2025-05-09T18:26:35.963+0000][9722.745s][info ][gc,task     ] GC(133) Using 4 workers of 4 for evacuation
[2025-05-09T18:26:35.979+0000][9722.761s][info ][gc,phases   ] GC(133)   Pre Evacuate Collection Set: 0.5ms
[2025-05-09T18:26:35.979+0000][9722.761s][info ][gc,phases   ] GC(133)   Merge Heap Roots: 0.4ms
[2025-05-09T18:26:35.979+0000][9722.761s][info ][gc,phases   ] GC(133)   Evacuate Collection Set: 8.0ms
[2025-05-09T18:26:35.979+0000][9722.761s][info ][gc,phases   ] GC(133)   Post Evacuate Collection Set: 6.8ms
[2025-05-09T18:26:35.979+0000][9722.761s][info ][gc,phases   ] GC(133)   Other: 0.6ms
[2025-05-09T18:26:35.979+0000][9722.761s][info ][gc,heap     ] GC(133) Eden regions: 217->0(217)
[2025-05-09T18:26:35.979+0000][9722.761s][info ][gc,heap     ] GC(133) Survivor regions: 2->2(28)
[2025-05-09T18:26:35.979+0000][9722.762s][info ][gc,heap     ] GC(133) Old regions: 203->203
[2025-05-09T18:26:35.979+0000][9722.762s][info ][gc,heap     ] GC(133) Archive regions: 2->2
[2025-05-09T18:26:35.979+0000][9722.762s][info ][gc,heap     ] GC(133) Humongous regions: 0->0
[2025-05-09T18:26:35.979+0000][9722.762s][info ][gc,metaspace] GC(133) Metaspace: 195778K(197312K)->195778K(197312K) NonClass: 172531K(173312K)->172531K(173312K) Class: 23246K(24000K)->23246K(24000K)
[2025-05-09T18:26:35.980+0000][9722.762s][info ][gc          ] GC(133) Pause Young (Normal) (G1 Evacuation Pause) 421M->204M(474M) 16.992ms
[2025-05-09T18:26:35.980+0000][9722.762s][info ][gc,cpu      ] GC(133) User=0.05s Sys=0.00s Real=0.01s
[2025-05-09T18:26:35.981+0000][9722.763s][info ][safepoint   ] Safepoint "G1CollectForAllocation", Time since last: 121306110195 ns, Reaching safepoint: 183545 ns, Cleanup: 12198 ns, At safepoint: 18302081 ns, Total: 18497824 ns
[2025-05-09T18:29:05.014+0000][9871.796s][debug][safepoint   ] Safepoint synchronization initiated using futex wait barrier. (221 threads)
[2025-05-09T18:29:05.014+0000][9871.797s][info ][gc,start    ] GC(134) Pause Young (Normal) (G1 Evacuation Pause)
[2025-05-09T18:29:05.014+0000][9871.797s][info ][gc,task     ] GC(134) Using 4 workers of 4 for evacuation
[2025-05-09T18:29:05.032+0000][9871.814s][info ][gc,phases   ] GC(134)   Pre Evacuate Collection Set: 0.7ms
[2025-05-09T18:29:05.032+0000][9871.814s][info ][gc,phases   ] GC(134)   Merge Heap Roots: 0.5ms
[2025-05-09T18:29:05.032+0000][9871.814s][info ][gc,phases   ] GC(134)   Evacuate Collection Set: 9.3ms
[2025-05-09T18:29:05.032+0000][9871.814s][info ][gc,phases   ] GC(134)   Post Evacuate Collection Set: 5.9ms
[2025-05-09T18:29:05.032+0000][9871.814s][info ][gc,phases   ] GC(134)   Other: 0.7ms
[2025-05-09T18:29:05.032+0000][9871.814s][info ][gc,heap     ] GC(134) Eden regions: 217->0(217)
[2025-05-09T18:29:05.032+0000][9871.814s][info ][gc,heap     ] GC(134) Survivor regions: 2->2(28)
[2025-05-09T18:29:05.032+0000][9871.814s][info ][gc,heap     ] GC(134) Old regions: 203->203
[2025-05-09T18:29:05.032+0000][9871.814s][info ][gc,heap     ] GC(134) Archive regions: 2->2
[2025-05-09T18:29:05.032+0000][9871.814s][info ][gc,heap     ] GC(134) Humongous regions: 0->0
[2025-05-09T18:29:05.032+0000][9871.814s][info ][gc,metaspace] GC(134) Metaspace: 195778K(197312K)->195778K(197312K) NonClass: 172531K(173312K)->172531K(173312K) Class: 23246K(24000K)->23246K(24000K)
[2025-05-09T18:29:05.032+0000][9871.814s][info ][gc          ] GC(134) Pause Young (Normal) (G1 Evacuation Pause) 421M->204M(474M) 17.651ms
[2025-05-09T18:29:05.032+0000][9871.814s][info ][gc,cpu      ] GC(134) User=0.05s Sys=0.00s Real=0.02s
[2025-05-09T18:29:05.033+0000][9871.815s][info ][safepoint   ] Safepoint "G1CollectForAllocation", Time since last: 149033310245 ns, Reaching safepoint: 241767 ns, Cleanup: 13535 ns, At safepoint: 18723653 ns, Total: 18978955 ns
[2025-05-09T18:29:06.033+0000][9872.816s][debug][safepoint   ] Safepoint synchronization initiated using futex wait barrier. (221 threads)
[2025-05-09T18:29:06.034+0000][9872.816s][info ][safepoint   ] Safepoint "Cleanup", Time since last: 1000264217 ns, Reaching safepoint: 210400 ns, Cleanup: 31930 ns, At safepoint: 64011 ns, Total: 306341 ns
[2025-05-09T18:29:08.034+0000][9874.816s][debug][safepoint   ] Safepoint synchronization initiated using futex wait barrier. (221 threads)
[2025-05-09T18:29:08.034+0000][9874.817s][info ][safepoint   ] Safepoint "Cleanup", Time since last: 2000345980 ns, Reaching safepoint: 407939 ns, Cleanup: 37444 ns, At safepoint: 66355 ns, Total: 511738 ns
[2025-05-09T18:31:34.220+0000][10021.002s][debug][safepoint   ] Safepoint synchronization initiated using futex wait barrier. (221 threads)
[2025-05-09T18:31:34.220+0000][10021.002s][info ][gc,start    ] GC(135) Pause Young (Normal) (G1 Evacuation Pause)
[2025-05-09T18:31:34.220+0000][10021.002s][info ][gc,task     ] GC(135) Using 4 workers of 4 for evacuation
[2025-05-09T18:31:34.223+0000][10021.005s][info ][gc,phases   ] GC(135)   Pre Evacuate Collection Set: 0.1ms
[2025-05-09T18:31:34.223+0000][10021.005s][info ][gc,phases   ] GC(135)   Merge Heap Roots: 0.1ms
[2025-05-09T18:31:34.223+0000][10021.005s][info ][gc,phases   ] GC(135)   Evacuate Collection Set: 1.5ms
[2025-05-09T18:31:34.223+0000][10021.005s][info ][gc,phases   ] GC(135)   Post Evacuate Collection Set: 1.3ms
[2025-05-09T18:31:34.223+0000][10021.005s][info ][gc,phases   ] GC(135)   Other: 0.1ms
[2025-05-09T18:31:34.223+0000][10021.005s][info ][gc,heap     ] GC(135) Eden regions: 217->0(217)
[2025-05-09T18:31:34.223+0000][10021.005s][info ][gc,heap     ] GC(135) Survivor regions: 2->2(28)
[2025-05-09T18:31:34.223+0000][10021.005s][info ][gc,heap     ] GC(135) Old regions: 203->203
[2025-05-09T18:31:34.223+0000][10021.005s][info ][gc,heap     ] GC(135) Archive regions: 2->2
[2025-05-09T18:31:34.223+0000][10021.005s][info ][gc,heap     ] GC(135) Humongous regions: 0->0
[2025-05-09T18:31:34.223+0000][10021.005s][info ][gc,metaspace] GC(135) Metaspace: 195778K(197312K)->195778K(197312K) NonClass: 172531K(173312K)->172531K(173312K) Class: 23246K(24000K)->23246K(24000K)
[2025-05-09T18:31:34.223+0000][10021.005s][info ][gc          ] GC(135) Pause Young (Normal) (G1 Evacuation Pause) 421M->204M(474M) 3.203ms
[2025-05-09T18:31:34.223+0000][10021.005s][info ][gc,cpu      ] GC(135) User=0.01s Sys=0.00s Real=0.01s
[2025-05-09T18:31:34.223+0000][10021.005s][info ][safepoint   ] Safepoint "G1CollectForAllocation", Time since last: 146185268049 ns, Reaching safepoint: 41814 ns, Cleanup: 3145 ns, At safepoint: 3322534 ns, Total: 3367493 ns
[2025-05-09T18:31:35.223+0000][10022.006s][debug][safepoint   ] Safepoint synchronization initiated using futex wait barrier. (221 threads)
[2025-05-09T18:31:35.224+0000][10022.006s][info ][safepoint   ] Safepoint "Cleanup", Time since last: 1000208738 ns, Reaching safepoint: 641106 ns, Cleanup: 59467 ns, At safepoint: 40284 ns, Total: 740857 ns
[2025-05-09T18:34:03.252+0000][10170.035s][debug][safepoint   ] Safepoint synchronization initiated using futex wait barrier. (221 threads)
[2025-05-09T18:34:03.252+0000][10170.035s][info ][gc,start    ] GC(136) Pause Young (Normal) (G1 Evacuation Pause)
[2025-05-09T18:34:03.252+0000][10170.035s][info ][gc,task     ] GC(136) Using 4 workers of 4 for evacuation
[2025-05-09T18:34:03.260+0000][10170.042s][info ][gc,phases   ] GC(136)   Pre Evacuate Collection Set: 0.2ms
[2025-05-09T18:34:03.260+0000][10170.042s][info ][gc,phases   ] GC(136)   Merge Heap Roots: 0.2ms
[2025-05-09T18:34:03.260+0000][10170.042s][info ][gc,phases   ] GC(136)   Evacuate Collection Set: 3.7ms
[2025-05-09T18:34:03.260+0000][10170.042s][info ][gc,phases   ] GC(136)   Post Evacuate Collection Set: 2.9ms
[2025-05-09T18:34:03.260+0000][10170.042s][info ][gc,phases   ] GC(136)   Other: 0.3ms
[2025-05-09T18:34:03.260+0000][10170.042s][info ][gc,heap     ] GC(136) Eden regions: 217->0(217)
[2025-05-09T18:34:03.260+0000][10170.042s][info ][gc,heap     ] GC(136) Survivor regions: 2->2(28)
[2025-05-09T18:34:03.260+0000][10170.042s][info ][gc,heap     ] GC(136) Old regions: 203->203
[2025-05-09T18:34:03.260+0000][10170.042s][info ][gc,heap     ] GC(136) Archive regions: 2->2
[2025-05-09T18:34:03.260+0000][10170.042s][info ][gc,heap     ] GC(136) Humongous regions: 0->0
[2025-05-09T18:34:03.260+0000][10170.042s][info ][gc,metaspace] GC(136) Metaspace: 195779K(197312K)->195779K(197312K) NonClass: 172532K(173312K)->172532K(173312K) Class: 23246K(24000K)->23246K(24000K)
[2025-05-09T18:34:03.260+0000][10170.042s][info ][gc          ] GC(136) Pause Young (Normal) (G1 Evacuation Pause) 421M->204M(474M) 7.411ms
[2025-05-09T18:34:03.260+0000][10170.042s][info ][gc,cpu      ] GC(136) User=0.02s Sys=0.00s Real=0.00s
[2025-05-09T18:34:03.260+0000][10170.042s][info ][safepoint   ] Safepoint "G1CollectForAllocation", Time since last: 148028257174 ns, Reaching safepoint: 124264 ns, Cleanup: 7367 ns, At safepoint: 7798824 ns, Total: 7930455 ns
[2025-05-09T18:36:32.470+0000][10319.252s][debug][safepoint   ] Safepoint synchronization initiated using futex wait barrier. (221 threads)
[2025-05-09T18:36:32.470+0000][10319.253s][info ][gc,start    ] GC(137) Pause Young (Normal) (G1 Evacuation Pause)
[2025-05-09T18:36:32.470+0000][10319.253s][info ][gc,task     ] GC(137) Using 4 workers of 4 for evacuation
[2025-05-09T18:36:32.487+0000][10319.269s][info ][gc,phases   ] GC(137)   Pre Evacuate Collection Set: 0.7ms
[2025-05-09T18:36:32.487+0000][10319.269s][info ][gc,phases   ] GC(137)   Merge Heap Roots: 0.4ms
[2025-05-09T18:36:32.487+0000][10319.270s][info ][gc,phases   ] GC(137)   Evacuate Collection Set: 8.1ms
[2025-05-09T18:36:32.487+0000][10319.270s][info ][gc,phases   ] GC(137)   Post Evacuate Collection Set: 6.9ms
[2025-05-09T18:36:32.487+0000][10319.270s][info ][gc,phases   ] GC(137)   Other: 0.6ms
[2025-05-09T18:36:32.487+0000][10319.270s][info ][gc,heap     ] GC(137) Eden regions: 217->0(217)
[2025-05-09T18:36:32.488+0000][10319.270s][info ][gc,heap     ] GC(137) Survivor regions: 2->2(28)
[2025-05-09T18:36:32.488+0000][10319.270s][info ][gc,heap     ] GC(137) Old regions: 203->203
[2025-05-09T18:36:32.488+0000][10319.270s][info ][gc,heap     ] GC(137) Archive regions: 2->2
[2025-05-09T18:36:32.488+0000][10319.270s][info ][gc,heap     ] GC(137) Humongous regions: 0->0
[2025-05-09T18:36:32.488+0000][10319.270s][info ][gc,metaspace] GC(137) Metaspace: 195779K(197312K)->195779K(197312K) NonClass: 172533K(173312K)->172533K(173312K) Class: 23246K(24000K)->23246K(24000K)
[2025-05-09T18:36:32.488+0000][10319.270s][info ][gc          ] GC(137) Pause Young (Normal) (G1 Evacuation Pause) 421M->204M(474M) 17.557ms
[2025-05-09T18:36:32.488+0000][10319.270s][info ][gc,cpu      ] GC(137) User=0.05s Sys=0.00s Real=0.02s
[2025-05-09T18:36:32.489+0000][10319.271s][info ][safepoint   ] Safepoint "G1CollectForAllocation", Time since last: 149209762779 ns, Reaching safepoint: 257729 ns, Cleanup: 16506 ns, At safepoint: 18713119 ns, Total: 18987354 ns
[2025-05-09T18:39:01.822+0000][10468.604s][debug][safepoint   ] Safepoint synchronization initiated using futex wait barrier. (221 threads)
[2025-05-09T18:39:01.823+0000][10468.605s][info ][gc,start    ] GC(138) Pause Young (Normal) (G1 Evacuation Pause)
[2025-05-09T18:39:01.823+0000][10468.605s][info ][gc,task     ] GC(138) Using 4 workers of 4 for evacuation
[2025-05-09T18:39:01.843+0000][10468.626s][info ][gc,phases   ] GC(138)   Pre Evacuate Collection Set: 1.3ms
[2025-05-09T18:39:01.844+0000][10468.626s][info ][gc,phases   ] GC(138)   Merge Heap Roots: 0.7ms
[2025-05-09T18:39:01.844+0000][10468.626s][info ][gc,phases   ] GC(138)   Evacuate Collection Set: 10.2ms
[2025-05-09T18:39:01.844+0000][10468.626s][info ][gc,phases   ] GC(138)   Post Evacuate Collection Set: 7.8ms
[2025-05-09T18:39:01.844+0000][10468.626s][info ][gc,phases   ] GC(138)   Other: 1.1ms
[2025-05-09T18:39:01.844+0000][10468.626s][info ][gc,heap     ] GC(138) Eden regions: 217->0(218)
[2025-05-09T18:39:01.844+0000][10468.626s][info ][gc,heap     ] GC(138) Survivor regions: 2->1(28)
[2025-05-09T18:39:01.844+0000][10468.626s][info ][gc,heap     ] GC(138) Old regions: 203->204
[2025-05-09T18:39:01.844+0000][10468.626s][info ][gc,heap     ] GC(138) Archive regions: 2->2
[2025-05-09T18:39:01.844+0000][10468.627s][info ][gc,heap     ] GC(138) Humongous regions: 0->0
[2025-05-09T18:39:01.844+0000][10468.627s][info ][gc,metaspace] GC(138) Metaspace: 195779K(197312K)->195779K(197312K) NonClass: 172533K(173312K)->172533K(173312K) Class: 23246K(24000K)->23246K(24000K)
[2025-05-09T18:39:01.844+0000][10468.627s][info ][gc          ] GC(138) Pause Young (Normal) (G1 Evacuation Pause) 421M->204M(474M) 21.877ms
[2025-05-09T18:39:01.845+0000][10468.627s][info ][gc,cpu      ] GC(138) User=0.06s Sys=0.00s Real=0.02s
[2025-05-09T18:39:01.845+0000][10468.628s][info ][safepoint   ] Safepoint "G1CollectForAllocation", Time since last: 149333149961 ns, Reaching safepoint: 267552 ns, Cleanup: 53502 ns, At safepoint: 22928425 ns, Total: 23249479 ns
[2025-05-09T18:39:14.847+0000][10481.630s][debug][safepoint   ] Safepoint synchronization initiated using futex wait barrier. (221 threads)
[2025-05-09T18:39:14.848+0000][10481.630s][info ][safepoint   ] Safepoint "Cleanup", Time since last: 13002125002 ns, Reaching safepoint: 204495 ns, Cleanup: 28921 ns, At safepoint: 22427 ns, Total: 255843 ns
[2025-05-09T18:40:19.543+0000][10546.325s][debug][safepoint   ] Safepoint synchronization initiated using futex wait barrier. (221 threads)
[2025-05-09T18:40:19.543+0000][10546.325s][info ][safepoint   ] Safepoint "Cleanup", Time since last: 64694887998 ns, Reaching safepoint: 170913 ns, Cleanup: 28838 ns, At safepoint: 17362 ns, Total: 217113 ns
[2025-05-09T18:41:31.691+0000][10618.473s][debug][safepoint   ] Safepoint synchronization initiated using futex wait barrier. (221 threads)
[2025-05-09T18:41:31.691+0000][10618.474s][info ][gc,start    ] GC(139) Pause Young (Normal) (G1 Evacuation Pause)
[2025-05-09T18:41:31.691+0000][10618.474s][info ][gc,task     ] GC(139) Using 4 workers of 4 for evacuation
[2025-05-09T18:41:31.706+0000][10618.488s][info ][gc,phases   ] GC(139)   Pre Evacuate Collection Set: 0.6ms
[2025-05-09T18:41:31.706+0000][10618.488s][info ][gc,phases   ] GC(139)   Merge Heap Roots: 0.3ms
[2025-05-09T18:41:31.706+0000][10618.488s][info ][gc,phases   ] GC(139)   Evacuate Collection Set: 4.1ms
[2025-05-09T18:41:31.706+0000][10618.489s][info ][gc,phases   ] GC(139)   Post Evacuate Collection Set: 9.2ms
[2025-05-09T18:41:31.706+0000][10618.489s][info ][gc,phases   ] GC(139)   Other: 0.6ms
[2025-05-09T18:41:31.706+0000][10618.489s][info ][gc,heap     ] GC(139) Eden regions: 218->0(218)
[2025-05-09T18:41:31.707+0000][10618.489s][info ][gc,heap     ] GC(139) Survivor regions: 1->1(28)
[2025-05-09T18:41:31.707+0000][10618.489s][info ][gc,heap     ] GC(139) Old regions: 204->204
[2025-05-09T18:41:31.707+0000][10618.489s][info ][gc,heap     ] GC(139) Archive regions: 2->2
[2025-05-09T18:41:31.707+0000][10618.489s][info ][gc,heap     ] GC(139) Humongous regions: 0->0
[2025-05-09T18:41:31.707+0000][10618.489s][info ][gc,metaspace] GC(139) Metaspace: 195780K(197312K)->195780K(197312K) NonClass: 172533K(173312K)->172533K(173312K) Class: 23246K(24000K)->23246K(24000K)
[2025-05-09T18:41:31.707+0000][10618.489s][info ][gc          ] GC(139) Pause Young (Normal) (G1 Evacuation Pause) 422M->204M(474M) 15.734ms
[2025-05-09T18:41:31.707+0000][10618.489s][info ][gc,cpu      ] GC(139) User=0.04s Sys=0.00s Real=0.02s
[2025-05-09T18:41:31.708+0000][10618.490s][info ][safepoint   ] Safepoint "G1CollectForAllocation", Time since last: 72148131648 ns, Reaching safepoint: 171199 ns, Cleanup: 12042 ns, At safepoint: 16573562 ns, Total: 16756803 ns
[2025-05-09T18:41:34.708+0000][10621.491s][debug][safepoint   ] Safepoint synchronization initiated using futex wait barrier. (221 threads)
[2025-05-09T18:41:34.709+0000][10621.491s][info ][safepoint   ] Safepoint "Cleanup", Time since last: 3000536662 ns, Reaching safepoint: 222115 ns, Cleanup: 94685 ns, At safepoint: 21676 ns, Total: 338476 ns
[2025-05-09T18:41:44.625+0000][10631.407s][debug][safepoint   ] Safepoint synchronization initiated using futex wait barrier. (221 threads)
[2025-05-09T18:41:44.625+0000][10631.407s][info ][safepoint   ] Safepoint "Cleanup", Time since last: 9916353275 ns, Reaching safepoint: 181345 ns, Cleanup: 30756 ns, At safepoint: 23555 ns, Total: 235656 ns
[2025-05-09T18:42:41.663+0000][10688.446s][debug][safepoint   ] Safepoint synchronization initiated using futex wait barrier. (222 threads)
[2025-05-09T18:42:41.664+0000][10688.446s][info ][safepoint   ] Safepoint "Cleanup", Time since last: 57038210677 ns, Reaching safepoint: 269089 ns, Cleanup: 35755 ns, At safepoint: 44661 ns, Total: 349505 ns
[2025-05-09T18:42:50.665+0000][10697.447s][debug][safepoint   ] Safepoint synchronization initiated using futex wait barrier. (222 threads)
[2025-05-09T18:42:50.666+0000][10697.448s][info ][safepoint   ] Safepoint "Cleanup", Time since last: 9001488801 ns, Reaching safepoint: 204324 ns, Cleanup: 26941 ns, At safepoint: 24884 ns, Total: 256149 ns
[2025-05-09T18:44:00.499+0000][10767.282s][debug][safepoint   ] Safepoint synchronization initiated using futex wait barrier. (220 threads)
[2025-05-09T18:44:00.500+0000][10767.282s][info ][gc,start    ] GC(140) Pause Young (Normal) (G1 Evacuation Pause)
[2025-05-09T18:44:00.500+0000][10767.282s][info ][gc,task     ] GC(140) Using 4 workers of 4 for evacuation
[2025-05-09T18:44:00.524+0000][10767.306s][info ][gc,phases   ] GC(140)   Pre Evacuate Collection Set: 0.8ms
[2025-05-09T18:44:00.524+0000][10767.306s][info ][gc,phases   ] GC(140)   Merge Heap Roots: 0.8ms
[2025-05-09T18:44:00.524+0000][10767.306s][info ][gc,phases   ] GC(140)   Evacuate Collection Set: 16.3ms
[2025-05-09T18:44:00.524+0000][10767.306s][info ][gc,phases   ] GC(140)   Post Evacuate Collection Set: 6.1ms
[2025-05-09T18:44:00.524+0000][10767.306s][info ][gc,phases   ] GC(140)   Other: 0.3ms
[2025-05-09T18:44:00.524+0000][10767.306s][info ][gc,heap     ] GC(140) Eden regions: 218->0(216)
[2025-05-09T18:44:00.524+0000][10767.306s][info ][gc,heap     ] GC(140) Survivor regions: 1->2(28)
[2025-05-09T18:44:00.524+0000][10767.306s][info ][gc,heap     ] GC(140) Old regions: 204->204
[2025-05-09T18:44:00.524+0000][10767.306s][info ][gc,heap     ] GC(140) Archive regions: 2->2
[2025-05-09T18:44:00.524+0000][10767.306s][info ][gc,heap     ] GC(140) Humongous regions: 0->0
[2025-05-09T18:44:00.524+0000][10767.306s][info ][gc,metaspace] GC(140) Metaspace: 195787K(197312K)->195787K(197312K) NonClass: 172540K(173312K)->172540K(173312K) Class: 23246K(24000K)->23246K(24000K)
[2025-05-09T18:44:00.524+0000][10767.306s][info ][gc          ] GC(140) Pause Young (Normal) (G1 Evacuation Pause) 422M->205M(474M) 24.573ms
[2025-05-09T18:44:00.524+0000][10767.307s][info ][gc,cpu      ] GC(140) User=0.02s Sys=0.00s Real=0.03s
[2025-05-09T18:44:00.525+0000][10767.307s][info ][safepoint   ] Safepoint "G1CollectForAllocation", Time since last: 69833868921 ns, Reaching safepoint: 182325 ns, Cleanup: 10209 ns, At safepoint: 25205487 ns, Total: 25398021 ns
